Jul 31 07:58:07.131261 np0000032053 devstack@n-api.service[69053]: DEBUG oslo_concurrency.lockutils [None req-f407795c-5ae5-4d16-b8a7-5b5084364e28 None None] Lock "00000000-0000-0000-0000-000000000000" acquired by "nova.context.set_target_cell.<locals>.get_or_set_cached_cell_and_set_connections" :: waited 0.000s {{(pid=69053) inner /opt/stack/data/venv/lib/python3.12/site-packages/oslo_concurrency/lockutils.py:410}}
Jul 31 07:58:07.131583 np0000032053 devstack@n-api.service[69053]: DEBUG oslo_concurrency.lockutils [None req-f407795c-5ae5-4d16-b8a7-5b5084364e28 None None] Lock "00000000-0000-0000-0000-000000000000" "released" by "nova.context.set_target_cell.<locals>.get_or_set_cached_cell_and_set_connections" :: held 0.000s {{(pid=69053) inner /opt/stack/data/venv/lib/python3.12/site-packages/oslo_concurrency/lockutils.py:424}}
Jul 31 07:58:07.131603 np0000032053 devstack@n-api.service[69052]: DEBUG oslo_concurrency.lockutils [None req-6eb41898-1821-4343-8309-a9f84cfd3154 None None] Acquiring lock "00000000-0000-0000-0000-000000000000" by "nova.context.set_target_cell.<locals>.get_or_set_cached_cell_and_set_connections" {{(pid=69052) inner /opt/stack/data/venv/lib/python3.12/site-packages/oslo_concurrency/lockutils.py:405}}
Jul 31 07:58:07.131792 np0000032053 devstack@n-api.service[69052]: DEBUG oslo_concurrency.lockutils [None req-6eb41898-1821-4343-8309-a9f84cfd3154 None None] Lock "00000000-0000-0000-0000-000000000000" acquired by "nova.context.set_target_cell.<locals>.get_or_set_cached_cell_and_set_connections" :: waited 0.000s {{(pid=69052) inner /opt/stack/data/venv/lib/python3.12/site-packages/oslo_concurrency/lockutils.py:410}}
Jul 31 07:58:07.131924 np0000032053 devstack@n-api.service[69053]: DEBUG oslo_concurrency.lockutils [None req-f407795c-5ae5-4d16-b8a7-5b5084364e28 None None] Acquiring lock "9cf58e27-d926-4f29-aef6-44457fc9103c" by "nova.context.set_target_cell.<locals>.get_or_set_cached_cell_and_set_connections" {{(pid=69053) inner /opt/stack/data/venv/lib/python3.12/site-packages/oslo_concurrency/lockutils.py:405}}
Jul 31 07:58:07.132056 np0000032053 devstack@n-api.service[69053]: DEBUG oslo_concurrency.lockutils [None req-f407795c-5ae5-4d16-b8a7-5b5084364e28 None None] Lock "9cf58e27-d926-4f29-aef6-44457fc9103c" acquired by "nova.context.set_target_cell.<locals>.get_or_set_cached_cell_and_set_connections" :: waited 0.000s {{(pid=69053) inner /opt/stack/data/venv/lib/python3.12/site-packages/oslo_concurrency/lockutils.py:410}}
Jul 31 07:58:07.132110 np0000032053 devstack@n-api.service[69052]: DEBUG oslo_concurrency.lockutils [None req-6eb41898-1821-4343-8309-a9f84cfd3154 None None] Lock "00000000-0000-0000-0000-000000000000" "released" by "nova.context.set_target_cell.<locals>.get_or_set_cached_cell_and_set_connections" :: held 0.000s {{(pid=69052) inner /opt/stack/data/venv/lib/python3.12/site-packages/oslo_concurrency/lockutils.py:424}}
Jul 31 07:58:07.132430 np0000032053 devstack@n-api.service[69052]: DEBUG oslo_concurrency.lockutils [None req-6eb41898-1821-4343-8309-a9f84cfd3154 None None] Acquiring lock "9cf58e27-d926-4f29-aef6-44457fc9103c" by "nova.context.set_target_cell.<locals>.get_or_set_cached_cell_and_set_connections" {{(pid=69052) inner /opt/stack/data/venv/lib/python3.12/site-packages/oslo_concurrency/lockutils.py:405}}
Jul 31 07:58:07.132568 np0000032053 devstack@n-api.service[69052]: DEBUG oslo_concurrency.lockutils [None req-6eb41898-1821-4343-8309-a9f84cfd3154 None None] Lock "9cf58e27-d926-4f29-aef6-44457fc9103c" acquired by "nova.context.set_target_cell.<locals>.get_or_set_cached_cell_and_set_connections" :: waited 0.000s {{(pid=69052) inner /opt/stack/data/venv/lib/python3.12/site-packages/oslo_concurrency/lockutils.py:410}}
Jul 31 07:58:07.132743 np0000032053 devstack@n-api.service[69053]: DEBUG oslo_concurrency.lockutils [None req-f407795c-5ae5-4d16-b8a7-5b5084364e28 None None] Lock "9cf58e27-d926-4f29-aef6-44457fc9103c" "released" by "nova.context.set_target_cell.<locals>.get_or_set_cached_cell_and_set_connections" :: held 0.001s {{(pid=69053) inner /opt/stack/data/venv/lib/python3.12/site-packages/oslo_concurrency/lockutils.py:424}}
Jul 31 07:58:07.133224 np0000032053 devstack@n-api.service[69052]: DEBUG oslo_concurrency.lockutils [None req-6eb41898-1821-4343-8309-a9f84cfd3154 None None] Lock "9cf58e27-d926-4f29-aef6-44457fc9103c" "released" by "nova.context.set_target_cell.<locals>.get_or_set_cached_cell_and_set_connections" :: held 0.001s {{(pid=69052) inner /opt/stack/data/venv/lib/python3.12/site-packages/oslo_concurrency/lockutils.py:424}}
Jul 31 07:58:07.133845 np0000032053 devstack@n-api.service[69053]: INFO dbcounter [None req-f407795c-5ae5-4d16-b8a7-5b5084364e28 None None] Registered counter for database nova_cell0
Jul 31 07:58:07.134332 np0000032053 devstack@n-api.service[69052]: INFO dbcounter [None req-6eb41898-1821-4343-8309-a9f84cfd3154 None None] Registered counter for database nova_cell0
Jul 31 07:58:07.135654 np0000032053 devstack@n-api.service[69053]: INFO dbcounter [None req-f407795c-5ae5-4d16-b8a7-5b5084364e28 None None] Registered counter for database nova_cell1
Jul 31 07:58:07.136136 np0000032053 devstack@n-api.service[69052]: INFO dbcounter [None req-6eb41898-1821-4343-8309-a9f84cfd3154 None None] Registered counter for database nova_cell1
Jul 31 07:58:07.140455 np0000032053 devstack@n-api.service[69053]: DEBUG oslo_db.sqlalchemy.engines [None req-f407795c-5ae5-4d16-b8a7-5b5084364e28 None None] MySQL server mode set to STRICT_TRANS_TABLES,STRICT_ALL_TABLES,NO_ZERO_IN_DATE,NO_ZERO_DATE,ERROR_FOR_DIVISION_BY_ZERO,TRADITIONAL,NO_ENGINE_SUBSTITUTION {{(pid=69053) _check_effective_sql_mode /opt/stack/data/venv/lib/python3.12/site-packages/oslo_db/sqlalchemy/engines.py:397}}
Jul 31 07:58:07.140757 np0000032053 devstack@n-api.service[69053]: DEBUG oslo_db.sqlalchemy.engines [None req-f407795c-5ae5-4d16-b8a7-5b5084364e28 None None] MySQL server mode set to STRICT_TRANS_TABLES,STRICT_ALL_TABLES,NO_ZERO_IN_DATE,NO_ZERO_DATE,ERROR_FOR_DIVISION_BY_ZERO,TRADITIONAL,NO_ENGINE_SUBSTITUTION {{(pid=69053) _check_effective_sql_mode /opt/stack/data/venv/lib/python3.12/site-packages/oslo_db/sqlalchemy/engines.py:397}}
Jul 31 07:58:07.142161 np0000032053 devstack@n-api.service[69052]: DEBUG oslo_db.sqlalchemy.engines [None req-6eb41898-1821-4343-8309-a9f84cfd3154 None None] MySQL server mode set to STRICT_TRANS_TABLES,STRICT_ALL_TABLES,NO_ZERO_IN_DATE,NO_ZERO_DATE,ERROR_FOR_DIVISION_BY_ZERO,TRADITIONAL,NO_ENGINE_SUBSTITUTION {{(pid=69052) _check_effective_sql_mode /opt/stack/data/venv/lib/python3.12/site-packages/oslo_db/sqlalchemy/engines.py:397}}
Jul 31 07:58:07.201984 np0000032053 devstack@n-api.service[69052]: DEBUG oslo_db.sqlalchemy.engines [None req-6eb41898-1821-4343-8309-a9f84cfd3154 None None] MySQL server mode set to STRICT_TRANS_TABLES,STRICT_ALL_TABLES,NO_ZERO_IN_DATE,NO_ZERO_DATE,ERROR_FOR_DIVISION_BY_ZERO,TRADITIONAL,NO_ENGINE_SUBSTITUTION {{(pid=69052) _check_effective_sql_mode /opt/stack/data/venv/lib/python3.12/site-packages/oslo_db/sqlalchemy/engines.py:397}}
Jul 31 07:58:07.202270 np0000032053 devstack@n-api.service[69052]: DEBUG dbcounter [-] [69052] Writer thread running {{(pid=69052) stat_writer /opt/stack/data/venv/lib/python3.12/site-packages/dbcounter.py:102}}
Jul 31 07:58:07.203746 np0000032053 devstack@n-api.service[69053]: DEBUG dbcounter [-] [69053] Writer thread running {{(pid=69053) stat_writer /opt/stack/data/venv/lib/python3.12/site-packages/dbcounter.py:102}}
Jul 31 07:58:07.203886 np0000032053 devstack@n-api.service[69053]: DEBUG dbcounter [-] [69053] Writer thread running {{(pid=69053) stat_writer /opt/stack/data/venv/lib/python3.12/site-packages/dbcounter.py:102}}
Jul 31 07:58:07.205687 np0000032053 devstack@n-api.service[69052]: DEBUG dbcounter [-] [69052] Writer thread running {{(pid=69052) stat_writer /opt/stack/data/venv/lib/python3.12/site-packages/dbcounter.py:102}}
Jul 31 07:58:07.206263 np0000032053 devstack@n-api.service[69053]: INFO dbcounter [None req-f407795c-5ae5-4d16-b8a7-5b5084364e28 None None] Registered counter for database nova_cell0
Jul 31 07:58:07.207394 np0000032053 devstack@n-api.service[69052]: INFO dbcounter [None req-6eb41898-1821-4343-8309-a9f84cfd3154 None None] Registered counter for database nova_cell0
Jul 31 07:58:07.211903 np0000032053 devstack@n-api.service[69053]: DEBUG oslo_db.sqlalchemy.engines [None req-f407795c-5ae5-4d16-b8a7-5b5084364e28 None None] MySQL server mode set to STRICT_TRANS_TABLES,STRICT_ALL_TABLES,NO_ZERO_IN_DATE,NO_ZERO_DATE,ERROR_FOR_DIVISION_BY_ZERO,TRADITIONAL,NO_ENGINE_SUBSTITUTION {{(pid=69053) _check_effective_sql_mode /opt/stack/data/venv/lib/python3.12/site-packages/oslo_db/sqlalchemy/engines.py:397}}
Jul 31 07:58:07.212160 np0000032053 devstack@n-api.service[69052]: DEBUG oslo_db.sqlalchemy.engines [None req-6eb41898-1821-4343-8309-a9f84cfd3154 None None] MySQL server mode set to STRICT_TRANS_TABLES,STRICT_ALL_TABLES,NO_ZERO_IN_DATE,NO_ZERO_DATE,ERROR_FOR_DIVISION_BY_ZERO,TRADITIONAL,NO_ENGINE_SUBSTITUTION {{(pid=69052) _check_effective_sql_mode /opt/stack/data/venv/lib/python3.12/site-packages/oslo_db/sqlalchemy/engines.py:397}}
Jul 31 07:58:07.214102 np0000032053 devstack@n-api.service[69053]: DEBUG dbcounter [-] [69053] Writer thread running {{(pid=69053) stat_writer /opt/stack/data/venv/lib/python3.12/site-packages/dbcounter.py:102}}
Jul 31 07:58:07.215642 np0000032053 devstack@n-api.service[69052]: DEBUG dbcounter [-] [69052] Writer thread running {{(pid=69052) stat_writer /opt/stack/data/venv/lib/python3.12/site-packages/dbcounter.py:102}}
Jul 31 07:58:07.535254 np0000032053 devstack@n-api.service[69052]: DEBUG oslo_concurrency.processutils [None req-6eb41898-1821-4343-8309-a9f84cfd3154 None None] Running cmd (subprocess): grep -F node.session.scan /sbin/iscsiadm {{(pid=69052) execute /opt/stack/data/venv/lib/python3.12/site-packages/oslo_concurrency/processutils.py:349}}
Jul 31 07:58:07.539701 np0000032053 devstack@n-api.service[69053]: DEBUG oslo_concurrency.processutils [None req-f407795c-5ae5-4d16-b8a7-5b5084364e28 None None] Running cmd (subprocess): grep -F node.session.scan /sbin/iscsiadm {{(pid=69053) execute /opt/stack/data/venv/lib/python3.12/site-packages/oslo_concurrency/processutils.py:349}}
Jul 31 07:58:07.541990 np0000032053 devstack@n-api.service[69052]: DEBUG oslo_concurrency.processutils [None req-6eb41898-1821-4343-8309-a9f84cfd3154 None None] CMD "grep -F node.session.scan /sbin/iscsiadm" returned: 0 in 0.007s {{(pid=69052) execute /opt/stack/data/venv/lib/python3.12/site-packages/oslo_concurrency/processutils.py:372}}
Jul 31 07:58:07.545962 np0000032053 devstack@n-api.service[69053]: DEBUG oslo_concurrency.processutils [None req-f407795c-5ae5-4d16-b8a7-5b5084364e28 None None] CMD "grep -F node.session.scan /sbin/iscsiadm" returned: 0 in 0.006s {{(pid=69053) execute /opt/stack/data/venv/lib/python3.12/site-packages/oslo_concurrency/processutils.py:372}}
Jul 31 07:58:07.829196 np0000032053 devstack@n-api.service[69052]: WARNING keystonemiddleware.auth_token [None req-6eb41898-1821-4343-8309-a9f84cfd3154 None None] AuthToken middleware is set with keystone_authtoken.service_token_roles_required set to False. This is backwards compatible but deprecated behaviour. Please set this to True.
Jul 31 07:58:07.829383 np0000032053 devstack@n-api.service[69053]: WARNING keystonemiddleware.auth_token [None req-f407795c-5ae5-4d16-b8a7-5b5084364e28 None None] AuthToken middleware is set with keystone_authtoken.service_token_roles_required set to False. This is backwards compatible but deprecated behaviour. Please set this to True.
Jul 31 07:58:07.832437 np0000032053 devstack@n-api.service[69052]: WARNING keystonemiddleware.auth_token [None req-6eb41898-1821-4343-8309-a9f84cfd3154 None None] Configuring www_authenticate_uri to point to the public identity endpoint is required; clients may not be able to authenticate against an admin endpoint
Jul 31 07:58:07.832647 np0000032053 devstack@n-api.service[69053]: WARNING keystonemiddleware.auth_token [None req-f407795c-5ae5-4d16-b8a7-5b5084364e28 None None] Configuring www_authenticate_uri to point to the public identity endpoint is required; clients may not be able to authenticate against an admin endpoint
Jul 31 07:58:07.985203 np0000032053 devstack@n-api.service[69052]: WARNING keystonemiddleware.auth_token [None req-6eb41898-1821-4343-8309-a9f84cfd3154 None None] AuthToken middleware is set with keystone_authtoken.service_token_roles_required set to False. This is backwards compatible but deprecated behaviour. Please set this to True.
Jul 31 07:58:07.985360 np0000032053 devstack@n-api.service[69053]: WARNING keystonemiddleware.auth_token [None req-f407795c-5ae5-4d16-b8a7-5b5084364e28 None None] AuthToken middleware is set with keystone_authtoken.service_token_roles_required set to False. This is backwards compatible but deprecated behaviour. Please set this to True.
Jul 31 07:58:07.987670 np0000032053 devstack@n-api.service[69052]: WARNING keystonemiddleware.auth_token [None req-6eb41898-1821-4343-8309-a9f84cfd3154 None None] Configuring www_authenticate_uri to point to the public identity endpoint is required; clients may not be able to authenticate against an admin endpoint
Jul 31 07:58:07.987778 np0000032053 devstack@n-api.service[69053]: WARNING keystonemiddleware.auth_token [None req-f407795c-5ae5-4d16-b8a7-5b5084364e28 None None] Configuring www_authenticate_uri to point to the public identity endpoint is required; clients may not be able to authenticate against an admin endpoint
Jul 31 07:58:07.989477 np0000032053 devstack@n-api.service[69052]: WSGI app 0 (mountpoint='') ready in 2 seconds on interpreter 0x7de3a30a39e8 pid: 69052 (default app)
Jul 31 07:58:07.989594 np0000032053 devstack@n-api.service[69053]: WSGI app 0 (mountpoint='') ready in 2 seconds on interpreter 0x7de3a30a39e8 pid: 69053 (default app)
Jul 31 07:58:07.990359 np0000032053 devstack@n-api.service[69052]: DEBUG nova.api.openstack.wsgi [None req-6eb41898-1821-4343-8309-a9f84cfd3154 None None] Calling method '<bound method VersionsV2.index of <nova.api.openstack.compute.versions.VersionsV2 object at 0x7de39c90d670>>' {{(pid=69052) _process_stack /opt/stack/nova/nova/api/openstack/wsgi.py:552}}
Jul 31 07:58:07.992911 np0000032053 devstack@n-api.service[69052]: INFO nova.api.openstack.requestlog [None req-6eb41898-1821-4343-8309-a9f84cfd3154 None None] 192.168.1.132 "GET /compute/v2.1/" status: 200 len: 391 microversion: 2.1 time: 0.002749
Jul 31 07:58:07.993087 np0000032053 devstack@n-api.service[69052]: [pid: 69052|app: 0|req: 1/1] 192.168.1.132 () {50 vars in 771 bytes} [Thu Jul 31 07:58:07 2025] GET /compute/v2.1/ => generated 391 bytes in 3 msecs (HTTP/1.1 200) 9 headers in 357 bytes (1 switches on core 0)
Jul 31 07:58:42.718090 np0000032053 devstack@n-api.service[69053]: DEBUG nova.api.openstack.wsgi [None req-f407795c-5ae5-4d16-b8a7-5b5084364e28 None None] Calling method '<bound method VersionsV2.index of <nova.api.openstack.compute.versions.VersionsV2 object at 0x7de39cb2b6b0>>' {{(pid=69053) _process_stack /opt/stack/nova/nova/api/openstack/wsgi.py:552}}
Jul 31 07:58:42.721211 np0000032053 devstack@n-api.service[69053]: INFO nova.api.openstack.requestlog [None req-f407795c-5ae5-4d16-b8a7-5b5084364e28 None None] 192.168.1.132 "GET /compute/v2.1" status: 200 len: 392 microversion: 2.1 time: 0.003671
Jul 31 07:58:42.721392 np0000032053 devstack@n-api.service[69053]: [pid: 69053|app: 0|req: 1/2] 192.168.1.132 () {62 vars in 1056 bytes} [Thu Jul 31 07:58:42 2025] GET /compute/v2.1 => generated 392 bytes in 4 msecs (HTTP/1.1 200) 9 headers in 357 bytes (1 switches on core 0)
Jul 31 07:58:42.730409 np0000032053 devstack@n-api.service[69052]: DEBUG dbcounter [-] [69052] Writing DB stats nova_api:SELECT=1 {{(pid=69052) stat_writer /opt/stack/data/venv/lib/python3.12/site-packages/dbcounter.py:115}}
Jul 31 07:58:42.731040 np0000032053 devstack@n-api.service[69052]: DEBUG dbcounter [-] [69052] Writing DB stats nova_cell1:SELECT=1 {{(pid=69052) stat_writer /opt/stack/data/venv/lib/python3.12/site-packages/dbcounter.py:115}}
Jul 31 07:58:42.731348 np0000032053 devstack@n-api.service[69052]: DEBUG dbcounter [-] [69052] Writing DB stats nova_cell0:SELECT=1 {{(pid=69052) stat_writer /opt/stack/data/venv/lib/python3.12/site-packages/dbcounter.py:115}}
Jul 31 07:58:42.731657 np0000032053 devstack@n-api.service[69052]: DEBUG dbcounter [-] [69052] Writing DB stats nova_cell0:SELECT=2,nova_cell0:INSERT=1 {{(pid=69052) stat_writer /opt/stack/data/venv/lib/python3.12/site-packages/dbcounter.py:115}}
Jul 31 07:58:42.837883 np0000032053 devstack@n-api.service[69052]: DEBUG nova.api.openstack.wsgi [None req-5e88ea78-ba0b-47e9-9e78-12cb15267ab3 admin admin] Calling method '<bound method FlavorsController.detail of <nova.api.openstack.compute.flavors.FlavorsController object at 0x7de39c246480>>' {{(pid=69052) _process_stack /opt/stack/nova/nova/api/openstack/wsgi.py:552}}
Jul 31 07:58:42.854059 np0000032053 devstack@n-api.service[69052]: INFO nova.api.openstack.requestlog [None req-5e88ea78-ba0b-47e9-9e78-12cb15267ab3 admin admin] 192.168.1.132 "GET /compute/v2.1/flavors/detail?is_public=True" status: 200 len: 15 microversion: 2.61 time: 0.127399
Jul 31 07:58:42.854407 np0000032053 devstack@n-api.service[69052]: [pid: 69052|app: 0|req: 2/3] 192.168.1.132 () {68 vars in 1417 bytes} [Thu Jul 31 07:58:42 2025] GET /compute/v2.1/flavors/detail?is_public=True => generated 15 bytes in 128 msecs (HTTP/1.1 200) 9 headers in 358 bytes (1 switches on core 0)
Jul 31 07:58:42.936896 np0000032053 devstack@n-api.service[69053]: DEBUG dbcounter [-] [69053] Writing DB stats nova_api:SELECT=1 {{(pid=69053) stat_writer /opt/stack/data/venv/lib/python3.12/site-packages/dbcounter.py:115}}
Jul 31 07:58:42.937526 np0000032053 devstack@n-api.service[69053]: DEBUG dbcounter [-] [69053] Writing DB stats nova_cell1:SELECT=1 {{(pid=69053) stat_writer /opt/stack/data/venv/lib/python3.12/site-packages/dbcounter.py:115}}
Jul 31 07:58:42.937855 np0000032053 devstack@n-api.service[69053]: DEBUG dbcounter [-] [69053] Writing DB stats nova_cell0:SELECT=1 {{(pid=69053) stat_writer /opt/stack/data/venv/lib/python3.12/site-packages/dbcounter.py:115}}
Jul 31 07:58:42.938200 np0000032053 devstack@n-api.service[69053]: DEBUG dbcounter [-] [69053] Writing DB stats nova_cell0:SELECT=2,nova_cell0:INSERT=1 {{(pid=69053) stat_writer /opt/stack/data/venv/lib/python3.12/site-packages/dbcounter.py:115}}
Jul 31 07:58:42.994757 np0000032053 devstack@n-api.service[69053]: DEBUG nova.api.openstack.wsgi [None req-0dd793eb-3f85-4288-9bf3-136456b71f3d admin admin] Action: 'create', calling method: <bound method FlavorsController.create of <nova.api.openstack.compute.flavors.FlavorsController object at 0x7de39c246570>>, body: {"flavor": {"os-flavor-access:is_public": true, "vcpus": 1, "disk": 1, "rxtx_factor": 1.0, "name": "cirros256", "ram": 256, "id": "c1", "swap": 0, "OS-FLV-EXT-DATA:ephemeral": 0}} {{(pid=69053) _process_stack /opt/stack/nova/nova/api/openstack/wsgi.py:550}}
Jul 31 07:58:43.024624 np0000032053 devstack@n-api.service[69053]: INFO nova.api.openstack.requestlog [None req-0dd793eb-3f85-4288-9bf3-136456b71f3d admin admin] 192.168.1.132 "POST /compute/v2.1/flavors" status: 200 len: 413 microversion: 2.61 time: 0.090955
Jul 31 07:58:43.024856 np0000032053 devstack@n-api.service[69053]: [pid: 69053|app: 0|req: 2/4] 192.168.1.132 () {72 vars in 1408 bytes} [Thu Jul 31 07:58:42 2025] POST /compute/v2.1/flavors => generated 413 bytes in 91 msecs (HTTP/1.1 200) 9 headers in 359 bytes (1 switches on core 0)
Jul 31 07:58:43.033456 np0000032053 devstack@n-api.service[69052]: DEBUG nova.api.openstack.wsgi [None req-c947aa9e-8008-4c88-b08a-a63f38c10415 admin admin] Action: 'create', calling method: <bound method FlavorExtraSpecsController.create of <nova.api.openstack.compute.flavors_extraspecs.FlavorExtraSpecsController object at 0x7de39c246bd0>>, body: {"extra_specs": {"hw_rng:allowed": "True"}} {{(pid=69052) _process_stack /opt/stack/nova/nova/api/openstack/wsgi.py:550}}
Jul 31 07:58:43.058851 np0000032053 devstack@n-api.service[69052]: INFO nova.api.openstack.requestlog [None req-c947aa9e-8008-4c88-b08a-a63f38c10415 admin admin] 192.168.1.132 "POST /compute/v2.1/flavors/c1/os-extra_specs" status: 200 len: 43 microversion: 2.61 time: 0.026951
Jul 31 07:58:43.059308 np0000032053 devstack@n-api.service[69052]: [pid: 69052|app: 0|req: 3/5] 192.168.1.132 () {72 vars in 1461 bytes} [Thu Jul 31 07:58:43 2025] POST /compute/v2.1/flavors/c1/os-extra_specs => generated 43 bytes in 27 msecs (HTTP/1.1 200) 9 headers in 358 bytes (1 switches on core 0)
Jul 31 07:58:43.139046 np0000032053 devstack@n-api.service[69053]: DEBUG nova.api.openstack.wsgi [None req-33321b71-dffa-4053-abbd-e5ada3bfac37 admin admin] Action: 'create', calling method: <bound method FlavorsController.create of <nova.api.openstack.compute.flavors.FlavorsController object at 0x7de39c246570>>, body: {"flavor": {"os-flavor-access:is_public": true, "vcpus": 1, "disk": 5, "rxtx_factor": 1.0, "name": "ds512M", "ram": 512, "id": "d1", "swap": 0, "OS-FLV-EXT-DATA:ephemeral": 0}} {{(pid=69053) _process_stack /opt/stack/nova/nova/api/openstack/wsgi.py:550}}
Jul 31 07:58:43.151326 np0000032053 devstack@n-api.service[69053]: INFO nova.api.openstack.requestlog [None req-33321b71-dffa-4053-abbd-e5ada3bfac37 admin admin] 192.168.1.132 "POST /compute/v2.1/flavors" status: 200 len: 410 microversion: 2.61 time: 0.014156
Jul 31 07:58:43.151583 np0000032053 devstack@n-api.service[69053]: [pid: 69053|app: 0|req: 3/6] 192.168.1.132 () {72 vars in 1408 bytes} [Thu Jul 31 07:58:43 2025] POST /compute/v2.1/flavors => generated 410 bytes in 14 msecs (HTTP/1.1 200) 9 headers in 359 bytes (1 switches on core 0)
Jul 31 07:58:43.162132 np0000032053 devstack@n-api.service[69052]: DEBUG nova.api.openstack.wsgi [None req-e8389603-8722-4191-be1c-ecc39b8e5197 admin admin] Action: 'create', calling method: <bound method FlavorExtraSpecsController.create of <nova.api.openstack.compute.flavors_extraspecs.FlavorExtraSpecsController object at 0x7de39c246bd0>>, body: {"extra_specs": {"hw_rng:allowed": "True"}} {{(pid=69052) _process_stack /opt/stack/nova/nova/api/openstack/wsgi.py:550}}
Jul 31 07:58:43.177485 np0000032053 devstack@n-api.service[69052]: INFO nova.api.openstack.requestlog [None req-e8389603-8722-4191-be1c-ecc39b8e5197 admin admin] 192.168.1.132 "POST /compute/v2.1/flavors/d1/os-extra_specs" status: 200 len: 43 microversion: 2.61 time: 0.019434
Jul 31 07:58:43.177780 np0000032053 devstack@n-api.service[69052]: [pid: 69052|app: 0|req: 4/7] 192.168.1.132 () {72 vars in 1461 bytes} [Thu Jul 31 07:58:43 2025] POST /compute/v2.1/flavors/d1/os-extra_specs => generated 43 bytes in 20 msecs (HTTP/1.1 200) 9 headers in 358 bytes (1 switches on core 0)
Jul 31 07:58:43.267227 np0000032053 devstack@n-api.service[69053]: DEBUG nova.api.openstack.wsgi [None req-c6a39c0e-3d9c-41bc-b8c8-4a634d076a2f admin admin] Action: 'create', calling method: <bound method FlavorsController.create of <nova.api.openstack.compute.flavors.FlavorsController object at 0x7de39c246570>>, body: {"flavor": {"os-flavor-access:is_public": true, "vcpus": 1, "disk": 10, "rxtx_factor": 1.0, "name": "ds1G", "ram": 1024, "id": "d2", "swap": 0, "OS-FLV-EXT-DATA:ephemeral": 0}} {{(pid=69053) _process_stack /opt/stack/nova/nova/api/openstack/wsgi.py:550}}
Jul 31 07:58:43.283931 np0000032053 devstack@n-api.service[69053]: INFO nova.api.openstack.requestlog [None req-c6a39c0e-3d9c-41bc-b8c8-4a634d076a2f admin admin] 192.168.1.132 "POST /compute/v2.1/flavors" status: 200 len: 410 microversion: 2.61 time: 0.017405
Jul 31 07:58:43.283931 np0000032053 devstack@n-api.service[69053]: [pid: 69053|app: 0|req: 4/8] 192.168.1.132 () {72 vars in 1408 bytes} [Thu Jul 31 07:58:43 2025] POST /compute/v2.1/flavors => generated 410 bytes in 18 msecs (HTTP/1.1 200) 9 headers in 359 bytes (1 switches on core 0)
Jul 31 07:58:43.296474 np0000032053 devstack@n-api.service[69052]: DEBUG nova.api.openstack.wsgi [None req-292f5191-7302-4d46-aa7b-a3c84e583743 admin admin] Action: 'create', calling method: <bound method FlavorExtraSpecsController.create of <nova.api.openstack.compute.flavors_extraspecs.FlavorExtraSpecsController object at 0x7de39c246bd0>>, body: {"extra_specs": {"hw_rng:allowed": "True"}} {{(pid=69052) _process_stack /opt/stack/nova/nova/api/openstack/wsgi.py:550}}
Jul 31 07:58:43.321889 np0000032053 devstack@n-api.service[69052]: INFO nova.api.openstack.requestlog [None req-292f5191-7302-4d46-aa7b-a3c84e583743 admin admin] 192.168.1.132 "POST /compute/v2.1/flavors/d2/os-extra_specs" status: 200 len: 43 microversion: 2.61 time: 0.028145
Jul 31 07:58:43.321889 np0000032053 devstack@n-api.service[69052]: [pid: 69052|app: 0|req: 5/9] 192.168.1.132 () {72 vars in 1461 bytes} [Thu Jul 31 07:58:43 2025] POST /compute/v2.1/flavors/d2/os-extra_specs => generated 43 bytes in 29 msecs (HTTP/1.1 200) 9 headers in 358 bytes (1 switches on core 0)
Jul 31 07:58:43.420680 np0000032053 devstack@n-api.service[69053]: DEBUG nova.api.openstack.wsgi [None req-dd8c7111-a329-45bb-9f05-076790f81897 admin admin] Action: 'create', calling method: <bound method FlavorsController.create of <nova.api.openstack.compute.flavors.FlavorsController object at 0x7de39c246570>>, body: {"flavor": {"os-flavor-access:is_public": true, "vcpus": 2, "disk": 10, "rxtx_factor": 1.0, "name": "ds2G", "ram": 2048, "id": "d3", "swap": 0, "OS-FLV-EXT-DATA:ephemeral": 0}} {{(pid=69053) _process_stack /opt/stack/nova/nova/api/openstack/wsgi.py:550}}
Jul 31 07:58:43.431937 np0000032053 devstack@n-api.service[69053]: INFO nova.api.openstack.requestlog [None req-dd8c7111-a329-45bb-9f05-076790f81897 admin admin] 192.168.1.132 "POST /compute/v2.1/flavors" status: 200 len: 410 microversion: 2.61 time: 0.012761
Jul 31 07:58:43.432147 np0000032053 devstack@n-api.service[69053]: [pid: 69053|app: 0|req: 5/10] 192.168.1.132 () {72 vars in 1408 bytes} [Thu Jul 31 07:58:43 2025] POST /compute/v2.1/flavors => generated 410 bytes in 13 msecs (HTTP/1.1 200) 9 headers in 359 bytes (1 switches on core 0)
Jul 31 07:58:43.440807 np0000032053 devstack@n-api.service[69052]: DEBUG nova.api.openstack.wsgi [None req-b2520018-fcd1-46c5-ae1b-8ab5ae59d8fa admin admin] Action: 'create', calling method: <bound method FlavorExtraSpecsController.create of <nova.api.openstack.compute.flavors_extraspecs.FlavorExtraSpecsController object at 0x7de39c246bd0>>, body: {"extra_specs": {"hw_rng:allowed": "True"}} {{(pid=69052) _process_stack /opt/stack/nova/nova/api/openstack/wsgi.py:550}}
Jul 31 07:58:43.456513 np0000032053 devstack@n-api.service[69052]: INFO nova.api.openstack.requestlog [None req-b2520018-fcd1-46c5-ae1b-8ab5ae59d8fa admin admin] 192.168.1.132 "POST /compute/v2.1/flavors/d3/os-extra_specs" status: 200 len: 43 microversion: 2.61 time: 0.017174
Jul 31 07:58:43.456805 np0000032053 devstack@n-api.service[69052]: [pid: 69052|app: 0|req: 6/11] 192.168.1.132 () {72 vars in 1461 bytes} [Thu Jul 31 07:58:43 2025] POST /compute/v2.1/flavors/d3/os-extra_specs => generated 43 bytes in 17 msecs (HTTP/1.1 200) 9 headers in 358 bytes (1 switches on core 0)
Jul 31 07:58:43.560678 np0000032053 devstack@n-api.service[69053]: DEBUG nova.api.openstack.wsgi [None req-44a5c2c0-d0d7-4a37-aab7-8dc164818069 admin admin] Action: 'create', calling method: <bound method FlavorsController.create of <nova.api.openstack.compute.flavors.FlavorsController object at 0x7de39c246570>>, body: {"flavor": {"os-flavor-access:is_public": true, "vcpus": 4, "disk": 20, "rxtx_factor": 1.0, "name": "ds4G", "ram": 4096, "id": "d4", "swap": 0, "OS-FLV-EXT-DATA:ephemeral": 0}} {{(pid=69053) _process_stack /opt/stack/nova/nova/api/openstack/wsgi.py:550}}
Jul 31 07:58:43.572149 np0000032053 devstack@n-api.service[69053]: INFO nova.api.openstack.requestlog [None req-44a5c2c0-d0d7-4a37-aab7-8dc164818069 admin admin] 192.168.1.132 "POST /compute/v2.1/flavors" status: 200 len: 410 microversion: 2.61 time: 0.012825
Jul 31 07:58:43.572240 np0000032053 devstack@n-api.service[69053]: [pid: 69053|app: 0|req: 6/12] 192.168.1.132 () {72 vars in 1408 bytes} [Thu Jul 31 07:58:43 2025] POST /compute/v2.1/flavors => generated 410 bytes in 13 msecs (HTTP/1.1 200) 9 headers in 359 bytes (1 switches on core 0)
Jul 31 07:58:43.580254 np0000032053 devstack@n-api.service[69052]: DEBUG nova.api.openstack.wsgi [None req-0ce3ee0a-7b28-426a-ba8b-505f7b3156df admin admin] Action: 'create', calling method: <bound method FlavorExtraSpecsController.create of <nova.api.openstack.compute.flavors_extraspecs.FlavorExtraSpecsController object at 0x7de39c246bd0>>, body: {"extra_specs": {"hw_rng:allowed": "True"}} {{(pid=69052) _process_stack /opt/stack/nova/nova/api/openstack/wsgi.py:550}}
Jul 31 07:58:43.594579 np0000032053 devstack@n-api.service[69052]: INFO nova.api.openstack.requestlog [None req-0ce3ee0a-7b28-426a-ba8b-505f7b3156df admin admin] 192.168.1.132 "POST /compute/v2.1/flavors/d4/os-extra_specs" status: 200 len: 43 microversion: 2.61 time: 0.015797
Jul 31 07:58:43.594833 np0000032053 devstack@n-api.service[69052]: [pid: 69052|app: 0|req: 7/13] 192.168.1.132 () {72 vars in 1461 bytes} [Thu Jul 31 07:58:43 2025] POST /compute/v2.1/flavors/d4/os-extra_specs => generated 43 bytes in 16 msecs (HTTP/1.1 200) 9 headers in 358 bytes (1 switches on core 0)
Jul 31 07:58:43.690526 np0000032053 devstack@n-api.service[69053]: DEBUG nova.api.openstack.wsgi [None req-752d875b-277a-4fbd-a28a-041c1fe96db6 admin admin] Calling method '<bound method FlavorsController.detail of <nova.api.openstack.compute.flavors.FlavorsController object at 0x7de39c2466c0>>' {{(pid=69053) _process_stack /opt/stack/nova/nova/api/openstack/wsgi.py:552}}
Jul 31 07:58:43.704656 np0000032053 devstack@n-api.service[69053]: INFO nova.api.openstack.requestlog [None req-752d875b-277a-4fbd-a28a-041c1fe96db6 admin admin] 192.168.1.132 "GET /compute/v2.1/flavors/detail?is_public=True" status: 200 len: 2136 microversion: 2.61 time: 0.016768
Jul 31 07:58:43.704962 np0000032053 devstack@n-api.service[69053]: [pid: 69053|app: 0|req: 7/14] 192.168.1.132 () {68 vars in 1417 bytes} [Thu Jul 31 07:58:43 2025] GET /compute/v2.1/flavors/detail?is_public=True => generated 2136 bytes in 17 msecs (HTTP/1.1 200) 9 headers in 360 bytes (1 switches on core 0)
Jul 31 07:58:43.802796 np0000032053 devstack@n-api.service[69052]: DEBUG nova.api.openstack.wsgi [None req-72490347-739b-432f-aeda-1c80a66f7a97 admin admin] Action: 'create', calling method: <bound method FlavorsController.create of <nova.api.openstack.compute.flavors.FlavorsController object at 0x7de39c246330>>, body: {"flavor": {"os-flavor-access:is_public": true, "vcpus": 1, "disk": 1, "rxtx_factor": 1.0, "name": "m1.tiny", "ram": 512, "id": "1", "swap": 0, "OS-FLV-EXT-DATA:ephemeral": 0}} {{(pid=69052) _process_stack /opt/stack/nova/nova/api/openstack/wsgi.py:550}}
Jul 31 07:58:43.821975 np0000032053 devstack@n-api.service[69052]: INFO nova.api.openstack.requestlog [None req-72490347-739b-432f-aeda-1c80a66f7a97 admin admin] 192.168.1.132 "POST /compute/v2.1/flavors" status: 200 len: 408 microversion: 2.61 time: 0.020700
Jul 31 07:58:43.822202 np0000032053 devstack@n-api.service[69052]: [pid: 69052|app: 0|req: 8/15] 192.168.1.132 () {72 vars in 1408 bytes} [Thu Jul 31 07:58:43 2025] POST /compute/v2.1/flavors => generated 408 bytes in 21 msecs (HTTP/1.1 200) 9 headers in 359 bytes (1 switches on core 0)
Jul 31 07:58:43.832503 np0000032053 devstack@n-api.service[69053]: DEBUG nova.api.openstack.wsgi [None req-e5378a3a-8db1-4304-9f98-194eeee48a6f admin admin] Action: 'create', calling method: <bound method FlavorExtraSpecsController.create of <nova.api.openstack.compute.flavors_extraspecs.FlavorExtraSpecsController object at 0x7de39c246e10>>, body: {"extra_specs": {"hw_rng:allowed": "True"}} {{(pid=69053) _process_stack /opt/stack/nova/nova/api/openstack/wsgi.py:550}}
Jul 31 07:58:43.849040 np0000032053 devstack@n-api.service[69053]: INFO nova.api.openstack.requestlog [None req-e5378a3a-8db1-4304-9f98-194eeee48a6f admin admin] 192.168.1.132 "POST /compute/v2.1/flavors/1/os-extra_specs" status: 200 len: 43 microversion: 2.61 time: 0.019885
Jul 31 07:58:43.849480 np0000032053 devstack@n-api.service[69053]: [pid: 69053|app: 0|req: 8/16] 192.168.1.132 () {72 vars in 1458 bytes} [Thu Jul 31 07:58:43 2025] POST /compute/v2.1/flavors/1/os-extra_specs => generated 43 bytes in 20 msecs (HTTP/1.1 200) 9 headers in 358 bytes (1 switches on core 0)
Jul 31 07:58:43.936044 np0000032053 devstack@n-api.service[69052]: DEBUG nova.api.openstack.wsgi [None req-467e70f0-f29a-46eb-aa98-aa27112a794f admin admin] Action: 'create', calling method: <bound method FlavorsController.create of <nova.api.openstack.compute.flavors.FlavorsController object at 0x7de39c246330>>, body: {"flavor": {"os-flavor-access:is_public": true, "vcpus": 1, "disk": 20, "rxtx_factor": 1.0, "name": "m1.small", "ram": 2048, "id": "2", "swap": 0, "OS-FLV-EXT-DATA:ephemeral": 0}} {{(pid=69052) _process_stack /opt/stack/nova/nova/api/openstack/wsgi.py:550}}
Jul 31 07:58:43.946762 np0000032053 devstack@n-api.service[69052]: INFO nova.api.openstack.requestlog [None req-467e70f0-f29a-46eb-aa98-aa27112a794f admin admin] 192.168.1.132 "POST /compute/v2.1/flavors" status: 200 len: 411 microversion: 2.61 time: 0.012179
Jul 31 07:58:43.946966 np0000032053 devstack@n-api.service[69052]: [pid: 69052|app: 0|req: 9/17] 192.168.1.132 () {72 vars in 1408 bytes} [Thu Jul 31 07:58:43 2025] POST /compute/v2.1/flavors => generated 411 bytes in 12 msecs (HTTP/1.1 200) 9 headers in 359 bytes (1 switches on core 0)
Jul 31 07:58:43.954200 np0000032053 devstack@n-api.service[69053]: DEBUG nova.api.openstack.wsgi [None req-6d8a0d55-5e64-4bd6-8632-79ab8cdd6c40 admin admin] Action: 'create', calling method: <bound method FlavorExtraSpecsController.create of <nova.api.openstack.compute.flavors_extraspecs.FlavorExtraSpecsController object at 0x7de39c246e10>>, body: {"extra_specs": {"hw_rng:allowed": "True"}} {{(pid=69053) _process_stack /opt/stack/nova/nova/api/openstack/wsgi.py:550}}
Jul 31 07:58:43.966555 np0000032053 devstack@n-api.service[69053]: INFO nova.api.openstack.requestlog [None req-6d8a0d55-5e64-4bd6-8632-79ab8cdd6c40 admin admin] 192.168.1.132 "POST /compute/v2.1/flavors/2/os-extra_specs" status: 200 len: 43 microversion: 2.61 time: 0.013532
Jul 31 07:58:43.966555 np0000032053 devstack@n-api.service[69053]: [pid: 69053|app: 0|req: 9/18] 192.168.1.132 () {72 vars in 1458 bytes} [Thu Jul 31 07:58:43 2025] POST /compute/v2.1/flavors/2/os-extra_specs => generated 43 bytes in 14 msecs (HTTP/1.1 200) 9 headers in 358 bytes (1 switches on core 0)
Jul 31 07:58:44.053289 np0000032053 devstack@n-api.service[69052]: DEBUG nova.api.openstack.wsgi [None req-d32cd34b-9d5f-4175-9847-57015fa43c60 admin admin] Action: 'create', calling method: <bound method FlavorsController.create of <nova.api.openstack.compute.flavors.FlavorsController object at 0x7de39c246330>>, body: {"flavor": {"os-flavor-access:is_public": true, "vcpus": 2, "disk": 40, "rxtx_factor": 1.0, "name": "m1.medium", "ram": 4096, "id": "3", "swap": 0, "OS-FLV-EXT-DATA:ephemeral": 0}} {{(pid=69052) _process_stack /opt/stack/nova/nova/api/openstack/wsgi.py:550}}
Jul 31 07:58:44.064210 np0000032053 devstack@n-api.service[69052]: INFO nova.api.openstack.requestlog [None req-d32cd34b-9d5f-4175-9847-57015fa43c60 admin admin] 192.168.1.132 "POST /compute/v2.1/flavors" status: 200 len: 412 microversion: 2.61 time: 0.012410
Jul 31 07:58:44.064432 np0000032053 devstack@n-api.service[69052]: [pid: 69052|app: 0|req: 10/19] 192.168.1.132 () {72 vars in 1408 bytes} [Thu Jul 31 07:58:44 2025] POST /compute/v2.1/flavors => generated 412 bytes in 13 msecs (HTTP/1.1 200) 9 headers in 359 bytes (1 switches on core 0)
Jul 31 07:58:44.073522 np0000032053 devstack@n-api.service[69053]: DEBUG nova.api.openstack.wsgi [None req-2738c30e-c6fb-4e62-9de6-f6157825e266 admin admin] Action: 'create', calling method: <bound method FlavorExtraSpecsController.create of <nova.api.openstack.compute.flavors_extraspecs.FlavorExtraSpecsController object at 0x7de39c246e10>>, body: {"extra_specs": {"hw_rng:allowed": "True"}} {{(pid=69053) _process_stack /opt/stack/nova/nova/api/openstack/wsgi.py:550}}
Jul 31 07:58:44.084081 np0000032053 devstack@n-api.service[69053]: INFO nova.api.openstack.requestlog [None req-2738c30e-c6fb-4e62-9de6-f6157825e266 admin admin] 192.168.1.132 "POST /compute/v2.1/flavors/3/os-extra_specs" status: 200 len: 43 microversion: 2.61 time: 0.013791
Jul 31 07:58:44.084398 np0000032053 devstack@n-api.service[69053]: [pid: 69053|app: 0|req: 10/20] 192.168.1.132 () {72 vars in 1458 bytes} [Thu Jul 31 07:58:44 2025] POST /compute/v2.1/flavors/3/os-extra_specs => generated 43 bytes in 14 msecs (HTTP/1.1 200) 9 headers in 358 bytes (1 switches on core 0)
Jul 31 07:58:44.174771 np0000032053 devstack@n-api.service[69052]: DEBUG nova.api.openstack.wsgi [None req-b2094af1-4da6-4cc9-9441-13e48223311d admin admin] Action: 'create', calling method: <bound method FlavorsController.create of <nova.api.openstack.compute.flavors.FlavorsController object at 0x7de39c246330>>, body: {"flavor": {"os-flavor-access:is_public": true, "vcpus": 4, "disk": 80, "rxtx_factor": 1.0, "name": "m1.large", "ram": 8192, "id": "4", "swap": 0, "OS-FLV-EXT-DATA:ephemeral": 0}} {{(pid=69052) _process_stack /opt/stack/nova/nova/api/openstack/wsgi.py:550}}
Jul 31 07:58:44.190230 np0000032053 devstack@n-api.service[69052]: INFO nova.api.openstack.requestlog [None req-b2094af1-4da6-4cc9-9441-13e48223311d admin admin] 192.168.1.132 "POST /compute/v2.1/flavors" status: 200 len: 411 microversion: 2.61 time: 0.016835
Jul 31 07:58:44.190738 np0000032053 devstack@n-api.service[69052]: [pid: 69052|app: 0|req: 11/21] 192.168.1.132 () {72 vars in 1408 bytes} [Thu Jul 31 07:58:44 2025] POST /compute/v2.1/flavors => generated 411 bytes in 17 msecs (HTTP/1.1 200) 9 headers in 359 bytes (1 switches on core 0)
Jul 31 07:58:44.201000 np0000032053 devstack@n-api.service[69053]: DEBUG nova.api.openstack.wsgi [None req-34ef10aa-24db-4a45-bdc3-8ce7895aab94 admin admin] Action: 'create', calling method: <bound method FlavorExtraSpecsController.create of <nova.api.openstack.compute.flavors_extraspecs.FlavorExtraSpecsController object at 0x7de39c246e10>>, body: {"extra_specs": {"hw_rng:allowed": "True"}} {{(pid=69053) _process_stack /opt/stack/nova/nova/api/openstack/wsgi.py:550}}
Jul 31 07:58:44.214011 np0000032053 devstack@n-api.service[69053]: INFO nova.api.openstack.requestlog [None req-34ef10aa-24db-4a45-bdc3-8ce7895aab94 admin admin] 192.168.1.132 "POST /compute/v2.1/flavors/4/os-extra_specs" status: 200 len: 43 microversion: 2.61 time: 0.015115
Jul 31 07:58:44.214375 np0000032053 devstack@n-api.service[69053]: [pid: 69053|app: 0|req: 11/22] 192.168.1.132 () {72 vars in 1458 bytes} [Thu Jul 31 07:58:44 2025] POST /compute/v2.1/flavors/4/os-extra_specs => generated 43 bytes in 15 msecs (HTTP/1.1 200) 9 headers in 358 bytes (1 switches on core 0)
Jul 31 07:58:44.304764 np0000032053 devstack@n-api.service[69052]: DEBUG nova.api.openstack.wsgi [None req-726e652c-0b3b-4174-9219-4a004cc6d515 admin admin] Action: 'create', calling method: <bound method FlavorsController.create of <nova.api.openstack.compute.flavors.FlavorsController object at 0x7de39c246330>>, body: {"flavor": {"os-flavor-access:is_public": true, "vcpus": 8, "disk": 160, "rxtx_factor": 1.0, "name": "m1.xlarge", "ram": 16384, "id": "5", "swap": 0, "OS-FLV-EXT-DATA:ephemeral": 0}} {{(pid=69052) _process_stack /opt/stack/nova/nova/api/openstack/wsgi.py:550}}
Jul 31 07:58:44.317072 np0000032053 devstack@n-api.service[69052]: INFO nova.api.openstack.requestlog [None req-726e652c-0b3b-4174-9219-4a004cc6d515 admin admin] 192.168.1.132 "POST /compute/v2.1/flavors" status: 200 len: 414 microversion: 2.61 time: 0.013808
Jul 31 07:58:44.317407 np0000032053 devstack@n-api.service[69052]: [pid: 69052|app: 0|req: 12/23] 192.168.1.132 () {72 vars in 1408 bytes} [Thu Jul 31 07:58:44 2025] POST /compute/v2.1/flavors => generated 414 bytes in 14 msecs (HTTP/1.1 200) 9 headers in 359 bytes (1 switches on core 0)
Jul 31 07:58:44.326654 np0000032053 devstack@n-api.service[69053]: DEBUG nova.api.openstack.wsgi [None req-c5dd4045-9e16-45df-ba59-042e1fa9e215 admin admin] Action: 'create', calling method: <bound method FlavorExtraSpecsController.create of <nova.api.openstack.compute.flavors_extraspecs.FlavorExtraSpecsController object at 0x7de39c246e10>>, body: {"extra_specs": {"hw_rng:allowed": "True"}} {{(pid=69053) _process_stack /opt/stack/nova/nova/api/openstack/wsgi.py:550}}
Jul 31 07:58:44.339552 np0000032053 devstack@n-api.service[69053]: INFO nova.api.openstack.requestlog [None req-c5dd4045-9e16-45df-ba59-042e1fa9e215 admin admin] 192.168.1.132 "POST /compute/v2.1/flavors/5/os-extra_specs" status: 200 len: 43 microversion: 2.61 time: 0.014395
Jul 31 07:58:44.339793 np0000032053 devstack@n-api.service[69053]: [pid: 69053|app: 0|req: 12/24] 192.168.1.132 () {72 vars in 1458 bytes} [Thu Jul 31 07:58:44 2025] POST /compute/v2.1/flavors/5/os-extra_specs => generated 43 bytes in 15 msecs (HTTP/1.1 200) 9 headers in 358 bytes (1 switches on core 0)
Jul 31 07:58:51.874410 np0000032053 devstack@n-api.service[69052]: DEBUG nova.api.openstack.wsgi [None req-147607be-bfb1-475b-8a7e-a9e3e1f5b0ee admin admin] Calling method '<bound method FlavorsController.detail of <nova.api.openstack.compute.flavors.FlavorsController object at 0x7de39c246480>>' {{(pid=69052) _process_stack /opt/stack/nova/nova/api/openstack/wsgi.py:552}}
Jul 31 07:58:51.886624 np0000032053 devstack@n-api.service[69052]: INFO nova.api.openstack.requestlog [None req-147607be-bfb1-475b-8a7e-a9e3e1f5b0ee admin admin] 192.168.1.132 "GET /compute/v2.1/flavors/detail?is_public=True" status: 200 len: 4262 microversion: 2.61 time: 0.013617
Jul 31 07:58:51.886989 np0000032053 devstack@n-api.service[69052]: [pid: 69052|app: 0|req: 13/25] 192.168.1.132 () {68 vars in 1417 bytes} [Thu Jul 31 07:58:51 2025] GET /compute/v2.1/flavors/detail?is_public=True => generated 4262 bytes in 14 msecs (HTTP/1.1 200) 9 headers in 360 bytes (1 switches on core 0)
Jul 31 07:58:52.004769 np0000032053 devstack@n-api.service[69053]: DEBUG nova.api.openstack.wsgi [None req-25312098-e0d6-4c8c-939d-8caa31a4bf48 admin admin] Action: 'create', calling method: <bound method FlavorsController.create of <nova.api.openstack.compute.flavors.FlavorsController object at 0x7de39c246570>>, body: {"flavor": {"os-flavor-access:is_public": true, "vcpus": 1, "disk": 5, "rxtx_factor": 1.0, "name": "manila-service-flavor", "ram": 1024, "id": "100", "swap": 0, "OS-FLV-EXT-DATA:ephemeral": 0}} {{(pid=69053) _process_stack /opt/stack/nova/nova/api/openstack/wsgi.py:550}}
Jul 31 07:58:52.018982 np0000032053 devstack@n-api.service[69053]: INFO nova.api.openstack.requestlog [None req-25312098-e0d6-4c8c-939d-8caa31a4bf48 admin admin] 192.168.1.132 "POST /compute/v2.1/flavors" status: 200 len: 429 microversion: 2.61 time: 0.016319
Jul 31 07:58:52.018982 np0000032053 devstack@n-api.service[69053]: [pid: 69053|app: 0|req: 13/26] 192.168.1.132 () {72 vars in 1408 bytes} [Thu Jul 31 07:58:52 2025] POST /compute/v2.1/flavors => generated 429 bytes in 17 msecs (HTTP/1.1 200) 9 headers in 359 bytes (1 switches on core 0)
Jul 31 08:04:43.796819 np0000032053 devstack@n-api.service[69052]: DEBUG dbcounter [-] [69052] Writing DB stats nova_api:SELECT=22,nova_api:SAVEPOINT=5,nova_api:INSERT=10,nova_api:RELEASE=5 {{(pid=69052) stat_writer /opt/stack/data/venv/lib/python3.12/site-packages/dbcounter.py:115}}
Jul 31 08:04:43.812074 np0000032053 devstack@n-api.service[69052]: DEBUG nova.api.openstack.wsgi [None req-782508e7-b7fd-4f9e-8ffd-4af2ea81f6dc admin admin] Calling method '<bound method KeypairController.index of <nova.api.openstack.compute.keypairs.KeypairController object at 0x7de39c2f5700>>' {{(pid=69052) _process_stack /opt/stack/nova/nova/api/openstack/wsgi.py:552}}
Jul 31 08:04:43.813874 np0000032053 devstack@n-api.service[69052]: WARNING oslo_db.sqlalchemy.utils [None req-782508e7-b7fd-4f9e-8ffd-4af2ea81f6dc admin admin] Unique keys not in sort_keys. The sorting order may be unstable.
Jul 31 08:04:43.820232 np0000032053 devstack@n-api.service[69052]: INFO nova.api.openstack.requestlog [None req-782508e7-b7fd-4f9e-8ffd-4af2ea81f6dc admin admin] 192.168.1.132 "GET /compute/v2.1/os-keypairs" status: 200 len: 16 microversion: 2.10 time: 0.024305
Jul 31 08:04:43.820445 np0000032053 devstack@n-api.service[69052]: [pid: 69052|app: 0|req: 14/27] 192.168.1.132 () {68 vars in 1379 bytes} [Thu Jul 31 08:04:43 2025] GET /compute/v2.1/os-keypairs => generated 16 bytes in 25 msecs (HTTP/1.1 200) 9 headers in 358 bytes (1 switches on core 0)
Jul 31 08:04:43.911475 np0000032053 devstack@n-api.service[69053]: DEBUG dbcounter [-] [69053] Writing DB stats nova_api:INSERT=11,nova_api:SELECT=22,nova_api:SAVEPOINT=5,nova_api:RELEASE=5 {{(pid=69053) stat_writer /opt/stack/data/venv/lib/python3.12/site-packages/dbcounter.py:115}}
Jul 31 08:04:43.913200 np0000032053 devstack@n-api.service[69053]: DEBUG nova.api.openstack.wsgi [None req-8abf3057-a9b8-40cc-b9ec-f0a8683d5a9f admin admin] Action: 'create', calling method: <bound method KeypairController.create of <nova.api.openstack.compute.keypairs.KeypairController object at 0x7de39c2f5b50>>, body: {"keypair": {"public_key": "ecdsa-sha2-nistp256 AAAAE2VjZHNhLXNoYTItbmlzdHAyNTYAAAAIbmlzdHAyNTYAAABBBGeJSwbWFFVB3rqrzKUVr7dP+hWHfS10WOlqCi1HbBP+fA22Q+CaWH0cF3UJg+dbEEiEwM49hcwSiNwb/KkcFHg= stack@np0000032053\n", "name": "manila-service"}} {{(pid=69053) _process_stack /opt/stack/nova/nova/api/openstack/wsgi.py:550}}
Jul 31 08:04:43.926925 np0000032053 devstack@n-api.service[69053]: DEBUG nova.quota [None req-8abf3057-a9b8-40cc-b9ec-f0a8683d5a9f admin admin] Getting quotas for project d124b70d9ca443b08128b2aba4be9999. Resources: {'key_pairs'} {{(pid=69053) _get_quotas /opt/stack/nova/nova/quota.py:392}}
Jul 31 08:04:43.929383 np0000032053 devstack@n-api.service[69053]: DEBUG nova.quota [None req-8abf3057-a9b8-40cc-b9ec-f0a8683d5a9f admin admin] Getting quotas for user 3b7516817de742e2b751ab31a0935e55 and project d124b70d9ca443b08128b2aba4be9999. Resources: {'key_pairs'} {{(pid=69053) _get_quotas /opt/stack/nova/nova/quota.py:382}}
Jul 31 08:04:43.951592 np0000032053 devstack@n-api.service[69053]: INFO nova.api.openstack.requestlog [None req-8abf3057-a9b8-40cc-b9ec-f0a8683d5a9f admin admin] 192.168.1.132 "POST /compute/v2.1/os-keypairs" status: 201 len: 366 microversion: 2.10 time: 0.040974
Jul 31 08:04:43.951840 np0000032053 devstack@n-api.service[69053]: [pid: 69053|app: 0|req: 14/28] 192.168.1.132 () {72 vars in 1420 bytes} [Thu Jul 31 08:04:43 2025] POST /compute/v2.1/os-keypairs => generated 366 bytes in 41 msecs (HTTP/1.1 201) 9 headers in 364 bytes (1 switches on core 0)
Jul 31 08:04:50.086433 np0000032053 devstack@n-api.service[69052]: DEBUG nova.api.openstack.wsgi [None req-d4bdedb9-20cd-4e08-9429-d9f91488408d admin admin] Calling method '<bound method ServiceController.index of <nova.api.openstack.compute.services.ServiceController object at 0x7de39c134b60>>' {{(pid=69052) _process_stack /opt/stack/nova/nova/api/openstack/wsgi.py:552}}
Jul 31 08:04:50.088262 np0000032053 devstack@n-api.service[69052]: DEBUG oslo_concurrency.lockutils [None req-d4bdedb9-20cd-4e08-9429-d9f91488408d admin admin] Acquiring lock "00000000-0000-0000-0000-000000000000" by "nova.context.set_target_cell.<locals>.get_or_set_cached_cell_and_set_connections" {{(pid=69052) inner /opt/stack/data/venv/lib/python3.12/site-packages/oslo_concurrency/lockutils.py:405}}
Jul 31 08:04:50.088497 np0000032053 devstack@n-api.service[69052]: DEBUG oslo_concurrency.lockutils [None req-d4bdedb9-20cd-4e08-9429-d9f91488408d admin admin] Lock "00000000-0000-0000-0000-000000000000" acquired by "nova.context.set_target_cell.<locals>.get_or_set_cached_cell_and_set_connections" :: waited 0.000s {{(pid=69052) inner /opt/stack/data/venv/lib/python3.12/site-packages/oslo_concurrency/lockutils.py:410}}
Jul 31 08:04:50.088684 np0000032053 devstack@n-api.service[69052]: DEBUG oslo_concurrency.lockutils [None req-d4bdedb9-20cd-4e08-9429-d9f91488408d admin admin] Lock "00000000-0000-0000-0000-000000000000" "released" by "nova.context.set_target_cell.<locals>.get_or_set_cached_cell_and_set_connections" :: held 0.000s {{(pid=69052) inner /opt/stack/data/venv/lib/python3.12/site-packages/oslo_concurrency/lockutils.py:424}}
Jul 31 08:04:50.089119 np0000032053 devstack@n-api.service[69052]: DEBUG oslo_concurrency.lockutils [None req-d4bdedb9-20cd-4e08-9429-d9f91488408d admin admin] Acquiring lock "9cf58e27-d926-4f29-aef6-44457fc9103c" by "nova.context.set_target_cell.<locals>.get_or_set_cached_cell_and_set_connections" {{(pid=69052) inner /opt/stack/data/venv/lib/python3.12/site-packages/oslo_concurrency/lockutils.py:405}}
Jul 31 08:04:50.089295 np0000032053 devstack@n-api.service[69052]: DEBUG oslo_concurrency.lockutils [None req-d4bdedb9-20cd-4e08-9429-d9f91488408d admin admin] Lock "9cf58e27-d926-4f29-aef6-44457fc9103c" acquired by "nova.context.set_target_cell.<locals>.get_or_set_cached_cell_and_set_connections" :: waited 0.000s {{(pid=69052) inner /opt/stack/data/venv/lib/python3.12/site-packages/oslo_concurrency/lockutils.py:410}}
Jul 31 08:04:50.089446 np0000032053 devstack@n-api.service[69052]: DEBUG oslo_concurrency.lockutils [None req-d4bdedb9-20cd-4e08-9429-d9f91488408d admin admin] Lock "9cf58e27-d926-4f29-aef6-44457fc9103c" "released" by "nova.context.set_target_cell.<locals>.get_or_set_cached_cell_and_set_connections" :: held 0.000s {{(pid=69052) inner /opt/stack/data/venv/lib/python3.12/site-packages/oslo_concurrency/lockutils.py:424}}
