Jul 30 17:48:23.837552 np0000032037 devstack@placement-api.service[74153]: INFO placement.requestlog [req-b6455483-892e-48c1-8354-9d03de98e27a req-80ec52ff-bf37-4bd2-9083-4040c4ff788a service nova] 192.168.1.110 "GET /placement/allocation_candidates?limit=1000&resources=DISK_GB%3A5%2CMEMORY_MB%3A1024%2CVCPU%3A1&root_required=%21COMPUTE_STATUS_DISABLED" status: 200 len: 2424 microversion: 1.36
Jul 30 17:48:23.837552 np0000032037 devstack@placement-api.service[74153]: [pid: 74153|app: 0|req: 29/57] 192.168.1.110 () {68 vars in 1638 bytes} [Wed Jul 30 17:48:23 2025] GET /placement/allocation_candidates?limit=1000&resources=DISK_GB%3A5%2CMEMORY_MB%3A1024%2CVCPU%3A1&root_required=%21COMPUTE_STATUS_DISABLED => generated 2424 bytes in 37 msecs (HTTP/1.1 200) 8 headers in 297 bytes (1 switches on core 0)
Jul 30 17:48:23.884431 np0000032037 devstack@placement-api.service[74152]: DEBUG placement.requestlog [req-b6455483-892e-48c1-8354-9d03de98e27a req-2532ded4-2597-4549-a9d4-d79f90a3880a None None] Starting request: 192.168.1.110 "GET /placement/allocations/beadb478-0f09-4e50-bb78-b15c1db5b354" {{(pid=74152) __call__ /opt/stack/placement/placement/requestlog.py:55}}
Jul 30 17:48:23.888640 np0000032037 devstack@placement-api.service[74152]: INFO placement.requestlog [req-b6455483-892e-48c1-8354-9d03de98e27a req-2532ded4-2597-4549-a9d4-d79f90a3880a service nova] 192.168.1.110 "GET /placement/allocations/beadb478-0f09-4e50-bb78-b15c1db5b354" status: 200 len: 19 microversion: 1.28
Jul 30 17:48:23.888844 np0000032037 devstack@placement-api.service[74152]: [pid: 74152|app: 0|req: 29/58] 192.168.1.110 () {68 vars in 1512 bytes} [Wed Jul 30 17:48:23 2025] GET /placement/allocations/beadb478-0f09-4e50-bb78-b15c1db5b354 => generated 19 bytes in 4 msecs (HTTP/1.1 200) 8 headers in 295 bytes (1 switches on core 0)
Jul 30 17:48:23.893555 np0000032037 devstack@placement-api.service[74153]: DEBUG placement.requestlog [req-b6455483-892e-48c1-8354-9d03de98e27a req-c61286c1-e7e7-4136-8361-3a1de4e0ee74 None None] Starting request: 192.168.1.110 "PUT /placement/allocations/beadb478-0f09-4e50-bb78-b15c1db5b354" {{(pid=74153) __call__ /opt/stack/placement/placement/requestlog.py:55}}
Jul 30 17:48:23.935421 np0000032037 devstack@placement-api.service[74153]: DEBUG placement.handlers.allocation [req-b6455483-892e-48c1-8354-9d03de98e27a req-c61286c1-e7e7-4136-8361-3a1de4e0ee74 service nova] Successfully wrote allocations [<placement.objects.allocation.Allocation object at 0x7122fe6f9c10>, <placement.objects.allocation.Allocation object at 0x7122fe6fbd70>, <placement.objects.allocation.Allocation object at 0x7122fe6a75c0>] {{(pid=74153) _update_consumers_and_create_allocations /opt/stack/placement/placement/handlers/allocation.py:462}}
Jul 30 17:48:23.938320 np0000032037 devstack@placement-api.service[74153]: INFO placement.requestlog [req-b6455483-892e-48c1-8354-9d03de98e27a req-c61286c1-e7e7-4136-8361-3a1de4e0ee74 service nova] 192.168.1.110 "PUT /placement/allocations/beadb478-0f09-4e50-bb78-b15c1db5b354" status: 204 len: 0 microversion: 1.36
Jul 30 17:48:23.938490 np0000032037 devstack@placement-api.service[74153]: [pid: 74153|app: 0|req: 30/59] 192.168.1.110 () {72 vars in 1565 bytes} [Wed Jul 30 17:48:23 2025] PUT /placement/allocations/beadb478-0f09-4e50-bb78-b15c1db5b354 => generated 0 bytes in 45 msecs (HTTP/1.1 204) 5 headers in 199 bytes (1 switches on core 0)
Jul 30 17:48:25.423511 np0000032037 devstack@placement-api.service[74152]: DEBUG placement.requestlog [req-b6455483-892e-48c1-8354-9d03de98e27a req-5e5c2ef0-c494-49e8-908d-05db1fadffb1 None None] Starting request: 192.168.1.110 "GET /placement/allocations/beadb478-0f09-4e50-bb78-b15c1db5b354" {{(pid=74152) __call__ /opt/stack/placement/placement/requestlog.py:55}}
Jul 30 17:48:25.429025 np0000032037 devstack@placement-api.service[74152]: INFO placement.requestlog [req-b6455483-892e-48c1-8354-9d03de98e27a req-5e5c2ef0-c494-49e8-908d-05db1fadffb1 service nova] 192.168.1.110 "GET /placement/allocations/beadb478-0f09-4e50-bb78-b15c1db5b354" status: 200 len: 258 microversion: 1.28
Jul 30 17:48:25.429195 np0000032037 devstack@placement-api.service[74152]: [pid: 74152|app: 0|req: 30/60] 192.168.1.110 () {68 vars in 1510 bytes} [Wed Jul 30 17:48:25 2025] GET /placement/allocations/beadb478-0f09-4e50-bb78-b15c1db5b354 => generated 258 bytes in 6 msecs (HTTP/1.1 200) 8 headers in 296 bytes (1 switches on core 0)
Jul 30 17:48:26.442233 np0000032037 devstack@placement-api.service[74153]: DEBUG placement.requestlog [req-b6455483-892e-48c1-8354-9d03de98e27a req-1a52e7c0-7319-4372-8675-c53c477a7d1d None None] Starting request: 192.168.1.110 "GET /placement/resource_providers/2e102faf-0dbb-420b-b996-7ea852c601a3/allocations" {{(pid=74153) __call__ /opt/stack/placement/placement/requestlog.py:55}}
Jul 30 17:48:26.448945 np0000032037 devstack@placement-api.service[74153]: INFO placement.requestlog [req-b6455483-892e-48c1-8354-9d03de98e27a req-1a52e7c0-7319-4372-8675-c53c477a7d1d service nova] 192.168.1.110 "GET /placement/resource_providers/2e102faf-0dbb-420b-b996-7ea852c601a3/allocations" status: 200 len: 153 microversion: 1.0
Jul 30 17:48:26.449101 np0000032037 devstack@placement-api.service[74153]: [pid: 74153|app: 0|req: 31/61] 192.168.1.110 () {66 vars in 1523 bytes} [Wed Jul 30 17:48:26 2025] GET /placement/resource_providers/2e102faf-0dbb-420b-b996-7ea852c601a3/allocations => generated 153 bytes in 7 msecs (HTTP/1.1 200) 6 headers in 224 bytes (1 switches on core 0)
Jul 30 17:48:26.453652 np0000032037 devstack@placement-api.service[74152]: DEBUG placement.requestlog [req-b6455483-892e-48c1-8354-9d03de98e27a req-1c36870c-3827-4ccb-a947-50a69d26fc33 None None] Starting request: 192.168.1.110 "GET /placement/allocations/beadb478-0f09-4e50-bb78-b15c1db5b354" {{(pid=74152) __call__ /opt/stack/placement/placement/requestlog.py:55}}
Jul 30 17:48:26.458862 np0000032037 devstack@placement-api.service[74152]: INFO placement.requestlog [req-b6455483-892e-48c1-8354-9d03de98e27a req-1c36870c-3827-4ccb-a947-50a69d26fc33 service nova] 192.168.1.110 "GET /placement/allocations/beadb478-0f09-4e50-bb78-b15c1db5b354" status: 200 len: 258 microversion: 1.28
Jul 30 17:48:26.459008 np0000032037 devstack@placement-api.service[74152]: [pid: 74152|app: 0|req: 31/62] 192.168.1.110 () {68 vars in 1510 bytes} [Wed Jul 30 17:48:26 2025] GET /placement/allocations/beadb478-0f09-4e50-bb78-b15c1db5b354 => generated 258 bytes in 5 msecs (HTTP/1.1 200) 8 headers in 296 bytes (1 switches on core 0)
Jul 30 17:48:36.448332 np0000032037 devstack@placement-api.service[74153]: DEBUG dbcounter [-] [74153] Writing DB stats placement:SELECT=21,placement:INSERT=6,placement:DELETE=2,placement:UPDATE=2 {{(pid=74153) stat_writer /opt/stack/data/venv/lib/python3.12/site-packages/dbcounter.py:115}}
Jul 30 17:48:36.458400 np0000032037 devstack@placement-api.service[74152]: DEBUG dbcounter [-] [74152] Writing DB stats placement:SELECT=5 {{(pid=74152) stat_writer /opt/stack/data/venv/lib/python3.12/site-packages/dbcounter.py:115}}
Jul 30 17:49:00.606710 np0000032037 devstack@placement-api.service[74153]: DEBUG placement.requestlog [req-30bc0be1-b370-43ff-8acd-ab5fdf31d161 req-fcf8e874-5c79-4c05-913d-55c80ccd3192 None None] Starting request: 192.168.1.110 "GET /placement/resource_providers/2e102faf-0dbb-420b-b996-7ea852c601a3/allocations" {{(pid=74153) __call__ /opt/stack/placement/placement/requestlog.py:55}}
Jul 30 17:49:00.615344 np0000032037 devstack@placement-api.service[74153]: INFO placement.requestlog [req-30bc0be1-b370-43ff-8acd-ab5fdf31d161 req-fcf8e874-5c79-4c05-913d-55c80ccd3192 service nova] 192.168.1.110 "GET /placement/resource_providers/2e102faf-0dbb-420b-b996-7ea852c601a3/allocations" status: 200 len: 153 microversion: 1.0
Jul 30 17:49:00.615500 np0000032037 devstack@placement-api.service[74153]: [pid: 74153|app: 0|req: 32/63] 192.168.1.110 () {66 vars in 1523 bytes} [Wed Jul 30 17:49:00 2025] GET /placement/resource_providers/2e102faf-0dbb-420b-b996-7ea852c601a3/allocations => generated 153 bytes in 9 msecs (HTTP/1.1 200) 6 headers in 224 bytes (1 switches on core 0)
Jul 30 17:49:00.621082 np0000032037 devstack@placement-api.service[74152]: DEBUG placement.requestlog [req-30bc0be1-b370-43ff-8acd-ab5fdf31d161 req-ebf07a2d-2a4a-43aa-b626-cc25b36d3c70 None None] Starting request: 192.168.1.110 "GET /placement/resource_providers/2e102faf-0dbb-420b-b996-7ea852c601a3/allocations" {{(pid=74152) __call__ /opt/stack/placement/placement/requestlog.py:55}}
Jul 30 17:49:00.627820 np0000032037 devstack@placement-api.service[74152]: INFO placement.requestlog [req-30bc0be1-b370-43ff-8acd-ab5fdf31d161 req-ebf07a2d-2a4a-43aa-b626-cc25b36d3c70 service nova] 192.168.1.110 "GET /placement/resource_providers/2e102faf-0dbb-420b-b996-7ea852c601a3/allocations" status: 200 len: 153 microversion: 1.0
Jul 30 17:49:00.627978 np0000032037 devstack@placement-api.service[74152]: [pid: 74152|app: 0|req: 32/64] 192.168.1.110 () {66 vars in 1523 bytes} [Wed Jul 30 17:49:00 2025] GET /placement/resource_providers/2e102faf-0dbb-420b-b996-7ea852c601a3/allocations => generated 153 bytes in 7 msecs (HTTP/1.1 200) 6 headers in 224 bytes (1 switches on core 0)
Jul 30 17:49:00.632147 np0000032037 devstack@placement-api.service[74153]: DEBUG placement.requestlog [req-30bc0be1-b370-43ff-8acd-ab5fdf31d161 req-22e69f7d-b8f5-40d6-8404-d940f11afa9a None None] Starting request: 192.168.1.110 "GET /placement/allocations/beadb478-0f09-4e50-bb78-b15c1db5b354" {{(pid=74153) __call__ /opt/stack/placement/placement/requestlog.py:55}}
Jul 30 17:49:00.637227 np0000032037 devstack@placement-api.service[74153]: INFO placement.requestlog [req-30bc0be1-b370-43ff-8acd-ab5fdf31d161 req-22e69f7d-b8f5-40d6-8404-d940f11afa9a service nova] 192.168.1.110 "GET /placement/allocations/beadb478-0f09-4e50-bb78-b15c1db5b354" status: 200 len: 258 microversion: 1.28
Jul 30 17:49:00.637370 np0000032037 devstack@placement-api.service[74153]: [pid: 74153|app: 0|req: 33/65] 192.168.1.110 () {68 vars in 1510 bytes} [Wed Jul 30 17:49:00 2025] GET /placement/allocations/beadb478-0f09-4e50-bb78-b15c1db5b354 => generated 258 bytes in 5 msecs (HTTP/1.1 200) 8 headers in 296 bytes (1 switches on core 0)
Jul 30 17:49:10.627564 np0000032037 devstack@placement-api.service[74152]: DEBUG dbcounter [-] [74152] Writing DB stats placement:SELECT=3 {{(pid=74152) stat_writer /opt/stack/data/venv/lib/python3.12/site-packages/dbcounter.py:115}}
Jul 30 17:49:10.636709 np0000032037 devstack@placement-api.service[74153]: DEBUG dbcounter [-] [74153] Writing DB stats placement:SELECT=5 {{(pid=74153) stat_writer /opt/stack/data/venv/lib/python3.12/site-packages/dbcounter.py:115}}
Jul 30 17:50:02.608144 np0000032037 devstack@placement-api.service[74152]: DEBUG placement.requestlog [req-5da75f2e-e8d2-440b-b58c-e7b5692c6d4a req-51417dc3-23e8-4e05-b7e0-039be1647e04 None None] Starting request: 192.168.1.110 "GET /placement/resource_providers/2e102faf-0dbb-420b-b996-7ea852c601a3/allocations" {{(pid=74152) __call__ /opt/stack/placement/placement/requestlog.py:55}}
Jul 30 17:50:02.665911 np0000032037 devstack@placement-api.service[74152]: INFO placement.requestlog [req-5da75f2e-e8d2-440b-b58c-e7b5692c6d4a req-51417dc3-23e8-4e05-b7e0-039be1647e04 service nova] 192.168.1.110 "GET /placement/resource_providers/2e102faf-0dbb-420b-b996-7ea852c601a3/allocations" status: 200 len: 153 microversion: 1.0
Jul 30 17:50:02.666145 np0000032037 devstack@placement-api.service[74152]: [pid: 74152|app: 0|req: 33/66] 192.168.1.110 () {66 vars in 1523 bytes} [Wed Jul 30 17:50:02 2025] GET /placement/resource_providers/2e102faf-0dbb-420b-b996-7ea852c601a3/allocations => generated 153 bytes in 58 msecs (HTTP/1.1 200) 6 headers in 224 bytes (1 switches on core 0)
Jul 30 17:50:02.672071 np0000032037 devstack@placement-api.service[74153]: DEBUG placement.requestlog [req-5da75f2e-e8d2-440b-b58c-e7b5692c6d4a req-432e72f3-58a8-403c-aefa-0feeb4cbae63 None None] Starting request: 192.168.1.110 "GET /placement/resource_providers?in_tree=2e102faf-0dbb-420b-b996-7ea852c601a3" {{(pid=74153) __call__ /opt/stack/placement/placement/requestlog.py:55}}
Jul 30 17:50:02.679876 np0000032037 devstack@placement-api.service[74153]: INFO placement.requestlog [req-5da75f2e-e8d2-440b-b58c-e7b5692c6d4a req-432e72f3-58a8-403c-aefa-0feeb4cbae63 service nova] 192.168.1.110 "GET /placement/resource_providers?in_tree=2e102faf-0dbb-420b-b996-7ea852c601a3" status: 200 len: 861 microversion: 1.14
Jul 30 17:50:02.680121 np0000032037 devstack@placement-api.service[74153]: [pid: 74153|app: 0|req: 34/67] 192.168.1.110 () {68 vars in 1509 bytes} [Wed Jul 30 17:50:02 2025] GET /placement/resource_providers?in_tree=2e102faf-0dbb-420b-b996-7ea852c601a3 => generated 861 bytes in 8 msecs (HTTP/1.1 200) 6 headers in 225 bytes (1 switches on core 0)
Jul 30 17:50:02.684428 np0000032037 devstack@placement-api.service[74152]: DEBUG placement.requestlog [req-5da75f2e-e8d2-440b-b58c-e7b5692c6d4a req-21ad05f6-42d3-454c-a2da-ed84b564c0a6 None None] Starting request: 192.168.1.110 "GET /placement/resource_providers/2e102faf-0dbb-420b-b996-7ea852c601a3/inventories" {{(pid=74152) __call__ /opt/stack/placement/placement/requestlog.py:55}}
Jul 30 17:50:02.690022 np0000032037 devstack@placement-api.service[74152]: INFO placement.requestlog [req-5da75f2e-e8d2-440b-b58c-e7b5692c6d4a req-21ad05f6-42d3-454c-a2da-ed84b564c0a6 service nova] 192.168.1.110 "GET /placement/resource_providers/2e102faf-0dbb-420b-b996-7ea852c601a3/inventories" status: 200 len: 396 microversion: 1.0
Jul 30 17:50:02.690268 np0000032037 devstack@placement-api.service[74152]: [pid: 74152|app: 0|req: 34/68] 192.168.1.110 () {66 vars in 1523 bytes} [Wed Jul 30 17:50:02 2025] GET /placement/resource_providers/2e102faf-0dbb-420b-b996-7ea852c601a3/inventories => generated 396 bytes in 6 msecs (HTTP/1.1 200) 6 headers in 224 bytes (1 switches on core 0)
Jul 30 17:50:02.694598 np0000032037 devstack@placement-api.service[74153]: DEBUG placement.requestlog [req-5da75f2e-e8d2-440b-b58c-e7b5692c6d4a req-bf3eef6d-52b6-4553-9345-c56c25f3cc2a None None] Starting request: 192.168.1.110 "GET /placement/resource_providers/2e102faf-0dbb-420b-b996-7ea852c601a3/aggregates" {{(pid=74153) __call__ /opt/stack/placement/placement/requestlog.py:55}}
Jul 30 17:50:02.699047 np0000032037 devstack@placement-api.service[74153]: INFO placement.requestlog [req-5da75f2e-e8d2-440b-b58c-e7b5692c6d4a req-bf3eef6d-52b6-4553-9345-c56c25f3cc2a service nova] 192.168.1.110 "GET /placement/resource_providers/2e102faf-0dbb-420b-b996-7ea852c601a3/aggregates" status: 200 len: 53 microversion: 1.19
Jul 30 17:50:02.699279 np0000032037 devstack@placement-api.service[74153]: [pid: 74153|app: 0|req: 35/69] 192.168.1.110 () {68 vars in 1564 bytes} [Wed Jul 30 17:50:02 2025] GET /placement/resource_providers/2e102faf-0dbb-420b-b996-7ea852c601a3/aggregates => generated 53 bytes in 5 msecs (HTTP/1.1 200) 8 headers in 295 bytes (1 switches on core 0)
Jul 30 17:50:02.703142 np0000032037 devstack@placement-api.service[74152]: DEBUG placement.requestlog [req-5da75f2e-e8d2-440b-b58c-e7b5692c6d4a req-7eb19006-497f-4f7d-a821-05f36dcb4d5a None None] Starting request: 192.168.1.110 "GET /placement/resource_providers/2e102faf-0dbb-420b-b996-7ea852c601a3/traits" {{(pid=74152) __call__ /opt/stack/placement/placement/requestlog.py:55}}
Jul 30 17:50:02.711541 np0000032037 devstack@placement-api.service[74152]: INFO placement.requestlog [req-5da75f2e-e8d2-440b-b58c-e7b5692c6d4a req-7eb19006-497f-4f7d-a821-05f36dcb4d5a service nova] 192.168.1.110 "GET /placement/resource_providers/2e102faf-0dbb-420b-b996-7ea852c601a3/traits" status: 200 len: 1959 microversion: 1.6
Jul 30 17:50:02.711541 np0000032037 devstack@placement-api.service[74152]: [pid: 74152|app: 0|req: 35/70] 192.168.1.110 () {68 vars in 1551 bytes} [Wed Jul 30 17:50:02 2025] GET /placement/resource_providers/2e102faf-0dbb-420b-b996-7ea852c601a3/traits => generated 1959 bytes in 8 msecs (HTTP/1.1 200) 6 headers in 225 bytes (1 switches on core 0)
Jul 30 17:50:02.715792 np0000032037 devstack@placement-api.service[74153]: DEBUG placement.requestlog [req-5da75f2e-e8d2-440b-b58c-e7b5692c6d4a req-b2c6fe03-60d8-4c9e-909f-0015437deb18 None None] Starting request: 192.168.1.110 "GET /placement/resource_providers/2e102faf-0dbb-420b-b996-7ea852c601a3/allocations" {{(pid=74153) __call__ /opt/stack/placement/placement/requestlog.py:55}}
Jul 30 17:50:02.722242 np0000032037 devstack@placement-api.service[74153]: INFO placement.requestlog [req-5da75f2e-e8d2-440b-b58c-e7b5692c6d4a req-b2c6fe03-60d8-4c9e-909f-0015437deb18 service nova] 192.168.1.110 "GET /placement/resource_providers/2e102faf-0dbb-420b-b996-7ea852c601a3/allocations" status: 200 len: 153 microversion: 1.0
Jul 30 17:50:02.722447 np0000032037 devstack@placement-api.service[74153]: [pid: 74153|app: 0|req: 36/71] 192.168.1.110 () {66 vars in 1523 bytes} [Wed Jul 30 17:50:02 2025] GET /placement/resource_providers/2e102faf-0dbb-420b-b996-7ea852c601a3/allocations => generated 153 bytes in 7 msecs (HTTP/1.1 200) 6 headers in 224 bytes (1 switches on core 0)
Jul 30 17:50:02.726070 np0000032037 devstack@placement-api.service[74152]: DEBUG placement.requestlog [req-5da75f2e-e8d2-440b-b58c-e7b5692c6d4a req-5427304f-2da2-487f-b44b-f7f190a1056f None None] Starting request: 192.168.1.110 "GET /placement/allocations/beadb478-0f09-4e50-bb78-b15c1db5b354" {{(pid=74152) __call__ /opt/stack/placement/placement/requestlog.py:55}}
Jul 30 17:50:02.730725 np0000032037 devstack@placement-api.service[74152]: INFO placement.requestlog [req-5da75f2e-e8d2-440b-b58c-e7b5692c6d4a req-5427304f-2da2-487f-b44b-f7f190a1056f service nova] 192.168.1.110 "GET /placement/allocations/beadb478-0f09-4e50-bb78-b15c1db5b354" status: 200 len: 258 microversion: 1.28
Jul 30 17:50:02.730725 np0000032037 devstack@placement-api.service[74152]: [pid: 74152|app: 0|req: 36/72] 192.168.1.110 () {68 vars in 1510 bytes} [Wed Jul 30 17:50:02 2025] GET /placement/allocations/beadb478-0f09-4e50-bb78-b15c1db5b354 => generated 258 bytes in 4 msecs (HTTP/1.1 200) 8 headers in 296 bytes (1 switches on core 0)
Jul 30 17:50:12.721537 np0000032037 devstack@placement-api.service[74153]: DEBUG dbcounter [-] [74153] Writing DB stats placement:SELECT=7 {{(pid=74153) stat_writer /opt/stack/data/venv/lib/python3.12/site-packages/dbcounter.py:115}}
Jul 30 17:50:12.729924 np0000032037 devstack@placement-api.service[74152]: DEBUG dbcounter [-] [74152] Writing DB stats placement:SELECT=11 {{(pid=74152) stat_writer /opt/stack/data/venv/lib/python3.12/site-packages/dbcounter.py:115}}
Jul 30 17:50:38.849950 np0000032037 devstack@placement-api.service[74153]: DEBUG placement.requestlog [req-6b2bb3fe-6d01-42c9-9907-d393833e5d32 req-79e8eda2-4f89-4268-86f3-21c4c7fe21ff None None] Starting request: 192.168.1.110 "GET /placement/resource_providers/2e102faf-0dbb-420b-b996-7ea852c601a3/allocations" {{(pid=74153) __call__ /opt/stack/placement/placement/requestlog.py:55}}
Jul 30 17:50:38.857531 np0000032037 devstack@placement-api.service[74153]: INFO placement.requestlog [req-6b2bb3fe-6d01-42c9-9907-d393833e5d32 req-79e8eda2-4f89-4268-86f3-21c4c7fe21ff service nova] 192.168.1.110 "GET /placement/resource_providers/2e102faf-0dbb-420b-b996-7ea852c601a3/allocations" status: 200 len: 153 microversion: 1.0
Jul 30 17:50:38.857685 np0000032037 devstack@placement-api.service[74153]: [pid: 74153|app: 0|req: 37/73] 192.168.1.110 () {66 vars in 1523 bytes} [Wed Jul 30 17:50:38 2025] GET /placement/resource_providers/2e102faf-0dbb-420b-b996-7ea852c601a3/allocations => generated 153 bytes in 8 msecs (HTTP/1.1 200) 6 headers in 224 bytes (1 switches on core 0)
Jul 30 17:50:38.861869 np0000032037 devstack@placement-api.service[74152]: DEBUG placement.requestlog [req-6b2bb3fe-6d01-42c9-9907-d393833e5d32 req-45f9b569-0cb2-41a1-bc42-9acbff642958 None None] Starting request: 192.168.1.110 "GET /placement/allocations/beadb478-0f09-4e50-bb78-b15c1db5b354" {{(pid=74152) __call__ /opt/stack/placement/placement/requestlog.py:55}}
Jul 30 17:50:38.866928 np0000032037 devstack@placement-api.service[74152]: INFO placement.requestlog [req-6b2bb3fe-6d01-42c9-9907-d393833e5d32 req-45f9b569-0cb2-41a1-bc42-9acbff642958 service nova] 192.168.1.110 "GET /placement/allocations/beadb478-0f09-4e50-bb78-b15c1db5b354" status: 200 len: 258 microversion: 1.28
Jul 30 17:50:38.867089 np0000032037 devstack@placement-api.service[74152]: [pid: 74152|app: 0|req: 37/74] 192.168.1.110 () {68 vars in 1510 bytes} [Wed Jul 30 17:50:38 2025] GET /placement/allocations/beadb478-0f09-4e50-bb78-b15c1db5b354 => generated 258 bytes in 5 msecs (HTTP/1.1 200) 8 headers in 296 bytes (1 switches on core 0)
Jul 30 17:50:39.881330 np0000032037 devstack@placement-api.service[74153]: DEBUG placement.requestlog [req-6b2bb3fe-6d01-42c9-9907-d393833e5d32 req-6010051e-9d8a-4774-a81a-e3ba2e895892 None None] Starting request: 192.168.1.110 "DELETE /placement/allocations/beadb478-0f09-4e50-bb78-b15c1db5b354" {{(pid=74153) __call__ /opt/stack/placement/placement/requestlog.py:55}}
Jul 30 17:50:39.894950 np0000032037 devstack@placement-api.service[74153]: DEBUG placement.handlers.allocation [req-6b2bb3fe-6d01-42c9-9907-d393833e5d32 req-6010051e-9d8a-4774-a81a-e3ba2e895892 service nova] Successfully deleted allocations [<placement.objects.allocation.Allocation object at 0x7122fe723e00>, <placement.objects.allocation.Allocation object at 0x7122fe720650>, <placement.objects.allocation.Allocation object at 0x7122fe723170>] {{(pid=74153) delete_allocations /opt/stack/placement/placement/handlers/allocation.py:627}}
Jul 30 17:50:39.895152 np0000032037 devstack@placement-api.service[74153]: INFO placement.requestlog [req-6b2bb3fe-6d01-42c9-9907-d393833e5d32 req-6010051e-9d8a-4774-a81a-e3ba2e895892 service nova] 192.168.1.110 "DELETE /placement/allocations/beadb478-0f09-4e50-bb78-b15c1db5b354" status: 204 len: 0 microversion: 1.0
Jul 30 17:50:39.895304 np0000032037 devstack@placement-api.service[74153]: [pid: 74153|app: 0|req: 38/75] 192.168.1.110 () {68 vars in 1488 bytes} [Wed Jul 30 17:50:39 2025] DELETE /placement/allocations/beadb478-0f09-4e50-bb78-b15c1db5b354 => generated 0 bytes in 14 msecs (HTTP/1.1 204) 5 headers in 198 bytes (1 switches on core 0)
Jul 30 17:50:42.426677 np0000032037 devstack@placement-api.service[74152]: DEBUG placement.requestlog [None req-f47c321e-b69d-4ce8-a9eb-0210b21b2097 None None] Starting request: 192.168.1.110 "GET /placement/resource_providers/e3555f1b-b3c8-41b7-a03a-4f78a37721bc/aggregates" {{(pid=74152) __call__ /opt/stack/placement/placement/requestlog.py:55}}
Jul 30 17:50:42.430763 np0000032037 devstack@placement-api.service[74152]: INFO placement.requestlog [None req-f47c321e-b69d-4ce8-a9eb-0210b21b2097 service placement] 192.168.1.110 "GET /placement/resource_providers/e3555f1b-b3c8-41b7-a03a-4f78a37721bc/aggregates" status: 404 len: 235 microversion: 1.1
Jul 30 17:50:42.431167 np0000032037 devstack@placement-api.service[74152]: [pid: 74152|app: 0|req: 38/76] 192.168.1.110 () {66 vars in 1485 bytes} [Wed Jul 30 17:50:42 2025] GET /placement/resource_providers/e3555f1b-b3c8-41b7-a03a-4f78a37721bc/aggregates => generated 235 bytes in 4 msecs (HTTP/1.1 404) 5 headers in 202 bytes (1 switches on core 0)
Jul 30 17:50:42.435854 np0000032037 devstack@placement-api.service[74153]: DEBUG placement.requestlog [None req-190fbfe5-044a-4f56-8eb6-b12de044be96 None None] Starting request: 192.168.1.110 "DELETE /placement/resource_providers/e3555f1b-b3c8-41b7-a03a-4f78a37721bc" {{(pid=74153) __call__ /opt/stack/placement/placement/requestlog.py:55}}
Jul 30 17:50:42.442374 np0000032037 devstack@placement-api.service[74153]: DEBUG placement.wsgi_wrapper [None req-190fbfe5-044a-4f56-8eb6-b12de044be96 service placement] Placement API returning an error response: No resource provider with uuid e3555f1b-b3c8-41b7-a03a-4f78a37721bc found for delete {{(pid=74153) call_func /opt/stack/placement/placement/wsgi_wrapper.py:31}}
Jul 30 17:50:42.442702 np0000032037 devstack@placement-api.service[74153]: INFO placement.requestlog [None req-190fbfe5-044a-4f56-8eb6-b12de044be96 service placement] 192.168.1.110 "DELETE /placement/resource_providers/e3555f1b-b3c8-41b7-a03a-4f78a37721bc" status: 404 len: 246 microversion: 1.1
Jul 30 17:50:42.442854 np0000032037 devstack@placement-api.service[74153]: [pid: 74153|app: 0|req: 39/77] 192.168.1.110 () {68 vars in 1474 bytes} [Wed Jul 30 17:50:42 2025] DELETE /placement/resource_providers/e3555f1b-b3c8-41b7-a03a-4f78a37721bc => generated 246 bytes in 7 msecs (HTTP/1.1 404) 6 headers in 231 bytes (1 switches on core 0)
Jul 30 17:50:46.093121 np0000032037 devstack@placement-api.service[74152]: DEBUG placement.requestlog [req-0983fc32-e59b-4ec0-b5d8-be42ed3b9d28 req-a7db0874-0aa6-4279-871a-ef6f515e06fb None None] Starting request: 192.168.1.110 "GET /placement/allocation_candidates?limit=1000&resources=DISK_GB%3A5%2CMEMORY_MB%3A1024%2CVCPU%3A1&root_required=%21COMPUTE_STATUS_DISABLED" {{(pid=74152) __call__ /opt/stack/placement/placement/requestlog.py:55}}
Jul 30 17:50:46.126269 np0000032037 devstack@placement-api.service[74152]: DEBUG placement.objects.research_context [req-0983fc32-e59b-4ec0-b5d8-be42ed3b9d28 req-a7db0874-0aa6-4279-871a-ef6f515e06fb service nova] getting providers with 5 DISK_GB {{(pid=74152) __init__ /opt/stack/placement/placement/objects/research_context.py:137}}
Jul 30 17:50:46.130048 np0000032037 devstack@placement-api.service[74152]: DEBUG placement.objects.research_context [req-0983fc32-e59b-4ec0-b5d8-be42ed3b9d28 req-a7db0874-0aa6-4279-871a-ef6f515e06fb service nova] getting providers with 1024 MEMORY_MB {{(pid=74152) __init__ /opt/stack/placement/placement/objects/research_context.py:137}}
Jul 30 17:50:46.132022 np0000032037 devstack@placement-api.service[74152]: DEBUG placement.objects.research_context [req-0983fc32-e59b-4ec0-b5d8-be42ed3b9d28 req-a7db0874-0aa6-4279-871a-ef6f515e06fb service nova] getting providers with 1 VCPU {{(pid=74152) __init__ /opt/stack/placement/placement/objects/research_context.py:137}}
Jul 30 17:50:46.134100 np0000032037 devstack@placement-api.service[74152]: DEBUG placement.objects.research_context [req-0983fc32-e59b-4ec0-b5d8-be42ed3b9d28 req-a7db0874-0aa6-4279-871a-ef6f515e06fb service nova] found 1 providers with available 5 DISK_GB {{(pid=74152) get_provider_ids_matching /opt/stack/placement/placement/objects/research_context.py:569}}
Jul 30 17:50:46.134193 np0000032037 devstack@placement-api.service[74152]: DEBUG placement.objects.research_context [req-0983fc32-e59b-4ec0-b5d8-be42ed3b9d28 req-a7db0874-0aa6-4279-871a-ef6f515e06fb service nova] found 1 providers with available 1024 MEMORY_MB {{(pid=74152) get_provider_ids_matching /opt/stack/placement/placement/objects/research_context.py:569}}
Jul 30 17:50:46.134373 np0000032037 devstack@placement-api.service[74152]: DEBUG placement.objects.research_context [req-0983fc32-e59b-4ec0-b5d8-be42ed3b9d28 req-a7db0874-0aa6-4279-871a-ef6f515e06fb service nova] found 1 providers after filtering by previous result {{(pid=74152) get_provider_ids_matching /opt/stack/placement/placement/objects/research_context.py:600}}
Jul 30 17:50:46.134435 np0000032037 devstack@placement-api.service[74152]: DEBUG placement.objects.research_context [req-0983fc32-e59b-4ec0-b5d8-be42ed3b9d28 req-a7db0874-0aa6-4279-871a-ef6f515e06fb service nova] found 1 providers with available 1 VCPU {{(pid=74152) get_provider_ids_matching /opt/stack/placement/placement/objects/research_context.py:569}}
Jul 30 17:50:46.134495 np0000032037 devstack@placement-api.service[74152]: DEBUG placement.objects.research_context [req-0983fc32-e59b-4ec0-b5d8-be42ed3b9d28 req-a7db0874-0aa6-4279-871a-ef6f515e06fb service nova] found 1 providers after filtering by previous result {{(pid=74152) get_provider_ids_matching /opt/stack/placement/placement/objects/research_context.py:600}}
Jul 30 17:50:46.141028 np0000032037 devstack@placement-api.service[74152]: DEBUG placement.objects.allocation_candidate [req-0983fc32-e59b-4ec0-b5d8-be42ed3b9d28 req-a7db0874-0aa6-4279-871a-ef6f515e06fb service nova] RequestGroup(use_same_provider=False, resources={DISK_GB:5, MEMORY_MB:1024, VCPU:1}, traits=(), aggregates=[]) (suffix '') returned 1 matches {{(pid=74152) _get_by_requests /opt/stack/placement/placement/objects/allocation_candidate.py:157}}
Jul 30 17:50:46.141266 np0000032037 devstack@placement-api.service[74152]: DEBUG placement.objects.allocation_candidate [req-0983fc32-e59b-4ec0-b5d8-be42ed3b9d28 req-a7db0874-0aa6-4279-871a-ef6f515e06fb service nova] Merging candidates yields 1 allocation requests and 1 provider summaries {{(pid=74152) _merge_candidates /opt/stack/placement/placement/objects/allocation_candidate.py:841}}
Jul 30 17:50:46.142065 np0000032037 devstack@placement-api.service[74152]: INFO placement.requestlog [req-0983fc32-e59b-4ec0-b5d8-be42ed3b9d28 req-a7db0874-0aa6-4279-871a-ef6f515e06fb service nova] 192.168.1.110 "GET /placement/allocation_candidates?limit=1000&resources=DISK_GB%3A5%2CMEMORY_MB%3A1024%2CVCPU%3A1&root_required=%21COMPUTE_STATUS_DISABLED" status: 200 len: 2424 microversion: 1.36
Jul 30 17:50:46.142310 np0000032037 devstack@placement-api.service[74152]: [pid: 74152|app: 0|req: 39/78] 192.168.1.110 () {68 vars in 1638 bytes} [Wed Jul 30 17:50:46 2025] GET /placement/allocation_candidates?limit=1000&resources=DISK_GB%3A5%2CMEMORY_MB%3A1024%2CVCPU%3A1&root_required=%21COMPUTE_STATUS_DISABLED => generated 2424 bytes in 49 msecs (HTTP/1.1 200) 8 headers in 297 bytes (1 switches on core 0)
Jul 30 17:50:46.159197 np0000032037 devstack@placement-api.service[74153]: DEBUG placement.requestlog [req-0983fc32-e59b-4ec0-b5d8-be42ed3b9d28 req-62ae7051-5c84-46f9-8e16-836ed9f8480d None None] Starting request: 192.168.1.110 "GET /placement/allocations/e22c6976-775a-413e-a03f-8c197fa4961c" {{(pid=74153) __call__ /opt/stack/placement/placement/requestlog.py:55}}
Jul 30 17:50:46.163384 np0000032037 devstack@placement-api.service[74153]: INFO placement.requestlog [req-0983fc32-e59b-4ec0-b5d8-be42ed3b9d28 req-62ae7051-5c84-46f9-8e16-836ed9f8480d service nova] 192.168.1.110 "GET /placement/allocations/e22c6976-775a-413e-a03f-8c197fa4961c" status: 200 len: 19 microversion: 1.28
Jul 30 17:50:46.163540 np0000032037 devstack@placement-api.service[74153]: [pid: 74153|app: 0|req: 40/79] 192.168.1.110 () {68 vars in 1512 bytes} [Wed Jul 30 17:50:46 2025] GET /placement/allocations/e22c6976-775a-413e-a03f-8c197fa4961c => generated 19 bytes in 4 msecs (HTTP/1.1 200) 8 headers in 295 bytes (1 switches on core 0)
Jul 30 17:50:46.168053 np0000032037 devstack@placement-api.service[74152]: DEBUG placement.requestlog [req-0983fc32-e59b-4ec0-b5d8-be42ed3b9d28 req-2c167712-4ea5-444e-a168-e0a722cd55ae None None] Starting request: 192.168.1.110 "PUT /placement/allocations/e22c6976-775a-413e-a03f-8c197fa4961c" {{(pid=74152) __call__ /opt/stack/placement/placement/requestlog.py:55}}
Jul 30 17:50:46.197429 np0000032037 devstack@placement-api.service[74152]: DEBUG placement.handlers.allocation [req-0983fc32-e59b-4ec0-b5d8-be42ed3b9d28 req-2c167712-4ea5-444e-a168-e0a722cd55ae service nova] Successfully wrote allocations [<placement.objects.allocation.Allocation object at 0x7122fe691700>, <placement.objects.allocation.Allocation object at 0x7122ff0e7f80>, <placement.objects.allocation.Allocation object at 0x7122ff00bce0>] {{(pid=74152) _update_consumers_and_create_allocations /opt/stack/placement/placement/handlers/allocation.py:462}}
Jul 30 17:50:46.199797 np0000032037 devstack@placement-api.service[74152]: INFO placement.requestlog [req-0983fc32-e59b-4ec0-b5d8-be42ed3b9d28 req-2c167712-4ea5-444e-a168-e0a722cd55ae service nova] 192.168.1.110 "PUT /placement/allocations/e22c6976-775a-413e-a03f-8c197fa4961c" status: 204 len: 0 microversion: 1.36
Jul 30 17:50:46.199968 np0000032037 devstack@placement-api.service[74152]: [pid: 74152|app: 0|req: 40/80] 192.168.1.110 () {72 vars in 1565 bytes} [Wed Jul 30 17:50:46 2025] PUT /placement/allocations/e22c6976-775a-413e-a03f-8c197fa4961c => generated 0 bytes in 32 msecs (HTTP/1.1 204) 5 headers in 199 bytes (1 switches on core 0)
Jul 30 17:50:47.663167 np0000032037 devstack@placement-api.service[74153]: DEBUG placement.requestlog [req-0983fc32-e59b-4ec0-b5d8-be42ed3b9d28 req-a6b54198-65a7-44c9-930f-c8c9651daaff None None] Starting request: 192.168.1.110 "GET /placement/allocations/e22c6976-775a-413e-a03f-8c197fa4961c" {{(pid=74153) __call__ /opt/stack/placement/placement/requestlog.py:55}}
Jul 30 17:50:47.668245 np0000032037 devstack@placement-api.service[74153]: INFO placement.requestlog [req-0983fc32-e59b-4ec0-b5d8-be42ed3b9d28 req-a6b54198-65a7-44c9-930f-c8c9651daaff service nova] 192.168.1.110 "GET /placement/allocations/e22c6976-775a-413e-a03f-8c197fa4961c" status: 200 len: 258 microversion: 1.28
Jul 30 17:50:47.668497 np0000032037 devstack@placement-api.service[74153]: [pid: 74153|app: 0|req: 41/81] 192.168.1.110 () {68 vars in 1510 bytes} [Wed Jul 30 17:50:47 2025] GET /placement/allocations/e22c6976-775a-413e-a03f-8c197fa4961c => generated 258 bytes in 5 msecs (HTTP/1.1 200) 8 headers in 296 bytes (1 switches on core 0)
Jul 30 17:50:48.681571 np0000032037 devstack@placement-api.service[74152]: DEBUG placement.requestlog [req-0983fc32-e59b-4ec0-b5d8-be42ed3b9d28 req-80386c88-c6d5-4702-9dc5-34bdd2311929 None None] Starting request: 192.168.1.110 "GET /placement/resource_providers/2e102faf-0dbb-420b-b996-7ea852c601a3/allocations" {{(pid=74152) __call__ /opt/stack/placement/placement/requestlog.py:55}}
Jul 30 17:50:48.688292 np0000032037 devstack@placement-api.service[74152]: INFO placement.requestlog [req-0983fc32-e59b-4ec0-b5d8-be42ed3b9d28 req-80386c88-c6d5-4702-9dc5-34bdd2311929 service nova] 192.168.1.110 "GET /placement/resource_providers/2e102faf-0dbb-420b-b996-7ea852c601a3/allocations" status: 200 len: 153 microversion: 1.0
Jul 30 17:50:48.688447 np0000032037 devstack@placement-api.service[74152]: [pid: 74152|app: 0|req: 41/82] 192.168.1.110 () {66 vars in 1523 bytes} [Wed Jul 30 17:50:48 2025] GET /placement/resource_providers/2e102faf-0dbb-420b-b996-7ea852c601a3/allocations => generated 153 bytes in 7 msecs (HTTP/1.1 200) 6 headers in 224 bytes (1 switches on core 0)
Jul 30 17:50:48.692788 np0000032037 devstack@placement-api.service[74153]: DEBUG placement.requestlog [req-0983fc32-e59b-4ec0-b5d8-be42ed3b9d28 req-ea0832bb-1090-46d1-8023-5f26ee83601d None None] Starting request: 192.168.1.110 "GET /placement/allocations/e22c6976-775a-413e-a03f-8c197fa4961c" {{(pid=74153) __call__ /opt/stack/placement/placement/requestlog.py:55}}
Jul 30 17:50:48.697997 np0000032037 devstack@placement-api.service[74153]: INFO placement.requestlog [req-0983fc32-e59b-4ec0-b5d8-be42ed3b9d28 req-ea0832bb-1090-46d1-8023-5f26ee83601d service nova] 192.168.1.110 "GET /placement/allocations/e22c6976-775a-413e-a03f-8c197fa4961c" status: 200 len: 258 microversion: 1.28
Jul 30 17:50:48.698166 np0000032037 devstack@placement-api.service[74153]: [pid: 74153|app: 0|req: 42/83] 192.168.1.110 () {68 vars in 1510 bytes} [Wed Jul 30 17:50:48 2025] GET /placement/allocations/e22c6976-775a-413e-a03f-8c197fa4961c => generated 258 bytes in 5 msecs (HTTP/1.1 200) 8 headers in 296 bytes (1 switches on core 0)
Jul 30 17:50:58.687998 np0000032037 devstack@placement-api.service[74152]: DEBUG dbcounter [-] [74152] Writing DB stats placement:SELECT=24,placement:INSERT=4,placement:DELETE=2,placement:UPDATE=2 {{(pid=74152) stat_writer /opt/stack/data/venv/lib/python3.12/site-packages/dbcounter.py:115}}
Jul 30 17:50:58.697271 np0000032037 devstack@placement-api.service[74153]: DEBUG dbcounter [-] [74153] Writing DB stats placement:SELECT=12,placement:DELETE=2 {{(pid=74153) stat_writer /opt/stack/data/venv/lib/python3.12/site-packages/dbcounter.py:115}}
Jul 30 17:51:02.600053 np0000032037 devstack@placement-api.service[74152]: DEBUG placement.requestlog [req-cdefaaaf-8142-4e63-80e2-5f3b220e834b req-fbf1d265-fdfb-4f56-8d22-c587834120ef None None] Starting request: 192.168.1.110 "GET /placement/resource_providers/2e102faf-0dbb-420b-b996-7ea852c601a3/allocations" {{(pid=74152) __call__ /opt/stack/placement/placement/requestlog.py:55}}
Jul 30 17:51:02.607010 np0000032037 devstack@placement-api.service[74152]: INFO placement.requestlog [req-cdefaaaf-8142-4e63-80e2-5f3b220e834b req-fbf1d265-fdfb-4f56-8d22-c587834120ef service nova] 192.168.1.110 "GET /placement/resource_providers/2e102faf-0dbb-420b-b996-7ea852c601a3/allocations" status: 200 len: 153 microversion: 1.0
Jul 30 17:51:02.607176 np0000032037 devstack@placement-api.service[74152]: [pid: 74152|app: 0|req: 42/84] 192.168.1.110 () {66 vars in 1523 bytes} [Wed Jul 30 17:51:02 2025] GET /placement/resource_providers/2e102faf-0dbb-420b-b996-7ea852c601a3/allocations => generated 153 bytes in 7 msecs (HTTP/1.1 200) 6 headers in 224 bytes (1 switches on core 0)
Jul 30 17:51:02.612589 np0000032037 devstack@placement-api.service[74153]: DEBUG placement.requestlog [req-cdefaaaf-8142-4e63-80e2-5f3b220e834b req-b12b1472-149e-470c-a2ae-d0df44368d8c None None] Starting request: 192.168.1.110 "GET /placement/resource_providers/2e102faf-0dbb-420b-b996-7ea852c601a3/allocations" {{(pid=74153) __call__ /opt/stack/placement/placement/requestlog.py:55}}
Jul 30 17:51:02.619363 np0000032037 devstack@placement-api.service[74153]: INFO placement.requestlog [req-cdefaaaf-8142-4e63-80e2-5f3b220e834b req-b12b1472-149e-470c-a2ae-d0df44368d8c service nova] 192.168.1.110 "GET /placement/resource_providers/2e102faf-0dbb-420b-b996-7ea852c601a3/allocations" status: 200 len: 153 microversion: 1.0
Jul 30 17:51:02.619516 np0000032037 devstack@placement-api.service[74153]: [pid: 74153|app: 0|req: 43/85] 192.168.1.110 () {66 vars in 1523 bytes} [Wed Jul 30 17:51:02 2025] GET /placement/resource_providers/2e102faf-0dbb-420b-b996-7ea852c601a3/allocations => generated 153 bytes in 7 msecs (HTTP/1.1 200) 6 headers in 224 bytes (1 switches on core 0)
Jul 30 17:51:02.623412 np0000032037 devstack@placement-api.service[74152]: DEBUG placement.requestlog [req-cdefaaaf-8142-4e63-80e2-5f3b220e834b req-5ddfc223-8fea-4cdf-bf60-19fea2cbf8d8 None None] Starting request: 192.168.1.110 "GET /placement/allocations/e22c6976-775a-413e-a03f-8c197fa4961c" {{(pid=74152) __call__ /opt/stack/placement/placement/requestlog.py:55}}
Jul 30 17:51:02.627891 np0000032037 devstack@placement-api.service[74152]: INFO placement.requestlog [req-cdefaaaf-8142-4e63-80e2-5f3b220e834b req-5ddfc223-8fea-4cdf-bf60-19fea2cbf8d8 service nova] 192.168.1.110 "GET /placement/allocations/e22c6976-775a-413e-a03f-8c197fa4961c" status: 200 len: 258 microversion: 1.28
Jul 30 17:51:02.628032 np0000032037 devstack@placement-api.service[74152]: [pid: 74152|app: 0|req: 43/86] 192.168.1.110 () {68 vars in 1510 bytes} [Wed Jul 30 17:51:02 2025] GET /placement/allocations/e22c6976-775a-413e-a03f-8c197fa4961c => generated 258 bytes in 4 msecs (HTTP/1.1 200) 8 headers in 296 bytes (1 switches on core 0)
Jul 30 17:51:12.618661 np0000032037 devstack@placement-api.service[74153]: DEBUG dbcounter [-] [74153] Writing DB stats placement:SELECT=3 {{(pid=74153) stat_writer /opt/stack/data/venv/lib/python3.12/site-packages/dbcounter.py:115}}
Jul 30 17:51:12.627213 np0000032037 devstack@placement-api.service[74152]: DEBUG dbcounter [-] [74152] Writing DB stats placement:SELECT=5 {{(pid=74152) stat_writer /opt/stack/data/venv/lib/python3.12/site-packages/dbcounter.py:115}}
Jul 30 17:52:03.596950 np0000032037 devstack@placement-api.service[74153]: DEBUG placement.requestlog [req-899484ab-59a9-4a0d-ac34-23800667fd2b req-b2d5c7f8-04ce-412f-9c53-ad9aa530ff35 None None] Starting request: 192.168.1.110 "GET /placement/resource_providers/2e102faf-0dbb-420b-b996-7ea852c601a3/allocations" {{(pid=74153) __call__ /opt/stack/placement/placement/requestlog.py:55}}
Jul 30 17:52:03.604269 np0000032037 devstack@placement-api.service[74153]: INFO placement.requestlog [req-899484ab-59a9-4a0d-ac34-23800667fd2b req-b2d5c7f8-04ce-412f-9c53-ad9aa530ff35 service nova] 192.168.1.110 "GET /placement/resource_providers/2e102faf-0dbb-420b-b996-7ea852c601a3/allocations" status: 200 len: 153 microversion: 1.0
Jul 30 17:52:03.604269 np0000032037 devstack@placement-api.service[74153]: [pid: 74153|app: 0|req: 44/87] 192.168.1.110 () {66 vars in 1523 bytes} [Wed Jul 30 17:52:03 2025] GET /placement/resource_providers/2e102faf-0dbb-420b-b996-7ea852c601a3/allocations => generated 153 bytes in 8 msecs (HTTP/1.1 200) 6 headers in 224 bytes (1 switches on core 0)
Jul 30 17:52:03.609849 np0000032037 devstack@placement-api.service[74152]: DEBUG placement.requestlog [req-899484ab-59a9-4a0d-ac34-23800667fd2b req-c2175675-46ef-4249-8214-9b3911ecb205 None None] Starting request: 192.168.1.110 "GET /placement/resource_providers/2e102faf-0dbb-420b-b996-7ea852c601a3/allocations" {{(pid=74152) __call__ /opt/stack/placement/placement/requestlog.py:55}}
Jul 30 17:52:03.616387 np0000032037 devstack@placement-api.service[74152]: INFO placement.requestlog [req-899484ab-59a9-4a0d-ac34-23800667fd2b req-c2175675-46ef-4249-8214-9b3911ecb205 service nova] 192.168.1.110 "GET /placement/resource_providers/2e102faf-0dbb-420b-b996-7ea852c601a3/allocations" status: 200 len: 153 microversion: 1.0
Jul 30 17:52:03.616636 np0000032037 devstack@placement-api.service[74152]: [pid: 74152|app: 0|req: 44/88] 192.168.1.110 () {66 vars in 1523 bytes} [Wed Jul 30 17:52:03 2025] GET /placement/resource_providers/2e102faf-0dbb-420b-b996-7ea852c601a3/allocations => generated 153 bytes in 7 msecs (HTTP/1.1 200) 6 headers in 224 bytes (1 switches on core 0)
Jul 30 17:52:03.620559 np0000032037 devstack@placement-api.service[74153]: DEBUG placement.requestlog [req-899484ab-59a9-4a0d-ac34-23800667fd2b req-413a718b-0a87-46ec-96a6-eefb0b13c9e4 None None] Starting request: 192.168.1.110 "GET /placement/allocations/e22c6976-775a-413e-a03f-8c197fa4961c" {{(pid=74153) __call__ /opt/stack/placement/placement/requestlog.py:55}}
Jul 30 17:52:03.625248 np0000032037 devstack@placement-api.service[74153]: INFO placement.requestlog [req-899484ab-59a9-4a0d-ac34-23800667fd2b req-413a718b-0a87-46ec-96a6-eefb0b13c9e4 service nova] 192.168.1.110 "GET /placement/allocations/e22c6976-775a-413e-a03f-8c197fa4961c" status: 200 len: 258 microversion: 1.28
Jul 30 17:52:03.625475 np0000032037 devstack@placement-api.service[74153]: [pid: 74153|app: 0|req: 45/89] 192.168.1.110 () {68 vars in 1510 bytes} [Wed Jul 30 17:52:03 2025] GET /placement/allocations/e22c6976-775a-413e-a03f-8c197fa4961c => generated 258 bytes in 5 msecs (HTTP/1.1 200) 8 headers in 296 bytes (1 switches on core 0)
Jul 30 17:52:13.616125 np0000032037 devstack@placement-api.service[74152]: DEBUG dbcounter [-] [74152] Writing DB stats placement:SELECT=3 {{(pid=74152) stat_writer /opt/stack/data/venv/lib/python3.12/site-packages/dbcounter.py:115}}
Jul 30 17:52:13.624781 np0000032037 devstack@placement-api.service[74153]: DEBUG dbcounter [-] [74153] Writing DB stats placement:SELECT=5 {{(pid=74153) stat_writer /opt/stack/data/venv/lib/python3.12/site-packages/dbcounter.py:115}}
Jul 30 17:53:01.243453 np0000032037 devstack@placement-api.service[74152]: DEBUG placement.requestlog [req-163ec4df-2cef-479f-85e7-48813f1e4073 req-3f18a7ba-47d6-4efa-9e71-c7ac47164046 None None] Starting request: 192.168.1.110 "GET /placement/resource_providers/2e102faf-0dbb-420b-b996-7ea852c601a3/allocations" {{(pid=74152) __call__ /opt/stack/placement/placement/requestlog.py:55}}
Jul 30 17:53:01.250381 np0000032037 devstack@placement-api.service[74152]: INFO placement.requestlog [req-163ec4df-2cef-479f-85e7-48813f1e4073 req-3f18a7ba-47d6-4efa-9e71-c7ac47164046 service nova] 192.168.1.110 "GET /placement/resource_providers/2e102faf-0dbb-420b-b996-7ea852c601a3/allocations" status: 200 len: 153 microversion: 1.0
Jul 30 17:53:01.250544 np0000032037 devstack@placement-api.service[74152]: [pid: 74152|app: 0|req: 45/90] 192.168.1.110 () {66 vars in 1523 bytes} [Wed Jul 30 17:53:01 2025] GET /placement/resource_providers/2e102faf-0dbb-420b-b996-7ea852c601a3/allocations => generated 153 bytes in 7 msecs (HTTP/1.1 200) 6 headers in 224 bytes (1 switches on core 0)
Jul 30 17:53:01.254927 np0000032037 devstack@placement-api.service[74153]: DEBUG placement.requestlog [req-163ec4df-2cef-479f-85e7-48813f1e4073 req-3ef2b5e6-74c0-4fec-8907-4134d084ced5 None None] Starting request: 192.168.1.110 "GET /placement/allocations/e22c6976-775a-413e-a03f-8c197fa4961c" {{(pid=74153) __call__ /opt/stack/placement/placement/requestlog.py:55}}
Jul 30 17:53:01.260257 np0000032037 devstack@placement-api.service[74153]: INFO placement.requestlog [req-163ec4df-2cef-479f-85e7-48813f1e4073 req-3ef2b5e6-74c0-4fec-8907-4134d084ced5 service nova] 192.168.1.110 "GET /placement/allocations/e22c6976-775a-413e-a03f-8c197fa4961c" status: 200 len: 258 microversion: 1.28
Jul 30 17:53:01.260494 np0000032037 devstack@placement-api.service[74153]: [pid: 74153|app: 0|req: 46/91] 192.168.1.110 () {68 vars in 1510 bytes} [Wed Jul 30 17:53:01 2025] GET /placement/allocations/e22c6976-775a-413e-a03f-8c197fa4961c => generated 258 bytes in 6 msecs (HTTP/1.1 200) 8 headers in 296 bytes (1 switches on core 0)
Jul 30 17:53:02.275089 np0000032037 devstack@placement-api.service[74152]: DEBUG placement.requestlog [req-163ec4df-2cef-479f-85e7-48813f1e4073 req-9d251f72-18d1-4779-b552-e9a9e629623b None None] Starting request: 192.168.1.110 "DELETE /placement/allocations/e22c6976-775a-413e-a03f-8c197fa4961c" {{(pid=74152) __call__ /opt/stack/placement/placement/requestlog.py:55}}
Jul 30 17:53:02.287940 np0000032037 devstack@placement-api.service[74152]: DEBUG placement.handlers.allocation [req-163ec4df-2cef-479f-85e7-48813f1e4073 req-9d251f72-18d1-4779-b552-e9a9e629623b service nova] Successfully deleted allocations [<placement.objects.allocation.Allocation object at 0x7122ff072c90>, <placement.objects.allocation.Allocation object at 0x7122ff0702c0>, <placement.objects.allocation.Allocation object at 0x7122ff073a70>] {{(pid=74152) delete_allocations /opt/stack/placement/placement/handlers/allocation.py:627}}
Jul 30 17:53:02.287940 np0000032037 devstack@placement-api.service[74152]: INFO placement.requestlog [req-163ec4df-2cef-479f-85e7-48813f1e4073 req-9d251f72-18d1-4779-b552-e9a9e629623b service nova] 192.168.1.110 "DELETE /placement/allocations/e22c6976-775a-413e-a03f-8c197fa4961c" status: 204 len: 0 microversion: 1.0
Jul 30 17:53:02.287940 np0000032037 devstack@placement-api.service[74152]: [pid: 74152|app: 0|req: 46/92] 192.168.1.110 () {68 vars in 1488 bytes} [Wed Jul 30 17:53:02 2025] DELETE /placement/allocations/e22c6976-775a-413e-a03f-8c197fa4961c => generated 0 bytes in 13 msecs (HTTP/1.1 204) 5 headers in 198 bytes (1 switches on core 0)
Jul 30 17:53:03.359543 np0000032037 devstack@placement-api.service[74153]: DEBUG placement.requestlog [req-4a196cc6-d3fa-4088-8d8a-bf93508344d1 req-fc1abd3c-ae64-4ab3-9faa-7cd5c8f0e7bb None None] Starting request: 192.168.1.110 "GET /placement/resource_providers/2e102faf-0dbb-420b-b996-7ea852c601a3/allocations" {{(pid=74153) __call__ /opt/stack/placement/placement/requestlog.py:55}}
Jul 30 17:53:03.365408 np0000032037 devstack@placement-api.service[74153]: INFO placement.requestlog [req-4a196cc6-d3fa-4088-8d8a-bf93508344d1 req-fc1abd3c-ae64-4ab3-9faa-7cd5c8f0e7bb service nova] 192.168.1.110 "GET /placement/resource_providers/2e102faf-0dbb-420b-b996-7ea852c601a3/allocations" status: 200 len: 54 microversion: 1.0
Jul 30 17:53:03.365686 np0000032037 devstack@placement-api.service[74153]: [pid: 74153|app: 0|req: 47/93] 192.168.1.110 () {66 vars in 1523 bytes} [Wed Jul 30 17:53:03 2025] GET /placement/resource_providers/2e102faf-0dbb-420b-b996-7ea852c601a3/allocations => generated 54 bytes in 6 msecs (HTTP/1.1 200) 6 headers in 223 bytes (1 switches on core 0)
Jul 30 17:53:03.370803 np0000032037 devstack@placement-api.service[74152]: DEBUG placement.requestlog [req-4a196cc6-d3fa-4088-8d8a-bf93508344d1 req-1d2a2660-3f4c-42dd-9c33-4499bf49ad02 None None] Starting request: 192.168.1.110 "GET /placement/resource_providers/2e102faf-0dbb-420b-b996-7ea852c601a3/allocations" {{(pid=74152) __call__ /opt/stack/placement/placement/requestlog.py:55}}
Jul 30 17:53:03.376156 np0000032037 devstack@placement-api.service[74152]: INFO placement.requestlog [req-4a196cc6-d3fa-4088-8d8a-bf93508344d1 req-1d2a2660-3f4c-42dd-9c33-4499bf49ad02 service nova] 192.168.1.110 "GET /placement/resource_providers/2e102faf-0dbb-420b-b996-7ea852c601a3/allocations" status: 200 len: 54 microversion: 1.0
Jul 30 17:53:03.376310 np0000032037 devstack@placement-api.service[74152]: [pid: 74152|app: 0|req: 47/94] 192.168.1.110 () {66 vars in 1523 bytes} [Wed Jul 30 17:53:03 2025] GET /placement/resource_providers/2e102faf-0dbb-420b-b996-7ea852c601a3/allocations => generated 54 bytes in 6 msecs (HTTP/1.1 200) 6 headers in 223 bytes (1 switches on core 0)
Jul 30 17:53:05.108466 np0000032037 devstack@placement-api.service[74153]: DEBUG placement.requestlog [None req-45679336-c02d-4cf1-9fca-7cc2caa5c0dd None None] Starting request: 192.168.1.110 "GET /placement/resource_providers/6ba9f714-4bb0-4eba-8562-5c68e8b4f1cf/aggregates" {{(pid=74153) __call__ /opt/stack/placement/placement/requestlog.py:55}}
Jul 30 17:53:05.147786 np0000032037 devstack@placement-api.service[74153]: INFO placement.requestlog [None req-45679336-c02d-4cf1-9fca-7cc2caa5c0dd service placement] 192.168.1.110 "GET /placement/resource_providers/6ba9f714-4bb0-4eba-8562-5c68e8b4f1cf/aggregates" status: 404 len: 235 microversion: 1.1
Jul 30 17:53:05.147938 np0000032037 devstack@placement-api.service[74153]: [pid: 74153|app: 0|req: 48/95] 192.168.1.110 () {66 vars in 1485 bytes} [Wed Jul 30 17:53:05 2025] GET /placement/resource_providers/6ba9f714-4bb0-4eba-8562-5c68e8b4f1cf/aggregates => generated 235 bytes in 39 msecs (HTTP/1.1 404) 5 headers in 202 bytes (1 switches on core 0)
