Jul 30 17:38:20.843291 np0000032037 devstack@n-api.service[68917]: DEBUG oslo_concurrency.lockutils [None req-af50cd06-c4c2-4a2c-96ec-f65f0c3367a8 None None] Acquiring lock "00000000-0000-0000-0000-000000000000" by "nova.context.set_target_cell.<locals>.get_or_set_cached_cell_and_set_connections" {{(pid=68917) inner /opt/stack/data/venv/lib/python3.12/site-packages/oslo_concurrency/lockutils.py:405}}
Jul 30 17:38:20.843459 np0000032037 devstack@n-api.service[68917]: DEBUG oslo_concurrency.lockutils [None req-af50cd06-c4c2-4a2c-96ec-f65f0c3367a8 None None] Lock "00000000-0000-0000-0000-000000000000" acquired by "nova.context.set_target_cell.<locals>.get_or_set_cached_cell_and_set_connections" :: waited 0.000s {{(pid=68917) inner /opt/stack/data/venv/lib/python3.12/site-packages/oslo_concurrency/lockutils.py:410}}
Jul 30 17:38:20.843684 np0000032037 devstack@n-api.service[68918]: DEBUG oslo_concurrency.lockutils [None req-c546a7a3-0971-4be2-a9f7-48c22dee1fb2 None None] Acquiring lock "00000000-0000-0000-0000-000000000000" by "nova.context.set_target_cell.<locals>.get_or_set_cached_cell_and_set_connections" {{(pid=68918) inner /opt/stack/data/venv/lib/python3.12/site-packages/oslo_concurrency/lockutils.py:405}}
Jul 30 17:38:20.843789 np0000032037 devstack@n-api.service[68917]: DEBUG oslo_concurrency.lockutils [None req-af50cd06-c4c2-4a2c-96ec-f65f0c3367a8 None None] Lock "00000000-0000-0000-0000-000000000000" "released" by "nova.context.set_target_cell.<locals>.get_or_set_cached_cell_and_set_connections" :: held 0.000s {{(pid=68917) inner /opt/stack/data/venv/lib/python3.12/site-packages/oslo_concurrency/lockutils.py:424}}
Jul 30 17:38:20.843844 np0000032037 devstack@n-api.service[68918]: DEBUG oslo_concurrency.lockutils [None req-c546a7a3-0971-4be2-a9f7-48c22dee1fb2 None None] Lock "00000000-0000-0000-0000-000000000000" acquired by "nova.context.set_target_cell.<locals>.get_or_set_cached_cell_and_set_connections" :: waited 0.000s {{(pid=68918) inner /opt/stack/data/venv/lib/python3.12/site-packages/oslo_concurrency/lockutils.py:410}}
Jul 30 17:38:20.844121 np0000032037 devstack@n-api.service[68917]: DEBUG oslo_concurrency.lockutils [None req-af50cd06-c4c2-4a2c-96ec-f65f0c3367a8 None None] Acquiring lock "ad89074c-b222-4609-8d7d-23c2aa0bec66" by "nova.context.set_target_cell.<locals>.get_or_set_cached_cell_and_set_connections" {{(pid=68917) inner /opt/stack/data/venv/lib/python3.12/site-packages/oslo_concurrency/lockutils.py:405}}
Jul 30 17:38:20.844192 np0000032037 devstack@n-api.service[68918]: DEBUG oslo_concurrency.lockutils [None req-c546a7a3-0971-4be2-a9f7-48c22dee1fb2 None None] Lock "00000000-0000-0000-0000-000000000000" "released" by "nova.context.set_target_cell.<locals>.get_or_set_cached_cell_and_set_connections" :: held 0.000s {{(pid=68918) inner /opt/stack/data/venv/lib/python3.12/site-packages/oslo_concurrency/lockutils.py:424}}
Jul 30 17:38:20.844268 np0000032037 devstack@n-api.service[68917]: DEBUG oslo_concurrency.lockutils [None req-af50cd06-c4c2-4a2c-96ec-f65f0c3367a8 None None] Lock "ad89074c-b222-4609-8d7d-23c2aa0bec66" acquired by "nova.context.set_target_cell.<locals>.get_or_set_cached_cell_and_set_connections" :: waited 0.000s {{(pid=68917) inner /opt/stack/data/venv/lib/python3.12/site-packages/oslo_concurrency/lockutils.py:410}}
Jul 30 17:38:20.844517 np0000032037 devstack@n-api.service[68918]: DEBUG oslo_concurrency.lockutils [None req-c546a7a3-0971-4be2-a9f7-48c22dee1fb2 None None] Acquiring lock "ad89074c-b222-4609-8d7d-23c2aa0bec66" by "nova.context.set_target_cell.<locals>.get_or_set_cached_cell_and_set_connections" {{(pid=68918) inner /opt/stack/data/venv/lib/python3.12/site-packages/oslo_concurrency/lockutils.py:405}}
Jul 30 17:38:20.844645 np0000032037 devstack@n-api.service[68918]: DEBUG oslo_concurrency.lockutils [None req-c546a7a3-0971-4be2-a9f7-48c22dee1fb2 None None] Lock "ad89074c-b222-4609-8d7d-23c2aa0bec66" acquired by "nova.context.set_target_cell.<locals>.get_or_set_cached_cell_and_set_connections" :: waited 0.000s {{(pid=68918) inner /opt/stack/data/venv/lib/python3.12/site-packages/oslo_concurrency/lockutils.py:410}}
Jul 30 17:38:20.844942 np0000032037 devstack@n-api.service[68917]: DEBUG oslo_concurrency.lockutils [None req-af50cd06-c4c2-4a2c-96ec-f65f0c3367a8 None None] Lock "ad89074c-b222-4609-8d7d-23c2aa0bec66" "released" by "nova.context.set_target_cell.<locals>.get_or_set_cached_cell_and_set_connections" :: held 0.001s {{(pid=68917) inner /opt/stack/data/venv/lib/python3.12/site-packages/oslo_concurrency/lockutils.py:424}}
Jul 30 17:38:20.845331 np0000032037 devstack@n-api.service[68918]: DEBUG oslo_concurrency.lockutils [None req-c546a7a3-0971-4be2-a9f7-48c22dee1fb2 None None] Lock "ad89074c-b222-4609-8d7d-23c2aa0bec66" "released" by "nova.context.set_target_cell.<locals>.get_or_set_cached_cell_and_set_connections" :: held 0.001s {{(pid=68918) inner /opt/stack/data/venv/lib/python3.12/site-packages/oslo_concurrency/lockutils.py:424}}
Jul 30 17:38:20.846071 np0000032037 devstack@n-api.service[68917]: INFO dbcounter [None req-af50cd06-c4c2-4a2c-96ec-f65f0c3367a8 None None] Registered counter for database nova_cell0
Jul 30 17:38:20.846458 np0000032037 devstack@n-api.service[68918]: INFO dbcounter [None req-c546a7a3-0971-4be2-a9f7-48c22dee1fb2 None None] Registered counter for database nova_cell0
Jul 30 17:38:20.847953 np0000032037 devstack@n-api.service[68917]: INFO dbcounter [None req-af50cd06-c4c2-4a2c-96ec-f65f0c3367a8 None None] Registered counter for database nova_cell1
Jul 30 17:38:20.848363 np0000032037 devstack@n-api.service[68918]: INFO dbcounter [None req-c546a7a3-0971-4be2-a9f7-48c22dee1fb2 None None] Registered counter for database nova_cell1
Jul 30 17:38:20.850872 np0000032037 devstack@n-api.service[68917]: DEBUG oslo_db.sqlalchemy.engines [None req-af50cd06-c4c2-4a2c-96ec-f65f0c3367a8 None None] MySQL server mode set to STRICT_TRANS_TABLES,STRICT_ALL_TABLES,NO_ZERO_IN_DATE,NO_ZERO_DATE,ERROR_FOR_DIVISION_BY_ZERO,TRADITIONAL,NO_ENGINE_SUBSTITUTION {{(pid=68917) _check_effective_sql_mode /opt/stack/data/venv/lib/python3.12/site-packages/oslo_db/sqlalchemy/engines.py:397}}
Jul 30 17:38:20.854479 np0000032037 devstack@n-api.service[68918]: DEBUG oslo_db.sqlalchemy.engines [None req-c546a7a3-0971-4be2-a9f7-48c22dee1fb2 None None] MySQL server mode set to STRICT_TRANS_TABLES,STRICT_ALL_TABLES,NO_ZERO_IN_DATE,NO_ZERO_DATE,ERROR_FOR_DIVISION_BY_ZERO,TRADITIONAL,NO_ENGINE_SUBSTITUTION {{(pid=68918) _check_effective_sql_mode /opt/stack/data/venv/lib/python3.12/site-packages/oslo_db/sqlalchemy/engines.py:397}}
Jul 30 17:38:20.856983 np0000032037 devstack@n-api.service[68918]: DEBUG oslo_db.sqlalchemy.engines [None req-c546a7a3-0971-4be2-a9f7-48c22dee1fb2 None None] MySQL server mode set to STRICT_TRANS_TABLES,STRICT_ALL_TABLES,NO_ZERO_IN_DATE,NO_ZERO_DATE,ERROR_FOR_DIVISION_BY_ZERO,TRADITIONAL,NO_ENGINE_SUBSTITUTION {{(pid=68918) _check_effective_sql_mode /opt/stack/data/venv/lib/python3.12/site-packages/oslo_db/sqlalchemy/engines.py:397}}
Jul 30 17:38:20.911176 np0000032037 devstack@n-api.service[68917]: DEBUG oslo_db.sqlalchemy.engines [None req-af50cd06-c4c2-4a2c-96ec-f65f0c3367a8 None None] MySQL server mode set to STRICT_TRANS_TABLES,STRICT_ALL_TABLES,NO_ZERO_IN_DATE,NO_ZERO_DATE,ERROR_FOR_DIVISION_BY_ZERO,TRADITIONAL,NO_ENGINE_SUBSTITUTION {{(pid=68917) _check_effective_sql_mode /opt/stack/data/venv/lib/python3.12/site-packages/oslo_db/sqlalchemy/engines.py:397}}
Jul 30 17:38:20.911526 np0000032037 devstack@n-api.service[68917]: DEBUG dbcounter [-] [68917] Writer thread running {{(pid=68917) stat_writer /opt/stack/data/venv/lib/python3.12/site-packages/dbcounter.py:102}}
Jul 30 17:38:20.915102 np0000032037 devstack@n-api.service[68917]: DEBUG dbcounter [-] [68917] Writer thread running {{(pid=68917) stat_writer /opt/stack/data/venv/lib/python3.12/site-packages/dbcounter.py:102}}
Jul 30 17:38:20.915314 np0000032037 devstack@n-api.service[68918]: DEBUG dbcounter [-] [68918] Writer thread running {{(pid=68918) stat_writer /opt/stack/data/venv/lib/python3.12/site-packages/dbcounter.py:102}}
Jul 30 17:38:20.917029 np0000032037 devstack@n-api.service[68917]: INFO dbcounter [None req-af50cd06-c4c2-4a2c-96ec-f65f0c3367a8 None None] Registered counter for database nova_cell0
Jul 30 17:38:20.918959 np0000032037 devstack@n-api.service[68918]: DEBUG dbcounter [-] [68918] Writer thread running {{(pid=68918) stat_writer /opt/stack/data/venv/lib/python3.12/site-packages/dbcounter.py:102}}
Jul 30 17:38:20.920838 np0000032037 devstack@n-api.service[68918]: INFO dbcounter [None req-c546a7a3-0971-4be2-a9f7-48c22dee1fb2 None None] Registered counter for database nova_cell0
Jul 30 17:38:20.922137 np0000032037 devstack@n-api.service[68917]: DEBUG oslo_db.sqlalchemy.engines [None req-af50cd06-c4c2-4a2c-96ec-f65f0c3367a8 None None] MySQL server mode set to STRICT_TRANS_TABLES,STRICT_ALL_TABLES,NO_ZERO_IN_DATE,NO_ZERO_DATE,ERROR_FOR_DIVISION_BY_ZERO,TRADITIONAL,NO_ENGINE_SUBSTITUTION {{(pid=68917) _check_effective_sql_mode /opt/stack/data/venv/lib/python3.12/site-packages/oslo_db/sqlalchemy/engines.py:397}}
Jul 30 17:38:20.925740 np0000032037 devstack@n-api.service[68917]: DEBUG dbcounter [-] [68917] Writer thread running {{(pid=68917) stat_writer /opt/stack/data/venv/lib/python3.12/site-packages/dbcounter.py:102}}
Jul 30 17:38:20.925864 np0000032037 devstack@n-api.service[68918]: DEBUG oslo_db.sqlalchemy.engines [None req-c546a7a3-0971-4be2-a9f7-48c22dee1fb2 None None] MySQL server mode set to STRICT_TRANS_TABLES,STRICT_ALL_TABLES,NO_ZERO_IN_DATE,NO_ZERO_DATE,ERROR_FOR_DIVISION_BY_ZERO,TRADITIONAL,NO_ENGINE_SUBSTITUTION {{(pid=68918) _check_effective_sql_mode /opt/stack/data/venv/lib/python3.12/site-packages/oslo_db/sqlalchemy/engines.py:397}}
Jul 30 17:38:20.929434 np0000032037 devstack@n-api.service[68918]: DEBUG dbcounter [-] [68918] Writer thread running {{(pid=68918) stat_writer /opt/stack/data/venv/lib/python3.12/site-packages/dbcounter.py:102}}
Jul 30 17:38:21.261605 np0000032037 devstack@n-api.service[68918]: DEBUG oslo_concurrency.processutils [None req-c546a7a3-0971-4be2-a9f7-48c22dee1fb2 None None] Running cmd (subprocess): grep -F node.session.scan /sbin/iscsiadm {{(pid=68918) execute /opt/stack/data/venv/lib/python3.12/site-packages/oslo_concurrency/processutils.py:349}}
Jul 30 17:38:21.268760 np0000032037 devstack@n-api.service[68918]: DEBUG oslo_concurrency.processutils [None req-c546a7a3-0971-4be2-a9f7-48c22dee1fb2 None None] CMD "grep -F node.session.scan /sbin/iscsiadm" returned: 0 in 0.007s {{(pid=68918) execute /opt/stack/data/venv/lib/python3.12/site-packages/oslo_concurrency/processutils.py:372}}
Jul 30 17:38:21.269993 np0000032037 devstack@n-api.service[68917]: DEBUG oslo_concurrency.processutils [None req-af50cd06-c4c2-4a2c-96ec-f65f0c3367a8 None None] Running cmd (subprocess): grep -F node.session.scan /sbin/iscsiadm {{(pid=68917) execute /opt/stack/data/venv/lib/python3.12/site-packages/oslo_concurrency/processutils.py:349}}
Jul 30 17:38:21.276644 np0000032037 devstack@n-api.service[68917]: DEBUG oslo_concurrency.processutils [None req-af50cd06-c4c2-4a2c-96ec-f65f0c3367a8 None None] CMD "grep -F node.session.scan /sbin/iscsiadm" returned: 0 in 0.007s {{(pid=68917) execute /opt/stack/data/venv/lib/python3.12/site-packages/oslo_concurrency/processutils.py:372}}
Jul 30 17:38:21.561388 np0000032037 devstack@n-api.service[68917]: WARNING keystonemiddleware.auth_token [None req-af50cd06-c4c2-4a2c-96ec-f65f0c3367a8 None None] AuthToken middleware is set with keystone_authtoken.service_token_roles_required set to False. This is backwards compatible but deprecated behaviour. Please set this to True.
Jul 30 17:38:21.561470 np0000032037 devstack@n-api.service[68918]: WARNING keystonemiddleware.auth_token [None req-c546a7a3-0971-4be2-a9f7-48c22dee1fb2 None None] AuthToken middleware is set with keystone_authtoken.service_token_roles_required set to False. This is backwards compatible but deprecated behaviour. Please set this to True.
Jul 30 17:38:21.564817 np0000032037 devstack@n-api.service[68917]: WARNING keystonemiddleware.auth_token [None req-af50cd06-c4c2-4a2c-96ec-f65f0c3367a8 None None] Configuring www_authenticate_uri to point to the public identity endpoint is required; clients may not be able to authenticate against an admin endpoint
Jul 30 17:38:21.564870 np0000032037 devstack@n-api.service[68918]: WARNING keystonemiddleware.auth_token [None req-c546a7a3-0971-4be2-a9f7-48c22dee1fb2 None None] Configuring www_authenticate_uri to point to the public identity endpoint is required; clients may not be able to authenticate against an admin endpoint
Jul 30 17:38:21.724052 np0000032037 devstack@n-api.service[68917]: WARNING keystonemiddleware.auth_token [None req-af50cd06-c4c2-4a2c-96ec-f65f0c3367a8 None None] AuthToken middleware is set with keystone_authtoken.service_token_roles_required set to False. This is backwards compatible but deprecated behaviour. Please set this to True.
Jul 30 17:38:21.724298 np0000032037 devstack@n-api.service[68918]: WARNING keystonemiddleware.auth_token [None req-c546a7a3-0971-4be2-a9f7-48c22dee1fb2 None None] AuthToken middleware is set with keystone_authtoken.service_token_roles_required set to False. This is backwards compatible but deprecated behaviour. Please set this to True.
Jul 30 17:38:21.726570 np0000032037 devstack@n-api.service[68917]: WARNING keystonemiddleware.auth_token [None req-af50cd06-c4c2-4a2c-96ec-f65f0c3367a8 None None] Configuring www_authenticate_uri to point to the public identity endpoint is required; clients may not be able to authenticate against an admin endpoint
Jul 30 17:38:21.726691 np0000032037 devstack@n-api.service[68918]: WARNING keystonemiddleware.auth_token [None req-c546a7a3-0971-4be2-a9f7-48c22dee1fb2 None None] Configuring www_authenticate_uri to point to the public identity endpoint is required; clients may not be able to authenticate against an admin endpoint
Jul 30 17:38:21.728440 np0000032037 devstack@n-api.service[68917]: WSGI app 0 (mountpoint='') ready in 2 seconds on interpreter 0x7da0b26a39e8 pid: 68917 (default app)
Jul 30 17:38:21.728564 np0000032037 devstack@n-api.service[68918]: WSGI app 0 (mountpoint='') ready in 2 seconds on interpreter 0x7da0b26a39e8 pid: 68918 (default app)
Jul 30 17:38:21.729365 np0000032037 devstack@n-api.service[68917]: DEBUG nova.api.openstack.wsgi [None req-af50cd06-c4c2-4a2c-96ec-f65f0c3367a8 None None] Calling method '<bound method VersionsV2.index of <nova.api.openstack.compute.versions.VersionsV2 object at 0x7da0acfada00>>' {{(pid=68917) _process_stack /opt/stack/nova/nova/api/openstack/wsgi.py:552}}
Jul 30 17:38:21.731958 np0000032037 devstack@n-api.service[68917]: INFO nova.api.openstack.requestlog [None req-af50cd06-c4c2-4a2c-96ec-f65f0c3367a8 None None] 192.168.1.110 "GET /compute/v2.1/" status: 200 len: 391 microversion: 2.1 time: 0.002827
Jul 30 17:38:21.732148 np0000032037 devstack@n-api.service[68917]: [pid: 68917|app: 0|req: 1/1] 192.168.1.110 () {50 vars in 771 bytes} [Wed Jul 30 17:38:21 2025] GET /compute/v2.1/ => generated 391 bytes in 3 msecs (HTTP/1.1 200) 9 headers in 357 bytes (1 switches on core 0)
Jul 30 17:38:55.215890 np0000032037 devstack@n-api.service[68918]: DEBUG nova.api.openstack.wsgi [None req-c546a7a3-0971-4be2-a9f7-48c22dee1fb2 None None] Calling method '<bound method VersionsV2.index of <nova.api.openstack.compute.versions.VersionsV2 object at 0x7da0ac2c2e70>>' {{(pid=68918) _process_stack /opt/stack/nova/nova/api/openstack/wsgi.py:552}}
Jul 30 17:38:55.221016 np0000032037 devstack@n-api.service[68918]: INFO nova.api.openstack.requestlog [None req-c546a7a3-0971-4be2-a9f7-48c22dee1fb2 None None] 192.168.1.110 "GET /compute/v2.1" status: 200 len: 392 microversion: 2.1 time: 0.005761
Jul 30 17:38:55.221311 np0000032037 devstack@n-api.service[68918]: [pid: 68918|app: 0|req: 1/2] 192.168.1.110 () {62 vars in 1056 bytes} [Wed Jul 30 17:38:55 2025] GET /compute/v2.1 => generated 392 bytes in 7 msecs (HTTP/1.1 200) 9 headers in 357 bytes (1 switches on core 0)
Jul 30 17:38:55.232712 np0000032037 devstack@n-api.service[68917]: DEBUG dbcounter [-] [68917] Writing DB stats nova_api:SELECT=1 {{(pid=68917) stat_writer /opt/stack/data/venv/lib/python3.12/site-packages/dbcounter.py:115}}
Jul 30 17:38:55.233495 np0000032037 devstack@n-api.service[68917]: DEBUG dbcounter [-] [68917] Writing DB stats nova_cell0:SELECT=1 {{(pid=68917) stat_writer /opt/stack/data/venv/lib/python3.12/site-packages/dbcounter.py:115}}
Jul 30 17:38:55.234050 np0000032037 devstack@n-api.service[68917]: DEBUG dbcounter [-] [68917] Writing DB stats nova_cell1:SELECT=1 {{(pid=68917) stat_writer /opt/stack/data/venv/lib/python3.12/site-packages/dbcounter.py:115}}
Jul 30 17:38:55.234159 np0000032037 devstack@n-api.service[68917]: DEBUG dbcounter [-] [68917] Writing DB stats nova_cell0:SELECT=2,nova_cell0:INSERT=1 {{(pid=68917) stat_writer /opt/stack/data/venv/lib/python3.12/site-packages/dbcounter.py:115}}
Jul 30 17:38:55.340062 np0000032037 devstack@n-api.service[68917]: DEBUG nova.api.openstack.wsgi [None req-86a8d338-d8d3-403e-a051-1850285c957d admin admin] Calling method '<bound method FlavorsController.detail of <nova.api.openstack.compute.flavors.FlavorsController object at 0x7da0ab955670>>' {{(pid=68917) _process_stack /opt/stack/nova/nova/api/openstack/wsgi.py:552}}
Jul 30 17:38:55.356460 np0000032037 devstack@n-api.service[68917]: INFO nova.api.openstack.requestlog [None req-86a8d338-d8d3-403e-a051-1850285c957d admin admin] 192.168.1.110 "GET /compute/v2.1/flavors/detail?is_public=True" status: 200 len: 15 microversion: 2.61 time: 0.129868
Jul 30 17:38:55.357211 np0000032037 devstack@n-api.service[68917]: [pid: 68917|app: 0|req: 2/3] 192.168.1.110 () {68 vars in 1417 bytes} [Wed Jul 30 17:38:55 2025] GET /compute/v2.1/flavors/detail?is_public=True => generated 15 bytes in 130 msecs (HTTP/1.1 200) 9 headers in 358 bytes (1 switches on core 0)
Jul 30 17:38:55.440128 np0000032037 devstack@n-api.service[68918]: DEBUG dbcounter [-] [68918] Writing DB stats nova_api:SELECT=1 {{(pid=68918) stat_writer /opt/stack/data/venv/lib/python3.12/site-packages/dbcounter.py:115}}
Jul 30 17:38:55.440128 np0000032037 devstack@n-api.service[68918]: DEBUG dbcounter [-] [68918] Writing DB stats nova_cell0:SELECT=1 {{(pid=68918) stat_writer /opt/stack/data/venv/lib/python3.12/site-packages/dbcounter.py:115}}
Jul 30 17:38:55.440128 np0000032037 devstack@n-api.service[68918]: DEBUG dbcounter [-] [68918] Writing DB stats nova_cell1:SELECT=1 {{(pid=68918) stat_writer /opt/stack/data/venv/lib/python3.12/site-packages/dbcounter.py:115}}
Jul 30 17:38:55.440128 np0000032037 devstack@n-api.service[68918]: DEBUG dbcounter [-] [68918] Writing DB stats nova_cell0:SELECT=2,nova_cell0:INSERT=1 {{(pid=68918) stat_writer /opt/stack/data/venv/lib/python3.12/site-packages/dbcounter.py:115}}
Jul 30 17:38:55.525311 np0000032037 devstack@n-api.service[68918]: DEBUG nova.api.openstack.wsgi [None req-1c3e0e48-f2d9-4584-afbd-1a03b432546c admin admin] Action: 'create', calling method: <bound method FlavorsController.create of <nova.api.openstack.compute.flavors.FlavorsController object at 0x7da0ab955910>>, body: {"flavor": {"id": "c1", "ram": 256, "swap": 0, "disk": 1, "OS-FLV-EXT-DATA:ephemeral": 0, "vcpus": 1, "name": "cirros256", "rxtx_factor": 1.0, "os-flavor-access:is_public": true}} {{(pid=68918) _process_stack /opt/stack/nova/nova/api/openstack/wsgi.py:550}}
Jul 30 17:38:55.559230 np0000032037 devstack@n-api.service[68918]: INFO nova.api.openstack.requestlog [None req-1c3e0e48-f2d9-4584-afbd-1a03b432546c admin admin] 192.168.1.110 "POST /compute/v2.1/flavors" status: 200 len: 413 microversion: 2.61 time: 0.125760
Jul 30 17:38:55.559482 np0000032037 devstack@n-api.service[68918]: [pid: 68918|app: 0|req: 2/4] 192.168.1.110 () {72 vars in 1408 bytes} [Wed Jul 30 17:38:55 2025] POST /compute/v2.1/flavors => generated 413 bytes in 126 msecs (HTTP/1.1 200) 9 headers in 359 bytes (1 switches on core 0)
Jul 30 17:38:55.568167 np0000032037 devstack@n-api.service[68917]: DEBUG nova.api.openstack.wsgi [None req-46494338-171a-46fe-8598-2aaaa908631e admin admin] Action: 'create', calling method: <bound method FlavorExtraSpecsController.create of <nova.api.openstack.compute.flavors_extraspecs.FlavorExtraSpecsController object at 0x7da0ab955dc0>>, body: {"extra_specs": {"hw_rng:allowed": "True"}} {{(pid=68917) _process_stack /opt/stack/nova/nova/api/openstack/wsgi.py:550}}
Jul 30 17:38:55.593653 np0000032037 devstack@n-api.service[68917]: INFO nova.api.openstack.requestlog [None req-46494338-171a-46fe-8598-2aaaa908631e admin admin] 192.168.1.110 "POST /compute/v2.1/flavors/c1/os-extra_specs" status: 200 len: 43 microversion: 2.61 time: 0.027117
Jul 30 17:38:55.593891 np0000032037 devstack@n-api.service[68917]: [pid: 68917|app: 0|req: 3/5] 192.168.1.110 () {72 vars in 1461 bytes} [Wed Jul 30 17:38:55 2025] POST /compute/v2.1/flavors/c1/os-extra_specs => generated 43 bytes in 27 msecs (HTTP/1.1 200) 9 headers in 358 bytes (1 switches on core 0)
Jul 30 17:38:55.672156 np0000032037 devstack@n-api.service[68918]: DEBUG nova.api.openstack.wsgi [None req-6651e980-2b14-4321-aca9-917c459ffb9f admin admin] Action: 'create', calling method: <bound method FlavorsController.create of <nova.api.openstack.compute.flavors.FlavorsController object at 0x7da0ab955910>>, body: {"flavor": {"id": "d1", "ram": 512, "swap": 0, "disk": 5, "OS-FLV-EXT-DATA:ephemeral": 0, "vcpus": 1, "name": "ds512M", "rxtx_factor": 1.0, "os-flavor-access:is_public": true}} {{(pid=68918) _process_stack /opt/stack/nova/nova/api/openstack/wsgi.py:550}}
Jul 30 17:38:55.683005 np0000032037 devstack@n-api.service[68918]: INFO nova.api.openstack.requestlog [None req-6651e980-2b14-4321-aca9-917c459ffb9f admin admin] 192.168.1.110 "POST /compute/v2.1/flavors" status: 200 len: 410 microversion: 2.61 time: 0.013120
Jul 30 17:38:55.683260 np0000032037 devstack@n-api.service[68918]: [pid: 68918|app: 0|req: 3/6] 192.168.1.110 () {72 vars in 1408 bytes} [Wed Jul 30 17:38:55 2025] POST /compute/v2.1/flavors => generated 410 bytes in 13 msecs (HTTP/1.1 200) 9 headers in 359 bytes (1 switches on core 0)
Jul 30 17:38:55.692339 np0000032037 devstack@n-api.service[68917]: DEBUG nova.api.openstack.wsgi [None req-1883b24f-c49a-45f2-9483-ff304396c7fc admin admin] Action: 'create', calling method: <bound method FlavorExtraSpecsController.create of <nova.api.openstack.compute.flavors_extraspecs.FlavorExtraSpecsController object at 0x7da0ab955dc0>>, body: {"extra_specs": {"hw_rng:allowed": "True"}} {{(pid=68917) _process_stack /opt/stack/nova/nova/api/openstack/wsgi.py:550}}
Jul 30 17:38:55.705946 np0000032037 devstack@n-api.service[68917]: INFO nova.api.openstack.requestlog [None req-1883b24f-c49a-45f2-9483-ff304396c7fc admin admin] 192.168.1.110 "POST /compute/v2.1/flavors/d1/os-extra_specs" status: 200 len: 43 microversion: 2.61 time: 0.016233
Jul 30 17:38:55.705946 np0000032037 devstack@n-api.service[68917]: [pid: 68917|app: 0|req: 4/7] 192.168.1.110 () {72 vars in 1461 bytes} [Wed Jul 30 17:38:55 2025] POST /compute/v2.1/flavors/d1/os-extra_specs => generated 43 bytes in 17 msecs (HTTP/1.1 200) 9 headers in 358 bytes (1 switches on core 0)
Jul 30 17:38:55.791140 np0000032037 devstack@n-api.service[68918]: DEBUG nova.api.openstack.wsgi [None req-e8912910-3580-4538-a54d-4802a1f75e04 admin admin] Action: 'create', calling method: <bound method FlavorsController.create of <nova.api.openstack.compute.flavors.FlavorsController object at 0x7da0ab955910>>, body: {"flavor": {"id": "d2", "ram": 1024, "swap": 0, "disk": 10, "OS-FLV-EXT-DATA:ephemeral": 0, "vcpus": 1, "name": "ds1G", "rxtx_factor": 1.0, "os-flavor-access:is_public": true}} {{(pid=68918) _process_stack /opt/stack/nova/nova/api/openstack/wsgi.py:550}}
Jul 30 17:38:55.799720 np0000032037 devstack@n-api.service[68918]: INFO nova.api.openstack.requestlog [None req-e8912910-3580-4538-a54d-4802a1f75e04 admin admin] 192.168.1.110 "POST /compute/v2.1/flavors" status: 200 len: 410 microversion: 2.61 time: 0.011684
Jul 30 17:38:55.800021 np0000032037 devstack@n-api.service[68918]: [pid: 68918|app: 0|req: 4/8] 192.168.1.110 () {72 vars in 1408 bytes} [Wed Jul 30 17:38:55 2025] POST /compute/v2.1/flavors => generated 410 bytes in 12 msecs (HTTP/1.1 200) 9 headers in 359 bytes (1 switches on core 0)
Jul 30 17:38:55.808559 np0000032037 devstack@n-api.service[68917]: DEBUG nova.api.openstack.wsgi [None req-74d301cb-f9a1-461c-9740-6e2086192e64 admin admin] Action: 'create', calling method: <bound method FlavorExtraSpecsController.create of <nova.api.openstack.compute.flavors_extraspecs.FlavorExtraSpecsController object at 0x7da0ab955dc0>>, body: {"extra_specs": {"hw_rng:allowed": "True"}} {{(pid=68917) _process_stack /opt/stack/nova/nova/api/openstack/wsgi.py:550}}
Jul 30 17:38:55.820586 np0000032037 devstack@n-api.service[68917]: INFO nova.api.openstack.requestlog [None req-74d301cb-f9a1-461c-9740-6e2086192e64 admin admin] 192.168.1.110 "POST /compute/v2.1/flavors/d2/os-extra_specs" status: 200 len: 43 microversion: 2.61 time: 0.013532
Jul 30 17:38:55.820855 np0000032037 devstack@n-api.service[68917]: [pid: 68917|app: 0|req: 5/9] 192.168.1.110 () {72 vars in 1461 bytes} [Wed Jul 30 17:38:55 2025] POST /compute/v2.1/flavors/d2/os-extra_specs => generated 43 bytes in 14 msecs (HTTP/1.1 200) 9 headers in 358 bytes (1 switches on core 0)
Jul 30 17:38:55.897130 np0000032037 devstack@n-api.service[68918]: DEBUG nova.api.openstack.wsgi [None req-15857a3a-36da-4662-ae80-093f6a1fbc08 admin admin] Action: 'create', calling method: <bound method FlavorsController.create of <nova.api.openstack.compute.flavors.FlavorsController object at 0x7da0ab955910>>, body: {"flavor": {"id": "d3", "ram": 2048, "swap": 0, "disk": 10, "OS-FLV-EXT-DATA:ephemeral": 0, "vcpus": 2, "name": "ds2G", "rxtx_factor": 1.0, "os-flavor-access:is_public": true}} {{(pid=68918) _process_stack /opt/stack/nova/nova/api/openstack/wsgi.py:550}}
Jul 30 17:38:55.918790 np0000032037 devstack@n-api.service[68918]: INFO nova.api.openstack.requestlog [None req-15857a3a-36da-4662-ae80-093f6a1fbc08 admin admin] 192.168.1.110 "POST /compute/v2.1/flavors" status: 200 len: 410 microversion: 2.61 time: 0.024891
Jul 30 17:38:55.918790 np0000032037 devstack@n-api.service[68918]: [pid: 68918|app: 0|req: 5/10] 192.168.1.110 () {72 vars in 1408 bytes} [Wed Jul 30 17:38:55 2025] POST /compute/v2.1/flavors => generated 410 bytes in 25 msecs (HTTP/1.1 200) 9 headers in 359 bytes (1 switches on core 0)
Jul 30 17:38:55.927356 np0000032037 devstack@n-api.service[68917]: DEBUG nova.api.openstack.wsgi [None req-b4cefb51-64a4-4459-957b-511f40873e99 admin admin] Action: 'create', calling method: <bound method FlavorExtraSpecsController.create of <nova.api.openstack.compute.flavors_extraspecs.FlavorExtraSpecsController object at 0x7da0ab955dc0>>, body: {"extra_specs": {"hw_rng:allowed": "True"}} {{(pid=68917) _process_stack /opt/stack/nova/nova/api/openstack/wsgi.py:550}}
Jul 30 17:38:55.939441 np0000032037 devstack@n-api.service[68917]: INFO nova.api.openstack.requestlog [None req-b4cefb51-64a4-4459-957b-511f40873e99 admin admin] 192.168.1.110 "POST /compute/v2.1/flavors/d3/os-extra_specs" status: 200 len: 43 microversion: 2.61 time: 0.013603
Jul 30 17:38:55.939720 np0000032037 devstack@n-api.service[68917]: [pid: 68917|app: 0|req: 6/11] 192.168.1.110 () {72 vars in 1461 bytes} [Wed Jul 30 17:38:55 2025] POST /compute/v2.1/flavors/d3/os-extra_specs => generated 43 bytes in 14 msecs (HTTP/1.1 200) 9 headers in 358 bytes (1 switches on core 0)
Jul 30 17:38:56.021133 np0000032037 devstack@n-api.service[68918]: DEBUG nova.api.openstack.wsgi [None req-ea254b87-8551-437a-bed2-6b6281fb18c0 admin admin] Action: 'create', calling method: <bound method FlavorsController.create of <nova.api.openstack.compute.flavors.FlavorsController object at 0x7da0ab955910>>, body: {"flavor": {"id": "d4", "ram": 4096, "swap": 0, "disk": 20, "OS-FLV-EXT-DATA:ephemeral": 0, "vcpus": 4, "name": "ds4G", "rxtx_factor": 1.0, "os-flavor-access:is_public": true}} {{(pid=68918) _process_stack /opt/stack/nova/nova/api/openstack/wsgi.py:550}}
Jul 30 17:38:56.030140 np0000032037 devstack@n-api.service[68918]: INFO nova.api.openstack.requestlog [None req-ea254b87-8551-437a-bed2-6b6281fb18c0 admin admin] 192.168.1.110 "POST /compute/v2.1/flavors" status: 200 len: 410 microversion: 2.61 time: 0.012472
Jul 30 17:38:56.030623 np0000032037 devstack@n-api.service[68918]: [pid: 68918|app: 0|req: 6/12] 192.168.1.110 () {72 vars in 1408 bytes} [Wed Jul 30 17:38:56 2025] POST /compute/v2.1/flavors => generated 410 bytes in 13 msecs (HTTP/1.1 200) 9 headers in 359 bytes (1 switches on core 0)
Jul 30 17:38:56.037779 np0000032037 devstack@n-api.service[68917]: DEBUG nova.api.openstack.wsgi [None req-e235e9f2-b1ac-41e4-acc6-7904563a412c admin admin] Action: 'create', calling method: <bound method FlavorExtraSpecsController.create of <nova.api.openstack.compute.flavors_extraspecs.FlavorExtraSpecsController object at 0x7da0ab955dc0>>, body: {"extra_specs": {"hw_rng:allowed": "True"}} {{(pid=68917) _process_stack /opt/stack/nova/nova/api/openstack/wsgi.py:550}}
Jul 30 17:38:56.049868 np0000032037 devstack@n-api.service[68917]: INFO nova.api.openstack.requestlog [None req-e235e9f2-b1ac-41e4-acc6-7904563a412c admin admin] 192.168.1.110 "POST /compute/v2.1/flavors/d4/os-extra_specs" status: 200 len: 43 microversion: 2.61 time: 0.013562
Jul 30 17:38:56.050147 np0000032037 devstack@n-api.service[68917]: [pid: 68917|app: 0|req: 7/13] 192.168.1.110 () {72 vars in 1461 bytes} [Wed Jul 30 17:38:56 2025] POST /compute/v2.1/flavors/d4/os-extra_specs => generated 43 bytes in 14 msecs (HTTP/1.1 200) 9 headers in 358 bytes (1 switches on core 0)
Jul 30 17:38:56.138126 np0000032037 devstack@n-api.service[68918]: DEBUG nova.api.openstack.wsgi [None req-ec23e20e-68f0-4249-9e7b-ff0c174f643b admin admin] Calling method '<bound method FlavorsController.detail of <nova.api.openstack.compute.flavors.FlavorsController object at 0x7da0ab955a60>>' {{(pid=68918) _process_stack /opt/stack/nova/nova/api/openstack/wsgi.py:552}}
Jul 30 17:38:56.152281 np0000032037 devstack@n-api.service[68918]: INFO nova.api.openstack.requestlog [None req-ec23e20e-68f0-4249-9e7b-ff0c174f643b admin admin] 192.168.1.110 "GET /compute/v2.1/flavors/detail?is_public=True" status: 200 len: 2136 microversion: 2.61 time: 0.015959
Jul 30 17:38:56.152281 np0000032037 devstack@n-api.service[68918]: [pid: 68918|app: 0|req: 7/14] 192.168.1.110 () {68 vars in 1417 bytes} [Wed Jul 30 17:38:56 2025] GET /compute/v2.1/flavors/detail?is_public=True => generated 2136 bytes in 16 msecs (HTTP/1.1 200) 9 headers in 360 bytes (1 switches on core 0)
Jul 30 17:38:56.248120 np0000032037 devstack@n-api.service[68917]: DEBUG nova.api.openstack.wsgi [None req-94b0a19b-7e60-44d7-b7bd-4cf5bd68e478 admin admin] Action: 'create', calling method: <bound method FlavorsController.create of <nova.api.openstack.compute.flavors.FlavorsController object at 0x7da0ab955520>>, body: {"flavor": {"id": "1", "ram": 512, "swap": 0, "disk": 1, "OS-FLV-EXT-DATA:ephemeral": 0, "vcpus": 1, "name": "m1.tiny", "rxtx_factor": 1.0, "os-flavor-access:is_public": true}} {{(pid=68917) _process_stack /opt/stack/nova/nova/api/openstack/wsgi.py:550}}
Jul 30 17:38:56.265886 np0000032037 devstack@n-api.service[68917]: INFO nova.api.openstack.requestlog [None req-94b0a19b-7e60-44d7-b7bd-4cf5bd68e478 admin admin] 192.168.1.110 "POST /compute/v2.1/flavors" status: 200 len: 408 microversion: 2.61 time: 0.019221
Jul 30 17:38:56.266210 np0000032037 devstack@n-api.service[68917]: [pid: 68917|app: 0|req: 8/15] 192.168.1.110 () {72 vars in 1408 bytes} [Wed Jul 30 17:38:56 2025] POST /compute/v2.1/flavors => generated 408 bytes in 19 msecs (HTTP/1.1 200) 9 headers in 359 bytes (1 switches on core 0)
Jul 30 17:38:56.274040 np0000032037 devstack@n-api.service[68918]: DEBUG nova.api.openstack.wsgi [None req-ab67720b-8775-4471-8652-6f0f2b4f4d2e admin admin] Action: 'create', calling method: <bound method FlavorExtraSpecsController.create of <nova.api.openstack.compute.flavors_extraspecs.FlavorExtraSpecsController object at 0x7da0ab9561b0>>, body: {"extra_specs": {"hw_rng:allowed": "True"}} {{(pid=68918) _process_stack /opt/stack/nova/nova/api/openstack/wsgi.py:550}}
Jul 30 17:38:56.292125 np0000032037 devstack@n-api.service[68918]: INFO nova.api.openstack.requestlog [None req-ab67720b-8775-4471-8652-6f0f2b4f4d2e admin admin] 192.168.1.110 "POST /compute/v2.1/flavors/1/os-extra_specs" status: 200 len: 43 microversion: 2.61 time: 0.019589
Jul 30 17:38:56.292391 np0000032037 devstack@n-api.service[68918]: [pid: 68918|app: 0|req: 8/16] 192.168.1.110 () {72 vars in 1458 bytes} [Wed Jul 30 17:38:56 2025] POST /compute/v2.1/flavors/1/os-extra_specs => generated 43 bytes in 20 msecs (HTTP/1.1 200) 9 headers in 358 bytes (1 switches on core 0)
Jul 30 17:38:56.367100 np0000032037 devstack@n-api.service[68917]: DEBUG nova.api.openstack.wsgi [None req-00c8381a-e714-4d47-89d0-7c23c992297c admin admin] Action: 'create', calling method: <bound method FlavorsController.create of <nova.api.openstack.compute.flavors.FlavorsController object at 0x7da0ab955520>>, body: {"flavor": {"id": "2", "ram": 2048, "swap": 0, "disk": 20, "OS-FLV-EXT-DATA:ephemeral": 0, "vcpus": 1, "name": "m1.small", "rxtx_factor": 1.0, "os-flavor-access:is_public": true}} {{(pid=68917) _process_stack /opt/stack/nova/nova/api/openstack/wsgi.py:550}}
Jul 30 17:38:56.377145 np0000032037 devstack@n-api.service[68917]: INFO nova.api.openstack.requestlog [None req-00c8381a-e714-4d47-89d0-7c23c992297c admin admin] 192.168.1.110 "POST /compute/v2.1/flavors" status: 200 len: 411 microversion: 2.61 time: 0.011492
Jul 30 17:38:56.377376 np0000032037 devstack@n-api.service[68917]: [pid: 68917|app: 0|req: 9/17] 192.168.1.110 () {72 vars in 1408 bytes} [Wed Jul 30 17:38:56 2025] POST /compute/v2.1/flavors => generated 411 bytes in 12 msecs (HTTP/1.1 200) 9 headers in 359 bytes (1 switches on core 0)
Jul 30 17:38:56.384782 np0000032037 devstack@n-api.service[68918]: DEBUG nova.api.openstack.wsgi [None req-dbf46629-b7c4-4041-8660-f510489bcd3c admin admin] Action: 'create', calling method: <bound method FlavorExtraSpecsController.create of <nova.api.openstack.compute.flavors_extraspecs.FlavorExtraSpecsController object at 0x7da0ab9561b0>>, body: {"extra_specs": {"hw_rng:allowed": "True"}} {{(pid=68918) _process_stack /opt/stack/nova/nova/api/openstack/wsgi.py:550}}
Jul 30 17:38:56.396666 np0000032037 devstack@n-api.service[68918]: INFO nova.api.openstack.requestlog [None req-dbf46629-b7c4-4041-8660-f510489bcd3c admin admin] 192.168.1.110 "POST /compute/v2.1/flavors/2/os-extra_specs" status: 200 len: 43 microversion: 2.61 time: 0.013404
Jul 30 17:38:56.396967 np0000032037 devstack@n-api.service[68918]: [pid: 68918|app: 0|req: 9/18] 192.168.1.110 () {72 vars in 1458 bytes} [Wed Jul 30 17:38:56 2025] POST /compute/v2.1/flavors/2/os-extra_specs => generated 43 bytes in 14 msecs (HTTP/1.1 200) 9 headers in 358 bytes (1 switches on core 0)
Jul 30 17:38:56.476219 np0000032037 devstack@n-api.service[68917]: DEBUG nova.api.openstack.wsgi [None req-05354ad6-012a-453e-b445-d3ee3c688f38 admin admin] Action: 'create', calling method: <bound method FlavorsController.create of <nova.api.openstack.compute.flavors.FlavorsController object at 0x7da0ab955520>>, body: {"flavor": {"id": "3", "ram": 4096, "swap": 0, "disk": 40, "OS-FLV-EXT-DATA:ephemeral": 0, "vcpus": 2, "name": "m1.medium", "rxtx_factor": 1.0, "os-flavor-access:is_public": true}} {{(pid=68917) _process_stack /opt/stack/nova/nova/api/openstack/wsgi.py:550}}
Jul 30 17:38:56.486288 np0000032037 devstack@n-api.service[68917]: INFO nova.api.openstack.requestlog [None req-05354ad6-012a-453e-b445-d3ee3c688f38 admin admin] 192.168.1.110 "POST /compute/v2.1/flavors" status: 200 len: 412 microversion: 2.61 time: 0.011544
Jul 30 17:38:56.486552 np0000032037 devstack@n-api.service[68917]: [pid: 68917|app: 0|req: 10/19] 192.168.1.110 () {72 vars in 1408 bytes} [Wed Jul 30 17:38:56 2025] POST /compute/v2.1/flavors => generated 412 bytes in 12 msecs (HTTP/1.1 200) 9 headers in 359 bytes (1 switches on core 0)
Jul 30 17:38:56.493749 np0000032037 devstack@n-api.service[68918]: DEBUG nova.api.openstack.wsgi [None req-e8e9f641-8527-4fbe-95f4-b3812d554c78 admin admin] Action: 'create', calling method: <bound method FlavorExtraSpecsController.create of <nova.api.openstack.compute.flavors_extraspecs.FlavorExtraSpecsController object at 0x7da0ab9561b0>>, body: {"extra_specs": {"hw_rng:allowed": "True"}} {{(pid=68918) _process_stack /opt/stack/nova/nova/api/openstack/wsgi.py:550}}
Jul 30 17:38:56.505765 np0000032037 devstack@n-api.service[68918]: INFO nova.api.openstack.requestlog [None req-e8e9f641-8527-4fbe-95f4-b3812d554c78 admin admin] 192.168.1.110 "POST /compute/v2.1/flavors/3/os-extra_specs" status: 200 len: 43 microversion: 2.61 time: 0.013517
Jul 30 17:38:56.505991 np0000032037 devstack@n-api.service[68918]: [pid: 68918|app: 0|req: 10/20] 192.168.1.110 () {72 vars in 1458 bytes} [Wed Jul 30 17:38:56 2025] POST /compute/v2.1/flavors/3/os-extra_specs => generated 43 bytes in 14 msecs (HTTP/1.1 200) 9 headers in 358 bytes (1 switches on core 0)
Jul 30 17:38:56.583075 np0000032037 devstack@n-api.service[68917]: DEBUG nova.api.openstack.wsgi [None req-a1cfa916-b470-4ec8-b6f5-8335caa5efd5 admin admin] Action: 'create', calling method: <bound method FlavorsController.create of <nova.api.openstack.compute.flavors.FlavorsController object at 0x7da0ab955520>>, body: {"flavor": {"id": "4", "ram": 8192, "swap": 0, "disk": 80, "OS-FLV-EXT-DATA:ephemeral": 0, "vcpus": 4, "name": "m1.large", "rxtx_factor": 1.0, "os-flavor-access:is_public": true}} {{(pid=68917) _process_stack /opt/stack/nova/nova/api/openstack/wsgi.py:550}}
Jul 30 17:38:56.593081 np0000032037 devstack@n-api.service[68917]: INFO nova.api.openstack.requestlog [None req-a1cfa916-b470-4ec8-b6f5-8335caa5efd5 admin admin] 192.168.1.110 "POST /compute/v2.1/flavors" status: 200 len: 411 microversion: 2.61 time: 0.011482
Jul 30 17:38:56.593484 np0000032037 devstack@n-api.service[68917]: [pid: 68917|app: 0|req: 11/21] 192.168.1.110 () {72 vars in 1408 bytes} [Wed Jul 30 17:38:56 2025] POST /compute/v2.1/flavors => generated 411 bytes in 12 msecs (HTTP/1.1 200) 9 headers in 359 bytes (1 switches on core 0)
Jul 30 17:38:56.605165 np0000032037 devstack@n-api.service[68918]: DEBUG nova.api.openstack.wsgi [None req-d9396bf9-05e9-4664-8d33-458148c07735 admin admin] Action: 'create', calling method: <bound method FlavorExtraSpecsController.create of <nova.api.openstack.compute.flavors_extraspecs.FlavorExtraSpecsController object at 0x7da0ab9561b0>>, body: {"extra_specs": {"hw_rng:allowed": "True"}} {{(pid=68918) _process_stack /opt/stack/nova/nova/api/openstack/wsgi.py:550}}
Jul 30 17:38:56.621954 np0000032037 devstack@n-api.service[68918]: INFO nova.api.openstack.requestlog [None req-d9396bf9-05e9-4664-8d33-458148c07735 admin admin] 192.168.1.110 "POST /compute/v2.1/flavors/4/os-extra_specs" status: 200 len: 43 microversion: 2.61 time: 0.020270
Jul 30 17:38:56.621954 np0000032037 devstack@n-api.service[68918]: [pid: 68918|app: 0|req: 11/22] 192.168.1.110 () {72 vars in 1458 bytes} [Wed Jul 30 17:38:56 2025] POST /compute/v2.1/flavors/4/os-extra_specs => generated 43 bytes in 21 msecs (HTTP/1.1 200) 9 headers in 358 bytes (1 switches on core 0)
Jul 30 17:38:56.710894 np0000032037 devstack@n-api.service[68917]: DEBUG nova.api.openstack.wsgi [None req-bc4e4036-f692-4291-bfe1-346360de478f admin admin] Action: 'create', calling method: <bound method FlavorsController.create of <nova.api.openstack.compute.flavors.FlavorsController object at 0x7da0ab955520>>, body: {"flavor": {"id": "5", "ram": 16384, "swap": 0, "disk": 160, "OS-FLV-EXT-DATA:ephemeral": 0, "vcpus": 8, "name": "m1.xlarge", "rxtx_factor": 1.0, "os-flavor-access:is_public": true}} {{(pid=68917) _process_stack /opt/stack/nova/nova/api/openstack/wsgi.py:550}}
Jul 30 17:38:56.723942 np0000032037 devstack@n-api.service[68917]: INFO nova.api.openstack.requestlog [None req-bc4e4036-f692-4291-bfe1-346360de478f admin admin] 192.168.1.110 "POST /compute/v2.1/flavors" status: 200 len: 414 microversion: 2.61 time: 0.014933
Jul 30 17:38:56.724182 np0000032037 devstack@n-api.service[68917]: [pid: 68917|app: 0|req: 12/23] 192.168.1.110 () {72 vars in 1408 bytes} [Wed Jul 30 17:38:56 2025] POST /compute/v2.1/flavors => generated 414 bytes in 15 msecs (HTTP/1.1 200) 9 headers in 359 bytes (1 switches on core 0)
Jul 30 17:38:56.732104 np0000032037 devstack@n-api.service[68918]: DEBUG nova.api.openstack.wsgi [None req-42d18e3d-2f8b-4b58-8dc6-7b8698c83d3c admin admin] Action: 'create', calling method: <bound method FlavorExtraSpecsController.create of <nova.api.openstack.compute.flavors_extraspecs.FlavorExtraSpecsController object at 0x7da0ab9561b0>>, body: {"extra_specs": {"hw_rng:allowed": "True"}} {{(pid=68918) _process_stack /opt/stack/nova/nova/api/openstack/wsgi.py:550}}
Jul 30 17:38:56.744511 np0000032037 devstack@n-api.service[68918]: INFO nova.api.openstack.requestlog [None req-42d18e3d-2f8b-4b58-8dc6-7b8698c83d3c admin admin] 192.168.1.110 "POST /compute/v2.1/flavors/5/os-extra_specs" status: 200 len: 43 microversion: 2.61 time: 0.013790
Jul 30 17:38:56.744759 np0000032037 devstack@n-api.service[68918]: [pid: 68918|app: 0|req: 12/24] 192.168.1.110 () {72 vars in 1458 bytes} [Wed Jul 30 17:38:56 2025] POST /compute/v2.1/flavors/5/os-extra_specs => generated 43 bytes in 14 msecs (HTTP/1.1 200) 9 headers in 358 bytes (1 switches on core 0)
Jul 30 17:39:02.025309 np0000032037 devstack@n-api.service[68917]: DEBUG nova.api.openstack.wsgi [None req-9cff77ce-1348-4d0c-aa06-03f90aaf587e admin admin] Calling method '<bound method FlavorsController.detail of <nova.api.openstack.compute.flavors.FlavorsController object at 0x7da0ab955670>>' {{(pid=68917) _process_stack /opt/stack/nova/nova/api/openstack/wsgi.py:552}}
Jul 30 17:39:02.036022 np0000032037 devstack@n-api.service[68917]: INFO nova.api.openstack.requestlog [None req-9cff77ce-1348-4d0c-aa06-03f90aaf587e admin admin] 192.168.1.110 "GET /compute/v2.1/flavors/detail?is_public=True" status: 200 len: 4262 microversion: 2.61 time: 0.012248
Jul 30 17:39:02.036318 np0000032037 devstack@n-api.service[68917]: [pid: 68917|app: 0|req: 13/25] 192.168.1.110 () {68 vars in 1417 bytes} [Wed Jul 30 17:39:02 2025] GET /compute/v2.1/flavors/detail?is_public=True => generated 4262 bytes in 12 msecs (HTTP/1.1 200) 9 headers in 360 bytes (1 switches on core 0)
Jul 30 17:39:02.133607 np0000032037 devstack@n-api.service[68918]: DEBUG nova.api.openstack.wsgi [None req-89afc528-a6fe-4b6c-b024-f0f168204ccc admin admin] Action: 'create', calling method: <bound method FlavorsController.create of <nova.api.openstack.compute.flavors.FlavorsController object at 0x7da0ab955910>>, body: {"flavor": {"id": "100", "ram": 1024, "swap": 0, "disk": 5, "OS-FLV-EXT-DATA:ephemeral": 0, "vcpus": 1, "name": "manila-service-flavor", "rxtx_factor": 1.0, "os-flavor-access:is_public": true}} {{(pid=68918) _process_stack /opt/stack/nova/nova/api/openstack/wsgi.py:550}}
Jul 30 17:39:02.145512 np0000032037 devstack@n-api.service[68918]: INFO nova.api.openstack.requestlog [None req-89afc528-a6fe-4b6c-b024-f0f168204ccc admin admin] 192.168.1.110 "POST /compute/v2.1/flavors" status: 200 len: 429 microversion: 2.61 time: 0.013442
Jul 30 17:39:02.145824 np0000032037 devstack@n-api.service[68918]: [pid: 68918|app: 0|req: 13/26] 192.168.1.110 () {72 vars in 1408 bytes} [Wed Jul 30 17:39:02 2025] POST /compute/v2.1/flavors => generated 429 bytes in 14 msecs (HTTP/1.1 200) 9 headers in 359 bytes (1 switches on core 0)
Jul 30 17:39:29.408177 np0000032037 devstack@n-api.service[68917]: DEBUG nova.api.openstack.wsgi [None req-64bd43ea-1ae3-4a7e-88f7-f82cdb723dfb admin admin] Calling method '<bound method KeypairController.index of <nova.api.openstack.compute.keypairs.KeypairController object at 0x7da0ab808890>>' {{(pid=68917) _process_stack /opt/stack/nova/nova/api/openstack/wsgi.py:552}}
Jul 30 17:39:29.410043 np0000032037 devstack@n-api.service[68917]: WARNING oslo_db.sqlalchemy.utils [None req-64bd43ea-1ae3-4a7e-88f7-f82cdb723dfb admin admin] Unique keys not in sort_keys. The sorting order may be unstable.
Jul 30 17:39:29.410811 np0000032037 devstack@n-api.service[68917]: DEBUG dbcounter [-] [68917] Writing DB stats nova_api:SELECT=22,nova_api:SAVEPOINT=5,nova_api:INSERT=10,nova_api:RELEASE=5 {{(pid=68917) stat_writer /opt/stack/data/venv/lib/python3.12/site-packages/dbcounter.py:115}}
Jul 30 17:39:29.416205 np0000032037 devstack@n-api.service[68917]: INFO nova.api.openstack.requestlog [None req-64bd43ea-1ae3-4a7e-88f7-f82cdb723dfb admin admin] 192.168.1.110 "GET /compute/v2.1/os-keypairs" status: 200 len: 16 microversion: 2.10 time: 0.009497
Jul 30 17:39:29.416486 np0000032037 devstack@n-api.service[68917]: [pid: 68917|app: 0|req: 14/27] 192.168.1.110 () {68 vars in 1379 bytes} [Wed Jul 30 17:39:29 2025] GET /compute/v2.1/os-keypairs => generated 16 bytes in 10 msecs (HTTP/1.1 200) 9 headers in 358 bytes (1 switches on core 0)
Jul 30 17:39:29.504525 np0000032037 devstack@n-api.service[68918]: DEBUG dbcounter [-] [68918] Writing DB stats nova_api:INSERT=11,nova_api:SELECT=22,nova_api:SAVEPOINT=5,nova_api:RELEASE=5 {{(pid=68918) stat_writer /opt/stack/data/venv/lib/python3.12/site-packages/dbcounter.py:115}}
Jul 30 17:39:29.506237 np0000032037 devstack@n-api.service[68918]: DEBUG nova.api.openstack.wsgi [None req-ed60c026-ac1f-478a-9959-da8e38f6b064 admin admin] Action: 'create', calling method: <bound method KeypairController.create of <nova.api.openstack.compute.keypairs.KeypairController object at 0x7da0ab804e90>>, body: {"keypair": {"name": "manila-service", "public_key": "ecdsa-sha2-nistp256 AAAAE2VjZHNhLXNoYTItbmlzdHAyNTYAAAAIbmlzdHAyNTYAAABBBLOBrF6J4jzss3B2AWxFMhst1g74tA4LEneAGWDL0AFuDYbaTiWrnS69EujW4fX6Z7MYQipopCJQEY+/niOBl3s= stack@np0000032037\n"}} {{(pid=68918) _process_stack /opt/stack/nova/nova/api/openstack/wsgi.py:550}}
Jul 30 17:39:29.519358 np0000032037 devstack@n-api.service[68918]: DEBUG nova.quota [None req-ed60c026-ac1f-478a-9959-da8e38f6b064 admin admin] Getting quotas for project cf2593d40018479a835600ae6d5ed51e. Resources: {'key_pairs'} {{(pid=68918) _get_quotas /opt/stack/nova/nova/quota.py:392}}
Jul 30 17:39:29.521966 np0000032037 devstack@n-api.service[68918]: DEBUG nova.quota [None req-ed60c026-ac1f-478a-9959-da8e38f6b064 admin admin] Getting quotas for user e9c2d78552054913bfdeb76f0fe5ec9a and project cf2593d40018479a835600ae6d5ed51e. Resources: {'key_pairs'} {{(pid=68918) _get_quotas /opt/stack/nova/nova/quota.py:382}}
Jul 30 17:39:29.544631 np0000032037 devstack@n-api.service[68918]: INFO nova.api.openstack.requestlog [None req-ed60c026-ac1f-478a-9959-da8e38f6b064 admin admin] 192.168.1.110 "POST /compute/v2.1/os-keypairs" status: 201 len: 366 microversion: 2.10 time: 0.040611
Jul 30 17:39:29.544872 np0000032037 devstack@n-api.service[68918]: [pid: 68918|app: 0|req: 14/28] 192.168.1.110 () {72 vars in 1420 bytes} [Wed Jul 30 17:39:29 2025] POST /compute/v2.1/os-keypairs => generated 366 bytes in 41 msecs (HTTP/1.1 201) 9 headers in 364 bytes (1 switches on core 0)
Jul 30 17:39:35.447910 np0000032037 devstack@n-api.service[68917]: DEBUG nova.api.openstack.wsgi [None req-62219998-640f-4d80-8fb8-303067745bb0 admin admin] Calling method '<bound method ServiceController.index of <nova.api.openstack.compute.services.ServiceController object at 0x7da0ab848770>>' {{(pid=68917) _process_stack /opt/stack/nova/nova/api/openstack/wsgi.py:552}}
Jul 30 17:39:35.449586 np0000032037 devstack@n-api.service[68917]: DEBUG oslo_concurrency.lockutils [None req-62219998-640f-4d80-8fb8-303067745bb0 admin admin] Acquiring lock "00000000-0000-0000-0000-000000000000" by "nova.context.set_target_cell.<locals>.get_or_set_cached_cell_and_set_connections" {{(pid=68917) inner /opt/stack/data/venv/lib/python3.12/site-packages/oslo_concurrency/lockutils.py:405}}
Jul 30 17:39:35.449757 np0000032037 devstack@n-api.service[68917]: DEBUG oslo_concurrency.lockutils [None req-62219998-640f-4d80-8fb8-303067745bb0 admin admin] Lock "00000000-0000-0000-0000-000000000000" acquired by "nova.context.set_target_cell.<locals>.get_or_set_cached_cell_and_set_connections" :: waited 0.000s {{(pid=68917) inner /opt/stack/data/venv/lib/python3.12/site-packages/oslo_concurrency/lockutils.py:410}}
Jul 30 17:39:35.449879 np0000032037 devstack@n-api.service[68917]: DEBUG oslo_concurrency.lockutils [None req-62219998-640f-4d80-8fb8-303067745bb0 admin admin] Lock "00000000-0000-0000-0000-000000000000" "released" by "nova.context.set_target_cell.<locals>.get_or_set_cached_cell_and_set_connections" :: held 0.000s {{(pid=68917) inner /opt/stack/data/venv/lib/python3.12/site-packages/oslo_concurrency/lockutils.py:424}}
Jul 30 17:39:35.450276 np0000032037 devstack@n-api.service[68917]: DEBUG oslo_concurrency.lockutils [None req-62219998-640f-4d80-8fb8-303067745bb0 admin admin] Acquiring lock "ad89074c-b222-4609-8d7d-23c2aa0bec66" by "nova.context.set_target_cell.<locals>.get_or_set_cached_cell_and_set_connections" {{(pid=68917) inner /opt/stack/data/venv/lib/python3.12/site-packages/oslo_concurrency/lockutils.py:405}}
Jul 30 17:39:35.450405 np0000032037 devstack@n-api.service[68917]: DEBUG oslo_concurrency.lockutils [None req-62219998-640f-4d80-8fb8-303067745bb0 admin admin] Lock "ad89074c-b222-4609-8d7d-23c2aa0bec66" acquired by "nova.context.set_target_cell.<locals>.get_or_set_cached_cell_and_set_connections" :: waited 0.000s {{(pid=68917) inner /opt/stack/data/venv/lib/python3.12/site-packages/oslo_concurrency/lockutils.py:410}}
