Jul 30 17:56:05.047608 np0000032037 devstack@placement-api.service[74152]: DEBUG placement.objects.research_context [req-6571f931-3359-415a-a865-c7d1b67a59cf req-da31be77-8c6c-4c03-89a9-13e29fd09a62 service nova] getting providers with 5 DISK_GB {{(pid=74152) __init__ /opt/stack/placement/placement/objects/research_context.py:137}}
Jul 30 17:56:05.050505 np0000032037 devstack@placement-api.service[74152]: DEBUG placement.objects.research_context [req-6571f931-3359-415a-a865-c7d1b67a59cf req-da31be77-8c6c-4c03-89a9-13e29fd09a62 service nova] getting providers with 1024 MEMORY_MB {{(pid=74152) __init__ /opt/stack/placement/placement/objects/research_context.py:137}}
Jul 30 17:56:05.053192 np0000032037 devstack@placement-api.service[74152]: DEBUG placement.objects.research_context [req-6571f931-3359-415a-a865-c7d1b67a59cf req-da31be77-8c6c-4c03-89a9-13e29fd09a62 service nova] getting providers with 1 VCPU {{(pid=74152) __init__ /opt/stack/placement/placement/objects/research_context.py:137}}
Jul 30 17:56:05.058195 np0000032037 devstack@placement-api.service[74152]: DEBUG placement.objects.research_context [req-6571f931-3359-415a-a865-c7d1b67a59cf req-da31be77-8c6c-4c03-89a9-13e29fd09a62 service nova] found 1 providers with available 5 DISK_GB {{(pid=74152) get_provider_ids_matching /opt/stack/placement/placement/objects/research_context.py:569}}
Jul 30 17:56:05.058322 np0000032037 devstack@placement-api.service[74152]: DEBUG placement.objects.research_context [req-6571f931-3359-415a-a865-c7d1b67a59cf req-da31be77-8c6c-4c03-89a9-13e29fd09a62 service nova] found 1 providers with available 1024 MEMORY_MB {{(pid=74152) get_provider_ids_matching /opt/stack/placement/placement/objects/research_context.py:569}}
Jul 30 17:56:05.058458 np0000032037 devstack@placement-api.service[74152]: DEBUG placement.objects.research_context [req-6571f931-3359-415a-a865-c7d1b67a59cf req-da31be77-8c6c-4c03-89a9-13e29fd09a62 service nova] found 1 providers after filtering by previous result {{(pid=74152) get_provider_ids_matching /opt/stack/placement/placement/objects/research_context.py:600}}
Jul 30 17:56:05.058575 np0000032037 devstack@placement-api.service[74152]: DEBUG placement.objects.research_context [req-6571f931-3359-415a-a865-c7d1b67a59cf req-da31be77-8c6c-4c03-89a9-13e29fd09a62 service nova] found 1 providers with available 1 VCPU {{(pid=74152) get_provider_ids_matching /opt/stack/placement/placement/objects/research_context.py:569}}
Jul 30 17:56:05.058702 np0000032037 devstack@placement-api.service[74152]: DEBUG placement.objects.research_context [req-6571f931-3359-415a-a865-c7d1b67a59cf req-da31be77-8c6c-4c03-89a9-13e29fd09a62 service nova] found 1 providers after filtering by previous result {{(pid=74152) get_provider_ids_matching /opt/stack/placement/placement/objects/research_context.py:600}}
Jul 30 17:56:05.064540 np0000032037 devstack@placement-api.service[74152]: DEBUG placement.objects.allocation_candidate [req-6571f931-3359-415a-a865-c7d1b67a59cf req-da31be77-8c6c-4c03-89a9-13e29fd09a62 service nova] RequestGroup(use_same_provider=False, resources={DISK_GB:5, MEMORY_MB:1024, VCPU:1}, traits=(), aggregates=[]) (suffix '') returned 1 matches {{(pid=74152) _get_by_requests /opt/stack/placement/placement/objects/allocation_candidate.py:157}}
Jul 30 17:56:05.064724 np0000032037 devstack@placement-api.service[74152]: DEBUG placement.objects.allocation_candidate [req-6571f931-3359-415a-a865-c7d1b67a59cf req-da31be77-8c6c-4c03-89a9-13e29fd09a62 service nova] Merging candidates yields 1 allocation requests and 1 provider summaries {{(pid=74152) _merge_candidates /opt/stack/placement/placement/objects/allocation_candidate.py:841}}
Jul 30 17:56:05.065601 np0000032037 devstack@placement-api.service[74152]: INFO placement.requestlog [req-6571f931-3359-415a-a865-c7d1b67a59cf req-da31be77-8c6c-4c03-89a9-13e29fd09a62 service nova] 192.168.1.110 "GET /placement/allocation_candidates?limit=1000&resources=DISK_GB%3A5%2CMEMORY_MB%3A1024%2CVCPU%3A1&root_required=%21COMPUTE_STATUS_DISABLED" status: 200 len: 2424 microversion: 1.36
Jul 30 17:56:05.065890 np0000032037 devstack@placement-api.service[74152]: [pid: 74152|app: 0|req: 66/132] 192.168.1.110 () {68 vars in 1638 bytes} [Wed Jul 30 17:56:05 2025] GET /placement/allocation_candidates?limit=1000&resources=DISK_GB%3A5%2CMEMORY_MB%3A1024%2CVCPU%3A1&root_required=%21COMPUTE_STATUS_DISABLED => generated 2424 bytes in 52 msecs (HTTP/1.1 200) 8 headers in 297 bytes (1 switches on core 0)
Jul 30 17:56:05.081767 np0000032037 devstack@placement-api.service[74153]: DEBUG placement.requestlog [req-6571f931-3359-415a-a865-c7d1b67a59cf req-fe65a81a-55a8-4200-8044-4966dbd00fcf None None] Starting request: 192.168.1.110 "GET /placement/allocations/9d1fcf69-8867-4bbd-890a-3d204e7c92ab" {{(pid=74153) __call__ /opt/stack/placement/placement/requestlog.py:55}}
Jul 30 17:56:05.085838 np0000032037 devstack@placement-api.service[74153]: INFO placement.requestlog [req-6571f931-3359-415a-a865-c7d1b67a59cf req-fe65a81a-55a8-4200-8044-4966dbd00fcf service nova] 192.168.1.110 "GET /placement/allocations/9d1fcf69-8867-4bbd-890a-3d204e7c92ab" status: 200 len: 19 microversion: 1.28
Jul 30 17:56:05.086040 np0000032037 devstack@placement-api.service[74153]: [pid: 74153|app: 0|req: 67/133] 192.168.1.110 () {68 vars in 1512 bytes} [Wed Jul 30 17:56:05 2025] GET /placement/allocations/9d1fcf69-8867-4bbd-890a-3d204e7c92ab => generated 19 bytes in 4 msecs (HTTP/1.1 200) 8 headers in 295 bytes (1 switches on core 0)
Jul 30 17:56:05.090581 np0000032037 devstack@placement-api.service[74152]: DEBUG placement.requestlog [req-6571f931-3359-415a-a865-c7d1b67a59cf req-c1b85046-881f-4e9c-bbd3-ee204943890c None None] Starting request: 192.168.1.110 "PUT /placement/allocations/9d1fcf69-8867-4bbd-890a-3d204e7c92ab" {{(pid=74152) __call__ /opt/stack/placement/placement/requestlog.py:55}}
Jul 30 17:56:05.117468 np0000032037 devstack@placement-api.service[74152]: DEBUG placement.handlers.allocation [req-6571f931-3359-415a-a865-c7d1b67a59cf req-c1b85046-881f-4e9c-bbd3-ee204943890c service nova] Successfully wrote allocations [<placement.objects.allocation.Allocation object at 0x7122ff031d90>, <placement.objects.allocation.Allocation object at 0x7122fe72e240>, <placement.objects.allocation.Allocation object at 0x7122fe72d0a0>] {{(pid=74152) _update_consumers_and_create_allocations /opt/stack/placement/placement/handlers/allocation.py:462}}
Jul 30 17:56:05.120060 np0000032037 devstack@placement-api.service[74152]: INFO placement.requestlog [req-6571f931-3359-415a-a865-c7d1b67a59cf req-c1b85046-881f-4e9c-bbd3-ee204943890c service nova] 192.168.1.110 "PUT /placement/allocations/9d1fcf69-8867-4bbd-890a-3d204e7c92ab" status: 204 len: 0 microversion: 1.36
Jul 30 17:56:05.120237 np0000032037 devstack@placement-api.service[74152]: [pid: 74152|app: 0|req: 67/134] 192.168.1.110 () {72 vars in 1565 bytes} [Wed Jul 30 17:56:05 2025] PUT /placement/allocations/9d1fcf69-8867-4bbd-890a-3d204e7c92ab => generated 0 bytes in 30 msecs (HTTP/1.1 204) 5 headers in 199 bytes (1 switches on core 0)
Jul 30 17:56:06.497660 np0000032037 devstack@placement-api.service[74153]: DEBUG placement.requestlog [req-39afff04-b978-405b-9208-ee3d11f2f67d req-e4250658-59ff-4c1a-97be-6b7393f4ad2b None None] Starting request: 192.168.1.110 "GET /placement/resource_providers/2e102faf-0dbb-420b-b996-7ea852c601a3/allocations" {{(pid=74153) __call__ /opt/stack/placement/placement/requestlog.py:55}}
Jul 30 17:56:06.504281 np0000032037 devstack@placement-api.service[74153]: INFO placement.requestlog [req-39afff04-b978-405b-9208-ee3d11f2f67d req-e4250658-59ff-4c1a-97be-6b7393f4ad2b service nova] 192.168.1.110 "GET /placement/resource_providers/2e102faf-0dbb-420b-b996-7ea852c601a3/allocations" status: 200 len: 153 microversion: 1.0
Jul 30 17:56:06.504509 np0000032037 devstack@placement-api.service[74153]: [pid: 74153|app: 0|req: 68/135] 192.168.1.110 () {66 vars in 1523 bytes} [Wed Jul 30 17:56:06 2025] GET /placement/resource_providers/2e102faf-0dbb-420b-b996-7ea852c601a3/allocations => generated 153 bytes in 7 msecs (HTTP/1.1 200) 6 headers in 224 bytes (1 switches on core 0)
Jul 30 17:56:06.576355 np0000032037 devstack@placement-api.service[74152]: DEBUG placement.requestlog [req-6571f931-3359-415a-a865-c7d1b67a59cf req-9d25757d-0e20-46ab-9fcc-ee01e25b9eea None None] Starting request: 192.168.1.110 "GET /placement/allocations/9d1fcf69-8867-4bbd-890a-3d204e7c92ab" {{(pid=74152) __call__ /opt/stack/placement/placement/requestlog.py:55}}
Jul 30 17:56:06.582531 np0000032037 devstack@placement-api.service[74152]: INFO placement.requestlog [req-6571f931-3359-415a-a865-c7d1b67a59cf req-9d25757d-0e20-46ab-9fcc-ee01e25b9eea service nova] 192.168.1.110 "GET /placement/allocations/9d1fcf69-8867-4bbd-890a-3d204e7c92ab" status: 200 len: 258 microversion: 1.28
Jul 30 17:56:06.582869 np0000032037 devstack@placement-api.service[74152]: [pid: 74152|app: 0|req: 68/136] 192.168.1.110 () {68 vars in 1510 bytes} [Wed Jul 30 17:56:06 2025] GET /placement/allocations/9d1fcf69-8867-4bbd-890a-3d204e7c92ab => generated 258 bytes in 6 msecs (HTTP/1.1 200) 8 headers in 296 bytes (1 switches on core 0)
Jul 30 17:56:07.011518 np0000032037 devstack@placement-api.service[74153]: DEBUG placement.requestlog [req-39afff04-b978-405b-9208-ee3d11f2f67d req-0b0f28ef-3f38-4411-908e-346b01ca0251 None None] Starting request: 192.168.1.110 "GET /placement/resource_providers/2e102faf-0dbb-420b-b996-7ea852c601a3/allocations" {{(pid=74153) __call__ /opt/stack/placement/placement/requestlog.py:55}}
Jul 30 17:56:07.017905 np0000032037 devstack@placement-api.service[74153]: INFO placement.requestlog [req-39afff04-b978-405b-9208-ee3d11f2f67d req-0b0f28ef-3f38-4411-908e-346b01ca0251 service nova] 192.168.1.110 "GET /placement/resource_providers/2e102faf-0dbb-420b-b996-7ea852c601a3/allocations" status: 200 len: 153 microversion: 1.0
Jul 30 17:56:07.018127 np0000032037 devstack@placement-api.service[74153]: [pid: 74153|app: 0|req: 69/137] 192.168.1.110 () {66 vars in 1523 bytes} [Wed Jul 30 17:56:07 2025] GET /placement/resource_providers/2e102faf-0dbb-420b-b996-7ea852c601a3/allocations => generated 153 bytes in 6 msecs (HTTP/1.1 200) 6 headers in 224 bytes (1 switches on core 0)
Jul 30 17:56:07.021928 np0000032037 devstack@placement-api.service[74152]: DEBUG placement.requestlog [req-39afff04-b978-405b-9208-ee3d11f2f67d req-29a3f823-3ddf-47a0-9e1c-56168ad4fbd3 None None] Starting request: 192.168.1.110 "GET /placement/allocations/9d1fcf69-8867-4bbd-890a-3d204e7c92ab" {{(pid=74152) __call__ /opt/stack/placement/placement/requestlog.py:55}}
Jul 30 17:56:07.026575 np0000032037 devstack@placement-api.service[74152]: INFO placement.requestlog [req-39afff04-b978-405b-9208-ee3d11f2f67d req-29a3f823-3ddf-47a0-9e1c-56168ad4fbd3 service nova] 192.168.1.110 "GET /placement/allocations/9d1fcf69-8867-4bbd-890a-3d204e7c92ab" status: 200 len: 258 microversion: 1.28
Jul 30 17:56:07.026715 np0000032037 devstack@placement-api.service[74152]: [pid: 74152|app: 0|req: 69/138] 192.168.1.110 () {68 vars in 1510 bytes} [Wed Jul 30 17:56:07 2025] GET /placement/allocations/9d1fcf69-8867-4bbd-890a-3d204e7c92ab => generated 258 bytes in 5 msecs (HTTP/1.1 200) 8 headers in 296 bytes (1 switches on core 0)
Jul 30 17:56:09.047916 np0000032037 devstack@placement-api.service[74153]: DEBUG placement.requestlog [req-6571f931-3359-415a-a865-c7d1b67a59cf req-ae2a0b17-2f44-4073-a3ad-dd20e075b7e7 None None] Starting request: 192.168.1.110 "GET /placement/resource_providers/2e102faf-0dbb-420b-b996-7ea852c601a3/allocations" {{(pid=74153) __call__ /opt/stack/placement/placement/requestlog.py:55}}
Jul 30 17:56:09.055024 np0000032037 devstack@placement-api.service[74153]: INFO placement.requestlog [req-6571f931-3359-415a-a865-c7d1b67a59cf req-ae2a0b17-2f44-4073-a3ad-dd20e075b7e7 service nova] 192.168.1.110 "GET /placement/resource_providers/2e102faf-0dbb-420b-b996-7ea852c601a3/allocations" status: 200 len: 153 microversion: 1.0
Jul 30 17:56:09.055257 np0000032037 devstack@placement-api.service[74153]: [pid: 74153|app: 0|req: 70/139] 192.168.1.110 () {66 vars in 1523 bytes} [Wed Jul 30 17:56:09 2025] GET /placement/resource_providers/2e102faf-0dbb-420b-b996-7ea852c601a3/allocations => generated 153 bytes in 7 msecs (HTTP/1.1 200) 6 headers in 224 bytes (1 switches on core 0)
Jul 30 17:56:09.059592 np0000032037 devstack@placement-api.service[74152]: DEBUG placement.requestlog [req-6571f931-3359-415a-a865-c7d1b67a59cf req-c41b64cf-8f28-4048-9943-304b2b895092 None None] Starting request: 192.168.1.110 "GET /placement/allocations/9d1fcf69-8867-4bbd-890a-3d204e7c92ab" {{(pid=74152) __call__ /opt/stack/placement/placement/requestlog.py:55}}
Jul 30 17:56:09.064830 np0000032037 devstack@placement-api.service[74152]: INFO placement.requestlog [req-6571f931-3359-415a-a865-c7d1b67a59cf req-c41b64cf-8f28-4048-9943-304b2b895092 service nova] 192.168.1.110 "GET /placement/allocations/9d1fcf69-8867-4bbd-890a-3d204e7c92ab" status: 200 len: 258 microversion: 1.28
Jul 30 17:56:09.064986 np0000032037 devstack@placement-api.service[74152]: [pid: 74152|app: 0|req: 70/140] 192.168.1.110 () {68 vars in 1510 bytes} [Wed Jul 30 17:56:09 2025] GET /placement/allocations/9d1fcf69-8867-4bbd-890a-3d204e7c92ab => generated 258 bytes in 5 msecs (HTTP/1.1 200) 8 headers in 296 bytes (1 switches on core 0)
Jul 30 17:56:19.054290 np0000032037 devstack@placement-api.service[74153]: DEBUG dbcounter [-] [74153] Writing DB stats placement:SELECT=22,placement:DELETE=2 {{(pid=74153) stat_writer /opt/stack/data/venv/lib/python3.12/site-packages/dbcounter.py:115}}
Jul 30 17:56:19.064123 np0000032037 devstack@placement-api.service[74152]: DEBUG dbcounter [-] [74152] Writing DB stats placement:SELECT=32,placement:DELETE=4,placement:INSERT=4,placement:UPDATE=2 {{(pid=74152) stat_writer /opt/stack/data/venv/lib/python3.12/site-packages/dbcounter.py:115}}
Jul 30 17:57:09.605782 np0000032037 devstack@placement-api.service[74153]: DEBUG placement.requestlog [req-4d884bfd-4238-4489-8e28-6f924647263b req-e166cba6-0973-4f8d-81a6-24b7a185b2bb None None] Starting request: 192.168.1.110 "GET /placement/resource_providers/2e102faf-0dbb-420b-b996-7ea852c601a3/allocations" {{(pid=74153) __call__ /opt/stack/placement/placement/requestlog.py:55}}
Jul 30 17:57:09.613442 np0000032037 devstack@placement-api.service[74153]: INFO placement.requestlog [req-4d884bfd-4238-4489-8e28-6f924647263b req-e166cba6-0973-4f8d-81a6-24b7a185b2bb service nova] 192.168.1.110 "GET /placement/resource_providers/2e102faf-0dbb-420b-b996-7ea852c601a3/allocations" status: 200 len: 153 microversion: 1.0
Jul 30 17:57:09.613602 np0000032037 devstack@placement-api.service[74153]: [pid: 74153|app: 0|req: 71/141] 192.168.1.110 () {66 vars in 1523 bytes} [Wed Jul 30 17:57:09 2025] GET /placement/resource_providers/2e102faf-0dbb-420b-b996-7ea852c601a3/allocations => generated 153 bytes in 8 msecs (HTTP/1.1 200) 6 headers in 224 bytes (1 switches on core 0)
Jul 30 17:57:09.619163 np0000032037 devstack@placement-api.service[74152]: DEBUG placement.requestlog [req-4d884bfd-4238-4489-8e28-6f924647263b req-011d1f41-f32d-42ef-8537-258f72fbaa75 None None] Starting request: 192.168.1.110 "GET /placement/resource_providers/2e102faf-0dbb-420b-b996-7ea852c601a3/allocations" {{(pid=74152) __call__ /opt/stack/placement/placement/requestlog.py:55}}
Jul 30 17:57:09.626097 np0000032037 devstack@placement-api.service[74152]: INFO placement.requestlog [req-4d884bfd-4238-4489-8e28-6f924647263b req-011d1f41-f32d-42ef-8537-258f72fbaa75 service nova] 192.168.1.110 "GET /placement/resource_providers/2e102faf-0dbb-420b-b996-7ea852c601a3/allocations" status: 200 len: 153 microversion: 1.0
Jul 30 17:57:09.626265 np0000032037 devstack@placement-api.service[74152]: [pid: 74152|app: 0|req: 71/142] 192.168.1.110 () {66 vars in 1523 bytes} [Wed Jul 30 17:57:09 2025] GET /placement/resource_providers/2e102faf-0dbb-420b-b996-7ea852c601a3/allocations => generated 153 bytes in 7 msecs (HTTP/1.1 200) 6 headers in 224 bytes (1 switches on core 0)
Jul 30 17:57:09.630385 np0000032037 devstack@placement-api.service[74153]: DEBUG placement.requestlog [req-4d884bfd-4238-4489-8e28-6f924647263b req-35af0a4c-ac6a-418e-89dc-685a03e1b555 None None] Starting request: 192.168.1.110 "GET /placement/allocations/9d1fcf69-8867-4bbd-890a-3d204e7c92ab" {{(pid=74153) __call__ /opt/stack/placement/placement/requestlog.py:55}}
Jul 30 17:57:09.635107 np0000032037 devstack@placement-api.service[74153]: INFO placement.requestlog [req-4d884bfd-4238-4489-8e28-6f924647263b req-35af0a4c-ac6a-418e-89dc-685a03e1b555 service nova] 192.168.1.110 "GET /placement/allocations/9d1fcf69-8867-4bbd-890a-3d204e7c92ab" status: 200 len: 258 microversion: 1.28
Jul 30 17:57:09.635265 np0000032037 devstack@placement-api.service[74153]: [pid: 74153|app: 0|req: 72/143] 192.168.1.110 () {68 vars in 1510 bytes} [Wed Jul 30 17:57:09 2025] GET /placement/allocations/9d1fcf69-8867-4bbd-890a-3d204e7c92ab => generated 258 bytes in 5 msecs (HTTP/1.1 200) 8 headers in 296 bytes (1 switches on core 0)
Jul 30 17:57:19.625469 np0000032037 devstack@placement-api.service[74152]: DEBUG dbcounter [-] [74152] Writing DB stats placement:SELECT=3 {{(pid=74152) stat_writer /opt/stack/data/venv/lib/python3.12/site-packages/dbcounter.py:115}}
Jul 30 17:57:19.634393 np0000032037 devstack@placement-api.service[74153]: DEBUG dbcounter [-] [74153] Writing DB stats placement:SELECT=5 {{(pid=74153) stat_writer /opt/stack/data/venv/lib/python3.12/site-packages/dbcounter.py:115}}
Jul 30 17:58:09.599822 np0000032037 devstack@placement-api.service[74152]: DEBUG placement.requestlog [req-951ef925-b00d-4dcc-8c5b-e050f69ecd08 req-bac08148-e0de-4e3a-b8fd-05351183ad35 None None] Starting request: 192.168.1.110 "GET /placement/resource_providers/2e102faf-0dbb-420b-b996-7ea852c601a3/allocations" {{(pid=74152) __call__ /opt/stack/placement/placement/requestlog.py:55}}
Jul 30 17:58:09.607022 np0000032037 devstack@placement-api.service[74152]: INFO placement.requestlog [req-951ef925-b00d-4dcc-8c5b-e050f69ecd08 req-bac08148-e0de-4e3a-b8fd-05351183ad35 service nova] 192.168.1.110 "GET /placement/resource_providers/2e102faf-0dbb-420b-b996-7ea852c601a3/allocations" status: 200 len: 153 microversion: 1.0
Jul 30 17:58:09.607193 np0000032037 devstack@placement-api.service[74152]: [pid: 74152|app: 0|req: 72/144] 192.168.1.110 () {66 vars in 1523 bytes} [Wed Jul 30 17:58:09 2025] GET /placement/resource_providers/2e102faf-0dbb-420b-b996-7ea852c601a3/allocations => generated 153 bytes in 7 msecs (HTTP/1.1 200) 6 headers in 224 bytes (1 switches on core 0)
Jul 30 17:58:09.612780 np0000032037 devstack@placement-api.service[74153]: DEBUG placement.requestlog [req-951ef925-b00d-4dcc-8c5b-e050f69ecd08 req-3374f8c3-711c-44f1-9c50-975fa1475a9a None None] Starting request: 192.168.1.110 "GET /placement/resource_providers/2e102faf-0dbb-420b-b996-7ea852c601a3/allocations" {{(pid=74153) __call__ /opt/stack/placement/placement/requestlog.py:55}}
Jul 30 17:58:09.619688 np0000032037 devstack@placement-api.service[74153]: INFO placement.requestlog [req-951ef925-b00d-4dcc-8c5b-e050f69ecd08 req-3374f8c3-711c-44f1-9c50-975fa1475a9a service nova] 192.168.1.110 "GET /placement/resource_providers/2e102faf-0dbb-420b-b996-7ea852c601a3/allocations" status: 200 len: 153 microversion: 1.0
Jul 30 17:58:09.619876 np0000032037 devstack@placement-api.service[74153]: [pid: 74153|app: 0|req: 73/145] 192.168.1.110 () {66 vars in 1523 bytes} [Wed Jul 30 17:58:09 2025] GET /placement/resource_providers/2e102faf-0dbb-420b-b996-7ea852c601a3/allocations => generated 153 bytes in 7 msecs (HTTP/1.1 200) 6 headers in 224 bytes (1 switches on core 0)
Jul 30 17:58:09.624348 np0000032037 devstack@placement-api.service[74152]: DEBUG placement.requestlog [req-951ef925-b00d-4dcc-8c5b-e050f69ecd08 req-d112c76c-354c-4a3d-aed5-3d30cacf7e8e None None] Starting request: 192.168.1.110 "GET /placement/allocations/9d1fcf69-8867-4bbd-890a-3d204e7c92ab" {{(pid=74152) __call__ /opt/stack/placement/placement/requestlog.py:55}}
Jul 30 17:58:09.629043 np0000032037 devstack@placement-api.service[74152]: INFO placement.requestlog [req-951ef925-b00d-4dcc-8c5b-e050f69ecd08 req-d112c76c-354c-4a3d-aed5-3d30cacf7e8e service nova] 192.168.1.110 "GET /placement/allocations/9d1fcf69-8867-4bbd-890a-3d204e7c92ab" status: 200 len: 258 microversion: 1.28
Jul 30 17:58:09.629265 np0000032037 devstack@placement-api.service[74152]: [pid: 74152|app: 0|req: 73/146] 192.168.1.110 () {68 vars in 1510 bytes} [Wed Jul 30 17:58:09 2025] GET /placement/allocations/9d1fcf69-8867-4bbd-890a-3d204e7c92ab => generated 258 bytes in 5 msecs (HTTP/1.1 200) 8 headers in 296 bytes (1 switches on core 0)
Jul 30 17:58:19.619387 np0000032037 devstack@placement-api.service[74153]: DEBUG dbcounter [-] [74153] Writing DB stats placement:SELECT=3 {{(pid=74153) stat_writer /opt/stack/data/venv/lib/python3.12/site-packages/dbcounter.py:115}}
Jul 30 17:58:19.628385 np0000032037 devstack@placement-api.service[74152]: DEBUG dbcounter [-] [74152] Writing DB stats placement:SELECT=5 {{(pid=74152) stat_writer /opt/stack/data/venv/lib/python3.12/site-packages/dbcounter.py:115}}
Jul 30 17:58:39.199678 np0000032037 devstack@placement-api.service[74153]: DEBUG placement.requestlog [req-76a5c6f9-21a1-40a8-a52c-c1f9296f39b4 req-26515e23-07f2-4114-b3c8-5f9bceec9bdf None None] Starting request: 192.168.1.110 "GET /placement/resource_providers/2e102faf-0dbb-420b-b996-7ea852c601a3/allocations" {{(pid=74153) __call__ /opt/stack/placement/placement/requestlog.py:55}}
Jul 30 17:58:39.206799 np0000032037 devstack@placement-api.service[74153]: INFO placement.requestlog [req-76a5c6f9-21a1-40a8-a52c-c1f9296f39b4 req-26515e23-07f2-4114-b3c8-5f9bceec9bdf service nova] 192.168.1.110 "GET /placement/resource_providers/2e102faf-0dbb-420b-b996-7ea852c601a3/allocations" status: 200 len: 153 microversion: 1.0
Jul 30 17:58:39.207035 np0000032037 devstack@placement-api.service[74153]: [pid: 74153|app: 0|req: 74/147] 192.168.1.110 () {66 vars in 1523 bytes} [Wed Jul 30 17:58:39 2025] GET /placement/resource_providers/2e102faf-0dbb-420b-b996-7ea852c601a3/allocations => generated 153 bytes in 7 msecs (HTTP/1.1 200) 6 headers in 224 bytes (1 switches on core 0)
Jul 30 17:58:39.211123 np0000032037 devstack@placement-api.service[74152]: DEBUG placement.requestlog [req-76a5c6f9-21a1-40a8-a52c-c1f9296f39b4 req-90e5f512-9549-4ae5-bcba-e5c8cef42e4c None None] Starting request: 192.168.1.110 "GET /placement/allocations/9d1fcf69-8867-4bbd-890a-3d204e7c92ab" {{(pid=74152) __call__ /opt/stack/placement/placement/requestlog.py:55}}
Jul 30 17:58:39.216359 np0000032037 devstack@placement-api.service[74152]: INFO placement.requestlog [req-76a5c6f9-21a1-40a8-a52c-c1f9296f39b4 req-90e5f512-9549-4ae5-bcba-e5c8cef42e4c service nova] 192.168.1.110 "GET /placement/allocations/9d1fcf69-8867-4bbd-890a-3d204e7c92ab" status: 200 len: 258 microversion: 1.28
Jul 30 17:58:39.216512 np0000032037 devstack@placement-api.service[74152]: [pid: 74152|app: 0|req: 74/148] 192.168.1.110 () {68 vars in 1510 bytes} [Wed Jul 30 17:58:39 2025] GET /placement/allocations/9d1fcf69-8867-4bbd-890a-3d204e7c92ab => generated 258 bytes in 5 msecs (HTTP/1.1 200) 8 headers in 296 bytes (1 switches on core 0)
Jul 30 17:58:40.230605 np0000032037 devstack@placement-api.service[74153]: DEBUG placement.requestlog [req-76a5c6f9-21a1-40a8-a52c-c1f9296f39b4 req-5713d230-b6fa-4e3f-9304-8ac7911d34fe None None] Starting request: 192.168.1.110 "DELETE /placement/allocations/9d1fcf69-8867-4bbd-890a-3d204e7c92ab" {{(pid=74153) __call__ /opt/stack/placement/placement/requestlog.py:55}}
Jul 30 17:58:40.244182 np0000032037 devstack@placement-api.service[74153]: DEBUG placement.handlers.allocation [req-76a5c6f9-21a1-40a8-a52c-c1f9296f39b4 req-5713d230-b6fa-4e3f-9304-8ac7911d34fe service nova] Successfully deleted allocations [<placement.objects.allocation.Allocation object at 0x7122ff0e2c00>, <placement.objects.allocation.Allocation object at 0x7122fe722480>, <placement.objects.allocation.Allocation object at 0x7122fe720c50>] {{(pid=74153) delete_allocations /opt/stack/placement/placement/handlers/allocation.py:627}}
Jul 30 17:58:40.244661 np0000032037 devstack@placement-api.service[74153]: INFO placement.requestlog [req-76a5c6f9-21a1-40a8-a52c-c1f9296f39b4 req-5713d230-b6fa-4e3f-9304-8ac7911d34fe service nova] 192.168.1.110 "DELETE /placement/allocations/9d1fcf69-8867-4bbd-890a-3d204e7c92ab" status: 204 len: 0 microversion: 1.0
Jul 30 17:58:40.244661 np0000032037 devstack@placement-api.service[74153]: [pid: 74153|app: 0|req: 75/149] 192.168.1.110 () {68 vars in 1488 bytes} [Wed Jul 30 17:58:40 2025] DELETE /placement/allocations/9d1fcf69-8867-4bbd-890a-3d204e7c92ab => generated 0 bytes in 14 msecs (HTTP/1.1 204) 5 headers in 198 bytes (1 switches on core 0)
Jul 30 17:58:42.719078 np0000032037 devstack@placement-api.service[74152]: DEBUG placement.requestlog [None req-b509abe2-a958-4ffe-85ff-a3054ac2158a None None] Starting request: 192.168.1.110 "GET /placement/resource_providers/5f8eea2a-31b3-475b-a282-9becd98851a0/aggregates" {{(pid=74152) __call__ /opt/stack/placement/placement/requestlog.py:55}}
Jul 30 17:58:42.739381 np0000032037 devstack@placement-api.service[74152]: INFO placement.requestlog [None req-b509abe2-a958-4ffe-85ff-a3054ac2158a service placement] 192.168.1.110 "GET /placement/resource_providers/5f8eea2a-31b3-475b-a282-9becd98851a0/aggregates" status: 404 len: 235 microversion: 1.1
Jul 30 17:58:42.740128 np0000032037 devstack@placement-api.service[74152]: [pid: 74152|app: 0|req: 75/150] 192.168.1.110 () {66 vars in 1485 bytes} [Wed Jul 30 17:58:42 2025] GET /placement/resource_providers/5f8eea2a-31b3-475b-a282-9becd98851a0/aggregates => generated 235 bytes in 20 msecs (HTTP/1.1 404) 5 headers in 202 bytes (1 switches on core 0)
Jul 30 17:58:42.747030 np0000032037 devstack@placement-api.service[74153]: DEBUG placement.requestlog [None req-2e1426ef-ce9f-4cae-8605-d13213eb7083 None None] Starting request: 192.168.1.110 "DELETE /placement/resource_providers/5f8eea2a-31b3-475b-a282-9becd98851a0" {{(pid=74153) __call__ /opt/stack/placement/placement/requestlog.py:55}}
Jul 30 17:58:42.751881 np0000032037 devstack@placement-api.service[74153]: DEBUG placement.wsgi_wrapper [None req-2e1426ef-ce9f-4cae-8605-d13213eb7083 service placement] Placement API returning an error response: No resource provider with uuid 5f8eea2a-31b3-475b-a282-9becd98851a0 found for delete {{(pid=74153) call_func /opt/stack/placement/placement/wsgi_wrapper.py:31}}
Jul 30 17:58:42.752175 np0000032037 devstack@placement-api.service[74153]: INFO placement.requestlog [None req-2e1426ef-ce9f-4cae-8605-d13213eb7083 service placement] 192.168.1.110 "DELETE /placement/resource_providers/5f8eea2a-31b3-475b-a282-9becd98851a0" status: 404 len: 246 microversion: 1.1
Jul 30 17:58:42.752320 np0000032037 devstack@placement-api.service[74153]: [pid: 74153|app: 0|req: 76/151] 192.168.1.110 () {68 vars in 1474 bytes} [Wed Jul 30 17:58:42 2025] DELETE /placement/resource_providers/5f8eea2a-31b3-475b-a282-9becd98851a0 => generated 246 bytes in 5 msecs (HTTP/1.1 404) 6 headers in 231 bytes (1 switches on core 0)
Jul 30 17:58:43.956699 np0000032037 devstack@placement-api.service[74152]: DEBUG placement.requestlog [None req-973b2b3c-4a8f-4d85-b33e-565f1f34b102 None None] Starting request: 192.168.1.110 "GET /placement/resource_providers/ac14806a-eceb-4998-967b-96f7094fb9bd/aggregates" {{(pid=74152) __call__ /opt/stack/placement/placement/requestlog.py:55}}
Jul 30 17:58:43.960893 np0000032037 devstack@placement-api.service[74152]: INFO placement.requestlog [None req-973b2b3c-4a8f-4d85-b33e-565f1f34b102 service placement] 192.168.1.110 "GET /placement/resource_providers/ac14806a-eceb-4998-967b-96f7094fb9bd/aggregates" status: 404 len: 235 microversion: 1.1
Jul 30 17:58:43.961038 np0000032037 devstack@placement-api.service[74152]: [pid: 74152|app: 0|req: 76/152] 192.168.1.110 () {66 vars in 1485 bytes} [Wed Jul 30 17:58:43 2025] GET /placement/resource_providers/ac14806a-eceb-4998-967b-96f7094fb9bd/aggregates => generated 235 bytes in 4 msecs (HTTP/1.1 404) 5 headers in 202 bytes (1 switches on core 0)
Jul 30 17:58:43.967805 np0000032037 devstack@placement-api.service[74153]: DEBUG placement.requestlog [None req-42e0056c-f1f8-4e32-a9fc-b6e208a55f8e None None] Starting request: 192.168.1.110 "DELETE /placement/resource_providers/ac14806a-eceb-4998-967b-96f7094fb9bd" {{(pid=74153) __call__ /opt/stack/placement/placement/requestlog.py:55}}
Jul 30 17:58:43.971849 np0000032037 devstack@placement-api.service[74153]: DEBUG placement.wsgi_wrapper [None req-42e0056c-f1f8-4e32-a9fc-b6e208a55f8e service placement] Placement API returning an error response: No resource provider with uuid ac14806a-eceb-4998-967b-96f7094fb9bd found for delete {{(pid=74153) call_func /opt/stack/placement/placement/wsgi_wrapper.py:31}}
Jul 30 17:58:43.972337 np0000032037 devstack@placement-api.service[74153]: INFO placement.requestlog [None req-42e0056c-f1f8-4e32-a9fc-b6e208a55f8e service placement] 192.168.1.110 "DELETE /placement/resource_providers/ac14806a-eceb-4998-967b-96f7094fb9bd" status: 404 len: 246 microversion: 1.1
Jul 30 17:58:43.972525 np0000032037 devstack@placement-api.service[74153]: [pid: 74153|app: 0|req: 77/153] 192.168.1.110 () {68 vars in 1474 bytes} [Wed Jul 30 17:58:43 2025] DELETE /placement/resource_providers/ac14806a-eceb-4998-967b-96f7094fb9bd => generated 246 bytes in 5 msecs (HTTP/1.1 404) 6 headers in 231 bytes (1 switches on core 0)
Jul 30 17:58:45.978291 np0000032037 devstack@placement-api.service[74152]: DEBUG placement.requestlog [None req-b47729d5-0ac3-477b-9450-83596de2c1d6 None None] Starting request: 192.168.1.110 "GET /placement/resource_providers/20ec2b4d-ad16-42ce-a36c-9f2807fe5638/aggregates" {{(pid=74152) __call__ /opt/stack/placement/placement/requestlog.py:55}}
Jul 30 17:58:45.982607 np0000032037 devstack@placement-api.service[74152]: INFO placement.requestlog [None req-b47729d5-0ac3-477b-9450-83596de2c1d6 service placement] 192.168.1.110 "GET /placement/resource_providers/20ec2b4d-ad16-42ce-a36c-9f2807fe5638/aggregates" status: 404 len: 235 microversion: 1.1
Jul 30 17:58:45.982837 np0000032037 devstack@placement-api.service[74152]: [pid: 74152|app: 0|req: 77/154] 192.168.1.110 () {66 vars in 1485 bytes} [Wed Jul 30 17:58:45 2025] GET /placement/resource_providers/20ec2b4d-ad16-42ce-a36c-9f2807fe5638/aggregates => generated 235 bytes in 4 msecs (HTTP/1.1 404) 5 headers in 202 bytes (1 switches on core 0)
Jul 30 17:58:45.987291 np0000032037 devstack@placement-api.service[74153]: DEBUG placement.requestlog [None req-26a5b9e0-a6da-40cf-bb91-6b246cd0c546 None None] Starting request: 192.168.1.110 "DELETE /placement/resource_providers/20ec2b4d-ad16-42ce-a36c-9f2807fe5638" {{(pid=74153) __call__ /opt/stack/placement/placement/requestlog.py:55}}
Jul 30 17:58:45.991089 np0000032037 devstack@placement-api.service[74153]: DEBUG placement.wsgi_wrapper [None req-26a5b9e0-a6da-40cf-bb91-6b246cd0c546 service placement] Placement API returning an error response: No resource provider with uuid 20ec2b4d-ad16-42ce-a36c-9f2807fe5638 found for delete {{(pid=74153) call_func /opt/stack/placement/placement/wsgi_wrapper.py:31}}
Jul 30 17:58:45.991394 np0000032037 devstack@placement-api.service[74153]: INFO placement.requestlog [None req-26a5b9e0-a6da-40cf-bb91-6b246cd0c546 service placement] 192.168.1.110 "DELETE /placement/resource_providers/20ec2b4d-ad16-42ce-a36c-9f2807fe5638" status: 404 len: 246 microversion: 1.1
Jul 30 17:58:45.991539 np0000032037 devstack@placement-api.service[74153]: [pid: 74153|app: 0|req: 78/155] 192.168.1.110 () {68 vars in 1474 bytes} [Wed Jul 30 17:58:45 2025] DELETE /placement/resource_providers/20ec2b4d-ad16-42ce-a36c-9f2807fe5638 => generated 246 bytes in 4 msecs (HTTP/1.1 404) 6 headers in 231 bytes (1 switches on core 0)
Jul 30 17:58:52.878399 np0000032037 devstack@placement-api.service[74152]: DEBUG placement.requestlog [None req-9bcbdf85-3ce8-45ff-8f24-aea19e725f6e None None] Starting request: 192.168.1.110 "GET /placement/resource_providers/b146ccc1-90e4-4a88-b4a6-acc1bc54758e/aggregates" {{(pid=74152) __call__ /opt/stack/placement/placement/requestlog.py:55}}
Jul 30 17:58:52.882235 np0000032037 devstack@placement-api.service[74152]: INFO placement.requestlog [None req-9bcbdf85-3ce8-45ff-8f24-aea19e725f6e service placement] 192.168.1.110 "GET /placement/resource_providers/b146ccc1-90e4-4a88-b4a6-acc1bc54758e/aggregates" status: 404 len: 235 microversion: 1.1
Jul 30 17:58:52.882389 np0000032037 devstack@placement-api.service[74152]: [pid: 74152|app: 0|req: 78/156] 192.168.1.110 () {66 vars in 1485 bytes} [Wed Jul 30 17:58:52 2025] GET /placement/resource_providers/b146ccc1-90e4-4a88-b4a6-acc1bc54758e/aggregates => generated 235 bytes in 4 msecs (HTTP/1.1 404) 5 headers in 202 bytes (1 switches on core 0)
Jul 30 17:58:52.887842 np0000032037 devstack@placement-api.service[74153]: DEBUG placement.requestlog [None req-52724073-e45e-4695-b206-e42e9f30260a None None] Starting request: 192.168.1.110 "DELETE /placement/resource_providers/b146ccc1-90e4-4a88-b4a6-acc1bc54758e" {{(pid=74153) __call__ /opt/stack/placement/placement/requestlog.py:55}}
Jul 30 17:58:52.893758 np0000032037 devstack@placement-api.service[74153]: DEBUG placement.wsgi_wrapper [None req-52724073-e45e-4695-b206-e42e9f30260a service placement] Placement API returning an error response: No resource provider with uuid b146ccc1-90e4-4a88-b4a6-acc1bc54758e found for delete {{(pid=74153) call_func /opt/stack/placement/placement/wsgi_wrapper.py:31}}
Jul 30 17:58:52.894038 np0000032037 devstack@placement-api.service[74153]: INFO placement.requestlog [None req-52724073-e45e-4695-b206-e42e9f30260a service placement] 192.168.1.110 "DELETE /placement/resource_providers/b146ccc1-90e4-4a88-b4a6-acc1bc54758e" status: 404 len: 246 microversion: 1.1
Jul 30 17:58:52.894189 np0000032037 devstack@placement-api.service[74153]: [pid: 74153|app: 0|req: 79/157] 192.168.1.110 () {68 vars in 1474 bytes} [Wed Jul 30 17:58:52 2025] DELETE /placement/resource_providers/b146ccc1-90e4-4a88-b4a6-acc1bc54758e => generated 246 bytes in 7 msecs (HTTP/1.1 404) 6 headers in 231 bytes (1 switches on core 0)
Jul 30 17:58:54.900753 np0000032037 devstack@placement-api.service[74152]: DEBUG placement.requestlog [None req-5f785101-43b5-4a8c-8e6f-1900b0c99ad4 None None] Starting request: 192.168.1.110 "GET /placement/resource_providers/056e7571-5b6b-46ae-ac2a-fdef29d2de8f/aggregates" {{(pid=74152) __call__ /opt/stack/placement/placement/requestlog.py:55}}
Jul 30 17:58:54.904879 np0000032037 devstack@placement-api.service[74152]: INFO placement.requestlog [None req-5f785101-43b5-4a8c-8e6f-1900b0c99ad4 service placement] 192.168.1.110 "GET /placement/resource_providers/056e7571-5b6b-46ae-ac2a-fdef29d2de8f/aggregates" status: 404 len: 235 microversion: 1.1
Jul 30 17:58:54.905027 np0000032037 devstack@placement-api.service[74152]: [pid: 74152|app: 0|req: 79/158] 192.168.1.110 () {66 vars in 1485 bytes} [Wed Jul 30 17:58:54 2025] GET /placement/resource_providers/056e7571-5b6b-46ae-ac2a-fdef29d2de8f/aggregates => generated 235 bytes in 4 msecs (HTTP/1.1 404) 5 headers in 202 bytes (1 switches on core 0)
Jul 30 17:58:54.909912 np0000032037 devstack@placement-api.service[74153]: DEBUG placement.requestlog [None req-a1b9e561-c0ee-43f3-a9d5-d037c0d94fbd None None] Starting request: 192.168.1.110 "DELETE /placement/resource_providers/056e7571-5b6b-46ae-ac2a-fdef29d2de8f" {{(pid=74153) __call__ /opt/stack/placement/placement/requestlog.py:55}}
Jul 30 17:58:54.913358 np0000032037 devstack@placement-api.service[74153]: DEBUG placement.wsgi_wrapper [None req-a1b9e561-c0ee-43f3-a9d5-d037c0d94fbd service placement] Placement API returning an error response: No resource provider with uuid 056e7571-5b6b-46ae-ac2a-fdef29d2de8f found for delete {{(pid=74153) call_func /opt/stack/placement/placement/wsgi_wrapper.py:31}}
Jul 30 17:58:54.913714 np0000032037 devstack@placement-api.service[74153]: INFO placement.requestlog [None req-a1b9e561-c0ee-43f3-a9d5-d037c0d94fbd service placement] 192.168.1.110 "DELETE /placement/resource_providers/056e7571-5b6b-46ae-ac2a-fdef29d2de8f" status: 404 len: 246 microversion: 1.1
Jul 30 17:58:54.913920 np0000032037 devstack@placement-api.service[74153]: [pid: 74153|app: 0|req: 80/159] 192.168.1.110 () {68 vars in 1474 bytes} [Wed Jul 30 17:58:54 2025] DELETE /placement/resource_providers/056e7571-5b6b-46ae-ac2a-fdef29d2de8f => generated 246 bytes in 4 msecs (HTTP/1.1 404) 6 headers in 231 bytes (1 switches on core 0)
Jul 30 17:59:04.904361 np0000032037 devstack@placement-api.service[74152]: DEBUG dbcounter [-] [74152] Writing DB stats placement:SELECT=7 {{(pid=74152) stat_writer /opt/stack/data/venv/lib/python3.12/site-packages/dbcounter.py:115}}
Jul 30 17:59:04.912946 np0000032037 devstack@placement-api.service[74153]: DEBUG dbcounter [-] [74153] Writing DB stats placement:SELECT=11,placement:DELETE=2 {{(pid=74153) stat_writer /opt/stack/data/venv/lib/python3.12/site-packages/dbcounter.py:115}}
Jul 30 17:59:09.525327 np0000032037 devstack@placement-api.service[74152]: DEBUG placement.requestlog [req-c7867ddd-8db7-40c7-8b10-947356fe0087 req-7edb2d36-75ad-40ec-8d67-e9d530519131 None None] Starting request: 192.168.1.110 "GET /placement/resource_providers/2e102faf-0dbb-420b-b996-7ea852c601a3/allocations" {{(pid=74152) __call__ /opt/stack/placement/placement/requestlog.py:55}}
Jul 30 17:59:09.531262 np0000032037 devstack@placement-api.service[74152]: INFO placement.requestlog [req-c7867ddd-8db7-40c7-8b10-947356fe0087 req-7edb2d36-75ad-40ec-8d67-e9d530519131 service nova] 192.168.1.110 "GET /placement/resource_providers/2e102faf-0dbb-420b-b996-7ea852c601a3/allocations" status: 200 len: 54 microversion: 1.0
Jul 30 17:59:09.531437 np0000032037 devstack@placement-api.service[74152]: [pid: 74152|app: 0|req: 80/160] 192.168.1.110 () {66 vars in 1523 bytes} [Wed Jul 30 17:59:09 2025] GET /placement/resource_providers/2e102faf-0dbb-420b-b996-7ea852c601a3/allocations => generated 54 bytes in 6 msecs (HTTP/1.1 200) 6 headers in 223 bytes (1 switches on core 0)
Jul 30 17:59:09.536572 np0000032037 devstack@placement-api.service[74153]: DEBUG placement.requestlog [req-c7867ddd-8db7-40c7-8b10-947356fe0087 req-a71b31db-da7d-47f0-b52c-7af71b137149 None None] Starting request: 192.168.1.110 "GET /placement/resource_providers/2e102faf-0dbb-420b-b996-7ea852c601a3/allocations" {{(pid=74153) __call__ /opt/stack/placement/placement/requestlog.py:55}}
Jul 30 17:59:09.588005 np0000032037 devstack@placement-api.service[74153]: INFO placement.requestlog [req-c7867ddd-8db7-40c7-8b10-947356fe0087 req-a71b31db-da7d-47f0-b52c-7af71b137149 service nova] 192.168.1.110 "GET /placement/resource_providers/2e102faf-0dbb-420b-b996-7ea852c601a3/allocations" status: 200 len: 54 microversion: 1.0
Jul 30 17:59:09.588005 np0000032037 devstack@placement-api.service[74153]: [pid: 74153|app: 0|req: 81/161] 192.168.1.110 () {66 vars in 1523 bytes} [Wed Jul 30 17:59:09 2025] GET /placement/resource_providers/2e102faf-0dbb-420b-b996-7ea852c601a3/allocations => generated 54 bytes in 51 msecs (HTTP/1.1 200) 6 headers in 223 bytes (1 switches on core 0)
Jul 30 17:59:19.530819 np0000032037 devstack@placement-api.service[74152]: DEBUG dbcounter [-] [74152] Writing DB stats placement:SELECT=2 {{(pid=74152) stat_writer /opt/stack/data/venv/lib/python3.12/site-packages/dbcounter.py:115}}
Jul 30 17:59:19.587344 np0000032037 devstack@placement-api.service[74153]: DEBUG dbcounter [-] [74153] Writing DB stats placement:SELECT=2 {{(pid=74153) stat_writer /opt/stack/data/venv/lib/python3.12/site-packages/dbcounter.py:115}}
