Jul 30 17:38:56.119334 np0000032037 systemd[1]: Starting devstack@g-api.service - Devstack devstack@g-api.service...
Jul 30 17:38:56.122595 np0000032037 devstack@g-api.service[80697]: [uWSGI] getting INI configuration from /etc/glance/glance-uwsgi.ini
Jul 30 17:38:56.124324 np0000032037 devstack@g-api.service[80697]: *** Starting uWSGI 2.0.24-debian (64bit) on [Wed Jul 30 17:38:56 2025] ***
Jul 30 17:38:56.124324 np0000032037 devstack@g-api.service[80697]: compiled with version: 13.2.0 on 17 April 2024 16:23:48
Jul 30 17:38:56.124324 np0000032037 devstack@g-api.service[80697]: os: Linux-6.8.0-71-generic #71-Ubuntu SMP PREEMPT_DYNAMIC Tue Jul 22 16:52:38 UTC 2025
Jul 30 17:38:56.124324 np0000032037 devstack@g-api.service[80697]: nodename: np0000032037
Jul 30 17:38:56.124324 np0000032037 devstack@g-api.service[80697]: machine: x86_64
Jul 30 17:38:56.124403 np0000032037 devstack@g-api.service[80697]: clock source: unix
Jul 30 17:38:56.124403 np0000032037 devstack@g-api.service[80697]: pcre jit disabled
Jul 30 17:38:56.124403 np0000032037 devstack@g-api.service[80697]: detected number of CPU cores: 8
Jul 30 17:38:56.124403 np0000032037 devstack@g-api.service[80697]: current working directory: /
Jul 30 17:38:56.124403 np0000032037 devstack@g-api.service[80697]: detected binary path: /usr/bin/uwsgi-core
Jul 30 17:38:56.124403 np0000032037 devstack@g-api.service[80697]: your processes number limit is 47563
Jul 30 17:38:56.124403 np0000032037 devstack@g-api.service[80697]: your memory page size is 4096 bytes
Jul 30 17:38:56.124403 np0000032037 devstack@g-api.service[80697]: detected max file descriptor number: 2048
Jul 30 17:38:56.124403 np0000032037 devstack@g-api.service[80697]: lock engine: pthread robust mutexes
Jul 30 17:38:56.124516 np0000032037 devstack@g-api.service[80697]: thunder lock: enabled
Jul 30 17:38:56.124516 np0000032037 devstack@g-api.service[80697]: uwsgi socket 0 bound to TCP address 127.0.0.1:60999 fd 4
Jul 30 17:38:56.124549 np0000032037 devstack@g-api.service[80697]: Python version: 3.12.3 (main, Jun 18 2025, 17:59:45) [GCC 13.3.0]
Jul 30 17:38:56.124567 np0000032037 devstack@g-api.service[80697]: PEP 405 virtualenv detected: /opt/stack/data/venv
Jul 30 17:38:56.124567 np0000032037 devstack@g-api.service[80697]: Set PythonHome to /opt/stack/data/venv
Jul 30 17:38:56.150854 np0000032037 devstack@g-api.service[80697]: Python main interpreter initialized at 0x7a069d0a39e8
Jul 30 17:38:56.150854 np0000032037 devstack@g-api.service[80697]: python threads support enabled
Jul 30 17:38:56.150924 np0000032037 devstack@g-api.service[80697]: your server socket listen backlog is limited to 100 connections
Jul 30 17:38:56.150924 np0000032037 devstack@g-api.service[80697]: your mercy for graceful operations on workers is 80 seconds
Jul 30 17:38:56.151078 np0000032037 devstack@g-api.service[80697]: mapped 403077 bytes (393 KB) for 2 cores
Jul 30 17:38:56.151147 np0000032037 devstack@g-api.service[80697]: *** Operational MODE: preforking ***
Jul 30 17:38:56.151291 np0000032037 devstack@g-api.service[80697]: *** uWSGI is running in multiple interpreter mode ***
Jul 30 17:38:56.151291 np0000032037 devstack@g-api.service[80697]: spawned uWSGI master process (pid: 80697)
Jul 30 17:38:56.151391 np0000032037 systemd[1]: Started devstack@g-api.service - Devstack devstack@g-api.service.
Jul 30 17:38:56.152336 np0000032037 devstack@g-api.service[80697]: spawned uWSGI worker 1 (pid: 80698, cores: 1)
Jul 30 17:38:56.152336 np0000032037 devstack@g-api.service[80697]: spawned uWSGI worker 2 (pid: 80699, cores: 1)
Jul 30 17:38:56.152336 np0000032037 devstack@g-api.service[80697]: running "unix_signal:15 gracefully_kill_them_all" (master-start)...
Jul 30 17:38:56.756140 np0000032037 devstack@g-api.service[80698]: INFO glance.async_ [-] Threadpool model set to 'NativeThreadPoolModel'
Jul 30 17:38:56.765655 np0000032037 devstack@g-api.service[80699]: INFO glance.async_ [-] Threadpool model set to 'NativeThreadPoolModel'
Jul 30 17:38:56.808144 np0000032037 devstack@g-api.service[80698]: DEBUG oslo_concurrency.processutils [-] Running cmd (subprocess): grep -F node.session.scan /sbin/iscsiadm {{(pid=80698) execute /opt/stack/data/venv/lib/python3.12/site-packages/oslo_concurrency/processutils.py:349}}
Jul 30 17:38:56.813045 np0000032037 devstack@g-api.service[80698]: DEBUG oslo_concurrency.processutils [-] CMD "grep -F node.session.scan /sbin/iscsiadm" returned: 0 in 0.005s {{(pid=80698) execute /opt/stack/data/venv/lib/python3.12/site-packages/oslo_concurrency/processutils.py:372}}
Jul 30 17:38:56.819293 np0000032037 devstack@g-api.service[80699]: DEBUG oslo_concurrency.processutils [-] Running cmd (subprocess): grep -F node.session.scan /sbin/iscsiadm {{(pid=80699) execute /opt/stack/data/venv/lib/python3.12/site-packages/oslo_concurrency/processutils.py:349}}
Jul 30 17:38:56.823923 np0000032037 devstack@g-api.service[80699]: DEBUG oslo_concurrency.processutils [-] CMD "grep -F node.session.scan /sbin/iscsiadm" returned: 0 in 0.005s {{(pid=80699) execute /opt/stack/data/venv/lib/python3.12/site-packages/oslo_concurrency/processutils.py:372}}
Jul 30 17:38:56.829156 np0000032037 devstack@g-api.service[80698]: DEBUG glance_store.common.attachment_state_manager [-] Initialising _AttachmentStateManager {{(pid=80698) __init__ /opt/stack/data/venv/lib/python3.12/site-packages/glance_store/common/attachment_state_manager.py:86}}
Jul 30 17:38:56.840505 np0000032037 devstack@g-api.service[80699]: DEBUG glance_store.common.attachment_state_manager [-] Initialising _AttachmentStateManager {{(pid=80699) __init__ /opt/stack/data/venv/lib/python3.12/site-packages/glance_store/common/attachment_state_manager.py:86}}
Jul 30 17:38:56.903970 np0000032037 devstack@g-api.service[80698]: DEBUG glance_store.backend [-] Attempting to import store cinder {{(pid=80698) _load_store /opt/stack/data/venv/lib/python3.12/site-packages/glance_store/backend.py:216}}
Jul 30 17:38:56.903970 np0000032037 devstack@g-api.service[80698]: DEBUG glance_store.backend [-] Attempting to import store file {{(pid=80698) _load_store /opt/stack/data/venv/lib/python3.12/site-packages/glance_store/backend.py:216}}
Jul 30 17:38:56.903970 np0000032037 devstack@g-api.service[80698]: DEBUG glance_store.backend [-] Attempting to import store glance.store.cinder.Store {{(pid=80698) _load_store /opt/stack/data/venv/lib/python3.12/site-packages/glance_store/backend.py:216}}
Jul 30 17:38:56.903970 np0000032037 devstack@g-api.service[80698]: DEBUG glance_store.backend [-] Attempting to import store glance.store.filesystem.Store {{(pid=80698) _load_store /opt/stack/data/venv/lib/python3.12/site-packages/glance_store/backend.py:216}}
Jul 30 17:38:56.903970 np0000032037 devstack@g-api.service[80698]: DEBUG glance_store.backend [-] Attempting to import store glance.store.http.Store {{(pid=80698) _load_store /opt/stack/data/venv/lib/python3.12/site-packages/glance_store/backend.py:216}}
Jul 30 17:38:56.903970 np0000032037 devstack@g-api.service[80698]: DEBUG glance_store.backend [-] Attempting to import store glance.store.rbd.Store {{(pid=80698) _load_store /opt/stack/data/venv/lib/python3.12/site-packages/glance_store/backend.py:216}}
Jul 30 17:38:56.904161 np0000032037 devstack@g-api.service[80698]: DEBUG glance_store.backend [-] Attempting to import store glance.store.s3.Store {{(pid=80698) _load_store /opt/stack/data/venv/lib/python3.12/site-packages/glance_store/backend.py:216}}
Jul 30 17:38:56.904161 np0000032037 devstack@g-api.service[80698]: DEBUG glance_store.backend [-] Attempting to import store glance.store.swift.Store {{(pid=80698) _load_store /opt/stack/data/venv/lib/python3.12/site-packages/glance_store/backend.py:216}}
Jul 30 17:38:56.904161 np0000032037 devstack@g-api.service[80698]: DEBUG glance_store.backend [-] Attempting to import store glance.store.vmware_datastore.Store {{(pid=80698) _load_store /opt/stack/data/venv/lib/python3.12/site-packages/glance_store/backend.py:216}}
Jul 30 17:38:56.904233 np0000032037 devstack@g-api.service[80698]: DEBUG glance_store.backend [-] Attempting to import store http {{(pid=80698) _load_store /opt/stack/data/venv/lib/python3.12/site-packages/glance_store/backend.py:216}}
Jul 30 17:38:56.904249 np0000032037 devstack@g-api.service[80698]: DEBUG glance_store.backend [-] Attempting to import store no_conf {{(pid=80698) _load_store /opt/stack/data/venv/lib/python3.12/site-packages/glance_store/backend.py:216}}
Jul 30 17:38:56.904299 np0000032037 devstack@g-api.service[80698]: DEBUG glance_store.backend [-] Attempting to import store rbd {{(pid=80698) _load_store /opt/stack/data/venv/lib/python3.12/site-packages/glance_store/backend.py:216}}
Jul 30 17:38:56.904354 np0000032037 devstack@g-api.service[80698]: DEBUG glance_store.backend [-] Attempting to import store s3 {{(pid=80698) _load_store /opt/stack/data/venv/lib/python3.12/site-packages/glance_store/backend.py:216}}
Jul 30 17:38:56.904410 np0000032037 devstack@g-api.service[80698]: DEBUG glance_store.backend [-] Attempting to import store swift {{(pid=80698) _load_store /opt/stack/data/venv/lib/python3.12/site-packages/glance_store/backend.py:216}}
Jul 30 17:38:56.904458 np0000032037 devstack@g-api.service[80698]: DEBUG glance_store.backend [-] Attempting to import store vmware {{(pid=80698) _load_store /opt/stack/data/venv/lib/python3.12/site-packages/glance_store/backend.py:216}}
Jul 30 17:38:56.904530 np0000032037 devstack@g-api.service[80698]: DEBUG glance_store.backend [-] Registering options for group glance_store {{(pid=80698) register_opts /opt/stack/data/venv/lib/python3.12/site-packages/glance_store/backend.py:145}}
Jul 30 17:38:56.904696 np0000032037 devstack@g-api.service[80698]: DEBUG glance_store.backend [-] Registering options for group glance_store {{(pid=80698) register_opts /opt/stack/data/venv/lib/python3.12/site-packages/glance_store/backend.py:145}}
Jul 30 17:38:56.904969 np0000032037 devstack@g-api.service[80698]: DEBUG glance_store.backend [-] Attempting to import store http {{(pid=80698) _load_store /opt/stack/data/venv/lib/python3.12/site-packages/glance_store/backend.py:216}}
Jul 30 17:38:56.905684 np0000032037 devstack@g-api.service[80698]: DEBUG glance_store.capabilities [-] Store glance_store._drivers.http.Store doesn't support updating dynamic storage capabilities. Please overwrite 'update_capabilities' method of the store to implement updating logics if needed. {{(pid=80698) update_capabilities /opt/stack/data/venv/lib/python3.12/site-packages/glance_store/capabilities.py:91}}
Jul 30 17:38:56.905684 np0000032037 devstack@g-api.service[80698]: DEBUG glance_store.backend [-] Registering store http with schemes ('http', 'https') {{(pid=80698) create_stores /opt/stack/data/venv/lib/python3.12/site-packages/glance_store/backend.py:262}}
Jul 30 17:38:56.905684 np0000032037 devstack@g-api.service[80698]: DEBUG glance_store.driver [-] Late loading location class glance_store._drivers.http.StoreLocation {{(pid=80698) get_store_location_class /opt/stack/data/venv/lib/python3.12/site-packages/glance_store/driver.py:136}}
Jul 30 17:38:56.905684 np0000032037 devstack@g-api.service[80698]: DEBUG glance_store.location [-] Registering scheme http with {'store': <glance_store._drivers.http.Store object at 0x7a06992787d0>, 'location_class': <class 'glance_store._drivers.http.StoreLocation'>, 'store_entry': 'http'} {{(pid=80698) register_scheme_map /opt/stack/data/venv/lib/python3.12/site-packages/glance_store/location.py:146}}
Jul 30 17:38:56.905684 np0000032037 devstack@g-api.service[80698]: DEBUG glance_store.location [-] Registering scheme https with {'store': <glance_store._drivers.http.Store object at 0x7a06992787d0>, 'location_class': <class 'glance_store._drivers.http.StoreLocation'>, 'store_entry': 'http'} {{(pid=80698) register_scheme_map /opt/stack/data/venv/lib/python3.12/site-packages/glance_store/location.py:146}}
Jul 30 17:38:56.905684 np0000032037 devstack@g-api.service[80698]: DEBUG glance_store.backend [-] Attempting to import store file {{(pid=80698) _load_store /opt/stack/data/venv/lib/python3.12/site-packages/glance_store/backend.py:216}}
Jul 30 17:38:56.905823 np0000032037 devstack@g-api.service[80698]: DEBUG glance_store.capabilities [-] Store glance_store._drivers.filesystem.Store doesn't support updating dynamic storage capabilities. Please overwrite 'update_capabilities' method of the store to implement updating logics if needed. {{(pid=80698) update_capabilities /opt/stack/data/venv/lib/python3.12/site-packages/glance_store/capabilities.py:91}}
Jul 30 17:38:56.905823 np0000032037 devstack@g-api.service[80698]: DEBUG glance_store.backend [-] Registering store file with schemes ('file', 'filesystem') {{(pid=80698) create_stores /opt/stack/data/venv/lib/python3.12/site-packages/glance_store/backend.py:262}}
Jul 30 17:38:56.905823 np0000032037 devstack@g-api.service[80698]: DEBUG glance_store.driver [-] Late loading location class glance_store._drivers.filesystem.StoreLocation {{(pid=80698) get_store_location_class /opt/stack/data/venv/lib/python3.12/site-packages/glance_store/driver.py:136}}
Jul 30 17:38:56.905823 np0000032037 devstack@g-api.service[80698]: DEBUG glance_store.location [-] Registering scheme file with {'store': <glance_store._drivers.filesystem.Store object at 0x7a0699c913a0>, 'location_class': <class 'glance_store._drivers.filesystem.StoreLocation'>, 'store_entry': 'file'} {{(pid=80698) register_scheme_map /opt/stack/data/venv/lib/python3.12/site-packages/glance_store/location.py:146}}
Jul 30 17:38:56.905823 np0000032037 devstack@g-api.service[80698]: DEBUG glance_store.location [-] Registering scheme filesystem with {'store': <glance_store._drivers.filesystem.Store object at 0x7a0699c913a0>, 'location_class': <class 'glance_store._drivers.filesystem.StoreLocation'>, 'store_entry': 'file'} {{(pid=80698) register_scheme_map /opt/stack/data/venv/lib/python3.12/site-packages/glance_store/location.py:146}}
Jul 30 17:38:56.906029 np0000032037 devstack@g-api.service[80698]: DEBUG glance.sqlite_migration [-] SQLite caching database not located, skipping migration {{(pid=80698) get_db_path /opt/stack/glance/glance/sqlite_migration.py:68}}
Jul 30 17:38:56.906198 np0000032037 devstack@g-api.service[80698]: WARNING glance.common.wsgi_app [-] Import methods are enabled but staging directory /tmp/staging/ does not exist; Imports will fail!
Jul 30 17:38:56.916083 np0000032037 devstack@g-api.service[80699]: DEBUG glance_store.backend [-] Attempting to import store cinder {{(pid=80699) _load_store /opt/stack/data/venv/lib/python3.12/site-packages/glance_store/backend.py:216}}
Jul 30 17:38:56.916215 np0000032037 devstack@g-api.service[80699]: DEBUG glance_store.backend [-] Attempting to import store file {{(pid=80699) _load_store /opt/stack/data/venv/lib/python3.12/site-packages/glance_store/backend.py:216}}
Jul 30 17:38:56.916285 np0000032037 devstack@g-api.service[80699]: DEBUG glance_store.backend [-] Attempting to import store glance.store.cinder.Store {{(pid=80699) _load_store /opt/stack/data/venv/lib/python3.12/site-packages/glance_store/backend.py:216}}
Jul 30 17:38:56.916350 np0000032037 devstack@g-api.service[80699]: DEBUG glance_store.backend [-] Attempting to import store glance.store.filesystem.Store {{(pid=80699) _load_store /opt/stack/data/venv/lib/python3.12/site-packages/glance_store/backend.py:216}}
Jul 30 17:38:56.916431 np0000032037 devstack@g-api.service[80699]: DEBUG glance_store.backend [-] Attempting to import store glance.store.http.Store {{(pid=80699) _load_store /opt/stack/data/venv/lib/python3.12/site-packages/glance_store/backend.py:216}}
Jul 30 17:38:56.916461 np0000032037 devstack@g-api.service[80699]: DEBUG glance_store.backend [-] Attempting to import store glance.store.rbd.Store {{(pid=80699) _load_store /opt/stack/data/venv/lib/python3.12/site-packages/glance_store/backend.py:216}}
Jul 30 17:38:56.916511 np0000032037 devstack@g-api.service[80699]: DEBUG glance_store.backend [-] Attempting to import store glance.store.s3.Store {{(pid=80699) _load_store /opt/stack/data/venv/lib/python3.12/site-packages/glance_store/backend.py:216}}
Jul 30 17:38:56.916567 np0000032037 devstack@g-api.service[80699]: DEBUG glance_store.backend [-] Attempting to import store glance.store.swift.Store {{(pid=80699) _load_store /opt/stack/data/venv/lib/python3.12/site-packages/glance_store/backend.py:216}}
Jul 30 17:38:56.916622 np0000032037 devstack@g-api.service[80699]: DEBUG glance_store.backend [-] Attempting to import store glance.store.vmware_datastore.Store {{(pid=80699) _load_store /opt/stack/data/venv/lib/python3.12/site-packages/glance_store/backend.py:216}}
Jul 30 17:38:56.916676 np0000032037 devstack@g-api.service[80699]: DEBUG glance_store.backend [-] Attempting to import store http {{(pid=80699) _load_store /opt/stack/data/venv/lib/python3.12/site-packages/glance_store/backend.py:216}}
Jul 30 17:38:56.916727 np0000032037 devstack@g-api.service[80699]: DEBUG glance_store.backend [-] Attempting to import store no_conf {{(pid=80699) _load_store /opt/stack/data/venv/lib/python3.12/site-packages/glance_store/backend.py:216}}
Jul 30 17:38:56.916789 np0000032037 devstack@g-api.service[80699]: DEBUG glance_store.backend [-] Attempting to import store rbd {{(pid=80699) _load_store /opt/stack/data/venv/lib/python3.12/site-packages/glance_store/backend.py:216}}
Jul 30 17:38:56.916826 np0000032037 devstack@g-api.service[80699]: DEBUG glance_store.backend [-] Attempting to import store s3 {{(pid=80699) _load_store /opt/stack/data/venv/lib/python3.12/site-packages/glance_store/backend.py:216}}
Jul 30 17:38:56.916878 np0000032037 devstack@g-api.service[80699]: DEBUG glance_store.backend [-] Attempting to import store swift {{(pid=80699) _load_store /opt/stack/data/venv/lib/python3.12/site-packages/glance_store/backend.py:216}}
Jul 30 17:38:56.916930 np0000032037 devstack@g-api.service[80699]: DEBUG glance_store.backend [-] Attempting to import store vmware {{(pid=80699) _load_store /opt/stack/data/venv/lib/python3.12/site-packages/glance_store/backend.py:216}}
Jul 30 17:38:56.916993 np0000032037 devstack@g-api.service[80699]: DEBUG glance_store.backend [-] Registering options for group glance_store {{(pid=80699) register_opts /opt/stack/data/venv/lib/python3.12/site-packages/glance_store/backend.py:145}}
Jul 30 17:38:56.917187 np0000032037 devstack@g-api.service[80699]: DEBUG glance_store.backend [-] Registering options for group glance_store {{(pid=80699) register_opts /opt/stack/data/venv/lib/python3.12/site-packages/glance_store/backend.py:145}}
Jul 30 17:38:56.917514 np0000032037 devstack@g-api.service[80699]: DEBUG glance_store.backend [-] Attempting to import store http {{(pid=80699) _load_store /opt/stack/data/venv/lib/python3.12/site-packages/glance_store/backend.py:216}}
Jul 30 17:38:56.917722 np0000032037 devstack@g-api.service[80699]: DEBUG glance_store.capabilities [-] Store glance_store._drivers.http.Store doesn't support updating dynamic storage capabilities. Please overwrite 'update_capabilities' method of the store to implement updating logics if needed. {{(pid=80699) update_capabilities /opt/stack/data/venv/lib/python3.12/site-packages/glance_store/capabilities.py:91}}
Jul 30 17:38:56.917768 np0000032037 devstack@g-api.service[80699]: DEBUG glance_store.backend [-] Registering store http with schemes ('http', 'https') {{(pid=80699) create_stores /opt/stack/data/venv/lib/python3.12/site-packages/glance_store/backend.py:262}}
Jul 30 17:38:56.917810 np0000032037 devstack@g-api.service[80699]: DEBUG glance_store.driver [-] Late loading location class glance_store._drivers.http.StoreLocation {{(pid=80699) get_store_location_class /opt/stack/data/venv/lib/python3.12/site-packages/glance_store/driver.py:136}}
Jul 30 17:38:56.917872 np0000032037 devstack@g-api.service[80699]: DEBUG glance_store.location [-] Registering scheme http with {'store': <glance_store._drivers.http.Store object at 0x7a0699226840>, 'location_class': <class 'glance_store._drivers.http.StoreLocation'>, 'store_entry': 'http'} {{(pid=80699) register_scheme_map /opt/stack/data/venv/lib/python3.12/site-packages/glance_store/location.py:146}}
Jul 30 17:38:56.917912 np0000032037 devstack@g-api.service[80699]: DEBUG glance_store.location [-] Registering scheme https with {'store': <glance_store._drivers.http.Store object at 0x7a0699226840>, 'location_class': <class 'glance_store._drivers.http.StoreLocation'>, 'store_entry': 'http'} {{(pid=80699) register_scheme_map /opt/stack/data/venv/lib/python3.12/site-packages/glance_store/location.py:146}}
Jul 30 17:38:56.917951 np0000032037 devstack@g-api.service[80699]: DEBUG glance_store.backend [-] Attempting to import store file {{(pid=80699) _load_store /opt/stack/data/venv/lib/python3.12/site-packages/glance_store/backend.py:216}}
Jul 30 17:38:56.918256 np0000032037 devstack@g-api.service[80699]: DEBUG glance_store.capabilities [-] Store glance_store._drivers.filesystem.Store doesn't support updating dynamic storage capabilities. Please overwrite 'update_capabilities' method of the store to implement updating logics if needed. {{(pid=80699) update_capabilities /opt/stack/data/venv/lib/python3.12/site-packages/glance_store/capabilities.py:91}}
Jul 30 17:38:56.918305 np0000032037 devstack@g-api.service[80699]: DEBUG glance_store.backend [-] Registering store file with schemes ('file', 'filesystem') {{(pid=80699) create_stores /opt/stack/data/venv/lib/python3.12/site-packages/glance_store/backend.py:262}}
Jul 30 17:38:56.918350 np0000032037 devstack@g-api.service[80699]: DEBUG glance_store.driver [-] Late loading location class glance_store._drivers.filesystem.StoreLocation {{(pid=80699) get_store_location_class /opt/stack/data/venv/lib/python3.12/site-packages/glance_store/driver.py:136}}
Jul 30 17:38:56.918399 np0000032037 devstack@g-api.service[80699]: DEBUG glance_store.location [-] Registering scheme file with {'store': <glance_store._drivers.filesystem.Store object at 0x7a0699225ee0>, 'location_class': <class 'glance_store._drivers.filesystem.StoreLocation'>, 'store_entry': 'file'} {{(pid=80699) register_scheme_map /opt/stack/data/venv/lib/python3.12/site-packages/glance_store/location.py:146}}
Jul 30 17:38:56.918434 np0000032037 devstack@g-api.service[80699]: DEBUG glance_store.location [-] Registering scheme filesystem with {'store': <glance_store._drivers.filesystem.Store object at 0x7a0699225ee0>, 'location_class': <class 'glance_store._drivers.filesystem.StoreLocation'>, 'store_entry': 'file'} {{(pid=80699) register_scheme_map /opt/stack/data/venv/lib/python3.12/site-packages/glance_store/location.py:146}}
Jul 30 17:38:56.918659 np0000032037 devstack@g-api.service[80699]: DEBUG glance.sqlite_migration [-] SQLite caching database not located, skipping migration {{(pid=80699) get_db_path /opt/stack/glance/glance/sqlite_migration.py:68}}
Jul 30 17:38:56.918796 np0000032037 devstack@g-api.service[80699]: WARNING glance.common.wsgi_app [-] Import methods are enabled but staging directory /tmp/staging/ does not exist; Imports will fail!
Jul 30 17:38:57.178580 np0000032037 devstack@g-api.service[80698]: DEBUG glance.common.config [None req-f462f195-eeac-4bff-b5d2-1d0381f136b5 None None] Loading glance-api-keystone+cachemanagement from /etc/glance/glance-api-paste.ini {{(pid=80698) load_paste_app /opt/stack/glance/glance/common/config.py:750}}
Jul 30 17:38:57.193427 np0000032037 devstack@g-api.service[80699]: DEBUG glance.common.config [None req-c584821f-d537-495a-990b-5be516992086 None None] Loading glance-api-keystone+cachemanagement from /etc/glance/glance-api-paste.ini {{(pid=80699) load_paste_app /opt/stack/glance/glance/common/config.py:750}}
Jul 30 17:38:57.654051 np0000032037 devstack@g-api.service[80699]: INFO glance.image_cache [None req-c584821f-d537-495a-990b-5be516992086 None None] Image cache loaded driver 'centralized_db'.
Jul 30 17:38:57.654724 np0000032037 devstack@g-api.service[80698]: INFO glance.image_cache [None req-f462f195-eeac-4bff-b5d2-1d0381f136b5 None None] Image cache loaded driver 'centralized_db'.
Jul 30 17:38:57.687145 np0000032037 devstack@g-api.service[80699]: INFO dbcounter [None req-c584821f-d537-495a-990b-5be516992086 None None] Registered counter for database glance
Jul 30 17:38:57.687614 np0000032037 devstack@g-api.service[80698]: INFO dbcounter [None req-f462f195-eeac-4bff-b5d2-1d0381f136b5 None None] Registered counter for database glance
Jul 30 17:38:57.695639 np0000032037 devstack@g-api.service[80699]: DEBUG oslo_db.sqlalchemy.engines [None req-c584821f-d537-495a-990b-5be516992086 None None] MySQL server mode set to STRICT_TRANS_TABLES,STRICT_ALL_TABLES,NO_ZERO_IN_DATE,NO_ZERO_DATE,ERROR_FOR_DIVISION_BY_ZERO,TRADITIONAL,NO_ENGINE_SUBSTITUTION {{(pid=80699) _check_effective_sql_mode /opt/stack/data/venv/lib/python3.12/site-packages/oslo_db/sqlalchemy/engines.py:397}}
Jul 30 17:38:57.697376 np0000032037 devstack@g-api.service[80698]: DEBUG oslo_db.sqlalchemy.engines [None req-f462f195-eeac-4bff-b5d2-1d0381f136b5 None None] MySQL server mode set to STRICT_TRANS_TABLES,STRICT_ALL_TABLES,NO_ZERO_IN_DATE,NO_ZERO_DATE,ERROR_FOR_DIVISION_BY_ZERO,TRADITIONAL,NO_ENGINE_SUBSTITUTION {{(pid=80698) _check_effective_sql_mode /opt/stack/data/venv/lib/python3.12/site-packages/oslo_db/sqlalchemy/engines.py:397}}
Jul 30 17:38:57.712100 np0000032037 devstack@g-api.service[80699]: DEBUG dbcounter [-] [80699] Writer thread running {{(pid=80699) stat_writer /opt/stack/data/venv/lib/python3.12/site-packages/dbcounter.py:102}}
Jul 30 17:38:57.713714 np0000032037 devstack@g-api.service[80698]: DEBUG dbcounter [-] [80698] Writer thread running {{(pid=80698) stat_writer /opt/stack/data/venv/lib/python3.12/site-packages/dbcounter.py:102}}
Jul 30 17:38:57.717941 np0000032037 devstack@g-api.service[80698]: DEBUG glance.image_cache.drivers.centralized_db [None req-f462f195-eeac-4bff-b5d2-1d0381f136b5 None None] Node reference is already recorded, ignoring it {{(pid=80698) configure /opt/stack/glance/glance/image_cache/drivers/centralized_db.py:71}}
Jul 30 17:38:57.722118 np0000032037 devstack@g-api.service[80699]: INFO glance.image_cache [None req-c584821f-d537-495a-990b-5be516992086 None None] Image cache loaded driver 'centralized_db'.
Jul 30 17:38:57.722153 np0000032037 devstack@g-api.service[80698]: INFO glance.image_cache [None req-f462f195-eeac-4bff-b5d2-1d0381f136b5 None None] Image cache loaded driver 'centralized_db'.
Jul 30 17:38:57.727774 np0000032037 devstack@g-api.service[80698]: DEBUG glance.image_cache.drivers.centralized_db [None req-f462f195-eeac-4bff-b5d2-1d0381f136b5 None None] Node reference is already recorded, ignoring it {{(pid=80698) configure /opt/stack/glance/glance/image_cache/drivers/centralized_db.py:71}}
Jul 30 17:38:57.731587 np0000032037 devstack@g-api.service[80699]: DEBUG glance.image_cache.drivers.centralized_db [None req-c584821f-d537-495a-990b-5be516992086 None None] Node reference is already recorded, ignoring it {{(pid=80699) configure /opt/stack/glance/glance/image_cache/drivers/centralized_db.py:71}}
Jul 30 17:38:57.732386 np0000032037 devstack@g-api.service[80698]: DEBUG glance.api.v2.cached_images [None req-f462f195-eeac-4bff-b5d2-1d0381f136b5 None None] Started cache worker thread {{(pid=80698) __init__ /opt/stack/glance/glance/api/v2/cached_images.py:69}}
Jul 30 17:38:57.732862 np0000032037 devstack@g-api.service[80698]: INFO glance.image_cache [None req-f462f195-eeac-4bff-b5d2-1d0381f136b5 None None] Image cache loaded driver 'centralized_db'.
Jul 30 17:38:57.736208 np0000032037 devstack@g-api.service[80699]: DEBUG glance.api.v2.cached_images [None req-c584821f-d537-495a-990b-5be516992086 None None] Started cache worker thread {{(pid=80699) __init__ /opt/stack/glance/glance/api/v2/cached_images.py:69}}
Jul 30 17:38:57.736696 np0000032037 devstack@g-api.service[80699]: INFO glance.image_cache [None req-c584821f-d537-495a-990b-5be516992086 None None] Image cache loaded driver 'centralized_db'.
Jul 30 17:38:57.737940 np0000032037 devstack@g-api.service[80698]: DEBUG glance.image_cache.drivers.centralized_db [None req-f462f195-eeac-4bff-b5d2-1d0381f136b5 None None] Node reference is already recorded, ignoring it {{(pid=80698) configure /opt/stack/glance/glance/image_cache/drivers/centralized_db.py:71}}
Jul 30 17:38:57.741777 np0000032037 devstack@g-api.service[80698]: INFO glance.api.middleware.cache_manage [None req-f462f195-eeac-4bff-b5d2-1d0381f136b5 None None] Initialized image cache management middleware
Jul 30 17:38:57.741821 np0000032037 devstack@g-api.service[80699]: DEBUG glance.image_cache.drivers.centralized_db [None req-c584821f-d537-495a-990b-5be516992086 None None] Node reference is already recorded, ignoring it {{(pid=80699) configure /opt/stack/glance/glance/image_cache/drivers/centralized_db.py:71}}
Jul 30 17:38:57.741859 np0000032037 devstack@g-api.service[80698]: INFO glance.image_cache [None req-f462f195-eeac-4bff-b5d2-1d0381f136b5 None None] Image cache loaded driver 'centralized_db'.
Jul 30 17:38:57.745539 np0000032037 devstack@g-api.service[80699]: INFO glance.api.middleware.cache_manage [None req-c584821f-d537-495a-990b-5be516992086 None None] Initialized image cache management middleware
Jul 30 17:38:57.745645 np0000032037 devstack@g-api.service[80699]: INFO glance.image_cache [None req-c584821f-d537-495a-990b-5be516992086 None None] Image cache loaded driver 'centralized_db'.
Jul 30 17:38:57.746743 np0000032037 devstack@g-api.service[80698]: DEBUG glance.image_cache.drivers.centralized_db [None req-f462f195-eeac-4bff-b5d2-1d0381f136b5 None None] Node reference is already recorded, ignoring it {{(pid=80698) configure /opt/stack/glance/glance/image_cache/drivers/centralized_db.py:71}}
Jul 30 17:38:57.749760 np0000032037 devstack@g-api.service[80698]: INFO glance.api.middleware.cache [None req-f462f195-eeac-4bff-b5d2-1d0381f136b5 None None] Initialized image cache middleware
Jul 30 17:38:57.750653 np0000032037 devstack@g-api.service[80699]: DEBUG glance.image_cache.drivers.centralized_db [None req-c584821f-d537-495a-990b-5be516992086 None None] Node reference is already recorded, ignoring it {{(pid=80699) configure /opt/stack/glance/glance/image_cache/drivers/centralized_db.py:71}}
Jul 30 17:38:57.753696 np0000032037 devstack@g-api.service[80699]: INFO glance.api.middleware.cache [None req-c584821f-d537-495a-990b-5be516992086 None None] Initialized image cache middleware
Jul 30 17:38:57.754283 np0000032037 devstack@g-api.service[80698]: WARNING keystonemiddleware.auth_token [None req-f462f195-eeac-4bff-b5d2-1d0381f136b5 None None] AuthToken middleware is set with keystone_authtoken.service_token_roles_required set to False. This is backwards compatible but deprecated behaviour. Please set this to True.
Jul 30 17:38:57.757174 np0000032037 devstack@g-api.service[80698]: WARNING keystonemiddleware.auth_token [None req-f462f195-eeac-4bff-b5d2-1d0381f136b5 None None] Configuring www_authenticate_uri to point to the public identity endpoint is required; clients may not be able to authenticate against an admin endpoint
Jul 30 17:38:57.758217 np0000032037 devstack@g-api.service[80699]: WARNING keystonemiddleware.auth_token [None req-c584821f-d537-495a-990b-5be516992086 None None] AuthToken middleware is set with keystone_authtoken.service_token_roles_required set to False. This is backwards compatible but deprecated behaviour. Please set this to True.
Jul 30 17:38:57.759692 np0000032037 devstack@g-api.service[80698]: DEBUG glance.common.config [None req-f462f195-eeac-4bff-b5d2-1d0381f136b5 None None] ******************************************************************************** {{(pid=80698) log_opt_values /opt/stack/data/venv/lib/python3.12/site-packages/oslo_config/cfg.py:2804}}
Jul 30 17:38:57.759766 np0000032037 devstack@g-api.service[80698]: DEBUG glance.common.config [None req-f462f195-eeac-4bff-b5d2-1d0381f136b5 None None] Configuration options gathered from: {{(pid=80698) log_opt_values /opt/stack/data/venv/lib/python3.12/site-packages/oslo_config/cfg.py:2805}}
Jul 30 17:38:57.759973 np0000032037 devstack@g-api.service[80698]: DEBUG glance.common.config [None req-f462f195-eeac-4bff-b5d2-1d0381f136b5 None None] command line args: [] {{(pid=80698) log_opt_values /opt/stack/data/venv/lib/python3.12/site-packages/oslo_config/cfg.py:2806}}
Jul 30 17:38:57.760066 np0000032037 devstack@g-api.service[80698]: DEBUG glance.common.config [None req-f462f195-eeac-4bff-b5d2-1d0381f136b5 None None] config files: ['/etc/glance/glance-image-import.conf', '/etc/glance/glance-api.conf'] {{(pid=80698) log_opt_values /opt/stack/data/venv/lib/python3.12/site-packages/oslo_config/cfg.py:2807}}
Jul 30 17:38:57.760128 np0000032037 devstack@g-api.service[80698]: DEBUG glance.common.config [None req-f462f195-eeac-4bff-b5d2-1d0381f136b5 None None] ================================================================================ {{(pid=80698) log_opt_values /opt/stack/data/venv/lib/python3.12/site-packages/oslo_config/cfg.py:2809}}
Jul 30 17:38:57.760226 np0000032037 devstack@g-api.service[80698]: DEBUG glance.common.config [None req-f462f195-eeac-4bff-b5d2-1d0381f136b5 None None] allow_anonymous_access         = False {{(pid=80698) log_opt_values /opt/stack/data/venv/lib/python3.12/site-packages/oslo_config/cfg.py:2817}}
Jul 30 17:38:57.760303 np0000032037 devstack@g-api.service[80698]: DEBUG glance.common.config [None req-f462f195-eeac-4bff-b5d2-1d0381f136b5 None None] api_limit_max                  = 1000 {{(pid=80698) log_opt_values /opt/stack/data/venv/lib/python3.12/site-packages/oslo_config/cfg.py:2817}}
Jul 30 17:38:57.760386 np0000032037 devstack@g-api.service[80698]: DEBUG glance.common.config [None req-f462f195-eeac-4bff-b5d2-1d0381f136b5 None None] backlog                        = 4096 {{(pid=80698) log_opt_values /opt/stack/data/venv/lib/python3.12/site-packages/oslo_config/cfg.py:2817}}
Jul 30 17:38:57.760484 np0000032037 devstack@g-api.service[80698]: DEBUG glance.common.config [None req-f462f195-eeac-4bff-b5d2-1d0381f136b5 None None] bind_host                      = 0.0.0.0 {{(pid=80698) log_opt_values /opt/stack/data/venv/lib/python3.12/site-packages/oslo_config/cfg.py:2817}}
Jul 30 17:38:57.760565 np0000032037 devstack@g-api.service[80698]: DEBUG glance.common.config [None req-f462f195-eeac-4bff-b5d2-1d0381f136b5 None None] bind_port                      = 19292 {{(pid=80698) log_opt_values /opt/stack/data/venv/lib/python3.12/site-packages/oslo_config/cfg.py:2817}}
Jul 30 17:38:57.760641 np0000032037 devstack@g-api.service[80698]: DEBUG glance.common.config [None req-f462f195-eeac-4bff-b5d2-1d0381f136b5 None None] client_socket_timeout          = 900 {{(pid=80698) log_opt_values /opt/stack/data/venv/lib/python3.12/site-packages/oslo_config/cfg.py:2817}}
Jul 30 17:38:57.760719 np0000032037 devstack@g-api.service[80698]: DEBUG glance.common.config [None req-f462f195-eeac-4bff-b5d2-1d0381f136b5 None None] config_dir                     = [] {{(pid=80698) log_opt_values /opt/stack/data/venv/lib/python3.12/site-packages/oslo_config/cfg.py:2817}}
Jul 30 17:38:57.760775 np0000032037 devstack@g-api.service[80698]: DEBUG glance.common.config [None req-f462f195-eeac-4bff-b5d2-1d0381f136b5 None None] config_file                    = ['/etc/glance/glance-image-import.conf', '/etc/glance/glance-api.conf'] {{(pid=80698) log_opt_values /opt/stack/data/venv/lib/python3.12/site-packages/oslo_config/cfg.py:2817}}
Jul 30 17:38:57.760848 np0000032037 devstack@g-api.service[80698]: DEBUG glance.common.config [None req-f462f195-eeac-4bff-b5d2-1d0381f136b5 None None] config_source                  = [] {{(pid=80698) log_opt_values /opt/stack/data/venv/lib/python3.12/site-packages/oslo_config/cfg.py:2817}}
Jul 30 17:38:57.760924 np0000032037 devstack@g-api.service[80698]: DEBUG glance.common.config [None req-f462f195-eeac-4bff-b5d2-1d0381f136b5 None None] control_exchange               = glance {{(pid=80698) log_opt_values /opt/stack/data/venv/lib/python3.12/site-packages/oslo_config/cfg.py:2817}}
Jul 30 17:38:57.760975 np0000032037 devstack@g-api.service[80698]: DEBUG glance.common.config [None req-f462f195-eeac-4bff-b5d2-1d0381f136b5 None None] debug                          = True {{(pid=80698) log_opt_values /opt/stack/data/venv/lib/python3.12/site-packages/oslo_config/cfg.py:2817}}
Jul 30 17:38:57.761063 np0000032037 devstack@g-api.service[80699]: WARNING keystonemiddleware.auth_token [None req-c584821f-d537-495a-990b-5be516992086 None None] Configuring www_authenticate_uri to point to the public identity endpoint is required; clients may not be able to authenticate against an admin endpoint
Jul 30 17:38:57.761098 np0000032037 devstack@g-api.service[80698]: DEBUG glance.common.config [None req-f462f195-eeac-4bff-b5d2-1d0381f136b5 None None] default_log_levels             = ['amqp=WARN', 'amqplib=WARN', 'boto=WARN', 'qpid=WARN', 'sqlalchemy=WARN', 'suds=INFO', 'oslo.messaging=INFO', 'oslo_messaging=INFO', 'iso8601=WARN', 'requests.packages.urllib3.connectionpool=WARN', 'urllib3.connectionpool=WARN', 'websocket=WARN', 'requests.packages.urllib3.util.retry=WARN', 'urllib3.util.retry=WARN', 'keystonemiddleware=WARN', 'routes.middleware=WARN', 'stevedore=WARN', 'taskflow=WARN', 'keystoneauth=WARN', 'oslo.cache=INFO', 'oslo_policy=INFO', 'dogpile.core.dogpile=INFO'] {{(pid=80698) log_opt_values /opt/stack/data/venv/lib/python3.12/site-packages/oslo_config/cfg.py:2817}}
Jul 30 17:38:57.761184 np0000032037 devstack@g-api.service[80698]: DEBUG glance.common.config [None req-f462f195-eeac-4bff-b5d2-1d0381f136b5 None None] default_publisher_id           = image.localhost {{(pid=80698) log_opt_values /opt/stack/data/venv/lib/python3.12/site-packages/oslo_config/cfg.py:2817}}
Jul 30 17:38:57.761257 np0000032037 devstack@g-api.service[80698]: DEBUG glance.common.config [None req-f462f195-eeac-4bff-b5d2-1d0381f136b5 None None] delayed_delete                 = False {{(pid=80698) log_opt_values /opt/stack/data/venv/lib/python3.12/site-packages/oslo_config/cfg.py:2817}}
Jul 30 17:38:57.761334 np0000032037 devstack@g-api.service[80698]: DEBUG glance.common.config [None req-f462f195-eeac-4bff-b5d2-1d0381f136b5 None None] digest_algorithm               = sha256 {{(pid=80698) log_opt_values /opt/stack/data/venv/lib/python3.12/site-packages/oslo_config/cfg.py:2817}}
Jul 30 17:38:57.761404 np0000032037 devstack@g-api.service[80698]: DEBUG glance.common.config [None req-f462f195-eeac-4bff-b5d2-1d0381f136b5 None None] disabled_notifications         = [] {{(pid=80698) log_opt_values /opt/stack/data/venv/lib/python3.12/site-packages/oslo_config/cfg.py:2817}}
Jul 30 17:38:57.761473 np0000032037 devstack@g-api.service[80698]: DEBUG glance.common.config [None req-f462f195-eeac-4bff-b5d2-1d0381f136b5 None None] do_secure_hash                 = True {{(pid=80698) log_opt_values /opt/stack/data/venv/lib/python3.12/site-packages/oslo_config/cfg.py:2817}}
Jul 30 17:38:57.761545 np0000032037 devstack@g-api.service[80698]: DEBUG glance.common.config [None req-f462f195-eeac-4bff-b5d2-1d0381f136b5 None None] enabled_backends               = None {{(pid=80698) log_opt_values /opt/stack/data/venv/lib/python3.12/site-packages/oslo_config/cfg.py:2817}}
Jul 30 17:38:57.761628 np0000032037 devstack@g-api.service[80698]: DEBUG glance.common.config [None req-f462f195-eeac-4bff-b5d2-1d0381f136b5 None None] enabled_import_methods         = ['glance-direct', 'web-download', 'copy-image'] {{(pid=80698) log_opt_values /opt/stack/data/venv/lib/python3.12/site-packages/oslo_config/cfg.py:2817}}
Jul 30 17:38:57.761702 np0000032037 devstack@g-api.service[80698]: DEBUG glance.common.config [None req-f462f195-eeac-4bff-b5d2-1d0381f136b5 None None] hashing_algorithm              = sha512 {{(pid=80698) log_opt_values /opt/stack/data/venv/lib/python3.12/site-packages/oslo_config/cfg.py:2817}}
Jul 30 17:38:57.761772 np0000032037 devstack@g-api.service[80698]: DEBUG glance.common.config [None req-f462f195-eeac-4bff-b5d2-1d0381f136b5 None None] http_keepalive                 = True {{(pid=80698) log_opt_values /opt/stack/data/venv/lib/python3.12/site-packages/oslo_config/cfg.py:2817}}
Jul 30 17:38:57.761842 np0000032037 devstack@g-api.service[80698]: DEBUG glance.common.config [None req-f462f195-eeac-4bff-b5d2-1d0381f136b5 None None] http_retries                   = 3 {{(pid=80698) log_opt_values /opt/stack/data/venv/lib/python3.12/site-packages/oslo_config/cfg.py:2817}}
Jul 30 17:38:57.761914 np0000032037 devstack@g-api.service[80698]: DEBUG glance.common.config [None req-f462f195-eeac-4bff-b5d2-1d0381f136b5 None None] image_cache_dir                = /opt/stack/data/glance/cache/ {{(pid=80698) log_opt_values /opt/stack/data/venv/lib/python3.12/site-packages/oslo_config/cfg.py:2817}}
Jul 30 17:38:57.761987 np0000032037 devstack@g-api.service[80698]: DEBUG glance.common.config [None req-f462f195-eeac-4bff-b5d2-1d0381f136b5 None None] image_cache_driver             = centralized_db {{(pid=80698) log_opt_values /opt/stack/data/venv/lib/python3.12/site-packages/oslo_config/cfg.py:2817}}
Jul 30 17:38:57.762062 np0000032037 devstack@g-api.service[80698]: DEBUG glance.common.config [None req-f462f195-eeac-4bff-b5d2-1d0381f136b5 None None] image_cache_max_size           = 10737418240 {{(pid=80698) log_opt_values /opt/stack/data/venv/lib/python3.12/site-packages/oslo_config/cfg.py:2817}}
Jul 30 17:38:57.762145 np0000032037 devstack@g-api.service[80698]: DEBUG glance.common.config [None req-f462f195-eeac-4bff-b5d2-1d0381f136b5 None None] image_cache_sqlite_db          = cache.db {{(pid=80698) log_opt_values /opt/stack/data/venv/lib/python3.12/site-packages/oslo_config/cfg.py:2817}}
Jul 30 17:38:57.762217 np0000032037 devstack@g-api.service[80698]: DEBUG glance.common.config [None req-f462f195-eeac-4bff-b5d2-1d0381f136b5 None None] image_cache_stall_time         = 86400 {{(pid=80698) log_opt_values /opt/stack/data/venv/lib/python3.12/site-packages/oslo_config/cfg.py:2817}}
Jul 30 17:38:57.762287 np0000032037 devstack@g-api.service[80698]: DEBUG glance.common.config [None req-f462f195-eeac-4bff-b5d2-1d0381f136b5 None None] image_location_quota           = 10 {{(pid=80698) log_opt_values /opt/stack/data/venv/lib/python3.12/site-packages/oslo_config/cfg.py:2817}}
Jul 30 17:38:57.762363 np0000032037 devstack@g-api.service[80698]: DEBUG glance.common.config [None req-f462f195-eeac-4bff-b5d2-1d0381f136b5 None None] image_member_quota             = 128 {{(pid=80698) log_opt_values /opt/stack/data/venv/lib/python3.12/site-packages/oslo_config/cfg.py:2817}}
Jul 30 17:38:57.762432 np0000032037 devstack@g-api.service[80698]: DEBUG glance.common.config [None req-f462f195-eeac-4bff-b5d2-1d0381f136b5 None None] image_property_quota           = 128 {{(pid=80698) log_opt_values /opt/stack/data/venv/lib/python3.12/site-packages/oslo_config/cfg.py:2817}}
Jul 30 17:38:57.762502 np0000032037 devstack@g-api.service[80698]: DEBUG glance.common.config [None req-f462f195-eeac-4bff-b5d2-1d0381f136b5 None None] image_size_cap                 = 1099511627776 {{(pid=80698) log_opt_values /opt/stack/data/venv/lib/python3.12/site-packages/oslo_config/cfg.py:2817}}
Jul 30 17:38:57.762571 np0000032037 devstack@g-api.service[80698]: DEBUG glance.common.config [None req-f462f195-eeac-4bff-b5d2-1d0381f136b5 None None] image_tag_quota                = 128 {{(pid=80698) log_opt_values /opt/stack/data/venv/lib/python3.12/site-packages/oslo_config/cfg.py:2817}}
Jul 30 17:38:57.762642 np0000032037 devstack@g-api.service[80698]: DEBUG glance.common.config [None req-f462f195-eeac-4bff-b5d2-1d0381f136b5 None None] instance_format                = [instance: %(uuid)s]  {{(pid=80698) log_opt_values /opt/stack/data/venv/lib/python3.12/site-packages/oslo_config/cfg.py:2817}}
Jul 30 17:38:57.762712 np0000032037 devstack@g-api.service[80698]: DEBUG glance.common.config [None req-f462f195-eeac-4bff-b5d2-1d0381f136b5 None None] instance_uuid_format           = [instance: %(uuid)s]  {{(pid=80698) log_opt_values /opt/stack/data/venv/lib/python3.12/site-packages/oslo_config/cfg.py:2817}}
Jul 30 17:38:57.762781 np0000032037 devstack@g-api.service[80698]: DEBUG glance.common.config [None req-f462f195-eeac-4bff-b5d2-1d0381f136b5 None None] limit_param_default            = 25 {{(pid=80698) log_opt_values /opt/stack/data/venv/lib/python3.12/site-packages/oslo_config/cfg.py:2817}}
Jul 30 17:38:57.762853 np0000032037 devstack@g-api.service[80698]: DEBUG glance.common.config [None req-f462f195-eeac-4bff-b5d2-1d0381f136b5 None None] log_color                      = False {{(pid=80698) log_opt_values /opt/stack/data/venv/lib/python3.12/site-packages/oslo_config/cfg.py:2817}}
Jul 30 17:38:57.762927 np0000032037 devstack@g-api.service[80698]: DEBUG glance.common.config [None req-f462f195-eeac-4bff-b5d2-1d0381f136b5 None None] log_config_append              = None {{(pid=80698) log_opt_values /opt/stack/data/venv/lib/python3.12/site-packages/oslo_config/cfg.py:2817}}
Jul 30 17:38:57.763001 np0000032037 devstack@g-api.service[80698]: DEBUG glance.common.config [None req-f462f195-eeac-4bff-b5d2-1d0381f136b5 None None] log_date_format                = %Y-%m-%d %H:%M:%S {{(pid=80698) log_opt_values /opt/stack/data/venv/lib/python3.12/site-packages/oslo_config/cfg.py:2817}}
Jul 30 17:38:57.763072 np0000032037 devstack@g-api.service[80698]: DEBUG glance.common.config [None req-f462f195-eeac-4bff-b5d2-1d0381f136b5 None None] log_dir                        = None {{(pid=80698) log_opt_values /opt/stack/data/venv/lib/python3.12/site-packages/oslo_config/cfg.py:2817}}
Jul 30 17:38:57.763150 np0000032037 devstack@g-api.service[80698]: DEBUG glance.common.config [None req-f462f195-eeac-4bff-b5d2-1d0381f136b5 None None] log_file                       = None {{(pid=80698) log_opt_values /opt/stack/data/venv/lib/python3.12/site-packages/oslo_config/cfg.py:2817}}
Jul 30 17:38:57.763221 np0000032037 devstack@g-api.service[80698]: DEBUG glance.common.config [None req-f462f195-eeac-4bff-b5d2-1d0381f136b5 None None] log_rotate_interval            = 1 {{(pid=80698) log_opt_values /opt/stack/data/venv/lib/python3.12/site-packages/oslo_config/cfg.py:2817}}
Jul 30 17:38:57.763294 np0000032037 devstack@g-api.service[80698]: DEBUG glance.common.config [None req-f462f195-eeac-4bff-b5d2-1d0381f136b5 None None] log_rotate_interval_type       = days {{(pid=80698) log_opt_values /opt/stack/data/venv/lib/python3.12/site-packages/oslo_config/cfg.py:2817}}
Jul 30 17:38:57.763372 np0000032037 devstack@g-api.service[80698]: DEBUG glance.common.config [None req-f462f195-eeac-4bff-b5d2-1d0381f136b5 None None] log_rotation_type              = none {{(pid=80698) log_opt_values /opt/stack/data/venv/lib/python3.12/site-packages/oslo_config/cfg.py:2817}}
Jul 30 17:38:57.763425 np0000032037 devstack@g-api.service[80698]: DEBUG glance.common.config [None req-f462f195-eeac-4bff-b5d2-1d0381f136b5 None None] logging_context_format_string  = %(color)s%(levelname)s %(name)s [%(global_request_id)s %(request_id)s %(project_name)s %(user_name)s%(color)s] %(instance)s%(color)s%(message)s {{(pid=80698) log_opt_values /opt/stack/data/venv/lib/python3.12/site-packages/oslo_config/cfg.py:2817}}
Jul 30 17:38:57.763475 np0000032037 devstack@g-api.service[80698]: DEBUG glance.common.config [None req-f462f195-eeac-4bff-b5d2-1d0381f136b5 None None] logging_debug_format_suffix    = {{(pid=%(process)d) %(funcName)s %(pathname)s:%(lineno)d}} {{(pid=80698) log_opt_values /opt/stack/data/venv/lib/python3.12/site-packages/oslo_config/cfg.py:2817}}
Jul 30 17:38:57.763548 np0000032037 devstack@g-api.service[80698]: DEBUG glance.common.config [None req-f462f195-eeac-4bff-b5d2-1d0381f136b5 None None] logging_default_format_string  = %(color)s%(levelname)s %(name)s [-%(color)s] %(instance)s%(color)s%(message)s {{(pid=80698) log_opt_values /opt/stack/data/venv/lib/python3.12/site-packages/oslo_config/cfg.py:2817}}
Jul 30 17:38:57.763570 np0000032037 devstack@g-api.service[80699]: DEBUG glance.common.config [None req-c584821f-d537-495a-990b-5be516992086 None None] ******************************************************************************** {{(pid=80699) log_opt_values /opt/stack/data/venv/lib/python3.12/site-packages/oslo_config/cfg.py:2804}}
Jul 30 17:38:57.763619 np0000032037 devstack@g-api.service[80698]: DEBUG glance.common.config [None req-f462f195-eeac-4bff-b5d2-1d0381f136b5 None None] logging_exception_prefix       = ERROR %(name)s %(instance)s {{(pid=80698) log_opt_values /opt/stack/data/venv/lib/python3.12/site-packages/oslo_config/cfg.py:2817}}
Jul 30 17:38:57.763641 np0000032037 devstack@g-api.service[80699]: DEBUG glance.common.config [None req-c584821f-d537-495a-990b-5be516992086 None None] Configuration options gathered from: {{(pid=80699) log_opt_values /opt/stack/data/venv/lib/python3.12/site-packages/oslo_config/cfg.py:2805}}
Jul 30 17:38:57.763671 np0000032037 devstack@g-api.service[80698]: DEBUG glance.common.config [None req-f462f195-eeac-4bff-b5d2-1d0381f136b5 None None] logging_user_identity_format   = %(user)s %(project)s %(domain)s %(system_scope)s %(user_domain)s %(project_domain)s {{(pid=80698) log_opt_values /opt/stack/data/venv/lib/python3.12/site-packages/oslo_config/cfg.py:2817}}
Jul 30 17:38:57.763740 np0000032037 devstack@g-api.service[80698]: DEBUG glance.common.config [None req-f462f195-eeac-4bff-b5d2-1d0381f136b5 None None] max_header_line                = 16384 {{(pid=80698) log_opt_values /opt/stack/data/venv/lib/python3.12/site-packages/oslo_config/cfg.py:2817}}
Jul 30 17:38:57.763808 np0000032037 devstack@g-api.service[80698]: DEBUG glance.common.config [None req-f462f195-eeac-4bff-b5d2-1d0381f136b5 None None] max_logfile_count              = 30 {{(pid=80698) log_opt_values /opt/stack/data/venv/lib/python3.12/site-packages/oslo_config/cfg.py:2817}}
