Aug 01 14:27:31.050557 np0000032141 devstack@n-api.service[68962]: DEBUG oslo_concurrency.lockutils [None req-08239081-8030-4b20-822f-474128888173 None None] Acquiring lock "a67486d5-2c27-4696-a285-68086ced9cc6" by "nova.context.set_target_cell.<locals>.get_or_set_cached_cell_and_set_connections" {{(pid=68962) inner /opt/stack/data/venv/lib/python3.12/site-packages/oslo_concurrency/lockutils.py:405}}
Aug 01 14:27:31.050687 np0000032141 devstack@n-api.service[68962]: DEBUG oslo_concurrency.lockutils [None req-08239081-8030-4b20-822f-474128888173 None None] Lock "a67486d5-2c27-4696-a285-68086ced9cc6" acquired by "nova.context.set_target_cell.<locals>.get_or_set_cached_cell_and_set_connections" :: waited 0.000s {{(pid=68962) inner /opt/stack/data/venv/lib/python3.12/site-packages/oslo_concurrency/lockutils.py:410}}
Aug 01 14:27:31.051331 np0000032141 devstack@n-api.service[68962]: DEBUG oslo_concurrency.lockutils [None req-08239081-8030-4b20-822f-474128888173 None None] Lock "a67486d5-2c27-4696-a285-68086ced9cc6" "released" by "nova.context.set_target_cell.<locals>.get_or_set_cached_cell_and_set_connections" :: held 0.001s {{(pid=68962) inner /opt/stack/data/venv/lib/python3.12/site-packages/oslo_concurrency/lockutils.py:424}}
Aug 01 14:27:31.052395 np0000032141 devstack@n-api.service[68962]: INFO dbcounter [None req-08239081-8030-4b20-822f-474128888173 None None] Registered counter for database nova_cell0
Aug 01 14:27:31.054136 np0000032141 devstack@n-api.service[68962]: INFO dbcounter [None req-08239081-8030-4b20-822f-474128888173 None None] Registered counter for database nova_cell1
Aug 01 14:27:31.056809 np0000032141 devstack@n-api.service[68962]: DEBUG oslo_db.sqlalchemy.engines [None req-08239081-8030-4b20-822f-474128888173 None None] MySQL server mode set to STRICT_TRANS_TABLES,STRICT_ALL_TABLES,NO_ZERO_IN_DATE,NO_ZERO_DATE,ERROR_FOR_DIVISION_BY_ZERO,TRADITIONAL,NO_ENGINE_SUBSTITUTION {{(pid=68962) _check_effective_sql_mode /opt/stack/data/venv/lib/python3.12/site-packages/oslo_db/sqlalchemy/engines.py:397}}
Aug 01 14:27:31.057558 np0000032141 devstack@n-api.service[68962]: DEBUG oslo_db.sqlalchemy.engines [None req-08239081-8030-4b20-822f-474128888173 None None] MySQL server mode set to STRICT_TRANS_TABLES,STRICT_ALL_TABLES,NO_ZERO_IN_DATE,NO_ZERO_DATE,ERROR_FOR_DIVISION_BY_ZERO,TRADITIONAL,NO_ENGINE_SUBSTITUTION {{(pid=68962) _check_effective_sql_mode /opt/stack/data/venv/lib/python3.12/site-packages/oslo_db/sqlalchemy/engines.py:397}}
Aug 01 14:27:31.069817 np0000032141 devstack@n-api.service[68961]: INFO dbcounter [None req-f40150c5-d89f-4eae-9bb2-fd5e39aae557 None None] Registered counter for database nova_api
Aug 01 14:27:31.079587 np0000032141 devstack@n-api.service[68961]: DEBUG oslo_db.sqlalchemy.engines [None req-f40150c5-d89f-4eae-9bb2-fd5e39aae557 None None] MySQL server mode set to STRICT_TRANS_TABLES,STRICT_ALL_TABLES,NO_ZERO_IN_DATE,NO_ZERO_DATE,ERROR_FOR_DIVISION_BY_ZERO,TRADITIONAL,NO_ENGINE_SUBSTITUTION {{(pid=68961) _check_effective_sql_mode /opt/stack/data/venv/lib/python3.12/site-packages/oslo_db/sqlalchemy/engines.py:397}}
Aug 01 14:27:31.102484 np0000032141 devstack@n-api.service[68961]: DEBUG dbcounter [-] [68961] Writer thread running {{(pid=68961) stat_writer /opt/stack/data/venv/lib/python3.12/site-packages/dbcounter.py:102}}
Aug 01 14:27:31.104092 np0000032141 devstack@n-api.service[68961]: DEBUG nova.context [None req-f40150c5-d89f-4eae-9bb2-fd5e39aae557 None None] Found 2 cells: 00000000-0000-0000-0000-000000000000(cell0),a67486d5-2c27-4696-a285-68086ced9cc6(cell1) {{(pid=68961) load_cells /opt/stack/nova/nova/context.py:472}}
Aug 01 14:27:31.104331 np0000032141 devstack@n-api.service[68961]: INFO nova.utils [None req-f40150c5-d89f-4eae-9bb2-fd5e39aae557 None None] The cell worker thread pool MainProcess.cell_worker is initialized
Aug 01 14:27:31.105773 np0000032141 devstack@n-api.service[68961]: DEBUG oslo_concurrency.lockutils [None req-f40150c5-d89f-4eae-9bb2-fd5e39aae557 None None] Acquiring lock "00000000-0000-0000-0000-000000000000" by "nova.context.set_target_cell.<locals>.get_or_set_cached_cell_and_set_connections" {{(pid=68961) inner /opt/stack/data/venv/lib/python3.12/site-packages/oslo_concurrency/lockutils.py:405}}
Aug 01 14:27:31.105986 np0000032141 devstack@n-api.service[68961]: DEBUG oslo_concurrency.lockutils [None req-f40150c5-d89f-4eae-9bb2-fd5e39aae557 None None] Lock "00000000-0000-0000-0000-000000000000" acquired by "nova.context.set_target_cell.<locals>.get_or_set_cached_cell_and_set_connections" :: waited 0.000s {{(pid=68961) inner /opt/stack/data/venv/lib/python3.12/site-packages/oslo_concurrency/lockutils.py:410}}
Aug 01 14:27:31.106357 np0000032141 devstack@n-api.service[68961]: DEBUG oslo_concurrency.lockutils [None req-f40150c5-d89f-4eae-9bb2-fd5e39aae557 None None] Lock "00000000-0000-0000-0000-000000000000" "released" by "nova.context.set_target_cell.<locals>.get_or_set_cached_cell_and_set_connections" :: held 0.000s {{(pid=68961) inner /opt/stack/data/venv/lib/python3.12/site-packages/oslo_concurrency/lockutils.py:424}}
Aug 01 14:27:31.106759 np0000032141 devstack@n-api.service[68961]: DEBUG oslo_concurrency.lockutils [None req-f40150c5-d89f-4eae-9bb2-fd5e39aae557 None None] Acquiring lock "a67486d5-2c27-4696-a285-68086ced9cc6" by "nova.context.set_target_cell.<locals>.get_or_set_cached_cell_and_set_connections" {{(pid=68961) inner /opt/stack/data/venv/lib/python3.12/site-packages/oslo_concurrency/lockutils.py:405}}
Aug 01 14:27:31.106936 np0000032141 devstack@n-api.service[68961]: DEBUG oslo_concurrency.lockutils [None req-f40150c5-d89f-4eae-9bb2-fd5e39aae557 None None] Lock "a67486d5-2c27-4696-a285-68086ced9cc6" acquired by "nova.context.set_target_cell.<locals>.get_or_set_cached_cell_and_set_connections" :: waited 0.000s {{(pid=68961) inner /opt/stack/data/venv/lib/python3.12/site-packages/oslo_concurrency/lockutils.py:410}}
Aug 01 14:27:31.107690 np0000032141 devstack@n-api.service[68961]: DEBUG oslo_concurrency.lockutils [None req-f40150c5-d89f-4eae-9bb2-fd5e39aae557 None None] Lock "a67486d5-2c27-4696-a285-68086ced9cc6" "released" by "nova.context.set_target_cell.<locals>.get_or_set_cached_cell_and_set_connections" :: held 0.001s {{(pid=68961) inner /opt/stack/data/venv/lib/python3.12/site-packages/oslo_concurrency/lockutils.py:424}}
Aug 01 14:27:31.108824 np0000032141 devstack@n-api.service[68961]: INFO dbcounter [None req-f40150c5-d89f-4eae-9bb2-fd5e39aae557 None None] Registered counter for database nova_cell0
Aug 01 14:27:31.110653 np0000032141 devstack@n-api.service[68961]: INFO dbcounter [None req-f40150c5-d89f-4eae-9bb2-fd5e39aae557 None None] Registered counter for database nova_cell1
Aug 01 14:27:31.114415 np0000032141 devstack@n-api.service[68961]: DEBUG oslo_db.sqlalchemy.engines [None req-f40150c5-d89f-4eae-9bb2-fd5e39aae557 None None] MySQL server mode set to STRICT_TRANS_TABLES,STRICT_ALL_TABLES,NO_ZERO_IN_DATE,NO_ZERO_DATE,ERROR_FOR_DIVISION_BY_ZERO,TRADITIONAL,NO_ENGINE_SUBSTITUTION {{(pid=68961) _check_effective_sql_mode /opt/stack/data/venv/lib/python3.12/site-packages/oslo_db/sqlalchemy/engines.py:397}}
Aug 01 14:27:31.116816 np0000032141 devstack@n-api.service[68962]: DEBUG dbcounter [-] [68962] Writer thread running {{(pid=68962) stat_writer /opt/stack/data/venv/lib/python3.12/site-packages/dbcounter.py:102}}
Aug 01 14:27:31.119389 np0000032141 devstack@n-api.service[68962]: DEBUG dbcounter [-] [68962] Writer thread running {{(pid=68962) stat_writer /opt/stack/data/venv/lib/python3.12/site-packages/dbcounter.py:102}}
Aug 01 14:27:31.122332 np0000032141 devstack@n-api.service[68962]: INFO dbcounter [None req-08239081-8030-4b20-822f-474128888173 None None] Registered counter for database nova_cell0
Aug 01 14:27:31.126139 np0000032141 devstack@n-api.service[68962]: DEBUG oslo_db.sqlalchemy.engines [None req-08239081-8030-4b20-822f-474128888173 None None] MySQL server mode set to STRICT_TRANS_TABLES,STRICT_ALL_TABLES,NO_ZERO_IN_DATE,NO_ZERO_DATE,ERROR_FOR_DIVISION_BY_ZERO,TRADITIONAL,NO_ENGINE_SUBSTITUTION {{(pid=68962) _check_effective_sql_mode /opt/stack/data/venv/lib/python3.12/site-packages/oslo_db/sqlalchemy/engines.py:397}}
Aug 01 14:27:31.129763 np0000032141 devstack@n-api.service[68962]: DEBUG dbcounter [-] [68962] Writer thread running {{(pid=68962) stat_writer /opt/stack/data/venv/lib/python3.12/site-packages/dbcounter.py:102}}
Aug 01 14:27:31.174984 np0000032141 devstack@n-api.service[68961]: DEBUG oslo_db.sqlalchemy.engines [None req-f40150c5-d89f-4eae-9bb2-fd5e39aae557 None None] MySQL server mode set to STRICT_TRANS_TABLES,STRICT_ALL_TABLES,NO_ZERO_IN_DATE,NO_ZERO_DATE,ERROR_FOR_DIVISION_BY_ZERO,TRADITIONAL,NO_ENGINE_SUBSTITUTION {{(pid=68961) _check_effective_sql_mode /opt/stack/data/venv/lib/python3.12/site-packages/oslo_db/sqlalchemy/engines.py:397}}
Aug 01 14:27:31.175332 np0000032141 devstack@n-api.service[68961]: DEBUG dbcounter [-] [68961] Writer thread running {{(pid=68961) stat_writer /opt/stack/data/venv/lib/python3.12/site-packages/dbcounter.py:102}}
Aug 01 14:27:31.180254 np0000032141 devstack@n-api.service[68961]: DEBUG dbcounter [-] [68961] Writer thread running {{(pid=68961) stat_writer /opt/stack/data/venv/lib/python3.12/site-packages/dbcounter.py:102}}
Aug 01 14:27:31.182069 np0000032141 devstack@n-api.service[68961]: INFO dbcounter [None req-f40150c5-d89f-4eae-9bb2-fd5e39aae557 None None] Registered counter for database nova_cell0
Aug 01 14:27:31.187355 np0000032141 devstack@n-api.service[68961]: DEBUG oslo_db.sqlalchemy.engines [None req-f40150c5-d89f-4eae-9bb2-fd5e39aae557 None None] MySQL server mode set to STRICT_TRANS_TABLES,STRICT_ALL_TABLES,NO_ZERO_IN_DATE,NO_ZERO_DATE,ERROR_FOR_DIVISION_BY_ZERO,TRADITIONAL,NO_ENGINE_SUBSTITUTION {{(pid=68961) _check_effective_sql_mode /opt/stack/data/venv/lib/python3.12/site-packages/oslo_db/sqlalchemy/engines.py:397}}
Aug 01 14:27:31.191523 np0000032141 devstack@n-api.service[68961]: DEBUG dbcounter [-] [68961] Writer thread running {{(pid=68961) stat_writer /opt/stack/data/venv/lib/python3.12/site-packages/dbcounter.py:102}}
Aug 01 14:27:31.448396 np0000032141 devstack@n-api.service[68962]: DEBUG oslo_concurrency.processutils [None req-08239081-8030-4b20-822f-474128888173 None None] Running cmd (subprocess): grep -F node.session.scan /sbin/iscsiadm {{(pid=68962) execute /opt/stack/data/venv/lib/python3.12/site-packages/oslo_concurrency/processutils.py:349}}
Aug 01 14:27:31.455634 np0000032141 devstack@n-api.service[68962]: DEBUG oslo_concurrency.processutils [None req-08239081-8030-4b20-822f-474128888173 None None] CMD "grep -F node.session.scan /sbin/iscsiadm" returned: 0 in 0.007s {{(pid=68962) execute /opt/stack/data/venv/lib/python3.12/site-packages/oslo_concurrency/processutils.py:372}}
Aug 01 14:27:31.483626 np0000032141 devstack@n-api.service[68961]: DEBUG oslo_concurrency.processutils [None req-f40150c5-d89f-4eae-9bb2-fd5e39aae557 None None] Running cmd (subprocess): grep -F node.session.scan /sbin/iscsiadm {{(pid=68961) execute /opt/stack/data/venv/lib/python3.12/site-packages/oslo_concurrency/processutils.py:349}}
Aug 01 14:27:31.490516 np0000032141 devstack@n-api.service[68961]: DEBUG oslo_concurrency.processutils [None req-f40150c5-d89f-4eae-9bb2-fd5e39aae557 None None] CMD "grep -F node.session.scan /sbin/iscsiadm" returned: 0 in 0.007s {{(pid=68961) execute /opt/stack/data/venv/lib/python3.12/site-packages/oslo_concurrency/processutils.py:372}}
Aug 01 14:27:31.742210 np0000032141 devstack@n-api.service[68962]: WARNING keystonemiddleware.auth_token [None req-08239081-8030-4b20-822f-474128888173 None None] AuthToken middleware is set with keystone_authtoken.service_token_roles_required set to False. This is backwards compatible but deprecated behaviour. Please set this to True.
Aug 01 14:27:31.742573 np0000032141 devstack@n-api.service[68961]: WARNING keystonemiddleware.auth_token [None req-f40150c5-d89f-4eae-9bb2-fd5e39aae557 None None] AuthToken middleware is set with keystone_authtoken.service_token_roles_required set to False. This is backwards compatible but deprecated behaviour. Please set this to True.
Aug 01 14:27:31.745450 np0000032141 devstack@n-api.service[68962]: WARNING keystonemiddleware.auth_token [None req-08239081-8030-4b20-822f-474128888173 None None] Configuring www_authenticate_uri to point to the public identity endpoint is required; clients may not be able to authenticate against an admin endpoint
Aug 01 14:27:31.745938 np0000032141 devstack@n-api.service[68961]: WARNING keystonemiddleware.auth_token [None req-f40150c5-d89f-4eae-9bb2-fd5e39aae557 None None] Configuring www_authenticate_uri to point to the public identity endpoint is required; clients may not be able to authenticate against an admin endpoint
Aug 01 14:27:31.897042 np0000032141 devstack@n-api.service[68961]: WARNING keystonemiddleware.auth_token [None req-f40150c5-d89f-4eae-9bb2-fd5e39aae557 None None] AuthToken middleware is set with keystone_authtoken.service_token_roles_required set to False. This is backwards compatible but deprecated behaviour. Please set this to True.
Aug 01 14:27:31.898402 np0000032141 devstack@n-api.service[68962]: WARNING keystonemiddleware.auth_token [None req-08239081-8030-4b20-822f-474128888173 None None] AuthToken middleware is set with keystone_authtoken.service_token_roles_required set to False. This is backwards compatible but deprecated behaviour. Please set this to True.
Aug 01 14:27:31.899707 np0000032141 devstack@n-api.service[68961]: WARNING keystonemiddleware.auth_token [None req-f40150c5-d89f-4eae-9bb2-fd5e39aae557 None None] Configuring www_authenticate_uri to point to the public identity endpoint is required; clients may not be able to authenticate against an admin endpoint
Aug 01 14:27:31.900819 np0000032141 devstack@n-api.service[68962]: WARNING keystonemiddleware.auth_token [None req-08239081-8030-4b20-822f-474128888173 None None] Configuring www_authenticate_uri to point to the public identity endpoint is required; clients may not be able to authenticate against an admin endpoint
Aug 01 14:27:31.901644 np0000032141 devstack@n-api.service[68961]: WSGI app 0 (mountpoint='') ready in 2 seconds on interpreter 0x7930d14a39e8 pid: 68961 (default app)
Aug 01 14:27:31.902580 np0000032141 devstack@n-api.service[68961]: DEBUG nova.api.openstack.wsgi [None req-f40150c5-d89f-4eae-9bb2-fd5e39aae557 None None] Calling method '<bound method VersionsV2.index of <nova.api.openstack.compute.versions.VersionsV2 object at 0x7930cac92ba0>>' {{(pid=68961) _process_stack /opt/stack/nova/nova/api/openstack/wsgi.py:552}}
Aug 01 14:27:31.902673 np0000032141 devstack@n-api.service[68962]: WSGI app 0 (mountpoint='') ready in 2 seconds on interpreter 0x7930d14a39e8 pid: 68962 (default app)
Aug 01 14:27:31.905186 np0000032141 devstack@n-api.service[68961]: INFO nova.api.openstack.requestlog [None req-f40150c5-d89f-4eae-9bb2-fd5e39aae557 None None] 192.168.1.130 "GET /compute/v2.1/" status: 200 len: 391 microversion: 2.1 time: 0.002831
Aug 01 14:27:31.905621 np0000032141 devstack@n-api.service[68961]: [pid: 68961|app: 0|req: 1/1] 192.168.1.130 () {50 vars in 771 bytes} [Fri Aug  1 14:27:31 2025] GET /compute/v2.1/ => generated 391 bytes in 3 msecs (HTTP/1.1 200) 9 headers in 357 bytes (1 switches on core 0)
Aug 01 14:28:05.691552 np0000032141 devstack@n-api.service[68962]: DEBUG nova.api.openstack.wsgi [None req-08239081-8030-4b20-822f-474128888173 None None] Calling method '<bound method VersionsV2.index of <nova.api.openstack.compute.versions.VersionsV2 object at 0x7930cad5c8f0>>' {{(pid=68962) _process_stack /opt/stack/nova/nova/api/openstack/wsgi.py:552}}
Aug 01 14:28:05.692935 np0000032141 devstack@n-api.service[68962]: INFO nova.api.openstack.requestlog [None req-08239081-8030-4b20-822f-474128888173 None None] 192.168.1.130 "GET /compute/v2.1" status: 200 len: 392 microversion: 2.1 time: 0.003685
Aug 01 14:28:05.692980 np0000032141 devstack@n-api.service[68962]: [pid: 68962|app: 0|req: 1/2] 192.168.1.130 () {62 vars in 1056 bytes} [Fri Aug  1 14:28:05 2025] GET /compute/v2.1 => generated 392 bytes in 5 msecs (HTTP/1.1 200) 9 headers in 357 bytes (1 switches on core 0)
Aug 01 14:28:05.702562 np0000032141 devstack@n-api.service[68961]: DEBUG dbcounter [-] [68961] Writing DB stats nova_api:SELECT=1 {{(pid=68961) stat_writer /opt/stack/data/venv/lib/python3.12/site-packages/dbcounter.py:115}}
Aug 01 14:28:05.702748 np0000032141 devstack@n-api.service[68961]: DEBUG dbcounter [-] [68961] Writing DB stats nova_cell0:SELECT=1 {{(pid=68961) stat_writer /opt/stack/data/venv/lib/python3.12/site-packages/dbcounter.py:115}}
Aug 01 14:28:05.703028 np0000032141 devstack@n-api.service[68961]: DEBUG dbcounter [-] [68961] Writing DB stats nova_cell1:SELECT=1 {{(pid=68961) stat_writer /opt/stack/data/venv/lib/python3.12/site-packages/dbcounter.py:115}}
Aug 01 14:28:05.703328 np0000032141 devstack@n-api.service[68961]: DEBUG dbcounter [-] [68961] Writing DB stats nova_cell0:SELECT=1 {{(pid=68961) stat_writer /opt/stack/data/venv/lib/python3.12/site-packages/dbcounter.py:115}}
Aug 01 14:28:05.809413 np0000032141 devstack@n-api.service[68961]: DEBUG nova.api.openstack.wsgi [None req-3fb294d2-e44a-4d81-88e8-49692447d06d admin admin] Calling method '<bound method FlavorsController.detail of <nova.api.openstack.compute.flavors.FlavorsController object at 0x7930ca604bf0>>' {{(pid=68961) _process_stack /opt/stack/nova/nova/api/openstack/wsgi.py:552}}
Aug 01 14:28:05.826882 np0000032141 devstack@n-api.service[68961]: INFO nova.api.openstack.requestlog [None req-3fb294d2-e44a-4d81-88e8-49692447d06d admin admin] 192.168.1.130 "GET /compute/v2.1/flavors/detail?is_public=True" status: 200 len: 15 microversion: 2.61 time: 0.128688
Aug 01 14:28:05.827217 np0000032141 devstack@n-api.service[68961]: [pid: 68961|app: 0|req: 2/3] 192.168.1.130 () {68 vars in 1417 bytes} [Fri Aug  1 14:28:05 2025] GET /compute/v2.1/flavors/detail?is_public=True => generated 15 bytes in 129 msecs (HTTP/1.1 200) 9 headers in 358 bytes (1 switches on core 0)
Aug 01 14:28:05.909996 np0000032141 devstack@n-api.service[68962]: DEBUG dbcounter [-] [68962] Writing DB stats nova_api:SELECT=1 {{(pid=68962) stat_writer /opt/stack/data/venv/lib/python3.12/site-packages/dbcounter.py:115}}
Aug 01 14:28:05.910740 np0000032141 devstack@n-api.service[68962]: DEBUG dbcounter [-] [68962] Writing DB stats nova_cell0:SELECT=1 {{(pid=68962) stat_writer /opt/stack/data/venv/lib/python3.12/site-packages/dbcounter.py:115}}
Aug 01 14:28:05.911231 np0000032141 devstack@n-api.service[68962]: DEBUG dbcounter [-] [68962] Writing DB stats nova_cell1:SELECT=1 {{(pid=68962) stat_writer /opt/stack/data/venv/lib/python3.12/site-packages/dbcounter.py:115}}
Aug 01 14:28:05.911662 np0000032141 devstack@n-api.service[68962]: DEBUG dbcounter [-] [68962] Writing DB stats nova_cell0:SELECT=2,nova_cell0:INSERT=1 {{(pid=68962) stat_writer /opt/stack/data/venv/lib/python3.12/site-packages/dbcounter.py:115}}
Aug 01 14:28:05.978890 np0000032141 devstack@n-api.service[68962]: DEBUG nova.api.openstack.wsgi [None req-7216874b-1bc1-4837-93cd-0216ecce49b7 admin admin] Action: 'create', calling method: <bound method FlavorsController.create of <nova.api.openstack.compute.flavors.FlavorsController object at 0x7930ca60a480>>, body: {"flavor": {"swap": 0, "os-flavor-access:is_public": true, "rxtx_factor": 1.0, "ram": 256, "OS-FLV-EXT-DATA:ephemeral": 0, "vcpus": 1, "name": "cirros256", "id": "c1", "disk": 1}} {{(pid=68962) _process_stack /opt/stack/nova/nova/api/openstack/wsgi.py:550}}
Aug 01 14:28:06.010911 np0000032141 devstack@n-api.service[68962]: INFO nova.api.openstack.requestlog [None req-7216874b-1bc1-4837-93cd-0216ecce49b7 admin admin] 192.168.1.130 "POST /compute/v2.1/flavors" status: 200 len: 413 microversion: 2.61 time: 0.105871
Aug 01 14:28:06.011224 np0000032141 devstack@n-api.service[68962]: [pid: 68962|app: 0|req: 2/4] 192.168.1.130 () {72 vars in 1408 bytes} [Fri Aug  1 14:28:05 2025] POST /compute/v2.1/flavors => generated 413 bytes in 106 msecs (HTTP/1.1 200) 9 headers in 359 bytes (1 switches on core 0)
Aug 01 14:28:06.022101 np0000032141 devstack@n-api.service[68961]: DEBUG nova.api.openstack.wsgi [None req-c25c3dd8-bb53-444d-b656-a9d2be1e8fa7 admin admin] Action: 'create', calling method: <bound method FlavorExtraSpecsController.create of <nova.api.openstack.compute.flavors_extraspecs.FlavorExtraSpecsController object at 0x7930ca605340>>, body: {"extra_specs": {"hw_rng:allowed": "True"}} {{(pid=68961) _process_stack /opt/stack/nova/nova/api/openstack/wsgi.py:550}}
Aug 01 14:28:06.046836 np0000032141 devstack@n-api.service[68961]: INFO nova.api.openstack.requestlog [None req-c25c3dd8-bb53-444d-b656-a9d2be1e8fa7 admin admin] 192.168.1.130 "POST /compute/v2.1/flavors/c1/os-extra_specs" status: 200 len: 43 microversion: 2.61 time: 0.026344
Aug 01 14:28:06.047069 np0000032141 devstack@n-api.service[68961]: [pid: 68961|app: 0|req: 3/5] 192.168.1.130 () {72 vars in 1461 bytes} [Fri Aug  1 14:28:06 2025] POST /compute/v2.1/flavors/c1/os-extra_specs => generated 43 bytes in 27 msecs (HTTP/1.1 200) 9 headers in 358 bytes (1 switches on core 0)
Aug 01 14:28:06.124117 np0000032141 devstack@n-api.service[68962]: DEBUG nova.api.openstack.wsgi [None req-f117409c-db6d-4c51-ace6-235db7d981de admin admin] Action: 'create', calling method: <bound method FlavorsController.create of <nova.api.openstack.compute.flavors.FlavorsController object at 0x7930ca60a480>>, body: {"flavor": {"swap": 0, "os-flavor-access:is_public": true, "rxtx_factor": 1.0, "ram": 512, "OS-FLV-EXT-DATA:ephemeral": 0, "vcpus": 1, "name": "ds512M", "id": "d1", "disk": 5}} {{(pid=68962) _process_stack /opt/stack/nova/nova/api/openstack/wsgi.py:550}}
Aug 01 14:28:06.150539 np0000032141 devstack@n-api.service[68962]: INFO nova.api.openstack.requestlog [None req-f117409c-db6d-4c51-ace6-235db7d981de admin admin] 192.168.1.130 "POST /compute/v2.1/flavors" status: 200 len: 410 microversion: 2.61 time: 0.028199
Aug 01 14:28:06.150803 np0000032141 devstack@n-api.service[68962]: [pid: 68962|app: 0|req: 3/6] 192.168.1.130 () {72 vars in 1408 bytes} [Fri Aug  1 14:28:06 2025] POST /compute/v2.1/flavors => generated 410 bytes in 29 msecs (HTTP/1.1 200) 9 headers in 359 bytes (1 switches on core 0)
Aug 01 14:28:06.158978 np0000032141 devstack@n-api.service[68961]: DEBUG nova.api.openstack.wsgi [None req-e4142048-456e-4353-963a-a63ce87bdfa7 admin admin] Action: 'create', calling method: <bound method FlavorExtraSpecsController.create of <nova.api.openstack.compute.flavors_extraspecs.FlavorExtraSpecsController object at 0x7930ca605340>>, body: {"extra_specs": {"hw_rng:allowed": "True"}} {{(pid=68961) _process_stack /opt/stack/nova/nova/api/openstack/wsgi.py:550}}
Aug 01 14:28:06.172253 np0000032141 devstack@n-api.service[68961]: INFO nova.api.openstack.requestlog [None req-e4142048-456e-4353-963a-a63ce87bdfa7 admin admin] 192.168.1.130 "POST /compute/v2.1/flavors/d1/os-extra_specs" status: 200 len: 43 microversion: 2.61 time: 0.014787
Aug 01 14:28:06.172508 np0000032141 devstack@n-api.service[68961]: [pid: 68961|app: 0|req: 4/7] 192.168.1.130 () {72 vars in 1461 bytes} [Fri Aug  1 14:28:06 2025] POST /compute/v2.1/flavors/d1/os-extra_specs => generated 43 bytes in 15 msecs (HTTP/1.1 200) 9 headers in 358 bytes (1 switches on core 0)
Aug 01 14:28:06.248835 np0000032141 devstack@n-api.service[68962]: DEBUG nova.api.openstack.wsgi [None req-070f2e5b-0ce5-49ab-936b-812678a61765 admin admin] Action: 'create', calling method: <bound method FlavorsController.create of <nova.api.openstack.compute.flavors.FlavorsController object at 0x7930ca60a480>>, body: {"flavor": {"swap": 0, "os-flavor-access:is_public": true, "rxtx_factor": 1.0, "ram": 1024, "OS-FLV-EXT-DATA:ephemeral": 0, "vcpus": 1, "name": "ds1G", "id": "d2", "disk": 10}} {{(pid=68962) _process_stack /opt/stack/nova/nova/api/openstack/wsgi.py:550}}
Aug 01 14:28:06.262983 np0000032141 devstack@n-api.service[68962]: INFO nova.api.openstack.requestlog [None req-070f2e5b-0ce5-49ab-936b-812678a61765 admin admin] 192.168.1.130 "POST /compute/v2.1/flavors" status: 200 len: 410 microversion: 2.61 time: 0.015673
Aug 01 14:28:06.263295 np0000032141 devstack@n-api.service[68962]: [pid: 68962|app: 0|req: 4/8] 192.168.1.130 () {72 vars in 1408 bytes} [Fri Aug  1 14:28:06 2025] POST /compute/v2.1/flavors => generated 410 bytes in 16 msecs (HTTP/1.1 200) 9 headers in 359 bytes (1 switches on core 0)
Aug 01 14:28:06.273473 np0000032141 devstack@n-api.service[68961]: DEBUG nova.api.openstack.wsgi [None req-446e916f-3572-4b49-a5db-1b5615398631 admin admin] Action: 'create', calling method: <bound method FlavorExtraSpecsController.create of <nova.api.openstack.compute.flavors_extraspecs.FlavorExtraSpecsController object at 0x7930ca605340>>, body: {"extra_specs": {"hw_rng:allowed": "True"}} {{(pid=68961) _process_stack /opt/stack/nova/nova/api/openstack/wsgi.py:550}}
Aug 01 14:28:06.284563 np0000032141 devstack@n-api.service[68961]: INFO nova.api.openstack.requestlog [None req-446e916f-3572-4b49-a5db-1b5615398631 admin admin] 192.168.1.130 "POST /compute/v2.1/flavors/d2/os-extra_specs" status: 200 len: 43 microversion: 2.61 time: 0.014413
Aug 01 14:28:06.284563 np0000032141 devstack@n-api.service[68961]: [pid: 68961|app: 0|req: 5/9] 192.168.1.130 () {72 vars in 1461 bytes} [Fri Aug  1 14:28:06 2025] POST /compute/v2.1/flavors/d2/os-extra_specs => generated 43 bytes in 15 msecs (HTTP/1.1 200) 9 headers in 358 bytes (1 switches on core 0)
Aug 01 14:28:06.358186 np0000032141 devstack@n-api.service[68962]: DEBUG nova.api.openstack.wsgi [None req-830292cf-0e13-4357-ad86-734506b56fd9 admin admin] Action: 'create', calling method: <bound method FlavorsController.create of <nova.api.openstack.compute.flavors.FlavorsController object at 0x7930ca60a480>>, body: {"flavor": {"swap": 0, "os-flavor-access:is_public": true, "rxtx_factor": 1.0, "ram": 2048, "OS-FLV-EXT-DATA:ephemeral": 0, "vcpus": 2, "name": "ds2G", "id": "d3", "disk": 10}} {{(pid=68962) _process_stack /opt/stack/nova/nova/api/openstack/wsgi.py:550}}
Aug 01 14:28:06.368496 np0000032141 devstack@n-api.service[68962]: INFO nova.api.openstack.requestlog [None req-830292cf-0e13-4357-ad86-734506b56fd9 admin admin] 192.168.1.130 "POST /compute/v2.1/flavors" status: 200 len: 410 microversion: 2.61 time: 0.011815
Aug 01 14:28:06.368756 np0000032141 devstack@n-api.service[68962]: [pid: 68962|app: 0|req: 5/10] 192.168.1.130 () {72 vars in 1408 bytes} [Fri Aug  1 14:28:06 2025] POST /compute/v2.1/flavors => generated 410 bytes in 12 msecs (HTTP/1.1 200) 9 headers in 359 bytes (1 switches on core 0)
Aug 01 14:28:06.377526 np0000032141 devstack@n-api.service[68961]: DEBUG nova.api.openstack.wsgi [None req-f7d6aafc-0350-4c68-bcb7-ab5d3cc44c81 admin admin] Action: 'create', calling method: <bound method FlavorExtraSpecsController.create of <nova.api.openstack.compute.flavors_extraspecs.FlavorExtraSpecsController object at 0x7930ca605340>>, body: {"extra_specs": {"hw_rng:allowed": "True"}} {{(pid=68961) _process_stack /opt/stack/nova/nova/api/openstack/wsgi.py:550}}
Aug 01 14:28:06.388377 np0000032141 devstack@n-api.service[68961]: INFO nova.api.openstack.requestlog [None req-f7d6aafc-0350-4c68-bcb7-ab5d3cc44c81 admin admin] 192.168.1.130 "POST /compute/v2.1/flavors/d3/os-extra_specs" status: 200 len: 43 microversion: 2.61 time: 0.013844
Aug 01 14:28:06.388377 np0000032141 devstack@n-api.service[68961]: [pid: 68961|app: 0|req: 6/11] 192.168.1.130 () {72 vars in 1461 bytes} [Fri Aug  1 14:28:06 2025] POST /compute/v2.1/flavors/d3/os-extra_specs => generated 43 bytes in 14 msecs (HTTP/1.1 200) 9 headers in 358 bytes (1 switches on core 0)
Aug 01 14:28:06.466398 np0000032141 devstack@n-api.service[68962]: DEBUG nova.api.openstack.wsgi [None req-e5e6d730-5c74-49a8-85d2-534159a11794 admin admin] Action: 'create', calling method: <bound method FlavorsController.create of <nova.api.openstack.compute.flavors.FlavorsController object at 0x7930ca60a480>>, body: {"flavor": {"swap": 0, "os-flavor-access:is_public": true, "rxtx_factor": 1.0, "ram": 4096, "OS-FLV-EXT-DATA:ephemeral": 0, "vcpus": 4, "name": "ds4G", "id": "d4", "disk": 20}} {{(pid=68962) _process_stack /opt/stack/nova/nova/api/openstack/wsgi.py:550}}
Aug 01 14:28:06.481142 np0000032141 devstack@n-api.service[68962]: INFO nova.api.openstack.requestlog [None req-e5e6d730-5c74-49a8-85d2-534159a11794 admin admin] 192.168.1.130 "POST /compute/v2.1/flavors" status: 200 len: 410 microversion: 2.61 time: 0.016286
Aug 01 14:28:06.481347 np0000032141 devstack@n-api.service[68962]: [pid: 68962|app: 0|req: 6/12] 192.168.1.130 () {72 vars in 1408 bytes} [Fri Aug  1 14:28:06 2025] POST /compute/v2.1/flavors => generated 410 bytes in 17 msecs (HTTP/1.1 200) 9 headers in 359 bytes (1 switches on core 0)
Aug 01 14:28:06.489077 np0000032141 devstack@n-api.service[68961]: DEBUG nova.api.openstack.wsgi [None req-a07a6270-3959-4731-aa8a-881b16cdbebd admin admin] Action: 'create', calling method: <bound method FlavorExtraSpecsController.create of <nova.api.openstack.compute.flavors_extraspecs.FlavorExtraSpecsController object at 0x7930ca605340>>, body: {"extra_specs": {"hw_rng:allowed": "True"}} {{(pid=68961) _process_stack /opt/stack/nova/nova/api/openstack/wsgi.py:550}}
Aug 01 14:28:06.500509 np0000032141 devstack@n-api.service[68961]: INFO nova.api.openstack.requestlog [None req-a07a6270-3959-4731-aa8a-881b16cdbebd admin admin] 192.168.1.130 "POST /compute/v2.1/flavors/d4/os-extra_specs" status: 200 len: 43 microversion: 2.61 time: 0.012868
Aug 01 14:28:06.500738 np0000032141 devstack@n-api.service[68961]: [pid: 68961|app: 0|req: 7/13] 192.168.1.130 () {72 vars in 1461 bytes} [Fri Aug  1 14:28:06 2025] POST /compute/v2.1/flavors/d4/os-extra_specs => generated 43 bytes in 13 msecs (HTTP/1.1 200) 9 headers in 358 bytes (1 switches on core 0)
Aug 01 14:28:06.575171 np0000032141 devstack@n-api.service[68962]: DEBUG nova.api.openstack.wsgi [None req-ade1fe7d-4200-4330-abaa-8e8bdf5e21c8 admin admin] Calling method '<bound method FlavorsController.detail of <nova.api.openstack.compute.flavors.FlavorsController object at 0x7930ca60a5d0>>' {{(pid=68962) _process_stack /opt/stack/nova/nova/api/openstack/wsgi.py:552}}
Aug 01 14:28:06.589917 np0000032141 devstack@n-api.service[68962]: INFO nova.api.openstack.requestlog [None req-ade1fe7d-4200-4330-abaa-8e8bdf5e21c8 admin admin] 192.168.1.130 "GET /compute/v2.1/flavors/detail?is_public=True" status: 200 len: 2136 microversion: 2.61 time: 0.016165
Aug 01 14:28:06.590137 np0000032141 devstack@n-api.service[68962]: [pid: 68962|app: 0|req: 7/14] 192.168.1.130 () {68 vars in 1417 bytes} [Fri Aug  1 14:28:06 2025] GET /compute/v2.1/flavors/detail?is_public=True => generated 2136 bytes in 16 msecs (HTTP/1.1 200) 9 headers in 360 bytes (1 switches on core 0)
Aug 01 14:28:06.677998 np0000032141 devstack@n-api.service[68961]: DEBUG nova.api.openstack.wsgi [None req-16e53061-ad54-42c8-a80e-ab4acea7bcc2 admin admin] Action: 'create', calling method: <bound method FlavorsController.create of <nova.api.openstack.compute.flavors.FlavorsController object at 0x7930ca604aa0>>, body: {"flavor": {"swap": 0, "os-flavor-access:is_public": true, "rxtx_factor": 1.0, "ram": 512, "OS-FLV-EXT-DATA:ephemeral": 0, "vcpus": 1, "name": "m1.tiny", "id": "1", "disk": 1}} {{(pid=68961) _process_stack /opt/stack/nova/nova/api/openstack/wsgi.py:550}}
Aug 01 14:28:06.699973 np0000032141 devstack@n-api.service[68961]: INFO nova.api.openstack.requestlog [None req-16e53061-ad54-42c8-a80e-ab4acea7bcc2 admin admin] 192.168.1.130 "POST /compute/v2.1/flavors" status: 200 len: 408 microversion: 2.61 time: 0.025286
Aug 01 14:28:06.700203 np0000032141 devstack@n-api.service[68961]: [pid: 68961|app: 0|req: 8/15] 192.168.1.130 () {72 vars in 1408 bytes} [Fri Aug  1 14:28:06 2025] POST /compute/v2.1/flavors => generated 408 bytes in 26 msecs (HTTP/1.1 200) 9 headers in 359 bytes (2 switches on core 0)
Aug 01 14:28:06.709532 np0000032141 devstack@n-api.service[68962]: DEBUG nova.api.openstack.wsgi [None req-5c38bc44-3aea-4272-a575-ca279ab195e9 admin admin] Action: 'create', calling method: <bound method FlavorExtraSpecsController.create of <nova.api.openstack.compute.flavors_extraspecs.FlavorExtraSpecsController object at 0x7930ca60ad20>>, body: {"extra_specs": {"hw_rng:allowed": "True"}} {{(pid=68962) _process_stack /opt/stack/nova/nova/api/openstack/wsgi.py:550}}
Aug 01 14:28:06.729786 np0000032141 devstack@n-api.service[68962]: INFO nova.api.openstack.requestlog [None req-5c38bc44-3aea-4272-a575-ca279ab195e9 admin admin] 192.168.1.130 "POST /compute/v2.1/flavors/1/os-extra_specs" status: 200 len: 43 microversion: 2.61 time: 0.021708
Aug 01 14:28:06.730026 np0000032141 devstack@n-api.service[68962]: [pid: 68962|app: 0|req: 8/16] 192.168.1.130 () {72 vars in 1458 bytes} [Fri Aug  1 14:28:06 2025] POST /compute/v2.1/flavors/1/os-extra_specs => generated 43 bytes in 22 msecs (HTTP/1.1 200) 9 headers in 358 bytes (1 switches on core 0)
Aug 01 14:28:06.813990 np0000032141 devstack@n-api.service[68961]: DEBUG nova.api.openstack.wsgi [None req-d1d3bb9b-f240-4fae-a063-238e321c3212 admin admin] Action: 'create', calling method: <bound method FlavorsController.create of <nova.api.openstack.compute.flavors.FlavorsController object at 0x7930ca604aa0>>, body: {"flavor": {"swap": 0, "os-flavor-access:is_public": true, "rxtx_factor": 1.0, "ram": 2048, "OS-FLV-EXT-DATA:ephemeral": 0, "vcpus": 1, "name": "m1.small", "id": "2", "disk": 20}} {{(pid=68961) _process_stack /opt/stack/nova/nova/api/openstack/wsgi.py:550}}
Aug 01 14:28:06.824414 np0000032141 devstack@n-api.service[68961]: INFO nova.api.openstack.requestlog [None req-d1d3bb9b-f240-4fae-a063-238e321c3212 admin admin] 192.168.1.130 "POST /compute/v2.1/flavors" status: 200 len: 411 microversion: 2.61 time: 0.011816
Aug 01 14:28:06.824679 np0000032141 devstack@n-api.service[68961]: [pid: 68961|app: 0|req: 9/17] 192.168.1.130 () {72 vars in 1408 bytes} [Fri Aug  1 14:28:06 2025] POST /compute/v2.1/flavors => generated 411 bytes in 12 msecs (HTTP/1.1 200) 9 headers in 359 bytes (1 switches on core 0)
Aug 01 14:28:06.834885 np0000032141 devstack@n-api.service[68962]: DEBUG nova.api.openstack.wsgi [None req-0942e3c9-6b1e-4c66-936a-b4326899882e admin admin] Action: 'create', calling method: <bound method FlavorExtraSpecsController.create of <nova.api.openstack.compute.flavors_extraspecs.FlavorExtraSpecsController object at 0x7930ca60ad20>>, body: {"extra_specs": {"hw_rng:allowed": "True"}} {{(pid=68962) _process_stack /opt/stack/nova/nova/api/openstack/wsgi.py:550}}
Aug 01 14:28:06.846879 np0000032141 devstack@n-api.service[68962]: INFO nova.api.openstack.requestlog [None req-0942e3c9-6b1e-4c66-936a-b4326899882e admin admin] 192.168.1.130 "POST /compute/v2.1/flavors/2/os-extra_specs" status: 200 len: 43 microversion: 2.61 time: 0.013397
Aug 01 14:28:06.847184 np0000032141 devstack@n-api.service[68962]: [pid: 68962|app: 0|req: 9/18] 192.168.1.130 () {72 vars in 1458 bytes} [Fri Aug  1 14:28:06 2025] POST /compute/v2.1/flavors/2/os-extra_specs => generated 43 bytes in 14 msecs (HTTP/1.1 200) 9 headers in 358 bytes (1 switches on core 0)
Aug 01 14:28:06.947153 np0000032141 devstack@n-api.service[68961]: DEBUG nova.api.openstack.wsgi [None req-e3dab8de-3136-4fa3-acc3-7faefc9a6b7f admin admin] Action: 'create', calling method: <bound method FlavorsController.create of <nova.api.openstack.compute.flavors.FlavorsController object at 0x7930ca604aa0>>, body: {"flavor": {"swap": 0, "os-flavor-access:is_public": true, "rxtx_factor": 1.0, "ram": 4096, "OS-FLV-EXT-DATA:ephemeral": 0, "vcpus": 2, "name": "m1.medium", "id": "3", "disk": 40}} {{(pid=68961) _process_stack /opt/stack/nova/nova/api/openstack/wsgi.py:550}}
Aug 01 14:28:06.962532 np0000032141 devstack@n-api.service[68961]: INFO nova.api.openstack.requestlog [None req-e3dab8de-3136-4fa3-acc3-7faefc9a6b7f admin admin] 192.168.1.130 "POST /compute/v2.1/flavors" status: 200 len: 412 microversion: 2.61 time: 0.017449
Aug 01 14:28:06.962859 np0000032141 devstack@n-api.service[68961]: [pid: 68961|app: 0|req: 10/19] 192.168.1.130 () {72 vars in 1408 bytes} [Fri Aug  1 14:28:06 2025] POST /compute/v2.1/flavors => generated 412 bytes in 18 msecs (HTTP/1.1 200) 9 headers in 359 bytes (1 switches on core 0)
Aug 01 14:28:06.976550 np0000032141 devstack@n-api.service[68962]: DEBUG nova.api.openstack.wsgi [None req-37fb87e7-c3b2-4e29-9763-ea26a7accbf5 admin admin] Action: 'create', calling method: <bound method FlavorExtraSpecsController.create of <nova.api.openstack.compute.flavors_extraspecs.FlavorExtraSpecsController object at 0x7930ca60ad20>>, body: {"extra_specs": {"hw_rng:allowed": "True"}} {{(pid=68962) _process_stack /opt/stack/nova/nova/api/openstack/wsgi.py:550}}
Aug 01 14:28:06.990566 np0000032141 devstack@n-api.service[68962]: INFO nova.api.openstack.requestlog [None req-37fb87e7-c3b2-4e29-9763-ea26a7accbf5 admin admin] 192.168.1.130 "POST /compute/v2.1/flavors/3/os-extra_specs" status: 200 len: 43 microversion: 2.61 time: 0.019402
Aug 01 14:28:06.990803 np0000032141 devstack@n-api.service[68962]: [pid: 68962|app: 0|req: 10/20] 192.168.1.130 () {72 vars in 1458 bytes} [Fri Aug  1 14:28:06 2025] POST /compute/v2.1/flavors/3/os-extra_specs => generated 43 bytes in 20 msecs (HTTP/1.1 200) 9 headers in 358 bytes (1 switches on core 0)
Aug 01 14:28:07.094401 np0000032141 devstack@n-api.service[68961]: DEBUG nova.api.openstack.wsgi [None req-40ef7d89-37db-486f-a70a-b43156b68b9a admin admin] Action: 'create', calling method: <bound method FlavorsController.create of <nova.api.openstack.compute.flavors.FlavorsController object at 0x7930ca604aa0>>, body: {"flavor": {"swap": 0, "os-flavor-access:is_public": true, "rxtx_factor": 1.0, "ram": 8192, "OS-FLV-EXT-DATA:ephemeral": 0, "vcpus": 4, "name": "m1.large", "id": "4", "disk": 80}} {{(pid=68961) _process_stack /opt/stack/nova/nova/api/openstack/wsgi.py:550}}
Aug 01 14:28:07.112335 np0000032141 devstack@n-api.service[68961]: INFO nova.api.openstack.requestlog [None req-40ef7d89-37db-486f-a70a-b43156b68b9a admin admin] 192.168.1.130 "POST /compute/v2.1/flavors" status: 200 len: 411 microversion: 2.61 time: 0.020859
Aug 01 14:28:07.112705 np0000032141 devstack@n-api.service[68961]: [pid: 68961|app: 0|req: 11/21] 192.168.1.130 () {72 vars in 1408 bytes} [Fri Aug  1 14:28:07 2025] POST /compute/v2.1/flavors => generated 411 bytes in 21 msecs (HTTP/1.1 200) 9 headers in 359 bytes (1 switches on core 0)
Aug 01 14:28:07.121195 np0000032141 devstack@n-api.service[68962]: DEBUG nova.api.openstack.wsgi [None req-7ec7eb01-68ae-4a1b-8dd5-eb10749ed739 admin admin] Action: 'create', calling method: <bound method FlavorExtraSpecsController.create of <nova.api.openstack.compute.flavors_extraspecs.FlavorExtraSpecsController object at 0x7930ca60ad20>>, body: {"extra_specs": {"hw_rng:allowed": "True"}} {{(pid=68962) _process_stack /opt/stack/nova/nova/api/openstack/wsgi.py:550}}
Aug 01 14:28:07.135340 np0000032141 devstack@n-api.service[68962]: INFO nova.api.openstack.requestlog [None req-7ec7eb01-68ae-4a1b-8dd5-eb10749ed739 admin admin] 192.168.1.130 "POST /compute/v2.1/flavors/4/os-extra_specs" status: 200 len: 43 microversion: 2.61 time: 0.015557
Aug 01 14:28:07.136243 np0000032141 devstack@n-api.service[68962]: [pid: 68962|app: 0|req: 11/22] 192.168.1.130 () {72 vars in 1458 bytes} [Fri Aug  1 14:28:07 2025] POST /compute/v2.1/flavors/4/os-extra_specs => generated 43 bytes in 16 msecs (HTTP/1.1 200) 9 headers in 358 bytes (1 switches on core 0)
Aug 01 14:28:07.221366 np0000032141 devstack@n-api.service[68961]: DEBUG nova.api.openstack.wsgi [None req-f182bc50-40b9-435e-940d-c0a277fa5fe5 admin admin] Action: 'create', calling method: <bound method FlavorsController.create of <nova.api.openstack.compute.flavors.FlavorsController object at 0x7930ca604aa0>>, body: {"flavor": {"swap": 0, "os-flavor-access:is_public": true, "rxtx_factor": 1.0, "ram": 16384, "OS-FLV-EXT-DATA:ephemeral": 0, "vcpus": 8, "name": "m1.xlarge", "id": "5", "disk": 160}} {{(pid=68961) _process_stack /opt/stack/nova/nova/api/openstack/wsgi.py:550}}
Aug 01 14:28:07.235581 np0000032141 devstack@n-api.service[68961]: INFO nova.api.openstack.requestlog [None req-f182bc50-40b9-435e-940d-c0a277fa5fe5 admin admin] 192.168.1.130 "POST /compute/v2.1/flavors" status: 200 len: 414 microversion: 2.61 time: 0.015669
Aug 01 14:28:07.235833 np0000032141 devstack@n-api.service[68961]: [pid: 68961|app: 0|req: 12/23] 192.168.1.130 () {72 vars in 1408 bytes} [Fri Aug  1 14:28:07 2025] POST /compute/v2.1/flavors => generated 414 bytes in 16 msecs (HTTP/1.1 200) 9 headers in 359 bytes (1 switches on core 0)
Aug 01 14:28:07.247128 np0000032141 devstack@n-api.service[68962]: DEBUG nova.api.openstack.wsgi [None req-3c3fbbaf-1ba0-4503-818b-8d754324fd8d admin admin] Action: 'create', calling method: <bound method FlavorExtraSpecsController.create of <nova.api.openstack.compute.flavors_extraspecs.FlavorExtraSpecsController object at 0x7930ca60ad20>>, body: {"extra_specs": {"hw_rng:allowed": "True"}} {{(pid=68962) _process_stack /opt/stack/nova/nova/api/openstack/wsgi.py:550}}
Aug 01 14:28:07.259349 np0000032141 devstack@n-api.service[68962]: INFO nova.api.openstack.requestlog [None req-3c3fbbaf-1ba0-4503-818b-8d754324fd8d admin admin] 192.168.1.130 "POST /compute/v2.1/flavors/5/os-extra_specs" status: 200 len: 43 microversion: 2.61 time: 0.015164
Aug 01 14:28:07.259613 np0000032141 devstack@n-api.service[68962]: [pid: 68962|app: 0|req: 12/24] 192.168.1.130 () {72 vars in 1458 bytes} [Fri Aug  1 14:28:07 2025] POST /compute/v2.1/flavors/5/os-extra_specs => generated 43 bytes in 15 msecs (HTTP/1.1 200) 9 headers in 358 bytes (1 switches on core 0)
Aug 01 14:28:15.461907 np0000032141 devstack@n-api.service[68961]: DEBUG nova.api.openstack.wsgi [None req-28376e96-284d-4714-938d-8822122201b6 admin admin] Calling method '<bound method FlavorsController.detail of <nova.api.openstack.compute.flavors.FlavorsController object at 0x7930ca604bf0>>' {{(pid=68961) _process_stack /opt/stack/nova/nova/api/openstack/wsgi.py:552}}
Aug 01 14:28:15.473064 np0000032141 devstack@n-api.service[68961]: INFO nova.api.openstack.requestlog [None req-28376e96-284d-4714-938d-8822122201b6 admin admin] 192.168.1.130 "GET /compute/v2.1/flavors/detail?is_public=True" status: 200 len: 4262 microversion: 2.61 time: 0.012572
Aug 01 14:28:15.473275 np0000032141 devstack@n-api.service[68961]: [pid: 68961|app: 0|req: 13/25] 192.168.1.130 () {68 vars in 1417 bytes} [Fri Aug  1 14:28:15 2025] GET /compute/v2.1/flavors/detail?is_public=True => generated 4262 bytes in 13 msecs (HTTP/1.1 200) 9 headers in 360 bytes (1 switches on core 0)
Aug 01 14:28:15.573368 np0000032141 devstack@n-api.service[68962]: DEBUG nova.api.openstack.wsgi [None req-63b1cc47-5f96-4088-8e22-76f0ddda3bd2 admin admin] Action: 'create', calling method: <bound method FlavorsController.create of <nova.api.openstack.compute.flavors.FlavorsController object at 0x7930ca60a480>>, body: {"flavor": {"swap": 0, "os-flavor-access:is_public": true, "rxtx_factor": 1.0, "ram": 1024, "OS-FLV-EXT-DATA:ephemeral": 0, "vcpus": 1, "name": "manila-service-flavor", "id": "100", "disk": 5}} {{(pid=68962) _process_stack /opt/stack/nova/nova/api/openstack/wsgi.py:550}}
Aug 01 14:28:15.583678 np0000032141 devstack@n-api.service[68962]: INFO nova.api.openstack.requestlog [None req-63b1cc47-5f96-4088-8e22-76f0ddda3bd2 admin admin] 192.168.1.130 "POST /compute/v2.1/flavors" status: 200 len: 429 microversion: 2.61 time: 0.011705
Aug 01 14:28:15.583899 np0000032141 devstack@n-api.service[68962]: [pid: 68962|app: 0|req: 13/26] 192.168.1.130 () {72 vars in 1408 bytes} [Fri Aug  1 14:28:15 2025] POST /compute/v2.1/flavors => generated 429 bytes in 12 msecs (HTTP/1.1 200) 9 headers in 359 bytes (1 switches on core 0)
Aug 01 14:28:43.137300 np0000032141 devstack@n-api.service[68961]: DEBUG nova.api.openstack.wsgi [None req-07f92529-22d5-4a12-9da7-bb17f11aaeed admin admin] Calling method '<bound method KeypairController.index of <nova.api.openstack.compute.keypairs.KeypairController object at 0x7930ca687e60>>' {{(pid=68961) _process_stack /opt/stack/nova/nova/api/openstack/wsgi.py:552}}
Aug 01 14:28:43.139148 np0000032141 devstack@n-api.service[68961]: WARNING oslo_db.sqlalchemy.utils [None req-07f92529-22d5-4a12-9da7-bb17f11aaeed admin admin] Unique keys not in sort_keys. The sorting order may be unstable.
Aug 01 14:28:43.139892 np0000032141 devstack@n-api.service[68961]: DEBUG dbcounter [-] [68961] Writing DB stats nova_api:SELECT=22,nova_api:SAVEPOINT=5,nova_api:INSERT=10,nova_api:RELEASE=5 {{(pid=68961) stat_writer /opt/stack/data/venv/lib/python3.12/site-packages/dbcounter.py:115}}
Aug 01 14:28:43.146007 np0000032141 devstack@n-api.service[68961]: INFO nova.api.openstack.requestlog [None req-07f92529-22d5-4a12-9da7-bb17f11aaeed admin admin] 192.168.1.130 "GET /compute/v2.1/os-keypairs" status: 200 len: 16 microversion: 2.10 time: 0.010151
Aug 01 14:28:43.146220 np0000032141 devstack@n-api.service[68961]: [pid: 68961|app: 0|req: 14/27] 192.168.1.130 () {68 vars in 1379 bytes} [Fri Aug  1 14:28:43 2025] GET /compute/v2.1/os-keypairs => generated 16 bytes in 10 msecs (HTTP/1.1 200) 9 headers in 358 bytes (1 switches on core 0)
Aug 01 14:28:43.237507 np0000032141 devstack@n-api.service[68962]: DEBUG nova.api.openstack.wsgi [None req-371b250d-9d4e-4be3-9ecc-be363f170f9a admin admin] Action: 'create', calling method: <bound method KeypairController.create of <nova.api.openstack.compute.keypairs.KeypairController object at 0x7930ca6b9a60>>, body: {"keypair": {"public_key": "ecdsa-sha2-nistp256 AAAAE2VjZHNhLXNoYTItbmlzdHAyNTYAAAAIbmlzdHAyNTYAAABBBDQtm1XN5LfPfwjsb8I9IM2N/azCc0NsVaE5f5Rhn31/MF1gxz+uI69YeBkuyxenxgF+wLjXkM6xDBmvEtxskMI= stack@np0000032141\n", "name": "manila-service"}} {{(pid=68962) _process_stack /opt/stack/nova/nova/api/openstack/wsgi.py:550}}
Aug 01 14:28:43.240626 np0000032141 devstack@n-api.service[68962]: DEBUG dbcounter [-] [68962] Writing DB stats nova_api:INSERT=11,nova_api:SELECT=22,nova_api:SAVEPOINT=5,nova_api:RELEASE=5 {{(pid=68962) stat_writer /opt/stack/data/venv/lib/python3.12/site-packages/dbcounter.py:115}}
Aug 01 14:28:43.252420 np0000032141 devstack@n-api.service[68962]: DEBUG nova.quota [None req-371b250d-9d4e-4be3-9ecc-be363f170f9a admin admin] Getting quotas for project 0d89558f161d412dbe1d693aba45303e. Resources: {'key_pairs'} {{(pid=68962) _get_quotas /opt/stack/nova/nova/quota.py:392}}
Aug 01 14:28:43.255259 np0000032141 devstack@n-api.service[68962]: DEBUG nova.quota [None req-371b250d-9d4e-4be3-9ecc-be363f170f9a admin admin] Getting quotas for user 1fd2e9ee4b42464181ec6eed9dd3b5ec and project 0d89558f161d412dbe1d693aba45303e. Resources: {'key_pairs'} {{(pid=68962) _get_quotas /opt/stack/nova/nova/quota.py:382}}
Aug 01 14:28:43.278652 np0000032141 devstack@n-api.service[68962]: INFO nova.api.openstack.requestlog [None req-371b250d-9d4e-4be3-9ecc-be363f170f9a admin admin] 192.168.1.130 "POST /compute/v2.1/os-keypairs" status: 201 len: 366 microversion: 2.10 time: 0.042580
Aug 01 14:28:43.278906 np0000032141 devstack@n-api.service[68962]: [pid: 68962|app: 0|req: 14/28] 192.168.1.130 () {72 vars in 1420 bytes} [Fri Aug  1 14:28:43 2025] POST /compute/v2.1/os-keypairs => generated 366 bytes in 43 msecs (HTTP/1.1 201) 9 headers in 364 bytes (1 switches on core 0)
Aug 01 14:28:49.238059 np0000032141 devstack@n-api.service[68961]: DEBUG nova.api.openstack.wsgi [None req-3f72a742-11de-4e9b-9e55-80c4115782e7 admin admin] Calling method '<bound method ServiceController.index of <nova.api.openstack.compute.services.ServiceController object at 0x7930ca6f48c0>>' {{(pid=68961) _process_stack /opt/stack/nova/nova/api/openstack/wsgi.py:552}}
Aug 01 14:28:49.239758 np0000032141 devstack@n-api.service[68961]: DEBUG oslo_concurrency.lockutils [None req-3f72a742-11de-4e9b-9e55-80c4115782e7 admin admin] Acquiring lock "00000000-0000-0000-0000-000000000000" by "nova.context.set_target_cell.<locals>.get_or_set_cached_cell_and_set_connections" {{(pid=68961) inner /opt/stack/data/venv/lib/python3.12/site-packages/oslo_concurrency/lockutils.py:405}}
Aug 01 14:28:49.239923 np0000032141 devstack@n-api.service[68961]: DEBUG oslo_concurrency.lockutils [None req-3f72a742-11de-4e9b-9e55-80c4115782e7 admin admin] Lock "00000000-0000-0000-0000-000000000000" acquired by "nova.context.set_target_cell.<locals>.get_or_set_cached_cell_and_set_connections" :: waited 0.000s {{(pid=68961) inner /opt/stack/data/venv/lib/python3.12/site-packages/oslo_concurrency/lockutils.py:410}}
Aug 01 14:28:49.240039 np0000032141 devstack@n-api.service[68961]: DEBUG oslo_concurrency.lockutils [None req-3f72a742-11de-4e9b-9e55-80c4115782e7 admin admin] Lock "00000000-0000-0000-0000-000000000000" "released" by "nova.context.set_target_cell.<locals>.get_or_set_cached_cell_and_set_connections" :: held 0.000s {{(pid=68961) inner /opt/stack/data/venv/lib/python3.12/site-packages/oslo_concurrency/lockutils.py:424}}
Aug 01 14:28:49.240392 np0000032141 devstack@n-api.service[68961]: DEBUG oslo_concurrency.lockutils [None req-3f72a742-11de-4e9b-9e55-80c4115782e7 admin admin] Acquiring lock "a67486d5-2c27-4696-a285-68086ced9cc6" by "nova.context.set_target_cell.<locals>.get_or_set_cached_cell_and_set_connections" {{(pid=68961) inner /opt/stack/data/venv/lib/python3.12/site-packages/oslo_concurrency/lockutils.py:405}}
Aug 01 14:28:49.240528 np0000032141 devstack@n-api.service[68961]: DEBUG oslo_concurrency.lockutils [None req-3f72a742-11de-4e9b-9e55-80c4115782e7 admin admin] Lock "a67486d5-2c27-4696-a285-68086ced9cc6" acquired by "nova.context.set_target_cell.<locals>.get_or_set_cached_cell_and_set_connections" :: waited 0.000s {{(pid=68961) inner /opt/stack/data/venv/lib/python3.12/site-packages/oslo_concurrency/lockutils.py:410}}
