Aug 01 14:36:32.924526 np0000032141 devstack@placement-api.service[74254]: INFO placement.requestlog [None req-ec3afd9b-f503-48c1-ae18-1f89a7b16687 service placement] 192.168.1.130 "DELETE /placement/resource_providers/2385ea17-8ddf-4e00-a468-b35dfbe068ce" status: 404 len: 246 microversion: 1.1
Aug 01 14:36:32.924663 np0000032141 devstack@placement-api.service[74254]: [pid: 74254|app: 0|req: 29/59] 192.168.1.130 () {68 vars in 1474 bytes} [Fri Aug  1 14:36:32 2025] DELETE /placement/resource_providers/2385ea17-8ddf-4e00-a468-b35dfbe068ce => generated 246 bytes in 4 msecs (HTTP/1.1 404) 6 headers in 231 bytes (1 switches on core 0)
Aug 01 14:36:42.914935 np0000032141 devstack@placement-api.service[74253]: DEBUG dbcounter [-] [74253] Writing DB stats placement:SELECT=12 {{(pid=74253) stat_writer /opt/stack/data/venv/lib/python3.12/site-packages/dbcounter.py:115}}
Aug 01 14:36:42.923590 np0000032141 devstack@placement-api.service[74254]: DEBUG dbcounter [-] [74254] Writing DB stats placement:SELECT=14,placement:DELETE=2 {{(pid=74254) stat_writer /opt/stack/data/venv/lib/python3.12/site-packages/dbcounter.py:115}}
Aug 01 14:36:54.012431 np0000032141 devstack@placement-api.service[74253]: DEBUG placement.requestlog [req-f087e41b-5bb5-4114-a21b-dc14ddadf5b7 req-115dd758-ed20-461d-8363-2cde200d3dd4 None None] Starting request: 192.168.1.130 "GET /placement/allocation_candidates?limit=1000&resources=DISK_GB%3A5%2CMEMORY_MB%3A1024%2CVCPU%3A1&root_required=%21COMPUTE_STATUS_DISABLED" {{(pid=74253) __call__ /opt/stack/placement/placement/requestlog.py:55}}
Aug 01 14:36:54.028959 np0000032141 devstack@placement-api.service[74253]: DEBUG placement.objects.research_context [req-f087e41b-5bb5-4114-a21b-dc14ddadf5b7 req-115dd758-ed20-461d-8363-2cde200d3dd4 service nova] getting providers with 5 DISK_GB {{(pid=74253) __init__ /opt/stack/placement/placement/objects/research_context.py:137}}
Aug 01 14:36:54.033668 np0000032141 devstack@placement-api.service[74253]: DEBUG placement.objects.research_context [req-f087e41b-5bb5-4114-a21b-dc14ddadf5b7 req-115dd758-ed20-461d-8363-2cde200d3dd4 service nova] getting providers with 1024 MEMORY_MB {{(pid=74253) __init__ /opt/stack/placement/placement/objects/research_context.py:137}}
Aug 01 14:36:54.034933 np0000032141 devstack@placement-api.service[74253]: DEBUG placement.objects.research_context [req-f087e41b-5bb5-4114-a21b-dc14ddadf5b7 req-115dd758-ed20-461d-8363-2cde200d3dd4 service nova] getting providers with 1 VCPU {{(pid=74253) __init__ /opt/stack/placement/placement/objects/research_context.py:137}}
Aug 01 14:36:54.037601 np0000032141 devstack@placement-api.service[74253]: DEBUG placement.objects.research_context [req-f087e41b-5bb5-4114-a21b-dc14ddadf5b7 req-115dd758-ed20-461d-8363-2cde200d3dd4 service nova] found 1 providers with available 5 DISK_GB {{(pid=74253) get_provider_ids_matching /opt/stack/placement/placement/objects/research_context.py:569}}
Aug 01 14:36:54.037601 np0000032141 devstack@placement-api.service[74253]: DEBUG placement.objects.research_context [req-f087e41b-5bb5-4114-a21b-dc14ddadf5b7 req-115dd758-ed20-461d-8363-2cde200d3dd4 service nova] found 1 providers with available 1024 MEMORY_MB {{(pid=74253) get_provider_ids_matching /opt/stack/placement/placement/objects/research_context.py:569}}
Aug 01 14:36:54.037601 np0000032141 devstack@placement-api.service[74253]: DEBUG placement.objects.research_context [req-f087e41b-5bb5-4114-a21b-dc14ddadf5b7 req-115dd758-ed20-461d-8363-2cde200d3dd4 service nova] found 1 providers after filtering by previous result {{(pid=74253) get_provider_ids_matching /opt/stack/placement/placement/objects/research_context.py:600}}
Aug 01 14:36:54.037601 np0000032141 devstack@placement-api.service[74253]: DEBUG placement.objects.research_context [req-f087e41b-5bb5-4114-a21b-dc14ddadf5b7 req-115dd758-ed20-461d-8363-2cde200d3dd4 service nova] found 1 providers with available 1 VCPU {{(pid=74253) get_provider_ids_matching /opt/stack/placement/placement/objects/research_context.py:569}}
Aug 01 14:36:54.037601 np0000032141 devstack@placement-api.service[74253]: DEBUG placement.objects.research_context [req-f087e41b-5bb5-4114-a21b-dc14ddadf5b7 req-115dd758-ed20-461d-8363-2cde200d3dd4 service nova] found 1 providers after filtering by previous result {{(pid=74253) get_provider_ids_matching /opt/stack/placement/placement/objects/research_context.py:600}}
Aug 01 14:36:54.043065 np0000032141 devstack@placement-api.service[74253]: DEBUG placement.objects.allocation_candidate [req-f087e41b-5bb5-4114-a21b-dc14ddadf5b7 req-115dd758-ed20-461d-8363-2cde200d3dd4 service nova] RequestGroup(use_same_provider=False, resources={DISK_GB:5, MEMORY_MB:1024, VCPU:1}, traits=(), aggregates=[]) (suffix '') returned 1 matches {{(pid=74253) _get_by_requests /opt/stack/placement/placement/objects/allocation_candidate.py:157}}
Aug 01 14:36:54.043290 np0000032141 devstack@placement-api.service[74253]: DEBUG placement.objects.allocation_candidate [req-f087e41b-5bb5-4114-a21b-dc14ddadf5b7 req-115dd758-ed20-461d-8363-2cde200d3dd4 service nova] Merging candidates yields 1 allocation requests and 1 provider summaries {{(pid=74253) _merge_candidates /opt/stack/placement/placement/objects/allocation_candidate.py:841}}
Aug 01 14:36:54.044161 np0000032141 devstack@placement-api.service[74253]: INFO placement.requestlog [req-f087e41b-5bb5-4114-a21b-dc14ddadf5b7 req-115dd758-ed20-461d-8363-2cde200d3dd4 service nova] 192.168.1.130 "GET /placement/allocation_candidates?limit=1000&resources=DISK_GB%3A5%2CMEMORY_MB%3A1024%2CVCPU%3A1&root_required=%21COMPUTE_STATUS_DISABLED" status: 200 len: 2424 microversion: 1.36
Aug 01 14:36:54.044338 np0000032141 devstack@placement-api.service[74253]: [pid: 74253|app: 0|req: 31/60] 192.168.1.130 () {68 vars in 1638 bytes} [Fri Aug  1 14:36:54 2025] GET /placement/allocation_candidates?limit=1000&resources=DISK_GB%3A5%2CMEMORY_MB%3A1024%2CVCPU%3A1&root_required=%21COMPUTE_STATUS_DISABLED => generated 2424 bytes in 32 msecs (HTTP/1.1 200) 8 headers in 297 bytes (1 switches on core 0)
Aug 01 14:36:54.099986 np0000032141 devstack@placement-api.service[74254]: DEBUG placement.requestlog [req-f087e41b-5bb5-4114-a21b-dc14ddadf5b7 req-715b8aaf-e6b4-439e-b1b3-54688a197483 None None] Starting request: 192.168.1.130 "GET /placement/allocations/690b6abd-4df8-41ca-a86b-dfd6bf092343" {{(pid=74254) __call__ /opt/stack/placement/placement/requestlog.py:55}}
Aug 01 14:36:54.104381 np0000032141 devstack@placement-api.service[74254]: INFO placement.requestlog [req-f087e41b-5bb5-4114-a21b-dc14ddadf5b7 req-715b8aaf-e6b4-439e-b1b3-54688a197483 service nova] 192.168.1.130 "GET /placement/allocations/690b6abd-4df8-41ca-a86b-dfd6bf092343" status: 200 len: 19 microversion: 1.28
Aug 01 14:36:54.104586 np0000032141 devstack@placement-api.service[74254]: [pid: 74254|app: 0|req: 30/61] 192.168.1.130 () {68 vars in 1512 bytes} [Fri Aug  1 14:36:54 2025] GET /placement/allocations/690b6abd-4df8-41ca-a86b-dfd6bf092343 => generated 19 bytes in 4 msecs (HTTP/1.1 200) 8 headers in 295 bytes (1 switches on core 0)
Aug 01 14:36:54.109373 np0000032141 devstack@placement-api.service[74253]: DEBUG placement.requestlog [req-f087e41b-5bb5-4114-a21b-dc14ddadf5b7 req-b777ad7c-7276-480e-94fd-7a57ea96328b None None] Starting request: 192.168.1.130 "PUT /placement/allocations/690b6abd-4df8-41ca-a86b-dfd6bf092343" {{(pid=74253) __call__ /opt/stack/placement/placement/requestlog.py:55}}
Aug 01 14:36:54.155156 np0000032141 devstack@placement-api.service[74253]: DEBUG placement.handlers.allocation [req-f087e41b-5bb5-4114-a21b-dc14ddadf5b7 req-b777ad7c-7276-480e-94fd-7a57ea96328b service nova] Successfully wrote allocations [<placement.objects.allocation.Allocation object at 0x72a73cdd03e0>, <placement.objects.allocation.Allocation object at 0x72a73cfa7710>, <placement.objects.allocation.Allocation object at 0x72a73cfa7350>] {{(pid=74253) _update_consumers_and_create_allocations /opt/stack/placement/placement/handlers/allocation.py:462}}
Aug 01 14:36:54.158105 np0000032141 devstack@placement-api.service[74253]: INFO placement.requestlog [req-f087e41b-5bb5-4114-a21b-dc14ddadf5b7 req-b777ad7c-7276-480e-94fd-7a57ea96328b service nova] 192.168.1.130 "PUT /placement/allocations/690b6abd-4df8-41ca-a86b-dfd6bf092343" status: 204 len: 0 microversion: 1.36
Aug 01 14:36:54.158284 np0000032141 devstack@placement-api.service[74253]: [pid: 74253|app: 0|req: 32/62] 192.168.1.130 () {72 vars in 1565 bytes} [Fri Aug  1 14:36:54 2025] PUT /placement/allocations/690b6abd-4df8-41ca-a86b-dfd6bf092343 => generated 0 bytes in 49 msecs (HTTP/1.1 204) 5 headers in 199 bytes (1 switches on core 0)
Aug 01 14:36:55.657944 np0000032141 devstack@placement-api.service[74254]: DEBUG placement.requestlog [req-f087e41b-5bb5-4114-a21b-dc14ddadf5b7 req-ca7d48c3-faab-410b-bbad-233abfa5a6ad None None] Starting request: 192.168.1.130 "GET /placement/allocations/690b6abd-4df8-41ca-a86b-dfd6bf092343" {{(pid=74254) __call__ /opt/stack/placement/placement/requestlog.py:55}}
Aug 01 14:36:55.663179 np0000032141 devstack@placement-api.service[74254]: INFO placement.requestlog [req-f087e41b-5bb5-4114-a21b-dc14ddadf5b7 req-ca7d48c3-faab-410b-bbad-233abfa5a6ad service nova] 192.168.1.130 "GET /placement/allocations/690b6abd-4df8-41ca-a86b-dfd6bf092343" status: 200 len: 258 microversion: 1.28
Aug 01 14:36:55.663342 np0000032141 devstack@placement-api.service[74254]: [pid: 74254|app: 0|req: 31/63] 192.168.1.130 () {68 vars in 1510 bytes} [Fri Aug  1 14:36:55 2025] GET /placement/allocations/690b6abd-4df8-41ca-a86b-dfd6bf092343 => generated 258 bytes in 5 msecs (HTTP/1.1 200) 8 headers in 296 bytes (1 switches on core 0)
Aug 01 14:36:56.677013 np0000032141 devstack@placement-api.service[74253]: DEBUG placement.requestlog [req-f087e41b-5bb5-4114-a21b-dc14ddadf5b7 req-adb3f850-3185-42d8-b433-154d1ea1e5f9 None None] Starting request: 192.168.1.130 "GET /placement/resource_providers/0d220107-79d1-4ecd-8b97-756bf2c10f76/allocations" {{(pid=74253) __call__ /opt/stack/placement/placement/requestlog.py:55}}
Aug 01 14:36:56.683690 np0000032141 devstack@placement-api.service[74253]: INFO placement.requestlog [req-f087e41b-5bb5-4114-a21b-dc14ddadf5b7 req-adb3f850-3185-42d8-b433-154d1ea1e5f9 service nova] 192.168.1.130 "GET /placement/resource_providers/0d220107-79d1-4ecd-8b97-756bf2c10f76/allocations" status: 200 len: 153 microversion: 1.0
Aug 01 14:36:56.683842 np0000032141 devstack@placement-api.service[74253]: [pid: 74253|app: 0|req: 33/64] 192.168.1.130 () {66 vars in 1523 bytes} [Fri Aug  1 14:36:56 2025] GET /placement/resource_providers/0d220107-79d1-4ecd-8b97-756bf2c10f76/allocations => generated 153 bytes in 7 msecs (HTTP/1.1 200) 6 headers in 224 bytes (1 switches on core 0)
Aug 01 14:36:56.688228 np0000032141 devstack@placement-api.service[74254]: DEBUG placement.requestlog [req-f087e41b-5bb5-4114-a21b-dc14ddadf5b7 req-098c2569-575a-488b-85ec-235381440b8b None None] Starting request: 192.168.1.130 "GET /placement/allocations/690b6abd-4df8-41ca-a86b-dfd6bf092343" {{(pid=74254) __call__ /opt/stack/placement/placement/requestlog.py:55}}
Aug 01 14:36:56.693536 np0000032141 devstack@placement-api.service[74254]: INFO placement.requestlog [req-f087e41b-5bb5-4114-a21b-dc14ddadf5b7 req-098c2569-575a-488b-85ec-235381440b8b service nova] 192.168.1.130 "GET /placement/allocations/690b6abd-4df8-41ca-a86b-dfd6bf092343" status: 200 len: 258 microversion: 1.28
Aug 01 14:36:56.693753 np0000032141 devstack@placement-api.service[74254]: [pid: 74254|app: 0|req: 32/65] 192.168.1.130 () {68 vars in 1510 bytes} [Fri Aug  1 14:36:56 2025] GET /placement/allocations/690b6abd-4df8-41ca-a86b-dfd6bf092343 => generated 258 bytes in 6 msecs (HTTP/1.1 200) 8 headers in 296 bytes (1 switches on core 0)
Aug 01 14:37:06.683055 np0000032141 devstack@placement-api.service[74253]: DEBUG dbcounter [-] [74253] Writing DB stats placement:SELECT=21,placement:INSERT=6,placement:DELETE=2,placement:UPDATE=2 {{(pid=74253) stat_writer /opt/stack/data/venv/lib/python3.12/site-packages/dbcounter.py:115}}
Aug 01 14:37:06.692768 np0000032141 devstack@placement-api.service[74254]: DEBUG dbcounter [-] [74254] Writing DB stats placement:SELECT=5 {{(pid=74254) stat_writer /opt/stack/data/venv/lib/python3.12/site-packages/dbcounter.py:115}}
Aug 01 14:37:17.153728 np0000032141 devstack@placement-api.service[74253]: DEBUG placement.requestlog [req-62e6305d-2b96-413c-82ee-dd968cdfeafa req-1973b1b9-8d25-46cb-b264-c2a78f0fe1d5 None None] Starting request: 192.168.1.130 "GET /placement/resource_providers/0d220107-79d1-4ecd-8b97-756bf2c10f76/allocations" {{(pid=74253) __call__ /opt/stack/placement/placement/requestlog.py:55}}
Aug 01 14:37:17.160777 np0000032141 devstack@placement-api.service[74253]: INFO placement.requestlog [req-62e6305d-2b96-413c-82ee-dd968cdfeafa req-1973b1b9-8d25-46cb-b264-c2a78f0fe1d5 service nova] 192.168.1.130 "GET /placement/resource_providers/0d220107-79d1-4ecd-8b97-756bf2c10f76/allocations" status: 200 len: 153 microversion: 1.0
Aug 01 14:37:17.161066 np0000032141 devstack@placement-api.service[74253]: [pid: 74253|app: 0|req: 34/66] 192.168.1.130 () {66 vars in 1523 bytes} [Fri Aug  1 14:37:17 2025] GET /placement/resource_providers/0d220107-79d1-4ecd-8b97-756bf2c10f76/allocations => generated 153 bytes in 7 msecs (HTTP/1.1 200) 6 headers in 224 bytes (1 switches on core 0)
Aug 01 14:37:17.166301 np0000032141 devstack@placement-api.service[74254]: DEBUG placement.requestlog [req-62e6305d-2b96-413c-82ee-dd968cdfeafa req-0cd50147-1d98-4c4c-8770-3db2440f538a None None] Starting request: 192.168.1.130 "GET /placement/resource_providers/0d220107-79d1-4ecd-8b97-756bf2c10f76/allocations" {{(pid=74254) __call__ /opt/stack/placement/placement/requestlog.py:55}}
Aug 01 14:37:17.173140 np0000032141 devstack@placement-api.service[74254]: INFO placement.requestlog [req-62e6305d-2b96-413c-82ee-dd968cdfeafa req-0cd50147-1d98-4c4c-8770-3db2440f538a service nova] 192.168.1.130 "GET /placement/resource_providers/0d220107-79d1-4ecd-8b97-756bf2c10f76/allocations" status: 200 len: 153 microversion: 1.0
Aug 01 14:37:17.173293 np0000032141 devstack@placement-api.service[74254]: [pid: 74254|app: 0|req: 33/67] 192.168.1.130 () {66 vars in 1523 bytes} [Fri Aug  1 14:37:17 2025] GET /placement/resource_providers/0d220107-79d1-4ecd-8b97-756bf2c10f76/allocations => generated 153 bytes in 7 msecs (HTTP/1.1 200) 6 headers in 224 bytes (1 switches on core 0)
Aug 01 14:37:17.177525 np0000032141 devstack@placement-api.service[74253]: DEBUG placement.requestlog [req-62e6305d-2b96-413c-82ee-dd968cdfeafa req-c9b390a6-d258-414b-822c-97f9b1901d2a None None] Starting request: 192.168.1.130 "GET /placement/allocations/690b6abd-4df8-41ca-a86b-dfd6bf092343" {{(pid=74253) __call__ /opt/stack/placement/placement/requestlog.py:55}}
Aug 01 14:37:17.181920 np0000032141 devstack@placement-api.service[74253]: INFO placement.requestlog [req-62e6305d-2b96-413c-82ee-dd968cdfeafa req-c9b390a6-d258-414b-822c-97f9b1901d2a service nova] 192.168.1.130 "GET /placement/allocations/690b6abd-4df8-41ca-a86b-dfd6bf092343" status: 200 len: 258 microversion: 1.28
Aug 01 14:37:17.182175 np0000032141 devstack@placement-api.service[74253]: [pid: 74253|app: 0|req: 35/68] 192.168.1.130 () {68 vars in 1510 bytes} [Fri Aug  1 14:37:17 2025] GET /placement/allocations/690b6abd-4df8-41ca-a86b-dfd6bf092343 => generated 258 bytes in 5 msecs (HTTP/1.1 200) 8 headers in 296 bytes (1 switches on core 0)
Aug 01 14:37:27.172514 np0000032141 devstack@placement-api.service[74254]: DEBUG dbcounter [-] [74254] Writing DB stats placement:SELECT=3 {{(pid=74254) stat_writer /opt/stack/data/venv/lib/python3.12/site-packages/dbcounter.py:115}}
Aug 01 14:37:27.181240 np0000032141 devstack@placement-api.service[74253]: DEBUG dbcounter [-] [74253] Writing DB stats placement:SELECT=5 {{(pid=74253) stat_writer /opt/stack/data/venv/lib/python3.12/site-packages/dbcounter.py:115}}
Aug 01 14:38:17.140696 np0000032141 devstack@placement-api.service[74254]: DEBUG placement.requestlog [req-e3f09b5a-6765-4074-ad6c-3f626fcfb41f req-509fcb66-1a55-440d-9f4c-82796d445683 None None] Starting request: 192.168.1.130 "GET /placement/resource_providers/0d220107-79d1-4ecd-8b97-756bf2c10f76/allocations" {{(pid=74254) __call__ /opt/stack/placement/placement/requestlog.py:55}}
Aug 01 14:38:17.147961 np0000032141 devstack@placement-api.service[74254]: INFO placement.requestlog [req-e3f09b5a-6765-4074-ad6c-3f626fcfb41f req-509fcb66-1a55-440d-9f4c-82796d445683 service nova] 192.168.1.130 "GET /placement/resource_providers/0d220107-79d1-4ecd-8b97-756bf2c10f76/allocations" status: 200 len: 153 microversion: 1.0
Aug 01 14:38:17.148127 np0000032141 devstack@placement-api.service[74254]: [pid: 74254|app: 0|req: 34/69] 192.168.1.130 () {66 vars in 1523 bytes} [Fri Aug  1 14:38:17 2025] GET /placement/resource_providers/0d220107-79d1-4ecd-8b97-756bf2c10f76/allocations => generated 153 bytes in 7 msecs (HTTP/1.1 200) 6 headers in 224 bytes (1 switches on core 0)
Aug 01 14:38:17.153664 np0000032141 devstack@placement-api.service[74253]: DEBUG placement.requestlog [req-e3f09b5a-6765-4074-ad6c-3f626fcfb41f req-914fa232-8f36-4d9b-8906-aad7cae002f2 None None] Starting request: 192.168.1.130 "GET /placement/resource_providers/0d220107-79d1-4ecd-8b97-756bf2c10f76/allocations" {{(pid=74253) __call__ /opt/stack/placement/placement/requestlog.py:55}}
Aug 01 14:38:17.160960 np0000032141 devstack@placement-api.service[74253]: INFO placement.requestlog [req-e3f09b5a-6765-4074-ad6c-3f626fcfb41f req-914fa232-8f36-4d9b-8906-aad7cae002f2 service nova] 192.168.1.130 "GET /placement/resource_providers/0d220107-79d1-4ecd-8b97-756bf2c10f76/allocations" status: 200 len: 153 microversion: 1.0
Aug 01 14:38:17.161215 np0000032141 devstack@placement-api.service[74253]: [pid: 74253|app: 0|req: 36/70] 192.168.1.130 () {66 vars in 1523 bytes} [Fri Aug  1 14:38:17 2025] GET /placement/resource_providers/0d220107-79d1-4ecd-8b97-756bf2c10f76/allocations => generated 153 bytes in 8 msecs (HTTP/1.1 200) 6 headers in 224 bytes (1 switches on core 0)
Aug 01 14:38:17.165286 np0000032141 devstack@placement-api.service[74254]: DEBUG placement.requestlog [req-e3f09b5a-6765-4074-ad6c-3f626fcfb41f req-2a396fd4-3850-4b3c-9e38-b644e3d6009b None None] Starting request: 192.168.1.130 "GET /placement/allocations/690b6abd-4df8-41ca-a86b-dfd6bf092343" {{(pid=74254) __call__ /opt/stack/placement/placement/requestlog.py:55}}
Aug 01 14:38:17.170081 np0000032141 devstack@placement-api.service[74254]: INFO placement.requestlog [req-e3f09b5a-6765-4074-ad6c-3f626fcfb41f req-2a396fd4-3850-4b3c-9e38-b644e3d6009b service nova] 192.168.1.130 "GET /placement/allocations/690b6abd-4df8-41ca-a86b-dfd6bf092343" status: 200 len: 258 microversion: 1.28
Aug 01 14:38:17.170235 np0000032141 devstack@placement-api.service[74254]: [pid: 74254|app: 0|req: 35/71] 192.168.1.130 () {68 vars in 1510 bytes} [Fri Aug  1 14:38:17 2025] GET /placement/allocations/690b6abd-4df8-41ca-a86b-dfd6bf092343 => generated 258 bytes in 5 msecs (HTTP/1.1 200) 8 headers in 296 bytes (1 switches on core 0)
Aug 01 14:38:27.160338 np0000032141 devstack@placement-api.service[74253]: DEBUG dbcounter [-] [74253] Writing DB stats placement:SELECT=3 {{(pid=74253) stat_writer /opt/stack/data/venv/lib/python3.12/site-packages/dbcounter.py:115}}
Aug 01 14:38:27.169344 np0000032141 devstack@placement-api.service[74254]: DEBUG dbcounter [-] [74254] Writing DB stats placement:SELECT=5 {{(pid=74254) stat_writer /opt/stack/data/venv/lib/python3.12/site-packages/dbcounter.py:115}}
Aug 01 14:39:19.050956 np0000032141 devstack@placement-api.service[74253]: DEBUG placement.requestlog [req-b087bb02-0b65-481c-8919-04289459ec1a req-6af44e61-2ae4-48d0-8de1-48f487369d5a None None] Starting request: 192.168.1.130 "GET /placement/resource_providers/0d220107-79d1-4ecd-8b97-756bf2c10f76/allocations" {{(pid=74253) __call__ /opt/stack/placement/placement/requestlog.py:55}}
Aug 01 14:39:19.105649 np0000032141 devstack@placement-api.service[74253]: INFO placement.requestlog [req-b087bb02-0b65-481c-8919-04289459ec1a req-6af44e61-2ae4-48d0-8de1-48f487369d5a service nova] 192.168.1.130 "GET /placement/resource_providers/0d220107-79d1-4ecd-8b97-756bf2c10f76/allocations" status: 200 len: 153 microversion: 1.0
Aug 01 14:39:19.105788 np0000032141 devstack@placement-api.service[74253]: [pid: 74253|app: 0|req: 37/72] 192.168.1.130 () {66 vars in 1523 bytes} [Fri Aug  1 14:39:19 2025] GET /placement/resource_providers/0d220107-79d1-4ecd-8b97-756bf2c10f76/allocations => generated 153 bytes in 55 msecs (HTTP/1.1 200) 6 headers in 224 bytes (1 switches on core 0)
Aug 01 14:39:19.110792 np0000032141 devstack@placement-api.service[74254]: DEBUG placement.requestlog [req-b087bb02-0b65-481c-8919-04289459ec1a req-2e8c16dc-6926-457f-a714-66282d485533 None None] Starting request: 192.168.1.130 "GET /placement/resource_providers?in_tree=0d220107-79d1-4ecd-8b97-756bf2c10f76" {{(pid=74254) __call__ /opt/stack/placement/placement/requestlog.py:55}}
Aug 01 14:39:19.119582 np0000032141 devstack@placement-api.service[74254]: INFO placement.requestlog [req-b087bb02-0b65-481c-8919-04289459ec1a req-2e8c16dc-6926-457f-a714-66282d485533 service nova] 192.168.1.130 "GET /placement/resource_providers?in_tree=0d220107-79d1-4ecd-8b97-756bf2c10f76" status: 200 len: 861 microversion: 1.14
Aug 01 14:39:19.119730 np0000032141 devstack@placement-api.service[74254]: [pid: 74254|app: 0|req: 36/73] 192.168.1.130 () {68 vars in 1509 bytes} [Fri Aug  1 14:39:19 2025] GET /placement/resource_providers?in_tree=0d220107-79d1-4ecd-8b97-756bf2c10f76 => generated 861 bytes in 9 msecs (HTTP/1.1 200) 6 headers in 225 bytes (1 switches on core 0)
Aug 01 14:39:19.123968 np0000032141 devstack@placement-api.service[74253]: DEBUG placement.requestlog [req-b087bb02-0b65-481c-8919-04289459ec1a req-284b993f-e898-463c-a80a-59247ecc8320 None None] Starting request: 192.168.1.130 "GET /placement/resource_providers/0d220107-79d1-4ecd-8b97-756bf2c10f76/inventories" {{(pid=74253) __call__ /opt/stack/placement/placement/requestlog.py:55}}
Aug 01 14:39:19.130922 np0000032141 devstack@placement-api.service[74253]: INFO placement.requestlog [req-b087bb02-0b65-481c-8919-04289459ec1a req-284b993f-e898-463c-a80a-59247ecc8320 service nova] 192.168.1.130 "GET /placement/resource_providers/0d220107-79d1-4ecd-8b97-756bf2c10f76/inventories" status: 200 len: 396 microversion: 1.0
Aug 01 14:39:19.131059 np0000032141 devstack@placement-api.service[74253]: [pid: 74253|app: 0|req: 38/74] 192.168.1.130 () {66 vars in 1523 bytes} [Fri Aug  1 14:39:19 2025] GET /placement/resource_providers/0d220107-79d1-4ecd-8b97-756bf2c10f76/inventories => generated 396 bytes in 7 msecs (HTTP/1.1 200) 6 headers in 224 bytes (1 switches on core 0)
Aug 01 14:39:19.135198 np0000032141 devstack@placement-api.service[74254]: DEBUG placement.requestlog [req-b087bb02-0b65-481c-8919-04289459ec1a req-48ffc54f-d439-4be3-ba54-fe0e2ae5887e None None] Starting request: 192.168.1.130 "GET /placement/resource_providers/0d220107-79d1-4ecd-8b97-756bf2c10f76/aggregates" {{(pid=74254) __call__ /opt/stack/placement/placement/requestlog.py:55}}
Aug 01 14:39:19.139689 np0000032141 devstack@placement-api.service[74254]: INFO placement.requestlog [req-b087bb02-0b65-481c-8919-04289459ec1a req-48ffc54f-d439-4be3-ba54-fe0e2ae5887e service nova] 192.168.1.130 "GET /placement/resource_providers/0d220107-79d1-4ecd-8b97-756bf2c10f76/aggregates" status: 200 len: 53 microversion: 1.19
Aug 01 14:39:19.139822 np0000032141 devstack@placement-api.service[74254]: [pid: 74254|app: 0|req: 37/75] 192.168.1.130 () {68 vars in 1564 bytes} [Fri Aug  1 14:39:19 2025] GET /placement/resource_providers/0d220107-79d1-4ecd-8b97-756bf2c10f76/aggregates => generated 53 bytes in 4 msecs (HTTP/1.1 200) 8 headers in 295 bytes (1 switches on core 0)
Aug 01 14:39:19.143657 np0000032141 devstack@placement-api.service[74253]: DEBUG placement.requestlog [req-b087bb02-0b65-481c-8919-04289459ec1a req-56a23838-700e-4efe-beca-ca74d69d757c None None] Starting request: 192.168.1.130 "GET /placement/resource_providers/0d220107-79d1-4ecd-8b97-756bf2c10f76/traits" {{(pid=74253) __call__ /opt/stack/placement/placement/requestlog.py:55}}
Aug 01 14:39:19.151730 np0000032141 devstack@placement-api.service[74253]: INFO placement.requestlog [req-b087bb02-0b65-481c-8919-04289459ec1a req-56a23838-700e-4efe-beca-ca74d69d757c service nova] 192.168.1.130 "GET /placement/resource_providers/0d220107-79d1-4ecd-8b97-756bf2c10f76/traits" status: 200 len: 1959 microversion: 1.6
Aug 01 14:39:19.151860 np0000032141 devstack@placement-api.service[74253]: [pid: 74253|app: 0|req: 39/76] 192.168.1.130 () {68 vars in 1551 bytes} [Fri Aug  1 14:39:19 2025] GET /placement/resource_providers/0d220107-79d1-4ecd-8b97-756bf2c10f76/traits => generated 1959 bytes in 8 msecs (HTTP/1.1 200) 6 headers in 225 bytes (1 switches on core 0)
Aug 01 14:39:19.155924 np0000032141 devstack@placement-api.service[74254]: DEBUG placement.requestlog [req-b087bb02-0b65-481c-8919-04289459ec1a req-9859a76e-fee0-4f7d-a986-07ea2edf9d03 None None] Starting request: 192.168.1.130 "GET /placement/resource_providers/0d220107-79d1-4ecd-8b97-756bf2c10f76/allocations" {{(pid=74254) __call__ /opt/stack/placement/placement/requestlog.py:55}}
Aug 01 14:39:19.162765 np0000032141 devstack@placement-api.service[74254]: INFO placement.requestlog [req-b087bb02-0b65-481c-8919-04289459ec1a req-9859a76e-fee0-4f7d-a986-07ea2edf9d03 service nova] 192.168.1.130 "GET /placement/resource_providers/0d220107-79d1-4ecd-8b97-756bf2c10f76/allocations" status: 200 len: 153 microversion: 1.0
Aug 01 14:39:19.162899 np0000032141 devstack@placement-api.service[74254]: [pid: 74254|app: 0|req: 38/77] 192.168.1.130 () {66 vars in 1523 bytes} [Fri Aug  1 14:39:19 2025] GET /placement/resource_providers/0d220107-79d1-4ecd-8b97-756bf2c10f76/allocations => generated 153 bytes in 7 msecs (HTTP/1.1 200) 6 headers in 224 bytes (1 switches on core 0)
Aug 01 14:39:19.166595 np0000032141 devstack@placement-api.service[74253]: DEBUG placement.requestlog [req-b087bb02-0b65-481c-8919-04289459ec1a req-d90816e5-1081-4e06-b327-771e80b6cbc3 None None] Starting request: 192.168.1.130 "GET /placement/allocations/690b6abd-4df8-41ca-a86b-dfd6bf092343" {{(pid=74253) __call__ /opt/stack/placement/placement/requestlog.py:55}}
Aug 01 14:39:19.170994 np0000032141 devstack@placement-api.service[74253]: INFO placement.requestlog [req-b087bb02-0b65-481c-8919-04289459ec1a req-d90816e5-1081-4e06-b327-771e80b6cbc3 service nova] 192.168.1.130 "GET /placement/allocations/690b6abd-4df8-41ca-a86b-dfd6bf092343" status: 200 len: 258 microversion: 1.28
Aug 01 14:39:19.171126 np0000032141 devstack@placement-api.service[74253]: [pid: 74253|app: 0|req: 40/78] 192.168.1.130 () {68 vars in 1510 bytes} [Fri Aug  1 14:39:19 2025] GET /placement/allocations/690b6abd-4df8-41ca-a86b-dfd6bf092343 => generated 258 bytes in 4 msecs (HTTP/1.1 200) 8 headers in 296 bytes (1 switches on core 0)
Aug 01 14:39:20.186431 np0000032141 devstack@placement-api.service[74254]: DEBUG placement.requestlog [req-40ed3f73-1ee0-41fb-beed-f56b7cad1f65 req-3c578acd-99c6-4194-81e1-75456374edb5 None None] Starting request: 192.168.1.130 "GET /placement/resource_providers/0d220107-79d1-4ecd-8b97-756bf2c10f76/allocations" {{(pid=74254) __call__ /opt/stack/placement/placement/requestlog.py:55}}
Aug 01 14:39:20.193282 np0000032141 devstack@placement-api.service[74254]: INFO placement.requestlog [req-40ed3f73-1ee0-41fb-beed-f56b7cad1f65 req-3c578acd-99c6-4194-81e1-75456374edb5 service nova] 192.168.1.130 "GET /placement/resource_providers/0d220107-79d1-4ecd-8b97-756bf2c10f76/allocations" status: 200 len: 153 microversion: 1.0
Aug 01 14:39:20.193432 np0000032141 devstack@placement-api.service[74254]: [pid: 74254|app: 0|req: 39/79] 192.168.1.130 () {66 vars in 1523 bytes} [Fri Aug  1 14:39:20 2025] GET /placement/resource_providers/0d220107-79d1-4ecd-8b97-756bf2c10f76/allocations => generated 153 bytes in 7 msecs (HTTP/1.1 200) 6 headers in 224 bytes (1 switches on core 0)
Aug 01 14:39:20.197843 np0000032141 devstack@placement-api.service[74253]: DEBUG placement.requestlog [req-40ed3f73-1ee0-41fb-beed-f56b7cad1f65 req-ae65c056-e9e2-4e10-b156-ad63e5114935 None None] Starting request: 192.168.1.130 "GET /placement/allocations/690b6abd-4df8-41ca-a86b-dfd6bf092343" {{(pid=74253) __call__ /opt/stack/placement/placement/requestlog.py:55}}
Aug 01 14:39:20.203032 np0000032141 devstack@placement-api.service[74253]: INFO placement.requestlog [req-40ed3f73-1ee0-41fb-beed-f56b7cad1f65 req-ae65c056-e9e2-4e10-b156-ad63e5114935 service nova] 192.168.1.130 "GET /placement/allocations/690b6abd-4df8-41ca-a86b-dfd6bf092343" status: 200 len: 258 microversion: 1.28
Aug 01 14:39:20.203181 np0000032141 devstack@placement-api.service[74253]: [pid: 74253|app: 0|req: 41/80] 192.168.1.130 () {68 vars in 1510 bytes} [Fri Aug  1 14:39:20 2025] GET /placement/allocations/690b6abd-4df8-41ca-a86b-dfd6bf092343 => generated 258 bytes in 5 msecs (HTTP/1.1 200) 8 headers in 296 bytes (1 switches on core 0)
Aug 01 14:39:21.216988 np0000032141 devstack@placement-api.service[74254]: DEBUG placement.requestlog [req-40ed3f73-1ee0-41fb-beed-f56b7cad1f65 req-dc85c0b1-162f-4c33-8e4a-e0a0b25da4b2 None None] Starting request: 192.168.1.130 "DELETE /placement/allocations/690b6abd-4df8-41ca-a86b-dfd6bf092343" {{(pid=74254) __call__ /opt/stack/placement/placement/requestlog.py:55}}
Aug 01 14:39:21.229602 np0000032141 devstack@placement-api.service[74254]: DEBUG placement.handlers.allocation [req-40ed3f73-1ee0-41fb-beed-f56b7cad1f65 req-dc85c0b1-162f-4c33-8e4a-e0a0b25da4b2 service nova] Successfully deleted allocations [<placement.objects.allocation.Allocation object at 0x72a73c4e26c0>, <placement.objects.allocation.Allocation object at 0x72a73c4e1190>, <placement.objects.allocation.Allocation object at 0x72a73c4e0ef0>] {{(pid=74254) delete_allocations /opt/stack/placement/placement/handlers/allocation.py:627}}
Aug 01 14:39:21.229775 np0000032141 devstack@placement-api.service[74254]: INFO placement.requestlog [req-40ed3f73-1ee0-41fb-beed-f56b7cad1f65 req-dc85c0b1-162f-4c33-8e4a-e0a0b25da4b2 service nova] 192.168.1.130 "DELETE /placement/allocations/690b6abd-4df8-41ca-a86b-dfd6bf092343" status: 204 len: 0 microversion: 1.0
Aug 01 14:39:21.229921 np0000032141 devstack@placement-api.service[74254]: [pid: 74254|app: 0|req: 40/81] 192.168.1.130 () {68 vars in 1488 bytes} [Fri Aug  1 14:39:21 2025] DELETE /placement/allocations/690b6abd-4df8-41ca-a86b-dfd6bf092343 => generated 0 bytes in 13 msecs (HTTP/1.1 204) 5 headers in 198 bytes (1 switches on core 0)
Aug 01 14:39:22.859747 np0000032141 devstack@placement-api.service[74253]: DEBUG placement.requestlog [None req-5ae357e5-472c-4624-b8c3-a3c324631dbe None None] Starting request: 192.168.1.130 "GET /placement/resource_providers/996a7706-6318-464b-a166-73f4e86e428c/aggregates" {{(pid=74253) __call__ /opt/stack/placement/placement/requestlog.py:55}}
Aug 01 14:39:22.864618 np0000032141 devstack@placement-api.service[74253]: INFO placement.requestlog [None req-5ae357e5-472c-4624-b8c3-a3c324631dbe service placement] 192.168.1.130 "GET /placement/resource_providers/996a7706-6318-464b-a166-73f4e86e428c/aggregates" status: 404 len: 235 microversion: 1.1
Aug 01 14:39:22.864780 np0000032141 devstack@placement-api.service[74253]: [pid: 74253|app: 0|req: 42/82] 192.168.1.130 () {66 vars in 1485 bytes} [Fri Aug  1 14:39:22 2025] GET /placement/resource_providers/996a7706-6318-464b-a166-73f4e86e428c/aggregates => generated 235 bytes in 5 msecs (HTTP/1.1 404) 5 headers in 202 bytes (1 switches on core 0)
Aug 01 14:39:22.870208 np0000032141 devstack@placement-api.service[74254]: DEBUG placement.requestlog [None req-02bc23e3-17f2-4dde-9788-e68201b2e0cb None None] Starting request: 192.168.1.130 "DELETE /placement/resource_providers/996a7706-6318-464b-a166-73f4e86e428c" {{(pid=74254) __call__ /opt/stack/placement/placement/requestlog.py:55}}
Aug 01 14:39:22.875085 np0000032141 devstack@placement-api.service[74254]: DEBUG placement.wsgi_wrapper [None req-02bc23e3-17f2-4dde-9788-e68201b2e0cb service placement] Placement API returning an error response: No resource provider with uuid 996a7706-6318-464b-a166-73f4e86e428c found for delete {{(pid=74254) call_func /opt/stack/placement/placement/wsgi_wrapper.py:31}}
Aug 01 14:39:22.875356 np0000032141 devstack@placement-api.service[74254]: INFO placement.requestlog [None req-02bc23e3-17f2-4dde-9788-e68201b2e0cb service placement] 192.168.1.130 "DELETE /placement/resource_providers/996a7706-6318-464b-a166-73f4e86e428c" status: 404 len: 246 microversion: 1.1
Aug 01 14:39:22.875599 np0000032141 devstack@placement-api.service[74254]: [pid: 74254|app: 0|req: 41/83] 192.168.1.130 () {68 vars in 1474 bytes} [Fri Aug  1 14:39:22 2025] DELETE /placement/resource_providers/996a7706-6318-464b-a166-73f4e86e428c => generated 246 bytes in 5 msecs (HTTP/1.1 404) 6 headers in 231 bytes (2 switches on core 0)
Aug 01 14:39:27.210140 np0000032141 devstack@placement-api.service[74253]: DEBUG placement.requestlog [req-6b1e0e93-cafa-4e69-b572-9d910eddfce7 req-0cbb8ae7-2907-4884-99ac-67e09e327fac None None] Starting request: 192.168.1.130 "GET /placement/allocation_candidates?limit=1000&resources=DISK_GB%3A5%2CMEMORY_MB%3A1024%2CVCPU%3A1&root_required=%21COMPUTE_STATUS_DISABLED" {{(pid=74253) __call__ /opt/stack/placement/placement/requestlog.py:55}}
Aug 01 14:39:27.241350 np0000032141 devstack@placement-api.service[74253]: DEBUG placement.objects.research_context [req-6b1e0e93-cafa-4e69-b572-9d910eddfce7 req-0cbb8ae7-2907-4884-99ac-67e09e327fac service nova] getting providers with 5 DISK_GB {{(pid=74253) __init__ /opt/stack/placement/placement/objects/research_context.py:137}}
Aug 01 14:39:27.243439 np0000032141 devstack@placement-api.service[74253]: DEBUG placement.objects.research_context [req-6b1e0e93-cafa-4e69-b572-9d910eddfce7 req-0cbb8ae7-2907-4884-99ac-67e09e327fac service nova] getting providers with 1024 MEMORY_MB {{(pid=74253) __init__ /opt/stack/placement/placement/objects/research_context.py:137}}
Aug 01 14:39:27.245367 np0000032141 devstack@placement-api.service[74253]: DEBUG placement.objects.research_context [req-6b1e0e93-cafa-4e69-b572-9d910eddfce7 req-0cbb8ae7-2907-4884-99ac-67e09e327fac service nova] getting providers with 1 VCPU {{(pid=74253) __init__ /opt/stack/placement/placement/objects/research_context.py:137}}
Aug 01 14:39:27.247488 np0000032141 devstack@placement-api.service[74253]: DEBUG placement.objects.research_context [req-6b1e0e93-cafa-4e69-b572-9d910eddfce7 req-0cbb8ae7-2907-4884-99ac-67e09e327fac service nova] found 1 providers with available 5 DISK_GB {{(pid=74253) get_provider_ids_matching /opt/stack/placement/placement/objects/research_context.py:569}}
Aug 01 14:39:27.247623 np0000032141 devstack@placement-api.service[74253]: DEBUG placement.objects.research_context [req-6b1e0e93-cafa-4e69-b572-9d910eddfce7 req-0cbb8ae7-2907-4884-99ac-67e09e327fac service nova] found 1 providers with available 1024 MEMORY_MB {{(pid=74253) get_provider_ids_matching /opt/stack/placement/placement/objects/research_context.py:569}}
Aug 01 14:39:27.247715 np0000032141 devstack@placement-api.service[74253]: DEBUG placement.objects.research_context [req-6b1e0e93-cafa-4e69-b572-9d910eddfce7 req-0cbb8ae7-2907-4884-99ac-67e09e327fac service nova] found 1 providers after filtering by previous result {{(pid=74253) get_provider_ids_matching /opt/stack/placement/placement/objects/research_context.py:600}}
Aug 01 14:39:27.247795 np0000032141 devstack@placement-api.service[74253]: DEBUG placement.objects.research_context [req-6b1e0e93-cafa-4e69-b572-9d910eddfce7 req-0cbb8ae7-2907-4884-99ac-67e09e327fac service nova] found 1 providers with available 1 VCPU {{(pid=74253) get_provider_ids_matching /opt/stack/placement/placement/objects/research_context.py:569}}
Aug 01 14:39:27.247876 np0000032141 devstack@placement-api.service[74253]: DEBUG placement.objects.research_context [req-6b1e0e93-cafa-4e69-b572-9d910eddfce7 req-0cbb8ae7-2907-4884-99ac-67e09e327fac service nova] found 1 providers after filtering by previous result {{(pid=74253) get_provider_ids_matching /opt/stack/placement/placement/objects/research_context.py:600}}
Aug 01 14:39:27.251960 np0000032141 devstack@placement-api.service[74253]: DEBUG placement.objects.allocation_candidate [req-6b1e0e93-cafa-4e69-b572-9d910eddfce7 req-0cbb8ae7-2907-4884-99ac-67e09e327fac service nova] RequestGroup(use_same_provider=False, resources={DISK_GB:5, MEMORY_MB:1024, VCPU:1}, traits=(), aggregates=[]) (suffix '') returned 1 matches {{(pid=74253) _get_by_requests /opt/stack/placement/placement/objects/allocation_candidate.py:157}}
Aug 01 14:39:27.252123 np0000032141 devstack@placement-api.service[74253]: DEBUG placement.objects.allocation_candidate [req-6b1e0e93-cafa-4e69-b572-9d910eddfce7 req-0cbb8ae7-2907-4884-99ac-67e09e327fac service nova] Merging candidates yields 1 allocation requests and 1 provider summaries {{(pid=74253) _merge_candidates /opt/stack/placement/placement/objects/allocation_candidate.py:841}}
Aug 01 14:39:27.252832 np0000032141 devstack@placement-api.service[74253]: INFO placement.requestlog [req-6b1e0e93-cafa-4e69-b572-9d910eddfce7 req-0cbb8ae7-2907-4884-99ac-67e09e327fac service nova] 192.168.1.130 "GET /placement/allocation_candidates?limit=1000&resources=DISK_GB%3A5%2CMEMORY_MB%3A1024%2CVCPU%3A1&root_required=%21COMPUTE_STATUS_DISABLED" status: 200 len: 2424 microversion: 1.36
Aug 01 14:39:27.253187 np0000032141 devstack@placement-api.service[74253]: [pid: 74253|app: 0|req: 43/84] 192.168.1.130 () {68 vars in 1638 bytes} [Fri Aug  1 14:39:27 2025] GET /placement/allocation_candidates?limit=1000&resources=DISK_GB%3A5%2CMEMORY_MB%3A1024%2CVCPU%3A1&root_required=%21COMPUTE_STATUS_DISABLED => generated 2424 bytes in 43 msecs (HTTP/1.1 200) 8 headers in 297 bytes (1 switches on core 0)
Aug 01 14:39:27.269974 np0000032141 devstack@placement-api.service[74254]: DEBUG placement.requestlog [req-6b1e0e93-cafa-4e69-b572-9d910eddfce7 req-e3566140-1eea-4ed4-a5bc-4c4110a1e310 None None] Starting request: 192.168.1.130 "GET /placement/allocations/d5650dcd-8d99-4051-95e7-26d29777438c" {{(pid=74254) __call__ /opt/stack/placement/placement/requestlog.py:55}}
Aug 01 14:39:27.273907 np0000032141 devstack@placement-api.service[74254]: INFO placement.requestlog [req-6b1e0e93-cafa-4e69-b572-9d910eddfce7 req-e3566140-1eea-4ed4-a5bc-4c4110a1e310 service nova] 192.168.1.130 "GET /placement/allocations/d5650dcd-8d99-4051-95e7-26d29777438c" status: 200 len: 19 microversion: 1.28
Aug 01 14:39:27.274062 np0000032141 devstack@placement-api.service[74254]: [pid: 74254|app: 0|req: 42/85] 192.168.1.130 () {68 vars in 1512 bytes} [Fri Aug  1 14:39:27 2025] GET /placement/allocations/d5650dcd-8d99-4051-95e7-26d29777438c => generated 19 bytes in 4 msecs (HTTP/1.1 200) 8 headers in 295 bytes (1 switches on core 0)
Aug 01 14:39:27.278460 np0000032141 devstack@placement-api.service[74253]: DEBUG placement.requestlog [req-6b1e0e93-cafa-4e69-b572-9d910eddfce7 req-d23f264e-064a-4f67-9d2f-05f37e7146ca None None] Starting request: 192.168.1.130 "PUT /placement/allocations/d5650dcd-8d99-4051-95e7-26d29777438c" {{(pid=74253) __call__ /opt/stack/placement/placement/requestlog.py:55}}
Aug 01 14:39:27.304539 np0000032141 devstack@placement-api.service[74253]: DEBUG placement.handlers.allocation [req-6b1e0e93-cafa-4e69-b572-9d910eddfce7 req-d23f264e-064a-4f67-9d2f-05f37e7146ca service nova] Successfully wrote allocations [<placement.objects.allocation.Allocation object at 0x72a73c478200>, <placement.objects.allocation.Allocation object at 0x72a73c44fcb0>, <placement.objects.allocation.Allocation object at 0x72a73c44d610>] {{(pid=74253) _update_consumers_and_create_allocations /opt/stack/placement/placement/handlers/allocation.py:462}}
Aug 01 14:39:27.307400 np0000032141 devstack@placement-api.service[74253]: INFO placement.requestlog [req-6b1e0e93-cafa-4e69-b572-9d910eddfce7 req-d23f264e-064a-4f67-9d2f-05f37e7146ca service nova] 192.168.1.130 "PUT /placement/allocations/d5650dcd-8d99-4051-95e7-26d29777438c" status: 204 len: 0 microversion: 1.36
Aug 01 14:39:27.307652 np0000032141 devstack@placement-api.service[74253]: [pid: 74253|app: 0|req: 44/86] 192.168.1.130 () {72 vars in 1565 bytes} [Fri Aug  1 14:39:27 2025] PUT /placement/allocations/d5650dcd-8d99-4051-95e7-26d29777438c => generated 0 bytes in 29 msecs (HTTP/1.1 204) 5 headers in 199 bytes (1 switches on core 0)
Aug 01 14:39:28.776606 np0000032141 devstack@placement-api.service[74254]: DEBUG placement.requestlog [req-6b1e0e93-cafa-4e69-b572-9d910eddfce7 req-64471e71-63b1-4e49-a5c1-0ef3a5e3c06c None None] Starting request: 192.168.1.130 "GET /placement/allocations/d5650dcd-8d99-4051-95e7-26d29777438c" {{(pid=74254) __call__ /opt/stack/placement/placement/requestlog.py:55}}
Aug 01 14:39:28.782020 np0000032141 devstack@placement-api.service[74254]: INFO placement.requestlog [req-6b1e0e93-cafa-4e69-b572-9d910eddfce7 req-64471e71-63b1-4e49-a5c1-0ef3a5e3c06c service nova] 192.168.1.130 "GET /placement/allocations/d5650dcd-8d99-4051-95e7-26d29777438c" status: 200 len: 258 microversion: 1.28
Aug 01 14:39:28.782174 np0000032141 devstack@placement-api.service[74254]: [pid: 74254|app: 0|req: 43/87] 192.168.1.130 () {68 vars in 1510 bytes} [Fri Aug  1 14:39:28 2025] GET /placement/allocations/d5650dcd-8d99-4051-95e7-26d29777438c => generated 258 bytes in 5 msecs (HTTP/1.1 200) 8 headers in 296 bytes (1 switches on core 0)
Aug 01 14:39:29.794497 np0000032141 devstack@placement-api.service[74253]: DEBUG placement.requestlog [req-6b1e0e93-cafa-4e69-b572-9d910eddfce7 req-a1a9878e-dfb5-4e49-9de2-924d580734bc None None] Starting request: 192.168.1.130 "GET /placement/resource_providers/0d220107-79d1-4ecd-8b97-756bf2c10f76/allocations" {{(pid=74253) __call__ /opt/stack/placement/placement/requestlog.py:55}}
Aug 01 14:39:29.802045 np0000032141 devstack@placement-api.service[74253]: INFO placement.requestlog [req-6b1e0e93-cafa-4e69-b572-9d910eddfce7 req-a1a9878e-dfb5-4e49-9de2-924d580734bc service nova] 192.168.1.130 "GET /placement/resource_providers/0d220107-79d1-4ecd-8b97-756bf2c10f76/allocations" status: 200 len: 153 microversion: 1.0
Aug 01 14:39:29.802211 np0000032141 devstack@placement-api.service[74253]: [pid: 74253|app: 0|req: 45/88] 192.168.1.130 () {66 vars in 1523 bytes} [Fri Aug  1 14:39:29 2025] GET /placement/resource_providers/0d220107-79d1-4ecd-8b97-756bf2c10f76/allocations => generated 153 bytes in 8 msecs (HTTP/1.1 200) 6 headers in 224 bytes (1 switches on core 0)
Aug 01 14:39:29.806478 np0000032141 devstack@placement-api.service[74254]: DEBUG placement.requestlog [req-6b1e0e93-cafa-4e69-b572-9d910eddfce7 req-d6de53ea-1e23-4b77-a703-66b0d8805141 None None] Starting request: 192.168.1.130 "GET /placement/allocations/d5650dcd-8d99-4051-95e7-26d29777438c" {{(pid=74254) __call__ /opt/stack/placement/placement/requestlog.py:55}}
Aug 01 14:39:29.811342 np0000032141 devstack@placement-api.service[74254]: INFO placement.requestlog [req-6b1e0e93-cafa-4e69-b572-9d910eddfce7 req-d6de53ea-1e23-4b77-a703-66b0d8805141 service nova] 192.168.1.130 "GET /placement/allocations/d5650dcd-8d99-4051-95e7-26d29777438c" status: 200 len: 258 microversion: 1.28
Aug 01 14:39:29.811490 np0000032141 devstack@placement-api.service[74254]: [pid: 74254|app: 0|req: 44/89] 192.168.1.130 () {68 vars in 1510 bytes} [Fri Aug  1 14:39:29 2025] GET /placement/allocations/d5650dcd-8d99-4051-95e7-26d29777438c => generated 258 bytes in 5 msecs (HTTP/1.1 200) 8 headers in 296 bytes (1 switches on core 0)
Aug 01 14:39:39.801257 np0000032141 devstack@placement-api.service[74253]: DEBUG dbcounter [-] [74253] Writing DB stats placement:SELECT=35,placement:INSERT=4,placement:DELETE=2,placement:UPDATE=2 {{(pid=74253) stat_writer /opt/stack/data/venv/lib/python3.12/site-packages/dbcounter.py:115}}
Aug 01 14:39:39.810677 np0000032141 devstack@placement-api.service[74254]: DEBUG dbcounter [-] [74254] Writing DB stats placement:SELECT=19,placement:DELETE=2 {{(pid=74254) stat_writer /opt/stack/data/venv/lib/python3.12/site-packages/dbcounter.py:115}}
Aug 01 14:40:20.146286 np0000032141 devstack@placement-api.service[74253]: DEBUG placement.requestlog [req-c98ef99f-f981-41a0-84ac-6a9443143ed9 req-f8dfb3b5-6d60-45c0-a745-d2155a393868 None None] Starting request: 192.168.1.130 "GET /placement/resource_providers/0d220107-79d1-4ecd-8b97-756bf2c10f76/allocations" {{(pid=74253) __call__ /opt/stack/placement/placement/requestlog.py:55}}
Aug 01 14:40:20.153497 np0000032141 devstack@placement-api.service[74253]: INFO placement.requestlog [req-c98ef99f-f981-41a0-84ac-6a9443143ed9 req-f8dfb3b5-6d60-45c0-a745-d2155a393868 service nova] 192.168.1.130 "GET /placement/resource_providers/0d220107-79d1-4ecd-8b97-756bf2c10f76/allocations" status: 200 len: 153 microversion: 1.0
Aug 01 14:40:20.153497 np0000032141 devstack@placement-api.service[74253]: [pid: 74253|app: 0|req: 46/90] 192.168.1.130 () {66 vars in 1523 bytes} [Fri Aug  1 14:40:20 2025] GET /placement/resource_providers/0d220107-79d1-4ecd-8b97-756bf2c10f76/allocations => generated 153 bytes in 7 msecs (HTTP/1.1 200) 6 headers in 224 bytes (1 switches on core 0)
Aug 01 14:40:20.159284 np0000032141 devstack@placement-api.service[74254]: DEBUG placement.requestlog [req-c98ef99f-f981-41a0-84ac-6a9443143ed9 req-0acff7f4-081b-417d-8aaf-90b3a0c25ac4 None None] Starting request: 192.168.1.130 "GET /placement/resource_providers/0d220107-79d1-4ecd-8b97-756bf2c10f76/allocations" {{(pid=74254) __call__ /opt/stack/placement/placement/requestlog.py:55}}
Aug 01 14:40:20.166351 np0000032141 devstack@placement-api.service[74254]: INFO placement.requestlog [req-c98ef99f-f981-41a0-84ac-6a9443143ed9 req-0acff7f4-081b-417d-8aaf-90b3a0c25ac4 service nova] 192.168.1.130 "GET /placement/resource_providers/0d220107-79d1-4ecd-8b97-756bf2c10f76/allocations" status: 200 len: 153 microversion: 1.0
Aug 01 14:40:20.166602 np0000032141 devstack@placement-api.service[74254]: [pid: 74254|app: 0|req: 45/91] 192.168.1.130 () {66 vars in 1523 bytes} [Fri Aug  1 14:40:20 2025] GET /placement/resource_providers/0d220107-79d1-4ecd-8b97-756bf2c10f76/allocations => generated 153 bytes in 7 msecs (HTTP/1.1 200) 6 headers in 224 bytes (1 switches on core 0)
Aug 01 14:40:20.170811 np0000032141 devstack@placement-api.service[74253]: DEBUG placement.requestlog [req-c98ef99f-f981-41a0-84ac-6a9443143ed9 req-3308e6cf-c8ad-4438-a427-ef09ff68204c None None] Starting request: 192.168.1.130 "GET /placement/allocations/d5650dcd-8d99-4051-95e7-26d29777438c" {{(pid=74253) __call__ /opt/stack/placement/placement/requestlog.py:55}}
Aug 01 14:40:20.175165 np0000032141 devstack@placement-api.service[74253]: INFO placement.requestlog [req-c98ef99f-f981-41a0-84ac-6a9443143ed9 req-3308e6cf-c8ad-4438-a427-ef09ff68204c service nova] 192.168.1.130 "GET /placement/allocations/d5650dcd-8d99-4051-95e7-26d29777438c" status: 200 len: 258 microversion: 1.28
Aug 01 14:40:20.175392 np0000032141 devstack@placement-api.service[74253]: [pid: 74253|app: 0|req: 47/92] 192.168.1.130 () {68 vars in 1510 bytes} [Fri Aug  1 14:40:20 2025] GET /placement/allocations/d5650dcd-8d99-4051-95e7-26d29777438c => generated 258 bytes in 5 msecs (HTTP/1.1 200) 8 headers in 296 bytes (1 switches on core 0)
Aug 01 14:40:30.165973 np0000032141 devstack@placement-api.service[74254]: DEBUG dbcounter [-] [74254] Writing DB stats placement:SELECT=3 {{(pid=74254) stat_writer /opt/stack/data/venv/lib/python3.12/site-packages/dbcounter.py:115}}
Aug 01 14:40:30.174785 np0000032141 devstack@placement-api.service[74253]: DEBUG dbcounter [-] [74253] Writing DB stats placement:SELECT=5 {{(pid=74253) stat_writer /opt/stack/data/venv/lib/python3.12/site-packages/dbcounter.py:115}}
Aug 01 14:41:20.145280 np0000032141 devstack@placement-api.service[74254]: DEBUG placement.requestlog [req-31135f18-8948-46f0-9f13-52f1add39e25 req-afdc7af3-a409-4e25-b533-9b3c3a742b2c None None] Starting request: 192.168.1.130 "GET /placement/resource_providers/0d220107-79d1-4ecd-8b97-756bf2c10f76/allocations" {{(pid=74254) __call__ /opt/stack/placement/placement/requestlog.py:55}}
Aug 01 14:41:20.152648 np0000032141 devstack@placement-api.service[74254]: INFO placement.requestlog [req-31135f18-8948-46f0-9f13-52f1add39e25 req-afdc7af3-a409-4e25-b533-9b3c3a742b2c service nova] 192.168.1.130 "GET /placement/resource_providers/0d220107-79d1-4ecd-8b97-756bf2c10f76/allocations" status: 200 len: 153 microversion: 1.0
Aug 01 14:41:20.152808 np0000032141 devstack@placement-api.service[74254]: [pid: 74254|app: 0|req: 46/93] 192.168.1.130 () {66 vars in 1523 bytes} [Fri Aug  1 14:41:20 2025] GET /placement/resource_providers/0d220107-79d1-4ecd-8b97-756bf2c10f76/allocations => generated 153 bytes in 7 msecs (HTTP/1.1 200) 6 headers in 224 bytes (1 switches on core 0)
Aug 01 14:41:20.158034 np0000032141 devstack@placement-api.service[74253]: DEBUG placement.requestlog [req-31135f18-8948-46f0-9f13-52f1add39e25 req-fe35472c-6629-49c3-9989-1d83204973ac None None] Starting request: 192.168.1.130 "GET /placement/resource_providers/0d220107-79d1-4ecd-8b97-756bf2c10f76/allocations" {{(pid=74253) __call__ /opt/stack/placement/placement/requestlog.py:55}}
Aug 01 14:41:20.165243 np0000032141 devstack@placement-api.service[74253]: INFO placement.requestlog [req-31135f18-8948-46f0-9f13-52f1add39e25 req-fe35472c-6629-49c3-9989-1d83204973ac service nova] 192.168.1.130 "GET /placement/resource_providers/0d220107-79d1-4ecd-8b97-756bf2c10f76/allocations" status: 200 len: 153 microversion: 1.0
Aug 01 14:41:20.165396 np0000032141 devstack@placement-api.service[74253]: [pid: 74253|app: 0|req: 48/94] 192.168.1.130 () {66 vars in 1523 bytes} [Fri Aug  1 14:41:20 2025] GET /placement/resource_providers/0d220107-79d1-4ecd-8b97-756bf2c10f76/allocations => generated 153 bytes in 7 msecs (HTTP/1.1 200) 6 headers in 224 bytes (1 switches on core 0)
