Aug 03 21:25:10.426032 np0000032150 devstack@n-api.service[69268]: DEBUG oslo_concurrency.lockutils [None req-e7f4c14f-2d97-427c-a177-545269961e21 None None] Acquiring lock "00000000-0000-0000-0000-000000000000" by "nova.context.set_target_cell.<locals>.get_or_set_cached_cell_and_set_connections" {{(pid=69268) inner /opt/stack/data/venv/lib/python3.12/site-packages/oslo_concurrency/lockutils.py:405}}
Aug 03 21:25:10.426201 np0000032150 devstack@n-api.service[69268]: DEBUG oslo_concurrency.lockutils [None req-e7f4c14f-2d97-427c-a177-545269961e21 None None] Lock "00000000-0000-0000-0000-000000000000" acquired by "nova.context.set_target_cell.<locals>.get_or_set_cached_cell_and_set_connections" :: waited 0.000s {{(pid=69268) inner /opt/stack/data/venv/lib/python3.12/site-packages/oslo_concurrency/lockutils.py:410}}
Aug 03 21:25:10.426520 np0000032150 devstack@n-api.service[69268]: DEBUG oslo_concurrency.lockutils [None req-e7f4c14f-2d97-427c-a177-545269961e21 None None] Lock "00000000-0000-0000-0000-000000000000" "released" by "nova.context.set_target_cell.<locals>.get_or_set_cached_cell_and_set_connections" :: held 0.000s {{(pid=69268) inner /opt/stack/data/venv/lib/python3.12/site-packages/oslo_concurrency/lockutils.py:424}}
Aug 03 21:25:10.426753 np0000032150 devstack@n-api.service[69269]: DEBUG oslo_concurrency.lockutils [None req-7bb40bb4-dff9-4d0c-b1ab-be0c9340ef09 None None] Acquiring lock "00000000-0000-0000-0000-000000000000" by "nova.context.set_target_cell.<locals>.get_or_set_cached_cell_and_set_connections" {{(pid=69269) inner /opt/stack/data/venv/lib/python3.12/site-packages/oslo_concurrency/lockutils.py:405}}
Aug 03 21:25:10.426846 np0000032150 devstack@n-api.service[69268]: DEBUG oslo_concurrency.lockutils [None req-e7f4c14f-2d97-427c-a177-545269961e21 None None] Acquiring lock "0e9f6cd5-c050-4382-845e-5a1bfd9bdcc2" by "nova.context.set_target_cell.<locals>.get_or_set_cached_cell_and_set_connections" {{(pid=69268) inner /opt/stack/data/venv/lib/python3.12/site-packages/oslo_concurrency/lockutils.py:405}}
Aug 03 21:25:10.426936 np0000032150 devstack@n-api.service[69269]: DEBUG oslo_concurrency.lockutils [None req-7bb40bb4-dff9-4d0c-b1ab-be0c9340ef09 None None] Lock "00000000-0000-0000-0000-000000000000" acquired by "nova.context.set_target_cell.<locals>.get_or_set_cached_cell_and_set_connections" :: waited 0.000s {{(pid=69269) inner /opt/stack/data/venv/lib/python3.12/site-packages/oslo_concurrency/lockutils.py:410}}
Aug 03 21:25:10.426986 np0000032150 devstack@n-api.service[69268]: DEBUG oslo_concurrency.lockutils [None req-e7f4c14f-2d97-427c-a177-545269961e21 None None] Lock "0e9f6cd5-c050-4382-845e-5a1bfd9bdcc2" acquired by "nova.context.set_target_cell.<locals>.get_or_set_cached_cell_and_set_connections" :: waited 0.000s {{(pid=69268) inner /opt/stack/data/venv/lib/python3.12/site-packages/oslo_concurrency/lockutils.py:410}}
Aug 03 21:25:10.427244 np0000032150 devstack@n-api.service[69269]: DEBUG oslo_concurrency.lockutils [None req-7bb40bb4-dff9-4d0c-b1ab-be0c9340ef09 None None] Lock "00000000-0000-0000-0000-000000000000" "released" by "nova.context.set_target_cell.<locals>.get_or_set_cached_cell_and_set_connections" :: held 0.000s {{(pid=69269) inner /opt/stack/data/venv/lib/python3.12/site-packages/oslo_concurrency/lockutils.py:424}}
Aug 03 21:25:10.427556 np0000032150 devstack@n-api.service[69269]: DEBUG oslo_concurrency.lockutils [None req-7bb40bb4-dff9-4d0c-b1ab-be0c9340ef09 None None] Acquiring lock "0e9f6cd5-c050-4382-845e-5a1bfd9bdcc2" by "nova.context.set_target_cell.<locals>.get_or_set_cached_cell_and_set_connections" {{(pid=69269) inner /opt/stack/data/venv/lib/python3.12/site-packages/oslo_concurrency/lockutils.py:405}}
Aug 03 21:25:10.427650 np0000032150 devstack@n-api.service[69268]: DEBUG oslo_concurrency.lockutils [None req-e7f4c14f-2d97-427c-a177-545269961e21 None None] Lock "0e9f6cd5-c050-4382-845e-5a1bfd9bdcc2" "released" by "nova.context.set_target_cell.<locals>.get_or_set_cached_cell_and_set_connections" :: held 0.001s {{(pid=69268) inner /opt/stack/data/venv/lib/python3.12/site-packages/oslo_concurrency/lockutils.py:424}}
Aug 03 21:25:10.427688 np0000032150 devstack@n-api.service[69269]: DEBUG oslo_concurrency.lockutils [None req-7bb40bb4-dff9-4d0c-b1ab-be0c9340ef09 None None] Lock "0e9f6cd5-c050-4382-845e-5a1bfd9bdcc2" acquired by "nova.context.set_target_cell.<locals>.get_or_set_cached_cell_and_set_connections" :: waited 0.000s {{(pid=69269) inner /opt/stack/data/venv/lib/python3.12/site-packages/oslo_concurrency/lockutils.py:410}}
Aug 03 21:25:10.428364 np0000032150 devstack@n-api.service[69269]: DEBUG oslo_concurrency.lockutils [None req-7bb40bb4-dff9-4d0c-b1ab-be0c9340ef09 None None] Lock "0e9f6cd5-c050-4382-845e-5a1bfd9bdcc2" "released" by "nova.context.set_target_cell.<locals>.get_or_set_cached_cell_and_set_connections" :: held 0.001s {{(pid=69269) inner /opt/stack/data/venv/lib/python3.12/site-packages/oslo_concurrency/lockutils.py:424}}
Aug 03 21:25:10.428735 np0000032150 devstack@n-api.service[69268]: INFO dbcounter [None req-e7f4c14f-2d97-427c-a177-545269961e21 None None] Registered counter for database nova_cell0
Aug 03 21:25:10.429454 np0000032150 devstack@n-api.service[69269]: INFO dbcounter [None req-7bb40bb4-dff9-4d0c-b1ab-be0c9340ef09 None None] Registered counter for database nova_cell0
Aug 03 21:25:10.430770 np0000032150 devstack@n-api.service[69268]: INFO dbcounter [None req-e7f4c14f-2d97-427c-a177-545269961e21 None None] Registered counter for database nova_cell1
Aug 03 21:25:10.431238 np0000032150 devstack@n-api.service[69269]: INFO dbcounter [None req-7bb40bb4-dff9-4d0c-b1ab-be0c9340ef09 None None] Registered counter for database nova_cell1
Aug 03 21:25:10.433899 np0000032150 devstack@n-api.service[69268]: DEBUG oslo_db.sqlalchemy.engines [None req-e7f4c14f-2d97-427c-a177-545269961e21 None None] MySQL server mode set to STRICT_TRANS_TABLES,STRICT_ALL_TABLES,NO_ZERO_IN_DATE,NO_ZERO_DATE,ERROR_FOR_DIVISION_BY_ZERO,TRADITIONAL,NO_ENGINE_SUBSTITUTION {{(pid=69268) _check_effective_sql_mode /opt/stack/data/venv/lib/python3.12/site-packages/oslo_db/sqlalchemy/engines.py:397}}
Aug 03 21:25:10.435762 np0000032150 devstack@n-api.service[69269]: DEBUG oslo_db.sqlalchemy.engines [None req-7bb40bb4-dff9-4d0c-b1ab-be0c9340ef09 None None] MySQL server mode set to STRICT_TRANS_TABLES,STRICT_ALL_TABLES,NO_ZERO_IN_DATE,NO_ZERO_DATE,ERROR_FOR_DIVISION_BY_ZERO,TRADITIONAL,NO_ENGINE_SUBSTITUTION {{(pid=69269) _check_effective_sql_mode /opt/stack/data/venv/lib/python3.12/site-packages/oslo_db/sqlalchemy/engines.py:397}}
Aug 03 21:25:10.438168 np0000032150 devstack@n-api.service[69269]: DEBUG oslo_db.sqlalchemy.engines [None req-7bb40bb4-dff9-4d0c-b1ab-be0c9340ef09 None None] MySQL server mode set to STRICT_TRANS_TABLES,STRICT_ALL_TABLES,NO_ZERO_IN_DATE,NO_ZERO_DATE,ERROR_FOR_DIVISION_BY_ZERO,TRADITIONAL,NO_ENGINE_SUBSTITUTION {{(pid=69269) _check_effective_sql_mode /opt/stack/data/venv/lib/python3.12/site-packages/oslo_db/sqlalchemy/engines.py:397}}
Aug 03 21:25:10.494090 np0000032150 devstack@n-api.service[69268]: DEBUG oslo_db.sqlalchemy.engines [None req-e7f4c14f-2d97-427c-a177-545269961e21 None None] MySQL server mode set to STRICT_TRANS_TABLES,STRICT_ALL_TABLES,NO_ZERO_IN_DATE,NO_ZERO_DATE,ERROR_FOR_DIVISION_BY_ZERO,TRADITIONAL,NO_ENGINE_SUBSTITUTION {{(pid=69268) _check_effective_sql_mode /opt/stack/data/venv/lib/python3.12/site-packages/oslo_db/sqlalchemy/engines.py:397}}
Aug 03 21:25:10.494387 np0000032150 devstack@n-api.service[69268]: DEBUG dbcounter [-] [69268] Writer thread running {{(pid=69268) stat_writer /opt/stack/data/venv/lib/python3.12/site-packages/dbcounter.py:102}}
Aug 03 21:25:10.496110 np0000032150 devstack@n-api.service[69269]: DEBUG dbcounter [-] [69269] Writer thread running {{(pid=69269) stat_writer /opt/stack/data/venv/lib/python3.12/site-packages/dbcounter.py:102}}
Aug 03 21:25:10.497935 np0000032150 devstack@n-api.service[69268]: DEBUG dbcounter [-] [69268] Writer thread running {{(pid=69268) stat_writer /opt/stack/data/venv/lib/python3.12/site-packages/dbcounter.py:102}}
Aug 03 21:25:10.499565 np0000032150 devstack@n-api.service[69269]: DEBUG dbcounter [-] [69269] Writer thread running {{(pid=69269) stat_writer /opt/stack/data/venv/lib/python3.12/site-packages/dbcounter.py:102}}
Aug 03 21:25:10.499727 np0000032150 devstack@n-api.service[69268]: INFO dbcounter [None req-e7f4c14f-2d97-427c-a177-545269961e21 None None] Registered counter for database nova_cell0
Aug 03 21:25:10.501354 np0000032150 devstack@n-api.service[69269]: INFO dbcounter [None req-7bb40bb4-dff9-4d0c-b1ab-be0c9340ef09 None None] Registered counter for database nova_cell0
Aug 03 21:25:10.504779 np0000032150 devstack@n-api.service[69268]: DEBUG oslo_db.sqlalchemy.engines [None req-e7f4c14f-2d97-427c-a177-545269961e21 None None] MySQL server mode set to STRICT_TRANS_TABLES,STRICT_ALL_TABLES,NO_ZERO_IN_DATE,NO_ZERO_DATE,ERROR_FOR_DIVISION_BY_ZERO,TRADITIONAL,NO_ENGINE_SUBSTITUTION {{(pid=69268) _check_effective_sql_mode /opt/stack/data/venv/lib/python3.12/site-packages/oslo_db/sqlalchemy/engines.py:397}}
Aug 03 21:25:10.506553 np0000032150 devstack@n-api.service[69269]: DEBUG oslo_db.sqlalchemy.engines [None req-7bb40bb4-dff9-4d0c-b1ab-be0c9340ef09 None None] MySQL server mode set to STRICT_TRANS_TABLES,STRICT_ALL_TABLES,NO_ZERO_IN_DATE,NO_ZERO_DATE,ERROR_FOR_DIVISION_BY_ZERO,TRADITIONAL,NO_ENGINE_SUBSTITUTION {{(pid=69269) _check_effective_sql_mode /opt/stack/data/venv/lib/python3.12/site-packages/oslo_db/sqlalchemy/engines.py:397}}
Aug 03 21:25:10.508325 np0000032150 devstack@n-api.service[69268]: DEBUG dbcounter [-] [69268] Writer thread running {{(pid=69268) stat_writer /opt/stack/data/venv/lib/python3.12/site-packages/dbcounter.py:102}}
Aug 03 21:25:10.510042 np0000032150 devstack@n-api.service[69269]: DEBUG dbcounter [-] [69269] Writer thread running {{(pid=69269) stat_writer /opt/stack/data/venv/lib/python3.12/site-packages/dbcounter.py:102}}
Aug 03 21:25:10.859022 np0000032150 devstack@n-api.service[69268]: DEBUG oslo_concurrency.processutils [None req-e7f4c14f-2d97-427c-a177-545269961e21 None None] Running cmd (subprocess): grep -F node.session.scan /sbin/iscsiadm {{(pid=69268) execute /opt/stack/data/venv/lib/python3.12/site-packages/oslo_concurrency/processutils.py:349}}
Aug 03 21:25:10.860106 np0000032150 devstack@n-api.service[69269]: DEBUG oslo_concurrency.processutils [None req-7bb40bb4-dff9-4d0c-b1ab-be0c9340ef09 None None] Running cmd (subprocess): grep -F node.session.scan /sbin/iscsiadm {{(pid=69269) execute /opt/stack/data/venv/lib/python3.12/site-packages/oslo_concurrency/processutils.py:349}}
Aug 03 21:25:10.866770 np0000032150 devstack@n-api.service[69268]: DEBUG oslo_concurrency.processutils [None req-e7f4c14f-2d97-427c-a177-545269961e21 None None] CMD "grep -F node.session.scan /sbin/iscsiadm" returned: 0 in 0.008s {{(pid=69268) execute /opt/stack/data/venv/lib/python3.12/site-packages/oslo_concurrency/processutils.py:372}}
Aug 03 21:25:10.867523 np0000032150 devstack@n-api.service[69269]: DEBUG oslo_concurrency.processutils [None req-7bb40bb4-dff9-4d0c-b1ab-be0c9340ef09 None None] CMD "grep -F node.session.scan /sbin/iscsiadm" returned: 0 in 0.008s {{(pid=69269) execute /opt/stack/data/venv/lib/python3.12/site-packages/oslo_concurrency/processutils.py:372}}
Aug 03 21:25:11.155101 np0000032150 devstack@n-api.service[69269]: WARNING keystonemiddleware.auth_token [None req-7bb40bb4-dff9-4d0c-b1ab-be0c9340ef09 None None] AuthToken middleware is set with keystone_authtoken.service_token_roles_required set to False. This is backwards compatible but deprecated behaviour. Please set this to True.
Aug 03 21:25:11.155167 np0000032150 devstack@n-api.service[69268]: WARNING keystonemiddleware.auth_token [None req-e7f4c14f-2d97-427c-a177-545269961e21 None None] AuthToken middleware is set with keystone_authtoken.service_token_roles_required set to False. This is backwards compatible but deprecated behaviour. Please set this to True.
Aug 03 21:25:11.158401 np0000032150 devstack@n-api.service[69269]: WARNING keystonemiddleware.auth_token [None req-7bb40bb4-dff9-4d0c-b1ab-be0c9340ef09 None None] Configuring www_authenticate_uri to point to the public identity endpoint is required; clients may not be able to authenticate against an admin endpoint
Aug 03 21:25:11.158502 np0000032150 devstack@n-api.service[69268]: WARNING keystonemiddleware.auth_token [None req-e7f4c14f-2d97-427c-a177-545269961e21 None None] Configuring www_authenticate_uri to point to the public identity endpoint is required; clients may not be able to authenticate against an admin endpoint
Aug 03 21:25:11.310446 np0000032150 devstack@n-api.service[69268]: WARNING keystonemiddleware.auth_token [None req-e7f4c14f-2d97-427c-a177-545269961e21 None None] AuthToken middleware is set with keystone_authtoken.service_token_roles_required set to False. This is backwards compatible but deprecated behaviour. Please set this to True.
Aug 03 21:25:11.310725 np0000032150 devstack@n-api.service[69269]: WARNING keystonemiddleware.auth_token [None req-7bb40bb4-dff9-4d0c-b1ab-be0c9340ef09 None None] AuthToken middleware is set with keystone_authtoken.service_token_roles_required set to False. This is backwards compatible but deprecated behaviour. Please set this to True.
Aug 03 21:25:11.312884 np0000032150 devstack@n-api.service[69268]: WARNING keystonemiddleware.auth_token [None req-e7f4c14f-2d97-427c-a177-545269961e21 None None] Configuring www_authenticate_uri to point to the public identity endpoint is required; clients may not be able to authenticate against an admin endpoint
Aug 03 21:25:11.313140 np0000032150 devstack@n-api.service[69269]: WARNING keystonemiddleware.auth_token [None req-7bb40bb4-dff9-4d0c-b1ab-be0c9340ef09 None None] Configuring www_authenticate_uri to point to the public identity endpoint is required; clients may not be able to authenticate against an admin endpoint
Aug 03 21:25:11.314759 np0000032150 devstack@n-api.service[69268]: WSGI app 0 (mountpoint='') ready in 3 seconds on interpreter 0x7e9a5dca39e8 pid: 69268 (default app)
Aug 03 21:25:11.314970 np0000032150 devstack@n-api.service[69269]: WSGI app 0 (mountpoint='') ready in 3 seconds on interpreter 0x7e9a5dca39e8 pid: 69269 (default app)
Aug 03 21:25:11.315645 np0000032150 devstack@n-api.service[69268]: DEBUG nova.api.openstack.wsgi [None req-e7f4c14f-2d97-427c-a177-545269961e21 None None] Calling method '<bound method VersionsV2.index of <nova.api.openstack.compute.versions.VersionsV2 object at 0x7e9a57505f10>>' {{(pid=69268) _process_stack /opt/stack/nova/nova/api/openstack/wsgi.py:552}}
Aug 03 21:25:11.318143 np0000032150 devstack@n-api.service[69268]: INFO nova.api.openstack.requestlog [None req-e7f4c14f-2d97-427c-a177-545269961e21 None None] 192.168.1.110 "GET /compute/v2.1/" status: 200 len: 391 microversion: 2.1 time: 0.002698
Aug 03 21:25:11.318325 np0000032150 devstack@n-api.service[69268]: [pid: 69268|app: 0|req: 1/1] 192.168.1.110 () {50 vars in 771 bytes} [Sun Aug  3 21:25:11 2025] GET /compute/v2.1/ => generated 391 bytes in 3 msecs (HTTP/1.1 200) 9 headers in 357 bytes (1 switches on core 0)
Aug 03 21:25:45.568567 np0000032150 devstack@n-api.service[69269]: DEBUG nova.api.openstack.wsgi [None req-7bb40bb4-dff9-4d0c-b1ab-be0c9340ef09 None None] Calling method '<bound method VersionsV2.index of <nova.api.openstack.compute.versions.VersionsV2 object at 0x7e9a576261b0>>' {{(pid=69269) _process_stack /opt/stack/nova/nova/api/openstack/wsgi.py:552}}
Aug 03 21:25:45.572844 np0000032150 devstack@n-api.service[69269]: INFO nova.api.openstack.requestlog [None req-7bb40bb4-dff9-4d0c-b1ab-be0c9340ef09 None None] 192.168.1.110 "GET /compute/v2.1" status: 200 len: 392 microversion: 2.1 time: 0.004957
Aug 03 21:25:45.573211 np0000032150 devstack@n-api.service[69269]: [pid: 69269|app: 0|req: 1/2] 192.168.1.110 () {62 vars in 1056 bytes} [Sun Aug  3 21:25:45 2025] GET /compute/v2.1 => generated 392 bytes in 6 msecs (HTTP/1.1 200) 9 headers in 357 bytes (1 switches on core 0)
Aug 03 21:25:45.581820 np0000032150 devstack@n-api.service[69268]: DEBUG dbcounter [-] [69268] Writing DB stats nova_api:SELECT=1 {{(pid=69268) stat_writer /opt/stack/data/venv/lib/python3.12/site-packages/dbcounter.py:115}}
Aug 03 21:25:45.582457 np0000032150 devstack@n-api.service[69268]: DEBUG dbcounter [-] [69268] Writing DB stats nova_cell0:SELECT=1 {{(pid=69268) stat_writer /opt/stack/data/venv/lib/python3.12/site-packages/dbcounter.py:115}}
Aug 03 21:25:45.582778 np0000032150 devstack@n-api.service[69268]: DEBUG dbcounter [-] [69268] Writing DB stats nova_cell1:SELECT=1 {{(pid=69268) stat_writer /opt/stack/data/venv/lib/python3.12/site-packages/dbcounter.py:115}}
Aug 03 21:25:45.583088 np0000032150 devstack@n-api.service[69268]: DEBUG dbcounter [-] [69268] Writing DB stats nova_cell0:SELECT=2,nova_cell0:INSERT=1 {{(pid=69268) stat_writer /opt/stack/data/venv/lib/python3.12/site-packages/dbcounter.py:115}}
Aug 03 21:25:45.693495 np0000032150 devstack@n-api.service[69268]: DEBUG nova.api.openstack.wsgi [None req-66dec3f2-056d-4d7f-88a5-da573ada1f50 admin admin] Calling method '<bound method FlavorsController.detail of <nova.api.openstack.compute.flavors.FlavorsController object at 0x7e9a56e9a7b0>>' {{(pid=69268) _process_stack /opt/stack/nova/nova/api/openstack/wsgi.py:552}}
Aug 03 21:25:45.709500 np0000032150 devstack@n-api.service[69268]: INFO nova.api.openstack.requestlog [None req-66dec3f2-056d-4d7f-88a5-da573ada1f50 admin admin] 192.168.1.110 "GET /compute/v2.1/flavors/detail?is_public=True" status: 200 len: 15 microversion: 2.61 time: 0.131276
Aug 03 21:25:45.709589 np0000032150 devstack@n-api.service[69268]: [pid: 69268|app: 0|req: 2/3] 192.168.1.110 () {68 vars in 1417 bytes} [Sun Aug  3 21:25:45 2025] GET /compute/v2.1/flavors/detail?is_public=True => generated 15 bytes in 132 msecs (HTTP/1.1 200) 9 headers in 358 bytes (1 switches on core 0)
Aug 03 21:25:45.796163 np0000032150 devstack@n-api.service[69269]: DEBUG dbcounter [-] [69269] Writing DB stats nova_api:SELECT=1 {{(pid=69269) stat_writer /opt/stack/data/venv/lib/python3.12/site-packages/dbcounter.py:115}}
Aug 03 21:25:45.796849 np0000032150 devstack@n-api.service[69269]: DEBUG dbcounter [-] [69269] Writing DB stats nova_cell0:SELECT=1 {{(pid=69269) stat_writer /opt/stack/data/venv/lib/python3.12/site-packages/dbcounter.py:115}}
Aug 03 21:25:45.797231 np0000032150 devstack@n-api.service[69269]: DEBUG dbcounter [-] [69269] Writing DB stats nova_cell1:SELECT=1 {{(pid=69269) stat_writer /opt/stack/data/venv/lib/python3.12/site-packages/dbcounter.py:115}}
Aug 03 21:25:45.797592 np0000032150 devstack@n-api.service[69269]: DEBUG dbcounter [-] [69269] Writing DB stats nova_cell0:SELECT=2,nova_cell0:INSERT=1 {{(pid=69269) stat_writer /opt/stack/data/venv/lib/python3.12/site-packages/dbcounter.py:115}}
Aug 03 21:25:45.866241 np0000032150 devstack@n-api.service[69269]: DEBUG nova.api.openstack.wsgi [None req-66f0ee3c-c3e7-41be-ac8e-c37dcd23d8d6 admin admin] Action: 'create', calling method: <bound method FlavorsController.create of <nova.api.openstack.compute.flavors.FlavorsController object at 0x7e9a56e99e80>>, body: {"flavor": {"vcpus": 1, "swap": 0, "disk": 1, "OS-FLV-EXT-DATA:ephemeral": 0, "rxtx_factor": 1.0, "ram": 256, "id": "c1", "name": "cirros256", "os-flavor-access:is_public": true}} {{(pid=69269) _process_stack /opt/stack/nova/nova/api/openstack/wsgi.py:550}}
Aug 03 21:25:45.898563 np0000032150 devstack@n-api.service[69269]: INFO nova.api.openstack.requestlog [None req-66f0ee3c-c3e7-41be-ac8e-c37dcd23d8d6 admin admin] 192.168.1.110 "POST /compute/v2.1/flavors" status: 200 len: 413 microversion: 2.61 time: 0.105856
Aug 03 21:25:45.898830 np0000032150 devstack@n-api.service[69269]: [pid: 69269|app: 0|req: 2/4] 192.168.1.110 () {72 vars in 1408 bytes} [Sun Aug  3 21:25:45 2025] POST /compute/v2.1/flavors => generated 413 bytes in 106 msecs (HTTP/1.1 200) 9 headers in 359 bytes (1 switches on core 0)
Aug 03 21:25:45.906960 np0000032150 devstack@n-api.service[69268]: DEBUG nova.api.openstack.wsgi [None req-beb89668-b18b-4db7-ab0c-9f7efa43920a admin admin] Action: 'create', calling method: <bound method FlavorExtraSpecsController.create of <nova.api.openstack.compute.flavors_extraspecs.FlavorExtraSpecsController object at 0x7e9a56e9af00>>, body: {"extra_specs": {"hw_rng:allowed": "True"}} {{(pid=69268) _process_stack /opt/stack/nova/nova/api/openstack/wsgi.py:550}}
Aug 03 21:25:45.928796 np0000032150 devstack@n-api.service[69268]: INFO nova.api.openstack.requestlog [None req-beb89668-b18b-4db7-ab0c-9f7efa43920a admin admin] 192.168.1.110 "POST /compute/v2.1/flavors/c1/os-extra_specs" status: 200 len: 43 microversion: 2.61 time: 0.023412
Aug 03 21:25:45.928947 np0000032150 devstack@n-api.service[69268]: [pid: 69268|app: 0|req: 3/5] 192.168.1.110 () {72 vars in 1461 bytes} [Sun Aug  3 21:25:45 2025] POST /compute/v2.1/flavors/c1/os-extra_specs => generated 43 bytes in 24 msecs (HTTP/1.1 200) 9 headers in 358 bytes (1 switches on core 0)
Aug 03 21:25:46.010415 np0000032150 devstack@n-api.service[69269]: DEBUG nova.api.openstack.wsgi [None req-f221b1da-0a7e-4b3a-b7b7-3cf5651f8a26 admin admin] Action: 'create', calling method: <bound method FlavorsController.create of <nova.api.openstack.compute.flavors.FlavorsController object at 0x7e9a56e99e80>>, body: {"flavor": {"vcpus": 1, "swap": 0, "disk": 5, "OS-FLV-EXT-DATA:ephemeral": 0, "rxtx_factor": 1.0, "ram": 512, "id": "d1", "name": "ds512M", "os-flavor-access:is_public": true}} {{(pid=69269) _process_stack /opt/stack/nova/nova/api/openstack/wsgi.py:550}}
Aug 03 21:25:46.022677 np0000032150 devstack@n-api.service[69269]: INFO nova.api.openstack.requestlog [None req-f221b1da-0a7e-4b3a-b7b7-3cf5651f8a26 admin admin] 192.168.1.110 "POST /compute/v2.1/flavors" status: 200 len: 410 microversion: 2.61 time: 0.013893
Aug 03 21:25:46.022924 np0000032150 devstack@n-api.service[69269]: [pid: 69269|app: 0|req: 3/6] 192.168.1.110 () {72 vars in 1408 bytes} [Sun Aug  3 21:25:46 2025] POST /compute/v2.1/flavors => generated 410 bytes in 14 msecs (HTTP/1.1 200) 9 headers in 359 bytes (1 switches on core 0)
Aug 03 21:25:46.030555 np0000032150 devstack@n-api.service[69268]: DEBUG nova.api.openstack.wsgi [None req-9baa7060-3550-4aeb-963e-766354957d7b admin admin] Action: 'create', calling method: <bound method FlavorExtraSpecsController.create of <nova.api.openstack.compute.flavors_extraspecs.FlavorExtraSpecsController object at 0x7e9a56e9af00>>, body: {"extra_specs": {"hw_rng:allowed": "True"}} {{(pid=69268) _process_stack /opt/stack/nova/nova/api/openstack/wsgi.py:550}}
Aug 03 21:25:46.044538 np0000032150 devstack@n-api.service[69268]: INFO nova.api.openstack.requestlog [None req-9baa7060-3550-4aeb-963e-766354957d7b admin admin] 192.168.1.110 "POST /compute/v2.1/flavors/d1/os-extra_specs" status: 200 len: 43 microversion: 2.61 time: 0.015440
Aug 03 21:25:46.044763 np0000032150 devstack@n-api.service[69268]: [pid: 69268|app: 0|req: 4/7] 192.168.1.110 () {72 vars in 1461 bytes} [Sun Aug  3 21:25:46 2025] POST /compute/v2.1/flavors/d1/os-extra_specs => generated 43 bytes in 16 msecs (HTTP/1.1 200) 9 headers in 358 bytes (1 switches on core 0)
Aug 03 21:25:46.126954 np0000032150 devstack@n-api.service[69269]: DEBUG nova.api.openstack.wsgi [None req-51a703f2-4c80-4237-80cb-ca8e52434ae9 admin admin] Action: 'create', calling method: <bound method FlavorsController.create of <nova.api.openstack.compute.flavors.FlavorsController object at 0x7e9a56e99e80>>, body: {"flavor": {"vcpus": 1, "swap": 0, "disk": 10, "OS-FLV-EXT-DATA:ephemeral": 0, "rxtx_factor": 1.0, "ram": 1024, "id": "d2", "name": "ds1G", "os-flavor-access:is_public": true}} {{(pid=69269) _process_stack /opt/stack/nova/nova/api/openstack/wsgi.py:550}}
Aug 03 21:25:46.140889 np0000032150 devstack@n-api.service[69269]: INFO nova.api.openstack.requestlog [None req-51a703f2-4c80-4237-80cb-ca8e52434ae9 admin admin] 192.168.1.110 "POST /compute/v2.1/flavors" status: 200 len: 410 microversion: 2.61 time: 0.016176
Aug 03 21:25:46.141178 np0000032150 devstack@n-api.service[69269]: [pid: 69269|app: 0|req: 4/8] 192.168.1.110 () {72 vars in 1408 bytes} [Sun Aug  3 21:25:46 2025] POST /compute/v2.1/flavors => generated 410 bytes in 17 msecs (HTTP/1.1 200) 9 headers in 359 bytes (1 switches on core 0)
Aug 03 21:25:46.150061 np0000032150 devstack@n-api.service[69268]: DEBUG nova.api.openstack.wsgi [None req-46da2548-e650-4409-9951-710240bbd8b8 admin admin] Action: 'create', calling method: <bound method FlavorExtraSpecsController.create of <nova.api.openstack.compute.flavors_extraspecs.FlavorExtraSpecsController object at 0x7e9a56e9af00>>, body: {"extra_specs": {"hw_rng:allowed": "True"}} {{(pid=69268) _process_stack /opt/stack/nova/nova/api/openstack/wsgi.py:550}}
Aug 03 21:25:46.167605 np0000032150 devstack@n-api.service[69268]: INFO nova.api.openstack.requestlog [None req-46da2548-e650-4409-9951-710240bbd8b8 admin admin] 192.168.1.110 "POST /compute/v2.1/flavors/d2/os-extra_specs" status: 200 len: 43 microversion: 2.61 time: 0.020330
Aug 03 21:25:46.167846 np0000032150 devstack@n-api.service[69268]: [pid: 69268|app: 0|req: 5/9] 192.168.1.110 () {72 vars in 1461 bytes} [Sun Aug  3 21:25:46 2025] POST /compute/v2.1/flavors/d2/os-extra_specs => generated 43 bytes in 21 msecs (HTTP/1.1 200) 9 headers in 358 bytes (1 switches on core 0)
Aug 03 21:25:46.246189 np0000032150 devstack@n-api.service[69269]: DEBUG nova.api.openstack.wsgi [None req-7f37a5ba-9533-43d3-8321-3d4e88ae96cc admin admin] Action: 'create', calling method: <bound method FlavorsController.create of <nova.api.openstack.compute.flavors.FlavorsController object at 0x7e9a56e99e80>>, body: {"flavor": {"vcpus": 2, "swap": 0, "disk": 10, "OS-FLV-EXT-DATA:ephemeral": 0, "rxtx_factor": 1.0, "ram": 2048, "id": "d3", "name": "ds2G", "os-flavor-access:is_public": true}} {{(pid=69269) _process_stack /opt/stack/nova/nova/api/openstack/wsgi.py:550}}
Aug 03 21:25:46.259744 np0000032150 devstack@n-api.service[69269]: INFO nova.api.openstack.requestlog [None req-7f37a5ba-9533-43d3-8321-3d4e88ae96cc admin admin] 192.168.1.110 "POST /compute/v2.1/flavors" status: 200 len: 410 microversion: 2.61 time: 0.015667
Aug 03 21:25:46.260069 np0000032150 devstack@n-api.service[69269]: [pid: 69269|app: 0|req: 5/10] 192.168.1.110 () {72 vars in 1408 bytes} [Sun Aug  3 21:25:46 2025] POST /compute/v2.1/flavors => generated 410 bytes in 16 msecs (HTTP/1.1 200) 9 headers in 359 bytes (1 switches on core 0)
Aug 03 21:25:46.267050 np0000032150 devstack@n-api.service[69268]: DEBUG nova.api.openstack.wsgi [None req-7aca4fe4-6c0d-4258-aa81-3ea6356a1cc7 admin admin] Action: 'create', calling method: <bound method FlavorExtraSpecsController.create of <nova.api.openstack.compute.flavors_extraspecs.FlavorExtraSpecsController object at 0x7e9a56e9af00>>, body: {"extra_specs": {"hw_rng:allowed": "True"}} {{(pid=69268) _process_stack /opt/stack/nova/nova/api/openstack/wsgi.py:550}}
Aug 03 21:25:46.278947 np0000032150 devstack@n-api.service[69268]: INFO nova.api.openstack.requestlog [None req-7aca4fe4-6c0d-4258-aa81-3ea6356a1cc7 admin admin] 192.168.1.110 "POST /compute/v2.1/flavors/d3/os-extra_specs" status: 200 len: 43 microversion: 2.61 time: 0.013334
Aug 03 21:25:46.279240 np0000032150 devstack@n-api.service[69268]: [pid: 69268|app: 0|req: 6/11] 192.168.1.110 () {72 vars in 1461 bytes} [Sun Aug  3 21:25:46 2025] POST /compute/v2.1/flavors/d3/os-extra_specs => generated 43 bytes in 14 msecs (HTTP/1.1 200) 9 headers in 358 bytes (1 switches on core 0)
Aug 03 21:25:46.388226 np0000032150 devstack@n-api.service[69269]: DEBUG nova.api.openstack.wsgi [None req-76800206-dc42-4684-abe2-31884029bfb6 admin admin] Action: 'create', calling method: <bound method FlavorsController.create of <nova.api.openstack.compute.flavors.FlavorsController object at 0x7e9a56e99e80>>, body: {"flavor": {"vcpus": 4, "swap": 0, "disk": 20, "OS-FLV-EXT-DATA:ephemeral": 0, "rxtx_factor": 1.0, "ram": 4096, "id": "d4", "name": "ds4G", "os-flavor-access:is_public": true}} {{(pid=69269) _process_stack /opt/stack/nova/nova/api/openstack/wsgi.py:550}}
Aug 03 21:25:46.405252 np0000032150 devstack@n-api.service[69269]: INFO nova.api.openstack.requestlog [None req-76800206-dc42-4684-abe2-31884029bfb6 admin admin] 192.168.1.110 "POST /compute/v2.1/flavors" status: 200 len: 410 microversion: 2.61 time: 0.018988
Aug 03 21:25:46.405495 np0000032150 devstack@n-api.service[69269]: [pid: 69269|app: 0|req: 6/12] 192.168.1.110 () {72 vars in 1408 bytes} [Sun Aug  3 21:25:46 2025] POST /compute/v2.1/flavors => generated 410 bytes in 19 msecs (HTTP/1.1 200) 9 headers in 359 bytes (1 switches on core 0)
Aug 03 21:25:46.421128 np0000032150 devstack@n-api.service[69268]: DEBUG nova.api.openstack.wsgi [None req-a6eca448-1b07-44fb-a19c-ef2a54744a44 admin admin] Action: 'create', calling method: <bound method FlavorExtraSpecsController.create of <nova.api.openstack.compute.flavors_extraspecs.FlavorExtraSpecsController object at 0x7e9a56e9af00>>, body: {"extra_specs": {"hw_rng:allowed": "True"}} {{(pid=69268) _process_stack /opt/stack/nova/nova/api/openstack/wsgi.py:550}}
Aug 03 21:25:46.445429 np0000032150 devstack@n-api.service[69268]: INFO nova.api.openstack.requestlog [None req-a6eca448-1b07-44fb-a19c-ef2a54744a44 admin admin] 192.168.1.110 "POST /compute/v2.1/flavors/d4/os-extra_specs" status: 200 len: 43 microversion: 2.61 time: 0.026247
Aug 03 21:25:46.445598 np0000032150 devstack@n-api.service[69268]: [pid: 69268|app: 0|req: 7/13] 192.168.1.110 () {72 vars in 1461 bytes} [Sun Aug  3 21:25:46 2025] POST /compute/v2.1/flavors/d4/os-extra_specs => generated 43 bytes in 28 msecs (HTTP/1.1 200) 9 headers in 358 bytes (1 switches on core 0)
Aug 03 21:25:46.544243 np0000032150 devstack@n-api.service[69269]: DEBUG nova.api.openstack.wsgi [None req-7ba55f0a-4fe2-4ed3-98f0-3c5b032d4a54 admin admin] Calling method '<bound method FlavorsController.detail of <nova.api.openstack.compute.flavors.FlavorsController object at 0x7e9a56e99fd0>>' {{(pid=69269) _process_stack /opt/stack/nova/nova/api/openstack/wsgi.py:552}}
Aug 03 21:25:46.558685 np0000032150 devstack@n-api.service[69269]: INFO nova.api.openstack.requestlog [None req-7ba55f0a-4fe2-4ed3-98f0-3c5b032d4a54 admin admin] 192.168.1.110 "GET /compute/v2.1/flavors/detail?is_public=True" status: 200 len: 2136 microversion: 2.61 time: 0.015982
Aug 03 21:25:46.558915 np0000032150 devstack@n-api.service[69269]: [pid: 69269|app: 0|req: 7/14] 192.168.1.110 () {68 vars in 1417 bytes} [Sun Aug  3 21:25:46 2025] GET /compute/v2.1/flavors/detail?is_public=True => generated 2136 bytes in 16 msecs (HTTP/1.1 200) 9 headers in 360 bytes (1 switches on core 0)
Aug 03 21:25:46.654298 np0000032150 devstack@n-api.service[69268]: DEBUG nova.api.openstack.wsgi [None req-a960df2c-b281-4a26-9474-4a91dec30235 admin admin] Action: 'create', calling method: <bound method FlavorsController.create of <nova.api.openstack.compute.flavors.FlavorsController object at 0x7e9a56e9a660>>, body: {"flavor": {"vcpus": 1, "swap": 0, "disk": 1, "OS-FLV-EXT-DATA:ephemeral": 0, "rxtx_factor": 1.0, "ram": 512, "id": "1", "name": "m1.tiny", "os-flavor-access:is_public": true}} {{(pid=69268) _process_stack /opt/stack/nova/nova/api/openstack/wsgi.py:550}}
Aug 03 21:25:46.678606 np0000032150 devstack@n-api.service[69268]: INFO nova.api.openstack.requestlog [None req-a960df2c-b281-4a26-9474-4a91dec30235 admin admin] 192.168.1.110 "POST /compute/v2.1/flavors" status: 200 len: 408 microversion: 2.61 time: 0.025746
Aug 03 21:25:46.678851 np0000032150 devstack@n-api.service[69268]: [pid: 69268|app: 0|req: 8/15] 192.168.1.110 () {72 vars in 1408 bytes} [Sun Aug  3 21:25:46 2025] POST /compute/v2.1/flavors => generated 408 bytes in 26 msecs (HTTP/1.1 200) 9 headers in 359 bytes (1 switches on core 0)
Aug 03 21:25:46.686868 np0000032150 devstack@n-api.service[69269]: DEBUG nova.api.openstack.wsgi [None req-e03dddcb-cd1a-4ec4-9c02-721e93f166cb admin admin] Action: 'create', calling method: <bound method FlavorExtraSpecsController.create of <nova.api.openstack.compute.flavors_extraspecs.FlavorExtraSpecsController object at 0x7e9a56e9a720>>, body: {"extra_specs": {"hw_rng:allowed": "True"}} {{(pid=69269) _process_stack /opt/stack/nova/nova/api/openstack/wsgi.py:550}}
Aug 03 21:25:46.714231 np0000032150 devstack@n-api.service[69269]: INFO nova.api.openstack.requestlog [None req-e03dddcb-cd1a-4ec4-9c02-721e93f166cb admin admin] 192.168.1.110 "POST /compute/v2.1/flavors/1/os-extra_specs" status: 200 len: 43 microversion: 2.61 time: 0.028691
Aug 03 21:25:46.714802 np0000032150 devstack@n-api.service[69269]: [pid: 69269|app: 0|req: 8/16] 192.168.1.110 () {72 vars in 1458 bytes} [Sun Aug  3 21:25:46 2025] POST /compute/v2.1/flavors/1/os-extra_specs => generated 43 bytes in 29 msecs (HTTP/1.1 200) 9 headers in 358 bytes (1 switches on core 0)
Aug 03 21:25:46.796260 np0000032150 devstack@n-api.service[69268]: DEBUG nova.api.openstack.wsgi [None req-85b37600-879f-4f4b-bc62-15007fe5bd93 admin admin] Action: 'create', calling method: <bound method FlavorsController.create of <nova.api.openstack.compute.flavors.FlavorsController object at 0x7e9a56e9a660>>, body: {"flavor": {"vcpus": 1, "swap": 0, "disk": 20, "OS-FLV-EXT-DATA:ephemeral": 0, "rxtx_factor": 1.0, "ram": 2048, "id": "2", "name": "m1.small", "os-flavor-access:is_public": true}} {{(pid=69268) _process_stack /opt/stack/nova/nova/api/openstack/wsgi.py:550}}
Aug 03 21:25:46.807213 np0000032150 devstack@n-api.service[69268]: INFO nova.api.openstack.requestlog [None req-85b37600-879f-4f4b-bc62-15007fe5bd93 admin admin] 192.168.1.110 "POST /compute/v2.1/flavors" status: 200 len: 411 microversion: 2.61 time: 0.012434
Aug 03 21:25:46.807439 np0000032150 devstack@n-api.service[69268]: [pid: 69268|app: 0|req: 9/17] 192.168.1.110 () {72 vars in 1408 bytes} [Sun Aug  3 21:25:46 2025] POST /compute/v2.1/flavors => generated 411 bytes in 13 msecs (HTTP/1.1 200) 9 headers in 359 bytes (1 switches on core 0)
Aug 03 21:25:46.819911 np0000032150 devstack@n-api.service[69269]: DEBUG nova.api.openstack.wsgi [None req-7ea6390c-5834-4b21-bbac-8ef840fc7fe2 admin admin] Action: 'create', calling method: <bound method FlavorExtraSpecsController.create of <nova.api.openstack.compute.flavors_extraspecs.FlavorExtraSpecsController object at 0x7e9a56e9a720>>, body: {"extra_specs": {"hw_rng:allowed": "True"}} {{(pid=69269) _process_stack /opt/stack/nova/nova/api/openstack/wsgi.py:550}}
Aug 03 21:25:46.834747 np0000032150 devstack@n-api.service[69269]: INFO nova.api.openstack.requestlog [None req-7ea6390c-5834-4b21-bbac-8ef840fc7fe2 admin admin] 192.168.1.110 "POST /compute/v2.1/flavors/2/os-extra_specs" status: 200 len: 43 microversion: 2.61 time: 0.020830
Aug 03 21:25:46.835246 np0000032150 devstack@n-api.service[69269]: [pid: 69269|app: 0|req: 9/18] 192.168.1.110 () {72 vars in 1458 bytes} [Sun Aug  3 21:25:46 2025] POST /compute/v2.1/flavors/2/os-extra_specs => generated 43 bytes in 21 msecs (HTTP/1.1 200) 9 headers in 358 bytes (1 switches on core 0)
Aug 03 21:25:46.912518 np0000032150 devstack@n-api.service[69268]: DEBUG nova.api.openstack.wsgi [None req-dc9bdc71-7561-4ae4-ab32-d2d56fbc8e9b admin admin] Action: 'create', calling method: <bound method FlavorsController.create of <nova.api.openstack.compute.flavors.FlavorsController object at 0x7e9a56e9a660>>, body: {"flavor": {"vcpus": 2, "swap": 0, "disk": 40, "OS-FLV-EXT-DATA:ephemeral": 0, "rxtx_factor": 1.0, "ram": 4096, "id": "3", "name": "m1.medium", "os-flavor-access:is_public": true}} {{(pid=69268) _process_stack /opt/stack/nova/nova/api/openstack/wsgi.py:550}}
Aug 03 21:25:46.923179 np0000032150 devstack@n-api.service[69268]: INFO nova.api.openstack.requestlog [None req-dc9bdc71-7561-4ae4-ab32-d2d56fbc8e9b admin admin] 192.168.1.110 "POST /compute/v2.1/flavors" status: 200 len: 412 microversion: 2.61 time: 0.012131
Aug 03 21:25:46.923530 np0000032150 devstack@n-api.service[69268]: [pid: 69268|app: 0|req: 10/19] 192.168.1.110 () {72 vars in 1408 bytes} [Sun Aug  3 21:25:46 2025] POST /compute/v2.1/flavors => generated 412 bytes in 12 msecs (HTTP/1.1 200) 9 headers in 359 bytes (1 switches on core 0)
Aug 03 21:25:46.931910 np0000032150 devstack@n-api.service[69269]: DEBUG nova.api.openstack.wsgi [None req-e4844433-9da2-4233-b834-852ff9d63fcd admin admin] Action: 'create', calling method: <bound method FlavorExtraSpecsController.create of <nova.api.openstack.compute.flavors_extraspecs.FlavorExtraSpecsController object at 0x7e9a56e9a720>>, body: {"extra_specs": {"hw_rng:allowed": "True"}} {{(pid=69269) _process_stack /opt/stack/nova/nova/api/openstack/wsgi.py:550}}
Aug 03 21:25:46.947335 np0000032150 devstack@n-api.service[69269]: INFO nova.api.openstack.requestlog [None req-e4844433-9da2-4233-b834-852ff9d63fcd admin admin] 192.168.1.110 "POST /compute/v2.1/flavors/3/os-extra_specs" status: 200 len: 43 microversion: 2.61 time: 0.017917
Aug 03 21:25:46.947813 np0000032150 devstack@n-api.service[69269]: [pid: 69269|app: 0|req: 10/20] 192.168.1.110 () {72 vars in 1458 bytes} [Sun Aug  3 21:25:46 2025] POST /compute/v2.1/flavors/3/os-extra_specs => generated 43 bytes in 19 msecs (HTTP/1.1 200) 9 headers in 358 bytes (1 switches on core 0)
Aug 03 21:25:47.029626 np0000032150 devstack@n-api.service[69268]: DEBUG nova.api.openstack.wsgi [None req-c345b5d8-b129-4850-80e2-6f41b1c96986 admin admin] Action: 'create', calling method: <bound method FlavorsController.create of <nova.api.openstack.compute.flavors.FlavorsController object at 0x7e9a56e9a660>>, body: {"flavor": {"vcpus": 4, "swap": 0, "disk": 80, "OS-FLV-EXT-DATA:ephemeral": 0, "rxtx_factor": 1.0, "ram": 8192, "id": "4", "name": "m1.large", "os-flavor-access:is_public": true}} {{(pid=69268) _process_stack /opt/stack/nova/nova/api/openstack/wsgi.py:550}}
Aug 03 21:25:47.040415 np0000032150 devstack@n-api.service[69268]: INFO nova.api.openstack.requestlog [None req-c345b5d8-b129-4850-80e2-6f41b1c96986 admin admin] 192.168.1.110 "POST /compute/v2.1/flavors" status: 200 len: 411 microversion: 2.61 time: 0.012198
Aug 03 21:25:47.040570 np0000032150 devstack@n-api.service[69268]: [pid: 69268|app: 0|req: 11/21] 192.168.1.110 () {72 vars in 1408 bytes} [Sun Aug  3 21:25:47 2025] POST /compute/v2.1/flavors => generated 411 bytes in 12 msecs (HTTP/1.1 200) 9 headers in 359 bytes (1 switches on core 0)
Aug 03 21:25:47.049925 np0000032150 devstack@n-api.service[69269]: DEBUG nova.api.openstack.wsgi [None req-1642a734-69ac-4f38-9d8d-2c4d7f612c45 admin admin] Action: 'create', calling method: <bound method FlavorExtraSpecsController.create of <nova.api.openstack.compute.flavors_extraspecs.FlavorExtraSpecsController object at 0x7e9a56e9a720>>, body: {"extra_specs": {"hw_rng:allowed": "True"}} {{(pid=69269) _process_stack /opt/stack/nova/nova/api/openstack/wsgi.py:550}}
Aug 03 21:25:47.065063 np0000032150 devstack@n-api.service[69269]: INFO nova.api.openstack.requestlog [None req-1642a734-69ac-4f38-9d8d-2c4d7f612c45 admin admin] 192.168.1.110 "POST /compute/v2.1/flavors/4/os-extra_specs" status: 200 len: 43 microversion: 2.61 time: 0.018289
Aug 03 21:25:47.065559 np0000032150 devstack@n-api.service[69269]: [pid: 69269|app: 0|req: 11/22] 192.168.1.110 () {72 vars in 1458 bytes} [Sun Aug  3 21:25:47 2025] POST /compute/v2.1/flavors/4/os-extra_specs => generated 43 bytes in 19 msecs (HTTP/1.1 200) 9 headers in 358 bytes (1 switches on core 0)
Aug 03 21:25:47.141286 np0000032150 devstack@n-api.service[69268]: DEBUG nova.api.openstack.wsgi [None req-2f6c5fe1-96d8-4a78-a83d-6d396525210d admin admin] Action: 'create', calling method: <bound method FlavorsController.create of <nova.api.openstack.compute.flavors.FlavorsController object at 0x7e9a56e9a660>>, body: {"flavor": {"vcpus": 8, "swap": 0, "disk": 160, "OS-FLV-EXT-DATA:ephemeral": 0, "rxtx_factor": 1.0, "ram": 16384, "id": "5", "name": "m1.xlarge", "os-flavor-access:is_public": true}} {{(pid=69268) _process_stack /opt/stack/nova/nova/api/openstack/wsgi.py:550}}
Aug 03 21:25:47.151600 np0000032150 devstack@n-api.service[69268]: INFO nova.api.openstack.requestlog [None req-2f6c5fe1-96d8-4a78-a83d-6d396525210d admin admin] 192.168.1.110 "POST /compute/v2.1/flavors" status: 200 len: 414 microversion: 2.61 time: 0.011824
Aug 03 21:25:47.152105 np0000032150 devstack@n-api.service[69268]: [pid: 69268|app: 0|req: 12/23] 192.168.1.110 () {72 vars in 1408 bytes} [Sun Aug  3 21:25:47 2025] POST /compute/v2.1/flavors => generated 414 bytes in 12 msecs (HTTP/1.1 200) 9 headers in 359 bytes (1 switches on core 0)
Aug 03 21:25:47.160910 np0000032150 devstack@n-api.service[69269]: DEBUG nova.api.openstack.wsgi [None req-14e826ec-79bc-4e36-b502-e3fff6ae1545 admin admin] Action: 'create', calling method: <bound method FlavorExtraSpecsController.create of <nova.api.openstack.compute.flavors_extraspecs.FlavorExtraSpecsController object at 0x7e9a56e9a720>>, body: {"extra_specs": {"hw_rng:allowed": "True"}} {{(pid=69269) _process_stack /opt/stack/nova/nova/api/openstack/wsgi.py:550}}
Aug 03 21:25:47.176556 np0000032150 devstack@n-api.service[69269]: INFO nova.api.openstack.requestlog [None req-14e826ec-79bc-4e36-b502-e3fff6ae1545 admin admin] 192.168.1.110 "POST /compute/v2.1/flavors/5/os-extra_specs" status: 200 len: 43 microversion: 2.61 time: 0.018337
Aug 03 21:25:47.177445 np0000032150 devstack@n-api.service[69269]: [pid: 69269|app: 0|req: 12/24] 192.168.1.110 () {72 vars in 1458 bytes} [Sun Aug  3 21:25:47 2025] POST /compute/v2.1/flavors/5/os-extra_specs => generated 43 bytes in 19 msecs (HTTP/1.1 200) 9 headers in 358 bytes (1 switches on core 0)
Aug 03 21:26:16.329728 np0000032150 devstack@n-api.service[69268]: DEBUG nova.api.openstack.wsgi [None req-a73faa38-1df1-4d05-90a0-90067784a47c admin admin] Calling method '<bound method FlavorsController.detail of <nova.api.openstack.compute.flavors.FlavorsController object at 0x7e9a56e9a7b0>>' {{(pid=69268) _process_stack /opt/stack/nova/nova/api/openstack/wsgi.py:552}}
Aug 03 21:26:16.332475 np0000032150 devstack@n-api.service[69268]: DEBUG dbcounter [-] [69268] Writing DB stats nova_api:SELECT=21,nova_api:SAVEPOINT=5,nova_api:INSERT=10,nova_api:RELEASE=5 {{(pid=69268) stat_writer /opt/stack/data/venv/lib/python3.12/site-packages/dbcounter.py:115}}
Aug 03 21:26:16.342268 np0000032150 devstack@n-api.service[69268]: INFO nova.api.openstack.requestlog [None req-a73faa38-1df1-4d05-90a0-90067784a47c admin admin] 192.168.1.110 "GET /compute/v2.1/flavors/detail?is_public=True" status: 200 len: 4262 microversion: 2.61 time: 0.013979
Aug 03 21:26:16.342572 np0000032150 devstack@n-api.service[69268]: [pid: 69268|app: 0|req: 13/25] 192.168.1.110 () {68 vars in 1417 bytes} [Sun Aug  3 21:26:16 2025] GET /compute/v2.1/flavors/detail?is_public=True => generated 4262 bytes in 14 msecs (HTTP/1.1 200) 9 headers in 360 bytes (1 switches on core 0)
Aug 03 21:26:16.447121 np0000032150 devstack@n-api.service[69269]: DEBUG nova.api.openstack.wsgi [None req-d2a424bf-e991-42f9-8d9c-3729d3e9d0fa admin admin] Action: 'create', calling method: <bound method FlavorsController.create of <nova.api.openstack.compute.flavors.FlavorsController object at 0x7e9a56e99e80>>, body: {"flavor": {"vcpus": 1, "swap": 0, "disk": 5, "OS-FLV-EXT-DATA:ephemeral": 0, "rxtx_factor": 1.0, "ram": 1024, "id": "100", "name": "manila-service-flavor", "os-flavor-access:is_public": true}} {{(pid=69269) _process_stack /opt/stack/nova/nova/api/openstack/wsgi.py:550}}
Aug 03 21:26:16.450928 np0000032150 devstack@n-api.service[69269]: DEBUG dbcounter [-] [69269] Writing DB stats nova_api:INSERT=10,nova_api:SELECT=21,nova_api:SAVEPOINT=5,nova_api:RELEASE=5 {{(pid=69269) stat_writer /opt/stack/data/venv/lib/python3.12/site-packages/dbcounter.py:115}}
Aug 03 21:26:16.459160 np0000032150 devstack@n-api.service[69269]: INFO nova.api.openstack.requestlog [None req-d2a424bf-e991-42f9-8d9c-3729d3e9d0fa admin admin] 192.168.1.110 "POST /compute/v2.1/flavors" status: 200 len: 429 microversion: 2.61 time: 0.013296
Aug 03 21:26:16.459160 np0000032150 devstack@n-api.service[69269]: [pid: 69269|app: 0|req: 13/26] 192.168.1.110 () {72 vars in 1408 bytes} [Sun Aug  3 21:26:16 2025] POST /compute/v2.1/flavors => generated 429 bytes in 13 msecs (HTTP/1.1 200) 9 headers in 359 bytes (1 switches on core 0)
Aug 03 21:26:43.900431 np0000032150 devstack@n-api.service[69268]: DEBUG nova.api.openstack.wsgi [None req-6c8f6114-06da-449c-bf91-4cb14cbfc645 admin admin] Calling method '<bound method KeypairController.index of <nova.api.openstack.compute.keypairs.KeypairController object at 0x7e9a56d49a60>>' {{(pid=69268) _process_stack /opt/stack/nova/nova/api/openstack/wsgi.py:552}}
Aug 03 21:26:43.902338 np0000032150 devstack@n-api.service[69268]: WARNING oslo_db.sqlalchemy.utils [None req-6c8f6114-06da-449c-bf91-4cb14cbfc645 admin admin] Unique keys not in sort_keys. The sorting order may be unstable.
Aug 03 21:26:43.907747 np0000032150 devstack@n-api.service[69268]: INFO nova.api.openstack.requestlog [None req-6c8f6114-06da-449c-bf91-4cb14cbfc645 admin admin] 192.168.1.110 "GET /compute/v2.1/os-keypairs" status: 200 len: 16 microversion: 2.10 time: 0.009564
Aug 03 21:26:43.907985 np0000032150 devstack@n-api.service[69268]: [pid: 69268|app: 0|req: 14/27] 192.168.1.110 () {68 vars in 1379 bytes} [Sun Aug  3 21:26:43 2025] GET /compute/v2.1/os-keypairs => generated 16 bytes in 10 msecs (HTTP/1.1 200) 9 headers in 358 bytes (1 switches on core 0)
Aug 03 21:26:44.001374 np0000032150 devstack@n-api.service[69269]: DEBUG nova.api.openstack.wsgi [None req-1e233f9d-19d0-4e4c-9adc-0f09ea0cbecb admin admin] Action: 'create', calling method: <bound method KeypairController.create of <nova.api.openstack.compute.keypairs.KeypairController object at 0x7e9a56d49430>>, body: {"keypair": {"name": "manila-service", "public_key": "ecdsa-sha2-nistp256 AAAAE2VjZHNhLXNoYTItbmlzdHAyNTYAAAAIbmlzdHAyNTYAAABBBC6d8iGr8YJaiqJonrS2BJyvXpiH3ylWlZmYgwzZRB7cK24aYpRxbZMJdQ5oaCmMYE0zMW4gjWMnd6w9kuX0I2o= stack@np0000032150\n"}} {{(pid=69269) _process_stack /opt/stack/nova/nova/api/openstack/wsgi.py:550}}
Aug 03 21:26:44.014929 np0000032150 devstack@n-api.service[69269]: DEBUG nova.quota [None req-1e233f9d-19d0-4e4c-9adc-0f09ea0cbecb admin admin] Getting quotas for project d027be2dcff94e3e833822c177e3f607. Resources: {'key_pairs'} {{(pid=69269) _get_quotas /opt/stack/nova/nova/quota.py:392}}
Aug 03 21:26:44.018447 np0000032150 devstack@n-api.service[69269]: DEBUG nova.quota [None req-1e233f9d-19d0-4e4c-9adc-0f09ea0cbecb admin admin] Getting quotas for user 9df226799572494d9c98ad1bdf70b041 and project d027be2dcff94e3e833822c177e3f607. Resources: {'key_pairs'} {{(pid=69269) _get_quotas /opt/stack/nova/nova/quota.py:382}}
Aug 03 21:26:44.040198 np0000032150 devstack@n-api.service[69269]: INFO nova.api.openstack.requestlog [None req-1e233f9d-19d0-4e4c-9adc-0f09ea0cbecb admin admin] 192.168.1.110 "POST /compute/v2.1/os-keypairs" status: 201 len: 366 microversion: 2.10 time: 0.040121
Aug 03 21:26:44.040198 np0000032150 devstack@n-api.service[69269]: [pid: 69269|app: 0|req: 14/28] 192.168.1.110 () {72 vars in 1420 bytes} [Sun Aug  3 21:26:43 2025] POST /compute/v2.1/os-keypairs => generated 366 bytes in 40 msecs (HTTP/1.1 201) 9 headers in 364 bytes (1 switches on core 0)
Aug 03 21:26:50.121663 np0000032150 devstack@n-api.service[69268]: DEBUG nova.api.openstack.wsgi [None req-95914e48-0912-49b4-9808-563d7ba1ecde admin admin] Calling method '<bound method ServiceController.index of <nova.api.openstack.compute.services.ServiceController object at 0x7e9a56d84ec0>>' {{(pid=69268) _process_stack /opt/stack/nova/nova/api/openstack/wsgi.py:552}}
Aug 03 21:26:50.123315 np0000032150 devstack@n-api.service[69268]: DEBUG oslo_concurrency.lockutils [None req-95914e48-0912-49b4-9808-563d7ba1ecde admin admin] Acquiring lock "00000000-0000-0000-0000-000000000000" by "nova.context.set_target_cell.<locals>.get_or_set_cached_cell_and_set_connections" {{(pid=69268) inner /opt/stack/data/venv/lib/python3.12/site-packages/oslo_concurrency/lockutils.py:405}}
Aug 03 21:26:50.123489 np0000032150 devstack@n-api.service[69268]: DEBUG oslo_concurrency.lockutils [None req-95914e48-0912-49b4-9808-563d7ba1ecde admin admin] Lock "00000000-0000-0000-0000-000000000000" acquired by "nova.context.set_target_cell.<locals>.get_or_set_cached_cell_and_set_connections" :: waited 0.000s {{(pid=69268) inner /opt/stack/data/venv/lib/python3.12/site-packages/oslo_concurrency/lockutils.py:410}}
Aug 03 21:26:50.123615 np0000032150 devstack@n-api.service[69268]: DEBUG oslo_concurrency.lockutils [None req-95914e48-0912-49b4-9808-563d7ba1ecde admin admin] Lock "00000000-0000-0000-0000-000000000000" "released" by "nova.context.set_target_cell.<locals>.get_or_set_cached_cell_and_set_connections" :: held 0.000s {{(pid=69268) inner /opt/stack/data/venv/lib/python3.12/site-packages/oslo_concurrency/lockutils.py:424}}
Aug 03 21:26:50.123994 np0000032150 devstack@n-api.service[69268]: DEBUG oslo_concurrency.lockutils [None req-95914e48-0912-49b4-9808-563d7ba1ecde admin admin] Acquiring lock "0e9f6cd5-c050-4382-845e-5a1bfd9bdcc2" by "nova.context.set_target_cell.<locals>.get_or_set_cached_cell_and_set_connections" {{(pid=69268) inner /opt/stack/data/venv/lib/python3.12/site-packages/oslo_concurrency/lockutils.py:405}}
Aug 03 21:26:50.124123 np0000032150 devstack@n-api.service[69268]: DEBUG oslo_concurrency.lockutils [None req-95914e48-0912-49b4-9808-563d7ba1ecde admin admin] Lock "0e9f6cd5-c050-4382-845e-5a1bfd9bdcc2" acquired by "nova.context.set_target_cell.<locals>.get_or_set_cached_cell_and_set_connections" :: waited 0.000s {{(pid=69268) inner /opt/stack/data/venv/lib/python3.12/site-packages/oslo_concurrency/lockutils.py:410}}
