Aug 26 08:21:07.588979 np0000032581 devstack@n-api.service[70099]: DEBUG oslo_db.sqlalchemy.engines [None req-a8c27612-e109-4d3d-a4e4-ac93b3c041e9 None None] MySQL server mode set to STRICT_TRANS_TABLES,STRICT_ALL_TABLES,NO_ZERO_IN_DATE,NO_ZERO_DATE,ERROR_FOR_DIVISION_BY_ZERO,TRADITIONAL,NO_ENGINE_SUBSTITUTION {{(pid=70099) _check_effective_sql_mode /opt/stack/data/venv/lib/python3.10/site-packages/oslo_db/sqlalchemy/engines.py:342}}
Aug 26 08:21:07.589345 np0000032581 devstack@n-api.service[70099]: DEBUG dbcounter [-] [70099] Writer thread running {{(pid=70099) stat_writer /opt/stack/data/venv/lib/python3.10/site-packages/dbcounter.py:102}}
Aug 26 08:21:07.591047 np0000032581 devstack@n-api.service[70100]: DEBUG oslo_db.sqlalchemy.engines [None req-b7444771-0133-4799-accd-e0de30caedc4 None None] MySQL server mode set to STRICT_TRANS_TABLES,STRICT_ALL_TABLES,NO_ZERO_IN_DATE,NO_ZERO_DATE,ERROR_FOR_DIVISION_BY_ZERO,TRADITIONAL,NO_ENGINE_SUBSTITUTION {{(pid=70100) _check_effective_sql_mode /opt/stack/data/venv/lib/python3.10/site-packages/oslo_db/sqlalchemy/engines.py:342}}
Aug 26 08:21:07.593295 np0000032581 devstack@n-api.service[70099]: DEBUG dbcounter [-] [70099] Writer thread running {{(pid=70099) stat_writer /opt/stack/data/venv/lib/python3.10/site-packages/dbcounter.py:102}}
Aug 26 08:21:07.594977 np0000032581 devstack@n-api.service[70100]: DEBUG dbcounter [-] [70100] Writer thread running {{(pid=70100) stat_writer /opt/stack/data/venv/lib/python3.10/site-packages/dbcounter.py:102}}
Aug 26 08:21:07.595330 np0000032581 devstack@n-api.service[70099]: INFO dbcounter [None req-a8c27612-e109-4d3d-a4e4-ac93b3c041e9 None None] Registered counter for database nova_cell0
Aug 26 08:21:07.599156 np0000032581 devstack@n-api.service[70099]: DEBUG oslo_db.sqlalchemy.engines [None req-a8c27612-e109-4d3d-a4e4-ac93b3c041e9 None None] MySQL server mode set to STRICT_TRANS_TABLES,STRICT_ALL_TABLES,NO_ZERO_IN_DATE,NO_ZERO_DATE,ERROR_FOR_DIVISION_BY_ZERO,TRADITIONAL,NO_ENGINE_SUBSTITUTION {{(pid=70099) _check_effective_sql_mode /opt/stack/data/venv/lib/python3.10/site-packages/oslo_db/sqlalchemy/engines.py:342}}
Aug 26 08:21:07.603152 np0000032581 devstack@n-api.service[70099]: DEBUG dbcounter [-] [70099] Writer thread running {{(pid=70099) stat_writer /opt/stack/data/venv/lib/python3.10/site-packages/dbcounter.py:102}}
Aug 26 08:21:07.893697 np0000032581 devstack@n-api.service[70099]: DEBUG oslo_concurrency.processutils [None req-a8c27612-e109-4d3d-a4e4-ac93b3c041e9 None None] Running cmd (subprocess): grep -F node.session.scan /sbin/iscsiadm {{(pid=70099) execute /opt/stack/data/venv/lib/python3.10/site-packages/oslo_concurrency/processutils.py:390}}
Aug 26 08:21:07.900407 np0000032581 devstack@n-api.service[70099]: DEBUG oslo_concurrency.processutils [None req-a8c27612-e109-4d3d-a4e4-ac93b3c041e9 None None] CMD "grep -F node.session.scan /sbin/iscsiadm" returned: 0 in 0.007s {{(pid=70099) execute /opt/stack/data/venv/lib/python3.10/site-packages/oslo_concurrency/processutils.py:428}}
Aug 26 08:21:07.903565 np0000032581 devstack@n-api.service[70100]: DEBUG oslo_concurrency.processutils [None req-b7444771-0133-4799-accd-e0de30caedc4 None None] Running cmd (subprocess): grep -F node.session.scan /sbin/iscsiadm {{(pid=70100) execute /opt/stack/data/venv/lib/python3.10/site-packages/oslo_concurrency/processutils.py:390}}
Aug 26 08:21:07.909695 np0000032581 devstack@n-api.service[70100]: DEBUG oslo_concurrency.processutils [None req-b7444771-0133-4799-accd-e0de30caedc4 None None] CMD "grep -F node.session.scan /sbin/iscsiadm" returned: 0 in 0.006s {{(pid=70100) execute /opt/stack/data/venv/lib/python3.10/site-packages/oslo_concurrency/processutils.py:428}}
Aug 26 08:21:08.225916 np0000032581 devstack@n-api.service[70100]: WARNING keystonemiddleware.auth_token [None req-b7444771-0133-4799-accd-e0de30caedc4 None None] AuthToken middleware is set with keystone_authtoken.service_token_roles_required set to False. This is backwards compatible but deprecated behaviour. Please set this to True.
Aug 26 08:21:08.226531 np0000032581 devstack@n-api.service[70099]: WARNING keystonemiddleware.auth_token [None req-a8c27612-e109-4d3d-a4e4-ac93b3c041e9 None None] AuthToken middleware is set with keystone_authtoken.service_token_roles_required set to False. This is backwards compatible but deprecated behaviour. Please set this to True.
Aug 26 08:21:08.229482 np0000032581 devstack@n-api.service[70100]: WARNING keystonemiddleware.auth_token [None req-b7444771-0133-4799-accd-e0de30caedc4 None None] Configuring www_authenticate_uri to point to the public identity endpoint is required; clients may not be able to authenticate against an admin endpoint
Aug 26 08:21:08.230019 np0000032581 devstack@n-api.service[70099]: WARNING keystonemiddleware.auth_token [None req-a8c27612-e109-4d3d-a4e4-ac93b3c041e9 None None] Configuring www_authenticate_uri to point to the public identity endpoint is required; clients may not be able to authenticate against an admin endpoint
Aug 26 08:21:08.300095 np0000032581 devstack@n-api.service[70100]: WARNING keystonemiddleware.auth_token [None req-b7444771-0133-4799-accd-e0de30caedc4 None None] AuthToken middleware is set with keystone_authtoken.service_token_roles_required set to False. This is backwards compatible but deprecated behaviour. Please set this to True.
Aug 26 08:21:08.301387 np0000032581 devstack@n-api.service[70099]: WARNING keystonemiddleware.auth_token [None req-a8c27612-e109-4d3d-a4e4-ac93b3c041e9 None None] AuthToken middleware is set with keystone_authtoken.service_token_roles_required set to False. This is backwards compatible but deprecated behaviour. Please set this to True.
Aug 26 08:21:08.302204 np0000032581 devstack@n-api.service[70100]: WARNING keystonemiddleware.auth_token [None req-b7444771-0133-4799-accd-e0de30caedc4 None None] Configuring www_authenticate_uri to point to the public identity endpoint is required; clients may not be able to authenticate against an admin endpoint
Aug 26 08:21:08.303498 np0000032581 devstack@n-api.service[70099]: WARNING keystonemiddleware.auth_token [None req-a8c27612-e109-4d3d-a4e4-ac93b3c041e9 None None] Configuring www_authenticate_uri to point to the public identity endpoint is required; clients may not be able to authenticate against an admin endpoint
Aug 26 08:21:08.304055 np0000032581 devstack@n-api.service[70100]: WSGI app 0 (mountpoint='') ready in 3 seconds on interpreter 0x5652db3c1d70 pid: 70100 (default app)
Aug 26 08:21:08.304983 np0000032581 devstack@n-api.service[70100]: DEBUG nova.api.openstack.wsgi [None req-b7444771-0133-4799-accd-e0de30caedc4 None None] Calling method '<bound method VersionsV2.index of <nova.api.openstack.compute.versions.VersionsV2 object at 0x7f467c3068c0>>' {{(pid=70100) _process_stack /opt/stack/nova/nova/api/openstack/wsgi.py:520}}
Aug 26 08:21:08.305351 np0000032581 devstack@n-api.service[70099]: WSGI app 0 (mountpoint='') ready in 3 seconds on interpreter 0x5652db3c1d70 pid: 70099 (default app)
Aug 26 08:21:08.306623 np0000032581 devstack@n-api.service[70100]: INFO nova.api.openstack.requestlog [None req-b7444771-0133-4799-accd-e0de30caedc4 None None] 192.168.1.129 "GET /compute/v2.1/" status: 200 len: 390 microversion: 2.1 time: 0.001881
Aug 26 08:21:08.306944 np0000032581 devstack@n-api.service[70100]: [pid: 70100|app: 0|req: 1/1] 192.168.1.129 () {50 vars in 783 bytes} [Tue Aug 26 08:21:08 2025] GET /compute/v2.1/ => generated 390 bytes in 2 msecs (HTTP/1.1 200) 9 headers in 357 bytes (1 switches on core 0)
Aug 26 08:21:47.537208 np0000032581 devstack@n-api.service[70099]: DEBUG nova.api.openstack.wsgi [None req-a8c27612-e109-4d3d-a4e4-ac93b3c041e9 None None] Calling method '<bound method VersionsV2.index of <nova.api.openstack.compute.versions.VersionsV2 object at 0x7f467c40cc70>>' {{(pid=70099) _process_stack /opt/stack/nova/nova/api/openstack/wsgi.py:520}}
Aug 26 08:21:47.539154 np0000032581 devstack@n-api.service[70099]: INFO nova.api.openstack.requestlog [None req-a8c27612-e109-4d3d-a4e4-ac93b3c041e9 None None] 192.168.1.129 "GET /compute/v2.1" status: 200 len: 391 microversion: 2.1 time: 0.002401
Aug 26 08:21:47.539328 np0000032581 devstack@n-api.service[70099]: [pid: 70099|app: 0|req: 1/2] 192.168.1.129 () {62 vars in 1067 bytes} [Tue Aug 26 08:21:47 2025] GET /compute/v2.1 => generated 391 bytes in 3 msecs (HTTP/1.1 200) 9 headers in 357 bytes (1 switches on core 0)
Aug 26 08:21:47.548235 np0000032581 devstack@n-api.service[70100]: DEBUG dbcounter [-] [70100] Writing DB stats nova_api:SELECT=1 {{(pid=70100) stat_writer /opt/stack/data/venv/lib/python3.10/site-packages/dbcounter.py:115}}
Aug 26 08:21:47.548865 np0000032581 devstack@n-api.service[70100]: DEBUG dbcounter [-] [70100] Writing DB stats nova_cell0:SELECT=1 {{(pid=70100) stat_writer /opt/stack/data/venv/lib/python3.10/site-packages/dbcounter.py:115}}
Aug 26 08:21:47.549322 np0000032581 devstack@n-api.service[70100]: DEBUG dbcounter [-] [70100] Writing DB stats nova_cell1:SELECT=1 {{(pid=70100) stat_writer /opt/stack/data/venv/lib/python3.10/site-packages/dbcounter.py:115}}
Aug 26 08:21:47.549800 np0000032581 devstack@n-api.service[70100]: DEBUG dbcounter [-] [70100] Writing DB stats nova_cell0:SELECT=2,nova_cell0:INSERT=1 {{(pid=70100) stat_writer /opt/stack/data/venv/lib/python3.10/site-packages/dbcounter.py:115}}
Aug 26 08:21:47.671662 np0000032581 devstack@n-api.service[70100]: DEBUG nova.api.openstack.wsgi [None req-aa204507-04d5-44e4-afd1-bf3cc1f36dfc admin admin] Calling method '<bound method FlavorsController.detail of <nova.api.openstack.compute.flavors.FlavorsController object at 0x7f467bf52080>>' {{(pid=70100) _process_stack /opt/stack/nova/nova/api/openstack/wsgi.py:520}}
Aug 26 08:21:47.685793 np0000032581 devstack@n-api.service[70100]: INFO nova.api.openstack.requestlog [None req-aa204507-04d5-44e4-afd1-bf3cc1f36dfc admin admin] 192.168.1.129 "GET /compute/v2.1/flavors/detail?is_public=True" status: 200 len: 15 microversion: 2.61 time: 0.140524
Aug 26 08:21:47.686034 np0000032581 devstack@n-api.service[70100]: [pid: 70100|app: 0|req: 2/3] 192.168.1.129 () {68 vars in 1428 bytes} [Tue Aug 26 08:21:47 2025] GET /compute/v2.1/flavors/detail?is_public=True => generated 15 bytes in 141 msecs (HTTP/1.1 200) 9 headers in 358 bytes (1 switches on core 0)
Aug 26 08:21:47.773286 np0000032581 devstack@n-api.service[70099]: DEBUG nova.api.openstack.wsgi [None req-a8c27612-e109-4d3d-a4e4-ac93b3c041e9 None None] Calling method '<bound method VersionsV2.index of <nova.api.openstack.compute.versions.VersionsV2 object at 0x7f467c40cc70>>' {{(pid=70099) _process_stack /opt/stack/nova/nova/api/openstack/wsgi.py:520}}
Aug 26 08:21:47.774853 np0000032581 devstack@n-api.service[70099]: INFO nova.api.openstack.requestlog [None req-a8c27612-e109-4d3d-a4e4-ac93b3c041e9 None None] 192.168.1.129 "GET /compute/v2.1" status: 200 len: 391 microversion: 2.1 time: 0.001742
Aug 26 08:21:47.775030 np0000032581 devstack@n-api.service[70099]: [pid: 70099|app: 0|req: 2/4] 192.168.1.129 () {62 vars in 1067 bytes} [Tue Aug 26 08:21:47 2025] GET /compute/v2.1 => generated 391 bytes in 2 msecs (HTTP/1.1 200) 9 headers in 357 bytes (1 switches on core 0)
Aug 26 08:21:47.800554 np0000032581 devstack@n-api.service[70100]: DEBUG nova.api.openstack.wsgi [None req-6fb494c4-7080-4e4d-8626-e758e7547ee9 admin admin] Action: 'create', calling method: <bound method FlavorsController.create of <nova.api.openstack.compute.flavors.FlavorsController object at 0x7f467bf51ae0>>, body: {"flavor": {"disk": 1, "name": "cirros256", "os-flavor-access:is_public": true, "ram": 256, "OS-FLV-EXT-DATA:ephemeral": 0, "vcpus": 1, "swap": 0, "id": "c1", "rxtx_factor": 1.0}} {{(pid=70100) _process_stack /opt/stack/nova/nova/api/openstack/wsgi.py:518}}
Aug 26 08:21:47.821572 np0000032581 devstack@n-api.service[70100]: INFO nova.api.openstack.requestlog [None req-6fb494c4-7080-4e4d-8626-e758e7547ee9 admin admin] 192.168.1.129 "POST /compute/v2.1/flavors" status: 200 len: 413 microversion: 2.61 time: 0.040857
Aug 26 08:21:47.821826 np0000032581 devstack@n-api.service[70100]: [pid: 70100|app: 0|req: 3/5] 192.168.1.129 () {72 vars in 1419 bytes} [Tue Aug 26 08:21:47 2025] POST /compute/v2.1/flavors => generated 413 bytes in 41 msecs (HTTP/1.1 200) 9 headers in 359 bytes (1 switches on core 0)
Aug 26 08:21:47.832613 np0000032581 devstack@n-api.service[70099]: DEBUG dbcounter [-] [70099] Writing DB stats nova_api:SELECT=1 {{(pid=70099) stat_writer /opt/stack/data/venv/lib/python3.10/site-packages/dbcounter.py:115}}
Aug 26 08:21:47.833396 np0000032581 devstack@n-api.service[70099]: DEBUG dbcounter [-] [70099] Writing DB stats nova_cell0:SELECT=1 {{(pid=70099) stat_writer /opt/stack/data/venv/lib/python3.10/site-packages/dbcounter.py:115}}
Aug 26 08:21:47.833773 np0000032581 devstack@n-api.service[70099]: DEBUG dbcounter [-] [70099] Writing DB stats nova_cell1:SELECT=1 {{(pid=70099) stat_writer /opt/stack/data/venv/lib/python3.10/site-packages/dbcounter.py:115}}
Aug 26 08:21:47.834204 np0000032581 devstack@n-api.service[70099]: DEBUG dbcounter [-] [70099] Writing DB stats nova_cell0:SELECT=1 {{(pid=70099) stat_writer /opt/stack/data/venv/lib/python3.10/site-packages/dbcounter.py:115}}
Aug 26 08:21:47.902450 np0000032581 devstack@n-api.service[70099]: DEBUG nova.api.openstack.wsgi [None req-08c6783a-4330-4a55-bda3-76b32f1d3326 admin admin] Action: 'create', calling method: <bound method FlavorExtraSpecsController.create of <nova.api.openstack.compute.flavors_extraspecs.FlavorExtraSpecsController object at 0x7f467bf39f90>>, body: {"extra_specs": {"hw_rng:allowed": "True"}} {{(pid=70099) _process_stack /opt/stack/nova/nova/api/openstack/wsgi.py:518}}
Aug 26 08:21:47.933240 np0000032581 devstack@n-api.service[70099]: INFO nova.api.openstack.requestlog [None req-08c6783a-4330-4a55-bda3-76b32f1d3326 admin admin] 192.168.1.129 "POST /compute/v2.1/flavors/c1/os-extra_specs" status: 200 len: 43 microversion: 2.61 time: 0.103401
Aug 26 08:21:47.933668 np0000032581 devstack@n-api.service[70099]: [pid: 70099|app: 0|req: 3/6] 192.168.1.129 () {72 vars in 1472 bytes} [Tue Aug 26 08:21:47 2025] POST /compute/v2.1/flavors/c1/os-extra_specs => generated 43 bytes in 104 msecs (HTTP/1.1 200) 9 headers in 358 bytes (1 switches on core 0)
Aug 26 08:21:48.021244 np0000032581 devstack@n-api.service[70100]: DEBUG nova.api.openstack.wsgi [None req-6fb494c4-7080-4e4d-8626-e758e7547ee9 admin admin] Calling method '<bound method VersionsV2.index of <nova.api.openstack.compute.versions.VersionsV2 object at 0x7f467c3068c0>>' {{(pid=70100) _process_stack /opt/stack/nova/nova/api/openstack/wsgi.py:520}}
Aug 26 08:21:48.022844 np0000032581 devstack@n-api.service[70100]: INFO nova.api.openstack.requestlog [None req-6fb494c4-7080-4e4d-8626-e758e7547ee9 admin admin] 192.168.1.129 "GET /compute/v2.1" status: 200 len: 391 microversion: 2.1 time: 0.001772
Aug 26 08:21:48.023024 np0000032581 devstack@n-api.service[70100]: [pid: 70100|app: 0|req: 4/7] 192.168.1.129 () {62 vars in 1067 bytes} [Tue Aug 26 08:21:48 2025] GET /compute/v2.1 => generated 391 bytes in 2 msecs (HTTP/1.1 200) 9 headers in 357 bytes (1 switches on core 0)
Aug 26 08:21:48.082370 np0000032581 devstack@n-api.service[70099]: DEBUG nova.api.openstack.wsgi [None req-5b099808-e170-4fc0-9abf-6830c02fa313 admin admin] Action: 'create', calling method: <bound method FlavorsController.create of <nova.api.openstack.compute.flavors.FlavorsController object at 0x7f467bf38cd0>>, body: {"flavor": {"disk": 5, "name": "ds512M", "os-flavor-access:is_public": true, "ram": 512, "OS-FLV-EXT-DATA:ephemeral": 0, "vcpus": 1, "swap": 0, "id": "d1", "rxtx_factor": 1.0}} {{(pid=70099) _process_stack /opt/stack/nova/nova/api/openstack/wsgi.py:518}}
Aug 26 08:21:48.098633 np0000032581 devstack@n-api.service[70099]: INFO nova.api.openstack.requestlog [None req-5b099808-e170-4fc0-9abf-6830c02fa313 admin admin] 192.168.1.129 "POST /compute/v2.1/flavors" status: 200 len: 410 microversion: 2.61 time: 0.068360
Aug 26 08:21:48.098868 np0000032581 devstack@n-api.service[70099]: [pid: 70099|app: 0|req: 4/8] 192.168.1.129 () {72 vars in 1419 bytes} [Tue Aug 26 08:21:48 2025] POST /compute/v2.1/flavors => generated 410 bytes in 69 msecs (HTTP/1.1 200) 9 headers in 359 bytes (1 switches on core 0)
Aug 26 08:21:48.107876 np0000032581 devstack@n-api.service[70100]: DEBUG nova.api.openstack.wsgi [None req-a8016f27-7019-477e-b5f7-aa9bca1c8fc3 admin admin] Action: 'create', calling method: <bound method FlavorExtraSpecsController.create of <nova.api.openstack.compute.flavors_extraspecs.FlavorExtraSpecsController object at 0x7f467bf52da0>>, body: {"extra_specs": {"hw_rng:allowed": "True"}} {{(pid=70100) _process_stack /opt/stack/nova/nova/api/openstack/wsgi.py:518}}
Aug 26 08:21:48.124023 np0000032581 devstack@n-api.service[70100]: INFO nova.api.openstack.requestlog [None req-a8016f27-7019-477e-b5f7-aa9bca1c8fc3 admin admin] 192.168.1.129 "POST /compute/v2.1/flavors/d1/os-extra_specs" status: 200 len: 43 microversion: 2.61 time: 0.017845
Aug 26 08:21:48.124268 np0000032581 devstack@n-api.service[70100]: [pid: 70100|app: 0|req: 5/9] 192.168.1.129 () {72 vars in 1472 bytes} [Tue Aug 26 08:21:48 2025] POST /compute/v2.1/flavors/d1/os-extra_specs => generated 43 bytes in 18 msecs (HTTP/1.1 200) 9 headers in 358 bytes (1 switches on core 0)
Aug 26 08:21:48.212591 np0000032581 devstack@n-api.service[70099]: DEBUG nova.api.openstack.wsgi [None req-5b099808-e170-4fc0-9abf-6830c02fa313 admin admin] Calling method '<bound method VersionsV2.index of <nova.api.openstack.compute.versions.VersionsV2 object at 0x7f467c40cc70>>' {{(pid=70099) _process_stack /opt/stack/nova/nova/api/openstack/wsgi.py:520}}
Aug 26 08:21:48.214172 np0000032581 devstack@n-api.service[70099]: INFO nova.api.openstack.requestlog [None req-5b099808-e170-4fc0-9abf-6830c02fa313 admin admin] 192.168.1.129 "GET /compute/v2.1" status: 200 len: 391 microversion: 2.1 time: 0.001783
Aug 26 08:21:48.214369 np0000032581 devstack@n-api.service[70099]: [pid: 70099|app: 0|req: 5/10] 192.168.1.129 () {62 vars in 1067 bytes} [Tue Aug 26 08:21:48 2025] GET /compute/v2.1 => generated 391 bytes in 2 msecs (HTTP/1.1 200) 9 headers in 357 bytes (1 switches on core 0)
Aug 26 08:21:48.239293 np0000032581 devstack@n-api.service[70100]: DEBUG nova.api.openstack.wsgi [None req-abea4732-485d-41eb-9f35-cf5b0b4cda69 admin admin] Action: 'create', calling method: <bound method FlavorsController.create of <nova.api.openstack.compute.flavors.FlavorsController object at 0x7f467bf51ae0>>, body: {"flavor": {"disk": 10, "name": "ds1G", "os-flavor-access:is_public": true, "ram": 1024, "OS-FLV-EXT-DATA:ephemeral": 0, "vcpus": 1, "swap": 0, "id": "d2", "rxtx_factor": 1.0}} {{(pid=70100) _process_stack /opt/stack/nova/nova/api/openstack/wsgi.py:518}}
Aug 26 08:21:48.248915 np0000032581 devstack@n-api.service[70100]: INFO nova.api.openstack.requestlog [None req-abea4732-485d-41eb-9f35-cf5b0b4cda69 admin admin] 192.168.1.129 "POST /compute/v2.1/flavors" status: 200 len: 410 microversion: 2.61 time: 0.028635
Aug 26 08:21:48.249146 np0000032581 devstack@n-api.service[70100]: [pid: 70100|app: 0|req: 6/11] 192.168.1.129 () {72 vars in 1419 bytes} [Tue Aug 26 08:21:48 2025] POST /compute/v2.1/flavors => generated 410 bytes in 29 msecs (HTTP/1.1 200) 9 headers in 359 bytes (1 switches on core 0)
Aug 26 08:21:48.257539 np0000032581 devstack@n-api.service[70099]: DEBUG nova.api.openstack.wsgi [None req-215f8112-a0f6-413c-9d97-7e98a20a7d89 admin admin] Action: 'create', calling method: <bound method FlavorExtraSpecsController.create of <nova.api.openstack.compute.flavors_extraspecs.FlavorExtraSpecsController object at 0x7f467bf39f90>>, body: {"extra_specs": {"hw_rng:allowed": "True"}} {{(pid=70099) _process_stack /opt/stack/nova/nova/api/openstack/wsgi.py:518}}
Aug 26 08:21:48.269057 np0000032581 devstack@n-api.service[70099]: INFO nova.api.openstack.requestlog [None req-215f8112-a0f6-413c-9d97-7e98a20a7d89 admin admin] 192.168.1.129 "POST /compute/v2.1/flavors/d2/os-extra_specs" status: 200 len: 43 microversion: 2.61 time: 0.013216
Aug 26 08:21:48.269433 np0000032581 devstack@n-api.service[70099]: [pid: 70099|app: 0|req: 6/12] 192.168.1.129 () {72 vars in 1472 bytes} [Tue Aug 26 08:21:48 2025] POST /compute/v2.1/flavors/d2/os-extra_specs => generated 43 bytes in 13 msecs (HTTP/1.1 200) 9 headers in 358 bytes (1 switches on core 0)
Aug 26 08:21:48.362581 np0000032581 devstack@n-api.service[70100]: DEBUG nova.api.openstack.wsgi [None req-abea4732-485d-41eb-9f35-cf5b0b4cda69 admin admin] Calling method '<bound method VersionsV2.index of <nova.api.openstack.compute.versions.VersionsV2 object at 0x7f467c3068c0>>' {{(pid=70100) _process_stack /opt/stack/nova/nova/api/openstack/wsgi.py:520}}
Aug 26 08:21:48.364128 np0000032581 devstack@n-api.service[70100]: INFO nova.api.openstack.requestlog [None req-abea4732-485d-41eb-9f35-cf5b0b4cda69 admin admin] 192.168.1.129 "GET /compute/v2.1" status: 200 len: 391 microversion: 2.1 time: 0.001759
Aug 26 08:21:48.364308 np0000032581 devstack@n-api.service[70100]: [pid: 70100|app: 0|req: 7/13] 192.168.1.129 () {62 vars in 1067 bytes} [Tue Aug 26 08:21:48 2025] GET /compute/v2.1 => generated 391 bytes in 2 msecs (HTTP/1.1 200) 9 headers in 357 bytes (1 switches on core 0)
Aug 26 08:21:48.391244 np0000032581 devstack@n-api.service[70099]: DEBUG nova.api.openstack.wsgi [None req-a953e58f-7514-4ddb-be65-47abba9ce433 admin admin] Action: 'create', calling method: <bound method FlavorsController.create of <nova.api.openstack.compute.flavors.FlavorsController object at 0x7f467bf38cd0>>, body: {"flavor": {"disk": 10, "name": "ds2G", "os-flavor-access:is_public": true, "ram": 2048, "OS-FLV-EXT-DATA:ephemeral": 0, "vcpus": 2, "swap": 0, "id": "d3", "rxtx_factor": 1.0}} {{(pid=70099) _process_stack /opt/stack/nova/nova/api/openstack/wsgi.py:518}}
Aug 26 08:21:48.401863 np0000032581 devstack@n-api.service[70099]: INFO nova.api.openstack.requestlog [None req-a953e58f-7514-4ddb-be65-47abba9ce433 admin admin] 192.168.1.129 "POST /compute/v2.1/flavors" status: 200 len: 410 microversion: 2.61 time: 0.031484
Aug 26 08:21:48.402308 np0000032581 devstack@n-api.service[70099]: [pid: 70099|app: 0|req: 7/14] 192.168.1.129 () {72 vars in 1419 bytes} [Tue Aug 26 08:21:48 2025] POST /compute/v2.1/flavors => generated 410 bytes in 32 msecs (HTTP/1.1 200) 9 headers in 359 bytes (1 switches on core 0)
Aug 26 08:21:48.411305 np0000032581 devstack@n-api.service[70100]: DEBUG nova.api.openstack.wsgi [None req-ba7303d4-1fb3-48ca-8c04-b3e79632354b admin admin] Action: 'create', calling method: <bound method FlavorExtraSpecsController.create of <nova.api.openstack.compute.flavors_extraspecs.FlavorExtraSpecsController object at 0x7f467bf52da0>>, body: {"extra_specs": {"hw_rng:allowed": "True"}} {{(pid=70100) _process_stack /opt/stack/nova/nova/api/openstack/wsgi.py:518}}
Aug 26 08:21:48.424319 np0000032581 devstack@n-api.service[70100]: INFO nova.api.openstack.requestlog [None req-ba7303d4-1fb3-48ca-8c04-b3e79632354b admin admin] 192.168.1.129 "POST /compute/v2.1/flavors/d3/os-extra_specs" status: 200 len: 43 microversion: 2.61 time: 0.014719
Aug 26 08:21:48.424602 np0000032581 devstack@n-api.service[70100]: [pid: 70100|app: 0|req: 8/15] 192.168.1.129 () {72 vars in 1472 bytes} [Tue Aug 26 08:21:48 2025] POST /compute/v2.1/flavors/d3/os-extra_specs => generated 43 bytes in 15 msecs (HTTP/1.1 200) 9 headers in 358 bytes (1 switches on core 0)
Aug 26 08:21:48.544188 np0000032581 devstack@n-api.service[70099]: DEBUG nova.api.openstack.wsgi [None req-a953e58f-7514-4ddb-be65-47abba9ce433 admin admin] Calling method '<bound method VersionsV2.index of <nova.api.openstack.compute.versions.VersionsV2 object at 0x7f467c40cc70>>' {{(pid=70099) _process_stack /opt/stack/nova/nova/api/openstack/wsgi.py:520}}
Aug 26 08:21:48.545700 np0000032581 devstack@n-api.service[70099]: INFO nova.api.openstack.requestlog [None req-a953e58f-7514-4ddb-be65-47abba9ce433 admin admin] 192.168.1.129 "GET /compute/v2.1" status: 200 len: 391 microversion: 2.1 time: 0.001721
Aug 26 08:21:48.545885 np0000032581 devstack@n-api.service[70099]: [pid: 70099|app: 0|req: 8/16] 192.168.1.129 () {62 vars in 1067 bytes} [Tue Aug 26 08:21:48 2025] GET /compute/v2.1 => generated 391 bytes in 2 msecs (HTTP/1.1 200) 9 headers in 357 bytes (1 switches on core 0)
Aug 26 08:21:48.570711 np0000032581 devstack@n-api.service[70100]: DEBUG nova.api.openstack.wsgi [None req-e5cd4a1e-4749-49c5-ae0b-007151ef7630 admin admin] Action: 'create', calling method: <bound method FlavorsController.create of <nova.api.openstack.compute.flavors.FlavorsController object at 0x7f467bf51ae0>>, body: {"flavor": {"disk": 20, "name": "ds4G", "os-flavor-access:is_public": true, "ram": 4096, "OS-FLV-EXT-DATA:ephemeral": 0, "vcpus": 4, "swap": 0, "id": "d4", "rxtx_factor": 1.0}} {{(pid=70100) _process_stack /opt/stack/nova/nova/api/openstack/wsgi.py:518}}
Aug 26 08:21:48.580888 np0000032581 devstack@n-api.service[70100]: INFO nova.api.openstack.requestlog [None req-e5cd4a1e-4749-49c5-ae0b-007151ef7630 admin admin] 192.168.1.129 "POST /compute/v2.1/flavors" status: 200 len: 410 microversion: 2.61 time: 0.029323
Aug 26 08:21:48.581158 np0000032581 devstack@n-api.service[70100]: [pid: 70100|app: 0|req: 9/17] 192.168.1.129 () {72 vars in 1419 bytes} [Tue Aug 26 08:21:48 2025] POST /compute/v2.1/flavors => generated 410 bytes in 30 msecs (HTTP/1.1 200) 9 headers in 359 bytes (1 switches on core 0)
Aug 26 08:21:48.590077 np0000032581 devstack@n-api.service[70099]: DEBUG nova.api.openstack.wsgi [None req-a0cad0f0-02ab-4284-adc3-2b506011406a admin admin] Action: 'create', calling method: <bound method FlavorExtraSpecsController.create of <nova.api.openstack.compute.flavors_extraspecs.FlavorExtraSpecsController object at 0x7f467bf39f90>>, body: {"extra_specs": {"hw_rng:allowed": "True"}} {{(pid=70099) _process_stack /opt/stack/nova/nova/api/openstack/wsgi.py:518}}
Aug 26 08:21:48.601996 np0000032581 devstack@n-api.service[70099]: INFO nova.api.openstack.requestlog [None req-a0cad0f0-02ab-4284-adc3-2b506011406a admin admin] 192.168.1.129 "POST /compute/v2.1/flavors/d4/os-extra_specs" status: 200 len: 43 microversion: 2.61 time: 0.013571
Aug 26 08:21:48.602240 np0000032581 devstack@n-api.service[70099]: [pid: 70099|app: 0|req: 9/18] 192.168.1.129 () {72 vars in 1472 bytes} [Tue Aug 26 08:21:48 2025] POST /compute/v2.1/flavors/d4/os-extra_specs => generated 43 bytes in 14 msecs (HTTP/1.1 200) 9 headers in 358 bytes (1 switches on core 0)
Aug 26 08:21:48.693173 np0000032581 devstack@n-api.service[70100]: DEBUG nova.api.openstack.wsgi [None req-e5cd4a1e-4749-49c5-ae0b-007151ef7630 admin admin] Calling method '<bound method VersionsV2.index of <nova.api.openstack.compute.versions.VersionsV2 object at 0x7f467c3068c0>>' {{(pid=70100) _process_stack /opt/stack/nova/nova/api/openstack/wsgi.py:520}}
Aug 26 08:21:48.694903 np0000032581 devstack@n-api.service[70100]: INFO nova.api.openstack.requestlog [None req-e5cd4a1e-4749-49c5-ae0b-007151ef7630 admin admin] 192.168.1.129 "GET /compute/v2.1" status: 200 len: 391 microversion: 2.1 time: 0.001922
Aug 26 08:21:48.695126 np0000032581 devstack@n-api.service[70100]: [pid: 70100|app: 0|req: 10/19] 192.168.1.129 () {62 vars in 1067 bytes} [Tue Aug 26 08:21:48 2025] GET /compute/v2.1 => generated 391 bytes in 2 msecs (HTTP/1.1 200) 9 headers in 357 bytes (1 switches on core 0)
Aug 26 08:21:48.721786 np0000032581 devstack@n-api.service[70099]: DEBUG nova.api.openstack.wsgi [None req-9bdb38de-378d-4444-bb3f-c55ac48a9b85 admin admin] Calling method '<bound method FlavorsController.detail of <nova.api.openstack.compute.flavors.FlavorsController object at 0x7f467bf39270>>' {{(pid=70099) _process_stack /opt/stack/nova/nova/api/openstack/wsgi.py:520}}
Aug 26 08:21:48.733213 np0000032581 devstack@n-api.service[70099]: INFO nova.api.openstack.requestlog [None req-9bdb38de-378d-4444-bb3f-c55ac48a9b85 admin admin] 192.168.1.129 "GET /compute/v2.1/flavors/detail?is_public=True" status: 200 len: 2136 microversion: 2.61 time: 0.031987
Aug 26 08:21:48.733731 np0000032581 devstack@n-api.service[70099]: [pid: 70099|app: 0|req: 10/20] 192.168.1.129 () {68 vars in 1428 bytes} [Tue Aug 26 08:21:48 2025] GET /compute/v2.1/flavors/detail?is_public=True => generated 2136 bytes in 33 msecs (HTTP/1.1 200) 9 headers in 360 bytes (1 switches on core 0)
Aug 26 08:21:48.822622 np0000032581 devstack@n-api.service[70100]: DEBUG nova.api.openstack.wsgi [None req-e5cd4a1e-4749-49c5-ae0b-007151ef7630 admin admin] Calling method '<bound method VersionsV2.index of <nova.api.openstack.compute.versions.VersionsV2 object at 0x7f467c3068c0>>' {{(pid=70100) _process_stack /opt/stack/nova/nova/api/openstack/wsgi.py:520}}
Aug 26 08:21:48.824162 np0000032581 devstack@n-api.service[70100]: INFO nova.api.openstack.requestlog [None req-e5cd4a1e-4749-49c5-ae0b-007151ef7630 admin admin] 192.168.1.129 "GET /compute/v2.1" status: 200 len: 391 microversion: 2.1 time: 0.001736
Aug 26 08:21:48.824372 np0000032581 devstack@n-api.service[70100]: [pid: 70100|app: 0|req: 11/21] 192.168.1.129 () {62 vars in 1067 bytes} [Tue Aug 26 08:21:48 2025] GET /compute/v2.1 => generated 391 bytes in 2 msecs (HTTP/1.1 200) 9 headers in 357 bytes (1 switches on core 0)
Aug 26 08:21:48.848780 np0000032581 devstack@n-api.service[70099]: DEBUG nova.api.openstack.wsgi [None req-21a182e9-a73c-4f89-b797-497ae3825104 admin admin] Action: 'create', calling method: <bound method FlavorsController.create of <nova.api.openstack.compute.flavors.FlavorsController object at 0x7f467bf38cd0>>, body: {"flavor": {"disk": 1, "name": "m1.tiny", "os-flavor-access:is_public": true, "ram": 512, "OS-FLV-EXT-DATA:ephemeral": 0, "vcpus": 1, "swap": 0, "id": "1", "rxtx_factor": 1.0}} {{(pid=70099) _process_stack /opt/stack/nova/nova/api/openstack/wsgi.py:518}}
Aug 26 08:21:48.858291 np0000032581 devstack@n-api.service[70099]: INFO nova.api.openstack.requestlog [None req-21a182e9-a73c-4f89-b797-497ae3825104 admin admin] 192.168.1.129 "POST /compute/v2.1/flavors" status: 200 len: 408 microversion: 2.61 time: 0.028536
Aug 26 08:21:48.858525 np0000032581 devstack@n-api.service[70099]: [pid: 70099|app: 0|req: 11/22] 192.168.1.129 () {72 vars in 1419 bytes} [Tue Aug 26 08:21:48 2025] POST /compute/v2.1/flavors => generated 408 bytes in 29 msecs (HTTP/1.1 200) 9 headers in 359 bytes (1 switches on core 0)
Aug 26 08:21:48.867541 np0000032581 devstack@n-api.service[70100]: DEBUG nova.api.openstack.wsgi [None req-399adcd8-92d3-4de3-a71b-cb5063bbd355 admin admin] Action: 'create', calling method: <bound method FlavorExtraSpecsController.create of <nova.api.openstack.compute.flavors_extraspecs.FlavorExtraSpecsController object at 0x7f467bf52da0>>, body: {"extra_specs": {"hw_rng:allowed": "True"}} {{(pid=70100) _process_stack /opt/stack/nova/nova/api/openstack/wsgi.py:518}}
Aug 26 08:21:48.879398 np0000032581 devstack@n-api.service[70100]: INFO nova.api.openstack.requestlog [None req-399adcd8-92d3-4de3-a71b-cb5063bbd355 admin admin] 192.168.1.129 "POST /compute/v2.1/flavors/1/os-extra_specs" status: 200 len: 43 microversion: 2.61 time: 0.013572
Aug 26 08:21:48.879737 np0000032581 devstack@n-api.service[70100]: [pid: 70100|app: 0|req: 12/23] 192.168.1.129 () {72 vars in 1469 bytes} [Tue Aug 26 08:21:48 2025] POST /compute/v2.1/flavors/1/os-extra_specs => generated 43 bytes in 14 msecs (HTTP/1.1 200) 9 headers in 358 bytes (1 switches on core 0)
Aug 26 08:21:48.968923 np0000032581 devstack@n-api.service[70099]: DEBUG nova.api.openstack.wsgi [None req-21a182e9-a73c-4f89-b797-497ae3825104 admin admin] Calling method '<bound method VersionsV2.index of <nova.api.openstack.compute.versions.VersionsV2 object at 0x7f467c40cc70>>' {{(pid=70099) _process_stack /opt/stack/nova/nova/api/openstack/wsgi.py:520}}
Aug 26 08:21:48.970533 np0000032581 devstack@n-api.service[70099]: INFO nova.api.openstack.requestlog [None req-21a182e9-a73c-4f89-b797-497ae3825104 admin admin] 192.168.1.129 "GET /compute/v2.1" status: 200 len: 391 microversion: 2.1 time: 0.001801
Aug 26 08:21:48.970709 np0000032581 devstack@n-api.service[70099]: [pid: 70099|app: 0|req: 12/24] 192.168.1.129 () {62 vars in 1067 bytes} [Tue Aug 26 08:21:48 2025] GET /compute/v2.1 => generated 391 bytes in 2 msecs (HTTP/1.1 200) 9 headers in 357 bytes (1 switches on core 0)
Aug 26 08:21:48.995876 np0000032581 devstack@n-api.service[70100]: DEBUG nova.api.openstack.wsgi [None req-d44c34c4-c247-4b65-b487-4c56a2539f38 admin admin] Action: 'create', calling method: <bound method FlavorsController.create of <nova.api.openstack.compute.flavors.FlavorsController object at 0x7f467bf51ae0>>, body: {"flavor": {"disk": 20, "name": "m1.small", "os-flavor-access:is_public": true, "ram": 2048, "OS-FLV-EXT-DATA:ephemeral": 0, "vcpus": 1, "swap": 0, "id": "2", "rxtx_factor": 1.0}} {{(pid=70100) _process_stack /opt/stack/nova/nova/api/openstack/wsgi.py:518}}
Aug 26 08:21:49.005439 np0000032581 devstack@n-api.service[70100]: INFO nova.api.openstack.requestlog [None req-d44c34c4-c247-4b65-b487-4c56a2539f38 admin admin] 192.168.1.129 "POST /compute/v2.1/flavors" status: 200 len: 411 microversion: 2.61 time: 0.029348
Aug 26 08:21:49.005706 np0000032581 devstack@n-api.service[70100]: [pid: 70100|app: 0|req: 13/25] 192.168.1.129 () {72 vars in 1419 bytes} [Tue Aug 26 08:21:48 2025] POST /compute/v2.1/flavors => generated 411 bytes in 30 msecs (HTTP/1.1 200) 9 headers in 359 bytes (1 switches on core 0)
Aug 26 08:21:49.014704 np0000032581 devstack@n-api.service[70099]: DEBUG nova.api.openstack.wsgi [None req-1c56b5ac-7db2-4dca-bd7a-e5c1c54cd34b admin admin] Action: 'create', calling method: <bound method FlavorExtraSpecsController.create of <nova.api.openstack.compute.flavors_extraspecs.FlavorExtraSpecsController object at 0x7f467bf39f90>>, body: {"extra_specs": {"hw_rng:allowed": "True"}} {{(pid=70099) _process_stack /opt/stack/nova/nova/api/openstack/wsgi.py:518}}
Aug 26 08:21:49.029670 np0000032581 devstack@n-api.service[70099]: INFO nova.api.openstack.requestlog [None req-1c56b5ac-7db2-4dca-bd7a-e5c1c54cd34b admin admin] 192.168.1.129 "POST /compute/v2.1/flavors/2/os-extra_specs" status: 200 len: 43 microversion: 2.61 time: 0.016352
Aug 26 08:21:49.030024 np0000032581 devstack@n-api.service[70099]: [pid: 70099|app: 0|req: 13/26] 192.168.1.129 () {72 vars in 1469 bytes} [Tue Aug 26 08:21:49 2025] POST /compute/v2.1/flavors/2/os-extra_specs => generated 43 bytes in 17 msecs (HTTP/1.1 200) 9 headers in 358 bytes (1 switches on core 0)
Aug 26 08:21:49.137696 np0000032581 devstack@n-api.service[70100]: DEBUG nova.api.openstack.wsgi [None req-d44c34c4-c247-4b65-b487-4c56a2539f38 admin admin] Calling method '<bound method VersionsV2.index of <nova.api.openstack.compute.versions.VersionsV2 object at 0x7f467c3068c0>>' {{(pid=70100) _process_stack /opt/stack/nova/nova/api/openstack/wsgi.py:520}}
Aug 26 08:21:49.139267 np0000032581 devstack@n-api.service[70100]: INFO nova.api.openstack.requestlog [None req-d44c34c4-c247-4b65-b487-4c56a2539f38 admin admin] 192.168.1.129 "GET /compute/v2.1" status: 200 len: 391 microversion: 2.1 time: 0.001765
Aug 26 08:21:49.139444 np0000032581 devstack@n-api.service[70100]: [pid: 70100|app: 0|req: 14/27] 192.168.1.129 () {62 vars in 1067 bytes} [Tue Aug 26 08:21:49 2025] GET /compute/v2.1 => generated 391 bytes in 2 msecs (HTTP/1.1 200) 9 headers in 357 bytes (1 switches on core 0)
Aug 26 08:21:49.169718 np0000032581 devstack@n-api.service[70099]: DEBUG nova.api.openstack.wsgi [None req-85c3d9ff-f964-4dc9-93e3-d0313d8b742a admin admin] Action: 'create', calling method: <bound method FlavorsController.create of <nova.api.openstack.compute.flavors.FlavorsController object at 0x7f467bf38cd0>>, body: {"flavor": {"disk": 40, "name": "m1.medium", "os-flavor-access:is_public": true, "ram": 4096, "OS-FLV-EXT-DATA:ephemeral": 0, "vcpus": 2, "swap": 0, "id": "3", "rxtx_factor": 1.0}} {{(pid=70099) _process_stack /opt/stack/nova/nova/api/openstack/wsgi.py:518}}
Aug 26 08:21:49.180124 np0000032581 devstack@n-api.service[70099]: INFO nova.api.openstack.requestlog [None req-85c3d9ff-f964-4dc9-93e3-d0313d8b742a admin admin] 192.168.1.129 "POST /compute/v2.1/flavors" status: 200 len: 412 microversion: 2.61 time: 0.034745
Aug 26 08:21:49.180475 np0000032581 devstack@n-api.service[70099]: [pid: 70099|app: 0|req: 14/28] 192.168.1.129 () {72 vars in 1419 bytes} [Tue Aug 26 08:21:49 2025] POST /compute/v2.1/flavors => generated 412 bytes in 35 msecs (HTTP/1.1 200) 9 headers in 359 bytes (2 switches on core 0)
Aug 26 08:21:49.189716 np0000032581 devstack@n-api.service[70100]: DEBUG nova.api.openstack.wsgi [None req-e9bfe772-c3a0-4d74-b059-e9bce48299a0 admin admin] Action: 'create', calling method: <bound method FlavorExtraSpecsController.create of <nova.api.openstack.compute.flavors_extraspecs.FlavorExtraSpecsController object at 0x7f467bf52da0>>, body: {"extra_specs": {"hw_rng:allowed": "True"}} {{(pid=70100) _process_stack /opt/stack/nova/nova/api/openstack/wsgi.py:518}}
Aug 26 08:21:49.202023 np0000032581 devstack@n-api.service[70100]: INFO nova.api.openstack.requestlog [None req-e9bfe772-c3a0-4d74-b059-e9bce48299a0 admin admin] 192.168.1.129 "POST /compute/v2.1/flavors/3/os-extra_specs" status: 200 len: 43 microversion: 2.61 time: 0.014038
Aug 26 08:21:49.202327 np0000032581 devstack@n-api.service[70100]: [pid: 70100|app: 0|req: 15/29] 192.168.1.129 () {72 vars in 1469 bytes} [Tue Aug 26 08:21:49 2025] POST /compute/v2.1/flavors/3/os-extra_specs => generated 43 bytes in 14 msecs (HTTP/1.1 200) 9 headers in 358 bytes (1 switches on core 0)
Aug 26 08:21:49.299397 np0000032581 devstack@n-api.service[70099]: DEBUG nova.api.openstack.wsgi [None req-85c3d9ff-f964-4dc9-93e3-d0313d8b742a admin admin] Calling method '<bound method VersionsV2.index of <nova.api.openstack.compute.versions.VersionsV2 object at 0x7f467c40cc70>>' {{(pid=70099) _process_stack /opt/stack/nova/nova/api/openstack/wsgi.py:520}}
Aug 26 08:21:49.300953 np0000032581 devstack@n-api.service[70099]: INFO nova.api.openstack.requestlog [None req-85c3d9ff-f964-4dc9-93e3-d0313d8b742a admin admin] 192.168.1.129 "GET /compute/v2.1" status: 200 len: 391 microversion: 2.1 time: 0.001742
Aug 26 08:21:49.301132 np0000032581 devstack@n-api.service[70099]: [pid: 70099|app: 0|req: 15/30] 192.168.1.129 () {62 vars in 1067 bytes} [Tue Aug 26 08:21:49 2025] GET /compute/v2.1 => generated 391 bytes in 2 msecs (HTTP/1.1 200) 9 headers in 357 bytes (1 switches on core 0)
Aug 26 08:21:49.329576 np0000032581 devstack@n-api.service[70100]: DEBUG nova.api.openstack.wsgi [None req-483953f6-86c8-4aeb-8492-9911631ad42a admin admin] Action: 'create', calling method: <bound method FlavorsController.create of <nova.api.openstack.compute.flavors.FlavorsController object at 0x7f467bf51ae0>>, body: {"flavor": {"disk": 80, "name": "m1.large", "os-flavor-access:is_public": true, "ram": 8192, "OS-FLV-EXT-DATA:ephemeral": 0, "vcpus": 4, "swap": 0, "id": "4", "rxtx_factor": 1.0}} {{(pid=70100) _process_stack /opt/stack/nova/nova/api/openstack/wsgi.py:518}}
Aug 26 08:21:49.339368 np0000032581 devstack@n-api.service[70100]: INFO nova.api.openstack.requestlog [None req-483953f6-86c8-4aeb-8492-9911631ad42a admin admin] 192.168.1.129 "POST /compute/v2.1/flavors" status: 200 len: 411 microversion: 2.61 time: 0.032219
Aug 26 08:21:49.339650 np0000032581 devstack@n-api.service[70100]: [pid: 70100|app: 0|req: 16/31] 192.168.1.129 () {72 vars in 1419 bytes} [Tue Aug 26 08:21:49 2025] POST /compute/v2.1/flavors => generated 411 bytes in 33 msecs (HTTP/1.1 200) 9 headers in 359 bytes (1 switches on core 0)
Aug 26 08:21:49.349280 np0000032581 devstack@n-api.service[70099]: DEBUG nova.api.openstack.wsgi [None req-5a1dfe27-d3c5-490b-a06c-41de90d77a13 admin admin] Action: 'create', calling method: <bound method FlavorExtraSpecsController.create of <nova.api.openstack.compute.flavors_extraspecs.FlavorExtraSpecsController object at 0x7f467bf39f90>>, body: {"extra_specs": {"hw_rng:allowed": "True"}} {{(pid=70099) _process_stack /opt/stack/nova/nova/api/openstack/wsgi.py:518}}
Aug 26 08:21:49.361431 np0000032581 devstack@n-api.service[70099]: INFO nova.api.openstack.requestlog [None req-5a1dfe27-d3c5-490b-a06c-41de90d77a13 admin admin] 192.168.1.129 "POST /compute/v2.1/flavors/4/os-extra_specs" status: 200 len: 43 microversion: 2.61 time: 0.013985
Aug 26 08:21:49.361686 np0000032581 devstack@n-api.service[70099]: [pid: 70099|app: 0|req: 16/32] 192.168.1.129 () {72 vars in 1469 bytes} [Tue Aug 26 08:21:49 2025] POST /compute/v2.1/flavors/4/os-extra_specs => generated 43 bytes in 14 msecs (HTTP/1.1 200) 9 headers in 358 bytes (1 switches on core 0)
Aug 26 08:21:49.468618 np0000032581 devstack@n-api.service[70100]: DEBUG nova.api.openstack.wsgi [None req-483953f6-86c8-4aeb-8492-9911631ad42a admin admin] Calling method '<bound method VersionsV2.index of <nova.api.openstack.compute.versions.VersionsV2 object at 0x7f467c3068c0>>' {{(pid=70100) _process_stack /opt/stack/nova/nova/api/openstack/wsgi.py:520}}
Aug 26 08:21:49.470170 np0000032581 devstack@n-api.service[70100]: INFO nova.api.openstack.requestlog [None req-483953f6-86c8-4aeb-8492-9911631ad42a admin admin] 192.168.1.129 "GET /compute/v2.1" status: 200 len: 391 microversion: 2.1 time: 0.001748
Aug 26 08:21:49.470364 np0000032581 devstack@n-api.service[70100]: [pid: 70100|app: 0|req: 17/33] 192.168.1.129 () {62 vars in 1067 bytes} [Tue Aug 26 08:21:49 2025] GET /compute/v2.1 => generated 391 bytes in 2 msecs (HTTP/1.1 200) 9 headers in 357 bytes (1 switches on core 0)
Aug 26 08:21:49.497580 np0000032581 devstack@n-api.service[70099]: DEBUG nova.api.openstack.wsgi [None req-2153902e-908c-4428-af54-fb632734fe80 admin admin] Action: 'create', calling method: <bound method FlavorsController.create of <nova.api.openstack.compute.flavors.FlavorsController object at 0x7f467bf38cd0>>, body: {"flavor": {"disk": 160, "name": "m1.xlarge", "os-flavor-access:is_public": true, "ram": 16384, "OS-FLV-EXT-DATA:ephemeral": 0, "vcpus": 8, "swap": 0, "id": "5", "rxtx_factor": 1.0}} {{(pid=70099) _process_stack /opt/stack/nova/nova/api/openstack/wsgi.py:518}}
Aug 26 08:21:49.510092 np0000032581 devstack@n-api.service[70099]: INFO nova.api.openstack.requestlog [None req-2153902e-908c-4428-af54-fb632734fe80 admin admin] 192.168.1.129 "POST /compute/v2.1/flavors" status: 200 len: 414 microversion: 2.61 time: 0.033770
Aug 26 08:21:49.510389 np0000032581 devstack@n-api.service[70099]: [pid: 70099|app: 0|req: 17/34] 192.168.1.129 () {72 vars in 1419 bytes} [Tue Aug 26 08:21:49 2025] POST /compute/v2.1/flavors => generated 414 bytes in 34 msecs (HTTP/1.1 200) 9 headers in 359 bytes (1 switches on core 0)
Aug 26 08:21:49.520830 np0000032581 devstack@n-api.service[70100]: DEBUG nova.api.openstack.wsgi [None req-0d12b10c-cf6c-46c6-85c4-3494bde0560c admin admin] Action: 'create', calling method: <bound method FlavorExtraSpecsController.create of <nova.api.openstack.compute.flavors_extraspecs.FlavorExtraSpecsController object at 0x7f467bf52da0>>, body: {"extra_specs": {"hw_rng:allowed": "True"}} {{(pid=70100) _process_stack /opt/stack/nova/nova/api/openstack/wsgi.py:518}}
Aug 26 08:21:49.533574 np0000032581 devstack@n-api.service[70100]: INFO nova.api.openstack.requestlog [None req-0d12b10c-cf6c-46c6-85c4-3494bde0560c admin admin] 192.168.1.129 "POST /compute/v2.1/flavors/5/os-extra_specs" status: 200 len: 43 microversion: 2.61 time: 0.014671
Aug 26 08:21:49.533896 np0000032581 devstack@n-api.service[70100]: [pid: 70100|app: 0|req: 18/35] 192.168.1.129 () {72 vars in 1469 bytes} [Tue Aug 26 08:21:49 2025] POST /compute/v2.1/flavors/5/os-extra_specs => generated 43 bytes in 15 msecs (HTTP/1.1 200) 9 headers in 358 bytes (1 switches on core 0)
Aug 26 08:21:53.802664 np0000032581 devstack@n-api.service[70099]: DEBUG nova.api.openstack.wsgi [None req-2153902e-908c-4428-af54-fb632734fe80 admin admin] Calling method '<bound method VersionsV2.index of <nova.api.openstack.compute.versions.VersionsV2 object at 0x7f467c40cc70>>' {{(pid=70099) _process_stack /opt/stack/nova/nova/api/openstack/wsgi.py:520}}
Aug 26 08:21:53.804210 np0000032581 devstack@n-api.service[70099]: INFO nova.api.openstack.requestlog [None req-2153902e-908c-4428-af54-fb632734fe80 admin admin] 192.168.1.129 "GET /compute/v2.1" status: 200 len: 391 microversion: 2.1 time: 0.001766
Aug 26 08:21:53.804384 np0000032581 devstack@n-api.service[70099]: [pid: 70099|app: 0|req: 18/36] 192.168.1.129 () {62 vars in 1067 bytes} [Tue Aug 26 08:21:53 2025] GET /compute/v2.1 => generated 391 bytes in 2 msecs (HTTP/1.1 200) 9 headers in 357 bytes (1 switches on core 0)
Aug 26 08:21:53.829367 np0000032581 devstack@n-api.service[70100]: DEBUG nova.api.openstack.wsgi [None req-4fa42243-a7cb-4295-a659-ff507f71256b admin admin] Calling method '<bound method FlavorsController.detail of <nova.api.openstack.compute.flavors.FlavorsController object at 0x7f467bf52080>>' {{(pid=70100) _process_stack /opt/stack/nova/nova/api/openstack/wsgi.py:520}}
Aug 26 08:21:53.837309 np0000032581 devstack@n-api.service[70100]: INFO nova.api.openstack.requestlog [None req-4fa42243-a7cb-4295-a659-ff507f71256b admin admin] 192.168.1.129 "GET /compute/v2.1/flavors/detail?is_public=True" status: 200 len: 4262 microversion: 2.61 time: 0.027469
Aug 26 08:21:53.837624 np0000032581 devstack@n-api.service[70100]: [pid: 70100|app: 0|req: 19/37] 192.168.1.129 () {68 vars in 1428 bytes} [Tue Aug 26 08:21:53 2025] GET /compute/v2.1/flavors/detail?is_public=True => generated 4262 bytes in 28 msecs (HTTP/1.1 200) 9 headers in 360 bytes (1 switches on core 0)
Aug 26 08:21:53.946715 np0000032581 devstack@n-api.service[70099]: DEBUG nova.api.openstack.wsgi [None req-2153902e-908c-4428-af54-fb632734fe80 admin admin] Calling method '<bound method VersionsV2.index of <nova.api.openstack.compute.versions.VersionsV2 object at 0x7f467c40cc70>>' {{(pid=70099) _process_stack /opt/stack/nova/nova/api/openstack/wsgi.py:520}}
Aug 26 08:21:53.948281 np0000032581 devstack@n-api.service[70099]: INFO nova.api.openstack.requestlog [None req-2153902e-908c-4428-af54-fb632734fe80 admin admin] 192.168.1.129 "GET /compute/v2.1" status: 200 len: 391 microversion: 2.1 time: 0.001750
Aug 26 08:21:53.948456 np0000032581 devstack@n-api.service[70099]: [pid: 70099|app: 0|req: 19/38] 192.168.1.129 () {62 vars in 1067 bytes} [Tue Aug 26 08:21:53 2025] GET /compute/v2.1 => generated 391 bytes in 2 msecs (HTTP/1.1 200) 9 headers in 357 bytes (1 switches on core 0)
Aug 26 08:21:53.974541 np0000032581 devstack@n-api.service[70100]: DEBUG nova.api.openstack.wsgi [None req-55ccc95b-3705-4e6e-b95e-ae91ac76fb60 admin admin] Action: 'create', calling method: <bound method FlavorsController.create of <nova.api.openstack.compute.flavors.FlavorsController object at 0x7f467bf51ae0>>, body: {"flavor": {"disk": 5, "name": "manila-service-flavor", "os-flavor-access:is_public": true, "ram": 1024, "OS-FLV-EXT-DATA:ephemeral": 0, "vcpus": 1, "swap": 0, "id": "100", "rxtx_factor": 1.0}} {{(pid=70100) _process_stack /opt/stack/nova/nova/api/openstack/wsgi.py:518}}
Aug 26 08:21:53.983877 np0000032581 devstack@n-api.service[70100]: INFO nova.api.openstack.requestlog [None req-55ccc95b-3705-4e6e-b95e-ae91ac76fb60 admin admin] 192.168.1.129 "POST /compute/v2.1/flavors" status: 200 len: 429 microversion: 2.61 time: 0.029540
Aug 26 08:21:53.984195 np0000032581 devstack@n-api.service[70100]: [pid: 70100|app: 0|req: 20/39] 192.168.1.129 () {72 vars in 1419 bytes} [Tue Aug 26 08:21:53 2025] POST /compute/v2.1/flavors => generated 429 bytes in 30 msecs (HTTP/1.1 200) 9 headers in 359 bytes (1 switches on core 0)
Aug 26 08:22:22.028105 np0000032581 devstack@n-api.service[70099]: DEBUG nova.api.openstack.wsgi [None req-2153902e-908c-4428-af54-fb632734fe80 admin admin] Calling method '<bound method VersionsV2.index of <nova.api.openstack.compute.versions.VersionsV2 object at 0x7f467c40cc70>>' {{(pid=70099) _process_stack /opt/stack/nova/nova/api/openstack/wsgi.py:520}}
Aug 26 08:22:22.029673 np0000032581 devstack@n-api.service[70099]: INFO nova.api.openstack.requestlog [None req-2153902e-908c-4428-af54-fb632734fe80 admin admin] 192.168.1.129 "GET /compute/v2.1" status: 200 len: 391 microversion: 2.1 time: 0.001755
Aug 26 08:22:22.029866 np0000032581 devstack@n-api.service[70099]: [pid: 70099|app: 0|req: 20/40] 192.168.1.129 () {62 vars in 1067 bytes} [Tue Aug 26 08:22:22 2025] GET /compute/v2.1 => generated 391 bytes in 2 msecs (HTTP/1.1 200) 9 headers in 357 bytes (1 switches on core 0)
Aug 26 08:22:22.038136 np0000032581 devstack@n-api.service[70100]: DEBUG dbcounter [-] [70100] Writing DB stats nova_api:SELECT=23,nova_api:INSERT=11,nova_api:SAVEPOINT=5,nova_api:RELEASE=5 {{(pid=70100) stat_writer /opt/stack/data/venv/lib/python3.10/site-packages/dbcounter.py:115}}
Aug 26 08:22:22.056629 np0000032581 devstack@n-api.service[70100]: DEBUG nova.api.openstack.wsgi [None req-fc34bece-0638-46cd-a115-56419b8c96a3 admin admin] Calling method '<function Controller.__getattribute__.<locals>.version_select at 0x7f467baadea0>' {{(pid=70100) _process_stack /opt/stack/nova/nova/api/openstack/wsgi.py:520}}
Aug 26 08:22:22.058677 np0000032581 devstack@n-api.service[70100]: WARNING oslo_db.sqlalchemy.utils [None req-fc34bece-0638-46cd-a115-56419b8c96a3 admin admin] Unique keys not in sort_keys. The sorting order may be unstable.
Aug 26 08:22:22.065190 np0000032581 devstack@n-api.service[70100]: INFO nova.api.openstack.requestlog [None req-fc34bece-0638-46cd-a115-56419b8c96a3 admin admin] 192.168.1.129 "GET /compute/v2.1/os-keypairs" status: 200 len: 16 microversion: 2.10 time: 0.029176
Aug 26 08:22:22.065426 np0000032581 devstack@n-api.service[70100]: [pid: 70100|app: 0|req: 21/41] 192.168.1.129 () {68 vars in 1390 bytes} [Tue Aug 26 08:22:22 2025] GET /compute/v2.1/os-keypairs => generated 16 bytes in 29 msecs (HTTP/1.1 200) 9 headers in 358 bytes (1 switches on core 0)
