Aug 08 18:16:34.644506 np0000032516 devstack@n-api.service[69149]: DEBUG oslo_concurrency.lockutils [None req-0a198097-a076-4de0-8ec7-f63241b4bf82 None None] Acquiring lock "a02cf6f9-23a3-4f8e-9b2f-c50156aafbf2" by "nova.context.set_target_cell.<locals>.get_or_set_cached_cell_and_set_connections" {{(pid=69149) inner /opt/stack/data/venv/lib/python3.12/site-packages/oslo_concurrency/lockutils.py:405}}
Aug 08 18:16:34.644634 np0000032516 devstack@n-api.service[69149]: DEBUG oslo_concurrency.lockutils [None req-0a198097-a076-4de0-8ec7-f63241b4bf82 None None] Lock "a02cf6f9-23a3-4f8e-9b2f-c50156aafbf2" acquired by "nova.context.set_target_cell.<locals>.get_or_set_cached_cell_and_set_connections" :: waited 0.000s {{(pid=69149) inner /opt/stack/data/venv/lib/python3.12/site-packages/oslo_concurrency/lockutils.py:410}}
Aug 08 18:16:34.645261 np0000032516 devstack@n-api.service[69149]: DEBUG oslo_concurrency.lockutils [None req-0a198097-a076-4de0-8ec7-f63241b4bf82 None None] Lock "a02cf6f9-23a3-4f8e-9b2f-c50156aafbf2" "released" by "nova.context.set_target_cell.<locals>.get_or_set_cached_cell_and_set_connections" :: held 0.001s {{(pid=69149) inner /opt/stack/data/venv/lib/python3.12/site-packages/oslo_concurrency/lockutils.py:424}}
Aug 08 18:16:34.646332 np0000032516 devstack@n-api.service[69149]: INFO dbcounter [None req-0a198097-a076-4de0-8ec7-f63241b4bf82 None None] Registered counter for database nova_cell0
Aug 08 18:16:34.648125 np0000032516 devstack@n-api.service[69149]: INFO dbcounter [None req-0a198097-a076-4de0-8ec7-f63241b4bf82 None None] Registered counter for database nova_cell1
Aug 08 18:16:34.650863 np0000032516 devstack@n-api.service[69149]: DEBUG oslo_db.sqlalchemy.engines [None req-0a198097-a076-4de0-8ec7-f63241b4bf82 None None] MySQL server mode set to STRICT_TRANS_TABLES,STRICT_ALL_TABLES,NO_ZERO_IN_DATE,NO_ZERO_DATE,ERROR_FOR_DIVISION_BY_ZERO,TRADITIONAL,NO_ENGINE_SUBSTITUTION {{(pid=69149) _check_effective_sql_mode /opt/stack/data/venv/lib/python3.12/site-packages/oslo_db/sqlalchemy/engines.py:397}}
Aug 08 18:16:34.652227 np0000032516 devstack@n-api.service[69149]: DEBUG oslo_db.sqlalchemy.engines [None req-0a198097-a076-4de0-8ec7-f63241b4bf82 None None] MySQL server mode set to STRICT_TRANS_TABLES,STRICT_ALL_TABLES,NO_ZERO_IN_DATE,NO_ZERO_DATE,ERROR_FOR_DIVISION_BY_ZERO,TRADITIONAL,NO_ENGINE_SUBSTITUTION {{(pid=69149) _check_effective_sql_mode /opt/stack/data/venv/lib/python3.12/site-packages/oslo_db/sqlalchemy/engines.py:397}}
Aug 08 18:16:34.661125 np0000032516 devstack@n-api.service[69148]: INFO dbcounter [None req-ac0e8c3a-06bc-40bd-8b82-321d4efd7ef6 None None] Registered counter for database nova_api
Aug 08 18:16:34.671048 np0000032516 devstack@n-api.service[69148]: DEBUG oslo_db.sqlalchemy.engines [None req-ac0e8c3a-06bc-40bd-8b82-321d4efd7ef6 None None] MySQL server mode set to STRICT_TRANS_TABLES,STRICT_ALL_TABLES,NO_ZERO_IN_DATE,NO_ZERO_DATE,ERROR_FOR_DIVISION_BY_ZERO,TRADITIONAL,NO_ENGINE_SUBSTITUTION {{(pid=69148) _check_effective_sql_mode /opt/stack/data/venv/lib/python3.12/site-packages/oslo_db/sqlalchemy/engines.py:397}}
Aug 08 18:16:34.694083 np0000032516 devstack@n-api.service[69148]: DEBUG dbcounter [-] [69148] Writer thread running {{(pid=69148) stat_writer /opt/stack/data/venv/lib/python3.12/site-packages/dbcounter.py:102}}
Aug 08 18:16:34.695716 np0000032516 devstack@n-api.service[69148]: DEBUG nova.context [None req-ac0e8c3a-06bc-40bd-8b82-321d4efd7ef6 None None] Found 2 cells: 00000000-0000-0000-0000-000000000000(cell0),a02cf6f9-23a3-4f8e-9b2f-c50156aafbf2(cell1) {{(pid=69148) load_cells /opt/stack/nova/nova/context.py:472}}
Aug 08 18:16:34.695948 np0000032516 devstack@n-api.service[69148]: INFO nova.utils [None req-ac0e8c3a-06bc-40bd-8b82-321d4efd7ef6 None None] The cell worker thread pool MainProcess.cell_worker is initialized
Aug 08 18:16:34.697382 np0000032516 devstack@n-api.service[69148]: DEBUG oslo_concurrency.lockutils [None req-ac0e8c3a-06bc-40bd-8b82-321d4efd7ef6 None None] Acquiring lock "00000000-0000-0000-0000-000000000000" by "nova.context.set_target_cell.<locals>.get_or_set_cached_cell_and_set_connections" {{(pid=69148) inner /opt/stack/data/venv/lib/python3.12/site-packages/oslo_concurrency/lockutils.py:405}}
Aug 08 18:16:34.697603 np0000032516 devstack@n-api.service[69148]: DEBUG oslo_concurrency.lockutils [None req-ac0e8c3a-06bc-40bd-8b82-321d4efd7ef6 None None] Lock "00000000-0000-0000-0000-000000000000" acquired by "nova.context.set_target_cell.<locals>.get_or_set_cached_cell_and_set_connections" :: waited 0.000s {{(pid=69148) inner /opt/stack/data/venv/lib/python3.12/site-packages/oslo_concurrency/lockutils.py:410}}
Aug 08 18:16:34.697975 np0000032516 devstack@n-api.service[69148]: DEBUG oslo_concurrency.lockutils [None req-ac0e8c3a-06bc-40bd-8b82-321d4efd7ef6 None None] Lock "00000000-0000-0000-0000-000000000000" "released" by "nova.context.set_target_cell.<locals>.get_or_set_cached_cell_and_set_connections" :: held 0.000s {{(pid=69148) inner /opt/stack/data/venv/lib/python3.12/site-packages/oslo_concurrency/lockutils.py:424}}
Aug 08 18:16:34.698356 np0000032516 devstack@n-api.service[69148]: DEBUG oslo_concurrency.lockutils [None req-ac0e8c3a-06bc-40bd-8b82-321d4efd7ef6 None None] Acquiring lock "a02cf6f9-23a3-4f8e-9b2f-c50156aafbf2" by "nova.context.set_target_cell.<locals>.get_or_set_cached_cell_and_set_connections" {{(pid=69148) inner /opt/stack/data/venv/lib/python3.12/site-packages/oslo_concurrency/lockutils.py:405}}
Aug 08 18:16:34.698564 np0000032516 devstack@n-api.service[69148]: DEBUG oslo_concurrency.lockutils [None req-ac0e8c3a-06bc-40bd-8b82-321d4efd7ef6 None None] Lock "a02cf6f9-23a3-4f8e-9b2f-c50156aafbf2" acquired by "nova.context.set_target_cell.<locals>.get_or_set_cached_cell_and_set_connections" :: waited 0.000s {{(pid=69148) inner /opt/stack/data/venv/lib/python3.12/site-packages/oslo_concurrency/lockutils.py:410}}
Aug 08 18:16:34.699288 np0000032516 devstack@n-api.service[69148]: DEBUG oslo_concurrency.lockutils [None req-ac0e8c3a-06bc-40bd-8b82-321d4efd7ef6 None None] Lock "a02cf6f9-23a3-4f8e-9b2f-c50156aafbf2" "released" by "nova.context.set_target_cell.<locals>.get_or_set_cached_cell_and_set_connections" :: held 0.001s {{(pid=69148) inner /opt/stack/data/venv/lib/python3.12/site-packages/oslo_concurrency/lockutils.py:424}}
Aug 08 18:16:34.700438 np0000032516 devstack@n-api.service[69148]: INFO dbcounter [None req-ac0e8c3a-06bc-40bd-8b82-321d4efd7ef6 None None] Registered counter for database nova_cell0
Aug 08 18:16:34.702303 np0000032516 devstack@n-api.service[69148]: INFO dbcounter [None req-ac0e8c3a-06bc-40bd-8b82-321d4efd7ef6 None None] Registered counter for database nova_cell1
Aug 08 18:16:34.706271 np0000032516 devstack@n-api.service[69148]: DEBUG oslo_db.sqlalchemy.engines [None req-ac0e8c3a-06bc-40bd-8b82-321d4efd7ef6 None None] MySQL server mode set to STRICT_TRANS_TABLES,STRICT_ALL_TABLES,NO_ZERO_IN_DATE,NO_ZERO_DATE,ERROR_FOR_DIVISION_BY_ZERO,TRADITIONAL,NO_ENGINE_SUBSTITUTION {{(pid=69148) _check_effective_sql_mode /opt/stack/data/venv/lib/python3.12/site-packages/oslo_db/sqlalchemy/engines.py:397}}
Aug 08 18:16:34.708661 np0000032516 devstack@n-api.service[69148]: DEBUG oslo_db.sqlalchemy.engines [None req-ac0e8c3a-06bc-40bd-8b82-321d4efd7ef6 None None] MySQL server mode set to STRICT_TRANS_TABLES,STRICT_ALL_TABLES,NO_ZERO_IN_DATE,NO_ZERO_DATE,ERROR_FOR_DIVISION_BY_ZERO,TRADITIONAL,NO_ENGINE_SUBSTITUTION {{(pid=69148) _check_effective_sql_mode /opt/stack/data/venv/lib/python3.12/site-packages/oslo_db/sqlalchemy/engines.py:397}}
Aug 08 18:16:34.712783 np0000032516 devstack@n-api.service[69149]: DEBUG dbcounter [-] [69149] Writer thread running {{(pid=69149) stat_writer /opt/stack/data/venv/lib/python3.12/site-packages/dbcounter.py:102}}
Aug 08 18:16:34.715231 np0000032516 devstack@n-api.service[69149]: DEBUG dbcounter [-] [69149] Writer thread running {{(pid=69149) stat_writer /opt/stack/data/venv/lib/python3.12/site-packages/dbcounter.py:102}}
Aug 08 18:16:34.717113 np0000032516 devstack@n-api.service[69149]: INFO dbcounter [None req-0a198097-a076-4de0-8ec7-f63241b4bf82 None None] Registered counter for database nova_cell0
Aug 08 18:16:34.721013 np0000032516 devstack@n-api.service[69149]: DEBUG oslo_db.sqlalchemy.engines [None req-0a198097-a076-4de0-8ec7-f63241b4bf82 None None] MySQL server mode set to STRICT_TRANS_TABLES,STRICT_ALL_TABLES,NO_ZERO_IN_DATE,NO_ZERO_DATE,ERROR_FOR_DIVISION_BY_ZERO,TRADITIONAL,NO_ENGINE_SUBSTITUTION {{(pid=69149) _check_effective_sql_mode /opt/stack/data/venv/lib/python3.12/site-packages/oslo_db/sqlalchemy/engines.py:397}}
Aug 08 18:16:34.724669 np0000032516 devstack@n-api.service[69149]: DEBUG dbcounter [-] [69149] Writer thread running {{(pid=69149) stat_writer /opt/stack/data/venv/lib/python3.12/site-packages/dbcounter.py:102}}
Aug 08 18:16:34.768938 np0000032516 devstack@n-api.service[69148]: DEBUG dbcounter [-] [69148] Writer thread running {{(pid=69148) stat_writer /opt/stack/data/venv/lib/python3.12/site-packages/dbcounter.py:102}}
Aug 08 18:16:34.772578 np0000032516 devstack@n-api.service[69148]: DEBUG dbcounter [-] [69148] Writer thread running {{(pid=69148) stat_writer /opt/stack/data/venv/lib/python3.12/site-packages/dbcounter.py:102}}
Aug 08 18:16:34.774464 np0000032516 devstack@n-api.service[69148]: INFO dbcounter [None req-ac0e8c3a-06bc-40bd-8b82-321d4efd7ef6 None None] Registered counter for database nova_cell0
Aug 08 18:16:34.778438 np0000032516 devstack@n-api.service[69148]: DEBUG oslo_db.sqlalchemy.engines [None req-ac0e8c3a-06bc-40bd-8b82-321d4efd7ef6 None None] MySQL server mode set to STRICT_TRANS_TABLES,STRICT_ALL_TABLES,NO_ZERO_IN_DATE,NO_ZERO_DATE,ERROR_FOR_DIVISION_BY_ZERO,TRADITIONAL,NO_ENGINE_SUBSTITUTION {{(pid=69148) _check_effective_sql_mode /opt/stack/data/venv/lib/python3.12/site-packages/oslo_db/sqlalchemy/engines.py:397}}
Aug 08 18:16:34.781921 np0000032516 devstack@n-api.service[69148]: DEBUG dbcounter [-] [69148] Writer thread running {{(pid=69148) stat_writer /opt/stack/data/venv/lib/python3.12/site-packages/dbcounter.py:102}}
Aug 08 18:16:35.073601 np0000032516 devstack@n-api.service[69149]: DEBUG oslo_concurrency.processutils [None req-0a198097-a076-4de0-8ec7-f63241b4bf82 None None] Running cmd (subprocess): grep -F node.session.scan /sbin/iscsiadm {{(pid=69149) execute /opt/stack/data/venv/lib/python3.12/site-packages/oslo_concurrency/processutils.py:349}}
Aug 08 18:16:35.080379 np0000032516 devstack@n-api.service[69149]: DEBUG oslo_concurrency.processutils [None req-0a198097-a076-4de0-8ec7-f63241b4bf82 None None] CMD "grep -F node.session.scan /sbin/iscsiadm" returned: 0 in 0.007s {{(pid=69149) execute /opt/stack/data/venv/lib/python3.12/site-packages/oslo_concurrency/processutils.py:372}}
Aug 08 18:16:35.100312 np0000032516 devstack@n-api.service[69148]: DEBUG oslo_concurrency.processutils [None req-ac0e8c3a-06bc-40bd-8b82-321d4efd7ef6 None None] Running cmd (subprocess): grep -F node.session.scan /sbin/iscsiadm {{(pid=69148) execute /opt/stack/data/venv/lib/python3.12/site-packages/oslo_concurrency/processutils.py:349}}
Aug 08 18:16:35.106870 np0000032516 devstack@n-api.service[69148]: DEBUG oslo_concurrency.processutils [None req-ac0e8c3a-06bc-40bd-8b82-321d4efd7ef6 None None] CMD "grep -F node.session.scan /sbin/iscsiadm" returned: 0 in 0.007s {{(pid=69148) execute /opt/stack/data/venv/lib/python3.12/site-packages/oslo_concurrency/processutils.py:372}}
Aug 08 18:16:35.367604 np0000032516 devstack@n-api.service[69148]: WARNING keystonemiddleware.auth_token [None req-ac0e8c3a-06bc-40bd-8b82-321d4efd7ef6 None None] AuthToken middleware is set with keystone_authtoken.service_token_roles_required set to False. This is backwards compatible but deprecated behaviour. Please set this to True.
Aug 08 18:16:35.367759 np0000032516 devstack@n-api.service[69149]: WARNING keystonemiddleware.auth_token [None req-0a198097-a076-4de0-8ec7-f63241b4bf82 None None] AuthToken middleware is set with keystone_authtoken.service_token_roles_required set to False. This is backwards compatible but deprecated behaviour. Please set this to True.
Aug 08 18:16:35.370946 np0000032516 devstack@n-api.service[69148]: WARNING keystonemiddleware.auth_token [None req-ac0e8c3a-06bc-40bd-8b82-321d4efd7ef6 None None] Configuring www_authenticate_uri to point to the public identity endpoint is required; clients may not be able to authenticate against an admin endpoint
Aug 08 18:16:35.371080 np0000032516 devstack@n-api.service[69149]: WARNING keystonemiddleware.auth_token [None req-0a198097-a076-4de0-8ec7-f63241b4bf82 None None] Configuring www_authenticate_uri to point to the public identity endpoint is required; clients may not be able to authenticate against an admin endpoint
Aug 08 18:16:35.523548 np0000032516 devstack@n-api.service[69148]: WARNING keystonemiddleware.auth_token [None req-ac0e8c3a-06bc-40bd-8b82-321d4efd7ef6 None None] AuthToken middleware is set with keystone_authtoken.service_token_roles_required set to False. This is backwards compatible but deprecated behaviour. Please set this to True.
Aug 08 18:16:35.523859 np0000032516 devstack@n-api.service[69149]: WARNING keystonemiddleware.auth_token [None req-0a198097-a076-4de0-8ec7-f63241b4bf82 None None] AuthToken middleware is set with keystone_authtoken.service_token_roles_required set to False. This is backwards compatible but deprecated behaviour. Please set this to True.
Aug 08 18:16:35.526287 np0000032516 devstack@n-api.service[69148]: WARNING keystonemiddleware.auth_token [None req-ac0e8c3a-06bc-40bd-8b82-321d4efd7ef6 None None] Configuring www_authenticate_uri to point to the public identity endpoint is required; clients may not be able to authenticate against an admin endpoint
Aug 08 18:16:35.526365 np0000032516 devstack@n-api.service[69149]: WARNING keystonemiddleware.auth_token [None req-0a198097-a076-4de0-8ec7-f63241b4bf82 None None] Configuring www_authenticate_uri to point to the public identity endpoint is required; clients may not be able to authenticate against an admin endpoint
Aug 08 18:16:35.528207 np0000032516 devstack@n-api.service[69148]: WSGI app 0 (mountpoint='') ready in 2 seconds on interpreter 0x762b4c6a39e8 pid: 69148 (default app)
Aug 08 18:16:35.528473 np0000032516 devstack@n-api.service[69149]: WSGI app 0 (mountpoint='') ready in 2 seconds on interpreter 0x762b4c6a39e8 pid: 69149 (default app)
Aug 08 18:16:35.529191 np0000032516 devstack@n-api.service[69148]: DEBUG nova.api.openstack.wsgi [None req-ac0e8c3a-06bc-40bd-8b82-321d4efd7ef6 None None] Calling method '<bound method VersionsV2.index of <nova.api.openstack.compute.versions.VersionsV2 object at 0x762b468b7320>>' {{(pid=69148) _process_stack /opt/stack/nova/nova/api/openstack/wsgi.py:552}}
Aug 08 18:16:35.531769 np0000032516 devstack@n-api.service[69148]: INFO nova.api.openstack.requestlog [None req-ac0e8c3a-06bc-40bd-8b82-321d4efd7ef6 None None] 192.168.1.126 "GET /compute/v2.1/" status: 200 len: 391 microversion: 2.1 time: 0.002784
Aug 08 18:16:35.531996 np0000032516 devstack@n-api.service[69148]: [pid: 69148|app: 0|req: 1/1] 192.168.1.126 () {50 vars in 771 bytes} [Fri Aug  8 18:16:35 2025] GET /compute/v2.1/ => generated 391 bytes in 3 msecs (HTTP/1.1 200) 9 headers in 357 bytes (1 switches on core 0)
Aug 08 18:17:09.840422 np0000032516 devstack@n-api.service[69149]: DEBUG nova.api.openstack.wsgi [None req-0a198097-a076-4de0-8ec7-f63241b4bf82 None None] Calling method '<bound method VersionsV2.index of <nova.api.openstack.compute.versions.VersionsV2 object at 0x762b460f6810>>' {{(pid=69149) _process_stack /opt/stack/nova/nova/api/openstack/wsgi.py:552}}
Aug 08 18:17:09.842230 np0000032516 devstack@n-api.service[69149]: INFO nova.api.openstack.requestlog [None req-0a198097-a076-4de0-8ec7-f63241b4bf82 None None] 192.168.1.126 "GET /compute/v2.1" status: 200 len: 392 microversion: 2.1 time: 0.003916
Aug 08 18:17:09.842531 np0000032516 devstack@n-api.service[69149]: [pid: 69149|app: 0|req: 1/2] 192.168.1.126 () {62 vars in 1056 bytes} [Fri Aug  8 18:17:09 2025] GET /compute/v2.1 => generated 392 bytes in 5 msecs (HTTP/1.1 200) 9 headers in 357 bytes (1 switches on core 0)
Aug 08 18:17:09.854874 np0000032516 devstack@n-api.service[69148]: DEBUG dbcounter [-] [69148] Writing DB stats nova_api:SELECT=1 {{(pid=69148) stat_writer /opt/stack/data/venv/lib/python3.12/site-packages/dbcounter.py:115}}
Aug 08 18:17:09.855648 np0000032516 devstack@n-api.service[69148]: DEBUG dbcounter [-] [69148] Writing DB stats nova_cell0:SELECT=1 {{(pid=69148) stat_writer /opt/stack/data/venv/lib/python3.12/site-packages/dbcounter.py:115}}
Aug 08 18:17:09.855796 np0000032516 devstack@n-api.service[69148]: DEBUG dbcounter [-] [69148] Writing DB stats nova_cell1:SELECT=1 {{(pid=69148) stat_writer /opt/stack/data/venv/lib/python3.12/site-packages/dbcounter.py:115}}
Aug 08 18:17:09.856326 np0000032516 devstack@n-api.service[69148]: DEBUG dbcounter [-] [69148] Writing DB stats nova_cell0:SELECT=1 {{(pid=69148) stat_writer /opt/stack/data/venv/lib/python3.12/site-packages/dbcounter.py:115}}
Aug 08 18:17:09.961000 np0000032516 devstack@n-api.service[69148]: DEBUG nova.api.openstack.wsgi [None req-5118de93-8bdc-42b5-84d6-b77e9b52cec5 admin admin] Calling method '<bound method FlavorsController.detail of <nova.api.openstack.compute.flavors.FlavorsController object at 0x762b456fa540>>' {{(pid=69148) _process_stack /opt/stack/nova/nova/api/openstack/wsgi.py:552}}
Aug 08 18:17:09.977011 np0000032516 devstack@n-api.service[69148]: INFO nova.api.openstack.requestlog [None req-5118de93-8bdc-42b5-84d6-b77e9b52cec5 admin admin] 192.168.1.126 "GET /compute/v2.1/flavors/detail?is_public=True" status: 200 len: 15 microversion: 2.61 time: 0.129137
Aug 08 18:17:09.977256 np0000032516 devstack@n-api.service[69148]: [pid: 69148|app: 0|req: 2/3] 192.168.1.126 () {68 vars in 1417 bytes} [Fri Aug  8 18:17:09 2025] GET /compute/v2.1/flavors/detail?is_public=True => generated 15 bytes in 130 msecs (HTTP/1.1 200) 9 headers in 358 bytes (1 switches on core 0)
Aug 08 18:17:10.055806 np0000032516 devstack@n-api.service[69149]: DEBUG dbcounter [-] [69149] Writing DB stats nova_api:SELECT=1 {{(pid=69149) stat_writer /opt/stack/data/venv/lib/python3.12/site-packages/dbcounter.py:115}}
Aug 08 18:17:10.056498 np0000032516 devstack@n-api.service[69149]: DEBUG dbcounter [-] [69149] Writing DB stats nova_cell0:SELECT=1 {{(pid=69149) stat_writer /opt/stack/data/venv/lib/python3.12/site-packages/dbcounter.py:115}}
Aug 08 18:17:10.056959 np0000032516 devstack@n-api.service[69149]: DEBUG dbcounter [-] [69149] Writing DB stats nova_cell1:SELECT=1 {{(pid=69149) stat_writer /opt/stack/data/venv/lib/python3.12/site-packages/dbcounter.py:115}}
Aug 08 18:17:10.057235 np0000032516 devstack@n-api.service[69149]: DEBUG dbcounter [-] [69149] Writing DB stats nova_cell0:SELECT=2,nova_cell0:INSERT=1 {{(pid=69149) stat_writer /opt/stack/data/venv/lib/python3.12/site-packages/dbcounter.py:115}}
Aug 08 18:17:10.115049 np0000032516 devstack@n-api.service[69149]: DEBUG nova.api.openstack.wsgi [None req-92497343-ccd3-4dd7-ad85-8db0662e14df admin admin] Action: 'create', calling method: <bound method FlavorsController.create of <nova.api.openstack.compute.flavors.FlavorsController object at 0x762b456ffbc0>>, body: {"flavor": {"os-flavor-access:is_public": true, "rxtx_factor": 1.0, "vcpus": 1, "disk": 1, "ram": 256, "swap": 0, "OS-FLV-EXT-DATA:ephemeral": 0, "id": "c1", "name": "cirros256"}} {{(pid=69149) _process_stack /opt/stack/nova/nova/api/openstack/wsgi.py:550}}
Aug 08 18:17:10.145206 np0000032516 devstack@n-api.service[69149]: INFO nova.api.openstack.requestlog [None req-92497343-ccd3-4dd7-ad85-8db0662e14df admin admin] 192.168.1.126 "POST /compute/v2.1/flavors" status: 200 len: 413 microversion: 2.61 time: 0.092788
Aug 08 18:17:10.145510 np0000032516 devstack@n-api.service[69149]: [pid: 69149|app: 0|req: 2/4] 192.168.1.126 () {72 vars in 1408 bytes} [Fri Aug  8 18:17:10 2025] POST /compute/v2.1/flavors => generated 413 bytes in 93 msecs (HTTP/1.1 200) 9 headers in 359 bytes (1 switches on core 0)
Aug 08 18:17:10.154079 np0000032516 devstack@n-api.service[69148]: DEBUG nova.api.openstack.wsgi [None req-a85c6a34-96ce-4b57-aa32-b79acf0fea84 admin admin] Action: 'create', calling method: <bound method FlavorExtraSpecsController.create of <nova.api.openstack.compute.flavors_extraspecs.FlavorExtraSpecsController object at 0x762b456fac90>>, body: {"extra_specs": {"hw_rng:allowed": "True"}} {{(pid=69148) _process_stack /opt/stack/nova/nova/api/openstack/wsgi.py:550}}
Aug 08 18:17:10.176780 np0000032516 devstack@n-api.service[69148]: INFO nova.api.openstack.requestlog [None req-a85c6a34-96ce-4b57-aa32-b79acf0fea84 admin admin] 192.168.1.126 "POST /compute/v2.1/flavors/c1/os-extra_specs" status: 200 len: 43 microversion: 2.61 time: 0.024685
Aug 08 18:17:10.177004 np0000032516 devstack@n-api.service[69148]: [pid: 69148|app: 0|req: 3/5] 192.168.1.126 () {72 vars in 1461 bytes} [Fri Aug  8 18:17:10 2025] POST /compute/v2.1/flavors/c1/os-extra_specs => generated 43 bytes in 25 msecs (HTTP/1.1 200) 9 headers in 358 bytes (1 switches on core 0)
Aug 08 18:17:10.265080 np0000032516 devstack@n-api.service[69149]: DEBUG nova.api.openstack.wsgi [None req-052633e8-5887-4c2b-85b3-1dbfe5873b80 admin admin] Action: 'create', calling method: <bound method FlavorsController.create of <nova.api.openstack.compute.flavors.FlavorsController object at 0x762b456ffbc0>>, body: {"flavor": {"os-flavor-access:is_public": true, "rxtx_factor": 1.0, "vcpus": 1, "disk": 5, "ram": 512, "swap": 0, "OS-FLV-EXT-DATA:ephemeral": 0, "id": "d1", "name": "ds512M"}} {{(pid=69149) _process_stack /opt/stack/nova/nova/api/openstack/wsgi.py:550}}
Aug 08 18:17:10.277665 np0000032516 devstack@n-api.service[69149]: INFO nova.api.openstack.requestlog [None req-052633e8-5887-4c2b-85b3-1dbfe5873b80 admin admin] 192.168.1.126 "POST /compute/v2.1/flavors" status: 200 len: 410 microversion: 2.61 time: 0.014758
Aug 08 18:17:10.278270 np0000032516 devstack@n-api.service[69149]: [pid: 69149|app: 0|req: 3/6] 192.168.1.126 () {72 vars in 1408 bytes} [Fri Aug  8 18:17:10 2025] POST /compute/v2.1/flavors => generated 410 bytes in 15 msecs (HTTP/1.1 200) 9 headers in 359 bytes (1 switches on core 0)
Aug 08 18:17:10.290802 np0000032516 devstack@n-api.service[69148]: DEBUG nova.api.openstack.wsgi [None req-3e33a21b-1620-435b-bdd8-9d3d4b36bea8 admin admin] Action: 'create', calling method: <bound method FlavorExtraSpecsController.create of <nova.api.openstack.compute.flavors_extraspecs.FlavorExtraSpecsController object at 0x762b456fac90>>, body: {"extra_specs": {"hw_rng:allowed": "True"}} {{(pid=69148) _process_stack /opt/stack/nova/nova/api/openstack/wsgi.py:550}}
Aug 08 18:17:10.309942 np0000032516 devstack@n-api.service[69148]: INFO nova.api.openstack.requestlog [None req-3e33a21b-1620-435b-bdd8-9d3d4b36bea8 admin admin] 192.168.1.126 "POST /compute/v2.1/flavors/d1/os-extra_specs" status: 200 len: 43 microversion: 2.61 time: 0.020617
Aug 08 18:17:10.311501 np0000032516 devstack@n-api.service[69148]: [pid: 69148|app: 0|req: 4/7] 192.168.1.126 () {72 vars in 1461 bytes} [Fri Aug  8 18:17:10 2025] POST /compute/v2.1/flavors/d1/os-extra_specs => generated 43 bytes in 21 msecs (HTTP/1.1 200) 9 headers in 358 bytes (1 switches on core 0)
Aug 08 18:17:10.396583 np0000032516 devstack@n-api.service[69149]: DEBUG nova.api.openstack.wsgi [None req-05c2aa90-20e1-434e-a504-c017a4c0783f admin admin] Action: 'create', calling method: <bound method FlavorsController.create of <nova.api.openstack.compute.flavors.FlavorsController object at 0x762b456ffbc0>>, body: {"flavor": {"os-flavor-access:is_public": true, "rxtx_factor": 1.0, "vcpus": 1, "disk": 10, "ram": 1024, "swap": 0, "OS-FLV-EXT-DATA:ephemeral": 0, "id": "d2", "name": "ds1G"}} {{(pid=69149) _process_stack /opt/stack/nova/nova/api/openstack/wsgi.py:550}}
Aug 08 18:17:10.410053 np0000032516 devstack@n-api.service[69149]: INFO nova.api.openstack.requestlog [None req-05c2aa90-20e1-434e-a504-c017a4c0783f admin admin] 192.168.1.126 "POST /compute/v2.1/flavors" status: 200 len: 410 microversion: 2.61 time: 0.017354
Aug 08 18:17:10.410336 np0000032516 devstack@n-api.service[69149]: [pid: 69149|app: 0|req: 4/8] 192.168.1.126 () {72 vars in 1408 bytes} [Fri Aug  8 18:17:10 2025] POST /compute/v2.1/flavors => generated 410 bytes in 18 msecs (HTTP/1.1 200) 9 headers in 359 bytes (1 switches on core 0)
Aug 08 18:17:10.420423 np0000032516 devstack@n-api.service[69148]: DEBUG nova.api.openstack.wsgi [None req-91d22b1a-3497-4558-8ba5-a92917f19873 admin admin] Action: 'create', calling method: <bound method FlavorExtraSpecsController.create of <nova.api.openstack.compute.flavors_extraspecs.FlavorExtraSpecsController object at 0x762b456fac90>>, body: {"extra_specs": {"hw_rng:allowed": "True"}} {{(pid=69148) _process_stack /opt/stack/nova/nova/api/openstack/wsgi.py:550}}
Aug 08 18:17:10.430731 np0000032516 devstack@n-api.service[69148]: INFO nova.api.openstack.requestlog [None req-91d22b1a-3497-4558-8ba5-a92917f19873 admin admin] 192.168.1.126 "POST /compute/v2.1/flavors/d2/os-extra_specs" status: 200 len: 43 microversion: 2.61 time: 0.012708
Aug 08 18:17:10.430731 np0000032516 devstack@n-api.service[69148]: [pid: 69148|app: 0|req: 5/9] 192.168.1.126 () {72 vars in 1461 bytes} [Fri Aug  8 18:17:10 2025] POST /compute/v2.1/flavors/d2/os-extra_specs => generated 43 bytes in 13 msecs (HTTP/1.1 200) 9 headers in 358 bytes (1 switches on core 0)
Aug 08 18:17:10.513619 np0000032516 devstack@n-api.service[69149]: DEBUG nova.api.openstack.wsgi [None req-828d6dfc-5d22-46ad-8926-34ac632766d8 admin admin] Action: 'create', calling method: <bound method FlavorsController.create of <nova.api.openstack.compute.flavors.FlavorsController object at 0x762b456ffbc0>>, body: {"flavor": {"os-flavor-access:is_public": true, "rxtx_factor": 1.0, "vcpus": 2, "disk": 10, "ram": 2048, "swap": 0, "OS-FLV-EXT-DATA:ephemeral": 0, "id": "d3", "name": "ds2G"}} {{(pid=69149) _process_stack /opt/stack/nova/nova/api/openstack/wsgi.py:550}}
Aug 08 18:17:10.522015 np0000032516 devstack@n-api.service[69149]: INFO nova.api.openstack.requestlog [None req-828d6dfc-5d22-46ad-8926-34ac632766d8 admin admin] 192.168.1.126 "POST /compute/v2.1/flavors" status: 200 len: 410 microversion: 2.61 time: 0.012116
Aug 08 18:17:10.522340 np0000032516 devstack@n-api.service[69149]: [pid: 69149|app: 0|req: 5/10] 192.168.1.126 () {72 vars in 1408 bytes} [Fri Aug  8 18:17:10 2025] POST /compute/v2.1/flavors => generated 410 bytes in 12 msecs (HTTP/1.1 200) 9 headers in 359 bytes (1 switches on core 0)
Aug 08 18:17:10.530566 np0000032516 devstack@n-api.service[69148]: DEBUG nova.api.openstack.wsgi [None req-5cbaaf80-3e20-45fb-8616-726f15bd01ae admin admin] Action: 'create', calling method: <bound method FlavorExtraSpecsController.create of <nova.api.openstack.compute.flavors_extraspecs.FlavorExtraSpecsController object at 0x762b456fac90>>, body: {"extra_specs": {"hw_rng:allowed": "True"}} {{(pid=69148) _process_stack /opt/stack/nova/nova/api/openstack/wsgi.py:550}}
Aug 08 18:17:10.541511 np0000032516 devstack@n-api.service[69148]: INFO nova.api.openstack.requestlog [None req-5cbaaf80-3e20-45fb-8616-726f15bd01ae admin admin] 192.168.1.126 "POST /compute/v2.1/flavors/d3/os-extra_specs" status: 200 len: 43 microversion: 2.61 time: 0.012955
Aug 08 18:17:10.541734 np0000032516 devstack@n-api.service[69148]: [pid: 69148|app: 0|req: 6/11] 192.168.1.126 () {72 vars in 1461 bytes} [Fri Aug  8 18:17:10 2025] POST /compute/v2.1/flavors/d3/os-extra_specs => generated 43 bytes in 13 msecs (HTTP/1.1 200) 9 headers in 358 bytes (1 switches on core 0)
Aug 08 18:17:10.626936 np0000032516 devstack@n-api.service[69149]: DEBUG nova.api.openstack.wsgi [None req-68ccf2c8-8733-4671-b7dd-7772e48ac9f2 admin admin] Action: 'create', calling method: <bound method FlavorsController.create of <nova.api.openstack.compute.flavors.FlavorsController object at 0x762b456ffbc0>>, body: {"flavor": {"os-flavor-access:is_public": true, "rxtx_factor": 1.0, "vcpus": 4, "disk": 20, "ram": 4096, "swap": 0, "OS-FLV-EXT-DATA:ephemeral": 0, "id": "d4", "name": "ds4G"}} {{(pid=69149) _process_stack /opt/stack/nova/nova/api/openstack/wsgi.py:550}}
Aug 08 18:17:10.637123 np0000032516 devstack@n-api.service[69149]: INFO nova.api.openstack.requestlog [None req-68ccf2c8-8733-4671-b7dd-7772e48ac9f2 admin admin] 192.168.1.126 "POST /compute/v2.1/flavors" status: 200 len: 410 microversion: 2.61 time: 0.011674
Aug 08 18:17:10.637342 np0000032516 devstack@n-api.service[69149]: [pid: 69149|app: 0|req: 6/12] 192.168.1.126 () {72 vars in 1408 bytes} [Fri Aug  8 18:17:10 2025] POST /compute/v2.1/flavors => generated 410 bytes in 12 msecs (HTTP/1.1 200) 9 headers in 359 bytes (1 switches on core 0)
Aug 08 18:17:10.648423 np0000032516 devstack@n-api.service[69148]: DEBUG nova.api.openstack.wsgi [None req-64f02e78-11e6-4884-93f0-0ff58b887f39 admin admin] Action: 'create', calling method: <bound method FlavorExtraSpecsController.create of <nova.api.openstack.compute.flavors_extraspecs.FlavorExtraSpecsController object at 0x762b456fac90>>, body: {"extra_specs": {"hw_rng:allowed": "True"}} {{(pid=69148) _process_stack /opt/stack/nova/nova/api/openstack/wsgi.py:550}}
Aug 08 18:17:10.655951 np0000032516 devstack@n-api.service[69148]: INFO nova.api.openstack.requestlog [None req-64f02e78-11e6-4884-93f0-0ff58b887f39 admin admin] 192.168.1.126 "POST /compute/v2.1/flavors/d4/os-extra_specs" status: 200 len: 43 microversion: 2.61 time: 0.012758
Aug 08 18:17:10.656191 np0000032516 devstack@n-api.service[69148]: [pid: 69148|app: 0|req: 7/13] 192.168.1.126 () {72 vars in 1461 bytes} [Fri Aug  8 18:17:10 2025] POST /compute/v2.1/flavors/d4/os-extra_specs => generated 43 bytes in 13 msecs (HTTP/1.1 200) 9 headers in 358 bytes (1 switches on core 0)
Aug 08 18:17:10.737392 np0000032516 devstack@n-api.service[69149]: DEBUG nova.api.openstack.wsgi [None req-1f12b6ac-77e9-4c45-a8ef-5f7f4701fc83 admin admin] Calling method '<bound method FlavorsController.detail of <nova.api.openstack.compute.flavors.FlavorsController object at 0x762b456ffd10>>' {{(pid=69149) _process_stack /opt/stack/nova/nova/api/openstack/wsgi.py:552}}
Aug 08 18:17:10.755933 np0000032516 devstack@n-api.service[69149]: INFO nova.api.openstack.requestlog [None req-1f12b6ac-77e9-4c45-a8ef-5f7f4701fc83 admin admin] 192.168.1.126 "GET /compute/v2.1/flavors/detail?is_public=True" status: 200 len: 2136 microversion: 2.61 time: 0.019843
Aug 08 18:17:10.756339 np0000032516 devstack@n-api.service[69149]: [pid: 69149|app: 0|req: 7/14] 192.168.1.126 () {68 vars in 1417 bytes} [Fri Aug  8 18:17:10 2025] GET /compute/v2.1/flavors/detail?is_public=True => generated 2136 bytes in 20 msecs (HTTP/1.1 200) 9 headers in 360 bytes (1 switches on core 0)
Aug 08 18:17:10.845483 np0000032516 devstack@n-api.service[69148]: DEBUG nova.api.openstack.wsgi [None req-29829325-0709-49c7-b8a0-822354f92621 admin admin] Action: 'create', calling method: <bound method FlavorsController.create of <nova.api.openstack.compute.flavors.FlavorsController object at 0x762b456fa3f0>>, body: {"flavor": {"os-flavor-access:is_public": true, "rxtx_factor": 1.0, "vcpus": 1, "disk": 1, "ram": 512, "swap": 0, "OS-FLV-EXT-DATA:ephemeral": 0, "id": "1", "name": "m1.tiny"}} {{(pid=69148) _process_stack /opt/stack/nova/nova/api/openstack/wsgi.py:550}}
Aug 08 18:17:10.866754 np0000032516 devstack@n-api.service[69148]: INFO nova.api.openstack.requestlog [None req-29829325-0709-49c7-b8a0-822354f92621 admin admin] 192.168.1.126 "POST /compute/v2.1/flavors" status: 200 len: 408 microversion: 2.61 time: 0.022753
Aug 08 18:17:10.867029 np0000032516 devstack@n-api.service[69148]: [pid: 69148|app: 0|req: 8/15] 192.168.1.126 () {72 vars in 1408 bytes} [Fri Aug  8 18:17:10 2025] POST /compute/v2.1/flavors => generated 408 bytes in 23 msecs (HTTP/1.1 200) 9 headers in 359 bytes (1 switches on core 0)
Aug 08 18:17:10.876351 np0000032516 devstack@n-api.service[69149]: DEBUG nova.api.openstack.wsgi [None req-8b5bb4e1-b8b4-42a9-a21e-d88d0bd80dc6 admin admin] Action: 'create', calling method: <bound method FlavorExtraSpecsController.create of <nova.api.openstack.compute.flavors_extraspecs.FlavorExtraSpecsController object at 0x762b455244a0>>, body: {"extra_specs": {"hw_rng:allowed": "True"}} {{(pid=69149) _process_stack /opt/stack/nova/nova/api/openstack/wsgi.py:550}}
Aug 08 18:17:10.894732 np0000032516 devstack@n-api.service[69149]: INFO nova.api.openstack.requestlog [None req-8b5bb4e1-b8b4-42a9-a21e-d88d0bd80dc6 admin admin] 192.168.1.126 "POST /compute/v2.1/flavors/1/os-extra_specs" status: 200 len: 43 microversion: 2.61 time: 0.019889
Aug 08 18:17:10.894981 np0000032516 devstack@n-api.service[69149]: [pid: 69149|app: 0|req: 8/16] 192.168.1.126 () {72 vars in 1458 bytes} [Fri Aug  8 18:17:10 2025] POST /compute/v2.1/flavors/1/os-extra_specs => generated 43 bytes in 20 msecs (HTTP/1.1 200) 9 headers in 358 bytes (1 switches on core 0)
Aug 08 18:17:10.971738 np0000032516 devstack@n-api.service[69148]: DEBUG nova.api.openstack.wsgi [None req-39e33430-0fed-406a-99e9-34672c2735be admin admin] Action: 'create', calling method: <bound method FlavorsController.create of <nova.api.openstack.compute.flavors.FlavorsController object at 0x762b456fa3f0>>, body: {"flavor": {"os-flavor-access:is_public": true, "rxtx_factor": 1.0, "vcpus": 1, "disk": 20, "ram": 2048, "swap": 0, "OS-FLV-EXT-DATA:ephemeral": 0, "id": "2", "name": "m1.small"}} {{(pid=69148) _process_stack /opt/stack/nova/nova/api/openstack/wsgi.py:550}}
Aug 08 18:17:10.982163 np0000032516 devstack@n-api.service[69148]: INFO nova.api.openstack.requestlog [None req-39e33430-0fed-406a-99e9-34672c2735be admin admin] 192.168.1.126 "POST /compute/v2.1/flavors" status: 200 len: 411 microversion: 2.61 time: 0.011873
Aug 08 18:17:10.982412 np0000032516 devstack@n-api.service[69148]: [pid: 69148|app: 0|req: 9/17] 192.168.1.126 () {72 vars in 1408 bytes} [Fri Aug  8 18:17:10 2025] POST /compute/v2.1/flavors => generated 411 bytes in 12 msecs (HTTP/1.1 200) 9 headers in 359 bytes (1 switches on core 0)
Aug 08 18:17:10.989851 np0000032516 devstack@n-api.service[69149]: DEBUG nova.api.openstack.wsgi [None req-6ea0beb7-630f-4b2c-8935-67841117b0a5 admin admin] Action: 'create', calling method: <bound method FlavorExtraSpecsController.create of <nova.api.openstack.compute.flavors_extraspecs.FlavorExtraSpecsController object at 0x762b455244a0>>, body: {"extra_specs": {"hw_rng:allowed": "True"}} {{(pid=69149) _process_stack /opt/stack/nova/nova/api/openstack/wsgi.py:550}}
Aug 08 18:17:11.002129 np0000032516 devstack@n-api.service[69149]: INFO nova.api.openstack.requestlog [None req-6ea0beb7-630f-4b2c-8935-67841117b0a5 admin admin] 192.168.1.126 "POST /compute/v2.1/flavors/2/os-extra_specs" status: 200 len: 43 microversion: 2.61 time: 0.013688
Aug 08 18:17:11.002366 np0000032516 devstack@n-api.service[69149]: [pid: 69149|app: 0|req: 9/18] 192.168.1.126 () {72 vars in 1458 bytes} [Fri Aug  8 18:17:10 2025] POST /compute/v2.1/flavors/2/os-extra_specs => generated 43 bytes in 14 msecs (HTTP/1.1 200) 9 headers in 358 bytes (1 switches on core 0)
Aug 08 18:17:11.078611 np0000032516 devstack@n-api.service[69148]: DEBUG nova.api.openstack.wsgi [None req-203d580f-9674-4a40-bf56-1a4bffe0f282 admin admin] Action: 'create', calling method: <bound method FlavorsController.create of <nova.api.openstack.compute.flavors.FlavorsController object at 0x762b456fa3f0>>, body: {"flavor": {"os-flavor-access:is_public": true, "rxtx_factor": 1.0, "vcpus": 2, "disk": 40, "ram": 4096, "swap": 0, "OS-FLV-EXT-DATA:ephemeral": 0, "id": "3", "name": "m1.medium"}} {{(pid=69148) _process_stack /opt/stack/nova/nova/api/openstack/wsgi.py:550}}
Aug 08 18:17:11.089537 np0000032516 devstack@n-api.service[69148]: INFO nova.api.openstack.requestlog [None req-203d580f-9674-4a40-bf56-1a4bffe0f282 admin admin] 192.168.1.126 "POST /compute/v2.1/flavors" status: 200 len: 412 microversion: 2.61 time: 0.012365
Aug 08 18:17:11.089770 np0000032516 devstack@n-api.service[69148]: [pid: 69148|app: 0|req: 10/19] 192.168.1.126 () {72 vars in 1408 bytes} [Fri Aug  8 18:17:11 2025] POST /compute/v2.1/flavors => generated 412 bytes in 13 msecs (HTTP/1.1 200) 9 headers in 359 bytes (1 switches on core 0)
Aug 08 18:17:11.097213 np0000032516 devstack@n-api.service[69149]: DEBUG nova.api.openstack.wsgi [None req-71a75c42-275b-4be5-88c0-365894217dd5 admin admin] Action: 'create', calling method: <bound method FlavorExtraSpecsController.create of <nova.api.openstack.compute.flavors_extraspecs.FlavorExtraSpecsController object at 0x762b455244a0>>, body: {"extra_specs": {"hw_rng:allowed": "True"}} {{(pid=69149) _process_stack /opt/stack/nova/nova/api/openstack/wsgi.py:550}}
Aug 08 18:17:11.110714 np0000032516 devstack@n-api.service[69149]: INFO nova.api.openstack.requestlog [None req-71a75c42-275b-4be5-88c0-365894217dd5 admin admin] 192.168.1.126 "POST /compute/v2.1/flavors/3/os-extra_specs" status: 200 len: 43 microversion: 2.61 time: 0.014879
Aug 08 18:17:11.110939 np0000032516 devstack@n-api.service[69149]: [pid: 69149|app: 0|req: 10/20] 192.168.1.126 () {72 vars in 1458 bytes} [Fri Aug  8 18:17:11 2025] POST /compute/v2.1/flavors/3/os-extra_specs => generated 43 bytes in 15 msecs (HTTP/1.1 200) 9 headers in 358 bytes (1 switches on core 0)
Aug 08 18:17:11.188465 np0000032516 devstack@n-api.service[69148]: DEBUG nova.api.openstack.wsgi [None req-c504df4e-cf8f-41a8-be4f-2a50c685f8a1 admin admin] Action: 'create', calling method: <bound method FlavorsController.create of <nova.api.openstack.compute.flavors.FlavorsController object at 0x762b456fa3f0>>, body: {"flavor": {"os-flavor-access:is_public": true, "rxtx_factor": 1.0, "vcpus": 4, "disk": 80, "ram": 8192, "swap": 0, "OS-FLV-EXT-DATA:ephemeral": 0, "id": "4", "name": "m1.large"}} {{(pid=69148) _process_stack /opt/stack/nova/nova/api/openstack/wsgi.py:550}}
Aug 08 18:17:11.199320 np0000032516 devstack@n-api.service[69148]: INFO nova.api.openstack.requestlog [None req-c504df4e-cf8f-41a8-be4f-2a50c685f8a1 admin admin] 192.168.1.126 "POST /compute/v2.1/flavors" status: 200 len: 411 microversion: 2.61 time: 0.012311
Aug 08 18:17:11.199559 np0000032516 devstack@n-api.service[69148]: [pid: 69148|app: 0|req: 11/21] 192.168.1.126 () {72 vars in 1408 bytes} [Fri Aug  8 18:17:11 2025] POST /compute/v2.1/flavors => generated 411 bytes in 13 msecs (HTTP/1.1 200) 9 headers in 359 bytes (1 switches on core 0)
Aug 08 18:17:11.207028 np0000032516 devstack@n-api.service[69149]: DEBUG nova.api.openstack.wsgi [None req-3d0c64c3-dcbd-4b5c-873c-612344b3aac3 admin admin] Action: 'create', calling method: <bound method FlavorExtraSpecsController.create of <nova.api.openstack.compute.flavors_extraspecs.FlavorExtraSpecsController object at 0x762b455244a0>>, body: {"extra_specs": {"hw_rng:allowed": "True"}} {{(pid=69149) _process_stack /opt/stack/nova/nova/api/openstack/wsgi.py:550}}
Aug 08 18:17:11.219323 np0000032516 devstack@n-api.service[69149]: INFO nova.api.openstack.requestlog [None req-3d0c64c3-dcbd-4b5c-873c-612344b3aac3 admin admin] 192.168.1.126 "POST /compute/v2.1/flavors/4/os-extra_specs" status: 200 len: 43 microversion: 2.61 time: 0.013765
Aug 08 18:17:11.219691 np0000032516 devstack@n-api.service[69149]: [pid: 69149|app: 0|req: 11/22] 192.168.1.126 () {72 vars in 1458 bytes} [Fri Aug  8 18:17:11 2025] POST /compute/v2.1/flavors/4/os-extra_specs => generated 43 bytes in 14 msecs (HTTP/1.1 200) 9 headers in 358 bytes (1 switches on core 0)
Aug 08 18:17:11.297302 np0000032516 devstack@n-api.service[69148]: DEBUG nova.api.openstack.wsgi [None req-f4eae4be-cd6f-4dd0-801d-4b812dc3a9ee admin admin] Action: 'create', calling method: <bound method FlavorsController.create of <nova.api.openstack.compute.flavors.FlavorsController object at 0x762b456fa3f0>>, body: {"flavor": {"os-flavor-access:is_public": true, "rxtx_factor": 1.0, "vcpus": 8, "disk": 160, "ram": 16384, "swap": 0, "OS-FLV-EXT-DATA:ephemeral": 0, "id": "5", "name": "m1.xlarge"}} {{(pid=69148) _process_stack /opt/stack/nova/nova/api/openstack/wsgi.py:550}}
Aug 08 18:17:11.308821 np0000032516 devstack@n-api.service[69148]: INFO nova.api.openstack.requestlog [None req-f4eae4be-cd6f-4dd0-801d-4b812dc3a9ee admin admin] 192.168.1.126 "POST /compute/v2.1/flavors" status: 200 len: 414 microversion: 2.61 time: 0.013047
Aug 08 18:17:11.309352 np0000032516 devstack@n-api.service[69148]: [pid: 69148|app: 0|req: 12/23] 192.168.1.126 () {72 vars in 1408 bytes} [Fri Aug  8 18:17:11 2025] POST /compute/v2.1/flavors => generated 414 bytes in 14 msecs (HTTP/1.1 200) 9 headers in 359 bytes (1 switches on core 0)
Aug 08 18:17:11.318045 np0000032516 devstack@n-api.service[69149]: DEBUG nova.api.openstack.wsgi [None req-d9e54e33-9bff-4857-ab5c-057f6bfe2e0b admin admin] Action: 'create', calling method: <bound method FlavorExtraSpecsController.create of <nova.api.openstack.compute.flavors_extraspecs.FlavorExtraSpecsController object at 0x762b455244a0>>, body: {"extra_specs": {"hw_rng:allowed": "True"}} {{(pid=69149) _process_stack /opt/stack/nova/nova/api/openstack/wsgi.py:550}}
Aug 08 18:17:11.331183 np0000032516 devstack@n-api.service[69149]: INFO nova.api.openstack.requestlog [None req-d9e54e33-9bff-4857-ab5c-057f6bfe2e0b admin admin] 192.168.1.126 "POST /compute/v2.1/flavors/5/os-extra_specs" status: 200 len: 43 microversion: 2.61 time: 0.014575
Aug 08 18:17:11.331435 np0000032516 devstack@n-api.service[69149]: [pid: 69149|app: 0|req: 12/24] 192.168.1.126 () {72 vars in 1458 bytes} [Fri Aug  8 18:17:11 2025] POST /compute/v2.1/flavors/5/os-extra_specs => generated 43 bytes in 15 msecs (HTTP/1.1 200) 9 headers in 358 bytes (1 switches on core 0)
Aug 08 18:17:22.131515 np0000032516 devstack@n-api.service[69148]: DEBUG nova.api.openstack.wsgi [None req-bda92c70-7cab-43d6-8fec-c581263cead6 admin admin] Calling method '<bound method FlavorsController.detail of <nova.api.openstack.compute.flavors.FlavorsController object at 0x762b456fa540>>' {{(pid=69148) _process_stack /opt/stack/nova/nova/api/openstack/wsgi.py:552}}
Aug 08 18:17:22.134606 np0000032516 devstack@n-api.service[69148]: DEBUG dbcounter [-] [69148] Writing DB stats nova_api:SELECT=21,nova_api:SAVEPOINT=5,nova_api:INSERT=10,nova_api:RELEASE=5 {{(pid=69148) stat_writer /opt/stack/data/venv/lib/python3.12/site-packages/dbcounter.py:115}}
Aug 08 18:17:22.142565 np0000032516 devstack@n-api.service[69148]: INFO nova.api.openstack.requestlog [None req-bda92c70-7cab-43d6-8fec-c581263cead6 admin admin] 192.168.1.126 "GET /compute/v2.1/flavors/detail?is_public=True" status: 200 len: 4262 microversion: 2.61 time: 0.012457
Aug 08 18:17:22.142838 np0000032516 devstack@n-api.service[69148]: [pid: 69148|app: 0|req: 13/25] 192.168.1.126 () {68 vars in 1417 bytes} [Fri Aug  8 18:17:22 2025] GET /compute/v2.1/flavors/detail?is_public=True => generated 4262 bytes in 13 msecs (HTTP/1.1 200) 9 headers in 360 bytes (1 switches on core 0)
Aug 08 18:17:22.240787 np0000032516 devstack@n-api.service[69149]: DEBUG nova.api.openstack.wsgi [None req-45b9c2d5-bc6c-4514-b896-00377ca990d1 admin admin] Action: 'create', calling method: <bound method FlavorsController.create of <nova.api.openstack.compute.flavors.FlavorsController object at 0x762b456ffbc0>>, body: {"flavor": {"os-flavor-access:is_public": true, "rxtx_factor": 1.0, "vcpus": 1, "disk": 5, "ram": 1024, "swap": 0, "OS-FLV-EXT-DATA:ephemeral": 0, "id": "100", "name": "manila-service-flavor"}} {{(pid=69149) _process_stack /opt/stack/nova/nova/api/openstack/wsgi.py:550}}
Aug 08 18:17:22.244532 np0000032516 devstack@n-api.service[69149]: DEBUG dbcounter [-] [69149] Writing DB stats nova_api:INSERT=10,nova_api:SELECT=21,nova_api:SAVEPOINT=5,nova_api:RELEASE=5 {{(pid=69149) stat_writer /opt/stack/data/venv/lib/python3.12/site-packages/dbcounter.py:115}}
Aug 08 18:17:22.252526 np0000032516 devstack@n-api.service[69149]: INFO nova.api.openstack.requestlog [None req-45b9c2d5-bc6c-4514-b896-00377ca990d1 admin admin] 192.168.1.126 "POST /compute/v2.1/flavors" status: 200 len: 429 microversion: 2.61 time: 0.013180
Aug 08 18:17:22.252760 np0000032516 devstack@n-api.service[69149]: [pid: 69149|app: 0|req: 13/26] 192.168.1.126 () {72 vars in 1408 bytes} [Fri Aug  8 18:17:22 2025] POST /compute/v2.1/flavors => generated 429 bytes in 13 msecs (HTTP/1.1 200) 9 headers in 359 bytes (1 switches on core 0)
Aug 08 18:20:57.065890 np0000032516 devstack@n-api.service[69148]: DEBUG nova.api.openstack.wsgi [None req-24df3a80-41df-403c-b607-5df4f38312ce admin admin] Calling method '<bound method KeypairController.index of <nova.api.openstack.compute.keypairs.KeypairController object at 0x762b455ad7c0>>' {{(pid=69148) _process_stack /opt/stack/nova/nova/api/openstack/wsgi.py:552}}
Aug 08 18:20:57.067736 np0000032516 devstack@n-api.service[69148]: WARNING oslo_db.sqlalchemy.utils [None req-24df3a80-41df-403c-b607-5df4f38312ce admin admin] Unique keys not in sort_keys. The sorting order may be unstable.
Aug 08 18:20:57.073108 np0000032516 devstack@n-api.service[69148]: INFO nova.api.openstack.requestlog [None req-24df3a80-41df-403c-b607-5df4f38312ce admin admin] 192.168.1.126 "GET /compute/v2.1/os-keypairs" status: 200 len: 16 microversion: 2.10 time: 0.009425
Aug 08 18:20:57.073394 np0000032516 devstack@n-api.service[69148]: [pid: 69148|app: 0|req: 14/27] 192.168.1.126 () {68 vars in 1379 bytes} [Fri Aug  8 18:20:57 2025] GET /compute/v2.1/os-keypairs => generated 16 bytes in 10 msecs (HTTP/1.1 200) 9 headers in 358 bytes (1 switches on core 0)
Aug 08 18:20:57.163733 np0000032516 devstack@n-api.service[69149]: DEBUG nova.api.openstack.wsgi [None req-cbb866bb-54b5-444a-9c1f-f4dccc8d71a8 admin admin] Action: 'create', calling method: <bound method KeypairController.create of <nova.api.openstack.compute.keypairs.KeypairController object at 0x762b455b3170>>, body: {"keypair": {"name": "manila-service", "public_key": "ecdsa-sha2-nistp256 AAAAE2VjZHNhLXNoYTItbmlzdHAyNTYAAAAIbmlzdHAyNTYAAABBBPnmHK96jkXdR03akHoKnPaikCR4JNIlHZ1UjKnaxRbg7LUIXKf69dVpUR7iDC6YPCERj4zYt2S/oryFrinOB4Y= stack@np0000032516\n"}} {{(pid=69149) _process_stack /opt/stack/nova/nova/api/openstack/wsgi.py:550}}
Aug 08 18:20:57.176372 np0000032516 devstack@n-api.service[69149]: DEBUG nova.quota [None req-cbb866bb-54b5-444a-9c1f-f4dccc8d71a8 admin admin] Getting quotas for project 53f07d73d2fe48e1a038c3299684ac85. Resources: {'key_pairs'} {{(pid=69149) _get_quotas /opt/stack/nova/nova/quota.py:392}}
Aug 08 18:20:57.178844 np0000032516 devstack@n-api.service[69149]: DEBUG nova.quota [None req-cbb866bb-54b5-444a-9c1f-f4dccc8d71a8 admin admin] Getting quotas for user b71296e206a5420e929147d99fef72dc and project 53f07d73d2fe48e1a038c3299684ac85. Resources: {'key_pairs'} {{(pid=69149) _get_quotas /opt/stack/nova/nova/quota.py:382}}
Aug 08 18:20:57.200663 np0000032516 devstack@n-api.service[69149]: INFO nova.api.openstack.requestlog [None req-cbb866bb-54b5-444a-9c1f-f4dccc8d71a8 admin admin] 192.168.1.126 "POST /compute/v2.1/os-keypairs" status: 201 len: 366 microversion: 2.10 time: 0.039106
Aug 08 18:20:57.200919 np0000032516 devstack@n-api.service[69149]: [pid: 69149|app: 0|req: 14/28] 192.168.1.126 () {72 vars in 1420 bytes} [Fri Aug  8 18:20:57 2025] POST /compute/v2.1/os-keypairs => generated 366 bytes in 39 msecs (HTTP/1.1 201) 9 headers in 364 bytes (1 switches on core 0)
Aug 08 18:21:03.168882 np0000032516 devstack@n-api.service[69148]: DEBUG nova.api.openstack.wsgi [None req-1dc053db-2f10-4025-81cc-38dfcd56a5d8 admin admin] Calling method '<bound method ServiceController.index of <nova.api.openstack.compute.services.ServiceController object at 0x762b455ee840>>' {{(pid=69148) _process_stack /opt/stack/nova/nova/api/openstack/wsgi.py:552}}
Aug 08 18:21:03.170577 np0000032516 devstack@n-api.service[69148]: DEBUG oslo_concurrency.lockutils [None req-1dc053db-2f10-4025-81cc-38dfcd56a5d8 admin admin] Acquiring lock "00000000-0000-0000-0000-000000000000" by "nova.context.set_target_cell.<locals>.get_or_set_cached_cell_and_set_connections" {{(pid=69148) inner /opt/stack/data/venv/lib/python3.12/site-packages/oslo_concurrency/lockutils.py:405}}
Aug 08 18:21:03.170741 np0000032516 devstack@n-api.service[69148]: DEBUG oslo_concurrency.lockutils [None req-1dc053db-2f10-4025-81cc-38dfcd56a5d8 admin admin] Lock "00000000-0000-0000-0000-000000000000" acquired by "nova.context.set_target_cell.<locals>.get_or_set_cached_cell_and_set_connections" :: waited 0.000s {{(pid=69148) inner /opt/stack/data/venv/lib/python3.12/site-packages/oslo_concurrency/lockutils.py:410}}
Aug 08 18:21:03.170856 np0000032516 devstack@n-api.service[69148]: DEBUG oslo_concurrency.lockutils [None req-1dc053db-2f10-4025-81cc-38dfcd56a5d8 admin admin] Lock "00000000-0000-0000-0000-000000000000" "released" by "nova.context.set_target_cell.<locals>.get_or_set_cached_cell_and_set_connections" :: held 0.000s {{(pid=69148) inner /opt/stack/data/venv/lib/python3.12/site-packages/oslo_concurrency/lockutils.py:424}}
Aug 08 18:21:03.171258 np0000032516 devstack@n-api.service[69148]: DEBUG oslo_concurrency.lockutils [None req-1dc053db-2f10-4025-81cc-38dfcd56a5d8 admin admin] Acquiring lock "a02cf6f9-23a3-4f8e-9b2f-c50156aafbf2" by "nova.context.set_target_cell.<locals>.get_or_set_cached_cell_and_set_connections" {{(pid=69148) inner /opt/stack/data/venv/lib/python3.12/site-packages/oslo_concurrency/lockutils.py:405}}
Aug 08 18:21:03.171382 np0000032516 devstack@n-api.service[69148]: DEBUG oslo_concurrency.lockutils [None req-1dc053db-2f10-4025-81cc-38dfcd56a5d8 admin admin] Lock "a02cf6f9-23a3-4f8e-9b2f-c50156aafbf2" acquired by "nova.context.set_target_cell.<locals>.get_or_set_cached_cell_and_set_connections" :: waited 0.000s {{(pid=69148) inner /opt/stack/data/venv/lib/python3.12/site-packages/oslo_concurrency/lockutils.py:410}}
