Aug 18 13:33:38.092798 np0000032522 devstack@n-api.service[73980]: DEBUG nova.api.openstack.wsgi_app [-] oslo_messaging_rabbit.rabbit_transient_quorum_queue = False {{(pid=73980) log_opt_values /opt/stack/data/venv/lib/python3.10/site-packages/oslo_config/cfg.py:2824}}
Aug 18 13:33:38.092798 np0000032522 devstack@n-api.service[73980]: DEBUG nova.api.openstack.wsgi_app [-] oslo_messaging_rabbit.rpc_conn_pool_size = 30 {{(pid=73980) log_opt_values /opt/stack/data/venv/lib/python3.10/site-packages/oslo_config/cfg.py:2824}}
Aug 18 13:33:38.092798 np0000032522 devstack@n-api.service[73980]: DEBUG nova.api.openstack.wsgi_app [-] oslo_messaging_rabbit.ssl      = False {{(pid=73980) log_opt_values /opt/stack/data/venv/lib/python3.10/site-packages/oslo_config/cfg.py:2824}}
Aug 18 13:33:38.092798 np0000032522 devstack@n-api.service[73980]: DEBUG nova.api.openstack.wsgi_app [-] oslo_messaging_rabbit.ssl_ca_file =  {{(pid=73980) log_opt_values /opt/stack/data/venv/lib/python3.10/site-packages/oslo_config/cfg.py:2824}}
Aug 18 13:33:38.092798 np0000032522 devstack@n-api.service[73980]: DEBUG nova.api.openstack.wsgi_app [-] oslo_messaging_rabbit.ssl_cert_file =  {{(pid=73980) log_opt_values /opt/stack/data/venv/lib/python3.10/site-packages/oslo_config/cfg.py:2824}}
Aug 18 13:33:38.093206 np0000032522 devstack@n-api.service[73980]: DEBUG nova.api.openstack.wsgi_app [-] oslo_messaging_rabbit.ssl_enforce_fips_mode = False {{(pid=73980) log_opt_values /opt/stack/data/venv/lib/python3.10/site-packages/oslo_config/cfg.py:2824}}
Aug 18 13:33:38.093206 np0000032522 devstack@n-api.service[73980]: DEBUG nova.api.openstack.wsgi_app [-] oslo_messaging_rabbit.ssl_key_file =  {{(pid=73980) log_opt_values /opt/stack/data/venv/lib/python3.10/site-packages/oslo_config/cfg.py:2824}}
Aug 18 13:33:38.093206 np0000032522 devstack@n-api.service[73980]: DEBUG nova.api.openstack.wsgi_app [-] oslo_messaging_rabbit.ssl_version =  {{(pid=73980) log_opt_values /opt/stack/data/venv/lib/python3.10/site-packages/oslo_config/cfg.py:2824}}
Aug 18 13:33:38.093206 np0000032522 devstack@n-api.service[73980]: DEBUG nova.api.openstack.wsgi_app [-] oslo_messaging_rabbit.use_queue_manager = False {{(pid=73980) log_opt_values /opt/stack/data/venv/lib/python3.10/site-packages/oslo_config/cfg.py:2824}}
Aug 18 13:33:38.093206 np0000032522 devstack@n-api.service[73980]: DEBUG nova.api.openstack.wsgi_app [-] oslo_messaging_notifications.driver = ['messagingv2'] {{(pid=73980) log_opt_values /opt/stack/data/venv/lib/python3.10/site-packages/oslo_config/cfg.py:2824}}
Aug 18 13:33:38.093206 np0000032522 devstack@n-api.service[73980]: DEBUG nova.api.openstack.wsgi_app [-] oslo_messaging_notifications.retry = -1 {{(pid=73980) log_opt_values /opt/stack/data/venv/lib/python3.10/site-packages/oslo_config/cfg.py:2824}}
Aug 18 13:33:38.093206 np0000032522 devstack@n-api.service[73980]: DEBUG nova.api.openstack.wsgi_app [-] oslo_messaging_notifications.topics = ['notifications'] {{(pid=73980) log_opt_values /opt/stack/data/venv/lib/python3.10/site-packages/oslo_config/cfg.py:2824}}
Aug 18 13:33:38.093206 np0000032522 devstack@n-api.service[73980]: DEBUG nova.api.openstack.wsgi_app [-] oslo_messaging_notifications.transport_url = **** {{(pid=73980) log_opt_values /opt/stack/data/venv/lib/python3.10/site-packages/oslo_config/cfg.py:2824}}
Aug 18 13:33:38.093206 np0000032522 devstack@n-api.service[73980]: DEBUG nova.api.openstack.wsgi_app [-] oslo_reports.file_event_handler = None {{(pid=73980) log_opt_values /opt/stack/data/venv/lib/python3.10/site-packages/oslo_config/cfg.py:2824}}
Aug 18 13:33:38.093608 np0000032522 devstack@n-api.service[73980]: DEBUG nova.api.openstack.wsgi_app [-] oslo_reports.file_event_handler_interval = 1 {{(pid=73980) log_opt_values /opt/stack/data/venv/lib/python3.10/site-packages/oslo_config/cfg.py:2824}}
Aug 18 13:33:38.093608 np0000032522 devstack@n-api.service[73980]: DEBUG nova.api.openstack.wsgi_app [-] oslo_reports.log_dir           = None {{(pid=73980) log_opt_values /opt/stack/data/venv/lib/python3.10/site-packages/oslo_config/cfg.py:2824}}
Aug 18 13:33:38.093608 np0000032522 devstack@n-api.service[73980]: DEBUG nova.api.openstack.wsgi_app [-] ******************************************************************************** {{(pid=73980) log_opt_values /opt/stack/data/venv/lib/python3.10/site-packages/oslo_config/cfg.py:2828}}
Aug 18 13:33:38.111881 np0000032522 devstack@n-api.service[73981]: INFO dbcounter [None req-653f6732-5f19-4ea2-af1c-c8d13869cf85 None None] Registered counter for database nova_api
Aug 18 13:33:38.115135 np0000032522 devstack@n-api.service[73980]: INFO dbcounter [None req-9441ba29-a0c5-4c29-874d-b63c8e4751c1 None None] Registered counter for database nova_api
Aug 18 13:33:38.178427 np0000032522 devstack@n-api.service[73981]: DEBUG oslo_db.sqlalchemy.engines [None req-653f6732-5f19-4ea2-af1c-c8d13869cf85 None None] MySQL server mode set to STRICT_TRANS_TABLES,STRICT_ALL_TABLES,NO_ZERO_IN_DATE,NO_ZERO_DATE,ERROR_FOR_DIVISION_BY_ZERO,TRADITIONAL,NO_ENGINE_SUBSTITUTION {{(pid=73981) _check_effective_sql_mode /opt/stack/data/venv/lib/python3.10/site-packages/oslo_db/sqlalchemy/engines.py:397}}
Aug 18 13:33:38.181516 np0000032522 devstack@n-api.service[73980]: DEBUG oslo_db.sqlalchemy.engines [None req-9441ba29-a0c5-4c29-874d-b63c8e4751c1 None None] MySQL server mode set to STRICT_TRANS_TABLES,STRICT_ALL_TABLES,NO_ZERO_IN_DATE,NO_ZERO_DATE,ERROR_FOR_DIVISION_BY_ZERO,TRADITIONAL,NO_ENGINE_SUBSTITUTION {{(pid=73980) _check_effective_sql_mode /opt/stack/data/venv/lib/python3.10/site-packages/oslo_db/sqlalchemy/engines.py:397}}
Aug 18 13:33:38.203183 np0000032522 devstack@n-api.service[73981]: DEBUG dbcounter [-] [73981] Writer thread running {{(pid=73981) stat_writer /opt/stack/data/venv/lib/python3.10/site-packages/dbcounter.py:102}}
Aug 18 13:33:38.204915 np0000032522 devstack@n-api.service[73981]: DEBUG nova.context [None req-653f6732-5f19-4ea2-af1c-c8d13869cf85 None None] Found 2 cells: 00000000-0000-0000-0000-000000000000(cell0),cad91bd6-aa9e-454f-a39c-00c8ae5b5575(cell1) {{(pid=73981) load_cells /opt/stack/nova/nova/context.py:464}}
Aug 18 13:33:38.206433 np0000032522 devstack@n-api.service[73981]: DEBUG oslo_concurrency.lockutils [None req-653f6732-5f19-4ea2-af1c-c8d13869cf85 None None] Acquiring lock "00000000-0000-0000-0000-000000000000" by "nova.context.set_target_cell.<locals>.get_or_set_cached_cell_and_set_connections" {{(pid=73981) inner /opt/stack/data/venv/lib/python3.10/site-packages/oslo_concurrency/lockutils.py:405}}
Aug 18 13:33:38.206560 np0000032522 devstack@n-api.service[73980]: DEBUG dbcounter [-] [73980] Writer thread running {{(pid=73980) stat_writer /opt/stack/data/venv/lib/python3.10/site-packages/dbcounter.py:102}}
Aug 18 13:33:38.206615 np0000032522 devstack@n-api.service[73981]: DEBUG oslo_concurrency.lockutils [None req-653f6732-5f19-4ea2-af1c-c8d13869cf85 None None] Lock "00000000-0000-0000-0000-000000000000" acquired by "nova.context.set_target_cell.<locals>.get_or_set_cached_cell_and_set_connections" :: waited 0.000s {{(pid=73981) inner /opt/stack/data/venv/lib/python3.10/site-packages/oslo_concurrency/lockutils.py:410}}
Aug 18 13:33:38.206982 np0000032522 devstack@n-api.service[73981]: DEBUG oslo_concurrency.lockutils [None req-653f6732-5f19-4ea2-af1c-c8d13869cf85 None None] Lock "00000000-0000-0000-0000-000000000000" "released" by "nova.context.set_target_cell.<locals>.get_or_set_cached_cell_and_set_connections" :: held 0.000s {{(pid=73981) inner /opt/stack/data/venv/lib/python3.10/site-packages/oslo_concurrency/lockutils.py:424}}
Aug 18 13:33:38.207330 np0000032522 devstack@n-api.service[73981]: DEBUG oslo_concurrency.lockutils [None req-653f6732-5f19-4ea2-af1c-c8d13869cf85 None None] Acquiring lock "cad91bd6-aa9e-454f-a39c-00c8ae5b5575" by "nova.context.set_target_cell.<locals>.get_or_set_cached_cell_and_set_connections" {{(pid=73981) inner /opt/stack/data/venv/lib/python3.10/site-packages/oslo_concurrency/lockutils.py:405}}
Aug 18 13:33:38.207496 np0000032522 devstack@n-api.service[73981]: DEBUG oslo_concurrency.lockutils [None req-653f6732-5f19-4ea2-af1c-c8d13869cf85 None None] Lock "cad91bd6-aa9e-454f-a39c-00c8ae5b5575" acquired by "nova.context.set_target_cell.<locals>.get_or_set_cached_cell_and_set_connections" :: waited 0.000s {{(pid=73981) inner /opt/stack/data/venv/lib/python3.10/site-packages/oslo_concurrency/lockutils.py:410}}
Aug 18 13:33:38.208327 np0000032522 devstack@n-api.service[73980]: DEBUG nova.context [None req-9441ba29-a0c5-4c29-874d-b63c8e4751c1 None None] Found 2 cells: 00000000-0000-0000-0000-000000000000(cell0),cad91bd6-aa9e-454f-a39c-00c8ae5b5575(cell1) {{(pid=73980) load_cells /opt/stack/nova/nova/context.py:464}}
Aug 18 13:33:38.208546 np0000032522 devstack@n-api.service[73981]: DEBUG oslo_concurrency.lockutils [None req-653f6732-5f19-4ea2-af1c-c8d13869cf85 None None] Lock "cad91bd6-aa9e-454f-a39c-00c8ae5b5575" "released" by "nova.context.set_target_cell.<locals>.get_or_set_cached_cell_and_set_connections" :: held 0.001s {{(pid=73981) inner /opt/stack/data/venv/lib/python3.10/site-packages/oslo_concurrency/lockutils.py:424}}
Aug 18 13:33:38.209703 np0000032522 devstack@n-api.service[73981]: INFO dbcounter [None req-653f6732-5f19-4ea2-af1c-c8d13869cf85 None None] Registered counter for database nova_cell0
Aug 18 13:33:38.209828 np0000032522 devstack@n-api.service[73980]: DEBUG oslo_concurrency.lockutils [None req-9441ba29-a0c5-4c29-874d-b63c8e4751c1 None None] Acquiring lock "00000000-0000-0000-0000-000000000000" by "nova.context.set_target_cell.<locals>.get_or_set_cached_cell_and_set_connections" {{(pid=73980) inner /opt/stack/data/venv/lib/python3.10/site-packages/oslo_concurrency/lockutils.py:405}}
Aug 18 13:33:38.210010 np0000032522 devstack@n-api.service[73980]: DEBUG oslo_concurrency.lockutils [None req-9441ba29-a0c5-4c29-874d-b63c8e4751c1 None None] Lock "00000000-0000-0000-0000-000000000000" acquired by "nova.context.set_target_cell.<locals>.get_or_set_cached_cell_and_set_connections" :: waited 0.000s {{(pid=73980) inner /opt/stack/data/venv/lib/python3.10/site-packages/oslo_concurrency/lockutils.py:410}}
Aug 18 13:33:38.210395 np0000032522 devstack@n-api.service[73980]: DEBUG oslo_concurrency.lockutils [None req-9441ba29-a0c5-4c29-874d-b63c8e4751c1 None None] Lock "00000000-0000-0000-0000-000000000000" "released" by "nova.context.set_target_cell.<locals>.get_or_set_cached_cell_and_set_connections" :: held 0.000s {{(pid=73980) inner /opt/stack/data/venv/lib/python3.10/site-packages/oslo_concurrency/lockutils.py:424}}
Aug 18 13:33:38.210730 np0000032522 devstack@n-api.service[73980]: DEBUG oslo_concurrency.lockutils [None req-9441ba29-a0c5-4c29-874d-b63c8e4751c1 None None] Acquiring lock "cad91bd6-aa9e-454f-a39c-00c8ae5b5575" by "nova.context.set_target_cell.<locals>.get_or_set_cached_cell_and_set_connections" {{(pid=73980) inner /opt/stack/data/venv/lib/python3.10/site-packages/oslo_concurrency/lockutils.py:405}}
Aug 18 13:33:38.210881 np0000032522 devstack@n-api.service[73980]: DEBUG oslo_concurrency.lockutils [None req-9441ba29-a0c5-4c29-874d-b63c8e4751c1 None None] Lock "cad91bd6-aa9e-454f-a39c-00c8ae5b5575" acquired by "nova.context.set_target_cell.<locals>.get_or_set_cached_cell_and_set_connections" :: waited 0.000s {{(pid=73980) inner /opt/stack/data/venv/lib/python3.10/site-packages/oslo_concurrency/lockutils.py:410}}
Aug 18 13:33:38.211776 np0000032522 devstack@n-api.service[73981]: INFO dbcounter [None req-653f6732-5f19-4ea2-af1c-c8d13869cf85 None None] Registered counter for database nova_cell1
Aug 18 13:33:38.211844 np0000032522 devstack@n-api.service[73980]: DEBUG oslo_concurrency.lockutils [None req-9441ba29-a0c5-4c29-874d-b63c8e4751c1 None None] Lock "cad91bd6-aa9e-454f-a39c-00c8ae5b5575" "released" by "nova.context.set_target_cell.<locals>.get_or_set_cached_cell_and_set_connections" :: held 0.001s {{(pid=73980) inner /opt/stack/data/venv/lib/python3.10/site-packages/oslo_concurrency/lockutils.py:424}}
Aug 18 13:33:38.213020 np0000032522 devstack@n-api.service[73980]: INFO dbcounter [None req-9441ba29-a0c5-4c29-874d-b63c8e4751c1 None None] Registered counter for database nova_cell0
Aug 18 13:33:38.214616 np0000032522 devstack@n-api.service[73981]: DEBUG oslo_db.sqlalchemy.engines [None req-653f6732-5f19-4ea2-af1c-c8d13869cf85 None None] MySQL server mode set to STRICT_TRANS_TABLES,STRICT_ALL_TABLES,NO_ZERO_IN_DATE,NO_ZERO_DATE,ERROR_FOR_DIVISION_BY_ZERO,TRADITIONAL,NO_ENGINE_SUBSTITUTION {{(pid=73981) _check_effective_sql_mode /opt/stack/data/venv/lib/python3.10/site-packages/oslo_db/sqlalchemy/engines.py:397}}
Aug 18 13:33:38.214932 np0000032522 devstack@n-api.service[73980]: INFO dbcounter [None req-9441ba29-a0c5-4c29-874d-b63c8e4751c1 None None] Registered counter for database nova_cell1
Aug 18 13:33:38.217355 np0000032522 devstack@n-api.service[73981]: DEBUG oslo_db.sqlalchemy.engines [None req-653f6732-5f19-4ea2-af1c-c8d13869cf85 None None] MySQL server mode set to STRICT_TRANS_TABLES,STRICT_ALL_TABLES,NO_ZERO_IN_DATE,NO_ZERO_DATE,ERROR_FOR_DIVISION_BY_ZERO,TRADITIONAL,NO_ENGINE_SUBSTITUTION {{(pid=73981) _check_effective_sql_mode /opt/stack/data/venv/lib/python3.10/site-packages/oslo_db/sqlalchemy/engines.py:397}}
Aug 18 13:33:38.218902 np0000032522 devstack@n-api.service[73980]: DEBUG oslo_db.sqlalchemy.engines [None req-9441ba29-a0c5-4c29-874d-b63c8e4751c1 None None] MySQL server mode set to STRICT_TRANS_TABLES,STRICT_ALL_TABLES,NO_ZERO_IN_DATE,NO_ZERO_DATE,ERROR_FOR_DIVISION_BY_ZERO,TRADITIONAL,NO_ENGINE_SUBSTITUTION {{(pid=73980) _check_effective_sql_mode /opt/stack/data/venv/lib/python3.10/site-packages/oslo_db/sqlalchemy/engines.py:397}}
Aug 18 13:33:38.282428 np0000032522 devstack@n-api.service[73981]: DEBUG dbcounter [-] [73981] Writer thread running {{(pid=73981) stat_writer /opt/stack/data/venv/lib/python3.10/site-packages/dbcounter.py:102}}
Aug 18 13:33:38.286322 np0000032522 devstack@n-api.service[73981]: DEBUG dbcounter [-] [73981] Writer thread running {{(pid=73981) stat_writer /opt/stack/data/venv/lib/python3.10/site-packages/dbcounter.py:102}}
Aug 18 13:33:38.286963 np0000032522 devstack@n-api.service[73980]: DEBUG dbcounter [-] [73980] Writer thread running {{(pid=73980) stat_writer /opt/stack/data/venv/lib/python3.10/site-packages/dbcounter.py:102}}
Aug 18 13:33:38.287321 np0000032522 devstack@n-api.service[73980]: DEBUG oslo_db.sqlalchemy.engines [None req-9441ba29-a0c5-4c29-874d-b63c8e4751c1 None None] MySQL server mode set to STRICT_TRANS_TABLES,STRICT_ALL_TABLES,NO_ZERO_IN_DATE,NO_ZERO_DATE,ERROR_FOR_DIVISION_BY_ZERO,TRADITIONAL,NO_ENGINE_SUBSTITUTION {{(pid=73980) _check_effective_sql_mode /opt/stack/data/venv/lib/python3.10/site-packages/oslo_db/sqlalchemy/engines.py:397}}
Aug 18 13:33:38.288391 np0000032522 devstack@n-api.service[73981]: INFO dbcounter [None req-653f6732-5f19-4ea2-af1c-c8d13869cf85 None None] Registered counter for database nova_cell0
Aug 18 13:33:38.291207 np0000032522 devstack@n-api.service[73980]: DEBUG dbcounter [-] [73980] Writer thread running {{(pid=73980) stat_writer /opt/stack/data/venv/lib/python3.10/site-packages/dbcounter.py:102}}
Aug 18 13:33:38.292285 np0000032522 devstack@n-api.service[73981]: DEBUG oslo_db.sqlalchemy.engines [None req-653f6732-5f19-4ea2-af1c-c8d13869cf85 None None] MySQL server mode set to STRICT_TRANS_TABLES,STRICT_ALL_TABLES,NO_ZERO_IN_DATE,NO_ZERO_DATE,ERROR_FOR_DIVISION_BY_ZERO,TRADITIONAL,NO_ENGINE_SUBSTITUTION {{(pid=73981) _check_effective_sql_mode /opt/stack/data/venv/lib/python3.10/site-packages/oslo_db/sqlalchemy/engines.py:397}}
Aug 18 13:33:38.293225 np0000032522 devstack@n-api.service[73980]: INFO dbcounter [None req-9441ba29-a0c5-4c29-874d-b63c8e4751c1 None None] Registered counter for database nova_cell0
Aug 18 13:33:38.296764 np0000032522 devstack@n-api.service[73981]: DEBUG dbcounter [-] [73981] Writer thread running {{(pid=73981) stat_writer /opt/stack/data/venv/lib/python3.10/site-packages/dbcounter.py:102}}
Aug 18 13:33:38.297075 np0000032522 devstack@n-api.service[73980]: DEBUG oslo_db.sqlalchemy.engines [None req-9441ba29-a0c5-4c29-874d-b63c8e4751c1 None None] MySQL server mode set to STRICT_TRANS_TABLES,STRICT_ALL_TABLES,NO_ZERO_IN_DATE,NO_ZERO_DATE,ERROR_FOR_DIVISION_BY_ZERO,TRADITIONAL,NO_ENGINE_SUBSTITUTION {{(pid=73980) _check_effective_sql_mode /opt/stack/data/venv/lib/python3.10/site-packages/oslo_db/sqlalchemy/engines.py:397}}
Aug 18 13:33:38.301000 np0000032522 devstack@n-api.service[73980]: DEBUG dbcounter [-] [73980] Writer thread running {{(pid=73980) stat_writer /opt/stack/data/venv/lib/python3.10/site-packages/dbcounter.py:102}}
Aug 18 13:33:38.603004 np0000032522 devstack@n-api.service[73980]: DEBUG oslo_concurrency.processutils [None req-9441ba29-a0c5-4c29-874d-b63c8e4751c1 None None] Running cmd (subprocess): grep -F node.session.scan /sbin/iscsiadm {{(pid=73980) execute /opt/stack/data/venv/lib/python3.10/site-packages/oslo_concurrency/processutils.py:349}}
Aug 18 13:33:38.609530 np0000032522 devstack@n-api.service[73980]: DEBUG oslo_concurrency.processutils [None req-9441ba29-a0c5-4c29-874d-b63c8e4751c1 None None] CMD "grep -F node.session.scan /sbin/iscsiadm" returned: 0 in 0.007s {{(pid=73980) execute /opt/stack/data/venv/lib/python3.10/site-packages/oslo_concurrency/processutils.py:372}}
Aug 18 13:33:38.609639 np0000032522 devstack@n-api.service[73981]: DEBUG oslo_concurrency.processutils [None req-653f6732-5f19-4ea2-af1c-c8d13869cf85 None None] Running cmd (subprocess): grep -F node.session.scan /sbin/iscsiadm {{(pid=73981) execute /opt/stack/data/venv/lib/python3.10/site-packages/oslo_concurrency/processutils.py:349}}
Aug 18 13:33:38.615859 np0000032522 devstack@n-api.service[73981]: DEBUG oslo_concurrency.processutils [None req-653f6732-5f19-4ea2-af1c-c8d13869cf85 None None] CMD "grep -F node.session.scan /sbin/iscsiadm" returned: 0 in 0.006s {{(pid=73981) execute /opt/stack/data/venv/lib/python3.10/site-packages/oslo_concurrency/processutils.py:372}}
Aug 18 13:33:38.956490 np0000032522 devstack@n-api.service[73981]: WARNING keystonemiddleware.auth_token [None req-653f6732-5f19-4ea2-af1c-c8d13869cf85 None None] AuthToken middleware is set with keystone_authtoken.service_token_roles_required set to False. This is backwards compatible but deprecated behaviour. Please set this to True.
Aug 18 13:33:38.957426 np0000032522 devstack@n-api.service[73980]: WARNING keystonemiddleware.auth_token [None req-9441ba29-a0c5-4c29-874d-b63c8e4751c1 None None] AuthToken middleware is set with keystone_authtoken.service_token_roles_required set to False. This is backwards compatible but deprecated behaviour. Please set this to True.
Aug 18 13:33:38.959919 np0000032522 devstack@n-api.service[73981]: WARNING keystonemiddleware.auth_token [None req-653f6732-5f19-4ea2-af1c-c8d13869cf85 None None] Configuring www_authenticate_uri to point to the public identity endpoint is required; clients may not be able to authenticate against an admin endpoint
Aug 18 13:33:38.960875 np0000032522 devstack@n-api.service[73980]: WARNING keystonemiddleware.auth_token [None req-9441ba29-a0c5-4c29-874d-b63c8e4751c1 None None] Configuring www_authenticate_uri to point to the public identity endpoint is required; clients may not be able to authenticate against an admin endpoint
Aug 18 13:33:39.034525 np0000032522 devstack@n-api.service[73981]: WARNING keystonemiddleware.auth_token [None req-653f6732-5f19-4ea2-af1c-c8d13869cf85 None None] AuthToken middleware is set with keystone_authtoken.service_token_roles_required set to False. This is backwards compatible but deprecated behaviour. Please set this to True.
Aug 18 13:33:39.036487 np0000032522 devstack@n-api.service[73980]: WARNING keystonemiddleware.auth_token [None req-9441ba29-a0c5-4c29-874d-b63c8e4751c1 None None] AuthToken middleware is set with keystone_authtoken.service_token_roles_required set to False. This is backwards compatible but deprecated behaviour. Please set this to True.
Aug 18 13:33:39.037035 np0000032522 devstack@n-api.service[73981]: WARNING keystonemiddleware.auth_token [None req-653f6732-5f19-4ea2-af1c-c8d13869cf85 None None] Configuring www_authenticate_uri to point to the public identity endpoint is required; clients may not be able to authenticate against an admin endpoint
Aug 18 13:33:39.038943 np0000032522 devstack@n-api.service[73981]: WSGI app 0 (mountpoint='') ready in 3 seconds on interpreter 0x5569b2cfcd70 pid: 73981 (default app)
Aug 18 13:33:39.039057 np0000032522 devstack@n-api.service[73980]: WARNING keystonemiddleware.auth_token [None req-9441ba29-a0c5-4c29-874d-b63c8e4751c1 None None] Configuring www_authenticate_uri to point to the public identity endpoint is required; clients may not be able to authenticate against an admin endpoint
Aug 18 13:33:39.039876 np0000032522 devstack@n-api.service[73981]: DEBUG nova.api.openstack.wsgi [None req-653f6732-5f19-4ea2-af1c-c8d13869cf85 None None] Calling method '<bound method VersionsV2.index of <nova.api.openstack.compute.versions.VersionsV2 object at 0x7feb22189840>>' {{(pid=73981) _process_stack /opt/stack/nova/nova/api/openstack/wsgi.py:556}}
Aug 18 13:33:39.041002 np0000032522 devstack@n-api.service[73980]: WSGI app 0 (mountpoint='') ready in 3 seconds on interpreter 0x5569b2cfcd70 pid: 73980 (default app)
Aug 18 13:33:39.042686 np0000032522 devstack@n-api.service[73981]: INFO nova.api.openstack.requestlog [None req-653f6732-5f19-4ea2-af1c-c8d13869cf85 None None] 192.168.1.132 "GET /compute/v2.1/" status: 200 len: 391 microversion: 2.1 time: 0.003029
Aug 18 13:33:39.042870 np0000032522 devstack@n-api.service[73981]: [pid: 73981|app: 0|req: 1/1] 192.168.1.132 () {50 vars in 783 bytes} [Mon Aug 18 13:33:39 2025] GET /compute/v2.1/ => generated 391 bytes in 3 msecs (HTTP/1.1 200) 9 headers in 357 bytes (1 switches on core 0)
Aug 18 13:34:10.589070 np0000032522 devstack@n-api.service[73980]: DEBUG nova.api.openstack.wsgi [None req-9441ba29-a0c5-4c29-874d-b63c8e4751c1 None None] Calling method '<bound method VersionsV2.index of <nova.api.openstack.compute.versions.VersionsV2 object at 0x7feb221e2a40>>' {{(pid=73980) _process_stack /opt/stack/nova/nova/api/openstack/wsgi.py:556}}
Aug 18 13:34:10.592223 np0000032522 devstack@n-api.service[73980]: INFO nova.api.openstack.requestlog [None req-9441ba29-a0c5-4c29-874d-b63c8e4751c1 None None] 192.168.1.132 "GET /compute/v2.1" status: 200 len: 392 microversion: 2.1 time: 0.003473
Aug 18 13:34:10.592427 np0000032522 devstack@n-api.service[73980]: [pid: 73980|app: 0|req: 1/2] 192.168.1.132 () {62 vars in 1068 bytes} [Mon Aug 18 13:34:10 2025] GET /compute/v2.1 => generated 392 bytes in 4 msecs (HTTP/1.1 200) 9 headers in 357 bytes (1 switches on core 0)
Aug 18 13:34:10.601075 np0000032522 devstack@n-api.service[73981]: DEBUG dbcounter [-] [73981] Writing DB stats nova_api:SELECT=1 {{(pid=73981) stat_writer /opt/stack/data/venv/lib/python3.10/site-packages/dbcounter.py:115}}
Aug 18 13:34:10.601853 np0000032522 devstack@n-api.service[73981]: DEBUG dbcounter [-] [73981] Writing DB stats nova_cell0:SELECT=1 {{(pid=73981) stat_writer /opt/stack/data/venv/lib/python3.10/site-packages/dbcounter.py:115}}
Aug 18 13:34:10.602216 np0000032522 devstack@n-api.service[73981]: DEBUG dbcounter [-] [73981] Writing DB stats nova_cell1:SELECT=1 {{(pid=73981) stat_writer /opt/stack/data/venv/lib/python3.10/site-packages/dbcounter.py:115}}
Aug 18 13:34:10.602545 np0000032522 devstack@n-api.service[73981]: DEBUG dbcounter [-] [73981] Writing DB stats nova_cell0:SELECT=2,nova_cell0:INSERT=1 {{(pid=73981) stat_writer /opt/stack/data/venv/lib/python3.10/site-packages/dbcounter.py:115}}
Aug 18 13:34:10.726281 np0000032522 devstack@n-api.service[73981]: DEBUG nova.api.openstack.wsgi [None req-840c144a-8fa1-4a95-b4a1-d131db993648 admin admin] Calling method '<bound method FlavorsController.detail of <nova.api.openstack.compute.flavors.FlavorsController object at 0x7feb20c43010>>' {{(pid=73981) _process_stack /opt/stack/nova/nova/api/openstack/wsgi.py:556}}
Aug 18 13:34:10.741655 np0000032522 devstack@n-api.service[73981]: INFO nova.api.openstack.requestlog [None req-840c144a-8fa1-4a95-b4a1-d131db993648 admin admin] 192.168.1.132 "GET /compute/v2.1/flavors/detail?is_public=True" status: 200 len: 15 microversion: 2.61 time: 0.143461
Aug 18 13:34:10.741903 np0000032522 devstack@n-api.service[73981]: [pid: 73981|app: 0|req: 2/3] 192.168.1.132 () {68 vars in 1429 bytes} [Mon Aug 18 13:34:10 2025] GET /compute/v2.1/flavors/detail?is_public=True => generated 15 bytes in 144 msecs (HTTP/1.1 200) 9 headers in 358 bytes (1 switches on core 0)
Aug 18 13:34:10.834792 np0000032522 devstack@n-api.service[73980]: DEBUG nova.api.openstack.wsgi [None req-9441ba29-a0c5-4c29-874d-b63c8e4751c1 None None] Calling method '<bound method VersionsV2.index of <nova.api.openstack.compute.versions.VersionsV2 object at 0x7feb221e2a40>>' {{(pid=73980) _process_stack /opt/stack/nova/nova/api/openstack/wsgi.py:556}}
Aug 18 13:34:10.837525 np0000032522 devstack@n-api.service[73980]: INFO nova.api.openstack.requestlog [None req-9441ba29-a0c5-4c29-874d-b63c8e4751c1 None None] 192.168.1.132 "GET /compute/v2.1" status: 200 len: 392 microversion: 2.1 time: 0.002901
Aug 18 13:34:10.837794 np0000032522 devstack@n-api.service[73980]: [pid: 73980|app: 0|req: 2/4] 192.168.1.132 () {62 vars in 1068 bytes} [Mon Aug 18 13:34:10 2025] GET /compute/v2.1 => generated 392 bytes in 3 msecs (HTTP/1.1 200) 9 headers in 357 bytes (1 switches on core 0)
Aug 18 13:34:10.863175 np0000032522 devstack@n-api.service[73981]: DEBUG nova.api.openstack.wsgi [None req-ae1f39d2-015f-43ad-b28e-c2c48d8b96df admin admin] Action: 'create', calling method: <bound method FlavorsController.create of <nova.api.openstack.compute.flavors.FlavorsController object at 0x7feb20c41e70>>, body: {"flavor": {"name": "cirros256", "id": "c1", "OS-FLV-EXT-DATA:ephemeral": 0, "rxtx_factor": 1.0, "swap": 0, "ram": 256, "disk": 1, "os-flavor-access:is_public": true, "vcpus": 1}} {{(pid=73981) _process_stack /opt/stack/nova/nova/api/openstack/wsgi.py:554}}
Aug 18 13:34:10.886281 np0000032522 devstack@n-api.service[73981]: INFO nova.api.openstack.requestlog [None req-ae1f39d2-015f-43ad-b28e-c2c48d8b96df admin admin] 192.168.1.132 "POST /compute/v2.1/flavors" status: 200 len: 413 microversion: 2.61 time: 0.042407
Aug 18 13:34:10.886608 np0000032522 devstack@n-api.service[73981]: [pid: 73981|app: 0|req: 3/5] 192.168.1.132 () {72 vars in 1420 bytes} [Mon Aug 18 13:34:10 2025] POST /compute/v2.1/flavors => generated 413 bytes in 43 msecs (HTTP/1.1 200) 9 headers in 359 bytes (1 switches on core 0)
Aug 18 13:34:10.899406 np0000032522 devstack@n-api.service[73980]: DEBUG dbcounter [-] [73980] Writing DB stats nova_api:SELECT=1 {{(pid=73980) stat_writer /opt/stack/data/venv/lib/python3.10/site-packages/dbcounter.py:115}}
Aug 18 13:34:10.900265 np0000032522 devstack@n-api.service[73980]: DEBUG dbcounter [-] [73980] Writing DB stats nova_cell0:SELECT=1 {{(pid=73980) stat_writer /opt/stack/data/venv/lib/python3.10/site-packages/dbcounter.py:115}}
Aug 18 13:34:10.900667 np0000032522 devstack@n-api.service[73980]: DEBUG dbcounter [-] [73980] Writing DB stats nova_cell1:SELECT=1 {{(pid=73980) stat_writer /opt/stack/data/venv/lib/python3.10/site-packages/dbcounter.py:115}}
Aug 18 13:34:10.901098 np0000032522 devstack@n-api.service[73980]: DEBUG dbcounter [-] [73980] Writing DB stats nova_cell0:SELECT=2,nova_cell0:INSERT=1 {{(pid=73980) stat_writer /opt/stack/data/venv/lib/python3.10/site-packages/dbcounter.py:115}}
Aug 18 13:34:10.970087 np0000032522 devstack@n-api.service[73980]: DEBUG nova.api.openstack.wsgi [None req-2541eea9-8f30-4e34-aca2-210c5815bf7e admin admin] Action: 'create', calling method: <bound method FlavorExtraSpecsController.create of <nova.api.openstack.compute.flavors_extraspecs.FlavorExtraSpecsController object at 0x7feb20c60cd0>>, body: {"extra_specs": {"hw_rng:allowed": "True"}} {{(pid=73980) _process_stack /opt/stack/nova/nova/api/openstack/wsgi.py:554}}
Aug 18 13:34:10.999208 np0000032522 devstack@n-api.service[73980]: INFO nova.api.openstack.requestlog [None req-2541eea9-8f30-4e34-aca2-210c5815bf7e admin admin] 192.168.1.132 "POST /compute/v2.1/flavors/c1/os-extra_specs" status: 200 len: 43 microversion: 2.61 time: 0.103668
Aug 18 13:34:10.999616 np0000032522 devstack@n-api.service[73980]: [pid: 73980|app: 0|req: 3/6] 192.168.1.132 () {72 vars in 1473 bytes} [Mon Aug 18 13:34:10 2025] POST /compute/v2.1/flavors/c1/os-extra_specs => generated 43 bytes in 104 msecs (HTTP/1.1 200) 9 headers in 358 bytes (1 switches on core 0)
Aug 18 13:34:11.091946 np0000032522 devstack@n-api.service[73981]: DEBUG nova.api.openstack.wsgi [None req-ae1f39d2-015f-43ad-b28e-c2c48d8b96df admin admin] Calling method '<bound method VersionsV2.index of <nova.api.openstack.compute.versions.VersionsV2 object at 0x7feb22189840>>' {{(pid=73981) _process_stack /opt/stack/nova/nova/api/openstack/wsgi.py:556}}
Aug 18 13:34:11.094865 np0000032522 devstack@n-api.service[73981]: INFO nova.api.openstack.requestlog [None req-ae1f39d2-015f-43ad-b28e-c2c48d8b96df admin admin] 192.168.1.132 "GET /compute/v2.1" status: 200 len: 392 microversion: 2.1 time: 0.003123
Aug 18 13:34:11.095039 np0000032522 devstack@n-api.service[73981]: [pid: 73981|app: 0|req: 4/7] 192.168.1.132 () {62 vars in 1068 bytes} [Mon Aug 18 13:34:11 2025] GET /compute/v2.1 => generated 392 bytes in 3 msecs (HTTP/1.1 200) 9 headers in 357 bytes (1 switches on core 0)
Aug 18 13:34:11.153451 np0000032522 devstack@n-api.service[73980]: DEBUG nova.api.openstack.wsgi [None req-93b6fbe3-495b-49b6-879f-43b6fa27786c admin admin] Action: 'create', calling method: <bound method FlavorsController.create of <nova.api.openstack.compute.flavors.FlavorsController object at 0x7feb20c3dc60>>, body: {"flavor": {"name": "ds512M", "id": "d1", "OS-FLV-EXT-DATA:ephemeral": 0, "rxtx_factor": 1.0, "swap": 0, "ram": 512, "disk": 5, "os-flavor-access:is_public": true, "vcpus": 1}} {{(pid=73980) _process_stack /opt/stack/nova/nova/api/openstack/wsgi.py:554}}
Aug 18 13:34:11.171947 np0000032522 devstack@n-api.service[73980]: INFO nova.api.openstack.requestlog [None req-93b6fbe3-495b-49b6-879f-43b6fa27786c admin admin] 192.168.1.132 "POST /compute/v2.1/flavors" status: 200 len: 410 microversion: 2.61 time: 0.071255
Aug 18 13:34:11.172185 np0000032522 devstack@n-api.service[73980]: [pid: 73980|app: 0|req: 4/8] 192.168.1.132 () {72 vars in 1420 bytes} [Mon Aug 18 13:34:11 2025] POST /compute/v2.1/flavors => generated 410 bytes in 72 msecs (HTTP/1.1 200) 9 headers in 359 bytes (1 switches on core 0)
Aug 18 13:34:11.181327 np0000032522 devstack@n-api.service[73981]: DEBUG nova.api.openstack.wsgi [None req-213b62a5-c9ad-4e40-af47-c7ca1635d2d0 admin admin] Action: 'create', calling method: <bound method FlavorExtraSpecsController.create of <nova.api.openstack.compute.flavors_extraspecs.FlavorExtraSpecsController object at 0x7feb20c64ee0>>, body: {"extra_specs": {"hw_rng:allowed": "True"}} {{(pid=73981) _process_stack /opt/stack/nova/nova/api/openstack/wsgi.py:554}}
Aug 18 13:34:11.199991 np0000032522 devstack@n-api.service[73981]: INFO nova.api.openstack.requestlog [None req-213b62a5-c9ad-4e40-af47-c7ca1635d2d0 admin admin] 192.168.1.132 "POST /compute/v2.1/flavors/d1/os-extra_specs" status: 200 len: 43 microversion: 2.61 time: 0.020403
Aug 18 13:34:11.200430 np0000032522 devstack@n-api.service[73981]: [pid: 73981|app: 0|req: 5/9] 192.168.1.132 () {72 vars in 1473 bytes} [Mon Aug 18 13:34:11 2025] POST /compute/v2.1/flavors/d1/os-extra_specs => generated 43 bytes in 21 msecs (HTTP/1.1 200) 9 headers in 358 bytes (1 switches on core 0)
Aug 18 13:34:11.293505 np0000032522 devstack@n-api.service[73980]: DEBUG nova.api.openstack.wsgi [None req-93b6fbe3-495b-49b6-879f-43b6fa27786c admin admin] Calling method '<bound method VersionsV2.index of <nova.api.openstack.compute.versions.VersionsV2 object at 0x7feb221e2a40>>' {{(pid=73980) _process_stack /opt/stack/nova/nova/api/openstack/wsgi.py:556}}
Aug 18 13:34:11.296639 np0000032522 devstack@n-api.service[73980]: INFO nova.api.openstack.requestlog [None req-93b6fbe3-495b-49b6-879f-43b6fa27786c admin admin] 192.168.1.132 "GET /compute/v2.1" status: 200 len: 392 microversion: 2.1 time: 0.003201
Aug 18 13:34:11.296966 np0000032522 devstack@n-api.service[73980]: [pid: 73980|app: 0|req: 5/10] 192.168.1.132 () {62 vars in 1068 bytes} [Mon Aug 18 13:34:11 2025] GET /compute/v2.1 => generated 392 bytes in 4 msecs (HTTP/1.1 200) 9 headers in 357 bytes (1 switches on core 0)
Aug 18 13:34:11.330834 np0000032522 devstack@n-api.service[73981]: DEBUG nova.api.openstack.wsgi [None req-dccc9d72-843d-44ba-83fd-a3f4d60b8698 admin admin] Action: 'create', calling method: <bound method FlavorsController.create of <nova.api.openstack.compute.flavors.FlavorsController object at 0x7feb20c41e70>>, body: {"flavor": {"name": "ds1G", "id": "d2", "OS-FLV-EXT-DATA:ephemeral": 0, "rxtx_factor": 1.0, "swap": 0, "ram": 1024, "disk": 10, "os-flavor-access:is_public": true, "vcpus": 1}} {{(pid=73981) _process_stack /opt/stack/nova/nova/api/openstack/wsgi.py:554}}
Aug 18 13:34:11.342835 np0000032522 devstack@n-api.service[73981]: INFO nova.api.openstack.requestlog [None req-dccc9d72-843d-44ba-83fd-a3f4d60b8698 admin admin] 192.168.1.132 "POST /compute/v2.1/flavors" status: 200 len: 410 microversion: 2.61 time: 0.038270
Aug 18 13:34:11.343109 np0000032522 devstack@n-api.service[73981]: [pid: 73981|app: 0|req: 6/11] 192.168.1.132 () {72 vars in 1420 bytes} [Mon Aug 18 13:34:11 2025] POST /compute/v2.1/flavors => generated 410 bytes in 39 msecs (HTTP/1.1 200) 9 headers in 359 bytes (1 switches on core 0)
Aug 18 13:34:11.352098 np0000032522 devstack@n-api.service[73980]: DEBUG nova.api.openstack.wsgi [None req-966d2fc3-29af-41f3-a497-4138455f7fa0 admin admin] Action: 'create', calling method: <bound method FlavorExtraSpecsController.create of <nova.api.openstack.compute.flavors_extraspecs.FlavorExtraSpecsController object at 0x7feb20c60cd0>>, body: {"extra_specs": {"hw_rng:allowed": "True"}} {{(pid=73980) _process_stack /opt/stack/nova/nova/api/openstack/wsgi.py:554}}
Aug 18 13:34:11.367457 np0000032522 devstack@n-api.service[73980]: INFO nova.api.openstack.requestlog [None req-966d2fc3-29af-41f3-a497-4138455f7fa0 admin admin] 192.168.1.132 "POST /compute/v2.1/flavors/d2/os-extra_specs" status: 200 len: 43 microversion: 2.61 time: 0.016090
Aug 18 13:34:11.371564 np0000032522 devstack@n-api.service[73980]: [pid: 73980|app: 0|req: 6/12] 192.168.1.132 () {72 vars in 1473 bytes} [Mon Aug 18 13:34:11 2025] POST /compute/v2.1/flavors/d2/os-extra_specs => generated 43 bytes in 16 msecs (HTTP/1.1 200) 9 headers in 358 bytes (1 switches on core 0)
Aug 18 13:34:11.491413 np0000032522 devstack@n-api.service[73981]: DEBUG nova.api.openstack.wsgi [None req-dccc9d72-843d-44ba-83fd-a3f4d60b8698 admin admin] Calling method '<bound method VersionsV2.index of <nova.api.openstack.compute.versions.VersionsV2 object at 0x7feb22189840>>' {{(pid=73981) _process_stack /opt/stack/nova/nova/api/openstack/wsgi.py:556}}
Aug 18 13:34:11.494742 np0000032522 devstack@n-api.service[73981]: INFO nova.api.openstack.requestlog [None req-dccc9d72-843d-44ba-83fd-a3f4d60b8698 admin admin] 192.168.1.132 "GET /compute/v2.1" status: 200 len: 392 microversion: 2.1 time: 0.003736
Aug 18 13:34:11.494935 np0000032522 devstack@n-api.service[73981]: [pid: 73981|app: 0|req: 7/13] 192.168.1.132 () {62 vars in 1068 bytes} [Mon Aug 18 13:34:11 2025] GET /compute/v2.1 => generated 392 bytes in 4 msecs (HTTP/1.1 200) 9 headers in 357 bytes (1 switches on core 0)
Aug 18 13:34:11.522630 np0000032522 devstack@n-api.service[73980]: DEBUG nova.api.openstack.wsgi [None req-218a617a-fe96-4e11-899a-ef38b09925fe admin admin] Action: 'create', calling method: <bound method FlavorsController.create of <nova.api.openstack.compute.flavors.FlavorsController object at 0x7feb20c3dc60>>, body: {"flavor": {"name": "ds2G", "id": "d3", "OS-FLV-EXT-DATA:ephemeral": 0, "rxtx_factor": 1.0, "swap": 0, "ram": 2048, "disk": 10, "os-flavor-access:is_public": true, "vcpus": 2}} {{(pid=73980) _process_stack /opt/stack/nova/nova/api/openstack/wsgi.py:554}}
Aug 18 13:34:11.535764 np0000032522 devstack@n-api.service[73980]: INFO nova.api.openstack.requestlog [None req-218a617a-fe96-4e11-899a-ef38b09925fe admin admin] 192.168.1.132 "POST /compute/v2.1/flavors" status: 200 len: 410 microversion: 2.61 time: 0.033846
Aug 18 13:34:11.536077 np0000032522 devstack@n-api.service[73980]: [pid: 73980|app: 0|req: 7/14] 192.168.1.132 () {72 vars in 1420 bytes} [Mon Aug 18 13:34:11 2025] POST /compute/v2.1/flavors => generated 410 bytes in 34 msecs (HTTP/1.1 200) 9 headers in 359 bytes (1 switches on core 0)
Aug 18 13:34:11.545888 np0000032522 devstack@n-api.service[73981]: DEBUG nova.api.openstack.wsgi [None req-10b6e41b-a9b6-43dd-9b82-b3f4b6463da0 admin admin] Action: 'create', calling method: <bound method FlavorExtraSpecsController.create of <nova.api.openstack.compute.flavors_extraspecs.FlavorExtraSpecsController object at 0x7feb20c64ee0>>, body: {"extra_specs": {"hw_rng:allowed": "True"}} {{(pid=73981) _process_stack /opt/stack/nova/nova/api/openstack/wsgi.py:554}}
Aug 18 13:34:11.575229 np0000032522 devstack@n-api.service[73981]: INFO nova.api.openstack.requestlog [None req-10b6e41b-a9b6-43dd-9b82-b3f4b6463da0 admin admin] 192.168.1.132 "POST /compute/v2.1/flavors/d3/os-extra_specs" status: 200 len: 43 microversion: 2.61 time: 0.031145
Aug 18 13:34:11.575574 np0000032522 devstack@n-api.service[73981]: [pid: 73981|app: 0|req: 8/15] 192.168.1.132 () {72 vars in 1473 bytes} [Mon Aug 18 13:34:11 2025] POST /compute/v2.1/flavors/d3/os-extra_specs => generated 43 bytes in 32 msecs (HTTP/1.1 200) 9 headers in 358 bytes (1 switches on core 0)
Aug 18 13:34:11.674079 np0000032522 devstack@n-api.service[73980]: DEBUG nova.api.openstack.wsgi [None req-218a617a-fe96-4e11-899a-ef38b09925fe admin admin] Calling method '<bound method VersionsV2.index of <nova.api.openstack.compute.versions.VersionsV2 object at 0x7feb221e2a40>>' {{(pid=73980) _process_stack /opt/stack/nova/nova/api/openstack/wsgi.py:556}}
Aug 18 13:34:11.676993 np0000032522 devstack@n-api.service[73980]: INFO nova.api.openstack.requestlog [None req-218a617a-fe96-4e11-899a-ef38b09925fe admin admin] 192.168.1.132 "GET /compute/v2.1" status: 200 len: 392 microversion: 2.1 time: 0.003104
Aug 18 13:34:11.677171 np0000032522 devstack@n-api.service[73980]: [pid: 73980|app: 0|req: 8/16] 192.168.1.132 () {62 vars in 1068 bytes} [Mon Aug 18 13:34:11 2025] GET /compute/v2.1 => generated 392 bytes in 3 msecs (HTTP/1.1 200) 9 headers in 357 bytes (1 switches on core 0)
Aug 18 13:34:11.702510 np0000032522 devstack@n-api.service[73981]: DEBUG nova.api.openstack.wsgi [None req-cb7aa4d5-4559-4b26-833d-33b2e6339f2e admin admin] Action: 'create', calling method: <bound method FlavorsController.create of <nova.api.openstack.compute.flavors.FlavorsController object at 0x7feb20c41e70>>, body: {"flavor": {"name": "ds4G", "id": "d4", "OS-FLV-EXT-DATA:ephemeral": 0, "rxtx_factor": 1.0, "swap": 0, "ram": 4096, "disk": 20, "os-flavor-access:is_public": true, "vcpus": 4}} {{(pid=73981) _process_stack /opt/stack/nova/nova/api/openstack/wsgi.py:554}}
Aug 18 13:34:11.714511 np0000032522 devstack@n-api.service[73981]: INFO nova.api.openstack.requestlog [None req-cb7aa4d5-4559-4b26-833d-33b2e6339f2e admin admin] 192.168.1.132 "POST /compute/v2.1/flavors" status: 200 len: 410 microversion: 2.61 time: 0.031721
Aug 18 13:34:11.714754 np0000032522 devstack@n-api.service[73981]: [pid: 73981|app: 0|req: 9/17] 192.168.1.132 () {72 vars in 1420 bytes} [Mon Aug 18 13:34:11 2025] POST /compute/v2.1/flavors => generated 410 bytes in 32 msecs (HTTP/1.1 200) 9 headers in 359 bytes (1 switches on core 0)
Aug 18 13:34:11.723677 np0000032522 devstack@n-api.service[73980]: DEBUG nova.api.openstack.wsgi [None req-aff9ce9f-709f-4a96-9cb2-49d7316fe248 admin admin] Action: 'create', calling method: <bound method FlavorExtraSpecsController.create of <nova.api.openstack.compute.flavors_extraspecs.FlavorExtraSpecsController object at 0x7feb20c60cd0>>, body: {"extra_specs": {"hw_rng:allowed": "True"}} {{(pid=73980) _process_stack /opt/stack/nova/nova/api/openstack/wsgi.py:554}}
Aug 18 13:34:11.736308 np0000032522 devstack@n-api.service[73980]: INFO nova.api.openstack.requestlog [None req-aff9ce9f-709f-4a96-9cb2-49d7316fe248 admin admin] 192.168.1.132 "POST /compute/v2.1/flavors/d4/os-extra_specs" status: 200 len: 43 microversion: 2.61 time: 0.014353
Aug 18 13:34:11.736600 np0000032522 devstack@n-api.service[73980]: [pid: 73980|app: 0|req: 9/18] 192.168.1.132 () {72 vars in 1473 bytes} [Mon Aug 18 13:34:11 2025] POST /compute/v2.1/flavors/d4/os-extra_specs => generated 43 bytes in 15 msecs (HTTP/1.1 200) 9 headers in 358 bytes (2 switches on core 0)
Aug 18 13:34:11.827899 np0000032522 devstack@n-api.service[73981]: DEBUG nova.api.openstack.wsgi [None req-cb7aa4d5-4559-4b26-833d-33b2e6339f2e admin admin] Calling method '<bound method VersionsV2.index of <nova.api.openstack.compute.versions.VersionsV2 object at 0x7feb22189840>>' {{(pid=73981) _process_stack /opt/stack/nova/nova/api/openstack/wsgi.py:556}}
Aug 18 13:34:11.830549 np0000032522 devstack@n-api.service[73981]: INFO nova.api.openstack.requestlog [None req-cb7aa4d5-4559-4b26-833d-33b2e6339f2e admin admin] 192.168.1.132 "GET /compute/v2.1" status: 200 len: 392 microversion: 2.1 time: 0.002870
Aug 18 13:34:11.830729 np0000032522 devstack@n-api.service[73981]: [pid: 73981|app: 0|req: 10/19] 192.168.1.132 () {62 vars in 1068 bytes} [Mon Aug 18 13:34:11 2025] GET /compute/v2.1 => generated 392 bytes in 3 msecs (HTTP/1.1 200) 9 headers in 357 bytes (1 switches on core 0)
Aug 18 13:34:11.855428 np0000032522 devstack@n-api.service[73980]: DEBUG nova.api.openstack.wsgi [None req-208e577f-e45c-44af-95d5-5873b262fb7e admin admin] Calling method '<bound method FlavorsController.detail of <nova.api.openstack.compute.flavors.FlavorsController object at 0x7feb20c3ee00>>' {{(pid=73980) _process_stack /opt/stack/nova/nova/api/openstack/wsgi.py:556}}
Aug 18 13:34:11.869452 np0000032522 devstack@n-api.service[73980]: INFO nova.api.openstack.requestlog [None req-208e577f-e45c-44af-95d5-5873b262fb7e admin admin] 192.168.1.132 "GET /compute/v2.1/flavors/detail?is_public=True" status: 200 len: 2136 microversion: 2.61 time: 0.033129
Aug 18 13:34:11.869722 np0000032522 devstack@n-api.service[73980]: [pid: 73980|app: 0|req: 10/20] 192.168.1.132 () {68 vars in 1429 bytes} [Mon Aug 18 13:34:11 2025] GET /compute/v2.1/flavors/detail?is_public=True => generated 2136 bytes in 33 msecs (HTTP/1.1 200) 9 headers in 360 bytes (1 switches on core 0)
Aug 18 13:34:11.958077 np0000032522 devstack@n-api.service[73981]: DEBUG nova.api.openstack.wsgi [None req-cb7aa4d5-4559-4b26-833d-33b2e6339f2e admin admin] Calling method '<bound method VersionsV2.index of <nova.api.openstack.compute.versions.VersionsV2 object at 0x7feb22189840>>' {{(pid=73981) _process_stack /opt/stack/nova/nova/api/openstack/wsgi.py:556}}
Aug 18 13:34:11.960731 np0000032522 devstack@n-api.service[73981]: INFO nova.api.openstack.requestlog [None req-cb7aa4d5-4559-4b26-833d-33b2e6339f2e admin admin] 192.168.1.132 "GET /compute/v2.1" status: 200 len: 392 microversion: 2.1 time: 0.002827
Aug 18 13:34:11.960910 np0000032522 devstack@n-api.service[73981]: [pid: 73981|app: 0|req: 11/21] 192.168.1.132 () {62 vars in 1068 bytes} [Mon Aug 18 13:34:11 2025] GET /compute/v2.1 => generated 392 bytes in 3 msecs (HTTP/1.1 200) 9 headers in 357 bytes (1 switches on core 0)
Aug 18 13:34:11.985575 np0000032522 devstack@n-api.service[73980]: DEBUG nova.api.openstack.wsgi [None req-d5ac8a64-d81d-4a70-8f93-eff74375fb92 admin admin] Action: 'create', calling method: <bound method FlavorsController.create of <nova.api.openstack.compute.flavors.FlavorsController object at 0x7feb20c3dc60>>, body: {"flavor": {"name": "m1.tiny", "id": "1", "OS-FLV-EXT-DATA:ephemeral": 0, "rxtx_factor": 1.0, "swap": 0, "ram": 512, "disk": 1, "os-flavor-access:is_public": true, "vcpus": 1}} {{(pid=73980) _process_stack /opt/stack/nova/nova/api/openstack/wsgi.py:554}}
Aug 18 13:34:11.997196 np0000032522 devstack@n-api.service[73980]: INFO nova.api.openstack.requestlog [None req-d5ac8a64-d81d-4a70-8f93-eff74375fb92 admin admin] 192.168.1.132 "POST /compute/v2.1/flavors" status: 200 len: 408 microversion: 2.61 time: 0.030601
Aug 18 13:34:11.997468 np0000032522 devstack@n-api.service[73980]: [pid: 73980|app: 0|req: 11/22] 192.168.1.132 () {72 vars in 1420 bytes} [Mon Aug 18 13:34:11 2025] POST /compute/v2.1/flavors => generated 408 bytes in 31 msecs (HTTP/1.1 200) 9 headers in 359 bytes (1 switches on core 0)
Aug 18 13:34:12.006893 np0000032522 devstack@n-api.service[73981]: DEBUG nova.api.openstack.wsgi [None req-274508f4-1e3c-475b-ad1d-fcb18dc3be9c admin admin] Action: 'create', calling method: <bound method FlavorExtraSpecsController.create of <nova.api.openstack.compute.flavors_extraspecs.FlavorExtraSpecsController object at 0x7feb20c64ee0>>, body: {"extra_specs": {"hw_rng:allowed": "True"}} {{(pid=73981) _process_stack /opt/stack/nova/nova/api/openstack/wsgi.py:554}}
Aug 18 13:34:12.020143 np0000032522 devstack@n-api.service[73981]: INFO nova.api.openstack.requestlog [None req-274508f4-1e3c-475b-ad1d-fcb18dc3be9c admin admin] 192.168.1.132 "POST /compute/v2.1/flavors/1/os-extra_specs" status: 200 len: 43 microversion: 2.61 time: 0.015297
Aug 18 13:34:12.020417 np0000032522 devstack@n-api.service[73981]: [pid: 73981|app: 0|req: 12/23] 192.168.1.132 () {72 vars in 1470 bytes} [Mon Aug 18 13:34:12 2025] POST /compute/v2.1/flavors/1/os-extra_specs => generated 43 bytes in 16 msecs (HTTP/1.1 200) 9 headers in 358 bytes (1 switches on core 0)
Aug 18 13:34:12.117066 np0000032522 devstack@n-api.service[73980]: DEBUG nova.api.openstack.wsgi [None req-d5ac8a64-d81d-4a70-8f93-eff74375fb92 admin admin] Calling method '<bound method VersionsV2.index of <nova.api.openstack.compute.versions.VersionsV2 object at 0x7feb221e2a40>>' {{(pid=73980) _process_stack /opt/stack/nova/nova/api/openstack/wsgi.py:556}}
Aug 18 13:34:12.120102 np0000032522 devstack@n-api.service[73980]: INFO nova.api.openstack.requestlog [None req-d5ac8a64-d81d-4a70-8f93-eff74375fb92 admin admin] 192.168.1.132 "GET /compute/v2.1" status: 200 len: 392 microversion: 2.1 time: 0.002803
Aug 18 13:34:12.120102 np0000032522 devstack@n-api.service[73980]: [pid: 73980|app: 0|req: 12/24] 192.168.1.132 () {62 vars in 1068 bytes} [Mon Aug 18 13:34:12 2025] GET /compute/v2.1 => generated 392 bytes in 3 msecs (HTTP/1.1 200) 9 headers in 357 bytes (1 switches on core 0)
Aug 18 13:34:12.153201 np0000032522 devstack@n-api.service[73981]: DEBUG nova.api.openstack.wsgi [None req-9f0da075-8543-4841-867e-f3fea92b9436 admin admin] Action: 'create', calling method: <bound method FlavorsController.create of <nova.api.openstack.compute.flavors.FlavorsController object at 0x7feb20c41e70>>, body: {"flavor": {"name": "m1.small", "id": "2", "OS-FLV-EXT-DATA:ephemeral": 0, "rxtx_factor": 1.0, "swap": 0, "ram": 2048, "disk": 20, "os-flavor-access:is_public": true, "vcpus": 1}} {{(pid=73981) _process_stack /opt/stack/nova/nova/api/openstack/wsgi.py:554}}
Aug 18 13:34:12.166109 np0000032522 devstack@n-api.service[73981]: INFO nova.api.openstack.requestlog [None req-9f0da075-8543-4841-867e-f3fea92b9436 admin admin] 192.168.1.132 "POST /compute/v2.1/flavors" status: 200 len: 411 microversion: 2.61 time: 0.037468
Aug 18 13:34:12.166460 np0000032522 devstack@n-api.service[73981]: [pid: 73981|app: 0|req: 13/25] 192.168.1.132 () {72 vars in 1420 bytes} [Mon Aug 18 13:34:12 2025] POST /compute/v2.1/flavors => generated 411 bytes in 38 msecs (HTTP/1.1 200) 9 headers in 359 bytes (1 switches on core 0)
Aug 18 13:34:12.175941 np0000032522 devstack@n-api.service[73980]: DEBUG nova.api.openstack.wsgi [None req-fa4e46fe-4e7b-4c7f-ae0d-eb4c24934063 admin admin] Action: 'create', calling method: <bound method FlavorExtraSpecsController.create of <nova.api.openstack.compute.flavors_extraspecs.FlavorExtraSpecsController object at 0x7feb20c60cd0>>, body: {"extra_specs": {"hw_rng:allowed": "True"}} {{(pid=73980) _process_stack /opt/stack/nova/nova/api/openstack/wsgi.py:554}}
Aug 18 13:34:12.190153 np0000032522 devstack@n-api.service[73980]: INFO nova.api.openstack.requestlog [None req-fa4e46fe-4e7b-4c7f-ae0d-eb4c24934063 admin admin] 192.168.1.132 "POST /compute/v2.1/flavors/2/os-extra_specs" status: 200 len: 43 microversion: 2.61 time: 0.015958
Aug 18 13:34:12.190413 np0000032522 devstack@n-api.service[73980]: [pid: 73980|app: 0|req: 13/26] 192.168.1.132 () {72 vars in 1470 bytes} [Mon Aug 18 13:34:12 2025] POST /compute/v2.1/flavors/2/os-extra_specs => generated 43 bytes in 16 msecs (HTTP/1.1 200) 9 headers in 358 bytes (1 switches on core 0)
Aug 18 13:34:12.283469 np0000032522 devstack@n-api.service[73981]: DEBUG nova.api.openstack.wsgi [None req-9f0da075-8543-4841-867e-f3fea92b9436 admin admin] Calling method '<bound method VersionsV2.index of <nova.api.openstack.compute.versions.VersionsV2 object at 0x7feb22189840>>' {{(pid=73981) _process_stack /opt/stack/nova/nova/api/openstack/wsgi.py:556}}
Aug 18 13:34:12.286589 np0000032522 devstack@n-api.service[73981]: INFO nova.api.openstack.requestlog [None req-9f0da075-8543-4841-867e-f3fea92b9436 admin admin] 192.168.1.132 "GET /compute/v2.1" status: 200 len: 392 microversion: 2.1 time: 0.003297
Aug 18 13:34:12.286812 np0000032522 devstack@n-api.service[73981]: [pid: 73981|app: 0|req: 14/27] 192.168.1.132 () {62 vars in 1068 bytes} [Mon Aug 18 13:34:12 2025] GET /compute/v2.1 => generated 392 bytes in 4 msecs (HTTP/1.1 200) 9 headers in 357 bytes (1 switches on core 0)
