Jul 30 06:37:32.558488 np0000031981 devstack@n-api.service[69187]: DEBUG oslo_concurrency.lockutils [None req-f86fddaf-cd5c-480c-b609-4f5e3f0b7115 None None] Acquiring lock "00000000-0000-0000-0000-000000000000" by "nova.context.set_target_cell.<locals>.get_or_set_cached_cell_and_set_connections" {{(pid=69187) inner /opt/stack/data/venv/lib/python3.12/site-packages/oslo_concurrency/lockutils.py:405}}
Jul 30 06:37:32.558679 np0000031981 devstack@n-api.service[69187]: DEBUG oslo_concurrency.lockutils [None req-f86fddaf-cd5c-480c-b609-4f5e3f0b7115 None None] Lock "00000000-0000-0000-0000-000000000000" acquired by "nova.context.set_target_cell.<locals>.get_or_set_cached_cell_and_set_connections" :: waited 0.000s {{(pid=69187) inner /opt/stack/data/venv/lib/python3.12/site-packages/oslo_concurrency/lockutils.py:410}}
Jul 30 06:37:32.558772 np0000031981 devstack@n-api.service[69186]: DEBUG oslo_concurrency.lockutils [None req-33a8a4c8-d126-468d-9553-3e88524522cf None None] Acquiring lock "00000000-0000-0000-0000-000000000000" by "nova.context.set_target_cell.<locals>.get_or_set_cached_cell_and_set_connections" {{(pid=69186) inner /opt/stack/data/venv/lib/python3.12/site-packages/oslo_concurrency/lockutils.py:405}}
Jul 30 06:37:32.558945 np0000031981 devstack@n-api.service[69186]: DEBUG oslo_concurrency.lockutils [None req-33a8a4c8-d126-468d-9553-3e88524522cf None None] Lock "00000000-0000-0000-0000-000000000000" acquired by "nova.context.set_target_cell.<locals>.get_or_set_cached_cell_and_set_connections" :: waited 0.000s {{(pid=69186) inner /opt/stack/data/venv/lib/python3.12/site-packages/oslo_concurrency/lockutils.py:410}}
Jul 30 06:37:32.558996 np0000031981 devstack@n-api.service[69187]: DEBUG oslo_concurrency.lockutils [None req-f86fddaf-cd5c-480c-b609-4f5e3f0b7115 None None] Lock "00000000-0000-0000-0000-000000000000" "released" by "nova.context.set_target_cell.<locals>.get_or_set_cached_cell_and_set_connections" :: held 0.000s {{(pid=69187) inner /opt/stack/data/venv/lib/python3.12/site-packages/oslo_concurrency/lockutils.py:424}}
Jul 30 06:37:32.559261 np0000031981 devstack@n-api.service[69186]: DEBUG oslo_concurrency.lockutils [None req-33a8a4c8-d126-468d-9553-3e88524522cf None None] Lock "00000000-0000-0000-0000-000000000000" "released" by "nova.context.set_target_cell.<locals>.get_or_set_cached_cell_and_set_connections" :: held 0.000s {{(pid=69186) inner /opt/stack/data/venv/lib/python3.12/site-packages/oslo_concurrency/lockutils.py:424}}
Jul 30 06:37:32.559328 np0000031981 devstack@n-api.service[69187]: DEBUG oslo_concurrency.lockutils [None req-f86fddaf-cd5c-480c-b609-4f5e3f0b7115 None None] Acquiring lock "97663af6-c684-4093-b3a3-926c1335a025" by "nova.context.set_target_cell.<locals>.get_or_set_cached_cell_and_set_connections" {{(pid=69187) inner /opt/stack/data/venv/lib/python3.12/site-packages/oslo_concurrency/lockutils.py:405}}
Jul 30 06:37:32.559442 np0000031981 devstack@n-api.service[69187]: DEBUG oslo_concurrency.lockutils [None req-f86fddaf-cd5c-480c-b609-4f5e3f0b7115 None None] Lock "97663af6-c684-4093-b3a3-926c1335a025" acquired by "nova.context.set_target_cell.<locals>.get_or_set_cached_cell_and_set_connections" :: waited 0.000s {{(pid=69187) inner /opt/stack/data/venv/lib/python3.12/site-packages/oslo_concurrency/lockutils.py:410}}
Jul 30 06:37:32.559602 np0000031981 devstack@n-api.service[69186]: DEBUG oslo_concurrency.lockutils [None req-33a8a4c8-d126-468d-9553-3e88524522cf None None] Acquiring lock "97663af6-c684-4093-b3a3-926c1335a025" by "nova.context.set_target_cell.<locals>.get_or_set_cached_cell_and_set_connections" {{(pid=69186) inner /opt/stack/data/venv/lib/python3.12/site-packages/oslo_concurrency/lockutils.py:405}}
Jul 30 06:37:32.559740 np0000031981 devstack@n-api.service[69186]: DEBUG oslo_concurrency.lockutils [None req-33a8a4c8-d126-468d-9553-3e88524522cf None None] Lock "97663af6-c684-4093-b3a3-926c1335a025" acquired by "nova.context.set_target_cell.<locals>.get_or_set_cached_cell_and_set_connections" :: waited 0.000s {{(pid=69186) inner /opt/stack/data/venv/lib/python3.12/site-packages/oslo_concurrency/lockutils.py:410}}
Jul 30 06:37:32.560114 np0000031981 devstack@n-api.service[69187]: DEBUG oslo_concurrency.lockutils [None req-f86fddaf-cd5c-480c-b609-4f5e3f0b7115 None None] Lock "97663af6-c684-4093-b3a3-926c1335a025" "released" by "nova.context.set_target_cell.<locals>.get_or_set_cached_cell_and_set_connections" :: held 0.001s {{(pid=69187) inner /opt/stack/data/venv/lib/python3.12/site-packages/oslo_concurrency/lockutils.py:424}}
Jul 30 06:37:32.560398 np0000031981 devstack@n-api.service[69186]: DEBUG oslo_concurrency.lockutils [None req-33a8a4c8-d126-468d-9553-3e88524522cf None None] Lock "97663af6-c684-4093-b3a3-926c1335a025" "released" by "nova.context.set_target_cell.<locals>.get_or_set_cached_cell_and_set_connections" :: held 0.001s {{(pid=69186) inner /opt/stack/data/venv/lib/python3.12/site-packages/oslo_concurrency/lockutils.py:424}}
Jul 30 06:37:32.561400 np0000031981 devstack@n-api.service[69187]: INFO dbcounter [None req-f86fddaf-cd5c-480c-b609-4f5e3f0b7115 None None] Registered counter for database nova_cell0
Jul 30 06:37:32.561519 np0000031981 devstack@n-api.service[69186]: INFO dbcounter [None req-33a8a4c8-d126-468d-9553-3e88524522cf None None] Registered counter for database nova_cell0
Jul 30 06:37:32.563345 np0000031981 devstack@n-api.service[69187]: INFO dbcounter [None req-f86fddaf-cd5c-480c-b609-4f5e3f0b7115 None None] Registered counter for database nova_cell1
Jul 30 06:37:32.563377 np0000031981 devstack@n-api.service[69186]: INFO dbcounter [None req-33a8a4c8-d126-468d-9553-3e88524522cf None None] Registered counter for database nova_cell1
Jul 30 06:37:32.566316 np0000031981 devstack@n-api.service[69186]: DEBUG oslo_db.sqlalchemy.engines [None req-33a8a4c8-d126-468d-9553-3e88524522cf None None] MySQL server mode set to STRICT_TRANS_TABLES,STRICT_ALL_TABLES,NO_ZERO_IN_DATE,NO_ZERO_DATE,ERROR_FOR_DIVISION_BY_ZERO,TRADITIONAL,NO_ENGINE_SUBSTITUTION {{(pid=69186) _check_effective_sql_mode /opt/stack/data/venv/lib/python3.12/site-packages/oslo_db/sqlalchemy/engines.py:397}}
Jul 30 06:37:32.568066 np0000031981 devstack@n-api.service[69187]: DEBUG oslo_db.sqlalchemy.engines [None req-f86fddaf-cd5c-480c-b609-4f5e3f0b7115 None None] MySQL server mode set to STRICT_TRANS_TABLES,STRICT_ALL_TABLES,NO_ZERO_IN_DATE,NO_ZERO_DATE,ERROR_FOR_DIVISION_BY_ZERO,TRADITIONAL,NO_ENGINE_SUBSTITUTION {{(pid=69187) _check_effective_sql_mode /opt/stack/data/venv/lib/python3.12/site-packages/oslo_db/sqlalchemy/engines.py:397}}
Jul 30 06:37:32.626431 np0000031981 devstack@n-api.service[69186]: DEBUG oslo_db.sqlalchemy.engines [None req-33a8a4c8-d126-468d-9553-3e88524522cf None None] MySQL server mode set to STRICT_TRANS_TABLES,STRICT_ALL_TABLES,NO_ZERO_IN_DATE,NO_ZERO_DATE,ERROR_FOR_DIVISION_BY_ZERO,TRADITIONAL,NO_ENGINE_SUBSTITUTION {{(pid=69186) _check_effective_sql_mode /opt/stack/data/venv/lib/python3.12/site-packages/oslo_db/sqlalchemy/engines.py:397}}
Jul 30 06:37:32.626773 np0000031981 devstack@n-api.service[69186]: DEBUG dbcounter [-] [69186] Writer thread running {{(pid=69186) stat_writer /opt/stack/data/venv/lib/python3.12/site-packages/dbcounter.py:102}}
Jul 30 06:37:32.630112 np0000031981 devstack@n-api.service[69187]: DEBUG oslo_db.sqlalchemy.engines [None req-f86fddaf-cd5c-480c-b609-4f5e3f0b7115 None None] MySQL server mode set to STRICT_TRANS_TABLES,STRICT_ALL_TABLES,NO_ZERO_IN_DATE,NO_ZERO_DATE,ERROR_FOR_DIVISION_BY_ZERO,TRADITIONAL,NO_ENGINE_SUBSTITUTION {{(pid=69187) _check_effective_sql_mode /opt/stack/data/venv/lib/python3.12/site-packages/oslo_db/sqlalchemy/engines.py:397}}
Jul 30 06:37:32.630239 np0000031981 devstack@n-api.service[69186]: DEBUG dbcounter [-] [69186] Writer thread running {{(pid=69186) stat_writer /opt/stack/data/venv/lib/python3.12/site-packages/dbcounter.py:102}}
Jul 30 06:37:32.630412 np0000031981 devstack@n-api.service[69187]: DEBUG dbcounter [-] [69187] Writer thread running {{(pid=69187) stat_writer /opt/stack/data/venv/lib/python3.12/site-packages/dbcounter.py:102}}
Jul 30 06:37:32.632111 np0000031981 devstack@n-api.service[69186]: INFO dbcounter [None req-33a8a4c8-d126-468d-9553-3e88524522cf None None] Registered counter for database nova_cell0
Jul 30 06:37:32.633877 np0000031981 devstack@n-api.service[69187]: DEBUG dbcounter [-] [69187] Writer thread running {{(pid=69187) stat_writer /opt/stack/data/venv/lib/python3.12/site-packages/dbcounter.py:102}}
Jul 30 06:37:32.635738 np0000031981 devstack@n-api.service[69187]: INFO dbcounter [None req-f86fddaf-cd5c-480c-b609-4f5e3f0b7115 None None] Registered counter for database nova_cell0
Jul 30 06:37:32.637029 np0000031981 devstack@n-api.service[69186]: DEBUG oslo_db.sqlalchemy.engines [None req-33a8a4c8-d126-468d-9553-3e88524522cf None None] MySQL server mode set to STRICT_TRANS_TABLES,STRICT_ALL_TABLES,NO_ZERO_IN_DATE,NO_ZERO_DATE,ERROR_FOR_DIVISION_BY_ZERO,TRADITIONAL,NO_ENGINE_SUBSTITUTION {{(pid=69186) _check_effective_sql_mode /opt/stack/data/venv/lib/python3.12/site-packages/oslo_db/sqlalchemy/engines.py:397}}
Jul 30 06:37:32.640530 np0000031981 devstack@n-api.service[69187]: DEBUG oslo_db.sqlalchemy.engines [None req-f86fddaf-cd5c-480c-b609-4f5e3f0b7115 None None] MySQL server mode set to STRICT_TRANS_TABLES,STRICT_ALL_TABLES,NO_ZERO_IN_DATE,NO_ZERO_DATE,ERROR_FOR_DIVISION_BY_ZERO,TRADITIONAL,NO_ENGINE_SUBSTITUTION {{(pid=69187) _check_effective_sql_mode /opt/stack/data/venv/lib/python3.12/site-packages/oslo_db/sqlalchemy/engines.py:397}}
Jul 30 06:37:32.640584 np0000031981 devstack@n-api.service[69186]: DEBUG dbcounter [-] [69186] Writer thread running {{(pid=69186) stat_writer /opt/stack/data/venv/lib/python3.12/site-packages/dbcounter.py:102}}
Jul 30 06:37:32.644108 np0000031981 devstack@n-api.service[69187]: DEBUG dbcounter [-] [69187] Writer thread running {{(pid=69187) stat_writer /opt/stack/data/venv/lib/python3.12/site-packages/dbcounter.py:102}}
Jul 30 06:37:32.964020 np0000031981 devstack@n-api.service[69186]: DEBUG oslo_concurrency.processutils [None req-33a8a4c8-d126-468d-9553-3e88524522cf None None] Running cmd (subprocess): grep -F node.session.scan /sbin/iscsiadm {{(pid=69186) execute /opt/stack/data/venv/lib/python3.12/site-packages/oslo_concurrency/processutils.py:349}}
Jul 30 06:37:32.964641 np0000031981 devstack@n-api.service[69187]: DEBUG oslo_concurrency.processutils [None req-f86fddaf-cd5c-480c-b609-4f5e3f0b7115 None None] Running cmd (subprocess): grep -F node.session.scan /sbin/iscsiadm {{(pid=69187) execute /opt/stack/data/venv/lib/python3.12/site-packages/oslo_concurrency/processutils.py:349}}
Jul 30 06:37:32.971203 np0000031981 devstack@n-api.service[69186]: DEBUG oslo_concurrency.processutils [None req-33a8a4c8-d126-468d-9553-3e88524522cf None None] CMD "grep -F node.session.scan /sbin/iscsiadm" returned: 0 in 0.007s {{(pid=69186) execute /opt/stack/data/venv/lib/python3.12/site-packages/oslo_concurrency/processutils.py:372}}
Jul 30 06:37:32.971398 np0000031981 devstack@n-api.service[69187]: DEBUG oslo_concurrency.processutils [None req-f86fddaf-cd5c-480c-b609-4f5e3f0b7115 None None] CMD "grep -F node.session.scan /sbin/iscsiadm" returned: 0 in 0.007s {{(pid=69187) execute /opt/stack/data/venv/lib/python3.12/site-packages/oslo_concurrency/processutils.py:372}}
Jul 30 06:37:33.260629 np0000031981 devstack@n-api.service[69186]: WARNING keystonemiddleware.auth_token [None req-33a8a4c8-d126-468d-9553-3e88524522cf None None] AuthToken middleware is set with keystone_authtoken.service_token_roles_required set to False. This is backwards compatible but deprecated behaviour. Please set this to True.
Jul 30 06:37:33.260956 np0000031981 devstack@n-api.service[69187]: WARNING keystonemiddleware.auth_token [None req-f86fddaf-cd5c-480c-b609-4f5e3f0b7115 None None] AuthToken middleware is set with keystone_authtoken.service_token_roles_required set to False. This is backwards compatible but deprecated behaviour. Please set this to True.
Jul 30 06:37:33.263961 np0000031981 devstack@n-api.service[69186]: WARNING keystonemiddleware.auth_token [None req-33a8a4c8-d126-468d-9553-3e88524522cf None None] Configuring www_authenticate_uri to point to the public identity endpoint is required; clients may not be able to authenticate against an admin endpoint
Jul 30 06:37:33.264232 np0000031981 devstack@n-api.service[69187]: WARNING keystonemiddleware.auth_token [None req-f86fddaf-cd5c-480c-b609-4f5e3f0b7115 None None] Configuring www_authenticate_uri to point to the public identity endpoint is required; clients may not be able to authenticate against an admin endpoint
Jul 30 06:37:33.418908 np0000031981 devstack@n-api.service[69187]: WARNING keystonemiddleware.auth_token [None req-f86fddaf-cd5c-480c-b609-4f5e3f0b7115 None None] AuthToken middleware is set with keystone_authtoken.service_token_roles_required set to False. This is backwards compatible but deprecated behaviour. Please set this to True.
Jul 30 06:37:33.419063 np0000031981 devstack@n-api.service[69186]: WARNING keystonemiddleware.auth_token [None req-33a8a4c8-d126-468d-9553-3e88524522cf None None] AuthToken middleware is set with keystone_authtoken.service_token_roles_required set to False. This is backwards compatible but deprecated behaviour. Please set this to True.
Jul 30 06:37:33.421455 np0000031981 devstack@n-api.service[69187]: WARNING keystonemiddleware.auth_token [None req-f86fddaf-cd5c-480c-b609-4f5e3f0b7115 None None] Configuring www_authenticate_uri to point to the public identity endpoint is required; clients may not be able to authenticate against an admin endpoint
Jul 30 06:37:33.421564 np0000031981 devstack@n-api.service[69186]: WARNING keystonemiddleware.auth_token [None req-33a8a4c8-d126-468d-9553-3e88524522cf None None] Configuring www_authenticate_uri to point to the public identity endpoint is required; clients may not be able to authenticate against an admin endpoint
Jul 30 06:37:33.423324 np0000031981 devstack@n-api.service[69187]: WSGI app 0 (mountpoint='') ready in 2 seconds on interpreter 0x7a8fcaaa39e8 pid: 69187 (default app)
Jul 30 06:37:33.423409 np0000031981 devstack@n-api.service[69186]: WSGI app 0 (mountpoint='') ready in 2 seconds on interpreter 0x7a8fcaaa39e8 pid: 69186 (default app)
Jul 30 06:37:33.424256 np0000031981 devstack@n-api.service[69187]: DEBUG nova.api.openstack.wsgi [None req-f86fddaf-cd5c-480c-b609-4f5e3f0b7115 None None] Calling method '<bound method VersionsV2.index of <nova.api.openstack.compute.versions.VersionsV2 object at 0x7a8fc43d73b0>>' {{(pid=69187) _process_stack /opt/stack/nova/nova/api/openstack/wsgi.py:552}}
Jul 30 06:37:33.426909 np0000031981 devstack@n-api.service[69187]: INFO nova.api.openstack.requestlog [None req-f86fddaf-cd5c-480c-b609-4f5e3f0b7115 None None] 192.168.1.126 "GET /compute/v2.1/" status: 200 len: 391 microversion: 2.1 time: 0.002795
Jul 30 06:37:33.427029 np0000031981 devstack@n-api.service[69187]: [pid: 69187|app: 0|req: 1/1] 192.168.1.126 () {50 vars in 771 bytes} [Wed Jul 30 06:37:33 2025] GET /compute/v2.1/ => generated 391 bytes in 3 msecs (HTTP/1.1 200) 9 headers in 357 bytes (1 switches on core 0)
Jul 30 06:38:07.549588 np0000031981 devstack@n-api.service[69186]: DEBUG nova.api.openstack.wsgi [None req-33a8a4c8-d126-468d-9553-3e88524522cf None None] Calling method '<bound method VersionsV2.index of <nova.api.openstack.compute.versions.VersionsV2 object at 0x7a8fc446acc0>>' {{(pid=69186) _process_stack /opt/stack/nova/nova/api/openstack/wsgi.py:552}}
Jul 30 06:38:07.553072 np0000031981 devstack@n-api.service[69186]: INFO nova.api.openstack.requestlog [None req-33a8a4c8-d126-468d-9553-3e88524522cf None None] 192.168.1.126 "GET /compute/v2.1" status: 200 len: 392 microversion: 2.1 time: 0.004136
Jul 30 06:38:07.553338 np0000031981 devstack@n-api.service[69186]: [pid: 69186|app: 0|req: 1/2] 192.168.1.126 () {62 vars in 1056 bytes} [Wed Jul 30 06:38:07 2025] GET /compute/v2.1 => generated 392 bytes in 5 msecs (HTTP/1.1 200) 9 headers in 357 bytes (1 switches on core 0)
Jul 30 06:38:07.562230 np0000031981 devstack@n-api.service[69187]: DEBUG dbcounter [-] [69187] Writing DB stats nova_api:SELECT=1 {{(pid=69187) stat_writer /opt/stack/data/venv/lib/python3.12/site-packages/dbcounter.py:115}}
Jul 30 06:38:07.562869 np0000031981 devstack@n-api.service[69187]: DEBUG dbcounter [-] [69187] Writing DB stats nova_cell0:SELECT=1 {{(pid=69187) stat_writer /opt/stack/data/venv/lib/python3.12/site-packages/dbcounter.py:115}}
Jul 30 06:38:07.563240 np0000031981 devstack@n-api.service[69187]: DEBUG dbcounter [-] [69187] Writing DB stats nova_cell1:SELECT=1 {{(pid=69187) stat_writer /opt/stack/data/venv/lib/python3.12/site-packages/dbcounter.py:115}}
Jul 30 06:38:07.563485 np0000031981 devstack@n-api.service[69187]: DEBUG dbcounter [-] [69187] Writing DB stats nova_cell0:SELECT=2,nova_cell0:INSERT=1 {{(pid=69187) stat_writer /opt/stack/data/venv/lib/python3.12/site-packages/dbcounter.py:115}}
Jul 30 06:38:07.671559 np0000031981 devstack@n-api.service[69187]: DEBUG nova.api.openstack.wsgi [None req-17d6a3ff-7527-4679-a26f-6715e726a976 admin admin] Calling method '<bound method FlavorsController.detail of <nova.api.openstack.compute.flavors.FlavorsController object at 0x7a8fc3c85a60>>' {{(pid=69187) _process_stack /opt/stack/nova/nova/api/openstack/wsgi.py:552}}
Jul 30 06:38:07.687978 np0000031981 devstack@n-api.service[69187]: INFO nova.api.openstack.requestlog [None req-17d6a3ff-7527-4679-a26f-6715e726a976 admin admin] 192.168.1.126 "GET /compute/v2.1/flavors/detail?is_public=True" status: 200 len: 15 microversion: 2.61 time: 0.129539
Jul 30 06:38:07.688217 np0000031981 devstack@n-api.service[69187]: [pid: 69187|app: 0|req: 2/3] 192.168.1.126 () {68 vars in 1417 bytes} [Wed Jul 30 06:38:07 2025] GET /compute/v2.1/flavors/detail?is_public=True => generated 15 bytes in 130 msecs (HTTP/1.1 200) 9 headers in 358 bytes (1 switches on core 0)
Jul 30 06:38:07.767446 np0000031981 devstack@n-api.service[69186]: DEBUG dbcounter [-] [69186] Writing DB stats nova_api:SELECT=1 {{(pid=69186) stat_writer /opt/stack/data/venv/lib/python3.12/site-packages/dbcounter.py:115}}
Jul 30 06:38:07.768123 np0000031981 devstack@n-api.service[69186]: DEBUG dbcounter [-] [69186] Writing DB stats nova_cell0:SELECT=1 {{(pid=69186) stat_writer /opt/stack/data/venv/lib/python3.12/site-packages/dbcounter.py:115}}
Jul 30 06:38:07.768785 np0000031981 devstack@n-api.service[69186]: DEBUG dbcounter [-] [69186] Writing DB stats nova_cell1:SELECT=1 {{(pid=69186) stat_writer /opt/stack/data/venv/lib/python3.12/site-packages/dbcounter.py:115}}
Jul 30 06:38:07.768785 np0000031981 devstack@n-api.service[69186]: DEBUG dbcounter [-] [69186] Writing DB stats nova_cell0:SELECT=2,nova_cell0:INSERT=1 {{(pid=69186) stat_writer /opt/stack/data/venv/lib/python3.12/site-packages/dbcounter.py:115}}
Jul 30 06:38:07.847208 np0000031981 devstack@n-api.service[69186]: DEBUG nova.api.openstack.wsgi [None req-f72050ce-11f2-44d8-a17c-edad7a056f8d admin admin] Action: 'create', calling method: <bound method FlavorsController.create of <nova.api.openstack.compute.flavors.FlavorsController object at 0x7a8fc3c85af0>>, body: {"flavor": {"ram": 256, "disk": 1, "rxtx_factor": 1.0, "id": "c1", "swap": 0, "os-flavor-access:is_public": true, "OS-FLV-EXT-DATA:ephemeral": 0, "name": "cirros256", "vcpus": 1}} {{(pid=69186) _process_stack /opt/stack/nova/nova/api/openstack/wsgi.py:550}}
Jul 30 06:38:07.882275 np0000031981 devstack@n-api.service[69186]: INFO nova.api.openstack.requestlog [None req-f72050ce-11f2-44d8-a17c-edad7a056f8d admin admin] 192.168.1.126 "POST /compute/v2.1/flavors" status: 200 len: 413 microversion: 2.61 time: 0.118266
Jul 30 06:38:07.882508 np0000031981 devstack@n-api.service[69186]: [pid: 69186|app: 0|req: 2/4] 192.168.1.126 () {72 vars in 1408 bytes} [Wed Jul 30 06:38:07 2025] POST /compute/v2.1/flavors => generated 413 bytes in 119 msecs (HTTP/1.1 200) 9 headers in 359 bytes (1 switches on core 0)
Jul 30 06:38:07.892369 np0000031981 devstack@n-api.service[69187]: DEBUG nova.api.openstack.wsgi [None req-b9e26860-1086-4436-a1fe-5bab2ef8b4d2 admin admin] Action: 'create', calling method: <bound method FlavorExtraSpecsController.create of <nova.api.openstack.compute.flavors_extraspecs.FlavorExtraSpecsController object at 0x7a8fc3c861b0>>, body: {"extra_specs": {"hw_rng:allowed": "True"}} {{(pid=69187) _process_stack /opt/stack/nova/nova/api/openstack/wsgi.py:550}}
Jul 30 06:38:07.916344 np0000031981 devstack@n-api.service[69187]: INFO nova.api.openstack.requestlog [None req-b9e26860-1086-4436-a1fe-5bab2ef8b4d2 admin admin] 192.168.1.126 "POST /compute/v2.1/flavors/c1/os-extra_specs" status: 200 len: 43 microversion: 2.61 time: 0.025590
Jul 30 06:38:07.916691 np0000031981 devstack@n-api.service[69187]: [pid: 69187|app: 0|req: 3/5] 192.168.1.126 () {72 vars in 1461 bytes} [Wed Jul 30 06:38:07 2025] POST /compute/v2.1/flavors/c1/os-extra_specs => generated 43 bytes in 26 msecs (HTTP/1.1 200) 9 headers in 358 bytes (1 switches on core 0)
Jul 30 06:38:07.996097 np0000031981 devstack@n-api.service[69186]: DEBUG nova.api.openstack.wsgi [None req-ee469266-95d4-407c-8576-fe52cf3cf532 admin admin] Action: 'create', calling method: <bound method FlavorsController.create of <nova.api.openstack.compute.flavors.FlavorsController object at 0x7a8fc3c85af0>>, body: {"flavor": {"ram": 512, "disk": 5, "rxtx_factor": 1.0, "id": "d1", "swap": 0, "os-flavor-access:is_public": true, "OS-FLV-EXT-DATA:ephemeral": 0, "name": "ds512M", "vcpus": 1}} {{(pid=69186) _process_stack /opt/stack/nova/nova/api/openstack/wsgi.py:550}}
Jul 30 06:38:08.007645 np0000031981 devstack@n-api.service[69186]: INFO nova.api.openstack.requestlog [None req-ee469266-95d4-407c-8576-fe52cf3cf532 admin admin] 192.168.1.126 "POST /compute/v2.1/flavors" status: 200 len: 410 microversion: 2.61 time: 0.013090
Jul 30 06:38:08.007794 np0000031981 devstack@n-api.service[69186]: [pid: 69186|app: 0|req: 3/6] 192.168.1.126 () {72 vars in 1408 bytes} [Wed Jul 30 06:38:07 2025] POST /compute/v2.1/flavors => generated 410 bytes in 13 msecs (HTTP/1.1 200) 9 headers in 359 bytes (1 switches on core 0)
Jul 30 06:38:08.015655 np0000031981 devstack@n-api.service[69187]: DEBUG nova.api.openstack.wsgi [None req-cf97c87f-905e-47d4-a321-727f6fb3eb1f admin admin] Action: 'create', calling method: <bound method FlavorExtraSpecsController.create of <nova.api.openstack.compute.flavors_extraspecs.FlavorExtraSpecsController object at 0x7a8fc3c861b0>>, body: {"extra_specs": {"hw_rng:allowed": "True"}} {{(pid=69187) _process_stack /opt/stack/nova/nova/api/openstack/wsgi.py:550}}
Jul 30 06:38:08.028925 np0000031981 devstack@n-api.service[69187]: INFO nova.api.openstack.requestlog [None req-cf97c87f-905e-47d4-a321-727f6fb3eb1f admin admin] 192.168.1.126 "POST /compute/v2.1/flavors/d1/os-extra_specs" status: 200 len: 43 microversion: 2.61 time: 0.014738
Jul 30 06:38:08.029167 np0000031981 devstack@n-api.service[69187]: [pid: 69187|app: 0|req: 4/7] 192.168.1.126 () {72 vars in 1461 bytes} [Wed Jul 30 06:38:08 2025] POST /compute/v2.1/flavors/d1/os-extra_specs => generated 43 bytes in 15 msecs (HTTP/1.1 200) 9 headers in 358 bytes (1 switches on core 0)
Jul 30 06:38:08.110094 np0000031981 devstack@n-api.service[69186]: DEBUG nova.api.openstack.wsgi [None req-ae972667-c589-48b4-a758-7a84f47f2282 admin admin] Action: 'create', calling method: <bound method FlavorsController.create of <nova.api.openstack.compute.flavors.FlavorsController object at 0x7a8fc3c85af0>>, body: {"flavor": {"ram": 1024, "disk": 10, "rxtx_factor": 1.0, "id": "d2", "swap": 0, "os-flavor-access:is_public": true, "OS-FLV-EXT-DATA:ephemeral": 0, "name": "ds1G", "vcpus": 1}} {{(pid=69186) _process_stack /opt/stack/nova/nova/api/openstack/wsgi.py:550}}
Jul 30 06:38:08.120953 np0000031981 devstack@n-api.service[69186]: INFO nova.api.openstack.requestlog [None req-ae972667-c589-48b4-a758-7a84f47f2282 admin admin] 192.168.1.126 "POST /compute/v2.1/flavors" status: 200 len: 410 microversion: 2.61 time: 0.012575
Jul 30 06:38:08.121189 np0000031981 devstack@n-api.service[69186]: [pid: 69186|app: 0|req: 4/8] 192.168.1.126 () {72 vars in 1408 bytes} [Wed Jul 30 06:38:08 2025] POST /compute/v2.1/flavors => generated 410 bytes in 13 msecs (HTTP/1.1 200) 9 headers in 359 bytes (1 switches on core 0)
Jul 30 06:38:08.128481 np0000031981 devstack@n-api.service[69187]: DEBUG nova.api.openstack.wsgi [None req-8839b8bc-ca4a-48ad-9e06-38f28a7aac50 admin admin] Action: 'create', calling method: <bound method FlavorExtraSpecsController.create of <nova.api.openstack.compute.flavors_extraspecs.FlavorExtraSpecsController object at 0x7a8fc3c861b0>>, body: {"extra_specs": {"hw_rng:allowed": "True"}} {{(pid=69187) _process_stack /opt/stack/nova/nova/api/openstack/wsgi.py:550}}
Jul 30 06:38:08.139660 np0000031981 devstack@n-api.service[69187]: INFO nova.api.openstack.requestlog [None req-8839b8bc-ca4a-48ad-9e06-38f28a7aac50 admin admin] 192.168.1.126 "POST /compute/v2.1/flavors/d2/os-extra_specs" status: 200 len: 43 microversion: 2.61 time: 0.012620
Jul 30 06:38:08.139888 np0000031981 devstack@n-api.service[69187]: [pid: 69187|app: 0|req: 5/9] 192.168.1.126 () {72 vars in 1461 bytes} [Wed Jul 30 06:38:08 2025] POST /compute/v2.1/flavors/d2/os-extra_specs => generated 43 bytes in 13 msecs (HTTP/1.1 200) 9 headers in 358 bytes (1 switches on core 0)
Jul 30 06:38:08.214274 np0000031981 devstack@n-api.service[69186]: DEBUG nova.api.openstack.wsgi [None req-490e654b-9e4f-40ce-aff2-4bf0555bea18 admin admin] Action: 'create', calling method: <bound method FlavorsController.create of <nova.api.openstack.compute.flavors.FlavorsController object at 0x7a8fc3c85af0>>, body: {"flavor": {"ram": 2048, "disk": 10, "rxtx_factor": 1.0, "id": "d3", "swap": 0, "os-flavor-access:is_public": true, "OS-FLV-EXT-DATA:ephemeral": 0, "name": "ds2G", "vcpus": 2}} {{(pid=69186) _process_stack /opt/stack/nova/nova/api/openstack/wsgi.py:550}}
Jul 30 06:38:08.224993 np0000031981 devstack@n-api.service[69186]: INFO nova.api.openstack.requestlog [None req-490e654b-9e4f-40ce-aff2-4bf0555bea18 admin admin] 192.168.1.126 "POST /compute/v2.1/flavors" status: 200 len: 410 microversion: 2.61 time: 0.012196
Jul 30 06:38:08.225227 np0000031981 devstack@n-api.service[69186]: [pid: 69186|app: 0|req: 5/10] 192.168.1.126 () {72 vars in 1408 bytes} [Wed Jul 30 06:38:08 2025] POST /compute/v2.1/flavors => generated 410 bytes in 12 msecs (HTTP/1.1 200) 9 headers in 359 bytes (1 switches on core 0)
Jul 30 06:38:08.232731 np0000031981 devstack@n-api.service[69187]: DEBUG nova.api.openstack.wsgi [None req-22f3055f-ee15-42d4-984a-3ac2eb03892d admin admin] Action: 'create', calling method: <bound method FlavorExtraSpecsController.create of <nova.api.openstack.compute.flavors_extraspecs.FlavorExtraSpecsController object at 0x7a8fc3c861b0>>, body: {"extra_specs": {"hw_rng:allowed": "True"}} {{(pid=69187) _process_stack /opt/stack/nova/nova/api/openstack/wsgi.py:550}}
Jul 30 06:38:08.247791 np0000031981 devstack@n-api.service[69187]: INFO nova.api.openstack.requestlog [None req-22f3055f-ee15-42d4-984a-3ac2eb03892d admin admin] 192.168.1.126 "POST /compute/v2.1/flavors/d3/os-extra_specs" status: 200 len: 43 microversion: 2.61 time: 0.016502
Jul 30 06:38:08.248046 np0000031981 devstack@n-api.service[69187]: [pid: 69187|app: 0|req: 6/11] 192.168.1.126 () {72 vars in 1461 bytes} [Wed Jul 30 06:38:08 2025] POST /compute/v2.1/flavors/d3/os-extra_specs => generated 43 bytes in 17 msecs (HTTP/1.1 200) 9 headers in 358 bytes (1 switches on core 0)
Jul 30 06:38:08.324984 np0000031981 devstack@n-api.service[69186]: DEBUG nova.api.openstack.wsgi [None req-105a397b-2b57-476f-988a-addeed067e32 admin admin] Action: 'create', calling method: <bound method FlavorsController.create of <nova.api.openstack.compute.flavors.FlavorsController object at 0x7a8fc3c85af0>>, body: {"flavor": {"ram": 4096, "disk": 20, "rxtx_factor": 1.0, "id": "d4", "swap": 0, "os-flavor-access:is_public": true, "OS-FLV-EXT-DATA:ephemeral": 0, "name": "ds4G", "vcpus": 4}} {{(pid=69186) _process_stack /opt/stack/nova/nova/api/openstack/wsgi.py:550}}
Jul 30 06:38:08.340605 np0000031981 devstack@n-api.service[69186]: INFO nova.api.openstack.requestlog [None req-105a397b-2b57-476f-988a-addeed067e32 admin admin] 192.168.1.126 "POST /compute/v2.1/flavors" status: 200 len: 410 microversion: 2.61 time: 0.017118
Jul 30 06:38:08.340831 np0000031981 devstack@n-api.service[69186]: [pid: 69186|app: 0|req: 6/12] 192.168.1.126 () {72 vars in 1408 bytes} [Wed Jul 30 06:38:08 2025] POST /compute/v2.1/flavors => generated 410 bytes in 17 msecs (HTTP/1.1 200) 9 headers in 359 bytes (1 switches on core 0)
Jul 30 06:38:08.348098 np0000031981 devstack@n-api.service[69187]: DEBUG nova.api.openstack.wsgi [None req-349171dd-819c-4cca-8e81-b12f6ff1531b admin admin] Action: 'create', calling method: <bound method FlavorExtraSpecsController.create of <nova.api.openstack.compute.flavors_extraspecs.FlavorExtraSpecsController object at 0x7a8fc3c861b0>>, body: {"extra_specs": {"hw_rng:allowed": "True"}} {{(pid=69187) _process_stack /opt/stack/nova/nova/api/openstack/wsgi.py:550}}
Jul 30 06:38:08.359724 np0000031981 devstack@n-api.service[69187]: INFO nova.api.openstack.requestlog [None req-349171dd-819c-4cca-8e81-b12f6ff1531b admin admin] 192.168.1.126 "POST /compute/v2.1/flavors/d4/os-extra_specs" status: 200 len: 43 microversion: 2.61 time: 0.013097
Jul 30 06:38:08.359950 np0000031981 devstack@n-api.service[69187]: [pid: 69187|app: 0|req: 7/13] 192.168.1.126 () {72 vars in 1461 bytes} [Wed Jul 30 06:38:08 2025] POST /compute/v2.1/flavors/d4/os-extra_specs => generated 43 bytes in 13 msecs (HTTP/1.1 200) 9 headers in 358 bytes (1 switches on core 0)
Jul 30 06:38:08.433888 np0000031981 devstack@n-api.service[69186]: DEBUG nova.api.openstack.wsgi [None req-0b7698aa-1e7b-4b91-b645-2f20d631d42d admin admin] Calling method '<bound method FlavorsController.detail of <nova.api.openstack.compute.flavors.FlavorsController object at 0x7a8fc3c85c40>>' {{(pid=69186) _process_stack /opt/stack/nova/nova/api/openstack/wsgi.py:552}}
Jul 30 06:38:08.448462 np0000031981 devstack@n-api.service[69186]: INFO nova.api.openstack.requestlog [None req-0b7698aa-1e7b-4b91-b645-2f20d631d42d admin admin] 192.168.1.126 "GET /compute/v2.1/flavors/detail?is_public=True" status: 200 len: 2136 microversion: 2.61 time: 0.016005
Jul 30 06:38:08.448928 np0000031981 devstack@n-api.service[69186]: [pid: 69186|app: 0|req: 7/14] 192.168.1.126 () {68 vars in 1417 bytes} [Wed Jul 30 06:38:08 2025] GET /compute/v2.1/flavors/detail?is_public=True => generated 2136 bytes in 16 msecs (HTTP/1.1 200) 9 headers in 360 bytes (1 switches on core 0)
Jul 30 06:38:08.532666 np0000031981 devstack@n-api.service[69187]: DEBUG nova.api.openstack.wsgi [None req-b171b02b-fb80-4148-a0f4-e6b11af0e190 admin admin] Action: 'create', calling method: <bound method FlavorsController.create of <nova.api.openstack.compute.flavors.FlavorsController object at 0x7a8fc3c85910>>, body: {"flavor": {"ram": 512, "disk": 1, "rxtx_factor": 1.0, "id": "1", "swap": 0, "os-flavor-access:is_public": true, "OS-FLV-EXT-DATA:ephemeral": 0, "name": "m1.tiny", "vcpus": 1}} {{(pid=69187) _process_stack /opt/stack/nova/nova/api/openstack/wsgi.py:550}}
Jul 30 06:38:08.550731 np0000031981 devstack@n-api.service[69187]: INFO nova.api.openstack.requestlog [None req-b171b02b-fb80-4148-a0f4-e6b11af0e190 admin admin] 192.168.1.126 "POST /compute/v2.1/flavors" status: 200 len: 408 microversion: 2.61 time: 0.020300
Jul 30 06:38:08.550731 np0000031981 devstack@n-api.service[69187]: [pid: 69187|app: 0|req: 8/15] 192.168.1.126 () {72 vars in 1408 bytes} [Wed Jul 30 06:38:08 2025] POST /compute/v2.1/flavors => generated 408 bytes in 21 msecs (HTTP/1.1 200) 9 headers in 359 bytes (1 switches on core 0)
Jul 30 06:38:08.558541 np0000031981 devstack@n-api.service[69186]: DEBUG nova.api.openstack.wsgi [None req-25cdae43-7f27-43cd-9402-bdd1c81a19e4 admin admin] Action: 'create', calling method: <bound method FlavorExtraSpecsController.create of <nova.api.openstack.compute.flavors_extraspecs.FlavorExtraSpecsController object at 0x7a8fc3c86390>>, body: {"extra_specs": {"hw_rng:allowed": "True"}} {{(pid=69186) _process_stack /opt/stack/nova/nova/api/openstack/wsgi.py:550}}
Jul 30 06:38:08.576778 np0000031981 devstack@n-api.service[69186]: INFO nova.api.openstack.requestlog [None req-25cdae43-7f27-43cd-9402-bdd1c81a19e4 admin admin] 192.168.1.126 "POST /compute/v2.1/flavors/1/os-extra_specs" status: 200 len: 43 microversion: 2.61 time: 0.019645
Jul 30 06:38:08.577017 np0000031981 devstack@n-api.service[69186]: [pid: 69186|app: 0|req: 8/16] 192.168.1.126 () {72 vars in 1458 bytes} [Wed Jul 30 06:38:08 2025] POST /compute/v2.1/flavors/1/os-extra_specs => generated 43 bytes in 20 msecs (HTTP/1.1 200) 9 headers in 358 bytes (1 switches on core 0)
Jul 30 06:38:08.655610 np0000031981 devstack@n-api.service[69187]: DEBUG nova.api.openstack.wsgi [None req-a9a1d4e1-ee28-4cf9-84ab-a915c2b71e22 admin admin] Action: 'create', calling method: <bound method FlavorsController.create of <nova.api.openstack.compute.flavors.FlavorsController object at 0x7a8fc3c85910>>, body: {"flavor": {"ram": 2048, "disk": 20, "rxtx_factor": 1.0, "id": "2", "swap": 0, "os-flavor-access:is_public": true, "OS-FLV-EXT-DATA:ephemeral": 0, "name": "m1.small", "vcpus": 1}} {{(pid=69187) _process_stack /opt/stack/nova/nova/api/openstack/wsgi.py:550}}
Jul 30 06:38:08.664839 np0000031981 devstack@n-api.service[69187]: INFO nova.api.openstack.requestlog [None req-a9a1d4e1-ee28-4cf9-84ab-a915c2b71e22 admin admin] 192.168.1.126 "POST /compute/v2.1/flavors" status: 200 len: 411 microversion: 2.61 time: 0.011849
Jul 30 06:38:08.665163 np0000031981 devstack@n-api.service[69187]: [pid: 69187|app: 0|req: 9/17] 192.168.1.126 () {72 vars in 1408 bytes} [Wed Jul 30 06:38:08 2025] POST /compute/v2.1/flavors => generated 411 bytes in 12 msecs (HTTP/1.1 200) 9 headers in 359 bytes (1 switches on core 0)
Jul 30 06:38:08.672529 np0000031981 devstack@n-api.service[69186]: DEBUG nova.api.openstack.wsgi [None req-f29d1e2b-78f2-4152-a85c-3d3f32767572 admin admin] Action: 'create', calling method: <bound method FlavorExtraSpecsController.create of <nova.api.openstack.compute.flavors_extraspecs.FlavorExtraSpecsController object at 0x7a8fc3c86390>>, body: {"extra_specs": {"hw_rng:allowed": "True"}} {{(pid=69186) _process_stack /opt/stack/nova/nova/api/openstack/wsgi.py:550}}
Jul 30 06:38:08.683919 np0000031981 devstack@n-api.service[69186]: INFO nova.api.openstack.requestlog [None req-f29d1e2b-78f2-4152-a85c-3d3f32767572 admin admin] 192.168.1.126 "POST /compute/v2.1/flavors/2/os-extra_specs" status: 200 len: 43 microversion: 2.61 time: 0.012825
Jul 30 06:38:08.684336 np0000031981 devstack@n-api.service[69186]: [pid: 69186|app: 0|req: 9/18] 192.168.1.126 () {72 vars in 1458 bytes} [Wed Jul 30 06:38:08 2025] POST /compute/v2.1/flavors/2/os-extra_specs => generated 43 bytes in 13 msecs (HTTP/1.1 200) 9 headers in 358 bytes (1 switches on core 0)
Jul 30 06:38:08.763067 np0000031981 devstack@n-api.service[69187]: DEBUG nova.api.openstack.wsgi [None req-5ae49212-691e-418d-897d-86b186dc1a50 admin admin] Action: 'create', calling method: <bound method FlavorsController.create of <nova.api.openstack.compute.flavors.FlavorsController object at 0x7a8fc3c85910>>, body: {"flavor": {"ram": 4096, "disk": 40, "rxtx_factor": 1.0, "id": "3", "swap": 0, "os-flavor-access:is_public": true, "OS-FLV-EXT-DATA:ephemeral": 0, "name": "m1.medium", "vcpus": 2}} {{(pid=69187) _process_stack /opt/stack/nova/nova/api/openstack/wsgi.py:550}}
Jul 30 06:38:08.775118 np0000031981 devstack@n-api.service[69187]: INFO nova.api.openstack.requestlog [None req-5ae49212-691e-418d-897d-86b186dc1a50 admin admin] 192.168.1.126 "POST /compute/v2.1/flavors" status: 200 len: 412 microversion: 2.61 time: 0.013892
Jul 30 06:38:08.775421 np0000031981 devstack@n-api.service[69187]: [pid: 69187|app: 0|req: 10/19] 192.168.1.126 () {72 vars in 1408 bytes} [Wed Jul 30 06:38:08 2025] POST /compute/v2.1/flavors => generated 412 bytes in 14 msecs (HTTP/1.1 200) 9 headers in 359 bytes (1 switches on core 0)
Jul 30 06:38:08.784732 np0000031981 devstack@n-api.service[69186]: DEBUG nova.api.openstack.wsgi [None req-734d2b89-b2bc-4746-b39c-b180f6260f14 admin admin] Action: 'create', calling method: <bound method FlavorExtraSpecsController.create of <nova.api.openstack.compute.flavors_extraspecs.FlavorExtraSpecsController object at 0x7a8fc3c86390>>, body: {"extra_specs": {"hw_rng:allowed": "True"}} {{(pid=69186) _process_stack /opt/stack/nova/nova/api/openstack/wsgi.py:550}}
Jul 30 06:38:08.800653 np0000031981 devstack@n-api.service[69186]: INFO nova.api.openstack.requestlog [None req-734d2b89-b2bc-4746-b39c-b180f6260f14 admin admin] 192.168.1.126 "POST /compute/v2.1/flavors/3/os-extra_specs" status: 200 len: 43 microversion: 2.61 time: 0.017385
Jul 30 06:38:08.801113 np0000031981 devstack@n-api.service[69186]: [pid: 69186|app: 0|req: 10/20] 192.168.1.126 () {72 vars in 1458 bytes} [Wed Jul 30 06:38:08 2025] POST /compute/v2.1/flavors/3/os-extra_specs => generated 43 bytes in 18 msecs (HTTP/1.1 200) 9 headers in 358 bytes (1 switches on core 0)
Jul 30 06:38:08.891668 np0000031981 devstack@n-api.service[69187]: DEBUG nova.api.openstack.wsgi [None req-210bf600-613f-4714-bc6a-25879c56c241 admin admin] Action: 'create', calling method: <bound method FlavorsController.create of <nova.api.openstack.compute.flavors.FlavorsController object at 0x7a8fc3c85910>>, body: {"flavor": {"ram": 8192, "disk": 80, "rxtx_factor": 1.0, "id": "4", "swap": 0, "os-flavor-access:is_public": true, "OS-FLV-EXT-DATA:ephemeral": 0, "name": "m1.large", "vcpus": 4}} {{(pid=69187) _process_stack /opt/stack/nova/nova/api/openstack/wsgi.py:550}}
Jul 30 06:38:08.908078 np0000031981 devstack@n-api.service[69187]: INFO nova.api.openstack.requestlog [None req-210bf600-613f-4714-bc6a-25879c56c241 admin admin] 192.168.1.126 "POST /compute/v2.1/flavors" status: 200 len: 411 microversion: 2.61 time: 0.019527
Jul 30 06:38:08.908145 np0000031981 devstack@n-api.service[69187]: [pid: 69187|app: 0|req: 11/21] 192.168.1.126 () {72 vars in 1408 bytes} [Wed Jul 30 06:38:08 2025] POST /compute/v2.1/flavors => generated 411 bytes in 20 msecs (HTTP/1.1 200) 9 headers in 359 bytes (1 switches on core 0)
Jul 30 06:38:08.915812 np0000031981 devstack@n-api.service[69186]: DEBUG nova.api.openstack.wsgi [None req-4ddaeaa1-7be0-4e1f-86b8-3ff4ec6fb172 admin admin] Action: 'create', calling method: <bound method FlavorExtraSpecsController.create of <nova.api.openstack.compute.flavors_extraspecs.FlavorExtraSpecsController object at 0x7a8fc3c86390>>, body: {"extra_specs": {"hw_rng:allowed": "True"}} {{(pid=69186) _process_stack /opt/stack/nova/nova/api/openstack/wsgi.py:550}}
Jul 30 06:38:08.927990 np0000031981 devstack@n-api.service[69186]: INFO nova.api.openstack.requestlog [None req-4ddaeaa1-7be0-4e1f-86b8-3ff4ec6fb172 admin admin] 192.168.1.126 "POST /compute/v2.1/flavors/4/os-extra_specs" status: 200 len: 43 microversion: 2.61 time: 0.013647
Jul 30 06:38:08.928244 np0000031981 devstack@n-api.service[69186]: [pid: 69186|app: 0|req: 11/22] 192.168.1.126 () {72 vars in 1458 bytes} [Wed Jul 30 06:38:08 2025] POST /compute/v2.1/flavors/4/os-extra_specs => generated 43 bytes in 14 msecs (HTTP/1.1 200) 9 headers in 358 bytes (1 switches on core 0)
Jul 30 06:38:09.009615 np0000031981 devstack@n-api.service[69187]: DEBUG nova.api.openstack.wsgi [None req-178673b3-48af-4f21-8833-09b31c6b0471 admin admin] Action: 'create', calling method: <bound method FlavorsController.create of <nova.api.openstack.compute.flavors.FlavorsController object at 0x7a8fc3c85910>>, body: {"flavor": {"ram": 16384, "disk": 160, "rxtx_factor": 1.0, "id": "5", "swap": 0, "os-flavor-access:is_public": true, "OS-FLV-EXT-DATA:ephemeral": 0, "name": "m1.xlarge", "vcpus": 8}} {{(pid=69187) _process_stack /opt/stack/nova/nova/api/openstack/wsgi.py:550}}
Jul 30 06:38:09.021560 np0000031981 devstack@n-api.service[69187]: INFO nova.api.openstack.requestlog [None req-178673b3-48af-4f21-8833-09b31c6b0471 admin admin] 192.168.1.126 "POST /compute/v2.1/flavors" status: 200 len: 414 microversion: 2.61 time: 0.013544
Jul 30 06:38:09.021560 np0000031981 devstack@n-api.service[69187]: [pid: 69187|app: 0|req: 12/23] 192.168.1.126 () {72 vars in 1408 bytes} [Wed Jul 30 06:38:09 2025] POST /compute/v2.1/flavors => generated 414 bytes in 14 msecs (HTTP/1.1 200) 9 headers in 359 bytes (1 switches on core 0)
Jul 30 06:38:09.029329 np0000031981 devstack@n-api.service[69186]: DEBUG nova.api.openstack.wsgi [None req-b8f5168d-8793-4a28-8048-7f3063b17cb7 admin admin] Action: 'create', calling method: <bound method FlavorExtraSpecsController.create of <nova.api.openstack.compute.flavors_extraspecs.FlavorExtraSpecsController object at 0x7a8fc3c86390>>, body: {"extra_specs": {"hw_rng:allowed": "True"}} {{(pid=69186) _process_stack /opt/stack/nova/nova/api/openstack/wsgi.py:550}}
Jul 30 06:38:09.044073 np0000031981 devstack@n-api.service[69186]: INFO nova.api.openstack.requestlog [None req-b8f5168d-8793-4a28-8048-7f3063b17cb7 admin admin] 192.168.1.126 "POST /compute/v2.1/flavors/5/os-extra_specs" status: 200 len: 43 microversion: 2.61 time: 0.016172
Jul 30 06:38:09.044357 np0000031981 devstack@n-api.service[69186]: [pid: 69186|app: 0|req: 12/24] 192.168.1.126 () {72 vars in 1458 bytes} [Wed Jul 30 06:38:09 2025] POST /compute/v2.1/flavors/5/os-extra_specs => generated 43 bytes in 16 msecs (HTTP/1.1 200) 9 headers in 358 bytes (1 switches on core 0)
Jul 30 06:38:23.624775 np0000031981 devstack@n-api.service[69187]: DEBUG nova.api.openstack.wsgi [None req-0aa046c3-85dd-496d-ae2e-ca241b8a7033 admin admin] Calling method '<bound method FlavorsController.detail of <nova.api.openstack.compute.flavors.FlavorsController object at 0x7a8fc3c85a60>>' {{(pid=69187) _process_stack /opt/stack/nova/nova/api/openstack/wsgi.py:552}}
Jul 30 06:38:23.627284 np0000031981 devstack@n-api.service[69187]: DEBUG dbcounter [-] [69187] Writing DB stats nova_api:SELECT=21,nova_api:SAVEPOINT=5,nova_api:INSERT=10,nova_api:RELEASE=5 {{(pid=69187) stat_writer /opt/stack/data/venv/lib/python3.12/site-packages/dbcounter.py:115}}
Jul 30 06:38:23.636502 np0000031981 devstack@n-api.service[69187]: INFO nova.api.openstack.requestlog [None req-0aa046c3-85dd-496d-ae2e-ca241b8a7033 admin admin] 192.168.1.126 "GET /compute/v2.1/flavors/detail?is_public=True" status: 200 len: 4262 microversion: 2.61 time: 0.013181
Jul 30 06:38:23.636742 np0000031981 devstack@n-api.service[69187]: [pid: 69187|app: 0|req: 13/25] 192.168.1.126 () {68 vars in 1417 bytes} [Wed Jul 30 06:38:23 2025] GET /compute/v2.1/flavors/detail?is_public=True => generated 4262 bytes in 13 msecs (HTTP/1.1 200) 9 headers in 360 bytes (1 switches on core 0)
Jul 30 06:38:23.737463 np0000031981 devstack@n-api.service[69186]: DEBUG nova.api.openstack.wsgi [None req-3e13f143-7c24-4518-9563-10e80cd33a32 admin admin] Action: 'create', calling method: <bound method FlavorsController.create of <nova.api.openstack.compute.flavors.FlavorsController object at 0x7a8fc3c85af0>>, body: {"flavor": {"ram": 1024, "disk": 5, "rxtx_factor": 1.0, "id": "100", "swap": 0, "os-flavor-access:is_public": true, "OS-FLV-EXT-DATA:ephemeral": 0, "name": "manila-service-flavor", "vcpus": 1}} {{(pid=69186) _process_stack /opt/stack/nova/nova/api/openstack/wsgi.py:550}}
Jul 30 06:38:23.740068 np0000031981 devstack@n-api.service[69186]: DEBUG dbcounter [-] [69186] Writing DB stats nova_api:INSERT=10,nova_api:SELECT=21,nova_api:SAVEPOINT=5,nova_api:RELEASE=5 {{(pid=69186) stat_writer /opt/stack/data/venv/lib/python3.12/site-packages/dbcounter.py:115}}
Jul 30 06:38:23.748870 np0000031981 devstack@n-api.service[69186]: INFO nova.api.openstack.requestlog [None req-3e13f143-7c24-4518-9563-10e80cd33a32 admin admin] 192.168.1.126 "POST /compute/v2.1/flavors" status: 200 len: 429 microversion: 2.61 time: 0.012870
Jul 30 06:38:23.749089 np0000031981 devstack@n-api.service[69186]: [pid: 69186|app: 0|req: 13/26] 192.168.1.126 () {72 vars in 1408 bytes} [Wed Jul 30 06:38:23 2025] POST /compute/v2.1/flavors => generated 429 bytes in 13 msecs (HTTP/1.1 200) 9 headers in 359 bytes (1 switches on core 0)
Jul 30 06:38:51.241490 np0000031981 devstack@n-api.service[69187]: DEBUG nova.api.openstack.wsgi [None req-40159306-6f88-4e73-b26b-18675e2455b0 admin admin] Calling method '<bound method KeypairController.index of <nova.api.openstack.compute.keypairs.KeypairController object at 0x7a8fc3b34ce0>>' {{(pid=69187) _process_stack /opt/stack/nova/nova/api/openstack/wsgi.py:552}}
Jul 30 06:38:51.243731 np0000031981 devstack@n-api.service[69187]: WARNING oslo_db.sqlalchemy.utils [None req-40159306-6f88-4e73-b26b-18675e2455b0 admin admin] Unique keys not in sort_keys. The sorting order may be unstable.
Jul 30 06:38:51.250435 np0000031981 devstack@n-api.service[69187]: INFO nova.api.openstack.requestlog [None req-40159306-6f88-4e73-b26b-18675e2455b0 admin admin] 192.168.1.126 "GET /compute/v2.1/os-keypairs" status: 200 len: 16 microversion: 2.10 time: 0.010156
Jul 30 06:38:51.250435 np0000031981 devstack@n-api.service[69187]: [pid: 69187|app: 0|req: 14/27] 192.168.1.126 () {68 vars in 1379 bytes} [Wed Jul 30 06:38:51 2025] GET /compute/v2.1/os-keypairs => generated 16 bytes in 10 msecs (HTTP/1.1 200) 9 headers in 358 bytes (1 switches on core 0)
Jul 30 06:38:51.343414 np0000031981 devstack@n-api.service[69186]: DEBUG nova.api.openstack.wsgi [None req-5ad4693a-2d60-4b45-ba42-c5c786230b56 admin admin] Action: 'create', calling method: <bound method KeypairController.create of <nova.api.openstack.compute.keypairs.KeypairController object at 0x7a8fc3b35100>>, body: {"keypair": {"name": "manila-service", "public_key": "ecdsa-sha2-nistp256 AAAAE2VjZHNhLXNoYTItbmlzdHAyNTYAAAAIbmlzdHAyNTYAAABBBAVup4PxgcJQvKRsXn6HFpyAmrQb+cdbfgE0Ao8VrDzAVV/2qbnG2nG8c9i1CjnCmMkJDwYILGBwSOV7kmDy9Oc= stack@np0000031981\n"}} {{(pid=69186) _process_stack /opt/stack/nova/nova/api/openstack/wsgi.py:550}}
Jul 30 06:38:51.356516 np0000031981 devstack@n-api.service[69186]: DEBUG nova.quota [None req-5ad4693a-2d60-4b45-ba42-c5c786230b56 admin admin] Getting quotas for project f4721916768a4e7ba5727a6c89a15187. Resources: {'key_pairs'} {{(pid=69186) _get_quotas /opt/stack/nova/nova/quota.py:392}}
Jul 30 06:38:51.359034 np0000031981 devstack@n-api.service[69186]: DEBUG nova.quota [None req-5ad4693a-2d60-4b45-ba42-c5c786230b56 admin admin] Getting quotas for user 88a519f6ea0e44ff8ffe49f1dd0e7f08 and project f4721916768a4e7ba5727a6c89a15187. Resources: {'key_pairs'} {{(pid=69186) _get_quotas /opt/stack/nova/nova/quota.py:382}}
Jul 30 06:38:51.382998 np0000031981 devstack@n-api.service[69186]: INFO nova.api.openstack.requestlog [None req-5ad4693a-2d60-4b45-ba42-c5c786230b56 admin admin] 192.168.1.126 "POST /compute/v2.1/os-keypairs" status: 201 len: 366 microversion: 2.10 time: 0.041007
Jul 30 06:38:51.383249 np0000031981 devstack@n-api.service[69186]: [pid: 69186|app: 0|req: 14/28] 192.168.1.126 () {72 vars in 1420 bytes} [Wed Jul 30 06:38:51 2025] POST /compute/v2.1/os-keypairs => generated 366 bytes in 41 msecs (HTTP/1.1 201) 9 headers in 364 bytes (1 switches on core 0)
Jul 30 06:38:57.433622 np0000031981 devstack@n-api.service[69187]: DEBUG nova.api.openstack.wsgi [None req-e1411e02-367f-43b8-b430-fdd1f8164ff9 admin admin] Calling method '<bound method ServiceController.index of <nova.api.openstack.compute.services.ServiceController object at 0x7a8fc3b74680>>' {{(pid=69187) _process_stack /opt/stack/nova/nova/api/openstack/wsgi.py:552}}
Jul 30 06:38:57.434577 np0000031981 devstack@n-api.service[69187]: DEBUG oslo_concurrency.lockutils [None req-e1411e02-367f-43b8-b430-fdd1f8164ff9 admin admin] Acquiring lock "00000000-0000-0000-0000-000000000000" by "nova.context.set_target_cell.<locals>.get_or_set_cached_cell_and_set_connections" {{(pid=69187) inner /opt/stack/data/venv/lib/python3.12/site-packages/oslo_concurrency/lockutils.py:405}}
Jul 30 06:38:57.434885 np0000031981 devstack@n-api.service[69187]: DEBUG oslo_concurrency.lockutils [None req-e1411e02-367f-43b8-b430-fdd1f8164ff9 admin admin] Lock "00000000-0000-0000-0000-000000000000" acquired by "nova.context.set_target_cell.<locals>.get_or_set_cached_cell_and_set_connections" :: waited 0.000s {{(pid=69187) inner /opt/stack/data/venv/lib/python3.12/site-packages/oslo_concurrency/lockutils.py:410}}
Jul 30 06:38:57.435140 np0000031981 devstack@n-api.service[69187]: DEBUG oslo_concurrency.lockutils [None req-e1411e02-367f-43b8-b430-fdd1f8164ff9 admin admin] Lock "00000000-0000-0000-0000-000000000000" "released" by "nova.context.set_target_cell.<locals>.get_or_set_cached_cell_and_set_connections" :: held 0.000s {{(pid=69187) inner /opt/stack/data/venv/lib/python3.12/site-packages/oslo_concurrency/lockutils.py:424}}
Jul 30 06:38:57.435624 np0000031981 devstack@n-api.service[69187]: DEBUG oslo_concurrency.lockutils [None req-e1411e02-367f-43b8-b430-fdd1f8164ff9 admin admin] Acquiring lock "97663af6-c684-4093-b3a3-926c1335a025" by "nova.context.set_target_cell.<locals>.get_or_set_cached_cell_and_set_connections" {{(pid=69187) inner /opt/stack/data/venv/lib/python3.12/site-packages/oslo_concurrency/lockutils.py:405}}
Jul 30 06:38:57.435852 np0000031981 devstack@n-api.service[69187]: DEBUG oslo_concurrency.lockutils [None req-e1411e02-367f-43b8-b430-fdd1f8164ff9 admin admin] Lock "97663af6-c684-4093-b3a3-926c1335a025" acquired by "nova.context.set_target_cell.<locals>.get_or_set_cached_cell_and_set_connections" :: waited 0.000s {{(pid=69187) inner /opt/stack/data/venv/lib/python3.12/site-packages/oslo_concurrency/lockutils.py:410}}
