Jul 30 07:55:43.332960 np0000031982 devstack@n-api.service[68784]: DEBUG oslo_concurrency.lockutils [None req-b28c87f9-f25e-445b-99cb-ad17345144e9 None None] Acquiring lock "00000000-0000-0000-0000-000000000000" by "nova.context.set_target_cell.<locals>.get_or_set_cached_cell_and_set_connections" {{(pid=68784) inner /opt/stack/data/venv/lib/python3.12/site-packages/oslo_concurrency/lockutils.py:405}}
Jul 30 07:55:43.333133 np0000031982 devstack@n-api.service[68784]: DEBUG oslo_concurrency.lockutils [None req-b28c87f9-f25e-445b-99cb-ad17345144e9 None None] Lock "00000000-0000-0000-0000-000000000000" acquired by "nova.context.set_target_cell.<locals>.get_or_set_cached_cell_and_set_connections" :: waited 0.000s {{(pid=68784) inner /opt/stack/data/venv/lib/python3.12/site-packages/oslo_concurrency/lockutils.py:410}}
Jul 30 07:55:43.333478 np0000031982 devstack@n-api.service[68784]: DEBUG oslo_concurrency.lockutils [None req-b28c87f9-f25e-445b-99cb-ad17345144e9 None None] Lock "00000000-0000-0000-0000-000000000000" "released" by "nova.context.set_target_cell.<locals>.get_or_set_cached_cell_and_set_connections" :: held 0.000s {{(pid=68784) inner /opt/stack/data/venv/lib/python3.12/site-packages/oslo_concurrency/lockutils.py:424}}
Jul 30 07:55:43.333728 np0000031982 devstack@n-api.service[68783]: DEBUG oslo_concurrency.lockutils [None req-b82e4fab-7ccd-4c91-b061-4ce5e3510052 None None] Acquiring lock "00000000-0000-0000-0000-000000000000" by "nova.context.set_target_cell.<locals>.get_or_set_cached_cell_and_set_connections" {{(pid=68783) inner /opt/stack/data/venv/lib/python3.12/site-packages/oslo_concurrency/lockutils.py:405}}
Jul 30 07:55:43.333805 np0000031982 devstack@n-api.service[68784]: DEBUG oslo_concurrency.lockutils [None req-b28c87f9-f25e-445b-99cb-ad17345144e9 None None] Acquiring lock "441e69ce-e6d4-42a1-b3ec-9d6b70c6d840" by "nova.context.set_target_cell.<locals>.get_or_set_cached_cell_and_set_connections" {{(pid=68784) inner /opt/stack/data/venv/lib/python3.12/site-packages/oslo_concurrency/lockutils.py:405}}
Jul 30 07:55:43.333901 np0000031982 devstack@n-api.service[68783]: DEBUG oslo_concurrency.lockutils [None req-b82e4fab-7ccd-4c91-b061-4ce5e3510052 None None] Lock "00000000-0000-0000-0000-000000000000" acquired by "nova.context.set_target_cell.<locals>.get_or_set_cached_cell_and_set_connections" :: waited 0.000s {{(pid=68783) inner /opt/stack/data/venv/lib/python3.12/site-packages/oslo_concurrency/lockutils.py:410}}
Jul 30 07:55:43.333935 np0000031982 devstack@n-api.service[68784]: DEBUG oslo_concurrency.lockutils [None req-b28c87f9-f25e-445b-99cb-ad17345144e9 None None] Lock "441e69ce-e6d4-42a1-b3ec-9d6b70c6d840" acquired by "nova.context.set_target_cell.<locals>.get_or_set_cached_cell_and_set_connections" :: waited 0.000s {{(pid=68784) inner /opt/stack/data/venv/lib/python3.12/site-packages/oslo_concurrency/lockutils.py:410}}
Jul 30 07:55:43.334217 np0000031982 devstack@n-api.service[68783]: DEBUG oslo_concurrency.lockutils [None req-b82e4fab-7ccd-4c91-b061-4ce5e3510052 None None] Lock "00000000-0000-0000-0000-000000000000" "released" by "nova.context.set_target_cell.<locals>.get_or_set_cached_cell_and_set_connections" :: held 0.000s {{(pid=68783) inner /opt/stack/data/venv/lib/python3.12/site-packages/oslo_concurrency/lockutils.py:424}}
Jul 30 07:55:43.334543 np0000031982 devstack@n-api.service[68783]: DEBUG oslo_concurrency.lockutils [None req-b82e4fab-7ccd-4c91-b061-4ce5e3510052 None None] Acquiring lock "441e69ce-e6d4-42a1-b3ec-9d6b70c6d840" by "nova.context.set_target_cell.<locals>.get_or_set_cached_cell_and_set_connections" {{(pid=68783) inner /opt/stack/data/venv/lib/python3.12/site-packages/oslo_concurrency/lockutils.py:405}}
Jul 30 07:55:43.334623 np0000031982 devstack@n-api.service[68784]: DEBUG oslo_concurrency.lockutils [None req-b28c87f9-f25e-445b-99cb-ad17345144e9 None None] Lock "441e69ce-e6d4-42a1-b3ec-9d6b70c6d840" "released" by "nova.context.set_target_cell.<locals>.get_or_set_cached_cell_and_set_connections" :: held 0.001s {{(pid=68784) inner /opt/stack/data/venv/lib/python3.12/site-packages/oslo_concurrency/lockutils.py:424}}
Jul 30 07:55:43.334665 np0000031982 devstack@n-api.service[68783]: DEBUG oslo_concurrency.lockutils [None req-b82e4fab-7ccd-4c91-b061-4ce5e3510052 None None] Lock "441e69ce-e6d4-42a1-b3ec-9d6b70c6d840" acquired by "nova.context.set_target_cell.<locals>.get_or_set_cached_cell_and_set_connections" :: waited 0.000s {{(pid=68783) inner /opt/stack/data/venv/lib/python3.12/site-packages/oslo_concurrency/lockutils.py:410}}
Jul 30 07:55:43.335319 np0000031982 devstack@n-api.service[68783]: DEBUG oslo_concurrency.lockutils [None req-b82e4fab-7ccd-4c91-b061-4ce5e3510052 None None] Lock "441e69ce-e6d4-42a1-b3ec-9d6b70c6d840" "released" by "nova.context.set_target_cell.<locals>.get_or_set_cached_cell_and_set_connections" :: held 0.001s {{(pid=68783) inner /opt/stack/data/venv/lib/python3.12/site-packages/oslo_concurrency/lockutils.py:424}}
Jul 30 07:55:43.335729 np0000031982 devstack@n-api.service[68784]: INFO dbcounter [None req-b28c87f9-f25e-445b-99cb-ad17345144e9 None None] Registered counter for database nova_cell0
Jul 30 07:55:43.336437 np0000031982 devstack@n-api.service[68783]: INFO dbcounter [None req-b82e4fab-7ccd-4c91-b061-4ce5e3510052 None None] Registered counter for database nova_cell0
Jul 30 07:55:43.337542 np0000031982 devstack@n-api.service[68784]: INFO dbcounter [None req-b28c87f9-f25e-445b-99cb-ad17345144e9 None None] Registered counter for database nova_cell1
Jul 30 07:55:43.338223 np0000031982 devstack@n-api.service[68783]: INFO dbcounter [None req-b82e4fab-7ccd-4c91-b061-4ce5e3510052 None None] Registered counter for database nova_cell1
Jul 30 07:55:43.340424 np0000031982 devstack@n-api.service[68784]: DEBUG oslo_db.sqlalchemy.engines [None req-b28c87f9-f25e-445b-99cb-ad17345144e9 None None] MySQL server mode set to STRICT_TRANS_TABLES,STRICT_ALL_TABLES,NO_ZERO_IN_DATE,NO_ZERO_DATE,ERROR_FOR_DIVISION_BY_ZERO,TRADITIONAL,NO_ENGINE_SUBSTITUTION {{(pid=68784) _check_effective_sql_mode /opt/stack/data/venv/lib/python3.12/site-packages/oslo_db/sqlalchemy/engines.py:397}}
Jul 30 07:55:43.343971 np0000031982 devstack@n-api.service[68783]: DEBUG oslo_db.sqlalchemy.engines [None req-b82e4fab-7ccd-4c91-b061-4ce5e3510052 None None] MySQL server mode set to STRICT_TRANS_TABLES,STRICT_ALL_TABLES,NO_ZERO_IN_DATE,NO_ZERO_DATE,ERROR_FOR_DIVISION_BY_ZERO,TRADITIONAL,NO_ENGINE_SUBSTITUTION {{(pid=68783) _check_effective_sql_mode /opt/stack/data/venv/lib/python3.12/site-packages/oslo_db/sqlalchemy/engines.py:397}}
Jul 30 07:55:43.345885 np0000031982 devstack@n-api.service[68783]: DEBUG oslo_db.sqlalchemy.engines [None req-b82e4fab-7ccd-4c91-b061-4ce5e3510052 None None] MySQL server mode set to STRICT_TRANS_TABLES,STRICT_ALL_TABLES,NO_ZERO_IN_DATE,NO_ZERO_DATE,ERROR_FOR_DIVISION_BY_ZERO,TRADITIONAL,NO_ENGINE_SUBSTITUTION {{(pid=68783) _check_effective_sql_mode /opt/stack/data/venv/lib/python3.12/site-packages/oslo_db/sqlalchemy/engines.py:397}}
Jul 30 07:55:43.399800 np0000031982 devstack@n-api.service[68784]: DEBUG oslo_db.sqlalchemy.engines [None req-b28c87f9-f25e-445b-99cb-ad17345144e9 None None] MySQL server mode set to STRICT_TRANS_TABLES,STRICT_ALL_TABLES,NO_ZERO_IN_DATE,NO_ZERO_DATE,ERROR_FOR_DIVISION_BY_ZERO,TRADITIONAL,NO_ENGINE_SUBSTITUTION {{(pid=68784) _check_effective_sql_mode /opt/stack/data/venv/lib/python3.12/site-packages/oslo_db/sqlalchemy/engines.py:397}}
Jul 30 07:55:43.400103 np0000031982 devstack@n-api.service[68784]: DEBUG dbcounter [-] [68784] Writer thread running {{(pid=68784) stat_writer /opt/stack/data/venv/lib/python3.12/site-packages/dbcounter.py:102}}
Jul 30 07:55:43.403554 np0000031982 devstack@n-api.service[68784]: DEBUG dbcounter [-] [68784] Writer thread running {{(pid=68784) stat_writer /opt/stack/data/venv/lib/python3.12/site-packages/dbcounter.py:102}}
Jul 30 07:55:43.405421 np0000031982 devstack@n-api.service[68784]: INFO dbcounter [None req-b28c87f9-f25e-445b-99cb-ad17345144e9 None None] Registered counter for database nova_cell0
Jul 30 07:55:43.409092 np0000031982 devstack@n-api.service[68783]: DEBUG dbcounter [-] [68783] Writer thread running {{(pid=68783) stat_writer /opt/stack/data/venv/lib/python3.12/site-packages/dbcounter.py:102}}
Jul 30 07:55:43.409254 np0000031982 devstack@n-api.service[68783]: DEBUG dbcounter [-] [68783] Writer thread running {{(pid=68783) stat_writer /opt/stack/data/venv/lib/python3.12/site-packages/dbcounter.py:102}}
Jul 30 07:55:43.410264 np0000031982 devstack@n-api.service[68784]: DEBUG oslo_db.sqlalchemy.engines [None req-b28c87f9-f25e-445b-99cb-ad17345144e9 None None] MySQL server mode set to STRICT_TRANS_TABLES,STRICT_ALL_TABLES,NO_ZERO_IN_DATE,NO_ZERO_DATE,ERROR_FOR_DIVISION_BY_ZERO,TRADITIONAL,NO_ENGINE_SUBSTITUTION {{(pid=68784) _check_effective_sql_mode /opt/stack/data/venv/lib/python3.12/site-packages/oslo_db/sqlalchemy/engines.py:397}}
Jul 30 07:55:43.411653 np0000031982 devstack@n-api.service[68783]: INFO dbcounter [None req-b82e4fab-7ccd-4c91-b061-4ce5e3510052 None None] Registered counter for database nova_cell0
Jul 30 07:55:43.413732 np0000031982 devstack@n-api.service[68784]: DEBUG dbcounter [-] [68784] Writer thread running {{(pid=68784) stat_writer /opt/stack/data/venv/lib/python3.12/site-packages/dbcounter.py:102}}
Jul 30 07:55:43.415459 np0000031982 devstack@n-api.service[68783]: DEBUG oslo_db.sqlalchemy.engines [None req-b82e4fab-7ccd-4c91-b061-4ce5e3510052 None None] MySQL server mode set to STRICT_TRANS_TABLES,STRICT_ALL_TABLES,NO_ZERO_IN_DATE,NO_ZERO_DATE,ERROR_FOR_DIVISION_BY_ZERO,TRADITIONAL,NO_ENGINE_SUBSTITUTION {{(pid=68783) _check_effective_sql_mode /opt/stack/data/venv/lib/python3.12/site-packages/oslo_db/sqlalchemy/engines.py:397}}
Jul 30 07:55:43.419056 np0000031982 devstack@n-api.service[68783]: DEBUG dbcounter [-] [68783] Writer thread running {{(pid=68783) stat_writer /opt/stack/data/venv/lib/python3.12/site-packages/dbcounter.py:102}}
Jul 30 07:55:43.735577 np0000031982 devstack@n-api.service[68783]: DEBUG oslo_concurrency.processutils [None req-b82e4fab-7ccd-4c91-b061-4ce5e3510052 None None] Running cmd (subprocess): grep -F node.session.scan /sbin/iscsiadm {{(pid=68783) execute /opt/stack/data/venv/lib/python3.12/site-packages/oslo_concurrency/processutils.py:349}}
Jul 30 07:55:43.736314 np0000031982 devstack@n-api.service[68784]: DEBUG oslo_concurrency.processutils [None req-b28c87f9-f25e-445b-99cb-ad17345144e9 None None] Running cmd (subprocess): grep -F node.session.scan /sbin/iscsiadm {{(pid=68784) execute /opt/stack/data/venv/lib/python3.12/site-packages/oslo_concurrency/processutils.py:349}}
Jul 30 07:55:43.743913 np0000031982 devstack@n-api.service[68783]: DEBUG oslo_concurrency.processutils [None req-b82e4fab-7ccd-4c91-b061-4ce5e3510052 None None] CMD "grep -F node.session.scan /sbin/iscsiadm" returned: 0 in 0.009s {{(pid=68783) execute /opt/stack/data/venv/lib/python3.12/site-packages/oslo_concurrency/processutils.py:372}}
Jul 30 07:55:43.744100 np0000031982 devstack@n-api.service[68784]: DEBUG oslo_concurrency.processutils [None req-b28c87f9-f25e-445b-99cb-ad17345144e9 None None] CMD "grep -F node.session.scan /sbin/iscsiadm" returned: 0 in 0.008s {{(pid=68784) execute /opt/stack/data/venv/lib/python3.12/site-packages/oslo_concurrency/processutils.py:372}}
Jul 30 07:55:44.031353 np0000031982 devstack@n-api.service[68783]: WARNING keystonemiddleware.auth_token [None req-b82e4fab-7ccd-4c91-b061-4ce5e3510052 None None] AuthToken middleware is set with keystone_authtoken.service_token_roles_required set to False. This is backwards compatible but deprecated behaviour. Please set this to True.
Jul 30 07:55:44.031516 np0000031982 devstack@n-api.service[68784]: WARNING keystonemiddleware.auth_token [None req-b28c87f9-f25e-445b-99cb-ad17345144e9 None None] AuthToken middleware is set with keystone_authtoken.service_token_roles_required set to False. This is backwards compatible but deprecated behaviour. Please set this to True.
Jul 30 07:55:44.034625 np0000031982 devstack@n-api.service[68783]: WARNING keystonemiddleware.auth_token [None req-b82e4fab-7ccd-4c91-b061-4ce5e3510052 None None] Configuring www_authenticate_uri to point to the public identity endpoint is required; clients may not be able to authenticate against an admin endpoint
Jul 30 07:55:44.034796 np0000031982 devstack@n-api.service[68784]: WARNING keystonemiddleware.auth_token [None req-b28c87f9-f25e-445b-99cb-ad17345144e9 None None] Configuring www_authenticate_uri to point to the public identity endpoint is required; clients may not be able to authenticate against an admin endpoint
Jul 30 07:55:44.187556 np0000031982 devstack@n-api.service[68783]: WARNING keystonemiddleware.auth_token [None req-b82e4fab-7ccd-4c91-b061-4ce5e3510052 None None] AuthToken middleware is set with keystone_authtoken.service_token_roles_required set to False. This is backwards compatible but deprecated behaviour. Please set this to True.
Jul 30 07:55:44.187890 np0000031982 devstack@n-api.service[68784]: WARNING keystonemiddleware.auth_token [None req-b28c87f9-f25e-445b-99cb-ad17345144e9 None None] AuthToken middleware is set with keystone_authtoken.service_token_roles_required set to False. This is backwards compatible but deprecated behaviour. Please set this to True.
Jul 30 07:55:44.190027 np0000031982 devstack@n-api.service[68783]: WARNING keystonemiddleware.auth_token [None req-b82e4fab-7ccd-4c91-b061-4ce5e3510052 None None] Configuring www_authenticate_uri to point to the public identity endpoint is required; clients may not be able to authenticate against an admin endpoint
Jul 30 07:55:44.190389 np0000031982 devstack@n-api.service[68784]: WARNING keystonemiddleware.auth_token [None req-b28c87f9-f25e-445b-99cb-ad17345144e9 None None] Configuring www_authenticate_uri to point to the public identity endpoint is required; clients may not be able to authenticate against an admin endpoint
Jul 30 07:55:44.191908 np0000031982 devstack@n-api.service[68783]: WSGI app 0 (mountpoint='') ready in 3 seconds on interpreter 0x7321162a39e8 pid: 68783 (default app)
Jul 30 07:55:44.192236 np0000031982 devstack@n-api.service[68784]: WSGI app 0 (mountpoint='') ready in 3 seconds on interpreter 0x7321162a39e8 pid: 68784 (default app)
Jul 30 07:55:44.192833 np0000031982 devstack@n-api.service[68783]: DEBUG nova.api.openstack.wsgi [None req-b82e4fab-7ccd-4c91-b061-4ce5e3510052 None None] Calling method '<bound method VersionsV2.index of <nova.api.openstack.compute.versions.VersionsV2 object at 0x73210fa24230>>' {{(pid=68783) _process_stack /opt/stack/nova/nova/api/openstack/wsgi.py:552}}
Jul 30 07:55:44.195408 np0000031982 devstack@n-api.service[68783]: INFO nova.api.openstack.requestlog [None req-b82e4fab-7ccd-4c91-b061-4ce5e3510052 None None] 192.168.1.103 "GET /compute/v2.1/" status: 200 len: 391 microversion: 2.1 time: 0.002779
Jul 30 07:55:44.195585 np0000031982 devstack@n-api.service[68783]: [pid: 68783|app: 0|req: 1/1] 192.168.1.103 () {50 vars in 771 bytes} [Wed Jul 30 07:55:44 2025] GET /compute/v2.1/ => generated 391 bytes in 3 msecs (HTTP/1.1 200) 9 headers in 357 bytes (1 switches on core 0)
Jul 30 07:56:18.508121 np0000031982 devstack@n-api.service[68784]: DEBUG nova.api.openstack.wsgi [None req-b28c87f9-f25e-445b-99cb-ad17345144e9 None None] Calling method '<bound method VersionsV2.index of <nova.api.openstack.compute.versions.VersionsV2 object at 0x73210fd9d880>>' {{(pid=68784) _process_stack /opt/stack/nova/nova/api/openstack/wsgi.py:552}}
Jul 30 07:56:18.510795 np0000031982 devstack@n-api.service[68784]: INFO nova.api.openstack.requestlog [None req-b28c87f9-f25e-445b-99cb-ad17345144e9 None None] 192.168.1.103 "GET /compute/v2.1" status: 200 len: 392 microversion: 2.1 time: 0.002985
Jul 30 07:56:18.510973 np0000031982 devstack@n-api.service[68784]: [pid: 68784|app: 0|req: 1/2] 192.168.1.103 () {62 vars in 1056 bytes} [Wed Jul 30 07:56:18 2025] GET /compute/v2.1 => generated 392 bytes in 3 msecs (HTTP/1.1 200) 9 headers in 357 bytes (1 switches on core 0)
Jul 30 07:56:18.518597 np0000031982 devstack@n-api.service[68783]: DEBUG dbcounter [-] [68783] Writing DB stats nova_api:SELECT=1 {{(pid=68783) stat_writer /opt/stack/data/venv/lib/python3.12/site-packages/dbcounter.py:115}}
Jul 30 07:56:18.519071 np0000031982 devstack@n-api.service[68783]: DEBUG dbcounter [-] [68783] Writing DB stats nova_cell1:SELECT=1 {{(pid=68783) stat_writer /opt/stack/data/venv/lib/python3.12/site-packages/dbcounter.py:115}}
Jul 30 07:56:18.519399 np0000031982 devstack@n-api.service[68783]: DEBUG dbcounter [-] [68783] Writing DB stats nova_cell0:SELECT=1 {{(pid=68783) stat_writer /opt/stack/data/venv/lib/python3.12/site-packages/dbcounter.py:115}}
Jul 30 07:56:18.519697 np0000031982 devstack@n-api.service[68783]: DEBUG dbcounter [-] [68783] Writing DB stats nova_cell0:SELECT=2,nova_cell0:INSERT=1 {{(pid=68783) stat_writer /opt/stack/data/venv/lib/python3.12/site-packages/dbcounter.py:115}}
Jul 30 07:56:18.624155 np0000031982 devstack@n-api.service[68783]: DEBUG nova.api.openstack.wsgi [None req-089c898d-df5f-489b-bbdb-8dffaed11ec1 admin admin] Calling method '<bound method FlavorsController.detail of <nova.api.openstack.compute.flavors.FlavorsController object at 0x73210f409a30>>' {{(pid=68783) _process_stack /opt/stack/nova/nova/api/openstack/wsgi.py:552}}
Jul 30 07:56:18.639662 np0000031982 devstack@n-api.service[68783]: INFO nova.api.openstack.requestlog [None req-089c898d-df5f-489b-bbdb-8dffaed11ec1 admin admin] 192.168.1.103 "GET /compute/v2.1/flavors/detail?is_public=True" status: 200 len: 15 microversion: 2.61 time: 0.123993
Jul 30 07:56:18.639887 np0000031982 devstack@n-api.service[68783]: [pid: 68783|app: 0|req: 2/3] 192.168.1.103 () {68 vars in 1417 bytes} [Wed Jul 30 07:56:18 2025] GET /compute/v2.1/flavors/detail?is_public=True => generated 15 bytes in 124 msecs (HTTP/1.1 200) 9 headers in 358 bytes (1 switches on core 0)
Jul 30 07:56:18.717506 np0000031982 devstack@n-api.service[68784]: DEBUG dbcounter [-] [68784] Writing DB stats nova_api:SELECT=1 {{(pid=68784) stat_writer /opt/stack/data/venv/lib/python3.12/site-packages/dbcounter.py:115}}
Jul 30 07:56:18.717981 np0000031982 devstack@n-api.service[68784]: DEBUG dbcounter [-] [68784] Writing DB stats nova_cell0:SELECT=1 {{(pid=68784) stat_writer /opt/stack/data/venv/lib/python3.12/site-packages/dbcounter.py:115}}
Jul 30 07:56:18.718318 np0000031982 devstack@n-api.service[68784]: DEBUG dbcounter [-] [68784] Writing DB stats nova_cell1:SELECT=1 {{(pid=68784) stat_writer /opt/stack/data/venv/lib/python3.12/site-packages/dbcounter.py:115}}
Jul 30 07:56:18.718628 np0000031982 devstack@n-api.service[68784]: DEBUG dbcounter [-] [68784] Writing DB stats nova_cell0:SELECT=2,nova_cell0:INSERT=1 {{(pid=68784) stat_writer /opt/stack/data/venv/lib/python3.12/site-packages/dbcounter.py:115}}
Jul 30 07:56:18.779639 np0000031982 devstack@n-api.service[68784]: DEBUG nova.api.openstack.wsgi [None req-6301679a-b3f1-446c-a565-97f66229adac admin admin] Action: 'create', calling method: <bound method FlavorsController.create of <nova.api.openstack.compute.flavors.FlavorsController object at 0x73210f4098e0>>, body: {"flavor": {"ram": 256, "vcpus": 1, "disk": 1, "swap": 0, "name": "cirros256", "rxtx_factor": 1.0, "OS-FLV-EXT-DATA:ephemeral": 0, "os-flavor-access:is_public": true, "id": "c1"}} {{(pid=68784) _process_stack /opt/stack/nova/nova/api/openstack/wsgi.py:550}}
Jul 30 07:56:18.806596 np0000031982 devstack@n-api.service[68784]: INFO nova.api.openstack.requestlog [None req-6301679a-b3f1-446c-a565-97f66229adac admin admin] 192.168.1.103 "POST /compute/v2.1/flavors" status: 200 len: 413 microversion: 2.61 time: 0.092049
Jul 30 07:56:18.806820 np0000031982 devstack@n-api.service[68784]: [pid: 68784|app: 0|req: 2/4] 192.168.1.103 () {72 vars in 1408 bytes} [Wed Jul 30 07:56:18 2025] POST /compute/v2.1/flavors => generated 413 bytes in 92 msecs (HTTP/1.1 200) 9 headers in 359 bytes (1 switches on core 0)
Jul 30 07:56:18.816300 np0000031982 devstack@n-api.service[68783]: DEBUG nova.api.openstack.wsgi [None req-45450aa0-4c31-430f-9b88-34c38bb34466 admin admin] Action: 'create', calling method: <bound method FlavorExtraSpecsController.create of <nova.api.openstack.compute.flavors_extraspecs.FlavorExtraSpecsController object at 0x73210f40a180>>, body: {"extra_specs": {"hw_rng:allowed": "True"}} {{(pid=68783) _process_stack /opt/stack/nova/nova/api/openstack/wsgi.py:550}}
Jul 30 07:56:18.838983 np0000031982 devstack@n-api.service[68783]: INFO nova.api.openstack.requestlog [None req-45450aa0-4c31-430f-9b88-34c38bb34466 admin admin] 192.168.1.103 "POST /compute/v2.1/flavors/c1/os-extra_specs" status: 200 len: 43 microversion: 2.61 time: 0.024205
Jul 30 07:56:18.839208 np0000031982 devstack@n-api.service[68783]: [pid: 68783|app: 0|req: 3/5] 192.168.1.103 () {72 vars in 1461 bytes} [Wed Jul 30 07:56:18 2025] POST /compute/v2.1/flavors/c1/os-extra_specs => generated 43 bytes in 25 msecs (HTTP/1.1 200) 9 headers in 358 bytes (1 switches on core 0)
Jul 30 07:56:18.915809 np0000031982 devstack@n-api.service[68784]: DEBUG nova.api.openstack.wsgi [None req-8115b534-8c81-408d-b754-22cc86267c67 admin admin] Action: 'create', calling method: <bound method FlavorsController.create of <nova.api.openstack.compute.flavors.FlavorsController object at 0x73210f4098e0>>, body: {"flavor": {"ram": 512, "vcpus": 1, "disk": 5, "swap": 0, "name": "ds512M", "rxtx_factor": 1.0, "OS-FLV-EXT-DATA:ephemeral": 0, "os-flavor-access:is_public": true, "id": "d1"}} {{(pid=68784) _process_stack /opt/stack/nova/nova/api/openstack/wsgi.py:550}}
Jul 30 07:56:18.928766 np0000031982 devstack@n-api.service[68784]: INFO nova.api.openstack.requestlog [None req-8115b534-8c81-408d-b754-22cc86267c67 admin admin] 192.168.1.103 "POST /compute/v2.1/flavors" status: 200 len: 410 microversion: 2.61 time: 0.014693
Jul 30 07:56:18.928991 np0000031982 devstack@n-api.service[68784]: [pid: 68784|app: 0|req: 3/6] 192.168.1.103 () {72 vars in 1408 bytes} [Wed Jul 30 07:56:18 2025] POST /compute/v2.1/flavors => generated 410 bytes in 15 msecs (HTTP/1.1 200) 9 headers in 359 bytes (1 switches on core 0)
Jul 30 07:56:18.936727 np0000031982 devstack@n-api.service[68783]: DEBUG nova.api.openstack.wsgi [None req-b18b2e50-374b-40ff-ad1f-a36bd2b7c6ea admin admin] Action: 'create', calling method: <bound method FlavorExtraSpecsController.create of <nova.api.openstack.compute.flavors_extraspecs.FlavorExtraSpecsController object at 0x73210f40a180>>, body: {"extra_specs": {"hw_rng:allowed": "True"}} {{(pid=68783) _process_stack /opt/stack/nova/nova/api/openstack/wsgi.py:550}}
Jul 30 07:56:18.950677 np0000031982 devstack@n-api.service[68783]: INFO nova.api.openstack.requestlog [None req-b18b2e50-374b-40ff-ad1f-a36bd2b7c6ea admin admin] 192.168.1.103 "POST /compute/v2.1/flavors/d1/os-extra_specs" status: 200 len: 43 microversion: 2.61 time: 0.015547
Jul 30 07:56:18.950901 np0000031982 devstack@n-api.service[68783]: [pid: 68783|app: 0|req: 4/7] 192.168.1.103 () {72 vars in 1461 bytes} [Wed Jul 30 07:56:18 2025] POST /compute/v2.1/flavors/d1/os-extra_specs => generated 43 bytes in 16 msecs (HTTP/1.1 200) 9 headers in 358 bytes (1 switches on core 0)
Jul 30 07:56:19.027380 np0000031982 devstack@n-api.service[68784]: DEBUG nova.api.openstack.wsgi [None req-f8fc2b19-7fc9-4065-9508-c30358eb04f9 admin admin] Action: 'create', calling method: <bound method FlavorsController.create of <nova.api.openstack.compute.flavors.FlavorsController object at 0x73210f4098e0>>, body: {"flavor": {"ram": 1024, "vcpus": 1, "disk": 10, "swap": 0, "name": "ds1G", "rxtx_factor": 1.0, "OS-FLV-EXT-DATA:ephemeral": 0, "os-flavor-access:is_public": true, "id": "d2"}} {{(pid=68784) _process_stack /opt/stack/nova/nova/api/openstack/wsgi.py:550}}
Jul 30 07:56:19.038111 np0000031982 devstack@n-api.service[68784]: INFO nova.api.openstack.requestlog [None req-f8fc2b19-7fc9-4065-9508-c30358eb04f9 admin admin] 192.168.1.103 "POST /compute/v2.1/flavors" status: 200 len: 410 microversion: 2.61 time: 0.013224
Jul 30 07:56:19.038449 np0000031982 devstack@n-api.service[68784]: [pid: 68784|app: 0|req: 4/8] 192.168.1.103 () {72 vars in 1408 bytes} [Wed Jul 30 07:56:19 2025] POST /compute/v2.1/flavors => generated 410 bytes in 14 msecs (HTTP/1.1 200) 9 headers in 359 bytes (1 switches on core 0)
Jul 30 07:56:19.046475 np0000031982 devstack@n-api.service[68783]: DEBUG nova.api.openstack.wsgi [None req-96df2be6-f282-4649-b008-b6eb9d21ff48 admin admin] Action: 'create', calling method: <bound method FlavorExtraSpecsController.create of <nova.api.openstack.compute.flavors_extraspecs.FlavorExtraSpecsController object at 0x73210f40a180>>, body: {"extra_specs": {"hw_rng:allowed": "True"}} {{(pid=68783) _process_stack /opt/stack/nova/nova/api/openstack/wsgi.py:550}}
Jul 30 07:56:19.058762 np0000031982 devstack@n-api.service[68783]: INFO nova.api.openstack.requestlog [None req-96df2be6-f282-4649-b008-b6eb9d21ff48 admin admin] 192.168.1.103 "POST /compute/v2.1/flavors/d2/os-extra_specs" status: 200 len: 43 microversion: 2.61 time: 0.014103
Jul 30 07:56:19.058983 np0000031982 devstack@n-api.service[68783]: [pid: 68783|app: 0|req: 5/9] 192.168.1.103 () {72 vars in 1461 bytes} [Wed Jul 30 07:56:19 2025] POST /compute/v2.1/flavors/d2/os-extra_specs => generated 43 bytes in 14 msecs (HTTP/1.1 200) 9 headers in 358 bytes (1 switches on core 0)
Jul 30 07:56:19.138379 np0000031982 devstack@n-api.service[68784]: DEBUG nova.api.openstack.wsgi [None req-08b47339-27b1-43ab-84ca-e29c61f5386e admin admin] Action: 'create', calling method: <bound method FlavorsController.create of <nova.api.openstack.compute.flavors.FlavorsController object at 0x73210f4098e0>>, body: {"flavor": {"ram": 2048, "vcpus": 2, "disk": 10, "swap": 0, "name": "ds2G", "rxtx_factor": 1.0, "OS-FLV-EXT-DATA:ephemeral": 0, "os-flavor-access:is_public": true, "id": "d3"}} {{(pid=68784) _process_stack /opt/stack/nova/nova/api/openstack/wsgi.py:550}}
Jul 30 07:56:19.147295 np0000031982 devstack@n-api.service[68784]: INFO nova.api.openstack.requestlog [None req-08b47339-27b1-43ab-84ca-e29c61f5386e admin admin] 192.168.1.103 "POST /compute/v2.1/flavors" status: 200 len: 410 microversion: 2.61 time: 0.011660
Jul 30 07:56:19.147588 np0000031982 devstack@n-api.service[68784]: [pid: 68784|app: 0|req: 5/10] 192.168.1.103 () {72 vars in 1408 bytes} [Wed Jul 30 07:56:19 2025] POST /compute/v2.1/flavors => generated 410 bytes in 12 msecs (HTTP/1.1 200) 9 headers in 359 bytes (1 switches on core 0)
Jul 30 07:56:19.154520 np0000031982 devstack@n-api.service[68783]: DEBUG nova.api.openstack.wsgi [None req-a3f48196-caab-4608-82cc-1b97ddaa666d admin admin] Action: 'create', calling method: <bound method FlavorExtraSpecsController.create of <nova.api.openstack.compute.flavors_extraspecs.FlavorExtraSpecsController object at 0x73210f40a180>>, body: {"extra_specs": {"hw_rng:allowed": "True"}} {{(pid=68783) _process_stack /opt/stack/nova/nova/api/openstack/wsgi.py:550}}
Jul 30 07:56:19.166154 np0000031982 devstack@n-api.service[68783]: INFO nova.api.openstack.requestlog [None req-a3f48196-caab-4608-82cc-1b97ddaa666d admin admin] 192.168.1.103 "POST /compute/v2.1/flavors/d3/os-extra_specs" status: 200 len: 43 microversion: 2.61 time: 0.013001
Jul 30 07:56:19.166423 np0000031982 devstack@n-api.service[68783]: [pid: 68783|app: 0|req: 6/11] 192.168.1.103 () {72 vars in 1461 bytes} [Wed Jul 30 07:56:19 2025] POST /compute/v2.1/flavors/d3/os-extra_specs => generated 43 bytes in 13 msecs (HTTP/1.1 200) 9 headers in 358 bytes (1 switches on core 0)
Jul 30 07:56:19.253387 np0000031982 devstack@n-api.service[68784]: DEBUG nova.api.openstack.wsgi [None req-fef15b46-b4c8-4b8b-a3f0-c9c6a8a6c6e2 admin admin] Action: 'create', calling method: <bound method FlavorsController.create of <nova.api.openstack.compute.flavors.FlavorsController object at 0x73210f4098e0>>, body: {"flavor": {"ram": 4096, "vcpus": 4, "disk": 20, "swap": 0, "name": "ds4G", "rxtx_factor": 1.0, "OS-FLV-EXT-DATA:ephemeral": 0, "os-flavor-access:is_public": true, "id": "d4"}} {{(pid=68784) _process_stack /opt/stack/nova/nova/api/openstack/wsgi.py:550}}
Jul 30 07:56:19.265846 np0000031982 devstack@n-api.service[68784]: INFO nova.api.openstack.requestlog [None req-fef15b46-b4c8-4b8b-a3f0-c9c6a8a6c6e2 admin admin] 192.168.1.103 "POST /compute/v2.1/flavors" status: 200 len: 410 microversion: 2.61 time: 0.015785
Jul 30 07:56:19.266284 np0000031982 devstack@n-api.service[68784]: [pid: 68784|app: 0|req: 6/12] 192.168.1.103 () {72 vars in 1408 bytes} [Wed Jul 30 07:56:19 2025] POST /compute/v2.1/flavors => generated 410 bytes in 16 msecs (HTTP/1.1 200) 9 headers in 359 bytes (1 switches on core 0)
Jul 30 07:56:19.274411 np0000031982 devstack@n-api.service[68783]: DEBUG nova.api.openstack.wsgi [None req-a77aa174-2568-4435-9148-c8aea567cdf1 admin admin] Action: 'create', calling method: <bound method FlavorExtraSpecsController.create of <nova.api.openstack.compute.flavors_extraspecs.FlavorExtraSpecsController object at 0x73210f40a180>>, body: {"extra_specs": {"hw_rng:allowed": "True"}} {{(pid=68783) _process_stack /opt/stack/nova/nova/api/openstack/wsgi.py:550}}
Jul 30 07:56:19.285949 np0000031982 devstack@n-api.service[68783]: INFO nova.api.openstack.requestlog [None req-a77aa174-2568-4435-9148-c8aea567cdf1 admin admin] 192.168.1.103 "POST /compute/v2.1/flavors/d4/os-extra_specs" status: 200 len: 43 microversion: 2.61 time: 0.012980
Jul 30 07:56:19.286197 np0000031982 devstack@n-api.service[68783]: [pid: 68783|app: 0|req: 7/13] 192.168.1.103 () {72 vars in 1461 bytes} [Wed Jul 30 07:56:19 2025] POST /compute/v2.1/flavors/d4/os-extra_specs => generated 43 bytes in 13 msecs (HTTP/1.1 200) 9 headers in 358 bytes (1 switches on core 0)
Jul 30 07:56:19.375549 np0000031982 devstack@n-api.service[68784]: DEBUG nova.api.openstack.wsgi [None req-be360a61-8929-4760-a0e4-67c65a89cfac admin admin] Calling method '<bound method FlavorsController.detail of <nova.api.openstack.compute.flavors.FlavorsController object at 0x73210f409a30>>' {{(pid=68784) _process_stack /opt/stack/nova/nova/api/openstack/wsgi.py:552}}
Jul 30 07:56:19.400311 np0000031982 devstack@n-api.service[68784]: INFO nova.api.openstack.requestlog [None req-be360a61-8929-4760-a0e4-67c65a89cfac admin admin] 192.168.1.103 "GET /compute/v2.1/flavors/detail?is_public=True" status: 200 len: 2136 microversion: 2.61 time: 0.026933
Jul 30 07:56:19.400767 np0000031982 devstack@n-api.service[68784]: [pid: 68784|app: 0|req: 7/14] 192.168.1.103 () {68 vars in 1417 bytes} [Wed Jul 30 07:56:19 2025] GET /compute/v2.1/flavors/detail?is_public=True => generated 2136 bytes in 28 msecs (HTTP/1.1 200) 9 headers in 360 bytes (1 switches on core 0)
Jul 30 07:56:19.484757 np0000031982 devstack@n-api.service[68783]: DEBUG nova.api.openstack.wsgi [None req-31c0cb2a-6483-4382-a548-a8e790230fbc admin admin] Action: 'create', calling method: <bound method FlavorsController.create of <nova.api.openstack.compute.flavors.FlavorsController object at 0x73210f4098e0>>, body: {"flavor": {"ram": 512, "vcpus": 1, "disk": 1, "swap": 0, "name": "m1.tiny", "rxtx_factor": 1.0, "OS-FLV-EXT-DATA:ephemeral": 0, "os-flavor-access:is_public": true, "id": "1"}} {{(pid=68783) _process_stack /opt/stack/nova/nova/api/openstack/wsgi.py:550}}
Jul 30 07:56:19.508258 np0000031982 devstack@n-api.service[68783]: INFO nova.api.openstack.requestlog [None req-31c0cb2a-6483-4382-a548-a8e790230fbc admin admin] 192.168.1.103 "POST /compute/v2.1/flavors" status: 200 len: 408 microversion: 2.61 time: 0.024932
Jul 30 07:56:19.508553 np0000031982 devstack@n-api.service[68783]: [pid: 68783|app: 0|req: 8/15] 192.168.1.103 () {72 vars in 1408 bytes} [Wed Jul 30 07:56:19 2025] POST /compute/v2.1/flavors => generated 408 bytes in 25 msecs (HTTP/1.1 200) 9 headers in 359 bytes (1 switches on core 0)
Jul 30 07:56:19.518398 np0000031982 devstack@n-api.service[68784]: DEBUG nova.api.openstack.wsgi [None req-169fb940-15c9-4c41-a8e8-4d97036a0bf7 admin admin] Action: 'create', calling method: <bound method FlavorExtraSpecsController.create of <nova.api.openstack.compute.flavors_extraspecs.FlavorExtraSpecsController object at 0x73210f40a180>>, body: {"extra_specs": {"hw_rng:allowed": "True"}} {{(pid=68784) _process_stack /opt/stack/nova/nova/api/openstack/wsgi.py:550}}
Jul 30 07:56:19.537014 np0000031982 devstack@n-api.service[68784]: INFO nova.api.openstack.requestlog [None req-169fb940-15c9-4c41-a8e8-4d97036a0bf7 admin admin] 192.168.1.103 "POST /compute/v2.1/flavors/1/os-extra_specs" status: 200 len: 43 microversion: 2.61 time: 0.020079
Jul 30 07:56:19.537341 np0000031982 devstack@n-api.service[68784]: [pid: 68784|app: 0|req: 8/16] 192.168.1.103 () {72 vars in 1458 bytes} [Wed Jul 30 07:56:19 2025] POST /compute/v2.1/flavors/1/os-extra_specs => generated 43 bytes in 20 msecs (HTTP/1.1 200) 9 headers in 358 bytes (1 switches on core 0)
Jul 30 07:56:19.621337 np0000031982 devstack@n-api.service[68783]: DEBUG nova.api.openstack.wsgi [None req-41e81778-62d2-4144-a5b9-d02b7cf034f3 admin admin] Action: 'create', calling method: <bound method FlavorsController.create of <nova.api.openstack.compute.flavors.FlavorsController object at 0x73210f4098e0>>, body: {"flavor": {"ram": 2048, "vcpus": 1, "disk": 20, "swap": 0, "name": "m1.small", "rxtx_factor": 1.0, "OS-FLV-EXT-DATA:ephemeral": 0, "os-flavor-access:is_public": true, "id": "2"}} {{(pid=68783) _process_stack /opt/stack/nova/nova/api/openstack/wsgi.py:550}}
Jul 30 07:56:19.632584 np0000031982 devstack@n-api.service[68783]: INFO nova.api.openstack.requestlog [None req-41e81778-62d2-4144-a5b9-d02b7cf034f3 admin admin] 192.168.1.103 "POST /compute/v2.1/flavors" status: 200 len: 411 microversion: 2.61 time: 0.012667
Jul 30 07:56:19.632852 np0000031982 devstack@n-api.service[68783]: [pid: 68783|app: 0|req: 9/17] 192.168.1.103 () {72 vars in 1408 bytes} [Wed Jul 30 07:56:19 2025] POST /compute/v2.1/flavors => generated 411 bytes in 13 msecs (HTTP/1.1 200) 9 headers in 359 bytes (1 switches on core 0)
Jul 30 07:56:19.640292 np0000031982 devstack@n-api.service[68784]: DEBUG nova.api.openstack.wsgi [None req-ff67f9ed-404e-4dc7-a76d-98ea41732429 admin admin] Action: 'create', calling method: <bound method FlavorExtraSpecsController.create of <nova.api.openstack.compute.flavors_extraspecs.FlavorExtraSpecsController object at 0x73210f40a180>>, body: {"extra_specs": {"hw_rng:allowed": "True"}} {{(pid=68784) _process_stack /opt/stack/nova/nova/api/openstack/wsgi.py:550}}
Jul 30 07:56:19.652766 np0000031982 devstack@n-api.service[68784]: INFO nova.api.openstack.requestlog [None req-ff67f9ed-404e-4dc7-a76d-98ea41732429 admin admin] 192.168.1.103 "POST /compute/v2.1/flavors/2/os-extra_specs" status: 200 len: 43 microversion: 2.61 time: 0.013860
Jul 30 07:56:19.653044 np0000031982 devstack@n-api.service[68784]: [pid: 68784|app: 0|req: 9/18] 192.168.1.103 () {72 vars in 1458 bytes} [Wed Jul 30 07:56:19 2025] POST /compute/v2.1/flavors/2/os-extra_specs => generated 43 bytes in 14 msecs (HTTP/1.1 200) 9 headers in 358 bytes (1 switches on core 0)
Jul 30 07:56:19.746679 np0000031982 devstack@n-api.service[68783]: DEBUG nova.api.openstack.wsgi [None req-fe464ad2-d224-4e03-b356-a6ef95595123 admin admin] Action: 'create', calling method: <bound method FlavorsController.create of <nova.api.openstack.compute.flavors.FlavorsController object at 0x73210f4098e0>>, body: {"flavor": {"ram": 4096, "vcpus": 2, "disk": 40, "swap": 0, "name": "m1.medium", "rxtx_factor": 1.0, "OS-FLV-EXT-DATA:ephemeral": 0, "os-flavor-access:is_public": true, "id": "3"}} {{(pid=68783) _process_stack /opt/stack/nova/nova/api/openstack/wsgi.py:550}}
Jul 30 07:56:19.758979 np0000031982 devstack@n-api.service[68783]: INFO nova.api.openstack.requestlog [None req-fe464ad2-d224-4e03-b356-a6ef95595123 admin admin] 192.168.1.103 "POST /compute/v2.1/flavors" status: 200 len: 412 microversion: 2.61 time: 0.013919
Jul 30 07:56:19.759230 np0000031982 devstack@n-api.service[68783]: [pid: 68783|app: 0|req: 10/19] 192.168.1.103 () {72 vars in 1408 bytes} [Wed Jul 30 07:56:19 2025] POST /compute/v2.1/flavors => generated 412 bytes in 14 msecs (HTTP/1.1 200) 9 headers in 359 bytes (1 switches on core 0)
Jul 30 07:56:19.770026 np0000031982 devstack@n-api.service[68784]: DEBUG nova.api.openstack.wsgi [None req-bb447549-5412-4432-a572-037782eeff93 admin admin] Action: 'create', calling method: <bound method FlavorExtraSpecsController.create of <nova.api.openstack.compute.flavors_extraspecs.FlavorExtraSpecsController object at 0x73210f40a180>>, body: {"extra_specs": {"hw_rng:allowed": "True"}} {{(pid=68784) _process_stack /opt/stack/nova/nova/api/openstack/wsgi.py:550}}
Jul 30 07:56:19.784444 np0000031982 devstack@n-api.service[68784]: INFO nova.api.openstack.requestlog [None req-bb447549-5412-4432-a572-037782eeff93 admin admin] 192.168.1.103 "POST /compute/v2.1/flavors/3/os-extra_specs" status: 200 len: 43 microversion: 2.61 time: 0.016520
Jul 30 07:56:19.784654 np0000031982 devstack@n-api.service[68784]: [pid: 68784|app: 0|req: 10/20] 192.168.1.103 () {72 vars in 1458 bytes} [Wed Jul 30 07:56:19 2025] POST /compute/v2.1/flavors/3/os-extra_specs => generated 43 bytes in 17 msecs (HTTP/1.1 200) 9 headers in 358 bytes (1 switches on core 0)
Jul 30 07:56:19.868481 np0000031982 devstack@n-api.service[68783]: DEBUG nova.api.openstack.wsgi [None req-f7ca21ab-db79-4a6e-8d20-d46dfebe4718 admin admin] Action: 'create', calling method: <bound method FlavorsController.create of <nova.api.openstack.compute.flavors.FlavorsController object at 0x73210f4098e0>>, body: {"flavor": {"ram": 8192, "vcpus": 4, "disk": 80, "swap": 0, "name": "m1.large", "rxtx_factor": 1.0, "OS-FLV-EXT-DATA:ephemeral": 0, "os-flavor-access:is_public": true, "id": "4"}} {{(pid=68783) _process_stack /opt/stack/nova/nova/api/openstack/wsgi.py:550}}
Jul 30 07:56:19.879651 np0000031982 devstack@n-api.service[68783]: INFO nova.api.openstack.requestlog [None req-f7ca21ab-db79-4a6e-8d20-d46dfebe4718 admin admin] 192.168.1.103 "POST /compute/v2.1/flavors" status: 200 len: 411 microversion: 2.61 time: 0.012671
Jul 30 07:56:19.879885 np0000031982 devstack@n-api.service[68783]: [pid: 68783|app: 0|req: 11/21] 192.168.1.103 () {72 vars in 1408 bytes} [Wed Jul 30 07:56:19 2025] POST /compute/v2.1/flavors => generated 411 bytes in 13 msecs (HTTP/1.1 200) 9 headers in 359 bytes (1 switches on core 0)
Jul 30 07:56:19.887574 np0000031982 devstack@n-api.service[68784]: DEBUG nova.api.openstack.wsgi [None req-33be3fed-ba94-417a-ab01-303ed75c5017 admin admin] Action: 'create', calling method: <bound method FlavorExtraSpecsController.create of <nova.api.openstack.compute.flavors_extraspecs.FlavorExtraSpecsController object at 0x73210f40a180>>, body: {"extra_specs": {"hw_rng:allowed": "True"}} {{(pid=68784) _process_stack /opt/stack/nova/nova/api/openstack/wsgi.py:550}}
Jul 30 07:56:19.899289 np0000031982 devstack@n-api.service[68784]: INFO nova.api.openstack.requestlog [None req-33be3fed-ba94-417a-ab01-303ed75c5017 admin admin] 192.168.1.103 "POST /compute/v2.1/flavors/4/os-extra_specs" status: 200 len: 43 microversion: 2.61 time: 0.013079
Jul 30 07:56:19.899527 np0000031982 devstack@n-api.service[68784]: [pid: 68784|app: 0|req: 11/22] 192.168.1.103 () {72 vars in 1458 bytes} [Wed Jul 30 07:56:19 2025] POST /compute/v2.1/flavors/4/os-extra_specs => generated 43 bytes in 13 msecs (HTTP/1.1 200) 9 headers in 358 bytes (1 switches on core 0)
Jul 30 07:56:19.987991 np0000031982 devstack@n-api.service[68783]: DEBUG nova.api.openstack.wsgi [None req-838abd27-6106-4518-b0bd-3a12f7d774b3 admin admin] Action: 'create', calling method: <bound method FlavorsController.create of <nova.api.openstack.compute.flavors.FlavorsController object at 0x73210f4098e0>>, body: {"flavor": {"ram": 16384, "vcpus": 8, "disk": 160, "swap": 0, "name": "m1.xlarge", "rxtx_factor": 1.0, "OS-FLV-EXT-DATA:ephemeral": 0, "os-flavor-access:is_public": true, "id": "5"}} {{(pid=68783) _process_stack /opt/stack/nova/nova/api/openstack/wsgi.py:550}}
Jul 30 07:56:19.999445 np0000031982 devstack@n-api.service[68783]: INFO nova.api.openstack.requestlog [None req-838abd27-6106-4518-b0bd-3a12f7d774b3 admin admin] 192.168.1.103 "POST /compute/v2.1/flavors" status: 200 len: 414 microversion: 2.61 time: 0.014391
Jul 30 07:56:19.999687 np0000031982 devstack@n-api.service[68783]: [pid: 68783|app: 0|req: 12/23] 192.168.1.103 () {72 vars in 1408 bytes} [Wed Jul 30 07:56:19 2025] POST /compute/v2.1/flavors => generated 414 bytes in 15 msecs (HTTP/1.1 200) 9 headers in 359 bytes (1 switches on core 0)
Jul 30 07:56:20.007699 np0000031982 devstack@n-api.service[68784]: DEBUG nova.api.openstack.wsgi [None req-5c367668-a8c4-4bf8-a7e8-9cb918f7bc43 admin admin] Action: 'create', calling method: <bound method FlavorExtraSpecsController.create of <nova.api.openstack.compute.flavors_extraspecs.FlavorExtraSpecsController object at 0x73210f40a180>>, body: {"extra_specs": {"hw_rng:allowed": "True"}} {{(pid=68784) _process_stack /opt/stack/nova/nova/api/openstack/wsgi.py:550}}
Jul 30 07:56:20.020265 np0000031982 devstack@n-api.service[68784]: INFO nova.api.openstack.requestlog [None req-5c367668-a8c4-4bf8-a7e8-9cb918f7bc43 admin admin] 192.168.1.103 "POST /compute/v2.1/flavors/5/os-extra_specs" status: 200 len: 43 microversion: 2.61 time: 0.014040
Jul 30 07:56:20.020524 np0000031982 devstack@n-api.service[68784]: [pid: 68784|app: 0|req: 12/24] 192.168.1.103 () {72 vars in 1458 bytes} [Wed Jul 30 07:56:20 2025] POST /compute/v2.1/flavors/5/os-extra_specs => generated 43 bytes in 14 msecs (HTTP/1.1 200) 9 headers in 358 bytes (1 switches on core 0)
Jul 30 07:56:48.849384 np0000031982 devstack@n-api.service[68783]: DEBUG nova.api.openstack.wsgi [None req-fec9fcbd-1e4a-4349-8cdd-1adc9ac7fd1c admin admin] Calling method '<bound method FlavorsController.detail of <nova.api.openstack.compute.flavors.FlavorsController object at 0x73210f409a30>>' {{(pid=68783) _process_stack /opt/stack/nova/nova/api/openstack/wsgi.py:552}}
Jul 30 07:56:48.850354 np0000031982 devstack@n-api.service[68783]: DEBUG dbcounter [-] [68783] Writing DB stats nova_api:SELECT=21,nova_api:SAVEPOINT=5,nova_api:INSERT=10,nova_api:RELEASE=5 {{(pid=68783) stat_writer /opt/stack/data/venv/lib/python3.12/site-packages/dbcounter.py:115}}
Jul 30 07:56:48.859421 np0000031982 devstack@n-api.service[68783]: INFO nova.api.openstack.requestlog [None req-fec9fcbd-1e4a-4349-8cdd-1adc9ac7fd1c admin admin] 192.168.1.103 "GET /compute/v2.1/flavors/detail?is_public=True" status: 200 len: 4262 microversion: 2.61 time: 0.013332
Jul 30 07:56:48.859705 np0000031982 devstack@n-api.service[68783]: [pid: 68783|app: 0|req: 13/25] 192.168.1.103 () {68 vars in 1417 bytes} [Wed Jul 30 07:56:48 2025] GET /compute/v2.1/flavors/detail?is_public=True => generated 4262 bytes in 14 msecs (HTTP/1.1 200) 9 headers in 360 bytes (1 switches on core 0)
Jul 30 07:56:48.959348 np0000031982 devstack@n-api.service[68784]: DEBUG nova.api.openstack.wsgi [None req-c060ae02-cd82-40af-9557-b89ab4b13338 admin admin] Action: 'create', calling method: <bound method FlavorsController.create of <nova.api.openstack.compute.flavors.FlavorsController object at 0x73210f4098e0>>, body: {"flavor": {"ram": 1024, "vcpus": 1, "disk": 5, "swap": 0, "name": "manila-service-flavor", "rxtx_factor": 1.0, "OS-FLV-EXT-DATA:ephemeral": 0, "os-flavor-access:is_public": true, "id": "100"}} {{(pid=68784) _process_stack /opt/stack/nova/nova/api/openstack/wsgi.py:550}}
Jul 30 07:56:48.962314 np0000031982 devstack@n-api.service[68784]: DEBUG dbcounter [-] [68784] Writing DB stats nova_api:INSERT=10,nova_api:SELECT=21,nova_api:SAVEPOINT=5,nova_api:RELEASE=5 {{(pid=68784) stat_writer /opt/stack/data/venv/lib/python3.12/site-packages/dbcounter.py:115}}
Jul 30 07:56:48.970782 np0000031982 devstack@n-api.service[68784]: INFO nova.api.openstack.requestlog [None req-c060ae02-cd82-40af-9557-b89ab4b13338 admin admin] 192.168.1.103 "POST /compute/v2.1/flavors" status: 200 len: 429 microversion: 2.61 time: 0.012899
Jul 30 07:56:48.971062 np0000031982 devstack@n-api.service[68784]: [pid: 68784|app: 0|req: 13/26] 192.168.1.103 () {72 vars in 1408 bytes} [Wed Jul 30 07:56:48 2025] POST /compute/v2.1/flavors => generated 429 bytes in 13 msecs (HTTP/1.1 200) 9 headers in 359 bytes (1 switches on core 0)
Jul 30 07:57:16.053647 np0000031982 devstack@n-api.service[68783]: DEBUG nova.api.openstack.wsgi [None req-3b7fa814-2320-44ab-a6a5-f60c10223372 admin admin] Calling method '<bound method KeypairController.index of <nova.api.openstack.compute.keypairs.KeypairController object at 0x73210f4b8c50>>' {{(pid=68783) _process_stack /opt/stack/nova/nova/api/openstack/wsgi.py:552}}
Jul 30 07:57:16.055489 np0000031982 devstack@n-api.service[68783]: WARNING oslo_db.sqlalchemy.utils [None req-3b7fa814-2320-44ab-a6a5-f60c10223372 admin admin] Unique keys not in sort_keys. The sorting order may be unstable.
Jul 30 07:57:16.061636 np0000031982 devstack@n-api.service[68783]: INFO nova.api.openstack.requestlog [None req-3b7fa814-2320-44ab-a6a5-f60c10223372 admin admin] 192.168.1.103 "GET /compute/v2.1/os-keypairs" status: 200 len: 16 microversion: 2.10 time: 0.009482
Jul 30 07:57:16.061853 np0000031982 devstack@n-api.service[68783]: [pid: 68783|app: 0|req: 14/27] 192.168.1.103 () {68 vars in 1379 bytes} [Wed Jul 30 07:57:16 2025] GET /compute/v2.1/os-keypairs => generated 16 bytes in 10 msecs (HTTP/1.1 200) 9 headers in 358 bytes (1 switches on core 0)
Jul 30 07:57:16.154234 np0000031982 devstack@n-api.service[68784]: DEBUG nova.api.openstack.wsgi [None req-d02c1109-0ec7-44d5-9185-d9cc3ea2b955 admin admin] Action: 'create', calling method: <bound method KeypairController.create of <nova.api.openstack.compute.keypairs.KeypairController object at 0x73210f4b8ef0>>, body: {"keypair": {"name": "manila-service", "public_key": "ecdsa-sha2-nistp256 AAAAE2VjZHNhLXNoYTItbmlzdHAyNTYAAAAIbmlzdHAyNTYAAABBBEGX16RY/UbCZhvB22aLyxNOu1oGpqSSfxdAb1zRx1yN8M9GLs8sGNf/uXiy3SfiQxoz19S+kEKz3sCjuUcCPl8= stack@np0000031982\n"}} {{(pid=68784) _process_stack /opt/stack/nova/nova/api/openstack/wsgi.py:550}}
Jul 30 07:57:16.167274 np0000031982 devstack@n-api.service[68784]: DEBUG nova.quota [None req-d02c1109-0ec7-44d5-9185-d9cc3ea2b955 admin admin] Getting quotas for project 04428b8ae05147a686d4ca0fecf5704c. Resources: {'key_pairs'} {{(pid=68784) _get_quotas /opt/stack/nova/nova/quota.py:392}}
Jul 30 07:57:16.169723 np0000031982 devstack@n-api.service[68784]: DEBUG nova.quota [None req-d02c1109-0ec7-44d5-9185-d9cc3ea2b955 admin admin] Getting quotas for user 14ba012e872e4fd6b87fde96bb1f769c and project 04428b8ae05147a686d4ca0fecf5704c. Resources: {'key_pairs'} {{(pid=68784) _get_quotas /opt/stack/nova/nova/quota.py:382}}
Jul 30 07:57:16.193240 np0000031982 devstack@n-api.service[68784]: INFO nova.api.openstack.requestlog [None req-d02c1109-0ec7-44d5-9185-d9cc3ea2b955 admin admin] 192.168.1.103 "POST /compute/v2.1/os-keypairs" status: 201 len: 366 microversion: 2.10 time: 0.040480
Jul 30 07:57:16.193542 np0000031982 devstack@n-api.service[68784]: [pid: 68784|app: 0|req: 14/28] 192.168.1.103 () {72 vars in 1420 bytes} [Wed Jul 30 07:57:16 2025] POST /compute/v2.1/os-keypairs => generated 366 bytes in 41 msecs (HTTP/1.1 201) 9 headers in 364 bytes (1 switches on core 0)
Jul 30 07:57:22.258537 np0000031982 devstack@n-api.service[68783]: DEBUG nova.api.openstack.wsgi [None req-bdc41ad8-b4d3-4347-8653-45fe17623678 admin admin] Calling method '<bound method ServiceController.index of <nova.api.openstack.compute.services.ServiceController object at 0x73210f4fc5f0>>' {{(pid=68783) _process_stack /opt/stack/nova/nova/api/openstack/wsgi.py:552}}
Jul 30 07:57:22.260178 np0000031982 devstack@n-api.service[68783]: DEBUG oslo_concurrency.lockutils [None req-bdc41ad8-b4d3-4347-8653-45fe17623678 admin admin] Acquiring lock "00000000-0000-0000-0000-000000000000" by "nova.context.set_target_cell.<locals>.get_or_set_cached_cell_and_set_connections" {{(pid=68783) inner /opt/stack/data/venv/lib/python3.12/site-packages/oslo_concurrency/lockutils.py:405}}
Jul 30 07:57:22.260340 np0000031982 devstack@n-api.service[68783]: DEBUG oslo_concurrency.lockutils [None req-bdc41ad8-b4d3-4347-8653-45fe17623678 admin admin] Lock "00000000-0000-0000-0000-000000000000" acquired by "nova.context.set_target_cell.<locals>.get_or_set_cached_cell_and_set_connections" :: waited 0.000s {{(pid=68783) inner /opt/stack/data/venv/lib/python3.12/site-packages/oslo_concurrency/lockutils.py:410}}
Jul 30 07:57:22.260482 np0000031982 devstack@n-api.service[68783]: DEBUG oslo_concurrency.lockutils [None req-bdc41ad8-b4d3-4347-8653-45fe17623678 admin admin] Lock "00000000-0000-0000-0000-000000000000" "released" by "nova.context.set_target_cell.<locals>.get_or_set_cached_cell_and_set_connections" :: held 0.000s {{(pid=68783) inner /opt/stack/data/venv/lib/python3.12/site-packages/oslo_concurrency/lockutils.py:424}}
Jul 30 07:57:22.260837 np0000031982 devstack@n-api.service[68783]: DEBUG oslo_concurrency.lockutils [None req-bdc41ad8-b4d3-4347-8653-45fe17623678 admin admin] Acquiring lock "441e69ce-e6d4-42a1-b3ec-9d6b70c6d840" by "nova.context.set_target_cell.<locals>.get_or_set_cached_cell_and_set_connections" {{(pid=68783) inner /opt/stack/data/venv/lib/python3.12/site-packages/oslo_concurrency/lockutils.py:405}}
Jul 30 07:57:22.260968 np0000031982 devstack@n-api.service[68783]: DEBUG oslo_concurrency.lockutils [None req-bdc41ad8-b4d3-4347-8653-45fe17623678 admin admin] Lock "441e69ce-e6d4-42a1-b3ec-9d6b70c6d840" acquired by "nova.context.set_target_cell.<locals>.get_or_set_cached_cell_and_set_connections" :: waited 0.000s {{(pid=68783) inner /opt/stack/data/venv/lib/python3.12/site-packages/oslo_concurrency/lockutils.py:410}}
