Jul 30 14:08:18.881028 np0000031992 devstack@n-api.service[68993]: DEBUG oslo_concurrency.lockutils [None req-9f9891e7-7066-4e07-920c-6b6ba41041d9 None None] Lock "00000000-0000-0000-0000-000000000000" "released" by "nova.context.set_target_cell.<locals>.get_or_set_cached_cell_and_set_connections" :: held 0.000s {{(pid=68993) inner /opt/stack/data/venv/lib/python3.12/site-packages/oslo_concurrency/lockutils.py:424}}
Jul 30 14:08:18.881374 np0000031992 devstack@n-api.service[68993]: DEBUG oslo_concurrency.lockutils [None req-9f9891e7-7066-4e07-920c-6b6ba41041d9 None None] Acquiring lock "f8b2eedf-84aa-4140-99f3-73e96af24b05" by "nova.context.set_target_cell.<locals>.get_or_set_cached_cell_and_set_connections" {{(pid=68993) inner /opt/stack/data/venv/lib/python3.12/site-packages/oslo_concurrency/lockutils.py:405}}
Jul 30 14:08:18.881506 np0000031992 devstack@n-api.service[68993]: DEBUG oslo_concurrency.lockutils [None req-9f9891e7-7066-4e07-920c-6b6ba41041d9 None None] Lock "f8b2eedf-84aa-4140-99f3-73e96af24b05" acquired by "nova.context.set_target_cell.<locals>.get_or_set_cached_cell_and_set_connections" :: waited 0.000s {{(pid=68993) inner /opt/stack/data/venv/lib/python3.12/site-packages/oslo_concurrency/lockutils.py:410}}
Jul 30 14:08:18.882163 np0000031992 devstack@n-api.service[68993]: DEBUG oslo_concurrency.lockutils [None req-9f9891e7-7066-4e07-920c-6b6ba41041d9 None None] Lock "f8b2eedf-84aa-4140-99f3-73e96af24b05" "released" by "nova.context.set_target_cell.<locals>.get_or_set_cached_cell_and_set_connections" :: held 0.001s {{(pid=68993) inner /opt/stack/data/venv/lib/python3.12/site-packages/oslo_concurrency/lockutils.py:424}}
Jul 30 14:08:18.883263 np0000031992 devstack@n-api.service[68993]: INFO dbcounter [None req-9f9891e7-7066-4e07-920c-6b6ba41041d9 None None] Registered counter for database nova_cell0
Jul 30 14:08:18.883753 np0000031992 devstack@n-api.service[68994]: DEBUG dbcounter [-] [68994] Writer thread running {{(pid=68994) stat_writer /opt/stack/data/venv/lib/python3.12/site-packages/dbcounter.py:102}}
Jul 30 14:08:18.885054 np0000031992 devstack@n-api.service[68993]: INFO dbcounter [None req-9f9891e7-7066-4e07-920c-6b6ba41041d9 None None] Registered counter for database nova_cell1
Jul 30 14:08:18.885281 np0000031992 devstack@n-api.service[68994]: DEBUG nova.context [None req-009bdf3d-3098-4db7-a319-7810bc7042b2 None None] Found 2 cells: 00000000-0000-0000-0000-000000000000(cell0),f8b2eedf-84aa-4140-99f3-73e96af24b05(cell1) {{(pid=68994) load_cells /opt/stack/nova/nova/context.py:472}}
Jul 30 14:08:18.885476 np0000031992 devstack@n-api.service[68994]: INFO nova.utils [None req-009bdf3d-3098-4db7-a319-7810bc7042b2 None None] The cell worker thread pool MainProcess.cell_worker is initialized
Jul 30 14:08:18.886821 np0000031992 devstack@n-api.service[68994]: DEBUG oslo_concurrency.lockutils [None req-009bdf3d-3098-4db7-a319-7810bc7042b2 None None] Acquiring lock "00000000-0000-0000-0000-000000000000" by "nova.context.set_target_cell.<locals>.get_or_set_cached_cell_and_set_connections" {{(pid=68994) inner /opt/stack/data/venv/lib/python3.12/site-packages/oslo_concurrency/lockutils.py:405}}
Jul 30 14:08:18.886989 np0000031992 devstack@n-api.service[68994]: DEBUG oslo_concurrency.lockutils [None req-009bdf3d-3098-4db7-a319-7810bc7042b2 None None] Lock "00000000-0000-0000-0000-000000000000" acquired by "nova.context.set_target_cell.<locals>.get_or_set_cached_cell_and_set_connections" :: waited 0.000s {{(pid=68994) inner /opt/stack/data/venv/lib/python3.12/site-packages/oslo_concurrency/lockutils.py:410}}
Jul 30 14:08:18.887350 np0000031992 devstack@n-api.service[68994]: DEBUG oslo_concurrency.lockutils [None req-009bdf3d-3098-4db7-a319-7810bc7042b2 None None] Lock "00000000-0000-0000-0000-000000000000" "released" by "nova.context.set_target_cell.<locals>.get_or_set_cached_cell_and_set_connections" :: held 0.000s {{(pid=68994) inner /opt/stack/data/venv/lib/python3.12/site-packages/oslo_concurrency/lockutils.py:424}}
Jul 30 14:08:18.887670 np0000031992 devstack@n-api.service[68994]: DEBUG oslo_concurrency.lockutils [None req-009bdf3d-3098-4db7-a319-7810bc7042b2 None None] Acquiring lock "f8b2eedf-84aa-4140-99f3-73e96af24b05" by "nova.context.set_target_cell.<locals>.get_or_set_cached_cell_and_set_connections" {{(pid=68994) inner /opt/stack/data/venv/lib/python3.12/site-packages/oslo_concurrency/lockutils.py:405}}
Jul 30 14:08:18.887798 np0000031992 devstack@n-api.service[68994]: DEBUG oslo_concurrency.lockutils [None req-009bdf3d-3098-4db7-a319-7810bc7042b2 None None] Lock "f8b2eedf-84aa-4140-99f3-73e96af24b05" acquired by "nova.context.set_target_cell.<locals>.get_or_set_cached_cell_and_set_connections" :: waited 0.000s {{(pid=68994) inner /opt/stack/data/venv/lib/python3.12/site-packages/oslo_concurrency/lockutils.py:410}}
Jul 30 14:08:18.887817 np0000031992 devstack@n-api.service[68993]: DEBUG oslo_db.sqlalchemy.engines [None req-9f9891e7-7066-4e07-920c-6b6ba41041d9 None None] MySQL server mode set to STRICT_TRANS_TABLES,STRICT_ALL_TABLES,NO_ZERO_IN_DATE,NO_ZERO_DATE,ERROR_FOR_DIVISION_BY_ZERO,TRADITIONAL,NO_ENGINE_SUBSTITUTION {{(pid=68993) _check_effective_sql_mode /opt/stack/data/venv/lib/python3.12/site-packages/oslo_db/sqlalchemy/engines.py:397}}
Jul 30 14:08:18.888492 np0000031992 devstack@n-api.service[68994]: DEBUG oslo_concurrency.lockutils [None req-009bdf3d-3098-4db7-a319-7810bc7042b2 None None] Lock "f8b2eedf-84aa-4140-99f3-73e96af24b05" "released" by "nova.context.set_target_cell.<locals>.get_or_set_cached_cell_and_set_connections" :: held 0.001s {{(pid=68994) inner /opt/stack/data/venv/lib/python3.12/site-packages/oslo_concurrency/lockutils.py:424}}
Jul 30 14:08:18.889589 np0000031992 devstack@n-api.service[68994]: INFO dbcounter [None req-009bdf3d-3098-4db7-a319-7810bc7042b2 None None] Registered counter for database nova_cell0
Jul 30 14:08:18.890195 np0000031992 devstack@n-api.service[68993]: DEBUG oslo_db.sqlalchemy.engines [None req-9f9891e7-7066-4e07-920c-6b6ba41041d9 None None] MySQL server mode set to STRICT_TRANS_TABLES,STRICT_ALL_TABLES,NO_ZERO_IN_DATE,NO_ZERO_DATE,ERROR_FOR_DIVISION_BY_ZERO,TRADITIONAL,NO_ENGINE_SUBSTITUTION {{(pid=68993) _check_effective_sql_mode /opt/stack/data/venv/lib/python3.12/site-packages/oslo_db/sqlalchemy/engines.py:397}}
Jul 30 14:08:18.891407 np0000031992 devstack@n-api.service[68994]: INFO dbcounter [None req-009bdf3d-3098-4db7-a319-7810bc7042b2 None None] Registered counter for database nova_cell1
Jul 30 14:08:18.895277 np0000031992 devstack@n-api.service[68994]: DEBUG oslo_db.sqlalchemy.engines [None req-009bdf3d-3098-4db7-a319-7810bc7042b2 None None] MySQL server mode set to STRICT_TRANS_TABLES,STRICT_ALL_TABLES,NO_ZERO_IN_DATE,NO_ZERO_DATE,ERROR_FOR_DIVISION_BY_ZERO,TRADITIONAL,NO_ENGINE_SUBSTITUTION {{(pid=68994) _check_effective_sql_mode /opt/stack/data/venv/lib/python3.12/site-packages/oslo_db/sqlalchemy/engines.py:397}}
Jul 30 14:08:18.897628 np0000031992 devstack@n-api.service[68994]: DEBUG oslo_db.sqlalchemy.engines [None req-009bdf3d-3098-4db7-a319-7810bc7042b2 None None] MySQL server mode set to STRICT_TRANS_TABLES,STRICT_ALL_TABLES,NO_ZERO_IN_DATE,NO_ZERO_DATE,ERROR_FOR_DIVISION_BY_ZERO,TRADITIONAL,NO_ENGINE_SUBSTITUTION {{(pid=68994) _check_effective_sql_mode /opt/stack/data/venv/lib/python3.12/site-packages/oslo_db/sqlalchemy/engines.py:397}}
Jul 30 14:08:18.947678 np0000031992 devstack@n-api.service[68993]: DEBUG dbcounter [-] [68993] Writer thread running {{(pid=68993) stat_writer /opt/stack/data/venv/lib/python3.12/site-packages/dbcounter.py:102}}
Jul 30 14:08:18.951280 np0000031992 devstack@n-api.service[68993]: DEBUG dbcounter [-] [68993] Writer thread running {{(pid=68993) stat_writer /opt/stack/data/venv/lib/python3.12/site-packages/dbcounter.py:102}}
Jul 30 14:08:18.953173 np0000031992 devstack@n-api.service[68993]: INFO dbcounter [None req-9f9891e7-7066-4e07-920c-6b6ba41041d9 None None] Registered counter for database nova_cell0
Jul 30 14:08:18.956260 np0000031992 devstack@n-api.service[68994]: DEBUG dbcounter [-] [68994] Writer thread running {{(pid=68994) stat_writer /opt/stack/data/venv/lib/python3.12/site-packages/dbcounter.py:102}}
Jul 30 14:08:18.958069 np0000031992 devstack@n-api.service[68993]: DEBUG oslo_db.sqlalchemy.engines [None req-9f9891e7-7066-4e07-920c-6b6ba41041d9 None None] MySQL server mode set to STRICT_TRANS_TABLES,STRICT_ALL_TABLES,NO_ZERO_IN_DATE,NO_ZERO_DATE,ERROR_FOR_DIVISION_BY_ZERO,TRADITIONAL,NO_ENGINE_SUBSTITUTION {{(pid=68993) _check_effective_sql_mode /opt/stack/data/venv/lib/python3.12/site-packages/oslo_db/sqlalchemy/engines.py:397}}
Jul 30 14:08:18.959845 np0000031992 devstack@n-api.service[68994]: DEBUG dbcounter [-] [68994] Writer thread running {{(pid=68994) stat_writer /opt/stack/data/venv/lib/python3.12/site-packages/dbcounter.py:102}}
Jul 30 14:08:18.961553 np0000031992 devstack@n-api.service[68993]: DEBUG dbcounter [-] [68993] Writer thread running {{(pid=68993) stat_writer /opt/stack/data/venv/lib/python3.12/site-packages/dbcounter.py:102}}
Jul 30 14:08:18.961706 np0000031992 devstack@n-api.service[68994]: INFO dbcounter [None req-009bdf3d-3098-4db7-a319-7810bc7042b2 None None] Registered counter for database nova_cell0
Jul 30 14:08:18.966569 np0000031992 devstack@n-api.service[68994]: DEBUG oslo_db.sqlalchemy.engines [None req-009bdf3d-3098-4db7-a319-7810bc7042b2 None None] MySQL server mode set to STRICT_TRANS_TABLES,STRICT_ALL_TABLES,NO_ZERO_IN_DATE,NO_ZERO_DATE,ERROR_FOR_DIVISION_BY_ZERO,TRADITIONAL,NO_ENGINE_SUBSTITUTION {{(pid=68994) _check_effective_sql_mode /opt/stack/data/venv/lib/python3.12/site-packages/oslo_db/sqlalchemy/engines.py:397}}
Jul 30 14:08:18.970148 np0000031992 devstack@n-api.service[68994]: DEBUG dbcounter [-] [68994] Writer thread running {{(pid=68994) stat_writer /opt/stack/data/venv/lib/python3.12/site-packages/dbcounter.py:102}}
Jul 30 14:08:19.282661 np0000031992 devstack@n-api.service[68993]: DEBUG oslo_concurrency.processutils [None req-9f9891e7-7066-4e07-920c-6b6ba41041d9 None None] Running cmd (subprocess): grep -F node.session.scan /sbin/iscsiadm {{(pid=68993) execute /opt/stack/data/venv/lib/python3.12/site-packages/oslo_concurrency/processutils.py:349}}
Jul 30 14:08:19.282755 np0000031992 devstack@n-api.service[68994]: DEBUG oslo_concurrency.processutils [None req-009bdf3d-3098-4db7-a319-7810bc7042b2 None None] Running cmd (subprocess): grep -F node.session.scan /sbin/iscsiadm {{(pid=68994) execute /opt/stack/data/venv/lib/python3.12/site-packages/oslo_concurrency/processutils.py:349}}
Jul 30 14:08:19.289840 np0000031992 devstack@n-api.service[68994]: DEBUG oslo_concurrency.processutils [None req-009bdf3d-3098-4db7-a319-7810bc7042b2 None None] CMD "grep -F node.session.scan /sbin/iscsiadm" returned: 0 in 0.007s {{(pid=68994) execute /opt/stack/data/venv/lib/python3.12/site-packages/oslo_concurrency/processutils.py:372}}
Jul 30 14:08:19.290525 np0000031992 devstack@n-api.service[68993]: DEBUG oslo_concurrency.processutils [None req-9f9891e7-7066-4e07-920c-6b6ba41041d9 None None] CMD "grep -F node.session.scan /sbin/iscsiadm" returned: 0 in 0.008s {{(pid=68993) execute /opt/stack/data/venv/lib/python3.12/site-packages/oslo_concurrency/processutils.py:372}}
Jul 30 14:08:19.577086 np0000031992 devstack@n-api.service[68994]: WARNING keystonemiddleware.auth_token [None req-009bdf3d-3098-4db7-a319-7810bc7042b2 None None] AuthToken middleware is set with keystone_authtoken.service_token_roles_required set to False. This is backwards compatible but deprecated behaviour. Please set this to True.
Jul 30 14:08:19.577175 np0000031992 devstack@n-api.service[68993]: WARNING keystonemiddleware.auth_token [None req-9f9891e7-7066-4e07-920c-6b6ba41041d9 None None] AuthToken middleware is set with keystone_authtoken.service_token_roles_required set to False. This is backwards compatible but deprecated behaviour. Please set this to True.
Jul 30 14:08:19.580388 np0000031992 devstack@n-api.service[68994]: WARNING keystonemiddleware.auth_token [None req-009bdf3d-3098-4db7-a319-7810bc7042b2 None None] Configuring www_authenticate_uri to point to the public identity endpoint is required; clients may not be able to authenticate against an admin endpoint
Jul 30 14:08:19.580454 np0000031992 devstack@n-api.service[68993]: WARNING keystonemiddleware.auth_token [None req-9f9891e7-7066-4e07-920c-6b6ba41041d9 None None] Configuring www_authenticate_uri to point to the public identity endpoint is required; clients may not be able to authenticate against an admin endpoint
Jul 30 14:08:19.732384 np0000031992 devstack@n-api.service[68994]: WARNING keystonemiddleware.auth_token [None req-009bdf3d-3098-4db7-a319-7810bc7042b2 None None] AuthToken middleware is set with keystone_authtoken.service_token_roles_required set to False. This is backwards compatible but deprecated behaviour. Please set this to True.
Jul 30 14:08:19.733819 np0000031992 devstack@n-api.service[68993]: WARNING keystonemiddleware.auth_token [None req-9f9891e7-7066-4e07-920c-6b6ba41041d9 None None] AuthToken middleware is set with keystone_authtoken.service_token_roles_required set to False. This is backwards compatible but deprecated behaviour. Please set this to True.
Jul 30 14:08:19.734829 np0000031992 devstack@n-api.service[68994]: WARNING keystonemiddleware.auth_token [None req-009bdf3d-3098-4db7-a319-7810bc7042b2 None None] Configuring www_authenticate_uri to point to the public identity endpoint is required; clients may not be able to authenticate against an admin endpoint
Jul 30 14:08:19.736235 np0000031992 devstack@n-api.service[68993]: WARNING keystonemiddleware.auth_token [None req-9f9891e7-7066-4e07-920c-6b6ba41041d9 None None] Configuring www_authenticate_uri to point to the public identity endpoint is required; clients may not be able to authenticate against an admin endpoint
Jul 30 14:08:19.736974 np0000031992 devstack@n-api.service[68994]: WSGI app 0 (mountpoint='') ready in 2 seconds on interpreter 0x71dfb92a39e8 pid: 68994 (default app)
Jul 30 14:08:19.737855 np0000031992 devstack@n-api.service[68994]: DEBUG nova.api.openstack.wsgi [None req-009bdf3d-3098-4db7-a319-7810bc7042b2 None None] Calling method '<bound method VersionsV2.index of <nova.api.openstack.compute.versions.VersionsV2 object at 0x71dfb2d37ec0>>' {{(pid=68994) _process_stack /opt/stack/nova/nova/api/openstack/wsgi.py:552}}
Jul 30 14:08:19.738069 np0000031992 devstack@n-api.service[68993]: WSGI app 0 (mountpoint='') ready in 2 seconds on interpreter 0x71dfb92a39e8 pid: 68993 (default app)
Jul 30 14:08:19.740405 np0000031992 devstack@n-api.service[68994]: INFO nova.api.openstack.requestlog [None req-009bdf3d-3098-4db7-a319-7810bc7042b2 None None] 192.168.1.125 "GET /compute/v2.1/" status: 200 len: 391 microversion: 2.1 time: 0.002739
Jul 30 14:08:19.740581 np0000031992 devstack@n-api.service[68994]: [pid: 68994|app: 0|req: 1/1] 192.168.1.125 () {50 vars in 771 bytes} [Wed Jul 30 14:08:19 2025] GET /compute/v2.1/ => generated 391 bytes in 3 msecs (HTTP/1.1 200) 9 headers in 357 bytes (1 switches on core 0)
Jul 30 14:08:53.985220 np0000031992 devstack@n-api.service[68993]: DEBUG nova.api.openstack.wsgi [None req-9f9891e7-7066-4e07-920c-6b6ba41041d9 None None] Calling method '<bound method VersionsV2.index of <nova.api.openstack.compute.versions.VersionsV2 object at 0x71dfb45fa420>>' {{(pid=68993) _process_stack /opt/stack/nova/nova/api/openstack/wsgi.py:552}}
Jul 30 14:08:53.988239 np0000031992 devstack@n-api.service[68993]: INFO nova.api.openstack.requestlog [None req-9f9891e7-7066-4e07-920c-6b6ba41041d9 None None] 192.168.1.125 "GET /compute/v2.1" status: 200 len: 392 microversion: 2.1 time: 0.003690
Jul 30 14:08:53.988434 np0000031992 devstack@n-api.service[68993]: [pid: 68993|app: 0|req: 1/2] 192.168.1.125 () {62 vars in 1056 bytes} [Wed Jul 30 14:08:53 2025] GET /compute/v2.1 => generated 392 bytes in 5 msecs (HTTP/1.1 200) 9 headers in 357 bytes (1 switches on core 0)
Jul 30 14:08:53.997820 np0000031992 devstack@n-api.service[68994]: DEBUG dbcounter [-] [68994] Writing DB stats nova_api:SELECT=1 {{(pid=68994) stat_writer /opt/stack/data/venv/lib/python3.12/site-packages/dbcounter.py:115}}
Jul 30 14:08:53.998476 np0000031992 devstack@n-api.service[68994]: DEBUG dbcounter [-] [68994] Writing DB stats nova_cell0:SELECT=1 {{(pid=68994) stat_writer /opt/stack/data/venv/lib/python3.12/site-packages/dbcounter.py:115}}
Jul 30 14:08:53.998811 np0000031992 devstack@n-api.service[68994]: DEBUG dbcounter [-] [68994] Writing DB stats nova_cell1:SELECT=1 {{(pid=68994) stat_writer /opt/stack/data/venv/lib/python3.12/site-packages/dbcounter.py:115}}
Jul 30 14:08:53.999116 np0000031992 devstack@n-api.service[68994]: DEBUG dbcounter [-] [68994] Writing DB stats nova_cell0:SELECT=1 {{(pid=68994) stat_writer /opt/stack/data/venv/lib/python3.12/site-packages/dbcounter.py:115}}
Jul 30 14:08:54.108918 np0000031992 devstack@n-api.service[68994]: DEBUG nova.api.openstack.wsgi [None req-c0b5cf39-032f-45c8-a4ca-fa1a9809e74b admin admin] Calling method '<bound method FlavorsController.detail of <nova.api.openstack.compute.flavors.FlavorsController object at 0x71dfb247cc50>>' {{(pid=68994) _process_stack /opt/stack/nova/nova/api/openstack/wsgi.py:552}}
Jul 30 14:08:54.125316 np0000031992 devstack@n-api.service[68994]: INFO nova.api.openstack.requestlog [None req-c0b5cf39-032f-45c8-a4ca-fa1a9809e74b admin admin] 192.168.1.125 "GET /compute/v2.1/flavors/detail?is_public=True" status: 200 len: 15 microversion: 2.61 time: 0.131468
Jul 30 14:08:54.125552 np0000031992 devstack@n-api.service[68994]: [pid: 68994|app: 0|req: 2/3] 192.168.1.125 () {68 vars in 1417 bytes} [Wed Jul 30 14:08:53 2025] GET /compute/v2.1/flavors/detail?is_public=True => generated 15 bytes in 132 msecs (HTTP/1.1 200) 9 headers in 358 bytes (1 switches on core 0)
Jul 30 14:08:54.209331 np0000031992 devstack@n-api.service[68993]: DEBUG dbcounter [-] [68993] Writing DB stats nova_api:SELECT=1 {{(pid=68993) stat_writer /opt/stack/data/venv/lib/python3.12/site-packages/dbcounter.py:115}}
Jul 30 14:08:54.209957 np0000031992 devstack@n-api.service[68993]: DEBUG dbcounter [-] [68993] Writing DB stats nova_cell0:SELECT=1 {{(pid=68993) stat_writer /opt/stack/data/venv/lib/python3.12/site-packages/dbcounter.py:115}}
Jul 30 14:08:54.210288 np0000031992 devstack@n-api.service[68993]: DEBUG dbcounter [-] [68993] Writing DB stats nova_cell1:SELECT=1 {{(pid=68993) stat_writer /opt/stack/data/venv/lib/python3.12/site-packages/dbcounter.py:115}}
Jul 30 14:08:54.210587 np0000031992 devstack@n-api.service[68993]: DEBUG dbcounter [-] [68993] Writing DB stats nova_cell0:SELECT=2,nova_cell0:INSERT=1 {{(pid=68993) stat_writer /opt/stack/data/venv/lib/python3.12/site-packages/dbcounter.py:115}}
Jul 30 14:08:54.265902 np0000031992 devstack@n-api.service[68993]: DEBUG nova.api.openstack.wsgi [None req-c2507af1-51de-445b-b488-b993f9b71169 admin admin] Action: 'create', calling method: <bound method FlavorsController.create of <nova.api.openstack.compute.flavors.FlavorsController object at 0x71dfb2481a00>>, body: {"flavor": {"id": "c1", "swap": 0, "name": "cirros256", "vcpus": 1, "rxtx_factor": 1.0, "ram": 256, "OS-FLV-EXT-DATA:ephemeral": 0, "os-flavor-access:is_public": true, "disk": 1}} {{(pid=68993) _process_stack /opt/stack/nova/nova/api/openstack/wsgi.py:550}}
Jul 30 14:08:54.295990 np0000031992 devstack@n-api.service[68993]: INFO nova.api.openstack.requestlog [None req-c2507af1-51de-445b-b488-b993f9b71169 admin admin] 192.168.1.125 "POST /compute/v2.1/flavors" status: 200 len: 413 microversion: 2.61 time: 0.090088
Jul 30 14:08:54.296232 np0000031992 devstack@n-api.service[68993]: [pid: 68993|app: 0|req: 2/4] 192.168.1.125 () {72 vars in 1408 bytes} [Wed Jul 30 14:08:54 2025] POST /compute/v2.1/flavors => generated 413 bytes in 90 msecs (HTTP/1.1 200) 9 headers in 359 bytes (1 switches on core 0)
Jul 30 14:08:54.304445 np0000031992 devstack@n-api.service[68994]: DEBUG nova.api.openstack.wsgi [None req-b0b97de9-d22c-48b7-9b01-d9a68c9e076c admin admin] Action: 'create', calling method: <bound method FlavorExtraSpecsController.create of <nova.api.openstack.compute.flavors_extraspecs.FlavorExtraSpecsController object at 0x71dfb247d3a0>>, body: {"extra_specs": {"hw_rng:allowed": "True"}} {{(pid=68994) _process_stack /opt/stack/nova/nova/api/openstack/wsgi.py:550}}
Jul 30 14:08:54.326933 np0000031992 devstack@n-api.service[68994]: INFO nova.api.openstack.requestlog [None req-b0b97de9-d22c-48b7-9b01-d9a68c9e076c admin admin] 192.168.1.125 "POST /compute/v2.1/flavors/c1/os-extra_specs" status: 200 len: 43 microversion: 2.61 time: 0.024070
Jul 30 14:08:54.327173 np0000031992 devstack@n-api.service[68994]: [pid: 68994|app: 0|req: 3/5] 192.168.1.125 () {72 vars in 1461 bytes} [Wed Jul 30 14:08:54 2025] POST /compute/v2.1/flavors/c1/os-extra_specs => generated 43 bytes in 24 msecs (HTTP/1.1 200) 9 headers in 358 bytes (1 switches on core 0)
Jul 30 14:08:54.405966 np0000031992 devstack@n-api.service[68993]: DEBUG nova.api.openstack.wsgi [None req-a9d943ec-8707-44e0-8b13-ce3e76d88914 admin admin] Action: 'create', calling method: <bound method FlavorsController.create of <nova.api.openstack.compute.flavors.FlavorsController object at 0x71dfb2481a00>>, body: {"flavor": {"id": "d1", "swap": 0, "name": "ds512M", "vcpus": 1, "rxtx_factor": 1.0, "ram": 512, "OS-FLV-EXT-DATA:ephemeral": 0, "os-flavor-access:is_public": true, "disk": 5}} {{(pid=68993) _process_stack /opt/stack/nova/nova/api/openstack/wsgi.py:550}}
Jul 30 14:08:54.417944 np0000031992 devstack@n-api.service[68993]: INFO nova.api.openstack.requestlog [None req-a9d943ec-8707-44e0-8b13-ce3e76d88914 admin admin] 192.168.1.125 "POST /compute/v2.1/flavors" status: 200 len: 410 microversion: 2.61 time: 0.013599
Jul 30 14:08:54.418176 np0000031992 devstack@n-api.service[68993]: [pid: 68993|app: 0|req: 3/6] 192.168.1.125 () {72 vars in 1408 bytes} [Wed Jul 30 14:08:54 2025] POST /compute/v2.1/flavors => generated 410 bytes in 14 msecs (HTTP/1.1 200) 9 headers in 359 bytes (1 switches on core 0)
Jul 30 14:08:54.425755 np0000031992 devstack@n-api.service[68994]: DEBUG nova.api.openstack.wsgi [None req-8bc17632-a1a3-421d-bcc1-b10a08b0a043 admin admin] Action: 'create', calling method: <bound method FlavorExtraSpecsController.create of <nova.api.openstack.compute.flavors_extraspecs.FlavorExtraSpecsController object at 0x71dfb247d3a0>>, body: {"extra_specs": {"hw_rng:allowed": "True"}} {{(pid=68994) _process_stack /opt/stack/nova/nova/api/openstack/wsgi.py:550}}
Jul 30 14:08:54.443439 np0000031992 devstack@n-api.service[68994]: INFO nova.api.openstack.requestlog [None req-8bc17632-a1a3-421d-bcc1-b10a08b0a043 admin admin] 192.168.1.125 "POST /compute/v2.1/flavors/d1/os-extra_specs" status: 200 len: 43 microversion: 2.61 time: 0.019137
Jul 30 14:08:54.443666 np0000031992 devstack@n-api.service[68994]: [pid: 68994|app: 0|req: 4/7] 192.168.1.125 () {72 vars in 1461 bytes} [Wed Jul 30 14:08:54 2025] POST /compute/v2.1/flavors/d1/os-extra_specs => generated 43 bytes in 19 msecs (HTTP/1.1 200) 9 headers in 358 bytes (1 switches on core 0)
Jul 30 14:08:54.520789 np0000031992 devstack@n-api.service[68993]: DEBUG nova.api.openstack.wsgi [None req-b6ad9bce-07cd-49d7-a85b-534e9ceb1076 admin admin] Action: 'create', calling method: <bound method FlavorsController.create of <nova.api.openstack.compute.flavors.FlavorsController object at 0x71dfb2481a00>>, body: {"flavor": {"id": "d2", "swap": 0, "name": "ds1G", "vcpus": 1, "rxtx_factor": 1.0, "ram": 1024, "OS-FLV-EXT-DATA:ephemeral": 0, "os-flavor-access:is_public": true, "disk": 10}} {{(pid=68993) _process_stack /opt/stack/nova/nova/api/openstack/wsgi.py:550}}
Jul 30 14:08:54.530845 np0000031992 devstack@n-api.service[68993]: INFO nova.api.openstack.requestlog [None req-b6ad9bce-07cd-49d7-a85b-534e9ceb1076 admin admin] 192.168.1.125 "POST /compute/v2.1/flavors" status: 200 len: 410 microversion: 2.61 time: 0.011554
Jul 30 14:08:54.531153 np0000031992 devstack@n-api.service[68993]: [pid: 68993|app: 0|req: 4/8] 192.168.1.125 () {72 vars in 1408 bytes} [Wed Jul 30 14:08:54 2025] POST /compute/v2.1/flavors => generated 410 bytes in 12 msecs (HTTP/1.1 200) 9 headers in 359 bytes (1 switches on core 0)
Jul 30 14:08:54.538441 np0000031992 devstack@n-api.service[68994]: DEBUG nova.api.openstack.wsgi [None req-b715360e-539e-4213-847a-35b9b08b28b5 admin admin] Action: 'create', calling method: <bound method FlavorExtraSpecsController.create of <nova.api.openstack.compute.flavors_extraspecs.FlavorExtraSpecsController object at 0x71dfb247d3a0>>, body: {"extra_specs": {"hw_rng:allowed": "True"}} {{(pid=68994) _process_stack /opt/stack/nova/nova/api/openstack/wsgi.py:550}}
Jul 30 14:08:54.549811 np0000031992 devstack@n-api.service[68994]: INFO nova.api.openstack.requestlog [None req-b715360e-539e-4213-847a-35b9b08b28b5 admin admin] 192.168.1.125 "POST /compute/v2.1/flavors/d2/os-extra_specs" status: 200 len: 43 microversion: 2.61 time: 0.012848
Jul 30 14:08:54.550025 np0000031992 devstack@n-api.service[68994]: [pid: 68994|app: 0|req: 5/9] 192.168.1.125 () {72 vars in 1461 bytes} [Wed Jul 30 14:08:54 2025] POST /compute/v2.1/flavors/d2/os-extra_specs => generated 43 bytes in 13 msecs (HTTP/1.1 200) 9 headers in 358 bytes (1 switches on core 0)
Jul 30 14:08:54.630268 np0000031992 devstack@n-api.service[68993]: DEBUG nova.api.openstack.wsgi [None req-6b00c0a5-5564-4924-b523-5d468492a826 admin admin] Action: 'create', calling method: <bound method FlavorsController.create of <nova.api.openstack.compute.flavors.FlavorsController object at 0x71dfb2481a00>>, body: {"flavor": {"id": "d3", "swap": 0, "name": "ds2G", "vcpus": 2, "rxtx_factor": 1.0, "ram": 2048, "OS-FLV-EXT-DATA:ephemeral": 0, "os-flavor-access:is_public": true, "disk": 10}} {{(pid=68993) _process_stack /opt/stack/nova/nova/api/openstack/wsgi.py:550}}
Jul 30 14:08:54.641740 np0000031992 devstack@n-api.service[68993]: INFO nova.api.openstack.requestlog [None req-6b00c0a5-5564-4924-b523-5d468492a826 admin admin] 192.168.1.125 "POST /compute/v2.1/flavors" status: 200 len: 410 microversion: 2.61 time: 0.012973
Jul 30 14:08:54.642361 np0000031992 devstack@n-api.service[68993]: [pid: 68993|app: 0|req: 5/10] 192.168.1.125 () {72 vars in 1408 bytes} [Wed Jul 30 14:08:54 2025] POST /compute/v2.1/flavors => generated 410 bytes in 14 msecs (HTTP/1.1 200) 9 headers in 359 bytes (1 switches on core 0)
Jul 30 14:08:54.650221 np0000031992 devstack@n-api.service[68994]: DEBUG nova.api.openstack.wsgi [None req-d024ef8f-1882-4be6-b4e8-03e242db134b admin admin] Action: 'create', calling method: <bound method FlavorExtraSpecsController.create of <nova.api.openstack.compute.flavors_extraspecs.FlavorExtraSpecsController object at 0x71dfb247d3a0>>, body: {"extra_specs": {"hw_rng:allowed": "True"}} {{(pid=68994) _process_stack /opt/stack/nova/nova/api/openstack/wsgi.py:550}}
Jul 30 14:08:54.669403 np0000031992 devstack@n-api.service[68994]: INFO nova.api.openstack.requestlog [None req-d024ef8f-1882-4be6-b4e8-03e242db134b admin admin] 192.168.1.125 "POST /compute/v2.1/flavors/d3/os-extra_specs" status: 200 len: 43 microversion: 2.61 time: 0.021106
Jul 30 14:08:54.670455 np0000031992 devstack@n-api.service[68994]: [pid: 68994|app: 0|req: 6/11] 192.168.1.125 () {72 vars in 1461 bytes} [Wed Jul 30 14:08:54 2025] POST /compute/v2.1/flavors/d3/os-extra_specs => generated 43 bytes in 22 msecs (HTTP/1.1 200) 9 headers in 358 bytes (1 switches on core 0)
Jul 30 14:08:54.770092 np0000031992 devstack@n-api.service[68993]: DEBUG nova.api.openstack.wsgi [None req-11c25f42-4d73-447f-8d32-3c0eda6365e7 admin admin] Action: 'create', calling method: <bound method FlavorsController.create of <nova.api.openstack.compute.flavors.FlavorsController object at 0x71dfb2481a00>>, body: {"flavor": {"id": "d4", "swap": 0, "name": "ds4G", "vcpus": 4, "rxtx_factor": 1.0, "ram": 4096, "OS-FLV-EXT-DATA:ephemeral": 0, "os-flavor-access:is_public": true, "disk": 20}} {{(pid=68993) _process_stack /opt/stack/nova/nova/api/openstack/wsgi.py:550}}
Jul 30 14:08:54.785970 np0000031992 devstack@n-api.service[68993]: INFO nova.api.openstack.requestlog [None req-11c25f42-4d73-447f-8d32-3c0eda6365e7 admin admin] 192.168.1.125 "POST /compute/v2.1/flavors" status: 200 len: 410 microversion: 2.61 time: 0.017351
Jul 30 14:08:54.786205 np0000031992 devstack@n-api.service[68993]: [pid: 68993|app: 0|req: 6/12] 192.168.1.125 () {72 vars in 1408 bytes} [Wed Jul 30 14:08:54 2025] POST /compute/v2.1/flavors => generated 410 bytes in 18 msecs (HTTP/1.1 200) 9 headers in 359 bytes (1 switches on core 0)
Jul 30 14:08:54.797470 np0000031992 devstack@n-api.service[68994]: DEBUG nova.api.openstack.wsgi [None req-cc1cc564-4179-4a5b-bd0f-acd718152a0d admin admin] Action: 'create', calling method: <bound method FlavorExtraSpecsController.create of <nova.api.openstack.compute.flavors_extraspecs.FlavorExtraSpecsController object at 0x71dfb247d3a0>>, body: {"extra_specs": {"hw_rng:allowed": "True"}} {{(pid=68994) _process_stack /opt/stack/nova/nova/api/openstack/wsgi.py:550}}
Jul 30 14:08:54.810491 np0000031992 devstack@n-api.service[68994]: INFO nova.api.openstack.requestlog [None req-cc1cc564-4179-4a5b-bd0f-acd718152a0d admin admin] 192.168.1.125 "POST /compute/v2.1/flavors/d4/os-extra_specs" status: 200 len: 43 microversion: 2.61 time: 0.014445
Jul 30 14:08:54.810704 np0000031992 devstack@n-api.service[68994]: [pid: 68994|app: 0|req: 7/13] 192.168.1.125 () {72 vars in 1461 bytes} [Wed Jul 30 14:08:54 2025] POST /compute/v2.1/flavors/d4/os-extra_specs => generated 43 bytes in 15 msecs (HTTP/1.1 200) 9 headers in 358 bytes (1 switches on core 0)
Jul 30 14:08:54.891296 np0000031992 devstack@n-api.service[68993]: DEBUG nova.api.openstack.wsgi [None req-f885166a-0790-4280-ab7b-015a02ea7a4d admin admin] Calling method '<bound method FlavorsController.detail of <nova.api.openstack.compute.flavors.FlavorsController object at 0x71dfb2481b50>>' {{(pid=68993) _process_stack /opt/stack/nova/nova/api/openstack/wsgi.py:552}}
Jul 30 14:08:54.906003 np0000031992 devstack@n-api.service[68993]: INFO nova.api.openstack.requestlog [None req-f885166a-0790-4280-ab7b-015a02ea7a4d admin admin] 192.168.1.125 "GET /compute/v2.1/flavors/detail?is_public=True" status: 200 len: 2136 microversion: 2.61 time: 0.016177
Jul 30 14:08:54.906294 np0000031992 devstack@n-api.service[68993]: [pid: 68993|app: 0|req: 7/14] 192.168.1.125 () {68 vars in 1417 bytes} [Wed Jul 30 14:08:54 2025] GET /compute/v2.1/flavors/detail?is_public=True => generated 2136 bytes in 17 msecs (HTTP/1.1 200) 9 headers in 360 bytes (1 switches on core 0)
Jul 30 14:08:55.009240 np0000031992 devstack@n-api.service[68994]: DEBUG nova.api.openstack.wsgi [None req-96d93737-7381-4dd2-8911-4b2d58327588 admin admin] Action: 'create', calling method: <bound method FlavorsController.create of <nova.api.openstack.compute.flavors.FlavorsController object at 0x71dfb247cb00>>, body: {"flavor": {"id": "1", "swap": 0, "name": "m1.tiny", "vcpus": 1, "rxtx_factor": 1.0, "ram": 512, "OS-FLV-EXT-DATA:ephemeral": 0, "os-flavor-access:is_public": true, "disk": 1}} {{(pid=68994) _process_stack /opt/stack/nova/nova/api/openstack/wsgi.py:550}}
Jul 30 14:08:55.033745 np0000031992 devstack@n-api.service[68994]: INFO nova.api.openstack.requestlog [None req-96d93737-7381-4dd2-8911-4b2d58327588 admin admin] 192.168.1.125 "POST /compute/v2.1/flavors" status: 200 len: 408 microversion: 2.61 time: 0.025966
Jul 30 14:08:55.034177 np0000031992 devstack@n-api.service[68994]: [pid: 68994|app: 0|req: 8/15] 192.168.1.125 () {72 vars in 1408 bytes} [Wed Jul 30 14:08:55 2025] POST /compute/v2.1/flavors => generated 408 bytes in 26 msecs (HTTP/1.1 200) 9 headers in 359 bytes (1 switches on core 0)
Jul 30 14:08:55.045023 np0000031992 devstack@n-api.service[68993]: DEBUG nova.api.openstack.wsgi [None req-85153aa1-9748-4a81-8442-2791499f9772 admin admin] Action: 'create', calling method: <bound method FlavorExtraSpecsController.create of <nova.api.openstack.compute.flavors_extraspecs.FlavorExtraSpecsController object at 0x71dfb24822a0>>, body: {"extra_specs": {"hw_rng:allowed": "True"}} {{(pid=68993) _process_stack /opt/stack/nova/nova/api/openstack/wsgi.py:550}}
Jul 30 14:08:55.066549 np0000031992 devstack@n-api.service[68993]: INFO nova.api.openstack.requestlog [None req-85153aa1-9748-4a81-8442-2791499f9772 admin admin] 192.168.1.125 "POST /compute/v2.1/flavors/1/os-extra_specs" status: 200 len: 43 microversion: 2.61 time: 0.024327
Jul 30 14:08:55.066815 np0000031992 devstack@n-api.service[68993]: [pid: 68993|app: 0|req: 8/16] 192.168.1.125 () {72 vars in 1458 bytes} [Wed Jul 30 14:08:55 2025] POST /compute/v2.1/flavors/1/os-extra_specs => generated 43 bytes in 25 msecs (HTTP/1.1 200) 9 headers in 358 bytes (1 switches on core 0)
Jul 30 14:08:55.155217 np0000031992 devstack@n-api.service[68994]: DEBUG nova.api.openstack.wsgi [None req-06622e21-3cfb-4751-a53a-e02600993766 admin admin] Action: 'create', calling method: <bound method FlavorsController.create of <nova.api.openstack.compute.flavors.FlavorsController object at 0x71dfb247cb00>>, body: {"flavor": {"id": "2", "swap": 0, "name": "m1.small", "vcpus": 1, "rxtx_factor": 1.0, "ram": 2048, "OS-FLV-EXT-DATA:ephemeral": 0, "os-flavor-access:is_public": true, "disk": 20}} {{(pid=68994) _process_stack /opt/stack/nova/nova/api/openstack/wsgi.py:550}}
Jul 30 14:08:55.164457 np0000031992 devstack@n-api.service[68994]: INFO nova.api.openstack.requestlog [None req-06622e21-3cfb-4751-a53a-e02600993766 admin admin] 192.168.1.125 "POST /compute/v2.1/flavors" status: 200 len: 411 microversion: 2.61 time: 0.011750
Jul 30 14:08:55.164816 np0000031992 devstack@n-api.service[68994]: [pid: 68994|app: 0|req: 9/17] 192.168.1.125 () {72 vars in 1408 bytes} [Wed Jul 30 14:08:55 2025] POST /compute/v2.1/flavors => generated 411 bytes in 12 msecs (HTTP/1.1 200) 9 headers in 359 bytes (1 switches on core 0)
Jul 30 14:08:55.172133 np0000031992 devstack@n-api.service[68993]: DEBUG nova.api.openstack.wsgi [None req-3b7ef964-255c-46ac-9a3b-bfa2bd319c5b admin admin] Action: 'create', calling method: <bound method FlavorExtraSpecsController.create of <nova.api.openstack.compute.flavors_extraspecs.FlavorExtraSpecsController object at 0x71dfb24822a0>>, body: {"extra_specs": {"hw_rng:allowed": "True"}} {{(pid=68993) _process_stack /opt/stack/nova/nova/api/openstack/wsgi.py:550}}
Jul 30 14:08:55.183375 np0000031992 devstack@n-api.service[68993]: INFO nova.api.openstack.requestlog [None req-3b7ef964-255c-46ac-9a3b-bfa2bd319c5b admin admin] 192.168.1.125 "POST /compute/v2.1/flavors/2/os-extra_specs" status: 200 len: 43 microversion: 2.61 time: 0.012650
Jul 30 14:08:55.183614 np0000031992 devstack@n-api.service[68993]: [pid: 68993|app: 0|req: 9/18] 192.168.1.125 () {72 vars in 1458 bytes} [Wed Jul 30 14:08:55 2025] POST /compute/v2.1/flavors/2/os-extra_specs => generated 43 bytes in 13 msecs (HTTP/1.1 200) 9 headers in 358 bytes (1 switches on core 0)
Jul 30 14:08:55.262221 np0000031992 devstack@n-api.service[68994]: DEBUG nova.api.openstack.wsgi [None req-3c766194-e876-4c8b-baac-9cabd8a59d5e admin admin] Action: 'create', calling method: <bound method FlavorsController.create of <nova.api.openstack.compute.flavors.FlavorsController object at 0x71dfb247cb00>>, body: {"flavor": {"id": "3", "swap": 0, "name": "m1.medium", "vcpus": 2, "rxtx_factor": 1.0, "ram": 4096, "OS-FLV-EXT-DATA:ephemeral": 0, "os-flavor-access:is_public": true, "disk": 40}} {{(pid=68994) _process_stack /opt/stack/nova/nova/api/openstack/wsgi.py:550}}
Jul 30 14:08:55.271328 np0000031992 devstack@n-api.service[68994]: INFO nova.api.openstack.requestlog [None req-3c766194-e876-4c8b-baac-9cabd8a59d5e admin admin] 192.168.1.125 "POST /compute/v2.1/flavors" status: 200 len: 412 microversion: 2.61 time: 0.012178
Jul 30 14:08:55.271694 np0000031992 devstack@n-api.service[68994]: [pid: 68994|app: 0|req: 10/19] 192.168.1.125 () {72 vars in 1408 bytes} [Wed Jul 30 14:08:55 2025] POST /compute/v2.1/flavors => generated 412 bytes in 13 msecs (HTTP/1.1 200) 9 headers in 359 bytes (1 switches on core 0)
Jul 30 14:08:55.280187 np0000031992 devstack@n-api.service[68993]: DEBUG nova.api.openstack.wsgi [None req-11330098-5c01-4c3a-bc70-08150f87aa07 admin admin] Action: 'create', calling method: <bound method FlavorExtraSpecsController.create of <nova.api.openstack.compute.flavors_extraspecs.FlavorExtraSpecsController object at 0x71dfb24822a0>>, body: {"extra_specs": {"hw_rng:allowed": "True"}} {{(pid=68993) _process_stack /opt/stack/nova/nova/api/openstack/wsgi.py:550}}
Jul 30 14:08:55.291658 np0000031992 devstack@n-api.service[68993]: INFO nova.api.openstack.requestlog [None req-11330098-5c01-4c3a-bc70-08150f87aa07 admin admin] 192.168.1.125 "POST /compute/v2.1/flavors/3/os-extra_specs" status: 200 len: 43 microversion: 2.61 time: 0.012882
Jul 30 14:08:55.291891 np0000031992 devstack@n-api.service[68993]: [pid: 68993|app: 0|req: 10/20] 192.168.1.125 () {72 vars in 1458 bytes} [Wed Jul 30 14:08:55 2025] POST /compute/v2.1/flavors/3/os-extra_specs => generated 43 bytes in 13 msecs (HTTP/1.1 200) 9 headers in 358 bytes (1 switches on core 0)
Jul 30 14:08:55.373775 np0000031992 devstack@n-api.service[68994]: DEBUG nova.api.openstack.wsgi [None req-f8183e4b-07b8-4f98-8262-70027c8a23cc admin admin] Action: 'create', calling method: <bound method FlavorsController.create of <nova.api.openstack.compute.flavors.FlavorsController object at 0x71dfb247cb00>>, body: {"flavor": {"id": "4", "swap": 0, "name": "m1.large", "vcpus": 4, "rxtx_factor": 1.0, "ram": 8192, "OS-FLV-EXT-DATA:ephemeral": 0, "os-flavor-access:is_public": true, "disk": 80}} {{(pid=68994) _process_stack /opt/stack/nova/nova/api/openstack/wsgi.py:550}}
Jul 30 14:08:55.382427 np0000031992 devstack@n-api.service[68994]: INFO nova.api.openstack.requestlog [None req-f8183e4b-07b8-4f98-8262-70027c8a23cc admin admin] 192.168.1.125 "POST /compute/v2.1/flavors" status: 200 len: 411 microversion: 2.61 time: 0.012247
Jul 30 14:08:55.382845 np0000031992 devstack@n-api.service[68994]: [pid: 68994|app: 0|req: 11/21] 192.168.1.125 () {72 vars in 1408 bytes} [Wed Jul 30 14:08:55 2025] POST /compute/v2.1/flavors => generated 411 bytes in 13 msecs (HTTP/1.1 200) 9 headers in 359 bytes (1 switches on core 0)
Jul 30 14:08:55.391161 np0000031992 devstack@n-api.service[68993]: DEBUG nova.api.openstack.wsgi [None req-b479f787-ce41-40fe-b104-3cd65761db4e admin admin] Action: 'create', calling method: <bound method FlavorExtraSpecsController.create of <nova.api.openstack.compute.flavors_extraspecs.FlavorExtraSpecsController object at 0x71dfb24822a0>>, body: {"extra_specs": {"hw_rng:allowed": "True"}} {{(pid=68993) _process_stack /opt/stack/nova/nova/api/openstack/wsgi.py:550}}
Jul 30 14:08:55.402530 np0000031992 devstack@n-api.service[68993]: INFO nova.api.openstack.requestlog [None req-b479f787-ce41-40fe-b104-3cd65761db4e admin admin] 192.168.1.125 "POST /compute/v2.1/flavors/4/os-extra_specs" status: 200 len: 43 microversion: 2.61 time: 0.012948
Jul 30 14:08:55.402764 np0000031992 devstack@n-api.service[68993]: [pid: 68993|app: 0|req: 11/22] 192.168.1.125 () {72 vars in 1458 bytes} [Wed Jul 30 14:08:55 2025] POST /compute/v2.1/flavors/4/os-extra_specs => generated 43 bytes in 13 msecs (HTTP/1.1 200) 9 headers in 358 bytes (1 switches on core 0)
Jul 30 14:08:55.486103 np0000031992 devstack@n-api.service[68994]: DEBUG nova.api.openstack.wsgi [None req-0edf8588-23c7-45d0-9626-000fbdb55d2f admin admin] Action: 'create', calling method: <bound method FlavorsController.create of <nova.api.openstack.compute.flavors.FlavorsController object at 0x71dfb247cb00>>, body: {"flavor": {"id": "5", "swap": 0, "name": "m1.xlarge", "vcpus": 8, "rxtx_factor": 1.0, "ram": 16384, "OS-FLV-EXT-DATA:ephemeral": 0, "os-flavor-access:is_public": true, "disk": 160}} {{(pid=68994) _process_stack /opt/stack/nova/nova/api/openstack/wsgi.py:550}}
Jul 30 14:08:55.495706 np0000031992 devstack@n-api.service[68994]: INFO nova.api.openstack.requestlog [None req-0edf8588-23c7-45d0-9626-000fbdb55d2f admin admin] 192.168.1.125 "POST /compute/v2.1/flavors" status: 200 len: 414 microversion: 2.61 time: 0.013168
Jul 30 14:08:55.496039 np0000031992 devstack@n-api.service[68994]: [pid: 68994|app: 0|req: 12/23] 192.168.1.125 () {72 vars in 1408 bytes} [Wed Jul 30 14:08:55 2025] POST /compute/v2.1/flavors => generated 414 bytes in 13 msecs (HTTP/1.1 200) 9 headers in 359 bytes (1 switches on core 0)
Jul 30 14:08:55.503389 np0000031992 devstack@n-api.service[68993]: DEBUG nova.api.openstack.wsgi [None req-b814a360-5802-4122-913d-8764d2026fe6 admin admin] Action: 'create', calling method: <bound method FlavorExtraSpecsController.create of <nova.api.openstack.compute.flavors_extraspecs.FlavorExtraSpecsController object at 0x71dfb24822a0>>, body: {"extra_specs": {"hw_rng:allowed": "True"}} {{(pid=68993) _process_stack /opt/stack/nova/nova/api/openstack/wsgi.py:550}}
Jul 30 14:08:55.517000 np0000031992 devstack@n-api.service[68993]: INFO nova.api.openstack.requestlog [None req-b814a360-5802-4122-913d-8764d2026fe6 admin admin] 192.168.1.125 "POST /compute/v2.1/flavors/5/os-extra_specs" status: 200 len: 43 microversion: 2.61 time: 0.015070
Jul 30 14:08:55.517234 np0000031992 devstack@n-api.service[68993]: [pid: 68993|app: 0|req: 12/24] 192.168.1.125 () {72 vars in 1458 bytes} [Wed Jul 30 14:08:55 2025] POST /compute/v2.1/flavors/5/os-extra_specs => generated 43 bytes in 15 msecs (HTTP/1.1 200) 9 headers in 358 bytes (1 switches on core 0)
Jul 30 14:09:01.702293 np0000031992 devstack@n-api.service[68994]: DEBUG nova.api.openstack.wsgi [None req-81a08c80-13bd-410b-800a-81a307c888a4 admin admin] Calling method '<bound method FlavorsController.detail of <nova.api.openstack.compute.flavors.FlavorsController object at 0x71dfb247cc50>>' {{(pid=68994) _process_stack /opt/stack/nova/nova/api/openstack/wsgi.py:552}}
Jul 30 14:09:01.713448 np0000031992 devstack@n-api.service[68994]: INFO nova.api.openstack.requestlog [None req-81a08c80-13bd-410b-800a-81a307c888a4 admin admin] 192.168.1.125 "GET /compute/v2.1/flavors/detail?is_public=True" status: 200 len: 4262 microversion: 2.61 time: 0.012581
Jul 30 14:09:01.713680 np0000031992 devstack@n-api.service[68994]: [pid: 68994|app: 0|req: 13/25] 192.168.1.125 () {68 vars in 1417 bytes} [Wed Jul 30 14:09:01 2025] GET /compute/v2.1/flavors/detail?is_public=True => generated 4262 bytes in 13 msecs (HTTP/1.1 200) 9 headers in 360 bytes (1 switches on core 0)
Jul 30 14:09:01.816045 np0000031992 devstack@n-api.service[68993]: DEBUG nova.api.openstack.wsgi [None req-3d4b4b58-35d3-482c-8ed3-ae0275b778b7 admin admin] Action: 'create', calling method: <bound method FlavorsController.create of <nova.api.openstack.compute.flavors.FlavorsController object at 0x71dfb2481a00>>, body: {"flavor": {"id": "100", "swap": 0, "name": "manila-service-flavor", "vcpus": 1, "rxtx_factor": 1.0, "ram": 1024, "OS-FLV-EXT-DATA:ephemeral": 0, "os-flavor-access:is_public": true, "disk": 5}} {{(pid=68993) _process_stack /opt/stack/nova/nova/api/openstack/wsgi.py:550}}
Jul 30 14:09:01.826454 np0000031992 devstack@n-api.service[68993]: INFO nova.api.openstack.requestlog [None req-3d4b4b58-35d3-482c-8ed3-ae0275b778b7 admin admin] 192.168.1.125 "POST /compute/v2.1/flavors" status: 200 len: 429 microversion: 2.61 time: 0.011823
Jul 30 14:09:01.826673 np0000031992 devstack@n-api.service[68993]: [pid: 68993|app: 0|req: 13/26] 192.168.1.125 () {72 vars in 1408 bytes} [Wed Jul 30 14:09:01 2025] POST /compute/v2.1/flavors => generated 429 bytes in 12 msecs (HTTP/1.1 200) 9 headers in 359 bytes (1 switches on core 0)
Jul 30 14:09:39.573236 np0000031992 devstack@n-api.service[68994]: DEBUG nova.api.openstack.wsgi [None req-7d0463d5-32e5-4225-b043-2a59c234b15c admin admin] Calling method '<bound method KeypairController.index of <nova.api.openstack.compute.keypairs.KeypairController object at 0x71dfb2303e60>>' {{(pid=68994) _process_stack /opt/stack/nova/nova/api/openstack/wsgi.py:552}}
Jul 30 14:09:39.574841 np0000031992 devstack@n-api.service[68994]: WARNING oslo_db.sqlalchemy.utils [None req-7d0463d5-32e5-4225-b043-2a59c234b15c admin admin] Unique keys not in sort_keys. The sorting order may be unstable.
Jul 30 14:09:39.575686 np0000031992 devstack@n-api.service[68994]: DEBUG dbcounter [-] [68994] Writing DB stats nova_api:SELECT=22,nova_api:SAVEPOINT=5,nova_api:INSERT=10,nova_api:RELEASE=5 {{(pid=68994) stat_writer /opt/stack/data/venv/lib/python3.12/site-packages/dbcounter.py:115}}
Jul 30 14:09:39.581085 np0000031992 devstack@n-api.service[68994]: INFO nova.api.openstack.requestlog [None req-7d0463d5-32e5-4225-b043-2a59c234b15c admin admin] 192.168.1.125 "GET /compute/v2.1/os-keypairs" status: 200 len: 16 microversion: 2.10 time: 0.009884
Jul 30 14:09:39.581085 np0000031992 devstack@n-api.service[68994]: [pid: 68994|app: 0|req: 14/27] 192.168.1.125 () {68 vars in 1379 bytes} [Wed Jul 30 14:09:39 2025] GET /compute/v2.1/os-keypairs => generated 16 bytes in 10 msecs (HTTP/1.1 200) 9 headers in 358 bytes (1 switches on core 0)
Jul 30 14:09:39.676216 np0000031992 devstack@n-api.service[68993]: DEBUG nova.api.openstack.wsgi [None req-23cf7ab0-bc02-4376-a011-528924376c7c admin admin] Action: 'create', calling method: <bound method KeypairController.create of <nova.api.openstack.compute.keypairs.KeypairController object at 0x71dfb2330fe0>>, body: {"keypair": {"name": "manila-service", "public_key": "ecdsa-sha2-nistp256 AAAAE2VjZHNhLXNoYTItbmlzdHAyNTYAAAAIbmlzdHAyNTYAAABBBPFzvYpNMDeULRAaHFjYNkByCIkmhwkBEYcykAS+cZn+T2274YZkbhSeW/pRRNRkktSN5jSfvYsbW/48mHa3rFI= stack@np0000031992\n"}} {{(pid=68993) _process_stack /opt/stack/nova/nova/api/openstack/wsgi.py:550}}
Jul 30 14:09:39.678148 np0000031992 devstack@n-api.service[68993]: DEBUG dbcounter [-] [68993] Writing DB stats nova_api:INSERT=11,nova_api:SELECT=22,nova_api:SAVEPOINT=5,nova_api:RELEASE=5 {{(pid=68993) stat_writer /opt/stack/data/venv/lib/python3.12/site-packages/dbcounter.py:115}}
Jul 30 14:09:39.689106 np0000031992 devstack@n-api.service[68993]: DEBUG nova.quota [None req-23cf7ab0-bc02-4376-a011-528924376c7c admin admin] Getting quotas for project ac2ab1446f514ca8938c8ed82ed04207. Resources: {'key_pairs'} {{(pid=68993) _get_quotas /opt/stack/nova/nova/quota.py:392}}
Jul 30 14:09:39.691645 np0000031992 devstack@n-api.service[68993]: DEBUG nova.quota [None req-23cf7ab0-bc02-4376-a011-528924376c7c admin admin] Getting quotas for user 42d8b664cfa04045b988fb48c799b66b and project ac2ab1446f514ca8938c8ed82ed04207. Resources: {'key_pairs'} {{(pid=68993) _get_quotas /opt/stack/nova/nova/quota.py:382}}
Jul 30 14:09:39.714538 np0000031992 devstack@n-api.service[68993]: INFO nova.api.openstack.requestlog [None req-23cf7ab0-bc02-4376-a011-528924376c7c admin admin] 192.168.1.125 "POST /compute/v2.1/os-keypairs" status: 201 len: 366 microversion: 2.10 time: 0.041097
Jul 30 14:09:39.714538 np0000031992 devstack@n-api.service[68993]: [pid: 68993|app: 0|req: 14/28] 192.168.1.125 () {72 vars in 1420 bytes} [Wed Jul 30 14:09:39 2025] POST /compute/v2.1/os-keypairs => generated 366 bytes in 41 msecs (HTTP/1.1 201) 9 headers in 364 bytes (1 switches on core 0)
Jul 30 14:09:45.810819 np0000031992 devstack@n-api.service[68994]: DEBUG nova.api.openstack.wsgi [None req-9fb4797e-6333-4284-b792-e5270e582a1c admin admin] Calling method '<bound method ServiceController.index of <nova.api.openstack.compute.services.ServiceController object at 0x71dfb2370f20>>' {{(pid=68994) _process_stack /opt/stack/nova/nova/api/openstack/wsgi.py:552}}
Jul 30 14:09:45.812525 np0000031992 devstack@n-api.service[68994]: DEBUG oslo_concurrency.lockutils [None req-9fb4797e-6333-4284-b792-e5270e582a1c admin admin] Acquiring lock "00000000-0000-0000-0000-000000000000" by "nova.context.set_target_cell.<locals>.get_or_set_cached_cell_and_set_connections" {{(pid=68994) inner /opt/stack/data/venv/lib/python3.12/site-packages/oslo_concurrency/lockutils.py:405}}
Jul 30 14:09:45.812693 np0000031992 devstack@n-api.service[68994]: DEBUG oslo_concurrency.lockutils [None req-9fb4797e-6333-4284-b792-e5270e582a1c admin admin] Lock "00000000-0000-0000-0000-000000000000" acquired by "nova.context.set_target_cell.<locals>.get_or_set_cached_cell_and_set_connections" :: waited 0.000s {{(pid=68994) inner /opt/stack/data/venv/lib/python3.12/site-packages/oslo_concurrency/lockutils.py:410}}
Jul 30 14:09:45.812812 np0000031992 devstack@n-api.service[68994]: DEBUG oslo_concurrency.lockutils [None req-9fb4797e-6333-4284-b792-e5270e582a1c admin admin] Lock "00000000-0000-0000-0000-000000000000" "released" by "nova.context.set_target_cell.<locals>.get_or_set_cached_cell_and_set_connections" :: held 0.000s {{(pid=68994) inner /opt/stack/data/venv/lib/python3.12/site-packages/oslo_concurrency/lockutils.py:424}}
Jul 30 14:09:45.813190 np0000031992 devstack@n-api.service[68994]: DEBUG oslo_concurrency.lockutils [None req-9fb4797e-6333-4284-b792-e5270e582a1c admin admin] Acquiring lock "f8b2eedf-84aa-4140-99f3-73e96af24b05" by "nova.context.set_target_cell.<locals>.get_or_set_cached_cell_and_set_connections" {{(pid=68994) inner /opt/stack/data/venv/lib/python3.12/site-packages/oslo_concurrency/lockutils.py:405}}
Jul 30 14:09:45.813343 np0000031992 devstack@n-api.service[68994]: DEBUG oslo_concurrency.lockutils [None req-9fb4797e-6333-4284-b792-e5270e582a1c admin admin] Lock "f8b2eedf-84aa-4140-99f3-73e96af24b05" acquired by "nova.context.set_target_cell.<locals>.get_or_set_cached_cell_and_set_connections" :: waited 0.000s {{(pid=68994) inner /opt/stack/data/venv/lib/python3.12/site-packages/oslo_concurrency/lockutils.py:410}}
