Aug 02 07:18:05.243392 np0000032144 devstack@n-api.service[68937]: DEBUG oslo_concurrency.lockutils [None req-9d992385-c3fb-46ff-a4de-9d9d470ceff7 None None] Acquiring lock "00000000-0000-0000-0000-000000000000" by "nova.context.set_target_cell.<locals>.get_or_set_cached_cell_and_set_connections" {{(pid=68937) inner /opt/stack/data/venv/lib/python3.12/site-packages/oslo_concurrency/lockutils.py:405}}
Aug 02 07:18:05.243557 np0000032144 devstack@n-api.service[68937]: DEBUG oslo_concurrency.lockutils [None req-9d992385-c3fb-46ff-a4de-9d9d470ceff7 None None] Lock "00000000-0000-0000-0000-000000000000" acquired by "nova.context.set_target_cell.<locals>.get_or_set_cached_cell_and_set_connections" :: waited 0.000s {{(pid=68937) inner /opt/stack/data/venv/lib/python3.12/site-packages/oslo_concurrency/lockutils.py:410}}
Aug 02 07:18:05.243871 np0000032144 devstack@n-api.service[68937]: DEBUG oslo_concurrency.lockutils [None req-9d992385-c3fb-46ff-a4de-9d9d470ceff7 None None] Lock "00000000-0000-0000-0000-000000000000" "released" by "nova.context.set_target_cell.<locals>.get_or_set_cached_cell_and_set_connections" :: held 0.000s {{(pid=68937) inner /opt/stack/data/venv/lib/python3.12/site-packages/oslo_concurrency/lockutils.py:424}}
Aug 02 07:18:05.244215 np0000032144 devstack@n-api.service[68937]: DEBUG oslo_concurrency.lockutils [None req-9d992385-c3fb-46ff-a4de-9d9d470ceff7 None None] Acquiring lock "12e80f2f-1762-4abd-89fd-cf96762ec443" by "nova.context.set_target_cell.<locals>.get_or_set_cached_cell_and_set_connections" {{(pid=68937) inner /opt/stack/data/venv/lib/python3.12/site-packages/oslo_concurrency/lockutils.py:405}}
Aug 02 07:18:05.244348 np0000032144 devstack@n-api.service[68937]: DEBUG oslo_concurrency.lockutils [None req-9d992385-c3fb-46ff-a4de-9d9d470ceff7 None None] Lock "12e80f2f-1762-4abd-89fd-cf96762ec443" acquired by "nova.context.set_target_cell.<locals>.get_or_set_cached_cell_and_set_connections" :: waited 0.000s {{(pid=68937) inner /opt/stack/data/venv/lib/python3.12/site-packages/oslo_concurrency/lockutils.py:410}}
Aug 02 07:18:05.244367 np0000032144 devstack@n-api.service[68938]: DEBUG oslo_concurrency.lockutils [None req-4cba62f0-67ea-497c-8368-786ae7486e71 None None] Acquiring lock "00000000-0000-0000-0000-000000000000" by "nova.context.set_target_cell.<locals>.get_or_set_cached_cell_and_set_connections" {{(pid=68938) inner /opt/stack/data/venv/lib/python3.12/site-packages/oslo_concurrency/lockutils.py:405}}
Aug 02 07:18:05.244533 np0000032144 devstack@n-api.service[68938]: DEBUG oslo_concurrency.lockutils [None req-4cba62f0-67ea-497c-8368-786ae7486e71 None None] Lock "00000000-0000-0000-0000-000000000000" acquired by "nova.context.set_target_cell.<locals>.get_or_set_cached_cell_and_set_connections" :: waited 0.000s {{(pid=68938) inner /opt/stack/data/venv/lib/python3.12/site-packages/oslo_concurrency/lockutils.py:410}}
Aug 02 07:18:05.244842 np0000032144 devstack@n-api.service[68938]: DEBUG oslo_concurrency.lockutils [None req-4cba62f0-67ea-497c-8368-786ae7486e71 None None] Lock "00000000-0000-0000-0000-000000000000" "released" by "nova.context.set_target_cell.<locals>.get_or_set_cached_cell_and_set_connections" :: held 0.000s {{(pid=68938) inner /opt/stack/data/venv/lib/python3.12/site-packages/oslo_concurrency/lockutils.py:424}}
Aug 02 07:18:05.245001 np0000032144 devstack@n-api.service[68937]: DEBUG oslo_concurrency.lockutils [None req-9d992385-c3fb-46ff-a4de-9d9d470ceff7 None None] Lock "12e80f2f-1762-4abd-89fd-cf96762ec443" "released" by "nova.context.set_target_cell.<locals>.get_or_set_cached_cell_and_set_connections" :: held 0.001s {{(pid=68937) inner /opt/stack/data/venv/lib/python3.12/site-packages/oslo_concurrency/lockutils.py:424}}
Aug 02 07:18:05.245170 np0000032144 devstack@n-api.service[68938]: DEBUG oslo_concurrency.lockutils [None req-4cba62f0-67ea-497c-8368-786ae7486e71 None None] Acquiring lock "12e80f2f-1762-4abd-89fd-cf96762ec443" by "nova.context.set_target_cell.<locals>.get_or_set_cached_cell_and_set_connections" {{(pid=68938) inner /opt/stack/data/venv/lib/python3.12/site-packages/oslo_concurrency/lockutils.py:405}}
Aug 02 07:18:05.245309 np0000032144 devstack@n-api.service[68938]: DEBUG oslo_concurrency.lockutils [None req-4cba62f0-67ea-497c-8368-786ae7486e71 None None] Lock "12e80f2f-1762-4abd-89fd-cf96762ec443" acquired by "nova.context.set_target_cell.<locals>.get_or_set_cached_cell_and_set_connections" :: waited 0.000s {{(pid=68938) inner /opt/stack/data/venv/lib/python3.12/site-packages/oslo_concurrency/lockutils.py:410}}
Aug 02 07:18:05.245957 np0000032144 devstack@n-api.service[68938]: DEBUG oslo_concurrency.lockutils [None req-4cba62f0-67ea-497c-8368-786ae7486e71 None None] Lock "12e80f2f-1762-4abd-89fd-cf96762ec443" "released" by "nova.context.set_target_cell.<locals>.get_or_set_cached_cell_and_set_connections" :: held 0.001s {{(pid=68938) inner /opt/stack/data/venv/lib/python3.12/site-packages/oslo_concurrency/lockutils.py:424}}
Aug 02 07:18:05.246080 np0000032144 devstack@n-api.service[68937]: INFO dbcounter [None req-9d992385-c3fb-46ff-a4de-9d9d470ceff7 None None] Registered counter for database nova_cell0
Aug 02 07:18:05.247040 np0000032144 devstack@n-api.service[68938]: INFO dbcounter [None req-4cba62f0-67ea-497c-8368-786ae7486e71 None None] Registered counter for database nova_cell0
Aug 02 07:18:05.247849 np0000032144 devstack@n-api.service[68937]: INFO dbcounter [None req-9d992385-c3fb-46ff-a4de-9d9d470ceff7 None None] Registered counter for database nova_cell1
Aug 02 07:18:05.248815 np0000032144 devstack@n-api.service[68938]: INFO dbcounter [None req-4cba62f0-67ea-497c-8368-786ae7486e71 None None] Registered counter for database nova_cell1
Aug 02 07:18:05.250784 np0000032144 devstack@n-api.service[68937]: DEBUG oslo_db.sqlalchemy.engines [None req-9d992385-c3fb-46ff-a4de-9d9d470ceff7 None None] MySQL server mode set to STRICT_TRANS_TABLES,STRICT_ALL_TABLES,NO_ZERO_IN_DATE,NO_ZERO_DATE,ERROR_FOR_DIVISION_BY_ZERO,TRADITIONAL,NO_ENGINE_SUBSTITUTION {{(pid=68937) _check_effective_sql_mode /opt/stack/data/venv/lib/python3.12/site-packages/oslo_db/sqlalchemy/engines.py:397}}
Aug 02 07:18:05.254236 np0000032144 devstack@n-api.service[68938]: DEBUG oslo_db.sqlalchemy.engines [None req-4cba62f0-67ea-497c-8368-786ae7486e71 None None] MySQL server mode set to STRICT_TRANS_TABLES,STRICT_ALL_TABLES,NO_ZERO_IN_DATE,NO_ZERO_DATE,ERROR_FOR_DIVISION_BY_ZERO,TRADITIONAL,NO_ENGINE_SUBSTITUTION {{(pid=68938) _check_effective_sql_mode /opt/stack/data/venv/lib/python3.12/site-packages/oslo_db/sqlalchemy/engines.py:397}}
Aug 02 07:18:05.256617 np0000032144 devstack@n-api.service[68938]: DEBUG oslo_db.sqlalchemy.engines [None req-4cba62f0-67ea-497c-8368-786ae7486e71 None None] MySQL server mode set to STRICT_TRANS_TABLES,STRICT_ALL_TABLES,NO_ZERO_IN_DATE,NO_ZERO_DATE,ERROR_FOR_DIVISION_BY_ZERO,TRADITIONAL,NO_ENGINE_SUBSTITUTION {{(pid=68938) _check_effective_sql_mode /opt/stack/data/venv/lib/python3.12/site-packages/oslo_db/sqlalchemy/engines.py:397}}
Aug 02 07:18:05.310119 np0000032144 devstack@n-api.service[68937]: DEBUG oslo_db.sqlalchemy.engines [None req-9d992385-c3fb-46ff-a4de-9d9d470ceff7 None None] MySQL server mode set to STRICT_TRANS_TABLES,STRICT_ALL_TABLES,NO_ZERO_IN_DATE,NO_ZERO_DATE,ERROR_FOR_DIVISION_BY_ZERO,TRADITIONAL,NO_ENGINE_SUBSTITUTION {{(pid=68937) _check_effective_sql_mode /opt/stack/data/venv/lib/python3.12/site-packages/oslo_db/sqlalchemy/engines.py:397}}
Aug 02 07:18:05.310418 np0000032144 devstack@n-api.service[68937]: DEBUG dbcounter [-] [68937] Writer thread running {{(pid=68937) stat_writer /opt/stack/data/venv/lib/python3.12/site-packages/dbcounter.py:102}}
Aug 02 07:18:05.313787 np0000032144 devstack@n-api.service[68937]: DEBUG dbcounter [-] [68937] Writer thread running {{(pid=68937) stat_writer /opt/stack/data/venv/lib/python3.12/site-packages/dbcounter.py:102}}
Aug 02 07:18:05.314101 np0000032144 devstack@n-api.service[68938]: DEBUG dbcounter [-] [68938] Writer thread running {{(pid=68938) stat_writer /opt/stack/data/venv/lib/python3.12/site-packages/dbcounter.py:102}}
Aug 02 07:18:05.315638 np0000032144 devstack@n-api.service[68937]: INFO dbcounter [None req-9d992385-c3fb-46ff-a4de-9d9d470ceff7 None None] Registered counter for database nova_cell0
Aug 02 07:18:05.317518 np0000032144 devstack@n-api.service[68938]: DEBUG dbcounter [-] [68938] Writer thread running {{(pid=68938) stat_writer /opt/stack/data/venv/lib/python3.12/site-packages/dbcounter.py:102}}
Aug 02 07:18:05.319345 np0000032144 devstack@n-api.service[68938]: INFO dbcounter [None req-4cba62f0-67ea-497c-8368-786ae7486e71 None None] Registered counter for database nova_cell0
Aug 02 07:18:05.320440 np0000032144 devstack@n-api.service[68937]: DEBUG oslo_db.sqlalchemy.engines [None req-9d992385-c3fb-46ff-a4de-9d9d470ceff7 None None] MySQL server mode set to STRICT_TRANS_TABLES,STRICT_ALL_TABLES,NO_ZERO_IN_DATE,NO_ZERO_DATE,ERROR_FOR_DIVISION_BY_ZERO,TRADITIONAL,NO_ENGINE_SUBSTITUTION {{(pid=68937) _check_effective_sql_mode /opt/stack/data/venv/lib/python3.12/site-packages/oslo_db/sqlalchemy/engines.py:397}}
Aug 02 07:18:05.323905 np0000032144 devstack@n-api.service[68937]: DEBUG dbcounter [-] [68937] Writer thread running {{(pid=68937) stat_writer /opt/stack/data/venv/lib/python3.12/site-packages/dbcounter.py:102}}
Aug 02 07:18:05.324126 np0000032144 devstack@n-api.service[68938]: DEBUG oslo_db.sqlalchemy.engines [None req-4cba62f0-67ea-497c-8368-786ae7486e71 None None] MySQL server mode set to STRICT_TRANS_TABLES,STRICT_ALL_TABLES,NO_ZERO_IN_DATE,NO_ZERO_DATE,ERROR_FOR_DIVISION_BY_ZERO,TRADITIONAL,NO_ENGINE_SUBSTITUTION {{(pid=68938) _check_effective_sql_mode /opt/stack/data/venv/lib/python3.12/site-packages/oslo_db/sqlalchemy/engines.py:397}}
Aug 02 07:18:05.327570 np0000032144 devstack@n-api.service[68938]: DEBUG dbcounter [-] [68938] Writer thread running {{(pid=68938) stat_writer /opt/stack/data/venv/lib/python3.12/site-packages/dbcounter.py:102}}
Aug 02 07:18:05.643360 np0000032144 devstack@n-api.service[68937]: DEBUG oslo_concurrency.processutils [None req-9d992385-c3fb-46ff-a4de-9d9d470ceff7 None None] Running cmd (subprocess): grep -F node.session.scan /sbin/iscsiadm {{(pid=68937) execute /opt/stack/data/venv/lib/python3.12/site-packages/oslo_concurrency/processutils.py:349}}
Aug 02 07:18:05.645523 np0000032144 devstack@n-api.service[68938]: DEBUG oslo_concurrency.processutils [None req-4cba62f0-67ea-497c-8368-786ae7486e71 None None] Running cmd (subprocess): grep -F node.session.scan /sbin/iscsiadm {{(pid=68938) execute /opt/stack/data/venv/lib/python3.12/site-packages/oslo_concurrency/processutils.py:349}}
Aug 02 07:18:05.650512 np0000032144 devstack@n-api.service[68937]: DEBUG oslo_concurrency.processutils [None req-9d992385-c3fb-46ff-a4de-9d9d470ceff7 None None] CMD "grep -F node.session.scan /sbin/iscsiadm" returned: 0 in 0.007s {{(pid=68937) execute /opt/stack/data/venv/lib/python3.12/site-packages/oslo_concurrency/processutils.py:372}}
Aug 02 07:18:05.652289 np0000032144 devstack@n-api.service[68938]: DEBUG oslo_concurrency.processutils [None req-4cba62f0-67ea-497c-8368-786ae7486e71 None None] CMD "grep -F node.session.scan /sbin/iscsiadm" returned: 0 in 0.007s {{(pid=68938) execute /opt/stack/data/venv/lib/python3.12/site-packages/oslo_concurrency/processutils.py:372}}
Aug 02 07:18:05.939068 np0000032144 devstack@n-api.service[68938]: WARNING keystonemiddleware.auth_token [None req-4cba62f0-67ea-497c-8368-786ae7486e71 None None] AuthToken middleware is set with keystone_authtoken.service_token_roles_required set to False. This is backwards compatible but deprecated behaviour. Please set this to True.
Aug 02 07:18:05.939155 np0000032144 devstack@n-api.service[68937]: WARNING keystonemiddleware.auth_token [None req-9d992385-c3fb-46ff-a4de-9d9d470ceff7 None None] AuthToken middleware is set with keystone_authtoken.service_token_roles_required set to False. This is backwards compatible but deprecated behaviour. Please set this to True.
Aug 02 07:18:05.942340 np0000032144 devstack@n-api.service[68938]: WARNING keystonemiddleware.auth_token [None req-4cba62f0-67ea-497c-8368-786ae7486e71 None None] Configuring www_authenticate_uri to point to the public identity endpoint is required; clients may not be able to authenticate against an admin endpoint
Aug 02 07:18:05.942369 np0000032144 devstack@n-api.service[68937]: WARNING keystonemiddleware.auth_token [None req-9d992385-c3fb-46ff-a4de-9d9d470ceff7 None None] Configuring www_authenticate_uri to point to the public identity endpoint is required; clients may not be able to authenticate against an admin endpoint
Aug 02 07:18:06.094699 np0000032144 devstack@n-api.service[68937]: WARNING keystonemiddleware.auth_token [None req-9d992385-c3fb-46ff-a4de-9d9d470ceff7 None None] AuthToken middleware is set with keystone_authtoken.service_token_roles_required set to False. This is backwards compatible but deprecated behaviour. Please set this to True.
Aug 02 07:18:06.094862 np0000032144 devstack@n-api.service[68938]: WARNING keystonemiddleware.auth_token [None req-4cba62f0-67ea-497c-8368-786ae7486e71 None None] AuthToken middleware is set with keystone_authtoken.service_token_roles_required set to False. This is backwards compatible but deprecated behaviour. Please set this to True.
Aug 02 07:18:06.097143 np0000032144 devstack@n-api.service[68937]: WARNING keystonemiddleware.auth_token [None req-9d992385-c3fb-46ff-a4de-9d9d470ceff7 None None] Configuring www_authenticate_uri to point to the public identity endpoint is required; clients may not be able to authenticate against an admin endpoint
Aug 02 07:18:06.097306 np0000032144 devstack@n-api.service[68938]: WARNING keystonemiddleware.auth_token [None req-4cba62f0-67ea-497c-8368-786ae7486e71 None None] Configuring www_authenticate_uri to point to the public identity endpoint is required; clients may not be able to authenticate against an admin endpoint
Aug 02 07:18:06.098971 np0000032144 devstack@n-api.service[68937]: WSGI app 0 (mountpoint='') ready in 3 seconds on interpreter 0x749315ca39e8 pid: 68937 (default app)
Aug 02 07:18:06.099128 np0000032144 devstack@n-api.service[68938]: WSGI app 0 (mountpoint='') ready in 3 seconds on interpreter 0x749315ca39e8 pid: 68938 (default app)
Aug 02 07:18:06.099852 np0000032144 devstack@n-api.service[68937]: DEBUG nova.api.openstack.wsgi [None req-9d992385-c3fb-46ff-a4de-9d9d470ceff7 None None] Calling method '<bound method VersionsV2.index of <nova.api.openstack.compute.versions.VersionsV2 object at 0x74930f335f10>>' {{(pid=68937) _process_stack /opt/stack/nova/nova/api/openstack/wsgi.py:552}}
Aug 02 07:18:06.102361 np0000032144 devstack@n-api.service[68937]: INFO nova.api.openstack.requestlog [None req-9d992385-c3fb-46ff-a4de-9d9d470ceff7 None None] 192.168.1.122 "GET /compute/v2.1/" status: 200 len: 391 microversion: 2.1 time: 0.002699
Aug 02 07:18:06.102538 np0000032144 devstack@n-api.service[68937]: [pid: 68937|app: 0|req: 1/1] 192.168.1.122 () {50 vars in 771 bytes} [Sat Aug  2 07:18:06 2025] GET /compute/v2.1/ => generated 391 bytes in 3 msecs (HTTP/1.1 200) 9 headers in 357 bytes (1 switches on core 0)
Aug 02 07:18:40.523903 np0000032144 devstack@n-api.service[68938]: DEBUG nova.api.openstack.wsgi [None req-4cba62f0-67ea-497c-8368-786ae7486e71 None None] Calling method '<bound method VersionsV2.index of <nova.api.openstack.compute.versions.VersionsV2 object at 0x74930f5a06e0>>' {{(pid=68938) _process_stack /opt/stack/nova/nova/api/openstack/wsgi.py:552}}
Aug 02 07:18:40.527003 np0000032144 devstack@n-api.service[68938]: INFO nova.api.openstack.requestlog [None req-4cba62f0-67ea-497c-8368-786ae7486e71 None None] 192.168.1.122 "GET /compute/v2.1" status: 200 len: 392 microversion: 2.1 time: 0.003631
Aug 02 07:18:40.527293 np0000032144 devstack@n-api.service[68938]: [pid: 68938|app: 0|req: 1/2] 192.168.1.122 () {62 vars in 1056 bytes} [Sat Aug  2 07:18:40 2025] GET /compute/v2.1 => generated 392 bytes in 4 msecs (HTTP/1.1 200) 9 headers in 357 bytes (1 switches on core 0)
Aug 02 07:18:40.536116 np0000032144 devstack@n-api.service[68937]: DEBUG dbcounter [-] [68937] Writing DB stats nova_api:SELECT=1 {{(pid=68937) stat_writer /opt/stack/data/venv/lib/python3.12/site-packages/dbcounter.py:115}}
Aug 02 07:18:40.536755 np0000032144 devstack@n-api.service[68937]: DEBUG dbcounter [-] [68937] Writing DB stats nova_cell0:SELECT=1 {{(pid=68937) stat_writer /opt/stack/data/venv/lib/python3.12/site-packages/dbcounter.py:115}}
Aug 02 07:18:40.537085 np0000032144 devstack@n-api.service[68937]: DEBUG dbcounter [-] [68937] Writing DB stats nova_cell1:SELECT=1 {{(pid=68937) stat_writer /opt/stack/data/venv/lib/python3.12/site-packages/dbcounter.py:115}}
Aug 02 07:18:40.537557 np0000032144 devstack@n-api.service[68937]: DEBUG dbcounter [-] [68937] Writing DB stats nova_cell0:SELECT=2,nova_cell0:INSERT=1 {{(pid=68937) stat_writer /opt/stack/data/venv/lib/python3.12/site-packages/dbcounter.py:115}}
Aug 02 07:18:40.642073 np0000032144 devstack@n-api.service[68937]: DEBUG nova.api.openstack.wsgi [None req-9d698cf2-255b-47ae-a470-26084e1f566c admin admin] Calling method '<bound method FlavorsController.detail of <nova.api.openstack.compute.flavors.FlavorsController object at 0x74930ed5e870>>' {{(pid=68937) _process_stack /opt/stack/nova/nova/api/openstack/wsgi.py:552}}
Aug 02 07:18:40.658149 np0000032144 devstack@n-api.service[68937]: INFO nova.api.openstack.requestlog [None req-9d698cf2-255b-47ae-a470-26084e1f566c admin admin] 192.168.1.122 "GET /compute/v2.1/flavors/detail?is_public=True" status: 200 len: 15 microversion: 2.61 time: 0.125803
Aug 02 07:18:40.658449 np0000032144 devstack@n-api.service[68937]: [pid: 68937|app: 0|req: 2/3] 192.168.1.122 () {68 vars in 1417 bytes} [Sat Aug  2 07:18:40 2025] GET /compute/v2.1/flavors/detail?is_public=True => generated 15 bytes in 126 msecs (HTTP/1.1 200) 9 headers in 358 bytes (1 switches on core 0)
Aug 02 07:18:40.795329 np0000032144 devstack@n-api.service[68938]: DEBUG nova.api.openstack.wsgi [None req-f421cbf6-ab7f-4c97-8af4-28f25ec884bc admin admin] Action: 'create', calling method: <bound method FlavorsController.create of <nova.api.openstack.compute.flavors.FlavorsController object at 0x74930ed5e300>>, body: {"flavor": {"os-flavor-access:is_public": true, "OS-FLV-EXT-DATA:ephemeral": 0, "vcpus": 1, "swap": 0, "rxtx_factor": 1.0, "ram": 256, "disk": 1, "name": "cirros256", "id": "c1"}} {{(pid=68938) _process_stack /opt/stack/nova/nova/api/openstack/wsgi.py:550}}
Aug 02 07:18:40.804318 np0000032144 devstack@n-api.service[68938]: DEBUG dbcounter [-] [68938] Writing DB stats nova_api:SELECT=1 {{(pid=68938) stat_writer /opt/stack/data/venv/lib/python3.12/site-packages/dbcounter.py:115}}
Aug 02 07:18:40.804407 np0000032144 devstack@n-api.service[68938]: DEBUG dbcounter [-] [68938] Writing DB stats nova_cell0:SELECT=1 {{(pid=68938) stat_writer /opt/stack/data/venv/lib/python3.12/site-packages/dbcounter.py:115}}
Aug 02 07:18:40.804759 np0000032144 devstack@n-api.service[68938]: DEBUG dbcounter [-] [68938] Writing DB stats nova_cell1:SELECT=1 {{(pid=68938) stat_writer /opt/stack/data/venv/lib/python3.12/site-packages/dbcounter.py:115}}
Aug 02 07:18:40.805031 np0000032144 devstack@n-api.service[68938]: DEBUG dbcounter [-] [68938] Writing DB stats nova_cell0:SELECT=2,nova_cell0:INSERT=1 {{(pid=68938) stat_writer /opt/stack/data/venv/lib/python3.12/site-packages/dbcounter.py:115}}
Aug 02 07:18:40.825823 np0000032144 devstack@n-api.service[68938]: INFO nova.api.openstack.requestlog [None req-f421cbf6-ab7f-4c97-8af4-28f25ec884bc admin admin] 192.168.1.122 "POST /compute/v2.1/flavors" status: 200 len: 413 microversion: 2.61 time: 0.092728
Aug 02 07:18:40.826069 np0000032144 devstack@n-api.service[68938]: [pid: 68938|app: 0|req: 2/4] 192.168.1.122 () {72 vars in 1408 bytes} [Sat Aug  2 07:18:40 2025] POST /compute/v2.1/flavors => generated 413 bytes in 93 msecs (HTTP/1.1 200) 9 headers in 359 bytes (1 switches on core 0)
Aug 02 07:18:40.836190 np0000032144 devstack@n-api.service[68937]: DEBUG nova.api.openstack.wsgi [None req-5bd91e86-9c3c-4052-9105-a29db0b195b7 admin admin] Action: 'create', calling method: <bound method FlavorExtraSpecsController.create of <nova.api.openstack.compute.flavors_extraspecs.FlavorExtraSpecsController object at 0x74930ed5efc0>>, body: {"extra_specs": {"hw_rng:allowed": "True"}} {{(pid=68937) _process_stack /opt/stack/nova/nova/api/openstack/wsgi.py:550}}
Aug 02 07:18:40.858800 np0000032144 devstack@n-api.service[68937]: INFO nova.api.openstack.requestlog [None req-5bd91e86-9c3c-4052-9105-a29db0b195b7 admin admin] 192.168.1.122 "POST /compute/v2.1/flavors/c1/os-extra_specs" status: 200 len: 43 microversion: 2.61 time: 0.025044
Aug 02 07:18:40.859119 np0000032144 devstack@n-api.service[68937]: [pid: 68937|app: 0|req: 3/5] 192.168.1.122 () {72 vars in 1461 bytes} [Sat Aug  2 07:18:40 2025] POST /compute/v2.1/flavors/c1/os-extra_specs => generated 43 bytes in 26 msecs (HTTP/1.1 200) 9 headers in 358 bytes (1 switches on core 0)
Aug 02 07:18:40.951245 np0000032144 devstack@n-api.service[68938]: DEBUG nova.api.openstack.wsgi [None req-8989f313-88fa-45b3-b9cc-dcc537b1b86c admin admin] Action: 'create', calling method: <bound method FlavorsController.create of <nova.api.openstack.compute.flavors.FlavorsController object at 0x74930ed5e300>>, body: {"flavor": {"os-flavor-access:is_public": true, "OS-FLV-EXT-DATA:ephemeral": 0, "vcpus": 1, "swap": 0, "rxtx_factor": 1.0, "ram": 512, "disk": 5, "name": "ds512M", "id": "d1"}} {{(pid=68938) _process_stack /opt/stack/nova/nova/api/openstack/wsgi.py:550}}
Aug 02 07:18:40.962736 np0000032144 devstack@n-api.service[68938]: INFO nova.api.openstack.requestlog [None req-8989f313-88fa-45b3-b9cc-dcc537b1b86c admin admin] 192.168.1.122 "POST /compute/v2.1/flavors" status: 200 len: 410 microversion: 2.61 time: 0.013435
Aug 02 07:18:40.962984 np0000032144 devstack@n-api.service[68938]: [pid: 68938|app: 0|req: 3/6] 192.168.1.122 () {72 vars in 1408 bytes} [Sat Aug  2 07:18:40 2025] POST /compute/v2.1/flavors => generated 410 bytes in 14 msecs (HTTP/1.1 200) 9 headers in 359 bytes (1 switches on core 0)
Aug 02 07:18:40.976304 np0000032144 devstack@n-api.service[68937]: DEBUG nova.api.openstack.wsgi [None req-1585036b-e37a-4da1-a39f-b69619f781eb admin admin] Action: 'create', calling method: <bound method FlavorExtraSpecsController.create of <nova.api.openstack.compute.flavors_extraspecs.FlavorExtraSpecsController object at 0x74930ed5efc0>>, body: {"extra_specs": {"hw_rng:allowed": "True"}} {{(pid=68937) _process_stack /opt/stack/nova/nova/api/openstack/wsgi.py:550}}
Aug 02 07:18:40.992403 np0000032144 devstack@n-api.service[68937]: INFO nova.api.openstack.requestlog [None req-1585036b-e37a-4da1-a39f-b69619f781eb admin admin] 192.168.1.122 "POST /compute/v2.1/flavors/d1/os-extra_specs" status: 200 len: 43 microversion: 2.61 time: 0.017527
Aug 02 07:18:40.992590 np0000032144 devstack@n-api.service[68937]: [pid: 68937|app: 0|req: 4/7] 192.168.1.122 () {72 vars in 1461 bytes} [Sat Aug  2 07:18:40 2025] POST /compute/v2.1/flavors/d1/os-extra_specs => generated 43 bytes in 18 msecs (HTTP/1.1 200) 9 headers in 358 bytes (1 switches on core 0)
Aug 02 07:18:41.096813 np0000032144 devstack@n-api.service[68938]: DEBUG nova.api.openstack.wsgi [None req-760a3407-ef1e-4cb2-a47e-794a0f650ed9 admin admin] Action: 'create', calling method: <bound method FlavorsController.create of <nova.api.openstack.compute.flavors.FlavorsController object at 0x74930ed5e300>>, body: {"flavor": {"os-flavor-access:is_public": true, "OS-FLV-EXT-DATA:ephemeral": 0, "vcpus": 1, "swap": 0, "rxtx_factor": 1.0, "ram": 1024, "disk": 10, "name": "ds1G", "id": "d2"}} {{(pid=68938) _process_stack /opt/stack/nova/nova/api/openstack/wsgi.py:550}}
Aug 02 07:18:41.108507 np0000032144 devstack@n-api.service[68938]: INFO nova.api.openstack.requestlog [None req-760a3407-ef1e-4cb2-a47e-794a0f650ed9 admin admin] 192.168.1.122 "POST /compute/v2.1/flavors" status: 200 len: 410 microversion: 2.61 time: 0.013320
Aug 02 07:18:41.108821 np0000032144 devstack@n-api.service[68938]: [pid: 68938|app: 0|req: 4/8] 192.168.1.122 () {72 vars in 1408 bytes} [Sat Aug  2 07:18:41 2025] POST /compute/v2.1/flavors => generated 410 bytes in 14 msecs (HTTP/1.1 200) 9 headers in 359 bytes (2 switches on core 0)
Aug 02 07:18:41.125541 np0000032144 devstack@n-api.service[68937]: DEBUG nova.api.openstack.wsgi [None req-a8096e41-a712-4043-97b2-72a88d3e46ba admin admin] Action: 'create', calling method: <bound method FlavorExtraSpecsController.create of <nova.api.openstack.compute.flavors_extraspecs.FlavorExtraSpecsController object at 0x74930ed5efc0>>, body: {"extra_specs": {"hw_rng:allowed": "True"}} {{(pid=68937) _process_stack /opt/stack/nova/nova/api/openstack/wsgi.py:550}}
Aug 02 07:18:41.142817 np0000032144 devstack@n-api.service[68937]: INFO nova.api.openstack.requestlog [None req-a8096e41-a712-4043-97b2-72a88d3e46ba admin admin] 192.168.1.122 "POST /compute/v2.1/flavors/d2/os-extra_specs" status: 200 len: 43 microversion: 2.61 time: 0.018740
Aug 02 07:18:41.143080 np0000032144 devstack@n-api.service[68937]: [pid: 68937|app: 0|req: 5/9] 192.168.1.122 () {72 vars in 1461 bytes} [Sat Aug  2 07:18:41 2025] POST /compute/v2.1/flavors/d2/os-extra_specs => generated 43 bytes in 19 msecs (HTTP/1.1 200) 9 headers in 358 bytes (1 switches on core 0)
Aug 02 07:18:41.248236 np0000032144 devstack@n-api.service[68938]: DEBUG nova.api.openstack.wsgi [None req-8a100d18-6256-4e8b-a88e-fa0325d4d019 admin admin] Action: 'create', calling method: <bound method FlavorsController.create of <nova.api.openstack.compute.flavors.FlavorsController object at 0x74930ed5e300>>, body: {"flavor": {"os-flavor-access:is_public": true, "OS-FLV-EXT-DATA:ephemeral": 0, "vcpus": 2, "swap": 0, "rxtx_factor": 1.0, "ram": 2048, "disk": 10, "name": "ds2G", "id": "d3"}} {{(pid=68938) _process_stack /opt/stack/nova/nova/api/openstack/wsgi.py:550}}
Aug 02 07:18:41.262927 np0000032144 devstack@n-api.service[68938]: INFO nova.api.openstack.requestlog [None req-8a100d18-6256-4e8b-a88e-fa0325d4d019 admin admin] 192.168.1.122 "POST /compute/v2.1/flavors" status: 200 len: 410 microversion: 2.61 time: 0.017704
Aug 02 07:18:41.264193 np0000032144 devstack@n-api.service[68938]: [pid: 68938|app: 0|req: 5/10] 192.168.1.122 () {72 vars in 1408 bytes} [Sat Aug  2 07:18:41 2025] POST /compute/v2.1/flavors => generated 410 bytes in 19 msecs (HTTP/1.1 200) 9 headers in 359 bytes (1 switches on core 0)
Aug 02 07:18:41.275554 np0000032144 devstack@n-api.service[68937]: DEBUG nova.api.openstack.wsgi [None req-367e080e-ffc4-4c66-8863-b3dbde614b16 admin admin] Action: 'create', calling method: <bound method FlavorExtraSpecsController.create of <nova.api.openstack.compute.flavors_extraspecs.FlavorExtraSpecsController object at 0x74930ed5efc0>>, body: {"extra_specs": {"hw_rng:allowed": "True"}} {{(pid=68937) _process_stack /opt/stack/nova/nova/api/openstack/wsgi.py:550}}
Aug 02 07:18:41.288167 np0000032144 devstack@n-api.service[68937]: INFO nova.api.openstack.requestlog [None req-367e080e-ffc4-4c66-8863-b3dbde614b16 admin admin] 192.168.1.122 "POST /compute/v2.1/flavors/d3/os-extra_specs" status: 200 len: 43 microversion: 2.61 time: 0.014114
Aug 02 07:18:41.288420 np0000032144 devstack@n-api.service[68937]: [pid: 68937|app: 0|req: 6/11] 192.168.1.122 () {72 vars in 1461 bytes} [Sat Aug  2 07:18:41 2025] POST /compute/v2.1/flavors/d3/os-extra_specs => generated 43 bytes in 14 msecs (HTTP/1.1 200) 9 headers in 358 bytes (1 switches on core 0)
Aug 02 07:18:41.411765 np0000032144 devstack@n-api.service[68938]: DEBUG nova.api.openstack.wsgi [None req-1adf5224-78cb-4aa7-9607-4938ecf35db7 admin admin] Action: 'create', calling method: <bound method FlavorsController.create of <nova.api.openstack.compute.flavors.FlavorsController object at 0x74930ed5e300>>, body: {"flavor": {"os-flavor-access:is_public": true, "OS-FLV-EXT-DATA:ephemeral": 0, "vcpus": 4, "swap": 0, "rxtx_factor": 1.0, "ram": 4096, "disk": 20, "name": "ds4G", "id": "d4"}} {{(pid=68938) _process_stack /opt/stack/nova/nova/api/openstack/wsgi.py:550}}
Aug 02 07:18:41.422820 np0000032144 devstack@n-api.service[68938]: INFO nova.api.openstack.requestlog [None req-1adf5224-78cb-4aa7-9607-4938ecf35db7 admin admin] 192.168.1.122 "POST /compute/v2.1/flavors" status: 200 len: 410 microversion: 2.61 time: 0.018183
Aug 02 07:18:41.423061 np0000032144 devstack@n-api.service[68938]: [pid: 68938|app: 0|req: 6/12] 192.168.1.122 () {72 vars in 1408 bytes} [Sat Aug  2 07:18:41 2025] POST /compute/v2.1/flavors => generated 410 bytes in 18 msecs (HTTP/1.1 200) 9 headers in 359 bytes (1 switches on core 0)
Aug 02 07:18:41.433766 np0000032144 devstack@n-api.service[68937]: DEBUG nova.api.openstack.wsgi [None req-ab15cfdf-80b0-42f7-a07a-e9bc6103a025 admin admin] Action: 'create', calling method: <bound method FlavorExtraSpecsController.create of <nova.api.openstack.compute.flavors_extraspecs.FlavorExtraSpecsController object at 0x74930ed5efc0>>, body: {"extra_specs": {"hw_rng:allowed": "True"}} {{(pid=68937) _process_stack /opt/stack/nova/nova/api/openstack/wsgi.py:550}}
Aug 02 07:18:41.451380 np0000032144 devstack@n-api.service[68937]: INFO nova.api.openstack.requestlog [None req-ab15cfdf-80b0-42f7-a07a-e9bc6103a025 admin admin] 192.168.1.122 "POST /compute/v2.1/flavors/d4/os-extra_specs" status: 200 len: 43 microversion: 2.61 time: 0.019039
Aug 02 07:18:41.451619 np0000032144 devstack@n-api.service[68937]: [pid: 68937|app: 0|req: 7/13] 192.168.1.122 () {72 vars in 1461 bytes} [Sat Aug  2 07:18:41 2025] POST /compute/v2.1/flavors/d4/os-extra_specs => generated 43 bytes in 19 msecs (HTTP/1.1 200) 9 headers in 358 bytes (1 switches on core 0)
Aug 02 07:18:41.552196 np0000032144 devstack@n-api.service[68938]: DEBUG nova.api.openstack.wsgi [None req-87bf4147-478d-44bb-8ebf-f542bb1af44b admin admin] Calling method '<bound method FlavorsController.detail of <nova.api.openstack.compute.flavors.FlavorsController object at 0x74930ed5e450>>' {{(pid=68938) _process_stack /opt/stack/nova/nova/api/openstack/wsgi.py:552}}
Aug 02 07:18:41.566453 np0000032144 devstack@n-api.service[68938]: INFO nova.api.openstack.requestlog [None req-87bf4147-478d-44bb-8ebf-f542bb1af44b admin admin] 192.168.1.122 "GET /compute/v2.1/flavors/detail?is_public=True" status: 200 len: 2136 microversion: 2.61 time: 0.016984
Aug 02 07:18:41.566755 np0000032144 devstack@n-api.service[68938]: [pid: 68938|app: 0|req: 7/14] 192.168.1.122 () {68 vars in 1417 bytes} [Sat Aug  2 07:18:41 2025] GET /compute/v2.1/flavors/detail?is_public=True => generated 2136 bytes in 17 msecs (HTTP/1.1 200) 9 headers in 360 bytes (1 switches on core 0)
Aug 02 07:18:41.657456 np0000032144 devstack@n-api.service[68937]: DEBUG nova.api.openstack.wsgi [None req-25e98f0e-4d05-4015-a8f8-8b71e666830e admin admin] Action: 'create', calling method: <bound method FlavorsController.create of <nova.api.openstack.compute.flavors.FlavorsController object at 0x74930ed5e720>>, body: {"flavor": {"os-flavor-access:is_public": true, "OS-FLV-EXT-DATA:ephemeral": 0, "vcpus": 1, "swap": 0, "rxtx_factor": 1.0, "ram": 512, "disk": 1, "name": "m1.tiny", "id": "1"}} {{(pid=68937) _process_stack /opt/stack/nova/nova/api/openstack/wsgi.py:550}}
Aug 02 07:18:41.679041 np0000032144 devstack@n-api.service[68937]: INFO nova.api.openstack.requestlog [None req-25e98f0e-4d05-4015-a8f8-8b71e666830e admin admin] 192.168.1.122 "POST /compute/v2.1/flavors" status: 200 len: 408 microversion: 2.61 time: 0.023024
Aug 02 07:18:41.679739 np0000032144 devstack@n-api.service[68937]: [pid: 68937|app: 0|req: 8/15] 192.168.1.122 () {72 vars in 1408 bytes} [Sat Aug  2 07:18:41 2025] POST /compute/v2.1/flavors => generated 408 bytes in 24 msecs (HTTP/1.1 200) 9 headers in 359 bytes (1 switches on core 0)
Aug 02 07:18:41.689203 np0000032144 devstack@n-api.service[68938]: DEBUG nova.api.openstack.wsgi [None req-beb53358-bdde-4d96-a1bc-db6b1ff9fd97 admin admin] Action: 'create', calling method: <bound method FlavorExtraSpecsController.create of <nova.api.openstack.compute.flavors_extraspecs.FlavorExtraSpecsController object at 0x74930ed5eba0>>, body: {"extra_specs": {"hw_rng:allowed": "True"}} {{(pid=68938) _process_stack /opt/stack/nova/nova/api/openstack/wsgi.py:550}}
Aug 02 07:18:41.707058 np0000032144 devstack@n-api.service[68938]: INFO nova.api.openstack.requestlog [None req-beb53358-bdde-4d96-a1bc-db6b1ff9fd97 admin admin] 192.168.1.122 "POST /compute/v2.1/flavors/1/os-extra_specs" status: 200 len: 43 microversion: 2.61 time: 0.020913
Aug 02 07:18:41.707420 np0000032144 devstack@n-api.service[68938]: [pid: 68938|app: 0|req: 8/16] 192.168.1.122 () {72 vars in 1458 bytes} [Sat Aug  2 07:18:41 2025] POST /compute/v2.1/flavors/1/os-extra_specs => generated 43 bytes in 21 msecs (HTTP/1.1 200) 9 headers in 358 bytes (1 switches on core 0)
Aug 02 07:18:41.784603 np0000032144 devstack@n-api.service[68937]: DEBUG nova.api.openstack.wsgi [None req-de2727b1-83c9-4ef8-bb5f-5dd252521ab8 admin admin] Action: 'create', calling method: <bound method FlavorsController.create of <nova.api.openstack.compute.flavors.FlavorsController object at 0x74930ed5e720>>, body: {"flavor": {"os-flavor-access:is_public": true, "OS-FLV-EXT-DATA:ephemeral": 0, "vcpus": 1, "swap": 0, "rxtx_factor": 1.0, "ram": 2048, "disk": 20, "name": "m1.small", "id": "2"}} {{(pid=68937) _process_stack /opt/stack/nova/nova/api/openstack/wsgi.py:550}}
Aug 02 07:18:41.795075 np0000032144 devstack@n-api.service[68937]: INFO nova.api.openstack.requestlog [None req-de2727b1-83c9-4ef8-bb5f-5dd252521ab8 admin admin] 192.168.1.122 "POST /compute/v2.1/flavors" status: 200 len: 411 microversion: 2.61 time: 0.011918
Aug 02 07:18:41.795313 np0000032144 devstack@n-api.service[68937]: [pid: 68937|app: 0|req: 9/17] 192.168.1.122 () {72 vars in 1408 bytes} [Sat Aug  2 07:18:41 2025] POST /compute/v2.1/flavors => generated 411 bytes in 12 msecs (HTTP/1.1 200) 9 headers in 359 bytes (1 switches on core 0)
Aug 02 07:18:41.803233 np0000032144 devstack@n-api.service[68938]: DEBUG nova.api.openstack.wsgi [None req-81c90365-0ed6-496a-a701-5415ff8af4ff admin admin] Action: 'create', calling method: <bound method FlavorExtraSpecsController.create of <nova.api.openstack.compute.flavors_extraspecs.FlavorExtraSpecsController object at 0x74930ed5eba0>>, body: {"extra_specs": {"hw_rng:allowed": "True"}} {{(pid=68938) _process_stack /opt/stack/nova/nova/api/openstack/wsgi.py:550}}
Aug 02 07:18:41.815984 np0000032144 devstack@n-api.service[68938]: INFO nova.api.openstack.requestlog [None req-81c90365-0ed6-496a-a701-5415ff8af4ff admin admin] 192.168.1.122 "POST /compute/v2.1/flavors/2/os-extra_specs" status: 200 len: 43 microversion: 2.61 time: 0.013929
Aug 02 07:18:41.815984 np0000032144 devstack@n-api.service[68938]: [pid: 68938|app: 0|req: 9/18] 192.168.1.122 () {72 vars in 1458 bytes} [Sat Aug  2 07:18:41 2025] POST /compute/v2.1/flavors/2/os-extra_specs => generated 43 bytes in 14 msecs (HTTP/1.1 200) 9 headers in 358 bytes (1 switches on core 0)
Aug 02 07:18:41.892979 np0000032144 devstack@n-api.service[68937]: DEBUG nova.api.openstack.wsgi [None req-f1f290ce-a8f5-4b3a-be07-0e1e3764adb8 admin admin] Action: 'create', calling method: <bound method FlavorsController.create of <nova.api.openstack.compute.flavors.FlavorsController object at 0x74930ed5e720>>, body: {"flavor": {"os-flavor-access:is_public": true, "OS-FLV-EXT-DATA:ephemeral": 0, "vcpus": 2, "swap": 0, "rxtx_factor": 1.0, "ram": 4096, "disk": 40, "name": "m1.medium", "id": "3"}} {{(pid=68937) _process_stack /opt/stack/nova/nova/api/openstack/wsgi.py:550}}
Aug 02 07:18:41.903824 np0000032144 devstack@n-api.service[68937]: INFO nova.api.openstack.requestlog [None req-f1f290ce-a8f5-4b3a-be07-0e1e3764adb8 admin admin] 192.168.1.122 "POST /compute/v2.1/flavors" status: 200 len: 412 microversion: 2.61 time: 0.012233
Aug 02 07:18:41.904100 np0000032144 devstack@n-api.service[68937]: [pid: 68937|app: 0|req: 10/19] 192.168.1.122 () {72 vars in 1408 bytes} [Sat Aug  2 07:18:41 2025] POST /compute/v2.1/flavors => generated 412 bytes in 12 msecs (HTTP/1.1 200) 9 headers in 359 bytes (1 switches on core 0)
Aug 02 07:18:41.911502 np0000032144 devstack@n-api.service[68938]: DEBUG nova.api.openstack.wsgi [None req-60f74395-2b67-4e22-8a71-2d1225963b49 admin admin] Action: 'create', calling method: <bound method FlavorExtraSpecsController.create of <nova.api.openstack.compute.flavors_extraspecs.FlavorExtraSpecsController object at 0x74930ed5eba0>>, body: {"extra_specs": {"hw_rng:allowed": "True"}} {{(pid=68938) _process_stack /opt/stack/nova/nova/api/openstack/wsgi.py:550}}
Aug 02 07:18:41.925613 np0000032144 devstack@n-api.service[68938]: INFO nova.api.openstack.requestlog [None req-60f74395-2b67-4e22-8a71-2d1225963b49 admin admin] 192.168.1.122 "POST /compute/v2.1/flavors/3/os-extra_specs" status: 200 len: 43 microversion: 2.61 time: 0.015255
Aug 02 07:18:41.925613 np0000032144 devstack@n-api.service[68938]: [pid: 68938|app: 0|req: 10/20] 192.168.1.122 () {72 vars in 1458 bytes} [Sat Aug  2 07:18:41 2025] POST /compute/v2.1/flavors/3/os-extra_specs => generated 43 bytes in 16 msecs (HTTP/1.1 200) 9 headers in 358 bytes (1 switches on core 0)
Aug 02 07:18:42.005673 np0000032144 devstack@n-api.service[68937]: DEBUG nova.api.openstack.wsgi [None req-3657f9e0-9642-4999-ac37-b07abbd6c2a3 admin admin] Action: 'create', calling method: <bound method FlavorsController.create of <nova.api.openstack.compute.flavors.FlavorsController object at 0x74930ed5e720>>, body: {"flavor": {"os-flavor-access:is_public": true, "OS-FLV-EXT-DATA:ephemeral": 0, "vcpus": 4, "swap": 0, "rxtx_factor": 1.0, "ram": 8192, "disk": 80, "name": "m1.large", "id": "4"}} {{(pid=68937) _process_stack /opt/stack/nova/nova/api/openstack/wsgi.py:550}}
Aug 02 07:18:42.018464 np0000032144 devstack@n-api.service[68937]: INFO nova.api.openstack.requestlog [None req-3657f9e0-9642-4999-ac37-b07abbd6c2a3 admin admin] 192.168.1.122 "POST /compute/v2.1/flavors" status: 200 len: 411 microversion: 2.61 time: 0.014218
Aug 02 07:18:42.019363 np0000032144 devstack@n-api.service[68937]: [pid: 68937|app: 0|req: 11/21] 192.168.1.122 () {72 vars in 1408 bytes} [Sat Aug  2 07:18:42 2025] POST /compute/v2.1/flavors => generated 411 bytes in 15 msecs (HTTP/1.1 200) 9 headers in 359 bytes (1 switches on core 0)
Aug 02 07:18:42.029076 np0000032144 devstack@n-api.service[68938]: DEBUG nova.api.openstack.wsgi [None req-91c79790-7185-4d7e-b545-bf5ef778c913 admin admin] Action: 'create', calling method: <bound method FlavorExtraSpecsController.create of <nova.api.openstack.compute.flavors_extraspecs.FlavorExtraSpecsController object at 0x74930ed5eba0>>, body: {"extra_specs": {"hw_rng:allowed": "True"}} {{(pid=68938) _process_stack /opt/stack/nova/nova/api/openstack/wsgi.py:550}}
Aug 02 07:18:42.041261 np0000032144 devstack@n-api.service[68938]: INFO nova.api.openstack.requestlog [None req-91c79790-7185-4d7e-b545-bf5ef778c913 admin admin] 192.168.1.122 "POST /compute/v2.1/flavors/4/os-extra_specs" status: 200 len: 43 microversion: 2.61 time: 0.015454
Aug 02 07:18:42.041622 np0000032144 devstack@n-api.service[68938]: [pid: 68938|app: 0|req: 11/22] 192.168.1.122 () {72 vars in 1458 bytes} [Sat Aug  2 07:18:42 2025] POST /compute/v2.1/flavors/4/os-extra_specs => generated 43 bytes in 16 msecs (HTTP/1.1 200) 9 headers in 358 bytes (1 switches on core 0)
Aug 02 07:18:42.117502 np0000032144 devstack@n-api.service[68937]: DEBUG nova.api.openstack.wsgi [None req-132eec39-f9b9-4d16-9b1d-d7c34d5dff58 admin admin] Action: 'create', calling method: <bound method FlavorsController.create of <nova.api.openstack.compute.flavors.FlavorsController object at 0x74930ed5e720>>, body: {"flavor": {"os-flavor-access:is_public": true, "OS-FLV-EXT-DATA:ephemeral": 0, "vcpus": 8, "swap": 0, "rxtx_factor": 1.0, "ram": 16384, "disk": 160, "name": "m1.xlarge", "id": "5"}} {{(pid=68937) _process_stack /opt/stack/nova/nova/api/openstack/wsgi.py:550}}
Aug 02 07:18:42.128528 np0000032144 devstack@n-api.service[68937]: INFO nova.api.openstack.requestlog [None req-132eec39-f9b9-4d16-9b1d-d7c34d5dff58 admin admin] 192.168.1.122 "POST /compute/v2.1/flavors" status: 200 len: 414 microversion: 2.61 time: 0.012425
Aug 02 07:18:42.128775 np0000032144 devstack@n-api.service[68937]: [pid: 68937|app: 0|req: 12/23] 192.168.1.122 () {72 vars in 1408 bytes} [Sat Aug  2 07:18:42 2025] POST /compute/v2.1/flavors => generated 414 bytes in 13 msecs (HTTP/1.1 200) 9 headers in 359 bytes (1 switches on core 0)
Aug 02 07:18:42.137187 np0000032144 devstack@n-api.service[68938]: DEBUG nova.api.openstack.wsgi [None req-30c7021d-0dd9-43b4-8c4b-4a63b21ef133 admin admin] Action: 'create', calling method: <bound method FlavorExtraSpecsController.create of <nova.api.openstack.compute.flavors_extraspecs.FlavorExtraSpecsController object at 0x74930ed5eba0>>, body: {"extra_specs": {"hw_rng:allowed": "True"}} {{(pid=68938) _process_stack /opt/stack/nova/nova/api/openstack/wsgi.py:550}}
Aug 02 07:18:42.148614 np0000032144 devstack@n-api.service[68938]: INFO nova.api.openstack.requestlog [None req-30c7021d-0dd9-43b4-8c4b-4a63b21ef133 admin admin] 192.168.1.122 "POST /compute/v2.1/flavors/5/os-extra_specs" status: 200 len: 43 microversion: 2.61 time: 0.014041
Aug 02 07:18:42.148940 np0000032144 devstack@n-api.service[68938]: [pid: 68938|app: 0|req: 12/24] 192.168.1.122 () {72 vars in 1458 bytes} [Sat Aug  2 07:18:42 2025] POST /compute/v2.1/flavors/5/os-extra_specs => generated 43 bytes in 14 msecs (HTTP/1.1 200) 9 headers in 358 bytes (1 switches on core 0)
Aug 02 07:18:58.850182 np0000032144 devstack@n-api.service[68937]: DEBUG nova.api.openstack.wsgi [None req-719b63eb-4a5f-4026-b155-079272165aa9 admin admin] Calling method '<bound method FlavorsController.detail of <nova.api.openstack.compute.flavors.FlavorsController object at 0x74930ed5e870>>' {{(pid=68937) _process_stack /opt/stack/nova/nova/api/openstack/wsgi.py:552}}
Aug 02 07:18:58.852680 np0000032144 devstack@n-api.service[68937]: DEBUG dbcounter [-] [68937] Writing DB stats nova_api:SELECT=21,nova_api:SAVEPOINT=5,nova_api:INSERT=10,nova_api:RELEASE=5 {{(pid=68937) stat_writer /opt/stack/data/venv/lib/python3.12/site-packages/dbcounter.py:115}}
Aug 02 07:18:58.861763 np0000032144 devstack@n-api.service[68937]: INFO nova.api.openstack.requestlog [None req-719b63eb-4a5f-4026-b155-079272165aa9 admin admin] 192.168.1.122 "GET /compute/v2.1/flavors/detail?is_public=True" status: 200 len: 4262 microversion: 2.61 time: 0.013098
Aug 02 07:18:58.861986 np0000032144 devstack@n-api.service[68937]: [pid: 68937|app: 0|req: 13/25] 192.168.1.122 () {68 vars in 1417 bytes} [Sat Aug  2 07:18:58 2025] GET /compute/v2.1/flavors/detail?is_public=True => generated 4262 bytes in 13 msecs (HTTP/1.1 200) 9 headers in 360 bytes (1 switches on core 0)
Aug 02 07:18:58.961878 np0000032144 devstack@n-api.service[68938]: DEBUG nova.api.openstack.wsgi [None req-36c9b3de-97d7-4c21-8f4d-b030d3ddf0f5 admin admin] Action: 'create', calling method: <bound method FlavorsController.create of <nova.api.openstack.compute.flavors.FlavorsController object at 0x74930ed5e300>>, body: {"flavor": {"os-flavor-access:is_public": true, "OS-FLV-EXT-DATA:ephemeral": 0, "vcpus": 1, "swap": 0, "rxtx_factor": 1.0, "ram": 1024, "disk": 5, "name": "manila-service-flavor", "id": "100"}} {{(pid=68938) _process_stack /opt/stack/nova/nova/api/openstack/wsgi.py:550}}
Aug 02 07:18:58.965555 np0000032144 devstack@n-api.service[68938]: DEBUG dbcounter [-] [68938] Writing DB stats nova_api:INSERT=10,nova_api:SELECT=21,nova_api:SAVEPOINT=5,nova_api:RELEASE=5 {{(pid=68938) stat_writer /opt/stack/data/venv/lib/python3.12/site-packages/dbcounter.py:115}}
Aug 02 07:18:58.974018 np0000032144 devstack@n-api.service[68938]: INFO nova.api.openstack.requestlog [None req-36c9b3de-97d7-4c21-8f4d-b030d3ddf0f5 admin admin] 192.168.1.122 "POST /compute/v2.1/flavors" status: 200 len: 429 microversion: 2.61 time: 0.013567
Aug 02 07:18:58.974290 np0000032144 devstack@n-api.service[68938]: [pid: 68938|app: 0|req: 13/26] 192.168.1.122 () {72 vars in 1408 bytes} [Sat Aug  2 07:18:58 2025] POST /compute/v2.1/flavors => generated 429 bytes in 14 msecs (HTTP/1.1 200) 9 headers in 359 bytes (1 switches on core 0)
Aug 02 07:19:25.868637 np0000032144 devstack@n-api.service[68937]: DEBUG nova.api.openstack.wsgi [None req-90726f2a-d9f4-4daa-b578-dece0350a251 admin admin] Calling method '<bound method KeypairController.index of <nova.api.openstack.compute.keypairs.KeypairController object at 0x74930ec0dac0>>' {{(pid=68937) _process_stack /opt/stack/nova/nova/api/openstack/wsgi.py:552}}
Aug 02 07:19:25.870556 np0000032144 devstack@n-api.service[68937]: WARNING oslo_db.sqlalchemy.utils [None req-90726f2a-d9f4-4daa-b578-dece0350a251 admin admin] Unique keys not in sort_keys. The sorting order may be unstable.
Aug 02 07:19:25.876528 np0000032144 devstack@n-api.service[68937]: INFO nova.api.openstack.requestlog [None req-90726f2a-d9f4-4daa-b578-dece0350a251 admin admin] 192.168.1.122 "GET /compute/v2.1/os-keypairs" status: 200 len: 16 microversion: 2.10 time: 0.009276
Aug 02 07:19:25.876832 np0000032144 devstack@n-api.service[68937]: [pid: 68937|app: 0|req: 14/27] 192.168.1.122 () {68 vars in 1379 bytes} [Sat Aug  2 07:19:25 2025] GET /compute/v2.1/os-keypairs => generated 16 bytes in 9 msecs (HTTP/1.1 200) 9 headers in 358 bytes (1 switches on core 0)
Aug 02 07:19:25.975290 np0000032144 devstack@n-api.service[68938]: DEBUG nova.api.openstack.wsgi [None req-236db10f-ade5-4c8f-8632-57e7583e5526 admin admin] Action: 'create', calling method: <bound method KeypairController.create of <nova.api.openstack.compute.keypairs.KeypairController object at 0x74930ec0d8e0>>, body: {"keypair": {"public_key": "ecdsa-sha2-nistp256 AAAAE2VjZHNhLXNoYTItbmlzdHAyNTYAAAAIbmlzdHAyNTYAAABBBKzPfcCyPSQ+MrOmEDQuP7X/WyGRo1j7mRFo+6fq+hM74nU41TkPSXse2Y8uAwD2yF9CZIswdnXiPA9oov2llKQ= stack@np0000032144\n", "name": "manila-service"}} {{(pid=68938) _process_stack /opt/stack/nova/nova/api/openstack/wsgi.py:550}}
Aug 02 07:19:25.990044 np0000032144 devstack@n-api.service[68938]: DEBUG nova.quota [None req-236db10f-ade5-4c8f-8632-57e7583e5526 admin admin] Getting quotas for project be6c969d80b5431fbb8dd256be8fec40. Resources: {'key_pairs'} {{(pid=68938) _get_quotas /opt/stack/nova/nova/quota.py:392}}
Aug 02 07:19:25.992775 np0000032144 devstack@n-api.service[68938]: DEBUG nova.quota [None req-236db10f-ade5-4c8f-8632-57e7583e5526 admin admin] Getting quotas for user 5c6391c92f164e9eae5524b86092a462 and project be6c969d80b5431fbb8dd256be8fec40. Resources: {'key_pairs'} {{(pid=68938) _get_quotas /opt/stack/nova/nova/quota.py:382}}
Aug 02 07:19:26.018583 np0000032144 devstack@n-api.service[68938]: INFO nova.api.openstack.requestlog [None req-236db10f-ade5-4c8f-8632-57e7583e5526 admin admin] 192.168.1.122 "POST /compute/v2.1/os-keypairs" status: 201 len: 366 microversion: 2.10 time: 0.044741
Aug 02 07:19:26.018860 np0000032144 devstack@n-api.service[68938]: [pid: 68938|app: 0|req: 14/28] 192.168.1.122 () {72 vars in 1420 bytes} [Sat Aug  2 07:19:25 2025] POST /compute/v2.1/os-keypairs => generated 366 bytes in 45 msecs (HTTP/1.1 201) 9 headers in 364 bytes (1 switches on core 0)
Aug 02 07:19:32.266849 np0000032144 devstack@n-api.service[68937]: DEBUG nova.api.openstack.wsgi [None req-f1c69e16-34cf-40d0-b8c3-595cb0f78d2f admin admin] Calling method '<bound method ServiceController.index of <nova.api.openstack.compute.services.ServiceController object at 0x74930ec4cf20>>' {{(pid=68937) _process_stack /opt/stack/nova/nova/api/openstack/wsgi.py:552}}
Aug 02 07:19:32.268543 np0000032144 devstack@n-api.service[68937]: DEBUG oslo_concurrency.lockutils [None req-f1c69e16-34cf-40d0-b8c3-595cb0f78d2f admin admin] Acquiring lock "00000000-0000-0000-0000-000000000000" by "nova.context.set_target_cell.<locals>.get_or_set_cached_cell_and_set_connections" {{(pid=68937) inner /opt/stack/data/venv/lib/python3.12/site-packages/oslo_concurrency/lockutils.py:405}}
Aug 02 07:19:32.268717 np0000032144 devstack@n-api.service[68937]: DEBUG oslo_concurrency.lockutils [None req-f1c69e16-34cf-40d0-b8c3-595cb0f78d2f admin admin] Lock "00000000-0000-0000-0000-000000000000" acquired by "nova.context.set_target_cell.<locals>.get_or_set_cached_cell_and_set_connections" :: waited 0.000s {{(pid=68937) inner /opt/stack/data/venv/lib/python3.12/site-packages/oslo_concurrency/lockutils.py:410}}
Aug 02 07:19:32.268845 np0000032144 devstack@n-api.service[68937]: DEBUG oslo_concurrency.lockutils [None req-f1c69e16-34cf-40d0-b8c3-595cb0f78d2f admin admin] Lock "00000000-0000-0000-0000-000000000000" "released" by "nova.context.set_target_cell.<locals>.get_or_set_cached_cell_and_set_connections" :: held 0.000s {{(pid=68937) inner /opt/stack/data/venv/lib/python3.12/site-packages/oslo_concurrency/lockutils.py:424}}
Aug 02 07:19:32.269230 np0000032144 devstack@n-api.service[68937]: DEBUG oslo_concurrency.lockutils [None req-f1c69e16-34cf-40d0-b8c3-595cb0f78d2f admin admin] Acquiring lock "12e80f2f-1762-4abd-89fd-cf96762ec443" by "nova.context.set_target_cell.<locals>.get_or_set_cached_cell_and_set_connections" {{(pid=68937) inner /opt/stack/data/venv/lib/python3.12/site-packages/oslo_concurrency/lockutils.py:405}}
Aug 02 07:19:32.269356 np0000032144 devstack@n-api.service[68937]: DEBUG oslo_concurrency.lockutils [None req-f1c69e16-34cf-40d0-b8c3-595cb0f78d2f admin admin] Lock "12e80f2f-1762-4abd-89fd-cf96762ec443" acquired by "nova.context.set_target_cell.<locals>.get_or_set_cached_cell_and_set_connections" :: waited 0.000s {{(pid=68937) inner /opt/stack/data/venv/lib/python3.12/site-packages/oslo_concurrency/lockutils.py:410}}
