Aug 04 07:55:38.065715 np0000032161 devstack@n-api.service[69012]: DEBUG oslo_concurrency.lockutils [None req-ffbfbb09-bee2-48d9-b288-2f20db2eba5c None None] Acquiring lock "a7cd7927-4995-4464-be58-a971c0b7be29" by "nova.context.set_target_cell.<locals>.get_or_set_cached_cell_and_set_connections" {{(pid=69012) inner /opt/stack/data/venv/lib/python3.12/site-packages/oslo_concurrency/lockutils.py:405}}
Aug 04 07:55:38.065871 np0000032161 devstack@n-api.service[69012]: DEBUG oslo_concurrency.lockutils [None req-ffbfbb09-bee2-48d9-b288-2f20db2eba5c None None] Lock "a7cd7927-4995-4464-be58-a971c0b7be29" acquired by "nova.context.set_target_cell.<locals>.get_or_set_cached_cell_and_set_connections" :: waited 0.000s {{(pid=69012) inner /opt/stack/data/venv/lib/python3.12/site-packages/oslo_concurrency/lockutils.py:410}}
Aug 04 07:55:38.066559 np0000032161 devstack@n-api.service[69012]: DEBUG oslo_concurrency.lockutils [None req-ffbfbb09-bee2-48d9-b288-2f20db2eba5c None None] Lock "a7cd7927-4995-4464-be58-a971c0b7be29" "released" by "nova.context.set_target_cell.<locals>.get_or_set_cached_cell_and_set_connections" :: held 0.001s {{(pid=69012) inner /opt/stack/data/venv/lib/python3.12/site-packages/oslo_concurrency/lockutils.py:424}}
Aug 04 07:55:38.067737 np0000032161 devstack@n-api.service[69012]: INFO dbcounter [None req-ffbfbb09-bee2-48d9-b288-2f20db2eba5c None None] Registered counter for database nova_cell0
Aug 04 07:55:38.069605 np0000032161 devstack@n-api.service[69012]: INFO dbcounter [None req-ffbfbb09-bee2-48d9-b288-2f20db2eba5c None None] Registered counter for database nova_cell1
Aug 04 07:55:38.072792 np0000032161 devstack@n-api.service[69012]: DEBUG oslo_db.sqlalchemy.engines [None req-ffbfbb09-bee2-48d9-b288-2f20db2eba5c None None] MySQL server mode set to STRICT_TRANS_TABLES,STRICT_ALL_TABLES,NO_ZERO_IN_DATE,NO_ZERO_DATE,ERROR_FOR_DIVISION_BY_ZERO,TRADITIONAL,NO_ENGINE_SUBSTITUTION {{(pid=69012) _check_effective_sql_mode /opt/stack/data/venv/lib/python3.12/site-packages/oslo_db/sqlalchemy/engines.py:397}}
Aug 04 07:55:38.074385 np0000032161 devstack@n-api.service[69012]: DEBUG oslo_db.sqlalchemy.engines [None req-ffbfbb09-bee2-48d9-b288-2f20db2eba5c None None] MySQL server mode set to STRICT_TRANS_TABLES,STRICT_ALL_TABLES,NO_ZERO_IN_DATE,NO_ZERO_DATE,ERROR_FOR_DIVISION_BY_ZERO,TRADITIONAL,NO_ENGINE_SUBSTITUTION {{(pid=69012) _check_effective_sql_mode /opt/stack/data/venv/lib/python3.12/site-packages/oslo_db/sqlalchemy/engines.py:397}}
Aug 04 07:55:38.076416 np0000032161 devstack@n-api.service[69011]: INFO dbcounter [None req-bc9dc92b-d433-47fb-8957-48124f47d152 None None] Registered counter for database nova_api
Aug 04 07:55:38.086631 np0000032161 devstack@n-api.service[69011]: DEBUG oslo_db.sqlalchemy.engines [None req-bc9dc92b-d433-47fb-8957-48124f47d152 None None] MySQL server mode set to STRICT_TRANS_TABLES,STRICT_ALL_TABLES,NO_ZERO_IN_DATE,NO_ZERO_DATE,ERROR_FOR_DIVISION_BY_ZERO,TRADITIONAL,NO_ENGINE_SUBSTITUTION {{(pid=69011) _check_effective_sql_mode /opt/stack/data/venv/lib/python3.12/site-packages/oslo_db/sqlalchemy/engines.py:397}}
Aug 04 07:55:38.110140 np0000032161 devstack@n-api.service[69011]: DEBUG dbcounter [-] [69011] Writer thread running {{(pid=69011) stat_writer /opt/stack/data/venv/lib/python3.12/site-packages/dbcounter.py:102}}
Aug 04 07:55:38.111803 np0000032161 devstack@n-api.service[69011]: DEBUG nova.context [None req-bc9dc92b-d433-47fb-8957-48124f47d152 None None] Found 2 cells: 00000000-0000-0000-0000-000000000000(cell0),a7cd7927-4995-4464-be58-a971c0b7be29(cell1) {{(pid=69011) load_cells /opt/stack/nova/nova/context.py:472}}
Aug 04 07:55:38.112014 np0000032161 devstack@n-api.service[69011]: INFO nova.utils [None req-bc9dc92b-d433-47fb-8957-48124f47d152 None None] The cell worker thread pool MainProcess.cell_worker is initialized
Aug 04 07:55:38.113455 np0000032161 devstack@n-api.service[69011]: DEBUG oslo_concurrency.lockutils [None req-bc9dc92b-d433-47fb-8957-48124f47d152 None None] Acquiring lock "00000000-0000-0000-0000-000000000000" by "nova.context.set_target_cell.<locals>.get_or_set_cached_cell_and_set_connections" {{(pid=69011) inner /opt/stack/data/venv/lib/python3.12/site-packages/oslo_concurrency/lockutils.py:405}}
Aug 04 07:55:38.113633 np0000032161 devstack@n-api.service[69011]: DEBUG oslo_concurrency.lockutils [None req-bc9dc92b-d433-47fb-8957-48124f47d152 None None] Lock "00000000-0000-0000-0000-000000000000" acquired by "nova.context.set_target_cell.<locals>.get_or_set_cached_cell_and_set_connections" :: waited 0.000s {{(pid=69011) inner /opt/stack/data/venv/lib/python3.12/site-packages/oslo_concurrency/lockutils.py:410}}
Aug 04 07:55:38.113961 np0000032161 devstack@n-api.service[69011]: DEBUG oslo_concurrency.lockutils [None req-bc9dc92b-d433-47fb-8957-48124f47d152 None None] Lock "00000000-0000-0000-0000-000000000000" "released" by "nova.context.set_target_cell.<locals>.get_or_set_cached_cell_and_set_connections" :: held 0.000s {{(pid=69011) inner /opt/stack/data/venv/lib/python3.12/site-packages/oslo_concurrency/lockutils.py:424}}
Aug 04 07:55:38.114303 np0000032161 devstack@n-api.service[69011]: DEBUG oslo_concurrency.lockutils [None req-bc9dc92b-d433-47fb-8957-48124f47d152 None None] Acquiring lock "a7cd7927-4995-4464-be58-a971c0b7be29" by "nova.context.set_target_cell.<locals>.get_or_set_cached_cell_and_set_connections" {{(pid=69011) inner /opt/stack/data/venv/lib/python3.12/site-packages/oslo_concurrency/lockutils.py:405}}
Aug 04 07:55:38.114436 np0000032161 devstack@n-api.service[69011]: DEBUG oslo_concurrency.lockutils [None req-bc9dc92b-d433-47fb-8957-48124f47d152 None None] Lock "a7cd7927-4995-4464-be58-a971c0b7be29" acquired by "nova.context.set_target_cell.<locals>.get_or_set_cached_cell_and_set_connections" :: waited 0.000s {{(pid=69011) inner /opt/stack/data/venv/lib/python3.12/site-packages/oslo_concurrency/lockutils.py:410}}
Aug 04 07:55:38.115147 np0000032161 devstack@n-api.service[69011]: DEBUG oslo_concurrency.lockutils [None req-bc9dc92b-d433-47fb-8957-48124f47d152 None None] Lock "a7cd7927-4995-4464-be58-a971c0b7be29" "released" by "nova.context.set_target_cell.<locals>.get_or_set_cached_cell_and_set_connections" :: held 0.001s {{(pid=69011) inner /opt/stack/data/venv/lib/python3.12/site-packages/oslo_concurrency/lockutils.py:424}}
Aug 04 07:55:38.116272 np0000032161 devstack@n-api.service[69011]: INFO dbcounter [None req-bc9dc92b-d433-47fb-8957-48124f47d152 None None] Registered counter for database nova_cell0
Aug 04 07:55:38.118120 np0000032161 devstack@n-api.service[69011]: INFO dbcounter [None req-bc9dc92b-d433-47fb-8957-48124f47d152 None None] Registered counter for database nova_cell1
Aug 04 07:55:38.122095 np0000032161 devstack@n-api.service[69011]: DEBUG oslo_db.sqlalchemy.engines [None req-bc9dc92b-d433-47fb-8957-48124f47d152 None None] MySQL server mode set to STRICT_TRANS_TABLES,STRICT_ALL_TABLES,NO_ZERO_IN_DATE,NO_ZERO_DATE,ERROR_FOR_DIVISION_BY_ZERO,TRADITIONAL,NO_ENGINE_SUBSTITUTION {{(pid=69011) _check_effective_sql_mode /opt/stack/data/venv/lib/python3.12/site-packages/oslo_db/sqlalchemy/engines.py:397}}
Aug 04 07:55:38.136448 np0000032161 devstack@n-api.service[69012]: DEBUG dbcounter [-] [69012] Writer thread running {{(pid=69012) stat_writer /opt/stack/data/venv/lib/python3.12/site-packages/dbcounter.py:102}}
Aug 04 07:55:38.140122 np0000032161 devstack@n-api.service[69012]: DEBUG dbcounter [-] [69012] Writer thread running {{(pid=69012) stat_writer /opt/stack/data/venv/lib/python3.12/site-packages/dbcounter.py:102}}
Aug 04 07:55:38.141933 np0000032161 devstack@n-api.service[69012]: INFO dbcounter [None req-ffbfbb09-bee2-48d9-b288-2f20db2eba5c None None] Registered counter for database nova_cell0
Aug 04 07:55:38.146734 np0000032161 devstack@n-api.service[69012]: DEBUG oslo_db.sqlalchemy.engines [None req-ffbfbb09-bee2-48d9-b288-2f20db2eba5c None None] MySQL server mode set to STRICT_TRANS_TABLES,STRICT_ALL_TABLES,NO_ZERO_IN_DATE,NO_ZERO_DATE,ERROR_FOR_DIVISION_BY_ZERO,TRADITIONAL,NO_ENGINE_SUBSTITUTION {{(pid=69012) _check_effective_sql_mode /opt/stack/data/venv/lib/python3.12/site-packages/oslo_db/sqlalchemy/engines.py:397}}
Aug 04 07:55:38.150251 np0000032161 devstack@n-api.service[69012]: DEBUG dbcounter [-] [69012] Writer thread running {{(pid=69012) stat_writer /opt/stack/data/venv/lib/python3.12/site-packages/dbcounter.py:102}}
Aug 04 07:55:38.182002 np0000032161 devstack@n-api.service[69011]: DEBUG dbcounter [-] [69011] Writer thread running {{(pid=69011) stat_writer /opt/stack/data/venv/lib/python3.12/site-packages/dbcounter.py:102}}
Aug 04 07:55:38.182266 np0000032161 devstack@n-api.service[69011]: DEBUG oslo_db.sqlalchemy.engines [None req-bc9dc92b-d433-47fb-8957-48124f47d152 None None] MySQL server mode set to STRICT_TRANS_TABLES,STRICT_ALL_TABLES,NO_ZERO_IN_DATE,NO_ZERO_DATE,ERROR_FOR_DIVISION_BY_ZERO,TRADITIONAL,NO_ENGINE_SUBSTITUTION {{(pid=69011) _check_effective_sql_mode /opt/stack/data/venv/lib/python3.12/site-packages/oslo_db/sqlalchemy/engines.py:397}}
Aug 04 07:55:38.185949 np0000032161 devstack@n-api.service[69011]: DEBUG dbcounter [-] [69011] Writer thread running {{(pid=69011) stat_writer /opt/stack/data/venv/lib/python3.12/site-packages/dbcounter.py:102}}
Aug 04 07:55:38.187886 np0000032161 devstack@n-api.service[69011]: INFO dbcounter [None req-bc9dc92b-d433-47fb-8957-48124f47d152 None None] Registered counter for database nova_cell0
Aug 04 07:55:38.192696 np0000032161 devstack@n-api.service[69011]: DEBUG oslo_db.sqlalchemy.engines [None req-bc9dc92b-d433-47fb-8957-48124f47d152 None None] MySQL server mode set to STRICT_TRANS_TABLES,STRICT_ALL_TABLES,NO_ZERO_IN_DATE,NO_ZERO_DATE,ERROR_FOR_DIVISION_BY_ZERO,TRADITIONAL,NO_ENGINE_SUBSTITUTION {{(pid=69011) _check_effective_sql_mode /opt/stack/data/venv/lib/python3.12/site-packages/oslo_db/sqlalchemy/engines.py:397}}
Aug 04 07:55:38.196236 np0000032161 devstack@n-api.service[69011]: DEBUG dbcounter [-] [69011] Writer thread running {{(pid=69011) stat_writer /opt/stack/data/venv/lib/python3.12/site-packages/dbcounter.py:102}}
Aug 04 07:55:38.504662 np0000032161 devstack@n-api.service[69012]: DEBUG oslo_concurrency.processutils [None req-ffbfbb09-bee2-48d9-b288-2f20db2eba5c None None] Running cmd (subprocess): grep -F node.session.scan /sbin/iscsiadm {{(pid=69012) execute /opt/stack/data/venv/lib/python3.12/site-packages/oslo_concurrency/processutils.py:349}}
Aug 04 07:55:38.512930 np0000032161 devstack@n-api.service[69012]: DEBUG oslo_concurrency.processutils [None req-ffbfbb09-bee2-48d9-b288-2f20db2eba5c None None] CMD "grep -F node.session.scan /sbin/iscsiadm" returned: 0 in 0.008s {{(pid=69012) execute /opt/stack/data/venv/lib/python3.12/site-packages/oslo_concurrency/processutils.py:372}}
Aug 04 07:55:38.521582 np0000032161 devstack@n-api.service[69011]: DEBUG oslo_concurrency.processutils [None req-bc9dc92b-d433-47fb-8957-48124f47d152 None None] Running cmd (subprocess): grep -F node.session.scan /sbin/iscsiadm {{(pid=69011) execute /opt/stack/data/venv/lib/python3.12/site-packages/oslo_concurrency/processutils.py:349}}
Aug 04 07:55:38.530635 np0000032161 devstack@n-api.service[69011]: DEBUG oslo_concurrency.processutils [None req-bc9dc92b-d433-47fb-8957-48124f47d152 None None] CMD "grep -F node.session.scan /sbin/iscsiadm" returned: 0 in 0.009s {{(pid=69011) execute /opt/stack/data/venv/lib/python3.12/site-packages/oslo_concurrency/processutils.py:372}}
Aug 04 07:55:38.806834 np0000032161 devstack@n-api.service[69011]: WARNING keystonemiddleware.auth_token [None req-bc9dc92b-d433-47fb-8957-48124f47d152 None None] AuthToken middleware is set with keystone_authtoken.service_token_roles_required set to False. This is backwards compatible but deprecated behaviour. Please set this to True.
Aug 04 07:55:38.807108 np0000032161 devstack@n-api.service[69012]: WARNING keystonemiddleware.auth_token [None req-ffbfbb09-bee2-48d9-b288-2f20db2eba5c None None] AuthToken middleware is set with keystone_authtoken.service_token_roles_required set to False. This is backwards compatible but deprecated behaviour. Please set this to True.
Aug 04 07:55:38.810209 np0000032161 devstack@n-api.service[69011]: WARNING keystonemiddleware.auth_token [None req-bc9dc92b-d433-47fb-8957-48124f47d152 None None] Configuring www_authenticate_uri to point to the public identity endpoint is required; clients may not be able to authenticate against an admin endpoint
Aug 04 07:55:38.810413 np0000032161 devstack@n-api.service[69012]: WARNING keystonemiddleware.auth_token [None req-ffbfbb09-bee2-48d9-b288-2f20db2eba5c None None] Configuring www_authenticate_uri to point to the public identity endpoint is required; clients may not be able to authenticate against an admin endpoint
Aug 04 07:55:38.963923 np0000032161 devstack@n-api.service[69011]: WARNING keystonemiddleware.auth_token [None req-bc9dc92b-d433-47fb-8957-48124f47d152 None None] AuthToken middleware is set with keystone_authtoken.service_token_roles_required set to False. This is backwards compatible but deprecated behaviour. Please set this to True.
Aug 04 07:55:38.964231 np0000032161 devstack@n-api.service[69012]: WARNING keystonemiddleware.auth_token [None req-ffbfbb09-bee2-48d9-b288-2f20db2eba5c None None] AuthToken middleware is set with keystone_authtoken.service_token_roles_required set to False. This is backwards compatible but deprecated behaviour. Please set this to True.
Aug 04 07:55:38.966401 np0000032161 devstack@n-api.service[69011]: WARNING keystonemiddleware.auth_token [None req-bc9dc92b-d433-47fb-8957-48124f47d152 None None] Configuring www_authenticate_uri to point to the public identity endpoint is required; clients may not be able to authenticate against an admin endpoint
Aug 04 07:55:38.966684 np0000032161 devstack@n-api.service[69012]: WARNING keystonemiddleware.auth_token [None req-ffbfbb09-bee2-48d9-b288-2f20db2eba5c None None] Configuring www_authenticate_uri to point to the public identity endpoint is required; clients may not be able to authenticate against an admin endpoint
Aug 04 07:55:38.968256 np0000032161 devstack@n-api.service[69011]: WSGI app 0 (mountpoint='') ready in 2 seconds on interpreter 0x71c8000a39e8 pid: 69011 (default app)
Aug 04 07:55:38.968520 np0000032161 devstack@n-api.service[69012]: WSGI app 0 (mountpoint='') ready in 2 seconds on interpreter 0x71c8000a39e8 pid: 69012 (default app)
Aug 04 07:55:38.969164 np0000032161 devstack@n-api.service[69011]: DEBUG nova.api.openstack.wsgi [None req-bc9dc92b-d433-47fb-8957-48124f47d152 None None] Calling method '<bound method VersionsV2.index of <nova.api.openstack.compute.versions.VersionsV2 object at 0x71c7f96204d0>>' {{(pid=69011) _process_stack /opt/stack/nova/nova/api/openstack/wsgi.py:552}}
Aug 04 07:55:38.971693 np0000032161 devstack@n-api.service[69011]: INFO nova.api.openstack.requestlog [None req-bc9dc92b-d433-47fb-8957-48124f47d152 None None] 192.168.1.126 "GET /compute/v2.1/" status: 200 len: 391 microversion: 2.1 time: 0.002750
Aug 04 07:55:38.971879 np0000032161 devstack@n-api.service[69011]: [pid: 69011|app: 0|req: 1/1] 192.168.1.126 () {50 vars in 771 bytes} [Mon Aug  4 07:55:38 2025] GET /compute/v2.1/ => generated 391 bytes in 3 msecs (HTTP/1.1 200) 9 headers in 357 bytes (1 switches on core 0)
Aug 04 07:56:13.336022 np0000032161 devstack@n-api.service[69012]: DEBUG nova.api.openstack.wsgi [None req-ffbfbb09-bee2-48d9-b288-2f20db2eba5c None None] Calling method '<bound method VersionsV2.index of <nova.api.openstack.compute.versions.VersionsV2 object at 0x71c7fa367710>>' {{(pid=69012) _process_stack /opt/stack/nova/nova/api/openstack/wsgi.py:552}}
Aug 04 07:56:13.338731 np0000032161 devstack@n-api.service[69012]: INFO nova.api.openstack.requestlog [None req-ffbfbb09-bee2-48d9-b288-2f20db2eba5c None None] 192.168.1.126 "GET /compute/v2.1" status: 200 len: 392 microversion: 2.1 time: 0.003016
Aug 04 07:56:13.338918 np0000032161 devstack@n-api.service[69012]: [pid: 69012|app: 0|req: 1/2] 192.168.1.126 () {62 vars in 1056 bytes} [Mon Aug  4 07:56:13 2025] GET /compute/v2.1 => generated 392 bytes in 4 msecs (HTTP/1.1 200) 9 headers in 357 bytes (1 switches on core 0)
Aug 04 07:56:13.348379 np0000032161 devstack@n-api.service[69011]: DEBUG dbcounter [-] [69011] Writing DB stats nova_api:SELECT=1 {{(pid=69011) stat_writer /opt/stack/data/venv/lib/python3.12/site-packages/dbcounter.py:115}}
Aug 04 07:56:13.348379 np0000032161 devstack@n-api.service[69011]: DEBUG dbcounter [-] [69011] Writing DB stats nova_cell0:SELECT=1 {{(pid=69011) stat_writer /opt/stack/data/venv/lib/python3.12/site-packages/dbcounter.py:115}}
Aug 04 07:56:13.348691 np0000032161 devstack@n-api.service[69011]: DEBUG dbcounter [-] [69011] Writing DB stats nova_cell1:SELECT=1 {{(pid=69011) stat_writer /opt/stack/data/venv/lib/python3.12/site-packages/dbcounter.py:115}}
Aug 04 07:56:13.348751 np0000032161 devstack@n-api.service[69011]: DEBUG dbcounter [-] [69011] Writing DB stats nova_cell0:SELECT=1 {{(pid=69011) stat_writer /opt/stack/data/venv/lib/python3.12/site-packages/dbcounter.py:115}}
Aug 04 07:56:13.455842 np0000032161 devstack@n-api.service[69011]: DEBUG nova.api.openstack.wsgi [None req-a6ab76bc-1433-40de-a119-cbf400977954 admin admin] Calling method '<bound method FlavorsController.detail of <nova.api.openstack.compute.flavors.FlavorsController object at 0x71c7f9001880>>' {{(pid=69011) _process_stack /opt/stack/nova/nova/api/openstack/wsgi.py:552}}
Aug 04 07:56:13.471626 np0000032161 devstack@n-api.service[69011]: INFO nova.api.openstack.requestlog [None req-a6ab76bc-1433-40de-a119-cbf400977954 admin admin] 192.168.1.126 "GET /compute/v2.1/flavors/detail?is_public=True" status: 200 len: 15 microversion: 2.61 time: 0.127195
Aug 04 07:56:13.471862 np0000032161 devstack@n-api.service[69011]: [pid: 69011|app: 0|req: 2/3] 192.168.1.126 () {68 vars in 1417 bytes} [Mon Aug  4 07:56:13 2025] GET /compute/v2.1/flavors/detail?is_public=True => generated 15 bytes in 127 msecs (HTTP/1.1 200) 9 headers in 358 bytes (1 switches on core 0)
Aug 04 07:56:13.614943 np0000032161 devstack@n-api.service[69012]: DEBUG nova.api.openstack.wsgi [None req-429d35ff-e08c-4491-88dc-ad1802113e00 admin admin] Action: 'create', calling method: <bound method FlavorsController.create of <nova.api.openstack.compute.flavors.FlavorsController object at 0x71c7f900eba0>>, body: {"flavor": {"ram": 256, "vcpus": 1, "name": "cirros256", "os-flavor-access:is_public": true, "disk": 1, "id": "c1", "OS-FLV-EXT-DATA:ephemeral": 0, "swap": 0, "rxtx_factor": 1.0}} {{(pid=69012) _process_stack /opt/stack/nova/nova/api/openstack/wsgi.py:550}}
Aug 04 07:56:13.623378 np0000032161 devstack@n-api.service[69012]: DEBUG dbcounter [-] [69012] Writing DB stats nova_api:SELECT=1 {{(pid=69012) stat_writer /opt/stack/data/venv/lib/python3.12/site-packages/dbcounter.py:115}}
Aug 04 07:56:13.623895 np0000032161 devstack@n-api.service[69012]: DEBUG dbcounter [-] [69012] Writing DB stats nova_cell1:SELECT=1 {{(pid=69012) stat_writer /opt/stack/data/venv/lib/python3.12/site-packages/dbcounter.py:115}}
Aug 04 07:56:13.624234 np0000032161 devstack@n-api.service[69012]: DEBUG dbcounter [-] [69012] Writing DB stats nova_cell0:SELECT=1 {{(pid=69012) stat_writer /opt/stack/data/venv/lib/python3.12/site-packages/dbcounter.py:115}}
Aug 04 07:56:13.624523 np0000032161 devstack@n-api.service[69012]: DEBUG dbcounter [-] [69012] Writing DB stats nova_cell0:SELECT=2,nova_cell0:INSERT=1 {{(pid=69012) stat_writer /opt/stack/data/venv/lib/python3.12/site-packages/dbcounter.py:115}}
Aug 04 07:56:13.648180 np0000032161 devstack@n-api.service[69012]: INFO nova.api.openstack.requestlog [None req-429d35ff-e08c-4491-88dc-ad1802113e00 admin admin] 192.168.1.126 "POST /compute/v2.1/flavors" status: 200 len: 413 microversion: 2.61 time: 0.092533
Aug 04 07:56:13.648511 np0000032161 devstack@n-api.service[69012]: [pid: 69012|app: 0|req: 2/4] 192.168.1.126 () {72 vars in 1408 bytes} [Mon Aug  4 07:56:13 2025] POST /compute/v2.1/flavors => generated 413 bytes in 93 msecs (HTTP/1.1 200) 9 headers in 359 bytes (1 switches on core 0)
Aug 04 07:56:13.656755 np0000032161 devstack@n-api.service[69011]: DEBUG nova.api.openstack.wsgi [None req-a48ea8ea-287c-48fb-b104-99d71f9e2806 admin admin] Action: 'create', calling method: <bound method FlavorExtraSpecsController.create of <nova.api.openstack.compute.flavors_extraspecs.FlavorExtraSpecsController object at 0x71c7f9001fd0>>, body: {"extra_specs": {"hw_rng:allowed": "True"}} {{(pid=69011) _process_stack /opt/stack/nova/nova/api/openstack/wsgi.py:550}}
Aug 04 07:56:13.680950 np0000032161 devstack@n-api.service[69011]: INFO nova.api.openstack.requestlog [None req-a48ea8ea-287c-48fb-b104-99d71f9e2806 admin admin] 192.168.1.126 "POST /compute/v2.1/flavors/c1/os-extra_specs" status: 200 len: 43 microversion: 2.61 time: 0.025795
Aug 04 07:56:13.681296 np0000032161 devstack@n-api.service[69011]: [pid: 69011|app: 0|req: 3/5] 192.168.1.126 () {72 vars in 1461 bytes} [Mon Aug  4 07:56:13 2025] POST /compute/v2.1/flavors/c1/os-extra_specs => generated 43 bytes in 26 msecs (HTTP/1.1 200) 9 headers in 358 bytes (1 switches on core 0)
Aug 04 07:56:13.767036 np0000032161 devstack@n-api.service[69012]: DEBUG nova.api.openstack.wsgi [None req-59e447ff-8971-4c71-88d9-3a5b205dcff8 admin admin] Action: 'create', calling method: <bound method FlavorsController.create of <nova.api.openstack.compute.flavors.FlavorsController object at 0x71c7f900eba0>>, body: {"flavor": {"ram": 512, "vcpus": 1, "name": "ds512M", "os-flavor-access:is_public": true, "disk": 5, "id": "d1", "OS-FLV-EXT-DATA:ephemeral": 0, "swap": 0, "rxtx_factor": 1.0}} {{(pid=69012) _process_stack /opt/stack/nova/nova/api/openstack/wsgi.py:550}}
Aug 04 07:56:13.778237 np0000032161 devstack@n-api.service[69012]: INFO nova.api.openstack.requestlog [None req-59e447ff-8971-4c71-88d9-3a5b205dcff8 admin admin] 192.168.1.126 "POST /compute/v2.1/flavors" status: 200 len: 410 microversion: 2.61 time: 0.015117
Aug 04 07:56:13.778635 np0000032161 devstack@n-api.service[69012]: [pid: 69012|app: 0|req: 3/6] 192.168.1.126 () {72 vars in 1408 bytes} [Mon Aug  4 07:56:13 2025] POST /compute/v2.1/flavors => generated 410 bytes in 15 msecs (HTTP/1.1 200) 9 headers in 359 bytes (1 switches on core 0)
Aug 04 07:56:13.787561 np0000032161 devstack@n-api.service[69011]: DEBUG nova.api.openstack.wsgi [None req-e8cd3820-601d-4a98-8c14-eac24e631c22 admin admin] Action: 'create', calling method: <bound method FlavorExtraSpecsController.create of <nova.api.openstack.compute.flavors_extraspecs.FlavorExtraSpecsController object at 0x71c7f9001fd0>>, body: {"extra_specs": {"hw_rng:allowed": "True"}} {{(pid=69011) _process_stack /opt/stack/nova/nova/api/openstack/wsgi.py:550}}
Aug 04 07:56:13.801813 np0000032161 devstack@n-api.service[69011]: INFO nova.api.openstack.requestlog [None req-e8cd3820-601d-4a98-8c14-eac24e631c22 admin admin] 192.168.1.126 "POST /compute/v2.1/flavors/d1/os-extra_specs" status: 200 len: 43 microversion: 2.61 time: 0.015859
Aug 04 07:56:13.802084 np0000032161 devstack@n-api.service[69011]: [pid: 69011|app: 0|req: 4/7] 192.168.1.126 () {72 vars in 1461 bytes} [Mon Aug  4 07:56:13 2025] POST /compute/v2.1/flavors/d1/os-extra_specs => generated 43 bytes in 16 msecs (HTTP/1.1 200) 9 headers in 358 bytes (1 switches on core 0)
Aug 04 07:56:13.895389 np0000032161 devstack@n-api.service[69012]: DEBUG nova.api.openstack.wsgi [None req-e2e6195d-cf19-4268-a5c4-bd32c4b5e6f3 admin admin] Action: 'create', calling method: <bound method FlavorsController.create of <nova.api.openstack.compute.flavors.FlavorsController object at 0x71c7f900eba0>>, body: {"flavor": {"ram": 1024, "vcpus": 1, "name": "ds1G", "os-flavor-access:is_public": true, "disk": 10, "id": "d2", "OS-FLV-EXT-DATA:ephemeral": 0, "swap": 0, "rxtx_factor": 1.0}} {{(pid=69012) _process_stack /opt/stack/nova/nova/api/openstack/wsgi.py:550}}
Aug 04 07:56:13.909388 np0000032161 devstack@n-api.service[69012]: INFO nova.api.openstack.requestlog [None req-e2e6195d-cf19-4268-a5c4-bd32c4b5e6f3 admin admin] 192.168.1.126 "POST /compute/v2.1/flavors" status: 200 len: 410 microversion: 2.61 time: 0.015801
Aug 04 07:56:13.909632 np0000032161 devstack@n-api.service[69012]: [pid: 69012|app: 0|req: 4/8] 192.168.1.126 () {72 vars in 1408 bytes} [Mon Aug  4 07:56:13 2025] POST /compute/v2.1/flavors => generated 410 bytes in 16 msecs (HTTP/1.1 200) 9 headers in 359 bytes (1 switches on core 0)
Aug 04 07:56:13.921104 np0000032161 devstack@n-api.service[69011]: DEBUG nova.api.openstack.wsgi [None req-eb03f465-7283-430b-a82a-236b764fd404 admin admin] Action: 'create', calling method: <bound method FlavorExtraSpecsController.create of <nova.api.openstack.compute.flavors_extraspecs.FlavorExtraSpecsController object at 0x71c7f9001fd0>>, body: {"extra_specs": {"hw_rng:allowed": "True"}} {{(pid=69011) _process_stack /opt/stack/nova/nova/api/openstack/wsgi.py:550}}
Aug 04 07:56:13.933785 np0000032161 devstack@n-api.service[69011]: INFO nova.api.openstack.requestlog [None req-eb03f465-7283-430b-a82a-236b764fd404 admin admin] 192.168.1.126 "POST /compute/v2.1/flavors/d2/os-extra_specs" status: 200 len: 43 microversion: 2.61 time: 0.013757
Aug 04 07:56:13.933785 np0000032161 devstack@n-api.service[69011]: [pid: 69011|app: 0|req: 5/9] 192.168.1.126 () {72 vars in 1461 bytes} [Mon Aug  4 07:56:13 2025] POST /compute/v2.1/flavors/d2/os-extra_specs => generated 43 bytes in 14 msecs (HTTP/1.1 200) 9 headers in 358 bytes (1 switches on core 0)
Aug 04 07:56:14.018553 np0000032161 devstack@n-api.service[69012]: DEBUG nova.api.openstack.wsgi [None req-9e40eacc-e2cf-4777-ab8f-a38179e70650 admin admin] Action: 'create', calling method: <bound method FlavorsController.create of <nova.api.openstack.compute.flavors.FlavorsController object at 0x71c7f900eba0>>, body: {"flavor": {"ram": 2048, "vcpus": 2, "name": "ds2G", "os-flavor-access:is_public": true, "disk": 10, "id": "d3", "OS-FLV-EXT-DATA:ephemeral": 0, "swap": 0, "rxtx_factor": 1.0}} {{(pid=69012) _process_stack /opt/stack/nova/nova/api/openstack/wsgi.py:550}}
Aug 04 07:56:14.031507 np0000032161 devstack@n-api.service[69012]: INFO nova.api.openstack.requestlog [None req-9e40eacc-e2cf-4777-ab8f-a38179e70650 admin admin] 192.168.1.126 "POST /compute/v2.1/flavors" status: 200 len: 410 microversion: 2.61 time: 0.014477
Aug 04 07:56:14.031782 np0000032161 devstack@n-api.service[69012]: [pid: 69012|app: 0|req: 5/10] 192.168.1.126 () {72 vars in 1408 bytes} [Mon Aug  4 07:56:14 2025] POST /compute/v2.1/flavors => generated 410 bytes in 15 msecs (HTTP/1.1 200) 9 headers in 359 bytes (1 switches on core 0)
Aug 04 07:56:14.039608 np0000032161 devstack@n-api.service[69011]: DEBUG nova.api.openstack.wsgi [None req-b40fac5d-6457-4cd7-a424-bbeb90be8a9c admin admin] Action: 'create', calling method: <bound method FlavorExtraSpecsController.create of <nova.api.openstack.compute.flavors_extraspecs.FlavorExtraSpecsController object at 0x71c7f9001fd0>>, body: {"extra_specs": {"hw_rng:allowed": "True"}} {{(pid=69011) _process_stack /opt/stack/nova/nova/api/openstack/wsgi.py:550}}
Aug 04 07:56:14.052470 np0000032161 devstack@n-api.service[69011]: INFO nova.api.openstack.requestlog [None req-b40fac5d-6457-4cd7-a424-bbeb90be8a9c admin admin] 192.168.1.126 "POST /compute/v2.1/flavors/d3/os-extra_specs" status: 200 len: 43 microversion: 2.61 time: 0.014325
Aug 04 07:56:14.052715 np0000032161 devstack@n-api.service[69011]: [pid: 69011|app: 0|req: 6/11] 192.168.1.126 () {72 vars in 1461 bytes} [Mon Aug  4 07:56:14 2025] POST /compute/v2.1/flavors/d3/os-extra_specs => generated 43 bytes in 15 msecs (HTTP/1.1 200) 9 headers in 358 bytes (1 switches on core 0)
Aug 04 07:56:14.139820 np0000032161 devstack@n-api.service[69012]: DEBUG nova.api.openstack.wsgi [None req-8be9828f-9639-4dd3-a3fa-568d4d287ac6 admin admin] Action: 'create', calling method: <bound method FlavorsController.create of <nova.api.openstack.compute.flavors.FlavorsController object at 0x71c7f900eba0>>, body: {"flavor": {"ram": 4096, "vcpus": 4, "name": "ds4G", "os-flavor-access:is_public": true, "disk": 20, "id": "d4", "OS-FLV-EXT-DATA:ephemeral": 0, "swap": 0, "rxtx_factor": 1.0}} {{(pid=69012) _process_stack /opt/stack/nova/nova/api/openstack/wsgi.py:550}}
Aug 04 07:56:14.156867 np0000032161 devstack@n-api.service[69012]: INFO nova.api.openstack.requestlog [None req-8be9828f-9639-4dd3-a3fa-568d4d287ac6 admin admin] 192.168.1.126 "POST /compute/v2.1/flavors" status: 200 len: 410 microversion: 2.61 time: 0.018877
Aug 04 07:56:14.157359 np0000032161 devstack@n-api.service[69012]: [pid: 69012|app: 0|req: 6/12] 192.168.1.126 () {72 vars in 1408 bytes} [Mon Aug  4 07:56:14 2025] POST /compute/v2.1/flavors => generated 410 bytes in 19 msecs (HTTP/1.1 200) 9 headers in 359 bytes (1 switches on core 0)
Aug 04 07:56:14.167531 np0000032161 devstack@n-api.service[69011]: DEBUG nova.api.openstack.wsgi [None req-bef5970c-0dc5-4aa6-ae43-19d216ee351a admin admin] Action: 'create', calling method: <bound method FlavorExtraSpecsController.create of <nova.api.openstack.compute.flavors_extraspecs.FlavorExtraSpecsController object at 0x71c7f9001fd0>>, body: {"extra_specs": {"hw_rng:allowed": "True"}} {{(pid=69011) _process_stack /opt/stack/nova/nova/api/openstack/wsgi.py:550}}
Aug 04 07:56:14.183359 np0000032161 devstack@n-api.service[69011]: INFO nova.api.openstack.requestlog [None req-bef5970c-0dc5-4aa6-ae43-19d216ee351a admin admin] 192.168.1.126 "POST /compute/v2.1/flavors/d4/os-extra_specs" status: 200 len: 43 microversion: 2.61 time: 0.017436
Aug 04 07:56:14.184541 np0000032161 devstack@n-api.service[69011]: [pid: 69011|app: 0|req: 7/13] 192.168.1.126 () {72 vars in 1461 bytes} [Mon Aug  4 07:56:14 2025] POST /compute/v2.1/flavors/d4/os-extra_specs => generated 43 bytes in 18 msecs (HTTP/1.1 200) 9 headers in 358 bytes (1 switches on core 0)
Aug 04 07:56:14.265648 np0000032161 devstack@n-api.service[69012]: DEBUG nova.api.openstack.wsgi [None req-a0e674fe-f871-4c61-9e26-f838cfa159de admin admin] Calling method '<bound method FlavorsController.detail of <nova.api.openstack.compute.flavors.FlavorsController object at 0x71c7f900ecf0>>' {{(pid=69012) _process_stack /opt/stack/nova/nova/api/openstack/wsgi.py:552}}
Aug 04 07:56:14.282133 np0000032161 devstack@n-api.service[69012]: INFO nova.api.openstack.requestlog [None req-a0e674fe-f871-4c61-9e26-f838cfa159de admin admin] 192.168.1.126 "GET /compute/v2.1/flavors/detail?is_public=True" status: 200 len: 2136 microversion: 2.61 time: 0.017606
Aug 04 07:56:14.282436 np0000032161 devstack@n-api.service[69012]: [pid: 69012|app: 0|req: 7/14] 192.168.1.126 () {68 vars in 1417 bytes} [Mon Aug  4 07:56:14 2025] GET /compute/v2.1/flavors/detail?is_public=True => generated 2136 bytes in 18 msecs (HTTP/1.1 200) 9 headers in 360 bytes (1 switches on core 0)
Aug 04 07:56:14.362746 np0000032161 devstack@n-api.service[69011]: DEBUG nova.api.openstack.wsgi [None req-424a64f4-e25f-4355-b48c-7a981487a95b admin admin] Action: 'create', calling method: <bound method FlavorsController.create of <nova.api.openstack.compute.flavors.FlavorsController object at 0x71c7f9001730>>, body: {"flavor": {"ram": 512, "vcpus": 1, "name": "m1.tiny", "os-flavor-access:is_public": true, "disk": 1, "id": "1", "OS-FLV-EXT-DATA:ephemeral": 0, "swap": 0, "rxtx_factor": 1.0}} {{(pid=69011) _process_stack /opt/stack/nova/nova/api/openstack/wsgi.py:550}}
Aug 04 07:56:14.383264 np0000032161 devstack@n-api.service[69011]: INFO nova.api.openstack.requestlog [None req-424a64f4-e25f-4355-b48c-7a981487a95b admin admin] 192.168.1.126 "POST /compute/v2.1/flavors" status: 200 len: 408 microversion: 2.61 time: 0.021924
Aug 04 07:56:14.383510 np0000032161 devstack@n-api.service[69011]: [pid: 69011|app: 0|req: 8/15] 192.168.1.126 () {72 vars in 1408 bytes} [Mon Aug  4 07:56:14 2025] POST /compute/v2.1/flavors => generated 408 bytes in 22 msecs (HTTP/1.1 200) 9 headers in 359 bytes (1 switches on core 0)
Aug 04 07:56:14.391604 np0000032161 devstack@n-api.service[69012]: DEBUG nova.api.openstack.wsgi [None req-45ec36c7-ef7b-405c-a2fe-9b5a40e46314 admin admin] Action: 'create', calling method: <bound method FlavorExtraSpecsController.create of <nova.api.openstack.compute.flavors_extraspecs.FlavorExtraSpecsController object at 0x71c7f900f440>>, body: {"extra_specs": {"hw_rng:allowed": "True"}} {{(pid=69012) _process_stack /opt/stack/nova/nova/api/openstack/wsgi.py:550}}
Aug 04 07:56:14.410240 np0000032161 devstack@n-api.service[69012]: INFO nova.api.openstack.requestlog [None req-45ec36c7-ef7b-405c-a2fe-9b5a40e46314 admin admin] 192.168.1.126 "POST /compute/v2.1/flavors/1/os-extra_specs" status: 200 len: 43 microversion: 2.61 time: 0.020144
Aug 04 07:56:14.410594 np0000032161 devstack@n-api.service[69012]: [pid: 69012|app: 0|req: 8/16] 192.168.1.126 () {72 vars in 1458 bytes} [Mon Aug  4 07:56:14 2025] POST /compute/v2.1/flavors/1/os-extra_specs => generated 43 bytes in 20 msecs (HTTP/1.1 200) 9 headers in 358 bytes (1 switches on core 0)
Aug 04 07:56:14.488501 np0000032161 devstack@n-api.service[69011]: DEBUG nova.api.openstack.wsgi [None req-38a559af-8b2d-48f6-ba1e-6843c49b0bfe admin admin] Action: 'create', calling method: <bound method FlavorsController.create of <nova.api.openstack.compute.flavors.FlavorsController object at 0x71c7f9001730>>, body: {"flavor": {"ram": 2048, "vcpus": 1, "name": "m1.small", "os-flavor-access:is_public": true, "disk": 20, "id": "2", "OS-FLV-EXT-DATA:ephemeral": 0, "swap": 0, "rxtx_factor": 1.0}} {{(pid=69011) _process_stack /opt/stack/nova/nova/api/openstack/wsgi.py:550}}
Aug 04 07:56:14.499266 np0000032161 devstack@n-api.service[69011]: INFO nova.api.openstack.requestlog [None req-38a559af-8b2d-48f6-ba1e-6843c49b0bfe admin admin] 192.168.1.126 "POST /compute/v2.1/flavors" status: 200 len: 411 microversion: 2.61 time: 0.012152
Aug 04 07:56:14.499540 np0000032161 devstack@n-api.service[69011]: [pid: 69011|app: 0|req: 9/17] 192.168.1.126 () {72 vars in 1408 bytes} [Mon Aug  4 07:56:14 2025] POST /compute/v2.1/flavors => generated 411 bytes in 13 msecs (HTTP/1.1 200) 9 headers in 359 bytes (1 switches on core 0)
Aug 04 07:56:14.507276 np0000032161 devstack@n-api.service[69012]: DEBUG nova.api.openstack.wsgi [None req-59e4b290-9c07-4e81-8bae-4e7251d98663 admin admin] Action: 'create', calling method: <bound method FlavorExtraSpecsController.create of <nova.api.openstack.compute.flavors_extraspecs.FlavorExtraSpecsController object at 0x71c7f900f440>>, body: {"extra_specs": {"hw_rng:allowed": "True"}} {{(pid=69012) _process_stack /opt/stack/nova/nova/api/openstack/wsgi.py:550}}
Aug 04 07:56:14.519154 np0000032161 devstack@n-api.service[69012]: INFO nova.api.openstack.requestlog [None req-59e4b290-9c07-4e81-8bae-4e7251d98663 admin admin] 192.168.1.126 "POST /compute/v2.1/flavors/2/os-extra_specs" status: 200 len: 43 microversion: 2.61 time: 0.013345
Aug 04 07:56:14.519408 np0000032161 devstack@n-api.service[69012]: [pid: 69012|app: 0|req: 9/18] 192.168.1.126 () {72 vars in 1458 bytes} [Mon Aug  4 07:56:14 2025] POST /compute/v2.1/flavors/2/os-extra_specs => generated 43 bytes in 14 msecs (HTTP/1.1 200) 9 headers in 358 bytes (1 switches on core 0)
Aug 04 07:56:14.596804 np0000032161 devstack@n-api.service[69011]: DEBUG nova.api.openstack.wsgi [None req-f424f8fb-d0c1-43ad-b638-39ecf87bc9a0 admin admin] Action: 'create', calling method: <bound method FlavorsController.create of <nova.api.openstack.compute.flavors.FlavorsController object at 0x71c7f9001730>>, body: {"flavor": {"ram": 4096, "vcpus": 2, "name": "m1.medium", "os-flavor-access:is_public": true, "disk": 40, "id": "3", "OS-FLV-EXT-DATA:ephemeral": 0, "swap": 0, "rxtx_factor": 1.0}} {{(pid=69011) _process_stack /opt/stack/nova/nova/api/openstack/wsgi.py:550}}
Aug 04 07:56:14.608309 np0000032161 devstack@n-api.service[69011]: INFO nova.api.openstack.requestlog [None req-f424f8fb-d0c1-43ad-b638-39ecf87bc9a0 admin admin] 192.168.1.126 "POST /compute/v2.1/flavors" status: 200 len: 412 microversion: 2.61 time: 0.012953
Aug 04 07:56:14.608662 np0000032161 devstack@n-api.service[69011]: [pid: 69011|app: 0|req: 10/19] 192.168.1.126 () {72 vars in 1408 bytes} [Mon Aug  4 07:56:14 2025] POST /compute/v2.1/flavors => generated 412 bytes in 13 msecs (HTTP/1.1 200) 9 headers in 359 bytes (1 switches on core 0)
Aug 04 07:56:14.616451 np0000032161 devstack@n-api.service[69012]: DEBUG nova.api.openstack.wsgi [None req-40141553-3ae0-4fdb-b6eb-33221f29d839 admin admin] Action: 'create', calling method: <bound method FlavorExtraSpecsController.create of <nova.api.openstack.compute.flavors_extraspecs.FlavorExtraSpecsController object at 0x71c7f900f440>>, body: {"extra_specs": {"hw_rng:allowed": "True"}} {{(pid=69012) _process_stack /opt/stack/nova/nova/api/openstack/wsgi.py:550}}
Aug 04 07:56:14.628861 np0000032161 devstack@n-api.service[69012]: INFO nova.api.openstack.requestlog [None req-40141553-3ae0-4fdb-b6eb-33221f29d839 admin admin] 192.168.1.126 "POST /compute/v2.1/flavors/3/os-extra_specs" status: 200 len: 43 microversion: 2.61 time: 0.013897
Aug 04 07:56:14.629122 np0000032161 devstack@n-api.service[69012]: [pid: 69012|app: 0|req: 10/20] 192.168.1.126 () {72 vars in 1458 bytes} [Mon Aug  4 07:56:14 2025] POST /compute/v2.1/flavors/3/os-extra_specs => generated 43 bytes in 14 msecs (HTTP/1.1 200) 9 headers in 358 bytes (1 switches on core 0)
Aug 04 07:56:14.705331 np0000032161 devstack@n-api.service[69011]: DEBUG nova.api.openstack.wsgi [None req-e29bcf85-978d-46b8-a5f2-72ab218e4bb0 admin admin] Action: 'create', calling method: <bound method FlavorsController.create of <nova.api.openstack.compute.flavors.FlavorsController object at 0x71c7f9001730>>, body: {"flavor": {"ram": 8192, "vcpus": 4, "name": "m1.large", "os-flavor-access:is_public": true, "disk": 80, "id": "4", "OS-FLV-EXT-DATA:ephemeral": 0, "swap": 0, "rxtx_factor": 1.0}} {{(pid=69011) _process_stack /opt/stack/nova/nova/api/openstack/wsgi.py:550}}
Aug 04 07:56:14.715768 np0000032161 devstack@n-api.service[69011]: INFO nova.api.openstack.requestlog [None req-e29bcf85-978d-46b8-a5f2-72ab218e4bb0 admin admin] 192.168.1.126 "POST /compute/v2.1/flavors" status: 200 len: 411 microversion: 2.61 time: 0.011943
Aug 04 07:56:14.716077 np0000032161 devstack@n-api.service[69011]: [pid: 69011|app: 0|req: 11/21] 192.168.1.126 () {72 vars in 1408 bytes} [Mon Aug  4 07:56:14 2025] POST /compute/v2.1/flavors => generated 411 bytes in 12 msecs (HTTP/1.1 200) 9 headers in 359 bytes (1 switches on core 0)
Aug 04 07:56:14.723859 np0000032161 devstack@n-api.service[69012]: DEBUG nova.api.openstack.wsgi [None req-88dc345f-e9c3-4511-9268-8ceed7f72f69 admin admin] Action: 'create', calling method: <bound method FlavorExtraSpecsController.create of <nova.api.openstack.compute.flavors_extraspecs.FlavorExtraSpecsController object at 0x71c7f900f440>>, body: {"extra_specs": {"hw_rng:allowed": "True"}} {{(pid=69012) _process_stack /opt/stack/nova/nova/api/openstack/wsgi.py:550}}
Aug 04 07:56:14.736121 np0000032161 devstack@n-api.service[69012]: INFO nova.api.openstack.requestlog [None req-88dc345f-e9c3-4511-9268-8ceed7f72f69 admin admin] 192.168.1.126 "POST /compute/v2.1/flavors/4/os-extra_specs" status: 200 len: 43 microversion: 2.61 time: 0.013760
Aug 04 07:56:14.736377 np0000032161 devstack@n-api.service[69012]: [pid: 69012|app: 0|req: 11/22] 192.168.1.126 () {72 vars in 1458 bytes} [Mon Aug  4 07:56:14 2025] POST /compute/v2.1/flavors/4/os-extra_specs => generated 43 bytes in 14 msecs (HTTP/1.1 200) 9 headers in 358 bytes (1 switches on core 0)
Aug 04 07:56:14.819008 np0000032161 devstack@n-api.service[69011]: DEBUG nova.api.openstack.wsgi [None req-f0d56705-118d-443e-acaf-cd9096406a21 admin admin] Action: 'create', calling method: <bound method FlavorsController.create of <nova.api.openstack.compute.flavors.FlavorsController object at 0x71c7f9001730>>, body: {"flavor": {"ram": 16384, "vcpus": 8, "name": "m1.xlarge", "os-flavor-access:is_public": true, "disk": 160, "id": "5", "OS-FLV-EXT-DATA:ephemeral": 0, "swap": 0, "rxtx_factor": 1.0}} {{(pid=69011) _process_stack /opt/stack/nova/nova/api/openstack/wsgi.py:550}}
Aug 04 07:56:14.828778 np0000032161 devstack@n-api.service[69011]: INFO nova.api.openstack.requestlog [None req-f0d56705-118d-443e-acaf-cd9096406a21 admin admin] 192.168.1.126 "POST /compute/v2.1/flavors" status: 200 len: 414 microversion: 2.61 time: 0.013200
Aug 04 07:56:14.829138 np0000032161 devstack@n-api.service[69011]: [pid: 69011|app: 0|req: 12/23] 192.168.1.126 () {72 vars in 1408 bytes} [Mon Aug  4 07:56:14 2025] POST /compute/v2.1/flavors => generated 414 bytes in 14 msecs (HTTP/1.1 200) 9 headers in 359 bytes (1 switches on core 0)
Aug 04 07:56:14.836963 np0000032161 devstack@n-api.service[69012]: DEBUG nova.api.openstack.wsgi [None req-8b6e471a-5d0c-4edc-a49b-20b25640e9cc admin admin] Action: 'create', calling method: <bound method FlavorExtraSpecsController.create of <nova.api.openstack.compute.flavors_extraspecs.FlavorExtraSpecsController object at 0x71c7f900f440>>, body: {"extra_specs": {"hw_rng:allowed": "True"}} {{(pid=69012) _process_stack /opt/stack/nova/nova/api/openstack/wsgi.py:550}}
Aug 04 07:56:14.850219 np0000032161 devstack@n-api.service[69012]: INFO nova.api.openstack.requestlog [None req-8b6e471a-5d0c-4edc-a49b-20b25640e9cc admin admin] 192.168.1.126 "POST /compute/v2.1/flavors/5/os-extra_specs" status: 200 len: 43 microversion: 2.61 time: 0.014711
Aug 04 07:56:14.850597 np0000032161 devstack@n-api.service[69012]: [pid: 69012|app: 0|req: 12/24] 192.168.1.126 () {72 vars in 1458 bytes} [Mon Aug  4 07:56:14 2025] POST /compute/v2.1/flavors/5/os-extra_specs => generated 43 bytes in 15 msecs (HTTP/1.1 200) 9 headers in 358 bytes (2 switches on core 0)
Aug 04 07:56:29.408528 np0000032161 devstack@n-api.service[69011]: DEBUG nova.api.openstack.wsgi [None req-fccb23cf-6f3f-4631-8db3-35d37d1d4766 admin admin] Calling method '<bound method FlavorsController.detail of <nova.api.openstack.compute.flavors.FlavorsController object at 0x71c7f9001880>>' {{(pid=69011) _process_stack /opt/stack/nova/nova/api/openstack/wsgi.py:552}}
Aug 04 07:56:29.411128 np0000032161 devstack@n-api.service[69011]: DEBUG dbcounter [-] [69011] Writing DB stats nova_api:SELECT=21,nova_api:SAVEPOINT=5,nova_api:INSERT=10,nova_api:RELEASE=5 {{(pid=69011) stat_writer /opt/stack/data/venv/lib/python3.12/site-packages/dbcounter.py:115}}
Aug 04 07:56:29.420253 np0000032161 devstack@n-api.service[69011]: INFO nova.api.openstack.requestlog [None req-fccb23cf-6f3f-4631-8db3-35d37d1d4766 admin admin] 192.168.1.126 "GET /compute/v2.1/flavors/detail?is_public=True" status: 200 len: 4262 microversion: 2.61 time: 0.013201
Aug 04 07:56:29.420471 np0000032161 devstack@n-api.service[69011]: [pid: 69011|app: 0|req: 13/25] 192.168.1.126 () {68 vars in 1417 bytes} [Mon Aug  4 07:56:29 2025] GET /compute/v2.1/flavors/detail?is_public=True => generated 4262 bytes in 13 msecs (HTTP/1.1 200) 9 headers in 360 bytes (1 switches on core 0)
Aug 04 07:56:29.523277 np0000032161 devstack@n-api.service[69012]: DEBUG nova.api.openstack.wsgi [None req-acd21e36-3795-469e-854e-e351d8d8edd4 admin admin] Action: 'create', calling method: <bound method FlavorsController.create of <nova.api.openstack.compute.flavors.FlavorsController object at 0x71c7f900eba0>>, body: {"flavor": {"ram": 1024, "vcpus": 1, "name": "manila-service-flavor", "os-flavor-access:is_public": true, "disk": 5, "id": "100", "OS-FLV-EXT-DATA:ephemeral": 0, "swap": 0, "rxtx_factor": 1.0}} {{(pid=69012) _process_stack /opt/stack/nova/nova/api/openstack/wsgi.py:550}}
Aug 04 07:56:29.526263 np0000032161 devstack@n-api.service[69012]: DEBUG dbcounter [-] [69012] Writing DB stats nova_api:INSERT=10,nova_api:SELECT=21,nova_api:SAVEPOINT=5,nova_api:RELEASE=5 {{(pid=69012) stat_writer /opt/stack/data/venv/lib/python3.12/site-packages/dbcounter.py:115}}
Aug 04 07:56:29.535642 np0000032161 devstack@n-api.service[69012]: INFO nova.api.openstack.requestlog [None req-acd21e36-3795-469e-854e-e351d8d8edd4 admin admin] 192.168.1.126 "POST /compute/v2.1/flavors" status: 200 len: 429 microversion: 2.61 time: 0.013892
Aug 04 07:56:29.535883 np0000032161 devstack@n-api.service[69012]: [pid: 69012|app: 0|req: 13/26] 192.168.1.126 () {72 vars in 1408 bytes} [Mon Aug  4 07:56:29 2025] POST /compute/v2.1/flavors => generated 429 bytes in 14 msecs (HTTP/1.1 200) 9 headers in 359 bytes (1 switches on core 0)
Aug 04 07:56:58.771795 np0000032161 devstack@n-api.service[69011]: DEBUG nova.api.openstack.wsgi [None req-9e962477-71e2-410e-b72c-4e9f16a447a3 admin admin] Calling method '<bound method KeypairController.index of <nova.api.openstack.compute.keypairs.KeypairController object at 0x71c7f90b4b00>>' {{(pid=69011) _process_stack /opt/stack/nova/nova/api/openstack/wsgi.py:552}}
Aug 04 07:56:58.773980 np0000032161 devstack@n-api.service[69011]: WARNING oslo_db.sqlalchemy.utils [None req-9e962477-71e2-410e-b72c-4e9f16a447a3 admin admin] Unique keys not in sort_keys. The sorting order may be unstable.
Aug 04 07:56:58.779898 np0000032161 devstack@n-api.service[69011]: INFO nova.api.openstack.requestlog [None req-9e962477-71e2-410e-b72c-4e9f16a447a3 admin admin] 192.168.1.126 "GET /compute/v2.1/os-keypairs" status: 200 len: 16 microversion: 2.10 time: 0.009465
Aug 04 07:56:58.780277 np0000032161 devstack@n-api.service[69011]: [pid: 69011|app: 0|req: 14/27] 192.168.1.126 () {68 vars in 1379 bytes} [Mon Aug  4 07:56:58 2025] GET /compute/v2.1/os-keypairs => generated 16 bytes in 10 msecs (HTTP/1.1 200) 9 headers in 358 bytes (1 switches on core 0)
Aug 04 07:56:58.876788 np0000032161 devstack@n-api.service[69012]: DEBUG nova.api.openstack.wsgi [None req-0246a09c-e6da-45cd-bbf6-d7eb392cafcb admin admin] Action: 'create', calling method: <bound method KeypairController.create of <nova.api.openstack.compute.keypairs.KeypairController object at 0x71c7f90be180>>, body: {"keypair": {"name": "manila-service", "public_key": "ecdsa-sha2-nistp256 AAAAE2VjZHNhLXNoYTItbmlzdHAyNTYAAAAIbmlzdHAyNTYAAABBBESYkeO051nZA9rLUeO5hBzonfTYUtOaZkOJPhnRoWM9FdLYwtB/+VPRayqVsXyAR7CEbaG2vVQVTJuoP9KwW/A= stack@np0000032161\n"}} {{(pid=69012) _process_stack /opt/stack/nova/nova/api/openstack/wsgi.py:550}}
Aug 04 07:56:58.890989 np0000032161 devstack@n-api.service[69012]: DEBUG nova.quota [None req-0246a09c-e6da-45cd-bbf6-d7eb392cafcb admin admin] Getting quotas for project 07e447536f2e45989f0d42ca2b3a3398. Resources: {'key_pairs'} {{(pid=69012) _get_quotas /opt/stack/nova/nova/quota.py:392}}
Aug 04 07:56:58.894145 np0000032161 devstack@n-api.service[69012]: DEBUG nova.quota [None req-0246a09c-e6da-45cd-bbf6-d7eb392cafcb admin admin] Getting quotas for user 409d8ea8c5a84763a5689c605a3f928c and project 07e447536f2e45989f0d42ca2b3a3398. Resources: {'key_pairs'} {{(pid=69012) _get_quotas /opt/stack/nova/nova/quota.py:382}}
Aug 04 07:56:58.916926 np0000032161 devstack@n-api.service[69012]: INFO nova.api.openstack.requestlog [None req-0246a09c-e6da-45cd-bbf6-d7eb392cafcb admin admin] 192.168.1.126 "POST /compute/v2.1/os-keypairs" status: 201 len: 366 microversion: 2.10 time: 0.041584
Aug 04 07:56:58.916926 np0000032161 devstack@n-api.service[69012]: [pid: 69012|app: 0|req: 14/28] 192.168.1.126 () {72 vars in 1420 bytes} [Mon Aug  4 07:56:58 2025] POST /compute/v2.1/os-keypairs => generated 366 bytes in 42 msecs (HTTP/1.1 201) 9 headers in 364 bytes (1 switches on core 0)
Aug 04 07:57:04.987382 np0000032161 devstack@n-api.service[69011]: DEBUG nova.api.openstack.wsgi [None req-8ee6fa4e-ed95-437f-8a7f-df331cb1ff90 admin admin] Calling method '<bound method ServiceController.index of <nova.api.openstack.compute.services.ServiceController object at 0x71c7f90f1c10>>' {{(pid=69011) _process_stack /opt/stack/nova/nova/api/openstack/wsgi.py:552}}
Aug 04 07:57:04.989050 np0000032161 devstack@n-api.service[69011]: DEBUG oslo_concurrency.lockutils [None req-8ee6fa4e-ed95-437f-8a7f-df331cb1ff90 admin admin] Acquiring lock "00000000-0000-0000-0000-000000000000" by "nova.context.set_target_cell.<locals>.get_or_set_cached_cell_and_set_connections" {{(pid=69011) inner /opt/stack/data/venv/lib/python3.12/site-packages/oslo_concurrency/lockutils.py:405}}
Aug 04 07:57:04.989211 np0000032161 devstack@n-api.service[69011]: DEBUG oslo_concurrency.lockutils [None req-8ee6fa4e-ed95-437f-8a7f-df331cb1ff90 admin admin] Lock "00000000-0000-0000-0000-000000000000" acquired by "nova.context.set_target_cell.<locals>.get_or_set_cached_cell_and_set_connections" :: waited 0.000s {{(pid=69011) inner /opt/stack/data/venv/lib/python3.12/site-packages/oslo_concurrency/lockutils.py:410}}
Aug 04 07:57:04.989324 np0000032161 devstack@n-api.service[69011]: DEBUG oslo_concurrency.lockutils [None req-8ee6fa4e-ed95-437f-8a7f-df331cb1ff90 admin admin] Lock "00000000-0000-0000-0000-000000000000" "released" by "nova.context.set_target_cell.<locals>.get_or_set_cached_cell_and_set_connections" :: held 0.000s {{(pid=69011) inner /opt/stack/data/venv/lib/python3.12/site-packages/oslo_concurrency/lockutils.py:424}}
Aug 04 07:57:04.989664 np0000032161 devstack@n-api.service[69011]: DEBUG oslo_concurrency.lockutils [None req-8ee6fa4e-ed95-437f-8a7f-df331cb1ff90 admin admin] Acquiring lock "a7cd7927-4995-4464-be58-a971c0b7be29" by "nova.context.set_target_cell.<locals>.get_or_set_cached_cell_and_set_connections" {{(pid=69011) inner /opt/stack/data/venv/lib/python3.12/site-packages/oslo_concurrency/lockutils.py:405}}
Aug 04 07:57:04.989784 np0000032161 devstack@n-api.service[69011]: DEBUG oslo_concurrency.lockutils [None req-8ee6fa4e-ed95-437f-8a7f-df331cb1ff90 admin admin] Lock "a7cd7927-4995-4464-be58-a971c0b7be29" acquired by "nova.context.set_target_cell.<locals>.get_or_set_cached_cell_and_set_connections" :: waited 0.000s {{(pid=69011) inner /opt/stack/data/venv/lib/python3.12/site-packages/oslo_concurrency/lockutils.py:410}}
