Sep 02 02:41:27.777550 np0000032632 devstack@n-api.service[72156]: DEBUG dbcounter [-] [72156] Writer thread running {{(pid=72156) stat_writer /opt/stack/data/venv/lib/python3.10/site-packages/dbcounter.py:102}}
Sep 02 02:41:27.779180 np0000032632 devstack@n-api.service[72155]: DEBUG dbcounter [-] [72155] Writer thread running {{(pid=72155) stat_writer /opt/stack/data/venv/lib/python3.10/site-packages/dbcounter.py:102}}
Sep 02 02:41:27.779535 np0000032632 devstack@n-api.service[72156]: INFO dbcounter [None req-bf938537-89c3-4f22-8b5d-54731ceecca2 None None] Registered counter for database nova_cell0
Sep 02 02:41:27.783310 np0000032632 devstack@n-api.service[72155]: DEBUG dbcounter [-] [72155] Writer thread running {{(pid=72155) stat_writer /opt/stack/data/venv/lib/python3.10/site-packages/dbcounter.py:102}}
Sep 02 02:41:27.783443 np0000032632 devstack@n-api.service[72156]: DEBUG oslo_db.sqlalchemy.engines [None req-bf938537-89c3-4f22-8b5d-54731ceecca2 None None] MySQL server mode set to STRICT_TRANS_TABLES,STRICT_ALL_TABLES,NO_ZERO_IN_DATE,NO_ZERO_DATE,ERROR_FOR_DIVISION_BY_ZERO,TRADITIONAL,NO_ENGINE_SUBSTITUTION {{(pid=72156) _check_effective_sql_mode /opt/stack/data/venv/lib/python3.10/site-packages/oslo_db/sqlalchemy/engines.py:342}}
Sep 02 02:41:27.785393 np0000032632 devstack@n-api.service[72155]: INFO dbcounter [None req-c373125d-521e-40a5-b031-c38d2ada6863 None None] Registered counter for database nova_cell0
Sep 02 02:41:27.787442 np0000032632 devstack@n-api.service[72156]: DEBUG dbcounter [-] [72156] Writer thread running {{(pid=72156) stat_writer /opt/stack/data/venv/lib/python3.10/site-packages/dbcounter.py:102}}
Sep 02 02:41:27.789261 np0000032632 devstack@n-api.service[72155]: DEBUG oslo_db.sqlalchemy.engines [None req-c373125d-521e-40a5-b031-c38d2ada6863 None None] MySQL server mode set to STRICT_TRANS_TABLES,STRICT_ALL_TABLES,NO_ZERO_IN_DATE,NO_ZERO_DATE,ERROR_FOR_DIVISION_BY_ZERO,TRADITIONAL,NO_ENGINE_SUBSTITUTION {{(pid=72155) _check_effective_sql_mode /opt/stack/data/venv/lib/python3.10/site-packages/oslo_db/sqlalchemy/engines.py:342}}
Sep 02 02:41:27.793248 np0000032632 devstack@n-api.service[72155]: DEBUG dbcounter [-] [72155] Writer thread running {{(pid=72155) stat_writer /opt/stack/data/venv/lib/python3.10/site-packages/dbcounter.py:102}}
Sep 02 02:41:28.098103 np0000032632 devstack@n-api.service[72156]: DEBUG oslo_concurrency.processutils [None req-bf938537-89c3-4f22-8b5d-54731ceecca2 None None] Running cmd (subprocess): grep -F node.session.scan /sbin/iscsiadm {{(pid=72156) execute /opt/stack/data/venv/lib/python3.10/site-packages/oslo_concurrency/processutils.py:390}}
Sep 02 02:41:28.101963 np0000032632 devstack@n-api.service[72155]: DEBUG oslo_concurrency.processutils [None req-c373125d-521e-40a5-b031-c38d2ada6863 None None] Running cmd (subprocess): grep -F node.session.scan /sbin/iscsiadm {{(pid=72155) execute /opt/stack/data/venv/lib/python3.10/site-packages/oslo_concurrency/processutils.py:390}}
Sep 02 02:41:28.104762 np0000032632 devstack@n-api.service[72156]: DEBUG oslo_concurrency.processutils [None req-bf938537-89c3-4f22-8b5d-54731ceecca2 None None] CMD "grep -F node.session.scan /sbin/iscsiadm" returned: 0 in 0.007s {{(pid=72156) execute /opt/stack/data/venv/lib/python3.10/site-packages/oslo_concurrency/processutils.py:428}}
Sep 02 02:41:28.108130 np0000032632 devstack@n-api.service[72155]: DEBUG oslo_concurrency.processutils [None req-c373125d-521e-40a5-b031-c38d2ada6863 None None] CMD "grep -F node.session.scan /sbin/iscsiadm" returned: 0 in 0.006s {{(pid=72155) execute /opt/stack/data/venv/lib/python3.10/site-packages/oslo_concurrency/processutils.py:428}}
Sep 02 02:41:28.423232 np0000032632 devstack@n-api.service[72156]: WARNING keystonemiddleware.auth_token [None req-bf938537-89c3-4f22-8b5d-54731ceecca2 None None] AuthToken middleware is set with keystone_authtoken.service_token_roles_required set to False. This is backwards compatible but deprecated behaviour. Please set this to True.
Sep 02 02:41:28.424155 np0000032632 devstack@n-api.service[72155]: WARNING keystonemiddleware.auth_token [None req-c373125d-521e-40a5-b031-c38d2ada6863 None None] AuthToken middleware is set with keystone_authtoken.service_token_roles_required set to False. This is backwards compatible but deprecated behaviour. Please set this to True.
Sep 02 02:41:28.426626 np0000032632 devstack@n-api.service[72156]: WARNING keystonemiddleware.auth_token [None req-bf938537-89c3-4f22-8b5d-54731ceecca2 None None] Configuring www_authenticate_uri to point to the public identity endpoint is required; clients may not be able to authenticate against an admin endpoint
Sep 02 02:41:28.427622 np0000032632 devstack@n-api.service[72155]: WARNING keystonemiddleware.auth_token [None req-c373125d-521e-40a5-b031-c38d2ada6863 None None] Configuring www_authenticate_uri to point to the public identity endpoint is required; clients may not be able to authenticate against an admin endpoint
Sep 02 02:41:28.496690 np0000032632 devstack@n-api.service[72156]: WARNING keystonemiddleware.auth_token [None req-bf938537-89c3-4f22-8b5d-54731ceecca2 None None] AuthToken middleware is set with keystone_authtoken.service_token_roles_required set to False. This is backwards compatible but deprecated behaviour. Please set this to True.
Sep 02 02:41:28.498330 np0000032632 devstack@n-api.service[72155]: WARNING keystonemiddleware.auth_token [None req-c373125d-521e-40a5-b031-c38d2ada6863 None None] AuthToken middleware is set with keystone_authtoken.service_token_roles_required set to False. This is backwards compatible but deprecated behaviour. Please set this to True.
Sep 02 02:41:28.498769 np0000032632 devstack@n-api.service[72156]: WARNING keystonemiddleware.auth_token [None req-bf938537-89c3-4f22-8b5d-54731ceecca2 None None] Configuring www_authenticate_uri to point to the public identity endpoint is required; clients may not be able to authenticate against an admin endpoint
Sep 02 02:41:28.500408 np0000032632 devstack@n-api.service[72155]: WARNING keystonemiddleware.auth_token [None req-c373125d-521e-40a5-b031-c38d2ada6863 None None] Configuring www_authenticate_uri to point to the public identity endpoint is required; clients may not be able to authenticate against an admin endpoint
Sep 02 02:41:28.500595 np0000032632 devstack@n-api.service[72156]: WSGI app 0 (mountpoint='') ready in 2 seconds on interpreter 0x55c9176e5d70 pid: 72156 (default app)
Sep 02 02:41:28.501521 np0000032632 devstack@n-api.service[72156]: DEBUG nova.api.openstack.wsgi [None req-bf938537-89c3-4f22-8b5d-54731ceecca2 None None] Calling method '<bound method VersionsV2.index of <nova.api.openstack.compute.versions.VersionsV2 object at 0x7f5e1d661c30>>' {{(pid=72156) _process_stack /opt/stack/nova/nova/api/openstack/wsgi.py:520}}
Sep 02 02:41:28.502275 np0000032632 devstack@n-api.service[72155]: WSGI app 0 (mountpoint='') ready in 2 seconds on interpreter 0x55c9176e5d70 pid: 72155 (default app)
Sep 02 02:41:28.503153 np0000032632 devstack@n-api.service[72156]: INFO nova.api.openstack.requestlog [None req-bf938537-89c3-4f22-8b5d-54731ceecca2 None None] 192.168.1.148 "GET /compute/v2.1/" status: 200 len: 390 microversion: 2.1 time: 0.001845
Sep 02 02:41:28.503862 np0000032632 devstack@n-api.service[72156]: [pid: 72156|app: 0|req: 1/1] 192.168.1.148 () {50 vars in 783 bytes} [Tue Sep  2 02:41:28 2025] GET /compute/v2.1/ => generated 390 bytes in 2 msecs (HTTP/1.1 200) 9 headers in 357 bytes (1 switches on core 0)
Sep 02 02:42:07.100232 np0000032632 devstack@n-api.service[72155]: DEBUG nova.api.openstack.wsgi [None req-c373125d-521e-40a5-b031-c38d2ada6863 None None] Calling method '<bound method VersionsV2.index of <nova.api.openstack.compute.versions.VersionsV2 object at 0x7f5e1d8ed9c0>>' {{(pid=72155) _process_stack /opt/stack/nova/nova/api/openstack/wsgi.py:520}}
Sep 02 02:42:07.102135 np0000032632 devstack@n-api.service[72155]: INFO nova.api.openstack.requestlog [None req-c373125d-521e-40a5-b031-c38d2ada6863 None None] 192.168.1.148 "GET /compute/v2.1" status: 200 len: 391 microversion: 2.1 time: 0.002306
Sep 02 02:42:07.102402 np0000032632 devstack@n-api.service[72155]: [pid: 72155|app: 0|req: 1/2] 192.168.1.148 () {62 vars in 1067 bytes} [Tue Sep  2 02:42:07 2025] GET /compute/v2.1 => generated 391 bytes in 3 msecs (HTTP/1.1 200) 9 headers in 357 bytes (1 switches on core 0)
Sep 02 02:42:07.110892 np0000032632 devstack@n-api.service[72156]: DEBUG dbcounter [-] [72156] Writing DB stats nova_api:SELECT=1 {{(pid=72156) stat_writer /opt/stack/data/venv/lib/python3.10/site-packages/dbcounter.py:115}}
Sep 02 02:42:07.111438 np0000032632 devstack@n-api.service[72156]: DEBUG dbcounter [-] [72156] Writing DB stats nova_cell0:SELECT=1 {{(pid=72156) stat_writer /opt/stack/data/venv/lib/python3.10/site-packages/dbcounter.py:115}}
Sep 02 02:42:07.111798 np0000032632 devstack@n-api.service[72156]: DEBUG dbcounter [-] [72156] Writing DB stats nova_cell1:SELECT=1 {{(pid=72156) stat_writer /opt/stack/data/venv/lib/python3.10/site-packages/dbcounter.py:115}}
Sep 02 02:42:07.112317 np0000032632 devstack@n-api.service[72156]: DEBUG dbcounter [-] [72156] Writing DB stats nova_cell0:SELECT=2,nova_cell0:INSERT=1 {{(pid=72156) stat_writer /opt/stack/data/venv/lib/python3.10/site-packages/dbcounter.py:115}}
Sep 02 02:42:07.239884 np0000032632 devstack@n-api.service[72156]: DEBUG nova.api.openstack.wsgi [None req-9f6fb95b-2424-45b8-915d-9ad236a5aa26 admin admin] Calling method '<bound method FlavorsController.detail of <nova.api.openstack.compute.flavors.FlavorsController object at 0x7f5e1d00a440>>' {{(pid=72156) _process_stack /opt/stack/nova/nova/api/openstack/wsgi.py:520}}
Sep 02 02:42:07.253924 np0000032632 devstack@n-api.service[72156]: INFO nova.api.openstack.requestlog [None req-9f6fb95b-2424-45b8-915d-9ad236a5aa26 admin admin] 192.168.1.148 "GET /compute/v2.1/flavors/detail?is_public=True" status: 200 len: 15 microversion: 2.61 time: 0.145884
Sep 02 02:42:07.254164 np0000032632 devstack@n-api.service[72156]: [pid: 72156|app: 0|req: 2/3] 192.168.1.148 () {68 vars in 1428 bytes} [Tue Sep  2 02:42:07 2025] GET /compute/v2.1/flavors/detail?is_public=True => generated 15 bytes in 146 msecs (HTTP/1.1 200) 9 headers in 358 bytes (1 switches on core 0)
Sep 02 02:42:07.342596 np0000032632 devstack@n-api.service[72155]: DEBUG nova.api.openstack.wsgi [None req-c373125d-521e-40a5-b031-c38d2ada6863 None None] Calling method '<bound method VersionsV2.index of <nova.api.openstack.compute.versions.VersionsV2 object at 0x7f5e1d8ed9c0>>' {{(pid=72155) _process_stack /opt/stack/nova/nova/api/openstack/wsgi.py:520}}
Sep 02 02:42:07.344135 np0000032632 devstack@n-api.service[72155]: INFO nova.api.openstack.requestlog [None req-c373125d-521e-40a5-b031-c38d2ada6863 None None] 192.168.1.148 "GET /compute/v2.1" status: 200 len: 391 microversion: 2.1 time: 0.001731
Sep 02 02:42:07.344315 np0000032632 devstack@n-api.service[72155]: [pid: 72155|app: 0|req: 2/4] 192.168.1.148 () {62 vars in 1067 bytes} [Tue Sep  2 02:42:07 2025] GET /compute/v2.1 => generated 391 bytes in 2 msecs (HTTP/1.1 200) 9 headers in 357 bytes (1 switches on core 0)
Sep 02 02:42:07.370308 np0000032632 devstack@n-api.service[72156]: DEBUG nova.api.openstack.wsgi [None req-b56fb188-958d-4240-9f93-4a9cb8a1e73a admin admin] Action: 'create', calling method: <bound method FlavorsController.create of <nova.api.openstack.compute.flavors.FlavorsController object at 0x7f5e1d009ea0>>, body: {"flavor": {"vcpus": 1, "swap": 0, "name": "cirros256", "OS-FLV-EXT-DATA:ephemeral": 0, "disk": 1, "id": "c1", "os-flavor-access:is_public": true, "rxtx_factor": 1.0, "ram": 256}} {{(pid=72156) _process_stack /opt/stack/nova/nova/api/openstack/wsgi.py:518}}
Sep 02 02:42:07.390699 np0000032632 devstack@n-api.service[72156]: INFO nova.api.openstack.requestlog [None req-b56fb188-958d-4240-9f93-4a9cb8a1e73a admin admin] 192.168.1.148 "POST /compute/v2.1/flavors" status: 200 len: 413 microversion: 2.61 time: 0.040716
Sep 02 02:42:07.390949 np0000032632 devstack@n-api.service[72156]: [pid: 72156|app: 0|req: 3/5] 192.168.1.148 () {72 vars in 1419 bytes} [Tue Sep  2 02:42:07 2025] POST /compute/v2.1/flavors => generated 413 bytes in 41 msecs (HTTP/1.1 200) 9 headers in 359 bytes (1 switches on core 0)
Sep 02 02:42:07.401478 np0000032632 devstack@n-api.service[72155]: DEBUG dbcounter [-] [72155] Writing DB stats nova_api:SELECT=1 {{(pid=72155) stat_writer /opt/stack/data/venv/lib/python3.10/site-packages/dbcounter.py:115}}
Sep 02 02:42:07.402226 np0000032632 devstack@n-api.service[72155]: DEBUG dbcounter [-] [72155] Writing DB stats nova_cell0:SELECT=1 {{(pid=72155) stat_writer /opt/stack/data/venv/lib/python3.10/site-packages/dbcounter.py:115}}
Sep 02 02:42:07.402584 np0000032632 devstack@n-api.service[72155]: DEBUG dbcounter [-] [72155] Writing DB stats nova_cell1:SELECT=1 {{(pid=72155) stat_writer /opt/stack/data/venv/lib/python3.10/site-packages/dbcounter.py:115}}
Sep 02 02:42:07.402917 np0000032632 devstack@n-api.service[72155]: DEBUG dbcounter [-] [72155] Writing DB stats nova_cell0:SELECT=2,nova_cell0:INSERT=1 {{(pid=72155) stat_writer /opt/stack/data/venv/lib/python3.10/site-packages/dbcounter.py:115}}
Sep 02 02:42:07.470173 np0000032632 devstack@n-api.service[72155]: DEBUG nova.api.openstack.wsgi [None req-7e5c7b1a-34d9-4e55-9d7d-902e27b244f9 admin admin] Action: 'create', calling method: <bound method FlavorExtraSpecsController.create of <nova.api.openstack.compute.flavors_extraspecs.FlavorExtraSpecsController object at 0x7f5e1d007340>>, body: {"extra_specs": {"hw_rng:allowed": "True"}} {{(pid=72155) _process_stack /opt/stack/nova/nova/api/openstack/wsgi.py:518}}
Sep 02 02:42:07.499030 np0000032632 devstack@n-api.service[72155]: INFO nova.api.openstack.requestlog [None req-7e5c7b1a-34d9-4e55-9d7d-902e27b244f9 admin admin] 192.168.1.148 "POST /compute/v2.1/flavors/c1/os-extra_specs" status: 200 len: 43 microversion: 2.61 time: 0.100247
Sep 02 02:42:07.499301 np0000032632 devstack@n-api.service[72155]: [pid: 72155|app: 0|req: 3/6] 192.168.1.148 () {72 vars in 1472 bytes} [Tue Sep  2 02:42:07 2025] POST /compute/v2.1/flavors/c1/os-extra_specs => generated 43 bytes in 101 msecs (HTTP/1.1 200) 9 headers in 358 bytes (1 switches on core 0)
Sep 02 02:42:07.593100 np0000032632 devstack@n-api.service[72156]: DEBUG nova.api.openstack.wsgi [None req-b56fb188-958d-4240-9f93-4a9cb8a1e73a admin admin] Calling method '<bound method VersionsV2.index of <nova.api.openstack.compute.versions.VersionsV2 object at 0x7f5e1d661c30>>' {{(pid=72156) _process_stack /opt/stack/nova/nova/api/openstack/wsgi.py:520}}
Sep 02 02:42:07.593968 np0000032632 devstack@n-api.service[72156]: INFO nova.api.openstack.requestlog [None req-b56fb188-958d-4240-9f93-4a9cb8a1e73a admin admin] 192.168.1.148 "GET /compute/v2.1" status: 200 len: 391 microversion: 2.1 time: 0.001756
Sep 02 02:42:07.594151 np0000032632 devstack@n-api.service[72156]: [pid: 72156|app: 0|req: 4/7] 192.168.1.148 () {62 vars in 1067 bytes} [Tue Sep  2 02:42:07 2025] GET /compute/v2.1 => generated 391 bytes in 2 msecs (HTTP/1.1 200) 9 headers in 357 bytes (1 switches on core 0)
Sep 02 02:42:07.661635 np0000032632 devstack@n-api.service[72155]: DEBUG nova.api.openstack.wsgi [None req-0986cce9-be38-4b21-b369-660d614ce6b2 admin admin] Action: 'create', calling method: <bound method FlavorsController.create of <nova.api.openstack.compute.flavors.FlavorsController object at 0x7f5e1d005d20>>, body: {"flavor": {"vcpus": 1, "swap": 0, "name": "ds512M", "OS-FLV-EXT-DATA:ephemeral": 0, "disk": 5, "id": "d1", "os-flavor-access:is_public": true, "rxtx_factor": 1.0, "ram": 512}} {{(pid=72155) _process_stack /opt/stack/nova/nova/api/openstack/wsgi.py:518}}
Sep 02 02:42:07.677566 np0000032632 devstack@n-api.service[72155]: INFO nova.api.openstack.requestlog [None req-0986cce9-be38-4b21-b369-660d614ce6b2 admin admin] 192.168.1.148 "POST /compute/v2.1/flavors" status: 200 len: 410 microversion: 2.61 time: 0.078030
Sep 02 02:42:07.677793 np0000032632 devstack@n-api.service[72155]: [pid: 72155|app: 0|req: 4/8] 192.168.1.148 () {72 vars in 1419 bytes} [Tue Sep  2 02:42:07 2025] POST /compute/v2.1/flavors => generated 410 bytes in 78 msecs (HTTP/1.1 200) 9 headers in 359 bytes (1 switches on core 0)
Sep 02 02:42:07.686545 np0000032632 devstack@n-api.service[72156]: DEBUG nova.api.openstack.wsgi [None req-7f823a84-eb7f-49c4-91b5-612ceafc1305 admin admin] Action: 'create', calling method: <bound method FlavorExtraSpecsController.create of <nova.api.openstack.compute.flavors_extraspecs.FlavorExtraSpecsController object at 0x7f5e1d00b160>>, body: {"extra_specs": {"hw_rng:allowed": "True"}} {{(pid=72156) _process_stack /opt/stack/nova/nova/api/openstack/wsgi.py:518}}
Sep 02 02:42:07.703170 np0000032632 devstack@n-api.service[72156]: INFO nova.api.openstack.requestlog [None req-7f823a84-eb7f-49c4-91b5-612ceafc1305 admin admin] 192.168.1.148 "POST /compute/v2.1/flavors/d1/os-extra_specs" status: 200 len: 43 microversion: 2.61 time: 0.018325
Sep 02 02:42:07.703407 np0000032632 devstack@n-api.service[72156]: [pid: 72156|app: 0|req: 5/9] 192.168.1.148 () {72 vars in 1472 bytes} [Tue Sep  2 02:42:07 2025] POST /compute/v2.1/flavors/d1/os-extra_specs => generated 43 bytes in 19 msecs (HTTP/1.1 200) 9 headers in 358 bytes (1 switches on core 0)
Sep 02 02:42:07.801313 np0000032632 devstack@n-api.service[72155]: DEBUG nova.api.openstack.wsgi [None req-0986cce9-be38-4b21-b369-660d614ce6b2 admin admin] Calling method '<bound method VersionsV2.index of <nova.api.openstack.compute.versions.VersionsV2 object at 0x7f5e1d8ed9c0>>' {{(pid=72155) _process_stack /opt/stack/nova/nova/api/openstack/wsgi.py:520}}
Sep 02 02:42:07.802813 np0000032632 devstack@n-api.service[72155]: INFO nova.api.openstack.requestlog [None req-0986cce9-be38-4b21-b369-660d614ce6b2 admin admin] 192.168.1.148 "GET /compute/v2.1" status: 200 len: 391 microversion: 2.1 time: 0.001726
Sep 02 02:42:07.802996 np0000032632 devstack@n-api.service[72155]: [pid: 72155|app: 0|req: 5/10] 192.168.1.148 () {62 vars in 1067 bytes} [Tue Sep  2 02:42:07 2025] GET /compute/v2.1 => generated 391 bytes in 2 msecs (HTTP/1.1 200) 9 headers in 357 bytes (1 switches on core 0)
Sep 02 02:42:07.830705 np0000032632 devstack@n-api.service[72156]: DEBUG nova.api.openstack.wsgi [None req-76c2bf46-54fa-4d5b-a6d2-2a8862ff64e7 admin admin] Action: 'create', calling method: <bound method FlavorsController.create of <nova.api.openstack.compute.flavors.FlavorsController object at 0x7f5e1d009ea0>>, body: {"flavor": {"vcpus": 1, "swap": 0, "name": "ds1G", "OS-FLV-EXT-DATA:ephemeral": 0, "disk": 10, "id": "d2", "os-flavor-access:is_public": true, "rxtx_factor": 1.0, "ram": 1024}} {{(pid=72156) _process_stack /opt/stack/nova/nova/api/openstack/wsgi.py:518}}
Sep 02 02:42:07.840737 np0000032632 devstack@n-api.service[72156]: INFO nova.api.openstack.requestlog [None req-76c2bf46-54fa-4d5b-a6d2-2a8862ff64e7 admin admin] 192.168.1.148 "POST /compute/v2.1/flavors" status: 200 len: 410 microversion: 2.61 time: 0.032414
Sep 02 02:42:07.840989 np0000032632 devstack@n-api.service[72156]: [pid: 72156|app: 0|req: 6/11] 192.168.1.148 () {72 vars in 1419 bytes} [Tue Sep  2 02:42:07 2025] POST /compute/v2.1/flavors => generated 410 bytes in 33 msecs (HTTP/1.1 200) 9 headers in 359 bytes (1 switches on core 0)
Sep 02 02:42:07.849856 np0000032632 devstack@n-api.service[72155]: DEBUG nova.api.openstack.wsgi [None req-9dcc7397-c05e-45e5-8142-6d909840772e admin admin] Action: 'create', calling method: <bound method FlavorExtraSpecsController.create of <nova.api.openstack.compute.flavors_extraspecs.FlavorExtraSpecsController object at 0x7f5e1d007340>>, body: {"extra_specs": {"hw_rng:allowed": "True"}} {{(pid=72155) _process_stack /opt/stack/nova/nova/api/openstack/wsgi.py:518}}
Sep 02 02:42:07.861932 np0000032632 devstack@n-api.service[72155]: INFO nova.api.openstack.requestlog [None req-9dcc7397-c05e-45e5-8142-6d909840772e admin admin] 192.168.1.148 "POST /compute/v2.1/flavors/d2/os-extra_specs" status: 200 len: 43 microversion: 2.61 time: 0.013808
Sep 02 02:42:07.862223 np0000032632 devstack@n-api.service[72155]: [pid: 72155|app: 0|req: 6/12] 192.168.1.148 () {72 vars in 1472 bytes} [Tue Sep  2 02:42:07 2025] POST /compute/v2.1/flavors/d2/os-extra_specs => generated 43 bytes in 14 msecs (HTTP/1.1 200) 9 headers in 358 bytes (1 switches on core 0)
Sep 02 02:42:07.961295 np0000032632 devstack@n-api.service[72156]: DEBUG nova.api.openstack.wsgi [None req-76c2bf46-54fa-4d5b-a6d2-2a8862ff64e7 admin admin] Calling method '<bound method VersionsV2.index of <nova.api.openstack.compute.versions.VersionsV2 object at 0x7f5e1d661c30>>' {{(pid=72156) _process_stack /opt/stack/nova/nova/api/openstack/wsgi.py:520}}
Sep 02 02:42:07.962861 np0000032632 devstack@n-api.service[72156]: INFO nova.api.openstack.requestlog [None req-76c2bf46-54fa-4d5b-a6d2-2a8862ff64e7 admin admin] 192.168.1.148 "GET /compute/v2.1" status: 200 len: 391 microversion: 2.1 time: 0.001745
Sep 02 02:42:07.963058 np0000032632 devstack@n-api.service[72156]: [pid: 72156|app: 0|req: 7/13] 192.168.1.148 () {62 vars in 1067 bytes} [Tue Sep  2 02:42:07 2025] GET /compute/v2.1 => generated 391 bytes in 2 msecs (HTTP/1.1 200) 9 headers in 357 bytes (1 switches on core 0)
Sep 02 02:42:07.988396 np0000032632 devstack@n-api.service[72155]: DEBUG nova.api.openstack.wsgi [None req-c0c9f283-8859-457b-8ae5-f4d82ff30925 admin admin] Action: 'create', calling method: <bound method FlavorsController.create of <nova.api.openstack.compute.flavors.FlavorsController object at 0x7f5e1d005d20>>, body: {"flavor": {"vcpus": 2, "swap": 0, "name": "ds2G", "OS-FLV-EXT-DATA:ephemeral": 0, "disk": 10, "id": "d3", "os-flavor-access:is_public": true, "rxtx_factor": 1.0, "ram": 2048}} {{(pid=72155) _process_stack /opt/stack/nova/nova/api/openstack/wsgi.py:518}}
Sep 02 02:42:07.999243 np0000032632 devstack@n-api.service[72155]: INFO nova.api.openstack.requestlog [None req-c0c9f283-8859-457b-8ae5-f4d82ff30925 admin admin] 192.168.1.148 "POST /compute/v2.1/flavors" status: 200 len: 410 microversion: 2.61 time: 0.030793
Sep 02 02:42:07.999486 np0000032632 devstack@n-api.service[72155]: [pid: 72155|app: 0|req: 7/14] 192.168.1.148 () {72 vars in 1419 bytes} [Tue Sep  2 02:42:07 2025] POST /compute/v2.1/flavors => generated 410 bytes in 31 msecs (HTTP/1.1 200) 9 headers in 359 bytes (1 switches on core 0)
Sep 02 02:42:08.010315 np0000032632 devstack@n-api.service[72156]: DEBUG nova.api.openstack.wsgi [None req-9703e460-f3f7-438a-9114-5a46dd500551 admin admin] Action: 'create', calling method: <bound method FlavorExtraSpecsController.create of <nova.api.openstack.compute.flavors_extraspecs.FlavorExtraSpecsController object at 0x7f5e1d00b160>>, body: {"extra_specs": {"hw_rng:allowed": "True"}} {{(pid=72156) _process_stack /opt/stack/nova/nova/api/openstack/wsgi.py:518}}
Sep 02 02:42:08.022907 np0000032632 devstack@n-api.service[72156]: INFO nova.api.openstack.requestlog [None req-9703e460-f3f7-438a-9114-5a46dd500551 admin admin] 192.168.1.148 "POST /compute/v2.1/flavors/d3/os-extra_specs" status: 200 len: 43 microversion: 2.61 time: 0.014407
Sep 02 02:42:08.023153 np0000032632 devstack@n-api.service[72156]: [pid: 72156|app: 0|req: 8/15] 192.168.1.148 () {72 vars in 1472 bytes} [Tue Sep  2 02:42:08 2025] POST /compute/v2.1/flavors/d3/os-extra_specs => generated 43 bytes in 15 msecs (HTTP/1.1 200) 9 headers in 358 bytes (1 switches on core 0)
Sep 02 02:42:08.140508 np0000032632 devstack@n-api.service[72155]: DEBUG nova.api.openstack.wsgi [None req-c0c9f283-8859-457b-8ae5-f4d82ff30925 admin admin] Calling method '<bound method VersionsV2.index of <nova.api.openstack.compute.versions.VersionsV2 object at 0x7f5e1d8ed9c0>>' {{(pid=72155) _process_stack /opt/stack/nova/nova/api/openstack/wsgi.py:520}}
Sep 02 02:42:08.140508 np0000032632 devstack@n-api.service[72155]: INFO nova.api.openstack.requestlog [None req-c0c9f283-8859-457b-8ae5-f4d82ff30925 admin admin] 192.168.1.148 "GET /compute/v2.1" status: 200 len: 391 microversion: 2.1 time: 0.001696
Sep 02 02:42:08.140508 np0000032632 devstack@n-api.service[72155]: [pid: 72155|app: 0|req: 8/16] 192.168.1.148 () {62 vars in 1067 bytes} [Tue Sep  2 02:42:08 2025] GET /compute/v2.1 => generated 391 bytes in 2 msecs (HTTP/1.1 200) 9 headers in 357 bytes (1 switches on core 0)
Sep 02 02:42:08.167256 np0000032632 devstack@n-api.service[72156]: DEBUG nova.api.openstack.wsgi [None req-9b983498-0a81-4ec0-bc58-467f4bd15d4f admin admin] Action: 'create', calling method: <bound method FlavorsController.create of <nova.api.openstack.compute.flavors.FlavorsController object at 0x7f5e1d009ea0>>, body: {"flavor": {"vcpus": 4, "swap": 0, "name": "ds4G", "OS-FLV-EXT-DATA:ephemeral": 0, "disk": 20, "id": "d4", "os-flavor-access:is_public": true, "rxtx_factor": 1.0, "ram": 4096}} {{(pid=72156) _process_stack /opt/stack/nova/nova/api/openstack/wsgi.py:518}}
Sep 02 02:42:08.176865 np0000032632 devstack@n-api.service[72156]: INFO nova.api.openstack.requestlog [None req-9b983498-0a81-4ec0-bc58-467f4bd15d4f admin admin] 192.168.1.148 "POST /compute/v2.1/flavors" status: 200 len: 410 microversion: 2.61 time: 0.029072
Sep 02 02:42:08.177220 np0000032632 devstack@n-api.service[72156]: [pid: 72156|app: 0|req: 9/17] 192.168.1.148 () {72 vars in 1419 bytes} [Tue Sep  2 02:42:08 2025] POST /compute/v2.1/flavors => generated 410 bytes in 29 msecs (HTTP/1.1 200) 9 headers in 359 bytes (1 switches on core 0)
Sep 02 02:42:08.188633 np0000032632 devstack@n-api.service[72155]: DEBUG nova.api.openstack.wsgi [None req-a18c615c-677c-4e60-989d-d908d9c6eafd admin admin] Action: 'create', calling method: <bound method FlavorExtraSpecsController.create of <nova.api.openstack.compute.flavors_extraspecs.FlavorExtraSpecsController object at 0x7f5e1d007340>>, body: {"extra_specs": {"hw_rng:allowed": "True"}} {{(pid=72155) _process_stack /opt/stack/nova/nova/api/openstack/wsgi.py:518}}
Sep 02 02:42:08.197303 np0000032632 devstack@n-api.service[72155]: INFO nova.api.openstack.requestlog [None req-a18c615c-677c-4e60-989d-d908d9c6eafd admin admin] 192.168.1.148 "POST /compute/v2.1/flavors/d4/os-extra_specs" status: 200 len: 43 microversion: 2.61 time: 0.013194
Sep 02 02:42:08.197667 np0000032632 devstack@n-api.service[72155]: [pid: 72155|app: 0|req: 9/18] 192.168.1.148 () {72 vars in 1472 bytes} [Tue Sep  2 02:42:08 2025] POST /compute/v2.1/flavors/d4/os-extra_specs => generated 43 bytes in 14 msecs (HTTP/1.1 200) 9 headers in 358 bytes (1 switches on core 0)
Sep 02 02:42:08.286475 np0000032632 devstack@n-api.service[72156]: DEBUG nova.api.openstack.wsgi [None req-9b983498-0a81-4ec0-bc58-467f4bd15d4f admin admin] Calling method '<bound method VersionsV2.index of <nova.api.openstack.compute.versions.VersionsV2 object at 0x7f5e1d661c30>>' {{(pid=72156) _process_stack /opt/stack/nova/nova/api/openstack/wsgi.py:520}}
Sep 02 02:42:08.288030 np0000032632 devstack@n-api.service[72156]: INFO nova.api.openstack.requestlog [None req-9b983498-0a81-4ec0-bc58-467f4bd15d4f admin admin] 192.168.1.148 "GET /compute/v2.1" status: 200 len: 391 microversion: 2.1 time: 0.001727
Sep 02 02:42:08.288209 np0000032632 devstack@n-api.service[72156]: [pid: 72156|app: 0|req: 10/19] 192.168.1.148 () {62 vars in 1067 bytes} [Tue Sep  2 02:42:08 2025] GET /compute/v2.1 => generated 391 bytes in 2 msecs (HTTP/1.1 200) 9 headers in 357 bytes (1 switches on core 0)
Sep 02 02:42:08.315109 np0000032632 devstack@n-api.service[72155]: DEBUG nova.api.openstack.wsgi [None req-2a336c6d-4d68-4680-88ec-23ed51a1ae8a admin admin] Calling method '<bound method FlavorsController.detail of <nova.api.openstack.compute.flavors.FlavorsController object at 0x7f5e1d006170>>' {{(pid=72155) _process_stack /opt/stack/nova/nova/api/openstack/wsgi.py:520}}
Sep 02 02:42:08.326744 np0000032632 devstack@n-api.service[72155]: INFO nova.api.openstack.requestlog [None req-2a336c6d-4d68-4680-88ec-23ed51a1ae8a admin admin] 192.168.1.148 "GET /compute/v2.1/flavors/detail?is_public=True" status: 200 len: 2136 microversion: 2.61 time: 0.032538
Sep 02 02:42:08.327167 np0000032632 devstack@n-api.service[72155]: [pid: 72155|app: 0|req: 10/20] 192.168.1.148 () {68 vars in 1428 bytes} [Tue Sep  2 02:42:08 2025] GET /compute/v2.1/flavors/detail?is_public=True => generated 2136 bytes in 33 msecs (HTTP/1.1 200) 9 headers in 360 bytes (1 switches on core 0)
Sep 02 02:42:08.424047 np0000032632 devstack@n-api.service[72156]: DEBUG nova.api.openstack.wsgi [None req-9b983498-0a81-4ec0-bc58-467f4bd15d4f admin admin] Calling method '<bound method VersionsV2.index of <nova.api.openstack.compute.versions.VersionsV2 object at 0x7f5e1d661c30>>' {{(pid=72156) _process_stack /opt/stack/nova/nova/api/openstack/wsgi.py:520}}
Sep 02 02:42:08.425648 np0000032632 devstack@n-api.service[72156]: INFO nova.api.openstack.requestlog [None req-9b983498-0a81-4ec0-bc58-467f4bd15d4f admin admin] 192.168.1.148 "GET /compute/v2.1" status: 200 len: 391 microversion: 2.1 time: 0.001786
Sep 02 02:42:08.425827 np0000032632 devstack@n-api.service[72156]: [pid: 72156|app: 0|req: 11/21] 192.168.1.148 () {62 vars in 1067 bytes} [Tue Sep  2 02:42:08 2025] GET /compute/v2.1 => generated 391 bytes in 2 msecs (HTTP/1.1 200) 9 headers in 357 bytes (1 switches on core 0)
Sep 02 02:42:08.450174 np0000032632 devstack@n-api.service[72155]: DEBUG nova.api.openstack.wsgi [None req-ba3c655f-ebe8-428c-a03a-92a4b679ff08 admin admin] Action: 'create', calling method: <bound method FlavorsController.create of <nova.api.openstack.compute.flavors.FlavorsController object at 0x7f5e1d005d20>>, body: {"flavor": {"vcpus": 1, "swap": 0, "name": "m1.tiny", "OS-FLV-EXT-DATA:ephemeral": 0, "disk": 1, "id": "1", "os-flavor-access:is_public": true, "rxtx_factor": 1.0, "ram": 512}} {{(pid=72155) _process_stack /opt/stack/nova/nova/api/openstack/wsgi.py:518}}
Sep 02 02:42:08.459704 np0000032632 devstack@n-api.service[72155]: INFO nova.api.openstack.requestlog [None req-ba3c655f-ebe8-428c-a03a-92a4b679ff08 admin admin] 192.168.1.148 "POST /compute/v2.1/flavors" status: 200 len: 408 microversion: 2.61 time: 0.028487
Sep 02 02:42:08.460175 np0000032632 devstack@n-api.service[72155]: [pid: 72155|app: 0|req: 11/22] 192.168.1.148 () {72 vars in 1419 bytes} [Tue Sep  2 02:42:08 2025] POST /compute/v2.1/flavors => generated 408 bytes in 29 msecs (HTTP/1.1 200) 9 headers in 359 bytes (1 switches on core 0)
Sep 02 02:42:08.468218 np0000032632 devstack@n-api.service[72156]: DEBUG nova.api.openstack.wsgi [None req-c77e4ccd-98e5-4aa1-b4d0-673016804f86 admin admin] Action: 'create', calling method: <bound method FlavorExtraSpecsController.create of <nova.api.openstack.compute.flavors_extraspecs.FlavorExtraSpecsController object at 0x7f5e1d00b160>>, body: {"extra_specs": {"hw_rng:allowed": "True"}} {{(pid=72156) _process_stack /opt/stack/nova/nova/api/openstack/wsgi.py:518}}
Sep 02 02:42:08.479611 np0000032632 devstack@n-api.service[72156]: INFO nova.api.openstack.requestlog [None req-c77e4ccd-98e5-4aa1-b4d0-673016804f86 admin admin] 192.168.1.148 "POST /compute/v2.1/flavors/1/os-extra_specs" status: 200 len: 43 microversion: 2.61 time: 0.012950
Sep 02 02:42:08.479836 np0000032632 devstack@n-api.service[72156]: [pid: 72156|app: 0|req: 12/23] 192.168.1.148 () {72 vars in 1469 bytes} [Tue Sep  2 02:42:08 2025] POST /compute/v2.1/flavors/1/os-extra_specs => generated 43 bytes in 13 msecs (HTTP/1.1 200) 9 headers in 358 bytes (1 switches on core 0)
Sep 02 02:42:08.567137 np0000032632 devstack@n-api.service[72155]: DEBUG nova.api.openstack.wsgi [None req-ba3c655f-ebe8-428c-a03a-92a4b679ff08 admin admin] Calling method '<bound method VersionsV2.index of <nova.api.openstack.compute.versions.VersionsV2 object at 0x7f5e1d8ed9c0>>' {{(pid=72155) _process_stack /opt/stack/nova/nova/api/openstack/wsgi.py:520}}
Sep 02 02:42:08.568805 np0000032632 devstack@n-api.service[72155]: INFO nova.api.openstack.requestlog [None req-ba3c655f-ebe8-428c-a03a-92a4b679ff08 admin admin] 192.168.1.148 "GET /compute/v2.1" status: 200 len: 391 microversion: 2.1 time: 0.001899
Sep 02 02:42:08.569098 np0000032632 devstack@n-api.service[72155]: [pid: 72155|app: 0|req: 12/24] 192.168.1.148 () {62 vars in 1067 bytes} [Tue Sep  2 02:42:08 2025] GET /compute/v2.1 => generated 391 bytes in 2 msecs (HTTP/1.1 200) 9 headers in 357 bytes (1 switches on core 0)
Sep 02 02:42:08.593392 np0000032632 devstack@n-api.service[72156]: DEBUG nova.api.openstack.wsgi [None req-39c327fb-4cde-4b9a-a14c-c66bc0bca35e admin admin] Action: 'create', calling method: <bound method FlavorsController.create of <nova.api.openstack.compute.flavors.FlavorsController object at 0x7f5e1d009ea0>>, body: {"flavor": {"vcpus": 1, "swap": 0, "name": "m1.small", "OS-FLV-EXT-DATA:ephemeral": 0, "disk": 20, "id": "2", "os-flavor-access:is_public": true, "rxtx_factor": 1.0, "ram": 2048}} {{(pid=72156) _process_stack /opt/stack/nova/nova/api/openstack/wsgi.py:518}}
Sep 02 02:42:08.603156 np0000032632 devstack@n-api.service[72156]: INFO nova.api.openstack.requestlog [None req-39c327fb-4cde-4b9a-a14c-c66bc0bca35e admin admin] 192.168.1.148 "POST /compute/v2.1/flavors" status: 200 len: 411 microversion: 2.61 time: 0.028668
Sep 02 02:42:08.603389 np0000032632 devstack@n-api.service[72156]: [pid: 72156|app: 0|req: 13/25] 192.168.1.148 () {72 vars in 1419 bytes} [Tue Sep  2 02:42:08 2025] POST /compute/v2.1/flavors => generated 411 bytes in 29 msecs (HTTP/1.1 200) 9 headers in 359 bytes (2 switches on core 0)
Sep 02 02:42:08.612203 np0000032632 devstack@n-api.service[72155]: DEBUG nova.api.openstack.wsgi [None req-68551d57-bd27-4b1e-b3d4-5b3de8be3dae admin admin] Action: 'create', calling method: <bound method FlavorExtraSpecsController.create of <nova.api.openstack.compute.flavors_extraspecs.FlavorExtraSpecsController object at 0x7f5e1d007340>>, body: {"extra_specs": {"hw_rng:allowed": "True"}} {{(pid=72155) _process_stack /opt/stack/nova/nova/api/openstack/wsgi.py:518}}
Sep 02 02:42:08.623852 np0000032632 devstack@n-api.service[72155]: INFO nova.api.openstack.requestlog [None req-68551d57-bd27-4b1e-b3d4-5b3de8be3dae admin admin] 192.168.1.148 "POST /compute/v2.1/flavors/2/os-extra_specs" status: 200 len: 43 microversion: 2.61 time: 0.013340
Sep 02 02:42:08.624202 np0000032632 devstack@n-api.service[72155]: [pid: 72155|app: 0|req: 13/26] 192.168.1.148 () {72 vars in 1469 bytes} [Tue Sep  2 02:42:08 2025] POST /compute/v2.1/flavors/2/os-extra_specs => generated 43 bytes in 14 msecs (HTTP/1.1 200) 9 headers in 358 bytes (1 switches on core 0)
Sep 02 02:42:08.715390 np0000032632 devstack@n-api.service[72156]: DEBUG nova.api.openstack.wsgi [None req-39c327fb-4cde-4b9a-a14c-c66bc0bca35e admin admin] Calling method '<bound method VersionsV2.index of <nova.api.openstack.compute.versions.VersionsV2 object at 0x7f5e1d661c30>>' {{(pid=72156) _process_stack /opt/stack/nova/nova/api/openstack/wsgi.py:520}}
Sep 02 02:42:08.716911 np0000032632 devstack@n-api.service[72156]: INFO nova.api.openstack.requestlog [None req-39c327fb-4cde-4b9a-a14c-c66bc0bca35e admin admin] 192.168.1.148 "GET /compute/v2.1" status: 200 len: 391 microversion: 2.1 time: 0.001711
Sep 02 02:42:08.717390 np0000032632 devstack@n-api.service[72156]: [pid: 72156|app: 0|req: 14/27] 192.168.1.148 () {62 vars in 1067 bytes} [Tue Sep  2 02:42:08 2025] GET /compute/v2.1 => generated 391 bytes in 2 msecs (HTTP/1.1 200) 9 headers in 357 bytes (1 switches on core 0)
Sep 02 02:42:08.742670 np0000032632 devstack@n-api.service[72155]: DEBUG nova.api.openstack.wsgi [None req-b2f065ab-6854-41c9-ad28-27aeb96c24ed admin admin] Action: 'create', calling method: <bound method FlavorsController.create of <nova.api.openstack.compute.flavors.FlavorsController object at 0x7f5e1d005d20>>, body: {"flavor": {"vcpus": 2, "swap": 0, "name": "m1.medium", "OS-FLV-EXT-DATA:ephemeral": 0, "disk": 40, "id": "3", "os-flavor-access:is_public": true, "rxtx_factor": 1.0, "ram": 4096}} {{(pid=72155) _process_stack /opt/stack/nova/nova/api/openstack/wsgi.py:518}}
Sep 02 02:42:08.754742 np0000032632 devstack@n-api.service[72155]: INFO nova.api.openstack.requestlog [None req-b2f065ab-6854-41c9-ad28-27aeb96c24ed admin admin] 192.168.1.148 "POST /compute/v2.1/flavors" status: 200 len: 412 microversion: 2.61 time: 0.031718
Sep 02 02:42:08.755221 np0000032632 devstack@n-api.service[72155]: [pid: 72155|app: 0|req: 14/28] 192.168.1.148 () {72 vars in 1419 bytes} [Tue Sep  2 02:42:08 2025] POST /compute/v2.1/flavors => generated 412 bytes in 32 msecs (HTTP/1.1 200) 9 headers in 359 bytes (1 switches on core 0)
Sep 02 02:42:08.766324 np0000032632 devstack@n-api.service[72156]: DEBUG nova.api.openstack.wsgi [None req-434a56e3-fb00-4ec9-9931-33a83af43551 admin admin] Action: 'create', calling method: <bound method FlavorExtraSpecsController.create of <nova.api.openstack.compute.flavors_extraspecs.FlavorExtraSpecsController object at 0x7f5e1d00b160>>, body: {"extra_specs": {"hw_rng:allowed": "True"}} {{(pid=72156) _process_stack /opt/stack/nova/nova/api/openstack/wsgi.py:518}}
Sep 02 02:42:08.779398 np0000032632 devstack@n-api.service[72156]: INFO nova.api.openstack.requestlog [None req-434a56e3-fb00-4ec9-9931-33a83af43551 admin admin] 192.168.1.148 "POST /compute/v2.1/flavors/3/os-extra_specs" status: 200 len: 43 microversion: 2.61 time: 0.014932
Sep 02 02:42:08.779675 np0000032632 devstack@n-api.service[72156]: [pid: 72156|app: 0|req: 15/29] 192.168.1.148 () {72 vars in 1469 bytes} [Tue Sep  2 02:42:08 2025] POST /compute/v2.1/flavors/3/os-extra_specs => generated 43 bytes in 15 msecs (HTTP/1.1 200) 9 headers in 358 bytes (1 switches on core 0)
Sep 02 02:42:08.880069 np0000032632 devstack@n-api.service[72155]: DEBUG nova.api.openstack.wsgi [None req-b2f065ab-6854-41c9-ad28-27aeb96c24ed admin admin] Calling method '<bound method VersionsV2.index of <nova.api.openstack.compute.versions.VersionsV2 object at 0x7f5e1d8ed9c0>>' {{(pid=72155) _process_stack /opt/stack/nova/nova/api/openstack/wsgi.py:520}}
Sep 02 02:42:08.880069 np0000032632 devstack@n-api.service[72155]: INFO nova.api.openstack.requestlog [None req-b2f065ab-6854-41c9-ad28-27aeb96c24ed admin admin] 192.168.1.148 "GET /compute/v2.1" status: 200 len: 391 microversion: 2.1 time: 0.001727
Sep 02 02:42:08.880069 np0000032632 devstack@n-api.service[72155]: [pid: 72155|app: 0|req: 15/30] 192.168.1.148 () {62 vars in 1067 bytes} [Tue Sep  2 02:42:08 2025] GET /compute/v2.1 => generated 391 bytes in 2 msecs (HTTP/1.1 200) 9 headers in 357 bytes (1 switches on core 0)
Sep 02 02:42:08.908102 np0000032632 devstack@n-api.service[72156]: DEBUG nova.api.openstack.wsgi [None req-f72f0be7-7a29-4856-9a0f-decead4e790e admin admin] Action: 'create', calling method: <bound method FlavorsController.create of <nova.api.openstack.compute.flavors.FlavorsController object at 0x7f5e1d009ea0>>, body: {"flavor": {"vcpus": 4, "swap": 0, "name": "m1.large", "OS-FLV-EXT-DATA:ephemeral": 0, "disk": 80, "id": "4", "os-flavor-access:is_public": true, "rxtx_factor": 1.0, "ram": 8192}} {{(pid=72156) _process_stack /opt/stack/nova/nova/api/openstack/wsgi.py:518}}
Sep 02 02:42:08.918339 np0000032632 devstack@n-api.service[72156]: INFO nova.api.openstack.requestlog [None req-f72f0be7-7a29-4856-9a0f-decead4e790e admin admin] 192.168.1.148 "POST /compute/v2.1/flavors" status: 200 len: 411 microversion: 2.61 time: 0.030419
Sep 02 02:42:08.918611 np0000032632 devstack@n-api.service[72156]: [pid: 72156|app: 0|req: 16/31] 192.168.1.148 () {72 vars in 1419 bytes} [Tue Sep  2 02:42:08 2025] POST /compute/v2.1/flavors => generated 411 bytes in 31 msecs (HTTP/1.1 200) 9 headers in 359 bytes (1 switches on core 0)
Sep 02 02:42:08.929096 np0000032632 devstack@n-api.service[72155]: DEBUG nova.api.openstack.wsgi [None req-be2591b9-23de-4448-8e45-c9bc779ef11a admin admin] Action: 'create', calling method: <bound method FlavorExtraSpecsController.create of <nova.api.openstack.compute.flavors_extraspecs.FlavorExtraSpecsController object at 0x7f5e1d007340>>, body: {"extra_specs": {"hw_rng:allowed": "True"}} {{(pid=72155) _process_stack /opt/stack/nova/nova/api/openstack/wsgi.py:518}}
Sep 02 02:42:08.939937 np0000032632 devstack@n-api.service[72155]: INFO nova.api.openstack.requestlog [None req-be2591b9-23de-4448-8e45-c9bc779ef11a admin admin] 192.168.1.148 "POST /compute/v2.1/flavors/4/os-extra_specs" status: 200 len: 43 microversion: 2.61 time: 0.013910
Sep 02 02:42:08.940357 np0000032632 devstack@n-api.service[72155]: [pid: 72155|app: 0|req: 16/32] 192.168.1.148 () {72 vars in 1469 bytes} [Tue Sep  2 02:42:08 2025] POST /compute/v2.1/flavors/4/os-extra_specs => generated 43 bytes in 14 msecs (HTTP/1.1 200) 9 headers in 358 bytes (1 switches on core 0)
Sep 02 02:42:09.035738 np0000032632 devstack@n-api.service[72156]: DEBUG nova.api.openstack.wsgi [None req-f72f0be7-7a29-4856-9a0f-decead4e790e admin admin] Calling method '<bound method VersionsV2.index of <nova.api.openstack.compute.versions.VersionsV2 object at 0x7f5e1d661c30>>' {{(pid=72156) _process_stack /opt/stack/nova/nova/api/openstack/wsgi.py:520}}
Sep 02 02:42:09.037309 np0000032632 devstack@n-api.service[72156]: INFO nova.api.openstack.requestlog [None req-f72f0be7-7a29-4856-9a0f-decead4e790e admin admin] 192.168.1.148 "GET /compute/v2.1" status: 200 len: 391 microversion: 2.1 time: 0.001745
Sep 02 02:42:09.037493 np0000032632 devstack@n-api.service[72156]: [pid: 72156|app: 0|req: 17/33] 192.168.1.148 () {62 vars in 1067 bytes} [Tue Sep  2 02:42:09 2025] GET /compute/v2.1 => generated 391 bytes in 2 msecs (HTTP/1.1 200) 9 headers in 357 bytes (1 switches on core 0)
Sep 02 02:42:09.064291 np0000032632 devstack@n-api.service[72155]: DEBUG nova.api.openstack.wsgi [None req-200fbece-6843-4c71-a42b-1c8530d04468 admin admin] Action: 'create', calling method: <bound method FlavorsController.create of <nova.api.openstack.compute.flavors.FlavorsController object at 0x7f5e1d005d20>>, body: {"flavor": {"vcpus": 8, "swap": 0, "name": "m1.xlarge", "OS-FLV-EXT-DATA:ephemeral": 0, "disk": 160, "id": "5", "os-flavor-access:is_public": true, "rxtx_factor": 1.0, "ram": 16384}} {{(pid=72155) _process_stack /opt/stack/nova/nova/api/openstack/wsgi.py:518}}
Sep 02 02:42:09.074274 np0000032632 devstack@n-api.service[72155]: INFO nova.api.openstack.requestlog [None req-200fbece-6843-4c71-a42b-1c8530d04468 admin admin] 192.168.1.148 "POST /compute/v2.1/flavors" status: 200 len: 414 microversion: 2.61 time: 0.030824
Sep 02 02:42:09.074683 np0000032632 devstack@n-api.service[72155]: [pid: 72155|app: 0|req: 17/34] 192.168.1.148 () {72 vars in 1419 bytes} [Tue Sep  2 02:42:09 2025] POST /compute/v2.1/flavors => generated 414 bytes in 31 msecs (HTTP/1.1 200) 9 headers in 359 bytes (1 switches on core 0)
Sep 02 02:42:09.084218 np0000032632 devstack@n-api.service[72156]: DEBUG nova.api.openstack.wsgi [None req-12cc80f1-b35d-4192-aa48-0f24e4b5fa71 admin admin] Action: 'create', calling method: <bound method FlavorExtraSpecsController.create of <nova.api.openstack.compute.flavors_extraspecs.FlavorExtraSpecsController object at 0x7f5e1d00b160>>, body: {"extra_specs": {"hw_rng:allowed": "True"}} {{(pid=72156) _process_stack /opt/stack/nova/nova/api/openstack/wsgi.py:518}}
Sep 02 02:42:09.097137 np0000032632 devstack@n-api.service[72156]: INFO nova.api.openstack.requestlog [None req-12cc80f1-b35d-4192-aa48-0f24e4b5fa71 admin admin] 192.168.1.148 "POST /compute/v2.1/flavors/5/os-extra_specs" status: 200 len: 43 microversion: 2.61 time: 0.014741
Sep 02 02:42:09.097598 np0000032632 devstack@n-api.service[72156]: [pid: 72156|app: 0|req: 18/35] 192.168.1.148 () {72 vars in 1469 bytes} [Tue Sep  2 02:42:09 2025] POST /compute/v2.1/flavors/5/os-extra_specs => generated 43 bytes in 15 msecs (HTTP/1.1 200) 9 headers in 358 bytes (1 switches on core 0)
Sep 02 02:42:14.076727 np0000032632 devstack@n-api.service[72155]: DEBUG nova.api.openstack.wsgi [None req-200fbece-6843-4c71-a42b-1c8530d04468 admin admin] Calling method '<bound method VersionsV2.index of <nova.api.openstack.compute.versions.VersionsV2 object at 0x7f5e1d8ed9c0>>' {{(pid=72155) _process_stack /opt/stack/nova/nova/api/openstack/wsgi.py:520}}
Sep 02 02:42:14.078317 np0000032632 devstack@n-api.service[72155]: INFO nova.api.openstack.requestlog [None req-200fbece-6843-4c71-a42b-1c8530d04468 admin admin] 192.168.1.148 "GET /compute/v2.1" status: 200 len: 391 microversion: 2.1 time: 0.001784
Sep 02 02:42:14.078494 np0000032632 devstack@n-api.service[72155]: [pid: 72155|app: 0|req: 18/36] 192.168.1.148 () {62 vars in 1067 bytes} [Tue Sep  2 02:42:14 2025] GET /compute/v2.1 => generated 391 bytes in 2 msecs (HTTP/1.1 200) 9 headers in 357 bytes (1 switches on core 0)
Sep 02 02:42:14.103183 np0000032632 devstack@n-api.service[72156]: DEBUG nova.api.openstack.wsgi [None req-f36dcc02-1999-44dd-911c-5f0c8b27b3c3 admin admin] Calling method '<bound method FlavorsController.detail of <nova.api.openstack.compute.flavors.FlavorsController object at 0x7f5e1d00a440>>' {{(pid=72156) _process_stack /opt/stack/nova/nova/api/openstack/wsgi.py:520}}
Sep 02 02:42:14.110822 np0000032632 devstack@n-api.service[72156]: INFO nova.api.openstack.requestlog [None req-f36dcc02-1999-44dd-911c-5f0c8b27b3c3 admin admin] 192.168.1.148 "GET /compute/v2.1/flavors/detail?is_public=True" status: 200 len: 4262 microversion: 2.61 time: 0.027049
Sep 02 02:42:14.111048 np0000032632 devstack@n-api.service[72156]: [pid: 72156|app: 0|req: 19/37] 192.168.1.148 () {68 vars in 1428 bytes} [Tue Sep  2 02:42:14 2025] GET /compute/v2.1/flavors/detail?is_public=True => generated 4262 bytes in 27 msecs (HTTP/1.1 200) 9 headers in 360 bytes (1 switches on core 0)
Sep 02 02:42:14.219687 np0000032632 devstack@n-api.service[72155]: DEBUG nova.api.openstack.wsgi [None req-200fbece-6843-4c71-a42b-1c8530d04468 admin admin] Calling method '<bound method VersionsV2.index of <nova.api.openstack.compute.versions.VersionsV2 object at 0x7f5e1d8ed9c0>>' {{(pid=72155) _process_stack /opt/stack/nova/nova/api/openstack/wsgi.py:520}}
Sep 02 02:42:14.221203 np0000032632 devstack@n-api.service[72155]: INFO nova.api.openstack.requestlog [None req-200fbece-6843-4c71-a42b-1c8530d04468 admin admin] 192.168.1.148 "GET /compute/v2.1" status: 200 len: 391 microversion: 2.1 time: 0.001671
Sep 02 02:42:14.221452 np0000032632 devstack@n-api.service[72155]: [pid: 72155|app: 0|req: 19/38] 192.168.1.148 () {62 vars in 1067 bytes} [Tue Sep  2 02:42:14 2025] GET /compute/v2.1 => generated 391 bytes in 2 msecs (HTTP/1.1 200) 9 headers in 357 bytes (1 switches on core 0)
Sep 02 02:42:14.245383 np0000032632 devstack@n-api.service[72156]: DEBUG nova.api.openstack.wsgi [None req-d502004b-c69c-4b11-896f-d14c9a542e37 admin admin] Action: 'create', calling method: <bound method FlavorsController.create of <nova.api.openstack.compute.flavors.FlavorsController object at 0x7f5e1d009ea0>>, body: {"flavor": {"vcpus": 1, "swap": 0, "name": "manila-service-flavor", "OS-FLV-EXT-DATA:ephemeral": 0, "disk": 5, "id": "100", "os-flavor-access:is_public": true, "rxtx_factor": 1.0, "ram": 1024}} {{(pid=72156) _process_stack /opt/stack/nova/nova/api/openstack/wsgi.py:518}}
Sep 02 02:42:14.255524 np0000032632 devstack@n-api.service[72156]: INFO nova.api.openstack.requestlog [None req-d502004b-c69c-4b11-896f-d14c9a542e37 admin admin] 192.168.1.148 "POST /compute/v2.1/flavors" status: 200 len: 429 microversion: 2.61 time: 0.028930
Sep 02 02:42:14.255747 np0000032632 devstack@n-api.service[72156]: [pid: 72156|app: 0|req: 20/39] 192.168.1.148 () {72 vars in 1419 bytes} [Tue Sep  2 02:42:14 2025] POST /compute/v2.1/flavors => generated 429 bytes in 29 msecs (HTTP/1.1 200) 9 headers in 359 bytes (1 switches on core 0)
Sep 02 02:42:41.129719 np0000032632 devstack@n-api.service[72155]: DEBUG nova.api.openstack.wsgi [None req-200fbece-6843-4c71-a42b-1c8530d04468 admin admin] Calling method '<bound method VersionsV2.index of <nova.api.openstack.compute.versions.VersionsV2 object at 0x7f5e1d8ed9c0>>' {{(pid=72155) _process_stack /opt/stack/nova/nova/api/openstack/wsgi.py:520}}
Sep 02 02:42:41.131298 np0000032632 devstack@n-api.service[72155]: INFO nova.api.openstack.requestlog [None req-200fbece-6843-4c71-a42b-1c8530d04468 admin admin] 192.168.1.148 "GET /compute/v2.1" status: 200 len: 391 microversion: 2.1 time: 0.001766
Sep 02 02:42:41.131478 np0000032632 devstack@n-api.service[72155]: [pid: 72155|app: 0|req: 20/40] 192.168.1.148 () {62 vars in 1067 bytes} [Tue Sep  2 02:42:41 2025] GET /compute/v2.1 => generated 391 bytes in 2 msecs (HTTP/1.1 200) 9 headers in 357 bytes (1 switches on core 0)
Sep 02 02:42:41.138004 np0000032632 devstack@n-api.service[72156]: DEBUG dbcounter [-] [72156] Writing DB stats nova_api:SELECT=23,nova_api:INSERT=11,nova_api:SAVEPOINT=5,nova_api:RELEASE=5 {{(pid=72156) stat_writer /opt/stack/data/venv/lib/python3.10/site-packages/dbcounter.py:115}}
Sep 02 02:42:41.157188 np0000032632 devstack@n-api.service[72156]: DEBUG nova.api.openstack.wsgi [None req-11ecb077-509a-4556-9773-6b5149a819bd admin admin] Calling method '<function Controller.__getattribute__.<locals>.version_select at 0x7f5e1cb6e290>' {{(pid=72156) _process_stack /opt/stack/nova/nova/api/openstack/wsgi.py:520}}
Sep 02 02:42:41.159233 np0000032632 devstack@n-api.service[72156]: WARNING oslo_db.sqlalchemy.utils [None req-11ecb077-509a-4556-9773-6b5149a819bd admin admin] Unique keys not in sort_keys. The sorting order may be unstable.
Sep 02 02:42:41.167175 np0000032632 devstack@n-api.service[72156]: INFO nova.api.openstack.requestlog [None req-11ecb077-509a-4556-9773-6b5149a819bd admin admin] 192.168.1.148 "GET /compute/v2.1/os-keypairs" status: 200 len: 16 microversion: 2.10 time: 0.029790
Sep 02 02:42:41.167454 np0000032632 devstack@n-api.service[72156]: [pid: 72156|app: 0|req: 21/41] 192.168.1.148 () {68 vars in 1390 bytes} [Tue Sep  2 02:42:41 2025] GET /compute/v2.1/os-keypairs => generated 16 bytes in 30 msecs (HTTP/1.1 200) 9 headers in 358 bytes (1 switches on core 0)
