Sep 02 02:42:07.947412 np0000032632 systemd[1]: Starting Devstack devstack@g-api.service...
Sep 02 02:42:07.950779 np0000032632 devstack@g-api.service[82385]: [uWSGI] getting INI configuration from /etc/glance/glance-uwsgi.ini
Sep 02 02:42:07.951683 np0000032632 devstack@g-api.service[82385]: *** Starting uWSGI 2.0.20-debian (64bit) on [Tue Sep  2 02:42:07 2025] ***
Sep 02 02:42:07.951683 np0000032632 devstack@g-api.service[82385]: compiled with version: 11.2.0 on 21 March 2022 11:00:44
Sep 02 02:42:07.951683 np0000032632 devstack@g-api.service[82385]: os: Linux-5.15.0-152-generic #162-Ubuntu SMP Wed Jul 23 09:48:42 UTC 2025
Sep 02 02:42:07.951683 np0000032632 devstack@g-api.service[82385]: nodename: np0000032632
Sep 02 02:42:07.951683 np0000032632 devstack@g-api.service[82385]: machine: x86_64
Sep 02 02:42:07.951792 np0000032632 devstack@g-api.service[82385]: clock source: unix
Sep 02 02:42:07.951792 np0000032632 devstack@g-api.service[82385]: pcre jit disabled
Sep 02 02:42:07.951792 np0000032632 devstack@g-api.service[82385]: detected number of CPU cores: 8
Sep 02 02:42:07.951792 np0000032632 devstack@g-api.service[82385]: current working directory: /
Sep 02 02:42:07.951792 np0000032632 devstack@g-api.service[82385]: detected binary path: /usr/bin/uwsgi-core
Sep 02 02:42:07.951792 np0000032632 devstack@g-api.service[82385]: your processes number limit is 47515
Sep 02 02:42:07.951792 np0000032632 devstack@g-api.service[82385]: your memory page size is 4096 bytes
Sep 02 02:42:07.951792 np0000032632 devstack@g-api.service[82385]: detected max file descriptor number: 2048
Sep 02 02:42:07.951792 np0000032632 devstack@g-api.service[82385]: lock engine: pthread robust mutexes
Sep 02 02:42:07.951792 np0000032632 devstack@g-api.service[82385]: thunder lock: enabled
Sep 02 02:42:07.951973 np0000032632 devstack@g-api.service[82385]: uwsgi socket 0 bound to TCP address 127.0.0.1:60999 fd 4
Sep 02 02:42:07.951973 np0000032632 devstack@g-api.service[82385]: Python version: 3.10.12 (main, Aug 15 2025, 14:32:43) [GCC 11.4.0]
Sep 02 02:42:07.951973 np0000032632 devstack@g-api.service[82385]: PEP 405 virtualenv detected: /opt/stack/data/venv
Sep 02 02:42:07.951973 np0000032632 devstack@g-api.service[82385]: Set PythonHome to /opt/stack/data/venv
Sep 02 02:42:07.975283 np0000032632 systemd[1]: Started Devstack devstack@g-api.service.
Sep 02 02:42:07.975884 np0000032632 devstack@g-api.service[82385]: Python main interpreter initialized at 0x563f941b4e10
Sep 02 02:42:07.975884 np0000032632 devstack@g-api.service[82385]: python threads support enabled
Sep 02 02:42:07.975884 np0000032632 devstack@g-api.service[82385]: your server socket listen backlog is limited to 100 connections
Sep 02 02:42:07.975884 np0000032632 devstack@g-api.service[82385]: your mercy for graceful operations on workers is 80 seconds
Sep 02 02:42:07.975884 np0000032632 devstack@g-api.service[82385]: mapped 403077 bytes (393 KB) for 2 cores
Sep 02 02:42:07.975884 np0000032632 devstack@g-api.service[82385]: *** Operational MODE: preforking ***
Sep 02 02:42:07.975884 np0000032632 devstack@g-api.service[82385]: *** uWSGI is running in multiple interpreter mode ***
Sep 02 02:42:07.975884 np0000032632 devstack@g-api.service[82385]: spawned uWSGI master process (pid: 82385)
Sep 02 02:42:07.975884 np0000032632 devstack@g-api.service[82385]: spawned uWSGI worker 1 (pid: 82386, cores: 1)
Sep 02 02:42:07.975884 np0000032632 devstack@g-api.service[82385]: spawned uWSGI worker 2 (pid: 82387, cores: 1)
Sep 02 02:42:07.975884 np0000032632 devstack@g-api.service[82385]: running "unix_signal:15 gracefully_kill_them_all" (master-start)...
Sep 02 02:42:08.710418 np0000032632 devstack@g-api.service[82387]: INFO glance.async_ [-] Threadpool model set to 'NativeThreadPoolModel'
Sep 02 02:42:08.721482 np0000032632 devstack@g-api.service[82386]: INFO glance.async_ [-] Threadpool model set to 'NativeThreadPoolModel'
Sep 02 02:42:08.779139 np0000032632 devstack@g-api.service[82387]: DEBUG oslo_concurrency.processutils [-] Running cmd (subprocess): grep -F node.session.scan /sbin/iscsiadm {{(pid=82387) execute /opt/stack/data/venv/lib/python3.10/site-packages/oslo_concurrency/processutils.py:390}}
Sep 02 02:42:08.783784 np0000032632 devstack@g-api.service[82387]: DEBUG oslo_concurrency.processutils [-] CMD "grep -F node.session.scan /sbin/iscsiadm" returned: 0 in 0.005s {{(pid=82387) execute /opt/stack/data/venv/lib/python3.10/site-packages/oslo_concurrency/processutils.py:428}}
Sep 02 02:42:08.795852 np0000032632 devstack@g-api.service[82386]: DEBUG oslo_concurrency.processutils [-] Running cmd (subprocess): grep -F node.session.scan /sbin/iscsiadm {{(pid=82386) execute /opt/stack/data/venv/lib/python3.10/site-packages/oslo_concurrency/processutils.py:390}}
Sep 02 02:42:08.801554 np0000032632 devstack@g-api.service[82386]: DEBUG oslo_concurrency.processutils [-] CMD "grep -F node.session.scan /sbin/iscsiadm" returned: 0 in 0.006s {{(pid=82386) execute /opt/stack/data/venv/lib/python3.10/site-packages/oslo_concurrency/processutils.py:428}}
Sep 02 02:42:08.802266 np0000032632 devstack@g-api.service[82387]: DEBUG glance_store.common.attachment_state_manager [-] Initialising _AttachmentStateManager {{(pid=82387) __init__ /opt/stack/data/venv/lib/python3.10/site-packages/glance_store/common/attachment_state_manager.py:86}}
Sep 02 02:42:08.819553 np0000032632 devstack@g-api.service[82386]: DEBUG glance_store.common.attachment_state_manager [-] Initialising _AttachmentStateManager {{(pid=82386) __init__ /opt/stack/data/venv/lib/python3.10/site-packages/glance_store/common/attachment_state_manager.py:86}}
Sep 02 02:42:08.874028 np0000032632 devstack@g-api.service[82387]: DEBUG glance_store.backend [-] Attempting to import store cinder {{(pid=82387) _load_store /opt/stack/data/venv/lib/python3.10/site-packages/glance_store/backend.py:216}}
Sep 02 02:42:08.874159 np0000032632 devstack@g-api.service[82387]: DEBUG glance_store.backend [-] Attempting to import store file {{(pid=82387) _load_store /opt/stack/data/venv/lib/python3.10/site-packages/glance_store/backend.py:216}}
Sep 02 02:42:08.874252 np0000032632 devstack@g-api.service[82387]: DEBUG glance_store.backend [-] Attempting to import store glance.store.cinder.Store {{(pid=82387) _load_store /opt/stack/data/venv/lib/python3.10/site-packages/glance_store/backend.py:216}}
Sep 02 02:42:08.874339 np0000032632 devstack@g-api.service[82387]: DEBUG glance_store.backend [-] Attempting to import store glance.store.filesystem.Store {{(pid=82387) _load_store /opt/stack/data/venv/lib/python3.10/site-packages/glance_store/backend.py:216}}
Sep 02 02:42:08.874437 np0000032632 devstack@g-api.service[82387]: DEBUG glance_store.backend [-] Attempting to import store glance.store.http.Store {{(pid=82387) _load_store /opt/stack/data/venv/lib/python3.10/site-packages/glance_store/backend.py:216}}
Sep 02 02:42:08.874500 np0000032632 devstack@g-api.service[82387]: DEBUG glance_store.backend [-] Attempting to import store glance.store.rbd.Store {{(pid=82387) _load_store /opt/stack/data/venv/lib/python3.10/site-packages/glance_store/backend.py:216}}
Sep 02 02:42:08.874581 np0000032632 devstack@g-api.service[82387]: DEBUG glance_store.backend [-] Attempting to import store glance.store.s3.Store {{(pid=82387) _load_store /opt/stack/data/venv/lib/python3.10/site-packages/glance_store/backend.py:216}}
Sep 02 02:42:08.874661 np0000032632 devstack@g-api.service[82387]: DEBUG glance_store.backend [-] Attempting to import store glance.store.swift.Store {{(pid=82387) _load_store /opt/stack/data/venv/lib/python3.10/site-packages/glance_store/backend.py:216}}
Sep 02 02:42:08.874740 np0000032632 devstack@g-api.service[82387]: DEBUG glance_store.backend [-] Attempting to import store glance.store.vmware_datastore.Store {{(pid=82387) _load_store /opt/stack/data/venv/lib/python3.10/site-packages/glance_store/backend.py:216}}
Sep 02 02:42:08.874821 np0000032632 devstack@g-api.service[82387]: DEBUG glance_store.backend [-] Attempting to import store http {{(pid=82387) _load_store /opt/stack/data/venv/lib/python3.10/site-packages/glance_store/backend.py:216}}
Sep 02 02:42:08.874906 np0000032632 devstack@g-api.service[82387]: DEBUG glance_store.backend [-] Attempting to import store no_conf {{(pid=82387) _load_store /opt/stack/data/venv/lib/python3.10/site-packages/glance_store/backend.py:216}}
Sep 02 02:42:08.874985 np0000032632 devstack@g-api.service[82387]: DEBUG glance_store.backend [-] Attempting to import store rbd {{(pid=82387) _load_store /opt/stack/data/venv/lib/python3.10/site-packages/glance_store/backend.py:216}}
Sep 02 02:42:08.875063 np0000032632 devstack@g-api.service[82387]: DEBUG glance_store.backend [-] Attempting to import store s3 {{(pid=82387) _load_store /opt/stack/data/venv/lib/python3.10/site-packages/glance_store/backend.py:216}}
Sep 02 02:42:08.875140 np0000032632 devstack@g-api.service[82387]: DEBUG glance_store.backend [-] Attempting to import store swift {{(pid=82387) _load_store /opt/stack/data/venv/lib/python3.10/site-packages/glance_store/backend.py:216}}
Sep 02 02:42:08.875224 np0000032632 devstack@g-api.service[82387]: DEBUG glance_store.backend [-] Attempting to import store vmware {{(pid=82387) _load_store /opt/stack/data/venv/lib/python3.10/site-packages/glance_store/backend.py:216}}
Sep 02 02:42:08.876045 np0000032632 devstack@g-api.service[82387]: DEBUG glance_store.backend [-] Registering options for group glance_store {{(pid=82387) register_opts /opt/stack/data/venv/lib/python3.10/site-packages/glance_store/backend.py:145}}
Sep 02 02:42:08.876045 np0000032632 devstack@g-api.service[82387]: DEBUG glance_store.backend [-] Registering options for group glance_store {{(pid=82387) register_opts /opt/stack/data/venv/lib/python3.10/site-packages/glance_store/backend.py:145}}
Sep 02 02:42:08.876045 np0000032632 devstack@g-api.service[82387]: DEBUG glance_store.backend [-] Attempting to import store file {{(pid=82387) _load_store /opt/stack/data/venv/lib/python3.10/site-packages/glance_store/backend.py:216}}
Sep 02 02:42:08.876188 np0000032632 devstack@g-api.service[82387]: DEBUG glance_store.capabilities [-] Store glance_store._drivers.filesystem.Store doesn't support updating dynamic storage capabilities. Please overwrite 'update_capabilities' method of the store to implement updating logics if needed. {{(pid=82387) update_capabilities /opt/stack/data/venv/lib/python3.10/site-packages/glance_store/capabilities.py:91}}
Sep 02 02:42:08.876243 np0000032632 devstack@g-api.service[82387]: DEBUG glance_store.backend [-] Registering store file with schemes ('file', 'filesystem') {{(pid=82387) create_stores /opt/stack/data/venv/lib/python3.10/site-packages/glance_store/backend.py:262}}
Sep 02 02:42:08.876297 np0000032632 devstack@g-api.service[82387]: DEBUG glance_store.driver [-] Late loading location class glance_store._drivers.filesystem.StoreLocation {{(pid=82387) get_store_location_class /opt/stack/data/venv/lib/python3.10/site-packages/glance_store/driver.py:133}}
Sep 02 02:42:08.876357 np0000032632 devstack@g-api.service[82387]: DEBUG glance_store.location [-] Registering scheme file with {'store': <glance_store._drivers.filesystem.Store object at 0x7f486398f760>, 'location_class': <class 'glance_store._drivers.filesystem.StoreLocation'>, 'store_entry': 'file'} {{(pid=82387) register_scheme_map /opt/stack/data/venv/lib/python3.10/site-packages/glance_store/location.py:146}}
Sep 02 02:42:08.876405 np0000032632 devstack@g-api.service[82387]: DEBUG glance_store.location [-] Registering scheme filesystem with {'store': <glance_store._drivers.filesystem.Store object at 0x7f486398f760>, 'location_class': <class 'glance_store._drivers.filesystem.StoreLocation'>, 'store_entry': 'file'} {{(pid=82387) register_scheme_map /opt/stack/data/venv/lib/python3.10/site-packages/glance_store/location.py:146}}
Sep 02 02:42:08.876446 np0000032632 devstack@g-api.service[82387]: DEBUG glance_store.backend [-] Attempting to import store http {{(pid=82387) _load_store /opt/stack/data/venv/lib/python3.10/site-packages/glance_store/backend.py:216}}
Sep 02 02:42:08.876611 np0000032632 devstack@g-api.service[82387]: DEBUG glance_store.capabilities [-] Store glance_store._drivers.http.Store doesn't support updating dynamic storage capabilities. Please overwrite 'update_capabilities' method of the store to implement updating logics if needed. {{(pid=82387) update_capabilities /opt/stack/data/venv/lib/python3.10/site-packages/glance_store/capabilities.py:91}}
Sep 02 02:42:08.876653 np0000032632 devstack@g-api.service[82387]: DEBUG glance_store.backend [-] Registering store http with schemes ('http', 'https') {{(pid=82387) create_stores /opt/stack/data/venv/lib/python3.10/site-packages/glance_store/backend.py:262}}
Sep 02 02:42:08.876698 np0000032632 devstack@g-api.service[82387]: DEBUG glance_store.driver [-] Late loading location class glance_store._drivers.http.StoreLocation {{(pid=82387) get_store_location_class /opt/stack/data/venv/lib/python3.10/site-packages/glance_store/driver.py:133}}
Sep 02 02:42:08.876748 np0000032632 devstack@g-api.service[82387]: DEBUG glance_store.location [-] Registering scheme http with {'store': <glance_store._drivers.http.Store object at 0x7f486398f6d0>, 'location_class': <class 'glance_store._drivers.http.StoreLocation'>, 'store_entry': 'http'} {{(pid=82387) register_scheme_map /opt/stack/data/venv/lib/python3.10/site-packages/glance_store/location.py:146}}
Sep 02 02:42:08.876790 np0000032632 devstack@g-api.service[82387]: DEBUG glance_store.location [-] Registering scheme https with {'store': <glance_store._drivers.http.Store object at 0x7f486398f6d0>, 'location_class': <class 'glance_store._drivers.http.StoreLocation'>, 'store_entry': 'http'} {{(pid=82387) register_scheme_map /opt/stack/data/venv/lib/python3.10/site-packages/glance_store/location.py:146}}
Sep 02 02:42:08.877209 np0000032632 devstack@g-api.service[82387]: DEBUG glance.sqlite_migration [-] SQLite caching database not located, skipping migration {{(pid=82387) get_db_path /opt/stack/glance/glance/sqlite_migration.py:68}}
Sep 02 02:42:08.877253 np0000032632 devstack@g-api.service[82387]: WARNING glance.common.wsgi_app [-] Import methods are enabled but staging directory /tmp/staging/ does not exist; Imports will fail!
Sep 02 02:42:08.892137 np0000032632 devstack@g-api.service[82386]: DEBUG glance_store.backend [-] Attempting to import store cinder {{(pid=82386) _load_store /opt/stack/data/venv/lib/python3.10/site-packages/glance_store/backend.py:216}}
Sep 02 02:42:08.892281 np0000032632 devstack@g-api.service[82386]: DEBUG glance_store.backend [-] Attempting to import store file {{(pid=82386) _load_store /opt/stack/data/venv/lib/python3.10/site-packages/glance_store/backend.py:216}}
Sep 02 02:42:08.892354 np0000032632 devstack@g-api.service[82386]: DEBUG glance_store.backend [-] Attempting to import store glance.store.cinder.Store {{(pid=82386) _load_store /opt/stack/data/venv/lib/python3.10/site-packages/glance_store/backend.py:216}}
Sep 02 02:42:08.892437 np0000032632 devstack@g-api.service[82386]: DEBUG glance_store.backend [-] Attempting to import store glance.store.filesystem.Store {{(pid=82386) _load_store /opt/stack/data/venv/lib/python3.10/site-packages/glance_store/backend.py:216}}
Sep 02 02:42:08.892519 np0000032632 devstack@g-api.service[82386]: DEBUG glance_store.backend [-] Attempting to import store glance.store.http.Store {{(pid=82386) _load_store /opt/stack/data/venv/lib/python3.10/site-packages/glance_store/backend.py:216}}
Sep 02 02:42:08.892597 np0000032632 devstack@g-api.service[82386]: DEBUG glance_store.backend [-] Attempting to import store glance.store.rbd.Store {{(pid=82386) _load_store /opt/stack/data/venv/lib/python3.10/site-packages/glance_store/backend.py:216}}
Sep 02 02:42:08.892683 np0000032632 devstack@g-api.service[82386]: DEBUG glance_store.backend [-] Attempting to import store glance.store.s3.Store {{(pid=82386) _load_store /opt/stack/data/venv/lib/python3.10/site-packages/glance_store/backend.py:216}}
Sep 02 02:42:08.892835 np0000032632 devstack@g-api.service[82386]: DEBUG glance_store.backend [-] Attempting to import store glance.store.swift.Store {{(pid=82386) _load_store /opt/stack/data/venv/lib/python3.10/site-packages/glance_store/backend.py:216}}
Sep 02 02:42:08.892835 np0000032632 devstack@g-api.service[82386]: DEBUG glance_store.backend [-] Attempting to import store glance.store.vmware_datastore.Store {{(pid=82386) _load_store /opt/stack/data/venv/lib/python3.10/site-packages/glance_store/backend.py:216}}
Sep 02 02:42:08.892921 np0000032632 devstack@g-api.service[82386]: DEBUG glance_store.backend [-] Attempting to import store http {{(pid=82386) _load_store /opt/stack/data/venv/lib/python3.10/site-packages/glance_store/backend.py:216}}
Sep 02 02:42:08.892998 np0000032632 devstack@g-api.service[82386]: DEBUG glance_store.backend [-] Attempting to import store no_conf {{(pid=82386) _load_store /opt/stack/data/venv/lib/python3.10/site-packages/glance_store/backend.py:216}}
Sep 02 02:42:08.893098 np0000032632 devstack@g-api.service[82386]: DEBUG glance_store.backend [-] Attempting to import store rbd {{(pid=82386) _load_store /opt/stack/data/venv/lib/python3.10/site-packages/glance_store/backend.py:216}}
Sep 02 02:42:08.893178 np0000032632 devstack@g-api.service[82386]: DEBUG glance_store.backend [-] Attempting to import store s3 {{(pid=82386) _load_store /opt/stack/data/venv/lib/python3.10/site-packages/glance_store/backend.py:216}}
Sep 02 02:42:08.893255 np0000032632 devstack@g-api.service[82386]: DEBUG glance_store.backend [-] Attempting to import store swift {{(pid=82386) _load_store /opt/stack/data/venv/lib/python3.10/site-packages/glance_store/backend.py:216}}
Sep 02 02:42:08.893333 np0000032632 devstack@g-api.service[82386]: DEBUG glance_store.backend [-] Attempting to import store vmware {{(pid=82386) _load_store /opt/stack/data/venv/lib/python3.10/site-packages/glance_store/backend.py:216}}
Sep 02 02:42:08.893429 np0000032632 devstack@g-api.service[82386]: DEBUG glance_store.backend [-] Registering options for group glance_store {{(pid=82386) register_opts /opt/stack/data/venv/lib/python3.10/site-packages/glance_store/backend.py:145}}
Sep 02 02:42:08.893606 np0000032632 devstack@g-api.service[82386]: DEBUG glance_store.backend [-] Registering options for group glance_store {{(pid=82386) register_opts /opt/stack/data/venv/lib/python3.10/site-packages/glance_store/backend.py:145}}
Sep 02 02:42:08.893930 np0000032632 devstack@g-api.service[82386]: DEBUG glance_store.backend [-] Attempting to import store file {{(pid=82386) _load_store /opt/stack/data/venv/lib/python3.10/site-packages/glance_store/backend.py:216}}
Sep 02 02:42:08.894266 np0000032632 devstack@g-api.service[82386]: DEBUG glance_store.capabilities [-] Store glance_store._drivers.filesystem.Store doesn't support updating dynamic storage capabilities. Please overwrite 'update_capabilities' method of the store to implement updating logics if needed. {{(pid=82386) update_capabilities /opt/stack/data/venv/lib/python3.10/site-packages/glance_store/capabilities.py:91}}
Sep 02 02:42:08.894313 np0000032632 devstack@g-api.service[82386]: DEBUG glance_store.backend [-] Registering store file with schemes ('file', 'filesystem') {{(pid=82386) create_stores /opt/stack/data/venv/lib/python3.10/site-packages/glance_store/backend.py:262}}
Sep 02 02:42:08.894367 np0000032632 devstack@g-api.service[82386]: DEBUG glance_store.driver [-] Late loading location class glance_store._drivers.filesystem.StoreLocation {{(pid=82386) get_store_location_class /opt/stack/data/venv/lib/python3.10/site-packages/glance_store/driver.py:133}}
Sep 02 02:42:08.894422 np0000032632 devstack@g-api.service[82386]: DEBUG glance_store.location [-] Registering scheme file with {'store': <glance_store._drivers.filesystem.Store object at 0x7f486398f340>, 'location_class': <class 'glance_store._drivers.filesystem.StoreLocation'>, 'store_entry': 'file'} {{(pid=82386) register_scheme_map /opt/stack/data/venv/lib/python3.10/site-packages/glance_store/location.py:146}}
Sep 02 02:42:08.894466 np0000032632 devstack@g-api.service[82386]: DEBUG glance_store.location [-] Registering scheme filesystem with {'store': <glance_store._drivers.filesystem.Store object at 0x7f486398f340>, 'location_class': <class 'glance_store._drivers.filesystem.StoreLocation'>, 'store_entry': 'file'} {{(pid=82386) register_scheme_map /opt/stack/data/venv/lib/python3.10/site-packages/glance_store/location.py:146}}
Sep 02 02:42:08.894509 np0000032632 devstack@g-api.service[82386]: DEBUG glance_store.backend [-] Attempting to import store http {{(pid=82386) _load_store /opt/stack/data/venv/lib/python3.10/site-packages/glance_store/backend.py:216}}
Sep 02 02:42:08.894671 np0000032632 devstack@g-api.service[82386]: DEBUG glance_store.capabilities [-] Store glance_store._drivers.http.Store doesn't support updating dynamic storage capabilities. Please overwrite 'update_capabilities' method of the store to implement updating logics if needed. {{(pid=82386) update_capabilities /opt/stack/data/venv/lib/python3.10/site-packages/glance_store/capabilities.py:91}}
Sep 02 02:42:08.894718 np0000032632 devstack@g-api.service[82386]: DEBUG glance_store.backend [-] Registering store http with schemes ('http', 'https') {{(pid=82386) create_stores /opt/stack/data/venv/lib/python3.10/site-packages/glance_store/backend.py:262}}
Sep 02 02:42:08.894762 np0000032632 devstack@g-api.service[82386]: DEBUG glance_store.driver [-] Late loading location class glance_store._drivers.http.StoreLocation {{(pid=82386) get_store_location_class /opt/stack/data/venv/lib/python3.10/site-packages/glance_store/driver.py:133}}
Sep 02 02:42:08.894811 np0000032632 devstack@g-api.service[82386]: DEBUG glance_store.location [-] Registering scheme http with {'store': <glance_store._drivers.http.Store object at 0x7f486398ded0>, 'location_class': <class 'glance_store._drivers.http.StoreLocation'>, 'store_entry': 'http'} {{(pid=82386) register_scheme_map /opt/stack/data/venv/lib/python3.10/site-packages/glance_store/location.py:146}}
Sep 02 02:42:08.894854 np0000032632 devstack@g-api.service[82386]: DEBUG glance_store.location [-] Registering scheme https with {'store': <glance_store._drivers.http.Store object at 0x7f486398ded0>, 'location_class': <class 'glance_store._drivers.http.StoreLocation'>, 'store_entry': 'http'} {{(pid=82386) register_scheme_map /opt/stack/data/venv/lib/python3.10/site-packages/glance_store/location.py:146}}
Sep 02 02:42:08.895116 np0000032632 devstack@g-api.service[82386]: DEBUG glance.sqlite_migration [-] SQLite caching database not located, skipping migration {{(pid=82386) get_db_path /opt/stack/glance/glance/sqlite_migration.py:68}}
Sep 02 02:42:08.895268 np0000032632 devstack@g-api.service[82386]: WARNING glance.common.wsgi_app [-] Import methods are enabled but staging directory /tmp/staging/ does not exist; Imports will fail!
Sep 02 02:42:09.128899 np0000032632 devstack@g-api.service[82387]: DEBUG glance.common.config [None req-051fc1d5-016f-4b8d-8d6e-cf7dbe0c8279 None None] Loading glance-api-keystone+cachemanagement from /etc/glance/glance-api-paste.ini {{(pid=82387) load_paste_app /opt/stack/glance/glance/common/config.py:726}}
Sep 02 02:42:09.162807 np0000032632 devstack@g-api.service[82386]: DEBUG glance.common.config [None req-b7597e48-0c9e-4bd6-8c05-287b1c242792 None None] Loading glance-api-keystone+cachemanagement from /etc/glance/glance-api-paste.ini {{(pid=82386) load_paste_app /opt/stack/glance/glance/common/config.py:726}}
Sep 02 02:42:09.543624 np0000032632 devstack@g-api.service[82387]: INFO glance.image_cache [None req-051fc1d5-016f-4b8d-8d6e-cf7dbe0c8279 None None] Image cache loaded driver 'centralized_db'.
Sep 02 02:42:09.545041 np0000032632 devstack@g-api.service[82386]: INFO glance.image_cache [None req-b7597e48-0c9e-4bd6-8c05-287b1c242792 None None] Image cache loaded driver 'centralized_db'.
Sep 02 02:42:09.574370 np0000032632 devstack@g-api.service[82387]: INFO dbcounter [None req-051fc1d5-016f-4b8d-8d6e-cf7dbe0c8279 None None] Registered counter for database glance
Sep 02 02:42:09.576969 np0000032632 devstack@g-api.service[82386]: INFO dbcounter [None req-b7597e48-0c9e-4bd6-8c05-287b1c242792 None None] Registered counter for database glance
Sep 02 02:42:09.583250 np0000032632 devstack@g-api.service[82387]: DEBUG oslo_db.sqlalchemy.engines [None req-051fc1d5-016f-4b8d-8d6e-cf7dbe0c8279 None None] MySQL server mode set to STRICT_TRANS_TABLES,STRICT_ALL_TABLES,NO_ZERO_IN_DATE,NO_ZERO_DATE,ERROR_FOR_DIVISION_BY_ZERO,TRADITIONAL,NO_ENGINE_SUBSTITUTION {{(pid=82387) _check_effective_sql_mode /opt/stack/data/venv/lib/python3.10/site-packages/oslo_db/sqlalchemy/engines.py:342}}
Sep 02 02:42:09.585953 np0000032632 devstack@g-api.service[82386]: DEBUG oslo_db.sqlalchemy.engines [None req-b7597e48-0c9e-4bd6-8c05-287b1c242792 None None] MySQL server mode set to STRICT_TRANS_TABLES,STRICT_ALL_TABLES,NO_ZERO_IN_DATE,NO_ZERO_DATE,ERROR_FOR_DIVISION_BY_ZERO,TRADITIONAL,NO_ENGINE_SUBSTITUTION {{(pid=82386) _check_effective_sql_mode /opt/stack/data/venv/lib/python3.10/site-packages/oslo_db/sqlalchemy/engines.py:342}}
Sep 02 02:42:09.601285 np0000032632 devstack@g-api.service[82387]: DEBUG dbcounter [-] [82387] Writer thread running {{(pid=82387) stat_writer /opt/stack/data/venv/lib/python3.10/site-packages/dbcounter.py:102}}
Sep 02 02:42:09.604981 np0000032632 devstack@g-api.service[82386]: DEBUG dbcounter [-] [82386] Writer thread running {{(pid=82386) stat_writer /opt/stack/data/venv/lib/python3.10/site-packages/dbcounter.py:102}}
Sep 02 02:42:09.609217 np0000032632 devstack@g-api.service[82386]: DEBUG glance.image_cache.drivers.centralized_db [None req-b7597e48-0c9e-4bd6-8c05-287b1c242792 None None] Node reference is already recorded, ignoring it {{(pid=82386) configure /opt/stack/glance/glance/image_cache/drivers/centralized_db.py:71}}
Sep 02 02:42:09.613991 np0000032632 devstack@g-api.service[82387]: INFO glance.image_cache [None req-051fc1d5-016f-4b8d-8d6e-cf7dbe0c8279 None None] Image cache loaded driver 'centralized_db'.
Sep 02 02:42:09.614356 np0000032632 devstack@g-api.service[82386]: INFO glance.image_cache [None req-b7597e48-0c9e-4bd6-8c05-287b1c242792 None None] Image cache loaded driver 'centralized_db'.
Sep 02 02:42:09.620004 np0000032632 devstack@g-api.service[82387]: DEBUG glance.image_cache.drivers.centralized_db [None req-051fc1d5-016f-4b8d-8d6e-cf7dbe0c8279 None None] Node reference is already recorded, ignoring it {{(pid=82387) configure /opt/stack/glance/glance/image_cache/drivers/centralized_db.py:71}}
Sep 02 02:42:09.620411 np0000032632 devstack@g-api.service[82386]: DEBUG glance.image_cache.drivers.centralized_db [None req-b7597e48-0c9e-4bd6-8c05-287b1c242792 None None] Node reference is already recorded, ignoring it {{(pid=82386) configure /opt/stack/glance/glance/image_cache/drivers/centralized_db.py:71}}
Sep 02 02:42:09.624291 np0000032632 devstack@g-api.service[82387]: DEBUG glance.api.v2.cached_images [None req-051fc1d5-016f-4b8d-8d6e-cf7dbe0c8279 None None] Started cache worker thread {{(pid=82387) __init__ /opt/stack/glance/glance/api/v2/cached_images.py:69}}
Sep 02 02:42:09.624722 np0000032632 devstack@g-api.service[82387]: INFO glance.image_cache [None req-051fc1d5-016f-4b8d-8d6e-cf7dbe0c8279 None None] Image cache loaded driver 'centralized_db'.
Sep 02 02:42:09.625103 np0000032632 devstack@g-api.service[82386]: DEBUG glance.api.v2.cached_images [None req-b7597e48-0c9e-4bd6-8c05-287b1c242792 None None] Started cache worker thread {{(pid=82386) __init__ /opt/stack/glance/glance/api/v2/cached_images.py:69}}
Sep 02 02:42:09.625708 np0000032632 devstack@g-api.service[82386]: INFO glance.image_cache [None req-b7597e48-0c9e-4bd6-8c05-287b1c242792 None None] Image cache loaded driver 'centralized_db'.
Sep 02 02:42:09.630412 np0000032632 devstack@g-api.service[82387]: DEBUG glance.image_cache.drivers.centralized_db [None req-051fc1d5-016f-4b8d-8d6e-cf7dbe0c8279 None None] Node reference is already recorded, ignoring it {{(pid=82387) configure /opt/stack/glance/glance/image_cache/drivers/centralized_db.py:71}}
Sep 02 02:42:09.631662 np0000032632 devstack@g-api.service[82386]: DEBUG glance.image_cache.drivers.centralized_db [None req-b7597e48-0c9e-4bd6-8c05-287b1c242792 None None] Node reference is already recorded, ignoring it {{(pid=82386) configure /opt/stack/glance/glance/image_cache/drivers/centralized_db.py:71}}
Sep 02 02:42:09.634722 np0000032632 devstack@g-api.service[82387]: INFO glance.api.middleware.cache_manage [None req-051fc1d5-016f-4b8d-8d6e-cf7dbe0c8279 None None] Initialized image cache management middleware
Sep 02 02:42:09.634846 np0000032632 devstack@g-api.service[82387]: INFO glance.image_cache [None req-051fc1d5-016f-4b8d-8d6e-cf7dbe0c8279 None None] Image cache loaded driver 'centralized_db'.
Sep 02 02:42:09.636312 np0000032632 devstack@g-api.service[82386]: INFO glance.api.middleware.cache_manage [None req-b7597e48-0c9e-4bd6-8c05-287b1c242792 None None] Initialized image cache management middleware
Sep 02 02:42:09.636528 np0000032632 devstack@g-api.service[82386]: INFO glance.image_cache [None req-b7597e48-0c9e-4bd6-8c05-287b1c242792 None None] Image cache loaded driver 'centralized_db'.
Sep 02 02:42:09.641363 np0000032632 devstack@g-api.service[82387]: DEBUG glance.image_cache.drivers.centralized_db [None req-051fc1d5-016f-4b8d-8d6e-cf7dbe0c8279 None None] Node reference is already recorded, ignoring it {{(pid=82387) configure /opt/stack/glance/glance/image_cache/drivers/centralized_db.py:71}}
Sep 02 02:42:09.642987 np0000032632 devstack@g-api.service[82386]: DEBUG glance.image_cache.drivers.centralized_db [None req-b7597e48-0c9e-4bd6-8c05-287b1c242792 None None] Node reference is already recorded, ignoring it {{(pid=82386) configure /opt/stack/glance/glance/image_cache/drivers/centralized_db.py:71}}
Sep 02 02:42:09.644739 np0000032632 devstack@g-api.service[82387]: INFO glance.api.middleware.cache [None req-051fc1d5-016f-4b8d-8d6e-cf7dbe0c8279 None None] Initialized image cache middleware
Sep 02 02:42:09.646675 np0000032632 devstack@g-api.service[82386]: INFO glance.api.middleware.cache [None req-b7597e48-0c9e-4bd6-8c05-287b1c242792 None None] Initialized image cache middleware
Sep 02 02:42:09.649564 np0000032632 devstack@g-api.service[82387]: WARNING keystonemiddleware.auth_token [None req-051fc1d5-016f-4b8d-8d6e-cf7dbe0c8279 None None] AuthToken middleware is set with keystone_authtoken.service_token_roles_required set to False. This is backwards compatible but deprecated behaviour. Please set this to True.
Sep 02 02:42:09.651720 np0000032632 devstack@g-api.service[82386]: WARNING keystonemiddleware.auth_token [None req-b7597e48-0c9e-4bd6-8c05-287b1c242792 None None] AuthToken middleware is set with keystone_authtoken.service_token_roles_required set to False. This is backwards compatible but deprecated behaviour. Please set this to True.
Sep 02 02:42:09.653059 np0000032632 devstack@g-api.service[82387]: WARNING keystonemiddleware.auth_token [None req-051fc1d5-016f-4b8d-8d6e-cf7dbe0c8279 None None] Configuring www_authenticate_uri to point to the public identity endpoint is required; clients may not be able to authenticate against an admin endpoint
Sep 02 02:42:09.655362 np0000032632 devstack@g-api.service[82386]: WARNING keystonemiddleware.auth_token [None req-b7597e48-0c9e-4bd6-8c05-287b1c242792 None None] Configuring www_authenticate_uri to point to the public identity endpoint is required; clients may not be able to authenticate against an admin endpoint
Sep 02 02:42:09.655775 np0000032632 devstack@g-api.service[82387]: DEBUG glance.common.config [None req-051fc1d5-016f-4b8d-8d6e-cf7dbe0c8279 None None] ******************************************************************************** {{(pid=82387) log_opt_values /opt/stack/data/venv/lib/python3.10/site-packages/oslo_config/cfg.py:2806}}
Sep 02 02:42:09.655854 np0000032632 devstack@g-api.service[82387]: DEBUG glance.common.config [None req-051fc1d5-016f-4b8d-8d6e-cf7dbe0c8279 None None] Configuration options gathered from: {{(pid=82387) log_opt_values /opt/stack/data/venv/lib/python3.10/site-packages/oslo_config/cfg.py:2807}}
Sep 02 02:42:09.656089 np0000032632 devstack@g-api.service[82387]: DEBUG glance.common.config [None req-051fc1d5-016f-4b8d-8d6e-cf7dbe0c8279 None None] command line args: [] {{(pid=82387) log_opt_values /opt/stack/data/venv/lib/python3.10/site-packages/oslo_config/cfg.py:2808}}
Sep 02 02:42:09.656197 np0000032632 devstack@g-api.service[82387]: DEBUG glance.common.config [None req-051fc1d5-016f-4b8d-8d6e-cf7dbe0c8279 None None] config files: ['/etc/glance/glance-image-import.conf', '/etc/glance/glance-api.conf'] {{(pid=82387) log_opt_values /opt/stack/data/venv/lib/python3.10/site-packages/oslo_config/cfg.py:2809}}
Sep 02 02:42:09.656265 np0000032632 devstack@g-api.service[82387]: DEBUG glance.common.config [None req-051fc1d5-016f-4b8d-8d6e-cf7dbe0c8279 None None] ================================================================================ {{(pid=82387) log_opt_values /opt/stack/data/venv/lib/python3.10/site-packages/oslo_config/cfg.py:2811}}
Sep 02 02:42:09.656371 np0000032632 devstack@g-api.service[82387]: DEBUG glance.common.config [None req-051fc1d5-016f-4b8d-8d6e-cf7dbe0c8279 None None] allow_anonymous_access         = False {{(pid=82387) log_opt_values /opt/stack/data/venv/lib/python3.10/site-packages/oslo_config/cfg.py:2819}}
Sep 02 02:42:09.656462 np0000032632 devstack@g-api.service[82387]: DEBUG glance.common.config [None req-051fc1d5-016f-4b8d-8d6e-cf7dbe0c8279 None None] api_limit_max                  = 1000 {{(pid=82387) log_opt_values /opt/stack/data/venv/lib/python3.10/site-packages/oslo_config/cfg.py:2819}}
Sep 02 02:42:09.656549 np0000032632 devstack@g-api.service[82387]: DEBUG glance.common.config [None req-051fc1d5-016f-4b8d-8d6e-cf7dbe0c8279 None None] backlog                        = 4096 {{(pid=82387) log_opt_values /opt/stack/data/venv/lib/python3.10/site-packages/oslo_config/cfg.py:2819}}
Sep 02 02:42:09.656652 np0000032632 devstack@g-api.service[82387]: DEBUG glance.common.config [None req-051fc1d5-016f-4b8d-8d6e-cf7dbe0c8279 None None] bind_host                      = 0.0.0.0 {{(pid=82387) log_opt_values /opt/stack/data/venv/lib/python3.10/site-packages/oslo_config/cfg.py:2819}}
Sep 02 02:42:09.656752 np0000032632 devstack@g-api.service[82387]: DEBUG glance.common.config [None req-051fc1d5-016f-4b8d-8d6e-cf7dbe0c8279 None None] bind_port                      = 19292 {{(pid=82387) log_opt_values /opt/stack/data/venv/lib/python3.10/site-packages/oslo_config/cfg.py:2819}}
Sep 02 02:42:09.656841 np0000032632 devstack@g-api.service[82387]: DEBUG glance.common.config [None req-051fc1d5-016f-4b8d-8d6e-cf7dbe0c8279 None None] client_socket_timeout          = 900 {{(pid=82387) log_opt_values /opt/stack/data/venv/lib/python3.10/site-packages/oslo_config/cfg.py:2819}}
Sep 02 02:42:09.656938 np0000032632 devstack@g-api.service[82387]: DEBUG glance.common.config [None req-051fc1d5-016f-4b8d-8d6e-cf7dbe0c8279 None None] config_dir                     = [] {{(pid=82387) log_opt_values /opt/stack/data/venv/lib/python3.10/site-packages/oslo_config/cfg.py:2819}}
Sep 02 02:42:09.657007 np0000032632 devstack@g-api.service[82387]: DEBUG glance.common.config [None req-051fc1d5-016f-4b8d-8d6e-cf7dbe0c8279 None None] config_file                    = ['/etc/glance/glance-image-import.conf', '/etc/glance/glance-api.conf'] {{(pid=82387) log_opt_values /opt/stack/data/venv/lib/python3.10/site-packages/oslo_config/cfg.py:2819}}
Sep 02 02:42:09.657107 np0000032632 devstack@g-api.service[82387]: DEBUG glance.common.config [None req-051fc1d5-016f-4b8d-8d6e-cf7dbe0c8279 None None] config_source                  = [] {{(pid=82387) log_opt_values /opt/stack/data/venv/lib/python3.10/site-packages/oslo_config/cfg.py:2819}}
Sep 02 02:42:09.657197 np0000032632 devstack@g-api.service[82387]: DEBUG glance.common.config [None req-051fc1d5-016f-4b8d-8d6e-cf7dbe0c8279 None None] control_exchange               = glance {{(pid=82387) log_opt_values /opt/stack/data/venv/lib/python3.10/site-packages/oslo_config/cfg.py:2819}}
Sep 02 02:42:09.657264 np0000032632 devstack@g-api.service[82387]: DEBUG glance.common.config [None req-051fc1d5-016f-4b8d-8d6e-cf7dbe0c8279 None None] debug                          = True {{(pid=82387) log_opt_values /opt/stack/data/venv/lib/python3.10/site-packages/oslo_config/cfg.py:2819}}
Sep 02 02:42:09.657411 np0000032632 devstack@g-api.service[82387]: DEBUG glance.common.config [None req-051fc1d5-016f-4b8d-8d6e-cf7dbe0c8279 None None] default_log_levels             = ['amqp=WARN', 'amqplib=WARN', 'boto=WARN', 'qpid=WARN', 'sqlalchemy=WARN', 'suds=INFO', 'oslo.messaging=INFO', 'oslo_messaging=INFO', 'iso8601=WARN', 'requests.packages.urllib3.connectionpool=WARN', 'urllib3.connectionpool=WARN', 'websocket=WARN', 'requests.packages.urllib3.util.retry=WARN', 'urllib3.util.retry=WARN', 'keystonemiddleware=WARN', 'routes.middleware=WARN', 'stevedore=WARN', 'taskflow=WARN', 'keystoneauth=WARN', 'oslo.cache=INFO', 'oslo_policy=INFO', 'dogpile.core.dogpile=INFO'] {{(pid=82387) log_opt_values /opt/stack/data/venv/lib/python3.10/site-packages/oslo_config/cfg.py:2819}}
Sep 02 02:42:09.657500 np0000032632 devstack@g-api.service[82387]: DEBUG glance.common.config [None req-051fc1d5-016f-4b8d-8d6e-cf7dbe0c8279 None None] default_publisher_id           = image.localhost {{(pid=82387) log_opt_values /opt/stack/data/venv/lib/python3.10/site-packages/oslo_config/cfg.py:2819}}
Sep 02 02:42:09.657587 np0000032632 devstack@g-api.service[82387]: DEBUG glance.common.config [None req-051fc1d5-016f-4b8d-8d6e-cf7dbe0c8279 None None] delayed_delete                 = False {{(pid=82387) log_opt_values /opt/stack/data/venv/lib/python3.10/site-packages/oslo_config/cfg.py:2819}}
Sep 02 02:42:09.657674 np0000032632 devstack@g-api.service[82387]: DEBUG glance.common.config [None req-051fc1d5-016f-4b8d-8d6e-cf7dbe0c8279 None None] digest_algorithm               = sha256 {{(pid=82387) log_opt_values /opt/stack/data/venv/lib/python3.10/site-packages/oslo_config/cfg.py:2819}}
Sep 02 02:42:09.657760 np0000032632 devstack@g-api.service[82387]: DEBUG glance.common.config [None req-051fc1d5-016f-4b8d-8d6e-cf7dbe0c8279 None None] disabled_notifications         = [] {{(pid=82387) log_opt_values /opt/stack/data/venv/lib/python3.10/site-packages/oslo_config/cfg.py:2819}}
Sep 02 02:42:09.657845 np0000032632 devstack@g-api.service[82387]: DEBUG glance.common.config [None req-051fc1d5-016f-4b8d-8d6e-cf7dbe0c8279 None None] do_secure_hash                 = True {{(pid=82387) log_opt_values /opt/stack/data/venv/lib/python3.10/site-packages/oslo_config/cfg.py:2819}}
Sep 02 02:42:09.657936 np0000032632 devstack@g-api.service[82387]: DEBUG glance.common.config [None req-051fc1d5-016f-4b8d-8d6e-cf7dbe0c8279 None None] enabled_backends               = None {{(pid=82387) log_opt_values /opt/stack/data/venv/lib/python3.10/site-packages/oslo_config/cfg.py:2819}}
Sep 02 02:42:09.658039 np0000032632 devstack@g-api.service[82387]: DEBUG glance.common.config [None req-051fc1d5-016f-4b8d-8d6e-cf7dbe0c8279 None None] enabled_import_methods         = ['glance-direct', 'web-download', 'copy-image'] {{(pid=82387) log_opt_values /opt/stack/data/venv/lib/python3.10/site-packages/oslo_config/cfg.py:2819}}
Sep 02 02:42:09.658124 np0000032632 devstack@g-api.service[82387]: DEBUG glance.common.config [None req-051fc1d5-016f-4b8d-8d6e-cf7dbe0c8279 None None] hashing_algorithm              = sha512 {{(pid=82387) log_opt_values /opt/stack/data/venv/lib/python3.10/site-packages/oslo_config/cfg.py:2819}}
Sep 02 02:42:09.658210 np0000032632 devstack@g-api.service[82387]: DEBUG glance.common.config [None req-051fc1d5-016f-4b8d-8d6e-cf7dbe0c8279 None None] http_keepalive                 = True {{(pid=82387) log_opt_values /opt/stack/data/venv/lib/python3.10/site-packages/oslo_config/cfg.py:2819}}
Sep 02 02:42:09.658296 np0000032632 devstack@g-api.service[82387]: DEBUG glance.common.config [None req-051fc1d5-016f-4b8d-8d6e-cf7dbe0c8279 None None] http_retries                   = 3 {{(pid=82387) log_opt_values /opt/stack/data/venv/lib/python3.10/site-packages/oslo_config/cfg.py:2819}}
Sep 02 02:42:09.658410 np0000032632 devstack@g-api.service[82387]: DEBUG glance.common.config [None req-051fc1d5-016f-4b8d-8d6e-cf7dbe0c8279 None None] image_cache_dir                = /opt/stack/data/glance/cache/ {{(pid=82387) log_opt_values /opt/stack/data/venv/lib/python3.10/site-packages/oslo_config/cfg.py:2819}}
Sep 02 02:42:09.658475 np0000032632 devstack@g-api.service[82387]: DEBUG glance.common.config [None req-051fc1d5-016f-4b8d-8d6e-cf7dbe0c8279 None None] image_cache_driver             = centralized_db {{(pid=82387) log_opt_values /opt/stack/data/venv/lib/python3.10/site-packages/oslo_config/cfg.py:2819}}
Sep 02 02:42:09.658564 np0000032632 devstack@g-api.service[82387]: DEBUG glance.common.config [None req-051fc1d5-016f-4b8d-8d6e-cf7dbe0c8279 None None] image_cache_max_size           = 10737418240 {{(pid=82387) log_opt_values /opt/stack/data/venv/lib/python3.10/site-packages/oslo_config/cfg.py:2819}}
Sep 02 02:42:09.658653 np0000032632 devstack@g-api.service[82387]: DEBUG glance.common.config [None req-051fc1d5-016f-4b8d-8d6e-cf7dbe0c8279 None None] image_cache_sqlite_db          = cache.db {{(pid=82387) log_opt_values /opt/stack/data/venv/lib/python3.10/site-packages/oslo_config/cfg.py:2819}}
Sep 02 02:42:09.658739 np0000032632 devstack@g-api.service[82387]: DEBUG glance.common.config [None req-051fc1d5-016f-4b8d-8d6e-cf7dbe0c8279 None None] image_cache_stall_time         = 86400 {{(pid=82387) log_opt_values /opt/stack/data/venv/lib/python3.10/site-packages/oslo_config/cfg.py:2819}}
Sep 02 02:42:09.658825 np0000032632 devstack@g-api.service[82387]: DEBUG glance.common.config [None req-051fc1d5-016f-4b8d-8d6e-cf7dbe0c8279 None None] image_location_quota           = 10 {{(pid=82387) log_opt_values /opt/stack/data/venv/lib/python3.10/site-packages/oslo_config/cfg.py:2819}}
Sep 02 02:42:09.658915 np0000032632 devstack@g-api.service[82387]: DEBUG glance.common.config [None req-051fc1d5-016f-4b8d-8d6e-cf7dbe0c8279 None None] image_member_quota             = 128 {{(pid=82387) log_opt_values /opt/stack/data/venv/lib/python3.10/site-packages/oslo_config/cfg.py:2819}}
Sep 02 02:42:09.658998 np0000032632 devstack@g-api.service[82387]: DEBUG glance.common.config [None req-051fc1d5-016f-4b8d-8d6e-cf7dbe0c8279 None None] image_property_quota           = 128 {{(pid=82387) log_opt_values /opt/stack/data/venv/lib/python3.10/site-packages/oslo_config/cfg.py:2819}}
Sep 02 02:42:09.659082 np0000032632 devstack@g-api.service[82387]: DEBUG glance.common.config [None req-051fc1d5-016f-4b8d-8d6e-cf7dbe0c8279 None None] image_size_cap                 = 1099511627776 {{(pid=82387) log_opt_values /opt/stack/data/venv/lib/python3.10/site-packages/oslo_config/cfg.py:2819}}
Sep 02 02:42:09.659166 np0000032632 devstack@g-api.service[82387]: DEBUG glance.common.config [None req-051fc1d5-016f-4b8d-8d6e-cf7dbe0c8279 None None] image_tag_quota                = 128 {{(pid=82387) log_opt_values /opt/stack/data/venv/lib/python3.10/site-packages/oslo_config/cfg.py:2819}}
Sep 02 02:42:09.659253 np0000032632 devstack@g-api.service[82387]: DEBUG glance.common.config [None req-051fc1d5-016f-4b8d-8d6e-cf7dbe0c8279 None None] instance_format                = [instance: %(uuid)s]  {{(pid=82387) log_opt_values /opt/stack/data/venv/lib/python3.10/site-packages/oslo_config/cfg.py:2819}}
Sep 02 02:42:09.659340 np0000032632 devstack@g-api.service[82387]: DEBUG glance.common.config [None req-051fc1d5-016f-4b8d-8d6e-cf7dbe0c8279 None None] instance_uuid_format           = [instance: %(uuid)s]  {{(pid=82387) log_opt_values /opt/stack/data/venv/lib/python3.10/site-packages/oslo_config/cfg.py:2819}}
Sep 02 02:42:09.659424 np0000032632 devstack@g-api.service[82387]: DEBUG glance.common.config [None req-051fc1d5-016f-4b8d-8d6e-cf7dbe0c8279 None None] limit_param_default            = 25 {{(pid=82387) log_opt_values /opt/stack/data/venv/lib/python3.10/site-packages/oslo_config/cfg.py:2819}}
Sep 02 02:42:09.659513 np0000032632 devstack@g-api.service[82387]: DEBUG glance.common.config [None req-051fc1d5-016f-4b8d-8d6e-cf7dbe0c8279 None None] log_color                      = False {{(pid=82387) log_opt_values /opt/stack/data/venv/lib/python3.10/site-packages/oslo_config/cfg.py:2819}}
Sep 02 02:42:09.659601 np0000032632 devstack@g-api.service[82387]: DEBUG glance.common.config [None req-051fc1d5-016f-4b8d-8d6e-cf7dbe0c8279 None None] log_config_append              = None {{(pid=82387) log_opt_values /opt/stack/data/venv/lib/python3.10/site-packages/oslo_config/cfg.py:2819}}
Sep 02 02:42:09.659690 np0000032632 devstack@g-api.service[82387]: DEBUG glance.common.config [None req-051fc1d5-016f-4b8d-8d6e-cf7dbe0c8279 None None] log_date_format                = %Y-%m-%d %H:%M:%S {{(pid=82387) log_opt_values /opt/stack/data/venv/lib/python3.10/site-packages/oslo_config/cfg.py:2819}}
Sep 02 02:42:09.659775 np0000032632 devstack@g-api.service[82387]: DEBUG glance.common.config [None req-051fc1d5-016f-4b8d-8d6e-cf7dbe0c8279 None None] log_dir                        = None {{(pid=82387) log_opt_values /opt/stack/data/venv/lib/python3.10/site-packages/oslo_config/cfg.py:2819}}
Sep 02 02:42:09.659860 np0000032632 devstack@g-api.service[82387]: DEBUG glance.common.config [None req-051fc1d5-016f-4b8d-8d6e-cf7dbe0c8279 None None] log_file                       = None {{(pid=82387) log_opt_values /opt/stack/data/venv/lib/python3.10/site-packages/oslo_config/cfg.py:2819}}
Sep 02 02:42:09.659950 np0000032632 devstack@g-api.service[82387]: DEBUG glance.common.config [None req-051fc1d5-016f-4b8d-8d6e-cf7dbe0c8279 None None] log_rotate_interval            = 1 {{(pid=82387) log_opt_values /opt/stack/data/venv/lib/python3.10/site-packages/oslo_config/cfg.py:2819}}
Sep 02 02:42:09.660038 np0000032632 devstack@g-api.service[82387]: DEBUG glance.common.config [None req-051fc1d5-016f-4b8d-8d6e-cf7dbe0c8279 None None] log_rotate_interval_type       = days {{(pid=82387) log_opt_values /opt/stack/data/venv/lib/python3.10/site-packages/oslo_config/cfg.py:2819}}
Sep 02 02:42:09.660127 np0000032632 devstack@g-api.service[82387]: DEBUG glance.common.config [None req-051fc1d5-016f-4b8d-8d6e-cf7dbe0c8279 None None] log_rotation_type              = none {{(pid=82387) log_opt_values /opt/stack/data/venv/lib/python3.10/site-packages/oslo_config/cfg.py:2819}}
Sep 02 02:42:09.660192 np0000032632 devstack@g-api.service[82387]: DEBUG glance.common.config [None req-051fc1d5-016f-4b8d-8d6e-cf7dbe0c8279 None None] logging_context_format_string  = %(color)s%(levelname)s %(name)s [%(global_request_id)s %(request_id)s %(project_name)s %(user_name)s%(color)s] %(instance)s%(color)s%(message)s {{(pid=82387) log_opt_values /opt/stack/data/venv/lib/python3.10/site-packages/oslo_config/cfg.py:2819}}
Sep 02 02:42:09.660257 np0000032632 devstack@g-api.service[82387]: DEBUG glance.common.config [None req-051fc1d5-016f-4b8d-8d6e-cf7dbe0c8279 None None] logging_debug_format_suffix    = {{(pid=%(process)d) %(funcName)s %(pathname)s:%(lineno)d}} {{(pid=82387) log_opt_values /opt/stack/data/venv/lib/python3.10/site-packages/oslo_config/cfg.py:2819}}
Sep 02 02:42:09.660346 np0000032632 devstack@g-api.service[82387]: DEBUG glance.common.config [None req-051fc1d5-016f-4b8d-8d6e-cf7dbe0c8279 None None] logging_default_format_string  = %(color)s%(levelname)s %(name)s [-%(color)s] %(instance)s%(color)s%(message)s {{(pid=82387) log_opt_values /opt/stack/data/venv/lib/python3.10/site-packages/oslo_config/cfg.py:2819}}
Sep 02 02:42:09.660434 np0000032632 devstack@g-api.service[82387]: DEBUG glance.common.config [None req-051fc1d5-016f-4b8d-8d6e-cf7dbe0c8279 None None] logging_exception_prefix       = ERROR %(name)s %(instance)s {{(pid=82387) log_opt_values /opt/stack/data/venv/lib/python3.10/site-packages/oslo_config/cfg.py:2819}}
Sep 02 02:42:09.660499 np0000032632 devstack@g-api.service[82387]: DEBUG glance.common.config [None req-051fc1d5-016f-4b8d-8d6e-cf7dbe0c8279 None None] logging_user_identity_format   = %(user)s %(project)s %(domain)s %(system_scope)s %(user_domain)s %(project_domain)s {{(pid=82387) log_opt_values /opt/stack/data/venv/lib/python3.10/site-packages/oslo_config/cfg.py:2819}}
Sep 02 02:42:09.660584 np0000032632 devstack@g-api.service[82387]: DEBUG glance.common.config [None req-051fc1d5-016f-4b8d-8d6e-cf7dbe0c8279 None None] max_header_line                = 16384 {{(pid=82387) log_opt_values /opt/stack/data/venv/lib/python3.10/site-packages/oslo_config/cfg.py:2819}}
Sep 02 02:42:09.660669 np0000032632 devstack@g-api.service[82387]: DEBUG glance.common.config [None req-051fc1d5-016f-4b8d-8d6e-cf7dbe0c8279 None None] max_logfile_count              = 30 {{(pid=82387) log_opt_values /opt/stack/data/venv/lib/python3.10/site-packages/oslo_config/cfg.py:2819}}
Sep 02 02:42:09.660754 np0000032632 devstack@g-api.service[82387]: DEBUG glance.common.config [None req-051fc1d5-016f-4b8d-8d6e-cf7dbe0c8279 None None] max_logfile_size_mb            = 200 {{(pid=82387) log_opt_values /opt/stack/data/venv/lib/python3.10/site-packages/oslo_config/cfg.py:2819}}
Sep 02 02:42:09.660837 np0000032632 devstack@g-api.service[82387]: DEBUG glance.common.config [None req-051fc1d5-016f-4b8d-8d6e-cf7dbe0c8279 None None] max_request_id_length          = 64 {{(pid=82387) log_opt_values /opt/stack/data/venv/lib/python3.10/site-packages/oslo_config/cfg.py:2819}}
Sep 02 02:42:09.660928 np0000032632 devstack@g-api.service[82387]: DEBUG glance.common.config [None req-051fc1d5-016f-4b8d-8d6e-cf7dbe0c8279 None None] metadata_encryption_key        = **** {{(pid=82387) log_opt_values /opt/stack/data/venv/lib/python3.10/site-packages/oslo_config/cfg.py:2819}}
