Aug 07 10:08:09.768416 np0000032399 devstack@n-api.service[68866]: DEBUG oslo_concurrency.lockutils [None req-a9bd80cd-b156-4a90-a731-1b975d83d16e None None] Lock "00000000-0000-0000-0000-000000000000" acquired by "nova.context.set_target_cell.<locals>.get_or_set_cached_cell_and_set_connections" :: waited 0.000s {{(pid=68866) inner /opt/stack/data/venv/lib/python3.12/site-packages/oslo_concurrency/lockutils.py:410}}
Aug 07 10:08:09.768729 np0000032399 devstack@n-api.service[68866]: DEBUG oslo_concurrency.lockutils [None req-a9bd80cd-b156-4a90-a731-1b975d83d16e None None] Lock "00000000-0000-0000-0000-000000000000" "released" by "nova.context.set_target_cell.<locals>.get_or_set_cached_cell_and_set_connections" :: held 0.000s {{(pid=68866) inner /opt/stack/data/venv/lib/python3.12/site-packages/oslo_concurrency/lockutils.py:424}}
Aug 07 10:08:09.769054 np0000032399 devstack@n-api.service[68866]: DEBUG oslo_concurrency.lockutils [None req-a9bd80cd-b156-4a90-a731-1b975d83d16e None None] Acquiring lock "4ece5baa-eabf-4408-9e01-8c9ef2f54b0e" by "nova.context.set_target_cell.<locals>.get_or_set_cached_cell_and_set_connections" {{(pid=68866) inner /opt/stack/data/venv/lib/python3.12/site-packages/oslo_concurrency/lockutils.py:405}}
Aug 07 10:08:09.769186 np0000032399 devstack@n-api.service[68866]: DEBUG oslo_concurrency.lockutils [None req-a9bd80cd-b156-4a90-a731-1b975d83d16e None None] Lock "4ece5baa-eabf-4408-9e01-8c9ef2f54b0e" acquired by "nova.context.set_target_cell.<locals>.get_or_set_cached_cell_and_set_connections" :: waited 0.000s {{(pid=68866) inner /opt/stack/data/venv/lib/python3.12/site-packages/oslo_concurrency/lockutils.py:410}}
Aug 07 10:08:09.769530 np0000032399 devstack@n-api.service[68867]: DEBUG nova.context [None req-0c3a5d73-e4cc-464f-95f5-223d06dcbca2 None None] Found 2 cells: 00000000-0000-0000-0000-000000000000(cell0),4ece5baa-eabf-4408-9e01-8c9ef2f54b0e(cell1) {{(pid=68867) load_cells /opt/stack/nova/nova/context.py:472}}
Aug 07 10:08:09.769731 np0000032399 devstack@n-api.service[68867]: INFO nova.utils [None req-0c3a5d73-e4cc-464f-95f5-223d06dcbca2 None None] The cell worker thread pool MainProcess.cell_worker is initialized
Aug 07 10:08:09.769856 np0000032399 devstack@n-api.service[68866]: DEBUG oslo_concurrency.lockutils [None req-a9bd80cd-b156-4a90-a731-1b975d83d16e None None] Lock "4ece5baa-eabf-4408-9e01-8c9ef2f54b0e" "released" by "nova.context.set_target_cell.<locals>.get_or_set_cached_cell_and_set_connections" :: held 0.001s {{(pid=68866) inner /opt/stack/data/venv/lib/python3.12/site-packages/oslo_concurrency/lockutils.py:424}}
Aug 07 10:08:09.770960 np0000032399 devstack@n-api.service[68866]: INFO dbcounter [None req-a9bd80cd-b156-4a90-a731-1b975d83d16e None None] Registered counter for database nova_cell0
Aug 07 10:08:09.771081 np0000032399 devstack@n-api.service[68867]: DEBUG oslo_concurrency.lockutils [None req-0c3a5d73-e4cc-464f-95f5-223d06dcbca2 None None] Acquiring lock "00000000-0000-0000-0000-000000000000" by "nova.context.set_target_cell.<locals>.get_or_set_cached_cell_and_set_connections" {{(pid=68867) inner /opt/stack/data/venv/lib/python3.12/site-packages/oslo_concurrency/lockutils.py:405}}
Aug 07 10:08:09.771237 np0000032399 devstack@n-api.service[68867]: DEBUG oslo_concurrency.lockutils [None req-0c3a5d73-e4cc-464f-95f5-223d06dcbca2 None None] Lock "00000000-0000-0000-0000-000000000000" acquired by "nova.context.set_target_cell.<locals>.get_or_set_cached_cell_and_set_connections" :: waited 0.000s {{(pid=68867) inner /opt/stack/data/venv/lib/python3.12/site-packages/oslo_concurrency/lockutils.py:410}}
Aug 07 10:08:09.771554 np0000032399 devstack@n-api.service[68867]: DEBUG oslo_concurrency.lockutils [None req-0c3a5d73-e4cc-464f-95f5-223d06dcbca2 None None] Lock "00000000-0000-0000-0000-000000000000" "released" by "nova.context.set_target_cell.<locals>.get_or_set_cached_cell_and_set_connections" :: held 0.000s {{(pid=68867) inner /opt/stack/data/venv/lib/python3.12/site-packages/oslo_concurrency/lockutils.py:424}}
Aug 07 10:08:09.771886 np0000032399 devstack@n-api.service[68867]: DEBUG oslo_concurrency.lockutils [None req-0c3a5d73-e4cc-464f-95f5-223d06dcbca2 None None] Acquiring lock "4ece5baa-eabf-4408-9e01-8c9ef2f54b0e" by "nova.context.set_target_cell.<locals>.get_or_set_cached_cell_and_set_connections" {{(pid=68867) inner /opt/stack/data/venv/lib/python3.12/site-packages/oslo_concurrency/lockutils.py:405}}
Aug 07 10:08:09.772022 np0000032399 devstack@n-api.service[68867]: DEBUG oslo_concurrency.lockutils [None req-0c3a5d73-e4cc-464f-95f5-223d06dcbca2 None None] Lock "4ece5baa-eabf-4408-9e01-8c9ef2f54b0e" acquired by "nova.context.set_target_cell.<locals>.get_or_set_cached_cell_and_set_connections" :: waited 0.000s {{(pid=68867) inner /opt/stack/data/venv/lib/python3.12/site-packages/oslo_concurrency/lockutils.py:410}}
Aug 07 10:08:09.772685 np0000032399 devstack@n-api.service[68867]: DEBUG oslo_concurrency.lockutils [None req-0c3a5d73-e4cc-464f-95f5-223d06dcbca2 None None] Lock "4ece5baa-eabf-4408-9e01-8c9ef2f54b0e" "released" by "nova.context.set_target_cell.<locals>.get_or_set_cached_cell_and_set_connections" :: held 0.001s {{(pid=68867) inner /opt/stack/data/venv/lib/python3.12/site-packages/oslo_concurrency/lockutils.py:424}}
Aug 07 10:08:09.772756 np0000032399 devstack@n-api.service[68866]: INFO dbcounter [None req-a9bd80cd-b156-4a90-a731-1b975d83d16e None None] Registered counter for database nova_cell1
Aug 07 10:08:09.773779 np0000032399 devstack@n-api.service[68867]: INFO dbcounter [None req-0c3a5d73-e4cc-464f-95f5-223d06dcbca2 None None] Registered counter for database nova_cell0
Aug 07 10:08:09.775437 np0000032399 devstack@n-api.service[68866]: DEBUG oslo_db.sqlalchemy.engines [None req-a9bd80cd-b156-4a90-a731-1b975d83d16e None None] MySQL server mode set to STRICT_TRANS_TABLES,STRICT_ALL_TABLES,NO_ZERO_IN_DATE,NO_ZERO_DATE,ERROR_FOR_DIVISION_BY_ZERO,TRADITIONAL,NO_ENGINE_SUBSTITUTION {{(pid=68866) _check_effective_sql_mode /opt/stack/data/venv/lib/python3.12/site-packages/oslo_db/sqlalchemy/engines.py:397}}
Aug 07 10:08:09.775595 np0000032399 devstack@n-api.service[68867]: INFO dbcounter [None req-0c3a5d73-e4cc-464f-95f5-223d06dcbca2 None None] Registered counter for database nova_cell1
Aug 07 10:08:09.779464 np0000032399 devstack@n-api.service[68867]: DEBUG oslo_db.sqlalchemy.engines [None req-0c3a5d73-e4cc-464f-95f5-223d06dcbca2 None None] MySQL server mode set to STRICT_TRANS_TABLES,STRICT_ALL_TABLES,NO_ZERO_IN_DATE,NO_ZERO_DATE,ERROR_FOR_DIVISION_BY_ZERO,TRADITIONAL,NO_ENGINE_SUBSTITUTION {{(pid=68867) _check_effective_sql_mode /opt/stack/data/venv/lib/python3.12/site-packages/oslo_db/sqlalchemy/engines.py:397}}
Aug 07 10:08:09.781883 np0000032399 devstack@n-api.service[68867]: DEBUG oslo_db.sqlalchemy.engines [None req-0c3a5d73-e4cc-464f-95f5-223d06dcbca2 None None] MySQL server mode set to STRICT_TRANS_TABLES,STRICT_ALL_TABLES,NO_ZERO_IN_DATE,NO_ZERO_DATE,ERROR_FOR_DIVISION_BY_ZERO,TRADITIONAL,NO_ENGINE_SUBSTITUTION {{(pid=68867) _check_effective_sql_mode /opt/stack/data/venv/lib/python3.12/site-packages/oslo_db/sqlalchemy/engines.py:397}}
Aug 07 10:08:09.835991 np0000032399 devstack@n-api.service[68866]: DEBUG oslo_db.sqlalchemy.engines [None req-a9bd80cd-b156-4a90-a731-1b975d83d16e None None] MySQL server mode set to STRICT_TRANS_TABLES,STRICT_ALL_TABLES,NO_ZERO_IN_DATE,NO_ZERO_DATE,ERROR_FOR_DIVISION_BY_ZERO,TRADITIONAL,NO_ENGINE_SUBSTITUTION {{(pid=68866) _check_effective_sql_mode /opt/stack/data/venv/lib/python3.12/site-packages/oslo_db/sqlalchemy/engines.py:397}}
Aug 07 10:08:09.836286 np0000032399 devstack@n-api.service[68866]: DEBUG dbcounter [-] [68866] Writer thread running {{(pid=68866) stat_writer /opt/stack/data/venv/lib/python3.12/site-packages/dbcounter.py:102}}
Aug 07 10:08:09.839705 np0000032399 devstack@n-api.service[68866]: DEBUG dbcounter [-] [68866] Writer thread running {{(pid=68866) stat_writer /opt/stack/data/venv/lib/python3.12/site-packages/dbcounter.py:102}}
Aug 07 10:08:09.840710 np0000032399 devstack@n-api.service[68867]: DEBUG dbcounter [-] [68867] Writer thread running {{(pid=68867) stat_writer /opt/stack/data/venv/lib/python3.12/site-packages/dbcounter.py:102}}
Aug 07 10:08:09.841547 np0000032399 devstack@n-api.service[68866]: INFO dbcounter [None req-a9bd80cd-b156-4a90-a731-1b975d83d16e None None] Registered counter for database nova_cell0
Aug 07 10:08:09.844230 np0000032399 devstack@n-api.service[68867]: DEBUG dbcounter [-] [68867] Writer thread running {{(pid=68867) stat_writer /opt/stack/data/venv/lib/python3.12/site-packages/dbcounter.py:102}}
Aug 07 10:08:09.845540 np0000032399 devstack@n-api.service[68866]: DEBUG oslo_db.sqlalchemy.engines [None req-a9bd80cd-b156-4a90-a731-1b975d83d16e None None] MySQL server mode set to STRICT_TRANS_TABLES,STRICT_ALL_TABLES,NO_ZERO_IN_DATE,NO_ZERO_DATE,ERROR_FOR_DIVISION_BY_ZERO,TRADITIONAL,NO_ENGINE_SUBSTITUTION {{(pid=68866) _check_effective_sql_mode /opt/stack/data/venv/lib/python3.12/site-packages/oslo_db/sqlalchemy/engines.py:397}}
Aug 07 10:08:09.846036 np0000032399 devstack@n-api.service[68867]: INFO dbcounter [None req-0c3a5d73-e4cc-464f-95f5-223d06dcbca2 None None] Registered counter for database nova_cell0
Aug 07 10:08:09.849049 np0000032399 devstack@n-api.service[68866]: DEBUG dbcounter [-] [68866] Writer thread running {{(pid=68866) stat_writer /opt/stack/data/venv/lib/python3.12/site-packages/dbcounter.py:102}}
Aug 07 10:08:09.849956 np0000032399 devstack@n-api.service[68867]: DEBUG oslo_db.sqlalchemy.engines [None req-0c3a5d73-e4cc-464f-95f5-223d06dcbca2 None None] MySQL server mode set to STRICT_TRANS_TABLES,STRICT_ALL_TABLES,NO_ZERO_IN_DATE,NO_ZERO_DATE,ERROR_FOR_DIVISION_BY_ZERO,TRADITIONAL,NO_ENGINE_SUBSTITUTION {{(pid=68867) _check_effective_sql_mode /opt/stack/data/venv/lib/python3.12/site-packages/oslo_db/sqlalchemy/engines.py:397}}
Aug 07 10:08:09.853381 np0000032399 devstack@n-api.service[68867]: DEBUG dbcounter [-] [68867] Writer thread running {{(pid=68867) stat_writer /opt/stack/data/venv/lib/python3.12/site-packages/dbcounter.py:102}}
Aug 07 10:08:10.192033 np0000032399 devstack@n-api.service[68867]: DEBUG oslo_concurrency.processutils [None req-0c3a5d73-e4cc-464f-95f5-223d06dcbca2 None None] Running cmd (subprocess): grep -F node.session.scan /sbin/iscsiadm {{(pid=68867) execute /opt/stack/data/venv/lib/python3.12/site-packages/oslo_concurrency/processutils.py:349}}
Aug 07 10:08:10.195172 np0000032399 devstack@n-api.service[68866]: DEBUG oslo_concurrency.processutils [None req-a9bd80cd-b156-4a90-a731-1b975d83d16e None None] Running cmd (subprocess): grep -F node.session.scan /sbin/iscsiadm {{(pid=68866) execute /opt/stack/data/venv/lib/python3.12/site-packages/oslo_concurrency/processutils.py:349}}
Aug 07 10:08:10.199024 np0000032399 devstack@n-api.service[68867]: DEBUG oslo_concurrency.processutils [None req-0c3a5d73-e4cc-464f-95f5-223d06dcbca2 None None] CMD "grep -F node.session.scan /sbin/iscsiadm" returned: 0 in 0.007s {{(pid=68867) execute /opt/stack/data/venv/lib/python3.12/site-packages/oslo_concurrency/processutils.py:372}}
Aug 07 10:08:10.201807 np0000032399 devstack@n-api.service[68866]: DEBUG oslo_concurrency.processutils [None req-a9bd80cd-b156-4a90-a731-1b975d83d16e None None] CMD "grep -F node.session.scan /sbin/iscsiadm" returned: 0 in 0.007s {{(pid=68866) execute /opt/stack/data/venv/lib/python3.12/site-packages/oslo_concurrency/processutils.py:372}}
Aug 07 10:08:10.486914 np0000032399 devstack@n-api.service[68867]: WARNING keystonemiddleware.auth_token [None req-0c3a5d73-e4cc-464f-95f5-223d06dcbca2 None None] AuthToken middleware is set with keystone_authtoken.service_token_roles_required set to False. This is backwards compatible but deprecated behaviour. Please set this to True.
Aug 07 10:08:10.487148 np0000032399 devstack@n-api.service[68866]: WARNING keystonemiddleware.auth_token [None req-a9bd80cd-b156-4a90-a731-1b975d83d16e None None] AuthToken middleware is set with keystone_authtoken.service_token_roles_required set to False. This is backwards compatible but deprecated behaviour. Please set this to True.
Aug 07 10:08:10.490151 np0000032399 devstack@n-api.service[68867]: WARNING keystonemiddleware.auth_token [None req-0c3a5d73-e4cc-464f-95f5-223d06dcbca2 None None] Configuring www_authenticate_uri to point to the public identity endpoint is required; clients may not be able to authenticate against an admin endpoint
Aug 07 10:08:10.490382 np0000032399 devstack@n-api.service[68866]: WARNING keystonemiddleware.auth_token [None req-a9bd80cd-b156-4a90-a731-1b975d83d16e None None] Configuring www_authenticate_uri to point to the public identity endpoint is required; clients may not be able to authenticate against an admin endpoint
Aug 07 10:08:10.643064 np0000032399 devstack@n-api.service[68866]: WARNING keystonemiddleware.auth_token [None req-a9bd80cd-b156-4a90-a731-1b975d83d16e None None] AuthToken middleware is set with keystone_authtoken.service_token_roles_required set to False. This is backwards compatible but deprecated behaviour. Please set this to True.
Aug 07 10:08:10.643783 np0000032399 devstack@n-api.service[68867]: WARNING keystonemiddleware.auth_token [None req-0c3a5d73-e4cc-464f-95f5-223d06dcbca2 None None] AuthToken middleware is set with keystone_authtoken.service_token_roles_required set to False. This is backwards compatible but deprecated behaviour. Please set this to True.
Aug 07 10:08:10.645525 np0000032399 devstack@n-api.service[68866]: WARNING keystonemiddleware.auth_token [None req-a9bd80cd-b156-4a90-a731-1b975d83d16e None None] Configuring www_authenticate_uri to point to the public identity endpoint is required; clients may not be able to authenticate against an admin endpoint
Aug 07 10:08:10.646216 np0000032399 devstack@n-api.service[68867]: WARNING keystonemiddleware.auth_token [None req-0c3a5d73-e4cc-464f-95f5-223d06dcbca2 None None] Configuring www_authenticate_uri to point to the public identity endpoint is required; clients may not be able to authenticate against an admin endpoint
Aug 07 10:08:10.647710 np0000032399 devstack@n-api.service[68866]: WSGI app 0 (mountpoint='') ready in 2 seconds on interpreter 0x7651db2a39e8 pid: 68866 (default app)
Aug 07 10:08:10.648420 np0000032399 devstack@n-api.service[68867]: WSGI app 0 (mountpoint='') ready in 2 seconds on interpreter 0x7651db2a39e8 pid: 68867 (default app)
Aug 07 10:08:10.648579 np0000032399 devstack@n-api.service[68866]: DEBUG nova.api.openstack.wsgi [None req-a9bd80cd-b156-4a90-a731-1b975d83d16e None None] Calling method '<bound method VersionsV2.index of <nova.api.openstack.compute.versions.VersionsV2 object at 0x7651d4788920>>' {{(pid=68866) _process_stack /opt/stack/nova/nova/api/openstack/wsgi.py:552}}
Aug 07 10:08:10.651088 np0000032399 devstack@n-api.service[68866]: INFO nova.api.openstack.requestlog [None req-a9bd80cd-b156-4a90-a731-1b975d83d16e None None] 192.168.1.106 "GET /compute/v2.1/" status: 200 len: 391 microversion: 2.1 time: 0.002715
Aug 07 10:08:10.651269 np0000032399 devstack@n-api.service[68866]: [pid: 68866|app: 0|req: 1/1] 192.168.1.106 () {50 vars in 771 bytes} [Thu Aug  7 10:08:10 2025] GET /compute/v2.1/ => generated 391 bytes in 3 msecs (HTTP/1.1 200) 9 headers in 357 bytes (1 switches on core 0)
Aug 07 10:08:44.786716 np0000032399 devstack@n-api.service[68867]: DEBUG nova.api.openstack.wsgi [None req-0c3a5d73-e4cc-464f-95f5-223d06dcbca2 None None] Calling method '<bound method VersionsV2.index of <nova.api.openstack.compute.versions.VersionsV2 object at 0x7651d492e660>>' {{(pid=68867) _process_stack /opt/stack/nova/nova/api/openstack/wsgi.py:552}}
Aug 07 10:08:44.790783 np0000032399 devstack@n-api.service[68867]: INFO nova.api.openstack.requestlog [None req-0c3a5d73-e4cc-464f-95f5-223d06dcbca2 None None] 192.168.1.106 "GET /compute/v2.1" status: 200 len: 392 microversion: 2.1 time: 0.004747
Aug 07 10:08:44.791250 np0000032399 devstack@n-api.service[68867]: [pid: 68867|app: 0|req: 1/2] 192.168.1.106 () {62 vars in 1056 bytes} [Thu Aug  7 10:08:44 2025] GET /compute/v2.1 => generated 392 bytes in 6 msecs (HTTP/1.1 200) 9 headers in 357 bytes (1 switches on core 0)
Aug 07 10:08:44.799943 np0000032399 devstack@n-api.service[68866]: DEBUG dbcounter [-] [68866] Writing DB stats nova_api:SELECT=1 {{(pid=68866) stat_writer /opt/stack/data/venv/lib/python3.12/site-packages/dbcounter.py:115}}
Aug 07 10:08:44.800586 np0000032399 devstack@n-api.service[68866]: DEBUG dbcounter [-] [68866] Writing DB stats nova_cell0:SELECT=1 {{(pid=68866) stat_writer /opt/stack/data/venv/lib/python3.12/site-packages/dbcounter.py:115}}
Aug 07 10:08:44.800941 np0000032399 devstack@n-api.service[68866]: DEBUG dbcounter [-] [68866] Writing DB stats nova_cell1:SELECT=1 {{(pid=68866) stat_writer /opt/stack/data/venv/lib/python3.12/site-packages/dbcounter.py:115}}
Aug 07 10:08:44.801231 np0000032399 devstack@n-api.service[68866]: DEBUG dbcounter [-] [68866] Writing DB stats nova_cell0:SELECT=2,nova_cell0:INSERT=1 {{(pid=68866) stat_writer /opt/stack/data/venv/lib/python3.12/site-packages/dbcounter.py:115}}
Aug 07 10:08:44.909790 np0000032399 devstack@n-api.service[68866]: DEBUG nova.api.openstack.wsgi [None req-a4949131-b810-4a4f-b673-22d48e305dc6 admin admin] Calling method '<bound method FlavorsController.detail of <nova.api.openstack.compute.flavors.FlavorsController object at 0x7651d412bb90>>' {{(pid=68866) _process_stack /opt/stack/nova/nova/api/openstack/wsgi.py:552}}
Aug 07 10:08:44.926434 np0000032399 devstack@n-api.service[68866]: INFO nova.api.openstack.requestlog [None req-a4949131-b810-4a4f-b673-22d48e305dc6 admin admin] 192.168.1.106 "GET /compute/v2.1/flavors/detail?is_public=True" status: 200 len: 15 microversion: 2.61 time: 0.130267
Aug 07 10:08:44.926679 np0000032399 devstack@n-api.service[68866]: [pid: 68866|app: 0|req: 2/3] 192.168.1.106 () {68 vars in 1417 bytes} [Thu Aug  7 10:08:44 2025] GET /compute/v2.1/flavors/detail?is_public=True => generated 15 bytes in 131 msecs (HTTP/1.1 200) 9 headers in 358 bytes (1 switches on core 0)
Aug 07 10:08:45.078973 np0000032399 devstack@n-api.service[68867]: DEBUG nova.api.openstack.wsgi [None req-08613ba5-9686-4bdd-bd80-ea5a08df95cb admin admin] Action: 'create', calling method: <bound method FlavorsController.create of <nova.api.openstack.compute.flavors.FlavorsController object at 0x7651d412f980>>, body: {"flavor": {"OS-FLV-EXT-DATA:ephemeral": 0, "rxtx_factor": 1.0, "swap": 0, "name": "cirros256", "os-flavor-access:is_public": true, "id": "c1", "disk": 1, "ram": 256, "vcpus": 1}} {{(pid=68867) _process_stack /opt/stack/nova/nova/api/openstack/wsgi.py:550}}
Aug 07 10:08:45.088122 np0000032399 devstack@n-api.service[68867]: DEBUG dbcounter [-] [68867] Writing DB stats nova_api:SELECT=1 {{(pid=68867) stat_writer /opt/stack/data/venv/lib/python3.12/site-packages/dbcounter.py:115}}
Aug 07 10:08:45.088757 np0000032399 devstack@n-api.service[68867]: DEBUG dbcounter [-] [68867] Writing DB stats nova_cell0:SELECT=1 {{(pid=68867) stat_writer /opt/stack/data/venv/lib/python3.12/site-packages/dbcounter.py:115}}
Aug 07 10:08:45.089118 np0000032399 devstack@n-api.service[68867]: DEBUG dbcounter [-] [68867] Writing DB stats nova_cell1:SELECT=1 {{(pid=68867) stat_writer /opt/stack/data/venv/lib/python3.12/site-packages/dbcounter.py:115}}
Aug 07 10:08:45.089530 np0000032399 devstack@n-api.service[68867]: DEBUG dbcounter [-] [68867] Writing DB stats nova_cell0:SELECT=2,nova_cell0:INSERT=1 {{(pid=68867) stat_writer /opt/stack/data/venv/lib/python3.12/site-packages/dbcounter.py:115}}
Aug 07 10:08:45.114321 np0000032399 devstack@n-api.service[68867]: INFO nova.api.openstack.requestlog [None req-08613ba5-9686-4bdd-bd80-ea5a08df95cb admin admin] 192.168.1.106 "POST /compute/v2.1/flavors" status: 200 len: 413 microversion: 2.61 time: 0.107051
Aug 07 10:08:45.114606 np0000032399 devstack@n-api.service[68867]: [pid: 68867|app: 0|req: 2/4] 192.168.1.106 () {72 vars in 1408 bytes} [Thu Aug  7 10:08:45 2025] POST /compute/v2.1/flavors => generated 413 bytes in 107 msecs (HTTP/1.1 200) 9 headers in 359 bytes (1 switches on core 0)
Aug 07 10:08:45.123136 np0000032399 devstack@n-api.service[68866]: DEBUG nova.api.openstack.wsgi [None req-3921749e-d3f2-40fa-a5b2-09529d53f4ef admin admin] Action: 'create', calling method: <bound method FlavorExtraSpecsController.create of <nova.api.openstack.compute.flavors_extraspecs.FlavorExtraSpecsController object at 0x7651d4150320>>, body: {"extra_specs": {"hw_rng:allowed": "True"}} {{(pid=68866) _process_stack /opt/stack/nova/nova/api/openstack/wsgi.py:550}}
Aug 07 10:08:45.146730 np0000032399 devstack@n-api.service[68866]: INFO nova.api.openstack.requestlog [None req-3921749e-d3f2-40fa-a5b2-09529d53f4ef admin admin] 192.168.1.106 "POST /compute/v2.1/flavors/c1/os-extra_specs" status: 200 len: 43 microversion: 2.61 time: 0.025184
Aug 07 10:08:45.146964 np0000032399 devstack@n-api.service[68866]: [pid: 68866|app: 0|req: 3/5] 192.168.1.106 () {72 vars in 1461 bytes} [Thu Aug  7 10:08:45 2025] POST /compute/v2.1/flavors/c1/os-extra_specs => generated 43 bytes in 26 msecs (HTTP/1.1 200) 9 headers in 358 bytes (1 switches on core 0)
Aug 07 10:08:45.232829 np0000032399 devstack@n-api.service[68867]: DEBUG nova.api.openstack.wsgi [None req-2407ad00-e323-4e4d-b4b3-46a69f9d9c3a admin admin] Action: 'create', calling method: <bound method FlavorsController.create of <nova.api.openstack.compute.flavors.FlavorsController object at 0x7651d412f980>>, body: {"flavor": {"OS-FLV-EXT-DATA:ephemeral": 0, "rxtx_factor": 1.0, "swap": 0, "name": "ds512M", "os-flavor-access:is_public": true, "id": "d1", "disk": 5, "ram": 512, "vcpus": 1}} {{(pid=68867) _process_stack /opt/stack/nova/nova/api/openstack/wsgi.py:550}}
Aug 07 10:08:45.244332 np0000032399 devstack@n-api.service[68867]: INFO nova.api.openstack.requestlog [None req-2407ad00-e323-4e4d-b4b3-46a69f9d9c3a admin admin] 192.168.1.106 "POST /compute/v2.1/flavors" status: 200 len: 410 microversion: 2.61 time: 0.013652
Aug 07 10:08:45.244680 np0000032399 devstack@n-api.service[68867]: [pid: 68867|app: 0|req: 3/6] 192.168.1.106 () {72 vars in 1408 bytes} [Thu Aug  7 10:08:45 2025] POST /compute/v2.1/flavors => generated 410 bytes in 14 msecs (HTTP/1.1 200) 9 headers in 359 bytes (1 switches on core 0)
Aug 07 10:08:45.253703 np0000032399 devstack@n-api.service[68866]: DEBUG nova.api.openstack.wsgi [None req-9b3ce04d-171a-443c-b0ac-afe8c30b4d00 admin admin] Action: 'create', calling method: <bound method FlavorExtraSpecsController.create of <nova.api.openstack.compute.flavors_extraspecs.FlavorExtraSpecsController object at 0x7651d4150320>>, body: {"extra_specs": {"hw_rng:allowed": "True"}} {{(pid=68866) _process_stack /opt/stack/nova/nova/api/openstack/wsgi.py:550}}
Aug 07 10:08:45.266826 np0000032399 devstack@n-api.service[68866]: INFO nova.api.openstack.requestlog [None req-9b3ce04d-171a-443c-b0ac-afe8c30b4d00 admin admin] 192.168.1.106 "POST /compute/v2.1/flavors/d1/os-extra_specs" status: 200 len: 43 microversion: 2.61 time: 0.014596
Aug 07 10:08:45.267061 np0000032399 devstack@n-api.service[68866]: [pid: 68866|app: 0|req: 4/7] 192.168.1.106 () {72 vars in 1461 bytes} [Thu Aug  7 10:08:45 2025] POST /compute/v2.1/flavors/d1/os-extra_specs => generated 43 bytes in 15 msecs (HTTP/1.1 200) 9 headers in 358 bytes (1 switches on core 0)
Aug 07 10:08:45.350449 np0000032399 devstack@n-api.service[68867]: DEBUG nova.api.openstack.wsgi [None req-563eb5a0-5d7a-41af-b99b-475ca8b0158c admin admin] Action: 'create', calling method: <bound method FlavorsController.create of <nova.api.openstack.compute.flavors.FlavorsController object at 0x7651d412f980>>, body: {"flavor": {"OS-FLV-EXT-DATA:ephemeral": 0, "rxtx_factor": 1.0, "swap": 0, "name": "ds1G", "os-flavor-access:is_public": true, "id": "d2", "disk": 10, "ram": 1024, "vcpus": 1}} {{(pid=68867) _process_stack /opt/stack/nova/nova/api/openstack/wsgi.py:550}}
Aug 07 10:08:45.364138 np0000032399 devstack@n-api.service[68867]: INFO nova.api.openstack.requestlog [None req-563eb5a0-5d7a-41af-b99b-475ca8b0158c admin admin] 192.168.1.106 "POST /compute/v2.1/flavors" status: 200 len: 410 microversion: 2.61 time: 0.015890
Aug 07 10:08:45.364138 np0000032399 devstack@n-api.service[68867]: [pid: 68867|app: 0|req: 4/8] 192.168.1.106 () {72 vars in 1408 bytes} [Thu Aug  7 10:08:45 2025] POST /compute/v2.1/flavors => generated 410 bytes in 16 msecs (HTTP/1.1 200) 9 headers in 359 bytes (1 switches on core 0)
Aug 07 10:08:45.374192 np0000032399 devstack@n-api.service[68866]: DEBUG nova.api.openstack.wsgi [None req-68f09d1d-e7d9-4b55-a6fb-81523ac668b9 admin admin] Action: 'create', calling method: <bound method FlavorExtraSpecsController.create of <nova.api.openstack.compute.flavors_extraspecs.FlavorExtraSpecsController object at 0x7651d4150320>>, body: {"extra_specs": {"hw_rng:allowed": "True"}} {{(pid=68866) _process_stack /opt/stack/nova/nova/api/openstack/wsgi.py:550}}
Aug 07 10:08:45.386669 np0000032399 devstack@n-api.service[68866]: INFO nova.api.openstack.requestlog [None req-68f09d1d-e7d9-4b55-a6fb-81523ac668b9 admin admin] 192.168.1.106 "POST /compute/v2.1/flavors/d2/os-extra_specs" status: 200 len: 43 microversion: 2.61 time: 0.014155
Aug 07 10:08:45.386669 np0000032399 devstack@n-api.service[68866]: [pid: 68866|app: 0|req: 5/9] 192.168.1.106 () {72 vars in 1461 bytes} [Thu Aug  7 10:08:45 2025] POST /compute/v2.1/flavors/d2/os-extra_specs => generated 43 bytes in 14 msecs (HTTP/1.1 200) 9 headers in 358 bytes (1 switches on core 0)
Aug 07 10:08:45.480698 np0000032399 devstack@n-api.service[68867]: DEBUG nova.api.openstack.wsgi [None req-15d7e5ad-26b0-4b17-a077-3048cf500628 admin admin] Action: 'create', calling method: <bound method FlavorsController.create of <nova.api.openstack.compute.flavors.FlavorsController object at 0x7651d412f980>>, body: {"flavor": {"OS-FLV-EXT-DATA:ephemeral": 0, "rxtx_factor": 1.0, "swap": 0, "name": "ds2G", "os-flavor-access:is_public": true, "id": "d3", "disk": 10, "ram": 2048, "vcpus": 2}} {{(pid=68867) _process_stack /opt/stack/nova/nova/api/openstack/wsgi.py:550}}
Aug 07 10:08:45.500400 np0000032399 devstack@n-api.service[68867]: INFO nova.api.openstack.requestlog [None req-15d7e5ad-26b0-4b17-a077-3048cf500628 admin admin] 192.168.1.106 "POST /compute/v2.1/flavors" status: 200 len: 410 microversion: 2.61 time: 0.021756
Aug 07 10:08:45.500708 np0000032399 devstack@n-api.service[68867]: [pid: 68867|app: 0|req: 5/10] 192.168.1.106 () {72 vars in 1408 bytes} [Thu Aug  7 10:08:45 2025] POST /compute/v2.1/flavors => generated 410 bytes in 22 msecs (HTTP/1.1 200) 9 headers in 359 bytes (1 switches on core 0)
Aug 07 10:08:45.512667 np0000032399 devstack@n-api.service[68866]: DEBUG nova.api.openstack.wsgi [None req-210c4b2a-5126-4998-8aaf-e843b331f44c admin admin] Action: 'create', calling method: <bound method FlavorExtraSpecsController.create of <nova.api.openstack.compute.flavors_extraspecs.FlavorExtraSpecsController object at 0x7651d4150320>>, body: {"extra_specs": {"hw_rng:allowed": "True"}} {{(pid=68866) _process_stack /opt/stack/nova/nova/api/openstack/wsgi.py:550}}
Aug 07 10:08:45.524434 np0000032399 devstack@n-api.service[68866]: INFO nova.api.openstack.requestlog [None req-210c4b2a-5126-4998-8aaf-e843b331f44c admin admin] 192.168.1.106 "POST /compute/v2.1/flavors/d3/os-extra_specs" status: 200 len: 43 microversion: 2.61 time: 0.014265
Aug 07 10:08:45.524434 np0000032399 devstack@n-api.service[68866]: [pid: 68866|app: 0|req: 6/11] 192.168.1.106 () {72 vars in 1461 bytes} [Thu Aug  7 10:08:45 2025] POST /compute/v2.1/flavors/d3/os-extra_specs => generated 43 bytes in 15 msecs (HTTP/1.1 200) 9 headers in 358 bytes (1 switches on core 0)
Aug 07 10:08:45.635825 np0000032399 devstack@n-api.service[68867]: DEBUG nova.api.openstack.wsgi [None req-f4780512-d76e-4e80-94c9-d7379565f084 admin admin] Action: 'create', calling method: <bound method FlavorsController.create of <nova.api.openstack.compute.flavors.FlavorsController object at 0x7651d412f980>>, body: {"flavor": {"OS-FLV-EXT-DATA:ephemeral": 0, "rxtx_factor": 1.0, "swap": 0, "name": "ds4G", "os-flavor-access:is_public": true, "id": "d4", "disk": 20, "ram": 4096, "vcpus": 4}} {{(pid=68867) _process_stack /opt/stack/nova/nova/api/openstack/wsgi.py:550}}
Aug 07 10:08:45.652434 np0000032399 devstack@n-api.service[68867]: INFO nova.api.openstack.requestlog [None req-f4780512-d76e-4e80-94c9-d7379565f084 admin admin] 192.168.1.106 "POST /compute/v2.1/flavors" status: 200 len: 410 microversion: 2.61 time: 0.019445
Aug 07 10:08:45.653237 np0000032399 devstack@n-api.service[68867]: [pid: 68867|app: 0|req: 6/12] 192.168.1.106 () {72 vars in 1408 bytes} [Thu Aug  7 10:08:45 2025] POST /compute/v2.1/flavors => generated 410 bytes in 21 msecs (HTTP/1.1 200) 9 headers in 359 bytes (1 switches on core 0)
Aug 07 10:08:45.660994 np0000032399 devstack@n-api.service[68866]: DEBUG nova.api.openstack.wsgi [None req-73f13a59-5021-47d7-98bc-5a6a1543cdea admin admin] Action: 'create', calling method: <bound method FlavorExtraSpecsController.create of <nova.api.openstack.compute.flavors_extraspecs.FlavorExtraSpecsController object at 0x7651d4150320>>, body: {"extra_specs": {"hw_rng:allowed": "True"}} {{(pid=68866) _process_stack /opt/stack/nova/nova/api/openstack/wsgi.py:550}}
Aug 07 10:08:45.678694 np0000032399 devstack@n-api.service[68866]: INFO nova.api.openstack.requestlog [None req-73f13a59-5021-47d7-98bc-5a6a1543cdea admin admin] 192.168.1.106 "POST /compute/v2.1/flavors/d4/os-extra_specs" status: 200 len: 43 microversion: 2.61 time: 0.019098
Aug 07 10:08:45.678994 np0000032399 devstack@n-api.service[68866]: [pid: 68866|app: 0|req: 7/13] 192.168.1.106 () {72 vars in 1461 bytes} [Thu Aug  7 10:08:45 2025] POST /compute/v2.1/flavors/d4/os-extra_specs => generated 43 bytes in 19 msecs (HTTP/1.1 200) 9 headers in 358 bytes (1 switches on core 0)
Aug 07 10:08:45.762934 np0000032399 devstack@n-api.service[68867]: DEBUG nova.api.openstack.wsgi [None req-85f0bc56-307f-4027-9e33-703d5db695f7 admin admin] Calling method '<bound method FlavorsController.detail of <nova.api.openstack.compute.flavors.FlavorsController object at 0x7651d412fad0>>' {{(pid=68867) _process_stack /opt/stack/nova/nova/api/openstack/wsgi.py:552}}
Aug 07 10:08:45.778093 np0000032399 devstack@n-api.service[68867]: INFO nova.api.openstack.requestlog [None req-85f0bc56-307f-4027-9e33-703d5db695f7 admin admin] 192.168.1.106 "GET /compute/v2.1/flavors/detail?is_public=True" status: 200 len: 2136 microversion: 2.61 time: 0.016750
Aug 07 10:08:45.778452 np0000032399 devstack@n-api.service[68867]: [pid: 68867|app: 0|req: 7/14] 192.168.1.106 () {68 vars in 1417 bytes} [Thu Aug  7 10:08:45 2025] GET /compute/v2.1/flavors/detail?is_public=True => generated 2136 bytes in 17 msecs (HTTP/1.1 200) 9 headers in 360 bytes (1 switches on core 0)
Aug 07 10:08:45.883819 np0000032399 devstack@n-api.service[68866]: DEBUG nova.api.openstack.wsgi [None req-0f9c16c0-70e3-4caf-880c-ca93c1ba20d2 admin admin] Action: 'create', calling method: <bound method FlavorsController.create of <nova.api.openstack.compute.flavors.FlavorsController object at 0x7651d412ba40>>, body: {"flavor": {"OS-FLV-EXT-DATA:ephemeral": 0, "rxtx_factor": 1.0, "swap": 0, "name": "m1.tiny", "os-flavor-access:is_public": true, "id": "1", "disk": 1, "ram": 512, "vcpus": 1}} {{(pid=68866) _process_stack /opt/stack/nova/nova/api/openstack/wsgi.py:550}}
Aug 07 10:08:45.911238 np0000032399 devstack@n-api.service[68866]: INFO nova.api.openstack.requestlog [None req-0f9c16c0-70e3-4caf-880c-ca93c1ba20d2 admin admin] 192.168.1.106 "POST /compute/v2.1/flavors" status: 200 len: 408 microversion: 2.61 time: 0.030018
Aug 07 10:08:45.911484 np0000032399 devstack@n-api.service[68866]: [pid: 68866|app: 0|req: 8/15] 192.168.1.106 () {72 vars in 1408 bytes} [Thu Aug  7 10:08:45 2025] POST /compute/v2.1/flavors => generated 408 bytes in 30 msecs (HTTP/1.1 200) 9 headers in 359 bytes (1 switches on core 0)
Aug 07 10:08:45.920803 np0000032399 devstack@n-api.service[68867]: DEBUG nova.api.openstack.wsgi [None req-d6cf30b3-9134-440b-a30e-b902dfb2163c admin admin] Action: 'create', calling method: <bound method FlavorExtraSpecsController.create of <nova.api.openstack.compute.flavors_extraspecs.FlavorExtraSpecsController object at 0x7651d4150260>>, body: {"extra_specs": {"hw_rng:allowed": "True"}} {{(pid=68867) _process_stack /opt/stack/nova/nova/api/openstack/wsgi.py:550}}
Aug 07 10:08:45.937797 np0000032399 devstack@n-api.service[68867]: INFO nova.api.openstack.requestlog [None req-d6cf30b3-9134-440b-a30e-b902dfb2163c admin admin] 192.168.1.106 "POST /compute/v2.1/flavors/1/os-extra_specs" status: 200 len: 43 microversion: 2.61 time: 0.018450
Aug 07 10:08:45.938046 np0000032399 devstack@n-api.service[68867]: [pid: 68867|app: 0|req: 8/16] 192.168.1.106 () {72 vars in 1458 bytes} [Thu Aug  7 10:08:45 2025] POST /compute/v2.1/flavors/1/os-extra_specs => generated 43 bytes in 19 msecs (HTTP/1.1 200) 9 headers in 358 bytes (1 switches on core 0)
Aug 07 10:08:46.017773 np0000032399 devstack@n-api.service[68866]: DEBUG nova.api.openstack.wsgi [None req-f9ab5d7f-2ae3-423b-a7c2-205da98f92d9 admin admin] Action: 'create', calling method: <bound method FlavorsController.create of <nova.api.openstack.compute.flavors.FlavorsController object at 0x7651d412ba40>>, body: {"flavor": {"OS-FLV-EXT-DATA:ephemeral": 0, "rxtx_factor": 1.0, "swap": 0, "name": "m1.small", "os-flavor-access:is_public": true, "id": "2", "disk": 20, "ram": 2048, "vcpus": 1}} {{(pid=68866) _process_stack /opt/stack/nova/nova/api/openstack/wsgi.py:550}}
Aug 07 10:08:46.027986 np0000032399 devstack@n-api.service[68866]: INFO nova.api.openstack.requestlog [None req-f9ab5d7f-2ae3-423b-a7c2-205da98f92d9 admin admin] 192.168.1.106 "POST /compute/v2.1/flavors" status: 200 len: 411 microversion: 2.61 time: 0.011705
Aug 07 10:08:46.028208 np0000032399 devstack@n-api.service[68866]: [pid: 68866|app: 0|req: 9/17] 192.168.1.106 () {72 vars in 1408 bytes} [Thu Aug  7 10:08:46 2025] POST /compute/v2.1/flavors => generated 411 bytes in 12 msecs (HTTP/1.1 200) 9 headers in 359 bytes (1 switches on core 0)
Aug 07 10:08:46.035582 np0000032399 devstack@n-api.service[68867]: DEBUG nova.api.openstack.wsgi [None req-eea7761d-c8bc-4a69-a5b4-68fc90301c89 admin admin] Action: 'create', calling method: <bound method FlavorExtraSpecsController.create of <nova.api.openstack.compute.flavors_extraspecs.FlavorExtraSpecsController object at 0x7651d4150260>>, body: {"extra_specs": {"hw_rng:allowed": "True"}} {{(pid=68867) _process_stack /opt/stack/nova/nova/api/openstack/wsgi.py:550}}
Aug 07 10:08:46.046896 np0000032399 devstack@n-api.service[68867]: INFO nova.api.openstack.requestlog [None req-eea7761d-c8bc-4a69-a5b4-68fc90301c89 admin admin] 192.168.1.106 "POST /compute/v2.1/flavors/2/os-extra_specs" status: 200 len: 43 microversion: 2.61 time: 0.012749
Aug 07 10:08:46.047124 np0000032399 devstack@n-api.service[68867]: [pid: 68867|app: 0|req: 9/18] 192.168.1.106 () {72 vars in 1458 bytes} [Thu Aug  7 10:08:46 2025] POST /compute/v2.1/flavors/2/os-extra_specs => generated 43 bytes in 13 msecs (HTTP/1.1 200) 9 headers in 358 bytes (1 switches on core 0)
Aug 07 10:08:46.123557 np0000032399 devstack@n-api.service[68866]: DEBUG nova.api.openstack.wsgi [None req-8d1957fe-4645-490d-84ca-9a7f174c7539 admin admin] Action: 'create', calling method: <bound method FlavorsController.create of <nova.api.openstack.compute.flavors.FlavorsController object at 0x7651d412ba40>>, body: {"flavor": {"OS-FLV-EXT-DATA:ephemeral": 0, "rxtx_factor": 1.0, "swap": 0, "name": "m1.medium", "os-flavor-access:is_public": true, "id": "3", "disk": 40, "ram": 4096, "vcpus": 2}} {{(pid=68866) _process_stack /opt/stack/nova/nova/api/openstack/wsgi.py:550}}
Aug 07 10:08:46.134404 np0000032399 devstack@n-api.service[68866]: INFO nova.api.openstack.requestlog [None req-8d1957fe-4645-490d-84ca-9a7f174c7539 admin admin] 192.168.1.106 "POST /compute/v2.1/flavors" status: 200 len: 412 microversion: 2.61 time: 0.012336
Aug 07 10:08:46.134626 np0000032399 devstack@n-api.service[68866]: [pid: 68866|app: 0|req: 10/19] 192.168.1.106 () {72 vars in 1408 bytes} [Thu Aug  7 10:08:46 2025] POST /compute/v2.1/flavors => generated 412 bytes in 13 msecs (HTTP/1.1 200) 9 headers in 359 bytes (1 switches on core 0)
Aug 07 10:08:46.142043 np0000032399 devstack@n-api.service[68867]: DEBUG nova.api.openstack.wsgi [None req-2cef5054-08bc-42a2-928a-a18477e12dae admin admin] Action: 'create', calling method: <bound method FlavorExtraSpecsController.create of <nova.api.openstack.compute.flavors_extraspecs.FlavorExtraSpecsController object at 0x7651d4150260>>, body: {"extra_specs": {"hw_rng:allowed": "True"}} {{(pid=68867) _process_stack /opt/stack/nova/nova/api/openstack/wsgi.py:550}}
Aug 07 10:08:46.154555 np0000032399 devstack@n-api.service[68867]: INFO nova.api.openstack.requestlog [None req-2cef5054-08bc-42a2-928a-a18477e12dae admin admin] 192.168.1.106 "POST /compute/v2.1/flavors/3/os-extra_specs" status: 200 len: 43 microversion: 2.61 time: 0.013892
Aug 07 10:08:46.154821 np0000032399 devstack@n-api.service[68867]: [pid: 68867|app: 0|req: 10/20] 192.168.1.106 () {72 vars in 1458 bytes} [Thu Aug  7 10:08:46 2025] POST /compute/v2.1/flavors/3/os-extra_specs => generated 43 bytes in 14 msecs (HTTP/1.1 200) 9 headers in 358 bytes (1 switches on core 0)
Aug 07 10:08:46.238286 np0000032399 devstack@n-api.service[68866]: DEBUG nova.api.openstack.wsgi [None req-b348cea5-bbb9-4810-8bd4-fbe6588d7ccb admin admin] Action: 'create', calling method: <bound method FlavorsController.create of <nova.api.openstack.compute.flavors.FlavorsController object at 0x7651d412ba40>>, body: {"flavor": {"OS-FLV-EXT-DATA:ephemeral": 0, "rxtx_factor": 1.0, "swap": 0, "name": "m1.large", "os-flavor-access:is_public": true, "id": "4", "disk": 80, "ram": 8192, "vcpus": 4}} {{(pid=68866) _process_stack /opt/stack/nova/nova/api/openstack/wsgi.py:550}}
Aug 07 10:08:46.250506 np0000032399 devstack@n-api.service[68866]: INFO nova.api.openstack.requestlog [None req-b348cea5-bbb9-4810-8bd4-fbe6588d7ccb admin admin] 192.168.1.106 "POST /compute/v2.1/flavors" status: 200 len: 411 microversion: 2.61 time: 0.013918
Aug 07 10:08:46.251014 np0000032399 devstack@n-api.service[68866]: [pid: 68866|app: 0|req: 11/21] 192.168.1.106 () {72 vars in 1408 bytes} [Thu Aug  7 10:08:46 2025] POST /compute/v2.1/flavors => generated 411 bytes in 14 msecs (HTTP/1.1 200) 9 headers in 359 bytes (1 switches on core 0)
Aug 07 10:08:46.259981 np0000032399 devstack@n-api.service[68867]: DEBUG nova.api.openstack.wsgi [None req-e2cf4f13-0b14-4b00-9bce-d15c0a0bd5e3 admin admin] Action: 'create', calling method: <bound method FlavorExtraSpecsController.create of <nova.api.openstack.compute.flavors_extraspecs.FlavorExtraSpecsController object at 0x7651d4150260>>, body: {"extra_specs": {"hw_rng:allowed": "True"}} {{(pid=68867) _process_stack /opt/stack/nova/nova/api/openstack/wsgi.py:550}}
Aug 07 10:08:46.274183 np0000032399 devstack@n-api.service[68867]: INFO nova.api.openstack.requestlog [None req-e2cf4f13-0b14-4b00-9bce-d15c0a0bd5e3 admin admin] 192.168.1.106 "POST /compute/v2.1/flavors/4/os-extra_specs" status: 200 len: 43 microversion: 2.61 time: 0.016336
Aug 07 10:08:46.274426 np0000032399 devstack@n-api.service[68867]: [pid: 68867|app: 0|req: 11/22] 192.168.1.106 () {72 vars in 1458 bytes} [Thu Aug  7 10:08:46 2025] POST /compute/v2.1/flavors/4/os-extra_specs => generated 43 bytes in 17 msecs (HTTP/1.1 200) 9 headers in 358 bytes (1 switches on core 0)
Aug 07 10:08:46.355666 np0000032399 devstack@n-api.service[68866]: DEBUG nova.api.openstack.wsgi [None req-533f41be-fea9-40b7-8b1d-6373260cf4e3 admin admin] Action: 'create', calling method: <bound method FlavorsController.create of <nova.api.openstack.compute.flavors.FlavorsController object at 0x7651d412ba40>>, body: {"flavor": {"OS-FLV-EXT-DATA:ephemeral": 0, "rxtx_factor": 1.0, "swap": 0, "name": "m1.xlarge", "os-flavor-access:is_public": true, "id": "5", "disk": 160, "ram": 16384, "vcpus": 8}} {{(pid=68866) _process_stack /opt/stack/nova/nova/api/openstack/wsgi.py:550}}
Aug 07 10:08:46.365308 np0000032399 devstack@n-api.service[68866]: INFO nova.api.openstack.requestlog [None req-533f41be-fea9-40b7-8b1d-6373260cf4e3 admin admin] 192.168.1.106 "POST /compute/v2.1/flavors" status: 200 len: 414 microversion: 2.61 time: 0.012172
Aug 07 10:08:46.365622 np0000032399 devstack@n-api.service[68866]: [pid: 68866|app: 0|req: 12/23] 192.168.1.106 () {72 vars in 1408 bytes} [Thu Aug  7 10:08:46 2025] POST /compute/v2.1/flavors => generated 414 bytes in 12 msecs (HTTP/1.1 200) 9 headers in 359 bytes (1 switches on core 0)
Aug 07 10:08:46.373118 np0000032399 devstack@n-api.service[68867]: DEBUG nova.api.openstack.wsgi [None req-6863f650-cfdc-41fe-9c2e-dac746821366 admin admin] Action: 'create', calling method: <bound method FlavorExtraSpecsController.create of <nova.api.openstack.compute.flavors_extraspecs.FlavorExtraSpecsController object at 0x7651d4150260>>, body: {"extra_specs": {"hw_rng:allowed": "True"}} {{(pid=68867) _process_stack /opt/stack/nova/nova/api/openstack/wsgi.py:550}}
Aug 07 10:08:46.385196 np0000032399 devstack@n-api.service[68867]: INFO nova.api.openstack.requestlog [None req-6863f650-cfdc-41fe-9c2e-dac746821366 admin admin] 192.168.1.106 "POST /compute/v2.1/flavors/5/os-extra_specs" status: 200 len: 43 microversion: 2.61 time: 0.013542
Aug 07 10:08:46.385442 np0000032399 devstack@n-api.service[68867]: [pid: 68867|app: 0|req: 12/24] 192.168.1.106 () {72 vars in 1458 bytes} [Thu Aug  7 10:08:46 2025] POST /compute/v2.1/flavors/5/os-extra_specs => generated 43 bytes in 14 msecs (HTTP/1.1 200) 9 headers in 358 bytes (1 switches on core 0)
Aug 07 10:09:00.985910 np0000032399 devstack@n-api.service[68866]: DEBUG dbcounter [-] [68866] Writing DB stats nova_api:SELECT=21,nova_api:SAVEPOINT=5,nova_api:INSERT=10,nova_api:RELEASE=5 {{(pid=68866) stat_writer /opt/stack/data/venv/lib/python3.12/site-packages/dbcounter.py:115}}
Aug 07 10:09:00.987524 np0000032399 devstack@n-api.service[68866]: DEBUG nova.api.openstack.wsgi [None req-b6c05bdd-ed42-49fd-ad76-c073f0cbac8b admin admin] Calling method '<bound method FlavorsController.detail of <nova.api.openstack.compute.flavors.FlavorsController object at 0x7651d412bb90>>' {{(pid=68866) _process_stack /opt/stack/nova/nova/api/openstack/wsgi.py:552}}
Aug 07 10:09:00.998177 np0000032399 devstack@n-api.service[68866]: INFO nova.api.openstack.requestlog [None req-b6c05bdd-ed42-49fd-ad76-c073f0cbac8b admin admin] 192.168.1.106 "GET /compute/v2.1/flavors/detail?is_public=True" status: 200 len: 4262 microversion: 2.61 time: 0.012799
Aug 07 10:09:00.998462 np0000032399 devstack@n-api.service[68866]: [pid: 68866|app: 0|req: 13/25] 192.168.1.106 () {68 vars in 1417 bytes} [Thu Aug  7 10:09:00 2025] GET /compute/v2.1/flavors/detail?is_public=True => generated 4262 bytes in 13 msecs (HTTP/1.1 200) 9 headers in 360 bytes (1 switches on core 0)
Aug 07 10:09:01.098400 np0000032399 devstack@n-api.service[68867]: DEBUG nova.api.openstack.wsgi [None req-5860a14a-5e1e-4c44-b766-e6e946d44cfb admin admin] Action: 'create', calling method: <bound method FlavorsController.create of <nova.api.openstack.compute.flavors.FlavorsController object at 0x7651d412f980>>, body: {"flavor": {"OS-FLV-EXT-DATA:ephemeral": 0, "rxtx_factor": 1.0, "swap": 0, "name": "manila-service-flavor", "os-flavor-access:is_public": true, "id": "100", "disk": 5, "ram": 1024, "vcpus": 1}} {{(pid=68867) _process_stack /opt/stack/nova/nova/api/openstack/wsgi.py:550}}
Aug 07 10:09:01.101352 np0000032399 devstack@n-api.service[68867]: DEBUG dbcounter [-] [68867] Writing DB stats nova_api:INSERT=10,nova_api:SELECT=21,nova_api:SAVEPOINT=5,nova_api:RELEASE=5 {{(pid=68867) stat_writer /opt/stack/data/venv/lib/python3.12/site-packages/dbcounter.py:115}}
Aug 07 10:09:01.109795 np0000032399 devstack@n-api.service[68867]: INFO nova.api.openstack.requestlog [None req-5860a14a-5e1e-4c44-b766-e6e946d44cfb admin admin] 192.168.1.106 "POST /compute/v2.1/flavors" status: 200 len: 429 microversion: 2.61 time: 0.012910
Aug 07 10:09:01.110009 np0000032399 devstack@n-api.service[68867]: [pid: 68867|app: 0|req: 13/26] 192.168.1.106 () {72 vars in 1408 bytes} [Thu Aug  7 10:09:01 2025] POST /compute/v2.1/flavors => generated 429 bytes in 13 msecs (HTTP/1.1 200) 9 headers in 359 bytes (1 switches on core 0)
Aug 07 10:09:52.411617 np0000032399 devstack@n-api.service[68866]: DEBUG nova.api.openstack.wsgi [None req-0571f399-3ede-4549-9a3f-f07167e24570 admin admin] Calling method '<bound method KeypairController.index of <nova.api.openstack.compute.keypairs.KeypairController object at 0x7651d41dede0>>' {{(pid=68866) _process_stack /opt/stack/nova/nova/api/openstack/wsgi.py:552}}
Aug 07 10:09:52.413491 np0000032399 devstack@n-api.service[68866]: WARNING oslo_db.sqlalchemy.utils [None req-0571f399-3ede-4549-9a3f-f07167e24570 admin admin] Unique keys not in sort_keys. The sorting order may be unstable.
Aug 07 10:09:52.419791 np0000032399 devstack@n-api.service[68866]: INFO nova.api.openstack.requestlog [None req-0571f399-3ede-4549-9a3f-f07167e24570 admin admin] 192.168.1.106 "GET /compute/v2.1/os-keypairs" status: 200 len: 16 microversion: 2.10 time: 0.009553
Aug 07 10:09:52.419999 np0000032399 devstack@n-api.service[68866]: [pid: 68866|app: 0|req: 14/27] 192.168.1.106 () {68 vars in 1379 bytes} [Thu Aug  7 10:09:52 2025] GET /compute/v2.1/os-keypairs => generated 16 bytes in 10 msecs (HTTP/1.1 200) 9 headers in 358 bytes (1 switches on core 0)
Aug 07 10:09:52.512696 np0000032399 devstack@n-api.service[68867]: DEBUG nova.api.openstack.wsgi [None req-6473f3be-1ac4-4aea-8d63-8d3581dc4a39 admin admin] Action: 'create', calling method: <bound method KeypairController.create of <nova.api.openstack.compute.keypairs.KeypairController object at 0x7651d41def00>>, body: {"keypair": {"public_key": "ecdsa-sha2-nistp256 AAAAE2VjZHNhLXNoYTItbmlzdHAyNTYAAAAIbmlzdHAyNTYAAABBBAvE/vFc+8OdAHxrUk33PQE1mWfebC4tocy+8VvldxFSl12WYT3Yq33aj3jgac2M1kWLG+FcKObZOYcnH3ZRxoU= stack@np0000032399\n", "name": "manila-service"}} {{(pid=68867) _process_stack /opt/stack/nova/nova/api/openstack/wsgi.py:550}}
Aug 07 10:09:52.525359 np0000032399 devstack@n-api.service[68867]: DEBUG nova.quota [None req-6473f3be-1ac4-4aea-8d63-8d3581dc4a39 admin admin] Getting quotas for project d8c0f9cf68f04eff896c4689949e374e. Resources: {'key_pairs'} {{(pid=68867) _get_quotas /opt/stack/nova/nova/quota.py:392}}
Aug 07 10:09:52.528021 np0000032399 devstack@n-api.service[68867]: DEBUG nova.quota [None req-6473f3be-1ac4-4aea-8d63-8d3581dc4a39 admin admin] Getting quotas for user f17d78dd97c2469f918767a1f071ccd1 and project d8c0f9cf68f04eff896c4689949e374e. Resources: {'key_pairs'} {{(pid=68867) _get_quotas /opt/stack/nova/nova/quota.py:382}}
Aug 07 10:09:52.550532 np0000032399 devstack@n-api.service[68867]: INFO nova.api.openstack.requestlog [None req-6473f3be-1ac4-4aea-8d63-8d3581dc4a39 admin admin] 192.168.1.106 "POST /compute/v2.1/os-keypairs" status: 201 len: 366 microversion: 2.10 time: 0.040397
Aug 07 10:09:52.550899 np0000032399 devstack@n-api.service[68867]: [pid: 68867|app: 0|req: 14/28] 192.168.1.106 () {72 vars in 1420 bytes} [Thu Aug  7 10:09:52 2025] POST /compute/v2.1/os-keypairs => generated 366 bytes in 41 msecs (HTTP/1.1 201) 9 headers in 364 bytes (1 switches on core 0)
Aug 07 10:09:58.667632 np0000032399 devstack@n-api.service[68866]: DEBUG nova.api.openstack.wsgi [None req-93c79c98-f979-4660-bfb4-a689d39e13bb admin admin] Calling method '<bound method ServiceController.index of <nova.api.openstack.compute.services.ServiceController object at 0x7651d47efb60>>' {{(pid=68866) _process_stack /opt/stack/nova/nova/api/openstack/wsgi.py:552}}
Aug 07 10:09:58.669384 np0000032399 devstack@n-api.service[68866]: DEBUG oslo_concurrency.lockutils [None req-93c79c98-f979-4660-bfb4-a689d39e13bb admin admin] Acquiring lock "00000000-0000-0000-0000-000000000000" by "nova.context.set_target_cell.<locals>.get_or_set_cached_cell_and_set_connections" {{(pid=68866) inner /opt/stack/data/venv/lib/python3.12/site-packages/oslo_concurrency/lockutils.py:405}}
Aug 07 10:09:58.669559 np0000032399 devstack@n-api.service[68866]: DEBUG oslo_concurrency.lockutils [None req-93c79c98-f979-4660-bfb4-a689d39e13bb admin admin] Lock "00000000-0000-0000-0000-000000000000" acquired by "nova.context.set_target_cell.<locals>.get_or_set_cached_cell_and_set_connections" :: waited 0.000s {{(pid=68866) inner /opt/stack/data/venv/lib/python3.12/site-packages/oslo_concurrency/lockutils.py:410}}
Aug 07 10:09:58.669693 np0000032399 devstack@n-api.service[68866]: DEBUG oslo_concurrency.lockutils [None req-93c79c98-f979-4660-bfb4-a689d39e13bb admin admin] Lock "00000000-0000-0000-0000-000000000000" "released" by "nova.context.set_target_cell.<locals>.get_or_set_cached_cell_and_set_connections" :: held 0.000s {{(pid=68866) inner /opt/stack/data/venv/lib/python3.12/site-packages/oslo_concurrency/lockutils.py:424}}
Aug 07 10:09:58.670067 np0000032399 devstack@n-api.service[68866]: DEBUG oslo_concurrency.lockutils [None req-93c79c98-f979-4660-bfb4-a689d39e13bb admin admin] Acquiring lock "4ece5baa-eabf-4408-9e01-8c9ef2f54b0e" by "nova.context.set_target_cell.<locals>.get_or_set_cached_cell_and_set_connections" {{(pid=68866) inner /opt/stack/data/venv/lib/python3.12/site-packages/oslo_concurrency/lockutils.py:405}}
Aug 07 10:09:58.670194 np0000032399 devstack@n-api.service[68866]: DEBUG oslo_concurrency.lockutils [None req-93c79c98-f979-4660-bfb4-a689d39e13bb admin admin] Lock "4ece5baa-eabf-4408-9e01-8c9ef2f54b0e" acquired by "nova.context.set_target_cell.<locals>.get_or_set_cached_cell_and_set_connections" :: waited 0.000s {{(pid=68866) inner /opt/stack/data/venv/lib/python3.12/site-packages/oslo_concurrency/lockutils.py:410}}
