Aug 28 00:25:13.983680 np0000032593 devstack@n-api.service[70028]: DEBUG nova.api.openstack.wsgi_app [-] oslo_messaging_rabbit.rpc_conn_pool_size = 30 {{(pid=70028) log_opt_values /opt/stack/data/venv/lib/python3.12/site-packages/oslo_config/cfg.py:2824}}
Aug 28 00:25:13.983761 np0000032593 devstack@n-api.service[70028]: DEBUG nova.api.openstack.wsgi_app [-] oslo_messaging_rabbit.ssl      = False {{(pid=70028) log_opt_values /opt/stack/data/venv/lib/python3.12/site-packages/oslo_config/cfg.py:2824}}
Aug 28 00:25:13.983844 np0000032593 devstack@n-api.service[70028]: DEBUG nova.api.openstack.wsgi_app [-] oslo_messaging_rabbit.ssl_ca_file =  {{(pid=70028) log_opt_values /opt/stack/data/venv/lib/python3.12/site-packages/oslo_config/cfg.py:2824}}
Aug 28 00:25:13.983927 np0000032593 devstack@n-api.service[70028]: DEBUG nova.api.openstack.wsgi_app [-] oslo_messaging_rabbit.ssl_cert_file =  {{(pid=70028) log_opt_values /opt/stack/data/venv/lib/python3.12/site-packages/oslo_config/cfg.py:2824}}
Aug 28 00:25:13.984012 np0000032593 devstack@n-api.service[70028]: DEBUG nova.api.openstack.wsgi_app [-] oslo_messaging_rabbit.ssl_enforce_fips_mode = False {{(pid=70028) log_opt_values /opt/stack/data/venv/lib/python3.12/site-packages/oslo_config/cfg.py:2824}}
Aug 28 00:25:13.984096 np0000032593 devstack@n-api.service[70028]: DEBUG nova.api.openstack.wsgi_app [-] oslo_messaging_rabbit.ssl_key_file =  {{(pid=70028) log_opt_values /opt/stack/data/venv/lib/python3.12/site-packages/oslo_config/cfg.py:2824}}
Aug 28 00:25:13.984179 np0000032593 devstack@n-api.service[70028]: DEBUG nova.api.openstack.wsgi_app [-] oslo_messaging_rabbit.ssl_version =  {{(pid=70028) log_opt_values /opt/stack/data/venv/lib/python3.12/site-packages/oslo_config/cfg.py:2824}}
Aug 28 00:25:13.984260 np0000032593 devstack@n-api.service[70028]: DEBUG nova.api.openstack.wsgi_app [-] oslo_messaging_rabbit.use_queue_manager = False {{(pid=70028) log_opt_values /opt/stack/data/venv/lib/python3.12/site-packages/oslo_config/cfg.py:2824}}
Aug 28 00:25:13.984356 np0000032593 devstack@n-api.service[70028]: DEBUG nova.api.openstack.wsgi_app [-] oslo_messaging_notifications.driver = ['messagingv2'] {{(pid=70028) log_opt_values /opt/stack/data/venv/lib/python3.12/site-packages/oslo_config/cfg.py:2824}}
Aug 28 00:25:13.984450 np0000032593 devstack@n-api.service[70028]: DEBUG nova.api.openstack.wsgi_app [-] oslo_messaging_notifications.retry = -1 {{(pid=70028) log_opt_values /opt/stack/data/venv/lib/python3.12/site-packages/oslo_config/cfg.py:2824}}
Aug 28 00:25:13.984542 np0000032593 devstack@n-api.service[70028]: DEBUG nova.api.openstack.wsgi_app [-] oslo_messaging_notifications.topics = ['notifications'] {{(pid=70028) log_opt_values /opt/stack/data/venv/lib/python3.12/site-packages/oslo_config/cfg.py:2824}}
Aug 28 00:25:13.984629 np0000032593 devstack@n-api.service[70028]: DEBUG nova.api.openstack.wsgi_app [-] oslo_messaging_notifications.transport_url = **** {{(pid=70028) log_opt_values /opt/stack/data/venv/lib/python3.12/site-packages/oslo_config/cfg.py:2824}}
Aug 28 00:25:13.984712 np0000032593 devstack@n-api.service[70028]: DEBUG nova.api.openstack.wsgi_app [-] oslo_reports.file_event_handler = None {{(pid=70028) log_opt_values /opt/stack/data/venv/lib/python3.12/site-packages/oslo_config/cfg.py:2824}}
Aug 28 00:25:13.984794 np0000032593 devstack@n-api.service[70028]: DEBUG nova.api.openstack.wsgi_app [-] oslo_reports.file_event_handler_interval = 1 {{(pid=70028) log_opt_values /opt/stack/data/venv/lib/python3.12/site-packages/oslo_config/cfg.py:2824}}
Aug 28 00:25:13.984875 np0000032593 devstack@n-api.service[70028]: DEBUG nova.api.openstack.wsgi_app [-] oslo_reports.log_dir           = None {{(pid=70028) log_opt_values /opt/stack/data/venv/lib/python3.12/site-packages/oslo_config/cfg.py:2824}}
Aug 28 00:25:13.984941 np0000032593 devstack@n-api.service[70028]: DEBUG nova.api.openstack.wsgi_app [-] ******************************************************************************** {{(pid=70028) log_opt_values /opt/stack/data/venv/lib/python3.12/site-packages/oslo_config/cfg.py:2828}}
Aug 28 00:25:14.002945 np0000032593 devstack@n-api.service[70027]: INFO dbcounter [None req-367b4650-0d11-445d-a0aa-5e64f8541e2a None None] Registered counter for database nova_api
Aug 28 00:25:14.012821 np0000032593 devstack@n-api.service[70027]: DEBUG oslo_db.sqlalchemy.engines [None req-367b4650-0d11-445d-a0aa-5e64f8541e2a None None] MySQL server mode set to STRICT_TRANS_TABLES,STRICT_ALL_TABLES,NO_ZERO_IN_DATE,NO_ZERO_DATE,ERROR_FOR_DIVISION_BY_ZERO,TRADITIONAL,NO_ENGINE_SUBSTITUTION {{(pid=70027) _check_effective_sql_mode /opt/stack/data/venv/lib/python3.12/site-packages/oslo_db/sqlalchemy/engines.py:397}}
Aug 28 00:25:14.013282 np0000032593 devstack@n-api.service[70028]: INFO dbcounter [None req-06bf3a62-e219-4d07-9c8a-d5e80537be82 None None] Registered counter for database nova_api
Aug 28 00:25:14.022338 np0000032593 devstack@n-api.service[70028]: DEBUG oslo_db.sqlalchemy.engines [None req-06bf3a62-e219-4d07-9c8a-d5e80537be82 None None] MySQL server mode set to STRICT_TRANS_TABLES,STRICT_ALL_TABLES,NO_ZERO_IN_DATE,NO_ZERO_DATE,ERROR_FOR_DIVISION_BY_ZERO,TRADITIONAL,NO_ENGINE_SUBSTITUTION {{(pid=70028) _check_effective_sql_mode /opt/stack/data/venv/lib/python3.12/site-packages/oslo_db/sqlalchemy/engines.py:397}}
Aug 28 00:25:14.035646 np0000032593 devstack@n-api.service[70027]: DEBUG dbcounter [-] [70027] Writer thread running {{(pid=70027) stat_writer /opt/stack/data/venv/lib/python3.12/site-packages/dbcounter.py:102}}
Aug 28 00:25:14.037482 np0000032593 devstack@n-api.service[70027]: DEBUG nova.context [None req-367b4650-0d11-445d-a0aa-5e64f8541e2a None None] Found 2 cells: 00000000-0000-0000-0000-000000000000(cell0),d30b9d75-f0b3-4ff4-a060-58de23cd8d0c(cell1) {{(pid=70027) load_cells /opt/stack/nova/nova/context.py:464}}
Aug 28 00:25:14.038900 np0000032593 devstack@n-api.service[70027]: DEBUG oslo_concurrency.lockutils [None req-367b4650-0d11-445d-a0aa-5e64f8541e2a None None] Acquiring lock "00000000-0000-0000-0000-000000000000" by "nova.context.set_target_cell.<locals>.get_or_set_cached_cell_and_set_connections" {{(pid=70027) inner /opt/stack/data/venv/lib/python3.12/site-packages/oslo_concurrency/lockutils.py:405}}
Aug 28 00:25:14.039078 np0000032593 devstack@n-api.service[70027]: DEBUG oslo_concurrency.lockutils [None req-367b4650-0d11-445d-a0aa-5e64f8541e2a None None] Lock "00000000-0000-0000-0000-000000000000" acquired by "nova.context.set_target_cell.<locals>.get_or_set_cached_cell_and_set_connections" :: waited 0.000s {{(pid=70027) inner /opt/stack/data/venv/lib/python3.12/site-packages/oslo_concurrency/lockutils.py:410}}
Aug 28 00:25:14.039413 np0000032593 devstack@n-api.service[70027]: DEBUG oslo_concurrency.lockutils [None req-367b4650-0d11-445d-a0aa-5e64f8541e2a None None] Lock "00000000-0000-0000-0000-000000000000" "released" by "nova.context.set_target_cell.<locals>.get_or_set_cached_cell_and_set_connections" :: held 0.000s {{(pid=70027) inner /opt/stack/data/venv/lib/python3.12/site-packages/oslo_concurrency/lockutils.py:424}}
Aug 28 00:25:14.039734 np0000032593 devstack@n-api.service[70027]: DEBUG oslo_concurrency.lockutils [None req-367b4650-0d11-445d-a0aa-5e64f8541e2a None None] Acquiring lock "d30b9d75-f0b3-4ff4-a060-58de23cd8d0c" by "nova.context.set_target_cell.<locals>.get_or_set_cached_cell_and_set_connections" {{(pid=70027) inner /opt/stack/data/venv/lib/python3.12/site-packages/oslo_concurrency/lockutils.py:405}}
Aug 28 00:25:14.039870 np0000032593 devstack@n-api.service[70027]: DEBUG oslo_concurrency.lockutils [None req-367b4650-0d11-445d-a0aa-5e64f8541e2a None None] Lock "d30b9d75-f0b3-4ff4-a060-58de23cd8d0c" acquired by "nova.context.set_target_cell.<locals>.get_or_set_cached_cell_and_set_connections" :: waited 0.000s {{(pid=70027) inner /opt/stack/data/venv/lib/python3.12/site-packages/oslo_concurrency/lockutils.py:410}}
Aug 28 00:25:14.040539 np0000032593 devstack@n-api.service[70027]: DEBUG oslo_concurrency.lockutils [None req-367b4650-0d11-445d-a0aa-5e64f8541e2a None None] Lock "d30b9d75-f0b3-4ff4-a060-58de23cd8d0c" "released" by "nova.context.set_target_cell.<locals>.get_or_set_cached_cell_and_set_connections" :: held 0.001s {{(pid=70027) inner /opt/stack/data/venv/lib/python3.12/site-packages/oslo_concurrency/lockutils.py:424}}
Aug 28 00:25:14.041522 np0000032593 devstack@n-api.service[70027]: INFO dbcounter [None req-367b4650-0d11-445d-a0aa-5e64f8541e2a None None] Registered counter for database nova_cell0
Aug 28 00:25:14.044045 np0000032593 devstack@n-api.service[70027]: INFO dbcounter [None req-367b4650-0d11-445d-a0aa-5e64f8541e2a None None] Registered counter for database nova_cell1
Aug 28 00:25:14.045561 np0000032593 devstack@n-api.service[70028]: DEBUG dbcounter [-] [70028] Writer thread running {{(pid=70028) stat_writer /opt/stack/data/venv/lib/python3.12/site-packages/dbcounter.py:102}}
Aug 28 00:25:14.046704 np0000032593 devstack@n-api.service[70027]: DEBUG oslo_db.sqlalchemy.engines [None req-367b4650-0d11-445d-a0aa-5e64f8541e2a None None] MySQL server mode set to STRICT_TRANS_TABLES,STRICT_ALL_TABLES,NO_ZERO_IN_DATE,NO_ZERO_DATE,ERROR_FOR_DIVISION_BY_ZERO,TRADITIONAL,NO_ENGINE_SUBSTITUTION {{(pid=70027) _check_effective_sql_mode /opt/stack/data/venv/lib/python3.12/site-packages/oslo_db/sqlalchemy/engines.py:397}}
Aug 28 00:25:14.047197 np0000032593 devstack@n-api.service[70028]: DEBUG nova.context [None req-06bf3a62-e219-4d07-9c8a-d5e80537be82 None None] Found 2 cells: 00000000-0000-0000-0000-000000000000(cell0),d30b9d75-f0b3-4ff4-a060-58de23cd8d0c(cell1) {{(pid=70028) load_cells /opt/stack/nova/nova/context.py:464}}
Aug 28 00:25:14.048648 np0000032593 devstack@n-api.service[70028]: DEBUG oslo_concurrency.lockutils [None req-06bf3a62-e219-4d07-9c8a-d5e80537be82 None None] Acquiring lock "00000000-0000-0000-0000-000000000000" by "nova.context.set_target_cell.<locals>.get_or_set_cached_cell_and_set_connections" {{(pid=70028) inner /opt/stack/data/venv/lib/python3.12/site-packages/oslo_concurrency/lockutils.py:405}}
Aug 28 00:25:14.048821 np0000032593 devstack@n-api.service[70028]: DEBUG oslo_concurrency.lockutils [None req-06bf3a62-e219-4d07-9c8a-d5e80537be82 None None] Lock "00000000-0000-0000-0000-000000000000" acquired by "nova.context.set_target_cell.<locals>.get_or_set_cached_cell_and_set_connections" :: waited 0.000s {{(pid=70028) inner /opt/stack/data/venv/lib/python3.12/site-packages/oslo_concurrency/lockutils.py:410}}
Aug 28 00:25:14.048985 np0000032593 devstack@n-api.service[70027]: DEBUG oslo_db.sqlalchemy.engines [None req-367b4650-0d11-445d-a0aa-5e64f8541e2a None None] MySQL server mode set to STRICT_TRANS_TABLES,STRICT_ALL_TABLES,NO_ZERO_IN_DATE,NO_ZERO_DATE,ERROR_FOR_DIVISION_BY_ZERO,TRADITIONAL,NO_ENGINE_SUBSTITUTION {{(pid=70027) _check_effective_sql_mode /opt/stack/data/venv/lib/python3.12/site-packages/oslo_db/sqlalchemy/engines.py:397}}
Aug 28 00:25:14.049160 np0000032593 devstack@n-api.service[70028]: DEBUG oslo_concurrency.lockutils [None req-06bf3a62-e219-4d07-9c8a-d5e80537be82 None None] Lock "00000000-0000-0000-0000-000000000000" "released" by "nova.context.set_target_cell.<locals>.get_or_set_cached_cell_and_set_connections" :: held 0.000s {{(pid=70028) inner /opt/stack/data/venv/lib/python3.12/site-packages/oslo_concurrency/lockutils.py:424}}
Aug 28 00:25:14.049498 np0000032593 devstack@n-api.service[70028]: DEBUG oslo_concurrency.lockutils [None req-06bf3a62-e219-4d07-9c8a-d5e80537be82 None None] Acquiring lock "d30b9d75-f0b3-4ff4-a060-58de23cd8d0c" by "nova.context.set_target_cell.<locals>.get_or_set_cached_cell_and_set_connections" {{(pid=70028) inner /opt/stack/data/venv/lib/python3.12/site-packages/oslo_concurrency/lockutils.py:405}}
Aug 28 00:25:14.049636 np0000032593 devstack@n-api.service[70028]: DEBUG oslo_concurrency.lockutils [None req-06bf3a62-e219-4d07-9c8a-d5e80537be82 None None] Lock "d30b9d75-f0b3-4ff4-a060-58de23cd8d0c" acquired by "nova.context.set_target_cell.<locals>.get_or_set_cached_cell_and_set_connections" :: waited 0.000s {{(pid=70028) inner /opt/stack/data/venv/lib/python3.12/site-packages/oslo_concurrency/lockutils.py:410}}
Aug 28 00:25:14.050311 np0000032593 devstack@n-api.service[70028]: DEBUG oslo_concurrency.lockutils [None req-06bf3a62-e219-4d07-9c8a-d5e80537be82 None None] Lock "d30b9d75-f0b3-4ff4-a060-58de23cd8d0c" "released" by "nova.context.set_target_cell.<locals>.get_or_set_cached_cell_and_set_connections" :: held 0.001s {{(pid=70028) inner /opt/stack/data/venv/lib/python3.12/site-packages/oslo_concurrency/lockutils.py:424}}
Aug 28 00:25:14.051318 np0000032593 devstack@n-api.service[70028]: INFO dbcounter [None req-06bf3a62-e219-4d07-9c8a-d5e80537be82 None None] Registered counter for database nova_cell0
Aug 28 00:25:14.053135 np0000032593 devstack@n-api.service[70028]: INFO dbcounter [None req-06bf3a62-e219-4d07-9c8a-d5e80537be82 None None] Registered counter for database nova_cell1
Aug 28 00:25:14.056944 np0000032593 devstack@n-api.service[70028]: DEBUG oslo_db.sqlalchemy.engines [None req-06bf3a62-e219-4d07-9c8a-d5e80537be82 None None] MySQL server mode set to STRICT_TRANS_TABLES,STRICT_ALL_TABLES,NO_ZERO_IN_DATE,NO_ZERO_DATE,ERROR_FOR_DIVISION_BY_ZERO,TRADITIONAL,NO_ENGINE_SUBSTITUTION {{(pid=70028) _check_effective_sql_mode /opt/stack/data/venv/lib/python3.12/site-packages/oslo_db/sqlalchemy/engines.py:397}}
Aug 28 00:25:14.106104 np0000032593 devstack@n-api.service[70027]: DEBUG dbcounter [-] [70027] Writer thread running {{(pid=70027) stat_writer /opt/stack/data/venv/lib/python3.12/site-packages/dbcounter.py:102}}
Aug 28 00:25:14.109606 np0000032593 devstack@n-api.service[70027]: DEBUG dbcounter [-] [70027] Writer thread running {{(pid=70027) stat_writer /opt/stack/data/venv/lib/python3.12/site-packages/dbcounter.py:102}}
Aug 28 00:25:14.111412 np0000032593 devstack@n-api.service[70027]: INFO dbcounter [None req-367b4650-0d11-445d-a0aa-5e64f8541e2a None None] Registered counter for database nova_cell0
Aug 28 00:25:14.115284 np0000032593 devstack@n-api.service[70027]: DEBUG oslo_db.sqlalchemy.engines [None req-367b4650-0d11-445d-a0aa-5e64f8541e2a None None] MySQL server mode set to STRICT_TRANS_TABLES,STRICT_ALL_TABLES,NO_ZERO_IN_DATE,NO_ZERO_DATE,ERROR_FOR_DIVISION_BY_ZERO,TRADITIONAL,NO_ENGINE_SUBSTITUTION {{(pid=70027) _check_effective_sql_mode /opt/stack/data/venv/lib/python3.12/site-packages/oslo_db/sqlalchemy/engines.py:397}}
Aug 28 00:25:14.117206 np0000032593 devstack@n-api.service[70028]: DEBUG oslo_db.sqlalchemy.engines [None req-06bf3a62-e219-4d07-9c8a-d5e80537be82 None None] MySQL server mode set to STRICT_TRANS_TABLES,STRICT_ALL_TABLES,NO_ZERO_IN_DATE,NO_ZERO_DATE,ERROR_FOR_DIVISION_BY_ZERO,TRADITIONAL,NO_ENGINE_SUBSTITUTION {{(pid=70028) _check_effective_sql_mode /opt/stack/data/venv/lib/python3.12/site-packages/oslo_db/sqlalchemy/engines.py:397}}
Aug 28 00:25:14.117526 np0000032593 devstack@n-api.service[70028]: DEBUG dbcounter [-] [70028] Writer thread running {{(pid=70028) stat_writer /opt/stack/data/venv/lib/python3.12/site-packages/dbcounter.py:102}}
Aug 28 00:25:14.118698 np0000032593 devstack@n-api.service[70027]: DEBUG dbcounter [-] [70027] Writer thread running {{(pid=70027) stat_writer /opt/stack/data/venv/lib/python3.12/site-packages/dbcounter.py:102}}
Aug 28 00:25:14.120948 np0000032593 devstack@n-api.service[70028]: DEBUG dbcounter [-] [70028] Writer thread running {{(pid=70028) stat_writer /opt/stack/data/venv/lib/python3.12/site-packages/dbcounter.py:102}}
Aug 28 00:25:14.122683 np0000032593 devstack@n-api.service[70028]: INFO dbcounter [None req-06bf3a62-e219-4d07-9c8a-d5e80537be82 None None] Registered counter for database nova_cell0
Aug 28 00:25:14.126539 np0000032593 devstack@n-api.service[70028]: DEBUG oslo_db.sqlalchemy.engines [None req-06bf3a62-e219-4d07-9c8a-d5e80537be82 None None] MySQL server mode set to STRICT_TRANS_TABLES,STRICT_ALL_TABLES,NO_ZERO_IN_DATE,NO_ZERO_DATE,ERROR_FOR_DIVISION_BY_ZERO,TRADITIONAL,NO_ENGINE_SUBSTITUTION {{(pid=70028) _check_effective_sql_mode /opt/stack/data/venv/lib/python3.12/site-packages/oslo_db/sqlalchemy/engines.py:397}}
Aug 28 00:25:14.130018 np0000032593 devstack@n-api.service[70028]: DEBUG dbcounter [-] [70028] Writer thread running {{(pid=70028) stat_writer /opt/stack/data/venv/lib/python3.12/site-packages/dbcounter.py:102}}
Aug 28 00:25:14.459544 np0000032593 devstack@n-api.service[70027]: DEBUG oslo_concurrency.processutils [None req-367b4650-0d11-445d-a0aa-5e64f8541e2a None None] Running cmd (subprocess): grep -F node.session.scan /sbin/iscsiadm {{(pid=70027) execute /opt/stack/data/venv/lib/python3.12/site-packages/oslo_concurrency/processutils.py:349}}
Aug 28 00:25:14.464172 np0000032593 devstack@n-api.service[70028]: DEBUG oslo_concurrency.processutils [None req-06bf3a62-e219-4d07-9c8a-d5e80537be82 None None] Running cmd (subprocess): grep -F node.session.scan /sbin/iscsiadm {{(pid=70028) execute /opt/stack/data/venv/lib/python3.12/site-packages/oslo_concurrency/processutils.py:349}}
Aug 28 00:25:14.467296 np0000032593 devstack@n-api.service[70027]: DEBUG oslo_concurrency.processutils [None req-367b4650-0d11-445d-a0aa-5e64f8541e2a None None] CMD "grep -F node.session.scan /sbin/iscsiadm" returned: 0 in 0.008s {{(pid=70027) execute /opt/stack/data/venv/lib/python3.12/site-packages/oslo_concurrency/processutils.py:372}}
Aug 28 00:25:14.471407 np0000032593 devstack@n-api.service[70028]: DEBUG oslo_concurrency.processutils [None req-06bf3a62-e219-4d07-9c8a-d5e80537be82 None None] CMD "grep -F node.session.scan /sbin/iscsiadm" returned: 0 in 0.007s {{(pid=70028) execute /opt/stack/data/venv/lib/python3.12/site-packages/oslo_concurrency/processutils.py:372}}
Aug 28 00:25:14.749129 np0000032593 devstack@n-api.service[70028]: WARNING keystonemiddleware.auth_token [None req-06bf3a62-e219-4d07-9c8a-d5e80537be82 None None] AuthToken middleware is set with keystone_authtoken.service_token_roles_required set to False. This is backwards compatible but deprecated behaviour. Please set this to True.
Aug 28 00:25:14.749569 np0000032593 devstack@n-api.service[70027]: WARNING keystonemiddleware.auth_token [None req-367b4650-0d11-445d-a0aa-5e64f8541e2a None None] AuthToken middleware is set with keystone_authtoken.service_token_roles_required set to False. This is backwards compatible but deprecated behaviour. Please set this to True.
Aug 28 00:25:14.752398 np0000032593 devstack@n-api.service[70028]: WARNING keystonemiddleware.auth_token [None req-06bf3a62-e219-4d07-9c8a-d5e80537be82 None None] Configuring www_authenticate_uri to point to the public identity endpoint is required; clients may not be able to authenticate against an admin endpoint
Aug 28 00:25:14.752832 np0000032593 devstack@n-api.service[70027]: WARNING keystonemiddleware.auth_token [None req-367b4650-0d11-445d-a0aa-5e64f8541e2a None None] Configuring www_authenticate_uri to point to the public identity endpoint is required; clients may not be able to authenticate against an admin endpoint
Aug 28 00:25:14.910518 np0000032593 devstack@n-api.service[70028]: WARNING keystonemiddleware.auth_token [None req-06bf3a62-e219-4d07-9c8a-d5e80537be82 None None] AuthToken middleware is set with keystone_authtoken.service_token_roles_required set to False. This is backwards compatible but deprecated behaviour. Please set this to True.
Aug 28 00:25:14.910778 np0000032593 devstack@n-api.service[70027]: WARNING keystonemiddleware.auth_token [None req-367b4650-0d11-445d-a0aa-5e64f8541e2a None None] AuthToken middleware is set with keystone_authtoken.service_token_roles_required set to False. This is backwards compatible but deprecated behaviour. Please set this to True.
Aug 28 00:25:14.912993 np0000032593 devstack@n-api.service[70028]: WARNING keystonemiddleware.auth_token [None req-06bf3a62-e219-4d07-9c8a-d5e80537be82 None None] Configuring www_authenticate_uri to point to the public identity endpoint is required; clients may not be able to authenticate against an admin endpoint
Aug 28 00:25:14.913259 np0000032593 devstack@n-api.service[70027]: WARNING keystonemiddleware.auth_token [None req-367b4650-0d11-445d-a0aa-5e64f8541e2a None None] Configuring www_authenticate_uri to point to the public identity endpoint is required; clients may not be able to authenticate against an admin endpoint
Aug 28 00:25:14.914840 np0000032593 devstack@n-api.service[70028]: WSGI app 0 (mountpoint='') ready in 2 seconds on interpreter 0x77652faa39e8 pid: 70028 (default app)
Aug 28 00:25:14.915114 np0000032593 devstack@n-api.service[70027]: WSGI app 0 (mountpoint='') ready in 2 seconds on interpreter 0x77652faa39e8 pid: 70027 (default app)
Aug 28 00:25:14.915750 np0000032593 devstack@n-api.service[70028]: DEBUG nova.api.openstack.wsgi [None req-06bf3a62-e219-4d07-9c8a-d5e80537be82 None None] Calling method '<bound method VersionsV2.index of <nova.api.openstack.compute.versions.VersionsV2 object at 0x776529c07b60>>' {{(pid=70028) _process_stack /opt/stack/nova/nova/api/openstack/wsgi.py:556}}
Aug 28 00:25:14.918745 np0000032593 devstack@n-api.service[70028]: INFO nova.api.openstack.requestlog [None req-06bf3a62-e219-4d07-9c8a-d5e80537be82 None None] 192.168.1.138 "GET /compute/v2.1/" status: 200 len: 391 microversion: 2.1 time: 0.003217
Aug 28 00:25:14.918924 np0000032593 devstack@n-api.service[70028]: [pid: 70028|app: 0|req: 1/1] 192.168.1.138 () {50 vars in 771 bytes} [Thu Aug 28 00:25:14 2025] GET /compute/v2.1/ => generated 391 bytes in 4 msecs (HTTP/1.1 200) 9 headers in 357 bytes (1 switches on core 0)
Aug 28 00:25:47.116833 np0000032593 devstack@n-api.service[70027]: DEBUG nova.api.openstack.wsgi [None req-367b4650-0d11-445d-a0aa-5e64f8541e2a None None] Calling method '<bound method VersionsV2.index of <nova.api.openstack.compute.versions.VersionsV2 object at 0x77652903c680>>' {{(pid=70027) _process_stack /opt/stack/nova/nova/api/openstack/wsgi.py:556}}
Aug 28 00:25:47.121172 np0000032593 devstack@n-api.service[70027]: INFO nova.api.openstack.requestlog [None req-367b4650-0d11-445d-a0aa-5e64f8541e2a None None] 192.168.1.138 "GET /compute/v2.1" status: 200 len: 392 microversion: 2.1 time: 0.004874
Aug 28 00:25:47.121383 np0000032593 devstack@n-api.service[70027]: [pid: 70027|app: 0|req: 1/2] 192.168.1.138 () {62 vars in 1056 bytes} [Thu Aug 28 00:25:47 2025] GET /compute/v2.1 => generated 392 bytes in 6 msecs (HTTP/1.1 200) 9 headers in 357 bytes (1 switches on core 0)
Aug 28 00:25:47.130826 np0000032593 devstack@n-api.service[70028]: DEBUG dbcounter [-] [70028] Writing DB stats nova_api:SELECT=1 {{(pid=70028) stat_writer /opt/stack/data/venv/lib/python3.12/site-packages/dbcounter.py:115}}
Aug 28 00:25:47.131490 np0000032593 devstack@n-api.service[70028]: DEBUG dbcounter [-] [70028] Writing DB stats nova_cell0:SELECT=1 {{(pid=70028) stat_writer /opt/stack/data/venv/lib/python3.12/site-packages/dbcounter.py:115}}
Aug 28 00:25:47.131852 np0000032593 devstack@n-api.service[70028]: DEBUG dbcounter [-] [70028] Writing DB stats nova_cell1:SELECT=1 {{(pid=70028) stat_writer /opt/stack/data/venv/lib/python3.12/site-packages/dbcounter.py:115}}
Aug 28 00:25:47.132114 np0000032593 devstack@n-api.service[70028]: DEBUG dbcounter [-] [70028] Writing DB stats nova_cell0:SELECT=1 {{(pid=70028) stat_writer /opt/stack/data/venv/lib/python3.12/site-packages/dbcounter.py:115}}
Aug 28 00:25:47.244072 np0000032593 devstack@n-api.service[70028]: DEBUG nova.api.openstack.wsgi [None req-61b5a8fe-32b2-4ebf-9b6b-6cf90b35e0c4 admin admin] Calling method '<bound method FlavorsController.detail of <nova.api.openstack.compute.flavors.FlavorsController object at 0x776528be3860>>' {{(pid=70028) _process_stack /opt/stack/nova/nova/api/openstack/wsgi.py:556}}
Aug 28 00:25:47.261616 np0000032593 devstack@n-api.service[70028]: INFO nova.api.openstack.requestlog [None req-61b5a8fe-32b2-4ebf-9b6b-6cf90b35e0c4 admin admin] 192.168.1.138 "GET /compute/v2.1/flavors/detail?is_public=True" status: 200 len: 15 microversion: 2.61 time: 0.134496
Aug 28 00:25:47.261845 np0000032593 devstack@n-api.service[70028]: [pid: 70028|app: 0|req: 2/3] 192.168.1.138 () {68 vars in 1417 bytes} [Thu Aug 28 00:25:47 2025] GET /compute/v2.1/flavors/detail?is_public=True => generated 15 bytes in 135 msecs (HTTP/1.1 200) 9 headers in 358 bytes (1 switches on core 0)
Aug 28 00:25:47.343380 np0000032593 devstack@n-api.service[70027]: DEBUG nova.api.openstack.wsgi [None req-367b4650-0d11-445d-a0aa-5e64f8541e2a None None] Calling method '<bound method VersionsV2.index of <nova.api.openstack.compute.versions.VersionsV2 object at 0x77652903c680>>' {{(pid=70027) _process_stack /opt/stack/nova/nova/api/openstack/wsgi.py:556}}
Aug 28 00:25:47.343965 np0000032593 devstack@n-api.service[70027]: INFO nova.api.openstack.requestlog [None req-367b4650-0d11-445d-a0aa-5e64f8541e2a None None] 192.168.1.138 "GET /compute/v2.1" status: 200 len: 392 microversion: 2.1 time: 0.003404
Aug 28 00:25:47.344238 np0000032593 devstack@n-api.service[70027]: [pid: 70027|app: 0|req: 2/4] 192.168.1.138 () {62 vars in 1056 bytes} [Thu Aug 28 00:25:47 2025] GET /compute/v2.1 => generated 392 bytes in 4 msecs (HTTP/1.1 200) 9 headers in 357 bytes (1 switches on core 0)
Aug 28 00:25:47.368353 np0000032593 devstack@n-api.service[70028]: DEBUG nova.api.openstack.wsgi [None req-faf76bf5-db6c-429b-99dd-2fa16a17aac8 admin admin] Action: 'create', calling method: <bound method FlavorsController.create of <nova.api.openstack.compute.flavors.FlavorsController object at 0x776528be3320>>, body: {"flavor": {"os-flavor-access:is_public": true, "OS-FLV-EXT-DATA:ephemeral": 0, "disk": 1, "id": "c1", "swap": 0, "ram": 256, "rxtx_factor": 1.0, "vcpus": 1, "name": "cirros256"}} {{(pid=70028) _process_stack /opt/stack/nova/nova/api/openstack/wsgi.py:554}}
Aug 28 00:25:47.392670 np0000032593 devstack@n-api.service[70028]: INFO nova.api.openstack.requestlog [None req-faf76bf5-db6c-429b-99dd-2fa16a17aac8 admin admin] 192.168.1.138 "POST /compute/v2.1/flavors" status: 200 len: 413 microversion: 2.61 time: 0.043688
Aug 28 00:25:47.392977 np0000032593 devstack@n-api.service[70028]: [pid: 70028|app: 0|req: 3/5] 192.168.1.138 () {72 vars in 1408 bytes} [Thu Aug 28 00:25:47 2025] POST /compute/v2.1/flavors => generated 413 bytes in 44 msecs (HTTP/1.1 200) 9 headers in 359 bytes (1 switches on core 0)
Aug 28 00:25:47.461522 np0000032593 devstack@n-api.service[70027]: DEBUG nova.api.openstack.wsgi [None req-79c016f4-baca-459b-a71d-13264e5c8507 admin admin] Action: 'create', calling method: <bound method FlavorExtraSpecsController.create of <nova.api.openstack.compute.flavors_extraspecs.FlavorExtraSpecsController object at 0x776528a09790>>, body: {"extra_specs": {"hw_rng:allowed": "True"}} {{(pid=70027) _process_stack /opt/stack/nova/nova/api/openstack/wsgi.py:554}}
Aug 28 00:25:47.465296 np0000032593 devstack@n-api.service[70027]: DEBUG dbcounter [-] [70027] Writing DB stats nova_api:SELECT=1 {{(pid=70027) stat_writer /opt/stack/data/venv/lib/python3.12/site-packages/dbcounter.py:115}}
Aug 28 00:25:47.465854 np0000032593 devstack@n-api.service[70027]: DEBUG dbcounter [-] [70027] Writing DB stats nova_cell0:SELECT=1 {{(pid=70027) stat_writer /opt/stack/data/venv/lib/python3.12/site-packages/dbcounter.py:115}}
Aug 28 00:25:47.466228 np0000032593 devstack@n-api.service[70027]: DEBUG dbcounter [-] [70027] Writing DB stats nova_cell1:SELECT=1 {{(pid=70027) stat_writer /opt/stack/data/venv/lib/python3.12/site-packages/dbcounter.py:115}}
Aug 28 00:25:47.466570 np0000032593 devstack@n-api.service[70027]: DEBUG dbcounter [-] [70027] Writing DB stats nova_cell0:SELECT=2,nova_cell0:INSERT=1 {{(pid=70027) stat_writer /opt/stack/data/venv/lib/python3.12/site-packages/dbcounter.py:115}}
Aug 28 00:25:47.496018 np0000032593 devstack@n-api.service[70027]: INFO nova.api.openstack.requestlog [None req-79c016f4-baca-459b-a71d-13264e5c8507 admin admin] 192.168.1.138 "POST /compute/v2.1/flavors/c1/os-extra_specs" status: 200 len: 43 microversion: 2.61 time: 0.096113
Aug 28 00:25:47.496318 np0000032593 devstack@n-api.service[70027]: [pid: 70027|app: 0|req: 3/6] 192.168.1.138 () {72 vars in 1461 bytes} [Thu Aug 28 00:25:47 2025] POST /compute/v2.1/flavors/c1/os-extra_specs => generated 43 bytes in 96 msecs (HTTP/1.1 200) 9 headers in 358 bytes (1 switches on core 0)
Aug 28 00:25:47.584924 np0000032593 devstack@n-api.service[70028]: DEBUG nova.api.openstack.wsgi [None req-faf76bf5-db6c-429b-99dd-2fa16a17aac8 admin admin] Calling method '<bound method VersionsV2.index of <nova.api.openstack.compute.versions.VersionsV2 object at 0x776529c07b60>>' {{(pid=70028) _process_stack /opt/stack/nova/nova/api/openstack/wsgi.py:556}}
Aug 28 00:25:47.587836 np0000032593 devstack@n-api.service[70028]: INFO nova.api.openstack.requestlog [None req-faf76bf5-db6c-429b-99dd-2fa16a17aac8 admin admin] 192.168.1.138 "GET /compute/v2.1" status: 200 len: 392 microversion: 2.1 time: 0.003060
Aug 28 00:25:47.587999 np0000032593 devstack@n-api.service[70028]: [pid: 70028|app: 0|req: 4/7] 192.168.1.138 () {62 vars in 1056 bytes} [Thu Aug 28 00:25:47 2025] GET /compute/v2.1 => generated 392 bytes in 3 msecs (HTTP/1.1 200) 9 headers in 357 bytes (1 switches on core 0)
Aug 28 00:25:47.647898 np0000032593 devstack@n-api.service[70027]: DEBUG nova.api.openstack.wsgi [None req-70dcef28-a4fc-4b12-9dea-734ca16c548b admin admin] Action: 'create', calling method: <bound method FlavorsController.create of <nova.api.openstack.compute.flavors.FlavorsController object at 0x776528a084d0>>, body: {"flavor": {"os-flavor-access:is_public": true, "OS-FLV-EXT-DATA:ephemeral": 0, "disk": 5, "id": "d1", "swap": 0, "ram": 512, "rxtx_factor": 1.0, "vcpus": 1, "name": "ds512M"}} {{(pid=70027) _process_stack /opt/stack/nova/nova/api/openstack/wsgi.py:554}}
Aug 28 00:25:47.668262 np0000032593 devstack@n-api.service[70027]: INFO nova.api.openstack.requestlog [None req-70dcef28-a4fc-4b12-9dea-734ca16c548b admin admin] 192.168.1.138 "POST /compute/v2.1/flavors" status: 200 len: 410 microversion: 2.61 time: 0.073747
Aug 28 00:25:47.668521 np0000032593 devstack@n-api.service[70027]: [pid: 70027|app: 0|req: 4/8] 192.168.1.138 () {72 vars in 1408 bytes} [Thu Aug 28 00:25:47 2025] POST /compute/v2.1/flavors => generated 410 bytes in 74 msecs (HTTP/1.1 200) 9 headers in 359 bytes (1 switches on core 0)
Aug 28 00:25:47.681379 np0000032593 devstack@n-api.service[70028]: DEBUG nova.api.openstack.wsgi [None req-7ddaff91-419c-46f9-b0d1-b2cfe398e4a6 admin admin] Action: 'create', calling method: <bound method FlavorExtraSpecsController.create of <nova.api.openstack.compute.flavors_extraspecs.FlavorExtraSpecsController object at 0x776528be2750>>, body: {"extra_specs": {"hw_rng:allowed": "True"}} {{(pid=70028) _process_stack /opt/stack/nova/nova/api/openstack/wsgi.py:554}}
Aug 28 00:25:47.697605 np0000032593 devstack@n-api.service[70028]: INFO nova.api.openstack.requestlog [None req-7ddaff91-419c-46f9-b0d1-b2cfe398e4a6 admin admin] 192.168.1.138 "POST /compute/v2.1/flavors/d1/os-extra_specs" status: 200 len: 43 microversion: 2.61 time: 0.019617
Aug 28 00:25:47.697909 np0000032593 devstack@n-api.service[70028]: [pid: 70028|app: 0|req: 5/9] 192.168.1.138 () {72 vars in 1461 bytes} [Thu Aug 28 00:25:47 2025] POST /compute/v2.1/flavors/d1/os-extra_specs => generated 43 bytes in 20 msecs (HTTP/1.1 200) 9 headers in 358 bytes (1 switches on core 0)
Aug 28 00:25:47.803439 np0000032593 devstack@n-api.service[70027]: DEBUG nova.api.openstack.wsgi [None req-70dcef28-a4fc-4b12-9dea-734ca16c548b admin admin] Calling method '<bound method VersionsV2.index of <nova.api.openstack.compute.versions.VersionsV2 object at 0x77652903c680>>' {{(pid=70027) _process_stack /opt/stack/nova/nova/api/openstack/wsgi.py:556}}
Aug 28 00:25:47.806293 np0000032593 devstack@n-api.service[70027]: INFO nova.api.openstack.requestlog [None req-70dcef28-a4fc-4b12-9dea-734ca16c548b admin admin] 192.168.1.138 "GET /compute/v2.1" status: 200 len: 392 microversion: 2.1 time: 0.003014
Aug 28 00:25:47.806483 np0000032593 devstack@n-api.service[70027]: [pid: 70027|app: 0|req: 5/10] 192.168.1.138 () {62 vars in 1056 bytes} [Thu Aug 28 00:25:47 2025] GET /compute/v2.1 => generated 392 bytes in 3 msecs (HTTP/1.1 200) 9 headers in 357 bytes (1 switches on core 0)
Aug 28 00:25:47.832377 np0000032593 devstack@n-api.service[70028]: DEBUG nova.api.openstack.wsgi [None req-1bd6d686-3a45-4d45-aa22-593ec32f21a8 admin admin] Action: 'create', calling method: <bound method FlavorsController.create of <nova.api.openstack.compute.flavors.FlavorsController object at 0x776528be3320>>, body: {"flavor": {"os-flavor-access:is_public": true, "OS-FLV-EXT-DATA:ephemeral": 0, "disk": 10, "id": "d2", "swap": 0, "ram": 1024, "rxtx_factor": 1.0, "vcpus": 1, "name": "ds1G"}} {{(pid=70028) _process_stack /opt/stack/nova/nova/api/openstack/wsgi.py:554}}
Aug 28 00:25:47.846696 np0000032593 devstack@n-api.service[70028]: INFO nova.api.openstack.requestlog [None req-1bd6d686-3a45-4d45-aa22-593ec32f21a8 admin admin] 192.168.1.138 "POST /compute/v2.1/flavors" status: 200 len: 410 microversion: 2.61 time: 0.032995
Aug 28 00:25:47.847062 np0000032593 devstack@n-api.service[70028]: [pid: 70028|app: 0|req: 6/11] 192.168.1.138 () {72 vars in 1408 bytes} [Thu Aug 28 00:25:47 2025] POST /compute/v2.1/flavors => generated 410 bytes in 34 msecs (HTTP/1.1 200) 9 headers in 359 bytes (1 switches on core 0)
Aug 28 00:25:47.860832 np0000032593 devstack@n-api.service[70027]: DEBUG nova.api.openstack.wsgi [None req-47928297-486a-488e-8475-38d522b13fe5 admin admin] Action: 'create', calling method: <bound method FlavorExtraSpecsController.create of <nova.api.openstack.compute.flavors_extraspecs.FlavorExtraSpecsController object at 0x776528a09790>>, body: {"extra_specs": {"hw_rng:allowed": "True"}} {{(pid=70027) _process_stack /opt/stack/nova/nova/api/openstack/wsgi.py:554}}
Aug 28 00:25:47.872931 np0000032593 devstack@n-api.service[70027]: INFO nova.api.openstack.requestlog [None req-47928297-486a-488e-8475-38d522b13fe5 admin admin] 192.168.1.138 "POST /compute/v2.1/flavors/d2/os-extra_specs" status: 200 len: 43 microversion: 2.61 time: 0.016798
Aug 28 00:25:47.872931 np0000032593 devstack@n-api.service[70027]: [pid: 70027|app: 0|req: 6/12] 192.168.1.138 () {72 vars in 1461 bytes} [Thu Aug 28 00:25:47 2025] POST /compute/v2.1/flavors/d2/os-extra_specs => generated 43 bytes in 17 msecs (HTTP/1.1 200) 9 headers in 358 bytes (1 switches on core 0)
Aug 28 00:25:47.954187 np0000032593 devstack@n-api.service[70028]: DEBUG nova.api.openstack.wsgi [None req-1bd6d686-3a45-4d45-aa22-593ec32f21a8 admin admin] Calling method '<bound method VersionsV2.index of <nova.api.openstack.compute.versions.VersionsV2 object at 0x776529c07b60>>' {{(pid=70028) _process_stack /opt/stack/nova/nova/api/openstack/wsgi.py:556}}
Aug 28 00:25:47.957241 np0000032593 devstack@n-api.service[70028]: INFO nova.api.openstack.requestlog [None req-1bd6d686-3a45-4d45-aa22-593ec32f21a8 admin admin] 192.168.1.138 "GET /compute/v2.1" status: 200 len: 392 microversion: 2.1 time: 0.003058
Aug 28 00:25:47.957241 np0000032593 devstack@n-api.service[70028]: [pid: 70028|app: 0|req: 7/13] 192.168.1.138 () {62 vars in 1056 bytes} [Thu Aug 28 00:25:47 2025] GET /compute/v2.1 => generated 392 bytes in 3 msecs (HTTP/1.1 200) 9 headers in 357 bytes (1 switches on core 0)
Aug 28 00:25:47.980404 np0000032593 devstack@n-api.service[70027]: DEBUG nova.api.openstack.wsgi [None req-d61daf50-5d32-4ea1-9c10-eff293910570 admin admin] Action: 'create', calling method: <bound method FlavorsController.create of <nova.api.openstack.compute.flavors.FlavorsController object at 0x776528a084d0>>, body: {"flavor": {"os-flavor-access:is_public": true, "OS-FLV-EXT-DATA:ephemeral": 0, "disk": 10, "id": "d3", "swap": 0, "ram": 2048, "rxtx_factor": 1.0, "vcpus": 2, "name": "ds2G"}} {{(pid=70027) _process_stack /opt/stack/nova/nova/api/openstack/wsgi.py:554}}
Aug 28 00:25:47.989897 np0000032593 devstack@n-api.service[70027]: INFO nova.api.openstack.requestlog [None req-d61daf50-5d32-4ea1-9c10-eff293910570 admin admin] 192.168.1.138 "POST /compute/v2.1/flavors" status: 200 len: 410 microversion: 2.61 time: 0.027991
Aug 28 00:25:47.990208 np0000032593 devstack@n-api.service[70027]: [pid: 70027|app: 0|req: 7/14] 192.168.1.138 () {72 vars in 1408 bytes} [Thu Aug 28 00:25:47 2025] POST /compute/v2.1/flavors => generated 410 bytes in 28 msecs (HTTP/1.1 200) 9 headers in 359 bytes (1 switches on core 0)
Aug 28 00:25:47.997305 np0000032593 devstack@n-api.service[70028]: DEBUG nova.api.openstack.wsgi [None req-896519ed-fe61-44ff-af74-df8948adce17 admin admin] Action: 'create', calling method: <bound method FlavorExtraSpecsController.create of <nova.api.openstack.compute.flavors_extraspecs.FlavorExtraSpecsController object at 0x776528be2750>>, body: {"extra_specs": {"hw_rng:allowed": "True"}} {{(pid=70028) _process_stack /opt/stack/nova/nova/api/openstack/wsgi.py:554}}
Aug 28 00:25:48.013299 np0000032593 devstack@n-api.service[70028]: INFO nova.api.openstack.requestlog [None req-896519ed-fe61-44ff-af74-df8948adce17 admin admin] 192.168.1.138 "POST /compute/v2.1/flavors/d3/os-extra_specs" status: 200 len: 43 microversion: 2.61 time: 0.017161
Aug 28 00:25:48.013299 np0000032593 devstack@n-api.service[70028]: [pid: 70028|app: 0|req: 8/15] 192.168.1.138 () {72 vars in 1461 bytes} [Thu Aug 28 00:25:47 2025] POST /compute/v2.1/flavors/d3/os-extra_specs => generated 43 bytes in 17 msecs (HTTP/1.1 200) 9 headers in 358 bytes (2 switches on core 0)
Aug 28 00:25:48.189454 np0000032593 devstack@n-api.service[70027]: DEBUG nova.api.openstack.wsgi [None req-d61daf50-5d32-4ea1-9c10-eff293910570 admin admin] Calling method '<bound method VersionsV2.index of <nova.api.openstack.compute.versions.VersionsV2 object at 0x77652903c680>>' {{(pid=70027) _process_stack /opt/stack/nova/nova/api/openstack/wsgi.py:556}}
Aug 28 00:25:48.192578 np0000032593 devstack@n-api.service[70027]: INFO nova.api.openstack.requestlog [None req-d61daf50-5d32-4ea1-9c10-eff293910570 admin admin] 192.168.1.138 "GET /compute/v2.1" status: 200 len: 392 microversion: 2.1 time: 0.003270
Aug 28 00:25:48.192802 np0000032593 devstack@n-api.service[70027]: [pid: 70027|app: 0|req: 8/16] 192.168.1.138 () {62 vars in 1056 bytes} [Thu Aug 28 00:25:48 2025] GET /compute/v2.1 => generated 392 bytes in 3 msecs (HTTP/1.1 200) 9 headers in 357 bytes (1 switches on core 0)
Aug 28 00:25:48.215760 np0000032593 devstack@n-api.service[70028]: DEBUG nova.api.openstack.wsgi [None req-b1105923-8122-446e-85c6-6353ed5f7c54 admin admin] Action: 'create', calling method: <bound method FlavorsController.create of <nova.api.openstack.compute.flavors.FlavorsController object at 0x776528be3320>>, body: {"flavor": {"os-flavor-access:is_public": true, "OS-FLV-EXT-DATA:ephemeral": 0, "disk": 20, "id": "d4", "swap": 0, "ram": 4096, "rxtx_factor": 1.0, "vcpus": 4, "name": "ds4G"}} {{(pid=70028) _process_stack /opt/stack/nova/nova/api/openstack/wsgi.py:554}}
Aug 28 00:25:48.226674 np0000032593 devstack@n-api.service[70028]: INFO nova.api.openstack.requestlog [None req-b1105923-8122-446e-85c6-6353ed5f7c54 admin admin] 192.168.1.138 "POST /compute/v2.1/flavors" status: 200 len: 410 microversion: 2.61 time: 0.029230
Aug 28 00:25:48.226899 np0000032593 devstack@n-api.service[70028]: [pid: 70028|app: 0|req: 9/17] 192.168.1.138 () {72 vars in 1408 bytes} [Thu Aug 28 00:25:48 2025] POST /compute/v2.1/flavors => generated 410 bytes in 29 msecs (HTTP/1.1 200) 9 headers in 359 bytes (1 switches on core 0)
Aug 28 00:25:48.234600 np0000032593 devstack@n-api.service[70027]: DEBUG nova.api.openstack.wsgi [None req-acc1c565-e2a3-4472-bd95-3ccfcfb9114a admin admin] Action: 'create', calling method: <bound method FlavorExtraSpecsController.create of <nova.api.openstack.compute.flavors_extraspecs.FlavorExtraSpecsController object at 0x776528a09790>>, body: {"extra_specs": {"hw_rng:allowed": "True"}} {{(pid=70027) _process_stack /opt/stack/nova/nova/api/openstack/wsgi.py:554}}
Aug 28 00:25:48.247934 np0000032593 devstack@n-api.service[70027]: INFO nova.api.openstack.requestlog [None req-acc1c565-e2a3-4472-bd95-3ccfcfb9114a admin admin] 192.168.1.138 "POST /compute/v2.1/flavors/d4/os-extra_specs" status: 200 len: 43 microversion: 2.61 time: 0.014862
Aug 28 00:25:48.248175 np0000032593 devstack@n-api.service[70027]: [pid: 70027|app: 0|req: 9/18] 192.168.1.138 () {72 vars in 1461 bytes} [Thu Aug 28 00:25:48 2025] POST /compute/v2.1/flavors/d4/os-extra_specs => generated 43 bytes in 15 msecs (HTTP/1.1 200) 9 headers in 358 bytes (1 switches on core 0)
Aug 28 00:25:48.324169 np0000032593 devstack@n-api.service[70028]: DEBUG nova.api.openstack.wsgi [None req-b1105923-8122-446e-85c6-6353ed5f7c54 admin admin] Calling method '<bound method VersionsV2.index of <nova.api.openstack.compute.versions.VersionsV2 object at 0x776529c07b60>>' {{(pid=70028) _process_stack /opt/stack/nova/nova/api/openstack/wsgi.py:556}}
Aug 28 00:25:48.327224 np0000032593 devstack@n-api.service[70028]: INFO nova.api.openstack.requestlog [None req-b1105923-8122-446e-85c6-6353ed5f7c54 admin admin] 192.168.1.138 "GET /compute/v2.1" status: 200 len: 392 microversion: 2.1 time: 0.003203
Aug 28 00:25:48.327393 np0000032593 devstack@n-api.service[70028]: [pid: 70028|app: 0|req: 10/19] 192.168.1.138 () {62 vars in 1056 bytes} [Thu Aug 28 00:25:48 2025] GET /compute/v2.1 => generated 392 bytes in 3 msecs (HTTP/1.1 200) 9 headers in 357 bytes (1 switches on core 0)
Aug 28 00:25:48.348943 np0000032593 devstack@n-api.service[70027]: DEBUG nova.api.openstack.wsgi [None req-ce961cac-4148-4fe7-b29f-4e09b23a64cf admin admin] Calling method '<bound method FlavorsController.detail of <nova.api.openstack.compute.flavors.FlavorsController object at 0x776528a08a10>>' {{(pid=70027) _process_stack /opt/stack/nova/nova/api/openstack/wsgi.py:556}}
Aug 28 00:25:48.363318 np0000032593 devstack@n-api.service[70027]: INFO nova.api.openstack.requestlog [None req-ce961cac-4148-4fe7-b29f-4e09b23a64cf admin admin] 192.168.1.138 "GET /compute/v2.1/flavors/detail?is_public=True" status: 200 len: 2136 microversion: 2.61 time: 0.031385
Aug 28 00:25:48.363617 np0000032593 devstack@n-api.service[70027]: [pid: 70027|app: 0|req: 10/20] 192.168.1.138 () {68 vars in 1417 bytes} [Thu Aug 28 00:25:48 2025] GET /compute/v2.1/flavors/detail?is_public=True => generated 2136 bytes in 32 msecs (HTTP/1.1 200) 9 headers in 360 bytes (1 switches on core 0)
Aug 28 00:25:48.441570 np0000032593 devstack@n-api.service[70028]: DEBUG nova.api.openstack.wsgi [None req-b1105923-8122-446e-85c6-6353ed5f7c54 admin admin] Calling method '<bound method VersionsV2.index of <nova.api.openstack.compute.versions.VersionsV2 object at 0x776529c07b60>>' {{(pid=70028) _process_stack /opt/stack/nova/nova/api/openstack/wsgi.py:556}}
Aug 28 00:25:48.444372 np0000032593 devstack@n-api.service[70028]: INFO nova.api.openstack.requestlog [None req-b1105923-8122-446e-85c6-6353ed5f7c54 admin admin] 192.168.1.138 "GET /compute/v2.1" status: 200 len: 392 microversion: 2.1 time: 0.002964
Aug 28 00:25:48.444563 np0000032593 devstack@n-api.service[70028]: [pid: 70028|app: 0|req: 11/21] 192.168.1.138 () {62 vars in 1056 bytes} [Thu Aug 28 00:25:48 2025] GET /compute/v2.1 => generated 392 bytes in 3 msecs (HTTP/1.1 200) 9 headers in 357 bytes (1 switches on core 0)
Aug 28 00:25:48.468122 np0000032593 devstack@n-api.service[70027]: DEBUG nova.api.openstack.wsgi [None req-8a3cf6cd-1c34-45bd-b6b6-9e0c638ce39c admin admin] Action: 'create', calling method: <bound method FlavorsController.create of <nova.api.openstack.compute.flavors.FlavorsController object at 0x776528a084d0>>, body: {"flavor": {"os-flavor-access:is_public": true, "OS-FLV-EXT-DATA:ephemeral": 0, "disk": 1, "id": "1", "swap": 0, "ram": 512, "rxtx_factor": 1.0, "vcpus": 1, "name": "m1.tiny"}} {{(pid=70027) _process_stack /opt/stack/nova/nova/api/openstack/wsgi.py:554}}
Aug 28 00:25:48.479866 np0000032593 devstack@n-api.service[70027]: INFO nova.api.openstack.requestlog [None req-8a3cf6cd-1c34-45bd-b6b6-9e0c638ce39c admin admin] 192.168.1.138 "POST /compute/v2.1/flavors" status: 200 len: 408 microversion: 2.61 time: 0.028624
Aug 28 00:25:48.480279 np0000032593 devstack@n-api.service[70027]: [pid: 70027|app: 0|req: 11/22] 192.168.1.138 () {72 vars in 1408 bytes} [Thu Aug 28 00:25:48 2025] POST /compute/v2.1/flavors => generated 408 bytes in 29 msecs (HTTP/1.1 200) 9 headers in 359 bytes (2 switches on core 0)
Aug 28 00:25:48.488268 np0000032593 devstack@n-api.service[70028]: DEBUG nova.api.openstack.wsgi [None req-b78edc08-bd04-4bb8-9a54-7717be495fbe admin admin] Action: 'create', calling method: <bound method FlavorExtraSpecsController.create of <nova.api.openstack.compute.flavors_extraspecs.FlavorExtraSpecsController object at 0x776528be2750>>, body: {"extra_specs": {"hw_rng:allowed": "True"}} {{(pid=70028) _process_stack /opt/stack/nova/nova/api/openstack/wsgi.py:554}}
Aug 28 00:25:48.500469 np0000032593 devstack@n-api.service[70028]: INFO nova.api.openstack.requestlog [None req-b78edc08-bd04-4bb8-9a54-7717be495fbe admin admin] 192.168.1.138 "POST /compute/v2.1/flavors/1/os-extra_specs" status: 200 len: 43 microversion: 2.61 time: 0.013760
Aug 28 00:25:48.500703 np0000032593 devstack@n-api.service[70028]: [pid: 70028|app: 0|req: 12/23] 192.168.1.138 () {72 vars in 1458 bytes} [Thu Aug 28 00:25:48 2025] POST /compute/v2.1/flavors/1/os-extra_specs => generated 43 bytes in 14 msecs (HTTP/1.1 200) 9 headers in 358 bytes (1 switches on core 0)
Aug 28 00:25:48.575863 np0000032593 devstack@n-api.service[70027]: DEBUG nova.api.openstack.wsgi [None req-8a3cf6cd-1c34-45bd-b6b6-9e0c638ce39c admin admin] Calling method '<bound method VersionsV2.index of <nova.api.openstack.compute.versions.VersionsV2 object at 0x77652903c680>>' {{(pid=70027) _process_stack /opt/stack/nova/nova/api/openstack/wsgi.py:556}}
Aug 28 00:25:48.578650 np0000032593 devstack@n-api.service[70027]: INFO nova.api.openstack.requestlog [None req-8a3cf6cd-1c34-45bd-b6b6-9e0c638ce39c admin admin] 192.168.1.138 "GET /compute/v2.1" status: 200 len: 392 microversion: 2.1 time: 0.002954
Aug 28 00:25:48.578811 np0000032593 devstack@n-api.service[70027]: [pid: 70027|app: 0|req: 12/24] 192.168.1.138 () {62 vars in 1056 bytes} [Thu Aug 28 00:25:48 2025] GET /compute/v2.1 => generated 392 bytes in 3 msecs (HTTP/1.1 200) 9 headers in 357 bytes (1 switches on core 0)
Aug 28 00:25:48.600330 np0000032593 devstack@n-api.service[70028]: DEBUG nova.api.openstack.wsgi [None req-54ca67b3-7100-49cc-8089-55219caeeb7e admin admin] Action: 'create', calling method: <bound method FlavorsController.create of <nova.api.openstack.compute.flavors.FlavorsController object at 0x776528be3320>>, body: {"flavor": {"os-flavor-access:is_public": true, "OS-FLV-EXT-DATA:ephemeral": 0, "disk": 20, "id": "2", "swap": 0, "ram": 2048, "rxtx_factor": 1.0, "vcpus": 1, "name": "m1.small"}} {{(pid=70028) _process_stack /opt/stack/nova/nova/api/openstack/wsgi.py:554}}
Aug 28 00:25:48.611240 np0000032593 devstack@n-api.service[70028]: INFO nova.api.openstack.requestlog [None req-54ca67b3-7100-49cc-8089-55219caeeb7e admin admin] 192.168.1.138 "POST /compute/v2.1/flavors" status: 200 len: 411 microversion: 2.61 time: 0.027960
Aug 28 00:25:48.611484 np0000032593 devstack@n-api.service[70028]: [pid: 70028|app: 0|req: 13/25] 192.168.1.138 () {72 vars in 1408 bytes} [Thu Aug 28 00:25:48 2025] POST /compute/v2.1/flavors => generated 411 bytes in 28 msecs (HTTP/1.1 200) 9 headers in 359 bytes (1 switches on core 0)
Aug 28 00:25:48.620525 np0000032593 devstack@n-api.service[70027]: DEBUG nova.api.openstack.wsgi [None req-01117fe7-47e0-47eb-9e5c-3e8dee3a5ad4 admin admin] Action: 'create', calling method: <bound method FlavorExtraSpecsController.create of <nova.api.openstack.compute.flavors_extraspecs.FlavorExtraSpecsController object at 0x776528a09790>>, body: {"extra_specs": {"hw_rng:allowed": "True"}} {{(pid=70027) _process_stack /opt/stack/nova/nova/api/openstack/wsgi.py:554}}
Aug 28 00:25:48.636472 np0000032593 devstack@n-api.service[70027]: INFO nova.api.openstack.requestlog [None req-01117fe7-47e0-47eb-9e5c-3e8dee3a5ad4 admin admin] 192.168.1.138 "POST /compute/v2.1/flavors/2/os-extra_specs" status: 200 len: 43 microversion: 2.61 time: 0.017448
Aug 28 00:25:48.636711 np0000032593 devstack@n-api.service[70027]: [pid: 70027|app: 0|req: 13/26] 192.168.1.138 () {72 vars in 1458 bytes} [Thu Aug 28 00:25:48 2025] POST /compute/v2.1/flavors/2/os-extra_specs => generated 43 bytes in 18 msecs (HTTP/1.1 200) 9 headers in 358 bytes (1 switches on core 0)
Aug 28 00:25:48.723611 np0000032593 devstack@n-api.service[70028]: DEBUG nova.api.openstack.wsgi [None req-54ca67b3-7100-49cc-8089-55219caeeb7e admin admin] Calling method '<bound method VersionsV2.index of <nova.api.openstack.compute.versions.VersionsV2 object at 0x776529c07b60>>' {{(pid=70028) _process_stack /opt/stack/nova/nova/api/openstack/wsgi.py:556}}
Aug 28 00:25:48.727914 np0000032593 devstack@n-api.service[70028]: INFO nova.api.openstack.requestlog [None req-54ca67b3-7100-49cc-8089-55219caeeb7e admin admin] 192.168.1.138 "GET /compute/v2.1" status: 200 len: 392 microversion: 2.1 time: 0.004457
Aug 28 00:25:48.728167 np0000032593 devstack@n-api.service[70028]: [pid: 70028|app: 0|req: 14/27] 192.168.1.138 () {62 vars in 1056 bytes} [Thu Aug 28 00:25:48 2025] GET /compute/v2.1 => generated 392 bytes in 5 msecs (HTTP/1.1 200) 9 headers in 357 bytes (1 switches on core 0)
