Sep 02 05:27:29.866008 np0000032634 devstack@n-api.service[70020]: DEBUG dbcounter [-] [70020] Writer thread running {{(pid=70020) stat_writer /opt/stack/data/venv/lib/python3.10/site-packages/dbcounter.py:102}}
Sep 02 05:27:29.866555 np0000032634 devstack@n-api.service[70021]: DEBUG dbcounter [-] [70021] Writer thread running {{(pid=70021) stat_writer /opt/stack/data/venv/lib/python3.10/site-packages/dbcounter.py:102}}
Sep 02 05:27:29.868683 np0000032634 devstack@n-api.service[70021]: INFO dbcounter [None req-2f83ca35-47f1-413b-8c17-1efc2fa83407 None None] Registered counter for database nova_cell0
Sep 02 05:27:29.870091 np0000032634 devstack@n-api.service[70020]: DEBUG dbcounter [-] [70020] Writer thread running {{(pid=70020) stat_writer /opt/stack/data/venv/lib/python3.10/site-packages/dbcounter.py:102}}
Sep 02 05:27:29.873155 np0000032634 devstack@n-api.service[70020]: INFO dbcounter [None req-c11082f5-b9a6-4766-9645-d290b76567b1 None None] Registered counter for database nova_cell0
Sep 02 05:27:29.873775 np0000032634 devstack@n-api.service[70021]: DEBUG oslo_db.sqlalchemy.engines [None req-2f83ca35-47f1-413b-8c17-1efc2fa83407 None None] MySQL server mode set to STRICT_TRANS_TABLES,STRICT_ALL_TABLES,NO_ZERO_IN_DATE,NO_ZERO_DATE,ERROR_FOR_DIVISION_BY_ZERO,TRADITIONAL,NO_ENGINE_SUBSTITUTION {{(pid=70021) _check_effective_sql_mode /opt/stack/data/venv/lib/python3.10/site-packages/oslo_db/sqlalchemy/engines.py:342}}
Sep 02 05:27:29.877381 np0000032634 devstack@n-api.service[70020]: DEBUG oslo_db.sqlalchemy.engines [None req-c11082f5-b9a6-4766-9645-d290b76567b1 None None] MySQL server mode set to STRICT_TRANS_TABLES,STRICT_ALL_TABLES,NO_ZERO_IN_DATE,NO_ZERO_DATE,ERROR_FOR_DIVISION_BY_ZERO,TRADITIONAL,NO_ENGINE_SUBSTITUTION {{(pid=70020) _check_effective_sql_mode /opt/stack/data/venv/lib/python3.10/site-packages/oslo_db/sqlalchemy/engines.py:342}}
Sep 02 05:27:29.878273 np0000032634 devstack@n-api.service[70021]: DEBUG dbcounter [-] [70021] Writer thread running {{(pid=70021) stat_writer /opt/stack/data/venv/lib/python3.10/site-packages/dbcounter.py:102}}
Sep 02 05:27:29.881899 np0000032634 devstack@n-api.service[70020]: DEBUG dbcounter [-] [70020] Writer thread running {{(pid=70020) stat_writer /opt/stack/data/venv/lib/python3.10/site-packages/dbcounter.py:102}}
Sep 02 05:27:30.186829 np0000032634 devstack@n-api.service[70021]: DEBUG oslo_concurrency.processutils [None req-2f83ca35-47f1-413b-8c17-1efc2fa83407 None None] Running cmd (subprocess): grep -F node.session.scan /sbin/iscsiadm {{(pid=70021) execute /opt/stack/data/venv/lib/python3.10/site-packages/oslo_concurrency/processutils.py:390}}
Sep 02 05:27:30.187036 np0000032634 devstack@n-api.service[70020]: DEBUG oslo_concurrency.processutils [None req-c11082f5-b9a6-4766-9645-d290b76567b1 None None] Running cmd (subprocess): grep -F node.session.scan /sbin/iscsiadm {{(pid=70020) execute /opt/stack/data/venv/lib/python3.10/site-packages/oslo_concurrency/processutils.py:390}}
Sep 02 05:27:30.193839 np0000032634 devstack@n-api.service[70021]: DEBUG oslo_concurrency.processutils [None req-2f83ca35-47f1-413b-8c17-1efc2fa83407 None None] CMD "grep -F node.session.scan /sbin/iscsiadm" returned: 0 in 0.007s {{(pid=70021) execute /opt/stack/data/venv/lib/python3.10/site-packages/oslo_concurrency/processutils.py:428}}
Sep 02 05:27:30.193903 np0000032634 devstack@n-api.service[70020]: DEBUG oslo_concurrency.processutils [None req-c11082f5-b9a6-4766-9645-d290b76567b1 None None] CMD "grep -F node.session.scan /sbin/iscsiadm" returned: 0 in 0.007s {{(pid=70020) execute /opt/stack/data/venv/lib/python3.10/site-packages/oslo_concurrency/processutils.py:428}}
Sep 02 05:27:30.516509 np0000032634 devstack@n-api.service[70021]: WARNING keystonemiddleware.auth_token [None req-2f83ca35-47f1-413b-8c17-1efc2fa83407 None None] AuthToken middleware is set with keystone_authtoken.service_token_roles_required set to False. This is backwards compatible but deprecated behaviour. Please set this to True.
Sep 02 05:27:30.517231 np0000032634 devstack@n-api.service[70020]: WARNING keystonemiddleware.auth_token [None req-c11082f5-b9a6-4766-9645-d290b76567b1 None None] AuthToken middleware is set with keystone_authtoken.service_token_roles_required set to False. This is backwards compatible but deprecated behaviour. Please set this to True.
Sep 02 05:27:30.520150 np0000032634 devstack@n-api.service[70021]: WARNING keystonemiddleware.auth_token [None req-2f83ca35-47f1-413b-8c17-1efc2fa83407 None None] Configuring www_authenticate_uri to point to the public identity endpoint is required; clients may not be able to authenticate against an admin endpoint
Sep 02 05:27:30.520822 np0000032634 devstack@n-api.service[70020]: WARNING keystonemiddleware.auth_token [None req-c11082f5-b9a6-4766-9645-d290b76567b1 None None] Configuring www_authenticate_uri to point to the public identity endpoint is required; clients may not be able to authenticate against an admin endpoint
Sep 02 05:27:30.590775 np0000032634 devstack@n-api.service[70021]: WARNING keystonemiddleware.auth_token [None req-2f83ca35-47f1-413b-8c17-1efc2fa83407 None None] AuthToken middleware is set with keystone_authtoken.service_token_roles_required set to False. This is backwards compatible but deprecated behaviour. Please set this to True.
Sep 02 05:27:30.592257 np0000032634 devstack@n-api.service[70020]: WARNING keystonemiddleware.auth_token [None req-c11082f5-b9a6-4766-9645-d290b76567b1 None None] AuthToken middleware is set with keystone_authtoken.service_token_roles_required set to False. This is backwards compatible but deprecated behaviour. Please set this to True.
Sep 02 05:27:30.593029 np0000032634 devstack@n-api.service[70021]: WARNING keystonemiddleware.auth_token [None req-2f83ca35-47f1-413b-8c17-1efc2fa83407 None None] Configuring www_authenticate_uri to point to the public identity endpoint is required; clients may not be able to authenticate against an admin endpoint
Sep 02 05:27:30.594505 np0000032634 devstack@n-api.service[70020]: WARNING keystonemiddleware.auth_token [None req-c11082f5-b9a6-4766-9645-d290b76567b1 None None] Configuring www_authenticate_uri to point to the public identity endpoint is required; clients may not be able to authenticate against an admin endpoint
Sep 02 05:27:30.594959 np0000032634 devstack@n-api.service[70021]: WSGI app 0 (mountpoint='') ready in 2 seconds on interpreter 0x55e57aaddd70 pid: 70021 (default app)
Sep 02 05:27:30.595900 np0000032634 devstack@n-api.service[70021]: DEBUG nova.api.openstack.wsgi [None req-2f83ca35-47f1-413b-8c17-1efc2fa83407 None None] Calling method '<bound method VersionsV2.index of <nova.api.openstack.compute.versions.VersionsV2 object at 0x7fd0fac9dc30>>' {{(pid=70021) _process_stack /opt/stack/nova/nova/api/openstack/wsgi.py:520}}
Sep 02 05:27:30.596421 np0000032634 devstack@n-api.service[70020]: WSGI app 0 (mountpoint='') ready in 2 seconds on interpreter 0x55e57aaddd70 pid: 70020 (default app)
Sep 02 05:27:30.597578 np0000032634 devstack@n-api.service[70021]: INFO nova.api.openstack.requestlog [None req-2f83ca35-47f1-413b-8c17-1efc2fa83407 None None] 192.168.1.127 "GET /compute/v2.1/" status: 200 len: 390 microversion: 2.1 time: 0.001897
Sep 02 05:27:30.597771 np0000032634 devstack@n-api.service[70021]: [pid: 70021|app: 0|req: 1/1] 192.168.1.127 () {50 vars in 783 bytes} [Tue Sep  2 05:27:30 2025] GET /compute/v2.1/ => generated 390 bytes in 2 msecs (HTTP/1.1 200) 9 headers in 357 bytes (1 switches on core 0)
Sep 02 05:28:08.791623 np0000032634 devstack@n-api.service[70020]: DEBUG nova.api.openstack.wsgi [None req-c11082f5-b9a6-4766-9645-d290b76567b1 None None] Calling method '<bound method VersionsV2.index of <nova.api.openstack.compute.versions.VersionsV2 object at 0x7fd0faa0ea70>>' {{(pid=70020) _process_stack /opt/stack/nova/nova/api/openstack/wsgi.py:520}}
Sep 02 05:28:08.793590 np0000032634 devstack@n-api.service[70020]: INFO nova.api.openstack.requestlog [None req-c11082f5-b9a6-4766-9645-d290b76567b1 None None] 192.168.1.127 "GET /compute/v2.1" status: 200 len: 391 microversion: 2.1 time: 0.002585
Sep 02 05:28:08.793788 np0000032634 devstack@n-api.service[70020]: [pid: 70020|app: 0|req: 1/2] 192.168.1.127 () {62 vars in 1067 bytes} [Tue Sep  2 05:28:08 2025] GET /compute/v2.1 => generated 391 bytes in 3 msecs (HTTP/1.1 200) 9 headers in 357 bytes (1 switches on core 0)
Sep 02 05:28:08.802652 np0000032634 devstack@n-api.service[70021]: DEBUG dbcounter [-] [70021] Writing DB stats nova_api:SELECT=1 {{(pid=70021) stat_writer /opt/stack/data/venv/lib/python3.10/site-packages/dbcounter.py:115}}
Sep 02 05:28:08.803200 np0000032634 devstack@n-api.service[70021]: DEBUG dbcounter [-] [70021] Writing DB stats nova_cell1:SELECT=1 {{(pid=70021) stat_writer /opt/stack/data/venv/lib/python3.10/site-packages/dbcounter.py:115}}
Sep 02 05:28:08.803550 np0000032634 devstack@n-api.service[70021]: DEBUG dbcounter [-] [70021] Writing DB stats nova_cell0:SELECT=1 {{(pid=70021) stat_writer /opt/stack/data/venv/lib/python3.10/site-packages/dbcounter.py:115}}
Sep 02 05:28:08.804054 np0000032634 devstack@n-api.service[70021]: DEBUG dbcounter [-] [70021] Writing DB stats nova_cell0:SELECT=2,nova_cell0:INSERT=1 {{(pid=70021) stat_writer /opt/stack/data/venv/lib/python3.10/site-packages/dbcounter.py:115}}
Sep 02 05:28:08.930215 np0000032634 devstack@n-api.service[70021]: DEBUG nova.api.openstack.wsgi [None req-777e97a7-7aec-4445-8177-3bb0f254e0a3 admin admin] Calling method '<bound method FlavorsController.detail of <nova.api.openstack.compute.flavors.FlavorsController object at 0x7fd0fa64e440>>' {{(pid=70021) _process_stack /opt/stack/nova/nova/api/openstack/wsgi.py:520}}
Sep 02 05:28:08.944480 np0000032634 devstack@n-api.service[70021]: INFO nova.api.openstack.requestlog [None req-777e97a7-7aec-4445-8177-3bb0f254e0a3 admin admin] 192.168.1.127 "GET /compute/v2.1/flavors/detail?is_public=True" status: 200 len: 15 microversion: 2.61 time: 0.144738
Sep 02 05:28:08.944718 np0000032634 devstack@n-api.service[70021]: [pid: 70021|app: 0|req: 2/3] 192.168.1.127 () {68 vars in 1428 bytes} [Tue Sep  2 05:28:08 2025] GET /compute/v2.1/flavors/detail?is_public=True => generated 15 bytes in 145 msecs (HTTP/1.1 200) 9 headers in 358 bytes (1 switches on core 0)
Sep 02 05:28:09.032556 np0000032634 devstack@n-api.service[70020]: DEBUG nova.api.openstack.wsgi [None req-c11082f5-b9a6-4766-9645-d290b76567b1 None None] Calling method '<bound method VersionsV2.index of <nova.api.openstack.compute.versions.VersionsV2 object at 0x7fd0faa0ea70>>' {{(pid=70020) _process_stack /opt/stack/nova/nova/api/openstack/wsgi.py:520}}
Sep 02 05:28:09.034882 np0000032634 devstack@n-api.service[70020]: INFO nova.api.openstack.requestlog [None req-c11082f5-b9a6-4766-9645-d290b76567b1 None None] 192.168.1.127 "GET /compute/v2.1" status: 200 len: 391 microversion: 2.1 time: 0.002594
Sep 02 05:28:09.035167 np0000032634 devstack@n-api.service[70020]: [pid: 70020|app: 0|req: 2/4] 192.168.1.127 () {62 vars in 1067 bytes} [Tue Sep  2 05:28:09 2025] GET /compute/v2.1 => generated 391 bytes in 3 msecs (HTTP/1.1 200) 9 headers in 357 bytes (1 switches on core 0)
Sep 02 05:28:09.066856 np0000032634 devstack@n-api.service[70021]: DEBUG nova.api.openstack.wsgi [None req-2654280b-2eb2-4350-8a00-a4564e351014 admin admin] Action: 'create', calling method: <bound method FlavorsController.create of <nova.api.openstack.compute.flavors.FlavorsController object at 0x7fd0fa64dea0>>, body: {"flavor": {"vcpus": 1, "OS-FLV-EXT-DATA:ephemeral": 0, "id": "c1", "ram": 256, "name": "cirros256", "rxtx_factor": 1.0, "os-flavor-access:is_public": true, "swap": 0, "disk": 1}} {{(pid=70021) _process_stack /opt/stack/nova/nova/api/openstack/wsgi.py:518}}
Sep 02 05:28:09.088477 np0000032634 devstack@n-api.service[70021]: INFO nova.api.openstack.requestlog [None req-2654280b-2eb2-4350-8a00-a4564e351014 admin admin] 192.168.1.127 "POST /compute/v2.1/flavors" status: 200 len: 413 microversion: 2.61 time: 0.046512
Sep 02 05:28:09.088780 np0000032634 devstack@n-api.service[70021]: [pid: 70021|app: 0|req: 3/5] 192.168.1.127 () {72 vars in 1419 bytes} [Tue Sep  2 05:28:09 2025] POST /compute/v2.1/flavors => generated 413 bytes in 47 msecs (HTTP/1.1 200) 9 headers in 359 bytes (2 switches on core 0)
Sep 02 05:28:09.099046 np0000032634 devstack@n-api.service[70020]: DEBUG dbcounter [-] [70020] Writing DB stats nova_api:SELECT=1 {{(pid=70020) stat_writer /opt/stack/data/venv/lib/python3.10/site-packages/dbcounter.py:115}}
Sep 02 05:28:09.099881 np0000032634 devstack@n-api.service[70020]: DEBUG dbcounter [-] [70020] Writing DB stats nova_cell0:SELECT=1 {{(pid=70020) stat_writer /opt/stack/data/venv/lib/python3.10/site-packages/dbcounter.py:115}}
Sep 02 05:28:09.100256 np0000032634 devstack@n-api.service[70020]: DEBUG dbcounter [-] [70020] Writing DB stats nova_cell1:SELECT=1 {{(pid=70020) stat_writer /opt/stack/data/venv/lib/python3.10/site-packages/dbcounter.py:115}}
Sep 02 05:28:09.100600 np0000032634 devstack@n-api.service[70020]: DEBUG dbcounter [-] [70020] Writing DB stats nova_cell0:SELECT=2,nova_cell0:INSERT=1 {{(pid=70020) stat_writer /opt/stack/data/venv/lib/python3.10/site-packages/dbcounter.py:115}}
Sep 02 05:28:09.176093 np0000032634 devstack@n-api.service[70020]: DEBUG nova.api.openstack.wsgi [None req-3b7e033f-84fc-4401-b758-3b95643ff6b9 admin admin] Action: 'create', calling method: <bound method FlavorExtraSpecsController.create of <nova.api.openstack.compute.flavors_extraspecs.FlavorExtraSpecsController object at 0x7fd0fa64ee30>>, body: {"extra_specs": {"hw_rng:allowed": "True"}} {{(pid=70020) _process_stack /opt/stack/nova/nova/api/openstack/wsgi.py:518}}
Sep 02 05:28:09.205411 np0000032634 devstack@n-api.service[70020]: INFO nova.api.openstack.requestlog [None req-3b7e033f-84fc-4401-b758-3b95643ff6b9 admin admin] 192.168.1.127 "POST /compute/v2.1/flavors/c1/os-extra_specs" status: 200 len: 43 microversion: 2.61 time: 0.109191
Sep 02 05:28:09.205714 np0000032634 devstack@n-api.service[70020]: [pid: 70020|app: 0|req: 3/6] 192.168.1.127 () {72 vars in 1472 bytes} [Tue Sep  2 05:28:09 2025] POST /compute/v2.1/flavors/c1/os-extra_specs => generated 43 bytes in 110 msecs (HTTP/1.1 200) 9 headers in 358 bytes (1 switches on core 0)
Sep 02 05:28:09.293921 np0000032634 devstack@n-api.service[70021]: DEBUG nova.api.openstack.wsgi [None req-2654280b-2eb2-4350-8a00-a4564e351014 admin admin] Calling method '<bound method VersionsV2.index of <nova.api.openstack.compute.versions.VersionsV2 object at 0x7fd0fac9dc30>>' {{(pid=70021) _process_stack /opt/stack/nova/nova/api/openstack/wsgi.py:520}}
Sep 02 05:28:09.295457 np0000032634 devstack@n-api.service[70021]: INFO nova.api.openstack.requestlog [None req-2654280b-2eb2-4350-8a00-a4564e351014 admin admin] 192.168.1.127 "GET /compute/v2.1" status: 200 len: 391 microversion: 2.1 time: 0.001756
Sep 02 05:28:09.295644 np0000032634 devstack@n-api.service[70021]: [pid: 70021|app: 0|req: 4/7] 192.168.1.127 () {62 vars in 1067 bytes} [Tue Sep  2 05:28:09 2025] GET /compute/v2.1 => generated 391 bytes in 2 msecs (HTTP/1.1 200) 9 headers in 357 bytes (1 switches on core 0)
Sep 02 05:28:09.356786 np0000032634 devstack@n-api.service[70020]: DEBUG nova.api.openstack.wsgi [None req-18ae7430-94f1-45b1-9fe3-0b5f2719918a admin admin] Action: 'create', calling method: <bound method FlavorsController.create of <nova.api.openstack.compute.flavors.FlavorsController object at 0x7fd0fa64dc00>>, body: {"flavor": {"vcpus": 1, "OS-FLV-EXT-DATA:ephemeral": 0, "id": "d1", "ram": 512, "name": "ds512M", "rxtx_factor": 1.0, "os-flavor-access:is_public": true, "swap": 0, "disk": 5}} {{(pid=70020) _process_stack /opt/stack/nova/nova/api/openstack/wsgi.py:518}}
Sep 02 05:28:09.372976 np0000032634 devstack@n-api.service[70020]: INFO nova.api.openstack.requestlog [None req-18ae7430-94f1-45b1-9fe3-0b5f2719918a admin admin] 192.168.1.127 "POST /compute/v2.1/flavors" status: 200 len: 410 microversion: 2.61 time: 0.071655
Sep 02 05:28:09.373339 np0000032634 devstack@n-api.service[70020]: [pid: 70020|app: 0|req: 4/8] 192.168.1.127 () {72 vars in 1419 bytes} [Tue Sep  2 05:28:09 2025] POST /compute/v2.1/flavors => generated 410 bytes in 72 msecs (HTTP/1.1 200) 9 headers in 359 bytes (1 switches on core 0)
Sep 02 05:28:09.382093 np0000032634 devstack@n-api.service[70021]: DEBUG nova.api.openstack.wsgi [None req-c2c6d92e-5738-4023-a371-ff0e8d5ee1af admin admin] Action: 'create', calling method: <bound method FlavorExtraSpecsController.create of <nova.api.openstack.compute.flavors_extraspecs.FlavorExtraSpecsController object at 0x7fd0fa64f160>>, body: {"extra_specs": {"hw_rng:allowed": "True"}} {{(pid=70021) _process_stack /opt/stack/nova/nova/api/openstack/wsgi.py:518}}
Sep 02 05:28:09.398787 np0000032634 devstack@n-api.service[70021]: INFO nova.api.openstack.requestlog [None req-c2c6d92e-5738-4023-a371-ff0e8d5ee1af admin admin] 192.168.1.127 "POST /compute/v2.1/flavors/d1/os-extra_specs" status: 200 len: 43 microversion: 2.61 time: 0.018455
Sep 02 05:28:09.399021 np0000032634 devstack@n-api.service[70021]: [pid: 70021|app: 0|req: 5/9] 192.168.1.127 () {72 vars in 1472 bytes} [Tue Sep  2 05:28:09 2025] POST /compute/v2.1/flavors/d1/os-extra_specs => generated 43 bytes in 19 msecs (HTTP/1.1 200) 9 headers in 358 bytes (1 switches on core 0)
Sep 02 05:28:09.486382 np0000032634 devstack@n-api.service[70020]: DEBUG nova.api.openstack.wsgi [None req-18ae7430-94f1-45b1-9fe3-0b5f2719918a admin admin] Calling method '<bound method VersionsV2.index of <nova.api.openstack.compute.versions.VersionsV2 object at 0x7fd0faa0ea70>>' {{(pid=70020) _process_stack /opt/stack/nova/nova/api/openstack/wsgi.py:520}}
Sep 02 05:28:09.487943 np0000032634 devstack@n-api.service[70020]: INFO nova.api.openstack.requestlog [None req-18ae7430-94f1-45b1-9fe3-0b5f2719918a admin admin] 192.168.1.127 "GET /compute/v2.1" status: 200 len: 391 microversion: 2.1 time: 0.001733
Sep 02 05:28:09.488132 np0000032634 devstack@n-api.service[70020]: [pid: 70020|app: 0|req: 5/10] 192.168.1.127 () {62 vars in 1067 bytes} [Tue Sep  2 05:28:09 2025] GET /compute/v2.1 => generated 391 bytes in 2 msecs (HTTP/1.1 200) 9 headers in 357 bytes (1 switches on core 0)
Sep 02 05:28:09.518300 np0000032634 devstack@n-api.service[70021]: DEBUG nova.api.openstack.wsgi [None req-a5b287cf-7f9a-40df-846f-19190da78e77 admin admin] Action: 'create', calling method: <bound method FlavorsController.create of <nova.api.openstack.compute.flavors.FlavorsController object at 0x7fd0fa64dea0>>, body: {"flavor": {"vcpus": 1, "OS-FLV-EXT-DATA:ephemeral": 0, "id": "d2", "ram": 1024, "name": "ds1G", "rxtx_factor": 1.0, "os-flavor-access:is_public": true, "swap": 0, "disk": 10}} {{(pid=70021) _process_stack /opt/stack/nova/nova/api/openstack/wsgi.py:518}}
Sep 02 05:28:09.527704 np0000032634 devstack@n-api.service[70021]: INFO nova.api.openstack.requestlog [None req-a5b287cf-7f9a-40df-846f-19190da78e77 admin admin] 192.168.1.127 "POST /compute/v2.1/flavors" status: 200 len: 410 microversion: 2.61 time: 0.034349
Sep 02 05:28:09.527928 np0000032634 devstack@n-api.service[70021]: [pid: 70021|app: 0|req: 6/11] 192.168.1.127 () {72 vars in 1419 bytes} [Tue Sep  2 05:28:09 2025] POST /compute/v2.1/flavors => generated 410 bytes in 35 msecs (HTTP/1.1 200) 9 headers in 359 bytes (1 switches on core 0)
Sep 02 05:28:09.536809 np0000032634 devstack@n-api.service[70020]: DEBUG nova.api.openstack.wsgi [None req-c39e05cc-e07f-494e-b024-a363842eb236 admin admin] Action: 'create', calling method: <bound method FlavorExtraSpecsController.create of <nova.api.openstack.compute.flavors_extraspecs.FlavorExtraSpecsController object at 0x7fd0fa64ee30>>, body: {"extra_specs": {"hw_rng:allowed": "True"}} {{(pid=70020) _process_stack /opt/stack/nova/nova/api/openstack/wsgi.py:518}}
Sep 02 05:28:09.548811 np0000032634 devstack@n-api.service[70020]: INFO nova.api.openstack.requestlog [None req-c39e05cc-e07f-494e-b024-a363842eb236 admin admin] 192.168.1.127 "POST /compute/v2.1/flavors/d2/os-extra_specs" status: 200 len: 43 microversion: 2.61 time: 0.013698
Sep 02 05:28:09.549047 np0000032634 devstack@n-api.service[70020]: [pid: 70020|app: 0|req: 6/12] 192.168.1.127 () {72 vars in 1472 bytes} [Tue Sep  2 05:28:09 2025] POST /compute/v2.1/flavors/d2/os-extra_specs => generated 43 bytes in 14 msecs (HTTP/1.1 200) 9 headers in 358 bytes (1 switches on core 0)
Sep 02 05:28:09.645491 np0000032634 devstack@n-api.service[70021]: DEBUG nova.api.openstack.wsgi [None req-a5b287cf-7f9a-40df-846f-19190da78e77 admin admin] Calling method '<bound method VersionsV2.index of <nova.api.openstack.compute.versions.VersionsV2 object at 0x7fd0fac9dc30>>' {{(pid=70021) _process_stack /opt/stack/nova/nova/api/openstack/wsgi.py:520}}
Sep 02 05:28:09.646823 np0000032634 devstack@n-api.service[70021]: INFO nova.api.openstack.requestlog [None req-a5b287cf-7f9a-40df-846f-19190da78e77 admin admin] 192.168.1.127 "GET /compute/v2.1" status: 200 len: 391 microversion: 2.1 time: 0.001783
Sep 02 05:28:09.646823 np0000032634 devstack@n-api.service[70021]: [pid: 70021|app: 0|req: 7/13] 192.168.1.127 () {62 vars in 1067 bytes} [Tue Sep  2 05:28:09 2025] GET /compute/v2.1 => generated 391 bytes in 2 msecs (HTTP/1.1 200) 9 headers in 357 bytes (1 switches on core 0)
Sep 02 05:28:09.677602 np0000032634 devstack@n-api.service[70020]: DEBUG nova.api.openstack.wsgi [None req-25c25190-2f88-4004-afa3-e869fe6fbd5e admin admin] Action: 'create', calling method: <bound method FlavorsController.create of <nova.api.openstack.compute.flavors.FlavorsController object at 0x7fd0fa64dc00>>, body: {"flavor": {"vcpus": 2, "OS-FLV-EXT-DATA:ephemeral": 0, "id": "d3", "ram": 2048, "name": "ds2G", "rxtx_factor": 1.0, "os-flavor-access:is_public": true, "swap": 0, "disk": 10}} {{(pid=70020) _process_stack /opt/stack/nova/nova/api/openstack/wsgi.py:518}}
Sep 02 05:28:09.687742 np0000032634 devstack@n-api.service[70020]: INFO nova.api.openstack.requestlog [None req-25c25190-2f88-4004-afa3-e869fe6fbd5e admin admin] 192.168.1.127 "POST /compute/v2.1/flavors" status: 200 len: 410 microversion: 2.61 time: 0.033662
Sep 02 05:28:09.688033 np0000032634 devstack@n-api.service[70020]: [pid: 70020|app: 0|req: 7/14] 192.168.1.127 () {72 vars in 1419 bytes} [Tue Sep  2 05:28:09 2025] POST /compute/v2.1/flavors => generated 410 bytes in 34 msecs (HTTP/1.1 200) 9 headers in 359 bytes (1 switches on core 0)
Sep 02 05:28:09.697225 np0000032634 devstack@n-api.service[70021]: DEBUG nova.api.openstack.wsgi [None req-ab442e64-3f94-438f-abaf-729d51afdb9d admin admin] Action: 'create', calling method: <bound method FlavorExtraSpecsController.create of <nova.api.openstack.compute.flavors_extraspecs.FlavorExtraSpecsController object at 0x7fd0fa64f160>>, body: {"extra_specs": {"hw_rng:allowed": "True"}} {{(pid=70021) _process_stack /opt/stack/nova/nova/api/openstack/wsgi.py:518}}
Sep 02 05:28:09.709645 np0000032634 devstack@n-api.service[70021]: INFO nova.api.openstack.requestlog [None req-ab442e64-3f94-438f-abaf-729d51afdb9d admin admin] 192.168.1.127 "POST /compute/v2.1/flavors/d3/os-extra_specs" status: 200 len: 43 microversion: 2.61 time: 0.014140
Sep 02 05:28:09.709932 np0000032634 devstack@n-api.service[70021]: [pid: 70021|app: 0|req: 8/15] 192.168.1.127 () {72 vars in 1472 bytes} [Tue Sep  2 05:28:09 2025] POST /compute/v2.1/flavors/d3/os-extra_specs => generated 43 bytes in 15 msecs (HTTP/1.1 200) 9 headers in 358 bytes (1 switches on core 0)
Sep 02 05:28:09.802260 np0000032634 devstack@n-api.service[70020]: DEBUG nova.api.openstack.wsgi [None req-25c25190-2f88-4004-afa3-e869fe6fbd5e admin admin] Calling method '<bound method VersionsV2.index of <nova.api.openstack.compute.versions.VersionsV2 object at 0x7fd0faa0ea70>>' {{(pid=70020) _process_stack /opt/stack/nova/nova/api/openstack/wsgi.py:520}}
Sep 02 05:28:09.803797 np0000032634 devstack@n-api.service[70020]: INFO nova.api.openstack.requestlog [None req-25c25190-2f88-4004-afa3-e869fe6fbd5e admin admin] 192.168.1.127 "GET /compute/v2.1" status: 200 len: 391 microversion: 2.1 time: 0.001727
Sep 02 05:28:09.803980 np0000032634 devstack@n-api.service[70020]: [pid: 70020|app: 0|req: 8/16] 192.168.1.127 () {62 vars in 1067 bytes} [Tue Sep  2 05:28:09 2025] GET /compute/v2.1 => generated 391 bytes in 2 msecs (HTTP/1.1 200) 9 headers in 357 bytes (1 switches on core 0)
Sep 02 05:28:09.828813 np0000032634 devstack@n-api.service[70021]: DEBUG nova.api.openstack.wsgi [None req-6cb63641-bd65-45dc-9c0c-48077e5f85d8 admin admin] Action: 'create', calling method: <bound method FlavorsController.create of <nova.api.openstack.compute.flavors.FlavorsController object at 0x7fd0fa64dea0>>, body: {"flavor": {"vcpus": 4, "OS-FLV-EXT-DATA:ephemeral": 0, "id": "d4", "ram": 4096, "name": "ds4G", "rxtx_factor": 1.0, "os-flavor-access:is_public": true, "swap": 0, "disk": 20}} {{(pid=70021) _process_stack /opt/stack/nova/nova/api/openstack/wsgi.py:518}}
Sep 02 05:28:09.838678 np0000032634 devstack@n-api.service[70021]: INFO nova.api.openstack.requestlog [None req-6cb63641-bd65-45dc-9c0c-48077e5f85d8 admin admin] 192.168.1.127 "POST /compute/v2.1/flavors" status: 200 len: 410 microversion: 2.61 time: 0.029213
Sep 02 05:28:09.838907 np0000032634 devstack@n-api.service[70021]: [pid: 70021|app: 0|req: 9/17] 192.168.1.127 () {72 vars in 1419 bytes} [Tue Sep  2 05:28:09 2025] POST /compute/v2.1/flavors => generated 410 bytes in 30 msecs (HTTP/1.1 200) 9 headers in 359 bytes (1 switches on core 0)
Sep 02 05:28:09.847584 np0000032634 devstack@n-api.service[70020]: DEBUG nova.api.openstack.wsgi [None req-796e68ba-04df-43ee-8867-bcb0dd9c66b4 admin admin] Action: 'create', calling method: <bound method FlavorExtraSpecsController.create of <nova.api.openstack.compute.flavors_extraspecs.FlavorExtraSpecsController object at 0x7fd0fa64ee30>>, body: {"extra_specs": {"hw_rng:allowed": "True"}} {{(pid=70020) _process_stack /opt/stack/nova/nova/api/openstack/wsgi.py:518}}
Sep 02 05:28:09.859020 np0000032634 devstack@n-api.service[70020]: INFO nova.api.openstack.requestlog [None req-796e68ba-04df-43ee-8867-bcb0dd9c66b4 admin admin] 192.168.1.127 "POST /compute/v2.1/flavors/d4/os-extra_specs" status: 200 len: 43 microversion: 2.61 time: 0.013101
Sep 02 05:28:09.859234 np0000032634 devstack@n-api.service[70020]: [pid: 70020|app: 0|req: 9/18] 192.168.1.127 () {72 vars in 1472 bytes} [Tue Sep  2 05:28:09 2025] POST /compute/v2.1/flavors/d4/os-extra_specs => generated 43 bytes in 13 msecs (HTTP/1.1 200) 9 headers in 358 bytes (1 switches on core 0)
Sep 02 05:28:09.949847 np0000032634 devstack@n-api.service[70021]: DEBUG nova.api.openstack.wsgi [None req-6cb63641-bd65-45dc-9c0c-48077e5f85d8 admin admin] Calling method '<bound method VersionsV2.index of <nova.api.openstack.compute.versions.VersionsV2 object at 0x7fd0fac9dc30>>' {{(pid=70021) _process_stack /opt/stack/nova/nova/api/openstack/wsgi.py:520}}
Sep 02 05:28:09.951380 np0000032634 devstack@n-api.service[70021]: INFO nova.api.openstack.requestlog [None req-6cb63641-bd65-45dc-9c0c-48077e5f85d8 admin admin] 192.168.1.127 "GET /compute/v2.1" status: 200 len: 391 microversion: 2.1 time: 0.001757
Sep 02 05:28:09.951566 np0000032634 devstack@n-api.service[70021]: [pid: 70021|app: 0|req: 10/19] 192.168.1.127 () {62 vars in 1067 bytes} [Tue Sep  2 05:28:09 2025] GET /compute/v2.1 => generated 391 bytes in 2 msecs (HTTP/1.1 200) 9 headers in 357 bytes (1 switches on core 0)
Sep 02 05:28:09.976155 np0000032634 devstack@n-api.service[70020]: DEBUG nova.api.openstack.wsgi [None req-b042e4e0-1836-4930-9ce6-44b5e588057a admin admin] Calling method '<bound method FlavorsController.detail of <nova.api.openstack.compute.flavors.FlavorsController object at 0x7fd0fa64e1a0>>' {{(pid=70020) _process_stack /opt/stack/nova/nova/api/openstack/wsgi.py:520}}
Sep 02 05:28:09.986999 np0000032634 devstack@n-api.service[70020]: INFO nova.api.openstack.requestlog [None req-b042e4e0-1836-4930-9ce6-44b5e588057a admin admin] 192.168.1.127 "GET /compute/v2.1/flavors/detail?is_public=True" status: 200 len: 2136 microversion: 2.61 time: 0.029916
Sep 02 05:28:09.987227 np0000032634 devstack@n-api.service[70020]: [pid: 70020|app: 0|req: 10/20] 192.168.1.127 () {68 vars in 1428 bytes} [Tue Sep  2 05:28:09 2025] GET /compute/v2.1/flavors/detail?is_public=True => generated 2136 bytes in 30 msecs (HTTP/1.1 200) 9 headers in 360 bytes (2 switches on core 0)
Sep 02 05:28:10.075416 np0000032634 devstack@n-api.service[70021]: DEBUG nova.api.openstack.wsgi [None req-6cb63641-bd65-45dc-9c0c-48077e5f85d8 admin admin] Calling method '<bound method VersionsV2.index of <nova.api.openstack.compute.versions.VersionsV2 object at 0x7fd0fac9dc30>>' {{(pid=70021) _process_stack /opt/stack/nova/nova/api/openstack/wsgi.py:520}}
Sep 02 05:28:10.076953 np0000032634 devstack@n-api.service[70021]: INFO nova.api.openstack.requestlog [None req-6cb63641-bd65-45dc-9c0c-48077e5f85d8 admin admin] 192.168.1.127 "GET /compute/v2.1" status: 200 len: 391 microversion: 2.1 time: 0.001719
Sep 02 05:28:10.077128 np0000032634 devstack@n-api.service[70021]: [pid: 70021|app: 0|req: 11/21] 192.168.1.127 () {62 vars in 1067 bytes} [Tue Sep  2 05:28:10 2025] GET /compute/v2.1 => generated 391 bytes in 2 msecs (HTTP/1.1 200) 9 headers in 357 bytes (1 switches on core 0)
Sep 02 05:28:10.101521 np0000032634 devstack@n-api.service[70020]: DEBUG nova.api.openstack.wsgi [None req-241f2b46-9204-4b59-9ff0-5c9b8a752991 admin admin] Action: 'create', calling method: <bound method FlavorsController.create of <nova.api.openstack.compute.flavors.FlavorsController object at 0x7fd0fa64dc00>>, body: {"flavor": {"vcpus": 1, "OS-FLV-EXT-DATA:ephemeral": 0, "id": "1", "ram": 512, "name": "m1.tiny", "rxtx_factor": 1.0, "os-flavor-access:is_public": true, "swap": 0, "disk": 1}} {{(pid=70020) _process_stack /opt/stack/nova/nova/api/openstack/wsgi.py:518}}
Sep 02 05:28:10.110889 np0000032634 devstack@n-api.service[70020]: INFO nova.api.openstack.requestlog [None req-241f2b46-9204-4b59-9ff0-5c9b8a752991 admin admin] 192.168.1.127 "POST /compute/v2.1/flavors" status: 200 len: 408 microversion: 2.61 time: 0.028523
Sep 02 05:28:10.111113 np0000032634 devstack@n-api.service[70020]: [pid: 70020|app: 0|req: 11/22] 192.168.1.127 () {72 vars in 1419 bytes} [Tue Sep  2 05:28:10 2025] POST /compute/v2.1/flavors => generated 408 bytes in 29 msecs (HTTP/1.1 200) 9 headers in 359 bytes (1 switches on core 0)
Sep 02 05:28:10.119430 np0000032634 devstack@n-api.service[70021]: DEBUG nova.api.openstack.wsgi [None req-8e292ab8-28ac-455b-89b1-1e5e2840a528 admin admin] Action: 'create', calling method: <bound method FlavorExtraSpecsController.create of <nova.api.openstack.compute.flavors_extraspecs.FlavorExtraSpecsController object at 0x7fd0fa64f160>>, body: {"extra_specs": {"hw_rng:allowed": "True"}} {{(pid=70021) _process_stack /opt/stack/nova/nova/api/openstack/wsgi.py:518}}
Sep 02 05:28:10.130863 np0000032634 devstack@n-api.service[70021]: INFO nova.api.openstack.requestlog [None req-8e292ab8-28ac-455b-89b1-1e5e2840a528 admin admin] 192.168.1.127 "POST /compute/v2.1/flavors/1/os-extra_specs" status: 200 len: 43 microversion: 2.61 time: 0.013116
Sep 02 05:28:10.131095 np0000032634 devstack@n-api.service[70021]: [pid: 70021|app: 0|req: 12/23] 192.168.1.127 () {72 vars in 1469 bytes} [Tue Sep  2 05:28:10 2025] POST /compute/v2.1/flavors/1/os-extra_specs => generated 43 bytes in 13 msecs (HTTP/1.1 200) 9 headers in 358 bytes (1 switches on core 0)
Sep 02 05:28:10.218948 np0000032634 devstack@n-api.service[70020]: DEBUG nova.api.openstack.wsgi [None req-241f2b46-9204-4b59-9ff0-5c9b8a752991 admin admin] Calling method '<bound method VersionsV2.index of <nova.api.openstack.compute.versions.VersionsV2 object at 0x7fd0faa0ea70>>' {{(pid=70020) _process_stack /opt/stack/nova/nova/api/openstack/wsgi.py:520}}
Sep 02 05:28:10.220479 np0000032634 devstack@n-api.service[70020]: INFO nova.api.openstack.requestlog [None req-241f2b46-9204-4b59-9ff0-5c9b8a752991 admin admin] 192.168.1.127 "GET /compute/v2.1" status: 200 len: 391 microversion: 2.1 time: 0.001730
Sep 02 05:28:10.220671 np0000032634 devstack@n-api.service[70020]: [pid: 70020|app: 0|req: 12/24] 192.168.1.127 () {62 vars in 1067 bytes} [Tue Sep  2 05:28:10 2025] GET /compute/v2.1 => generated 391 bytes in 2 msecs (HTTP/1.1 200) 9 headers in 357 bytes (1 switches on core 0)
Sep 02 05:28:10.252732 np0000032634 devstack@n-api.service[70021]: DEBUG nova.api.openstack.wsgi [None req-7e8d293a-442d-4ea7-8d2f-f0076d34cfb1 admin admin] Action: 'create', calling method: <bound method FlavorsController.create of <nova.api.openstack.compute.flavors.FlavorsController object at 0x7fd0fa64dea0>>, body: {"flavor": {"vcpus": 1, "OS-FLV-EXT-DATA:ephemeral": 0, "id": "2", "ram": 2048, "name": "m1.small", "rxtx_factor": 1.0, "os-flavor-access:is_public": true, "swap": 0, "disk": 20}} {{(pid=70021) _process_stack /opt/stack/nova/nova/api/openstack/wsgi.py:518}}
Sep 02 05:28:10.262660 np0000032634 devstack@n-api.service[70021]: INFO nova.api.openstack.requestlog [None req-7e8d293a-442d-4ea7-8d2f-f0076d34cfb1 admin admin] 192.168.1.127 "POST /compute/v2.1/flavors" status: 200 len: 411 microversion: 2.61 time: 0.036601
Sep 02 05:28:10.262961 np0000032634 devstack@n-api.service[70021]: [pid: 70021|app: 0|req: 13/25] 192.168.1.127 () {72 vars in 1419 bytes} [Tue Sep  2 05:28:10 2025] POST /compute/v2.1/flavors => generated 411 bytes in 37 msecs (HTTP/1.1 200) 9 headers in 359 bytes (1 switches on core 0)
Sep 02 05:28:10.272236 np0000032634 devstack@n-api.service[70020]: DEBUG nova.api.openstack.wsgi [None req-bc683be7-f306-47ff-a2b1-7305488759c6 admin admin] Action: 'create', calling method: <bound method FlavorExtraSpecsController.create of <nova.api.openstack.compute.flavors_extraspecs.FlavorExtraSpecsController object at 0x7fd0fa64ee30>>, body: {"extra_specs": {"hw_rng:allowed": "True"}} {{(pid=70020) _process_stack /opt/stack/nova/nova/api/openstack/wsgi.py:518}}
Sep 02 05:28:10.284542 np0000032634 devstack@n-api.service[70020]: INFO nova.api.openstack.requestlog [None req-bc683be7-f306-47ff-a2b1-7305488759c6 admin admin] 192.168.1.127 "POST /compute/v2.1/flavors/2/os-extra_specs" status: 200 len: 43 microversion: 2.61 time: 0.014024
Sep 02 05:28:10.284815 np0000032634 devstack@n-api.service[70020]: [pid: 70020|app: 0|req: 13/26] 192.168.1.127 () {72 vars in 1469 bytes} [Tue Sep  2 05:28:10 2025] POST /compute/v2.1/flavors/2/os-extra_specs => generated 43 bytes in 14 msecs (HTTP/1.1 200) 9 headers in 358 bytes (1 switches on core 0)
Sep 02 05:28:10.380137 np0000032634 devstack@n-api.service[70021]: DEBUG nova.api.openstack.wsgi [None req-7e8d293a-442d-4ea7-8d2f-f0076d34cfb1 admin admin] Calling method '<bound method VersionsV2.index of <nova.api.openstack.compute.versions.VersionsV2 object at 0x7fd0fac9dc30>>' {{(pid=70021) _process_stack /opt/stack/nova/nova/api/openstack/wsgi.py:520}}
Sep 02 05:28:10.381815 np0000032634 devstack@n-api.service[70021]: INFO nova.api.openstack.requestlog [None req-7e8d293a-442d-4ea7-8d2f-f0076d34cfb1 admin admin] 192.168.1.127 "GET /compute/v2.1" status: 200 len: 391 microversion: 2.1 time: 0.001870
Sep 02 05:28:10.382010 np0000032634 devstack@n-api.service[70021]: [pid: 70021|app: 0|req: 14/27] 192.168.1.127 () {62 vars in 1067 bytes} [Tue Sep  2 05:28:10 2025] GET /compute/v2.1 => generated 391 bytes in 2 msecs (HTTP/1.1 200) 9 headers in 357 bytes (1 switches on core 0)
Sep 02 05:28:10.407996 np0000032634 devstack@n-api.service[70020]: DEBUG nova.api.openstack.wsgi [None req-bcaae0b5-ca91-42c4-9d80-5b44eef9a2b9 admin admin] Action: 'create', calling method: <bound method FlavorsController.create of <nova.api.openstack.compute.flavors.FlavorsController object at 0x7fd0fa64dc00>>, body: {"flavor": {"vcpus": 2, "OS-FLV-EXT-DATA:ephemeral": 0, "id": "3", "ram": 4096, "name": "m1.medium", "rxtx_factor": 1.0, "os-flavor-access:is_public": true, "swap": 0, "disk": 40}} {{(pid=70020) _process_stack /opt/stack/nova/nova/api/openstack/wsgi.py:518}}
Sep 02 05:28:10.417933 np0000032634 devstack@n-api.service[70020]: INFO nova.api.openstack.requestlog [None req-bcaae0b5-ca91-42c4-9d80-5b44eef9a2b9 admin admin] 192.168.1.127 "POST /compute/v2.1/flavors" status: 200 len: 412 microversion: 2.61 time: 0.029617
Sep 02 05:28:10.418187 np0000032634 devstack@n-api.service[70020]: [pid: 70020|app: 0|req: 14/28] 192.168.1.127 () {72 vars in 1419 bytes} [Tue Sep  2 05:28:10 2025] POST /compute/v2.1/flavors => generated 412 bytes in 30 msecs (HTTP/1.1 200) 9 headers in 359 bytes (1 switches on core 0)
Sep 02 05:28:10.427447 np0000032634 devstack@n-api.service[70021]: DEBUG nova.api.openstack.wsgi [None req-21a14370-f0a1-40db-873d-7f1b6d25a0a4 admin admin] Action: 'create', calling method: <bound method FlavorExtraSpecsController.create of <nova.api.openstack.compute.flavors_extraspecs.FlavorExtraSpecsController object at 0x7fd0fa64f160>>, body: {"extra_specs": {"hw_rng:allowed": "True"}} {{(pid=70021) _process_stack /opt/stack/nova/nova/api/openstack/wsgi.py:518}}
Sep 02 05:28:10.441659 np0000032634 devstack@n-api.service[70021]: INFO nova.api.openstack.requestlog [None req-21a14370-f0a1-40db-873d-7f1b6d25a0a4 admin admin] 192.168.1.127 "POST /compute/v2.1/flavors/3/os-extra_specs" status: 200 len: 43 microversion: 2.61 time: 0.015890
Sep 02 05:28:10.441895 np0000032634 devstack@n-api.service[70021]: [pid: 70021|app: 0|req: 15/29] 192.168.1.127 () {72 vars in 1469 bytes} [Tue Sep  2 05:28:10 2025] POST /compute/v2.1/flavors/3/os-extra_specs => generated 43 bytes in 16 msecs (HTTP/1.1 200) 9 headers in 358 bytes (1 switches on core 0)
Sep 02 05:28:10.534253 np0000032634 devstack@n-api.service[70020]: DEBUG nova.api.openstack.wsgi [None req-bcaae0b5-ca91-42c4-9d80-5b44eef9a2b9 admin admin] Calling method '<bound method VersionsV2.index of <nova.api.openstack.compute.versions.VersionsV2 object at 0x7fd0faa0ea70>>' {{(pid=70020) _process_stack /opt/stack/nova/nova/api/openstack/wsgi.py:520}}
Sep 02 05:28:10.535824 np0000032634 devstack@n-api.service[70020]: INFO nova.api.openstack.requestlog [None req-bcaae0b5-ca91-42c4-9d80-5b44eef9a2b9 admin admin] 192.168.1.127 "GET /compute/v2.1" status: 200 len: 391 microversion: 2.1 time: 0.001769
Sep 02 05:28:10.536011 np0000032634 devstack@n-api.service[70020]: [pid: 70020|app: 0|req: 15/30] 192.168.1.127 () {62 vars in 1067 bytes} [Tue Sep  2 05:28:10 2025] GET /compute/v2.1 => generated 391 bytes in 2 msecs (HTTP/1.1 200) 9 headers in 357 bytes (1 switches on core 0)
Sep 02 05:28:10.562339 np0000032634 devstack@n-api.service[70021]: DEBUG nova.api.openstack.wsgi [None req-a12a47a2-4209-4b29-ab71-46a5a3876658 admin admin] Action: 'create', calling method: <bound method FlavorsController.create of <nova.api.openstack.compute.flavors.FlavorsController object at 0x7fd0fa64dea0>>, body: {"flavor": {"vcpus": 4, "OS-FLV-EXT-DATA:ephemeral": 0, "id": "4", "ram": 8192, "name": "m1.large", "rxtx_factor": 1.0, "os-flavor-access:is_public": true, "swap": 0, "disk": 80}} {{(pid=70021) _process_stack /opt/stack/nova/nova/api/openstack/wsgi.py:518}}
Sep 02 05:28:10.573058 np0000032634 devstack@n-api.service[70021]: INFO nova.api.openstack.requestlog [None req-a12a47a2-4209-4b29-ab71-46a5a3876658 admin admin] 192.168.1.127 "POST /compute/v2.1/flavors" status: 200 len: 411 microversion: 2.61 time: 0.031152
Sep 02 05:28:10.573319 np0000032634 devstack@n-api.service[70021]: [pid: 70021|app: 0|req: 16/31] 192.168.1.127 () {72 vars in 1419 bytes} [Tue Sep  2 05:28:10 2025] POST /compute/v2.1/flavors => generated 411 bytes in 32 msecs (HTTP/1.1 200) 9 headers in 359 bytes (1 switches on core 0)
Sep 02 05:28:10.582421 np0000032634 devstack@n-api.service[70020]: DEBUG nova.api.openstack.wsgi [None req-c0d7f032-886b-48a5-8bec-ee33e238647e admin admin] Action: 'create', calling method: <bound method FlavorExtraSpecsController.create of <nova.api.openstack.compute.flavors_extraspecs.FlavorExtraSpecsController object at 0x7fd0fa64ee30>>, body: {"extra_specs": {"hw_rng:allowed": "True"}} {{(pid=70020) _process_stack /opt/stack/nova/nova/api/openstack/wsgi.py:518}}
Sep 02 05:28:10.595467 np0000032634 devstack@n-api.service[70020]: INFO nova.api.openstack.requestlog [None req-c0d7f032-886b-48a5-8bec-ee33e238647e admin admin] 192.168.1.127 "POST /compute/v2.1/flavors/4/os-extra_specs" status: 200 len: 43 microversion: 2.61 time: 0.014773
Sep 02 05:28:10.595789 np0000032634 devstack@n-api.service[70020]: [pid: 70020|app: 0|req: 16/32] 192.168.1.127 () {72 vars in 1469 bytes} [Tue Sep  2 05:28:10 2025] POST /compute/v2.1/flavors/4/os-extra_specs => generated 43 bytes in 15 msecs (HTTP/1.1 200) 9 headers in 358 bytes (1 switches on core 0)
Sep 02 05:28:10.696647 np0000032634 devstack@n-api.service[70021]: DEBUG nova.api.openstack.wsgi [None req-a12a47a2-4209-4b29-ab71-46a5a3876658 admin admin] Calling method '<bound method VersionsV2.index of <nova.api.openstack.compute.versions.VersionsV2 object at 0x7fd0fac9dc30>>' {{(pid=70021) _process_stack /opt/stack/nova/nova/api/openstack/wsgi.py:520}}
Sep 02 05:28:10.698216 np0000032634 devstack@n-api.service[70021]: INFO nova.api.openstack.requestlog [None req-a12a47a2-4209-4b29-ab71-46a5a3876658 admin admin] 192.168.1.127 "GET /compute/v2.1" status: 200 len: 391 microversion: 2.1 time: 0.001799
Sep 02 05:28:10.698407 np0000032634 devstack@n-api.service[70021]: [pid: 70021|app: 0|req: 17/33] 192.168.1.127 () {62 vars in 1067 bytes} [Tue Sep  2 05:28:10 2025] GET /compute/v2.1 => generated 391 bytes in 2 msecs (HTTP/1.1 200) 9 headers in 357 bytes (1 switches on core 0)
Sep 02 05:28:10.724654 np0000032634 devstack@n-api.service[70020]: DEBUG nova.api.openstack.wsgi [None req-cd505ebc-d42a-4888-bc09-80760ff642df admin admin] Action: 'create', calling method: <bound method FlavorsController.create of <nova.api.openstack.compute.flavors.FlavorsController object at 0x7fd0fa64dc00>>, body: {"flavor": {"vcpus": 8, "OS-FLV-EXT-DATA:ephemeral": 0, "id": "5", "ram": 16384, "name": "m1.xlarge", "rxtx_factor": 1.0, "os-flavor-access:is_public": true, "swap": 0, "disk": 160}} {{(pid=70020) _process_stack /opt/stack/nova/nova/api/openstack/wsgi.py:518}}
Sep 02 05:28:10.735454 np0000032634 devstack@n-api.service[70020]: INFO nova.api.openstack.requestlog [None req-cd505ebc-d42a-4888-bc09-80760ff642df admin admin] 192.168.1.127 "POST /compute/v2.1/flavors" status: 200 len: 414 microversion: 2.61 time: 0.030797
Sep 02 05:28:10.735732 np0000032634 devstack@n-api.service[70020]: [pid: 70020|app: 0|req: 17/34] 192.168.1.127 () {72 vars in 1419 bytes} [Tue Sep  2 05:28:10 2025] POST /compute/v2.1/flavors => generated 414 bytes in 31 msecs (HTTP/1.1 200) 9 headers in 359 bytes (2 switches on core 0)
Sep 02 05:28:10.745151 np0000032634 devstack@n-api.service[70021]: DEBUG nova.api.openstack.wsgi [None req-a951d0bc-037f-48e7-94e6-276389b163ab admin admin] Action: 'create', calling method: <bound method FlavorExtraSpecsController.create of <nova.api.openstack.compute.flavors_extraspecs.FlavorExtraSpecsController object at 0x7fd0fa64f160>>, body: {"extra_specs": {"hw_rng:allowed": "True"}} {{(pid=70021) _process_stack /opt/stack/nova/nova/api/openstack/wsgi.py:518}}
Sep 02 05:28:10.761516 np0000032634 devstack@n-api.service[70021]: INFO nova.api.openstack.requestlog [None req-a951d0bc-037f-48e7-94e6-276389b163ab admin admin] 192.168.1.127 "POST /compute/v2.1/flavors/5/os-extra_specs" status: 200 len: 43 microversion: 2.61 time: 0.014912
Sep 02 05:28:10.761516 np0000032634 devstack@n-api.service[70021]: [pid: 70021|app: 0|req: 18/35] 192.168.1.127 () {72 vars in 1469 bytes} [Tue Sep  2 05:28:10 2025] POST /compute/v2.1/flavors/5/os-extra_specs => generated 43 bytes in 15 msecs (HTTP/1.1 200) 9 headers in 358 bytes (1 switches on core 0)
Sep 02 05:28:15.059672 np0000032634 devstack@n-api.service[70020]: DEBUG nova.api.openstack.wsgi [None req-cd505ebc-d42a-4888-bc09-80760ff642df admin admin] Calling method '<bound method VersionsV2.index of <nova.api.openstack.compute.versions.VersionsV2 object at 0x7fd0faa0ea70>>' {{(pid=70020) _process_stack /opt/stack/nova/nova/api/openstack/wsgi.py:520}}
Sep 02 05:28:15.060795 np0000032634 devstack@n-api.service[70020]: INFO nova.api.openstack.requestlog [None req-cd505ebc-d42a-4888-bc09-80760ff642df admin admin] 192.168.1.127 "GET /compute/v2.1" status: 200 len: 391 microversion: 2.1 time: 0.001777
Sep 02 05:28:15.060972 np0000032634 devstack@n-api.service[70020]: [pid: 70020|app: 0|req: 18/36] 192.168.1.127 () {62 vars in 1067 bytes} [Tue Sep  2 05:28:15 2025] GET /compute/v2.1 => generated 391 bytes in 2 msecs (HTTP/1.1 200) 9 headers in 357 bytes (1 switches on core 0)
Sep 02 05:28:15.085071 np0000032634 devstack@n-api.service[70021]: DEBUG nova.api.openstack.wsgi [None req-53485373-bbcd-4ba5-b215-41e86a7c256f admin admin] Calling method '<bound method FlavorsController.detail of <nova.api.openstack.compute.flavors.FlavorsController object at 0x7fd0fa64e440>>' {{(pid=70021) _process_stack /opt/stack/nova/nova/api/openstack/wsgi.py:520}}
Sep 02 05:28:15.092729 np0000032634 devstack@n-api.service[70021]: INFO nova.api.openstack.requestlog [None req-53485373-bbcd-4ba5-b215-41e86a7c256f admin admin] 192.168.1.127 "GET /compute/v2.1/flavors/detail?is_public=True" status: 200 len: 4262 microversion: 2.61 time: 0.026495
Sep 02 05:28:15.092949 np0000032634 devstack@n-api.service[70021]: [pid: 70021|app: 0|req: 19/37] 192.168.1.127 () {68 vars in 1428 bytes} [Tue Sep  2 05:28:15 2025] GET /compute/v2.1/flavors/detail?is_public=True => generated 4262 bytes in 27 msecs (HTTP/1.1 200) 9 headers in 360 bytes (1 switches on core 0)
Sep 02 05:28:15.200273 np0000032634 devstack@n-api.service[70020]: DEBUG nova.api.openstack.wsgi [None req-cd505ebc-d42a-4888-bc09-80760ff642df admin admin] Calling method '<bound method VersionsV2.index of <nova.api.openstack.compute.versions.VersionsV2 object at 0x7fd0faa0ea70>>' {{(pid=70020) _process_stack /opt/stack/nova/nova/api/openstack/wsgi.py:520}}
Sep 02 05:28:15.201809 np0000032634 devstack@n-api.service[70020]: INFO nova.api.openstack.requestlog [None req-cd505ebc-d42a-4888-bc09-80760ff642df admin admin] 192.168.1.127 "GET /compute/v2.1" status: 200 len: 391 microversion: 2.1 time: 0.001707
Sep 02 05:28:15.201991 np0000032634 devstack@n-api.service[70020]: [pid: 70020|app: 0|req: 19/38] 192.168.1.127 () {62 vars in 1067 bytes} [Tue Sep  2 05:28:15 2025] GET /compute/v2.1 => generated 391 bytes in 2 msecs (HTTP/1.1 200) 9 headers in 357 bytes (1 switches on core 0)
Sep 02 05:28:15.226389 np0000032634 devstack@n-api.service[70021]: DEBUG nova.api.openstack.wsgi [None req-0b6bea73-5bb2-4981-8c92-e9ab73da8138 admin admin] Action: 'create', calling method: <bound method FlavorsController.create of <nova.api.openstack.compute.flavors.FlavorsController object at 0x7fd0fa64dea0>>, body: {"flavor": {"vcpus": 1, "OS-FLV-EXT-DATA:ephemeral": 0, "id": "100", "ram": 1024, "name": "manila-service-flavor", "rxtx_factor": 1.0, "os-flavor-access:is_public": true, "swap": 0, "disk": 5}} {{(pid=70021) _process_stack /opt/stack/nova/nova/api/openstack/wsgi.py:518}}
Sep 02 05:28:15.235964 np0000032634 devstack@n-api.service[70021]: INFO nova.api.openstack.requestlog [None req-0b6bea73-5bb2-4981-8c92-e9ab73da8138 admin admin] 192.168.1.127 "POST /compute/v2.1/flavors" status: 200 len: 429 microversion: 2.61 time: 0.028478
Sep 02 05:28:15.236775 np0000032634 devstack@n-api.service[70021]: [pid: 70021|app: 0|req: 20/39] 192.168.1.127 () {72 vars in 1419 bytes} [Tue Sep  2 05:28:15 2025] POST /compute/v2.1/flavors => generated 429 bytes in 29 msecs (HTTP/1.1 200) 9 headers in 359 bytes (1 switches on core 0)
Sep 02 05:28:41.923266 np0000032634 devstack@n-api.service[70020]: DEBUG nova.api.openstack.wsgi [None req-cd505ebc-d42a-4888-bc09-80760ff642df admin admin] Calling method '<bound method VersionsV2.index of <nova.api.openstack.compute.versions.VersionsV2 object at 0x7fd0faa0ea70>>' {{(pid=70020) _process_stack /opt/stack/nova/nova/api/openstack/wsgi.py:520}}
Sep 02 05:28:41.924865 np0000032634 devstack@n-api.service[70020]: INFO nova.api.openstack.requestlog [None req-cd505ebc-d42a-4888-bc09-80760ff642df admin admin] 192.168.1.127 "GET /compute/v2.1" status: 200 len: 391 microversion: 2.1 time: 0.001780
Sep 02 05:28:41.925059 np0000032634 devstack@n-api.service[70020]: [pid: 70020|app: 0|req: 20/40] 192.168.1.127 () {62 vars in 1067 bytes} [Tue Sep  2 05:28:41 2025] GET /compute/v2.1 => generated 391 bytes in 2 msecs (HTTP/1.1 200) 9 headers in 357 bytes (1 switches on core 0)
Sep 02 05:28:41.933017 np0000032634 devstack@n-api.service[70021]: DEBUG dbcounter [-] [70021] Writing DB stats nova_api:SELECT=23,nova_api:INSERT=11,nova_api:SAVEPOINT=5,nova_api:RELEASE=5 {{(pid=70021) stat_writer /opt/stack/data/venv/lib/python3.10/site-packages/dbcounter.py:115}}
Sep 02 05:28:41.951271 np0000032634 devstack@n-api.service[70021]: DEBUG nova.api.openstack.wsgi [None req-741671ba-ec1e-4c4e-b971-035f2bb0bc2e admin admin] Calling method '<function Controller.__getattribute__.<locals>.version_select at 0x7fd0fa1b23b0>' {{(pid=70021) _process_stack /opt/stack/nova/nova/api/openstack/wsgi.py:520}}
Sep 02 05:28:41.953362 np0000032634 devstack@n-api.service[70021]: WARNING oslo_db.sqlalchemy.utils [None req-741671ba-ec1e-4c4e-b971-035f2bb0bc2e admin admin] Unique keys not in sort_keys. The sorting order may be unstable.
Sep 02 05:28:41.959693 np0000032634 devstack@n-api.service[70021]: INFO nova.api.openstack.requestlog [None req-741671ba-ec1e-4c4e-b971-035f2bb0bc2e admin admin] 192.168.1.127 "GET /compute/v2.1/os-keypairs" status: 200 len: 16 microversion: 2.10 time: 0.028766
Sep 02 05:28:41.960002 np0000032634 devstack@n-api.service[70021]: [pid: 70021|app: 0|req: 21/41] 192.168.1.127 () {68 vars in 1390 bytes} [Tue Sep  2 05:28:41 2025] GET /compute/v2.1/os-keypairs => generated 16 bytes in 29 msecs (HTTP/1.1 200) 9 headers in 358 bytes (1 switches on core 0)
