Sep 02 05:46:33.211955 np0000032634 devstack@placement-api.service[74220]: [pid: 74220|app: 0|req: 65/131] 192.168.1.127 () {66 vars in 1534 bytes} [Tue Sep  2 05:46:33 2025] GET /placement/resource_providers/4a2dd860-8977-4e0f-9243-d110d959b6c2/allocations => generated 153 bytes in 8 msecs (HTTP/1.1 200) 6 headers in 224 bytes (1 switches on core 0)
Sep 02 05:46:33.216300 np0000032634 devstack@placement-api.service[74221]: DEBUG placement.requestlog [req-0e541572-2098-4054-819b-70da96338e2f req-0b7cd15d-cc72-46df-b9ce-eef814a5ef0b None None] Starting request: 192.168.1.127 "GET /placement/allocations/bf1cfd7c-3a83-43df-ad1e-f7685386fc14" {{(pid=74221) __call__ /opt/stack/placement/placement/requestlog.py:55}}
Sep 02 05:46:33.221577 np0000032634 devstack@placement-api.service[74221]: INFO placement.requestlog [req-0e541572-2098-4054-819b-70da96338e2f req-0b7cd15d-cc72-46df-b9ce-eef814a5ef0b service nova] 192.168.1.127 "GET /placement/allocations/bf1cfd7c-3a83-43df-ad1e-f7685386fc14" status: 200 len: 258 microversion: 1.28
Sep 02 05:46:33.221850 np0000032634 devstack@placement-api.service[74221]: [pid: 74221|app: 0|req: 67/132] 192.168.1.127 () {68 vars in 1521 bytes} [Tue Sep  2 05:46:33 2025] GET /placement/allocations/bf1cfd7c-3a83-43df-ad1e-f7685386fc14 => generated 258 bytes in 5 msecs (HTTP/1.1 200) 8 headers in 296 bytes (1 switches on core 0)
Sep 02 05:46:43.210971 np0000032634 devstack@placement-api.service[74220]: DEBUG dbcounter [-] [74220] Writing DB stats placement:SELECT=3 {{(pid=74220) stat_writer /opt/stack/data/venv/lib/python3.10/site-packages/dbcounter.py:115}}
Sep 02 05:46:43.220885 np0000032634 devstack@placement-api.service[74221]: DEBUG dbcounter [-] [74221] Writing DB stats placement:SELECT=5 {{(pid=74221) stat_writer /opt/stack/data/venv/lib/python3.10/site-packages/dbcounter.py:115}}
Sep 02 05:47:34.181091 np0000032634 devstack@placement-api.service[74220]: DEBUG placement.requestlog [req-7d72b39b-3aec-4e3d-8eb2-5cdc765d6724 req-b70124f6-9104-40c6-b1e1-57bdc7626e4a None None] Starting request: 192.168.1.127 "GET /placement/resource_providers/4a2dd860-8977-4e0f-9243-d110d959b6c2/allocations" {{(pid=74220) __call__ /opt/stack/placement/placement/requestlog.py:55}}
Sep 02 05:47:34.189494 np0000032634 devstack@placement-api.service[74220]: INFO placement.requestlog [req-7d72b39b-3aec-4e3d-8eb2-5cdc765d6724 req-b70124f6-9104-40c6-b1e1-57bdc7626e4a service nova] 192.168.1.127 "GET /placement/resource_providers/4a2dd860-8977-4e0f-9243-d110d959b6c2/allocations" status: 200 len: 153 microversion: 1.0
Sep 02 05:47:34.189778 np0000032634 devstack@placement-api.service[74220]: [pid: 74220|app: 0|req: 66/133] 192.168.1.127 () {66 vars in 1534 bytes} [Tue Sep  2 05:47:34 2025] GET /placement/resource_providers/4a2dd860-8977-4e0f-9243-d110d959b6c2/allocations => generated 153 bytes in 9 msecs (HTTP/1.1 200) 6 headers in 224 bytes (1 switches on core 0)
Sep 02 05:47:34.196734 np0000032634 devstack@placement-api.service[74221]: DEBUG placement.requestlog [req-7d72b39b-3aec-4e3d-8eb2-5cdc765d6724 req-add86459-3a16-4c45-9079-e890283f80d7 None None] Starting request: 192.168.1.127 "GET /placement/resource_providers/4a2dd860-8977-4e0f-9243-d110d959b6c2/allocations" {{(pid=74221) __call__ /opt/stack/placement/placement/requestlog.py:55}}
Sep 02 05:47:34.204167 np0000032634 devstack@placement-api.service[74221]: INFO placement.requestlog [req-7d72b39b-3aec-4e3d-8eb2-5cdc765d6724 req-add86459-3a16-4c45-9079-e890283f80d7 service nova] 192.168.1.127 "GET /placement/resource_providers/4a2dd860-8977-4e0f-9243-d110d959b6c2/allocations" status: 200 len: 153 microversion: 1.0
Sep 02 05:47:34.204431 np0000032634 devstack@placement-api.service[74221]: [pid: 74221|app: 0|req: 68/134] 192.168.1.127 () {66 vars in 1534 bytes} [Tue Sep  2 05:47:34 2025] GET /placement/resource_providers/4a2dd860-8977-4e0f-9243-d110d959b6c2/allocations => generated 153 bytes in 8 msecs (HTTP/1.1 200) 6 headers in 224 bytes (1 switches on core 0)
Sep 02 05:47:34.208811 np0000032634 devstack@placement-api.service[74220]: DEBUG placement.requestlog [req-7d72b39b-3aec-4e3d-8eb2-5cdc765d6724 req-0f93919d-3dbb-4232-84ec-16c692dc148e None None] Starting request: 192.168.1.127 "GET /placement/allocations/bf1cfd7c-3a83-43df-ad1e-f7685386fc14" {{(pid=74220) __call__ /opt/stack/placement/placement/requestlog.py:55}}
Sep 02 05:47:34.214062 np0000032634 devstack@placement-api.service[74220]: INFO placement.requestlog [req-7d72b39b-3aec-4e3d-8eb2-5cdc765d6724 req-0f93919d-3dbb-4232-84ec-16c692dc148e service nova] 192.168.1.127 "GET /placement/allocations/bf1cfd7c-3a83-43df-ad1e-f7685386fc14" status: 200 len: 258 microversion: 1.28
Sep 02 05:47:34.214296 np0000032634 devstack@placement-api.service[74220]: [pid: 74220|app: 0|req: 67/135] 192.168.1.127 () {68 vars in 1521 bytes} [Tue Sep  2 05:47:34 2025] GET /placement/allocations/bf1cfd7c-3a83-43df-ad1e-f7685386fc14 => generated 258 bytes in 5 msecs (HTTP/1.1 200) 8 headers in 296 bytes (1 switches on core 0)
Sep 02 05:47:44.203916 np0000032634 devstack@placement-api.service[74221]: DEBUG dbcounter [-] [74221] Writing DB stats placement:SELECT=3 {{(pid=74221) stat_writer /opt/stack/data/venv/lib/python3.10/site-packages/dbcounter.py:115}}
Sep 02 05:47:44.213448 np0000032634 devstack@placement-api.service[74220]: DEBUG dbcounter [-] [74220] Writing DB stats placement:SELECT=5 {{(pid=74220) stat_writer /opt/stack/data/venv/lib/python3.10/site-packages/dbcounter.py:115}}
Sep 02 05:48:35.179214 np0000032634 devstack@placement-api.service[74221]: DEBUG placement.requestlog [req-cb7e98c0-d39d-4f33-b999-b1b5ce4cd37f req-2ca51760-3179-4260-82ed-60a5ccb0ba20 None None] Starting request: 192.168.1.127 "GET /placement/resource_providers/4a2dd860-8977-4e0f-9243-d110d959b6c2/allocations" {{(pid=74221) __call__ /opt/stack/placement/placement/requestlog.py:55}}
Sep 02 05:48:35.187403 np0000032634 devstack@placement-api.service[74221]: INFO placement.requestlog [req-cb7e98c0-d39d-4f33-b999-b1b5ce4cd37f req-2ca51760-3179-4260-82ed-60a5ccb0ba20 service nova] 192.168.1.127 "GET /placement/resource_providers/4a2dd860-8977-4e0f-9243-d110d959b6c2/allocations" status: 200 len: 153 microversion: 1.0
Sep 02 05:48:35.187696 np0000032634 devstack@placement-api.service[74221]: [pid: 74221|app: 0|req: 69/136] 192.168.1.127 () {66 vars in 1534 bytes} [Tue Sep  2 05:48:35 2025] GET /placement/resource_providers/4a2dd860-8977-4e0f-9243-d110d959b6c2/allocations => generated 153 bytes in 9 msecs (HTTP/1.1 200) 6 headers in 224 bytes (1 switches on core 0)
Sep 02 05:48:35.194317 np0000032634 devstack@placement-api.service[74220]: DEBUG placement.requestlog [req-cb7e98c0-d39d-4f33-b999-b1b5ce4cd37f req-02f3f9d5-ca91-4658-bcca-577d661e6f48 None None] Starting request: 192.168.1.127 "GET /placement/resource_providers/4a2dd860-8977-4e0f-9243-d110d959b6c2/allocations" {{(pid=74220) __call__ /opt/stack/placement/placement/requestlog.py:55}}
Sep 02 05:48:35.202032 np0000032634 devstack@placement-api.service[74220]: INFO placement.requestlog [req-cb7e98c0-d39d-4f33-b999-b1b5ce4cd37f req-02f3f9d5-ca91-4658-bcca-577d661e6f48 service nova] 192.168.1.127 "GET /placement/resource_providers/4a2dd860-8977-4e0f-9243-d110d959b6c2/allocations" status: 200 len: 153 microversion: 1.0
Sep 02 05:48:35.202408 np0000032634 devstack@placement-api.service[74220]: [pid: 74220|app: 0|req: 68/137] 192.168.1.127 () {66 vars in 1534 bytes} [Tue Sep  2 05:48:35 2025] GET /placement/resource_providers/4a2dd860-8977-4e0f-9243-d110d959b6c2/allocations => generated 153 bytes in 8 msecs (HTTP/1.1 200) 6 headers in 224 bytes (1 switches on core 0)
Sep 02 05:48:35.206695 np0000032634 devstack@placement-api.service[74221]: DEBUG placement.requestlog [req-cb7e98c0-d39d-4f33-b999-b1b5ce4cd37f req-4a72b4ca-2924-4003-a5a8-dbf5ac59cd3c None None] Starting request: 192.168.1.127 "GET /placement/allocations/bf1cfd7c-3a83-43df-ad1e-f7685386fc14" {{(pid=74221) __call__ /opt/stack/placement/placement/requestlog.py:55}}
Sep 02 05:48:35.212170 np0000032634 devstack@placement-api.service[74221]: INFO placement.requestlog [req-cb7e98c0-d39d-4f33-b999-b1b5ce4cd37f req-4a72b4ca-2924-4003-a5a8-dbf5ac59cd3c service nova] 192.168.1.127 "GET /placement/allocations/bf1cfd7c-3a83-43df-ad1e-f7685386fc14" status: 200 len: 258 microversion: 1.28
Sep 02 05:48:35.212633 np0000032634 devstack@placement-api.service[74221]: [pid: 74221|app: 0|req: 70/138] 192.168.1.127 () {68 vars in 1521 bytes} [Tue Sep  2 05:48:35 2025] GET /placement/allocations/bf1cfd7c-3a83-43df-ad1e-f7685386fc14 => generated 258 bytes in 6 msecs (HTTP/1.1 200) 8 headers in 296 bytes (1 switches on core 0)
Sep 02 05:48:45.201338 np0000032634 devstack@placement-api.service[74220]: DEBUG dbcounter [-] [74220] Writing DB stats placement:SELECT=3 {{(pid=74220) stat_writer /opt/stack/data/venv/lib/python3.10/site-packages/dbcounter.py:115}}
Sep 02 05:48:45.211792 np0000032634 devstack@placement-api.service[74221]: DEBUG dbcounter [-] [74221] Writing DB stats placement:SELECT=5 {{(pid=74221) stat_writer /opt/stack/data/venv/lib/python3.10/site-packages/dbcounter.py:115}}
Sep 02 05:48:47.195055 np0000032634 devstack@placement-api.service[74220]: DEBUG placement.requestlog [req-eae1b571-4822-4043-ba49-5f8da40e69f0 req-d0bd40f3-e290-41cb-88f7-29a1dc4f703b None None] Starting request: 192.168.1.127 "GET /placement/resource_providers/4a2dd860-8977-4e0f-9243-d110d959b6c2/allocations" {{(pid=74220) __call__ /opt/stack/placement/placement/requestlog.py:55}}
Sep 02 05:48:47.202929 np0000032634 devstack@placement-api.service[74220]: INFO placement.requestlog [req-eae1b571-4822-4043-ba49-5f8da40e69f0 req-d0bd40f3-e290-41cb-88f7-29a1dc4f703b service nova] 192.168.1.127 "GET /placement/resource_providers/4a2dd860-8977-4e0f-9243-d110d959b6c2/allocations" status: 200 len: 153 microversion: 1.0
Sep 02 05:48:47.203206 np0000032634 devstack@placement-api.service[74220]: [pid: 74220|app: 0|req: 69/139] 192.168.1.127 () {66 vars in 1534 bytes} [Tue Sep  2 05:48:47 2025] GET /placement/resource_providers/4a2dd860-8977-4e0f-9243-d110d959b6c2/allocations => generated 153 bytes in 8 msecs (HTTP/1.1 200) 6 headers in 224 bytes (1 switches on core 0)
Sep 02 05:48:47.207874 np0000032634 devstack@placement-api.service[74221]: DEBUG placement.requestlog [req-eae1b571-4822-4043-ba49-5f8da40e69f0 req-c1383504-c33a-489d-972d-c76e95c23d2b None None] Starting request: 192.168.1.127 "GET /placement/allocations/bf1cfd7c-3a83-43df-ad1e-f7685386fc14" {{(pid=74221) __call__ /opt/stack/placement/placement/requestlog.py:55}}
Sep 02 05:48:47.213854 np0000032634 devstack@placement-api.service[74221]: INFO placement.requestlog [req-eae1b571-4822-4043-ba49-5f8da40e69f0 req-c1383504-c33a-489d-972d-c76e95c23d2b service nova] 192.168.1.127 "GET /placement/allocations/bf1cfd7c-3a83-43df-ad1e-f7685386fc14" status: 200 len: 258 microversion: 1.28
Sep 02 05:48:47.214158 np0000032634 devstack@placement-api.service[74221]: [pid: 74221|app: 0|req: 71/140] 192.168.1.127 () {68 vars in 1521 bytes} [Tue Sep  2 05:48:47 2025] GET /placement/allocations/bf1cfd7c-3a83-43df-ad1e-f7685386fc14 => generated 258 bytes in 6 msecs (HTTP/1.1 200) 8 headers in 296 bytes (1 switches on core 0)
Sep 02 05:48:48.230809 np0000032634 devstack@placement-api.service[74220]: DEBUG placement.requestlog [req-eae1b571-4822-4043-ba49-5f8da40e69f0 req-21049635-4570-49a3-874b-21d79cba12a2 None None] Starting request: 192.168.1.127 "DELETE /placement/allocations/bf1cfd7c-3a83-43df-ad1e-f7685386fc14" {{(pid=74220) __call__ /opt/stack/placement/placement/requestlog.py:55}}
Sep 02 05:48:48.244510 np0000032634 devstack@placement-api.service[74220]: DEBUG placement.handlers.allocation [req-eae1b571-4822-4043-ba49-5f8da40e69f0 req-21049635-4570-49a3-874b-21d79cba12a2 service nova] Successfully deleted allocations [<placement.objects.allocation.Allocation object at 0x7fdeb2084ca0>, <placement.objects.allocation.Allocation object at 0x7fdeb2087b20>, <placement.objects.allocation.Allocation object at 0x7fdeb2085150>] {{(pid=74220) delete_allocations /opt/stack/placement/placement/handlers/allocation.py:627}}
Sep 02 05:48:48.244863 np0000032634 devstack@placement-api.service[74220]: INFO placement.requestlog [req-eae1b571-4822-4043-ba49-5f8da40e69f0 req-21049635-4570-49a3-874b-21d79cba12a2 service nova] 192.168.1.127 "DELETE /placement/allocations/bf1cfd7c-3a83-43df-ad1e-f7685386fc14" status: 204 len: 0 microversion: 1.0
Sep 02 05:48:48.245107 np0000032634 devstack@placement-api.service[74220]: [pid: 74220|app: 0|req: 70/141] 192.168.1.127 () {68 vars in 1499 bytes} [Tue Sep  2 05:48:48 2025] DELETE /placement/allocations/bf1cfd7c-3a83-43df-ad1e-f7685386fc14 => generated 0 bytes in 14 msecs (HTTP/1.1 204) 5 headers in 198 bytes (1 switches on core 0)
Sep 02 05:48:50.174775 np0000032634 devstack@placement-api.service[74221]: DEBUG placement.requestlog [None req-0c4c86fa-0e6d-49c9-8f28-35acb244bed6 None None] Starting request: 192.168.1.127 "GET /placement/resource_providers/fe59621b-83d9-4f28-8970-5610cfaef355/aggregates" {{(pid=74221) __call__ /opt/stack/placement/placement/requestlog.py:55}}
Sep 02 05:48:50.180900 np0000032634 devstack@placement-api.service[74221]: INFO placement.requestlog [None req-0c4c86fa-0e6d-49c9-8f28-35acb244bed6 service placement] 192.168.1.127 "GET /placement/resource_providers/fe59621b-83d9-4f28-8970-5610cfaef355/aggregates" status: 404 len: 235 microversion: 1.1
Sep 02 05:48:50.181054 np0000032634 devstack@placement-api.service[74221]: [pid: 74221|app: 0|req: 72/142] 192.168.1.127 () {66 vars in 1505 bytes} [Tue Sep  2 05:48:50 2025] GET /placement/resource_providers/fe59621b-83d9-4f28-8970-5610cfaef355/aggregates => generated 235 bytes in 6 msecs (HTTP/1.1 404) 5 headers in 202 bytes (1 switches on core 0)
Sep 02 05:48:50.187034 np0000032634 devstack@placement-api.service[74220]: DEBUG placement.requestlog [None req-202d8a58-2ab4-4b81-992f-92761dcc6fc2 None None] Starting request: 192.168.1.127 "DELETE /placement/resource_providers/fe59621b-83d9-4f28-8970-5610cfaef355" {{(pid=74220) __call__ /opt/stack/placement/placement/requestlog.py:55}}
Sep 02 05:48:50.193454 np0000032634 devstack@placement-api.service[74220]: DEBUG placement.wsgi_wrapper [None req-202d8a58-2ab4-4b81-992f-92761dcc6fc2 service placement] Placement API returning an error response: No resource provider with uuid fe59621b-83d9-4f28-8970-5610cfaef355 found for delete {{(pid=74220) call_func /opt/stack/placement/placement/wsgi_wrapper.py:31}}
Sep 02 05:48:50.193690 np0000032634 devstack@placement-api.service[74220]: INFO placement.requestlog [None req-202d8a58-2ab4-4b81-992f-92761dcc6fc2 service placement] 192.168.1.127 "DELETE /placement/resource_providers/fe59621b-83d9-4f28-8970-5610cfaef355" status: 404 len: 246 microversion: 1.1
Sep 02 05:48:50.193869 np0000032634 devstack@placement-api.service[74220]: [pid: 74220|app: 0|req: 71/143] 192.168.1.127 () {68 vars in 1494 bytes} [Tue Sep  2 05:48:50 2025] DELETE /placement/resource_providers/fe59621b-83d9-4f28-8970-5610cfaef355 => generated 246 bytes in 7 msecs (HTTP/1.1 404) 6 headers in 231 bytes (1 switches on core 0)
Sep 02 05:48:51.448185 np0000032634 devstack@placement-api.service[74221]: DEBUG placement.requestlog [None req-5e04cd16-0e2f-4492-a7c1-08332a333074 None None] Starting request: 192.168.1.127 "GET /placement/resource_providers/d36f8e51-9007-48c6-9005-f75ae1b03724/aggregates" {{(pid=74221) __call__ /opt/stack/placement/placement/requestlog.py:55}}
Sep 02 05:48:51.493492 np0000032634 devstack@placement-api.service[74221]: INFO placement.requestlog [None req-5e04cd16-0e2f-4492-a7c1-08332a333074 service placement] 192.168.1.127 "GET /placement/resource_providers/d36f8e51-9007-48c6-9005-f75ae1b03724/aggregates" status: 404 len: 235 microversion: 1.1
Sep 02 05:48:51.493763 np0000032634 devstack@placement-api.service[74221]: [pid: 74221|app: 0|req: 73/144] 192.168.1.127 () {66 vars in 1505 bytes} [Tue Sep  2 05:48:51 2025] GET /placement/resource_providers/d36f8e51-9007-48c6-9005-f75ae1b03724/aggregates => generated 235 bytes in 45 msecs (HTTP/1.1 404) 5 headers in 202 bytes (1 switches on core 0)
Sep 02 05:48:51.524470 np0000032634 devstack@placement-api.service[74220]: DEBUG placement.requestlog [None req-6de917c9-237f-4128-a6b9-d4a86739010f None None] Starting request: 192.168.1.127 "DELETE /placement/resource_providers/d36f8e51-9007-48c6-9005-f75ae1b03724" {{(pid=74220) __call__ /opt/stack/placement/placement/requestlog.py:55}}
Sep 02 05:48:51.528373 np0000032634 devstack@placement-api.service[74220]: DEBUG placement.wsgi_wrapper [None req-6de917c9-237f-4128-a6b9-d4a86739010f service placement] Placement API returning an error response: No resource provider with uuid d36f8e51-9007-48c6-9005-f75ae1b03724 found for delete {{(pid=74220) call_func /opt/stack/placement/placement/wsgi_wrapper.py:31}}
Sep 02 05:48:51.528679 np0000032634 devstack@placement-api.service[74220]: INFO placement.requestlog [None req-6de917c9-237f-4128-a6b9-d4a86739010f service placement] 192.168.1.127 "DELETE /placement/resource_providers/d36f8e51-9007-48c6-9005-f75ae1b03724" status: 404 len: 246 microversion: 1.1
Sep 02 05:48:51.528823 np0000032634 devstack@placement-api.service[74220]: [pid: 74220|app: 0|req: 72/145] 192.168.1.127 () {68 vars in 1494 bytes} [Tue Sep  2 05:48:51 2025] DELETE /placement/resource_providers/d36f8e51-9007-48c6-9005-f75ae1b03724 => generated 246 bytes in 4 msecs (HTTP/1.1 404) 6 headers in 231 bytes (1 switches on core 0)
Sep 02 05:48:52.424752 np0000032634 devstack@placement-api.service[74221]: DEBUG placement.requestlog [None req-d453ca2a-2aa1-4b60-b925-456a0365efd6 None None] Starting request: 192.168.1.127 "GET /placement/resource_providers/feb29e27-2c1d-4dc1-b192-c1908ba340fe/aggregates" {{(pid=74221) __call__ /opt/stack/placement/placement/requestlog.py:55}}
Sep 02 05:48:52.430902 np0000032634 devstack@placement-api.service[74221]: INFO placement.requestlog [None req-d453ca2a-2aa1-4b60-b925-456a0365efd6 service placement] 192.168.1.127 "GET /placement/resource_providers/feb29e27-2c1d-4dc1-b192-c1908ba340fe/aggregates" status: 404 len: 235 microversion: 1.1
Sep 02 05:48:52.431037 np0000032634 devstack@placement-api.service[74221]: [pid: 74221|app: 0|req: 74/146] 192.168.1.127 () {66 vars in 1505 bytes} [Tue Sep  2 05:48:52 2025] GET /placement/resource_providers/feb29e27-2c1d-4dc1-b192-c1908ba340fe/aggregates => generated 235 bytes in 6 msecs (HTTP/1.1 404) 5 headers in 202 bytes (1 switches on core 0)
Sep 02 05:48:52.438462 np0000032634 devstack@placement-api.service[74220]: DEBUG placement.requestlog [None req-503078ac-6950-4c48-803f-3b557259051a None None] Starting request: 192.168.1.127 "DELETE /placement/resource_providers/feb29e27-2c1d-4dc1-b192-c1908ba340fe" {{(pid=74220) __call__ /opt/stack/placement/placement/requestlog.py:55}}
Sep 02 05:48:52.442758 np0000032634 devstack@placement-api.service[74220]: DEBUG placement.wsgi_wrapper [None req-503078ac-6950-4c48-803f-3b557259051a service placement] Placement API returning an error response: No resource provider with uuid feb29e27-2c1d-4dc1-b192-c1908ba340fe found for delete {{(pid=74220) call_func /opt/stack/placement/placement/wsgi_wrapper.py:31}}
Sep 02 05:48:52.443074 np0000032634 devstack@placement-api.service[74220]: INFO placement.requestlog [None req-503078ac-6950-4c48-803f-3b557259051a service placement] 192.168.1.127 "DELETE /placement/resource_providers/feb29e27-2c1d-4dc1-b192-c1908ba340fe" status: 404 len: 246 microversion: 1.1
Sep 02 05:48:52.443243 np0000032634 devstack@placement-api.service[74220]: [pid: 74220|app: 0|req: 73/147] 192.168.1.127 () {68 vars in 1494 bytes} [Tue Sep  2 05:48:52 2025] DELETE /placement/resource_providers/feb29e27-2c1d-4dc1-b192-c1908ba340fe => generated 246 bytes in 5 msecs (HTTP/1.1 404) 6 headers in 231 bytes (1 switches on core 0)
Sep 02 05:49:01.662944 np0000032634 devstack@placement-api.service[74221]: DEBUG placement.requestlog [req-3a166fdb-095d-47b4-b6a7-3df416f14875 req-6b7f1231-95e7-4f84-8369-327065b22056 None None] Starting request: 192.168.1.127 "GET /placement/allocation_candidates?limit=1000&resources=DISK_GB%3A5%2CMEMORY_MB%3A1024%2CVCPU%3A1&root_required=%21COMPUTE_STATUS_DISABLED" {{(pid=74221) __call__ /opt/stack/placement/placement/requestlog.py:55}}
Sep 02 05:49:01.728964 np0000032634 devstack@placement-api.service[74221]: DEBUG placement.objects.research_context [req-3a166fdb-095d-47b4-b6a7-3df416f14875 req-6b7f1231-95e7-4f84-8369-327065b22056 service nova] getting providers with 5 DISK_GB {{(pid=74221) __init__ /opt/stack/placement/placement/objects/research_context.py:136}}
Sep 02 05:49:01.731445 np0000032634 devstack@placement-api.service[74221]: DEBUG placement.objects.research_context [req-3a166fdb-095d-47b4-b6a7-3df416f14875 req-6b7f1231-95e7-4f84-8369-327065b22056 service nova] getting providers with 1024 MEMORY_MB {{(pid=74221) __init__ /opt/stack/placement/placement/objects/research_context.py:136}}
Sep 02 05:49:01.733572 np0000032634 devstack@placement-api.service[74221]: DEBUG placement.objects.research_context [req-3a166fdb-095d-47b4-b6a7-3df416f14875 req-6b7f1231-95e7-4f84-8369-327065b22056 service nova] getting providers with 1 VCPU {{(pid=74221) __init__ /opt/stack/placement/placement/objects/research_context.py:136}}
Sep 02 05:49:01.735853 np0000032634 devstack@placement-api.service[74221]: DEBUG placement.objects.research_context [req-3a166fdb-095d-47b4-b6a7-3df416f14875 req-6b7f1231-95e7-4f84-8369-327065b22056 service nova] found 1 providers with available 5 DISK_GB {{(pid=74221) get_provider_ids_matching /opt/stack/placement/placement/objects/research_context.py:567}}
Sep 02 05:49:01.735943 np0000032634 devstack@placement-api.service[74221]: DEBUG placement.objects.research_context [req-3a166fdb-095d-47b4-b6a7-3df416f14875 req-6b7f1231-95e7-4f84-8369-327065b22056 service nova] found 1 providers with available 1024 MEMORY_MB {{(pid=74221) get_provider_ids_matching /opt/stack/placement/placement/objects/research_context.py:567}}
Sep 02 05:49:01.736023 np0000032634 devstack@placement-api.service[74221]: DEBUG placement.objects.research_context [req-3a166fdb-095d-47b4-b6a7-3df416f14875 req-6b7f1231-95e7-4f84-8369-327065b22056 service nova] found 1 providers after filtering by previous result {{(pid=74221) get_provider_ids_matching /opt/stack/placement/placement/objects/research_context.py:598}}
Sep 02 05:49:01.736096 np0000032634 devstack@placement-api.service[74221]: DEBUG placement.objects.research_context [req-3a166fdb-095d-47b4-b6a7-3df416f14875 req-6b7f1231-95e7-4f84-8369-327065b22056 service nova] found 1 providers with available 1 VCPU {{(pid=74221) get_provider_ids_matching /opt/stack/placement/placement/objects/research_context.py:567}}
Sep 02 05:49:01.736165 np0000032634 devstack@placement-api.service[74221]: DEBUG placement.objects.research_context [req-3a166fdb-095d-47b4-b6a7-3df416f14875 req-6b7f1231-95e7-4f84-8369-327065b22056 service nova] found 1 providers after filtering by previous result {{(pid=74221) get_provider_ids_matching /opt/stack/placement/placement/objects/research_context.py:598}}
Sep 02 05:49:01.745608 np0000032634 devstack@placement-api.service[74221]: DEBUG placement.objects.allocation_candidate [req-3a166fdb-095d-47b4-b6a7-3df416f14875 req-6b7f1231-95e7-4f84-8369-327065b22056 service nova] RequestGroup(use_same_provider=False, resources={DISK_GB:5, MEMORY_MB:1024, VCPU:1}, traits=(), aggregates=[]) (suffix '') returned 1 matches {{(pid=74221) _get_by_requests /opt/stack/placement/placement/objects/allocation_candidate.py:157}}
Sep 02 05:49:01.745779 np0000032634 devstack@placement-api.service[74221]: DEBUG placement.objects.allocation_candidate [req-3a166fdb-095d-47b4-b6a7-3df416f14875 req-6b7f1231-95e7-4f84-8369-327065b22056 service nova] Merging candidates yields 1 allocation requests and 1 provider summaries {{(pid=74221) _merge_candidates /opt/stack/placement/placement/objects/allocation_candidate.py:841}}
Sep 02 05:49:01.746496 np0000032634 devstack@placement-api.service[74221]: INFO placement.requestlog [req-3a166fdb-095d-47b4-b6a7-3df416f14875 req-6b7f1231-95e7-4f84-8369-327065b22056 service nova] 192.168.1.127 "GET /placement/allocation_candidates?limit=1000&resources=DISK_GB%3A5%2CMEMORY_MB%3A1024%2CVCPU%3A1&root_required=%21COMPUTE_STATUS_DISABLED" status: 200 len: 2057 microversion: 1.36
Sep 02 05:49:01.746659 np0000032634 devstack@placement-api.service[74221]: [pid: 74221|app: 0|req: 75/148] 192.168.1.127 () {68 vars in 1649 bytes} [Tue Sep  2 05:49:01 2025] GET /placement/allocation_candidates?limit=1000&resources=DISK_GB%3A5%2CMEMORY_MB%3A1024%2CVCPU%3A1&root_required=%21COMPUTE_STATUS_DISABLED => generated 2057 bytes in 84 msecs (HTTP/1.1 200) 8 headers in 297 bytes (1 switches on core 0)
Sep 02 05:49:01.769452 np0000032634 devstack@placement-api.service[74220]: DEBUG placement.requestlog [req-3a166fdb-095d-47b4-b6a7-3df416f14875 req-700eb544-e1dd-4afd-9a89-8850449a68b6 None None] Starting request: 192.168.1.127 "GET /placement/allocations/91322af0-3cd7-4086-90b2-29b514646d9f" {{(pid=74220) __call__ /opt/stack/placement/placement/requestlog.py:55}}
Sep 02 05:49:01.772345 np0000032634 devstack@placement-api.service[74220]: INFO placement.requestlog [req-3a166fdb-095d-47b4-b6a7-3df416f14875 req-700eb544-e1dd-4afd-9a89-8850449a68b6 service nova] 192.168.1.127 "GET /placement/allocations/91322af0-3cd7-4086-90b2-29b514646d9f" status: 200 len: 19 microversion: 1.28
Sep 02 05:49:01.772558 np0000032634 devstack@placement-api.service[74220]: [pid: 74220|app: 0|req: 74/149] 192.168.1.127 () {68 vars in 1523 bytes} [Tue Sep  2 05:49:01 2025] GET /placement/allocations/91322af0-3cd7-4086-90b2-29b514646d9f => generated 19 bytes in 5 msecs (HTTP/1.1 200) 8 headers in 295 bytes (1 switches on core 0)
Sep 02 05:49:01.777608 np0000032634 devstack@placement-api.service[74221]: DEBUG placement.requestlog [req-3a166fdb-095d-47b4-b6a7-3df416f14875 req-3bcf0710-4977-42fd-8a9a-1eec877d8868 None None] Starting request: 192.168.1.127 "PUT /placement/allocations/91322af0-3cd7-4086-90b2-29b514646d9f" {{(pid=74221) __call__ /opt/stack/placement/placement/requestlog.py:55}}
Sep 02 05:49:01.810496 np0000032634 devstack@placement-api.service[74221]: DEBUG placement.handlers.allocation [req-3a166fdb-095d-47b4-b6a7-3df416f14875 req-3bcf0710-4977-42fd-8a9a-1eec877d8868 service nova] Successfully wrote allocations [<placement.objects.allocation.Allocation object at 0x7fdeb2c22ec0>, <placement.objects.allocation.Allocation object at 0x7fdeb2c21e40>, <placement.objects.allocation.Allocation object at 0x7fdeb218ff40>] {{(pid=74221) _update_consumers_and_create_allocations /opt/stack/placement/placement/handlers/allocation.py:462}}
Sep 02 05:49:01.813218 np0000032634 devstack@placement-api.service[74221]: INFO placement.requestlog [req-3a166fdb-095d-47b4-b6a7-3df416f14875 req-3bcf0710-4977-42fd-8a9a-1eec877d8868 service nova] 192.168.1.127 "PUT /placement/allocations/91322af0-3cd7-4086-90b2-29b514646d9f" status: 204 len: 0 microversion: 1.36
Sep 02 05:49:01.813385 np0000032634 devstack@placement-api.service[74221]: [pid: 74221|app: 0|req: 76/150] 192.168.1.127 () {72 vars in 1576 bytes} [Tue Sep  2 05:49:01 2025] PUT /placement/allocations/91322af0-3cd7-4086-90b2-29b514646d9f => generated 0 bytes in 36 msecs (HTTP/1.1 204) 5 headers in 199 bytes (1 switches on core 0)
Sep 02 05:49:03.237779 np0000032634 devstack@placement-api.service[74220]: DEBUG placement.requestlog [req-3a166fdb-095d-47b4-b6a7-3df416f14875 req-404578b4-db93-4810-9e7b-a01392ee78b5 None None] Starting request: 192.168.1.127 "GET /placement/allocations/91322af0-3cd7-4086-90b2-29b514646d9f" {{(pid=74220) __call__ /opt/stack/placement/placement/requestlog.py:55}}
Sep 02 05:49:03.243822 np0000032634 devstack@placement-api.service[74220]: INFO placement.requestlog [req-3a166fdb-095d-47b4-b6a7-3df416f14875 req-404578b4-db93-4810-9e7b-a01392ee78b5 service nova] 192.168.1.127 "GET /placement/allocations/91322af0-3cd7-4086-90b2-29b514646d9f" status: 200 len: 258 microversion: 1.28
Sep 02 05:49:03.243983 np0000032634 devstack@placement-api.service[74220]: [pid: 74220|app: 0|req: 75/151] 192.168.1.127 () {68 vars in 1521 bytes} [Tue Sep  2 05:49:03 2025] GET /placement/allocations/91322af0-3cd7-4086-90b2-29b514646d9f => generated 258 bytes in 6 msecs (HTTP/1.1 200) 8 headers in 296 bytes (1 switches on core 0)
Sep 02 05:49:04.258227 np0000032634 devstack@placement-api.service[74221]: DEBUG placement.requestlog [req-3a166fdb-095d-47b4-b6a7-3df416f14875 req-5fb81bfe-26df-414c-b4a4-6272884ef80f None None] Starting request: 192.168.1.127 "GET /placement/resource_providers/4a2dd860-8977-4e0f-9243-d110d959b6c2/allocations" {{(pid=74221) __call__ /opt/stack/placement/placement/requestlog.py:55}}
Sep 02 05:49:04.266461 np0000032634 devstack@placement-api.service[74221]: INFO placement.requestlog [req-3a166fdb-095d-47b4-b6a7-3df416f14875 req-5fb81bfe-26df-414c-b4a4-6272884ef80f service nova] 192.168.1.127 "GET /placement/resource_providers/4a2dd860-8977-4e0f-9243-d110d959b6c2/allocations" status: 200 len: 153 microversion: 1.0
Sep 02 05:49:04.266619 np0000032634 devstack@placement-api.service[74221]: [pid: 74221|app: 0|req: 77/152] 192.168.1.127 () {66 vars in 1534 bytes} [Tue Sep  2 05:49:04 2025] GET /placement/resource_providers/4a2dd860-8977-4e0f-9243-d110d959b6c2/allocations => generated 153 bytes in 8 msecs (HTTP/1.1 200) 6 headers in 224 bytes (1 switches on core 0)
Sep 02 05:49:04.271673 np0000032634 devstack@placement-api.service[74220]: DEBUG placement.requestlog [req-3a166fdb-095d-47b4-b6a7-3df416f14875 req-ebe4120d-a108-49ef-8141-ad7b680d27d3 None None] Starting request: 192.168.1.127 "GET /placement/allocations/91322af0-3cd7-4086-90b2-29b514646d9f" {{(pid=74220) __call__ /opt/stack/placement/placement/requestlog.py:55}}
Sep 02 05:49:04.277591 np0000032634 devstack@placement-api.service[74220]: INFO placement.requestlog [req-3a166fdb-095d-47b4-b6a7-3df416f14875 req-ebe4120d-a108-49ef-8141-ad7b680d27d3 service nova] 192.168.1.127 "GET /placement/allocations/91322af0-3cd7-4086-90b2-29b514646d9f" status: 200 len: 258 microversion: 1.28
Sep 02 05:49:04.277849 np0000032634 devstack@placement-api.service[74220]: [pid: 74220|app: 0|req: 76/153] 192.168.1.127 () {68 vars in 1521 bytes} [Tue Sep  2 05:49:04 2025] GET /placement/allocations/91322af0-3cd7-4086-90b2-29b514646d9f => generated 258 bytes in 6 msecs (HTTP/1.1 200) 8 headers in 296 bytes (1 switches on core 0)
Sep 02 05:49:14.265693 np0000032634 devstack@placement-api.service[74221]: DEBUG dbcounter [-] [74221] Writing DB stats placement:SELECT=26,placement:INSERT=6,placement:DELETE=2,placement:UPDATE=2 {{(pid=74221) stat_writer /opt/stack/data/venv/lib/python3.10/site-packages/dbcounter.py:115}}
Sep 02 05:49:14.277326 np0000032634 devstack@placement-api.service[74220]: DEBUG dbcounter [-] [74220] Writing DB stats placement:SELECT=14,placement:DELETE=2 {{(pid=74220) stat_writer /opt/stack/data/venv/lib/python3.10/site-packages/dbcounter.py:115}}
Sep 02 05:49:36.188650 np0000032634 devstack@placement-api.service[74221]: DEBUG placement.requestlog [req-0d99ee0c-75c8-464f-84d9-d39704f37b31 req-3549192f-8a68-4fb7-8da7-f702b4bddda4 None None] Starting request: 192.168.1.127 "GET /placement/resource_providers/4a2dd860-8977-4e0f-9243-d110d959b6c2/allocations" {{(pid=74221) __call__ /opt/stack/placement/placement/requestlog.py:55}}
Sep 02 05:49:36.225212 np0000032634 devstack@placement-api.service[74221]: INFO placement.requestlog [req-0d99ee0c-75c8-464f-84d9-d39704f37b31 req-3549192f-8a68-4fb7-8da7-f702b4bddda4 service nova] 192.168.1.127 "GET /placement/resource_providers/4a2dd860-8977-4e0f-9243-d110d959b6c2/allocations" status: 200 len: 153 microversion: 1.0
Sep 02 05:49:36.225373 np0000032634 devstack@placement-api.service[74221]: [pid: 74221|app: 0|req: 78/154] 192.168.1.127 () {66 vars in 1534 bytes} [Tue Sep  2 05:49:36 2025] GET /placement/resource_providers/4a2dd860-8977-4e0f-9243-d110d959b6c2/allocations => generated 153 bytes in 37 msecs (HTTP/1.1 200) 6 headers in 224 bytes (1 switches on core 0)
Sep 02 05:49:36.231558 np0000032634 devstack@placement-api.service[74220]: DEBUG placement.requestlog [req-0d99ee0c-75c8-464f-84d9-d39704f37b31 req-e1f63365-825c-460a-89d5-1da512da46a3 None None] Starting request: 192.168.1.127 "GET /placement/resource_providers?in_tree=4a2dd860-8977-4e0f-9243-d110d959b6c2" {{(pid=74220) __call__ /opt/stack/placement/placement/requestlog.py:55}}
Sep 02 05:49:36.241027 np0000032634 devstack@placement-api.service[74220]: INFO placement.requestlog [req-0d99ee0c-75c8-464f-84d9-d39704f37b31 req-e1f63365-825c-460a-89d5-1da512da46a3 service nova] 192.168.1.127 "GET /placement/resource_providers?in_tree=4a2dd860-8977-4e0f-9243-d110d959b6c2" status: 200 len: 861 microversion: 1.14
Sep 02 05:49:36.241186 np0000032634 devstack@placement-api.service[74220]: [pid: 74220|app: 0|req: 77/155] 192.168.1.127 () {68 vars in 1520 bytes} [Tue Sep  2 05:49:36 2025] GET /placement/resource_providers?in_tree=4a2dd860-8977-4e0f-9243-d110d959b6c2 => generated 861 bytes in 10 msecs (HTTP/1.1 200) 6 headers in 225 bytes (1 switches on core 0)
Sep 02 05:49:36.246166 np0000032634 devstack@placement-api.service[74221]: DEBUG placement.requestlog [req-0d99ee0c-75c8-464f-84d9-d39704f37b31 req-b486388a-cfb3-4e37-8c3f-020ed3185c52 None None] Starting request: 192.168.1.127 "GET /placement/resource_providers/4a2dd860-8977-4e0f-9243-d110d959b6c2/inventories" {{(pid=74221) __call__ /opt/stack/placement/placement/requestlog.py:55}}
Sep 02 05:49:36.253474 np0000032634 devstack@placement-api.service[74221]: INFO placement.requestlog [req-0d99ee0c-75c8-464f-84d9-d39704f37b31 req-b486388a-cfb3-4e37-8c3f-020ed3185c52 service nova] 192.168.1.127 "GET /placement/resource_providers/4a2dd860-8977-4e0f-9243-d110d959b6c2/inventories" status: 200 len: 396 microversion: 1.0
Sep 02 05:49:36.253729 np0000032634 devstack@placement-api.service[74221]: [pid: 74221|app: 0|req: 79/156] 192.168.1.127 () {66 vars in 1534 bytes} [Tue Sep  2 05:49:36 2025] GET /placement/resource_providers/4a2dd860-8977-4e0f-9243-d110d959b6c2/inventories => generated 396 bytes in 7 msecs (HTTP/1.1 200) 6 headers in 224 bytes (1 switches on core 0)
Sep 02 05:49:36.258711 np0000032634 devstack@placement-api.service[74220]: DEBUG placement.requestlog [req-0d99ee0c-75c8-464f-84d9-d39704f37b31 req-3db5b962-5089-42de-8e1a-7c75f6accd20 None None] Starting request: 192.168.1.127 "GET /placement/resource_providers/4a2dd860-8977-4e0f-9243-d110d959b6c2/aggregates" {{(pid=74220) __call__ /opt/stack/placement/placement/requestlog.py:55}}
Sep 02 05:49:36.264666 np0000032634 devstack@placement-api.service[74220]: INFO placement.requestlog [req-0d99ee0c-75c8-464f-84d9-d39704f37b31 req-3db5b962-5089-42de-8e1a-7c75f6accd20 service nova] 192.168.1.127 "GET /placement/resource_providers/4a2dd860-8977-4e0f-9243-d110d959b6c2/aggregates" status: 200 len: 53 microversion: 1.19
Sep 02 05:49:36.264816 np0000032634 devstack@placement-api.service[74220]: [pid: 74220|app: 0|req: 78/157] 192.168.1.127 () {68 vars in 1575 bytes} [Tue Sep  2 05:49:36 2025] GET /placement/resource_providers/4a2dd860-8977-4e0f-9243-d110d959b6c2/aggregates => generated 53 bytes in 6 msecs (HTTP/1.1 200) 8 headers in 295 bytes (2 switches on core 0)
Sep 02 05:49:36.269622 np0000032634 devstack@placement-api.service[74221]: DEBUG placement.requestlog [req-0d99ee0c-75c8-464f-84d9-d39704f37b31 req-6cd94f45-8512-4bc9-9b0d-34b1a3271b6a None None] Starting request: 192.168.1.127 "GET /placement/resource_providers/4a2dd860-8977-4e0f-9243-d110d959b6c2/traits" {{(pid=74221) __call__ /opt/stack/placement/placement/requestlog.py:55}}
Sep 02 05:49:36.279637 np0000032634 devstack@placement-api.service[74221]: INFO placement.requestlog [req-0d99ee0c-75c8-464f-84d9-d39704f37b31 req-6cd94f45-8512-4bc9-9b0d-34b1a3271b6a service nova] 192.168.1.127 "GET /placement/resource_providers/4a2dd860-8977-4e0f-9243-d110d959b6c2/traits" status: 200 len: 1592 microversion: 1.6
Sep 02 05:49:36.279782 np0000032634 devstack@placement-api.service[74221]: [pid: 74221|app: 0|req: 80/158] 192.168.1.127 () {68 vars in 1562 bytes} [Tue Sep  2 05:49:36 2025] GET /placement/resource_providers/4a2dd860-8977-4e0f-9243-d110d959b6c2/traits => generated 1592 bytes in 10 msecs (HTTP/1.1 200) 6 headers in 225 bytes (1 switches on core 0)
Sep 02 05:49:36.284496 np0000032634 devstack@placement-api.service[74220]: DEBUG placement.requestlog [req-0d99ee0c-75c8-464f-84d9-d39704f37b31 req-baed8d2d-2fb4-48c0-ba7e-608faf35808b None None] Starting request: 192.168.1.127 "GET /placement/resource_providers/4a2dd860-8977-4e0f-9243-d110d959b6c2/allocations" {{(pid=74220) __call__ /opt/stack/placement/placement/requestlog.py:55}}
Sep 02 05:49:36.292614 np0000032634 devstack@placement-api.service[74220]: INFO placement.requestlog [req-0d99ee0c-75c8-464f-84d9-d39704f37b31 req-baed8d2d-2fb4-48c0-ba7e-608faf35808b service nova] 192.168.1.127 "GET /placement/resource_providers/4a2dd860-8977-4e0f-9243-d110d959b6c2/allocations" status: 200 len: 153 microversion: 1.0
Sep 02 05:49:36.292963 np0000032634 devstack@placement-api.service[74220]: [pid: 74220|app: 0|req: 79/159] 192.168.1.127 () {66 vars in 1534 bytes} [Tue Sep  2 05:49:36 2025] GET /placement/resource_providers/4a2dd860-8977-4e0f-9243-d110d959b6c2/allocations => generated 153 bytes in 8 msecs (HTTP/1.1 200) 6 headers in 224 bytes (1 switches on core 0)
Sep 02 05:49:36.297525 np0000032634 devstack@placement-api.service[74221]: DEBUG placement.requestlog [req-0d99ee0c-75c8-464f-84d9-d39704f37b31 req-a23c1c5f-4d92-49f8-b60e-6686c4a0891a None None] Starting request: 192.168.1.127 "GET /placement/allocations/91322af0-3cd7-4086-90b2-29b514646d9f" {{(pid=74221) __call__ /opt/stack/placement/placement/requestlog.py:55}}
Sep 02 05:49:36.303132 np0000032634 devstack@placement-api.service[74221]: INFO placement.requestlog [req-0d99ee0c-75c8-464f-84d9-d39704f37b31 req-a23c1c5f-4d92-49f8-b60e-6686c4a0891a service nova] 192.168.1.127 "GET /placement/allocations/91322af0-3cd7-4086-90b2-29b514646d9f" status: 200 len: 258 microversion: 1.28
Sep 02 05:49:36.303284 np0000032634 devstack@placement-api.service[74221]: [pid: 74221|app: 0|req: 81/160] 192.168.1.127 () {68 vars in 1521 bytes} [Tue Sep  2 05:49:36 2025] GET /placement/allocations/91322af0-3cd7-4086-90b2-29b514646d9f => generated 258 bytes in 6 msecs (HTTP/1.1 200) 8 headers in 296 bytes (1 switches on core 0)
Sep 02 05:49:46.292321 np0000032634 devstack@placement-api.service[74220]: DEBUG dbcounter [-] [74220] Writing DB stats placement:SELECT=7 {{(pid=74220) stat_writer /opt/stack/data/venv/lib/python3.10/site-packages/dbcounter.py:115}}
Sep 02 05:49:46.302656 np0000032634 devstack@placement-api.service[74221]: DEBUG dbcounter [-] [74221] Writing DB stats placement:SELECT=11 {{(pid=74221) stat_writer /opt/stack/data/venv/lib/python3.10/site-packages/dbcounter.py:115}}
Sep 02 05:50:37.901461 np0000032634 devstack@placement-api.service[74220]: DEBUG placement.requestlog [req-b235fecd-5e93-42f7-b052-85fd35c27582 req-dd1e7983-8c28-4d58-9fb0-0fccf9902b15 None None] Starting request: 192.168.1.127 "GET /placement/resource_providers/4a2dd860-8977-4e0f-9243-d110d959b6c2/allocations" {{(pid=74220) __call__ /opt/stack/placement/placement/requestlog.py:55}}
Sep 02 05:50:37.909754 np0000032634 devstack@placement-api.service[74220]: INFO placement.requestlog [req-b235fecd-5e93-42f7-b052-85fd35c27582 req-dd1e7983-8c28-4d58-9fb0-0fccf9902b15 service nova] 192.168.1.127 "GET /placement/resource_providers/4a2dd860-8977-4e0f-9243-d110d959b6c2/allocations" status: 200 len: 153 microversion: 1.0
Sep 02 05:50:37.910033 np0000032634 devstack@placement-api.service[74220]: [pid: 74220|app: 0|req: 80/161] 192.168.1.127 () {66 vars in 1534 bytes} [Tue Sep  2 05:50:37 2025] GET /placement/resource_providers/4a2dd860-8977-4e0f-9243-d110d959b6c2/allocations => generated 153 bytes in 9 msecs (HTTP/1.1 200) 6 headers in 224 bytes (1 switches on core 0)
Sep 02 05:50:37.917202 np0000032634 devstack@placement-api.service[74221]: DEBUG placement.requestlog [req-b235fecd-5e93-42f7-b052-85fd35c27582 req-eecd1150-d0e5-4ce5-8753-8c505e6e01ab None None] Starting request: 192.168.1.127 "GET /placement/resource_providers/4a2dd860-8977-4e0f-9243-d110d959b6c2/allocations" {{(pid=74221) __call__ /opt/stack/placement/placement/requestlog.py:55}}
Sep 02 05:50:37.924980 np0000032634 devstack@placement-api.service[74221]: INFO placement.requestlog [req-b235fecd-5e93-42f7-b052-85fd35c27582 req-eecd1150-d0e5-4ce5-8753-8c505e6e01ab service nova] 192.168.1.127 "GET /placement/resource_providers/4a2dd860-8977-4e0f-9243-d110d959b6c2/allocations" status: 200 len: 153 microversion: 1.0
Sep 02 05:50:37.925224 np0000032634 devstack@placement-api.service[74221]: [pid: 74221|app: 0|req: 82/162] 192.168.1.127 () {66 vars in 1534 bytes} [Tue Sep  2 05:50:37 2025] GET /placement/resource_providers/4a2dd860-8977-4e0f-9243-d110d959b6c2/allocations => generated 153 bytes in 8 msecs (HTTP/1.1 200) 6 headers in 224 bytes (1 switches on core 0)
Sep 02 05:50:37.929936 np0000032634 devstack@placement-api.service[74220]: DEBUG placement.requestlog [req-b235fecd-5e93-42f7-b052-85fd35c27582 req-c4ffd4bf-539c-4b50-8df6-a09ef8711b46 None None] Starting request: 192.168.1.127 "GET /placement/allocations/91322af0-3cd7-4086-90b2-29b514646d9f" {{(pid=74220) __call__ /opt/stack/placement/placement/requestlog.py:55}}
Sep 02 05:50:37.935150 np0000032634 devstack@placement-api.service[74220]: INFO placement.requestlog [req-b235fecd-5e93-42f7-b052-85fd35c27582 req-c4ffd4bf-539c-4b50-8df6-a09ef8711b46 service nova] 192.168.1.127 "GET /placement/allocations/91322af0-3cd7-4086-90b2-29b514646d9f" status: 200 len: 258 microversion: 1.28
Sep 02 05:50:37.935387 np0000032634 devstack@placement-api.service[74220]: [pid: 74220|app: 0|req: 81/163] 192.168.1.127 () {68 vars in 1521 bytes} [Tue Sep  2 05:50:37 2025] GET /placement/allocations/91322af0-3cd7-4086-90b2-29b514646d9f => generated 258 bytes in 5 msecs (HTTP/1.1 200) 8 headers in 296 bytes (1 switches on core 0)
Sep 02 05:50:47.924686 np0000032634 devstack@placement-api.service[74221]: DEBUG dbcounter [-] [74221] Writing DB stats placement:SELECT=3 {{(pid=74221) stat_writer /opt/stack/data/venv/lib/python3.10/site-packages/dbcounter.py:115}}
Sep 02 05:50:47.934807 np0000032634 devstack@placement-api.service[74220]: DEBUG dbcounter [-] [74220] Writing DB stats placement:SELECT=5 {{(pid=74220) stat_writer /opt/stack/data/venv/lib/python3.10/site-packages/dbcounter.py:115}}
Sep 02 05:51:39.941109 np0000032634 devstack@placement-api.service[74221]: DEBUG placement.requestlog [req-e6c93234-e724-43e2-8b19-4feb3d42b54a req-50070bd4-8b92-42c4-9cc5-a1a814b69516 None None] Starting request: 192.168.1.127 "GET /placement/resource_providers/4a2dd860-8977-4e0f-9243-d110d959b6c2/allocations" {{(pid=74221) __call__ /opt/stack/placement/placement/requestlog.py:55}}
Sep 02 05:51:39.950267 np0000032634 devstack@placement-api.service[74221]: INFO placement.requestlog [req-e6c93234-e724-43e2-8b19-4feb3d42b54a req-50070bd4-8b92-42c4-9cc5-a1a814b69516 service nova] 192.168.1.127 "GET /placement/resource_providers/4a2dd860-8977-4e0f-9243-d110d959b6c2/allocations" status: 200 len: 153 microversion: 1.0
Sep 02 05:51:39.950541 np0000032634 devstack@placement-api.service[74221]: [pid: 74221|app: 0|req: 83/164] 192.168.1.127 () {66 vars in 1534 bytes} [Tue Sep  2 05:51:39 2025] GET /placement/resource_providers/4a2dd860-8977-4e0f-9243-d110d959b6c2/allocations => generated 153 bytes in 10 msecs (HTTP/1.1 200) 6 headers in 224 bytes (1 switches on core 0)
Sep 02 05:51:39.958087 np0000032634 devstack@placement-api.service[74220]: DEBUG placement.requestlog [req-e6c93234-e724-43e2-8b19-4feb3d42b54a req-34e0a8b4-5c99-40be-baad-16f02055af1c None None] Starting request: 192.168.1.127 "GET /placement/resource_providers/4a2dd860-8977-4e0f-9243-d110d959b6c2/allocations" {{(pid=74220) __call__ /opt/stack/placement/placement/requestlog.py:55}}
Sep 02 05:51:39.966249 np0000032634 devstack@placement-api.service[74220]: INFO placement.requestlog [req-e6c93234-e724-43e2-8b19-4feb3d42b54a req-34e0a8b4-5c99-40be-baad-16f02055af1c service nova] 192.168.1.127 "GET /placement/resource_providers/4a2dd860-8977-4e0f-9243-d110d959b6c2/allocations" status: 200 len: 153 microversion: 1.0
Sep 02 05:51:39.966538 np0000032634 devstack@placement-api.service[74220]: [pid: 74220|app: 0|req: 82/165] 192.168.1.127 () {66 vars in 1534 bytes} [Tue Sep  2 05:51:39 2025] GET /placement/resource_providers/4a2dd860-8977-4e0f-9243-d110d959b6c2/allocations => generated 153 bytes in 8 msecs (HTTP/1.1 200) 6 headers in 224 bytes (1 switches on core 0)
Sep 02 05:51:39.971365 np0000032634 devstack@placement-api.service[74221]: DEBUG placement.requestlog [req-e6c93234-e724-43e2-8b19-4feb3d42b54a req-79dd1082-ff27-4836-aa3b-acbc9027a81e None None] Starting request: 192.168.1.127 "GET /placement/allocations/91322af0-3cd7-4086-90b2-29b514646d9f" {{(pid=74221) __call__ /opt/stack/placement/placement/requestlog.py:55}}
Sep 02 05:51:39.976854 np0000032634 devstack@placement-api.service[74221]: INFO placement.requestlog [req-e6c93234-e724-43e2-8b19-4feb3d42b54a req-79dd1082-ff27-4836-aa3b-acbc9027a81e service nova] 192.168.1.127 "GET /placement/allocations/91322af0-3cd7-4086-90b2-29b514646d9f" status: 200 len: 258 microversion: 1.28
Sep 02 05:51:39.977006 np0000032634 devstack@placement-api.service[74221]: [pid: 74221|app: 0|req: 84/166] 192.168.1.127 () {68 vars in 1521 bytes} [Tue Sep  2 05:51:39 2025] GET /placement/allocations/91322af0-3cd7-4086-90b2-29b514646d9f => generated 258 bytes in 5 msecs (HTTP/1.1 200) 8 headers in 296 bytes (2 switches on core 0)
Sep 02 05:51:49.965518 np0000032634 devstack@placement-api.service[74220]: DEBUG dbcounter [-] [74220] Writing DB stats placement:SELECT=3 {{(pid=74220) stat_writer /opt/stack/data/venv/lib/python3.10/site-packages/dbcounter.py:115}}
Sep 02 05:51:49.976121 np0000032634 devstack@placement-api.service[74221]: DEBUG dbcounter [-] [74221] Writing DB stats placement:SELECT=5 {{(pid=74221) stat_writer /opt/stack/data/venv/lib/python3.10/site-packages/dbcounter.py:115}}
Sep 02 05:51:51.641919 np0000032634 devstack@placement-api.service[74220]: DEBUG placement.requestlog [req-554bf667-c777-4732-a9f5-174cbde8c6ee req-94b4dcfc-f253-4917-81e2-b6ad2a9c0e0a None None] Starting request: 192.168.1.127 "GET /placement/resource_providers/4a2dd860-8977-4e0f-9243-d110d959b6c2/allocations" {{(pid=74220) __call__ /opt/stack/placement/placement/requestlog.py:55}}
Sep 02 05:51:51.649883 np0000032634 devstack@placement-api.service[74220]: INFO placement.requestlog [req-554bf667-c777-4732-a9f5-174cbde8c6ee req-94b4dcfc-f253-4917-81e2-b6ad2a9c0e0a service nova] 192.168.1.127 "GET /placement/resource_providers/4a2dd860-8977-4e0f-9243-d110d959b6c2/allocations" status: 200 len: 153 microversion: 1.0
Sep 02 05:51:51.650132 np0000032634 devstack@placement-api.service[74220]: [pid: 74220|app: 0|req: 83/167] 192.168.1.127 () {66 vars in 1534 bytes} [Tue Sep  2 05:51:51 2025] GET /placement/resource_providers/4a2dd860-8977-4e0f-9243-d110d959b6c2/allocations => generated 153 bytes in 8 msecs (HTTP/1.1 200) 6 headers in 224 bytes (1 switches on core 0)
Sep 02 05:51:51.655360 np0000032634 devstack@placement-api.service[74221]: DEBUG placement.requestlog [req-554bf667-c777-4732-a9f5-174cbde8c6ee req-a98d0406-ca2f-4160-ab18-f51871d14741 None None] Starting request: 192.168.1.127 "GET /placement/allocations/91322af0-3cd7-4086-90b2-29b514646d9f" {{(pid=74221) __call__ /opt/stack/placement/placement/requestlog.py:55}}
Sep 02 05:51:51.661526 np0000032634 devstack@placement-api.service[74221]: INFO placement.requestlog [req-554bf667-c777-4732-a9f5-174cbde8c6ee req-a98d0406-ca2f-4160-ab18-f51871d14741 service nova] 192.168.1.127 "GET /placement/allocations/91322af0-3cd7-4086-90b2-29b514646d9f" status: 200 len: 258 microversion: 1.28
Sep 02 05:51:51.661770 np0000032634 devstack@placement-api.service[74221]: [pid: 74221|app: 0|req: 85/168] 192.168.1.127 () {68 vars in 1521 bytes} [Tue Sep  2 05:51:51 2025] GET /placement/allocations/91322af0-3cd7-4086-90b2-29b514646d9f => generated 258 bytes in 7 msecs (HTTP/1.1 200) 8 headers in 296 bytes (1 switches on core 0)
Sep 02 05:51:52.678227 np0000032634 devstack@placement-api.service[74220]: DEBUG placement.requestlog [req-554bf667-c777-4732-a9f5-174cbde8c6ee req-36c52c18-8c9f-4e65-9d85-f9a39a087f2e None None] Starting request: 192.168.1.127 "DELETE /placement/allocations/91322af0-3cd7-4086-90b2-29b514646d9f" {{(pid=74220) __call__ /opt/stack/placement/placement/requestlog.py:55}}
Sep 02 05:51:52.693089 np0000032634 devstack@placement-api.service[74220]: DEBUG placement.handlers.allocation [req-554bf667-c777-4732-a9f5-174cbde8c6ee req-36c52c18-8c9f-4e65-9d85-f9a39a087f2e service nova] Successfully deleted allocations [<placement.objects.allocation.Allocation object at 0x7fdeb2085c00>, <placement.objects.allocation.Allocation object at 0x7fdeb20845b0>, <placement.objects.allocation.Allocation object at 0x7fdeb2086e60>] {{(pid=74220) delete_allocations /opt/stack/placement/placement/handlers/allocation.py:627}}
Sep 02 05:51:52.693289 np0000032634 devstack@placement-api.service[74220]: INFO placement.requestlog [req-554bf667-c777-4732-a9f5-174cbde8c6ee req-36c52c18-8c9f-4e65-9d85-f9a39a087f2e service nova] 192.168.1.127 "DELETE /placement/allocations/91322af0-3cd7-4086-90b2-29b514646d9f" status: 204 len: 0 microversion: 1.0
Sep 02 05:51:52.693754 np0000032634 devstack@placement-api.service[74220]: [pid: 74220|app: 0|req: 84/169] 192.168.1.127 () {68 vars in 1499 bytes} [Tue Sep  2 05:51:52 2025] DELETE /placement/allocations/91322af0-3cd7-4086-90b2-29b514646d9f => generated 0 bytes in 15 msecs (HTTP/1.1 204) 5 headers in 198 bytes (1 switches on core 0)
