Jul 31 15:24:33.208594 np0000032054 devstack@n-api.service[68956]: DEBUG oslo_concurrency.lockutils [None req-6210fce4-0c43-485a-8027-0baf3f5720de None None] Lock "00000000-0000-0000-0000-000000000000" "released" by "nova.context.set_target_cell.<locals>.get_or_set_cached_cell_and_set_connections" :: held 0.000s {{(pid=68956) inner /opt/stack/data/venv/lib/python3.12/site-packages/oslo_concurrency/lockutils.py:424}}
Jul 31 15:24:33.208931 np0000032054 devstack@n-api.service[68956]: DEBUG oslo_concurrency.lockutils [None req-6210fce4-0c43-485a-8027-0baf3f5720de None None] Acquiring lock "bab91b07-bc6e-4fce-b330-f9fbc5a24518" by "nova.context.set_target_cell.<locals>.get_or_set_cached_cell_and_set_connections" {{(pid=68956) inner /opt/stack/data/venv/lib/python3.12/site-packages/oslo_concurrency/lockutils.py:405}}
Jul 31 15:24:33.209061 np0000032054 devstack@n-api.service[68956]: DEBUG oslo_concurrency.lockutils [None req-6210fce4-0c43-485a-8027-0baf3f5720de None None] Lock "bab91b07-bc6e-4fce-b330-f9fbc5a24518" acquired by "nova.context.set_target_cell.<locals>.get_or_set_cached_cell_and_set_connections" :: waited 0.000s {{(pid=68956) inner /opt/stack/data/venv/lib/python3.12/site-packages/oslo_concurrency/lockutils.py:410}}
Jul 31 15:24:33.209730 np0000032054 devstack@n-api.service[68956]: DEBUG oslo_concurrency.lockutils [None req-6210fce4-0c43-485a-8027-0baf3f5720de None None] Lock "bab91b07-bc6e-4fce-b330-f9fbc5a24518" "released" by "nova.context.set_target_cell.<locals>.get_or_set_cached_cell_and_set_connections" :: held 0.001s {{(pid=68956) inner /opt/stack/data/venv/lib/python3.12/site-packages/oslo_concurrency/lockutils.py:424}}
Jul 31 15:24:33.210827 np0000032054 devstack@n-api.service[68956]: INFO dbcounter [None req-6210fce4-0c43-485a-8027-0baf3f5720de None None] Registered counter for database nova_cell0
Jul 31 15:24:33.212642 np0000032054 devstack@n-api.service[68956]: INFO dbcounter [None req-6210fce4-0c43-485a-8027-0baf3f5720de None None] Registered counter for database nova_cell1
Jul 31 15:24:33.213951 np0000032054 devstack@n-api.service[68955]: DEBUG dbcounter [-] [68955] Writer thread running {{(pid=68955) stat_writer /opt/stack/data/venv/lib/python3.12/site-packages/dbcounter.py:102}}
Jul 31 15:24:33.215337 np0000032054 devstack@n-api.service[68956]: DEBUG oslo_db.sqlalchemy.engines [None req-6210fce4-0c43-485a-8027-0baf3f5720de None None] MySQL server mode set to STRICT_TRANS_TABLES,STRICT_ALL_TABLES,NO_ZERO_IN_DATE,NO_ZERO_DATE,ERROR_FOR_DIVISION_BY_ZERO,TRADITIONAL,NO_ENGINE_SUBSTITUTION {{(pid=68956) _check_effective_sql_mode /opt/stack/data/venv/lib/python3.12/site-packages/oslo_db/sqlalchemy/engines.py:397}}
Jul 31 15:24:33.217636 np0000032054 devstack@n-api.service[68955]: DEBUG nova.context [None req-9c1c0f91-80ce-480c-b544-1135f3bb188e None None] Found 2 cells: 00000000-0000-0000-0000-000000000000(cell0),bab91b07-bc6e-4fce-b330-f9fbc5a24518(cell1) {{(pid=68955) load_cells /opt/stack/nova/nova/context.py:472}}
Jul 31 15:24:33.217742 np0000032054 devstack@n-api.service[68956]: DEBUG oslo_db.sqlalchemy.engines [None req-6210fce4-0c43-485a-8027-0baf3f5720de None None] MySQL server mode set to STRICT_TRANS_TABLES,STRICT_ALL_TABLES,NO_ZERO_IN_DATE,NO_ZERO_DATE,ERROR_FOR_DIVISION_BY_ZERO,TRADITIONAL,NO_ENGINE_SUBSTITUTION {{(pid=68956) _check_effective_sql_mode /opt/stack/data/venv/lib/python3.12/site-packages/oslo_db/sqlalchemy/engines.py:397}}
Jul 31 15:24:33.217831 np0000032054 devstack@n-api.service[68955]: INFO nova.utils [None req-9c1c0f91-80ce-480c-b544-1135f3bb188e None None] The cell worker thread pool MainProcess.cell_worker is initialized
Jul 31 15:24:33.219219 np0000032054 devstack@n-api.service[68955]: DEBUG oslo_concurrency.lockutils [None req-9c1c0f91-80ce-480c-b544-1135f3bb188e None None] Acquiring lock "00000000-0000-0000-0000-000000000000" by "nova.context.set_target_cell.<locals>.get_or_set_cached_cell_and_set_connections" {{(pid=68955) inner /opt/stack/data/venv/lib/python3.12/site-packages/oslo_concurrency/lockutils.py:405}}
Jul 31 15:24:33.219389 np0000032054 devstack@n-api.service[68955]: DEBUG oslo_concurrency.lockutils [None req-9c1c0f91-80ce-480c-b544-1135f3bb188e None None] Lock "00000000-0000-0000-0000-000000000000" acquired by "nova.context.set_target_cell.<locals>.get_or_set_cached_cell_and_set_connections" :: waited 0.000s {{(pid=68955) inner /opt/stack/data/venv/lib/python3.12/site-packages/oslo_concurrency/lockutils.py:410}}
Jul 31 15:24:33.219721 np0000032054 devstack@n-api.service[68955]: DEBUG oslo_concurrency.lockutils [None req-9c1c0f91-80ce-480c-b544-1135f3bb188e None None] Lock "00000000-0000-0000-0000-000000000000" "released" by "nova.context.set_target_cell.<locals>.get_or_set_cached_cell_and_set_connections" :: held 0.000s {{(pid=68955) inner /opt/stack/data/venv/lib/python3.12/site-packages/oslo_concurrency/lockutils.py:424}}
Jul 31 15:24:33.220040 np0000032054 devstack@n-api.service[68955]: DEBUG oslo_concurrency.lockutils [None req-9c1c0f91-80ce-480c-b544-1135f3bb188e None None] Acquiring lock "bab91b07-bc6e-4fce-b330-f9fbc5a24518" by "nova.context.set_target_cell.<locals>.get_or_set_cached_cell_and_set_connections" {{(pid=68955) inner /opt/stack/data/venv/lib/python3.12/site-packages/oslo_concurrency/lockutils.py:405}}
Jul 31 15:24:33.220165 np0000032054 devstack@n-api.service[68955]: DEBUG oslo_concurrency.lockutils [None req-9c1c0f91-80ce-480c-b544-1135f3bb188e None None] Lock "bab91b07-bc6e-4fce-b330-f9fbc5a24518" acquired by "nova.context.set_target_cell.<locals>.get_or_set_cached_cell_and_set_connections" :: waited 0.000s {{(pid=68955) inner /opt/stack/data/venv/lib/python3.12/site-packages/oslo_concurrency/lockutils.py:410}}
Jul 31 15:24:33.220852 np0000032054 devstack@n-api.service[68955]: DEBUG oslo_concurrency.lockutils [None req-9c1c0f91-80ce-480c-b544-1135f3bb188e None None] Lock "bab91b07-bc6e-4fce-b330-f9fbc5a24518" "released" by "nova.context.set_target_cell.<locals>.get_or_set_cached_cell_and_set_connections" :: held 0.001s {{(pid=68955) inner /opt/stack/data/venv/lib/python3.12/site-packages/oslo_concurrency/lockutils.py:424}}
Jul 31 15:24:33.221964 np0000032054 devstack@n-api.service[68955]: INFO dbcounter [None req-9c1c0f91-80ce-480c-b544-1135f3bb188e None None] Registered counter for database nova_cell0
Jul 31 15:24:33.223783 np0000032054 devstack@n-api.service[68955]: INFO dbcounter [None req-9c1c0f91-80ce-480c-b544-1135f3bb188e None None] Registered counter for database nova_cell1
Jul 31 15:24:33.227603 np0000032054 devstack@n-api.service[68955]: DEBUG oslo_db.sqlalchemy.engines [None req-9c1c0f91-80ce-480c-b544-1135f3bb188e None None] MySQL server mode set to STRICT_TRANS_TABLES,STRICT_ALL_TABLES,NO_ZERO_IN_DATE,NO_ZERO_DATE,ERROR_FOR_DIVISION_BY_ZERO,TRADITIONAL,NO_ENGINE_SUBSTITUTION {{(pid=68955) _check_effective_sql_mode /opt/stack/data/venv/lib/python3.12/site-packages/oslo_db/sqlalchemy/engines.py:397}}
Jul 31 15:24:33.229976 np0000032054 devstack@n-api.service[68955]: DEBUG oslo_db.sqlalchemy.engines [None req-9c1c0f91-80ce-480c-b544-1135f3bb188e None None] MySQL server mode set to STRICT_TRANS_TABLES,STRICT_ALL_TABLES,NO_ZERO_IN_DATE,NO_ZERO_DATE,ERROR_FOR_DIVISION_BY_ZERO,TRADITIONAL,NO_ENGINE_SUBSTITUTION {{(pid=68955) _check_effective_sql_mode /opt/stack/data/venv/lib/python3.12/site-packages/oslo_db/sqlalchemy/engines.py:397}}
Jul 31 15:24:33.275684 np0000032054 devstack@n-api.service[68956]: DEBUG dbcounter [-] [68956] Writer thread running {{(pid=68956) stat_writer /opt/stack/data/venv/lib/python3.12/site-packages/dbcounter.py:102}}
Jul 31 15:24:33.279759 np0000032054 devstack@n-api.service[68956]: DEBUG dbcounter [-] [68956] Writer thread running {{(pid=68956) stat_writer /opt/stack/data/venv/lib/python3.12/site-packages/dbcounter.py:102}}
Jul 31 15:24:33.281695 np0000032054 devstack@n-api.service[68956]: INFO dbcounter [None req-6210fce4-0c43-485a-8027-0baf3f5720de None None] Registered counter for database nova_cell0
Jul 31 15:24:33.286533 np0000032054 devstack@n-api.service[68956]: DEBUG oslo_db.sqlalchemy.engines [None req-6210fce4-0c43-485a-8027-0baf3f5720de None None] MySQL server mode set to STRICT_TRANS_TABLES,STRICT_ALL_TABLES,NO_ZERO_IN_DATE,NO_ZERO_DATE,ERROR_FOR_DIVISION_BY_ZERO,TRADITIONAL,NO_ENGINE_SUBSTITUTION {{(pid=68956) _check_effective_sql_mode /opt/stack/data/venv/lib/python3.12/site-packages/oslo_db/sqlalchemy/engines.py:397}}
Jul 31 15:24:33.287568 np0000032054 devstack@n-api.service[68955]: DEBUG dbcounter [-] [68955] Writer thread running {{(pid=68955) stat_writer /opt/stack/data/venv/lib/python3.12/site-packages/dbcounter.py:102}}
Jul 31 15:24:33.290054 np0000032054 devstack@n-api.service[68956]: DEBUG dbcounter [-] [68956] Writer thread running {{(pid=68956) stat_writer /opt/stack/data/venv/lib/python3.12/site-packages/dbcounter.py:102}}
Jul 31 15:24:33.291128 np0000032054 devstack@n-api.service[68955]: DEBUG dbcounter [-] [68955] Writer thread running {{(pid=68955) stat_writer /opt/stack/data/venv/lib/python3.12/site-packages/dbcounter.py:102}}
Jul 31 15:24:33.292970 np0000032054 devstack@n-api.service[68955]: INFO dbcounter [None req-9c1c0f91-80ce-480c-b544-1135f3bb188e None None] Registered counter for database nova_cell0
Jul 31 15:24:33.297814 np0000032054 devstack@n-api.service[68955]: DEBUG oslo_db.sqlalchemy.engines [None req-9c1c0f91-80ce-480c-b544-1135f3bb188e None None] MySQL server mode set to STRICT_TRANS_TABLES,STRICT_ALL_TABLES,NO_ZERO_IN_DATE,NO_ZERO_DATE,ERROR_FOR_DIVISION_BY_ZERO,TRADITIONAL,NO_ENGINE_SUBSTITUTION {{(pid=68955) _check_effective_sql_mode /opt/stack/data/venv/lib/python3.12/site-packages/oslo_db/sqlalchemy/engines.py:397}}
Jul 31 15:24:33.301268 np0000032054 devstack@n-api.service[68955]: DEBUG dbcounter [-] [68955] Writer thread running {{(pid=68955) stat_writer /opt/stack/data/venv/lib/python3.12/site-packages/dbcounter.py:102}}
Jul 31 15:24:33.614070 np0000032054 devstack@n-api.service[68956]: DEBUG oslo_concurrency.processutils [None req-6210fce4-0c43-485a-8027-0baf3f5720de None None] Running cmd (subprocess): grep -F node.session.scan /sbin/iscsiadm {{(pid=68956) execute /opt/stack/data/venv/lib/python3.12/site-packages/oslo_concurrency/processutils.py:349}}
Jul 31 15:24:33.615055 np0000032054 devstack@n-api.service[68955]: DEBUG oslo_concurrency.processutils [None req-9c1c0f91-80ce-480c-b544-1135f3bb188e None None] Running cmd (subprocess): grep -F node.session.scan /sbin/iscsiadm {{(pid=68955) execute /opt/stack/data/venv/lib/python3.12/site-packages/oslo_concurrency/processutils.py:349}}
Jul 31 15:24:33.620963 np0000032054 devstack@n-api.service[68956]: DEBUG oslo_concurrency.processutils [None req-6210fce4-0c43-485a-8027-0baf3f5720de None None] CMD "grep -F node.session.scan /sbin/iscsiadm" returned: 0 in 0.007s {{(pid=68956) execute /opt/stack/data/venv/lib/python3.12/site-packages/oslo_concurrency/processutils.py:372}}
Jul 31 15:24:33.621917 np0000032054 devstack@n-api.service[68955]: DEBUG oslo_concurrency.processutils [None req-9c1c0f91-80ce-480c-b544-1135f3bb188e None None] CMD "grep -F node.session.scan /sbin/iscsiadm" returned: 0 in 0.007s {{(pid=68955) execute /opt/stack/data/venv/lib/python3.12/site-packages/oslo_concurrency/processutils.py:372}}
Jul 31 15:24:33.909215 np0000032054 devstack@n-api.service[68956]: WARNING keystonemiddleware.auth_token [None req-6210fce4-0c43-485a-8027-0baf3f5720de None None] AuthToken middleware is set with keystone_authtoken.service_token_roles_required set to False. This is backwards compatible but deprecated behaviour. Please set this to True.
Jul 31 15:24:33.911816 np0000032054 devstack@n-api.service[68955]: WARNING keystonemiddleware.auth_token [None req-9c1c0f91-80ce-480c-b544-1135f3bb188e None None] AuthToken middleware is set with keystone_authtoken.service_token_roles_required set to False. This is backwards compatible but deprecated behaviour. Please set this to True.
Jul 31 15:24:33.912480 np0000032054 devstack@n-api.service[68956]: WARNING keystonemiddleware.auth_token [None req-6210fce4-0c43-485a-8027-0baf3f5720de None None] Configuring www_authenticate_uri to point to the public identity endpoint is required; clients may not be able to authenticate against an admin endpoint
Jul 31 15:24:33.915096 np0000032054 devstack@n-api.service[68955]: WARNING keystonemiddleware.auth_token [None req-9c1c0f91-80ce-480c-b544-1135f3bb188e None None] Configuring www_authenticate_uri to point to the public identity endpoint is required; clients may not be able to authenticate against an admin endpoint
Jul 31 15:24:34.066354 np0000032054 devstack@n-api.service[68956]: WARNING keystonemiddleware.auth_token [None req-6210fce4-0c43-485a-8027-0baf3f5720de None None] AuthToken middleware is set with keystone_authtoken.service_token_roles_required set to False. This is backwards compatible but deprecated behaviour. Please set this to True.
Jul 31 15:24:34.067755 np0000032054 devstack@n-api.service[68955]: WARNING keystonemiddleware.auth_token [None req-9c1c0f91-80ce-480c-b544-1135f3bb188e None None] AuthToken middleware is set with keystone_authtoken.service_token_roles_required set to False. This is backwards compatible but deprecated behaviour. Please set this to True.
Jul 31 15:24:34.068855 np0000032054 devstack@n-api.service[68956]: WARNING keystonemiddleware.auth_token [None req-6210fce4-0c43-485a-8027-0baf3f5720de None None] Configuring www_authenticate_uri to point to the public identity endpoint is required; clients may not be able to authenticate against an admin endpoint
Jul 31 15:24:34.070189 np0000032054 devstack@n-api.service[68955]: WARNING keystonemiddleware.auth_token [None req-9c1c0f91-80ce-480c-b544-1135f3bb188e None None] Configuring www_authenticate_uri to point to the public identity endpoint is required; clients may not be able to authenticate against an admin endpoint
Jul 31 15:24:34.070757 np0000032054 devstack@n-api.service[68956]: WSGI app 0 (mountpoint='') ready in 3 seconds on interpreter 0x72c2d36a39e8 pid: 68956 (default app)
Jul 31 15:24:34.071661 np0000032054 devstack@n-api.service[68956]: DEBUG nova.api.openstack.wsgi [None req-6210fce4-0c43-485a-8027-0baf3f5720de None None] Calling method '<bound method VersionsV2.index of <nova.api.openstack.compute.versions.VersionsV2 object at 0x72c2ccf6f530>>' {{(pid=68956) _process_stack /opt/stack/nova/nova/api/openstack/wsgi.py:552}}
Jul 31 15:24:34.072353 np0000032054 devstack@n-api.service[68955]: WSGI app 0 (mountpoint='') ready in 3 seconds on interpreter 0x72c2d36a39e8 pid: 68955 (default app)
Jul 31 15:24:34.074203 np0000032054 devstack@n-api.service[68956]: INFO nova.api.openstack.requestlog [None req-6210fce4-0c43-485a-8027-0baf3f5720de None None] 192.168.1.128 "GET /compute/v2.1/" status: 200 len: 391 microversion: 2.1 time: 0.002768
Jul 31 15:24:34.074381 np0000032054 devstack@n-api.service[68956]: [pid: 68956|app: 0|req: 1/1] 192.168.1.128 () {50 vars in 771 bytes} [Thu Jul 31 15:24:34 2025] GET /compute/v2.1/ => generated 391 bytes in 3 msecs (HTTP/1.1 200) 9 headers in 357 bytes (1 switches on core 0)
Jul 31 15:25:08.473003 np0000032054 devstack@n-api.service[68955]: DEBUG nova.api.openstack.wsgi [None req-9c1c0f91-80ce-480c-b544-1135f3bb188e None None] Calling method '<bound method VersionsV2.index of <nova.api.openstack.compute.versions.VersionsV2 object at 0x72c2ccd02540>>' {{(pid=68955) _process_stack /opt/stack/nova/nova/api/openstack/wsgi.py:552}}
Jul 31 15:25:08.476144 np0000032054 devstack@n-api.service[68955]: INFO nova.api.openstack.requestlog [None req-9c1c0f91-80ce-480c-b544-1135f3bb188e None None] 192.168.1.128 "GET /compute/v2.1" status: 200 len: 392 microversion: 2.1 time: 0.003586
Jul 31 15:25:08.476395 np0000032054 devstack@n-api.service[68955]: [pid: 68955|app: 0|req: 1/2] 192.168.1.128 () {62 vars in 1056 bytes} [Thu Jul 31 15:25:08 2025] GET /compute/v2.1 => generated 392 bytes in 4 msecs (HTTP/1.1 200) 9 headers in 357 bytes (1 switches on core 0)
Jul 31 15:25:08.484456 np0000032054 devstack@n-api.service[68956]: DEBUG dbcounter [-] [68956] Writing DB stats nova_api:SELECT=1 {{(pid=68956) stat_writer /opt/stack/data/venv/lib/python3.12/site-packages/dbcounter.py:115}}
Jul 31 15:25:08.484456 np0000032054 devstack@n-api.service[68956]: DEBUG dbcounter [-] [68956] Writing DB stats nova_cell0:SELECT=1 {{(pid=68956) stat_writer /opt/stack/data/venv/lib/python3.12/site-packages/dbcounter.py:115}}
Jul 31 15:25:08.484995 np0000032054 devstack@n-api.service[68956]: DEBUG dbcounter [-] [68956] Writing DB stats nova_cell1:SELECT=1 {{(pid=68956) stat_writer /opt/stack/data/venv/lib/python3.12/site-packages/dbcounter.py:115}}
Jul 31 15:25:08.485090 np0000032054 devstack@n-api.service[68956]: DEBUG dbcounter [-] [68956] Writing DB stats nova_cell0:SELECT=2,nova_cell0:INSERT=1 {{(pid=68956) stat_writer /opt/stack/data/venv/lib/python3.12/site-packages/dbcounter.py:115}}
Jul 31 15:25:08.603932 np0000032054 devstack@n-api.service[68956]: DEBUG nova.api.openstack.wsgi [None req-f57c01b1-ac72-4abe-b937-f1768d4cd799 admin admin] Calling method '<bound method FlavorsController.detail of <nova.api.openstack.compute.flavors.FlavorsController object at 0x72c2cc74a720>>' {{(pid=68956) _process_stack /opt/stack/nova/nova/api/openstack/wsgi.py:552}}
Jul 31 15:25:08.620826 np0000032054 devstack@n-api.service[68956]: INFO nova.api.openstack.requestlog [None req-f57c01b1-ac72-4abe-b937-f1768d4cd799 admin admin] 192.168.1.128 "GET /compute/v2.1/flavors/detail?is_public=True" status: 200 len: 15 microversion: 2.61 time: 0.139700
Jul 31 15:25:08.621062 np0000032054 devstack@n-api.service[68956]: [pid: 68956|app: 0|req: 2/3] 192.168.1.128 () {68 vars in 1417 bytes} [Thu Jul 31 15:25:08 2025] GET /compute/v2.1/flavors/detail?is_public=True => generated 15 bytes in 140 msecs (HTTP/1.1 200) 9 headers in 358 bytes (1 switches on core 0)
Jul 31 15:25:08.760545 np0000032054 devstack@n-api.service[68955]: DEBUG nova.api.openstack.wsgi [None req-4f119368-42f4-4abe-85dd-b81cc8b174a6 admin admin] Action: 'create', calling method: <bound method FlavorsController.create of <nova.api.openstack.compute.flavors.FlavorsController object at 0x72c2cc7493d0>>, body: {"flavor": {"os-flavor-access:is_public": true, "swap": 0, "vcpus": 1, "ram": 256, "name": "cirros256", "OS-FLV-EXT-DATA:ephemeral": 0, "id": "c1", "disk": 1, "rxtx_factor": 1.0}} {{(pid=68955) _process_stack /opt/stack/nova/nova/api/openstack/wsgi.py:550}}
Jul 31 15:25:08.769024 np0000032054 devstack@n-api.service[68955]: DEBUG dbcounter [-] [68955] Writing DB stats nova_api:SELECT=1 {{(pid=68955) stat_writer /opt/stack/data/venv/lib/python3.12/site-packages/dbcounter.py:115}}
Jul 31 15:25:08.769589 np0000032054 devstack@n-api.service[68955]: DEBUG dbcounter [-] [68955] Writing DB stats nova_cell0:SELECT=1 {{(pid=68955) stat_writer /opt/stack/data/venv/lib/python3.12/site-packages/dbcounter.py:115}}
Jul 31 15:25:08.769739 np0000032054 devstack@n-api.service[68955]: DEBUG dbcounter [-] [68955] Writing DB stats nova_cell1:SELECT=1 {{(pid=68955) stat_writer /opt/stack/data/venv/lib/python3.12/site-packages/dbcounter.py:115}}
Jul 31 15:25:08.770433 np0000032054 devstack@n-api.service[68955]: DEBUG dbcounter [-] [68955] Writing DB stats nova_cell0:SELECT=1 {{(pid=68955) stat_writer /opt/stack/data/venv/lib/python3.12/site-packages/dbcounter.py:115}}
Jul 31 15:25:08.791026 np0000032054 devstack@n-api.service[68955]: INFO nova.api.openstack.requestlog [None req-4f119368-42f4-4abe-85dd-b81cc8b174a6 admin admin] 192.168.1.128 "POST /compute/v2.1/flavors" status: 200 len: 413 microversion: 2.61 time: 0.093687
Jul 31 15:25:08.791257 np0000032054 devstack@n-api.service[68955]: [pid: 68955|app: 0|req: 2/4] 192.168.1.128 () {72 vars in 1408 bytes} [Thu Jul 31 15:25:08 2025] POST /compute/v2.1/flavors => generated 413 bytes in 94 msecs (HTTP/1.1 200) 9 headers in 359 bytes (1 switches on core 0)
Jul 31 15:25:08.799514 np0000032054 devstack@n-api.service[68956]: DEBUG nova.api.openstack.wsgi [None req-b77181dd-d17a-4b15-a195-e7413e8e633c admin admin] Action: 'create', calling method: <bound method FlavorExtraSpecsController.create of <nova.api.openstack.compute.flavors_extraspecs.FlavorExtraSpecsController object at 0x72c2cc74ae70>>, body: {"extra_specs": {"hw_rng:allowed": "True"}} {{(pid=68956) _process_stack /opt/stack/nova/nova/api/openstack/wsgi.py:550}}
Jul 31 15:25:08.824885 np0000032054 devstack@n-api.service[68956]: INFO nova.api.openstack.requestlog [None req-b77181dd-d17a-4b15-a195-e7413e8e633c admin admin] 192.168.1.128 "POST /compute/v2.1/flavors/c1/os-extra_specs" status: 200 len: 43 microversion: 2.61 time: 0.027198
Jul 31 15:25:08.825117 np0000032054 devstack@n-api.service[68956]: [pid: 68956|app: 0|req: 3/5] 192.168.1.128 () {72 vars in 1461 bytes} [Thu Jul 31 15:25:08 2025] POST /compute/v2.1/flavors/c1/os-extra_specs => generated 43 bytes in 28 msecs (HTTP/1.1 200) 9 headers in 358 bytes (1 switches on core 0)
Jul 31 15:25:08.909964 np0000032054 devstack@n-api.service[68955]: DEBUG nova.api.openstack.wsgi [None req-1bbba94f-417e-41d1-bd93-f2a8e2e7bb0e admin admin] Action: 'create', calling method: <bound method FlavorsController.create of <nova.api.openstack.compute.flavors.FlavorsController object at 0x72c2cc7493d0>>, body: {"flavor": {"os-flavor-access:is_public": true, "swap": 0, "vcpus": 1, "ram": 512, "name": "ds512M", "OS-FLV-EXT-DATA:ephemeral": 0, "id": "d1", "disk": 5, "rxtx_factor": 1.0}} {{(pid=68955) _process_stack /opt/stack/nova/nova/api/openstack/wsgi.py:550}}
Jul 31 15:25:08.921888 np0000032054 devstack@n-api.service[68955]: INFO nova.api.openstack.requestlog [None req-1bbba94f-417e-41d1-bd93-f2a8e2e7bb0e admin admin] 192.168.1.128 "POST /compute/v2.1/flavors" status: 200 len: 410 microversion: 2.61 time: 0.014473
Jul 31 15:25:08.922092 np0000032054 devstack@n-api.service[68955]: [pid: 68955|app: 0|req: 3/6] 192.168.1.128 () {72 vars in 1408 bytes} [Thu Jul 31 15:25:08 2025] POST /compute/v2.1/flavors => generated 410 bytes in 15 msecs (HTTP/1.1 200) 9 headers in 359 bytes (1 switches on core 0)
Jul 31 15:25:08.931090 np0000032054 devstack@n-api.service[68956]: DEBUG nova.api.openstack.wsgi [None req-f6948da9-f105-4678-ae1f-41f4226137ec admin admin] Action: 'create', calling method: <bound method FlavorExtraSpecsController.create of <nova.api.openstack.compute.flavors_extraspecs.FlavorExtraSpecsController object at 0x72c2cc74ae70>>, body: {"extra_specs": {"hw_rng:allowed": "True"}} {{(pid=68956) _process_stack /opt/stack/nova/nova/api/openstack/wsgi.py:550}}
Jul 31 15:25:08.946429 np0000032054 devstack@n-api.service[68956]: INFO nova.api.openstack.requestlog [None req-f6948da9-f105-4678-ae1f-41f4226137ec admin admin] 192.168.1.128 "POST /compute/v2.1/flavors/d1/os-extra_specs" status: 200 len: 43 microversion: 2.61 time: 0.017084
Jul 31 15:25:08.947175 np0000032054 devstack@n-api.service[68956]: [pid: 68956|app: 0|req: 4/7] 192.168.1.128 () {72 vars in 1461 bytes} [Thu Jul 31 15:25:08 2025] POST /compute/v2.1/flavors/d1/os-extra_specs => generated 43 bytes in 17 msecs (HTTP/1.1 200) 9 headers in 358 bytes (1 switches on core 0)
Jul 31 15:25:09.028522 np0000032054 devstack@n-api.service[68955]: DEBUG nova.api.openstack.wsgi [None req-88e4d97d-0ac5-46e6-959a-ba0dbffc9ffd admin admin] Action: 'create', calling method: <bound method FlavorsController.create of <nova.api.openstack.compute.flavors.FlavorsController object at 0x72c2cc7493d0>>, body: {"flavor": {"os-flavor-access:is_public": true, "swap": 0, "vcpus": 1, "ram": 1024, "name": "ds1G", "OS-FLV-EXT-DATA:ephemeral": 0, "id": "d2", "disk": 10, "rxtx_factor": 1.0}} {{(pid=68955) _process_stack /opt/stack/nova/nova/api/openstack/wsgi.py:550}}
Jul 31 15:25:09.043537 np0000032054 devstack@n-api.service[68955]: INFO nova.api.openstack.requestlog [None req-88e4d97d-0ac5-46e6-959a-ba0dbffc9ffd admin admin] 192.168.1.128 "POST /compute/v2.1/flavors" status: 200 len: 410 microversion: 2.61 time: 0.017082
Jul 31 15:25:09.043537 np0000032054 devstack@n-api.service[68955]: [pid: 68955|app: 0|req: 4/8] 192.168.1.128 () {72 vars in 1408 bytes} [Thu Jul 31 15:25:09 2025] POST /compute/v2.1/flavors => generated 410 bytes in 17 msecs (HTTP/1.1 200) 9 headers in 359 bytes (2 switches on core 0)
Jul 31 15:25:09.051839 np0000032054 devstack@n-api.service[68956]: DEBUG nova.api.openstack.wsgi [None req-f9e62108-b4fe-4e0f-ba69-f7cbafa8bd7a admin admin] Action: 'create', calling method: <bound method FlavorExtraSpecsController.create of <nova.api.openstack.compute.flavors_extraspecs.FlavorExtraSpecsController object at 0x72c2cc74ae70>>, body: {"extra_specs": {"hw_rng:allowed": "True"}} {{(pid=68956) _process_stack /opt/stack/nova/nova/api/openstack/wsgi.py:550}}
Jul 31 15:25:09.063622 np0000032054 devstack@n-api.service[68956]: INFO nova.api.openstack.requestlog [None req-f9e62108-b4fe-4e0f-ba69-f7cbafa8bd7a admin admin] 192.168.1.128 "POST /compute/v2.1/flavors/d2/os-extra_specs" status: 200 len: 43 microversion: 2.61 time: 0.013345
Jul 31 15:25:09.063888 np0000032054 devstack@n-api.service[68956]: [pid: 68956|app: 0|req: 5/9] 192.168.1.128 () {72 vars in 1461 bytes} [Thu Jul 31 15:25:09 2025] POST /compute/v2.1/flavors/d2/os-extra_specs => generated 43 bytes in 14 msecs (HTTP/1.1 200) 9 headers in 358 bytes (2 switches on core 0)
Jul 31 15:25:09.150152 np0000032054 devstack@n-api.service[68955]: DEBUG nova.api.openstack.wsgi [None req-72f8f75a-933b-48db-9df1-ee5f7e403b84 admin admin] Action: 'create', calling method: <bound method FlavorsController.create of <nova.api.openstack.compute.flavors.FlavorsController object at 0x72c2cc7493d0>>, body: {"flavor": {"os-flavor-access:is_public": true, "swap": 0, "vcpus": 2, "ram": 2048, "name": "ds2G", "OS-FLV-EXT-DATA:ephemeral": 0, "id": "d3", "disk": 10, "rxtx_factor": 1.0}} {{(pid=68955) _process_stack /opt/stack/nova/nova/api/openstack/wsgi.py:550}}
Jul 31 15:25:09.160755 np0000032054 devstack@n-api.service[68955]: INFO nova.api.openstack.requestlog [None req-72f8f75a-933b-48db-9df1-ee5f7e403b84 admin admin] 192.168.1.128 "POST /compute/v2.1/flavors" status: 200 len: 410 microversion: 2.61 time: 0.012918
Jul 31 15:25:09.161027 np0000032054 devstack@n-api.service[68955]: [pid: 68955|app: 0|req: 5/10] 192.168.1.128 () {72 vars in 1408 bytes} [Thu Jul 31 15:25:09 2025] POST /compute/v2.1/flavors => generated 410 bytes in 13 msecs (HTTP/1.1 200) 9 headers in 359 bytes (1 switches on core 0)
Jul 31 15:25:09.168532 np0000032054 devstack@n-api.service[68956]: DEBUG nova.api.openstack.wsgi [None req-1d2114cf-802c-4d76-9a1a-a40e380dfdb7 admin admin] Action: 'create', calling method: <bound method FlavorExtraSpecsController.create of <nova.api.openstack.compute.flavors_extraspecs.FlavorExtraSpecsController object at 0x72c2cc74ae70>>, body: {"extra_specs": {"hw_rng:allowed": "True"}} {{(pid=68956) _process_stack /opt/stack/nova/nova/api/openstack/wsgi.py:550}}
Jul 31 15:25:09.185041 np0000032054 devstack@n-api.service[68956]: INFO nova.api.openstack.requestlog [None req-1d2114cf-802c-4d76-9a1a-a40e380dfdb7 admin admin] 192.168.1.128 "POST /compute/v2.1/flavors/d3/os-extra_specs" status: 200 len: 43 microversion: 2.61 time: 0.017956
Jul 31 15:25:09.185311 np0000032054 devstack@n-api.service[68956]: [pid: 68956|app: 0|req: 6/11] 192.168.1.128 () {72 vars in 1461 bytes} [Thu Jul 31 15:25:09 2025] POST /compute/v2.1/flavors/d3/os-extra_specs => generated 43 bytes in 18 msecs (HTTP/1.1 200) 9 headers in 358 bytes (1 switches on core 0)
Jul 31 15:25:09.281606 np0000032054 devstack@n-api.service[68955]: DEBUG nova.api.openstack.wsgi [None req-1698d317-be08-411f-9632-f8c4f3cdc066 admin admin] Action: 'create', calling method: <bound method FlavorsController.create of <nova.api.openstack.compute.flavors.FlavorsController object at 0x72c2cc7493d0>>, body: {"flavor": {"os-flavor-access:is_public": true, "swap": 0, "vcpus": 4, "ram": 4096, "name": "ds4G", "OS-FLV-EXT-DATA:ephemeral": 0, "id": "d4", "disk": 20, "rxtx_factor": 1.0}} {{(pid=68955) _process_stack /opt/stack/nova/nova/api/openstack/wsgi.py:550}}
Jul 31 15:25:09.295571 np0000032054 devstack@n-api.service[68955]: INFO nova.api.openstack.requestlog [None req-1698d317-be08-411f-9632-f8c4f3cdc066 admin admin] 192.168.1.128 "POST /compute/v2.1/flavors" status: 200 len: 410 microversion: 2.61 time: 0.015690
Jul 31 15:25:09.295894 np0000032054 devstack@n-api.service[68955]: [pid: 68955|app: 0|req: 6/12] 192.168.1.128 () {72 vars in 1408 bytes} [Thu Jul 31 15:25:09 2025] POST /compute/v2.1/flavors => generated 410 bytes in 16 msecs (HTTP/1.1 200) 9 headers in 359 bytes (1 switches on core 0)
Jul 31 15:25:09.305631 np0000032054 devstack@n-api.service[68956]: DEBUG nova.api.openstack.wsgi [None req-67f57975-fa3e-42e1-9fee-ce488294d6d4 admin admin] Action: 'create', calling method: <bound method FlavorExtraSpecsController.create of <nova.api.openstack.compute.flavors_extraspecs.FlavorExtraSpecsController object at 0x72c2cc74ae70>>, body: {"extra_specs": {"hw_rng:allowed": "True"}} {{(pid=68956) _process_stack /opt/stack/nova/nova/api/openstack/wsgi.py:550}}
Jul 31 15:25:09.324036 np0000032054 devstack@n-api.service[68956]: INFO nova.api.openstack.requestlog [None req-67f57975-fa3e-42e1-9fee-ce488294d6d4 admin admin] 192.168.1.128 "POST /compute/v2.1/flavors/d4/os-extra_specs" status: 200 len: 43 microversion: 2.61 time: 0.019881
Jul 31 15:25:09.324268 np0000032054 devstack@n-api.service[68956]: [pid: 68956|app: 0|req: 7/13] 192.168.1.128 () {72 vars in 1461 bytes} [Thu Jul 31 15:25:09 2025] POST /compute/v2.1/flavors/d4/os-extra_specs => generated 43 bytes in 20 msecs (HTTP/1.1 200) 9 headers in 358 bytes (1 switches on core 0)
Jul 31 15:25:09.423808 np0000032054 devstack@n-api.service[68955]: DEBUG nova.api.openstack.wsgi [None req-100b705f-02d4-450e-bf6d-5f31cf2ff7e8 admin admin] Calling method '<bound method FlavorsController.detail of <nova.api.openstack.compute.flavors.FlavorsController object at 0x72c2cc749520>>' {{(pid=68955) _process_stack /opt/stack/nova/nova/api/openstack/wsgi.py:552}}
Jul 31 15:25:09.440549 np0000032054 devstack@n-api.service[68955]: INFO nova.api.openstack.requestlog [None req-100b705f-02d4-450e-bf6d-5f31cf2ff7e8 admin admin] 192.168.1.128 "GET /compute/v2.1/flavors/detail?is_public=True" status: 200 len: 2136 microversion: 2.61 time: 0.018166
Jul 31 15:25:09.440859 np0000032054 devstack@n-api.service[68955]: [pid: 68955|app: 0|req: 7/14] 192.168.1.128 () {68 vars in 1417 bytes} [Thu Jul 31 15:25:09 2025] GET /compute/v2.1/flavors/detail?is_public=True => generated 2136 bytes in 19 msecs (HTTP/1.1 200) 9 headers in 360 bytes (1 switches on core 0)
Jul 31 15:25:09.539839 np0000032054 devstack@n-api.service[68956]: DEBUG nova.api.openstack.wsgi [None req-be7e2c5d-a19c-4f9c-a85c-3c28713cbddf admin admin] Action: 'create', calling method: <bound method FlavorsController.create of <nova.api.openstack.compute.flavors.FlavorsController object at 0x72c2cc74a5d0>>, body: {"flavor": {"os-flavor-access:is_public": true, "swap": 0, "vcpus": 1, "ram": 512, "name": "m1.tiny", "OS-FLV-EXT-DATA:ephemeral": 0, "id": "1", "disk": 1, "rxtx_factor": 1.0}} {{(pid=68956) _process_stack /opt/stack/nova/nova/api/openstack/wsgi.py:550}}
Jul 31 15:25:09.569548 np0000032054 devstack@n-api.service[68956]: INFO nova.api.openstack.requestlog [None req-be7e2c5d-a19c-4f9c-a85c-3c28713cbddf admin admin] 192.168.1.128 "POST /compute/v2.1/flavors" status: 200 len: 408 microversion: 2.61 time: 0.031869
Jul 31 15:25:09.569959 np0000032054 devstack@n-api.service[68956]: [pid: 68956|app: 0|req: 8/15] 192.168.1.128 () {72 vars in 1408 bytes} [Thu Jul 31 15:25:09 2025] POST /compute/v2.1/flavors => generated 408 bytes in 32 msecs (HTTP/1.1 200) 9 headers in 359 bytes (1 switches on core 0)
Jul 31 15:25:09.582927 np0000032054 devstack@n-api.service[68955]: DEBUG nova.api.openstack.wsgi [None req-0167004e-1fa2-4605-995c-17c3da2e8180 admin admin] Action: 'create', calling method: <bound method FlavorExtraSpecsController.create of <nova.api.openstack.compute.flavors_extraspecs.FlavorExtraSpecsController object at 0x72c2cc749c70>>, body: {"extra_specs": {"hw_rng:allowed": "True"}} {{(pid=68955) _process_stack /opt/stack/nova/nova/api/openstack/wsgi.py:550}}
Jul 31 15:25:09.613892 np0000032054 devstack@n-api.service[68955]: INFO nova.api.openstack.requestlog [None req-0167004e-1fa2-4605-995c-17c3da2e8180 admin admin] 192.168.1.128 "POST /compute/v2.1/flavors/1/os-extra_specs" status: 200 len: 43 microversion: 2.61 time: 0.033376
Jul 31 15:25:09.614335 np0000032054 devstack@n-api.service[68955]: [pid: 68955|app: 0|req: 8/16] 192.168.1.128 () {72 vars in 1458 bytes} [Thu Jul 31 15:25:09 2025] POST /compute/v2.1/flavors/1/os-extra_specs => generated 43 bytes in 34 msecs (HTTP/1.1 200) 9 headers in 358 bytes (1 switches on core 0)
Jul 31 15:25:09.703801 np0000032054 devstack@n-api.service[68956]: DEBUG nova.api.openstack.wsgi [None req-19a640a7-00f2-4108-a4f6-f6c7f55cc72f admin admin] Action: 'create', calling method: <bound method FlavorsController.create of <nova.api.openstack.compute.flavors.FlavorsController object at 0x72c2cc74a5d0>>, body: {"flavor": {"os-flavor-access:is_public": true, "swap": 0, "vcpus": 1, "ram": 2048, "name": "m1.small", "OS-FLV-EXT-DATA:ephemeral": 0, "id": "2", "disk": 20, "rxtx_factor": 1.0}} {{(pid=68956) _process_stack /opt/stack/nova/nova/api/openstack/wsgi.py:550}}
Jul 31 15:25:09.714295 np0000032054 devstack@n-api.service[68956]: INFO nova.api.openstack.requestlog [None req-19a640a7-00f2-4108-a4f6-f6c7f55cc72f admin admin] 192.168.1.128 "POST /compute/v2.1/flavors" status: 200 len: 411 microversion: 2.61 time: 0.012023
Jul 31 15:25:09.714530 np0000032054 devstack@n-api.service[68956]: [pid: 68956|app: 0|req: 9/17] 192.168.1.128 () {72 vars in 1408 bytes} [Thu Jul 31 15:25:09 2025] POST /compute/v2.1/flavors => generated 411 bytes in 12 msecs (HTTP/1.1 200) 9 headers in 359 bytes (3 switches on core 0)
Jul 31 15:25:09.724017 np0000032054 devstack@n-api.service[68955]: DEBUG nova.api.openstack.wsgi [None req-16909bae-6055-4ceb-b436-8cac2da2644b admin admin] Action: 'create', calling method: <bound method FlavorExtraSpecsController.create of <nova.api.openstack.compute.flavors_extraspecs.FlavorExtraSpecsController object at 0x72c2cc749c70>>, body: {"extra_specs": {"hw_rng:allowed": "True"}} {{(pid=68955) _process_stack /opt/stack/nova/nova/api/openstack/wsgi.py:550}}
Jul 31 15:25:09.736152 np0000032054 devstack@n-api.service[68955]: INFO nova.api.openstack.requestlog [None req-16909bae-6055-4ceb-b436-8cac2da2644b admin admin] 192.168.1.128 "POST /compute/v2.1/flavors/2/os-extra_specs" status: 200 len: 43 microversion: 2.61 time: 0.013605
Jul 31 15:25:09.736488 np0000032054 devstack@n-api.service[68955]: [pid: 68955|app: 0|req: 9/18] 192.168.1.128 () {72 vars in 1458 bytes} [Thu Jul 31 15:25:09 2025] POST /compute/v2.1/flavors/2/os-extra_specs => generated 43 bytes in 14 msecs (HTTP/1.1 200) 9 headers in 358 bytes (1 switches on core 0)
Jul 31 15:25:09.813498 np0000032054 devstack@n-api.service[68956]: DEBUG nova.api.openstack.wsgi [None req-e612596c-0a0e-4a9f-b01d-63d501934ea1 admin admin] Action: 'create', calling method: <bound method FlavorsController.create of <nova.api.openstack.compute.flavors.FlavorsController object at 0x72c2cc74a5d0>>, body: {"flavor": {"os-flavor-access:is_public": true, "swap": 0, "vcpus": 2, "ram": 4096, "name": "m1.medium", "OS-FLV-EXT-DATA:ephemeral": 0, "id": "3", "disk": 40, "rxtx_factor": 1.0}} {{(pid=68956) _process_stack /opt/stack/nova/nova/api/openstack/wsgi.py:550}}
Jul 31 15:25:09.824422 np0000032054 devstack@n-api.service[68956]: INFO nova.api.openstack.requestlog [None req-e612596c-0a0e-4a9f-b01d-63d501934ea1 admin admin] 192.168.1.128 "POST /compute/v2.1/flavors" status: 200 len: 412 microversion: 2.61 time: 0.012419
Jul 31 15:25:09.824667 np0000032054 devstack@n-api.service[68956]: [pid: 68956|app: 0|req: 10/19] 192.168.1.128 () {72 vars in 1408 bytes} [Thu Jul 31 15:25:09 2025] POST /compute/v2.1/flavors => generated 412 bytes in 13 msecs (HTTP/1.1 200) 9 headers in 359 bytes (1 switches on core 0)
Jul 31 15:25:09.832997 np0000032054 devstack@n-api.service[68955]: DEBUG nova.api.openstack.wsgi [None req-28aa4b07-ee79-4aea-8b80-525c4d96218b admin admin] Action: 'create', calling method: <bound method FlavorExtraSpecsController.create of <nova.api.openstack.compute.flavors_extraspecs.FlavorExtraSpecsController object at 0x72c2cc749c70>>, body: {"extra_specs": {"hw_rng:allowed": "True"}} {{(pid=68955) _process_stack /opt/stack/nova/nova/api/openstack/wsgi.py:550}}
Jul 31 15:25:09.845936 np0000032054 devstack@n-api.service[68955]: INFO nova.api.openstack.requestlog [None req-28aa4b07-ee79-4aea-8b80-525c4d96218b admin admin] 192.168.1.128 "POST /compute/v2.1/flavors/3/os-extra_specs" status: 200 len: 43 microversion: 2.61 time: 0.014390
Jul 31 15:25:09.846166 np0000032054 devstack@n-api.service[68955]: [pid: 68955|app: 0|req: 10/20] 192.168.1.128 () {72 vars in 1458 bytes} [Thu Jul 31 15:25:09 2025] POST /compute/v2.1/flavors/3/os-extra_specs => generated 43 bytes in 15 msecs (HTTP/1.1 200) 9 headers in 358 bytes (1 switches on core 0)
Jul 31 15:25:09.926302 np0000032054 devstack@n-api.service[68956]: DEBUG nova.api.openstack.wsgi [None req-9fbe07ce-9419-4c62-b1e2-55f977a167d8 admin admin] Action: 'create', calling method: <bound method FlavorsController.create of <nova.api.openstack.compute.flavors.FlavorsController object at 0x72c2cc74a5d0>>, body: {"flavor": {"os-flavor-access:is_public": true, "swap": 0, "vcpus": 4, "ram": 8192, "name": "m1.large", "OS-FLV-EXT-DATA:ephemeral": 0, "id": "4", "disk": 80, "rxtx_factor": 1.0}} {{(pid=68956) _process_stack /opt/stack/nova/nova/api/openstack/wsgi.py:550}}
Jul 31 15:25:09.937836 np0000032054 devstack@n-api.service[68956]: INFO nova.api.openstack.requestlog [None req-9fbe07ce-9419-4c62-b1e2-55f977a167d8 admin admin] 192.168.1.128 "POST /compute/v2.1/flavors" status: 200 len: 411 microversion: 2.61 time: 0.012808
Jul 31 15:25:09.937903 np0000032054 devstack@n-api.service[68956]: [pid: 68956|app: 0|req: 11/21] 192.168.1.128 () {72 vars in 1408 bytes} [Thu Jul 31 15:25:09 2025] POST /compute/v2.1/flavors => generated 411 bytes in 13 msecs (HTTP/1.1 200) 9 headers in 359 bytes (3 switches on core 0)
Jul 31 15:25:09.945842 np0000032054 devstack@n-api.service[68955]: DEBUG nova.api.openstack.wsgi [None req-075e8e66-0c40-418f-b5aa-123423c85d14 admin admin] Action: 'create', calling method: <bound method FlavorExtraSpecsController.create of <nova.api.openstack.compute.flavors_extraspecs.FlavorExtraSpecsController object at 0x72c2cc749c70>>, body: {"extra_specs": {"hw_rng:allowed": "True"}} {{(pid=68955) _process_stack /opt/stack/nova/nova/api/openstack/wsgi.py:550}}
Jul 31 15:25:09.957907 np0000032054 devstack@n-api.service[68955]: INFO nova.api.openstack.requestlog [None req-075e8e66-0c40-418f-b5aa-123423c85d14 admin admin] 192.168.1.128 "POST /compute/v2.1/flavors/4/os-extra_specs" status: 200 len: 43 microversion: 2.61 time: 0.013550
Jul 31 15:25:09.959653 np0000032054 devstack@n-api.service[68955]: [pid: 68955|app: 0|req: 11/22] 192.168.1.128 () {72 vars in 1458 bytes} [Thu Jul 31 15:25:09 2025] POST /compute/v2.1/flavors/4/os-extra_specs => generated 43 bytes in 14 msecs (HTTP/1.1 200) 9 headers in 358 bytes (2 switches on core 0)
Jul 31 15:25:10.035172 np0000032054 devstack@n-api.service[68956]: DEBUG nova.api.openstack.wsgi [None req-b20c92ce-0f88-40e6-80fe-02c3da275f51 admin admin] Action: 'create', calling method: <bound method FlavorsController.create of <nova.api.openstack.compute.flavors.FlavorsController object at 0x72c2cc74a5d0>>, body: {"flavor": {"os-flavor-access:is_public": true, "swap": 0, "vcpus": 8, "ram": 16384, "name": "m1.xlarge", "OS-FLV-EXT-DATA:ephemeral": 0, "id": "5", "disk": 160, "rxtx_factor": 1.0}} {{(pid=68956) _process_stack /opt/stack/nova/nova/api/openstack/wsgi.py:550}}
Jul 31 15:25:10.046247 np0000032054 devstack@n-api.service[68956]: INFO nova.api.openstack.requestlog [None req-b20c92ce-0f88-40e6-80fe-02c3da275f51 admin admin] 192.168.1.128 "POST /compute/v2.1/flavors" status: 200 len: 414 microversion: 2.61 time: 0.012660
Jul 31 15:25:10.046480 np0000032054 devstack@n-api.service[68956]: [pid: 68956|app: 0|req: 12/23] 192.168.1.128 () {72 vars in 1408 bytes} [Thu Jul 31 15:25:10 2025] POST /compute/v2.1/flavors => generated 414 bytes in 13 msecs (HTTP/1.1 200) 9 headers in 359 bytes (1 switches on core 0)
Jul 31 15:25:10.054445 np0000032054 devstack@n-api.service[68955]: DEBUG nova.api.openstack.wsgi [None req-aad6bafc-b3a8-4aa9-86f1-3d01e3ae862b admin admin] Action: 'create', calling method: <bound method FlavorExtraSpecsController.create of <nova.api.openstack.compute.flavors_extraspecs.FlavorExtraSpecsController object at 0x72c2cc749c70>>, body: {"extra_specs": {"hw_rng:allowed": "True"}} {{(pid=68955) _process_stack /opt/stack/nova/nova/api/openstack/wsgi.py:550}}
Jul 31 15:25:10.067078 np0000032054 devstack@n-api.service[68955]: INFO nova.api.openstack.requestlog [None req-aad6bafc-b3a8-4aa9-86f1-3d01e3ae862b admin admin] 192.168.1.128 "POST /compute/v2.1/flavors/5/os-extra_specs" status: 200 len: 43 microversion: 2.61 time: 0.014070
Jul 31 15:25:10.067324 np0000032054 devstack@n-api.service[68955]: [pid: 68955|app: 0|req: 12/24] 192.168.1.128 () {72 vars in 1458 bytes} [Thu Jul 31 15:25:10 2025] POST /compute/v2.1/flavors/5/os-extra_specs => generated 43 bytes in 14 msecs (HTTP/1.1 200) 9 headers in 358 bytes (1 switches on core 0)
Jul 31 15:25:35.953628 np0000032054 devstack@n-api.service[68956]: DEBUG nova.api.openstack.wsgi [None req-8a22e67c-9407-4d05-a00e-f98ed1f1039d admin admin] Calling method '<bound method FlavorsController.detail of <nova.api.openstack.compute.flavors.FlavorsController object at 0x72c2cc74a720>>' {{(pid=68956) _process_stack /opt/stack/nova/nova/api/openstack/wsgi.py:552}}
Jul 31 15:25:35.955113 np0000032054 devstack@n-api.service[68956]: DEBUG dbcounter [-] [68956] Writing DB stats nova_api:SELECT=21,nova_api:SAVEPOINT=5,nova_api:INSERT=10,nova_api:RELEASE=5 {{(pid=68956) stat_writer /opt/stack/data/venv/lib/python3.12/site-packages/dbcounter.py:115}}
Jul 31 15:25:35.963096 np0000032054 devstack@n-api.service[68956]: INFO nova.api.openstack.requestlog [None req-8a22e67c-9407-4d05-a00e-f98ed1f1039d admin admin] 192.168.1.128 "GET /compute/v2.1/flavors/detail?is_public=True" status: 200 len: 4262 microversion: 2.61 time: 0.012834
Jul 31 15:25:35.963399 np0000032054 devstack@n-api.service[68956]: [pid: 68956|app: 0|req: 13/25] 192.168.1.128 () {68 vars in 1417 bytes} [Thu Jul 31 15:25:35 2025] GET /compute/v2.1/flavors/detail?is_public=True => generated 4262 bytes in 13 msecs (HTTP/1.1 200) 9 headers in 360 bytes (1 switches on core 0)
Jul 31 15:25:36.061447 np0000032054 devstack@n-api.service[68955]: DEBUG nova.api.openstack.wsgi [None req-26db870e-45bd-484c-9014-557e94eef972 admin admin] Action: 'create', calling method: <bound method FlavorsController.create of <nova.api.openstack.compute.flavors.FlavorsController object at 0x72c2cc7493d0>>, body: {"flavor": {"os-flavor-access:is_public": true, "swap": 0, "vcpus": 1, "ram": 1024, "name": "manila-service-flavor", "OS-FLV-EXT-DATA:ephemeral": 0, "id": "100", "disk": 5, "rxtx_factor": 1.0}} {{(pid=68955) _process_stack /opt/stack/nova/nova/api/openstack/wsgi.py:550}}
Jul 31 15:25:36.064458 np0000032054 devstack@n-api.service[68955]: DEBUG dbcounter [-] [68955] Writing DB stats nova_api:INSERT=10,nova_api:SELECT=21,nova_api:SAVEPOINT=5,nova_api:RELEASE=5 {{(pid=68955) stat_writer /opt/stack/data/venv/lib/python3.12/site-packages/dbcounter.py:115}}
Jul 31 15:25:36.073156 np0000032054 devstack@n-api.service[68955]: INFO nova.api.openstack.requestlog [None req-26db870e-45bd-484c-9014-557e94eef972 admin admin] 192.168.1.128 "POST /compute/v2.1/flavors" status: 200 len: 429 microversion: 2.61 time: 0.013252
Jul 31 15:25:36.073376 np0000032054 devstack@n-api.service[68955]: [pid: 68955|app: 0|req: 13/26] 192.168.1.128 () {72 vars in 1408 bytes} [Thu Jul 31 15:25:36 2025] POST /compute/v2.1/flavors => generated 429 bytes in 13 msecs (HTTP/1.1 200) 9 headers in 359 bytes (1 switches on core 0)
Jul 31 15:26:03.532412 np0000032054 devstack@n-api.service[68956]: DEBUG nova.api.openstack.wsgi [None req-11a2c314-224e-40a7-9ac4-26093b528d33 admin admin] Calling method '<bound method KeypairController.index of <nova.api.openstack.compute.keypairs.KeypairController object at 0x72c2cc7fd9d0>>' {{(pid=68956) _process_stack /opt/stack/nova/nova/api/openstack/wsgi.py:552}}
Jul 31 15:26:03.534758 np0000032054 devstack@n-api.service[68956]: WARNING oslo_db.sqlalchemy.utils [None req-11a2c314-224e-40a7-9ac4-26093b528d33 admin admin] Unique keys not in sort_keys. The sorting order may be unstable.
Jul 31 15:26:03.541003 np0000032054 devstack@n-api.service[68956]: INFO nova.api.openstack.requestlog [None req-11a2c314-224e-40a7-9ac4-26093b528d33 admin admin] 192.168.1.128 "GET /compute/v2.1/os-keypairs" status: 200 len: 16 microversion: 2.10 time: 0.011265
Jul 31 15:26:03.541271 np0000032054 devstack@n-api.service[68956]: [pid: 68956|app: 0|req: 14/27] 192.168.1.128 () {68 vars in 1379 bytes} [Thu Jul 31 15:26:03 2025] GET /compute/v2.1/os-keypairs => generated 16 bytes in 12 msecs (HTTP/1.1 200) 9 headers in 358 bytes (1 switches on core 0)
Jul 31 15:26:03.632382 np0000032054 devstack@n-api.service[68955]: DEBUG nova.api.openstack.wsgi [None req-e3d0fd75-fa95-4374-a0fd-3cca694876ef admin admin] Action: 'create', calling method: <bound method KeypairController.create of <nova.api.openstack.compute.keypairs.KeypairController object at 0x72c2cc7fc980>>, body: {"keypair": {"name": "manila-service", "public_key": "ecdsa-sha2-nistp256 AAAAE2VjZHNhLXNoYTItbmlzdHAyNTYAAAAIbmlzdHAyNTYAAABBBJYdRpbzs9yacqgPtybNBNFSAi42FDKhfn5iJ1OqJbaGG7vPuVg7iUZ2aP7KMacUbd4qjIeSlXWF/AzlEabStzw= stack@np0000032054\n"}} {{(pid=68955) _process_stack /opt/stack/nova/nova/api/openstack/wsgi.py:550}}
Jul 31 15:26:03.647288 np0000032054 devstack@n-api.service[68955]: DEBUG nova.quota [None req-e3d0fd75-fa95-4374-a0fd-3cca694876ef admin admin] Getting quotas for project 9fb32479f10540efad302c1b3c8a4c91. Resources: {'key_pairs'} {{(pid=68955) _get_quotas /opt/stack/nova/nova/quota.py:392}}
Jul 31 15:26:03.649775 np0000032054 devstack@n-api.service[68955]: DEBUG nova.quota [None req-e3d0fd75-fa95-4374-a0fd-3cca694876ef admin admin] Getting quotas for user 1fb901d8f855433591a3ef0b0defd25a and project 9fb32479f10540efad302c1b3c8a4c91. Resources: {'key_pairs'} {{(pid=68955) _get_quotas /opt/stack/nova/nova/quota.py:382}}
Jul 31 15:26:03.673189 np0000032054 devstack@n-api.service[68955]: INFO nova.api.openstack.requestlog [None req-e3d0fd75-fa95-4374-a0fd-3cca694876ef admin admin] 192.168.1.128 "POST /compute/v2.1/os-keypairs" status: 201 len: 366 microversion: 2.10 time: 0.042868
Jul 31 15:26:03.673531 np0000032054 devstack@n-api.service[68955]: [pid: 68955|app: 0|req: 14/28] 192.168.1.128 () {72 vars in 1420 bytes} [Thu Jul 31 15:26:03 2025] POST /compute/v2.1/os-keypairs => generated 366 bytes in 43 msecs (HTTP/1.1 201) 9 headers in 364 bytes (1 switches on core 0)
Jul 31 15:26:09.642572 np0000032054 devstack@n-api.service[68956]: DEBUG nova.api.openstack.wsgi [None req-c728e4ef-eabd-4c6a-b3cc-68efd68d30c1 admin admin] Calling method '<bound method ServiceController.index of <nova.api.openstack.compute.services.ServiceController object at 0x72c2cc63ce30>>' {{(pid=68956) _process_stack /opt/stack/nova/nova/api/openstack/wsgi.py:552}}
Jul 31 15:26:09.644249 np0000032054 devstack@n-api.service[68956]: DEBUG oslo_concurrency.lockutils [None req-c728e4ef-eabd-4c6a-b3cc-68efd68d30c1 admin admin] Acquiring lock "00000000-0000-0000-0000-000000000000" by "nova.context.set_target_cell.<locals>.get_or_set_cached_cell_and_set_connections" {{(pid=68956) inner /opt/stack/data/venv/lib/python3.12/site-packages/oslo_concurrency/lockutils.py:405}}
Jul 31 15:26:09.644422 np0000032054 devstack@n-api.service[68956]: DEBUG oslo_concurrency.lockutils [None req-c728e4ef-eabd-4c6a-b3cc-68efd68d30c1 admin admin] Lock "00000000-0000-0000-0000-000000000000" acquired by "nova.context.set_target_cell.<locals>.get_or_set_cached_cell_and_set_connections" :: waited 0.000s {{(pid=68956) inner /opt/stack/data/venv/lib/python3.12/site-packages/oslo_concurrency/lockutils.py:410}}
Jul 31 15:26:09.644555 np0000032054 devstack@n-api.service[68956]: DEBUG oslo_concurrency.lockutils [None req-c728e4ef-eabd-4c6a-b3cc-68efd68d30c1 admin admin] Lock "00000000-0000-0000-0000-000000000000" "released" by "nova.context.set_target_cell.<locals>.get_or_set_cached_cell_and_set_connections" :: held 0.000s {{(pid=68956) inner /opt/stack/data/venv/lib/python3.12/site-packages/oslo_concurrency/lockutils.py:424}}
Jul 31 15:26:09.644975 np0000032054 devstack@n-api.service[68956]: DEBUG oslo_concurrency.lockutils [None req-c728e4ef-eabd-4c6a-b3cc-68efd68d30c1 admin admin] Acquiring lock "bab91b07-bc6e-4fce-b330-f9fbc5a24518" by "nova.context.set_target_cell.<locals>.get_or_set_cached_cell_and_set_connections" {{(pid=68956) inner /opt/stack/data/venv/lib/python3.12/site-packages/oslo_concurrency/lockutils.py:405}}
Jul 31 15:26:09.645097 np0000032054 devstack@n-api.service[68956]: DEBUG oslo_concurrency.lockutils [None req-c728e4ef-eabd-4c6a-b3cc-68efd68d30c1 admin admin] Lock "bab91b07-bc6e-4fce-b330-f9fbc5a24518" acquired by "nova.context.set_target_cell.<locals>.get_or_set_cached_cell_and_set_connections" :: waited 0.000s {{(pid=68956) inner /opt/stack/data/venv/lib/python3.12/site-packages/oslo_concurrency/lockutils.py:410}}
