Aug 11 06:02:45.225812 np0000032518 devstack@n-api-meta.service[76237]: DEBUG nova.api.openstack.wsgi_app [-] oslo_limit.retriable_status_codes = None {{(pid=76237) log_opt_values /opt/stack/data/venv/lib/python3.10/site-packages/oslo_config/cfg.py:2824}}
Aug 11 06:02:45.225901 np0000032518 devstack@n-api-meta.service[76237]: DEBUG nova.api.openstack.wsgi_app [-] oslo_limit.service_name        = None {{(pid=76237) log_opt_values /opt/stack/data/venv/lib/python3.10/site-packages/oslo_config/cfg.py:2824}}
Aug 11 06:02:45.225993 np0000032518 devstack@n-api-meta.service[76237]: DEBUG nova.api.openstack.wsgi_app [-] oslo_limit.service_type        = None {{(pid=76237) log_opt_values /opt/stack/data/venv/lib/python3.10/site-packages/oslo_config/cfg.py:2824}}
Aug 11 06:02:45.226085 np0000032518 devstack@n-api-meta.service[76237]: DEBUG nova.api.openstack.wsgi_app [-] oslo_limit.split_loggers       = False {{(pid=76237) log_opt_values /opt/stack/data/venv/lib/python3.10/site-packages/oslo_config/cfg.py:2824}}
Aug 11 06:02:45.226184 np0000032518 devstack@n-api-meta.service[76237]: DEBUG nova.api.openstack.wsgi_app [-] oslo_limit.status_code_retries = None {{(pid=76237) log_opt_values /opt/stack/data/venv/lib/python3.10/site-packages/oslo_config/cfg.py:2824}}
Aug 11 06:02:45.226264 np0000032518 devstack@n-api-meta.service[76237]: DEBUG nova.api.openstack.wsgi_app [-] oslo_limit.status_code_retry_delay = None {{(pid=76237) log_opt_values /opt/stack/data/venv/lib/python3.10/site-packages/oslo_config/cfg.py:2824}}
Aug 11 06:02:45.226360 np0000032518 devstack@n-api-meta.service[76237]: DEBUG nova.api.openstack.wsgi_app [-] oslo_limit.timeout             = None {{(pid=76237) log_opt_values /opt/stack/data/venv/lib/python3.10/site-packages/oslo_config/cfg.py:2824}}
Aug 11 06:02:45.226451 np0000032518 devstack@n-api-meta.service[76237]: DEBUG nova.api.openstack.wsgi_app [-] oslo_limit.valid_interfaces    = None {{(pid=76237) log_opt_values /opt/stack/data/venv/lib/python3.10/site-packages/oslo_config/cfg.py:2824}}
Aug 11 06:02:45.226542 np0000032518 devstack@n-api-meta.service[76237]: DEBUG nova.api.openstack.wsgi_app [-] oslo_limit.version             = None {{(pid=76237) log_opt_values /opt/stack/data/venv/lib/python3.10/site-packages/oslo_config/cfg.py:2824}}
Aug 11 06:02:45.226645 np0000032518 devstack@n-api-meta.service[76237]: DEBUG nova.api.openstack.wsgi_app [-] oslo_messaging_rabbit.amqp_auto_delete = False {{(pid=76237) log_opt_values /opt/stack/data/venv/lib/python3.10/site-packages/oslo_config/cfg.py:2824}}
Aug 11 06:02:45.226750 np0000032518 devstack@n-api-meta.service[76237]: DEBUG nova.api.openstack.wsgi_app [-] oslo_messaging_rabbit.amqp_durable_queues = False {{(pid=76237) log_opt_values /opt/stack/data/venv/lib/python3.10/site-packages/oslo_config/cfg.py:2824}}
Aug 11 06:02:45.226844 np0000032518 devstack@n-api-meta.service[76237]: DEBUG nova.api.openstack.wsgi_app [-] oslo_messaging_rabbit.conn_pool_min_size = 2 {{(pid=76237) log_opt_values /opt/stack/data/venv/lib/python3.10/site-packages/oslo_config/cfg.py:2824}}
Aug 11 06:02:45.226939 np0000032518 devstack@n-api-meta.service[76237]: DEBUG nova.api.openstack.wsgi_app [-] oslo_messaging_rabbit.conn_pool_ttl = 1200 {{(pid=76237) log_opt_values /opt/stack/data/venv/lib/python3.10/site-packages/oslo_config/cfg.py:2824}}
Aug 11 06:02:45.227044 np0000032518 devstack@n-api-meta.service[76237]: DEBUG nova.api.openstack.wsgi_app [-] oslo_messaging_rabbit.direct_mandatory_flag = True {{(pid=76237) log_opt_values /opt/stack/data/venv/lib/python3.10/site-packages/oslo_config/cfg.py:2824}}
Aug 11 06:02:45.227116 np0000032518 devstack@n-api-meta.service[76238]: DEBUG dbcounter [-] [76238] Writer thread running {{(pid=76238) stat_writer /opt/stack/data/venv/lib/python3.10/site-packages/dbcounter.py:102}}
Aug 11 06:02:45.227168 np0000032518 devstack@n-api-meta.service[76237]: DEBUG nova.api.openstack.wsgi_app [-] oslo_messaging_rabbit.enable_cancel_on_failover = False {{(pid=76237) log_opt_values /opt/stack/data/venv/lib/python3.10/site-packages/oslo_config/cfg.py:2824}}
Aug 11 06:02:45.227252 np0000032518 devstack@n-api-meta.service[76237]: DEBUG nova.api.openstack.wsgi_app [-] oslo_messaging_rabbit.heartbeat_in_pthread = False {{(pid=76237) log_opt_values /opt/stack/data/venv/lib/python3.10/site-packages/oslo_config/cfg.py:2824}}
Aug 11 06:02:45.227382 np0000032518 devstack@n-api-meta.service[76237]: DEBUG nova.api.openstack.wsgi_app [-] oslo_messaging_rabbit.heartbeat_rate = 3 {{(pid=76237) log_opt_values /opt/stack/data/venv/lib/python3.10/site-packages/oslo_config/cfg.py:2824}}
Aug 11 06:02:45.227482 np0000032518 devstack@n-api-meta.service[76237]: DEBUG nova.api.openstack.wsgi_app [-] oslo_messaging_rabbit.heartbeat_timeout_threshold = 60 {{(pid=76237) log_opt_values /opt/stack/data/venv/lib/python3.10/site-packages/oslo_config/cfg.py:2824}}
Aug 11 06:02:45.227585 np0000032518 devstack@n-api-meta.service[76237]: DEBUG nova.api.openstack.wsgi_app [-] oslo_messaging_rabbit.hostname = np0000032518 {{(pid=76237) log_opt_values /opt/stack/data/venv/lib/python3.10/site-packages/oslo_config/cfg.py:2824}}
Aug 11 06:02:45.227678 np0000032518 devstack@n-api-meta.service[76237]: DEBUG nova.api.openstack.wsgi_app [-] oslo_messaging_rabbit.kombu_compression = None {{(pid=76237) log_opt_values /opt/stack/data/venv/lib/python3.10/site-packages/oslo_config/cfg.py:2824}}
Aug 11 06:02:45.227776 np0000032518 devstack@n-api-meta.service[76237]: DEBUG nova.api.openstack.wsgi_app [-] oslo_messaging_rabbit.kombu_failover_strategy = round-robin {{(pid=76237) log_opt_values /opt/stack/data/venv/lib/python3.10/site-packages/oslo_config/cfg.py:2824}}
Aug 11 06:02:45.227874 np0000032518 devstack@n-api-meta.service[76237]: DEBUG nova.api.openstack.wsgi_app [-] oslo_messaging_rabbit.kombu_missing_consumer_retry_timeout = 60 {{(pid=76237) log_opt_values /opt/stack/data/venv/lib/python3.10/site-packages/oslo_config/cfg.py:2824}}
Aug 11 06:02:45.227970 np0000032518 devstack@n-api-meta.service[76237]: DEBUG nova.api.openstack.wsgi_app [-] oslo_messaging_rabbit.kombu_reconnect_delay = 1.0 {{(pid=76237) log_opt_values /opt/stack/data/venv/lib/python3.10/site-packages/oslo_config/cfg.py:2824}}
Aug 11 06:02:45.228063 np0000032518 devstack@n-api-meta.service[76237]: DEBUG nova.api.openstack.wsgi_app [-] oslo_messaging_rabbit.kombu_reconnect_splay = 0.0 {{(pid=76237) log_opt_values /opt/stack/data/venv/lib/python3.10/site-packages/oslo_config/cfg.py:2824}}
Aug 11 06:02:45.228162 np0000032518 devstack@n-api-meta.service[76237]: DEBUG nova.api.openstack.wsgi_app [-] oslo_messaging_rabbit.processname = uwsgi {{(pid=76237) log_opt_values /opt/stack/data/venv/lib/python3.10/site-packages/oslo_config/cfg.py:2824}}
Aug 11 06:02:45.228256 np0000032518 devstack@n-api-meta.service[76237]: DEBUG nova.api.openstack.wsgi_app [-] oslo_messaging_rabbit.rabbit_ha_queues = False {{(pid=76237) log_opt_values /opt/stack/data/venv/lib/python3.10/site-packages/oslo_config/cfg.py:2824}}
Aug 11 06:02:45.228356 np0000032518 devstack@n-api-meta.service[76237]: DEBUG nova.api.openstack.wsgi_app [-] oslo_messaging_rabbit.rabbit_interval_max = 30 {{(pid=76237) log_opt_values /opt/stack/data/venv/lib/python3.10/site-packages/oslo_config/cfg.py:2824}}
Aug 11 06:02:45.228456 np0000032518 devstack@n-api-meta.service[76237]: DEBUG nova.api.openstack.wsgi_app [-] oslo_messaging_rabbit.rabbit_login_method = AMQPLAIN {{(pid=76237) log_opt_values /opt/stack/data/venv/lib/python3.10/site-packages/oslo_config/cfg.py:2824}}
Aug 11 06:02:45.228549 np0000032518 devstack@n-api-meta.service[76237]: DEBUG nova.api.openstack.wsgi_app [-] oslo_messaging_rabbit.rabbit_qos_prefetch_count = 0 {{(pid=76237) log_opt_values /opt/stack/data/venv/lib/python3.10/site-packages/oslo_config/cfg.py:2824}}
Aug 11 06:02:45.228641 np0000032518 devstack@n-api-meta.service[76237]: DEBUG nova.api.openstack.wsgi_app [-] oslo_messaging_rabbit.rabbit_quorum_delivery_limit = 0 {{(pid=76237) log_opt_values /opt/stack/data/venv/lib/python3.10/site-packages/oslo_config/cfg.py:2824}}
Aug 11 06:02:45.228739 np0000032518 devstack@n-api-meta.service[76237]: DEBUG nova.api.openstack.wsgi_app [-] oslo_messaging_rabbit.rabbit_quorum_max_memory_bytes = 0 {{(pid=76237) log_opt_values /opt/stack/data/venv/lib/python3.10/site-packages/oslo_config/cfg.py:2824}}
Aug 11 06:02:45.228834 np0000032518 devstack@n-api-meta.service[76237]: DEBUG nova.api.openstack.wsgi_app [-] oslo_messaging_rabbit.rabbit_quorum_max_memory_length = 0 {{(pid=76237) log_opt_values /opt/stack/data/venv/lib/python3.10/site-packages/oslo_config/cfg.py:2824}}
Aug 11 06:02:45.228926 np0000032518 devstack@n-api-meta.service[76237]: DEBUG nova.api.openstack.wsgi_app [-] oslo_messaging_rabbit.rabbit_quorum_queue = False {{(pid=76237) log_opt_values /opt/stack/data/venv/lib/python3.10/site-packages/oslo_config/cfg.py:2824}}
Aug 11 06:02:45.229019 np0000032518 devstack@n-api-meta.service[76237]: DEBUG nova.api.openstack.wsgi_app [-] oslo_messaging_rabbit.rabbit_retry_backoff = 2 {{(pid=76237) log_opt_values /opt/stack/data/venv/lib/python3.10/site-packages/oslo_config/cfg.py:2824}}
Aug 11 06:02:45.229091 np0000032518 devstack@n-api-meta.service[76238]: DEBUG nova.context [None req-d652f399-f7b3-4b3d-acf9-4f15e75d2e3a None None] Found 2 cells: 00000000-0000-0000-0000-000000000000(cell0),e170ca91-b430-447f-ad60-7b50ee86b5c1(cell1) {{(pid=76238) load_cells /opt/stack/nova/nova/context.py:464}}
Aug 11 06:02:45.229162 np0000032518 devstack@n-api-meta.service[76237]: DEBUG nova.api.openstack.wsgi_app [-] oslo_messaging_rabbit.rabbit_retry_interval = 1 {{(pid=76237) log_opt_values /opt/stack/data/venv/lib/python3.10/site-packages/oslo_config/cfg.py:2824}}
Aug 11 06:02:45.229213 np0000032518 devstack@n-api-meta.service[76237]: DEBUG nova.api.openstack.wsgi_app [-] oslo_messaging_rabbit.rabbit_stream_fanout = False {{(pid=76237) log_opt_values /opt/stack/data/venv/lib/python3.10/site-packages/oslo_config/cfg.py:2824}}
Aug 11 06:02:45.229295 np0000032518 devstack@n-api-meta.service[76237]: DEBUG nova.api.openstack.wsgi_app [-] oslo_messaging_rabbit.rabbit_transient_queues_ttl = 1800 {{(pid=76237) log_opt_values /opt/stack/data/venv/lib/python3.10/site-packages/oslo_config/cfg.py:2824}}
Aug 11 06:02:45.229396 np0000032518 devstack@n-api-meta.service[76237]: DEBUG nova.api.openstack.wsgi_app [-] oslo_messaging_rabbit.rabbit_transient_quorum_queue = False {{(pid=76237) log_opt_values /opt/stack/data/venv/lib/python3.10/site-packages/oslo_config/cfg.py:2824}}
Aug 11 06:02:45.229492 np0000032518 devstack@n-api-meta.service[76237]: DEBUG nova.api.openstack.wsgi_app [-] oslo_messaging_rabbit.rpc_conn_pool_size = 30 {{(pid=76237) log_opt_values /opt/stack/data/venv/lib/python3.10/site-packages/oslo_config/cfg.py:2824}}
Aug 11 06:02:45.229586 np0000032518 devstack@n-api-meta.service[76237]: DEBUG nova.api.openstack.wsgi_app [-] oslo_messaging_rabbit.ssl      = False {{(pid=76237) log_opt_values /opt/stack/data/venv/lib/python3.10/site-packages/oslo_config/cfg.py:2824}}
Aug 11 06:02:45.229683 np0000032518 devstack@n-api-meta.service[76237]: DEBUG nova.api.openstack.wsgi_app [-] oslo_messaging_rabbit.ssl_ca_file =  {{(pid=76237) log_opt_values /opt/stack/data/venv/lib/python3.10/site-packages/oslo_config/cfg.py:2824}}
Aug 11 06:02:45.229779 np0000032518 devstack@n-api-meta.service[76237]: DEBUG nova.api.openstack.wsgi_app [-] oslo_messaging_rabbit.ssl_cert_file =  {{(pid=76237) log_opt_values /opt/stack/data/venv/lib/python3.10/site-packages/oslo_config/cfg.py:2824}}
Aug 11 06:02:45.229873 np0000032518 devstack@n-api-meta.service[76237]: DEBUG nova.api.openstack.wsgi_app [-] oslo_messaging_rabbit.ssl_enforce_fips_mode = False {{(pid=76237) log_opt_values /opt/stack/data/venv/lib/python3.10/site-packages/oslo_config/cfg.py:2824}}
Aug 11 06:02:45.229969 np0000032518 devstack@n-api-meta.service[76237]: DEBUG nova.api.openstack.wsgi_app [-] oslo_messaging_rabbit.ssl_key_file =  {{(pid=76237) log_opt_values /opt/stack/data/venv/lib/python3.10/site-packages/oslo_config/cfg.py:2824}}
Aug 11 06:02:45.230070 np0000032518 devstack@n-api-meta.service[76237]: DEBUG nova.api.openstack.wsgi_app [-] oslo_messaging_rabbit.ssl_version =  {{(pid=76237) log_opt_values /opt/stack/data/venv/lib/python3.10/site-packages/oslo_config/cfg.py:2824}}
Aug 11 06:02:45.230165 np0000032518 devstack@n-api-meta.service[76237]: DEBUG nova.api.openstack.wsgi_app [-] oslo_messaging_rabbit.use_queue_manager = False {{(pid=76237) log_opt_values /opt/stack/data/venv/lib/python3.10/site-packages/oslo_config/cfg.py:2824}}
Aug 11 06:02:45.230274 np0000032518 devstack@n-api-meta.service[76237]: DEBUG nova.api.openstack.wsgi_app [-] oslo_messaging_notifications.driver = ['messagingv2'] {{(pid=76237) log_opt_values /opt/stack/data/venv/lib/python3.10/site-packages/oslo_config/cfg.py:2824}}
Aug 11 06:02:45.230375 np0000032518 devstack@n-api-meta.service[76237]: DEBUG nova.api.openstack.wsgi_app [-] oslo_messaging_notifications.retry = -1 {{(pid=76237) log_opt_values /opt/stack/data/venv/lib/python3.10/site-packages/oslo_config/cfg.py:2824}}
Aug 11 06:02:45.230478 np0000032518 devstack@n-api-meta.service[76237]: DEBUG nova.api.openstack.wsgi_app [-] oslo_messaging_notifications.topics = ['notifications'] {{(pid=76237) log_opt_values /opt/stack/data/venv/lib/python3.10/site-packages/oslo_config/cfg.py:2824}}
Aug 11 06:02:45.230576 np0000032518 devstack@n-api-meta.service[76237]: DEBUG nova.api.openstack.wsgi_app [-] oslo_messaging_notifications.transport_url = **** {{(pid=76237) log_opt_values /opt/stack/data/venv/lib/python3.10/site-packages/oslo_config/cfg.py:2824}}
Aug 11 06:02:45.230797 np0000032518 devstack@n-api-meta.service[76238]: DEBUG oslo_concurrency.lockutils [None req-d652f399-f7b3-4b3d-acf9-4f15e75d2e3a None None] Acquiring lock "00000000-0000-0000-0000-000000000000" by "nova.context.set_target_cell.<locals>.get_or_set_cached_cell_and_set_connections" {{(pid=76238) inner /opt/stack/data/venv/lib/python3.10/site-packages/oslo_concurrency/lockutils.py:405}}
Aug 11 06:02:45.230852 np0000032518 devstack@n-api-meta.service[76237]: DEBUG nova.api.openstack.wsgi_app [-] oslo_reports.file_event_handler = None {{(pid=76237) log_opt_values /opt/stack/data/venv/lib/python3.10/site-packages/oslo_config/cfg.py:2824}}
Aug 11 06:02:45.230852 np0000032518 devstack@n-api-meta.service[76237]: DEBUG nova.api.openstack.wsgi_app [-] oslo_reports.file_event_handler_interval = 1 {{(pid=76237) log_opt_values /opt/stack/data/venv/lib/python3.10/site-packages/oslo_config/cfg.py:2824}}
Aug 11 06:02:45.231120 np0000032518 devstack@n-api-meta.service[76238]: DEBUG oslo_concurrency.lockutils [None req-d652f399-f7b3-4b3d-acf9-4f15e75d2e3a None None] Lock "00000000-0000-0000-0000-000000000000" acquired by "nova.context.set_target_cell.<locals>.get_or_set_cached_cell_and_set_connections" :: waited 0.000s {{(pid=76238) inner /opt/stack/data/venv/lib/python3.10/site-packages/oslo_concurrency/lockutils.py:410}}
Aug 11 06:02:45.231172 np0000032518 devstack@n-api-meta.service[76237]: DEBUG nova.api.openstack.wsgi_app [-] oslo_reports.log_dir           = None {{(pid=76237) log_opt_values /opt/stack/data/venv/lib/python3.10/site-packages/oslo_config/cfg.py:2824}}
Aug 11 06:02:45.231172 np0000032518 devstack@n-api-meta.service[76237]: DEBUG nova.api.openstack.wsgi_app [-] ******************************************************************************** {{(pid=76237) log_opt_values /opt/stack/data/venv/lib/python3.10/site-packages/oslo_config/cfg.py:2828}}
Aug 11 06:02:45.231264 np0000032518 devstack@n-api-meta.service[76238]: DEBUG oslo_concurrency.lockutils [None req-d652f399-f7b3-4b3d-acf9-4f15e75d2e3a None None] Lock "00000000-0000-0000-0000-000000000000" "released" by "nova.context.set_target_cell.<locals>.get_or_set_cached_cell_and_set_connections" :: held 0.000s {{(pid=76238) inner /opt/stack/data/venv/lib/python3.10/site-packages/oslo_concurrency/lockutils.py:424}}
Aug 11 06:02:45.231593 np0000032518 devstack@n-api-meta.service[76238]: DEBUG oslo_concurrency.lockutils [None req-d652f399-f7b3-4b3d-acf9-4f15e75d2e3a None None] Acquiring lock "e170ca91-b430-447f-ad60-7b50ee86b5c1" by "nova.context.set_target_cell.<locals>.get_or_set_cached_cell_and_set_connections" {{(pid=76238) inner /opt/stack/data/venv/lib/python3.10/site-packages/oslo_concurrency/lockutils.py:405}}
Aug 11 06:02:45.231784 np0000032518 devstack@n-api-meta.service[76238]: DEBUG oslo_concurrency.lockutils [None req-d652f399-f7b3-4b3d-acf9-4f15e75d2e3a None None] Lock "e170ca91-b430-447f-ad60-7b50ee86b5c1" acquired by "nova.context.set_target_cell.<locals>.get_or_set_cached_cell_and_set_connections" :: waited 0.000s {{(pid=76238) inner /opt/stack/data/venv/lib/python3.10/site-packages/oslo_concurrency/lockutils.py:410}}
Aug 11 06:02:45.232655 np0000032518 devstack@n-api-meta.service[76238]: DEBUG oslo_concurrency.lockutils [None req-d652f399-f7b3-4b3d-acf9-4f15e75d2e3a None None] Lock "e170ca91-b430-447f-ad60-7b50ee86b5c1" "released" by "nova.context.set_target_cell.<locals>.get_or_set_cached_cell_and_set_connections" :: held 0.001s {{(pid=76238) inner /opt/stack/data/venv/lib/python3.10/site-packages/oslo_concurrency/lockutils.py:424}}
Aug 11 06:02:45.233851 np0000032518 devstack@n-api-meta.service[76238]: INFO dbcounter [None req-d652f399-f7b3-4b3d-acf9-4f15e75d2e3a None None] Registered counter for database nova_cell0
Aug 11 06:02:45.235851 np0000032518 devstack@n-api-meta.service[76238]: INFO dbcounter [None req-d652f399-f7b3-4b3d-acf9-4f15e75d2e3a None None] Registered counter for database nova_cell1
Aug 11 06:02:45.240091 np0000032518 devstack@n-api-meta.service[76238]: DEBUG oslo_db.sqlalchemy.engines [None req-d652f399-f7b3-4b3d-acf9-4f15e75d2e3a None None] MySQL server mode set to STRICT_TRANS_TABLES,STRICT_ALL_TABLES,NO_ZERO_IN_DATE,NO_ZERO_DATE,ERROR_FOR_DIVISION_BY_ZERO,TRADITIONAL,NO_ENGINE_SUBSTITUTION {{(pid=76238) _check_effective_sql_mode /opt/stack/data/venv/lib/python3.10/site-packages/oslo_db/sqlalchemy/engines.py:397}}
Aug 11 06:02:45.254070 np0000032518 devstack@n-api-meta.service[76237]: INFO dbcounter [None req-25d92916-ea38-4126-ace5-9d5bd5e145d3 None None] Registered counter for database nova_api
Aug 11 06:02:45.307833 np0000032518 devstack@n-api-meta.service[76238]: DEBUG oslo_db.sqlalchemy.engines [None req-d652f399-f7b3-4b3d-acf9-4f15e75d2e3a None None] MySQL server mode set to STRICT_TRANS_TABLES,STRICT_ALL_TABLES,NO_ZERO_IN_DATE,NO_ZERO_DATE,ERROR_FOR_DIVISION_BY_ZERO,TRADITIONAL,NO_ENGINE_SUBSTITUTION {{(pid=76238) _check_effective_sql_mode /opt/stack/data/venv/lib/python3.10/site-packages/oslo_db/sqlalchemy/engines.py:397}}
Aug 11 06:02:45.308243 np0000032518 devstack@n-api-meta.service[76238]: DEBUG dbcounter [-] [76238] Writer thread running {{(pid=76238) stat_writer /opt/stack/data/venv/lib/python3.10/site-packages/dbcounter.py:102}}
Aug 11 06:02:45.312277 np0000032518 devstack@n-api-meta.service[76238]: DEBUG dbcounter [-] [76238] Writer thread running {{(pid=76238) stat_writer /opt/stack/data/venv/lib/python3.10/site-packages/dbcounter.py:102}}
Aug 11 06:02:45.314453 np0000032518 devstack@n-api-meta.service[76238]: INFO dbcounter [None req-d652f399-f7b3-4b3d-acf9-4f15e75d2e3a None None] Registered counter for database nova_cell0
Aug 11 06:02:45.319163 np0000032518 devstack@n-api-meta.service[76238]: DEBUG oslo_db.sqlalchemy.engines [None req-d652f399-f7b3-4b3d-acf9-4f15e75d2e3a None None] MySQL server mode set to STRICT_TRANS_TABLES,STRICT_ALL_TABLES,NO_ZERO_IN_DATE,NO_ZERO_DATE,ERROR_FOR_DIVISION_BY_ZERO,TRADITIONAL,NO_ENGINE_SUBSTITUTION {{(pid=76238) _check_effective_sql_mode /opt/stack/data/venv/lib/python3.10/site-packages/oslo_db/sqlalchemy/engines.py:397}}
Aug 11 06:02:45.322625 np0000032518 devstack@n-api-meta.service[76237]: DEBUG oslo_db.sqlalchemy.engines [None req-25d92916-ea38-4126-ace5-9d5bd5e145d3 None None] MySQL server mode set to STRICT_TRANS_TABLES,STRICT_ALL_TABLES,NO_ZERO_IN_DATE,NO_ZERO_DATE,ERROR_FOR_DIVISION_BY_ZERO,TRADITIONAL,NO_ENGINE_SUBSTITUTION {{(pid=76237) _check_effective_sql_mode /opt/stack/data/venv/lib/python3.10/site-packages/oslo_db/sqlalchemy/engines.py:397}}
Aug 11 06:02:45.323926 np0000032518 devstack@n-api-meta.service[76238]: DEBUG dbcounter [-] [76238] Writer thread running {{(pid=76238) stat_writer /opt/stack/data/venv/lib/python3.10/site-packages/dbcounter.py:102}}
Aug 11 06:02:45.350931 np0000032518 devstack@n-api-meta.service[76237]: DEBUG dbcounter [-] [76237] Writer thread running {{(pid=76237) stat_writer /opt/stack/data/venv/lib/python3.10/site-packages/dbcounter.py:102}}
Aug 11 06:02:45.352821 np0000032518 devstack@n-api-meta.service[76237]: DEBUG nova.context [None req-25d92916-ea38-4126-ace5-9d5bd5e145d3 None None] Found 2 cells: 00000000-0000-0000-0000-000000000000(cell0),e170ca91-b430-447f-ad60-7b50ee86b5c1(cell1) {{(pid=76237) load_cells /opt/stack/nova/nova/context.py:464}}
Aug 11 06:02:45.353497 np0000032518 devstack@n-api-meta.service[76238]: WARNING nova.api.metadata.handler [None req-d652f399-f7b3-4b3d-acf9-4f15e75d2e3a None None] metadata_proxy_shared_secret is not configured, the metadata information returned by the proxy cannot be trusted
Aug 11 06:02:45.354340 np0000032518 devstack@n-api-meta.service[76237]: DEBUG oslo_concurrency.lockutils [None req-25d92916-ea38-4126-ace5-9d5bd5e145d3 None None] Acquiring lock "00000000-0000-0000-0000-000000000000" by "nova.context.set_target_cell.<locals>.get_or_set_cached_cell_and_set_connections" {{(pid=76237) inner /opt/stack/data/venv/lib/python3.10/site-packages/oslo_concurrency/lockutils.py:405}}
Aug 11 06:02:45.354529 np0000032518 devstack@n-api-meta.service[76237]: DEBUG oslo_concurrency.lockutils [None req-25d92916-ea38-4126-ace5-9d5bd5e145d3 None None] Lock "00000000-0000-0000-0000-000000000000" acquired by "nova.context.set_target_cell.<locals>.get_or_set_cached_cell_and_set_connections" :: waited 0.000s {{(pid=76237) inner /opt/stack/data/venv/lib/python3.10/site-packages/oslo_concurrency/lockutils.py:410}}
Aug 11 06:02:45.354910 np0000032518 devstack@n-api-meta.service[76237]: DEBUG oslo_concurrency.lockutils [None req-25d92916-ea38-4126-ace5-9d5bd5e145d3 None None] Lock "00000000-0000-0000-0000-000000000000" "released" by "nova.context.set_target_cell.<locals>.get_or_set_cached_cell_and_set_connections" :: held 0.000s {{(pid=76237) inner /opt/stack/data/venv/lib/python3.10/site-packages/oslo_concurrency/lockutils.py:424}}
Aug 11 06:02:45.355216 np0000032518 devstack@n-api-meta.service[76238]: WSGI app 0 (mountpoint='') ready in 2 seconds on interpreter 0x556718994d90 pid: 76238 (default app)
Aug 11 06:02:45.355248 np0000032518 devstack@n-api-meta.service[76237]: DEBUG oslo_concurrency.lockutils [None req-25d92916-ea38-4126-ace5-9d5bd5e145d3 None None] Acquiring lock "e170ca91-b430-447f-ad60-7b50ee86b5c1" by "nova.context.set_target_cell.<locals>.get_or_set_cached_cell_and_set_connections" {{(pid=76237) inner /opt/stack/data/venv/lib/python3.10/site-packages/oslo_concurrency/lockutils.py:405}}
Aug 11 06:02:45.355410 np0000032518 devstack@n-api-meta.service[76237]: DEBUG oslo_concurrency.lockutils [None req-25d92916-ea38-4126-ace5-9d5bd5e145d3 None None] Lock "e170ca91-b430-447f-ad60-7b50ee86b5c1" acquired by "nova.context.set_target_cell.<locals>.get_or_set_cached_cell_and_set_connections" :: waited 0.000s {{(pid=76237) inner /opt/stack/data/venv/lib/python3.10/site-packages/oslo_concurrency/lockutils.py:410}}
Aug 11 06:02:45.356295 np0000032518 devstack@n-api-meta.service[76237]: DEBUG oslo_concurrency.lockutils [None req-25d92916-ea38-4126-ace5-9d5bd5e145d3 None None] Lock "e170ca91-b430-447f-ad60-7b50ee86b5c1" "released" by "nova.context.set_target_cell.<locals>.get_or_set_cached_cell_and_set_connections" :: held 0.001s {{(pid=76237) inner /opt/stack/data/venv/lib/python3.10/site-packages/oslo_concurrency/lockutils.py:424}}
Aug 11 06:02:45.357464 np0000032518 devstack@n-api-meta.service[76237]: INFO dbcounter [None req-25d92916-ea38-4126-ace5-9d5bd5e145d3 None None] Registered counter for database nova_cell0
Aug 11 06:02:45.359413 np0000032518 devstack@n-api-meta.service[76237]: INFO dbcounter [None req-25d92916-ea38-4126-ace5-9d5bd5e145d3 None None] Registered counter for database nova_cell1
Aug 11 06:02:45.364991 np0000032518 devstack@n-api-meta.service[76237]: DEBUG oslo_db.sqlalchemy.engines [None req-25d92916-ea38-4126-ace5-9d5bd5e145d3 None None] MySQL server mode set to STRICT_TRANS_TABLES,STRICT_ALL_TABLES,NO_ZERO_IN_DATE,NO_ZERO_DATE,ERROR_FOR_DIVISION_BY_ZERO,TRADITIONAL,NO_ENGINE_SUBSTITUTION {{(pid=76237) _check_effective_sql_mode /opt/stack/data/venv/lib/python3.10/site-packages/oslo_db/sqlalchemy/engines.py:397}}
Aug 11 06:02:45.440148 np0000032518 devstack@n-api-meta.service[76237]: DEBUG oslo_db.sqlalchemy.engines [None req-25d92916-ea38-4126-ace5-9d5bd5e145d3 None None] MySQL server mode set to STRICT_TRANS_TABLES,STRICT_ALL_TABLES,NO_ZERO_IN_DATE,NO_ZERO_DATE,ERROR_FOR_DIVISION_BY_ZERO,TRADITIONAL,NO_ENGINE_SUBSTITUTION {{(pid=76237) _check_effective_sql_mode /opt/stack/data/venv/lib/python3.10/site-packages/oslo_db/sqlalchemy/engines.py:397}}
Aug 11 06:02:45.440563 np0000032518 devstack@n-api-meta.service[76237]: DEBUG dbcounter [-] [76237] Writer thread running {{(pid=76237) stat_writer /opt/stack/data/venv/lib/python3.10/site-packages/dbcounter.py:102}}
Aug 11 06:02:45.444442 np0000032518 devstack@n-api-meta.service[76237]: DEBUG dbcounter [-] [76237] Writer thread running {{(pid=76237) stat_writer /opt/stack/data/venv/lib/python3.10/site-packages/dbcounter.py:102}}
Aug 11 06:02:45.446767 np0000032518 devstack@n-api-meta.service[76237]: INFO dbcounter [None req-25d92916-ea38-4126-ace5-9d5bd5e145d3 None None] Registered counter for database nova_cell0
Aug 11 06:02:45.450694 np0000032518 devstack@n-api-meta.service[76237]: DEBUG oslo_db.sqlalchemy.engines [None req-25d92916-ea38-4126-ace5-9d5bd5e145d3 None None] MySQL server mode set to STRICT_TRANS_TABLES,STRICT_ALL_TABLES,NO_ZERO_IN_DATE,NO_ZERO_DATE,ERROR_FOR_DIVISION_BY_ZERO,TRADITIONAL,NO_ENGINE_SUBSTITUTION {{(pid=76237) _check_effective_sql_mode /opt/stack/data/venv/lib/python3.10/site-packages/oslo_db/sqlalchemy/engines.py:397}}
Aug 11 06:02:45.456793 np0000032518 devstack@n-api-meta.service[76237]: DEBUG dbcounter [-] [76237] Writer thread running {{(pid=76237) stat_writer /opt/stack/data/venv/lib/python3.10/site-packages/dbcounter.py:102}}
Aug 11 06:02:45.475175 np0000032518 devstack@n-api-meta.service[76237]: WARNING nova.api.metadata.handler [None req-25d92916-ea38-4126-ace5-9d5bd5e145d3 None None] metadata_proxy_shared_secret is not configured, the metadata information returned by the proxy cannot be trusted
Aug 11 06:02:45.476865 np0000032518 devstack@n-api-meta.service[76237]: WSGI app 0 (mountpoint='') ready in 2 seconds on interpreter 0x556718994d90 pid: 76237 (default app)
Aug 11 06:12:14.092487 np0000032518 devstack@n-api-meta.service[76238]: DEBUG nova.api.metadata.handler [None req-d652f399-f7b3-4b3d-acf9-4f15e75d2e3a None None] Metadata request headers: {'Host': '192.168.1.121:8775', 'User-Agent': 'python-requests/2.32.3', 'Accept-Encoding': 'gzip, deflate', 'Accept': '*/*', 'Connection': 'keep-alive', 'X-Forwarded-For': '10.1.0.20', 'X-Instance-Id': '37b7b6ab-1976-4514-9278-7d4cf693d461', 'X-Tenant-Id': '6d8e2bf3f92041bb998c675fb83bef4a', 'X-Instance-Id-Signature': 'aac438bd9cc096661e9ea009876c69dd65f5b24177a4962722650b4cf3b5407d'} {{(pid=76238) __call__ /opt/stack/nova/nova/api/metadata/handler.py:109}}
Aug 11 06:12:14.094523 np0000032518 devstack@n-api-meta.service[76238]: DEBUG dbcounter [-] [76238] Writing DB stats nova_api:SELECT=1 {{(pid=76238) stat_writer /opt/stack/data/venv/lib/python3.10/site-packages/dbcounter.py:115}}
Aug 11 06:12:14.095059 np0000032518 devstack@n-api-meta.service[76238]: DEBUG dbcounter [-] [76238] Writing DB stats nova_cell0:SELECT=1 {{(pid=76238) stat_writer /opt/stack/data/venv/lib/python3.10/site-packages/dbcounter.py:115}}
Aug 11 06:12:14.095556 np0000032518 devstack@n-api-meta.service[76238]: DEBUG dbcounter [-] [76238] Writing DB stats nova_cell1:SELECT=1 {{(pid=76238) stat_writer /opt/stack/data/venv/lib/python3.10/site-packages/dbcounter.py:115}}
Aug 11 06:12:14.095897 np0000032518 devstack@n-api-meta.service[76238]: DEBUG dbcounter [-] [76238] Writing DB stats nova_cell0:SELECT=2,nova_cell0:INSERT=1 {{(pid=76238) stat_writer /opt/stack/data/venv/lib/python3.10/site-packages/dbcounter.py:115}}
Aug 11 06:12:14.105315 np0000032518 devstack@n-api-meta.service[76238]: DEBUG oslo_concurrency.lockutils [None req-b634eaf1-ee3c-42b7-829f-54ade5780adb None None] Acquiring lock "e170ca91-b430-447f-ad60-7b50ee86b5c1" by "nova.context.set_target_cell.<locals>.get_or_set_cached_cell_and_set_connections" {{(pid=76238) inner /opt/stack/data/venv/lib/python3.10/site-packages/oslo_concurrency/lockutils.py:405}}
Aug 11 06:12:14.105500 np0000032518 devstack@n-api-meta.service[76238]: DEBUG oslo_concurrency.lockutils [None req-b634eaf1-ee3c-42b7-829f-54ade5780adb None None] Lock "e170ca91-b430-447f-ad60-7b50ee86b5c1" acquired by "nova.context.set_target_cell.<locals>.get_or_set_cached_cell_and_set_connections" :: waited 0.000s {{(pid=76238) inner /opt/stack/data/venv/lib/python3.10/site-packages/oslo_concurrency/lockutils.py:410}}
Aug 11 06:12:14.105652 np0000032518 devstack@n-api-meta.service[76238]: DEBUG oslo_concurrency.lockutils [None req-b634eaf1-ee3c-42b7-829f-54ade5780adb None None] Lock "e170ca91-b430-447f-ad60-7b50ee86b5c1" "released" by "nova.context.set_target_cell.<locals>.get_or_set_cached_cell_and_set_connections" :: held 0.000s {{(pid=76238) inner /opt/stack/data/venv/lib/python3.10/site-packages/oslo_concurrency/lockutils.py:424}}
Aug 11 06:12:14.584757 np0000032518 devstack@n-api-meta.service[76238]: [pid: 76238|app: 0|req: 1/1] 192.168.1.121 () {40 vars in 702 bytes} [Mon Aug 11 06:12:14 2025] GET /latest/meta-data/public-keys/0/openssh-key => generated 204 bytes in 492 msecs (HTTP/1.1 200) 3 headers in 100 bytes (1 switches on core 0)
Aug 11 06:13:31.935655 np0000032518 devstack@n-api-meta.service[76237]: DEBUG nova.api.metadata.handler [None req-25d92916-ea38-4126-ace5-9d5bd5e145d3 None None] Metadata request headers: {'Host': '192.168.1.121:8775', 'User-Agent': 'python-requests/2.32.3', 'Accept-Encoding': 'gzip, deflate', 'Accept': '*/*', 'Connection': 'keep-alive', 'X-Forwarded-For': '10.1.0.21', 'X-Instance-Id': '303ebd77-8821-4785-9627-8e0676a549ee', 'X-Tenant-Id': '3b7fe6f32eb44c5da88b45e6fd51591c', 'X-Instance-Id-Signature': 'aedf8ba7abbbfafa1b8a7034116207d0d35351cf7d45ea69cc043fd1c1c122ba'} {{(pid=76237) __call__ /opt/stack/nova/nova/api/metadata/handler.py:109}}
Aug 11 06:13:31.947003 np0000032518 devstack@n-api-meta.service[76237]: DEBUG dbcounter [-] [76237] Writing DB stats nova_api:SELECT=1 {{(pid=76237) stat_writer /opt/stack/data/venv/lib/python3.10/site-packages/dbcounter.py:115}}
Aug 11 06:13:31.947003 np0000032518 devstack@n-api-meta.service[76237]: DEBUG dbcounter [-] [76237] Writing DB stats nova_cell0:SELECT=1 {{(pid=76237) stat_writer /opt/stack/data/venv/lib/python3.10/site-packages/dbcounter.py:115}}
Aug 11 06:13:31.947003 np0000032518 devstack@n-api-meta.service[76237]: DEBUG dbcounter [-] [76237] Writing DB stats nova_cell1:SELECT=1 {{(pid=76237) stat_writer /opt/stack/data/venv/lib/python3.10/site-packages/dbcounter.py:115}}
Aug 11 06:13:31.947003 np0000032518 devstack@n-api-meta.service[76237]: DEBUG dbcounter [-] [76237] Writing DB stats nova_cell0:SELECT=1 {{(pid=76237) stat_writer /opt/stack/data/venv/lib/python3.10/site-packages/dbcounter.py:115}}
Aug 11 06:13:31.950999 np0000032518 devstack@n-api-meta.service[76237]: DEBUG oslo_concurrency.lockutils [None req-8c157dd0-03ea-4e65-9fca-00fc0e59b745 None None] Acquiring lock "e170ca91-b430-447f-ad60-7b50ee86b5c1" by "nova.context.set_target_cell.<locals>.get_or_set_cached_cell_and_set_connections" {{(pid=76237) inner /opt/stack/data/venv/lib/python3.10/site-packages/oslo_concurrency/lockutils.py:405}}
Aug 11 06:13:31.951360 np0000032518 devstack@n-api-meta.service[76237]: DEBUG oslo_concurrency.lockutils [None req-8c157dd0-03ea-4e65-9fca-00fc0e59b745 None None] Lock "e170ca91-b430-447f-ad60-7b50ee86b5c1" acquired by "nova.context.set_target_cell.<locals>.get_or_set_cached_cell_and_set_connections" :: waited 0.000s {{(pid=76237) inner /opt/stack/data/venv/lib/python3.10/site-packages/oslo_concurrency/lockutils.py:410}}
Aug 11 06:13:31.951640 np0000032518 devstack@n-api-meta.service[76237]: DEBUG oslo_concurrency.lockutils [None req-8c157dd0-03ea-4e65-9fca-00fc0e59b745 None None] Lock "e170ca91-b430-447f-ad60-7b50ee86b5c1" "released" by "nova.context.set_target_cell.<locals>.get_or_set_cached_cell_and_set_connections" :: held 0.000s {{(pid=76237) inner /opt/stack/data/venv/lib/python3.10/site-packages/oslo_concurrency/lockutils.py:424}}
Aug 11 06:13:32.166371 np0000032518 devstack@n-api-meta.service[76237]: [pid: 76237|app: 0|req: 1/2] 192.168.1.121 () {40 vars in 702 bytes} [Mon Aug 11 06:13:31 2025] GET /latest/meta-data/public-keys/0/openssh-key => generated 204 bytes in 231 msecs (HTTP/1.1 200) 3 headers in 100 bytes (1 switches on core 0)
Aug 11 06:14:53.400798 np0000032518 devstack@n-api-meta.service[76238]: DEBUG nova.api.metadata.handler [None req-b634eaf1-ee3c-42b7-829f-54ade5780adb None None] Metadata request headers: {'Host': '192.168.1.121:8775', 'User-Agent': 'python-requests/2.32.3', 'Accept-Encoding': 'gzip, deflate', 'Accept': '*/*', 'Connection': 'keep-alive', 'X-Forwarded-For': '10.1.0.25', 'X-Instance-Id': '9c0cb15c-3035-4693-91d2-6bc641453dd2', 'X-Tenant-Id': '6d8e2bf3f92041bb998c675fb83bef4a', 'X-Instance-Id-Signature': 'e83c5a6cd3d5343014e5658698c060938aa797db6221322a02803be270cd94b4'} {{(pid=76238) __call__ /opt/stack/nova/nova/api/metadata/handler.py:109}}
Aug 11 06:14:53.400798 np0000032518 devstack@n-api-meta.service[76238]: DEBUG dbcounter [-] [76238] Writing DB stats nova_api:SELECT=1 {{(pid=76238) stat_writer /opt/stack/data/venv/lib/python3.10/site-packages/dbcounter.py:115}}
Aug 11 06:14:53.400798 np0000032518 devstack@n-api-meta.service[76238]: DEBUG dbcounter [-] [76238] Writing DB stats nova_cell1:SELECT=4 {{(pid=76238) stat_writer /opt/stack/data/venv/lib/python3.10/site-packages/dbcounter.py:115}}
Aug 11 06:14:53.403059 np0000032518 devstack@n-api-meta.service[76238]: DEBUG oslo_concurrency.lockutils [None req-b8346051-8170-41e2-b9c3-8150d99f1f9f None None] Acquiring lock "e170ca91-b430-447f-ad60-7b50ee86b5c1" by "nova.context.set_target_cell.<locals>.get_or_set_cached_cell_and_set_connections" {{(pid=76238) inner /opt/stack/data/venv/lib/python3.10/site-packages/oslo_concurrency/lockutils.py:405}}
Aug 11 06:14:53.403393 np0000032518 devstack@n-api-meta.service[76238]: DEBUG oslo_concurrency.lockutils [None req-b8346051-8170-41e2-b9c3-8150d99f1f9f None None] Lock "e170ca91-b430-447f-ad60-7b50ee86b5c1" acquired by "nova.context.set_target_cell.<locals>.get_or_set_cached_cell_and_set_connections" :: waited 0.000s {{(pid=76238) inner /opt/stack/data/venv/lib/python3.10/site-packages/oslo_concurrency/lockutils.py:410}}
Aug 11 06:14:53.403662 np0000032518 devstack@n-api-meta.service[76238]: DEBUG oslo_concurrency.lockutils [None req-b8346051-8170-41e2-b9c3-8150d99f1f9f None None] Lock "e170ca91-b430-447f-ad60-7b50ee86b5c1" "released" by "nova.context.set_target_cell.<locals>.get_or_set_cached_cell_and_set_connections" :: held 0.000s {{(pid=76238) inner /opt/stack/data/venv/lib/python3.10/site-packages/oslo_concurrency/lockutils.py:424}}
Aug 11 06:14:53.483127 np0000032518 devstack@n-api-meta.service[76238]: [pid: 76238|app: 0|req: 2/3] 192.168.1.121 () {40 vars in 702 bytes} [Mon Aug 11 06:14:53 2025] GET /latest/meta-data/public-keys/0/openssh-key => generated 204 bytes in 86 msecs (HTTP/1.1 200) 3 headers in 100 bytes (1 switches on core 0)
Aug 11 06:17:32.240734 np0000032518 devstack@n-api-meta.service[76237]: DEBUG nova.api.metadata.handler [None req-8c157dd0-03ea-4e65-9fca-00fc0e59b745 None None] Metadata request headers: {'Host': '192.168.1.121:8775', 'User-Agent': 'python-requests/2.32.3', 'Accept-Encoding': 'gzip, deflate', 'Accept': '*/*', 'Connection': 'keep-alive', 'X-Forwarded-For': '10.1.0.29', 'X-Instance-Id': 'c23e8004-2bc7-405e-80b6-9c4b12ade59d', 'X-Tenant-Id': '6d8e2bf3f92041bb998c675fb83bef4a', 'X-Instance-Id-Signature': '0a0fafddd56616fa556d00fb8607fa9cc700d94546fbd929f9a5a8277fdc9f3a'} {{(pid=76237) __call__ /opt/stack/nova/nova/api/metadata/handler.py:109}}
Aug 11 06:17:32.241519 np0000032518 devstack@n-api-meta.service[76237]: DEBUG dbcounter [-] [76237] Writing DB stats nova_api:SELECT=1 {{(pid=76237) stat_writer /opt/stack/data/venv/lib/python3.10/site-packages/dbcounter.py:115}}
Aug 11 06:17:32.242451 np0000032518 devstack@n-api-meta.service[76237]: DEBUG dbcounter [-] [76237] Writing DB stats nova_cell1:SELECT=4 {{(pid=76237) stat_writer /opt/stack/data/venv/lib/python3.10/site-packages/dbcounter.py:115}}
Aug 11 06:17:32.248147 np0000032518 devstack@n-api-meta.service[76237]: DEBUG oslo_concurrency.lockutils [None req-6ec99ab2-2a24-4fe0-a2d0-e93df9bf8ded None None] Acquiring lock "e170ca91-b430-447f-ad60-7b50ee86b5c1" by "nova.context.set_target_cell.<locals>.get_or_set_cached_cell_and_set_connections" {{(pid=76237) inner /opt/stack/data/venv/lib/python3.10/site-packages/oslo_concurrency/lockutils.py:405}}
Aug 11 06:17:32.248451 np0000032518 devstack@n-api-meta.service[76237]: DEBUG oslo_concurrency.lockutils [None req-6ec99ab2-2a24-4fe0-a2d0-e93df9bf8ded None None] Lock "e170ca91-b430-447f-ad60-7b50ee86b5c1" acquired by "nova.context.set_target_cell.<locals>.get_or_set_cached_cell_and_set_connections" :: waited 0.000s {{(pid=76237) inner /opt/stack/data/venv/lib/python3.10/site-packages/oslo_concurrency/lockutils.py:410}}
Aug 11 06:17:32.248708 np0000032518 devstack@n-api-meta.service[76237]: DEBUG oslo_concurrency.lockutils [None req-6ec99ab2-2a24-4fe0-a2d0-e93df9bf8ded None None] Lock "e170ca91-b430-447f-ad60-7b50ee86b5c1" "released" by "nova.context.set_target_cell.<locals>.get_or_set_cached_cell_and_set_connections" :: held 0.000s {{(pid=76237) inner /opt/stack/data/venv/lib/python3.10/site-packages/oslo_concurrency/lockutils.py:424}}
Aug 11 06:17:32.331022 np0000032518 devstack@n-api-meta.service[76237]: [pid: 76237|app: 0|req: 2/4] 192.168.1.121 () {40 vars in 702 bytes} [Mon Aug 11 06:17:32 2025] GET /latest/meta-data/public-keys/0/openssh-key => generated 204 bytes in 91 msecs (HTTP/1.1 200) 3 headers in 100 bytes (1 switches on core 0)
Aug 11 06:17:34.275016 np0000032518 devstack@n-api-meta.service[76238]: DEBUG nova.api.metadata.handler [None req-b8346051-8170-41e2-b9c3-8150d99f1f9f None None] Metadata request headers: {'Host': '192.168.1.121:8775', 'User-Agent': 'python-requests/2.32.3', 'Accept-Encoding': 'gzip, deflate', 'Accept': '*/*', 'Connection': 'keep-alive', 'X-Forwarded-For': '10.1.0.23', 'X-Instance-Id': '5f65bba6-715c-4fc1-80eb-ec820c357f9e', 'X-Tenant-Id': '6d8e2bf3f92041bb998c675fb83bef4a', 'X-Instance-Id-Signature': '0c5dbf5c36499efbe08a7737cbc44a07a047bbcba72b4b1c93dd8bdddabc0f45'} {{(pid=76238) __call__ /opt/stack/nova/nova/api/metadata/handler.py:109}}
Aug 11 06:17:34.275016 np0000032518 devstack@n-api-meta.service[76238]: DEBUG dbcounter [-] [76238] Writing DB stats nova_api:SELECT=1 {{(pid=76238) stat_writer /opt/stack/data/venv/lib/python3.10/site-packages/dbcounter.py:115}}
Aug 11 06:17:34.276304 np0000032518 devstack@n-api-meta.service[76238]: DEBUG dbcounter [-] [76238] Writing DB stats nova_cell1:SELECT=4 {{(pid=76238) stat_writer /opt/stack/data/venv/lib/python3.10/site-packages/dbcounter.py:115}}
Aug 11 06:17:34.279702 np0000032518 devstack@n-api-meta.service[76238]: DEBUG oslo_concurrency.lockutils [None req-24199cc1-658e-4d18-b59c-4531282b13d0 None None] Acquiring lock "e170ca91-b430-447f-ad60-7b50ee86b5c1" by "nova.context.set_target_cell.<locals>.get_or_set_cached_cell_and_set_connections" {{(pid=76238) inner /opt/stack/data/venv/lib/python3.10/site-packages/oslo_concurrency/lockutils.py:405}}
Aug 11 06:17:34.280097 np0000032518 devstack@n-api-meta.service[76238]: DEBUG oslo_concurrency.lockutils [None req-24199cc1-658e-4d18-b59c-4531282b13d0 None None] Lock "e170ca91-b430-447f-ad60-7b50ee86b5c1" acquired by "nova.context.set_target_cell.<locals>.get_or_set_cached_cell_and_set_connections" :: waited 0.000s {{(pid=76238) inner /opt/stack/data/venv/lib/python3.10/site-packages/oslo_concurrency/lockutils.py:410}}
Aug 11 06:17:34.280509 np0000032518 devstack@n-api-meta.service[76238]: DEBUG oslo_concurrency.lockutils [None req-24199cc1-658e-4d18-b59c-4531282b13d0 None None] Lock "e170ca91-b430-447f-ad60-7b50ee86b5c1" "released" by "nova.context.set_target_cell.<locals>.get_or_set_cached_cell_and_set_connections" :: held 0.000s {{(pid=76238) inner /opt/stack/data/venv/lib/python3.10/site-packages/oslo_concurrency/lockutils.py:424}}
Aug 11 06:17:34.392873 np0000032518 devstack@n-api-meta.service[76238]: [pid: 76238|app: 0|req: 3/5] 192.168.1.121 () {40 vars in 702 bytes} [Mon Aug 11 06:17:34 2025] GET /latest/meta-data/public-keys/0/openssh-key => generated 204 bytes in 119 msecs (HTTP/1.1 200) 3 headers in 100 bytes (1 switches on core 0)
Aug 11 06:20:40.803926 np0000032518 devstack@n-api-meta.service[76237]: DEBUG nova.api.metadata.handler [None req-6ec99ab2-2a24-4fe0-a2d0-e93df9bf8ded None None] Metadata request headers: {'Host': '192.168.1.121:8775', 'User-Agent': 'python-requests/2.32.3', 'Accept-Encoding': 'gzip, deflate', 'Accept': '*/*', 'Connection': 'keep-alive', 'X-Forwarded-For': '10.1.0.24', 'X-Instance-Id': '9b2b9836-e29b-427f-8500-4b2012b58a50', 'X-Tenant-Id': '6d8e2bf3f92041bb998c675fb83bef4a', 'X-Instance-Id-Signature': 'f59c5e6d8e5369e4eea2282073f5a29f0f52b8c923c695f7536e231cf6bfbf0a'} {{(pid=76237) __call__ /opt/stack/nova/nova/api/metadata/handler.py:109}}
Aug 11 06:20:40.805968 np0000032518 devstack@n-api-meta.service[76237]: DEBUG dbcounter [-] [76237] Writing DB stats nova_api:SELECT=1 {{(pid=76237) stat_writer /opt/stack/data/venv/lib/python3.10/site-packages/dbcounter.py:115}}
Aug 11 06:20:40.805968 np0000032518 devstack@n-api-meta.service[76237]: DEBUG dbcounter [-] [76237] Writing DB stats nova_cell1:SELECT=4 {{(pid=76237) stat_writer /opt/stack/data/venv/lib/python3.10/site-packages/dbcounter.py:115}}
Aug 11 06:20:40.808478 np0000032518 devstack@n-api-meta.service[76237]: DEBUG oslo_concurrency.lockutils [None req-929ecd4c-6ca5-4126-a02e-dfc450a3dde8 None None] Acquiring lock "e170ca91-b430-447f-ad60-7b50ee86b5c1" by "nova.context.set_target_cell.<locals>.get_or_set_cached_cell_and_set_connections" {{(pid=76237) inner /opt/stack/data/venv/lib/python3.10/site-packages/oslo_concurrency/lockutils.py:405}}
Aug 11 06:20:40.808796 np0000032518 devstack@n-api-meta.service[76237]: DEBUG oslo_concurrency.lockutils [None req-929ecd4c-6ca5-4126-a02e-dfc450a3dde8 None None] Lock "e170ca91-b430-447f-ad60-7b50ee86b5c1" acquired by "nova.context.set_target_cell.<locals>.get_or_set_cached_cell_and_set_connections" :: waited 0.000s {{(pid=76237) inner /opt/stack/data/venv/lib/python3.10/site-packages/oslo_concurrency/lockutils.py:410}}
Aug 11 06:20:40.809035 np0000032518 devstack@n-api-meta.service[76237]: DEBUG oslo_concurrency.lockutils [None req-929ecd4c-6ca5-4126-a02e-dfc450a3dde8 None None] Lock "e170ca91-b430-447f-ad60-7b50ee86b5c1" "released" by "nova.context.set_target_cell.<locals>.get_or_set_cached_cell_and_set_connections" :: held 0.000s {{(pid=76237) inner /opt/stack/data/venv/lib/python3.10/site-packages/oslo_concurrency/lockutils.py:424}}
Aug 11 06:20:40.913580 np0000032518 devstack@n-api-meta.service[76237]: [pid: 76237|app: 0|req: 3/6] 192.168.1.121 () {40 vars in 702 bytes} [Mon Aug 11 06:20:40 2025] GET /latest/meta-data/public-keys/0/openssh-key => generated 204 bytes in 110 msecs (HTTP/1.1 200) 3 headers in 100 bytes (1 switches on core 0)
