Aug 11 06:02:16.730217 np0000032518 devstack@n-api.service[70316]: DEBUG nova.api.openstack.wsgi_app [-] oslo_messaging_rabbit.rabbit_transient_queues_ttl = 1800 {{(pid=70316) log_opt_values /opt/stack/data/venv/lib/python3.10/site-packages/oslo_config/cfg.py:2824}}
Aug 11 06:02:16.730391 np0000032518 devstack@n-api.service[70316]: DEBUG nova.api.openstack.wsgi_app [-] oslo_messaging_rabbit.rabbit_transient_quorum_queue = False {{(pid=70316) log_opt_values /opt/stack/data/venv/lib/python3.10/site-packages/oslo_config/cfg.py:2824}}
Aug 11 06:02:16.730553 np0000032518 devstack@n-api.service[70316]: DEBUG nova.api.openstack.wsgi_app [-] oslo_messaging_rabbit.rpc_conn_pool_size = 30 {{(pid=70316) log_opt_values /opt/stack/data/venv/lib/python3.10/site-packages/oslo_config/cfg.py:2824}}
Aug 11 06:02:16.730715 np0000032518 devstack@n-api.service[70316]: DEBUG nova.api.openstack.wsgi_app [-] oslo_messaging_rabbit.ssl      = False {{(pid=70316) log_opt_values /opt/stack/data/venv/lib/python3.10/site-packages/oslo_config/cfg.py:2824}}
Aug 11 06:02:16.730883 np0000032518 devstack@n-api.service[70316]: DEBUG nova.api.openstack.wsgi_app [-] oslo_messaging_rabbit.ssl_ca_file =  {{(pid=70316) log_opt_values /opt/stack/data/venv/lib/python3.10/site-packages/oslo_config/cfg.py:2824}}
Aug 11 06:02:16.731060 np0000032518 devstack@n-api.service[70316]: DEBUG nova.api.openstack.wsgi_app [-] oslo_messaging_rabbit.ssl_cert_file =  {{(pid=70316) log_opt_values /opt/stack/data/venv/lib/python3.10/site-packages/oslo_config/cfg.py:2824}}
Aug 11 06:02:16.731227 np0000032518 devstack@n-api.service[70316]: DEBUG nova.api.openstack.wsgi_app [-] oslo_messaging_rabbit.ssl_enforce_fips_mode = False {{(pid=70316) log_opt_values /opt/stack/data/venv/lib/python3.10/site-packages/oslo_config/cfg.py:2824}}
Aug 11 06:02:16.731406 np0000032518 devstack@n-api.service[70316]: DEBUG nova.api.openstack.wsgi_app [-] oslo_messaging_rabbit.ssl_key_file =  {{(pid=70316) log_opt_values /opt/stack/data/venv/lib/python3.10/site-packages/oslo_config/cfg.py:2824}}
Aug 11 06:02:16.731580 np0000032518 devstack@n-api.service[70316]: DEBUG nova.api.openstack.wsgi_app [-] oslo_messaging_rabbit.ssl_version =  {{(pid=70316) log_opt_values /opt/stack/data/venv/lib/python3.10/site-packages/oslo_config/cfg.py:2824}}
Aug 11 06:02:16.731744 np0000032518 devstack@n-api.service[70316]: DEBUG nova.api.openstack.wsgi_app [-] oslo_messaging_rabbit.use_queue_manager = False {{(pid=70316) log_opt_values /opt/stack/data/venv/lib/python3.10/site-packages/oslo_config/cfg.py:2824}}
Aug 11 06:02:16.731931 np0000032518 devstack@n-api.service[70316]: DEBUG nova.api.openstack.wsgi_app [-] oslo_messaging_notifications.driver = ['messagingv2'] {{(pid=70316) log_opt_values /opt/stack/data/venv/lib/python3.10/site-packages/oslo_config/cfg.py:2824}}
Aug 11 06:02:16.732097 np0000032518 devstack@n-api.service[70316]: DEBUG nova.api.openstack.wsgi_app [-] oslo_messaging_notifications.retry = -1 {{(pid=70316) log_opt_values /opt/stack/data/venv/lib/python3.10/site-packages/oslo_config/cfg.py:2824}}
Aug 11 06:02:16.732275 np0000032518 devstack@n-api.service[70316]: DEBUG nova.api.openstack.wsgi_app [-] oslo_messaging_notifications.topics = ['notifications'] {{(pid=70316) log_opt_values /opt/stack/data/venv/lib/python3.10/site-packages/oslo_config/cfg.py:2824}}
Aug 11 06:02:16.732454 np0000032518 devstack@n-api.service[70316]: DEBUG nova.api.openstack.wsgi_app [-] oslo_messaging_notifications.transport_url = **** {{(pid=70316) log_opt_values /opt/stack/data/venv/lib/python3.10/site-packages/oslo_config/cfg.py:2824}}
Aug 11 06:02:16.732619 np0000032518 devstack@n-api.service[70316]: DEBUG nova.api.openstack.wsgi_app [-] oslo_reports.file_event_handler = None {{(pid=70316) log_opt_values /opt/stack/data/venv/lib/python3.10/site-packages/oslo_config/cfg.py:2824}}
Aug 11 06:02:16.732780 np0000032518 devstack@n-api.service[70316]: DEBUG nova.api.openstack.wsgi_app [-] oslo_reports.file_event_handler_interval = 1 {{(pid=70316) log_opt_values /opt/stack/data/venv/lib/python3.10/site-packages/oslo_config/cfg.py:2824}}
Aug 11 06:02:16.732937 np0000032518 devstack@n-api.service[70316]: DEBUG nova.api.openstack.wsgi_app [-] oslo_reports.log_dir           = None {{(pid=70316) log_opt_values /opt/stack/data/venv/lib/python3.10/site-packages/oslo_config/cfg.py:2824}}
Aug 11 06:02:16.733064 np0000032518 devstack@n-api.service[70316]: DEBUG nova.api.openstack.wsgi_app [-] ******************************************************************************** {{(pid=70316) log_opt_values /opt/stack/data/venv/lib/python3.10/site-packages/oslo_config/cfg.py:2828}}
Aug 11 06:02:16.751466 np0000032518 devstack@n-api.service[70317]: DEBUG dbcounter [-] [70317] Writer thread running {{(pid=70317) stat_writer /opt/stack/data/venv/lib/python3.10/site-packages/dbcounter.py:102}}
Aug 11 06:02:16.753220 np0000032518 devstack@n-api.service[70317]: DEBUG nova.context [None req-7f8b621a-4f7a-4be3-9755-b323b8afb26c None None] Found 2 cells: 00000000-0000-0000-0000-000000000000(cell0),e170ca91-b430-447f-ad60-7b50ee86b5c1(cell1) {{(pid=70317) load_cells /opt/stack/nova/nova/context.py:464}}
Aug 11 06:02:16.754696 np0000032518 devstack@n-api.service[70317]: DEBUG oslo_concurrency.lockutils [None req-7f8b621a-4f7a-4be3-9755-b323b8afb26c None None] Acquiring lock "00000000-0000-0000-0000-000000000000" by "nova.context.set_target_cell.<locals>.get_or_set_cached_cell_and_set_connections" {{(pid=70317) inner /opt/stack/data/venv/lib/python3.10/site-packages/oslo_concurrency/lockutils.py:405}}
Aug 11 06:02:16.754875 np0000032518 devstack@n-api.service[70317]: DEBUG oslo_concurrency.lockutils [None req-7f8b621a-4f7a-4be3-9755-b323b8afb26c None None] Lock "00000000-0000-0000-0000-000000000000" acquired by "nova.context.set_target_cell.<locals>.get_or_set_cached_cell_and_set_connections" :: waited 0.000s {{(pid=70317) inner /opt/stack/data/venv/lib/python3.10/site-packages/oslo_concurrency/lockutils.py:410}}
Aug 11 06:02:16.755245 np0000032518 devstack@n-api.service[70317]: DEBUG oslo_concurrency.lockutils [None req-7f8b621a-4f7a-4be3-9755-b323b8afb26c None None] Lock "00000000-0000-0000-0000-000000000000" "released" by "nova.context.set_target_cell.<locals>.get_or_set_cached_cell_and_set_connections" :: held 0.000s {{(pid=70317) inner /opt/stack/data/venv/lib/python3.10/site-packages/oslo_concurrency/lockutils.py:424}}
Aug 11 06:02:16.755583 np0000032518 devstack@n-api.service[70317]: DEBUG oslo_concurrency.lockutils [None req-7f8b621a-4f7a-4be3-9755-b323b8afb26c None None] Acquiring lock "e170ca91-b430-447f-ad60-7b50ee86b5c1" by "nova.context.set_target_cell.<locals>.get_or_set_cached_cell_and_set_connections" {{(pid=70317) inner /opt/stack/data/venv/lib/python3.10/site-packages/oslo_concurrency/lockutils.py:405}}
Aug 11 06:02:16.755734 np0000032518 devstack@n-api.service[70317]: DEBUG oslo_concurrency.lockutils [None req-7f8b621a-4f7a-4be3-9755-b323b8afb26c None None] Lock "e170ca91-b430-447f-ad60-7b50ee86b5c1" acquired by "nova.context.set_target_cell.<locals>.get_or_set_cached_cell_and_set_connections" :: waited 0.000s {{(pid=70317) inner /opt/stack/data/venv/lib/python3.10/site-packages/oslo_concurrency/lockutils.py:410}}
Aug 11 06:02:16.756575 np0000032518 devstack@n-api.service[70316]: INFO dbcounter [None req-f4f6cc82-a84e-47ff-85c7-83235b303794 None None] Registered counter for database nova_api
Aug 11 06:02:16.756736 np0000032518 devstack@n-api.service[70317]: DEBUG oslo_concurrency.lockutils [None req-7f8b621a-4f7a-4be3-9755-b323b8afb26c None None] Lock "e170ca91-b430-447f-ad60-7b50ee86b5c1" "released" by "nova.context.set_target_cell.<locals>.get_or_set_cached_cell_and_set_connections" :: held 0.001s {{(pid=70317) inner /opt/stack/data/venv/lib/python3.10/site-packages/oslo_concurrency/lockutils.py:424}}
Aug 11 06:02:16.757748 np0000032518 devstack@n-api.service[70317]: INFO dbcounter [None req-7f8b621a-4f7a-4be3-9755-b323b8afb26c None None] Registered counter for database nova_cell0
Aug 11 06:02:16.759597 np0000032518 devstack@n-api.service[70317]: INFO dbcounter [None req-7f8b621a-4f7a-4be3-9755-b323b8afb26c None None] Registered counter for database nova_cell1
Aug 11 06:02:16.762639 np0000032518 devstack@n-api.service[70317]: DEBUG oslo_db.sqlalchemy.engines [None req-7f8b621a-4f7a-4be3-9755-b323b8afb26c None None] MySQL server mode set to STRICT_TRANS_TABLES,STRICT_ALL_TABLES,NO_ZERO_IN_DATE,NO_ZERO_DATE,ERROR_FOR_DIVISION_BY_ZERO,TRADITIONAL,NO_ENGINE_SUBSTITUTION {{(pid=70317) _check_effective_sql_mode /opt/stack/data/venv/lib/python3.10/site-packages/oslo_db/sqlalchemy/engines.py:397}}
Aug 11 06:02:16.818928 np0000032518 devstack@n-api.service[70316]: DEBUG oslo_db.sqlalchemy.engines [None req-f4f6cc82-a84e-47ff-85c7-83235b303794 None None] MySQL server mode set to STRICT_TRANS_TABLES,STRICT_ALL_TABLES,NO_ZERO_IN_DATE,NO_ZERO_DATE,ERROR_FOR_DIVISION_BY_ZERO,TRADITIONAL,NO_ENGINE_SUBSTITUTION {{(pid=70316) _check_effective_sql_mode /opt/stack/data/venv/lib/python3.10/site-packages/oslo_db/sqlalchemy/engines.py:397}}
Aug 11 06:02:16.830938 np0000032518 devstack@n-api.service[70317]: DEBUG dbcounter [-] [70317] Writer thread running {{(pid=70317) stat_writer /opt/stack/data/venv/lib/python3.10/site-packages/dbcounter.py:102}}
Aug 11 06:02:16.833766 np0000032518 devstack@n-api.service[70317]: DEBUG oslo_db.sqlalchemy.engines [None req-7f8b621a-4f7a-4be3-9755-b323b8afb26c None None] MySQL server mode set to STRICT_TRANS_TABLES,STRICT_ALL_TABLES,NO_ZERO_IN_DATE,NO_ZERO_DATE,ERROR_FOR_DIVISION_BY_ZERO,TRADITIONAL,NO_ENGINE_SUBSTITUTION {{(pid=70317) _check_effective_sql_mode /opt/stack/data/venv/lib/python3.10/site-packages/oslo_db/sqlalchemy/engines.py:397}}
Aug 11 06:02:16.836924 np0000032518 devstack@n-api.service[70317]: DEBUG dbcounter [-] [70317] Writer thread running {{(pid=70317) stat_writer /opt/stack/data/venv/lib/python3.10/site-packages/dbcounter.py:102}}
Aug 11 06:02:16.839002 np0000032518 devstack@n-api.service[70317]: INFO dbcounter [None req-7f8b621a-4f7a-4be3-9755-b323b8afb26c None None] Registered counter for database nova_cell0
Aug 11 06:02:16.842926 np0000032518 devstack@n-api.service[70317]: DEBUG oslo_db.sqlalchemy.engines [None req-7f8b621a-4f7a-4be3-9755-b323b8afb26c None None] MySQL server mode set to STRICT_TRANS_TABLES,STRICT_ALL_TABLES,NO_ZERO_IN_DATE,NO_ZERO_DATE,ERROR_FOR_DIVISION_BY_ZERO,TRADITIONAL,NO_ENGINE_SUBSTITUTION {{(pid=70317) _check_effective_sql_mode /opt/stack/data/venv/lib/python3.10/site-packages/oslo_db/sqlalchemy/engines.py:397}}
Aug 11 06:02:16.844426 np0000032518 devstack@n-api.service[70316]: DEBUG dbcounter [-] [70316] Writer thread running {{(pid=70316) stat_writer /opt/stack/data/venv/lib/python3.10/site-packages/dbcounter.py:102}}
Aug 11 06:02:16.846186 np0000032518 devstack@n-api.service[70316]: DEBUG nova.context [None req-f4f6cc82-a84e-47ff-85c7-83235b303794 None None] Found 2 cells: 00000000-0000-0000-0000-000000000000(cell0),e170ca91-b430-447f-ad60-7b50ee86b5c1(cell1) {{(pid=70316) load_cells /opt/stack/nova/nova/context.py:464}}
Aug 11 06:02:16.846897 np0000032518 devstack@n-api.service[70317]: DEBUG dbcounter [-] [70317] Writer thread running {{(pid=70317) stat_writer /opt/stack/data/venv/lib/python3.10/site-packages/dbcounter.py:102}}
Aug 11 06:02:16.847864 np0000032518 devstack@n-api.service[70316]: DEBUG oslo_concurrency.lockutils [None req-f4f6cc82-a84e-47ff-85c7-83235b303794 None None] Acquiring lock "00000000-0000-0000-0000-000000000000" by "nova.context.set_target_cell.<locals>.get_or_set_cached_cell_and_set_connections" {{(pid=70316) inner /opt/stack/data/venv/lib/python3.10/site-packages/oslo_concurrency/lockutils.py:405}}
Aug 11 06:02:16.848112 np0000032518 devstack@n-api.service[70316]: DEBUG oslo_concurrency.lockutils [None req-f4f6cc82-a84e-47ff-85c7-83235b303794 None None] Lock "00000000-0000-0000-0000-000000000000" acquired by "nova.context.set_target_cell.<locals>.get_or_set_cached_cell_and_set_connections" :: waited 0.000s {{(pid=70316) inner /opt/stack/data/venv/lib/python3.10/site-packages/oslo_concurrency/lockutils.py:410}}
Aug 11 06:02:16.848569 np0000032518 devstack@n-api.service[70316]: DEBUG oslo_concurrency.lockutils [None req-f4f6cc82-a84e-47ff-85c7-83235b303794 None None] Lock "00000000-0000-0000-0000-000000000000" "released" by "nova.context.set_target_cell.<locals>.get_or_set_cached_cell_and_set_connections" :: held 0.000s {{(pid=70316) inner /opt/stack/data/venv/lib/python3.10/site-packages/oslo_concurrency/lockutils.py:424}}
Aug 11 06:02:16.848982 np0000032518 devstack@n-api.service[70316]: DEBUG oslo_concurrency.lockutils [None req-f4f6cc82-a84e-47ff-85c7-83235b303794 None None] Acquiring lock "e170ca91-b430-447f-ad60-7b50ee86b5c1" by "nova.context.set_target_cell.<locals>.get_or_set_cached_cell_and_set_connections" {{(pid=70316) inner /opt/stack/data/venv/lib/python3.10/site-packages/oslo_concurrency/lockutils.py:405}}
Aug 11 06:02:16.849202 np0000032518 devstack@n-api.service[70316]: DEBUG oslo_concurrency.lockutils [None req-f4f6cc82-a84e-47ff-85c7-83235b303794 None None] Lock "e170ca91-b430-447f-ad60-7b50ee86b5c1" acquired by "nova.context.set_target_cell.<locals>.get_or_set_cached_cell_and_set_connections" :: waited 0.000s {{(pid=70316) inner /opt/stack/data/venv/lib/python3.10/site-packages/oslo_concurrency/lockutils.py:410}}
Aug 11 06:02:16.850200 np0000032518 devstack@n-api.service[70316]: DEBUG oslo_concurrency.lockutils [None req-f4f6cc82-a84e-47ff-85c7-83235b303794 None None] Lock "e170ca91-b430-447f-ad60-7b50ee86b5c1" "released" by "nova.context.set_target_cell.<locals>.get_or_set_cached_cell_and_set_connections" :: held 0.001s {{(pid=70316) inner /opt/stack/data/venv/lib/python3.10/site-packages/oslo_concurrency/lockutils.py:424}}
Aug 11 06:02:16.851460 np0000032518 devstack@n-api.service[70316]: INFO dbcounter [None req-f4f6cc82-a84e-47ff-85c7-83235b303794 None None] Registered counter for database nova_cell0
Aug 11 06:02:16.853429 np0000032518 devstack@n-api.service[70316]: INFO dbcounter [None req-f4f6cc82-a84e-47ff-85c7-83235b303794 None None] Registered counter for database nova_cell1
Aug 11 06:02:16.857562 np0000032518 devstack@n-api.service[70316]: DEBUG oslo_db.sqlalchemy.engines [None req-f4f6cc82-a84e-47ff-85c7-83235b303794 None None] MySQL server mode set to STRICT_TRANS_TABLES,STRICT_ALL_TABLES,NO_ZERO_IN_DATE,NO_ZERO_DATE,ERROR_FOR_DIVISION_BY_ZERO,TRADITIONAL,NO_ENGINE_SUBSTITUTION {{(pid=70316) _check_effective_sql_mode /opt/stack/data/venv/lib/python3.10/site-packages/oslo_db/sqlalchemy/engines.py:397}}
Aug 11 06:02:16.859147 np0000032518 devstack@n-api.service[70316]: DEBUG oslo_db.sqlalchemy.engines [None req-f4f6cc82-a84e-47ff-85c7-83235b303794 None None] MySQL server mode set to STRICT_TRANS_TABLES,STRICT_ALL_TABLES,NO_ZERO_IN_DATE,NO_ZERO_DATE,ERROR_FOR_DIVISION_BY_ZERO,TRADITIONAL,NO_ENGINE_SUBSTITUTION {{(pid=70316) _check_effective_sql_mode /opt/stack/data/venv/lib/python3.10/site-packages/oslo_db/sqlalchemy/engines.py:397}}
Aug 11 06:02:16.924570 np0000032518 devstack@n-api.service[70316]: DEBUG dbcounter [-] [70316] Writer thread running {{(pid=70316) stat_writer /opt/stack/data/venv/lib/python3.10/site-packages/dbcounter.py:102}}
Aug 11 06:02:16.928273 np0000032518 devstack@n-api.service[70316]: DEBUG dbcounter [-] [70316] Writer thread running {{(pid=70316) stat_writer /opt/stack/data/venv/lib/python3.10/site-packages/dbcounter.py:102}}
Aug 11 06:02:16.930311 np0000032518 devstack@n-api.service[70316]: INFO dbcounter [None req-f4f6cc82-a84e-47ff-85c7-83235b303794 None None] Registered counter for database nova_cell0
Aug 11 06:02:16.934593 np0000032518 devstack@n-api.service[70316]: DEBUG oslo_db.sqlalchemy.engines [None req-f4f6cc82-a84e-47ff-85c7-83235b303794 None None] MySQL server mode set to STRICT_TRANS_TABLES,STRICT_ALL_TABLES,NO_ZERO_IN_DATE,NO_ZERO_DATE,ERROR_FOR_DIVISION_BY_ZERO,TRADITIONAL,NO_ENGINE_SUBSTITUTION {{(pid=70316) _check_effective_sql_mode /opt/stack/data/venv/lib/python3.10/site-packages/oslo_db/sqlalchemy/engines.py:397}}
Aug 11 06:02:16.939291 np0000032518 devstack@n-api.service[70316]: DEBUG dbcounter [-] [70316] Writer thread running {{(pid=70316) stat_writer /opt/stack/data/venv/lib/python3.10/site-packages/dbcounter.py:102}}
Aug 11 06:02:17.152870 np0000032518 devstack@n-api.service[70317]: DEBUG oslo_concurrency.processutils [None req-7f8b621a-4f7a-4be3-9755-b323b8afb26c None None] Running cmd (subprocess): grep -F node.session.scan /sbin/iscsiadm {{(pid=70317) execute /opt/stack/data/venv/lib/python3.10/site-packages/oslo_concurrency/processutils.py:349}}
Aug 11 06:02:17.159555 np0000032518 devstack@n-api.service[70317]: DEBUG oslo_concurrency.processutils [None req-7f8b621a-4f7a-4be3-9755-b323b8afb26c None None] CMD "grep -F node.session.scan /sbin/iscsiadm" returned: 0 in 0.007s {{(pid=70317) execute /opt/stack/data/venv/lib/python3.10/site-packages/oslo_concurrency/processutils.py:372}}
Aug 11 06:02:17.221348 np0000032518 devstack@n-api.service[70316]: DEBUG oslo_concurrency.processutils [None req-f4f6cc82-a84e-47ff-85c7-83235b303794 None None] Running cmd (subprocess): grep -F node.session.scan /sbin/iscsiadm {{(pid=70316) execute /opt/stack/data/venv/lib/python3.10/site-packages/oslo_concurrency/processutils.py:349}}
Aug 11 06:02:17.228263 np0000032518 devstack@n-api.service[70316]: DEBUG oslo_concurrency.processutils [None req-f4f6cc82-a84e-47ff-85c7-83235b303794 None None] CMD "grep -F node.session.scan /sbin/iscsiadm" returned: 0 in 0.007s {{(pid=70316) execute /opt/stack/data/venv/lib/python3.10/site-packages/oslo_concurrency/processutils.py:372}}
Aug 11 06:02:17.499987 np0000032518 devstack@n-api.service[70317]: WARNING keystonemiddleware.auth_token [None req-7f8b621a-4f7a-4be3-9755-b323b8afb26c None None] AuthToken middleware is set with keystone_authtoken.service_token_roles_required set to False. This is backwards compatible but deprecated behaviour. Please set this to True.
Aug 11 06:02:17.501990 np0000032518 devstack@n-api.service[70316]: WARNING keystonemiddleware.auth_token [None req-f4f6cc82-a84e-47ff-85c7-83235b303794 None None] AuthToken middleware is set with keystone_authtoken.service_token_roles_required set to False. This is backwards compatible but deprecated behaviour. Please set this to True.
Aug 11 06:02:17.503386 np0000032518 devstack@n-api.service[70317]: WARNING keystonemiddleware.auth_token [None req-7f8b621a-4f7a-4be3-9755-b323b8afb26c None None] Configuring www_authenticate_uri to point to the public identity endpoint is required; clients may not be able to authenticate against an admin endpoint
Aug 11 06:02:17.505625 np0000032518 devstack@n-api.service[70316]: WARNING keystonemiddleware.auth_token [None req-f4f6cc82-a84e-47ff-85c7-83235b303794 None None] Configuring www_authenticate_uri to point to the public identity endpoint is required; clients may not be able to authenticate against an admin endpoint
Aug 11 06:02:17.578049 np0000032518 devstack@n-api.service[70317]: WARNING keystonemiddleware.auth_token [None req-7f8b621a-4f7a-4be3-9755-b323b8afb26c None None] AuthToken middleware is set with keystone_authtoken.service_token_roles_required set to False. This is backwards compatible but deprecated behaviour. Please set this to True.
Aug 11 06:02:17.580552 np0000032518 devstack@n-api.service[70317]: WARNING keystonemiddleware.auth_token [None req-7f8b621a-4f7a-4be3-9755-b323b8afb26c None None] Configuring www_authenticate_uri to point to the public identity endpoint is required; clients may not be able to authenticate against an admin endpoint
Aug 11 06:02:17.581671 np0000032518 devstack@n-api.service[70316]: WARNING keystonemiddleware.auth_token [None req-f4f6cc82-a84e-47ff-85c7-83235b303794 None None] AuthToken middleware is set with keystone_authtoken.service_token_roles_required set to False. This is backwards compatible but deprecated behaviour. Please set this to True.
Aug 11 06:02:17.582457 np0000032518 devstack@n-api.service[70317]: WSGI app 0 (mountpoint='') ready in 2 seconds on interpreter 0x55c8662add70 pid: 70317 (default app)
Aug 11 06:02:17.583371 np0000032518 devstack@n-api.service[70317]: DEBUG nova.api.openstack.wsgi [None req-7f8b621a-4f7a-4be3-9755-b323b8afb26c None None] Calling method '<bound method VersionsV2.index of <nova.api.openstack.compute.versions.VersionsV2 object at 0x7f0925b6b430>>' {{(pid=70317) _process_stack /opt/stack/nova/nova/api/openstack/wsgi.py:556}}
Aug 11 06:02:17.584536 np0000032518 devstack@n-api.service[70316]: WARNING keystonemiddleware.auth_token [None req-f4f6cc82-a84e-47ff-85c7-83235b303794 None None] Configuring www_authenticate_uri to point to the public identity endpoint is required; clients may not be able to authenticate against an admin endpoint
Aug 11 06:02:17.586122 np0000032518 devstack@n-api.service[70317]: INFO nova.api.openstack.requestlog [None req-7f8b621a-4f7a-4be3-9755-b323b8afb26c None None] 192.168.1.121 "GET /compute/v2.1/" status: 200 len: 391 microversion: 2.1 time: 0.002971
Aug 11 06:02:17.586298 np0000032518 devstack@n-api.service[70317]: [pid: 70317|app: 0|req: 1/1] 192.168.1.121 () {50 vars in 783 bytes} [Mon Aug 11 06:02:17 2025] GET /compute/v2.1/ => generated 391 bytes in 3 msecs (HTTP/1.1 200) 9 headers in 357 bytes (1 switches on core 0)
Aug 11 06:02:17.586818 np0000032518 devstack@n-api.service[70316]: WSGI app 0 (mountpoint='') ready in 2 seconds on interpreter 0x55c8662add70 pid: 70316 (default app)
Aug 11 06:02:49.447574 np0000032518 devstack@n-api.service[70317]: DEBUG nova.api.openstack.wsgi [None req-7f8b621a-4f7a-4be3-9755-b323b8afb26c None None] Calling method '<bound method VersionsV2.index of <nova.api.openstack.compute.versions.VersionsV2 object at 0x7f0925b6b430>>' {{(pid=70317) _process_stack /opt/stack/nova/nova/api/openstack/wsgi.py:556}}
Aug 11 06:02:49.450239 np0000032518 devstack@n-api.service[70317]: INFO nova.api.openstack.requestlog [None req-7f8b621a-4f7a-4be3-9755-b323b8afb26c None None] 192.168.1.121 "GET /compute/v2.1" status: 200 len: 392 microversion: 2.1 time: 0.002937
Aug 11 06:02:49.450420 np0000032518 devstack@n-api.service[70317]: [pid: 70317|app: 0|req: 2/2] 192.168.1.121 () {62 vars in 1068 bytes} [Mon Aug 11 06:02:49 2025] GET /compute/v2.1 => generated 392 bytes in 3 msecs (HTTP/1.1 200) 9 headers in 357 bytes (1 switches on core 0)
Aug 11 06:02:49.462008 np0000032518 devstack@n-api.service[70316]: DEBUG dbcounter [-] [70316] Writing DB stats nova_api:SELECT=1 {{(pid=70316) stat_writer /opt/stack/data/venv/lib/python3.10/site-packages/dbcounter.py:115}}
Aug 11 06:02:49.462528 np0000032518 devstack@n-api.service[70316]: DEBUG dbcounter [-] [70316] Writing DB stats nova_cell0:SELECT=1 {{(pid=70316) stat_writer /opt/stack/data/venv/lib/python3.10/site-packages/dbcounter.py:115}}
Aug 11 06:02:49.462886 np0000032518 devstack@n-api.service[70316]: DEBUG dbcounter [-] [70316] Writing DB stats nova_cell1:SELECT=1 {{(pid=70316) stat_writer /opt/stack/data/venv/lib/python3.10/site-packages/dbcounter.py:115}}
Aug 11 06:02:49.463224 np0000032518 devstack@n-api.service[70316]: DEBUG dbcounter [-] [70316] Writing DB stats nova_cell0:SELECT=1 {{(pid=70316) stat_writer /opt/stack/data/venv/lib/python3.10/site-packages/dbcounter.py:115}}
Aug 11 06:02:49.584484 np0000032518 devstack@n-api.service[70316]: DEBUG nova.api.openstack.wsgi [None req-e368ed6e-3e99-4abe-ae9b-92fda68b757d admin admin] Calling method '<bound method FlavorsController.detail of <nova.api.openstack.compute.flavors.FlavorsController object at 0x7f0924505540>>' {{(pid=70316) _process_stack /opt/stack/nova/nova/api/openstack/wsgi.py:556}}
Aug 11 06:02:49.599568 np0000032518 devstack@n-api.service[70316]: INFO nova.api.openstack.requestlog [None req-e368ed6e-3e99-4abe-ae9b-92fda68b757d admin admin] 192.168.1.121 "GET /compute/v2.1/flavors/detail?is_public=True" status: 200 len: 15 microversion: 2.61 time: 0.142872
Aug 11 06:02:49.599819 np0000032518 devstack@n-api.service[70316]: [pid: 70316|app: 0|req: 1/3] 192.168.1.121 () {68 vars in 1429 bytes} [Mon Aug 11 06:02:49 2025] GET /compute/v2.1/flavors/detail?is_public=True => generated 15 bytes in 144 msecs (HTTP/1.1 200) 9 headers in 358 bytes (1 switches on core 0)
Aug 11 06:02:49.687000 np0000032518 devstack@n-api.service[70317]: DEBUG nova.api.openstack.wsgi [None req-7f8b621a-4f7a-4be3-9755-b323b8afb26c None None] Calling method '<bound method VersionsV2.index of <nova.api.openstack.compute.versions.VersionsV2 object at 0x7f0925b6b430>>' {{(pid=70317) _process_stack /opt/stack/nova/nova/api/openstack/wsgi.py:556}}
Aug 11 06:02:49.689861 np0000032518 devstack@n-api.service[70317]: INFO nova.api.openstack.requestlog [None req-7f8b621a-4f7a-4be3-9755-b323b8afb26c None None] 192.168.1.121 "GET /compute/v2.1" status: 200 len: 392 microversion: 2.1 time: 0.003036
Aug 11 06:02:49.690037 np0000032518 devstack@n-api.service[70317]: [pid: 70317|app: 0|req: 3/4] 192.168.1.121 () {62 vars in 1068 bytes} [Mon Aug 11 06:02:49 2025] GET /compute/v2.1 => generated 392 bytes in 3 msecs (HTTP/1.1 200) 9 headers in 357 bytes (1 switches on core 0)
Aug 11 06:02:49.717122 np0000032518 devstack@n-api.service[70316]: DEBUG nova.api.openstack.wsgi [None req-4ef8c39e-22a3-414e-ac2b-04d647d85e91 admin admin] Action: 'create', calling method: <bound method FlavorsController.create of <nova.api.openstack.compute.flavors.FlavorsController object at 0x7f0924506080>>, body: {"flavor": {"name": "cirros256", "rxtx_factor": 1.0, "swap": 0, "os-flavor-access:is_public": true, "OS-FLV-EXT-DATA:ephemeral": 0, "vcpus": 1, "ram": 256, "id": "c1", "disk": 1}} {{(pid=70316) _process_stack /opt/stack/nova/nova/api/openstack/wsgi.py:554}}
Aug 11 06:02:49.738878 np0000032518 devstack@n-api.service[70316]: INFO nova.api.openstack.requestlog [None req-4ef8c39e-22a3-414e-ac2b-04d647d85e91 admin admin] 192.168.1.121 "POST /compute/v2.1/flavors" status: 200 len: 413 microversion: 2.61 time: 0.043025
Aug 11 06:02:49.739128 np0000032518 devstack@n-api.service[70316]: [pid: 70316|app: 0|req: 2/5] 192.168.1.121 () {72 vars in 1420 bytes} [Mon Aug 11 06:02:49 2025] POST /compute/v2.1/flavors => generated 413 bytes in 43 msecs (HTTP/1.1 200) 9 headers in 359 bytes (2 switches on core 0)
Aug 11 06:02:49.749406 np0000032518 devstack@n-api.service[70317]: DEBUG dbcounter [-] [70317] Writing DB stats nova_api:SELECT=1 {{(pid=70317) stat_writer /opt/stack/data/venv/lib/python3.10/site-packages/dbcounter.py:115}}
Aug 11 06:02:49.749945 np0000032518 devstack@n-api.service[70317]: DEBUG dbcounter [-] [70317] Writing DB stats nova_cell1:SELECT=1 {{(pid=70317) stat_writer /opt/stack/data/venv/lib/python3.10/site-packages/dbcounter.py:115}}
Aug 11 06:02:49.750291 np0000032518 devstack@n-api.service[70317]: DEBUG dbcounter [-] [70317] Writing DB stats nova_cell0:SELECT=1 {{(pid=70317) stat_writer /opt/stack/data/venv/lib/python3.10/site-packages/dbcounter.py:115}}
Aug 11 06:02:49.750624 np0000032518 devstack@n-api.service[70317]: DEBUG dbcounter [-] [70317] Writing DB stats nova_cell0:SELECT=2,nova_cell0:INSERT=1 {{(pid=70317) stat_writer /opt/stack/data/venv/lib/python3.10/site-packages/dbcounter.py:115}}
Aug 11 06:02:49.819349 np0000032518 devstack@n-api.service[70317]: DEBUG nova.api.openstack.wsgi [None req-59068ed8-db57-463f-8f05-0beaef627702 admin admin] Action: 'create', calling method: <bound method FlavorExtraSpecsController.create of <nova.api.openstack.compute.flavors_extraspecs.FlavorExtraSpecsController object at 0x7f0924548ee0>>, body: {"extra_specs": {"hw_rng:allowed": "True"}} {{(pid=70317) _process_stack /opt/stack/nova/nova/api/openstack/wsgi.py:554}}
Aug 11 06:02:49.849265 np0000032518 devstack@n-api.service[70317]: INFO nova.api.openstack.requestlog [None req-59068ed8-db57-463f-8f05-0beaef627702 admin admin] 192.168.1.121 "POST /compute/v2.1/flavors/c1/os-extra_specs" status: 200 len: 43 microversion: 2.61 time: 0.102630
Aug 11 06:02:49.849695 np0000032518 devstack@n-api.service[70317]: [pid: 70317|app: 0|req: 4/6] 192.168.1.121 () {72 vars in 1473 bytes} [Mon Aug 11 06:02:49 2025] POST /compute/v2.1/flavors/c1/os-extra_specs => generated 43 bytes in 103 msecs (HTTP/1.1 200) 9 headers in 358 bytes (1 switches on core 0)
Aug 11 06:02:49.951013 np0000032518 devstack@n-api.service[70316]: DEBUG nova.api.openstack.wsgi [None req-4ef8c39e-22a3-414e-ac2b-04d647d85e91 admin admin] Calling method '<bound method VersionsV2.index of <nova.api.openstack.compute.versions.VersionsV2 object at 0x7f0925948d30>>' {{(pid=70316) _process_stack /opt/stack/nova/nova/api/openstack/wsgi.py:556}}
Aug 11 06:02:49.952187 np0000032518 devstack@n-api.service[70316]: INFO nova.api.openstack.requestlog [None req-4ef8c39e-22a3-414e-ac2b-04d647d85e91 admin admin] 192.168.1.121 "GET /compute/v2.1" status: 200 len: 392 microversion: 2.1 time: 0.002800
Aug 11 06:02:49.952370 np0000032518 devstack@n-api.service[70316]: [pid: 70316|app: 0|req: 3/7] 192.168.1.121 () {62 vars in 1068 bytes} [Mon Aug 11 06:02:49 2025] GET /compute/v2.1 => generated 392 bytes in 3 msecs (HTTP/1.1 200) 9 headers in 357 bytes (1 switches on core 0)
Aug 11 06:02:50.026933 np0000032518 devstack@n-api.service[70317]: DEBUG nova.api.openstack.wsgi [None req-f5d92c67-fb59-4693-8239-56da76c16d2f admin admin] Action: 'create', calling method: <bound method FlavorsController.create of <nova.api.openstack.compute.flavors.FlavorsController object at 0x7f0924525e70>>, body: {"flavor": {"name": "ds512M", "rxtx_factor": 1.0, "swap": 0, "os-flavor-access:is_public": true, "OS-FLV-EXT-DATA:ephemeral": 0, "vcpus": 1, "ram": 512, "id": "d1", "disk": 5}} {{(pid=70317) _process_stack /opt/stack/nova/nova/api/openstack/wsgi.py:554}}
Aug 11 06:02:50.045412 np0000032518 devstack@n-api.service[70317]: INFO nova.api.openstack.requestlog [None req-f5d92c67-fb59-4693-8239-56da76c16d2f admin admin] 192.168.1.121 "POST /compute/v2.1/flavors" status: 200 len: 410 microversion: 2.61 time: 0.087115
Aug 11 06:02:50.045644 np0000032518 devstack@n-api.service[70317]: [pid: 70317|app: 0|req: 5/8] 192.168.1.121 () {72 vars in 1420 bytes} [Mon Aug 11 06:02:49 2025] POST /compute/v2.1/flavors => generated 410 bytes in 87 msecs (HTTP/1.1 200) 9 headers in 359 bytes (2 switches on core 0)
Aug 11 06:02:50.054845 np0000032518 devstack@n-api.service[70316]: DEBUG nova.api.openstack.wsgi [None req-bc00f78a-2aeb-4845-9eae-c41689a3e2cf admin admin] Action: 'create', calling method: <bound method FlavorExtraSpecsController.create of <nova.api.openstack.compute.flavors_extraspecs.FlavorExtraSpecsController object at 0x7f0924507dc0>>, body: {"extra_specs": {"hw_rng:allowed": "True"}} {{(pid=70316) _process_stack /opt/stack/nova/nova/api/openstack/wsgi.py:554}}
Aug 11 06:02:50.071592 np0000032518 devstack@n-api.service[70316]: INFO nova.api.openstack.requestlog [None req-bc00f78a-2aeb-4845-9eae-c41689a3e2cf admin admin] 192.168.1.121 "POST /compute/v2.1/flavors/d1/os-extra_specs" status: 200 len: 43 microversion: 2.61 time: 0.018728
Aug 11 06:02:50.071830 np0000032518 devstack@n-api.service[70316]: [pid: 70316|app: 0|req: 4/9] 192.168.1.121 () {72 vars in 1473 bytes} [Mon Aug 11 06:02:50 2025] POST /compute/v2.1/flavors/d1/os-extra_specs => generated 43 bytes in 19 msecs (HTTP/1.1 200) 9 headers in 358 bytes (1 switches on core 0)
Aug 11 06:02:50.171639 np0000032518 devstack@n-api.service[70317]: DEBUG nova.api.openstack.wsgi [None req-f5d92c67-fb59-4693-8239-56da76c16d2f admin admin] Calling method '<bound method VersionsV2.index of <nova.api.openstack.compute.versions.VersionsV2 object at 0x7f0925b6b430>>' {{(pid=70317) _process_stack /opt/stack/nova/nova/api/openstack/wsgi.py:556}}
Aug 11 06:02:50.174267 np0000032518 devstack@n-api.service[70317]: INFO nova.api.openstack.requestlog [None req-f5d92c67-fb59-4693-8239-56da76c16d2f admin admin] 192.168.1.121 "GET /compute/v2.1" status: 200 len: 392 microversion: 2.1 time: 0.002818
Aug 11 06:02:50.174455 np0000032518 devstack@n-api.service[70317]: [pid: 70317|app: 0|req: 6/10] 192.168.1.121 () {62 vars in 1068 bytes} [Mon Aug 11 06:02:50 2025] GET /compute/v2.1 => generated 392 bytes in 3 msecs (HTTP/1.1 200) 9 headers in 357 bytes (1 switches on core 0)
Aug 11 06:02:50.199578 np0000032518 devstack@n-api.service[70316]: DEBUG nova.api.openstack.wsgi [None req-b22b0246-e3e3-42bc-a360-5660ef3226ad admin admin] Action: 'create', calling method: <bound method FlavorsController.create of <nova.api.openstack.compute.flavors.FlavorsController object at 0x7f0924506080>>, body: {"flavor": {"name": "ds1G", "rxtx_factor": 1.0, "swap": 0, "os-flavor-access:is_public": true, "OS-FLV-EXT-DATA:ephemeral": 0, "vcpus": 1, "ram": 1024, "id": "d2", "disk": 10}} {{(pid=70316) _process_stack /opt/stack/nova/nova/api/openstack/wsgi.py:554}}
Aug 11 06:02:50.211660 np0000032518 devstack@n-api.service[70316]: INFO nova.api.openstack.requestlog [None req-b22b0246-e3e3-42bc-a360-5660ef3226ad admin admin] 192.168.1.121 "POST /compute/v2.1/flavors" status: 200 len: 410 microversion: 2.61 time: 0.031730
Aug 11 06:02:50.211896 np0000032518 devstack@n-api.service[70316]: [pid: 70316|app: 0|req: 5/11] 192.168.1.121 () {72 vars in 1420 bytes} [Mon Aug 11 06:02:50 2025] POST /compute/v2.1/flavors => generated 410 bytes in 32 msecs (HTTP/1.1 200) 9 headers in 359 bytes (2 switches on core 0)
Aug 11 06:02:50.220528 np0000032518 devstack@n-api.service[70317]: DEBUG nova.api.openstack.wsgi [None req-2f89cb7e-a3bd-40fe-9844-c08bef97f469 admin admin] Action: 'create', calling method: <bound method FlavorExtraSpecsController.create of <nova.api.openstack.compute.flavors_extraspecs.FlavorExtraSpecsController object at 0x7f0924548ee0>>, body: {"extra_specs": {"hw_rng:allowed": "True"}} {{(pid=70317) _process_stack /opt/stack/nova/nova/api/openstack/wsgi.py:554}}
Aug 11 06:02:50.233490 np0000032518 devstack@n-api.service[70317]: INFO nova.api.openstack.requestlog [None req-2f89cb7e-a3bd-40fe-9844-c08bef97f469 admin admin] 192.168.1.121 "POST /compute/v2.1/flavors/d2/os-extra_specs" status: 200 len: 43 microversion: 2.61 time: 0.014643
Aug 11 06:02:50.233720 np0000032518 devstack@n-api.service[70317]: [pid: 70317|app: 0|req: 7/12] 192.168.1.121 () {72 vars in 1473 bytes} [Mon Aug 11 06:02:50 2025] POST /compute/v2.1/flavors/d2/os-extra_specs => generated 43 bytes in 15 msecs (HTTP/1.1 200) 9 headers in 358 bytes (1 switches on core 0)
Aug 11 06:02:50.327981 np0000032518 devstack@n-api.service[70316]: DEBUG nova.api.openstack.wsgi [None req-b22b0246-e3e3-42bc-a360-5660ef3226ad admin admin] Calling method '<bound method VersionsV2.index of <nova.api.openstack.compute.versions.VersionsV2 object at 0x7f0925948d30>>' {{(pid=70316) _process_stack /opt/stack/nova/nova/api/openstack/wsgi.py:556}}
Aug 11 06:02:50.327981 np0000032518 devstack@n-api.service[70316]: INFO nova.api.openstack.requestlog [None req-b22b0246-e3e3-42bc-a360-5660ef3226ad admin admin] 192.168.1.121 "GET /compute/v2.1" status: 200 len: 392 microversion: 2.1 time: 0.002792
Aug 11 06:02:50.327981 np0000032518 devstack@n-api.service[70316]: [pid: 70316|app: 0|req: 6/13] 192.168.1.121 () {62 vars in 1068 bytes} [Mon Aug 11 06:02:50 2025] GET /compute/v2.1 => generated 392 bytes in 3 msecs (HTTP/1.1 200) 9 headers in 357 bytes (1 switches on core 0)
Aug 11 06:02:50.364554 np0000032518 devstack@n-api.service[70317]: DEBUG nova.api.openstack.wsgi [None req-d64e3ddc-d467-4f4e-895c-11d8a5650722 admin admin] Action: 'create', calling method: <bound method FlavorsController.create of <nova.api.openstack.compute.flavors.FlavorsController object at 0x7f0924525e70>>, body: {"flavor": {"name": "ds2G", "rxtx_factor": 1.0, "swap": 0, "os-flavor-access:is_public": true, "OS-FLV-EXT-DATA:ephemeral": 0, "vcpus": 2, "ram": 2048, "id": "d3", "disk": 10}} {{(pid=70317) _process_stack /opt/stack/nova/nova/api/openstack/wsgi.py:554}}
Aug 11 06:02:50.376095 np0000032518 devstack@n-api.service[70317]: INFO nova.api.openstack.requestlog [None req-d64e3ddc-d467-4f4e-895c-11d8a5650722 admin admin] 192.168.1.121 "POST /compute/v2.1/flavors" status: 200 len: 410 microversion: 2.61 time: 0.042148
Aug 11 06:02:50.376358 np0000032518 devstack@n-api.service[70317]: [pid: 70317|app: 0|req: 8/14] 192.168.1.121 () {72 vars in 1420 bytes} [Mon Aug 11 06:02:50 2025] POST /compute/v2.1/flavors => generated 410 bytes in 42 msecs (HTTP/1.1 200) 9 headers in 359 bytes (1 switches on core 0)
Aug 11 06:02:50.388640 np0000032518 devstack@n-api.service[70316]: DEBUG nova.api.openstack.wsgi [None req-d6747a8d-2631-4ca5-8c13-fbe8cb670362 admin admin] Action: 'create', calling method: <bound method FlavorExtraSpecsController.create of <nova.api.openstack.compute.flavors_extraspecs.FlavorExtraSpecsController object at 0x7f0924507dc0>>, body: {"extra_specs": {"hw_rng:allowed": "True"}} {{(pid=70316) _process_stack /opt/stack/nova/nova/api/openstack/wsgi.py:554}}
Aug 11 06:02:50.404438 np0000032518 devstack@n-api.service[70316]: INFO nova.api.openstack.requestlog [None req-d6747a8d-2631-4ca5-8c13-fbe8cb670362 admin admin] 192.168.1.121 "POST /compute/v2.1/flavors/d3/os-extra_specs" status: 200 len: 43 microversion: 2.61 time: 0.020228
Aug 11 06:02:50.405099 np0000032518 devstack@n-api.service[70316]: [pid: 70316|app: 0|req: 7/15] 192.168.1.121 () {72 vars in 1473 bytes} [Mon Aug 11 06:02:50 2025] POST /compute/v2.1/flavors/d3/os-extra_specs => generated 43 bytes in 21 msecs (HTTP/1.1 200) 9 headers in 358 bytes (1 switches on core 0)
Aug 11 06:02:50.505298 np0000032518 devstack@n-api.service[70317]: DEBUG nova.api.openstack.wsgi [None req-d64e3ddc-d467-4f4e-895c-11d8a5650722 admin admin] Calling method '<bound method VersionsV2.index of <nova.api.openstack.compute.versions.VersionsV2 object at 0x7f0925b6b430>>' {{(pid=70317) _process_stack /opt/stack/nova/nova/api/openstack/wsgi.py:556}}
Aug 11 06:02:50.508168 np0000032518 devstack@n-api.service[70317]: INFO nova.api.openstack.requestlog [None req-d64e3ddc-d467-4f4e-895c-11d8a5650722 admin admin] 192.168.1.121 "GET /compute/v2.1" status: 200 len: 392 microversion: 2.1 time: 0.003055
Aug 11 06:02:50.508353 np0000032518 devstack@n-api.service[70317]: [pid: 70317|app: 0|req: 9/16] 192.168.1.121 () {62 vars in 1068 bytes} [Mon Aug 11 06:02:50 2025] GET /compute/v2.1 => generated 392 bytes in 3 msecs (HTTP/1.1 200) 9 headers in 357 bytes (1 switches on core 0)
Aug 11 06:02:50.536366 np0000032518 devstack@n-api.service[70316]: DEBUG nova.api.openstack.wsgi [None req-e1114837-85c1-4224-a06b-aaefe38c7a11 admin admin] Action: 'create', calling method: <bound method FlavorsController.create of <nova.api.openstack.compute.flavors.FlavorsController object at 0x7f0924506080>>, body: {"flavor": {"name": "ds4G", "rxtx_factor": 1.0, "swap": 0, "os-flavor-access:is_public": true, "OS-FLV-EXT-DATA:ephemeral": 0, "vcpus": 4, "ram": 4096, "id": "d4", "disk": 20}} {{(pid=70316) _process_stack /opt/stack/nova/nova/api/openstack/wsgi.py:554}}
Aug 11 06:02:50.544746 np0000032518 devstack@n-api.service[70316]: INFO nova.api.openstack.requestlog [None req-e1114837-85c1-4224-a06b-aaefe38c7a11 admin admin] 192.168.1.121 "POST /compute/v2.1/flavors" status: 200 len: 410 microversion: 2.61 time: 0.030525
Aug 11 06:02:50.544746 np0000032518 devstack@n-api.service[70316]: [pid: 70316|app: 0|req: 8/17] 192.168.1.121 () {72 vars in 1420 bytes} [Mon Aug 11 06:02:50 2025] POST /compute/v2.1/flavors => generated 410 bytes in 31 msecs (HTTP/1.1 200) 9 headers in 359 bytes (1 switches on core 0)
Aug 11 06:02:50.553644 np0000032518 devstack@n-api.service[70317]: DEBUG nova.api.openstack.wsgi [None req-f088a206-e94c-4e64-ad96-f7cc7f48e6c0 admin admin] Action: 'create', calling method: <bound method FlavorExtraSpecsController.create of <nova.api.openstack.compute.flavors_extraspecs.FlavorExtraSpecsController object at 0x7f0924548ee0>>, body: {"extra_specs": {"hw_rng:allowed": "True"}} {{(pid=70317) _process_stack /opt/stack/nova/nova/api/openstack/wsgi.py:554}}
Aug 11 06:02:50.566257 np0000032518 devstack@n-api.service[70317]: INFO nova.api.openstack.requestlog [None req-f088a206-e94c-4e64-ad96-f7cc7f48e6c0 admin admin] 192.168.1.121 "POST /compute/v2.1/flavors/d4/os-extra_specs" status: 200 len: 43 microversion: 2.61 time: 0.014335
Aug 11 06:02:50.566544 np0000032518 devstack@n-api.service[70317]: [pid: 70317|app: 0|req: 10/18] 192.168.1.121 () {72 vars in 1473 bytes} [Mon Aug 11 06:02:50 2025] POST /compute/v2.1/flavors/d4/os-extra_specs => generated 43 bytes in 15 msecs (HTTP/1.1 200) 9 headers in 358 bytes (1 switches on core 0)
Aug 11 06:02:50.656913 np0000032518 devstack@n-api.service[70316]: DEBUG nova.api.openstack.wsgi [None req-e1114837-85c1-4224-a06b-aaefe38c7a11 admin admin] Calling method '<bound method VersionsV2.index of <nova.api.openstack.compute.versions.VersionsV2 object at 0x7f0925948d30>>' {{(pid=70316) _process_stack /opt/stack/nova/nova/api/openstack/wsgi.py:556}}
Aug 11 06:02:50.656913 np0000032518 devstack@n-api.service[70316]: INFO nova.api.openstack.requestlog [None req-e1114837-85c1-4224-a06b-aaefe38c7a11 admin admin] 192.168.1.121 "GET /compute/v2.1" status: 200 len: 392 microversion: 2.1 time: 0.003029
Aug 11 06:02:50.656913 np0000032518 devstack@n-api.service[70316]: [pid: 70316|app: 0|req: 9/19] 192.168.1.121 () {62 vars in 1068 bytes} [Mon Aug 11 06:02:50 2025] GET /compute/v2.1 => generated 392 bytes in 3 msecs (HTTP/1.1 200) 9 headers in 357 bytes (1 switches on core 0)
Aug 11 06:02:50.681408 np0000032518 devstack@n-api.service[70317]: DEBUG nova.api.openstack.wsgi [None req-f2d3f31f-ec10-49f4-a357-0f96c2b4d174 admin admin] Calling method '<bound method FlavorsController.detail of <nova.api.openstack.compute.flavors.FlavorsController object at 0x7f0924527010>>' {{(pid=70317) _process_stack /opt/stack/nova/nova/api/openstack/wsgi.py:556}}
Aug 11 06:02:50.695329 np0000032518 devstack@n-api.service[70317]: INFO nova.api.openstack.requestlog [None req-f2d3f31f-ec10-49f4-a357-0f96c2b4d174 admin admin] 192.168.1.121 "GET /compute/v2.1/flavors/detail?is_public=True" status: 200 len: 2136 microversion: 2.61 time: 0.033078
Aug 11 06:02:50.695571 np0000032518 devstack@n-api.service[70317]: [pid: 70317|app: 0|req: 11/20] 192.168.1.121 () {68 vars in 1429 bytes} [Mon Aug 11 06:02:50 2025] GET /compute/v2.1/flavors/detail?is_public=True => generated 2136 bytes in 33 msecs (HTTP/1.1 200) 9 headers in 360 bytes (1 switches on core 0)
Aug 11 06:02:50.789087 np0000032518 devstack@n-api.service[70316]: DEBUG nova.api.openstack.wsgi [None req-e1114837-85c1-4224-a06b-aaefe38c7a11 admin admin] Calling method '<bound method VersionsV2.index of <nova.api.openstack.compute.versions.VersionsV2 object at 0x7f0925948d30>>' {{(pid=70316) _process_stack /opt/stack/nova/nova/api/openstack/wsgi.py:556}}
Aug 11 06:02:50.791781 np0000032518 devstack@n-api.service[70316]: INFO nova.api.openstack.requestlog [None req-e1114837-85c1-4224-a06b-aaefe38c7a11 admin admin] 192.168.1.121 "GET /compute/v2.1" status: 200 len: 392 microversion: 2.1 time: 0.002875
Aug 11 06:02:50.792050 np0000032518 devstack@n-api.service[70316]: [pid: 70316|app: 0|req: 10/21] 192.168.1.121 () {62 vars in 1068 bytes} [Mon Aug 11 06:02:50 2025] GET /compute/v2.1 => generated 392 bytes in 3 msecs (HTTP/1.1 200) 9 headers in 357 bytes (1 switches on core 0)
Aug 11 06:02:50.823397 np0000032518 devstack@n-api.service[70317]: DEBUG nova.api.openstack.wsgi [None req-80809181-67d5-4504-90bf-da155df82422 admin admin] Action: 'create', calling method: <bound method FlavorsController.create of <nova.api.openstack.compute.flavors.FlavorsController object at 0x7f0924525e70>>, body: {"flavor": {"name": "m1.tiny", "rxtx_factor": 1.0, "swap": 0, "os-flavor-access:is_public": true, "OS-FLV-EXT-DATA:ephemeral": 0, "vcpus": 1, "ram": 512, "id": "1", "disk": 1}} {{(pid=70317) _process_stack /opt/stack/nova/nova/api/openstack/wsgi.py:554}}
Aug 11 06:02:50.839226 np0000032518 devstack@n-api.service[70317]: INFO nova.api.openstack.requestlog [None req-80809181-67d5-4504-90bf-da155df82422 admin admin] 192.168.1.121 "POST /compute/v2.1/flavors" status: 200 len: 408 microversion: 2.61 time: 0.041421
Aug 11 06:02:50.839614 np0000032518 devstack@n-api.service[70317]: [pid: 70317|app: 0|req: 12/22] 192.168.1.121 () {72 vars in 1420 bytes} [Mon Aug 11 06:02:50 2025] POST /compute/v2.1/flavors => generated 408 bytes in 42 msecs (HTTP/1.1 200) 9 headers in 359 bytes (1 switches on core 0)
Aug 11 06:02:50.848384 np0000032518 devstack@n-api.service[70316]: DEBUG nova.api.openstack.wsgi [None req-fa4c500b-271d-4478-b429-99eb2a54fa70 admin admin] Action: 'create', calling method: <bound method FlavorExtraSpecsController.create of <nova.api.openstack.compute.flavors_extraspecs.FlavorExtraSpecsController object at 0x7f0924507dc0>>, body: {"extra_specs": {"hw_rng:allowed": "True"}} {{(pid=70316) _process_stack /opt/stack/nova/nova/api/openstack/wsgi.py:554}}
Aug 11 06:02:50.861045 np0000032518 devstack@n-api.service[70316]: INFO nova.api.openstack.requestlog [None req-fa4c500b-271d-4478-b429-99eb2a54fa70 admin admin] 192.168.1.121 "POST /compute/v2.1/flavors/1/os-extra_specs" status: 200 len: 43 microversion: 2.61 time: 0.014338
Aug 11 06:02:50.861386 np0000032518 devstack@n-api.service[70316]: [pid: 70316|app: 0|req: 11/23] 192.168.1.121 () {72 vars in 1470 bytes} [Mon Aug 11 06:02:50 2025] POST /compute/v2.1/flavors/1/os-extra_specs => generated 43 bytes in 15 msecs (HTTP/1.1 200) 9 headers in 358 bytes (1 switches on core 0)
Aug 11 06:02:50.953864 np0000032518 devstack@n-api.service[70317]: DEBUG nova.api.openstack.wsgi [None req-80809181-67d5-4504-90bf-da155df82422 admin admin] Calling method '<bound method VersionsV2.index of <nova.api.openstack.compute.versions.VersionsV2 object at 0x7f0925b6b430>>' {{(pid=70317) _process_stack /opt/stack/nova/nova/api/openstack/wsgi.py:556}}
Aug 11 06:02:50.958138 np0000032518 devstack@n-api.service[70317]: INFO nova.api.openstack.requestlog [None req-80809181-67d5-4504-90bf-da155df82422 admin admin] 192.168.1.121 "GET /compute/v2.1" status: 200 len: 392 microversion: 2.1 time: 0.004567
Aug 11 06:02:50.958425 np0000032518 devstack@n-api.service[70317]: [pid: 70317|app: 0|req: 13/24] 192.168.1.121 () {62 vars in 1068 bytes} [Mon Aug 11 06:02:50 2025] GET /compute/v2.1 => generated 392 bytes in 5 msecs (HTTP/1.1 200) 9 headers in 357 bytes (1 switches on core 0)
Aug 11 06:02:50.984351 np0000032518 devstack@n-api.service[70316]: DEBUG nova.api.openstack.wsgi [None req-473d6c88-62f1-4d31-be1e-25b14d55f327 admin admin] Action: 'create', calling method: <bound method FlavorsController.create of <nova.api.openstack.compute.flavors.FlavorsController object at 0x7f0924506080>>, body: {"flavor": {"name": "m1.small", "rxtx_factor": 1.0, "swap": 0, "os-flavor-access:is_public": true, "OS-FLV-EXT-DATA:ephemeral": 0, "vcpus": 1, "ram": 2048, "id": "2", "disk": 20}} {{(pid=70316) _process_stack /opt/stack/nova/nova/api/openstack/wsgi.py:554}}
Aug 11 06:02:50.998079 np0000032518 devstack@n-api.service[70316]: INFO nova.api.openstack.requestlog [None req-473d6c88-62f1-4d31-be1e-25b14d55f327 admin admin] 192.168.1.121 "POST /compute/v2.1/flavors" status: 200 len: 411 microversion: 2.61 time: 0.033570
Aug 11 06:02:50.998499 np0000032518 devstack@n-api.service[70316]: [pid: 70316|app: 0|req: 12/25] 192.168.1.121 () {72 vars in 1420 bytes} [Mon Aug 11 06:02:50 2025] POST /compute/v2.1/flavors => generated 411 bytes in 34 msecs (HTTP/1.1 200) 9 headers in 359 bytes (1 switches on core 0)
Aug 11 06:02:51.008863 np0000032518 devstack@n-api.service[70317]: DEBUG nova.api.openstack.wsgi [None req-47cb7983-f4f4-4de4-b656-e117707071d7 admin admin] Action: 'create', calling method: <bound method FlavorExtraSpecsController.create of <nova.api.openstack.compute.flavors_extraspecs.FlavorExtraSpecsController object at 0x7f0924548ee0>>, body: {"extra_specs": {"hw_rng:allowed": "True"}} {{(pid=70317) _process_stack /opt/stack/nova/nova/api/openstack/wsgi.py:554}}
Aug 11 06:02:51.032928 np0000032518 devstack@n-api.service[70317]: INFO nova.api.openstack.requestlog [None req-47cb7983-f4f4-4de4-b656-e117707071d7 admin admin] 192.168.1.121 "POST /compute/v2.1/flavors/2/os-extra_specs" status: 200 len: 43 microversion: 2.61 time: 0.026621
Aug 11 06:02:51.036046 np0000032518 devstack@n-api.service[70317]: [pid: 70317|app: 0|req: 14/26] 192.168.1.121 () {72 vars in 1470 bytes} [Mon Aug 11 06:02:51 2025] POST /compute/v2.1/flavors/2/os-extra_specs => generated 43 bytes in 30 msecs (HTTP/1.1 200) 9 headers in 358 bytes (1 switches on core 0)
Aug 11 06:02:51.130822 np0000032518 devstack@n-api.service[70316]: DEBUG nova.api.openstack.wsgi [None req-473d6c88-62f1-4d31-be1e-25b14d55f327 admin admin] Calling method '<bound method VersionsV2.index of <nova.api.openstack.compute.versions.VersionsV2 object at 0x7f0925948d30>>' {{(pid=70316) _process_stack /opt/stack/nova/nova/api/openstack/wsgi.py:556}}
Aug 11 06:02:51.130822 np0000032518 devstack@n-api.service[70316]: INFO nova.api.openstack.requestlog [None req-473d6c88-62f1-4d31-be1e-25b14d55f327 admin admin] 192.168.1.121 "GET /compute/v2.1" status: 200 len: 392 microversion: 2.1 time: 0.003078
Aug 11 06:02:51.130822 np0000032518 devstack@n-api.service[70316]: [pid: 70316|app: 0|req: 13/27] 192.168.1.121 () {62 vars in 1068 bytes} [Mon Aug 11 06:02:51 2025] GET /compute/v2.1 => generated 392 bytes in 3 msecs (HTTP/1.1 200) 9 headers in 357 bytes (1 switches on core 0)
Aug 11 06:02:51.163918 np0000032518 devstack@n-api.service[70317]: DEBUG nova.api.openstack.wsgi [None req-733ff25b-3e05-4292-bd10-c5e57879991c admin admin] Action: 'create', calling method: <bound method FlavorsController.create of <nova.api.openstack.compute.flavors.FlavorsController object at 0x7f0924525e70>>, body: {"flavor": {"name": "m1.medium", "rxtx_factor": 1.0, "swap": 0, "os-flavor-access:is_public": true, "OS-FLV-EXT-DATA:ephemeral": 0, "vcpus": 2, "ram": 4096, "id": "3", "disk": 40}} {{(pid=70317) _process_stack /opt/stack/nova/nova/api/openstack/wsgi.py:554}}
