Aug 11 06:02:50.262969 np0000032518 systemd[1]: Starting Devstack devstack@g-api.service...
Aug 11 06:02:50.266352 np0000032518 devstack@g-api.service[79637]: [uWSGI] getting INI configuration from /etc/glance/glance-uwsgi.ini
Aug 11 06:02:50.267259 np0000032518 devstack@g-api.service[79637]: *** Starting uWSGI 2.0.20-debian (64bit) on [Mon Aug 11 06:02:50 2025] ***
Aug 11 06:02:50.267259 np0000032518 devstack@g-api.service[79637]: compiled with version: 11.2.0 on 21 March 2022 11:00:44
Aug 11 06:02:50.267259 np0000032518 devstack@g-api.service[79637]: os: Linux-5.15.0-151-generic #161-Ubuntu SMP Tue Jul 22 14:25:40 UTC 2025
Aug 11 06:02:50.267259 np0000032518 devstack@g-api.service[79637]: nodename: np0000032518
Aug 11 06:02:50.267259 np0000032518 devstack@g-api.service[79637]: machine: x86_64
Aug 11 06:02:50.267259 np0000032518 devstack@g-api.service[79637]: clock source: unix
Aug 11 06:02:50.267259 np0000032518 devstack@g-api.service[79637]: pcre jit disabled
Aug 11 06:02:50.267259 np0000032518 devstack@g-api.service[79637]: detected number of CPU cores: 8
Aug 11 06:02:50.267259 np0000032518 devstack@g-api.service[79637]: current working directory: /
Aug 11 06:02:50.267259 np0000032518 devstack@g-api.service[79637]: detected binary path: /usr/bin/uwsgi-core
Aug 11 06:02:50.267602 np0000032518 devstack@g-api.service[79637]: your processes number limit is 47515
Aug 11 06:02:50.267602 np0000032518 devstack@g-api.service[79637]: your memory page size is 4096 bytes
Aug 11 06:02:50.267602 np0000032518 devstack@g-api.service[79637]: detected max file descriptor number: 2048
Aug 11 06:02:50.267602 np0000032518 devstack@g-api.service[79637]: lock engine: pthread robust mutexes
Aug 11 06:02:50.267602 np0000032518 devstack@g-api.service[79637]: thunder lock: enabled
Aug 11 06:02:50.267602 np0000032518 devstack@g-api.service[79637]: uwsgi socket 0 bound to TCP address 127.0.0.1:60999 fd 4
Aug 11 06:02:50.267602 np0000032518 devstack@g-api.service[79637]: Python version: 3.10.12 (main, May 27 2025, 17:12:29) [GCC 11.4.0]
Aug 11 06:02:50.267602 np0000032518 devstack@g-api.service[79637]: PEP 405 virtualenv detected: /opt/stack/data/venv
Aug 11 06:02:50.267602 np0000032518 devstack@g-api.service[79637]: Set PythonHome to /opt/stack/data/venv
Aug 11 06:02:50.290187 np0000032518 devstack@g-api.service[79637]: Python main interpreter initialized at 0x55d67450c290
Aug 11 06:02:50.290187 np0000032518 devstack@g-api.service[79637]: python threads support enabled
Aug 11 06:02:50.290272 np0000032518 devstack@g-api.service[79637]: your server socket listen backlog is limited to 100 connections
Aug 11 06:02:50.290272 np0000032518 devstack@g-api.service[79637]: your mercy for graceful operations on workers is 80 seconds
Aug 11 06:02:50.290361 np0000032518 devstack@g-api.service[79637]: mapped 403077 bytes (393 KB) for 2 cores
Aug 11 06:02:50.290406 np0000032518 devstack@g-api.service[79637]: *** Operational MODE: preforking ***
Aug 11 06:02:50.290540 np0000032518 devstack@g-api.service[79637]: *** uWSGI is running in multiple interpreter mode ***
Aug 11 06:02:50.290540 np0000032518 devstack@g-api.service[79637]: spawned uWSGI master process (pid: 79637)
Aug 11 06:02:50.290696 np0000032518 systemd[1]: Started Devstack devstack@g-api.service.
Aug 11 06:02:50.290808 np0000032518 devstack@g-api.service[79637]: spawned uWSGI worker 1 (pid: 79638, cores: 1)
Aug 11 06:02:50.292349 np0000032518 devstack@g-api.service[79637]: spawned uWSGI worker 2 (pid: 79639, cores: 1)
Aug 11 06:02:50.292349 np0000032518 devstack@g-api.service[79637]: running "unix_signal:15 gracefully_kill_them_all" (master-start)...
Aug 11 06:02:50.911118 np0000032518 devstack@g-api.service[79639]: INFO glance.async_ [-] Threadpool model set to 'NativeThreadPoolModel'
Aug 11 06:02:50.930883 np0000032518 devstack@g-api.service[79638]: INFO glance.async_ [-] Threadpool model set to 'NativeThreadPoolModel'
Aug 11 06:02:50.960370 np0000032518 devstack@g-api.service[79639]: DEBUG oslo_concurrency.processutils [-] Running cmd (subprocess): grep -F node.session.scan /sbin/iscsiadm {{(pid=79639) execute /opt/stack/data/venv/lib/python3.10/site-packages/oslo_concurrency/processutils.py:349}}
Aug 11 06:02:50.965008 np0000032518 devstack@g-api.service[79639]: DEBUG oslo_concurrency.processutils [-] CMD "grep -F node.session.scan /sbin/iscsiadm" returned: 0 in 0.005s {{(pid=79639) execute /opt/stack/data/venv/lib/python3.10/site-packages/oslo_concurrency/processutils.py:372}}
Aug 11 06:02:50.986668 np0000032518 devstack@g-api.service[79638]: DEBUG oslo_concurrency.processutils [-] Running cmd (subprocess): grep -F node.session.scan /sbin/iscsiadm {{(pid=79638) execute /opt/stack/data/venv/lib/python3.10/site-packages/oslo_concurrency/processutils.py:349}}
Aug 11 06:02:50.991643 np0000032518 devstack@g-api.service[79638]: DEBUG oslo_concurrency.processutils [-] CMD "grep -F node.session.scan /sbin/iscsiadm" returned: 0 in 0.005s {{(pid=79638) execute /opt/stack/data/venv/lib/python3.10/site-packages/oslo_concurrency/processutils.py:372}}
Aug 11 06:02:51.008571 np0000032518 devstack@g-api.service[79639]: DEBUG glance_store.common.attachment_state_manager [-] Initialising _AttachmentStateManager {{(pid=79639) __init__ /opt/stack/data/venv/lib/python3.10/site-packages/glance_store/common/attachment_state_manager.py:86}}
Aug 11 06:02:51.040064 np0000032518 devstack@g-api.service[79638]: DEBUG glance_store.common.attachment_state_manager [-] Initialising _AttachmentStateManager {{(pid=79638) __init__ /opt/stack/data/venv/lib/python3.10/site-packages/glance_store/common/attachment_state_manager.py:86}}
Aug 11 06:02:51.085837 np0000032518 devstack@g-api.service[79639]: DEBUG glance_store.backend [-] Attempting to import store cinder {{(pid=79639) _load_store /opt/stack/data/venv/lib/python3.10/site-packages/glance_store/backend.py:216}}
Aug 11 06:02:51.085999 np0000032518 devstack@g-api.service[79639]: DEBUG glance_store.backend [-] Attempting to import store file {{(pid=79639) _load_store /opt/stack/data/venv/lib/python3.10/site-packages/glance_store/backend.py:216}}
Aug 11 06:02:51.086048 np0000032518 devstack@g-api.service[79639]: DEBUG glance_store.backend [-] Attempting to import store glance.store.cinder.Store {{(pid=79639) _load_store /opt/stack/data/venv/lib/python3.10/site-packages/glance_store/backend.py:216}}
Aug 11 06:02:51.086129 np0000032518 devstack@g-api.service[79639]: DEBUG glance_store.backend [-] Attempting to import store glance.store.filesystem.Store {{(pid=79639) _load_store /opt/stack/data/venv/lib/python3.10/site-packages/glance_store/backend.py:216}}
Aug 11 06:02:51.086209 np0000032518 devstack@g-api.service[79639]: DEBUG glance_store.backend [-] Attempting to import store glance.store.http.Store {{(pid=79639) _load_store /opt/stack/data/venv/lib/python3.10/site-packages/glance_store/backend.py:216}}
Aug 11 06:02:51.086287 np0000032518 devstack@g-api.service[79639]: DEBUG glance_store.backend [-] Attempting to import store glance.store.rbd.Store {{(pid=79639) _load_store /opt/stack/data/venv/lib/python3.10/site-packages/glance_store/backend.py:216}}
Aug 11 06:02:51.086374 np0000032518 devstack@g-api.service[79639]: DEBUG glance_store.backend [-] Attempting to import store glance.store.s3.Store {{(pid=79639) _load_store /opt/stack/data/venv/lib/python3.10/site-packages/glance_store/backend.py:216}}
Aug 11 06:02:51.086451 np0000032518 devstack@g-api.service[79639]: DEBUG glance_store.backend [-] Attempting to import store glance.store.swift.Store {{(pid=79639) _load_store /opt/stack/data/venv/lib/python3.10/site-packages/glance_store/backend.py:216}}
Aug 11 06:02:51.086528 np0000032518 devstack@g-api.service[79639]: DEBUG glance_store.backend [-] Attempting to import store glance.store.vmware_datastore.Store {{(pid=79639) _load_store /opt/stack/data/venv/lib/python3.10/site-packages/glance_store/backend.py:216}}
Aug 11 06:02:51.086605 np0000032518 devstack@g-api.service[79639]: DEBUG glance_store.backend [-] Attempting to import store http {{(pid=79639) _load_store /opt/stack/data/venv/lib/python3.10/site-packages/glance_store/backend.py:216}}
Aug 11 06:02:51.086681 np0000032518 devstack@g-api.service[79639]: DEBUG glance_store.backend [-] Attempting to import store no_conf {{(pid=79639) _load_store /opt/stack/data/venv/lib/python3.10/site-packages/glance_store/backend.py:216}}
Aug 11 06:02:51.086758 np0000032518 devstack@g-api.service[79639]: DEBUG glance_store.backend [-] Attempting to import store rbd {{(pid=79639) _load_store /opt/stack/data/venv/lib/python3.10/site-packages/glance_store/backend.py:216}}
Aug 11 06:02:51.086835 np0000032518 devstack@g-api.service[79639]: DEBUG glance_store.backend [-] Attempting to import store s3 {{(pid=79639) _load_store /opt/stack/data/venv/lib/python3.10/site-packages/glance_store/backend.py:216}}
Aug 11 06:02:51.086916 np0000032518 devstack@g-api.service[79639]: DEBUG glance_store.backend [-] Attempting to import store swift {{(pid=79639) _load_store /opt/stack/data/venv/lib/python3.10/site-packages/glance_store/backend.py:216}}
Aug 11 06:02:51.087005 np0000032518 devstack@g-api.service[79639]: DEBUG glance_store.backend [-] Attempting to import store vmware {{(pid=79639) _load_store /opt/stack/data/venv/lib/python3.10/site-packages/glance_store/backend.py:216}}
Aug 11 06:02:51.087179 np0000032518 devstack@g-api.service[79639]: DEBUG glance_store.backend [-] Registering options for group glance_store {{(pid=79639) register_opts /opt/stack/data/venv/lib/python3.10/site-packages/glance_store/backend.py:145}}
Aug 11 06:02:51.087375 np0000032518 devstack@g-api.service[79639]: DEBUG glance_store.backend [-] Registering options for group glance_store {{(pid=79639) register_opts /opt/stack/data/venv/lib/python3.10/site-packages/glance_store/backend.py:145}}
Aug 11 06:02:51.087787 np0000032518 devstack@g-api.service[79639]: DEBUG glance_store.backend [-] Attempting to import store file {{(pid=79639) _load_store /opt/stack/data/venv/lib/python3.10/site-packages/glance_store/backend.py:216}}
Aug 11 06:02:51.088126 np0000032518 devstack@g-api.service[79639]: DEBUG glance_store.capabilities [-] Store glance_store._drivers.filesystem.Store doesn't support updating dynamic storage capabilities. Please overwrite 'update_capabilities' method of the store to implement updating logics if needed. {{(pid=79639) update_capabilities /opt/stack/data/venv/lib/python3.10/site-packages/glance_store/capabilities.py:91}}
Aug 11 06:02:51.088178 np0000032518 devstack@g-api.service[79639]: DEBUG glance_store.backend [-] Registering store file with schemes ('file', 'filesystem') {{(pid=79639) create_stores /opt/stack/data/venv/lib/python3.10/site-packages/glance_store/backend.py:262}}
Aug 11 06:02:51.088230 np0000032518 devstack@g-api.service[79639]: DEBUG glance_store.driver [-] Late loading location class glance_store._drivers.filesystem.StoreLocation {{(pid=79639) get_store_location_class /opt/stack/data/venv/lib/python3.10/site-packages/glance_store/driver.py:133}}
Aug 11 06:02:51.088306 np0000032518 devstack@g-api.service[79639]: DEBUG glance_store.location [-] Registering scheme file with {'store': <glance_store._drivers.filesystem.Store object at 0x7f00db9d2bc0>, 'location_class': <class 'glance_store._drivers.filesystem.StoreLocation'>, 'store_entry': 'file'} {{(pid=79639) register_scheme_map /opt/stack/data/venv/lib/python3.10/site-packages/glance_store/location.py:146}}
Aug 11 06:02:51.088358 np0000032518 devstack@g-api.service[79639]: DEBUG glance_store.location [-] Registering scheme filesystem with {'store': <glance_store._drivers.filesystem.Store object at 0x7f00db9d2bc0>, 'location_class': <class 'glance_store._drivers.filesystem.StoreLocation'>, 'store_entry': 'file'} {{(pid=79639) register_scheme_map /opt/stack/data/venv/lib/python3.10/site-packages/glance_store/location.py:146}}
Aug 11 06:02:51.088402 np0000032518 devstack@g-api.service[79639]: DEBUG glance_store.backend [-] Attempting to import store http {{(pid=79639) _load_store /opt/stack/data/venv/lib/python3.10/site-packages/glance_store/backend.py:216}}
Aug 11 06:02:51.088579 np0000032518 devstack@g-api.service[79639]: DEBUG glance_store.capabilities [-] Store glance_store._drivers.http.Store doesn't support updating dynamic storage capabilities. Please overwrite 'update_capabilities' method of the store to implement updating logics if needed. {{(pid=79639) update_capabilities /opt/stack/data/venv/lib/python3.10/site-packages/glance_store/capabilities.py:91}}
Aug 11 06:02:51.088621 np0000032518 devstack@g-api.service[79639]: DEBUG glance_store.backend [-] Registering store http with schemes ('http', 'https') {{(pid=79639) create_stores /opt/stack/data/venv/lib/python3.10/site-packages/glance_store/backend.py:262}}
Aug 11 06:02:51.088667 np0000032518 devstack@g-api.service[79639]: DEBUG glance_store.driver [-] Late loading location class glance_store._drivers.http.StoreLocation {{(pid=79639) get_store_location_class /opt/stack/data/venv/lib/python3.10/site-packages/glance_store/driver.py:133}}
Aug 11 06:02:51.088715 np0000032518 devstack@g-api.service[79639]: DEBUG glance_store.location [-] Registering scheme http with {'store': <glance_store._drivers.http.Store object at 0x7f00db74c2e0>, 'location_class': <class 'glance_store._drivers.http.StoreLocation'>, 'store_entry': 'http'} {{(pid=79639) register_scheme_map /opt/stack/data/venv/lib/python3.10/site-packages/glance_store/location.py:146}}
Aug 11 06:02:51.088757 np0000032518 devstack@g-api.service[79639]: DEBUG glance_store.location [-] Registering scheme https with {'store': <glance_store._drivers.http.Store object at 0x7f00db74c2e0>, 'location_class': <class 'glance_store._drivers.http.StoreLocation'>, 'store_entry': 'http'} {{(pid=79639) register_scheme_map /opt/stack/data/venv/lib/python3.10/site-packages/glance_store/location.py:146}}
Aug 11 06:02:51.088999 np0000032518 devstack@g-api.service[79639]: DEBUG glance.sqlite_migration [-] SQLite caching database not located, skipping migration {{(pid=79639) get_db_path /opt/stack/glance/glance/sqlite_migration.py:68}}
Aug 11 06:02:51.089145 np0000032518 devstack@g-api.service[79639]: WARNING glance.common.wsgi_app [-] Import methods are enabled but staging directory /tmp/staging/ does not exist; Imports will fail!
Aug 11 06:02:51.124607 np0000032518 devstack@g-api.service[79638]: DEBUG glance_store.backend [-] Attempting to import store cinder {{(pid=79638) _load_store /opt/stack/data/venv/lib/python3.10/site-packages/glance_store/backend.py:216}}
Aug 11 06:02:51.124830 np0000032518 devstack@g-api.service[79638]: DEBUG glance_store.backend [-] Attempting to import store file {{(pid=79638) _load_store /opt/stack/data/venv/lib/python3.10/site-packages/glance_store/backend.py:216}}
Aug 11 06:02:51.124980 np0000032518 devstack@g-api.service[79638]: DEBUG glance_store.backend [-] Attempting to import store glance.store.cinder.Store {{(pid=79638) _load_store /opt/stack/data/venv/lib/python3.10/site-packages/glance_store/backend.py:216}}
Aug 11 06:02:51.125116 np0000032518 devstack@g-api.service[79638]: DEBUG glance_store.backend [-] Attempting to import store glance.store.filesystem.Store {{(pid=79638) _load_store /opt/stack/data/venv/lib/python3.10/site-packages/glance_store/backend.py:216}}
Aug 11 06:02:51.125249 np0000032518 devstack@g-api.service[79638]: DEBUG glance_store.backend [-] Attempting to import store glance.store.http.Store {{(pid=79638) _load_store /opt/stack/data/venv/lib/python3.10/site-packages/glance_store/backend.py:216}}
Aug 11 06:02:51.125397 np0000032518 devstack@g-api.service[79638]: DEBUG glance_store.backend [-] Attempting to import store glance.store.rbd.Store {{(pid=79638) _load_store /opt/stack/data/venv/lib/python3.10/site-packages/glance_store/backend.py:216}}
Aug 11 06:02:51.125529 np0000032518 devstack@g-api.service[79638]: DEBUG glance_store.backend [-] Attempting to import store glance.store.s3.Store {{(pid=79638) _load_store /opt/stack/data/venv/lib/python3.10/site-packages/glance_store/backend.py:216}}
Aug 11 06:02:51.125661 np0000032518 devstack@g-api.service[79638]: DEBUG glance_store.backend [-] Attempting to import store glance.store.swift.Store {{(pid=79638) _load_store /opt/stack/data/venv/lib/python3.10/site-packages/glance_store/backend.py:216}}
Aug 11 06:02:51.125792 np0000032518 devstack@g-api.service[79638]: DEBUG glance_store.backend [-] Attempting to import store glance.store.vmware_datastore.Store {{(pid=79638) _load_store /opt/stack/data/venv/lib/python3.10/site-packages/glance_store/backend.py:216}}
Aug 11 06:02:51.125922 np0000032518 devstack@g-api.service[79638]: DEBUG glance_store.backend [-] Attempting to import store http {{(pid=79638) _load_store /opt/stack/data/venv/lib/python3.10/site-packages/glance_store/backend.py:216}}
Aug 11 06:02:51.126052 np0000032518 devstack@g-api.service[79638]: DEBUG glance_store.backend [-] Attempting to import store no_conf {{(pid=79638) _load_store /opt/stack/data/venv/lib/python3.10/site-packages/glance_store/backend.py:216}}
Aug 11 06:02:51.126182 np0000032518 devstack@g-api.service[79638]: DEBUG glance_store.backend [-] Attempting to import store rbd {{(pid=79638) _load_store /opt/stack/data/venv/lib/python3.10/site-packages/glance_store/backend.py:216}}
Aug 11 06:02:51.126309 np0000032518 devstack@g-api.service[79638]: DEBUG glance_store.backend [-] Attempting to import store s3 {{(pid=79638) _load_store /opt/stack/data/venv/lib/python3.10/site-packages/glance_store/backend.py:216}}
Aug 11 06:02:51.126446 np0000032518 devstack@g-api.service[79638]: DEBUG glance_store.backend [-] Attempting to import store swift {{(pid=79638) _load_store /opt/stack/data/venv/lib/python3.10/site-packages/glance_store/backend.py:216}}
Aug 11 06:02:51.126613 np0000032518 devstack@g-api.service[79638]: DEBUG glance_store.backend [-] Attempting to import store vmware {{(pid=79638) _load_store /opt/stack/data/venv/lib/python3.10/site-packages/glance_store/backend.py:216}}
Aug 11 06:02:51.130589 np0000032518 devstack@g-api.service[79638]: DEBUG glance_store.backend [-] Registering options for group glance_store {{(pid=79638) register_opts /opt/stack/data/venv/lib/python3.10/site-packages/glance_store/backend.py:145}}
Aug 11 06:02:51.130589 np0000032518 devstack@g-api.service[79638]: DEBUG glance_store.backend [-] Registering options for group glance_store {{(pid=79638) register_opts /opt/stack/data/venv/lib/python3.10/site-packages/glance_store/backend.py:145}}
Aug 11 06:02:51.130589 np0000032518 devstack@g-api.service[79638]: DEBUG glance_store.backend [-] Attempting to import store file {{(pid=79638) _load_store /opt/stack/data/venv/lib/python3.10/site-packages/glance_store/backend.py:216}}
Aug 11 06:02:51.130589 np0000032518 devstack@g-api.service[79638]: DEBUG glance_store.capabilities [-] Store glance_store._drivers.filesystem.Store doesn't support updating dynamic storage capabilities. Please overwrite 'update_capabilities' method of the store to implement updating logics if needed. {{(pid=79638) update_capabilities /opt/stack/data/venv/lib/python3.10/site-packages/glance_store/capabilities.py:91}}
Aug 11 06:02:51.130589 np0000032518 devstack@g-api.service[79638]: DEBUG glance_store.backend [-] Registering store file with schemes ('file', 'filesystem') {{(pid=79638) create_stores /opt/stack/data/venv/lib/python3.10/site-packages/glance_store/backend.py:262}}
Aug 11 06:02:51.130589 np0000032518 devstack@g-api.service[79638]: DEBUG glance_store.driver [-] Late loading location class glance_store._drivers.filesystem.StoreLocation {{(pid=79638) get_store_location_class /opt/stack/data/venv/lib/python3.10/site-packages/glance_store/driver.py:133}}
Aug 11 06:02:51.130589 np0000032518 devstack@g-api.service[79638]: DEBUG glance_store.location [-] Registering scheme file with {'store': <glance_store._drivers.filesystem.Store object at 0x7f00db9d35e0>, 'location_class': <class 'glance_store._drivers.filesystem.StoreLocation'>, 'store_entry': 'file'} {{(pid=79638) register_scheme_map /opt/stack/data/venv/lib/python3.10/site-packages/glance_store/location.py:146}}
Aug 11 06:02:51.130927 np0000032518 devstack@g-api.service[79638]: DEBUG glance_store.location [-] Registering scheme filesystem with {'store': <glance_store._drivers.filesystem.Store object at 0x7f00db9d35e0>, 'location_class': <class 'glance_store._drivers.filesystem.StoreLocation'>, 'store_entry': 'file'} {{(pid=79638) register_scheme_map /opt/stack/data/venv/lib/python3.10/site-packages/glance_store/location.py:146}}
Aug 11 06:02:51.130927 np0000032518 devstack@g-api.service[79638]: DEBUG glance_store.backend [-] Attempting to import store http {{(pid=79638) _load_store /opt/stack/data/venv/lib/python3.10/site-packages/glance_store/backend.py:216}}
Aug 11 06:02:51.130927 np0000032518 devstack@g-api.service[79638]: DEBUG glance_store.capabilities [-] Store glance_store._drivers.http.Store doesn't support updating dynamic storage capabilities. Please overwrite 'update_capabilities' method of the store to implement updating logics if needed. {{(pid=79638) update_capabilities /opt/stack/data/venv/lib/python3.10/site-packages/glance_store/capabilities.py:91}}
Aug 11 06:02:51.130927 np0000032518 devstack@g-api.service[79638]: DEBUG glance_store.backend [-] Registering store http with schemes ('http', 'https') {{(pid=79638) create_stores /opt/stack/data/venv/lib/python3.10/site-packages/glance_store/backend.py:262}}
Aug 11 06:02:51.130927 np0000032518 devstack@g-api.service[79638]: DEBUG glance_store.driver [-] Late loading location class glance_store._drivers.http.StoreLocation {{(pid=79638) get_store_location_class /opt/stack/data/venv/lib/python3.10/site-packages/glance_store/driver.py:133}}
Aug 11 06:02:51.130927 np0000032518 devstack@g-api.service[79638]: DEBUG glance_store.location [-] Registering scheme http with {'store': <glance_store._drivers.http.Store object at 0x7f00db9d2170>, 'location_class': <class 'glance_store._drivers.http.StoreLocation'>, 'store_entry': 'http'} {{(pid=79638) register_scheme_map /opt/stack/data/venv/lib/python3.10/site-packages/glance_store/location.py:146}}
Aug 11 06:02:51.131078 np0000032518 devstack@g-api.service[79638]: DEBUG glance_store.location [-] Registering scheme https with {'store': <glance_store._drivers.http.Store object at 0x7f00db9d2170>, 'location_class': <class 'glance_store._drivers.http.StoreLocation'>, 'store_entry': 'http'} {{(pid=79638) register_scheme_map /opt/stack/data/venv/lib/python3.10/site-packages/glance_store/location.py:146}}
Aug 11 06:02:51.131078 np0000032518 devstack@g-api.service[79638]: DEBUG glance.sqlite_migration [-] SQLite caching database not located, skipping migration {{(pid=79638) get_db_path /opt/stack/glance/glance/sqlite_migration.py:68}}
Aug 11 06:02:51.131078 np0000032518 devstack@g-api.service[79638]: WARNING glance.common.wsgi_app [-] Import methods are enabled but staging directory /tmp/staging/ does not exist; Imports will fail!
Aug 11 06:02:51.317652 np0000032518 devstack@g-api.service[79639]: DEBUG glance.common.config [None req-c0e76e98-b75b-4eef-948d-421ebc208415 None None] Loading glance-api-keystone+cachemanagement from /etc/glance/glance-api-paste.ini {{(pid=79639) load_paste_app /opt/stack/glance/glance/common/config.py:750}}
Aug 11 06:02:51.382403 np0000032518 devstack@g-api.service[79638]: DEBUG glance.common.config [None req-e0df31b7-ada6-417c-94d1-8fe99f6b025e None None] Loading glance-api-keystone+cachemanagement from /etc/glance/glance-api-paste.ini {{(pid=79638) load_paste_app /opt/stack/glance/glance/common/config.py:750}}
Aug 11 06:02:51.807451 np0000032518 devstack@g-api.service[79639]: INFO glance.image_cache [None req-c0e76e98-b75b-4eef-948d-421ebc208415 None None] Image cache loaded driver 'centralized_db'.
Aug 11 06:02:51.808722 np0000032518 devstack@g-api.service[79638]: INFO glance.image_cache [None req-e0df31b7-ada6-417c-94d1-8fe99f6b025e None None] Image cache loaded driver 'centralized_db'.
Aug 11 06:02:51.833246 np0000032518 devstack@g-api.service[79639]: INFO dbcounter [None req-c0e76e98-b75b-4eef-948d-421ebc208415 None None] Registered counter for database glance
Aug 11 06:02:51.834617 np0000032518 devstack@g-api.service[79638]: INFO dbcounter [None req-e0df31b7-ada6-417c-94d1-8fe99f6b025e None None] Registered counter for database glance
Aug 11 06:02:51.842257 np0000032518 devstack@g-api.service[79639]: DEBUG oslo_db.sqlalchemy.engines [None req-c0e76e98-b75b-4eef-948d-421ebc208415 None None] MySQL server mode set to STRICT_TRANS_TABLES,STRICT_ALL_TABLES,NO_ZERO_IN_DATE,NO_ZERO_DATE,ERROR_FOR_DIVISION_BY_ZERO,TRADITIONAL,NO_ENGINE_SUBSTITUTION {{(pid=79639) _check_effective_sql_mode /opt/stack/data/venv/lib/python3.10/site-packages/oslo_db/sqlalchemy/engines.py:397}}
Aug 11 06:02:51.843980 np0000032518 devstack@g-api.service[79638]: DEBUG oslo_db.sqlalchemy.engines [None req-e0df31b7-ada6-417c-94d1-8fe99f6b025e None None] MySQL server mode set to STRICT_TRANS_TABLES,STRICT_ALL_TABLES,NO_ZERO_IN_DATE,NO_ZERO_DATE,ERROR_FOR_DIVISION_BY_ZERO,TRADITIONAL,NO_ENGINE_SUBSTITUTION {{(pid=79638) _check_effective_sql_mode /opt/stack/data/venv/lib/python3.10/site-packages/oslo_db/sqlalchemy/engines.py:397}}
Aug 11 06:02:51.860784 np0000032518 devstack@g-api.service[79639]: DEBUG dbcounter [-] [79639] Writer thread running {{(pid=79639) stat_writer /opt/stack/data/venv/lib/python3.10/site-packages/dbcounter.py:102}}
Aug 11 06:02:51.862376 np0000032518 devstack@g-api.service[79638]: DEBUG dbcounter [-] [79638] Writer thread running {{(pid=79638) stat_writer /opt/stack/data/venv/lib/python3.10/site-packages/dbcounter.py:102}}
Aug 11 06:02:51.867639 np0000032518 devstack@g-api.service[79638]: DEBUG glance.image_cache.drivers.centralized_db [None req-e0df31b7-ada6-417c-94d1-8fe99f6b025e None None] Node reference is already recorded, ignoring it {{(pid=79638) configure /opt/stack/glance/glance/image_cache/drivers/centralized_db.py:71}}
Aug 11 06:02:51.872210 np0000032518 devstack@g-api.service[79639]: INFO glance.image_cache [None req-c0e76e98-b75b-4eef-948d-421ebc208415 None None] Image cache loaded driver 'centralized_db'.
Aug 11 06:02:51.872564 np0000032518 devstack@g-api.service[79638]: INFO glance.image_cache [None req-e0df31b7-ada6-417c-94d1-8fe99f6b025e None None] Image cache loaded driver 'centralized_db'.
Aug 11 06:02:51.878575 np0000032518 devstack@g-api.service[79638]: DEBUG glance.image_cache.drivers.centralized_db [None req-e0df31b7-ada6-417c-94d1-8fe99f6b025e None None] Node reference is already recorded, ignoring it {{(pid=79638) configure /opt/stack/glance/glance/image_cache/drivers/centralized_db.py:71}}
Aug 11 06:02:51.878929 np0000032518 devstack@g-api.service[79639]: DEBUG glance.image_cache.drivers.centralized_db [None req-c0e76e98-b75b-4eef-948d-421ebc208415 None None] Node reference is already recorded, ignoring it {{(pid=79639) configure /opt/stack/glance/glance/image_cache/drivers/centralized_db.py:71}}
Aug 11 06:02:51.882974 np0000032518 devstack@g-api.service[79638]: DEBUG glance.api.v2.cached_images [None req-e0df31b7-ada6-417c-94d1-8fe99f6b025e None None] Started cache worker thread {{(pid=79638) __init__ /opt/stack/glance/glance/api/v2/cached_images.py:69}}
Aug 11 06:02:51.883398 np0000032518 devstack@g-api.service[79639]: DEBUG glance.api.v2.cached_images [None req-c0e76e98-b75b-4eef-948d-421ebc208415 None None] Started cache worker thread {{(pid=79639) __init__ /opt/stack/glance/glance/api/v2/cached_images.py:69}}
Aug 11 06:02:51.883486 np0000032518 devstack@g-api.service[79638]: INFO glance.image_cache [None req-e0df31b7-ada6-417c-94d1-8fe99f6b025e None None] Image cache loaded driver 'centralized_db'.
Aug 11 06:02:51.883940 np0000032518 devstack@g-api.service[79639]: INFO glance.image_cache [None req-c0e76e98-b75b-4eef-948d-421ebc208415 None None] Image cache loaded driver 'centralized_db'.
Aug 11 06:02:51.889089 np0000032518 devstack@g-api.service[79638]: DEBUG glance.image_cache.drivers.centralized_db [None req-e0df31b7-ada6-417c-94d1-8fe99f6b025e None None] Node reference is already recorded, ignoring it {{(pid=79638) configure /opt/stack/glance/glance/image_cache/drivers/centralized_db.py:71}}
Aug 11 06:02:51.891353 np0000032518 devstack@g-api.service[79639]: DEBUG glance.image_cache.drivers.centralized_db [None req-c0e76e98-b75b-4eef-948d-421ebc208415 None None] Node reference is already recorded, ignoring it {{(pid=79639) configure /opt/stack/glance/glance/image_cache/drivers/centralized_db.py:71}}
Aug 11 06:02:51.893309 np0000032518 devstack@g-api.service[79638]: INFO glance.api.middleware.cache_manage [None req-e0df31b7-ada6-417c-94d1-8fe99f6b025e None None] Initialized image cache management middleware
Aug 11 06:02:51.893442 np0000032518 devstack@g-api.service[79638]: INFO glance.image_cache [None req-e0df31b7-ada6-417c-94d1-8fe99f6b025e None None] Image cache loaded driver 'centralized_db'.
Aug 11 06:02:51.898838 np0000032518 devstack@g-api.service[79638]: DEBUG glance.image_cache.drivers.centralized_db [None req-e0df31b7-ada6-417c-94d1-8fe99f6b025e None None] Node reference is already recorded, ignoring it {{(pid=79638) configure /opt/stack/glance/glance/image_cache/drivers/centralized_db.py:71}}
Aug 11 06:02:51.900222 np0000032518 devstack@g-api.service[79639]: INFO glance.api.middleware.cache_manage [None req-c0e76e98-b75b-4eef-948d-421ebc208415 None None] Initialized image cache management middleware
Aug 11 06:02:51.900427 np0000032518 devstack@g-api.service[79639]: INFO glance.image_cache [None req-c0e76e98-b75b-4eef-948d-421ebc208415 None None] Image cache loaded driver 'centralized_db'.
Aug 11 06:02:51.902824 np0000032518 devstack@g-api.service[79638]: INFO glance.api.middleware.cache [None req-e0df31b7-ada6-417c-94d1-8fe99f6b025e None None] Initialized image cache middleware
Aug 11 06:02:51.907564 np0000032518 devstack@g-api.service[79639]: DEBUG glance.image_cache.drivers.centralized_db [None req-c0e76e98-b75b-4eef-948d-421ebc208415 None None] Node reference is already recorded, ignoring it {{(pid=79639) configure /opt/stack/glance/glance/image_cache/drivers/centralized_db.py:71}}
Aug 11 06:02:51.907693 np0000032518 devstack@g-api.service[79638]: WARNING keystonemiddleware.auth_token [None req-e0df31b7-ada6-417c-94d1-8fe99f6b025e None None] AuthToken middleware is set with keystone_authtoken.service_token_roles_required set to False. This is backwards compatible but deprecated behaviour. Please set this to True.
Aug 11 06:02:51.910764 np0000032518 devstack@g-api.service[79638]: WARNING keystonemiddleware.auth_token [None req-e0df31b7-ada6-417c-94d1-8fe99f6b025e None None] Configuring www_authenticate_uri to point to the public identity endpoint is required; clients may not be able to authenticate against an admin endpoint
Aug 11 06:02:51.911379 np0000032518 devstack@g-api.service[79639]: INFO glance.api.middleware.cache [None req-c0e76e98-b75b-4eef-948d-421ebc208415 None None] Initialized image cache middleware
Aug 11 06:02:51.913461 np0000032518 devstack@g-api.service[79638]: DEBUG glance.common.config [None req-e0df31b7-ada6-417c-94d1-8fe99f6b025e None None] ******************************************************************************** {{(pid=79638) log_opt_values /opt/stack/data/venv/lib/python3.10/site-packages/oslo_config/cfg.py:2804}}
Aug 11 06:02:51.913534 np0000032518 devstack@g-api.service[79638]: DEBUG glance.common.config [None req-e0df31b7-ada6-417c-94d1-8fe99f6b025e None None] Configuration options gathered from: {{(pid=79638) log_opt_values /opt/stack/data/venv/lib/python3.10/site-packages/oslo_config/cfg.py:2805}}
Aug 11 06:02:51.913857 np0000032518 devstack@g-api.service[79638]: DEBUG glance.common.config [None req-e0df31b7-ada6-417c-94d1-8fe99f6b025e None None] command line args: [] {{(pid=79638) log_opt_values /opt/stack/data/venv/lib/python3.10/site-packages/oslo_config/cfg.py:2806}}
Aug 11 06:02:51.913973 np0000032518 devstack@g-api.service[79638]: DEBUG glance.common.config [None req-e0df31b7-ada6-417c-94d1-8fe99f6b025e None None] config files: ['/etc/glance/glance-image-import.conf', '/etc/glance/glance-api.conf'] {{(pid=79638) log_opt_values /opt/stack/data/venv/lib/python3.10/site-packages/oslo_config/cfg.py:2807}}
Aug 11 06:02:51.914039 np0000032518 devstack@g-api.service[79638]: DEBUG glance.common.config [None req-e0df31b7-ada6-417c-94d1-8fe99f6b025e None None] ================================================================================ {{(pid=79638) log_opt_values /opt/stack/data/venv/lib/python3.10/site-packages/oslo_config/cfg.py:2809}}
Aug 11 06:02:51.914148 np0000032518 devstack@g-api.service[79638]: DEBUG glance.common.config [None req-e0df31b7-ada6-417c-94d1-8fe99f6b025e None None] allow_anonymous_access         = False {{(pid=79638) log_opt_values /opt/stack/data/venv/lib/python3.10/site-packages/oslo_config/cfg.py:2817}}
Aug 11 06:02:51.914236 np0000032518 devstack@g-api.service[79638]: DEBUG glance.common.config [None req-e0df31b7-ada6-417c-94d1-8fe99f6b025e None None] api_limit_max                  = 1000 {{(pid=79638) log_opt_values /opt/stack/data/venv/lib/python3.10/site-packages/oslo_config/cfg.py:2817}}
Aug 11 06:02:51.914327 np0000032518 devstack@g-api.service[79638]: DEBUG glance.common.config [None req-e0df31b7-ada6-417c-94d1-8fe99f6b025e None None] backlog                        = 4096 {{(pid=79638) log_opt_values /opt/stack/data/venv/lib/python3.10/site-packages/oslo_config/cfg.py:2817}}
Aug 11 06:02:51.914450 np0000032518 devstack@g-api.service[79638]: DEBUG glance.common.config [None req-e0df31b7-ada6-417c-94d1-8fe99f6b025e None None] bind_host                      = 0.0.0.0 {{(pid=79638) log_opt_values /opt/stack/data/venv/lib/python3.10/site-packages/oslo_config/cfg.py:2817}}
Aug 11 06:02:51.914545 np0000032518 devstack@g-api.service[79638]: DEBUG glance.common.config [None req-e0df31b7-ada6-417c-94d1-8fe99f6b025e None None] bind_port                      = 19292 {{(pid=79638) log_opt_values /opt/stack/data/venv/lib/python3.10/site-packages/oslo_config/cfg.py:2817}}
Aug 11 06:02:51.914634 np0000032518 devstack@g-api.service[79638]: DEBUG glance.common.config [None req-e0df31b7-ada6-417c-94d1-8fe99f6b025e None None] client_socket_timeout          = 900 {{(pid=79638) log_opt_values /opt/stack/data/venv/lib/python3.10/site-packages/oslo_config/cfg.py:2817}}
Aug 11 06:02:51.914722 np0000032518 devstack@g-api.service[79638]: DEBUG glance.common.config [None req-e0df31b7-ada6-417c-94d1-8fe99f6b025e None None] config_dir                     = [] {{(pid=79638) log_opt_values /opt/stack/data/venv/lib/python3.10/site-packages/oslo_config/cfg.py:2817}}
Aug 11 06:02:51.914790 np0000032518 devstack@g-api.service[79638]: DEBUG glance.common.config [None req-e0df31b7-ada6-417c-94d1-8fe99f6b025e None None] config_file                    = ['/etc/glance/glance-image-import.conf', '/etc/glance/glance-api.conf'] {{(pid=79638) log_opt_values /opt/stack/data/venv/lib/python3.10/site-packages/oslo_config/cfg.py:2817}}
Aug 11 06:02:51.914877 np0000032518 devstack@g-api.service[79638]: DEBUG glance.common.config [None req-e0df31b7-ada6-417c-94d1-8fe99f6b025e None None] config_source                  = [] {{(pid=79638) log_opt_values /opt/stack/data/venv/lib/python3.10/site-packages/oslo_config/cfg.py:2817}}
Aug 11 06:02:51.914966 np0000032518 devstack@g-api.service[79638]: DEBUG glance.common.config [None req-e0df31b7-ada6-417c-94d1-8fe99f6b025e None None] control_exchange               = glance {{(pid=79638) log_opt_values /opt/stack/data/venv/lib/python3.10/site-packages/oslo_config/cfg.py:2817}}
Aug 11 06:02:51.915042 np0000032518 devstack@g-api.service[79638]: DEBUG glance.common.config [None req-e0df31b7-ada6-417c-94d1-8fe99f6b025e None None] debug                          = True {{(pid=79638) log_opt_values /opt/stack/data/venv/lib/python3.10/site-packages/oslo_config/cfg.py:2817}}
Aug 11 06:02:51.915188 np0000032518 devstack@g-api.service[79638]: DEBUG glance.common.config [None req-e0df31b7-ada6-417c-94d1-8fe99f6b025e None None] default_log_levels             = ['amqp=WARN', 'amqplib=WARN', 'boto=WARN', 'qpid=WARN', 'sqlalchemy=WARN', 'suds=INFO', 'oslo.messaging=INFO', 'oslo_messaging=INFO', 'iso8601=WARN', 'requests.packages.urllib3.connectionpool=WARN', 'urllib3.connectionpool=WARN', 'websocket=WARN', 'requests.packages.urllib3.util.retry=WARN', 'urllib3.util.retry=WARN', 'keystonemiddleware=WARN', 'routes.middleware=WARN', 'stevedore=WARN', 'taskflow=WARN', 'keystoneauth=WARN', 'oslo.cache=INFO', 'oslo_policy=INFO', 'dogpile.core.dogpile=INFO'] {{(pid=79638) log_opt_values /opt/stack/data/venv/lib/python3.10/site-packages/oslo_config/cfg.py:2817}}
Aug 11 06:02:51.915278 np0000032518 devstack@g-api.service[79638]: DEBUG glance.common.config [None req-e0df31b7-ada6-417c-94d1-8fe99f6b025e None None] default_publisher_id           = image.localhost {{(pid=79638) log_opt_values /opt/stack/data/venv/lib/python3.10/site-packages/oslo_config/cfg.py:2817}}
Aug 11 06:02:51.915375 np0000032518 devstack@g-api.service[79638]: DEBUG glance.common.config [None req-e0df31b7-ada6-417c-94d1-8fe99f6b025e None None] delayed_delete                 = False {{(pid=79638) log_opt_values /opt/stack/data/venv/lib/python3.10/site-packages/oslo_config/cfg.py:2817}}
Aug 11 06:02:51.915463 np0000032518 devstack@g-api.service[79638]: DEBUG glance.common.config [None req-e0df31b7-ada6-417c-94d1-8fe99f6b025e None None] digest_algorithm               = sha256 {{(pid=79638) log_opt_values /opt/stack/data/venv/lib/python3.10/site-packages/oslo_config/cfg.py:2817}}
Aug 11 06:02:51.915550 np0000032518 devstack@g-api.service[79638]: DEBUG glance.common.config [None req-e0df31b7-ada6-417c-94d1-8fe99f6b025e None None] disabled_notifications         = [] {{(pid=79638) log_opt_values /opt/stack/data/venv/lib/python3.10/site-packages/oslo_config/cfg.py:2817}}
Aug 11 06:02:51.915637 np0000032518 devstack@g-api.service[79638]: DEBUG glance.common.config [None req-e0df31b7-ada6-417c-94d1-8fe99f6b025e None None] do_secure_hash                 = True {{(pid=79638) log_opt_values /opt/stack/data/venv/lib/python3.10/site-packages/oslo_config/cfg.py:2817}}
Aug 11 06:02:51.915719 np0000032518 devstack@g-api.service[79638]: DEBUG glance.common.config [None req-e0df31b7-ada6-417c-94d1-8fe99f6b025e None None] enabled_backends               = None {{(pid=79638) log_opt_values /opt/stack/data/venv/lib/python3.10/site-packages/oslo_config/cfg.py:2817}}
Aug 11 06:02:51.915816 np0000032518 devstack@g-api.service[79638]: DEBUG glance.common.config [None req-e0df31b7-ada6-417c-94d1-8fe99f6b025e None None] enabled_import_methods         = ['glance-direct', 'web-download', 'copy-image'] {{(pid=79638) log_opt_values /opt/stack/data/venv/lib/python3.10/site-packages/oslo_config/cfg.py:2817}}
Aug 11 06:02:51.915905 np0000032518 devstack@g-api.service[79638]: DEBUG glance.common.config [None req-e0df31b7-ada6-417c-94d1-8fe99f6b025e None None] hashing_algorithm              = sha512 {{(pid=79638) log_opt_values /opt/stack/data/venv/lib/python3.10/site-packages/oslo_config/cfg.py:2817}}
Aug 11 06:02:51.915988 np0000032518 devstack@g-api.service[79638]: DEBUG glance.common.config [None req-e0df31b7-ada6-417c-94d1-8fe99f6b025e None None] http_keepalive                 = True {{(pid=79638) log_opt_values /opt/stack/data/venv/lib/python3.10/site-packages/oslo_config/cfg.py:2817}}
Aug 11 06:02:51.916073 np0000032518 devstack@g-api.service[79638]: DEBUG glance.common.config [None req-e0df31b7-ada6-417c-94d1-8fe99f6b025e None None] http_retries                   = 3 {{(pid=79638) log_opt_values /opt/stack/data/venv/lib/python3.10/site-packages/oslo_config/cfg.py:2817}}
Aug 11 06:02:51.916161 np0000032518 devstack@g-api.service[79638]: DEBUG glance.common.config [None req-e0df31b7-ada6-417c-94d1-8fe99f6b025e None None] image_cache_dir                = /opt/stack/data/glance/cache/ {{(pid=79638) log_opt_values /opt/stack/data/venv/lib/python3.10/site-packages/oslo_config/cfg.py:2817}}
Aug 11 06:02:51.916247 np0000032518 devstack@g-api.service[79638]: DEBUG glance.common.config [None req-e0df31b7-ada6-417c-94d1-8fe99f6b025e None None] image_cache_driver             = centralized_db {{(pid=79638) log_opt_values /opt/stack/data/venv/lib/python3.10/site-packages/oslo_config/cfg.py:2817}}
Aug 11 06:02:51.916323 np0000032518 devstack@g-api.service[79639]: WARNING keystonemiddleware.auth_token [None req-c0e76e98-b75b-4eef-948d-421ebc208415 None None] AuthToken middleware is set with keystone_authtoken.service_token_roles_required set to False. This is backwards compatible but deprecated behaviour. Please set this to True.
Aug 11 06:02:51.916368 np0000032518 devstack@g-api.service[79638]: DEBUG glance.common.config [None req-e0df31b7-ada6-417c-94d1-8fe99f6b025e None None] image_cache_max_size           = 10737418240 {{(pid=79638) log_opt_values /opt/stack/data/venv/lib/python3.10/site-packages/oslo_config/cfg.py:2817}}
Aug 11 06:02:51.916422 np0000032518 devstack@g-api.service[79638]: DEBUG glance.common.config [None req-e0df31b7-ada6-417c-94d1-8fe99f6b025e None None] image_cache_sqlite_db          = cache.db {{(pid=79638) log_opt_values /opt/stack/data/venv/lib/python3.10/site-packages/oslo_config/cfg.py:2817}}
Aug 11 06:02:51.916512 np0000032518 devstack@g-api.service[79638]: DEBUG glance.common.config [None req-e0df31b7-ada6-417c-94d1-8fe99f6b025e None None] image_cache_stall_time         = 86400 {{(pid=79638) log_opt_values /opt/stack/data/venv/lib/python3.10/site-packages/oslo_config/cfg.py:2817}}
Aug 11 06:02:51.916592 np0000032518 devstack@g-api.service[79638]: DEBUG glance.common.config [None req-e0df31b7-ada6-417c-94d1-8fe99f6b025e None None] image_location_quota           = 10 {{(pid=79638) log_opt_values /opt/stack/data/venv/lib/python3.10/site-packages/oslo_config/cfg.py:2817}}
Aug 11 06:02:51.916674 np0000032518 devstack@g-api.service[79638]: DEBUG glance.common.config [None req-e0df31b7-ada6-417c-94d1-8fe99f6b025e None None] image_member_quota             = 128 {{(pid=79638) log_opt_values /opt/stack/data/venv/lib/python3.10/site-packages/oslo_config/cfg.py:2817}}
Aug 11 06:02:51.916758 np0000032518 devstack@g-api.service[79638]: DEBUG glance.common.config [None req-e0df31b7-ada6-417c-94d1-8fe99f6b025e None None] image_property_quota           = 128 {{(pid=79638) log_opt_values /opt/stack/data/venv/lib/python3.10/site-packages/oslo_config/cfg.py:2817}}
Aug 11 06:02:51.916847 np0000032518 devstack@g-api.service[79638]: DEBUG glance.common.config [None req-e0df31b7-ada6-417c-94d1-8fe99f6b025e None None] image_size_cap                 = 1099511627776 {{(pid=79638) log_opt_values /opt/stack/data/venv/lib/python3.10/site-packages/oslo_config/cfg.py:2817}}
Aug 11 06:02:51.916925 np0000032518 devstack@g-api.service[79638]: DEBUG glance.common.config [None req-e0df31b7-ada6-417c-94d1-8fe99f6b025e None None] image_tag_quota                = 128 {{(pid=79638) log_opt_values /opt/stack/data/venv/lib/python3.10/site-packages/oslo_config/cfg.py:2817}}
Aug 11 06:02:51.917010 np0000032518 devstack@g-api.service[79638]: DEBUG glance.common.config [None req-e0df31b7-ada6-417c-94d1-8fe99f6b025e None None] instance_format                = [instance: %(uuid)s]  {{(pid=79638) log_opt_values /opt/stack/data/venv/lib/python3.10/site-packages/oslo_config/cfg.py:2817}}
Aug 11 06:02:51.917096 np0000032518 devstack@g-api.service[79638]: DEBUG glance.common.config [None req-e0df31b7-ada6-417c-94d1-8fe99f6b025e None None] instance_uuid_format           = [instance: %(uuid)s]  {{(pid=79638) log_opt_values /opt/stack/data/venv/lib/python3.10/site-packages/oslo_config/cfg.py:2817}}
Aug 11 06:02:51.917181 np0000032518 devstack@g-api.service[79638]: DEBUG glance.common.config [None req-e0df31b7-ada6-417c-94d1-8fe99f6b025e None None] limit_param_default            = 25 {{(pid=79638) log_opt_values /opt/stack/data/venv/lib/python3.10/site-packages/oslo_config/cfg.py:2817}}
Aug 11 06:02:51.917266 np0000032518 devstack@g-api.service[79638]: DEBUG glance.common.config [None req-e0df31b7-ada6-417c-94d1-8fe99f6b025e None None] log_color                      = False {{(pid=79638) log_opt_values /opt/stack/data/venv/lib/python3.10/site-packages/oslo_config/cfg.py:2817}}
Aug 11 06:02:51.917358 np0000032518 devstack@g-api.service[79638]: DEBUG glance.common.config [None req-e0df31b7-ada6-417c-94d1-8fe99f6b025e None None] log_config_append              = None {{(pid=79638) log_opt_values /opt/stack/data/venv/lib/python3.10/site-packages/oslo_config/cfg.py:2817}}
Aug 11 06:02:51.917445 np0000032518 devstack@g-api.service[79638]: DEBUG glance.common.config [None req-e0df31b7-ada6-417c-94d1-8fe99f6b025e None None] log_date_format                = %Y-%m-%d %H:%M:%S {{(pid=79638) log_opt_values /opt/stack/data/venv/lib/python3.10/site-packages/oslo_config/cfg.py:2817}}
Aug 11 06:02:51.917528 np0000032518 devstack@g-api.service[79638]: DEBUG glance.common.config [None req-e0df31b7-ada6-417c-94d1-8fe99f6b025e None None] log_dir                        = None {{(pid=79638) log_opt_values /opt/stack/data/venv/lib/python3.10/site-packages/oslo_config/cfg.py:2817}}
Aug 11 06:02:51.917613 np0000032518 devstack@g-api.service[79638]: DEBUG glance.common.config [None req-e0df31b7-ada6-417c-94d1-8fe99f6b025e None None] log_file                       = None {{(pid=79638) log_opt_values /opt/stack/data/venv/lib/python3.10/site-packages/oslo_config/cfg.py:2817}}
Aug 11 06:02:51.917695 np0000032518 devstack@g-api.service[79638]: DEBUG glance.common.config [None req-e0df31b7-ada6-417c-94d1-8fe99f6b025e None None] log_rotate_interval            = 1 {{(pid=79638) log_opt_values /opt/stack/data/venv/lib/python3.10/site-packages/oslo_config/cfg.py:2817}}
Aug 11 06:02:51.917783 np0000032518 devstack@g-api.service[79638]: DEBUG glance.common.config [None req-e0df31b7-ada6-417c-94d1-8fe99f6b025e None None] log_rotate_interval_type       = days {{(pid=79638) log_opt_values /opt/stack/data/venv/lib/python3.10/site-packages/oslo_config/cfg.py:2817}}
Aug 11 06:02:51.917866 np0000032518 devstack@g-api.service[79638]: DEBUG glance.common.config [None req-e0df31b7-ada6-417c-94d1-8fe99f6b025e None None] log_rotation_type              = none {{(pid=79638) log_opt_values /opt/stack/data/venv/lib/python3.10/site-packages/oslo_config/cfg.py:2817}}
Aug 11 06:02:51.917931 np0000032518 devstack@g-api.service[79638]: DEBUG glance.common.config [None req-e0df31b7-ada6-417c-94d1-8fe99f6b025e None None] logging_context_format_string  = %(color)s%(levelname)s %(name)s [%(global_request_id)s %(request_id)s %(project_name)s %(user_name)s%(color)s] %(instance)s%(color)s%(message)s {{(pid=79638) log_opt_values /opt/stack/data/venv/lib/python3.10/site-packages/oslo_config/cfg.py:2817}}
Aug 11 06:02:51.918030 np0000032518 devstack@g-api.service[79638]: DEBUG glance.common.config [None req-e0df31b7-ada6-417c-94d1-8fe99f6b025e None None] logging_debug_format_suffix    = {{(pid=%(process)d) %(funcName)s %(pathname)s:%(lineno)d}} {{(pid=79638) log_opt_values /opt/stack/data/venv/lib/python3.10/site-packages/oslo_config/cfg.py:2817}}
Aug 11 06:02:51.918123 np0000032518 devstack@g-api.service[79638]: DEBUG glance.common.config [None req-e0df31b7-ada6-417c-94d1-8fe99f6b025e None None] logging_default_format_string  = %(color)s%(levelname)s %(name)s [-%(color)s] %(instance)s%(color)s%(message)s {{(pid=79638) log_opt_values /opt/stack/data/venv/lib/python3.10/site-packages/oslo_config/cfg.py:2817}}
Aug 11 06:02:51.918212 np0000032518 devstack@g-api.service[79638]: DEBUG glance.common.config [None req-e0df31b7-ada6-417c-94d1-8fe99f6b025e None None] logging_exception_prefix       = ERROR %(name)s %(instance)s {{(pid=79638) log_opt_values /opt/stack/data/venv/lib/python3.10/site-packages/oslo_config/cfg.py:2817}}
Aug 11 06:02:51.918277 np0000032518 devstack@g-api.service[79638]: DEBUG glance.common.config [None req-e0df31b7-ada6-417c-94d1-8fe99f6b025e None None] logging_user_identity_format   = %(user)s %(project)s %(domain)s %(system_scope)s %(user_domain)s %(project_domain)s {{(pid=79638) log_opt_values /opt/stack/data/venv/lib/python3.10/site-packages/oslo_config/cfg.py:2817}}
Aug 11 06:02:51.918370 np0000032518 devstack@g-api.service[79638]: DEBUG glance.common.config [None req-e0df31b7-ada6-417c-94d1-8fe99f6b025e None None] max_header_line                = 16384 {{(pid=79638) log_opt_values /opt/stack/data/venv/lib/python3.10/site-packages/oslo_config/cfg.py:2817}}
Aug 11 06:02:51.918451 np0000032518 devstack@g-api.service[79638]: DEBUG glance.common.config [None req-e0df31b7-ada6-417c-94d1-8fe99f6b025e None None] max_logfile_count              = 30 {{(pid=79638) log_opt_values /opt/stack/data/venv/lib/python3.10/site-packages/oslo_config/cfg.py:2817}}
Aug 11 06:02:51.918536 np0000032518 devstack@g-api.service[79638]: DEBUG glance.common.config [None req-e0df31b7-ada6-417c-94d1-8fe99f6b025e None None] max_logfile_size_mb            = 200 {{(pid=79638) log_opt_values /opt/stack/data/venv/lib/python3.10/site-packages/oslo_config/cfg.py:2817}}
Aug 11 06:02:51.918621 np0000032518 devstack@g-api.service[79638]: DEBUG glance.common.config [None req-e0df31b7-ada6-417c-94d1-8fe99f6b025e None None] max_request_id_length          = 64 {{(pid=79638) log_opt_values /opt/stack/data/venv/lib/python3.10/site-packages/oslo_config/cfg.py:2817}}
Aug 11 06:02:51.918703 np0000032518 devstack@g-api.service[79638]: DEBUG glance.common.config [None req-e0df31b7-ada6-417c-94d1-8fe99f6b025e None None] metadata_encryption_key        = **** {{(pid=79638) log_opt_values /opt/stack/data/venv/lib/python3.10/site-packages/oslo_config/cfg.py:2817}}
Aug 11 06:02:51.918789 np0000032518 devstack@g-api.service[79638]: DEBUG glance.common.config [None req-e0df31b7-ada6-417c-94d1-8fe99f6b025e None None] node_staging_uri               = file:///tmp/staging/ {{(pid=79638) log_opt_values /opt/stack/data/venv/lib/python3.10/site-packages/oslo_config/cfg.py:2817}}
