Aug 08 09:09:24.403256 np0000032474 devstack@n-api.service[69167]: DEBUG nova.api.openstack.wsgi_app [-] oslo_messaging_notifications.topics = ['notifications'] {{(pid=69167) log_opt_values /opt/stack/data/venv/lib/python3.12/site-packages/oslo_config/cfg.py:2824}}
Aug 08 09:09:24.403317 np0000032474 devstack@n-api.service[69166]: DEBUG nova.api.openstack.wsgi_app [-] oslo_messaging_rabbit.ssl_key_file =  {{(pid=69166) log_opt_values /opt/stack/data/venv/lib/python3.12/site-packages/oslo_config/cfg.py:2824}}
Aug 08 09:09:24.403335 np0000032474 devstack@n-api.service[69167]: DEBUG nova.api.openstack.wsgi_app [-] oslo_messaging_notifications.transport_url = **** {{(pid=69167) log_opt_values /opt/stack/data/venv/lib/python3.12/site-packages/oslo_config/cfg.py:2824}}
Aug 08 09:09:24.403400 np0000032474 devstack@n-api.service[69166]: DEBUG nova.api.openstack.wsgi_app [-] oslo_messaging_rabbit.ssl_version =  {{(pid=69166) log_opt_values /opt/stack/data/venv/lib/python3.12/site-packages/oslo_config/cfg.py:2824}}
Aug 08 09:09:24.403417 np0000032474 devstack@n-api.service[69167]: DEBUG nova.api.openstack.wsgi_app [-] oslo_reports.file_event_handler = None {{(pid=69167) log_opt_values /opt/stack/data/venv/lib/python3.12/site-packages/oslo_config/cfg.py:2824}}
Aug 08 09:09:24.403480 np0000032474 devstack@n-api.service[69166]: DEBUG nova.api.openstack.wsgi_app [-] oslo_messaging_rabbit.use_queue_manager = False {{(pid=69166) log_opt_values /opt/stack/data/venv/lib/python3.12/site-packages/oslo_config/cfg.py:2824}}
Aug 08 09:09:24.403498 np0000032474 devstack@n-api.service[69167]: DEBUG nova.api.openstack.wsgi_app [-] oslo_reports.file_event_handler_interval = 1 {{(pid=69167) log_opt_values /opt/stack/data/venv/lib/python3.12/site-packages/oslo_config/cfg.py:2824}}
Aug 08 09:09:24.403569 np0000032474 devstack@n-api.service[69167]: DEBUG nova.api.openstack.wsgi_app [-] oslo_reports.log_dir           = None {{(pid=69167) log_opt_values /opt/stack/data/venv/lib/python3.12/site-packages/oslo_config/cfg.py:2824}}
Aug 08 09:09:24.403588 np0000032474 devstack@n-api.service[69166]: DEBUG nova.api.openstack.wsgi_app [-] oslo_messaging_notifications.driver = ['messagingv2'] {{(pid=69166) log_opt_values /opt/stack/data/venv/lib/python3.12/site-packages/oslo_config/cfg.py:2824}}
Aug 08 09:09:24.403639 np0000032474 devstack@n-api.service[69167]: DEBUG nova.api.openstack.wsgi_app [-] ******************************************************************************** {{(pid=69167) log_opt_values /opt/stack/data/venv/lib/python3.12/site-packages/oslo_config/cfg.py:2828}}
Aug 08 09:09:24.403677 np0000032474 devstack@n-api.service[69166]: DEBUG nova.api.openstack.wsgi_app [-] oslo_messaging_notifications.retry = -1 {{(pid=69166) log_opt_values /opt/stack/data/venv/lib/python3.12/site-packages/oslo_config/cfg.py:2824}}
Aug 08 09:09:24.403758 np0000032474 devstack@n-api.service[69166]: DEBUG nova.api.openstack.wsgi_app [-] oslo_messaging_notifications.topics = ['notifications'] {{(pid=69166) log_opt_values /opt/stack/data/venv/lib/python3.12/site-packages/oslo_config/cfg.py:2824}}
Aug 08 09:09:24.403844 np0000032474 devstack@n-api.service[69166]: DEBUG nova.api.openstack.wsgi_app [-] oslo_messaging_notifications.transport_url = **** {{(pid=69166) log_opt_values /opt/stack/data/venv/lib/python3.12/site-packages/oslo_config/cfg.py:2824}}
Aug 08 09:09:24.403933 np0000032474 devstack@n-api.service[69166]: DEBUG nova.api.openstack.wsgi_app [-] oslo_reports.file_event_handler = None {{(pid=69166) log_opt_values /opt/stack/data/venv/lib/python3.12/site-packages/oslo_config/cfg.py:2824}}
Aug 08 09:09:24.404018 np0000032474 devstack@n-api.service[69166]: DEBUG nova.api.openstack.wsgi_app [-] oslo_reports.file_event_handler_interval = 1 {{(pid=69166) log_opt_values /opt/stack/data/venv/lib/python3.12/site-packages/oslo_config/cfg.py:2824}}
Aug 08 09:09:24.404100 np0000032474 devstack@n-api.service[69166]: DEBUG nova.api.openstack.wsgi_app [-] oslo_reports.log_dir           = None {{(pid=69166) log_opt_values /opt/stack/data/venv/lib/python3.12/site-packages/oslo_config/cfg.py:2824}}
Aug 08 09:09:24.404169 np0000032474 devstack@n-api.service[69166]: DEBUG nova.api.openstack.wsgi_app [-] ******************************************************************************** {{(pid=69166) log_opt_values /opt/stack/data/venv/lib/python3.12/site-packages/oslo_config/cfg.py:2828}}
Aug 08 09:09:24.432846 np0000032474 devstack@n-api.service[69167]: INFO dbcounter [None req-4412ac94-6be8-4ea3-b162-d955f5418af1 None None] Registered counter for database nova_api
Aug 08 09:09:24.433226 np0000032474 devstack@n-api.service[69166]: INFO dbcounter [None req-1dd8b6aa-a01d-4a4e-9bfa-37b4f26ad206 None None] Registered counter for database nova_api
Aug 08 09:09:24.442427 np0000032474 devstack@n-api.service[69167]: DEBUG oslo_db.sqlalchemy.engines [None req-4412ac94-6be8-4ea3-b162-d955f5418af1 None None] MySQL server mode set to STRICT_TRANS_TABLES,STRICT_ALL_TABLES,NO_ZERO_IN_DATE,NO_ZERO_DATE,ERROR_FOR_DIVISION_BY_ZERO,TRADITIONAL,NO_ENGINE_SUBSTITUTION {{(pid=69167) _check_effective_sql_mode /opt/stack/data/venv/lib/python3.12/site-packages/oslo_db/sqlalchemy/engines.py:397}}
Aug 08 09:09:24.443074 np0000032474 devstack@n-api.service[69166]: DEBUG oslo_db.sqlalchemy.engines [None req-1dd8b6aa-a01d-4a4e-9bfa-37b4f26ad206 None None] MySQL server mode set to STRICT_TRANS_TABLES,STRICT_ALL_TABLES,NO_ZERO_IN_DATE,NO_ZERO_DATE,ERROR_FOR_DIVISION_BY_ZERO,TRADITIONAL,NO_ENGINE_SUBSTITUTION {{(pid=69166) _check_effective_sql_mode /opt/stack/data/venv/lib/python3.12/site-packages/oslo_db/sqlalchemy/engines.py:397}}
Aug 08 09:09:24.466231 np0000032474 devstack@n-api.service[69166]: DEBUG dbcounter [-] [69166] Writer thread running {{(pid=69166) stat_writer /opt/stack/data/venv/lib/python3.12/site-packages/dbcounter.py:102}}
Aug 08 09:09:24.466318 np0000032474 devstack@n-api.service[69167]: DEBUG dbcounter [-] [69167] Writer thread running {{(pid=69167) stat_writer /opt/stack/data/venv/lib/python3.12/site-packages/dbcounter.py:102}}
Aug 08 09:09:24.468131 np0000032474 devstack@n-api.service[69166]: DEBUG nova.context [None req-1dd8b6aa-a01d-4a4e-9bfa-37b4f26ad206 None None] Found 2 cells: 00000000-0000-0000-0000-000000000000(cell0),c0e60538-46b1-4ffc-8fa5-b9c412fece16(cell1) {{(pid=69166) load_cells /opt/stack/nova/nova/context.py:464}}
Aug 08 09:09:24.468222 np0000032474 devstack@n-api.service[69167]: DEBUG nova.context [None req-4412ac94-6be8-4ea3-b162-d955f5418af1 None None] Found 2 cells: 00000000-0000-0000-0000-000000000000(cell0),c0e60538-46b1-4ffc-8fa5-b9c412fece16(cell1) {{(pid=69167) load_cells /opt/stack/nova/nova/context.py:464}}
Aug 08 09:09:24.469696 np0000032474 devstack@n-api.service[69166]: DEBUG oslo_concurrency.lockutils [None req-1dd8b6aa-a01d-4a4e-9bfa-37b4f26ad206 None None] Acquiring lock "00000000-0000-0000-0000-000000000000" by "nova.context.set_target_cell.<locals>.get_or_set_cached_cell_and_set_connections" {{(pid=69166) inner /opt/stack/data/venv/lib/python3.12/site-packages/oslo_concurrency/lockutils.py:405}}
Aug 08 09:09:24.469741 np0000032474 devstack@n-api.service[69167]: DEBUG oslo_concurrency.lockutils [None req-4412ac94-6be8-4ea3-b162-d955f5418af1 None None] Acquiring lock "00000000-0000-0000-0000-000000000000" by "nova.context.set_target_cell.<locals>.get_or_set_cached_cell_and_set_connections" {{(pid=69167) inner /opt/stack/data/venv/lib/python3.12/site-packages/oslo_concurrency/lockutils.py:405}}
Aug 08 09:09:24.469879 np0000032474 devstack@n-api.service[69167]: DEBUG oslo_concurrency.lockutils [None req-4412ac94-6be8-4ea3-b162-d955f5418af1 None None] Lock "00000000-0000-0000-0000-000000000000" acquired by "nova.context.set_target_cell.<locals>.get_or_set_cached_cell_and_set_connections" :: waited 0.000s {{(pid=69167) inner /opt/stack/data/venv/lib/python3.12/site-packages/oslo_concurrency/lockutils.py:410}}
Aug 08 09:09:24.469908 np0000032474 devstack@n-api.service[69166]: DEBUG oslo_concurrency.lockutils [None req-1dd8b6aa-a01d-4a4e-9bfa-37b4f26ad206 None None] Lock "00000000-0000-0000-0000-000000000000" acquired by "nova.context.set_target_cell.<locals>.get_or_set_cached_cell_and_set_connections" :: waited 0.000s {{(pid=69166) inner /opt/stack/data/venv/lib/python3.12/site-packages/oslo_concurrency/lockutils.py:410}}
Aug 08 09:09:24.470224 np0000032474 devstack@n-api.service[69167]: DEBUG oslo_concurrency.lockutils [None req-4412ac94-6be8-4ea3-b162-d955f5418af1 None None] Lock "00000000-0000-0000-0000-000000000000" "released" by "nova.context.set_target_cell.<locals>.get_or_set_cached_cell_and_set_connections" :: held 0.000s {{(pid=69167) inner /opt/stack/data/venv/lib/python3.12/site-packages/oslo_concurrency/lockutils.py:424}}
Aug 08 09:09:24.470244 np0000032474 devstack@n-api.service[69166]: DEBUG oslo_concurrency.lockutils [None req-1dd8b6aa-a01d-4a4e-9bfa-37b4f26ad206 None None] Lock "00000000-0000-0000-0000-000000000000" "released" by "nova.context.set_target_cell.<locals>.get_or_set_cached_cell_and_set_connections" :: held 0.000s {{(pid=69166) inner /opt/stack/data/venv/lib/python3.12/site-packages/oslo_concurrency/lockutils.py:424}}
Aug 08 09:09:24.470563 np0000032474 devstack@n-api.service[69167]: DEBUG oslo_concurrency.lockutils [None req-4412ac94-6be8-4ea3-b162-d955f5418af1 None None] Acquiring lock "c0e60538-46b1-4ffc-8fa5-b9c412fece16" by "nova.context.set_target_cell.<locals>.get_or_set_cached_cell_and_set_connections" {{(pid=69167) inner /opt/stack/data/venv/lib/python3.12/site-packages/oslo_concurrency/lockutils.py:405}}
Aug 08 09:09:24.470595 np0000032474 devstack@n-api.service[69166]: DEBUG oslo_concurrency.lockutils [None req-1dd8b6aa-a01d-4a4e-9bfa-37b4f26ad206 None None] Acquiring lock "c0e60538-46b1-4ffc-8fa5-b9c412fece16" by "nova.context.set_target_cell.<locals>.get_or_set_cached_cell_and_set_connections" {{(pid=69166) inner /opt/stack/data/venv/lib/python3.12/site-packages/oslo_concurrency/lockutils.py:405}}
Aug 08 09:09:24.470702 np0000032474 devstack@n-api.service[69167]: DEBUG oslo_concurrency.lockutils [None req-4412ac94-6be8-4ea3-b162-d955f5418af1 None None] Lock "c0e60538-46b1-4ffc-8fa5-b9c412fece16" acquired by "nova.context.set_target_cell.<locals>.get_or_set_cached_cell_and_set_connections" :: waited 0.000s {{(pid=69167) inner /opt/stack/data/venv/lib/python3.12/site-packages/oslo_concurrency/lockutils.py:410}}
Aug 08 09:09:24.470722 np0000032474 devstack@n-api.service[69166]: DEBUG oslo_concurrency.lockutils [None req-1dd8b6aa-a01d-4a4e-9bfa-37b4f26ad206 None None] Lock "c0e60538-46b1-4ffc-8fa5-b9c412fece16" acquired by "nova.context.set_target_cell.<locals>.get_or_set_cached_cell_and_set_connections" :: waited 0.000s {{(pid=69166) inner /opt/stack/data/venv/lib/python3.12/site-packages/oslo_concurrency/lockutils.py:410}}
Aug 08 09:09:24.471397 np0000032474 devstack@n-api.service[69167]: DEBUG oslo_concurrency.lockutils [None req-4412ac94-6be8-4ea3-b162-d955f5418af1 None None] Lock "c0e60538-46b1-4ffc-8fa5-b9c412fece16" "released" by "nova.context.set_target_cell.<locals>.get_or_set_cached_cell_and_set_connections" :: held 0.001s {{(pid=69167) inner /opt/stack/data/venv/lib/python3.12/site-packages/oslo_concurrency/lockutils.py:424}}
Aug 08 09:09:24.471416 np0000032474 devstack@n-api.service[69166]: DEBUG oslo_concurrency.lockutils [None req-1dd8b6aa-a01d-4a4e-9bfa-37b4f26ad206 None None] Lock "c0e60538-46b1-4ffc-8fa5-b9c412fece16" "released" by "nova.context.set_target_cell.<locals>.get_or_set_cached_cell_and_set_connections" :: held 0.001s {{(pid=69166) inner /opt/stack/data/venv/lib/python3.12/site-packages/oslo_concurrency/lockutils.py:424}}
Aug 08 09:09:24.472437 np0000032474 devstack@n-api.service[69167]: INFO dbcounter [None req-4412ac94-6be8-4ea3-b162-d955f5418af1 None None] Registered counter for database nova_cell0
Aug 08 09:09:24.472460 np0000032474 devstack@n-api.service[69166]: INFO dbcounter [None req-1dd8b6aa-a01d-4a4e-9bfa-37b4f26ad206 None None] Registered counter for database nova_cell0
Aug 08 09:09:24.475214 np0000032474 devstack@n-api.service[69167]: INFO dbcounter [None req-4412ac94-6be8-4ea3-b162-d955f5418af1 None None] Registered counter for database nova_cell1
Aug 08 09:09:24.475249 np0000032474 devstack@n-api.service[69166]: INFO dbcounter [None req-1dd8b6aa-a01d-4a4e-9bfa-37b4f26ad206 None None] Registered counter for database nova_cell1
Aug 08 09:09:24.478200 np0000032474 devstack@n-api.service[69166]: DEBUG oslo_db.sqlalchemy.engines [None req-1dd8b6aa-a01d-4a4e-9bfa-37b4f26ad206 None None] MySQL server mode set to STRICT_TRANS_TABLES,STRICT_ALL_TABLES,NO_ZERO_IN_DATE,NO_ZERO_DATE,ERROR_FOR_DIVISION_BY_ZERO,TRADITIONAL,NO_ENGINE_SUBSTITUTION {{(pid=69166) _check_effective_sql_mode /opt/stack/data/venv/lib/python3.12/site-packages/oslo_db/sqlalchemy/engines.py:397}}
Aug 08 09:09:24.480012 np0000032474 devstack@n-api.service[69167]: DEBUG oslo_db.sqlalchemy.engines [None req-4412ac94-6be8-4ea3-b162-d955f5418af1 None None] MySQL server mode set to STRICT_TRANS_TABLES,STRICT_ALL_TABLES,NO_ZERO_IN_DATE,NO_ZERO_DATE,ERROR_FOR_DIVISION_BY_ZERO,TRADITIONAL,NO_ENGINE_SUBSTITUTION {{(pid=69167) _check_effective_sql_mode /opt/stack/data/venv/lib/python3.12/site-packages/oslo_db/sqlalchemy/engines.py:397}}
Aug 08 09:09:24.482489 np0000032474 devstack@n-api.service[69167]: DEBUG oslo_db.sqlalchemy.engines [None req-4412ac94-6be8-4ea3-b162-d955f5418af1 None None] MySQL server mode set to STRICT_TRANS_TABLES,STRICT_ALL_TABLES,NO_ZERO_IN_DATE,NO_ZERO_DATE,ERROR_FOR_DIVISION_BY_ZERO,TRADITIONAL,NO_ENGINE_SUBSTITUTION {{(pid=69167) _check_effective_sql_mode /opt/stack/data/venv/lib/python3.12/site-packages/oslo_db/sqlalchemy/engines.py:397}}
Aug 08 09:09:24.539977 np0000032474 devstack@n-api.service[69166]: DEBUG dbcounter [-] [69166] Writer thread running {{(pid=69166) stat_writer /opt/stack/data/venv/lib/python3.12/site-packages/dbcounter.py:102}}
Aug 08 09:09:24.540285 np0000032474 devstack@n-api.service[69166]: DEBUG oslo_db.sqlalchemy.engines [None req-1dd8b6aa-a01d-4a4e-9bfa-37b4f26ad206 None None] MySQL server mode set to STRICT_TRANS_TABLES,STRICT_ALL_TABLES,NO_ZERO_IN_DATE,NO_ZERO_DATE,ERROR_FOR_DIVISION_BY_ZERO,TRADITIONAL,NO_ENGINE_SUBSTITUTION {{(pid=69166) _check_effective_sql_mode /opt/stack/data/venv/lib/python3.12/site-packages/oslo_db/sqlalchemy/engines.py:397}}
Aug 08 09:09:24.542615 np0000032474 devstack@n-api.service[69167]: DEBUG dbcounter [-] [69167] Writer thread running {{(pid=69167) stat_writer /opt/stack/data/venv/lib/python3.12/site-packages/dbcounter.py:102}}
Aug 08 09:09:24.544124 np0000032474 devstack@n-api.service[69166]: DEBUG dbcounter [-] [69166] Writer thread running {{(pid=69166) stat_writer /opt/stack/data/venv/lib/python3.12/site-packages/dbcounter.py:102}}
Aug 08 09:09:24.546003 np0000032474 devstack@n-api.service[69166]: INFO dbcounter [None req-1dd8b6aa-a01d-4a4e-9bfa-37b4f26ad206 None None] Registered counter for database nova_cell0
Aug 08 09:09:24.546371 np0000032474 devstack@n-api.service[69167]: DEBUG dbcounter [-] [69167] Writer thread running {{(pid=69167) stat_writer /opt/stack/data/venv/lib/python3.12/site-packages/dbcounter.py:102}}
Aug 08 09:09:24.548191 np0000032474 devstack@n-api.service[69167]: INFO dbcounter [None req-4412ac94-6be8-4ea3-b162-d955f5418af1 None None] Registered counter for database nova_cell0
Aug 08 09:09:24.550566 np0000032474 devstack@n-api.service[69166]: DEBUG oslo_db.sqlalchemy.engines [None req-1dd8b6aa-a01d-4a4e-9bfa-37b4f26ad206 None None] MySQL server mode set to STRICT_TRANS_TABLES,STRICT_ALL_TABLES,NO_ZERO_IN_DATE,NO_ZERO_DATE,ERROR_FOR_DIVISION_BY_ZERO,TRADITIONAL,NO_ENGINE_SUBSTITUTION {{(pid=69166) _check_effective_sql_mode /opt/stack/data/venv/lib/python3.12/site-packages/oslo_db/sqlalchemy/engines.py:397}}
Aug 08 09:09:24.552414 np0000032474 devstack@n-api.service[69167]: DEBUG oslo_db.sqlalchemy.engines [None req-4412ac94-6be8-4ea3-b162-d955f5418af1 None None] MySQL server mode set to STRICT_TRANS_TABLES,STRICT_ALL_TABLES,NO_ZERO_IN_DATE,NO_ZERO_DATE,ERROR_FOR_DIVISION_BY_ZERO,TRADITIONAL,NO_ENGINE_SUBSTITUTION {{(pid=69167) _check_effective_sql_mode /opt/stack/data/venv/lib/python3.12/site-packages/oslo_db/sqlalchemy/engines.py:397}}
Aug 08 09:09:24.554032 np0000032474 devstack@n-api.service[69166]: DEBUG dbcounter [-] [69166] Writer thread running {{(pid=69166) stat_writer /opt/stack/data/venv/lib/python3.12/site-packages/dbcounter.py:102}}
Aug 08 09:09:24.555992 np0000032474 devstack@n-api.service[69167]: DEBUG dbcounter [-] [69167] Writer thread running {{(pid=69167) stat_writer /opt/stack/data/venv/lib/python3.12/site-packages/dbcounter.py:102}}
Aug 08 09:09:24.930446 np0000032474 devstack@n-api.service[69166]: DEBUG oslo_concurrency.processutils [None req-1dd8b6aa-a01d-4a4e-9bfa-37b4f26ad206 None None] Running cmd (subprocess): grep -F node.session.scan /sbin/iscsiadm {{(pid=69166) execute /opt/stack/data/venv/lib/python3.12/site-packages/oslo_concurrency/processutils.py:349}}
Aug 08 09:09:24.937840 np0000032474 devstack@n-api.service[69167]: DEBUG oslo_concurrency.processutils [None req-4412ac94-6be8-4ea3-b162-d955f5418af1 None None] Running cmd (subprocess): grep -F node.session.scan /sbin/iscsiadm {{(pid=69167) execute /opt/stack/data/venv/lib/python3.12/site-packages/oslo_concurrency/processutils.py:349}}
Aug 08 09:09:24.938896 np0000032474 devstack@n-api.service[69166]: DEBUG oslo_concurrency.processutils [None req-1dd8b6aa-a01d-4a4e-9bfa-37b4f26ad206 None None] CMD "grep -F node.session.scan /sbin/iscsiadm" returned: 0 in 0.009s {{(pid=69166) execute /opt/stack/data/venv/lib/python3.12/site-packages/oslo_concurrency/processutils.py:372}}
Aug 08 09:09:24.945740 np0000032474 devstack@n-api.service[69167]: DEBUG oslo_concurrency.processutils [None req-4412ac94-6be8-4ea3-b162-d955f5418af1 None None] CMD "grep -F node.session.scan /sbin/iscsiadm" returned: 0 in 0.008s {{(pid=69167) execute /opt/stack/data/venv/lib/python3.12/site-packages/oslo_concurrency/processutils.py:372}}
Aug 08 09:09:25.285077 np0000032474 devstack@n-api.service[69167]: WARNING keystonemiddleware.auth_token [None req-4412ac94-6be8-4ea3-b162-d955f5418af1 None None] AuthToken middleware is set with keystone_authtoken.service_token_roles_required set to False. This is backwards compatible but deprecated behaviour. Please set this to True.
Aug 08 09:09:25.285530 np0000032474 devstack@n-api.service[69166]: WARNING keystonemiddleware.auth_token [None req-1dd8b6aa-a01d-4a4e-9bfa-37b4f26ad206 None None] AuthToken middleware is set with keystone_authtoken.service_token_roles_required set to False. This is backwards compatible but deprecated behaviour. Please set this to True.
Aug 08 09:09:25.288493 np0000032474 devstack@n-api.service[69167]: WARNING keystonemiddleware.auth_token [None req-4412ac94-6be8-4ea3-b162-d955f5418af1 None None] Configuring www_authenticate_uri to point to the public identity endpoint is required; clients may not be able to authenticate against an admin endpoint
Aug 08 09:09:25.288957 np0000032474 devstack@n-api.service[69166]: WARNING keystonemiddleware.auth_token [None req-1dd8b6aa-a01d-4a4e-9bfa-37b4f26ad206 None None] Configuring www_authenticate_uri to point to the public identity endpoint is required; clients may not be able to authenticate against an admin endpoint
Aug 08 09:09:25.450324 np0000032474 devstack@n-api.service[69167]: WARNING keystonemiddleware.auth_token [None req-4412ac94-6be8-4ea3-b162-d955f5418af1 None None] AuthToken middleware is set with keystone_authtoken.service_token_roles_required set to False. This is backwards compatible but deprecated behaviour. Please set this to True.
Aug 08 09:09:25.452861 np0000032474 devstack@n-api.service[69167]: WARNING keystonemiddleware.auth_token [None req-4412ac94-6be8-4ea3-b162-d955f5418af1 None None] Configuring www_authenticate_uri to point to the public identity endpoint is required; clients may not be able to authenticate against an admin endpoint
Aug 08 09:09:25.452996 np0000032474 devstack@n-api.service[69166]: WARNING keystonemiddleware.auth_token [None req-1dd8b6aa-a01d-4a4e-9bfa-37b4f26ad206 None None] AuthToken middleware is set with keystone_authtoken.service_token_roles_required set to False. This is backwards compatible but deprecated behaviour. Please set this to True.
Aug 08 09:09:25.454752 np0000032474 devstack@n-api.service[69167]: WSGI app 0 (mountpoint='') ready in 3 seconds on interpreter 0x7d8bc26a39e8 pid: 69167 (default app)
Aug 08 09:09:25.455574 np0000032474 devstack@n-api.service[69166]: WARNING keystonemiddleware.auth_token [None req-1dd8b6aa-a01d-4a4e-9bfa-37b4f26ad206 None None] Configuring www_authenticate_uri to point to the public identity endpoint is required; clients may not be able to authenticate against an admin endpoint
Aug 08 09:09:25.455699 np0000032474 devstack@n-api.service[69167]: DEBUG nova.api.openstack.wsgi [None req-4412ac94-6be8-4ea3-b162-d955f5418af1 None None] Calling method '<bound method VersionsV2.index of <nova.api.openstack.compute.versions.VersionsV2 object at 0x7d8bbbe0c710>>' {{(pid=69167) _process_stack /opt/stack/nova/nova/api/openstack/wsgi.py:556}}
Aug 08 09:09:25.457449 np0000032474 devstack@n-api.service[69166]: WSGI app 0 (mountpoint='') ready in 3 seconds on interpreter 0x7d8bc26a39e8 pid: 69166 (default app)
Aug 08 09:09:25.458779 np0000032474 devstack@n-api.service[69167]: INFO nova.api.openstack.requestlog [None req-4412ac94-6be8-4ea3-b162-d955f5418af1 None None] 192.168.1.136 "GET /compute/v2.1/" status: 200 len: 391 microversion: 2.1 time: 0.003314
Aug 08 09:09:25.458959 np0000032474 devstack@n-api.service[69167]: [pid: 69167|app: 0|req: 1/1] 192.168.1.136 () {50 vars in 771 bytes} [Fri Aug  8 09:09:25 2025] GET /compute/v2.1/ => generated 391 bytes in 4 msecs (HTTP/1.1 200) 9 headers in 357 bytes (1 switches on core 0)
Aug 08 09:09:59.625830 np0000032474 devstack@n-api.service[69166]: DEBUG nova.api.openstack.wsgi [None req-1dd8b6aa-a01d-4a4e-9bfa-37b4f26ad206 None None] Calling method '<bound method VersionsV2.index of <nova.api.openstack.compute.versions.VersionsV2 object at 0x7d8bbbf97d70>>' {{(pid=69166) _process_stack /opt/stack/nova/nova/api/openstack/wsgi.py:556}}
Aug 08 09:09:59.629537 np0000032474 devstack@n-api.service[69166]: INFO nova.api.openstack.requestlog [None req-1dd8b6aa-a01d-4a4e-9bfa-37b4f26ad206 None None] 192.168.1.136 "GET /compute/v2.1" status: 200 len: 392 microversion: 2.1 time: 0.004264
Aug 08 09:09:59.629736 np0000032474 devstack@n-api.service[69166]: [pid: 69166|app: 0|req: 1/2] 192.168.1.136 () {62 vars in 1056 bytes} [Fri Aug  8 09:09:59 2025] GET /compute/v2.1 => generated 392 bytes in 5 msecs (HTTP/1.1 200) 9 headers in 357 bytes (1 switches on core 0)
Aug 08 09:09:59.639365 np0000032474 devstack@n-api.service[69167]: DEBUG dbcounter [-] [69167] Writing DB stats nova_api:SELECT=1 {{(pid=69167) stat_writer /opt/stack/data/venv/lib/python3.12/site-packages/dbcounter.py:115}}
Aug 08 09:09:59.640035 np0000032474 devstack@n-api.service[69167]: DEBUG dbcounter [-] [69167] Writing DB stats nova_cell0:SELECT=1 {{(pid=69167) stat_writer /opt/stack/data/venv/lib/python3.12/site-packages/dbcounter.py:115}}
Aug 08 09:09:59.640395 np0000032474 devstack@n-api.service[69167]: DEBUG dbcounter [-] [69167] Writing DB stats nova_cell1:SELECT=1 {{(pid=69167) stat_writer /opt/stack/data/venv/lib/python3.12/site-packages/dbcounter.py:115}}
Aug 08 09:09:59.640706 np0000032474 devstack@n-api.service[69167]: DEBUG dbcounter [-] [69167] Writing DB stats nova_cell0:SELECT=2,nova_cell0:INSERT=1 {{(pid=69167) stat_writer /opt/stack/data/venv/lib/python3.12/site-packages/dbcounter.py:115}}
Aug 08 09:09:59.749448 np0000032474 devstack@n-api.service[69167]: DEBUG nova.api.openstack.wsgi [None req-3ae399c8-e900-4d60-9af0-8e5585a7b131 admin admin] Calling method '<bound method FlavorsController.detail of <nova.api.openstack.compute.flavors.FlavorsController object at 0x7d8bbb6346e0>>' {{(pid=69167) _process_stack /opt/stack/nova/nova/api/openstack/wsgi.py:556}}
Aug 08 09:09:59.766765 np0000032474 devstack@n-api.service[69167]: INFO nova.api.openstack.requestlog [None req-3ae399c8-e900-4d60-9af0-8e5585a7b131 admin admin] 192.168.1.136 "GET /compute/v2.1/flavors/detail?is_public=True" status: 200 len: 15 microversion: 2.61 time: 0.131317
Aug 08 09:09:59.767004 np0000032474 devstack@n-api.service[69167]: [pid: 69167|app: 0|req: 2/3] 192.168.1.136 () {68 vars in 1417 bytes} [Fri Aug  8 09:09:59 2025] GET /compute/v2.1/flavors/detail?is_public=True => generated 15 bytes in 132 msecs (HTTP/1.1 200) 9 headers in 358 bytes (2 switches on core 0)
Aug 08 09:09:59.854318 np0000032474 devstack@n-api.service[69166]: DEBUG nova.api.openstack.wsgi [None req-1dd8b6aa-a01d-4a4e-9bfa-37b4f26ad206 None None] Calling method '<bound method VersionsV2.index of <nova.api.openstack.compute.versions.VersionsV2 object at 0x7d8bbbf97d70>>' {{(pid=69166) _process_stack /opt/stack/nova/nova/api/openstack/wsgi.py:556}}
Aug 08 09:09:59.857583 np0000032474 devstack@n-api.service[69166]: INFO nova.api.openstack.requestlog [None req-1dd8b6aa-a01d-4a4e-9bfa-37b4f26ad206 None None] 192.168.1.136 "GET /compute/v2.1" status: 200 len: 392 microversion: 2.1 time: 0.003429
Aug 08 09:09:59.857802 np0000032474 devstack@n-api.service[69166]: [pid: 69166|app: 0|req: 2/4] 192.168.1.136 () {62 vars in 1056 bytes} [Fri Aug  8 09:09:59 2025] GET /compute/v2.1 => generated 392 bytes in 4 msecs (HTTP/1.1 200) 9 headers in 357 bytes (1 switches on core 0)
Aug 08 09:09:59.882174 np0000032474 devstack@n-api.service[69167]: DEBUG nova.api.openstack.wsgi [None req-cf43be39-d1df-46a2-b202-6ed5b83fdd63 admin admin] Action: 'create', calling method: <bound method FlavorsController.create of <nova.api.openstack.compute.flavors.FlavorsController object at 0x7d8bbb6341a0>>, body: {"flavor": {"OS-FLV-EXT-DATA:ephemeral": 0, "os-flavor-access:is_public": true, "disk": 1, "id": "c1", "swap": 0, "vcpus": 1, "rxtx_factor": 1.0, "ram": 256, "name": "cirros256"}} {{(pid=69167) _process_stack /opt/stack/nova/nova/api/openstack/wsgi.py:554}}
Aug 08 09:09:59.907241 np0000032474 devstack@n-api.service[69167]: INFO nova.api.openstack.requestlog [None req-cf43be39-d1df-46a2-b202-6ed5b83fdd63 admin admin] 192.168.1.136 "POST /compute/v2.1/flavors" status: 200 len: 413 microversion: 2.61 time: 0.043908
Aug 08 09:09:59.907556 np0000032474 devstack@n-api.service[69167]: [pid: 69167|app: 0|req: 3/5] 192.168.1.136 () {72 vars in 1408 bytes} [Fri Aug  8 09:09:59 2025] POST /compute/v2.1/flavors => generated 413 bytes in 44 msecs (HTTP/1.1 200) 9 headers in 359 bytes (1 switches on core 0)
Aug 08 09:09:59.917998 np0000032474 devstack@n-api.service[69166]: DEBUG dbcounter [-] [69166] Writing DB stats nova_api:SELECT=1 {{(pid=69166) stat_writer /opt/stack/data/venv/lib/python3.12/site-packages/dbcounter.py:115}}
Aug 08 09:09:59.918691 np0000032474 devstack@n-api.service[69166]: DEBUG dbcounter [-] [69166] Writing DB stats nova_cell0:SELECT=1 {{(pid=69166) stat_writer /opt/stack/data/venv/lib/python3.12/site-packages/dbcounter.py:115}}
Aug 08 09:09:59.919061 np0000032474 devstack@n-api.service[69166]: DEBUG dbcounter [-] [69166] Writing DB stats nova_cell1:SELECT=1 {{(pid=69166) stat_writer /opt/stack/data/venv/lib/python3.12/site-packages/dbcounter.py:115}}
Aug 08 09:09:59.919358 np0000032474 devstack@n-api.service[69166]: DEBUG dbcounter [-] [69166] Writing DB stats nova_cell0:SELECT=2,nova_cell0:INSERT=1 {{(pid=69166) stat_writer /opt/stack/data/venv/lib/python3.12/site-packages/dbcounter.py:115}}
Aug 08 09:09:59.975964 np0000032474 devstack@n-api.service[69166]: DEBUG nova.api.openstack.wsgi [None req-8c38e2a1-b717-44f9-85c3-a8fbfc650260 admin admin] Action: 'create', calling method: <bound method FlavorExtraSpecsController.create of <nova.api.openstack.compute.flavors_extraspecs.FlavorExtraSpecsController object at 0x7d8bbb6389b0>>, body: {"extra_specs": {"hw_rng:allowed": "True"}} {{(pid=69166) _process_stack /opt/stack/nova/nova/api/openstack/wsgi.py:554}}
Aug 08 09:10:00.008163 np0000032474 devstack@n-api.service[69166]: INFO nova.api.openstack.requestlog [None req-8c38e2a1-b717-44f9-85c3-a8fbfc650260 admin admin] 192.168.1.136 "POST /compute/v2.1/flavors/c1/os-extra_specs" status: 200 len: 43 microversion: 2.61 time: 0.093336
Aug 08 09:10:00.008417 np0000032474 devstack@n-api.service[69166]: [pid: 69166|app: 0|req: 3/6] 192.168.1.136 () {72 vars in 1461 bytes} [Fri Aug  8 09:09:59 2025] POST /compute/v2.1/flavors/c1/os-extra_specs => generated 43 bytes in 94 msecs (HTTP/1.1 200) 9 headers in 358 bytes (1 switches on core 0)
Aug 08 09:10:00.091746 np0000032474 devstack@n-api.service[69167]: DEBUG nova.api.openstack.wsgi [None req-cf43be39-d1df-46a2-b202-6ed5b83fdd63 admin admin] Calling method '<bound method VersionsV2.index of <nova.api.openstack.compute.versions.VersionsV2 object at 0x7d8bbbe0c710>>' {{(pid=69167) _process_stack /opt/stack/nova/nova/api/openstack/wsgi.py:556}}
Aug 08 09:10:00.095035 np0000032474 devstack@n-api.service[69167]: INFO nova.api.openstack.requestlog [None req-cf43be39-d1df-46a2-b202-6ed5b83fdd63 admin admin] 192.168.1.136 "GET /compute/v2.1" status: 200 len: 392 microversion: 2.1 time: 0.003068
Aug 08 09:10:00.095239 np0000032474 devstack@n-api.service[69167]: [pid: 69167|app: 0|req: 4/7] 192.168.1.136 () {62 vars in 1056 bytes} [Fri Aug  8 09:10:00 2025] GET /compute/v2.1 => generated 392 bytes in 4 msecs (HTTP/1.1 200) 9 headers in 357 bytes (1 switches on core 0)
Aug 08 09:10:00.239601 np0000032474 devstack@n-api.service[69166]: DEBUG nova.api.openstack.wsgi [None req-cacb33b7-c58f-4b1d-9967-85e97ffb28e2 admin admin] Action: 'create', calling method: <bound method FlavorsController.create of <nova.api.openstack.compute.flavors.FlavorsController object at 0x7d8bbb6382c0>>, body: {"flavor": {"OS-FLV-EXT-DATA:ephemeral": 0, "os-flavor-access:is_public": true, "disk": 5, "id": "d1", "swap": 0, "vcpus": 1, "rxtx_factor": 1.0, "ram": 512, "name": "ds512M"}} {{(pid=69166) _process_stack /opt/stack/nova/nova/api/openstack/wsgi.py:554}}
Aug 08 09:10:00.258118 np0000032474 devstack@n-api.service[69166]: INFO nova.api.openstack.requestlog [None req-cacb33b7-c58f-4b1d-9967-85e97ffb28e2 admin admin] 192.168.1.136 "POST /compute/v2.1/flavors" status: 200 len: 410 microversion: 2.61 time: 0.157207
Aug 08 09:10:00.258378 np0000032474 devstack@n-api.service[69166]: [pid: 69166|app: 0|req: 4/8] 192.168.1.136 () {72 vars in 1408 bytes} [Fri Aug  8 09:10:00 2025] POST /compute/v2.1/flavors => generated 410 bytes in 158 msecs (HTTP/1.1 200) 9 headers in 359 bytes (1 switches on core 0)
Aug 08 09:10:00.266925 np0000032474 devstack@n-api.service[69167]: DEBUG nova.api.openstack.wsgi [None req-edea49cf-960a-4a5d-ad35-255eefd8754e admin admin] Action: 'create', calling method: <bound method FlavorExtraSpecsController.create of <nova.api.openstack.compute.flavors_extraspecs.FlavorExtraSpecsController object at 0x7d8bbb634a10>>, body: {"extra_specs": {"hw_rng:allowed": "True"}} {{(pid=69167) _process_stack /opt/stack/nova/nova/api/openstack/wsgi.py:554}}
Aug 08 09:10:00.285504 np0000032474 devstack@n-api.service[69167]: INFO nova.api.openstack.requestlog [None req-edea49cf-960a-4a5d-ad35-255eefd8754e admin admin] 192.168.1.136 "POST /compute/v2.1/flavors/d1/os-extra_specs" status: 200 len: 43 microversion: 2.61 time: 0.020203
Aug 08 09:10:00.285745 np0000032474 devstack@n-api.service[69167]: [pid: 69167|app: 0|req: 5/9] 192.168.1.136 () {72 vars in 1461 bytes} [Fri Aug  8 09:10:00 2025] POST /compute/v2.1/flavors/d1/os-extra_specs => generated 43 bytes in 20 msecs (HTTP/1.1 200) 9 headers in 358 bytes (1 switches on core 0)
Aug 08 09:10:00.376098 np0000032474 devstack@n-api.service[69166]: DEBUG nova.api.openstack.wsgi [None req-cacb33b7-c58f-4b1d-9967-85e97ffb28e2 admin admin] Calling method '<bound method VersionsV2.index of <nova.api.openstack.compute.versions.VersionsV2 object at 0x7d8bbbf97d70>>' {{(pid=69166) _process_stack /opt/stack/nova/nova/api/openstack/wsgi.py:556}}
Aug 08 09:10:00.379010 np0000032474 devstack@n-api.service[69166]: INFO nova.api.openstack.requestlog [None req-cacb33b7-c58f-4b1d-9967-85e97ffb28e2 admin admin] 192.168.1.136 "GET /compute/v2.1" status: 200 len: 392 microversion: 2.1 time: 0.003051
Aug 08 09:10:00.379255 np0000032474 devstack@n-api.service[69166]: [pid: 69166|app: 0|req: 5/10] 192.168.1.136 () {62 vars in 1056 bytes} [Fri Aug  8 09:10:00 2025] GET /compute/v2.1 => generated 392 bytes in 3 msecs (HTTP/1.1 200) 9 headers in 357 bytes (1 switches on core 0)
Aug 08 09:10:00.405370 np0000032474 devstack@n-api.service[69167]: DEBUG nova.api.openstack.wsgi [None req-8e0ac966-bdd1-4967-92b8-e6b3cea5247e admin admin] Action: 'create', calling method: <bound method FlavorsController.create of <nova.api.openstack.compute.flavors.FlavorsController object at 0x7d8bbb6341a0>>, body: {"flavor": {"OS-FLV-EXT-DATA:ephemeral": 0, "os-flavor-access:is_public": true, "disk": 10, "id": "d2", "swap": 0, "vcpus": 1, "rxtx_factor": 1.0, "ram": 1024, "name": "ds1G"}} {{(pid=69167) _process_stack /opt/stack/nova/nova/api/openstack/wsgi.py:554}}
Aug 08 09:10:00.421145 np0000032474 devstack@n-api.service[69167]: INFO nova.api.openstack.requestlog [None req-8e0ac966-bdd1-4967-92b8-e6b3cea5247e admin admin] 192.168.1.136 "POST /compute/v2.1/flavors" status: 200 len: 410 microversion: 2.61 time: 0.036223
Aug 08 09:10:00.421692 np0000032474 devstack@n-api.service[69167]: [pid: 69167|app: 0|req: 6/11] 192.168.1.136 () {72 vars in 1408 bytes} [Fri Aug  8 09:10:00 2025] POST /compute/v2.1/flavors => generated 410 bytes in 37 msecs (HTTP/1.1 200) 9 headers in 359 bytes (1 switches on core 0)
Aug 08 09:10:00.429733 np0000032474 devstack@n-api.service[69166]: DEBUG nova.api.openstack.wsgi [None req-f1922e3f-999d-47e0-b167-ac48c8365a49 admin admin] Action: 'create', calling method: <bound method FlavorExtraSpecsController.create of <nova.api.openstack.compute.flavors_extraspecs.FlavorExtraSpecsController object at 0x7d8bbb6389b0>>, body: {"extra_specs": {"hw_rng:allowed": "True"}} {{(pid=69166) _process_stack /opt/stack/nova/nova/api/openstack/wsgi.py:554}}
Aug 08 09:10:00.442403 np0000032474 devstack@n-api.service[69166]: INFO nova.api.openstack.requestlog [None req-f1922e3f-999d-47e0-b167-ac48c8365a49 admin admin] 192.168.1.136 "POST /compute/v2.1/flavors/d2/os-extra_specs" status: 200 len: 43 microversion: 2.61 time: 0.014249
Aug 08 09:10:00.442653 np0000032474 devstack@n-api.service[69166]: [pid: 69166|app: 0|req: 6/12] 192.168.1.136 () {72 vars in 1461 bytes} [Fri Aug  8 09:10:00 2025] POST /compute/v2.1/flavors/d2/os-extra_specs => generated 43 bytes in 15 msecs (HTTP/1.1 200) 9 headers in 358 bytes (2 switches on core 0)
Aug 08 09:10:00.526472 np0000032474 devstack@n-api.service[69167]: DEBUG nova.api.openstack.wsgi [None req-8e0ac966-bdd1-4967-92b8-e6b3cea5247e admin admin] Calling method '<bound method VersionsV2.index of <nova.api.openstack.compute.versions.VersionsV2 object at 0x7d8bbbe0c710>>' {{(pid=69167) _process_stack /opt/stack/nova/nova/api/openstack/wsgi.py:556}}
Aug 08 09:10:00.529324 np0000032474 devstack@n-api.service[69167]: INFO nova.api.openstack.requestlog [None req-8e0ac966-bdd1-4967-92b8-e6b3cea5247e admin admin] 192.168.1.136 "GET /compute/v2.1" status: 200 len: 392 microversion: 2.1 time: 0.003006
Aug 08 09:10:00.529489 np0000032474 devstack@n-api.service[69167]: [pid: 69167|app: 0|req: 7/13] 192.168.1.136 () {62 vars in 1056 bytes} [Fri Aug  8 09:10:00 2025] GET /compute/v2.1 => generated 392 bytes in 3 msecs (HTTP/1.1 200) 9 headers in 357 bytes (1 switches on core 0)
Aug 08 09:10:00.566873 np0000032474 devstack@n-api.service[69166]: DEBUG nova.api.openstack.wsgi [None req-dd77393d-07cb-485e-9a61-21fbacc18a42 admin admin] Action: 'create', calling method: <bound method FlavorsController.create of <nova.api.openstack.compute.flavors.FlavorsController object at 0x7d8bbb6382c0>>, body: {"flavor": {"OS-FLV-EXT-DATA:ephemeral": 0, "os-flavor-access:is_public": true, "disk": 10, "id": "d3", "swap": 0, "vcpus": 2, "rxtx_factor": 1.0, "ram": 2048, "name": "ds2G"}} {{(pid=69166) _process_stack /opt/stack/nova/nova/api/openstack/wsgi.py:554}}
Aug 08 09:10:00.579019 np0000032474 devstack@n-api.service[69166]: INFO nova.api.openstack.requestlog [None req-dd77393d-07cb-485e-9a61-21fbacc18a42 admin admin] 192.168.1.136 "POST /compute/v2.1/flavors" status: 200 len: 410 microversion: 2.61 time: 0.043316
Aug 08 09:10:00.579283 np0000032474 devstack@n-api.service[69166]: [pid: 69166|app: 0|req: 7/14] 192.168.1.136 () {72 vars in 1408 bytes} [Fri Aug  8 09:10:00 2025] POST /compute/v2.1/flavors => generated 410 bytes in 44 msecs (HTTP/1.1 200) 9 headers in 359 bytes (1 switches on core 0)
Aug 08 09:10:00.589162 np0000032474 devstack@n-api.service[69167]: DEBUG nova.api.openstack.wsgi [None req-9d2fa669-6f4f-4d01-bafc-b96fdb9723bb admin admin] Action: 'create', calling method: <bound method FlavorExtraSpecsController.create of <nova.api.openstack.compute.flavors_extraspecs.FlavorExtraSpecsController object at 0x7d8bbb634a10>>, body: {"extra_specs": {"hw_rng:allowed": "True"}} {{(pid=69167) _process_stack /opt/stack/nova/nova/api/openstack/wsgi.py:554}}
Aug 08 09:10:00.602070 np0000032474 devstack@n-api.service[69167]: INFO nova.api.openstack.requestlog [None req-9d2fa669-6f4f-4d01-bafc-b96fdb9723bb admin admin] 192.168.1.136 "POST /compute/v2.1/flavors/d3/os-extra_specs" status: 200 len: 43 microversion: 2.61 time: 0.014607
Aug 08 09:10:00.602356 np0000032474 devstack@n-api.service[69167]: [pid: 69167|app: 0|req: 8/15] 192.168.1.136 () {72 vars in 1461 bytes} [Fri Aug  8 09:10:00 2025] POST /compute/v2.1/flavors/d3/os-extra_specs => generated 43 bytes in 15 msecs (HTTP/1.1 200) 9 headers in 358 bytes (1 switches on core 0)
Aug 08 09:10:00.694152 np0000032474 devstack@n-api.service[69166]: DEBUG nova.api.openstack.wsgi [None req-dd77393d-07cb-485e-9a61-21fbacc18a42 admin admin] Calling method '<bound method VersionsV2.index of <nova.api.openstack.compute.versions.VersionsV2 object at 0x7d8bbbf97d70>>' {{(pid=69166) _process_stack /opt/stack/nova/nova/api/openstack/wsgi.py:556}}
Aug 08 09:10:00.698640 np0000032474 devstack@n-api.service[69166]: INFO nova.api.openstack.requestlog [None req-dd77393d-07cb-485e-9a61-21fbacc18a42 admin admin] 192.168.1.136 "GET /compute/v2.1" status: 200 len: 392 microversion: 2.1 time: 0.004618
Aug 08 09:10:00.698825 np0000032474 devstack@n-api.service[69166]: [pid: 69166|app: 0|req: 8/16] 192.168.1.136 () {62 vars in 1056 bytes} [Fri Aug  8 09:10:00 2025] GET /compute/v2.1 => generated 392 bytes in 5 msecs (HTTP/1.1 200) 9 headers in 357 bytes (1 switches on core 0)
Aug 08 09:10:00.727544 np0000032474 devstack@n-api.service[69167]: DEBUG nova.api.openstack.wsgi [None req-6061d35e-dafb-483a-8b1e-78ab3eca7556 admin admin] Action: 'create', calling method: <bound method FlavorsController.create of <nova.api.openstack.compute.flavors.FlavorsController object at 0x7d8bbb6341a0>>, body: {"flavor": {"OS-FLV-EXT-DATA:ephemeral": 0, "os-flavor-access:is_public": true, "disk": 20, "id": "d4", "swap": 0, "vcpus": 4, "rxtx_factor": 1.0, "ram": 4096, "name": "ds4G"}} {{(pid=69167) _process_stack /opt/stack/nova/nova/api/openstack/wsgi.py:554}}
Aug 08 09:10:00.741596 np0000032474 devstack@n-api.service[69167]: INFO nova.api.openstack.requestlog [None req-6061d35e-dafb-483a-8b1e-78ab3eca7556 admin admin] 192.168.1.136 "POST /compute/v2.1/flavors" status: 200 len: 410 microversion: 2.61 time: 0.036413
Aug 08 09:10:00.741941 np0000032474 devstack@n-api.service[69167]: [pid: 69167|app: 0|req: 9/17] 192.168.1.136 () {72 vars in 1408 bytes} [Fri Aug  8 09:10:00 2025] POST /compute/v2.1/flavors => generated 410 bytes in 37 msecs (HTTP/1.1 200) 9 headers in 359 bytes (1 switches on core 0)
Aug 08 09:10:00.750690 np0000032474 devstack@n-api.service[69166]: DEBUG nova.api.openstack.wsgi [None req-f08baea0-0b07-47db-8fce-c306042fa0cd admin admin] Action: 'create', calling method: <bound method FlavorExtraSpecsController.create of <nova.api.openstack.compute.flavors_extraspecs.FlavorExtraSpecsController object at 0x7d8bbb6389b0>>, body: {"extra_specs": {"hw_rng:allowed": "True"}} {{(pid=69166) _process_stack /opt/stack/nova/nova/api/openstack/wsgi.py:554}}
Aug 08 09:10:00.764463 np0000032474 devstack@n-api.service[69166]: INFO nova.api.openstack.requestlog [None req-f08baea0-0b07-47db-8fce-c306042fa0cd admin admin] 192.168.1.136 "POST /compute/v2.1/flavors/d4/os-extra_specs" status: 200 len: 43 microversion: 2.61 time: 0.015404
Aug 08 09:10:00.764748 np0000032474 devstack@n-api.service[69166]: [pid: 69166|app: 0|req: 9/18] 192.168.1.136 () {72 vars in 1461 bytes} [Fri Aug  8 09:10:00 2025] POST /compute/v2.1/flavors/d4/os-extra_specs => generated 43 bytes in 16 msecs (HTTP/1.1 200) 9 headers in 358 bytes (1 switches on core 0)
Aug 08 09:10:00.851543 np0000032474 devstack@n-api.service[69167]: DEBUG nova.api.openstack.wsgi [None req-6061d35e-dafb-483a-8b1e-78ab3eca7556 admin admin] Calling method '<bound method VersionsV2.index of <nova.api.openstack.compute.versions.VersionsV2 object at 0x7d8bbbe0c710>>' {{(pid=69167) _process_stack /opt/stack/nova/nova/api/openstack/wsgi.py:556}}
Aug 08 09:10:00.851543 np0000032474 devstack@n-api.service[69167]: INFO nova.api.openstack.requestlog [None req-6061d35e-dafb-483a-8b1e-78ab3eca7556 admin admin] 192.168.1.136 "GET /compute/v2.1" status: 200 len: 392 microversion: 2.1 time: 0.003252
Aug 08 09:10:00.851691 np0000032474 devstack@n-api.service[69167]: [pid: 69167|app: 0|req: 10/19] 192.168.1.136 () {62 vars in 1056 bytes} [Fri Aug  8 09:10:00 2025] GET /compute/v2.1 => generated 392 bytes in 4 msecs (HTTP/1.1 200) 9 headers in 357 bytes (1 switches on core 0)
Aug 08 09:10:00.877515 np0000032474 devstack@n-api.service[69166]: DEBUG nova.api.openstack.wsgi [None req-5faa3ca7-91e1-4f80-b083-ebd18abc9cb0 admin admin] Calling method '<bound method FlavorsController.detail of <nova.api.openstack.compute.flavors.FlavorsController object at 0x7d8bbb638800>>' {{(pid=69166) _process_stack /opt/stack/nova/nova/api/openstack/wsgi.py:556}}
Aug 08 09:10:00.893717 np0000032474 devstack@n-api.service[69166]: INFO nova.api.openstack.requestlog [None req-5faa3ca7-91e1-4f80-b083-ebd18abc9cb0 admin admin] 192.168.1.136 "GET /compute/v2.1/flavors/detail?is_public=True" status: 200 len: 2136 microversion: 2.61 time: 0.036869
Aug 08 09:10:00.893941 np0000032474 devstack@n-api.service[69166]: [pid: 69166|app: 0|req: 10/20] 192.168.1.136 () {68 vars in 1417 bytes} [Fri Aug  8 09:10:00 2025] GET /compute/v2.1/flavors/detail?is_public=True => generated 2136 bytes in 37 msecs (HTTP/1.1 200) 9 headers in 360 bytes (2 switches on core 0)
Aug 08 09:10:00.978237 np0000032474 devstack@n-api.service[69167]: DEBUG nova.api.openstack.wsgi [None req-6061d35e-dafb-483a-8b1e-78ab3eca7556 admin admin] Calling method '<bound method VersionsV2.index of <nova.api.openstack.compute.versions.VersionsV2 object at 0x7d8bbbe0c710>>' {{(pid=69167) _process_stack /opt/stack/nova/nova/api/openstack/wsgi.py:556}}
Aug 08 09:10:00.978237 np0000032474 devstack@n-api.service[69167]: INFO nova.api.openstack.requestlog [None req-6061d35e-dafb-483a-8b1e-78ab3eca7556 admin admin] 192.168.1.136 "GET /compute/v2.1" status: 200 len: 392 microversion: 2.1 time: 0.002988
Aug 08 09:10:00.978237 np0000032474 devstack@n-api.service[69167]: [pid: 69167|app: 0|req: 11/21] 192.168.1.136 () {62 vars in 1056 bytes} [Fri Aug  8 09:10:00 2025] GET /compute/v2.1 => generated 392 bytes in 3 msecs (HTTP/1.1 200) 9 headers in 357 bytes (1 switches on core 0)
Aug 08 09:10:01.005366 np0000032474 devstack@n-api.service[69166]: DEBUG nova.api.openstack.wsgi [None req-e535ea2d-4e39-481c-9402-71b6d5902fac admin admin] Action: 'create', calling method: <bound method FlavorsController.create of <nova.api.openstack.compute.flavors.FlavorsController object at 0x7d8bbb6382c0>>, body: {"flavor": {"OS-FLV-EXT-DATA:ephemeral": 0, "os-flavor-access:is_public": true, "disk": 1, "id": "1", "swap": 0, "vcpus": 1, "rxtx_factor": 1.0, "ram": 512, "name": "m1.tiny"}} {{(pid=69166) _process_stack /opt/stack/nova/nova/api/openstack/wsgi.py:554}}
Aug 08 09:10:01.018114 np0000032474 devstack@n-api.service[69166]: INFO nova.api.openstack.requestlog [None req-e535ea2d-4e39-481c-9402-71b6d5902fac admin admin] 192.168.1.136 "POST /compute/v2.1/flavors" status: 200 len: 408 microversion: 2.61 time: 0.034613
Aug 08 09:10:01.018519 np0000032474 devstack@n-api.service[69166]: [pid: 69166|app: 0|req: 11/22] 192.168.1.136 () {72 vars in 1408 bytes} [Fri Aug  8 09:10:00 2025] POST /compute/v2.1/flavors => generated 408 bytes in 35 msecs (HTTP/1.1 200) 9 headers in 359 bytes (1 switches on core 0)
Aug 08 09:10:01.028902 np0000032474 devstack@n-api.service[69167]: DEBUG nova.api.openstack.wsgi [None req-c09ba1cc-bdcc-4142-8b56-639b4ec61f7e admin admin] Action: 'create', calling method: <bound method FlavorExtraSpecsController.create of <nova.api.openstack.compute.flavors_extraspecs.FlavorExtraSpecsController object at 0x7d8bbb634a10>>, body: {"extra_specs": {"hw_rng:allowed": "True"}} {{(pid=69167) _process_stack /opt/stack/nova/nova/api/openstack/wsgi.py:554}}
Aug 08 09:10:01.041731 np0000032474 devstack@n-api.service[69167]: INFO nova.api.openstack.requestlog [None req-c09ba1cc-bdcc-4142-8b56-639b4ec61f7e admin admin] 192.168.1.136 "POST /compute/v2.1/flavors/1/os-extra_specs" status: 200 len: 43 microversion: 2.61 time: 0.016175
Aug 08 09:10:01.042148 np0000032474 devstack@n-api.service[69167]: [pid: 69167|app: 0|req: 12/23] 192.168.1.136 () {72 vars in 1458 bytes} [Fri Aug  8 09:10:01 2025] POST /compute/v2.1/flavors/1/os-extra_specs => generated 43 bytes in 17 msecs (HTTP/1.1 200) 9 headers in 358 bytes (1 switches on core 0)
Aug 08 09:10:01.125784 np0000032474 devstack@n-api.service[69166]: DEBUG nova.api.openstack.wsgi [None req-e535ea2d-4e39-481c-9402-71b6d5902fac admin admin] Calling method '<bound method VersionsV2.index of <nova.api.openstack.compute.versions.VersionsV2 object at 0x7d8bbbf97d70>>' {{(pid=69166) _process_stack /opt/stack/nova/nova/api/openstack/wsgi.py:556}}
Aug 08 09:10:01.129609 np0000032474 devstack@n-api.service[69166]: INFO nova.api.openstack.requestlog [None req-e535ea2d-4e39-481c-9402-71b6d5902fac admin admin] 192.168.1.136 "GET /compute/v2.1" status: 200 len: 392 microversion: 2.1 time: 0.003211
Aug 08 09:10:01.129805 np0000032474 devstack@n-api.service[69166]: [pid: 69166|app: 0|req: 12/24] 192.168.1.136 () {62 vars in 1056 bytes} [Fri Aug  8 09:10:01 2025] GET /compute/v2.1 => generated 392 bytes in 4 msecs (HTTP/1.1 200) 9 headers in 357 bytes (1 switches on core 0)
Aug 08 09:10:01.157564 np0000032474 devstack@n-api.service[69167]: DEBUG nova.api.openstack.wsgi [None req-895bcaa7-66f7-4624-ab2a-f48e04b9e04b admin admin] Action: 'create', calling method: <bound method FlavorsController.create of <nova.api.openstack.compute.flavors.FlavorsController object at 0x7d8bbb6341a0>>, body: {"flavor": {"OS-FLV-EXT-DATA:ephemeral": 0, "os-flavor-access:is_public": true, "disk": 20, "id": "2", "swap": 0, "vcpus": 1, "rxtx_factor": 1.0, "ram": 2048, "name": "m1.small"}} {{(pid=69167) _process_stack /opt/stack/nova/nova/api/openstack/wsgi.py:554}}
Aug 08 09:10:01.167268 np0000032474 devstack@n-api.service[69167]: INFO nova.api.openstack.requestlog [None req-895bcaa7-66f7-4624-ab2a-f48e04b9e04b admin admin] 192.168.1.136 "POST /compute/v2.1/flavors" status: 200 len: 411 microversion: 2.61 time: 0.031323
Aug 08 09:10:01.167612 np0000032474 devstack@n-api.service[69167]: [pid: 69167|app: 0|req: 13/25] 192.168.1.136 () {72 vars in 1408 bytes} [Fri Aug  8 09:10:01 2025] POST /compute/v2.1/flavors => generated 411 bytes in 32 msecs (HTTP/1.1 200) 9 headers in 359 bytes (1 switches on core 0)
Aug 08 09:10:01.176072 np0000032474 devstack@n-api.service[69166]: DEBUG nova.api.openstack.wsgi [None req-cb3a8d47-66c9-4093-af75-4c53bb718655 admin admin] Action: 'create', calling method: <bound method FlavorExtraSpecsController.create of <nova.api.openstack.compute.flavors_extraspecs.FlavorExtraSpecsController object at 0x7d8bbb6389b0>>, body: {"extra_specs": {"hw_rng:allowed": "True"}} {{(pid=69166) _process_stack /opt/stack/nova/nova/api/openstack/wsgi.py:554}}
Aug 08 09:10:01.189724 np0000032474 devstack@n-api.service[69166]: INFO nova.api.openstack.requestlog [None req-cb3a8d47-66c9-4093-af75-4c53bb718655 admin admin] 192.168.1.136 "POST /compute/v2.1/flavors/2/os-extra_specs" status: 200 len: 43 microversion: 2.61 time: 0.015315
Aug 08 09:10:01.189964 np0000032474 devstack@n-api.service[69166]: [pid: 69166|app: 0|req: 13/26] 192.168.1.136 () {72 vars in 1458 bytes} [Fri Aug  8 09:10:01 2025] POST /compute/v2.1/flavors/2/os-extra_specs => generated 43 bytes in 16 msecs (HTTP/1.1 200) 9 headers in 358 bytes (1 switches on core 0)
Aug 08 09:10:01.274554 np0000032474 devstack@n-api.service[69167]: DEBUG nova.api.openstack.wsgi [None req-895bcaa7-66f7-4624-ab2a-f48e04b9e04b admin admin] Calling method '<bound method VersionsV2.index of <nova.api.openstack.compute.versions.VersionsV2 object at 0x7d8bbbe0c710>>' {{(pid=69167) _process_stack /opt/stack/nova/nova/api/openstack/wsgi.py:556}}
Aug 08 09:10:01.276181 np0000032474 devstack@n-api.service[69167]: INFO nova.api.openstack.requestlog [None req-895bcaa7-66f7-4624-ab2a-f48e04b9e04b admin admin] 192.168.1.136 "GET /compute/v2.1" status: 200 len: 392 microversion: 2.1 time: 0.004484
Aug 08 09:10:01.276421 np0000032474 devstack@n-api.service[69167]: [pid: 69167|app: 0|req: 14/27] 192.168.1.136 () {62 vars in 1056 bytes} [Fri Aug  8 09:10:01 2025] GET /compute/v2.1 => generated 392 bytes in 5 msecs (HTTP/1.1 200) 9 headers in 357 bytes (1 switches on core 0)
