Aug 07 08:39:10.783422 np0000032200 devstack@n-api.service[70589]: DEBUG oslo_concurrency.lockutils [None req-0ba44735-75f6-4997-9c45-98738a704eda None None] Acquiring lock "fa090fff-24f4-424b-9e06-594de4459c97" by "nova.context.set_target_cell.<locals>.get_or_set_cached_cell_and_set_connections" {{(pid=70589) inner /opt/stack/data/venv/lib/python3.12/site-packages/oslo_concurrency/lockutils.py:405}}
Aug 07 08:39:10.783548 np0000032200 devstack@n-api.service[70589]: DEBUG oslo_concurrency.lockutils [None req-0ba44735-75f6-4997-9c45-98738a704eda None None] Lock "fa090fff-24f4-424b-9e06-594de4459c97" acquired by "nova.context.set_target_cell.<locals>.get_or_set_cached_cell_and_set_connections" :: waited 0.000s {{(pid=70589) inner /opt/stack/data/venv/lib/python3.12/site-packages/oslo_concurrency/lockutils.py:410}}
Aug 07 08:39:10.784243 np0000032200 devstack@n-api.service[70589]: DEBUG oslo_concurrency.lockutils [None req-0ba44735-75f6-4997-9c45-98738a704eda None None] Lock "fa090fff-24f4-424b-9e06-594de4459c97" "released" by "nova.context.set_target_cell.<locals>.get_or_set_cached_cell_and_set_connections" :: held 0.001s {{(pid=70589) inner /opt/stack/data/venv/lib/python3.12/site-packages/oslo_concurrency/lockutils.py:424}}
Aug 07 08:39:10.785387 np0000032200 devstack@n-api.service[70589]: INFO dbcounter [None req-0ba44735-75f6-4997-9c45-98738a704eda None None] Registered counter for database nova_cell0
Aug 07 08:39:10.787271 np0000032200 devstack@n-api.service[70589]: INFO dbcounter [None req-0ba44735-75f6-4997-9c45-98738a704eda None None] Registered counter for database nova_cell1
Aug 07 08:39:10.790135 np0000032200 devstack@n-api.service[70589]: DEBUG oslo_db.sqlalchemy.engines [None req-0ba44735-75f6-4997-9c45-98738a704eda None None] MySQL server mode set to STRICT_TRANS_TABLES,STRICT_ALL_TABLES,NO_ZERO_IN_DATE,NO_ZERO_DATE,ERROR_FOR_DIVISION_BY_ZERO,TRADITIONAL,NO_ENGINE_SUBSTITUTION {{(pid=70589) _check_effective_sql_mode /opt/stack/data/venv/lib/python3.12/site-packages/oslo_db/sqlalchemy/engines.py:397}}
Aug 07 08:39:10.790734 np0000032200 devstack@n-api.service[70589]: DEBUG oslo_db.sqlalchemy.engines [None req-0ba44735-75f6-4997-9c45-98738a704eda None None] MySQL server mode set to STRICT_TRANS_TABLES,STRICT_ALL_TABLES,NO_ZERO_IN_DATE,NO_ZERO_DATE,ERROR_FOR_DIVISION_BY_ZERO,TRADITIONAL,NO_ENGINE_SUBSTITUTION {{(pid=70589) _check_effective_sql_mode /opt/stack/data/venv/lib/python3.12/site-packages/oslo_db/sqlalchemy/engines.py:397}}
Aug 07 08:39:10.800337 np0000032200 devstack@n-api.service[70588]: INFO dbcounter [None req-e260b2a5-892b-4587-bb24-7b965f967883 None None] Registered counter for database nova_api
Aug 07 08:39:10.810628 np0000032200 devstack@n-api.service[70588]: DEBUG oslo_db.sqlalchemy.engines [None req-e260b2a5-892b-4587-bb24-7b965f967883 None None] MySQL server mode set to STRICT_TRANS_TABLES,STRICT_ALL_TABLES,NO_ZERO_IN_DATE,NO_ZERO_DATE,ERROR_FOR_DIVISION_BY_ZERO,TRADITIONAL,NO_ENGINE_SUBSTITUTION {{(pid=70588) _check_effective_sql_mode /opt/stack/data/venv/lib/python3.12/site-packages/oslo_db/sqlalchemy/engines.py:397}}
Aug 07 08:39:10.834261 np0000032200 devstack@n-api.service[70588]: DEBUG dbcounter [-] [70588] Writer thread running {{(pid=70588) stat_writer /opt/stack/data/venv/lib/python3.12/site-packages/dbcounter.py:102}}
Aug 07 08:39:10.836019 np0000032200 devstack@n-api.service[70588]: DEBUG nova.context [None req-e260b2a5-892b-4587-bb24-7b965f967883 None None] Found 2 cells: 00000000-0000-0000-0000-000000000000(cell0),fa090fff-24f4-424b-9e06-594de4459c97(cell1) {{(pid=70588) load_cells /opt/stack/nova/nova/context.py:472}}
Aug 07 08:39:10.836269 np0000032200 devstack@n-api.service[70588]: INFO nova.utils [None req-e260b2a5-892b-4587-bb24-7b965f967883 None None] The cell worker thread pool MainProcess.cell_worker is initialized
Aug 07 08:39:10.837769 np0000032200 devstack@n-api.service[70588]: DEBUG oslo_concurrency.lockutils [None req-e260b2a5-892b-4587-bb24-7b965f967883 None None] Acquiring lock "00000000-0000-0000-0000-000000000000" by "nova.context.set_target_cell.<locals>.get_or_set_cached_cell_and_set_connections" {{(pid=70588) inner /opt/stack/data/venv/lib/python3.12/site-packages/oslo_concurrency/lockutils.py:405}}
Aug 07 08:39:10.838007 np0000032200 devstack@n-api.service[70588]: DEBUG oslo_concurrency.lockutils [None req-e260b2a5-892b-4587-bb24-7b965f967883 None None] Lock "00000000-0000-0000-0000-000000000000" acquired by "nova.context.set_target_cell.<locals>.get_or_set_cached_cell_and_set_connections" :: waited 0.000s {{(pid=70588) inner /opt/stack/data/venv/lib/python3.12/site-packages/oslo_concurrency/lockutils.py:410}}
Aug 07 08:39:10.838385 np0000032200 devstack@n-api.service[70588]: DEBUG oslo_concurrency.lockutils [None req-e260b2a5-892b-4587-bb24-7b965f967883 None None] Lock "00000000-0000-0000-0000-000000000000" "released" by "nova.context.set_target_cell.<locals>.get_or_set_cached_cell_and_set_connections" :: held 0.000s {{(pid=70588) inner /opt/stack/data/venv/lib/python3.12/site-packages/oslo_concurrency/lockutils.py:424}}
Aug 07 08:39:10.838763 np0000032200 devstack@n-api.service[70588]: DEBUG oslo_concurrency.lockutils [None req-e260b2a5-892b-4587-bb24-7b965f967883 None None] Acquiring lock "fa090fff-24f4-424b-9e06-594de4459c97" by "nova.context.set_target_cell.<locals>.get_or_set_cached_cell_and_set_connections" {{(pid=70588) inner /opt/stack/data/venv/lib/python3.12/site-packages/oslo_concurrency/lockutils.py:405}}
Aug 07 08:39:10.838974 np0000032200 devstack@n-api.service[70588]: DEBUG oslo_concurrency.lockutils [None req-e260b2a5-892b-4587-bb24-7b965f967883 None None] Lock "fa090fff-24f4-424b-9e06-594de4459c97" acquired by "nova.context.set_target_cell.<locals>.get_or_set_cached_cell_and_set_connections" :: waited 0.000s {{(pid=70588) inner /opt/stack/data/venv/lib/python3.12/site-packages/oslo_concurrency/lockutils.py:410}}
Aug 07 08:39:10.839743 np0000032200 devstack@n-api.service[70588]: DEBUG oslo_concurrency.lockutils [None req-e260b2a5-892b-4587-bb24-7b965f967883 None None] Lock "fa090fff-24f4-424b-9e06-594de4459c97" "released" by "nova.context.set_target_cell.<locals>.get_or_set_cached_cell_and_set_connections" :: held 0.001s {{(pid=70588) inner /opt/stack/data/venv/lib/python3.12/site-packages/oslo_concurrency/lockutils.py:424}}
Aug 07 08:39:10.840963 np0000032200 devstack@n-api.service[70588]: INFO dbcounter [None req-e260b2a5-892b-4587-bb24-7b965f967883 None None] Registered counter for database nova_cell0
Aug 07 08:39:10.842917 np0000032200 devstack@n-api.service[70588]: INFO dbcounter [None req-e260b2a5-892b-4587-bb24-7b965f967883 None None] Registered counter for database nova_cell1
Aug 07 08:39:10.847063 np0000032200 devstack@n-api.service[70588]: DEBUG oslo_db.sqlalchemy.engines [None req-e260b2a5-892b-4587-bb24-7b965f967883 None None] MySQL server mode set to STRICT_TRANS_TABLES,STRICT_ALL_TABLES,NO_ZERO_IN_DATE,NO_ZERO_DATE,ERROR_FOR_DIVISION_BY_ZERO,TRADITIONAL,NO_ENGINE_SUBSTITUTION {{(pid=70588) _check_effective_sql_mode /opt/stack/data/venv/lib/python3.12/site-packages/oslo_db/sqlalchemy/engines.py:397}}
Aug 07 08:39:10.849560 np0000032200 devstack@n-api.service[70588]: DEBUG oslo_db.sqlalchemy.engines [None req-e260b2a5-892b-4587-bb24-7b965f967883 None None] MySQL server mode set to STRICT_TRANS_TABLES,STRICT_ALL_TABLES,NO_ZERO_IN_DATE,NO_ZERO_DATE,ERROR_FOR_DIVISION_BY_ZERO,TRADITIONAL,NO_ENGINE_SUBSTITUTION {{(pid=70588) _check_effective_sql_mode /opt/stack/data/venv/lib/python3.12/site-packages/oslo_db/sqlalchemy/engines.py:397}}
Aug 07 08:39:10.852839 np0000032200 devstack@n-api.service[70589]: DEBUG dbcounter [-] [70589] Writer thread running {{(pid=70589) stat_writer /opt/stack/data/venv/lib/python3.12/site-packages/dbcounter.py:102}}
Aug 07 08:39:10.855646 np0000032200 devstack@n-api.service[70589]: DEBUG dbcounter [-] [70589] Writer thread running {{(pid=70589) stat_writer /opt/stack/data/venv/lib/python3.12/site-packages/dbcounter.py:102}}
Aug 07 08:39:10.857642 np0000032200 devstack@n-api.service[70589]: INFO dbcounter [None req-0ba44735-75f6-4997-9c45-98738a704eda None None] Registered counter for database nova_cell0
Aug 07 08:39:10.861622 np0000032200 devstack@n-api.service[70589]: DEBUG oslo_db.sqlalchemy.engines [None req-0ba44735-75f6-4997-9c45-98738a704eda None None] MySQL server mode set to STRICT_TRANS_TABLES,STRICT_ALL_TABLES,NO_ZERO_IN_DATE,NO_ZERO_DATE,ERROR_FOR_DIVISION_BY_ZERO,TRADITIONAL,NO_ENGINE_SUBSTITUTION {{(pid=70589) _check_effective_sql_mode /opt/stack/data/venv/lib/python3.12/site-packages/oslo_db/sqlalchemy/engines.py:397}}
Aug 07 08:39:10.865363 np0000032200 devstack@n-api.service[70589]: DEBUG dbcounter [-] [70589] Writer thread running {{(pid=70589) stat_writer /opt/stack/data/venv/lib/python3.12/site-packages/dbcounter.py:102}}
Aug 07 08:39:10.910971 np0000032200 devstack@n-api.service[70588]: DEBUG dbcounter [-] [70588] Writer thread running {{(pid=70588) stat_writer /opt/stack/data/venv/lib/python3.12/site-packages/dbcounter.py:102}}
Aug 07 08:39:10.914864 np0000032200 devstack@n-api.service[70588]: DEBUG dbcounter [-] [70588] Writer thread running {{(pid=70588) stat_writer /opt/stack/data/venv/lib/python3.12/site-packages/dbcounter.py:102}}
Aug 07 08:39:10.916780 np0000032200 devstack@n-api.service[70588]: INFO dbcounter [None req-e260b2a5-892b-4587-bb24-7b965f967883 None None] Registered counter for database nova_cell0
Aug 07 08:39:10.921342 np0000032200 devstack@n-api.service[70588]: DEBUG oslo_db.sqlalchemy.engines [None req-e260b2a5-892b-4587-bb24-7b965f967883 None None] MySQL server mode set to STRICT_TRANS_TABLES,STRICT_ALL_TABLES,NO_ZERO_IN_DATE,NO_ZERO_DATE,ERROR_FOR_DIVISION_BY_ZERO,TRADITIONAL,NO_ENGINE_SUBSTITUTION {{(pid=70588) _check_effective_sql_mode /opt/stack/data/venv/lib/python3.12/site-packages/oslo_db/sqlalchemy/engines.py:397}}
Aug 07 08:39:10.925578 np0000032200 devstack@n-api.service[70588]: DEBUG dbcounter [-] [70588] Writer thread running {{(pid=70588) stat_writer /opt/stack/data/venv/lib/python3.12/site-packages/dbcounter.py:102}}
Aug 07 08:39:11.221855 np0000032200 devstack@n-api.service[70589]: DEBUG oslo_concurrency.processutils [None req-0ba44735-75f6-4997-9c45-98738a704eda None None] Running cmd (subprocess): grep -F node.session.scan /sbin/iscsiadm {{(pid=70589) execute /opt/stack/data/venv/lib/python3.12/site-packages/oslo_concurrency/processutils.py:349}}
Aug 07 08:39:11.229257 np0000032200 devstack@n-api.service[70589]: DEBUG oslo_concurrency.processutils [None req-0ba44735-75f6-4997-9c45-98738a704eda None None] CMD "grep -F node.session.scan /sbin/iscsiadm" returned: 0 in 0.008s {{(pid=70589) execute /opt/stack/data/venv/lib/python3.12/site-packages/oslo_concurrency/processutils.py:372}}
Aug 07 08:39:11.250265 np0000032200 devstack@n-api.service[70588]: DEBUG oslo_concurrency.processutils [None req-e260b2a5-892b-4587-bb24-7b965f967883 None None] Running cmd (subprocess): grep -F node.session.scan /sbin/iscsiadm {{(pid=70588) execute /opt/stack/data/venv/lib/python3.12/site-packages/oslo_concurrency/processutils.py:349}}
Aug 07 08:39:11.257511 np0000032200 devstack@n-api.service[70588]: DEBUG oslo_concurrency.processutils [None req-e260b2a5-892b-4587-bb24-7b965f967883 None None] CMD "grep -F node.session.scan /sbin/iscsiadm" returned: 0 in 0.007s {{(pid=70588) execute /opt/stack/data/venv/lib/python3.12/site-packages/oslo_concurrency/processutils.py:372}}
Aug 07 08:39:11.521054 np0000032200 devstack@n-api.service[70589]: WARNING keystonemiddleware.auth_token [None req-0ba44735-75f6-4997-9c45-98738a704eda None None] AuthToken middleware is set with keystone_authtoken.service_token_roles_required set to False. This is backwards compatible but deprecated behaviour. Please set this to True.
Aug 07 08:39:11.521189 np0000032200 devstack@n-api.service[70588]: WARNING keystonemiddleware.auth_token [None req-e260b2a5-892b-4587-bb24-7b965f967883 None None] AuthToken middleware is set with keystone_authtoken.service_token_roles_required set to False. This is backwards compatible but deprecated behaviour. Please set this to True.
Aug 07 08:39:11.524480 np0000032200 devstack@n-api.service[70589]: WARNING keystonemiddleware.auth_token [None req-0ba44735-75f6-4997-9c45-98738a704eda None None] Configuring www_authenticate_uri to point to the public identity endpoint is required; clients may not be able to authenticate against an admin endpoint
Aug 07 08:39:11.524583 np0000032200 devstack@n-api.service[70588]: WARNING keystonemiddleware.auth_token [None req-e260b2a5-892b-4587-bb24-7b965f967883 None None] Configuring www_authenticate_uri to point to the public identity endpoint is required; clients may not be able to authenticate against an admin endpoint
Aug 07 08:39:11.683333 np0000032200 devstack@n-api.service[70589]: WARNING keystonemiddleware.auth_token [None req-0ba44735-75f6-4997-9c45-98738a704eda None None] AuthToken middleware is set with keystone_authtoken.service_token_roles_required set to False. This is backwards compatible but deprecated behaviour. Please set this to True.
Aug 07 08:39:11.683662 np0000032200 devstack@n-api.service[70588]: WARNING keystonemiddleware.auth_token [None req-e260b2a5-892b-4587-bb24-7b965f967883 None None] AuthToken middleware is set with keystone_authtoken.service_token_roles_required set to False. This is backwards compatible but deprecated behaviour. Please set this to True.
Aug 07 08:39:11.685854 np0000032200 devstack@n-api.service[70589]: WARNING keystonemiddleware.auth_token [None req-0ba44735-75f6-4997-9c45-98738a704eda None None] Configuring www_authenticate_uri to point to the public identity endpoint is required; clients may not be able to authenticate against an admin endpoint
Aug 07 08:39:11.686245 np0000032200 devstack@n-api.service[70588]: WARNING keystonemiddleware.auth_token [None req-e260b2a5-892b-4587-bb24-7b965f967883 None None] Configuring www_authenticate_uri to point to the public identity endpoint is required; clients may not be able to authenticate against an admin endpoint
Aug 07 08:39:11.688082 np0000032200 devstack@n-api.service[70589]: WSGI app 0 (mountpoint='') ready in 2 seconds on interpreter 0x7bdb662a39e8 pid: 70589 (default app)
Aug 07 08:39:11.688241 np0000032200 devstack@n-api.service[70588]: WSGI app 0 (mountpoint='') ready in 2 seconds on interpreter 0x7bdb662a39e8 pid: 70588 (default app)
Aug 07 08:39:11.688978 np0000032200 devstack@n-api.service[70589]: DEBUG nova.api.openstack.wsgi [None req-0ba44735-75f6-4997-9c45-98738a704eda None None] Calling method '<bound method VersionsV2.index of <nova.api.openstack.compute.versions.VersionsV2 object at 0x7bdb5fb33ef0>>' {{(pid=70589) _process_stack /opt/stack/nova/nova/api/openstack/wsgi.py:552}}
Aug 07 08:39:11.691558 np0000032200 devstack@n-api.service[70589]: INFO nova.api.openstack.requestlog [None req-0ba44735-75f6-4997-9c45-98738a704eda None None] 192.168.1.126 "GET /compute/v2.1/" status: 200 len: 391 microversion: 2.1 time: 0.002793
Aug 07 08:39:11.691744 np0000032200 devstack@n-api.service[70589]: [pid: 70589|app: 0|req: 1/1] 192.168.1.126 () {50 vars in 771 bytes} [Thu Aug  7 08:39:11 2025] GET /compute/v2.1/ => generated 391 bytes in 3 msecs (HTTP/1.1 200) 9 headers in 357 bytes (1 switches on core 0)
Aug 07 08:39:46.654231 np0000032200 devstack@n-api.service[70588]: DEBUG nova.api.openstack.wsgi [None req-e260b2a5-892b-4587-bb24-7b965f967883 None None] Calling method '<bound method VersionsV2.index of <nova.api.openstack.compute.versions.VersionsV2 object at 0x7bdb606273e0>>' {{(pid=70588) _process_stack /opt/stack/nova/nova/api/openstack/wsgi.py:552}}
Aug 07 08:39:46.657435 np0000032200 devstack@n-api.service[70588]: INFO nova.api.openstack.requestlog [None req-e260b2a5-892b-4587-bb24-7b965f967883 None None] 192.168.1.126 "GET /compute/v2.1" status: 200 len: 392 microversion: 2.1 time: 0.003727
Aug 07 08:39:46.657622 np0000032200 devstack@n-api.service[70588]: [pid: 70588|app: 0|req: 1/2] 192.168.1.126 () {62 vars in 1056 bytes} [Thu Aug  7 08:39:46 2025] GET /compute/v2.1 => generated 392 bytes in 5 msecs (HTTP/1.1 200) 9 headers in 357 bytes (1 switches on core 0)
Aug 07 08:39:46.669527 np0000032200 devstack@n-api.service[70589]: DEBUG dbcounter [-] [70589] Writing DB stats nova_api:SELECT=1 {{(pid=70589) stat_writer /opt/stack/data/venv/lib/python3.12/site-packages/dbcounter.py:115}}
Aug 07 08:39:46.670307 np0000032200 devstack@n-api.service[70589]: DEBUG dbcounter [-] [70589] Writing DB stats nova_cell0:SELECT=1 {{(pid=70589) stat_writer /opt/stack/data/venv/lib/python3.12/site-packages/dbcounter.py:115}}
Aug 07 08:39:46.670724 np0000032200 devstack@n-api.service[70589]: DEBUG dbcounter [-] [70589] Writing DB stats nova_cell1:SELECT=1 {{(pid=70589) stat_writer /opt/stack/data/venv/lib/python3.12/site-packages/dbcounter.py:115}}
Aug 07 08:39:46.671233 np0000032200 devstack@n-api.service[70589]: DEBUG dbcounter [-] [70589] Writing DB stats nova_cell0:SELECT=2,nova_cell0:INSERT=1 {{(pid=70589) stat_writer /opt/stack/data/venv/lib/python3.12/site-packages/dbcounter.py:115}}
Aug 07 08:39:46.797894 np0000032200 devstack@n-api.service[70589]: DEBUG nova.api.openstack.wsgi [None req-7a0727c6-bcdb-4552-bcce-798f9594da79 admin admin] Calling method '<bound method FlavorsController.detail of <nova.api.openstack.compute.flavors.FlavorsController object at 0x7bdb5f3e3ad0>>' {{(pid=70589) _process_stack /opt/stack/nova/nova/api/openstack/wsgi.py:552}}
Aug 07 08:39:46.815645 np0000032200 devstack@n-api.service[70589]: INFO nova.api.openstack.requestlog [None req-7a0727c6-bcdb-4552-bcce-798f9594da79 admin admin] 192.168.1.126 "GET /compute/v2.1/flavors/detail?is_public=True" status: 200 len: 15 microversion: 2.61 time: 0.150577
Aug 07 08:39:46.816033 np0000032200 devstack@n-api.service[70589]: [pid: 70589|app: 0|req: 2/3] 192.168.1.126 () {68 vars in 1417 bytes} [Thu Aug  7 08:39:46 2025] GET /compute/v2.1/flavors/detail?is_public=True => generated 15 bytes in 151 msecs (HTTP/1.1 200) 9 headers in 358 bytes (1 switches on core 0)
Aug 07 08:39:46.916564 np0000032200 devstack@n-api.service[70588]: DEBUG dbcounter [-] [70588] Writing DB stats nova_api:SELECT=1 {{(pid=70588) stat_writer /opt/stack/data/venv/lib/python3.12/site-packages/dbcounter.py:115}}
Aug 07 08:39:46.917157 np0000032200 devstack@n-api.service[70588]: DEBUG dbcounter [-] [70588] Writing DB stats nova_cell0:SELECT=1 {{(pid=70588) stat_writer /opt/stack/data/venv/lib/python3.12/site-packages/dbcounter.py:115}}
Aug 07 08:39:46.917491 np0000032200 devstack@n-api.service[70588]: DEBUG dbcounter [-] [70588] Writing DB stats nova_cell1:SELECT=1 {{(pid=70588) stat_writer /opt/stack/data/venv/lib/python3.12/site-packages/dbcounter.py:115}}
Aug 07 08:39:46.917791 np0000032200 devstack@n-api.service[70588]: DEBUG dbcounter [-] [70588] Writing DB stats nova_cell0:SELECT=1 {{(pid=70588) stat_writer /opt/stack/data/venv/lib/python3.12/site-packages/dbcounter.py:115}}
Aug 07 08:39:46.975967 np0000032200 devstack@n-api.service[70588]: DEBUG nova.api.openstack.wsgi [None req-df0e0888-ffd0-4471-8b52-311f98066f99 admin admin] Action: 'create', calling method: <bound method FlavorsController.create of <nova.api.openstack.compute.flavors.FlavorsController object at 0x7bdb5f3d25d0>>, body: {"flavor": {"swap": 0, "OS-FLV-EXT-DATA:ephemeral": 0, "os-flavor-access:is_public": true, "ram": 256, "name": "cirros256", "vcpus": 1, "disk": 1, "id": "c1", "rxtx_factor": 1.0}} {{(pid=70588) _process_stack /opt/stack/nova/nova/api/openstack/wsgi.py:550}}
Aug 07 08:39:47.005702 np0000032200 devstack@n-api.service[70588]: INFO nova.api.openstack.requestlog [None req-df0e0888-ffd0-4471-8b52-311f98066f99 admin admin] 192.168.1.126 "POST /compute/v2.1/flavors" status: 200 len: 413 microversion: 2.61 time: 0.093637
Aug 07 08:39:47.006071 np0000032200 devstack@n-api.service[70588]: [pid: 70588|app: 0|req: 2/4] 192.168.1.126 () {72 vars in 1408 bytes} [Thu Aug  7 08:39:46 2025] POST /compute/v2.1/flavors => generated 413 bytes in 94 msecs (HTTP/1.1 200) 9 headers in 359 bytes (1 switches on core 0)
Aug 07 08:39:47.015998 np0000032200 devstack@n-api.service[70589]: DEBUG nova.api.openstack.wsgi [None req-5768a2fc-85eb-46ea-b18f-3cf95a9980c1 admin admin] Action: 'create', calling method: <bound method FlavorExtraSpecsController.create of <nova.api.openstack.compute.flavors_extraspecs.FlavorExtraSpecsController object at 0x7bdb5f204260>>, body: {"extra_specs": {"hw_rng:allowed": "True"}} {{(pid=70589) _process_stack /opt/stack/nova/nova/api/openstack/wsgi.py:550}}
Aug 07 08:39:47.038634 np0000032200 devstack@n-api.service[70589]: INFO nova.api.openstack.requestlog [None req-5768a2fc-85eb-46ea-b18f-3cf95a9980c1 admin admin] 192.168.1.126 "POST /compute/v2.1/flavors/c1/os-extra_specs" status: 200 len: 43 microversion: 2.61 time: 0.025096
Aug 07 08:39:47.038883 np0000032200 devstack@n-api.service[70589]: [pid: 70589|app: 0|req: 3/5] 192.168.1.126 () {72 vars in 1461 bytes} [Thu Aug  7 08:39:47 2025] POST /compute/v2.1/flavors/c1/os-extra_specs => generated 43 bytes in 25 msecs (HTTP/1.1 200) 9 headers in 358 bytes (1 switches on core 0)
Aug 07 08:39:47.121999 np0000032200 devstack@n-api.service[70588]: DEBUG nova.api.openstack.wsgi [None req-65075f6e-6b1f-4925-8359-1aea550419eb admin admin] Action: 'create', calling method: <bound method FlavorsController.create of <nova.api.openstack.compute.flavors.FlavorsController object at 0x7bdb5f3d25d0>>, body: {"flavor": {"swap": 0, "OS-FLV-EXT-DATA:ephemeral": 0, "os-flavor-access:is_public": true, "ram": 512, "name": "ds512M", "vcpus": 1, "disk": 5, "id": "d1", "rxtx_factor": 1.0}} {{(pid=70588) _process_stack /opt/stack/nova/nova/api/openstack/wsgi.py:550}}
Aug 07 08:39:47.131577 np0000032200 devstack@n-api.service[70588]: INFO nova.api.openstack.requestlog [None req-65075f6e-6b1f-4925-8359-1aea550419eb admin admin] 192.168.1.126 "POST /compute/v2.1/flavors" status: 200 len: 410 microversion: 2.61 time: 0.012901
Aug 07 08:39:47.131817 np0000032200 devstack@n-api.service[70588]: [pid: 70588|app: 0|req: 3/6] 192.168.1.126 () {72 vars in 1408 bytes} [Thu Aug  7 08:39:47 2025] POST /compute/v2.1/flavors => generated 410 bytes in 13 msecs (HTTP/1.1 200) 9 headers in 359 bytes (1 switches on core 0)
Aug 07 08:39:47.139756 np0000032200 devstack@n-api.service[70589]: DEBUG nova.api.openstack.wsgi [None req-df05982a-98df-4e16-a40b-374edad0cc5e admin admin] Action: 'create', calling method: <bound method FlavorExtraSpecsController.create of <nova.api.openstack.compute.flavors_extraspecs.FlavorExtraSpecsController object at 0x7bdb5f204260>>, body: {"extra_specs": {"hw_rng:allowed": "True"}} {{(pid=70589) _process_stack /opt/stack/nova/nova/api/openstack/wsgi.py:550}}
Aug 07 08:39:47.153089 np0000032200 devstack@n-api.service[70589]: INFO nova.api.openstack.requestlog [None req-df05982a-98df-4e16-a40b-374edad0cc5e admin admin] 192.168.1.126 "POST /compute/v2.1/flavors/d1/os-extra_specs" status: 200 len: 43 microversion: 2.61 time: 0.014761
Aug 07 08:39:47.153329 np0000032200 devstack@n-api.service[70589]: [pid: 70589|app: 0|req: 4/7] 192.168.1.126 () {72 vars in 1461 bytes} [Thu Aug  7 08:39:47 2025] POST /compute/v2.1/flavors/d1/os-extra_specs => generated 43 bytes in 15 msecs (HTTP/1.1 200) 9 headers in 358 bytes (1 switches on core 0)
Aug 07 08:39:47.240932 np0000032200 devstack@n-api.service[70588]: DEBUG nova.api.openstack.wsgi [None req-3b45d419-9f84-4086-a694-d8feac00b031 admin admin] Action: 'create', calling method: <bound method FlavorsController.create of <nova.api.openstack.compute.flavors.FlavorsController object at 0x7bdb5f3d25d0>>, body: {"flavor": {"swap": 0, "OS-FLV-EXT-DATA:ephemeral": 0, "os-flavor-access:is_public": true, "ram": 1024, "name": "ds1G", "vcpus": 1, "disk": 10, "id": "d2", "rxtx_factor": 1.0}} {{(pid=70588) _process_stack /opt/stack/nova/nova/api/openstack/wsgi.py:550}}
Aug 07 08:39:47.252498 np0000032200 devstack@n-api.service[70588]: INFO nova.api.openstack.requestlog [None req-3b45d419-9f84-4086-a694-d8feac00b031 admin admin] 192.168.1.126 "POST /compute/v2.1/flavors" status: 200 len: 410 microversion: 2.61 time: 0.013608
Aug 07 08:39:47.252727 np0000032200 devstack@n-api.service[70588]: [pid: 70588|app: 0|req: 4/8] 192.168.1.126 () {72 vars in 1408 bytes} [Thu Aug  7 08:39:47 2025] POST /compute/v2.1/flavors => generated 410 bytes in 14 msecs (HTTP/1.1 200) 9 headers in 359 bytes (1 switches on core 0)
Aug 07 08:39:47.261126 np0000032200 devstack@n-api.service[70589]: DEBUG nova.api.openstack.wsgi [None req-7385dbc8-a8d8-4a35-8dbe-47c7d0993dfd admin admin] Action: 'create', calling method: <bound method FlavorExtraSpecsController.create of <nova.api.openstack.compute.flavors_extraspecs.FlavorExtraSpecsController object at 0x7bdb5f204260>>, body: {"extra_specs": {"hw_rng:allowed": "True"}} {{(pid=70589) _process_stack /opt/stack/nova/nova/api/openstack/wsgi.py:550}}
Aug 07 08:39:47.280575 np0000032200 devstack@n-api.service[70589]: INFO nova.api.openstack.requestlog [None req-7385dbc8-a8d8-4a35-8dbe-47c7d0993dfd admin admin] 192.168.1.126 "POST /compute/v2.1/flavors/d2/os-extra_specs" status: 200 len: 43 microversion: 2.61 time: 0.020881
Aug 07 08:39:47.280826 np0000032200 devstack@n-api.service[70589]: [pid: 70589|app: 0|req: 5/9] 192.168.1.126 () {72 vars in 1461 bytes} [Thu Aug  7 08:39:47 2025] POST /compute/v2.1/flavors/d2/os-extra_specs => generated 43 bytes in 21 msecs (HTTP/1.1 200) 9 headers in 358 bytes (1 switches on core 0)
Aug 07 08:39:47.357638 np0000032200 devstack@n-api.service[70588]: DEBUG nova.api.openstack.wsgi [None req-6e511918-f72c-4d3e-9164-64aaee18ea99 admin admin] Action: 'create', calling method: <bound method FlavorsController.create of <nova.api.openstack.compute.flavors.FlavorsController object at 0x7bdb5f3d25d0>>, body: {"flavor": {"swap": 0, "OS-FLV-EXT-DATA:ephemeral": 0, "os-flavor-access:is_public": true, "ram": 2048, "name": "ds2G", "vcpus": 2, "disk": 10, "id": "d3", "rxtx_factor": 1.0}} {{(pid=70588) _process_stack /opt/stack/nova/nova/api/openstack/wsgi.py:550}}
Aug 07 08:39:47.368203 np0000032200 devstack@n-api.service[70588]: INFO nova.api.openstack.requestlog [None req-6e511918-f72c-4d3e-9164-64aaee18ea99 admin admin] 192.168.1.126 "POST /compute/v2.1/flavors" status: 200 len: 410 microversion: 2.61 time: 0.012073
Aug 07 08:39:47.368505 np0000032200 devstack@n-api.service[70588]: [pid: 70588|app: 0|req: 5/10] 192.168.1.126 () {72 vars in 1408 bytes} [Thu Aug  7 08:39:47 2025] POST /compute/v2.1/flavors => generated 410 bytes in 12 msecs (HTTP/1.1 200) 9 headers in 359 bytes (1 switches on core 0)
Aug 07 08:39:47.375819 np0000032200 devstack@n-api.service[70589]: DEBUG nova.api.openstack.wsgi [None req-cb11922e-eadd-4310-a569-8cc271bdfcb2 admin admin] Action: 'create', calling method: <bound method FlavorExtraSpecsController.create of <nova.api.openstack.compute.flavors_extraspecs.FlavorExtraSpecsController object at 0x7bdb5f204260>>, body: {"extra_specs": {"hw_rng:allowed": "True"}} {{(pid=70589) _process_stack /opt/stack/nova/nova/api/openstack/wsgi.py:550}}
Aug 07 08:39:47.388303 np0000032200 devstack@n-api.service[70589]: INFO nova.api.openstack.requestlog [None req-cb11922e-eadd-4310-a569-8cc271bdfcb2 admin admin] 192.168.1.126 "POST /compute/v2.1/flavors/d3/os-extra_specs" status: 200 len: 43 microversion: 2.61 time: 0.013939
Aug 07 08:39:47.388545 np0000032200 devstack@n-api.service[70589]: [pid: 70589|app: 0|req: 6/11] 192.168.1.126 () {72 vars in 1461 bytes} [Thu Aug  7 08:39:47 2025] POST /compute/v2.1/flavors/d3/os-extra_specs => generated 43 bytes in 14 msecs (HTTP/1.1 200) 9 headers in 358 bytes (1 switches on core 0)
Aug 07 08:39:47.497190 np0000032200 devstack@n-api.service[70588]: DEBUG nova.api.openstack.wsgi [None req-ddc2f1e8-3da2-40b3-81cf-70343ebdd498 admin admin] Action: 'create', calling method: <bound method FlavorsController.create of <nova.api.openstack.compute.flavors.FlavorsController object at 0x7bdb5f3d25d0>>, body: {"flavor": {"swap": 0, "OS-FLV-EXT-DATA:ephemeral": 0, "os-flavor-access:is_public": true, "ram": 4096, "name": "ds4G", "vcpus": 4, "disk": 20, "id": "d4", "rxtx_factor": 1.0}} {{(pid=70588) _process_stack /opt/stack/nova/nova/api/openstack/wsgi.py:550}}
Aug 07 08:39:47.511710 np0000032200 devstack@n-api.service[70588]: INFO nova.api.openstack.requestlog [None req-ddc2f1e8-3da2-40b3-81cf-70343ebdd498 admin admin] 192.168.1.126 "POST /compute/v2.1/flavors" status: 200 len: 410 microversion: 2.61 time: 0.016885
Aug 07 08:39:47.512102 np0000032200 devstack@n-api.service[70588]: [pid: 70588|app: 0|req: 6/12] 192.168.1.126 () {72 vars in 1408 bytes} [Thu Aug  7 08:39:47 2025] POST /compute/v2.1/flavors => generated 410 bytes in 17 msecs (HTTP/1.1 200) 9 headers in 359 bytes (1 switches on core 0)
Aug 07 08:39:47.520551 np0000032200 devstack@n-api.service[70589]: DEBUG nova.api.openstack.wsgi [None req-006c30bd-9d3b-4a65-82bb-504b65f08ab9 admin admin] Action: 'create', calling method: <bound method FlavorExtraSpecsController.create of <nova.api.openstack.compute.flavors_extraspecs.FlavorExtraSpecsController object at 0x7bdb5f204260>>, body: {"extra_specs": {"hw_rng:allowed": "True"}} {{(pid=70589) _process_stack /opt/stack/nova/nova/api/openstack/wsgi.py:550}}
Aug 07 08:39:47.535756 np0000032200 devstack@n-api.service[70589]: INFO nova.api.openstack.requestlog [None req-006c30bd-9d3b-4a65-82bb-504b65f08ab9 admin admin] 192.168.1.126 "POST /compute/v2.1/flavors/d4/os-extra_specs" status: 200 len: 43 microversion: 2.61 time: 0.017367
Aug 07 08:39:47.536099 np0000032200 devstack@n-api.service[70589]: [pid: 70589|app: 0|req: 7/13] 192.168.1.126 () {72 vars in 1461 bytes} [Thu Aug  7 08:39:47 2025] POST /compute/v2.1/flavors/d4/os-extra_specs => generated 43 bytes in 18 msecs (HTTP/1.1 200) 9 headers in 358 bytes (1 switches on core 0)
Aug 07 08:39:47.611137 np0000032200 devstack@n-api.service[70588]: DEBUG nova.api.openstack.wsgi [None req-fca68170-5842-4195-a2f0-6de276cafbd6 admin admin] Calling method '<bound method FlavorsController.detail of <nova.api.openstack.compute.flavors.FlavorsController object at 0x7bdb5f3d2720>>' {{(pid=70588) _process_stack /opt/stack/nova/nova/api/openstack/wsgi.py:552}}
Aug 07 08:39:47.627481 np0000032200 devstack@n-api.service[70588]: INFO nova.api.openstack.requestlog [None req-fca68170-5842-4195-a2f0-6de276cafbd6 admin admin] 192.168.1.126 "GET /compute/v2.1/flavors/detail?is_public=True" status: 200 len: 2136 microversion: 2.61 time: 0.017884
Aug 07 08:39:47.627712 np0000032200 devstack@n-api.service[70588]: [pid: 70588|app: 0|req: 7/14] 192.168.1.126 () {68 vars in 1417 bytes} [Thu Aug  7 08:39:47 2025] GET /compute/v2.1/flavors/detail?is_public=True => generated 2136 bytes in 18 msecs (HTTP/1.1 200) 9 headers in 360 bytes (1 switches on core 0)
Aug 07 08:39:47.711612 np0000032200 devstack@n-api.service[70589]: DEBUG nova.api.openstack.wsgi [None req-b81b00dd-d888-4854-a2ce-b2fc5256f40a admin admin] Action: 'create', calling method: <bound method FlavorsController.create of <nova.api.openstack.compute.flavors.FlavorsController object at 0x7bdb5f3e3980>>, body: {"flavor": {"swap": 0, "OS-FLV-EXT-DATA:ephemeral": 0, "os-flavor-access:is_public": true, "ram": 512, "name": "m1.tiny", "vcpus": 1, "disk": 1, "id": "1", "rxtx_factor": 1.0}} {{(pid=70589) _process_stack /opt/stack/nova/nova/api/openstack/wsgi.py:550}}
Aug 07 08:39:47.732974 np0000032200 devstack@n-api.service[70589]: INFO nova.api.openstack.requestlog [None req-b81b00dd-d888-4854-a2ce-b2fc5256f40a admin admin] 192.168.1.126 "POST /compute/v2.1/flavors" status: 200 len: 408 microversion: 2.61 time: 0.022813
Aug 07 08:39:47.733227 np0000032200 devstack@n-api.service[70589]: [pid: 70589|app: 0|req: 8/15] 192.168.1.126 () {72 vars in 1408 bytes} [Thu Aug  7 08:39:47 2025] POST /compute/v2.1/flavors => generated 408 bytes in 23 msecs (HTTP/1.1 200) 9 headers in 359 bytes (1 switches on core 0)
Aug 07 08:39:47.741310 np0000032200 devstack@n-api.service[70588]: DEBUG nova.api.openstack.wsgi [None req-2ff430bf-0ba3-413b-bcd6-1d884e64785b admin admin] Action: 'create', calling method: <bound method FlavorExtraSpecsController.create of <nova.api.openstack.compute.flavors_extraspecs.FlavorExtraSpecsController object at 0x7bdb5f3d2e70>>, body: {"extra_specs": {"hw_rng:allowed": "True"}} {{(pid=70588) _process_stack /opt/stack/nova/nova/api/openstack/wsgi.py:550}}
Aug 07 08:39:47.763056 np0000032200 devstack@n-api.service[70588]: INFO nova.api.openstack.requestlog [None req-2ff430bf-0ba3-413b-bcd6-1d884e64785b admin admin] 192.168.1.126 "POST /compute/v2.1/flavors/1/os-extra_specs" status: 200 len: 43 microversion: 2.61 time: 0.023200
Aug 07 08:39:47.763314 np0000032200 devstack@n-api.service[70588]: [pid: 70588|app: 0|req: 8/16] 192.168.1.126 () {72 vars in 1458 bytes} [Thu Aug  7 08:39:47 2025] POST /compute/v2.1/flavors/1/os-extra_specs => generated 43 bytes in 23 msecs (HTTP/1.1 200) 9 headers in 358 bytes (1 switches on core 0)
Aug 07 08:39:47.842864 np0000032200 devstack@n-api.service[70589]: DEBUG nova.api.openstack.wsgi [None req-93758445-50e6-408b-b396-ef65fba2f78f admin admin] Action: 'create', calling method: <bound method FlavorsController.create of <nova.api.openstack.compute.flavors.FlavorsController object at 0x7bdb5f3e3980>>, body: {"flavor": {"swap": 0, "OS-FLV-EXT-DATA:ephemeral": 0, "os-flavor-access:is_public": true, "ram": 2048, "name": "m1.small", "vcpus": 1, "disk": 20, "id": "2", "rxtx_factor": 1.0}} {{(pid=70589) _process_stack /opt/stack/nova/nova/api/openstack/wsgi.py:550}}
Aug 07 08:39:47.853063 np0000032200 devstack@n-api.service[70589]: INFO nova.api.openstack.requestlog [None req-93758445-50e6-408b-b396-ef65fba2f78f admin admin] 192.168.1.126 "POST /compute/v2.1/flavors" status: 200 len: 411 microversion: 2.61 time: 0.011711
Aug 07 08:39:47.853299 np0000032200 devstack@n-api.service[70589]: [pid: 70589|app: 0|req: 9/17] 192.168.1.126 () {72 vars in 1408 bytes} [Thu Aug  7 08:39:47 2025] POST /compute/v2.1/flavors => generated 411 bytes in 12 msecs (HTTP/1.1 200) 9 headers in 359 bytes (1 switches on core 0)
Aug 07 08:39:47.861152 np0000032200 devstack@n-api.service[70588]: DEBUG nova.api.openstack.wsgi [None req-7c4c2e76-3dbb-4708-8ce6-a67bcb62e7bd admin admin] Action: 'create', calling method: <bound method FlavorExtraSpecsController.create of <nova.api.openstack.compute.flavors_extraspecs.FlavorExtraSpecsController object at 0x7bdb5f3d2e70>>, body: {"extra_specs": {"hw_rng:allowed": "True"}} {{(pid=70588) _process_stack /opt/stack/nova/nova/api/openstack/wsgi.py:550}}
Aug 07 08:39:47.872902 np0000032200 devstack@n-api.service[70588]: INFO nova.api.openstack.requestlog [None req-7c4c2e76-3dbb-4708-8ce6-a67bcb62e7bd admin admin] 192.168.1.126 "POST /compute/v2.1/flavors/2/os-extra_specs" status: 200 len: 43 microversion: 2.61 time: 0.013290
Aug 07 08:39:47.873260 np0000032200 devstack@n-api.service[70588]: [pid: 70588|app: 0|req: 9/18] 192.168.1.126 () {72 vars in 1458 bytes} [Thu Aug  7 08:39:47 2025] POST /compute/v2.1/flavors/2/os-extra_specs => generated 43 bytes in 14 msecs (HTTP/1.1 200) 9 headers in 358 bytes (1 switches on core 0)
Aug 07 08:39:47.948757 np0000032200 devstack@n-api.service[70589]: DEBUG nova.api.openstack.wsgi [None req-374be934-6191-419a-b593-d15cbff86b36 admin admin] Action: 'create', calling method: <bound method FlavorsController.create of <nova.api.openstack.compute.flavors.FlavorsController object at 0x7bdb5f3e3980>>, body: {"flavor": {"swap": 0, "OS-FLV-EXT-DATA:ephemeral": 0, "os-flavor-access:is_public": true, "ram": 4096, "name": "m1.medium", "vcpus": 2, "disk": 40, "id": "3", "rxtx_factor": 1.0}} {{(pid=70589) _process_stack /opt/stack/nova/nova/api/openstack/wsgi.py:550}}
Aug 07 08:39:47.959185 np0000032200 devstack@n-api.service[70589]: INFO nova.api.openstack.requestlog [None req-374be934-6191-419a-b593-d15cbff86b36 admin admin] 192.168.1.126 "POST /compute/v2.1/flavors" status: 200 len: 412 microversion: 2.61 time: 0.011892
Aug 07 08:39:47.959409 np0000032200 devstack@n-api.service[70589]: [pid: 70589|app: 0|req: 10/19] 192.168.1.126 () {72 vars in 1408 bytes} [Thu Aug  7 08:39:47 2025] POST /compute/v2.1/flavors => generated 412 bytes in 12 msecs (HTTP/1.1 200) 9 headers in 359 bytes (1 switches on core 0)
Aug 07 08:39:47.967658 np0000032200 devstack@n-api.service[70588]: DEBUG nova.api.openstack.wsgi [None req-a3557345-fb19-4730-8411-08eb0a9a327f admin admin] Action: 'create', calling method: <bound method FlavorExtraSpecsController.create of <nova.api.openstack.compute.flavors_extraspecs.FlavorExtraSpecsController object at 0x7bdb5f3d2e70>>, body: {"extra_specs": {"hw_rng:allowed": "True"}} {{(pid=70588) _process_stack /opt/stack/nova/nova/api/openstack/wsgi.py:550}}
Aug 07 08:39:47.979745 np0000032200 devstack@n-api.service[70588]: INFO nova.api.openstack.requestlog [None req-a3557345-fb19-4730-8411-08eb0a9a327f admin admin] 192.168.1.126 "POST /compute/v2.1/flavors/3/os-extra_specs" status: 200 len: 43 microversion: 2.61 time: 0.013543
Aug 07 08:39:47.979989 np0000032200 devstack@n-api.service[70588]: [pid: 70588|app: 0|req: 10/20] 192.168.1.126 () {72 vars in 1458 bytes} [Thu Aug  7 08:39:47 2025] POST /compute/v2.1/flavors/3/os-extra_specs => generated 43 bytes in 14 msecs (HTTP/1.1 200) 9 headers in 358 bytes (1 switches on core 0)
Aug 07 08:39:48.056941 np0000032200 devstack@n-api.service[70589]: DEBUG nova.api.openstack.wsgi [None req-0d54887f-1269-413c-9963-7ae8f4d74779 admin admin] Action: 'create', calling method: <bound method FlavorsController.create of <nova.api.openstack.compute.flavors.FlavorsController object at 0x7bdb5f3e3980>>, body: {"flavor": {"swap": 0, "OS-FLV-EXT-DATA:ephemeral": 0, "os-flavor-access:is_public": true, "ram": 8192, "name": "m1.large", "vcpus": 4, "disk": 80, "id": "4", "rxtx_factor": 1.0}} {{(pid=70589) _process_stack /opt/stack/nova/nova/api/openstack/wsgi.py:550}}
Aug 07 08:39:48.067693 np0000032200 devstack@n-api.service[70589]: INFO nova.api.openstack.requestlog [None req-0d54887f-1269-413c-9963-7ae8f4d74779 admin admin] 192.168.1.126 "POST /compute/v2.1/flavors" status: 200 len: 411 microversion: 2.61 time: 0.012283
Aug 07 08:39:48.068061 np0000032200 devstack@n-api.service[70589]: [pid: 70589|app: 0|req: 11/21] 192.168.1.126 () {72 vars in 1408 bytes} [Thu Aug  7 08:39:48 2025] POST /compute/v2.1/flavors => generated 411 bytes in 13 msecs (HTTP/1.1 200) 9 headers in 359 bytes (1 switches on core 0)
Aug 07 08:39:48.080146 np0000032200 devstack@n-api.service[70588]: DEBUG nova.api.openstack.wsgi [None req-9a11f4ab-58ab-49dd-8921-4716d8a04095 admin admin] Action: 'create', calling method: <bound method FlavorExtraSpecsController.create of <nova.api.openstack.compute.flavors_extraspecs.FlavorExtraSpecsController object at 0x7bdb5f3d2e70>>, body: {"extra_specs": {"hw_rng:allowed": "True"}} {{(pid=70588) _process_stack /opt/stack/nova/nova/api/openstack/wsgi.py:550}}
Aug 07 08:39:48.092222 np0000032200 devstack@n-api.service[70588]: INFO nova.api.openstack.requestlog [None req-9a11f4ab-58ab-49dd-8921-4716d8a04095 admin admin] 192.168.1.126 "POST /compute/v2.1/flavors/4/os-extra_specs" status: 200 len: 43 microversion: 2.61 time: 0.013529
Aug 07 08:39:48.092431 np0000032200 devstack@n-api.service[70588]: [pid: 70588|app: 0|req: 11/22] 192.168.1.126 () {72 vars in 1458 bytes} [Thu Aug  7 08:39:48 2025] POST /compute/v2.1/flavors/4/os-extra_specs => generated 43 bytes in 14 msecs (HTTP/1.1 200) 9 headers in 358 bytes (1 switches on core 0)
Aug 07 08:39:48.171512 np0000032200 devstack@n-api.service[70589]: DEBUG nova.api.openstack.wsgi [None req-a0ca277e-83de-485a-a5a2-57fb3bfbee5d admin admin] Action: 'create', calling method: <bound method FlavorsController.create of <nova.api.openstack.compute.flavors.FlavorsController object at 0x7bdb5f3e3980>>, body: {"flavor": {"swap": 0, "OS-FLV-EXT-DATA:ephemeral": 0, "os-flavor-access:is_public": true, "ram": 16384, "name": "m1.xlarge", "vcpus": 8, "disk": 160, "id": "5", "rxtx_factor": 1.0}} {{(pid=70589) _process_stack /opt/stack/nova/nova/api/openstack/wsgi.py:550}}
Aug 07 08:39:48.182411 np0000032200 devstack@n-api.service[70589]: INFO nova.api.openstack.requestlog [None req-a0ca277e-83de-485a-a5a2-57fb3bfbee5d admin admin] 192.168.1.126 "POST /compute/v2.1/flavors" status: 200 len: 414 microversion: 2.61 time: 0.012434
Aug 07 08:39:48.182642 np0000032200 devstack@n-api.service[70589]: [pid: 70589|app: 0|req: 12/23] 192.168.1.126 () {72 vars in 1408 bytes} [Thu Aug  7 08:39:48 2025] POST /compute/v2.1/flavors => generated 414 bytes in 13 msecs (HTTP/1.1 200) 9 headers in 359 bytes (1 switches on core 0)
Aug 07 08:39:48.190922 np0000032200 devstack@n-api.service[70588]: DEBUG nova.api.openstack.wsgi [None req-550e2b6b-eab6-4a04-a82b-b3a7b0489b1a admin admin] Action: 'create', calling method: <bound method FlavorExtraSpecsController.create of <nova.api.openstack.compute.flavors_extraspecs.FlavorExtraSpecsController object at 0x7bdb5f3d2e70>>, body: {"extra_specs": {"hw_rng:allowed": "True"}} {{(pid=70588) _process_stack /opt/stack/nova/nova/api/openstack/wsgi.py:550}}
Aug 07 08:39:48.204415 np0000032200 devstack@n-api.service[70588]: INFO nova.api.openstack.requestlog [None req-550e2b6b-eab6-4a04-a82b-b3a7b0489b1a admin admin] 192.168.1.126 "POST /compute/v2.1/flavors/5/os-extra_specs" status: 200 len: 43 microversion: 2.61 time: 0.014987
Aug 07 08:39:48.204655 np0000032200 devstack@n-api.service[70588]: [pid: 70588|app: 0|req: 12/24] 192.168.1.126 () {72 vars in 1458 bytes} [Thu Aug  7 08:39:48 2025] POST /compute/v2.1/flavors/5/os-extra_specs => generated 43 bytes in 15 msecs (HTTP/1.1 200) 9 headers in 358 bytes (1 switches on core 0)
Aug 07 08:40:12.022299 np0000032200 devstack@n-api.service[70589]: DEBUG nova.api.openstack.wsgi [None req-3018d538-5739-4627-9d24-5092afdb96ac admin admin] Calling method '<bound method FlavorsController.detail of <nova.api.openstack.compute.flavors.FlavorsController object at 0x7bdb5f3e3ad0>>' {{(pid=70589) _process_stack /opt/stack/nova/nova/api/openstack/wsgi.py:552}}
Aug 07 08:40:12.024874 np0000032200 devstack@n-api.service[70589]: DEBUG dbcounter [-] [70589] Writing DB stats nova_api:SELECT=21,nova_api:SAVEPOINT=5,nova_api:INSERT=10,nova_api:RELEASE=5 {{(pid=70589) stat_writer /opt/stack/data/venv/lib/python3.12/site-packages/dbcounter.py:115}}
Aug 07 08:40:12.034154 np0000032200 devstack@n-api.service[70589]: INFO nova.api.openstack.requestlog [None req-3018d538-5739-4627-9d24-5092afdb96ac admin admin] 192.168.1.126 "GET /compute/v2.1/flavors/detail?is_public=True" status: 200 len: 4262 microversion: 2.61 time: 0.013347
Aug 07 08:40:12.034379 np0000032200 devstack@n-api.service[70589]: [pid: 70589|app: 0|req: 13/25] 192.168.1.126 () {68 vars in 1417 bytes} [Thu Aug  7 08:40:12 2025] GET /compute/v2.1/flavors/detail?is_public=True => generated 4262 bytes in 14 msecs (HTTP/1.1 200) 9 headers in 360 bytes (1 switches on core 0)
Aug 07 08:40:12.135015 np0000032200 devstack@n-api.service[70588]: DEBUG nova.api.openstack.wsgi [None req-4b001fbf-1586-4ce4-9b4d-58bb6f64b935 admin admin] Action: 'create', calling method: <bound method FlavorsController.create of <nova.api.openstack.compute.flavors.FlavorsController object at 0x7bdb5f3d25d0>>, body: {"flavor": {"swap": 0, "OS-FLV-EXT-DATA:ephemeral": 0, "os-flavor-access:is_public": true, "ram": 1024, "name": "manila-service-flavor", "vcpus": 1, "disk": 5, "id": "100", "rxtx_factor": 1.0}} {{(pid=70588) _process_stack /opt/stack/nova/nova/api/openstack/wsgi.py:550}}
Aug 07 08:40:12.137649 np0000032200 devstack@n-api.service[70588]: DEBUG dbcounter [-] [70588] Writing DB stats nova_api:INSERT=10,nova_api:SELECT=21,nova_api:SAVEPOINT=5,nova_api:RELEASE=5 {{(pid=70588) stat_writer /opt/stack/data/venv/lib/python3.12/site-packages/dbcounter.py:115}}
Aug 07 08:40:12.146427 np0000032200 devstack@n-api.service[70588]: INFO nova.api.openstack.requestlog [None req-4b001fbf-1586-4ce4-9b4d-58bb6f64b935 admin admin] 192.168.1.126 "POST /compute/v2.1/flavors" status: 200 len: 429 microversion: 2.61 time: 0.012989
Aug 07 08:40:12.146655 np0000032200 devstack@n-api.service[70588]: [pid: 70588|app: 0|req: 13/26] 192.168.1.126 () {72 vars in 1408 bytes} [Thu Aug  7 08:40:12 2025] POST /compute/v2.1/flavors => generated 429 bytes in 13 msecs (HTTP/1.1 200) 9 headers in 359 bytes (1 switches on core 0)
Aug 07 08:41:31.720624 np0000032200 devstack@n-api.service[70589]: DEBUG nova.api.openstack.wsgi [None req-c9a4fd9e-bb14-453a-9634-0396a4cd81d7 admin admin] Calling method '<bound method KeypairController.index of <nova.api.openstack.compute.keypairs.KeypairController object at 0x7bdb5f296d20>>' {{(pid=70589) _process_stack /opt/stack/nova/nova/api/openstack/wsgi.py:552}}
Aug 07 08:41:31.722445 np0000032200 devstack@n-api.service[70589]: WARNING oslo_db.sqlalchemy.utils [None req-c9a4fd9e-bb14-453a-9634-0396a4cd81d7 admin admin] Unique keys not in sort_keys. The sorting order may be unstable.
Aug 07 08:41:31.727755 np0000032200 devstack@n-api.service[70589]: INFO nova.api.openstack.requestlog [None req-c9a4fd9e-bb14-453a-9634-0396a4cd81d7 admin admin] 192.168.1.126 "GET /compute/v2.1/os-keypairs" status: 200 len: 16 microversion: 2.10 time: 0.009641
Aug 07 08:41:31.727975 np0000032200 devstack@n-api.service[70589]: [pid: 70589|app: 0|req: 14/27] 192.168.1.126 () {68 vars in 1379 bytes} [Thu Aug  7 08:41:31 2025] GET /compute/v2.1/os-keypairs => generated 16 bytes in 10 msecs (HTTP/1.1 200) 9 headers in 358 bytes (1 switches on core 0)
Aug 07 08:41:31.821059 np0000032200 devstack@n-api.service[70588]: DEBUG nova.api.openstack.wsgi [None req-64521de0-2e07-45db-a840-8f80bea1dbfa admin admin] Action: 'create', calling method: <bound method KeypairController.create of <nova.api.openstack.compute.keypairs.KeypairController object at 0x7bdb5f289b20>>, body: {"keypair": {"name": "manila-service", "public_key": "ecdsa-sha2-nistp256 AAAAE2VjZHNhLXNoYTItbmlzdHAyNTYAAAAIbmlzdHAyNTYAAABBBHEvMZO5ln3H8ILDnTvXmmdRtwoDW9yBOp8K/LPdM9Z1KSEuvPL+dW/2TrS53ySXL7hwKvJ+RL3X0yCCIZJ7a/4= stack@np0000032200\n"}} {{(pid=70588) _process_stack /opt/stack/nova/nova/api/openstack/wsgi.py:550}}
Aug 07 08:41:31.833795 np0000032200 devstack@n-api.service[70588]: DEBUG nova.quota [None req-64521de0-2e07-45db-a840-8f80bea1dbfa admin admin] Getting quotas for project 68f82012825f4ca1a283921d41430daf. Resources: {'key_pairs'} {{(pid=70588) _get_quotas /opt/stack/nova/nova/quota.py:392}}
Aug 07 08:41:31.836283 np0000032200 devstack@n-api.service[70588]: DEBUG nova.quota [None req-64521de0-2e07-45db-a840-8f80bea1dbfa admin admin] Getting quotas for user 36355cffe8564a149f3a065c64700f47 and project 68f82012825f4ca1a283921d41430daf. Resources: {'key_pairs'} {{(pid=70588) _get_quotas /opt/stack/nova/nova/quota.py:382}}
Aug 07 08:41:31.858248 np0000032200 devstack@n-api.service[70588]: INFO nova.api.openstack.requestlog [None req-64521de0-2e07-45db-a840-8f80bea1dbfa admin admin] 192.168.1.126 "POST /compute/v2.1/os-keypairs" status: 201 len: 366 microversion: 2.10 time: 0.040246
Aug 07 08:41:31.858505 np0000032200 devstack@n-api.service[70588]: [pid: 70588|app: 0|req: 14/28] 192.168.1.126 () {72 vars in 1420 bytes} [Thu Aug  7 08:41:31 2025] POST /compute/v2.1/os-keypairs => generated 366 bytes in 40 msecs (HTTP/1.1 201) 9 headers in 364 bytes (1 switches on core 0)
Aug 07 08:41:37.870771 np0000032200 devstack@n-api.service[70589]: DEBUG nova.api.openstack.wsgi [None req-fa010a5a-3d9c-4406-9a32-caf7706fede1 admin admin] Calling method '<bound method ServiceController.index of <nova.api.openstack.compute.services.ServiceController object at 0x7bdb5f8eff80>>' {{(pid=70589) _process_stack /opt/stack/nova/nova/api/openstack/wsgi.py:552}}
Aug 07 08:41:37.872422 np0000032200 devstack@n-api.service[70589]: DEBUG oslo_concurrency.lockutils [None req-fa010a5a-3d9c-4406-9a32-caf7706fede1 admin admin] Acquiring lock "00000000-0000-0000-0000-000000000000" by "nova.context.set_target_cell.<locals>.get_or_set_cached_cell_and_set_connections" {{(pid=70589) inner /opt/stack/data/venv/lib/python3.12/site-packages/oslo_concurrency/lockutils.py:405}}
Aug 07 08:41:37.872587 np0000032200 devstack@n-api.service[70589]: DEBUG oslo_concurrency.lockutils [None req-fa010a5a-3d9c-4406-9a32-caf7706fede1 admin admin] Lock "00000000-0000-0000-0000-000000000000" acquired by "nova.context.set_target_cell.<locals>.get_or_set_cached_cell_and_set_connections" :: waited 0.000s {{(pid=70589) inner /opt/stack/data/venv/lib/python3.12/site-packages/oslo_concurrency/lockutils.py:410}}
Aug 07 08:41:37.872702 np0000032200 devstack@n-api.service[70589]: DEBUG oslo_concurrency.lockutils [None req-fa010a5a-3d9c-4406-9a32-caf7706fede1 admin admin] Lock "00000000-0000-0000-0000-000000000000" "released" by "nova.context.set_target_cell.<locals>.get_or_set_cached_cell_and_set_connections" :: held 0.000s {{(pid=70589) inner /opt/stack/data/venv/lib/python3.12/site-packages/oslo_concurrency/lockutils.py:424}}
Aug 07 08:41:37.873074 np0000032200 devstack@n-api.service[70589]: DEBUG oslo_concurrency.lockutils [None req-fa010a5a-3d9c-4406-9a32-caf7706fede1 admin admin] Acquiring lock "fa090fff-24f4-424b-9e06-594de4459c97" by "nova.context.set_target_cell.<locals>.get_or_set_cached_cell_and_set_connections" {{(pid=70589) inner /opt/stack/data/venv/lib/python3.12/site-packages/oslo_concurrency/lockutils.py:405}}
Aug 07 08:41:37.873197 np0000032200 devstack@n-api.service[70589]: DEBUG oslo_concurrency.lockutils [None req-fa010a5a-3d9c-4406-9a32-caf7706fede1 admin admin] Lock "fa090fff-24f4-424b-9e06-594de4459c97" acquired by "nova.context.set_target_cell.<locals>.get_or_set_cached_cell_and_set_connections" :: waited 0.000s {{(pid=70589) inner /opt/stack/data/venv/lib/python3.12/site-packages/oslo_concurrency/lockutils.py:410}}
