Aug 07 08:39:47.649235 np0000032200 systemd[1]: Starting devstack@g-api.service - Devstack devstack@g-api.service...
Aug 07 08:39:47.652678 np0000032200 devstack@g-api.service[82421]: [uWSGI] getting INI configuration from /etc/glance/glance-uwsgi.ini
Aug 07 08:39:47.654368 np0000032200 devstack@g-api.service[82421]: *** Starting uWSGI 2.0.24-debian (64bit) on [Thu Aug  7 08:39:47 2025] ***
Aug 07 08:39:47.654368 np0000032200 devstack@g-api.service[82421]: compiled with version: 13.2.0 on 17 April 2024 16:23:48
Aug 07 08:39:47.654368 np0000032200 devstack@g-api.service[82421]: os: Linux-6.8.0-71-generic #71-Ubuntu SMP PREEMPT_DYNAMIC Tue Jul 22 16:52:38 UTC 2025
Aug 07 08:39:47.654368 np0000032200 devstack@g-api.service[82421]: nodename: np0000032200
Aug 07 08:39:47.654368 np0000032200 devstack@g-api.service[82421]: machine: x86_64
Aug 07 08:39:47.654368 np0000032200 devstack@g-api.service[82421]: clock source: unix
Aug 07 08:39:47.654368 np0000032200 devstack@g-api.service[82421]: pcre jit disabled
Aug 07 08:39:47.654368 np0000032200 devstack@g-api.service[82421]: detected number of CPU cores: 8
Aug 07 08:39:47.654368 np0000032200 devstack@g-api.service[82421]: current working directory: /
Aug 07 08:39:47.654368 np0000032200 devstack@g-api.service[82421]: detected binary path: /usr/bin/uwsgi-core
Aug 07 08:39:47.654368 np0000032200 devstack@g-api.service[82421]: your processes number limit is 47562
Aug 07 08:39:47.654566 np0000032200 devstack@g-api.service[82421]: your memory page size is 4096 bytes
Aug 07 08:39:47.654566 np0000032200 devstack@g-api.service[82421]: detected max file descriptor number: 2048
Aug 07 08:39:47.654566 np0000032200 devstack@g-api.service[82421]: lock engine: pthread robust mutexes
Aug 07 08:39:47.654566 np0000032200 devstack@g-api.service[82421]: thunder lock: enabled
Aug 07 08:39:47.654566 np0000032200 devstack@g-api.service[82421]: uwsgi socket 0 bound to TCP address 127.0.0.1:60999 fd 4
Aug 07 08:39:47.654640 np0000032200 devstack@g-api.service[82421]: Python version: 3.12.3 (main, Jun 18 2025, 17:59:45) [GCC 13.3.0]
Aug 07 08:39:47.654640 np0000032200 devstack@g-api.service[82421]: PEP 405 virtualenv detected: /opt/stack/data/venv
Aug 07 08:39:47.654640 np0000032200 devstack@g-api.service[82421]: Set PythonHome to /opt/stack/data/venv
Aug 07 08:39:47.680757 np0000032200 devstack@g-api.service[82421]: Python main interpreter initialized at 0x7cf600ea39e8
Aug 07 08:39:47.680805 np0000032200 devstack@g-api.service[82421]: python threads support enabled
Aug 07 08:39:47.680805 np0000032200 devstack@g-api.service[82421]: your server socket listen backlog is limited to 100 connections
Aug 07 08:39:47.680805 np0000032200 devstack@g-api.service[82421]: your mercy for graceful operations on workers is 80 seconds
Aug 07 08:39:47.680977 np0000032200 devstack@g-api.service[82421]: mapped 403077 bytes (393 KB) for 2 cores
Aug 07 08:39:47.681034 np0000032200 devstack@g-api.service[82421]: *** Operational MODE: preforking ***
Aug 07 08:39:47.681182 np0000032200 devstack@g-api.service[82421]: *** uWSGI is running in multiple interpreter mode ***
Aug 07 08:39:47.681182 np0000032200 devstack@g-api.service[82421]: spawned uWSGI master process (pid: 82421)
Aug 07 08:39:47.681268 np0000032200 systemd[1]: Started devstack@g-api.service - Devstack devstack@g-api.service.
Aug 07 08:39:47.681579 np0000032200 devstack@g-api.service[82421]: spawned uWSGI worker 1 (pid: 82425, cores: 1)
Aug 07 08:39:47.682597 np0000032200 devstack@g-api.service[82421]: spawned uWSGI worker 2 (pid: 82426, cores: 1)
Aug 07 08:39:47.682597 np0000032200 devstack@g-api.service[82421]: running "unix_signal:15 gracefully_kill_them_all" (master-start)...
Aug 07 08:39:48.287912 np0000032200 devstack@g-api.service[82426]: INFO glance.async_ [-] Threadpool model set to 'NativeThreadPoolModel'
Aug 07 08:39:48.288222 np0000032200 devstack@g-api.service[82425]: INFO glance.async_ [-] Threadpool model set to 'NativeThreadPoolModel'
Aug 07 08:39:48.342018 np0000032200 devstack@g-api.service[82426]: DEBUG oslo_concurrency.processutils [-] Running cmd (subprocess): grep -F node.session.scan /sbin/iscsiadm {{(pid=82426) execute /opt/stack/data/venv/lib/python3.12/site-packages/oslo_concurrency/processutils.py:349}}
Aug 07 08:39:48.342395 np0000032200 devstack@g-api.service[82425]: DEBUG oslo_concurrency.processutils [-] Running cmd (subprocess): grep -F node.session.scan /sbin/iscsiadm {{(pid=82425) execute /opt/stack/data/venv/lib/python3.12/site-packages/oslo_concurrency/processutils.py:349}}
Aug 07 08:39:48.348259 np0000032200 devstack@g-api.service[82426]: DEBUG oslo_concurrency.processutils [-] CMD "grep -F node.session.scan /sbin/iscsiadm" returned: 0 in 0.006s {{(pid=82426) execute /opt/stack/data/venv/lib/python3.12/site-packages/oslo_concurrency/processutils.py:372}}
Aug 07 08:39:48.348955 np0000032200 devstack@g-api.service[82425]: DEBUG oslo_concurrency.processutils [-] CMD "grep -F node.session.scan /sbin/iscsiadm" returned: 0 in 0.007s {{(pid=82425) execute /opt/stack/data/venv/lib/python3.12/site-packages/oslo_concurrency/processutils.py:372}}
Aug 07 08:39:48.367812 np0000032200 devstack@g-api.service[82426]: DEBUG glance_store.common.attachment_state_manager [-] Initialising _AttachmentStateManager {{(pid=82426) __init__ /opt/stack/data/venv/lib/python3.12/site-packages/glance_store/common/attachment_state_manager.py:86}}
Aug 07 08:39:48.368287 np0000032200 devstack@g-api.service[82425]: DEBUG glance_store.common.attachment_state_manager [-] Initialising _AttachmentStateManager {{(pid=82425) __init__ /opt/stack/data/venv/lib/python3.12/site-packages/glance_store/common/attachment_state_manager.py:86}}
Aug 07 08:39:48.452002 np0000032200 devstack@g-api.service[82426]: DEBUG glance_store.backend [-] Attempting to import store cinder {{(pid=82426) _load_store /opt/stack/data/venv/lib/python3.12/site-packages/glance_store/backend.py:216}}
Aug 07 08:39:48.452002 np0000032200 devstack@g-api.service[82426]: DEBUG glance_store.backend [-] Attempting to import store file {{(pid=82426) _load_store /opt/stack/data/venv/lib/python3.12/site-packages/glance_store/backend.py:216}}
Aug 07 08:39:48.452002 np0000032200 devstack@g-api.service[82426]: DEBUG glance_store.backend [-] Attempting to import store glance.store.cinder.Store {{(pid=82426) _load_store /opt/stack/data/venv/lib/python3.12/site-packages/glance_store/backend.py:216}}
Aug 07 08:39:48.452002 np0000032200 devstack@g-api.service[82426]: DEBUG glance_store.backend [-] Attempting to import store glance.store.filesystem.Store {{(pid=82426) _load_store /opt/stack/data/venv/lib/python3.12/site-packages/glance_store/backend.py:216}}
Aug 07 08:39:48.452002 np0000032200 devstack@g-api.service[82426]: DEBUG glance_store.backend [-] Attempting to import store glance.store.http.Store {{(pid=82426) _load_store /opt/stack/data/venv/lib/python3.12/site-packages/glance_store/backend.py:216}}
Aug 07 08:39:48.452002 np0000032200 devstack@g-api.service[82426]: DEBUG glance_store.backend [-] Attempting to import store glance.store.rbd.Store {{(pid=82426) _load_store /opt/stack/data/venv/lib/python3.12/site-packages/glance_store/backend.py:216}}
Aug 07 08:39:48.452002 np0000032200 devstack@g-api.service[82426]: DEBUG glance_store.backend [-] Attempting to import store glance.store.s3.Store {{(pid=82426) _load_store /opt/stack/data/venv/lib/python3.12/site-packages/glance_store/backend.py:216}}
Aug 07 08:39:48.452002 np0000032200 devstack@g-api.service[82426]: DEBUG glance_store.backend [-] Attempting to import store glance.store.swift.Store {{(pid=82426) _load_store /opt/stack/data/venv/lib/python3.12/site-packages/glance_store/backend.py:216}}
Aug 07 08:39:48.452002 np0000032200 devstack@g-api.service[82426]: DEBUG glance_store.backend [-] Attempting to import store glance.store.vmware_datastore.Store {{(pid=82426) _load_store /opt/stack/data/venv/lib/python3.12/site-packages/glance_store/backend.py:216}}
Aug 07 08:39:48.452256 np0000032200 devstack@g-api.service[82426]: DEBUG glance_store.backend [-] Attempting to import store http {{(pid=82426) _load_store /opt/stack/data/venv/lib/python3.12/site-packages/glance_store/backend.py:216}}
Aug 07 08:39:48.452256 np0000032200 devstack@g-api.service[82426]: DEBUG glance_store.backend [-] Attempting to import store no_conf {{(pid=82426) _load_store /opt/stack/data/venv/lib/python3.12/site-packages/glance_store/backend.py:216}}
Aug 07 08:39:48.452256 np0000032200 devstack@g-api.service[82426]: DEBUG glance_store.backend [-] Attempting to import store rbd {{(pid=82426) _load_store /opt/stack/data/venv/lib/python3.12/site-packages/glance_store/backend.py:216}}
Aug 07 08:39:48.452307 np0000032200 devstack@g-api.service[82425]: DEBUG glance_store.backend [-] Attempting to import store cinder {{(pid=82425) _load_store /opt/stack/data/venv/lib/python3.12/site-packages/glance_store/backend.py:216}}
Aug 07 08:39:48.452327 np0000032200 devstack@g-api.service[82426]: DEBUG glance_store.backend [-] Attempting to import store s3 {{(pid=82426) _load_store /opt/stack/data/venv/lib/python3.12/site-packages/glance_store/backend.py:216}}
Aug 07 08:39:48.452327 np0000032200 devstack@g-api.service[82426]: DEBUG glance_store.backend [-] Attempting to import store swift {{(pid=82426) _load_store /opt/stack/data/venv/lib/python3.12/site-packages/glance_store/backend.py:216}}
Aug 07 08:39:48.452327 np0000032200 devstack@g-api.service[82426]: DEBUG glance_store.backend [-] Attempting to import store vmware {{(pid=82426) _load_store /opt/stack/data/venv/lib/python3.12/site-packages/glance_store/backend.py:216}}
Aug 07 08:39:48.452376 np0000032200 devstack@g-api.service[82425]: DEBUG glance_store.backend [-] Attempting to import store file {{(pid=82425) _load_store /opt/stack/data/venv/lib/python3.12/site-packages/glance_store/backend.py:216}}
Aug 07 08:39:48.452393 np0000032200 devstack@g-api.service[82426]: DEBUG glance_store.backend [-] Registering options for group glance_store {{(pid=82426) register_opts /opt/stack/data/venv/lib/python3.12/site-packages/glance_store/backend.py:145}}
Aug 07 08:39:48.452411 np0000032200 devstack@g-api.service[82425]: DEBUG glance_store.backend [-] Attempting to import store glance.store.cinder.Store {{(pid=82425) _load_store /opt/stack/data/venv/lib/python3.12/site-packages/glance_store/backend.py:216}}
Aug 07 08:39:48.452411 np0000032200 devstack@g-api.service[82425]: DEBUG glance_store.backend [-] Attempting to import store glance.store.filesystem.Store {{(pid=82425) _load_store /opt/stack/data/venv/lib/python3.12/site-packages/glance_store/backend.py:216}}
Aug 07 08:39:48.452411 np0000032200 devstack@g-api.service[82425]: DEBUG glance_store.backend [-] Attempting to import store glance.store.http.Store {{(pid=82425) _load_store /opt/stack/data/venv/lib/python3.12/site-packages/glance_store/backend.py:216}}
Aug 07 08:39:48.452411 np0000032200 devstack@g-api.service[82425]: DEBUG glance_store.backend [-] Attempting to import store glance.store.rbd.Store {{(pid=82425) _load_store /opt/stack/data/venv/lib/python3.12/site-packages/glance_store/backend.py:216}}
Aug 07 08:39:48.452476 np0000032200 devstack@g-api.service[82426]: DEBUG glance_store.backend [-] Registering options for group glance_store {{(pid=82426) register_opts /opt/stack/data/venv/lib/python3.12/site-packages/glance_store/backend.py:145}}
Aug 07 08:39:48.452493 np0000032200 devstack@g-api.service[82425]: DEBUG glance_store.backend [-] Attempting to import store glance.store.s3.Store {{(pid=82425) _load_store /opt/stack/data/venv/lib/python3.12/site-packages/glance_store/backend.py:216}}
Aug 07 08:39:48.452493 np0000032200 devstack@g-api.service[82425]: DEBUG glance_store.backend [-] Attempting to import store glance.store.swift.Store {{(pid=82425) _load_store /opt/stack/data/venv/lib/python3.12/site-packages/glance_store/backend.py:216}}
Aug 07 08:39:48.452493 np0000032200 devstack@g-api.service[82425]: DEBUG glance_store.backend [-] Attempting to import store glance.store.vmware_datastore.Store {{(pid=82425) _load_store /opt/stack/data/venv/lib/python3.12/site-packages/glance_store/backend.py:216}}
Aug 07 08:39:48.452493 np0000032200 devstack@g-api.service[82425]: DEBUG glance_store.backend [-] Attempting to import store http {{(pid=82425) _load_store /opt/stack/data/venv/lib/python3.12/site-packages/glance_store/backend.py:216}}
Aug 07 08:39:48.452493 np0000032200 devstack@g-api.service[82425]: DEBUG glance_store.backend [-] Attempting to import store no_conf {{(pid=82425) _load_store /opt/stack/data/venv/lib/python3.12/site-packages/glance_store/backend.py:216}}
Aug 07 08:39:48.452571 np0000032200 devstack@g-api.service[82426]: DEBUG glance_store.backend [-] Attempting to import store file {{(pid=82426) _load_store /opt/stack/data/venv/lib/python3.12/site-packages/glance_store/backend.py:216}}
Aug 07 08:39:48.452588 np0000032200 devstack@g-api.service[82425]: DEBUG glance_store.backend [-] Attempting to import store rbd {{(pid=82425) _load_store /opt/stack/data/venv/lib/python3.12/site-packages/glance_store/backend.py:216}}
Aug 07 08:39:48.452588 np0000032200 devstack@g-api.service[82425]: DEBUG glance_store.backend [-] Attempting to import store s3 {{(pid=82425) _load_store /opt/stack/data/venv/lib/python3.12/site-packages/glance_store/backend.py:216}}
Aug 07 08:39:48.452588 np0000032200 devstack@g-api.service[82425]: DEBUG glance_store.backend [-] Attempting to import store swift {{(pid=82425) _load_store /opt/stack/data/venv/lib/python3.12/site-packages/glance_store/backend.py:216}}
Aug 07 08:39:48.452588 np0000032200 devstack@g-api.service[82425]: DEBUG glance_store.backend [-] Attempting to import store vmware {{(pid=82425) _load_store /opt/stack/data/venv/lib/python3.12/site-packages/glance_store/backend.py:216}}
Aug 07 08:39:48.452588 np0000032200 devstack@g-api.service[82425]: DEBUG glance_store.backend [-] Registering options for group glance_store {{(pid=82425) register_opts /opt/stack/data/venv/lib/python3.12/site-packages/glance_store/backend.py:145}}
Aug 07 08:39:48.452666 np0000032200 devstack@g-api.service[82426]: DEBUG glance_store.capabilities [-] Store glance_store._drivers.filesystem.Store doesn't support updating dynamic storage capabilities. Please overwrite 'update_capabilities' method of the store to implement updating logics if needed. {{(pid=82426) update_capabilities /opt/stack/data/venv/lib/python3.12/site-packages/glance_store/capabilities.py:91}}
Aug 07 08:39:48.452666 np0000032200 devstack@g-api.service[82426]: DEBUG glance_store.backend [-] Registering store file with schemes ('file', 'filesystem') {{(pid=82426) create_stores /opt/stack/data/venv/lib/python3.12/site-packages/glance_store/backend.py:262}}
Aug 07 08:39:48.452701 np0000032200 devstack@g-api.service[82425]: DEBUG glance_store.backend [-] Registering options for group glance_store {{(pid=82425) register_opts /opt/stack/data/venv/lib/python3.12/site-packages/glance_store/backend.py:145}}
Aug 07 08:39:48.452717 np0000032200 devstack@g-api.service[82426]: DEBUG glance_store.driver [-] Late loading location class glance_store._drivers.filesystem.StoreLocation {{(pid=82426) get_store_location_class /opt/stack/data/venv/lib/python3.12/site-packages/glance_store/driver.py:136}}
Aug 07 08:39:48.452717 np0000032200 devstack@g-api.service[82426]: DEBUG glance_store.location [-] Registering scheme file with {'store': <glance_store._drivers.filesystem.Store object at 0x7cf5fd353620>, 'location_class': <class 'glance_store._drivers.filesystem.StoreLocation'>, 'store_entry': 'file'} {{(pid=82426) register_scheme_map /opt/stack/data/venv/lib/python3.12/site-packages/glance_store/location.py:146}}
Aug 07 08:39:48.452717 np0000032200 devstack@g-api.service[82426]: DEBUG glance_store.location [-] Registering scheme filesystem with {'store': <glance_store._drivers.filesystem.Store object at 0x7cf5fd353620>, 'location_class': <class 'glance_store._drivers.filesystem.StoreLocation'>, 'store_entry': 'file'} {{(pid=82426) register_scheme_map /opt/stack/data/venv/lib/python3.12/site-packages/glance_store/location.py:146}}
Aug 07 08:39:48.452717 np0000032200 devstack@g-api.service[82426]: DEBUG glance_store.backend [-] Attempting to import store http {{(pid=82426) _load_store /opt/stack/data/venv/lib/python3.12/site-packages/glance_store/backend.py:216}}
Aug 07 08:39:48.452717 np0000032200 devstack@g-api.service[82426]: DEBUG glance_store.capabilities [-] Store glance_store._drivers.http.Store doesn't support updating dynamic storage capabilities. Please overwrite 'update_capabilities' method of the store to implement updating logics if needed. {{(pid=82426) update_capabilities /opt/stack/data/venv/lib/python3.12/site-packages/glance_store/capabilities.py:91}}
Aug 07 08:39:48.452811 np0000032200 devstack@g-api.service[82425]: DEBUG glance_store.backend [-] Attempting to import store file {{(pid=82425) _load_store /opt/stack/data/venv/lib/python3.12/site-packages/glance_store/backend.py:216}}
Aug 07 08:39:48.452829 np0000032200 devstack@g-api.service[82426]: DEBUG glance_store.backend [-] Registering store http with schemes ('http', 'https') {{(pid=82426) create_stores /opt/stack/data/venv/lib/python3.12/site-packages/glance_store/backend.py:262}}
Aug 07 08:39:48.452829 np0000032200 devstack@g-api.service[82426]: DEBUG glance_store.driver [-] Late loading location class glance_store._drivers.http.StoreLocation {{(pid=82426) get_store_location_class /opt/stack/data/venv/lib/python3.12/site-packages/glance_store/driver.py:136}}
Aug 07 08:39:48.452829 np0000032200 devstack@g-api.service[82426]: DEBUG glance_store.location [-] Registering scheme http with {'store': <glance_store._drivers.http.Store object at 0x7cf5fd4c6060>, 'location_class': <class 'glance_store._drivers.http.StoreLocation'>, 'store_entry': 'http'} {{(pid=82426) register_scheme_map /opt/stack/data/venv/lib/python3.12/site-packages/glance_store/location.py:146}}
Aug 07 08:39:48.452829 np0000032200 devstack@g-api.service[82426]: DEBUG glance_store.location [-] Registering scheme https with {'store': <glance_store._drivers.http.Store object at 0x7cf5fd4c6060>, 'location_class': <class 'glance_store._drivers.http.StoreLocation'>, 'store_entry': 'http'} {{(pid=82426) register_scheme_map /opt/stack/data/venv/lib/python3.12/site-packages/glance_store/location.py:146}}
Aug 07 08:39:48.452893 np0000032200 devstack@g-api.service[82425]: DEBUG glance_store.capabilities [-] Store glance_store._drivers.filesystem.Store doesn't support updating dynamic storage capabilities. Please overwrite 'update_capabilities' method of the store to implement updating logics if needed. {{(pid=82425) update_capabilities /opt/stack/data/venv/lib/python3.12/site-packages/glance_store/capabilities.py:91}}
Aug 07 08:39:48.452893 np0000032200 devstack@g-api.service[82425]: DEBUG glance_store.backend [-] Registering store file with schemes ('file', 'filesystem') {{(pid=82425) create_stores /opt/stack/data/venv/lib/python3.12/site-packages/glance_store/backend.py:262}}
Aug 07 08:39:48.452966 np0000032200 devstack@g-api.service[82426]: DEBUG glance.sqlite_migration [-] SQLite caching database not located, skipping migration {{(pid=82426) get_db_path /opt/stack/glance/glance/sqlite_migration.py:68}}
Aug 07 08:39:48.452994 np0000032200 devstack@g-api.service[82425]: DEBUG glance_store.driver [-] Late loading location class glance_store._drivers.filesystem.StoreLocation {{(pid=82425) get_store_location_class /opt/stack/data/venv/lib/python3.12/site-packages/glance_store/driver.py:136}}
Aug 07 08:39:48.452994 np0000032200 devstack@g-api.service[82425]: DEBUG glance_store.location [-] Registering scheme file with {'store': <glance_store._drivers.filesystem.Store object at 0x7cf5fd07a030>, 'location_class': <class 'glance_store._drivers.filesystem.StoreLocation'>, 'store_entry': 'file'} {{(pid=82425) register_scheme_map /opt/stack/data/venv/lib/python3.12/site-packages/glance_store/location.py:146}}
Aug 07 08:39:48.452994 np0000032200 devstack@g-api.service[82425]: DEBUG glance_store.location [-] Registering scheme filesystem with {'store': <glance_store._drivers.filesystem.Store object at 0x7cf5fd07a030>, 'location_class': <class 'glance_store._drivers.filesystem.StoreLocation'>, 'store_entry': 'file'} {{(pid=82425) register_scheme_map /opt/stack/data/venv/lib/python3.12/site-packages/glance_store/location.py:146}}
Aug 07 08:39:48.452994 np0000032200 devstack@g-api.service[82425]: DEBUG glance_store.backend [-] Attempting to import store http {{(pid=82425) _load_store /opt/stack/data/venv/lib/python3.12/site-packages/glance_store/backend.py:216}}
Aug 07 08:39:48.453057 np0000032200 devstack@g-api.service[82426]: WARNING glance.common.wsgi_app [-] Import methods are enabled but staging directory /tmp/staging/ does not exist; Imports will fail!
Aug 07 08:39:48.453080 np0000032200 devstack@g-api.service[82425]: DEBUG glance_store.capabilities [-] Store glance_store._drivers.http.Store doesn't support updating dynamic storage capabilities. Please overwrite 'update_capabilities' method of the store to implement updating logics if needed. {{(pid=82425) update_capabilities /opt/stack/data/venv/lib/python3.12/site-packages/glance_store/capabilities.py:91}}
Aug 07 08:39:48.453080 np0000032200 devstack@g-api.service[82425]: DEBUG glance_store.backend [-] Registering store http with schemes ('http', 'https') {{(pid=82425) create_stores /opt/stack/data/venv/lib/python3.12/site-packages/glance_store/backend.py:262}}
Aug 07 08:39:48.453080 np0000032200 devstack@g-api.service[82425]: DEBUG glance_store.driver [-] Late loading location class glance_store._drivers.http.StoreLocation {{(pid=82425) get_store_location_class /opt/stack/data/venv/lib/python3.12/site-packages/glance_store/driver.py:136}}
Aug 07 08:39:48.453080 np0000032200 devstack@g-api.service[82425]: DEBUG glance_store.location [-] Registering scheme http with {'store': <glance_store._drivers.http.Store object at 0x7cf5fd34e3c0>, 'location_class': <class 'glance_store._drivers.http.StoreLocation'>, 'store_entry': 'http'} {{(pid=82425) register_scheme_map /opt/stack/data/venv/lib/python3.12/site-packages/glance_store/location.py:146}}
Aug 07 08:39:48.453080 np0000032200 devstack@g-api.service[82425]: DEBUG glance_store.location [-] Registering scheme https with {'store': <glance_store._drivers.http.Store object at 0x7cf5fd34e3c0>, 'location_class': <class 'glance_store._drivers.http.StoreLocation'>, 'store_entry': 'http'} {{(pid=82425) register_scheme_map /opt/stack/data/venv/lib/python3.12/site-packages/glance_store/location.py:146}}
Aug 07 08:39:48.453080 np0000032200 devstack@g-api.service[82425]: DEBUG glance.sqlite_migration [-] SQLite caching database not located, skipping migration {{(pid=82425) get_db_path /opt/stack/glance/glance/sqlite_migration.py:68}}
Aug 07 08:39:48.453080 np0000032200 devstack@g-api.service[82425]: WARNING glance.common.wsgi_app [-] Import methods are enabled but staging directory /tmp/staging/ does not exist; Imports will fail!
Aug 07 08:39:48.724141 np0000032200 devstack@g-api.service[82426]: DEBUG glance.common.config [None req-188e729b-5ae0-44fc-8d83-1f891b8186c9 None None] Loading glance-api-keystone+cachemanagement from /etc/glance/glance-api-paste.ini {{(pid=82426) load_paste_app /opt/stack/glance/glance/common/config.py:750}}
Aug 07 08:39:48.724262 np0000032200 devstack@g-api.service[82425]: DEBUG glance.common.config [None req-0a20a2aa-6117-419c-8733-f8cdc8b82207 None None] Loading glance-api-keystone+cachemanagement from /etc/glance/glance-api-paste.ini {{(pid=82425) load_paste_app /opt/stack/glance/glance/common/config.py:750}}
Aug 07 08:39:49.212393 np0000032200 devstack@g-api.service[82426]: INFO glance.image_cache [None req-188e729b-5ae0-44fc-8d83-1f891b8186c9 None None] Image cache loaded driver 'centralized_db'.
Aug 07 08:39:49.233227 np0000032200 devstack@g-api.service[82425]: INFO glance.image_cache [None req-0a20a2aa-6117-419c-8733-f8cdc8b82207 None None] Image cache loaded driver 'centralized_db'.
Aug 07 08:39:49.245879 np0000032200 devstack@g-api.service[82426]: INFO dbcounter [None req-188e729b-5ae0-44fc-8d83-1f891b8186c9 None None] Registered counter for database glance
Aug 07 08:39:49.267487 np0000032200 devstack@g-api.service[82425]: INFO dbcounter [None req-0a20a2aa-6117-419c-8733-f8cdc8b82207 None None] Registered counter for database glance
Aug 07 08:39:49.269075 np0000032200 devstack@g-api.service[82426]: DEBUG oslo_db.sqlalchemy.engines [None req-188e729b-5ae0-44fc-8d83-1f891b8186c9 None None] MySQL server mode set to STRICT_TRANS_TABLES,STRICT_ALL_TABLES,NO_ZERO_IN_DATE,NO_ZERO_DATE,ERROR_FOR_DIVISION_BY_ZERO,TRADITIONAL,NO_ENGINE_SUBSTITUTION {{(pid=82426) _check_effective_sql_mode /opt/stack/data/venv/lib/python3.12/site-packages/oslo_db/sqlalchemy/engines.py:397}}
Aug 07 08:39:49.276439 np0000032200 devstack@g-api.service[82425]: DEBUG oslo_db.sqlalchemy.engines [None req-0a20a2aa-6117-419c-8733-f8cdc8b82207 None None] MySQL server mode set to STRICT_TRANS_TABLES,STRICT_ALL_TABLES,NO_ZERO_IN_DATE,NO_ZERO_DATE,ERROR_FOR_DIVISION_BY_ZERO,TRADITIONAL,NO_ENGINE_SUBSTITUTION {{(pid=82425) _check_effective_sql_mode /opt/stack/data/venv/lib/python3.12/site-packages/oslo_db/sqlalchemy/engines.py:397}}
Aug 07 08:39:49.285705 np0000032200 devstack@g-api.service[82426]: DEBUG dbcounter [-] [82426] Writer thread running {{(pid=82426) stat_writer /opt/stack/data/venv/lib/python3.12/site-packages/dbcounter.py:102}}
Aug 07 08:39:49.293326 np0000032200 devstack@g-api.service[82425]: DEBUG dbcounter [-] [82425] Writer thread running {{(pid=82425) stat_writer /opt/stack/data/venv/lib/python3.12/site-packages/dbcounter.py:102}}
Aug 07 08:39:49.295411 np0000032200 devstack@g-api.service[82425]: DEBUG glance.image_cache.drivers.centralized_db [None req-0a20a2aa-6117-419c-8733-f8cdc8b82207 None None] Node reference is already recorded, ignoring it {{(pid=82425) configure /opt/stack/glance/glance/image_cache/drivers/centralized_db.py:71}}
Aug 07 08:39:49.295589 np0000032200 devstack@g-api.service[82426]: INFO glance.image_cache [None req-188e729b-5ae0-44fc-8d83-1f891b8186c9 None None] Image cache loaded driver 'centralized_db'.
Aug 07 08:39:49.299677 np0000032200 devstack@g-api.service[82425]: INFO glance.image_cache [None req-0a20a2aa-6117-419c-8733-f8cdc8b82207 None None] Image cache loaded driver 'centralized_db'.
Aug 07 08:39:49.301009 np0000032200 devstack@g-api.service[82426]: DEBUG glance.image_cache.drivers.centralized_db [None req-188e729b-5ae0-44fc-8d83-1f891b8186c9 None None] Node reference is already recorded, ignoring it {{(pid=82426) configure /opt/stack/glance/glance/image_cache/drivers/centralized_db.py:71}}
Aug 07 08:39:49.304850 np0000032200 devstack@g-api.service[82425]: DEBUG glance.image_cache.drivers.centralized_db [None req-0a20a2aa-6117-419c-8733-f8cdc8b82207 None None] Node reference is already recorded, ignoring it {{(pid=82425) configure /opt/stack/glance/glance/image_cache/drivers/centralized_db.py:71}}
Aug 07 08:39:49.305655 np0000032200 devstack@g-api.service[82426]: DEBUG glance.api.v2.cached_images [None req-188e729b-5ae0-44fc-8d83-1f891b8186c9 None None] Started cache worker thread {{(pid=82426) __init__ /opt/stack/glance/glance/api/v2/cached_images.py:69}}
Aug 07 08:39:49.306152 np0000032200 devstack@g-api.service[82426]: INFO glance.image_cache [None req-188e729b-5ae0-44fc-8d83-1f891b8186c9 None None] Image cache loaded driver 'centralized_db'.
Aug 07 08:39:49.309484 np0000032200 devstack@g-api.service[82425]: DEBUG glance.api.v2.cached_images [None req-0a20a2aa-6117-419c-8733-f8cdc8b82207 None None] Started cache worker thread {{(pid=82425) __init__ /opt/stack/glance/glance/api/v2/cached_images.py:69}}
Aug 07 08:39:49.309969 np0000032200 devstack@g-api.service[82425]: INFO glance.image_cache [None req-0a20a2aa-6117-419c-8733-f8cdc8b82207 None None] Image cache loaded driver 'centralized_db'.
Aug 07 08:39:49.311285 np0000032200 devstack@g-api.service[82426]: DEBUG glance.image_cache.drivers.centralized_db [None req-188e729b-5ae0-44fc-8d83-1f891b8186c9 None None] Node reference is already recorded, ignoring it {{(pid=82426) configure /opt/stack/glance/glance/image_cache/drivers/centralized_db.py:71}}
Aug 07 08:39:49.315013 np0000032200 devstack@g-api.service[82425]: DEBUG glance.image_cache.drivers.centralized_db [None req-0a20a2aa-6117-419c-8733-f8cdc8b82207 None None] Node reference is already recorded, ignoring it {{(pid=82425) configure /opt/stack/glance/glance/image_cache/drivers/centralized_db.py:71}}
Aug 07 08:39:49.315081 np0000032200 devstack@g-api.service[82426]: INFO glance.api.middleware.cache_manage [None req-188e729b-5ae0-44fc-8d83-1f891b8186c9 None None] Initialized image cache management middleware
Aug 07 08:39:49.315193 np0000032200 devstack@g-api.service[82426]: INFO glance.image_cache [None req-188e729b-5ae0-44fc-8d83-1f891b8186c9 None None] Image cache loaded driver 'centralized_db'.
Aug 07 08:39:49.318791 np0000032200 devstack@g-api.service[82425]: INFO glance.api.middleware.cache_manage [None req-0a20a2aa-6117-419c-8733-f8cdc8b82207 None None] Initialized image cache management middleware
Aug 07 08:39:49.318907 np0000032200 devstack@g-api.service[82425]: INFO glance.image_cache [None req-0a20a2aa-6117-419c-8733-f8cdc8b82207 None None] Image cache loaded driver 'centralized_db'.
Aug 07 08:39:49.320345 np0000032200 devstack@g-api.service[82426]: DEBUG glance.image_cache.drivers.centralized_db [None req-188e729b-5ae0-44fc-8d83-1f891b8186c9 None None] Node reference is already recorded, ignoring it {{(pid=82426) configure /opt/stack/glance/glance/image_cache/drivers/centralized_db.py:71}}
Aug 07 08:39:49.323377 np0000032200 devstack@g-api.service[82426]: INFO glance.api.middleware.cache [None req-188e729b-5ae0-44fc-8d83-1f891b8186c9 None None] Initialized image cache middleware
Aug 07 08:39:49.323993 np0000032200 devstack@g-api.service[82425]: DEBUG glance.image_cache.drivers.centralized_db [None req-0a20a2aa-6117-419c-8733-f8cdc8b82207 None None] Node reference is already recorded, ignoring it {{(pid=82425) configure /opt/stack/glance/glance/image_cache/drivers/centralized_db.py:71}}
Aug 07 08:39:49.327909 np0000032200 devstack@g-api.service[82425]: INFO glance.api.middleware.cache [None req-0a20a2aa-6117-419c-8733-f8cdc8b82207 None None] Initialized image cache middleware
Aug 07 08:39:49.327976 np0000032200 devstack@g-api.service[82426]: WARNING keystonemiddleware.auth_token [None req-188e729b-5ae0-44fc-8d83-1f891b8186c9 None None] AuthToken middleware is set with keystone_authtoken.service_token_roles_required set to False. This is backwards compatible but deprecated behaviour. Please set this to True.
Aug 07 08:39:49.330908 np0000032200 devstack@g-api.service[82426]: WARNING keystonemiddleware.auth_token [None req-188e729b-5ae0-44fc-8d83-1f891b8186c9 None None] Configuring www_authenticate_uri to point to the public identity endpoint is required; clients may not be able to authenticate against an admin endpoint
Aug 07 08:39:49.331639 np0000032200 devstack@g-api.service[82425]: WARNING keystonemiddleware.auth_token [None req-0a20a2aa-6117-419c-8733-f8cdc8b82207 None None] AuthToken middleware is set with keystone_authtoken.service_token_roles_required set to False. This is backwards compatible but deprecated behaviour. Please set this to True.
Aug 07 08:39:49.333543 np0000032200 devstack@g-api.service[82426]: DEBUG glance.common.config [None req-188e729b-5ae0-44fc-8d83-1f891b8186c9 None None] ******************************************************************************** {{(pid=82426) log_opt_values /opt/stack/data/venv/lib/python3.12/site-packages/oslo_config/cfg.py:2804}}
Aug 07 08:39:49.333658 np0000032200 devstack@g-api.service[82426]: DEBUG glance.common.config [None req-188e729b-5ae0-44fc-8d83-1f891b8186c9 None None] Configuration options gathered from: {{(pid=82426) log_opt_values /opt/stack/data/venv/lib/python3.12/site-packages/oslo_config/cfg.py:2805}}
Aug 07 08:39:49.333845 np0000032200 devstack@g-api.service[82426]: DEBUG glance.common.config [None req-188e729b-5ae0-44fc-8d83-1f891b8186c9 None None] command line args: [] {{(pid=82426) log_opt_values /opt/stack/data/venv/lib/python3.12/site-packages/oslo_config/cfg.py:2806}}
Aug 07 08:39:49.333940 np0000032200 devstack@g-api.service[82426]: DEBUG glance.common.config [None req-188e729b-5ae0-44fc-8d83-1f891b8186c9 None None] config files: ['/etc/glance/glance-image-import.conf', '/etc/glance/glance-api.conf'] {{(pid=82426) log_opt_values /opt/stack/data/venv/lib/python3.12/site-packages/oslo_config/cfg.py:2807}}
Aug 07 08:39:49.334007 np0000032200 devstack@g-api.service[82426]: DEBUG glance.common.config [None req-188e729b-5ae0-44fc-8d83-1f891b8186c9 None None] ================================================================================ {{(pid=82426) log_opt_values /opt/stack/data/venv/lib/python3.12/site-packages/oslo_config/cfg.py:2809}}
Aug 07 08:39:49.334101 np0000032200 devstack@g-api.service[82426]: DEBUG glance.common.config [None req-188e729b-5ae0-44fc-8d83-1f891b8186c9 None None] allow_anonymous_access         = False {{(pid=82426) log_opt_values /opt/stack/data/venv/lib/python3.12/site-packages/oslo_config/cfg.py:2817}}
Aug 07 08:39:49.334182 np0000032200 devstack@g-api.service[82426]: DEBUG glance.common.config [None req-188e729b-5ae0-44fc-8d83-1f891b8186c9 None None] api_limit_max                  = 1000 {{(pid=82426) log_opt_values /opt/stack/data/venv/lib/python3.12/site-packages/oslo_config/cfg.py:2817}}
Aug 07 08:39:49.334260 np0000032200 devstack@g-api.service[82426]: DEBUG glance.common.config [None req-188e729b-5ae0-44fc-8d83-1f891b8186c9 None None] backlog                        = 4096 {{(pid=82426) log_opt_values /opt/stack/data/venv/lib/python3.12/site-packages/oslo_config/cfg.py:2817}}
Aug 07 08:39:49.334363 np0000032200 devstack@g-api.service[82426]: DEBUG glance.common.config [None req-188e729b-5ae0-44fc-8d83-1f891b8186c9 None None] bind_host                      = 0.0.0.0 {{(pid=82426) log_opt_values /opt/stack/data/venv/lib/python3.12/site-packages/oslo_config/cfg.py:2817}}
Aug 07 08:39:49.334447 np0000032200 devstack@g-api.service[82426]: DEBUG glance.common.config [None req-188e729b-5ae0-44fc-8d83-1f891b8186c9 None None] bind_port                      = 19292 {{(pid=82426) log_opt_values /opt/stack/data/venv/lib/python3.12/site-packages/oslo_config/cfg.py:2817}}
Aug 07 08:39:49.334521 np0000032200 devstack@g-api.service[82426]: DEBUG glance.common.config [None req-188e729b-5ae0-44fc-8d83-1f891b8186c9 None None] client_socket_timeout          = 900 {{(pid=82426) log_opt_values /opt/stack/data/venv/lib/python3.12/site-packages/oslo_config/cfg.py:2817}}
Aug 07 08:39:49.336343 np0000032200 devstack@g-api.service[82426]: DEBUG glance.common.config [None req-188e729b-5ae0-44fc-8d83-1f891b8186c9 None None] config_dir                     = [] {{(pid=82426) log_opt_values /opt/stack/data/venv/lib/python3.12/site-packages/oslo_config/cfg.py:2817}}
Aug 07 08:39:49.336343 np0000032200 devstack@g-api.service[82426]: DEBUG glance.common.config [None req-188e729b-5ae0-44fc-8d83-1f891b8186c9 None None] config_file                    = ['/etc/glance/glance-image-import.conf', '/etc/glance/glance-api.conf'] {{(pid=82426) log_opt_values /opt/stack/data/venv/lib/python3.12/site-packages/oslo_config/cfg.py:2817}}
Aug 07 08:39:49.336442 np0000032200 devstack@g-api.service[82425]: WARNING keystonemiddleware.auth_token [None req-0a20a2aa-6117-419c-8733-f8cdc8b82207 None None] Configuring www_authenticate_uri to point to the public identity endpoint is required; clients may not be able to authenticate against an admin endpoint
Aug 07 08:39:49.336463 np0000032200 devstack@g-api.service[82426]: DEBUG glance.common.config [None req-188e729b-5ae0-44fc-8d83-1f891b8186c9 None None] config_source                  = [] {{(pid=82426) log_opt_values /opt/stack/data/venv/lib/python3.12/site-packages/oslo_config/cfg.py:2817}}
Aug 07 08:39:49.336463 np0000032200 devstack@g-api.service[82426]: DEBUG glance.common.config [None req-188e729b-5ae0-44fc-8d83-1f891b8186c9 None None] control_exchange               = glance {{(pid=82426) log_opt_values /opt/stack/data/venv/lib/python3.12/site-packages/oslo_config/cfg.py:2817}}
Aug 07 08:39:49.336463 np0000032200 devstack@g-api.service[82426]: DEBUG glance.common.config [None req-188e729b-5ae0-44fc-8d83-1f891b8186c9 None None] debug                          = True {{(pid=82426) log_opt_values /opt/stack/data/venv/lib/python3.12/site-packages/oslo_config/cfg.py:2817}}
Aug 07 08:39:49.336463 np0000032200 devstack@g-api.service[82426]: DEBUG glance.common.config [None req-188e729b-5ae0-44fc-8d83-1f891b8186c9 None None] default_log_levels             = ['amqp=WARN', 'amqplib=WARN', 'boto=WARN', 'qpid=WARN', 'sqlalchemy=WARN', 'suds=INFO', 'oslo.messaging=INFO', 'oslo_messaging=INFO', 'iso8601=WARN', 'requests.packages.urllib3.connectionpool=WARN', 'urllib3.connectionpool=WARN', 'websocket=WARN', 'requests.packages.urllib3.util.retry=WARN', 'urllib3.util.retry=WARN', 'keystonemiddleware=WARN', 'routes.middleware=WARN', 'stevedore=WARN', 'taskflow=WARN', 'keystoneauth=WARN', 'oslo.cache=INFO', 'oslo_policy=INFO', 'dogpile.core.dogpile=INFO'] {{(pid=82426) log_opt_values /opt/stack/data/venv/lib/python3.12/site-packages/oslo_config/cfg.py:2817}}
Aug 07 08:39:49.336463 np0000032200 devstack@g-api.service[82426]: DEBUG glance.common.config [None req-188e729b-5ae0-44fc-8d83-1f891b8186c9 None None] default_publisher_id           = image.localhost {{(pid=82426) log_opt_values /opt/stack/data/venv/lib/python3.12/site-packages/oslo_config/cfg.py:2817}}
Aug 07 08:39:49.336580 np0000032200 devstack@g-api.service[82426]: DEBUG glance.common.config [None req-188e729b-5ae0-44fc-8d83-1f891b8186c9 None None] delayed_delete                 = False {{(pid=82426) log_opt_values /opt/stack/data/venv/lib/python3.12/site-packages/oslo_config/cfg.py:2817}}
Aug 07 08:39:49.336580 np0000032200 devstack@g-api.service[82426]: DEBUG glance.common.config [None req-188e729b-5ae0-44fc-8d83-1f891b8186c9 None None] digest_algorithm               = sha256 {{(pid=82426) log_opt_values /opt/stack/data/venv/lib/python3.12/site-packages/oslo_config/cfg.py:2817}}
Aug 07 08:39:49.336580 np0000032200 devstack@g-api.service[82426]: DEBUG glance.common.config [None req-188e729b-5ae0-44fc-8d83-1f891b8186c9 None None] disabled_notifications         = [] {{(pid=82426) log_opt_values /opt/stack/data/venv/lib/python3.12/site-packages/oslo_config/cfg.py:2817}}
Aug 07 08:39:49.336580 np0000032200 devstack@g-api.service[82426]: DEBUG glance.common.config [None req-188e729b-5ae0-44fc-8d83-1f891b8186c9 None None] do_secure_hash                 = True {{(pid=82426) log_opt_values /opt/stack/data/venv/lib/python3.12/site-packages/oslo_config/cfg.py:2817}}
Aug 07 08:39:49.336580 np0000032200 devstack@g-api.service[82426]: DEBUG glance.common.config [None req-188e729b-5ae0-44fc-8d83-1f891b8186c9 None None] enabled_backends               = None {{(pid=82426) log_opt_values /opt/stack/data/venv/lib/python3.12/site-packages/oslo_config/cfg.py:2817}}
Aug 07 08:39:49.336580 np0000032200 devstack@g-api.service[82426]: DEBUG glance.common.config [None req-188e729b-5ae0-44fc-8d83-1f891b8186c9 None None] enabled_import_methods         = ['glance-direct', 'web-download', 'copy-image'] {{(pid=82426) log_opt_values /opt/stack/data/venv/lib/python3.12/site-packages/oslo_config/cfg.py:2817}}
Aug 07 08:39:49.336580 np0000032200 devstack@g-api.service[82426]: DEBUG glance.common.config [None req-188e729b-5ae0-44fc-8d83-1f891b8186c9 None None] hashing_algorithm              = sha512 {{(pid=82426) log_opt_values /opt/stack/data/venv/lib/python3.12/site-packages/oslo_config/cfg.py:2817}}
Aug 07 08:39:49.336695 np0000032200 devstack@g-api.service[82426]: DEBUG glance.common.config [None req-188e729b-5ae0-44fc-8d83-1f891b8186c9 None None] http_keepalive                 = True {{(pid=82426) log_opt_values /opt/stack/data/venv/lib/python3.12/site-packages/oslo_config/cfg.py:2817}}
Aug 07 08:39:49.336695 np0000032200 devstack@g-api.service[82426]: DEBUG glance.common.config [None req-188e729b-5ae0-44fc-8d83-1f891b8186c9 None None] http_retries                   = 3 {{(pid=82426) log_opt_values /opt/stack/data/venv/lib/python3.12/site-packages/oslo_config/cfg.py:2817}}
Aug 07 08:39:49.336695 np0000032200 devstack@g-api.service[82426]: DEBUG glance.common.config [None req-188e729b-5ae0-44fc-8d83-1f891b8186c9 None None] image_cache_dir                = /opt/stack/data/glance/cache/ {{(pid=82426) log_opt_values /opt/stack/data/venv/lib/python3.12/site-packages/oslo_config/cfg.py:2817}}
Aug 07 08:39:49.336695 np0000032200 devstack@g-api.service[82426]: DEBUG glance.common.config [None req-188e729b-5ae0-44fc-8d83-1f891b8186c9 None None] image_cache_driver             = centralized_db {{(pid=82426) log_opt_values /opt/stack/data/venv/lib/python3.12/site-packages/oslo_config/cfg.py:2817}}
Aug 07 08:39:49.336695 np0000032200 devstack@g-api.service[82426]: DEBUG glance.common.config [None req-188e729b-5ae0-44fc-8d83-1f891b8186c9 None None] image_cache_max_size           = 10737418240 {{(pid=82426) log_opt_values /opt/stack/data/venv/lib/python3.12/site-packages/oslo_config/cfg.py:2817}}
Aug 07 08:39:49.336695 np0000032200 devstack@g-api.service[82426]: DEBUG glance.common.config [None req-188e729b-5ae0-44fc-8d83-1f891b8186c9 None None] image_cache_sqlite_db          = cache.db {{(pid=82426) log_opt_values /opt/stack/data/venv/lib/python3.12/site-packages/oslo_config/cfg.py:2817}}
Aug 07 08:39:49.336695 np0000032200 devstack@g-api.service[82426]: DEBUG glance.common.config [None req-188e729b-5ae0-44fc-8d83-1f891b8186c9 None None] image_cache_stall_time         = 86400 {{(pid=82426) log_opt_values /opt/stack/data/venv/lib/python3.12/site-packages/oslo_config/cfg.py:2817}}
Aug 07 08:39:49.336816 np0000032200 devstack@g-api.service[82426]: DEBUG glance.common.config [None req-188e729b-5ae0-44fc-8d83-1f891b8186c9 None None] image_location_quota           = 10 {{(pid=82426) log_opt_values /opt/stack/data/venv/lib/python3.12/site-packages/oslo_config/cfg.py:2817}}
Aug 07 08:39:49.336816 np0000032200 devstack@g-api.service[82426]: DEBUG glance.common.config [None req-188e729b-5ae0-44fc-8d83-1f891b8186c9 None None] image_member_quota             = 128 {{(pid=82426) log_opt_values /opt/stack/data/venv/lib/python3.12/site-packages/oslo_config/cfg.py:2817}}
Aug 07 08:39:49.336816 np0000032200 devstack@g-api.service[82426]: DEBUG glance.common.config [None req-188e729b-5ae0-44fc-8d83-1f891b8186c9 None None] image_property_quota           = 128 {{(pid=82426) log_opt_values /opt/stack/data/venv/lib/python3.12/site-packages/oslo_config/cfg.py:2817}}
Aug 07 08:39:49.336816 np0000032200 devstack@g-api.service[82426]: DEBUG glance.common.config [None req-188e729b-5ae0-44fc-8d83-1f891b8186c9 None None] image_size_cap                 = 1099511627776 {{(pid=82426) log_opt_values /opt/stack/data/venv/lib/python3.12/site-packages/oslo_config/cfg.py:2817}}
Aug 07 08:39:49.336816 np0000032200 devstack@g-api.service[82426]: DEBUG glance.common.config [None req-188e729b-5ae0-44fc-8d83-1f891b8186c9 None None] image_tag_quota                = 128 {{(pid=82426) log_opt_values /opt/stack/data/venv/lib/python3.12/site-packages/oslo_config/cfg.py:2817}}
Aug 07 08:39:49.336816 np0000032200 devstack@g-api.service[82426]: DEBUG glance.common.config [None req-188e729b-5ae0-44fc-8d83-1f891b8186c9 None None] instance_format                = [instance: %(uuid)s]  {{(pid=82426) log_opt_values /opt/stack/data/venv/lib/python3.12/site-packages/oslo_config/cfg.py:2817}}
Aug 07 08:39:49.336816 np0000032200 devstack@g-api.service[82426]: DEBUG glance.common.config [None req-188e729b-5ae0-44fc-8d83-1f891b8186c9 None None] instance_uuid_format           = [instance: %(uuid)s]  {{(pid=82426) log_opt_values /opt/stack/data/venv/lib/python3.12/site-packages/oslo_config/cfg.py:2817}}
Aug 07 08:39:49.336929 np0000032200 devstack@g-api.service[82426]: DEBUG glance.common.config [None req-188e729b-5ae0-44fc-8d83-1f891b8186c9 None None] limit_param_default            = 25 {{(pid=82426) log_opt_values /opt/stack/data/venv/lib/python3.12/site-packages/oslo_config/cfg.py:2817}}
Aug 07 08:39:49.336929 np0000032200 devstack@g-api.service[82426]: DEBUG glance.common.config [None req-188e729b-5ae0-44fc-8d83-1f891b8186c9 None None] log_color                      = False {{(pid=82426) log_opt_values /opt/stack/data/venv/lib/python3.12/site-packages/oslo_config/cfg.py:2817}}
Aug 07 08:39:49.336929 np0000032200 devstack@g-api.service[82426]: DEBUG glance.common.config [None req-188e729b-5ae0-44fc-8d83-1f891b8186c9 None None] log_config_append              = None {{(pid=82426) log_opt_values /opt/stack/data/venv/lib/python3.12/site-packages/oslo_config/cfg.py:2817}}
Aug 07 08:39:49.336929 np0000032200 devstack@g-api.service[82426]: DEBUG glance.common.config [None req-188e729b-5ae0-44fc-8d83-1f891b8186c9 None None] log_date_format                = %Y-%m-%d %H:%M:%S {{(pid=82426) log_opt_values /opt/stack/data/venv/lib/python3.12/site-packages/oslo_config/cfg.py:2817}}
Aug 07 08:39:49.336929 np0000032200 devstack@g-api.service[82426]: DEBUG glance.common.config [None req-188e729b-5ae0-44fc-8d83-1f891b8186c9 None None] log_dir                        = None {{(pid=82426) log_opt_values /opt/stack/data/venv/lib/python3.12/site-packages/oslo_config/cfg.py:2817}}
Aug 07 08:39:49.336929 np0000032200 devstack@g-api.service[82426]: DEBUG glance.common.config [None req-188e729b-5ae0-44fc-8d83-1f891b8186c9 None None] log_file                       = None {{(pid=82426) log_opt_values /opt/stack/data/venv/lib/python3.12/site-packages/oslo_config/cfg.py:2817}}
Aug 07 08:39:49.337031 np0000032200 devstack@g-api.service[82426]: DEBUG glance.common.config [None req-188e729b-5ae0-44fc-8d83-1f891b8186c9 None None] log_rotate_interval            = 1 {{(pid=82426) log_opt_values /opt/stack/data/venv/lib/python3.12/site-packages/oslo_config/cfg.py:2817}}
Aug 07 08:39:49.337049 np0000032200 devstack@g-api.service[82426]: DEBUG glance.common.config [None req-188e729b-5ae0-44fc-8d83-1f891b8186c9 None None] log_rotate_interval_type       = days {{(pid=82426) log_opt_values /opt/stack/data/venv/lib/python3.12/site-packages/oslo_config/cfg.py:2817}}
Aug 07 08:39:49.337127 np0000032200 devstack@g-api.service[82426]: DEBUG glance.common.config [None req-188e729b-5ae0-44fc-8d83-1f891b8186c9 None None] log_rotation_type              = none {{(pid=82426) log_opt_values /opt/stack/data/venv/lib/python3.12/site-packages/oslo_config/cfg.py:2817}}
Aug 07 08:39:49.337169 np0000032200 devstack@g-api.service[82426]: DEBUG glance.common.config [None req-188e729b-5ae0-44fc-8d83-1f891b8186c9 None None] logging_context_format_string  = %(color)s%(levelname)s %(name)s [%(global_request_id)s %(request_id)s %(project_name)s %(user_name)s%(color)s] %(instance)s%(color)s%(message)s {{(pid=82426) log_opt_values /opt/stack/data/venv/lib/python3.12/site-packages/oslo_config/cfg.py:2817}}
Aug 07 08:39:49.337219 np0000032200 devstack@g-api.service[82426]: DEBUG glance.common.config [None req-188e729b-5ae0-44fc-8d83-1f891b8186c9 None None] logging_debug_format_suffix    = {{(pid=%(process)d) %(funcName)s %(pathname)s:%(lineno)d}} {{(pid=82426) log_opt_values /opt/stack/data/venv/lib/python3.12/site-packages/oslo_config/cfg.py:2817}}
Aug 07 08:39:49.337267 np0000032200 devstack@g-api.service[82425]: DEBUG glance.common.config [None req-0a20a2aa-6117-419c-8733-f8cdc8b82207 None None] ******************************************************************************** {{(pid=82425) log_opt_values /opt/stack/data/venv/lib/python3.12/site-packages/oslo_config/cfg.py:2804}}
Aug 07 08:39:49.337294 np0000032200 devstack@g-api.service[82426]: DEBUG glance.common.config [None req-188e729b-5ae0-44fc-8d83-1f891b8186c9 None None] logging_default_format_string  = %(color)s%(levelname)s %(name)s [-%(color)s] %(instance)s%(color)s%(message)s {{(pid=82426) log_opt_values /opt/stack/data/venv/lib/python3.12/site-packages/oslo_config/cfg.py:2817}}
Aug 07 08:39:49.337340 np0000032200 devstack@g-api.service[82425]: DEBUG glance.common.config [None req-0a20a2aa-6117-419c-8733-f8cdc8b82207 None None] Configuration options gathered from: {{(pid=82425) log_opt_values /opt/stack/data/venv/lib/python3.12/site-packages/oslo_config/cfg.py:2805}}
Aug 07 08:39:49.337367 np0000032200 devstack@g-api.service[82426]: DEBUG glance.common.config [None req-188e729b-5ae0-44fc-8d83-1f891b8186c9 None None] logging_exception_prefix       = ERROR %(name)s %(instance)s {{(pid=82426) log_opt_values /opt/stack/data/venv/lib/python3.12/site-packages/oslo_config/cfg.py:2817}}
Aug 07 08:39:49.341018 np0000032200 devstack@g-api.service[82426]: DEBUG glance.common.config [None req-188e729b-5ae0-44fc-8d83-1f891b8186c9 None None] logging_user_identity_format   = %(user)s %(project)s %(domain)s %(system_scope)s %(user_domain)s %(project_domain)s {{(pid=82426) log_opt_values /opt/stack/data/venv/lib/python3.12/site-packages/oslo_config/cfg.py:2817}}
Aug 07 08:39:49.341018 np0000032200 devstack@g-api.service[82426]: DEBUG glance.common.config [None req-188e729b-5ae0-44fc-8d83-1f891b8186c9 None None] max_header_line                = 16384 {{(pid=82426) log_opt_values /opt/stack/data/venv/lib/python3.12/site-packages/oslo_config/cfg.py:2817}}
Aug 07 08:39:49.341018 np0000032200 devstack@g-api.service[82426]: DEBUG glance.common.config [None req-188e729b-5ae0-44fc-8d83-1f891b8186c9 None None] max_logfile_count              = 30 {{(pid=82426) log_opt_values /opt/stack/data/venv/lib/python3.12/site-packages/oslo_config/cfg.py:2817}}
