Aug 02 08:12:25.857355 np0000032145 devstack@n-api.service[68841]: DEBUG dbcounter [-] [68841] Writer thread running {{(pid=68841) stat_writer /opt/stack/data/venv/lib/python3.12/site-packages/dbcounter.py:102}}
Aug 02 08:12:25.857581 np0000032145 devstack@n-api.service[68840]: DEBUG oslo_concurrency.lockutils [None req-e1a0f61e-3dad-40ff-9b03-b134f3b49c91 None None] Lock "00000000-0000-0000-0000-000000000000" "released" by "nova.context.set_target_cell.<locals>.get_or_set_cached_cell_and_set_connections" :: held 0.000s {{(pid=68840) inner /opt/stack/data/venv/lib/python3.12/site-packages/oslo_concurrency/lockutils.py:424}}
Aug 02 08:12:25.857908 np0000032145 devstack@n-api.service[68840]: DEBUG oslo_concurrency.lockutils [None req-e1a0f61e-3dad-40ff-9b03-b134f3b49c91 None None] Acquiring lock "8d842e1f-39c4-4165-a698-b2ee40cd8d17" by "nova.context.set_target_cell.<locals>.get_or_set_cached_cell_and_set_connections" {{(pid=68840) inner /opt/stack/data/venv/lib/python3.12/site-packages/oslo_concurrency/lockutils.py:405}}
Aug 02 08:12:25.858038 np0000032145 devstack@n-api.service[68840]: DEBUG oslo_concurrency.lockutils [None req-e1a0f61e-3dad-40ff-9b03-b134f3b49c91 None None] Lock "8d842e1f-39c4-4165-a698-b2ee40cd8d17" acquired by "nova.context.set_target_cell.<locals>.get_or_set_cached_cell_and_set_connections" :: waited 0.000s {{(pid=68840) inner /opt/stack/data/venv/lib/python3.12/site-packages/oslo_concurrency/lockutils.py:410}}
Aug 02 08:12:25.858687 np0000032145 devstack@n-api.service[68840]: DEBUG oslo_concurrency.lockutils [None req-e1a0f61e-3dad-40ff-9b03-b134f3b49c91 None None] Lock "8d842e1f-39c4-4165-a698-b2ee40cd8d17" "released" by "nova.context.set_target_cell.<locals>.get_or_set_cached_cell_and_set_connections" :: held 0.001s {{(pid=68840) inner /opt/stack/data/venv/lib/python3.12/site-packages/oslo_concurrency/lockutils.py:424}}
Aug 02 08:12:25.858925 np0000032145 devstack@n-api.service[68841]: DEBUG nova.context [None req-a142588c-7f70-4837-a7a3-fdf55e5cdcd9 None None] Found 2 cells: 00000000-0000-0000-0000-000000000000(cell0),8d842e1f-39c4-4165-a698-b2ee40cd8d17(cell1) {{(pid=68841) load_cells /opt/stack/nova/nova/context.py:472}}
Aug 02 08:12:25.859113 np0000032145 devstack@n-api.service[68841]: INFO nova.utils [None req-a142588c-7f70-4837-a7a3-fdf55e5cdcd9 None None] The cell worker thread pool MainProcess.cell_worker is initialized
Aug 02 08:12:25.859783 np0000032145 devstack@n-api.service[68840]: INFO dbcounter [None req-e1a0f61e-3dad-40ff-9b03-b134f3b49c91 None None] Registered counter for database nova_cell0
Aug 02 08:12:25.860490 np0000032145 devstack@n-api.service[68841]: DEBUG oslo_concurrency.lockutils [None req-a142588c-7f70-4837-a7a3-fdf55e5cdcd9 None None] Acquiring lock "00000000-0000-0000-0000-000000000000" by "nova.context.set_target_cell.<locals>.get_or_set_cached_cell_and_set_connections" {{(pid=68841) inner /opt/stack/data/venv/lib/python3.12/site-packages/oslo_concurrency/lockutils.py:405}}
Aug 02 08:12:25.860661 np0000032145 devstack@n-api.service[68841]: DEBUG oslo_concurrency.lockutils [None req-a142588c-7f70-4837-a7a3-fdf55e5cdcd9 None None] Lock "00000000-0000-0000-0000-000000000000" acquired by "nova.context.set_target_cell.<locals>.get_or_set_cached_cell_and_set_connections" :: waited 0.000s {{(pid=68841) inner /opt/stack/data/venv/lib/python3.12/site-packages/oslo_concurrency/lockutils.py:410}}
Aug 02 08:12:25.860972 np0000032145 devstack@n-api.service[68841]: DEBUG oslo_concurrency.lockutils [None req-a142588c-7f70-4837-a7a3-fdf55e5cdcd9 None None] Lock "00000000-0000-0000-0000-000000000000" "released" by "nova.context.set_target_cell.<locals>.get_or_set_cached_cell_and_set_connections" :: held 0.000s {{(pid=68841) inner /opt/stack/data/venv/lib/python3.12/site-packages/oslo_concurrency/lockutils.py:424}}
Aug 02 08:12:25.861292 np0000032145 devstack@n-api.service[68841]: DEBUG oslo_concurrency.lockutils [None req-a142588c-7f70-4837-a7a3-fdf55e5cdcd9 None None] Acquiring lock "8d842e1f-39c4-4165-a698-b2ee40cd8d17" by "nova.context.set_target_cell.<locals>.get_or_set_cached_cell_and_set_connections" {{(pid=68841) inner /opt/stack/data/venv/lib/python3.12/site-packages/oslo_concurrency/lockutils.py:405}}
Aug 02 08:12:25.861444 np0000032145 devstack@n-api.service[68841]: DEBUG oslo_concurrency.lockutils [None req-a142588c-7f70-4837-a7a3-fdf55e5cdcd9 None None] Lock "8d842e1f-39c4-4165-a698-b2ee40cd8d17" acquired by "nova.context.set_target_cell.<locals>.get_or_set_cached_cell_and_set_connections" :: waited 0.000s {{(pid=68841) inner /opt/stack/data/venv/lib/python3.12/site-packages/oslo_concurrency/lockutils.py:410}}
Aug 02 08:12:25.861576 np0000032145 devstack@n-api.service[68840]: INFO dbcounter [None req-e1a0f61e-3dad-40ff-9b03-b134f3b49c91 None None] Registered counter for database nova_cell1
Aug 02 08:12:25.862110 np0000032145 devstack@n-api.service[68841]: DEBUG oslo_concurrency.lockutils [None req-a142588c-7f70-4837-a7a3-fdf55e5cdcd9 None None] Lock "8d842e1f-39c4-4165-a698-b2ee40cd8d17" "released" by "nova.context.set_target_cell.<locals>.get_or_set_cached_cell_and_set_connections" :: held 0.001s {{(pid=68841) inner /opt/stack/data/venv/lib/python3.12/site-packages/oslo_concurrency/lockutils.py:424}}
Aug 02 08:12:25.863208 np0000032145 devstack@n-api.service[68841]: INFO dbcounter [None req-a142588c-7f70-4837-a7a3-fdf55e5cdcd9 None None] Registered counter for database nova_cell0
Aug 02 08:12:25.864315 np0000032145 devstack@n-api.service[68840]: DEBUG oslo_db.sqlalchemy.engines [None req-e1a0f61e-3dad-40ff-9b03-b134f3b49c91 None None] MySQL server mode set to STRICT_TRANS_TABLES,STRICT_ALL_TABLES,NO_ZERO_IN_DATE,NO_ZERO_DATE,ERROR_FOR_DIVISION_BY_ZERO,TRADITIONAL,NO_ENGINE_SUBSTITUTION {{(pid=68840) _check_effective_sql_mode /opt/stack/data/venv/lib/python3.12/site-packages/oslo_db/sqlalchemy/engines.py:397}}
Aug 02 08:12:25.865019 np0000032145 devstack@n-api.service[68841]: INFO dbcounter [None req-a142588c-7f70-4837-a7a3-fdf55e5cdcd9 None None] Registered counter for database nova_cell1
Aug 02 08:12:25.866374 np0000032145 devstack@n-api.service[68840]: DEBUG oslo_db.sqlalchemy.engines [None req-e1a0f61e-3dad-40ff-9b03-b134f3b49c91 None None] MySQL server mode set to STRICT_TRANS_TABLES,STRICT_ALL_TABLES,NO_ZERO_IN_DATE,NO_ZERO_DATE,ERROR_FOR_DIVISION_BY_ZERO,TRADITIONAL,NO_ENGINE_SUBSTITUTION {{(pid=68840) _check_effective_sql_mode /opt/stack/data/venv/lib/python3.12/site-packages/oslo_db/sqlalchemy/engines.py:397}}
Aug 02 08:12:25.868834 np0000032145 devstack@n-api.service[68841]: DEBUG oslo_db.sqlalchemy.engines [None req-a142588c-7f70-4837-a7a3-fdf55e5cdcd9 None None] MySQL server mode set to STRICT_TRANS_TABLES,STRICT_ALL_TABLES,NO_ZERO_IN_DATE,NO_ZERO_DATE,ERROR_FOR_DIVISION_BY_ZERO,TRADITIONAL,NO_ENGINE_SUBSTITUTION {{(pid=68841) _check_effective_sql_mode /opt/stack/data/venv/lib/python3.12/site-packages/oslo_db/sqlalchemy/engines.py:397}}
Aug 02 08:12:25.928348 np0000032145 devstack@n-api.service[68841]: DEBUG oslo_db.sqlalchemy.engines [None req-a142588c-7f70-4837-a7a3-fdf55e5cdcd9 None None] MySQL server mode set to STRICT_TRANS_TABLES,STRICT_ALL_TABLES,NO_ZERO_IN_DATE,NO_ZERO_DATE,ERROR_FOR_DIVISION_BY_ZERO,TRADITIONAL,NO_ENGINE_SUBSTITUTION {{(pid=68841) _check_effective_sql_mode /opt/stack/data/venv/lib/python3.12/site-packages/oslo_db/sqlalchemy/engines.py:397}}
Aug 02 08:12:25.928667 np0000032145 devstack@n-api.service[68841]: DEBUG dbcounter [-] [68841] Writer thread running {{(pid=68841) stat_writer /opt/stack/data/venv/lib/python3.12/site-packages/dbcounter.py:102}}
Aug 02 08:12:25.929210 np0000032145 devstack@n-api.service[68840]: DEBUG dbcounter [-] [68840] Writer thread running {{(pid=68840) stat_writer /opt/stack/data/venv/lib/python3.12/site-packages/dbcounter.py:102}}
Aug 02 08:12:25.929356 np0000032145 devstack@n-api.service[68840]: DEBUG dbcounter [-] [68840] Writer thread running {{(pid=68840) stat_writer /opt/stack/data/venv/lib/python3.12/site-packages/dbcounter.py:102}}
Aug 02 08:12:25.931704 np0000032145 devstack@n-api.service[68840]: INFO dbcounter [None req-e1a0f61e-3dad-40ff-9b03-b134f3b49c91 None None] Registered counter for database nova_cell0
Aug 02 08:12:25.932100 np0000032145 devstack@n-api.service[68841]: DEBUG dbcounter [-] [68841] Writer thread running {{(pid=68841) stat_writer /opt/stack/data/venv/lib/python3.12/site-packages/dbcounter.py:102}}
Aug 02 08:12:25.933923 np0000032145 devstack@n-api.service[68841]: INFO dbcounter [None req-a142588c-7f70-4837-a7a3-fdf55e5cdcd9 None None] Registered counter for database nova_cell0
Aug 02 08:12:25.935563 np0000032145 devstack@n-api.service[68840]: DEBUG oslo_db.sqlalchemy.engines [None req-e1a0f61e-3dad-40ff-9b03-b134f3b49c91 None None] MySQL server mode set to STRICT_TRANS_TABLES,STRICT_ALL_TABLES,NO_ZERO_IN_DATE,NO_ZERO_DATE,ERROR_FOR_DIVISION_BY_ZERO,TRADITIONAL,NO_ENGINE_SUBSTITUTION {{(pid=68840) _check_effective_sql_mode /opt/stack/data/venv/lib/python3.12/site-packages/oslo_db/sqlalchemy/engines.py:397}}
Aug 02 08:12:25.938704 np0000032145 devstack@n-api.service[68841]: DEBUG oslo_db.sqlalchemy.engines [None req-a142588c-7f70-4837-a7a3-fdf55e5cdcd9 None None] MySQL server mode set to STRICT_TRANS_TABLES,STRICT_ALL_TABLES,NO_ZERO_IN_DATE,NO_ZERO_DATE,ERROR_FOR_DIVISION_BY_ZERO,TRADITIONAL,NO_ENGINE_SUBSTITUTION {{(pid=68841) _check_effective_sql_mode /opt/stack/data/venv/lib/python3.12/site-packages/oslo_db/sqlalchemy/engines.py:397}}
Aug 02 08:12:25.939280 np0000032145 devstack@n-api.service[68840]: DEBUG dbcounter [-] [68840] Writer thread running {{(pid=68840) stat_writer /opt/stack/data/venv/lib/python3.12/site-packages/dbcounter.py:102}}
Aug 02 08:12:25.942260 np0000032145 devstack@n-api.service[68841]: DEBUG dbcounter [-] [68841] Writer thread running {{(pid=68841) stat_writer /opt/stack/data/venv/lib/python3.12/site-packages/dbcounter.py:102}}
Aug 02 08:12:26.281040 np0000032145 devstack@n-api.service[68841]: DEBUG oslo_concurrency.processutils [None req-a142588c-7f70-4837-a7a3-fdf55e5cdcd9 None None] Running cmd (subprocess): grep -F node.session.scan /sbin/iscsiadm {{(pid=68841) execute /opt/stack/data/venv/lib/python3.12/site-packages/oslo_concurrency/processutils.py:349}}
Aug 02 08:12:26.284817 np0000032145 devstack@n-api.service[68840]: DEBUG oslo_concurrency.processutils [None req-e1a0f61e-3dad-40ff-9b03-b134f3b49c91 None None] Running cmd (subprocess): grep -F node.session.scan /sbin/iscsiadm {{(pid=68840) execute /opt/stack/data/venv/lib/python3.12/site-packages/oslo_concurrency/processutils.py:349}}
Aug 02 08:12:26.288217 np0000032145 devstack@n-api.service[68841]: DEBUG oslo_concurrency.processutils [None req-a142588c-7f70-4837-a7a3-fdf55e5cdcd9 None None] CMD "grep -F node.session.scan /sbin/iscsiadm" returned: 0 in 0.007s {{(pid=68841) execute /opt/stack/data/venv/lib/python3.12/site-packages/oslo_concurrency/processutils.py:372}}
Aug 02 08:12:26.291798 np0000032145 devstack@n-api.service[68840]: DEBUG oslo_concurrency.processutils [None req-e1a0f61e-3dad-40ff-9b03-b134f3b49c91 None None] CMD "grep -F node.session.scan /sbin/iscsiadm" returned: 0 in 0.007s {{(pid=68840) execute /opt/stack/data/venv/lib/python3.12/site-packages/oslo_concurrency/processutils.py:372}}
Aug 02 08:12:26.576354 np0000032145 devstack@n-api.service[68840]: WARNING keystonemiddleware.auth_token [None req-e1a0f61e-3dad-40ff-9b03-b134f3b49c91 None None] AuthToken middleware is set with keystone_authtoken.service_token_roles_required set to False. This is backwards compatible but deprecated behaviour. Please set this to True.
Aug 02 08:12:26.576515 np0000032145 devstack@n-api.service[68841]: WARNING keystonemiddleware.auth_token [None req-a142588c-7f70-4837-a7a3-fdf55e5cdcd9 None None] AuthToken middleware is set with keystone_authtoken.service_token_roles_required set to False. This is backwards compatible but deprecated behaviour. Please set this to True.
Aug 02 08:12:26.579636 np0000032145 devstack@n-api.service[68840]: WARNING keystonemiddleware.auth_token [None req-e1a0f61e-3dad-40ff-9b03-b134f3b49c91 None None] Configuring www_authenticate_uri to point to the public identity endpoint is required; clients may not be able to authenticate against an admin endpoint
Aug 02 08:12:26.579781 np0000032145 devstack@n-api.service[68841]: WARNING keystonemiddleware.auth_token [None req-a142588c-7f70-4837-a7a3-fdf55e5cdcd9 None None] Configuring www_authenticate_uri to point to the public identity endpoint is required; clients may not be able to authenticate against an admin endpoint
Aug 02 08:12:26.732763 np0000032145 devstack@n-api.service[68840]: WARNING keystonemiddleware.auth_token [None req-e1a0f61e-3dad-40ff-9b03-b134f3b49c91 None None] AuthToken middleware is set with keystone_authtoken.service_token_roles_required set to False. This is backwards compatible but deprecated behaviour. Please set this to True.
Aug 02 08:12:26.732981 np0000032145 devstack@n-api.service[68841]: WARNING keystonemiddleware.auth_token [None req-a142588c-7f70-4837-a7a3-fdf55e5cdcd9 None None] AuthToken middleware is set with keystone_authtoken.service_token_roles_required set to False. This is backwards compatible but deprecated behaviour. Please set this to True.
Aug 02 08:12:26.735215 np0000032145 devstack@n-api.service[68840]: WARNING keystonemiddleware.auth_token [None req-e1a0f61e-3dad-40ff-9b03-b134f3b49c91 None None] Configuring www_authenticate_uri to point to the public identity endpoint is required; clients may not be able to authenticate against an admin endpoint
Aug 02 08:12:26.735253 np0000032145 devstack@n-api.service[68841]: WARNING keystonemiddleware.auth_token [None req-a142588c-7f70-4837-a7a3-fdf55e5cdcd9 None None] Configuring www_authenticate_uri to point to the public identity endpoint is required; clients may not be able to authenticate against an admin endpoint
Aug 02 08:12:26.737055 np0000032145 devstack@n-api.service[68840]: WSGI app 0 (mountpoint='') ready in 2 seconds on interpreter 0x70712daa39e8 pid: 68840 (default app)
Aug 02 08:12:26.737081 np0000032145 devstack@n-api.service[68841]: WSGI app 0 (mountpoint='') ready in 2 seconds on interpreter 0x70712daa39e8 pid: 68841 (default app)
Aug 02 08:12:26.737961 np0000032145 devstack@n-api.service[68841]: DEBUG nova.api.openstack.wsgi [None req-a142588c-7f70-4837-a7a3-fdf55e5cdcd9 None None] Calling method '<bound method VersionsV2.index of <nova.api.openstack.compute.versions.VersionsV2 object at 0x707127326870>>' {{(pid=68841) _process_stack /opt/stack/nova/nova/api/openstack/wsgi.py:552}}
Aug 02 08:12:26.740521 np0000032145 devstack@n-api.service[68841]: INFO nova.api.openstack.requestlog [None req-a142588c-7f70-4837-a7a3-fdf55e5cdcd9 None None] 192.168.1.134 "GET /compute/v2.1/" status: 200 len: 391 microversion: 2.1 time: 0.002740
Aug 02 08:12:26.740842 np0000032145 devstack@n-api.service[68841]: [pid: 68841|app: 0|req: 1/1] 192.168.1.134 () {50 vars in 771 bytes} [Sat Aug  2 08:12:26 2025] GET /compute/v2.1/ => generated 391 bytes in 3 msecs (HTTP/1.1 200) 9 headers in 357 bytes (1 switches on core 0)
Aug 02 08:13:00.625392 np0000032145 devstack@n-api.service[68840]: DEBUG nova.api.openstack.wsgi [None req-e1a0f61e-3dad-40ff-9b03-b134f3b49c91 None None] Calling method '<bound method VersionsV2.index of <nova.api.openstack.compute.versions.VersionsV2 object at 0x7071273b58b0>>' {{(pid=68840) _process_stack /opt/stack/nova/nova/api/openstack/wsgi.py:552}}
Aug 02 08:13:00.628520 np0000032145 devstack@n-api.service[68840]: INFO nova.api.openstack.requestlog [None req-e1a0f61e-3dad-40ff-9b03-b134f3b49c91 None None] 192.168.1.134 "GET /compute/v2.1" status: 200 len: 392 microversion: 2.1 time: 0.003671
Aug 02 08:13:00.628706 np0000032145 devstack@n-api.service[68840]: [pid: 68840|app: 0|req: 1/2] 192.168.1.134 () {62 vars in 1056 bytes} [Sat Aug  2 08:13:00 2025] GET /compute/v2.1 => generated 392 bytes in 4 msecs (HTTP/1.1 200) 9 headers in 357 bytes (1 switches on core 0)
Aug 02 08:13:00.638031 np0000032145 devstack@n-api.service[68841]: DEBUG dbcounter [-] [68841] Writing DB stats nova_api:SELECT=1 {{(pid=68841) stat_writer /opt/stack/data/venv/lib/python3.12/site-packages/dbcounter.py:115}}
Aug 02 08:13:00.638664 np0000032145 devstack@n-api.service[68841]: DEBUG dbcounter [-] [68841] Writing DB stats nova_cell0:SELECT=1 {{(pid=68841) stat_writer /opt/stack/data/venv/lib/python3.12/site-packages/dbcounter.py:115}}
Aug 02 08:13:00.638992 np0000032145 devstack@n-api.service[68841]: DEBUG dbcounter [-] [68841] Writing DB stats nova_cell1:SELECT=1 {{(pid=68841) stat_writer /opt/stack/data/venv/lib/python3.12/site-packages/dbcounter.py:115}}
Aug 02 08:13:00.639294 np0000032145 devstack@n-api.service[68841]: DEBUG dbcounter [-] [68841] Writing DB stats nova_cell0:SELECT=2,nova_cell0:INSERT=1 {{(pid=68841) stat_writer /opt/stack/data/venv/lib/python3.12/site-packages/dbcounter.py:115}}
Aug 02 08:13:00.751122 np0000032145 devstack@n-api.service[68841]: DEBUG nova.api.openstack.wsgi [None req-201114f1-d15c-4859-847b-bb81a60b9e12 admin admin] Calling method '<bound method FlavorsController.detail of <nova.api.openstack.compute.flavors.FlavorsController object at 0x707126c5a540>>' {{(pid=68841) _process_stack /opt/stack/nova/nova/api/openstack/wsgi.py:552}}
Aug 02 08:13:00.767358 np0000032145 devstack@n-api.service[68841]: INFO nova.api.openstack.requestlog [None req-201114f1-d15c-4859-847b-bb81a60b9e12 admin admin] 192.168.1.134 "GET /compute/v2.1/flavors/detail?is_public=True" status: 200 len: 15 microversion: 2.61 time: 0.133165
Aug 02 08:13:00.767597 np0000032145 devstack@n-api.service[68841]: [pid: 68841|app: 0|req: 2/3] 192.168.1.134 () {68 vars in 1417 bytes} [Sat Aug  2 08:13:00 2025] GET /compute/v2.1/flavors/detail?is_public=True => generated 15 bytes in 134 msecs (HTTP/1.1 200) 9 headers in 358 bytes (1 switches on core 0)
Aug 02 08:13:00.846272 np0000032145 devstack@n-api.service[68840]: DEBUG dbcounter [-] [68840] Writing DB stats nova_api:SELECT=1 {{(pid=68840) stat_writer /opt/stack/data/venv/lib/python3.12/site-packages/dbcounter.py:115}}
Aug 02 08:13:00.846903 np0000032145 devstack@n-api.service[68840]: DEBUG dbcounter [-] [68840] Writing DB stats nova_cell1:SELECT=1 {{(pid=68840) stat_writer /opt/stack/data/venv/lib/python3.12/site-packages/dbcounter.py:115}}
Aug 02 08:13:00.847238 np0000032145 devstack@n-api.service[68840]: DEBUG dbcounter [-] [68840] Writing DB stats nova_cell0:SELECT=1 {{(pid=68840) stat_writer /opt/stack/data/venv/lib/python3.12/site-packages/dbcounter.py:115}}
Aug 02 08:13:00.847590 np0000032145 devstack@n-api.service[68840]: DEBUG dbcounter [-] [68840] Writing DB stats nova_cell0:SELECT=2,nova_cell0:INSERT=1 {{(pid=68840) stat_writer /opt/stack/data/venv/lib/python3.12/site-packages/dbcounter.py:115}}
Aug 02 08:13:00.905403 np0000032145 devstack@n-api.service[68840]: DEBUG nova.api.openstack.wsgi [None req-3989aea4-47b0-451f-998e-1bfa1d110fc9 admin admin] Action: 'create', calling method: <bound method FlavorsController.create of <nova.api.openstack.compute.flavors.FlavorsController object at 0x707126c5e540>>, body: {"flavor": {"swap": 0, "name": "cirros256", "id": "c1", "disk": 1, "os-flavor-access:is_public": true, "rxtx_factor": 1.0, "ram": 256, "OS-FLV-EXT-DATA:ephemeral": 0, "vcpus": 1}} {{(pid=68840) _process_stack /opt/stack/nova/nova/api/openstack/wsgi.py:550}}
Aug 02 08:13:00.933605 np0000032145 devstack@n-api.service[68840]: INFO nova.api.openstack.requestlog [None req-3989aea4-47b0-451f-998e-1bfa1d110fc9 admin admin] 192.168.1.134 "POST /compute/v2.1/flavors" status: 200 len: 413 microversion: 2.61 time: 0.090634
Aug 02 08:13:00.933866 np0000032145 devstack@n-api.service[68840]: [pid: 68840|app: 0|req: 2/4] 192.168.1.134 () {72 vars in 1408 bytes} [Sat Aug  2 08:13:00 2025] POST /compute/v2.1/flavors => generated 413 bytes in 91 msecs (HTTP/1.1 200) 9 headers in 359 bytes (1 switches on core 0)
Aug 02 08:13:00.945412 np0000032145 devstack@n-api.service[68841]: DEBUG nova.api.openstack.wsgi [None req-6b175c62-7552-4656-b80a-a10fe1201125 admin admin] Action: 'create', calling method: <bound method FlavorExtraSpecsController.create of <nova.api.openstack.compute.flavors_extraspecs.FlavorExtraSpecsController object at 0x707126c5ac90>>, body: {"extra_specs": {"hw_rng:allowed": "True"}} {{(pid=68841) _process_stack /opt/stack/nova/nova/api/openstack/wsgi.py:550}}
Aug 02 08:13:00.968450 np0000032145 devstack@n-api.service[68841]: INFO nova.api.openstack.requestlog [None req-6b175c62-7552-4656-b80a-a10fe1201125 admin admin] 192.168.1.134 "POST /compute/v2.1/flavors/c1/os-extra_specs" status: 200 len: 43 microversion: 2.61 time: 0.025031
Aug 02 08:13:00.968693 np0000032145 devstack@n-api.service[68841]: [pid: 68841|app: 0|req: 3/5] 192.168.1.134 () {72 vars in 1461 bytes} [Sat Aug  2 08:13:00 2025] POST /compute/v2.1/flavors/c1/os-extra_specs => generated 43 bytes in 25 msecs (HTTP/1.1 200) 9 headers in 358 bytes (1 switches on core 0)
Aug 02 08:13:01.045349 np0000032145 devstack@n-api.service[68840]: DEBUG nova.api.openstack.wsgi [None req-069b2c19-db0e-4b85-b203-49b719abfe15 admin admin] Action: 'create', calling method: <bound method FlavorsController.create of <nova.api.openstack.compute.flavors.FlavorsController object at 0x707126c5e540>>, body: {"flavor": {"swap": 0, "name": "ds512M", "id": "d1", "disk": 5, "os-flavor-access:is_public": true, "rxtx_factor": 1.0, "ram": 512, "OS-FLV-EXT-DATA:ephemeral": 0, "vcpus": 1}} {{(pid=68840) _process_stack /opt/stack/nova/nova/api/openstack/wsgi.py:550}}
Aug 02 08:13:01.057987 np0000032145 devstack@n-api.service[68840]: INFO nova.api.openstack.requestlog [None req-069b2c19-db0e-4b85-b203-49b719abfe15 admin admin] 192.168.1.134 "POST /compute/v2.1/flavors" status: 200 len: 410 microversion: 2.61 time: 0.014921
Aug 02 08:13:01.058249 np0000032145 devstack@n-api.service[68840]: [pid: 68840|app: 0|req: 3/6] 192.168.1.134 () {72 vars in 1408 bytes} [Sat Aug  2 08:13:01 2025] POST /compute/v2.1/flavors => generated 410 bytes in 15 msecs (HTTP/1.1 200) 9 headers in 359 bytes (1 switches on core 0)
Aug 02 08:13:01.066032 np0000032145 devstack@n-api.service[68841]: DEBUG nova.api.openstack.wsgi [None req-67e80f32-f60d-48f0-a117-ff0bc31097a4 admin admin] Action: 'create', calling method: <bound method FlavorExtraSpecsController.create of <nova.api.openstack.compute.flavors_extraspecs.FlavorExtraSpecsController object at 0x707126c5ac90>>, body: {"extra_specs": {"hw_rng:allowed": "True"}} {{(pid=68841) _process_stack /opt/stack/nova/nova/api/openstack/wsgi.py:550}}
Aug 02 08:13:01.082955 np0000032145 devstack@n-api.service[68841]: INFO nova.api.openstack.requestlog [None req-67e80f32-f60d-48f0-a117-ff0bc31097a4 admin admin] 192.168.1.134 "POST /compute/v2.1/flavors/d1/os-extra_specs" status: 200 len: 43 microversion: 2.61 time: 0.018558
Aug 02 08:13:01.083217 np0000032145 devstack@n-api.service[68841]: [pid: 68841|app: 0|req: 4/7] 192.168.1.134 () {72 vars in 1461 bytes} [Sat Aug  2 08:13:01 2025] POST /compute/v2.1/flavors/d1/os-extra_specs => generated 43 bytes in 19 msecs (HTTP/1.1 200) 9 headers in 358 bytes (1 switches on core 0)
Aug 02 08:13:01.159508 np0000032145 devstack@n-api.service[68840]: DEBUG nova.api.openstack.wsgi [None req-1982d6d6-0580-4d6f-9fe4-92fcfd133565 admin admin] Action: 'create', calling method: <bound method FlavorsController.create of <nova.api.openstack.compute.flavors.FlavorsController object at 0x707126c5e540>>, body: {"flavor": {"swap": 0, "name": "ds1G", "id": "d2", "disk": 10, "os-flavor-access:is_public": true, "rxtx_factor": 1.0, "ram": 1024, "OS-FLV-EXT-DATA:ephemeral": 0, "vcpus": 1}} {{(pid=68840) _process_stack /opt/stack/nova/nova/api/openstack/wsgi.py:550}}
Aug 02 08:13:01.173089 np0000032145 devstack@n-api.service[68840]: INFO nova.api.openstack.requestlog [None req-1982d6d6-0580-4d6f-9fe4-92fcfd133565 admin admin] 192.168.1.134 "POST /compute/v2.1/flavors" status: 200 len: 410 microversion: 2.61 time: 0.015052
Aug 02 08:13:01.173318 np0000032145 devstack@n-api.service[68840]: [pid: 68840|app: 0|req: 4/8] 192.168.1.134 () {72 vars in 1408 bytes} [Sat Aug  2 08:13:01 2025] POST /compute/v2.1/flavors => generated 410 bytes in 15 msecs (HTTP/1.1 200) 9 headers in 359 bytes (1 switches on core 0)
Aug 02 08:13:01.181487 np0000032145 devstack@n-api.service[68841]: DEBUG nova.api.openstack.wsgi [None req-a8a87257-6f1e-400f-ab3b-5c40bdc4b0c6 admin admin] Action: 'create', calling method: <bound method FlavorExtraSpecsController.create of <nova.api.openstack.compute.flavors_extraspecs.FlavorExtraSpecsController object at 0x707126c5ac90>>, body: {"extra_specs": {"hw_rng:allowed": "True"}} {{(pid=68841) _process_stack /opt/stack/nova/nova/api/openstack/wsgi.py:550}}
Aug 02 08:13:01.196547 np0000032145 devstack@n-api.service[68841]: INFO nova.api.openstack.requestlog [None req-a8a87257-6f1e-400f-ab3b-5c40bdc4b0c6 admin admin] 192.168.1.134 "POST /compute/v2.1/flavors/d2/os-extra_specs" status: 200 len: 43 microversion: 2.61 time: 0.016906
Aug 02 08:13:01.196791 np0000032145 devstack@n-api.service[68841]: [pid: 68841|app: 0|req: 5/9] 192.168.1.134 () {72 vars in 1461 bytes} [Sat Aug  2 08:13:01 2025] POST /compute/v2.1/flavors/d2/os-extra_specs => generated 43 bytes in 17 msecs (HTTP/1.1 200) 9 headers in 358 bytes (1 switches on core 0)
Aug 02 08:13:01.270691 np0000032145 devstack@n-api.service[68840]: DEBUG nova.api.openstack.wsgi [None req-74c25b78-4389-476e-8cd2-bb289f14b1d6 admin admin] Action: 'create', calling method: <bound method FlavorsController.create of <nova.api.openstack.compute.flavors.FlavorsController object at 0x707126c5e540>>, body: {"flavor": {"swap": 0, "name": "ds2G", "id": "d3", "disk": 10, "os-flavor-access:is_public": true, "rxtx_factor": 1.0, "ram": 2048, "OS-FLV-EXT-DATA:ephemeral": 0, "vcpus": 2}} {{(pid=68840) _process_stack /opt/stack/nova/nova/api/openstack/wsgi.py:550}}
Aug 02 08:13:01.280393 np0000032145 devstack@n-api.service[68840]: INFO nova.api.openstack.requestlog [None req-74c25b78-4389-476e-8cd2-bb289f14b1d6 admin admin] 192.168.1.134 "POST /compute/v2.1/flavors" status: 200 len: 410 microversion: 2.61 time: 0.011190
Aug 02 08:13:01.280617 np0000032145 devstack@n-api.service[68840]: [pid: 68840|app: 0|req: 5/10] 192.168.1.134 () {72 vars in 1408 bytes} [Sat Aug  2 08:13:01 2025] POST /compute/v2.1/flavors => generated 410 bytes in 11 msecs (HTTP/1.1 200) 9 headers in 359 bytes (1 switches on core 0)
Aug 02 08:13:01.287538 np0000032145 devstack@n-api.service[68841]: DEBUG nova.api.openstack.wsgi [None req-3117e036-1347-4bc4-9937-0b2afa9a402c admin admin] Action: 'create', calling method: <bound method FlavorExtraSpecsController.create of <nova.api.openstack.compute.flavors_extraspecs.FlavorExtraSpecsController object at 0x707126c5ac90>>, body: {"extra_specs": {"hw_rng:allowed": "True"}} {{(pid=68841) _process_stack /opt/stack/nova/nova/api/openstack/wsgi.py:550}}
Aug 02 08:13:01.298854 np0000032145 devstack@n-api.service[68841]: INFO nova.api.openstack.requestlog [None req-3117e036-1347-4bc4-9937-0b2afa9a402c admin admin] 192.168.1.134 "POST /compute/v2.1/flavors/d3/os-extra_specs" status: 200 len: 43 microversion: 2.61 time: 0.012788
Aug 02 08:13:01.299085 np0000032145 devstack@n-api.service[68841]: [pid: 68841|app: 0|req: 6/11] 192.168.1.134 () {72 vars in 1461 bytes} [Sat Aug  2 08:13:01 2025] POST /compute/v2.1/flavors/d3/os-extra_specs => generated 43 bytes in 13 msecs (HTTP/1.1 200) 9 headers in 358 bytes (1 switches on core 0)
Aug 02 08:13:01.376529 np0000032145 devstack@n-api.service[68840]: DEBUG nova.api.openstack.wsgi [None req-82ccfbed-4926-4163-90c8-188849050257 admin admin] Action: 'create', calling method: <bound method FlavorsController.create of <nova.api.openstack.compute.flavors.FlavorsController object at 0x707126c5e540>>, body: {"flavor": {"swap": 0, "name": "ds4G", "id": "d4", "disk": 20, "os-flavor-access:is_public": true, "rxtx_factor": 1.0, "ram": 4096, "OS-FLV-EXT-DATA:ephemeral": 0, "vcpus": 4}} {{(pid=68840) _process_stack /opt/stack/nova/nova/api/openstack/wsgi.py:550}}
Aug 02 08:13:01.391234 np0000032145 devstack@n-api.service[68840]: INFO nova.api.openstack.requestlog [None req-82ccfbed-4926-4163-90c8-188849050257 admin admin] 192.168.1.134 "POST /compute/v2.1/flavors" status: 200 len: 410 microversion: 2.61 time: 0.016250
Aug 02 08:13:01.391491 np0000032145 devstack@n-api.service[68840]: [pid: 68840|app: 0|req: 6/12] 192.168.1.134 () {72 vars in 1408 bytes} [Sat Aug  2 08:13:01 2025] POST /compute/v2.1/flavors => generated 410 bytes in 17 msecs (HTTP/1.1 200) 9 headers in 359 bytes (1 switches on core 0)
Aug 02 08:13:01.399500 np0000032145 devstack@n-api.service[68841]: DEBUG nova.api.openstack.wsgi [None req-00d728db-3d97-41e8-92e3-1394e0275ef4 admin admin] Action: 'create', calling method: <bound method FlavorExtraSpecsController.create of <nova.api.openstack.compute.flavors_extraspecs.FlavorExtraSpecsController object at 0x707126c5ac90>>, body: {"extra_specs": {"hw_rng:allowed": "True"}} {{(pid=68841) _process_stack /opt/stack/nova/nova/api/openstack/wsgi.py:550}}
Aug 02 08:13:01.410607 np0000032145 devstack@n-api.service[68841]: INFO nova.api.openstack.requestlog [None req-00d728db-3d97-41e8-92e3-1394e0275ef4 admin admin] 192.168.1.134 "POST /compute/v2.1/flavors/d4/os-extra_specs" status: 200 len: 43 microversion: 2.61 time: 0.012551
Aug 02 08:13:01.410864 np0000032145 devstack@n-api.service[68841]: [pid: 68841|app: 0|req: 7/13] 192.168.1.134 () {72 vars in 1461 bytes} [Sat Aug  2 08:13:01 2025] POST /compute/v2.1/flavors/d4/os-extra_specs => generated 43 bytes in 13 msecs (HTTP/1.1 200) 9 headers in 358 bytes (1 switches on core 0)
Aug 02 08:13:01.486055 np0000032145 devstack@n-api.service[68840]: DEBUG nova.api.openstack.wsgi [None req-43c03d0a-5a5b-4284-8260-229738b5c5c2 admin admin] Calling method '<bound method FlavorsController.detail of <nova.api.openstack.compute.flavors.FlavorsController object at 0x707126c5e690>>' {{(pid=68840) _process_stack /opt/stack/nova/nova/api/openstack/wsgi.py:552}}
Aug 02 08:13:01.500677 np0000032145 devstack@n-api.service[68840]: INFO nova.api.openstack.requestlog [None req-43c03d0a-5a5b-4284-8260-229738b5c5c2 admin admin] 192.168.1.134 "GET /compute/v2.1/flavors/detail?is_public=True" status: 200 len: 2136 microversion: 2.61 time: 0.016080
Aug 02 08:13:01.500893 np0000032145 devstack@n-api.service[68840]: [pid: 68840|app: 0|req: 7/14] 192.168.1.134 () {68 vars in 1417 bytes} [Sat Aug  2 08:13:01 2025] GET /compute/v2.1/flavors/detail?is_public=True => generated 2136 bytes in 16 msecs (HTTP/1.1 200) 9 headers in 360 bytes (1 switches on core 0)
Aug 02 08:13:01.602892 np0000032145 devstack@n-api.service[68841]: DEBUG nova.api.openstack.wsgi [None req-36d365a2-eab5-41e9-b4ae-e16b27646107 admin admin] Action: 'create', calling method: <bound method FlavorsController.create of <nova.api.openstack.compute.flavors.FlavorsController object at 0x707126c5a3f0>>, body: {"flavor": {"swap": 0, "name": "m1.tiny", "id": "1", "disk": 1, "os-flavor-access:is_public": true, "rxtx_factor": 1.0, "ram": 512, "OS-FLV-EXT-DATA:ephemeral": 0, "vcpus": 1}} {{(pid=68841) _process_stack /opt/stack/nova/nova/api/openstack/wsgi.py:550}}
Aug 02 08:13:01.628412 np0000032145 devstack@n-api.service[68841]: INFO nova.api.openstack.requestlog [None req-36d365a2-eab5-41e9-b4ae-e16b27646107 admin admin] 192.168.1.134 "POST /compute/v2.1/flavors" status: 200 len: 408 microversion: 2.61 time: 0.027291
Aug 02 08:13:01.628412 np0000032145 devstack@n-api.service[68841]: [pid: 68841|app: 0|req: 8/15] 192.168.1.134 () {72 vars in 1408 bytes} [Sat Aug  2 08:13:01 2025] POST /compute/v2.1/flavors => generated 408 bytes in 28 msecs (HTTP/1.1 200) 9 headers in 359 bytes (1 switches on core 0)
Aug 02 08:13:01.640736 np0000032145 devstack@n-api.service[68840]: DEBUG nova.api.openstack.wsgi [None req-136fa848-4a73-4bb7-930c-73679357e987 admin admin] Action: 'create', calling method: <bound method FlavorExtraSpecsController.create of <nova.api.openstack.compute.flavors_extraspecs.FlavorExtraSpecsController object at 0x707126c5ede0>>, body: {"extra_specs": {"hw_rng:allowed": "True"}} {{(pid=68840) _process_stack /opt/stack/nova/nova/api/openstack/wsgi.py:550}}
Aug 02 08:13:01.667439 np0000032145 devstack@n-api.service[68840]: INFO nova.api.openstack.requestlog [None req-136fa848-4a73-4bb7-930c-73679357e987 admin admin] 192.168.1.134 "POST /compute/v2.1/flavors/1/os-extra_specs" status: 200 len: 43 microversion: 2.61 time: 0.028352
Aug 02 08:13:01.667700 np0000032145 devstack@n-api.service[68840]: [pid: 68840|app: 0|req: 8/16] 192.168.1.134 () {72 vars in 1458 bytes} [Sat Aug  2 08:13:01 2025] POST /compute/v2.1/flavors/1/os-extra_specs => generated 43 bytes in 29 msecs (HTTP/1.1 200) 9 headers in 358 bytes (1 switches on core 0)
Aug 02 08:13:01.759500 np0000032145 devstack@n-api.service[68841]: DEBUG nova.api.openstack.wsgi [None req-c15e63eb-3655-47c5-8707-8671f9442961 admin admin] Action: 'create', calling method: <bound method FlavorsController.create of <nova.api.openstack.compute.flavors.FlavorsController object at 0x707126c5a3f0>>, body: {"flavor": {"swap": 0, "name": "m1.small", "id": "2", "disk": 20, "os-flavor-access:is_public": true, "rxtx_factor": 1.0, "ram": 2048, "OS-FLV-EXT-DATA:ephemeral": 0, "vcpus": 1}} {{(pid=68841) _process_stack /opt/stack/nova/nova/api/openstack/wsgi.py:550}}
Aug 02 08:13:01.770185 np0000032145 devstack@n-api.service[68841]: INFO nova.api.openstack.requestlog [None req-c15e63eb-3655-47c5-8707-8671f9442961 admin admin] 192.168.1.134 "POST /compute/v2.1/flavors" status: 200 len: 411 microversion: 2.61 time: 0.012156
Aug 02 08:13:01.770417 np0000032145 devstack@n-api.service[68841]: [pid: 68841|app: 0|req: 9/17] 192.168.1.134 () {72 vars in 1408 bytes} [Sat Aug  2 08:13:01 2025] POST /compute/v2.1/flavors => generated 411 bytes in 12 msecs (HTTP/1.1 200) 9 headers in 359 bytes (1 switches on core 0)
Aug 02 08:13:01.779481 np0000032145 devstack@n-api.service[68840]: DEBUG nova.api.openstack.wsgi [None req-e2eee49f-c409-4830-a09d-200da3203b41 admin admin] Action: 'create', calling method: <bound method FlavorExtraSpecsController.create of <nova.api.openstack.compute.flavors_extraspecs.FlavorExtraSpecsController object at 0x707126c5ede0>>, body: {"extra_specs": {"hw_rng:allowed": "True"}} {{(pid=68840) _process_stack /opt/stack/nova/nova/api/openstack/wsgi.py:550}}
Aug 02 08:13:01.794027 np0000032145 devstack@n-api.service[68840]: INFO nova.api.openstack.requestlog [None req-e2eee49f-c409-4830-a09d-200da3203b41 admin admin] 192.168.1.134 "POST /compute/v2.1/flavors/2/os-extra_specs" status: 200 len: 43 microversion: 2.61 time: 0.015974
Aug 02 08:13:01.794591 np0000032145 devstack@n-api.service[68840]: [pid: 68840|app: 0|req: 9/18] 192.168.1.134 () {72 vars in 1458 bytes} [Sat Aug  2 08:13:01 2025] POST /compute/v2.1/flavors/2/os-extra_specs => generated 43 bytes in 16 msecs (HTTP/1.1 200) 9 headers in 358 bytes (1 switches on core 0)
Aug 02 08:13:01.888637 np0000032145 devstack@n-api.service[68841]: DEBUG nova.api.openstack.wsgi [None req-daa183a8-d79c-43b4-91d7-2543f8c6b176 admin admin] Action: 'create', calling method: <bound method FlavorsController.create of <nova.api.openstack.compute.flavors.FlavorsController object at 0x707126c5a3f0>>, body: {"flavor": {"swap": 0, "name": "m1.medium", "id": "3", "disk": 40, "os-flavor-access:is_public": true, "rxtx_factor": 1.0, "ram": 4096, "OS-FLV-EXT-DATA:ephemeral": 0, "vcpus": 2}} {{(pid=68841) _process_stack /opt/stack/nova/nova/api/openstack/wsgi.py:550}}
Aug 02 08:13:01.904459 np0000032145 devstack@n-api.service[68841]: INFO nova.api.openstack.requestlog [None req-daa183a8-d79c-43b4-91d7-2543f8c6b176 admin admin] 192.168.1.134 "POST /compute/v2.1/flavors" status: 200 len: 412 microversion: 2.61 time: 0.017369
Aug 02 08:13:01.904700 np0000032145 devstack@n-api.service[68841]: [pid: 68841|app: 0|req: 10/19] 192.168.1.134 () {72 vars in 1408 bytes} [Sat Aug  2 08:13:01 2025] POST /compute/v2.1/flavors => generated 412 bytes in 18 msecs (HTTP/1.1 200) 9 headers in 359 bytes (1 switches on core 0)
Aug 02 08:13:01.912626 np0000032145 devstack@n-api.service[68840]: DEBUG nova.api.openstack.wsgi [None req-71fdbb75-e7a7-4b1a-a92f-d7edde61ac4a admin admin] Action: 'create', calling method: <bound method FlavorExtraSpecsController.create of <nova.api.openstack.compute.flavors_extraspecs.FlavorExtraSpecsController object at 0x707126c5ede0>>, body: {"extra_specs": {"hw_rng:allowed": "True"}} {{(pid=68840) _process_stack /opt/stack/nova/nova/api/openstack/wsgi.py:550}}
Aug 02 08:13:01.928843 np0000032145 devstack@n-api.service[68840]: INFO nova.api.openstack.requestlog [None req-71fdbb75-e7a7-4b1a-a92f-d7edde61ac4a admin admin] 192.168.1.134 "POST /compute/v2.1/flavors/3/os-extra_specs" status: 200 len: 43 microversion: 2.61 time: 0.017706
Aug 02 08:13:01.929108 np0000032145 devstack@n-api.service[68840]: [pid: 68840|app: 0|req: 10/20] 192.168.1.134 () {72 vars in 1458 bytes} [Sat Aug  2 08:13:01 2025] POST /compute/v2.1/flavors/3/os-extra_specs => generated 43 bytes in 18 msecs (HTTP/1.1 200) 9 headers in 358 bytes (1 switches on core 0)
Aug 02 08:13:02.007763 np0000032145 devstack@n-api.service[68841]: DEBUG nova.api.openstack.wsgi [None req-f8138e08-66b4-4b29-ba7c-9703214d3b11 admin admin] Action: 'create', calling method: <bound method FlavorsController.create of <nova.api.openstack.compute.flavors.FlavorsController object at 0x707126c5a3f0>>, body: {"flavor": {"swap": 0, "name": "m1.large", "id": "4", "disk": 80, "os-flavor-access:is_public": true, "rxtx_factor": 1.0, "ram": 8192, "OS-FLV-EXT-DATA:ephemeral": 0, "vcpus": 4}} {{(pid=68841) _process_stack /opt/stack/nova/nova/api/openstack/wsgi.py:550}}
Aug 02 08:13:02.018058 np0000032145 devstack@n-api.service[68841]: INFO nova.api.openstack.requestlog [None req-f8138e08-66b4-4b29-ba7c-9703214d3b11 admin admin] 192.168.1.134 "POST /compute/v2.1/flavors" status: 200 len: 411 microversion: 2.61 time: 0.011768
Aug 02 08:13:02.018288 np0000032145 devstack@n-api.service[68841]: [pid: 68841|app: 0|req: 11/21] 192.168.1.134 () {72 vars in 1408 bytes} [Sat Aug  2 08:13:02 2025] POST /compute/v2.1/flavors => generated 411 bytes in 12 msecs (HTTP/1.1 200) 9 headers in 359 bytes (1 switches on core 0)
Aug 02 08:13:02.025978 np0000032145 devstack@n-api.service[68840]: DEBUG nova.api.openstack.wsgi [None req-b2d045e0-f18a-432b-8562-4010622f1ed7 admin admin] Action: 'create', calling method: <bound method FlavorExtraSpecsController.create of <nova.api.openstack.compute.flavors_extraspecs.FlavorExtraSpecsController object at 0x707126c5ede0>>, body: {"extra_specs": {"hw_rng:allowed": "True"}} {{(pid=68840) _process_stack /opt/stack/nova/nova/api/openstack/wsgi.py:550}}
Aug 02 08:13:02.037318 np0000032145 devstack@n-api.service[68840]: INFO nova.api.openstack.requestlog [None req-b2d045e0-f18a-432b-8562-4010622f1ed7 admin admin] 192.168.1.134 "POST /compute/v2.1/flavors/4/os-extra_specs" status: 200 len: 43 microversion: 2.61 time: 0.012798
Aug 02 08:13:02.037559 np0000032145 devstack@n-api.service[68840]: [pid: 68840|app: 0|req: 11/22] 192.168.1.134 () {72 vars in 1458 bytes} [Sat Aug  2 08:13:02 2025] POST /compute/v2.1/flavors/4/os-extra_specs => generated 43 bytes in 13 msecs (HTTP/1.1 200) 9 headers in 358 bytes (1 switches on core 0)
Aug 02 08:13:02.120612 np0000032145 devstack@n-api.service[68841]: DEBUG nova.api.openstack.wsgi [None req-170e30f3-66ff-4d1a-9623-47de50a484e4 admin admin] Action: 'create', calling method: <bound method FlavorsController.create of <nova.api.openstack.compute.flavors.FlavorsController object at 0x707126c5a3f0>>, body: {"flavor": {"swap": 0, "name": "m1.xlarge", "id": "5", "disk": 160, "os-flavor-access:is_public": true, "rxtx_factor": 1.0, "ram": 16384, "OS-FLV-EXT-DATA:ephemeral": 0, "vcpus": 8}} {{(pid=68841) _process_stack /opt/stack/nova/nova/api/openstack/wsgi.py:550}}
Aug 02 08:13:02.131649 np0000032145 devstack@n-api.service[68841]: INFO nova.api.openstack.requestlog [None req-170e30f3-66ff-4d1a-9623-47de50a484e4 admin admin] 192.168.1.134 "POST /compute/v2.1/flavors" status: 200 len: 414 microversion: 2.61 time: 0.012503
Aug 02 08:13:02.131876 np0000032145 devstack@n-api.service[68841]: [pid: 68841|app: 0|req: 12/23] 192.168.1.134 () {72 vars in 1408 bytes} [Sat Aug  2 08:13:02 2025] POST /compute/v2.1/flavors => generated 414 bytes in 13 msecs (HTTP/1.1 200) 9 headers in 359 bytes (1 switches on core 0)
Aug 02 08:13:02.139521 np0000032145 devstack@n-api.service[68840]: DEBUG nova.api.openstack.wsgi [None req-54519e52-9137-4fc9-a74b-3b4207ca8449 admin admin] Action: 'create', calling method: <bound method FlavorExtraSpecsController.create of <nova.api.openstack.compute.flavors_extraspecs.FlavorExtraSpecsController object at 0x707126c5ede0>>, body: {"extra_specs": {"hw_rng:allowed": "True"}} {{(pid=68840) _process_stack /opt/stack/nova/nova/api/openstack/wsgi.py:550}}
Aug 02 08:13:02.151148 np0000032145 devstack@n-api.service[68840]: INFO nova.api.openstack.requestlog [None req-54519e52-9137-4fc9-a74b-3b4207ca8449 admin admin] 192.168.1.134 "POST /compute/v2.1/flavors/5/os-extra_specs" status: 200 len: 43 microversion: 2.61 time: 0.013084
Aug 02 08:13:02.151376 np0000032145 devstack@n-api.service[68840]: [pid: 68840|app: 0|req: 12/24] 192.168.1.134 () {72 vars in 1458 bytes} [Sat Aug  2 08:13:02 2025] POST /compute/v2.1/flavors/5/os-extra_specs => generated 43 bytes in 13 msecs (HTTP/1.1 200) 9 headers in 358 bytes (1 switches on core 0)
Aug 02 08:13:33.272416 np0000032145 devstack@n-api.service[68841]: DEBUG nova.api.openstack.wsgi [None req-bb185d44-3832-4d4d-814e-f53e87450a1b admin admin] Calling method '<bound method FlavorsController.detail of <nova.api.openstack.compute.flavors.FlavorsController object at 0x707126c5a540>>' {{(pid=68841) _process_stack /opt/stack/nova/nova/api/openstack/wsgi.py:552}}
Aug 02 08:13:33.274064 np0000032145 devstack@n-api.service[68841]: DEBUG dbcounter [-] [68841] Writing DB stats nova_api:SELECT=21,nova_api:SAVEPOINT=5,nova_api:INSERT=10,nova_api:RELEASE=5 {{(pid=68841) stat_writer /opt/stack/data/venv/lib/python3.12/site-packages/dbcounter.py:115}}
Aug 02 08:13:33.283388 np0000032145 devstack@n-api.service[68841]: INFO nova.api.openstack.requestlog [None req-bb185d44-3832-4d4d-814e-f53e87450a1b admin admin] 192.168.1.134 "GET /compute/v2.1/flavors/detail?is_public=True" status: 200 len: 4262 microversion: 2.61 time: 0.013689
Aug 02 08:13:33.283720 np0000032145 devstack@n-api.service[68841]: [pid: 68841|app: 0|req: 13/25] 192.168.1.134 () {68 vars in 1417 bytes} [Sat Aug  2 08:13:33 2025] GET /compute/v2.1/flavors/detail?is_public=True => generated 4262 bytes in 14 msecs (HTTP/1.1 200) 9 headers in 360 bytes (1 switches on core 0)
Aug 02 08:13:33.391849 np0000032145 devstack@n-api.service[68840]: DEBUG nova.api.openstack.wsgi [None req-3f05a27e-83f9-4776-84a2-942f5f1784b7 admin admin] Action: 'create', calling method: <bound method FlavorsController.create of <nova.api.openstack.compute.flavors.FlavorsController object at 0x707126c5e540>>, body: {"flavor": {"swap": 0, "name": "manila-service-flavor", "id": "100", "disk": 5, "os-flavor-access:is_public": true, "rxtx_factor": 1.0, "ram": 1024, "OS-FLV-EXT-DATA:ephemeral": 0, "vcpus": 1}} {{(pid=68840) _process_stack /opt/stack/nova/nova/api/openstack/wsgi.py:550}}
Aug 02 08:13:33.394954 np0000032145 devstack@n-api.service[68840]: DEBUG dbcounter [-] [68840] Writing DB stats nova_api:INSERT=10,nova_api:SELECT=21,nova_api:SAVEPOINT=5,nova_api:RELEASE=5 {{(pid=68840) stat_writer /opt/stack/data/venv/lib/python3.12/site-packages/dbcounter.py:115}}
Aug 02 08:13:33.403427 np0000032145 devstack@n-api.service[68840]: INFO nova.api.openstack.requestlog [None req-3f05a27e-83f9-4776-84a2-942f5f1784b7 admin admin] 192.168.1.134 "POST /compute/v2.1/flavors" status: 200 len: 429 microversion: 2.61 time: 0.013100
Aug 02 08:13:33.403659 np0000032145 devstack@n-api.service[68840]: [pid: 68840|app: 0|req: 13/26] 192.168.1.134 () {72 vars in 1408 bytes} [Sat Aug  2 08:13:33 2025] POST /compute/v2.1/flavors => generated 429 bytes in 13 msecs (HTTP/1.1 200) 9 headers in 359 bytes (1 switches on core 0)
Aug 02 08:14:00.522135 np0000032145 devstack@n-api.service[68841]: DEBUG nova.api.openstack.wsgi [None req-29f4a983-2d75-4794-9910-e5fae1d4e7b1 admin admin] Calling method '<bound method KeypairController.index of <nova.api.openstack.compute.keypairs.KeypairController object at 0x707126b0d760>>' {{(pid=68841) _process_stack /opt/stack/nova/nova/api/openstack/wsgi.py:552}}
Aug 02 08:14:00.524831 np0000032145 devstack@n-api.service[68841]: WARNING oslo_db.sqlalchemy.utils [None req-29f4a983-2d75-4794-9910-e5fae1d4e7b1 admin admin] Unique keys not in sort_keys. The sorting order may be unstable.
Aug 02 08:14:00.530242 np0000032145 devstack@n-api.service[68841]: INFO nova.api.openstack.requestlog [None req-29f4a983-2d75-4794-9910-e5fae1d4e7b1 admin admin] 192.168.1.134 "GET /compute/v2.1/os-keypairs" status: 200 len: 16 microversion: 2.10 time: 0.009749
Aug 02 08:14:00.530242 np0000032145 devstack@n-api.service[68841]: [pid: 68841|app: 0|req: 14/27] 192.168.1.134 () {68 vars in 1379 bytes} [Sat Aug  2 08:14:00 2025] GET /compute/v2.1/os-keypairs => generated 16 bytes in 10 msecs (HTTP/1.1 200) 9 headers in 358 bytes (1 switches on core 0)
Aug 02 08:14:00.621551 np0000032145 devstack@n-api.service[68840]: DEBUG nova.api.openstack.wsgi [None req-9d8e2d7c-a801-4536-8f3a-d0d8e0b9f789 admin admin] Action: 'create', calling method: <bound method KeypairController.create of <nova.api.openstack.compute.keypairs.KeypairController object at 0x707126b0dac0>>, body: {"keypair": {"name": "manila-service", "public_key": "ecdsa-sha2-nistp256 AAAAE2VjZHNhLXNoYTItbmlzdHAyNTYAAAAIbmlzdHAyNTYAAABBBMj7cljl9LehxeJLqEh/RpF/T/HFAfhnUpUy0ddJ3I9Wks7iFb4WW9Km1wdw2Doxf6wCvf8dANYemCr6dgpPjlU= stack@np0000032145\n"}} {{(pid=68840) _process_stack /opt/stack/nova/nova/api/openstack/wsgi.py:550}}
Aug 02 08:14:00.635055 np0000032145 devstack@n-api.service[68840]: DEBUG nova.quota [None req-9d8e2d7c-a801-4536-8f3a-d0d8e0b9f789 admin admin] Getting quotas for project 0824d66616784bb89e1273d60f4da78a. Resources: {'key_pairs'} {{(pid=68840) _get_quotas /opt/stack/nova/nova/quota.py:392}}
Aug 02 08:14:00.637427 np0000032145 devstack@n-api.service[68840]: DEBUG nova.quota [None req-9d8e2d7c-a801-4536-8f3a-d0d8e0b9f789 admin admin] Getting quotas for user 67cb17adfcd0408d95bbafbcc4594d84 and project 0824d66616784bb89e1273d60f4da78a. Resources: {'key_pairs'} {{(pid=68840) _get_quotas /opt/stack/nova/nova/quota.py:382}}
Aug 02 08:14:00.660175 np0000032145 devstack@n-api.service[68840]: INFO nova.api.openstack.requestlog [None req-9d8e2d7c-a801-4536-8f3a-d0d8e0b9f789 admin admin] 192.168.1.134 "POST /compute/v2.1/os-keypairs" status: 201 len: 366 microversion: 2.10 time: 0.040020
Aug 02 08:14:00.660175 np0000032145 devstack@n-api.service[68840]: [pid: 68840|app: 0|req: 14/28] 192.168.1.134 () {72 vars in 1420 bytes} [Sat Aug  2 08:14:00 2025] POST /compute/v2.1/os-keypairs => generated 366 bytes in 40 msecs (HTTP/1.1 201) 9 headers in 364 bytes (1 switches on core 0)
Aug 02 08:14:06.666152 np0000032145 devstack@n-api.service[68841]: DEBUG nova.api.openstack.wsgi [None req-17706576-dc61-4c79-bb31-a069845c6f79 admin admin] Calling method '<bound method ServiceController.index of <nova.api.openstack.compute.services.ServiceController object at 0x707126b48bc0>>' {{(pid=68841) _process_stack /opt/stack/nova/nova/api/openstack/wsgi.py:552}}
Aug 02 08:14:06.667859 np0000032145 devstack@n-api.service[68841]: DEBUG oslo_concurrency.lockutils [None req-17706576-dc61-4c79-bb31-a069845c6f79 admin admin] Acquiring lock "00000000-0000-0000-0000-000000000000" by "nova.context.set_target_cell.<locals>.get_or_set_cached_cell_and_set_connections" {{(pid=68841) inner /opt/stack/data/venv/lib/python3.12/site-packages/oslo_concurrency/lockutils.py:405}}
Aug 02 08:14:06.668037 np0000032145 devstack@n-api.service[68841]: DEBUG oslo_concurrency.lockutils [None req-17706576-dc61-4c79-bb31-a069845c6f79 admin admin] Lock "00000000-0000-0000-0000-000000000000" acquired by "nova.context.set_target_cell.<locals>.get_or_set_cached_cell_and_set_connections" :: waited 0.000s {{(pid=68841) inner /opt/stack/data/venv/lib/python3.12/site-packages/oslo_concurrency/lockutils.py:410}}
Aug 02 08:14:06.668164 np0000032145 devstack@n-api.service[68841]: DEBUG oslo_concurrency.lockutils [None req-17706576-dc61-4c79-bb31-a069845c6f79 admin admin] Lock "00000000-0000-0000-0000-000000000000" "released" by "nova.context.set_target_cell.<locals>.get_or_set_cached_cell_and_set_connections" :: held 0.000s {{(pid=68841) inner /opt/stack/data/venv/lib/python3.12/site-packages/oslo_concurrency/lockutils.py:424}}
Aug 02 08:14:06.668559 np0000032145 devstack@n-api.service[68841]: DEBUG oslo_concurrency.lockutils [None req-17706576-dc61-4c79-bb31-a069845c6f79 admin admin] Acquiring lock "8d842e1f-39c4-4165-a698-b2ee40cd8d17" by "nova.context.set_target_cell.<locals>.get_or_set_cached_cell_and_set_connections" {{(pid=68841) inner /opt/stack/data/venv/lib/python3.12/site-packages/oslo_concurrency/lockutils.py:405}}
Aug 02 08:14:06.668687 np0000032145 devstack@n-api.service[68841]: DEBUG oslo_concurrency.lockutils [None req-17706576-dc61-4c79-bb31-a069845c6f79 admin admin] Lock "8d842e1f-39c4-4165-a698-b2ee40cd8d17" acquired by "nova.context.set_target_cell.<locals>.get_or_set_cached_cell_and_set_connections" :: waited 0.000s {{(pid=68841) inner /opt/stack/data/venv/lib/python3.12/site-packages/oslo_concurrency/lockutils.py:410}}
