Sep 04 13:13:45.831569 np0000032636 devstack@n-api.service[71405]: DEBUG oslo_db.sqlalchemy.engines [None req-9f308a4a-fb32-44eb-a6af-7e69c7e9b02b None None] MySQL server mode set to STRICT_TRANS_TABLES,STRICT_ALL_TABLES,NO_ZERO_IN_DATE,NO_ZERO_DATE,ERROR_FOR_DIVISION_BY_ZERO,TRADITIONAL,NO_ENGINE_SUBSTITUTION {{(pid=71405) _check_effective_sql_mode /opt/stack/data/venv/lib/python3.10/site-packages/oslo_db/sqlalchemy/engines.py:342}}
Sep 04 13:13:45.832407 np0000032636 devstack@n-api.service[71404]: DEBUG dbcounter [-] [71404] Writer thread running {{(pid=71404) stat_writer /opt/stack/data/venv/lib/python3.10/site-packages/dbcounter.py:102}}
Sep 04 13:13:45.834412 np0000032636 devstack@n-api.service[71404]: INFO dbcounter [None req-9c6b657f-dddd-43a1-a958-67112139b732 None None] Registered counter for database nova_cell0
Sep 04 13:13:45.835579 np0000032636 devstack@n-api.service[71405]: DEBUG dbcounter [-] [71405] Writer thread running {{(pid=71405) stat_writer /opt/stack/data/venv/lib/python3.10/site-packages/dbcounter.py:102}}
Sep 04 13:13:45.837664 np0000032636 devstack@n-api.service[71405]: INFO dbcounter [None req-9f308a4a-fb32-44eb-a6af-7e69c7e9b02b None None] Registered counter for database nova_cell0
Sep 04 13:13:45.838338 np0000032636 devstack@n-api.service[71404]: DEBUG oslo_db.sqlalchemy.engines [None req-9c6b657f-dddd-43a1-a958-67112139b732 None None] MySQL server mode set to STRICT_TRANS_TABLES,STRICT_ALL_TABLES,NO_ZERO_IN_DATE,NO_ZERO_DATE,ERROR_FOR_DIVISION_BY_ZERO,TRADITIONAL,NO_ENGINE_SUBSTITUTION {{(pid=71404) _check_effective_sql_mode /opt/stack/data/venv/lib/python3.10/site-packages/oslo_db/sqlalchemy/engines.py:342}}
Sep 04 13:13:45.841438 np0000032636 devstack@n-api.service[71405]: DEBUG oslo_db.sqlalchemy.engines [None req-9f308a4a-fb32-44eb-a6af-7e69c7e9b02b None None] MySQL server mode set to STRICT_TRANS_TABLES,STRICT_ALL_TABLES,NO_ZERO_IN_DATE,NO_ZERO_DATE,ERROR_FOR_DIVISION_BY_ZERO,TRADITIONAL,NO_ENGINE_SUBSTITUTION {{(pid=71405) _check_effective_sql_mode /opt/stack/data/venv/lib/python3.10/site-packages/oslo_db/sqlalchemy/engines.py:342}}
Sep 04 13:13:45.842370 np0000032636 devstack@n-api.service[71404]: DEBUG dbcounter [-] [71404] Writer thread running {{(pid=71404) stat_writer /opt/stack/data/venv/lib/python3.10/site-packages/dbcounter.py:102}}
Sep 04 13:13:45.845432 np0000032636 devstack@n-api.service[71405]: DEBUG dbcounter [-] [71405] Writer thread running {{(pid=71405) stat_writer /opt/stack/data/venv/lib/python3.10/site-packages/dbcounter.py:102}}
Sep 04 13:13:46.156143 np0000032636 devstack@n-api.service[71404]: DEBUG oslo_concurrency.processutils [None req-9c6b657f-dddd-43a1-a958-67112139b732 None None] Running cmd (subprocess): grep -F node.session.scan /sbin/iscsiadm {{(pid=71404) execute /opt/stack/data/venv/lib/python3.10/site-packages/oslo_concurrency/processutils.py:390}}
Sep 04 13:13:46.156273 np0000032636 devstack@n-api.service[71405]: DEBUG oslo_concurrency.processutils [None req-9f308a4a-fb32-44eb-a6af-7e69c7e9b02b None None] Running cmd (subprocess): grep -F node.session.scan /sbin/iscsiadm {{(pid=71405) execute /opt/stack/data/venv/lib/python3.10/site-packages/oslo_concurrency/processutils.py:390}}
Sep 04 13:13:46.162928 np0000032636 devstack@n-api.service[71405]: DEBUG oslo_concurrency.processutils [None req-9f308a4a-fb32-44eb-a6af-7e69c7e9b02b None None] CMD "grep -F node.session.scan /sbin/iscsiadm" returned: 0 in 0.007s {{(pid=71405) execute /opt/stack/data/venv/lib/python3.10/site-packages/oslo_concurrency/processutils.py:428}}
Sep 04 13:13:46.162982 np0000032636 devstack@n-api.service[71404]: DEBUG oslo_concurrency.processutils [None req-9c6b657f-dddd-43a1-a958-67112139b732 None None] CMD "grep -F node.session.scan /sbin/iscsiadm" returned: 0 in 0.007s {{(pid=71404) execute /opt/stack/data/venv/lib/python3.10/site-packages/oslo_concurrency/processutils.py:428}}
Sep 04 13:13:46.484821 np0000032636 devstack@n-api.service[71404]: WARNING keystonemiddleware.auth_token [None req-9c6b657f-dddd-43a1-a958-67112139b732 None None] AuthToken middleware is set with keystone_authtoken.service_token_roles_required set to False. This is backwards compatible but deprecated behaviour. Please set this to True.
Sep 04 13:13:46.485138 np0000032636 devstack@n-api.service[71405]: WARNING keystonemiddleware.auth_token [None req-9f308a4a-fb32-44eb-a6af-7e69c7e9b02b None None] AuthToken middleware is set with keystone_authtoken.service_token_roles_required set to False. This is backwards compatible but deprecated behaviour. Please set this to True.
Sep 04 13:13:46.488313 np0000032636 devstack@n-api.service[71404]: WARNING keystonemiddleware.auth_token [None req-9c6b657f-dddd-43a1-a958-67112139b732 None None] Configuring www_authenticate_uri to point to the public identity endpoint is required; clients may not be able to authenticate against an admin endpoint
Sep 04 13:13:46.488613 np0000032636 devstack@n-api.service[71405]: WARNING keystonemiddleware.auth_token [None req-9f308a4a-fb32-44eb-a6af-7e69c7e9b02b None None] Configuring www_authenticate_uri to point to the public identity endpoint is required; clients may not be able to authenticate against an admin endpoint
Sep 04 13:13:46.558830 np0000032636 devstack@n-api.service[71404]: WARNING keystonemiddleware.auth_token [None req-9c6b657f-dddd-43a1-a958-67112139b732 None None] AuthToken middleware is set with keystone_authtoken.service_token_roles_required set to False. This is backwards compatible but deprecated behaviour. Please set this to True.
Sep 04 13:13:46.559937 np0000032636 devstack@n-api.service[71405]: WARNING keystonemiddleware.auth_token [None req-9f308a4a-fb32-44eb-a6af-7e69c7e9b02b None None] AuthToken middleware is set with keystone_authtoken.service_token_roles_required set to False. This is backwards compatible but deprecated behaviour. Please set this to True.
Sep 04 13:13:46.560932 np0000032636 devstack@n-api.service[71404]: WARNING keystonemiddleware.auth_token [None req-9c6b657f-dddd-43a1-a958-67112139b732 None None] Configuring www_authenticate_uri to point to the public identity endpoint is required; clients may not be able to authenticate against an admin endpoint
Sep 04 13:13:46.562039 np0000032636 devstack@n-api.service[71405]: WARNING keystonemiddleware.auth_token [None req-9f308a4a-fb32-44eb-a6af-7e69c7e9b02b None None] Configuring www_authenticate_uri to point to the public identity endpoint is required; clients may not be able to authenticate against an admin endpoint
Sep 04 13:13:46.562771 np0000032636 devstack@n-api.service[71404]: WSGI app 0 (mountpoint='') ready in 2 seconds on interpreter 0x55cf36179d70 pid: 71404 (default app)
Sep 04 13:13:46.563692 np0000032636 devstack@n-api.service[71404]: DEBUG nova.api.openstack.wsgi [None req-9c6b657f-dddd-43a1-a958-67112139b732 None None] Calling method '<bound method VersionsV2.index of <nova.api.openstack.compute.versions.VersionsV2 object at 0x7efeb2a58730>>' {{(pid=71404) _process_stack /opt/stack/nova/nova/api/openstack/wsgi.py:520}}
Sep 04 13:13:46.563871 np0000032636 devstack@n-api.service[71405]: WSGI app 0 (mountpoint='') ready in 2 seconds on interpreter 0x55cf36179d70 pid: 71405 (default app)
Sep 04 13:13:46.565357 np0000032636 devstack@n-api.service[71404]: INFO nova.api.openstack.requestlog [None req-9c6b657f-dddd-43a1-a958-67112139b732 None None] 192.168.1.112 "GET /compute/v2.1/" status: 200 len: 390 microversion: 2.1 time: 0.001891
Sep 04 13:13:46.565729 np0000032636 devstack@n-api.service[71404]: [pid: 71404|app: 0|req: 1/1] 192.168.1.112 () {50 vars in 783 bytes} [Thu Sep  4 13:13:46 2025] GET /compute/v2.1/ => generated 390 bytes in 2 msecs (HTTP/1.1 200) 9 headers in 357 bytes (1 switches on core 0)
Sep 04 13:14:25.368911 np0000032636 devstack@n-api.service[71405]: DEBUG nova.api.openstack.wsgi [None req-9f308a4a-fb32-44eb-a6af-7e69c7e9b02b None None] Calling method '<bound method VersionsV2.index of <nova.api.openstack.compute.versions.VersionsV2 object at 0x7efeb28e1930>>' {{(pid=71405) _process_stack /opt/stack/nova/nova/api/openstack/wsgi.py:520}}
Sep 04 13:14:25.370819 np0000032636 devstack@n-api.service[71405]: INFO nova.api.openstack.requestlog [None req-9f308a4a-fb32-44eb-a6af-7e69c7e9b02b None None] 192.168.1.112 "GET /compute/v2.1" status: 200 len: 391 microversion: 2.1 time: 0.002360
Sep 04 13:14:25.371010 np0000032636 devstack@n-api.service[71405]: [pid: 71405|app: 0|req: 1/2] 192.168.1.112 () {62 vars in 1067 bytes} [Thu Sep  4 13:14:25 2025] GET /compute/v2.1 => generated 391 bytes in 4 msecs (HTTP/1.1 200) 9 headers in 357 bytes (1 switches on core 0)
Sep 04 13:14:25.379946 np0000032636 devstack@n-api.service[71404]: DEBUG dbcounter [-] [71404] Writing DB stats nova_api:SELECT=1 {{(pid=71404) stat_writer /opt/stack/data/venv/lib/python3.10/site-packages/dbcounter.py:115}}
Sep 04 13:14:25.380504 np0000032636 devstack@n-api.service[71404]: DEBUG dbcounter [-] [71404] Writing DB stats nova_cell0:SELECT=1 {{(pid=71404) stat_writer /opt/stack/data/venv/lib/python3.10/site-packages/dbcounter.py:115}}
Sep 04 13:14:25.380878 np0000032636 devstack@n-api.service[71404]: DEBUG dbcounter [-] [71404] Writing DB stats nova_cell1:SELECT=1 {{(pid=71404) stat_writer /opt/stack/data/venv/lib/python3.10/site-packages/dbcounter.py:115}}
Sep 04 13:14:25.381397 np0000032636 devstack@n-api.service[71404]: DEBUG dbcounter [-] [71404] Writing DB stats nova_cell0:SELECT=2,nova_cell0:INSERT=1 {{(pid=71404) stat_writer /opt/stack/data/venv/lib/python3.10/site-packages/dbcounter.py:115}}
Sep 04 13:14:25.513265 np0000032636 devstack@n-api.service[71404]: DEBUG nova.api.openstack.wsgi [None req-b2e40936-7aed-49d6-9fbd-63e940c8d7a2 admin admin] Calling method '<bound method FlavorsController.detail of <nova.api.openstack.compute.flavors.FlavorsController object at 0x7efeb234a4a0>>' {{(pid=71404) _process_stack /opt/stack/nova/nova/api/openstack/wsgi.py:520}}
Sep 04 13:14:25.527356 np0000032636 devstack@n-api.service[71404]: INFO nova.api.openstack.requestlog [None req-b2e40936-7aed-49d6-9fbd-63e940c8d7a2 admin admin] 192.168.1.112 "GET /compute/v2.1/flavors/detail?is_public=True" status: 200 len: 15 microversion: 2.61 time: 0.150312
Sep 04 13:14:25.527595 np0000032636 devstack@n-api.service[71404]: [pid: 71404|app: 0|req: 2/3] 192.168.1.112 () {68 vars in 1428 bytes} [Thu Sep  4 13:14:25 2025] GET /compute/v2.1/flavors/detail?is_public=True => generated 15 bytes in 151 msecs (HTTP/1.1 200) 9 headers in 358 bytes (1 switches on core 0)
Sep 04 13:14:25.614072 np0000032636 devstack@n-api.service[71405]: DEBUG nova.api.openstack.wsgi [None req-9f308a4a-fb32-44eb-a6af-7e69c7e9b02b None None] Calling method '<bound method VersionsV2.index of <nova.api.openstack.compute.versions.VersionsV2 object at 0x7efeb28e1930>>' {{(pid=71405) _process_stack /opt/stack/nova/nova/api/openstack/wsgi.py:520}}
Sep 04 13:14:25.615608 np0000032636 devstack@n-api.service[71405]: INFO nova.api.openstack.requestlog [None req-9f308a4a-fb32-44eb-a6af-7e69c7e9b02b None None] 192.168.1.112 "GET /compute/v2.1" status: 200 len: 391 microversion: 2.1 time: 0.001730
Sep 04 13:14:25.615789 np0000032636 devstack@n-api.service[71405]: [pid: 71405|app: 0|req: 2/4] 192.168.1.112 () {62 vars in 1067 bytes} [Thu Sep  4 13:14:25 2025] GET /compute/v2.1 => generated 391 bytes in 2 msecs (HTTP/1.1 200) 9 headers in 357 bytes (1 switches on core 0)
Sep 04 13:14:25.641089 np0000032636 devstack@n-api.service[71404]: DEBUG nova.api.openstack.wsgi [None req-0f5f3e37-cf7a-420b-a3f7-6fd8a27bbaf0 admin admin] Action: 'create', calling method: <bound method FlavorsController.create of <nova.api.openstack.compute.flavors.FlavorsController object at 0x7efeb2349f00>>, body: {"flavor": {"swap": 0, "vcpus": 1, "os-flavor-access:is_public": true, "name": "cirros256", "rxtx_factor": 1.0, "id": "c1", "disk": 1, "OS-FLV-EXT-DATA:ephemeral": 0, "ram": 256}} {{(pid=71404) _process_stack /opt/stack/nova/nova/api/openstack/wsgi.py:518}}
Sep 04 13:14:25.663051 np0000032636 devstack@n-api.service[71404]: INFO nova.api.openstack.requestlog [None req-0f5f3e37-cf7a-420b-a3f7-6fd8a27bbaf0 admin admin] 192.168.1.112 "POST /compute/v2.1/flavors" status: 200 len: 413 microversion: 2.61 time: 0.041577
Sep 04 13:14:25.663300 np0000032636 devstack@n-api.service[71404]: [pid: 71404|app: 0|req: 3/5] 192.168.1.112 () {72 vars in 1419 bytes} [Thu Sep  4 13:14:25 2025] POST /compute/v2.1/flavors => generated 413 bytes in 42 msecs (HTTP/1.1 200) 9 headers in 359 bytes (1 switches on core 0)
Sep 04 13:14:25.673171 np0000032636 devstack@n-api.service[71405]: DEBUG dbcounter [-] [71405] Writing DB stats nova_api:SELECT=1 {{(pid=71405) stat_writer /opt/stack/data/venv/lib/python3.10/site-packages/dbcounter.py:115}}
Sep 04 13:14:25.674032 np0000032636 devstack@n-api.service[71405]: DEBUG dbcounter [-] [71405] Writing DB stats nova_cell0:SELECT=1 {{(pid=71405) stat_writer /opt/stack/data/venv/lib/python3.10/site-packages/dbcounter.py:115}}
Sep 04 13:14:25.674407 np0000032636 devstack@n-api.service[71405]: DEBUG dbcounter [-] [71405] Writing DB stats nova_cell1:SELECT=1 {{(pid=71405) stat_writer /opt/stack/data/venv/lib/python3.10/site-packages/dbcounter.py:115}}
Sep 04 13:14:25.674737 np0000032636 devstack@n-api.service[71405]: DEBUG dbcounter [-] [71405] Writing DB stats nova_cell0:SELECT=2,nova_cell0:INSERT=1 {{(pid=71405) stat_writer /opt/stack/data/venv/lib/python3.10/site-packages/dbcounter.py:115}}
Sep 04 13:14:25.741058 np0000032636 devstack@n-api.service[71405]: DEBUG nova.api.openstack.wsgi [None req-9a4150fd-0792-492c-ac4d-47d8511d542c admin admin] Action: 'create', calling method: <bound method FlavorExtraSpecsController.create of <nova.api.openstack.compute.flavors_extraspecs.FlavorExtraSpecsController object at 0x7efeb234afb0>>, body: {"extra_specs": {"hw_rng:allowed": "True"}} {{(pid=71405) _process_stack /opt/stack/nova/nova/api/openstack/wsgi.py:518}}
Sep 04 13:14:25.768271 np0000032636 devstack@n-api.service[71405]: INFO nova.api.openstack.requestlog [None req-9a4150fd-0792-492c-ac4d-47d8511d542c admin admin] 192.168.1.112 "POST /compute/v2.1/flavors/c1/os-extra_specs" status: 200 len: 43 microversion: 2.61 time: 0.097861
Sep 04 13:14:25.768711 np0000032636 devstack@n-api.service[71405]: [pid: 71405|app: 0|req: 3/6] 192.168.1.112 () {72 vars in 1472 bytes} [Thu Sep  4 13:14:25 2025] POST /compute/v2.1/flavors/c1/os-extra_specs => generated 43 bytes in 98 msecs (HTTP/1.1 200) 9 headers in 358 bytes (1 switches on core 0)
Sep 04 13:14:25.854642 np0000032636 devstack@n-api.service[71404]: DEBUG nova.api.openstack.wsgi [None req-0f5f3e37-cf7a-420b-a3f7-6fd8a27bbaf0 admin admin] Calling method '<bound method VersionsV2.index of <nova.api.openstack.compute.versions.VersionsV2 object at 0x7efeb2a58730>>' {{(pid=71404) _process_stack /opt/stack/nova/nova/api/openstack/wsgi.py:520}}
Sep 04 13:14:25.856193 np0000032636 devstack@n-api.service[71404]: INFO nova.api.openstack.requestlog [None req-0f5f3e37-cf7a-420b-a3f7-6fd8a27bbaf0 admin admin] 192.168.1.112 "GET /compute/v2.1" status: 200 len: 391 microversion: 2.1 time: 0.001740
Sep 04 13:14:25.856375 np0000032636 devstack@n-api.service[71404]: [pid: 71404|app: 0|req: 4/7] 192.168.1.112 () {62 vars in 1067 bytes} [Thu Sep  4 13:14:25 2025] GET /compute/v2.1 => generated 391 bytes in 2 msecs (HTTP/1.1 200) 9 headers in 357 bytes (1 switches on core 0)
Sep 04 13:14:25.918629 np0000032636 devstack@n-api.service[71405]: DEBUG nova.api.openstack.wsgi [None req-ecd51560-9376-42a8-aed2-1af55fc95885 admin admin] Action: 'create', calling method: <bound method FlavorsController.create of <nova.api.openstack.compute.flavors.FlavorsController object at 0x7efeb2349cf0>>, body: {"flavor": {"swap": 0, "vcpus": 1, "os-flavor-access:is_public": true, "name": "ds512M", "rxtx_factor": 1.0, "id": "d1", "disk": 5, "OS-FLV-EXT-DATA:ephemeral": 0, "ram": 512}} {{(pid=71405) _process_stack /opt/stack/nova/nova/api/openstack/wsgi.py:518}}
Sep 04 13:14:25.935283 np0000032636 devstack@n-api.service[71405]: INFO nova.api.openstack.requestlog [None req-ecd51560-9376-42a8-aed2-1af55fc95885 admin admin] 192.168.1.112 "POST /compute/v2.1/flavors" status: 200 len: 410 microversion: 2.61 time: 0.072056
Sep 04 13:14:25.935458 np0000032636 devstack@n-api.service[71405]: [pid: 71405|app: 0|req: 4/8] 192.168.1.112 () {72 vars in 1419 bytes} [Thu Sep  4 13:14:25 2025] POST /compute/v2.1/flavors => generated 410 bytes in 72 msecs (HTTP/1.1 200) 9 headers in 359 bytes (1 switches on core 0)
Sep 04 13:14:25.944324 np0000032636 devstack@n-api.service[71404]: DEBUG nova.api.openstack.wsgi [None req-59a205d6-9443-41eb-a736-c6ce94ee20df admin admin] Action: 'create', calling method: <bound method FlavorExtraSpecsController.create of <nova.api.openstack.compute.flavors_extraspecs.FlavorExtraSpecsController object at 0x7efeb234b1c0>>, body: {"extra_specs": {"hw_rng:allowed": "True"}} {{(pid=71404) _process_stack /opt/stack/nova/nova/api/openstack/wsgi.py:518}}
Sep 04 13:14:25.960100 np0000032636 devstack@n-api.service[71404]: INFO nova.api.openstack.requestlog [None req-59a205d6-9443-41eb-a736-c6ce94ee20df admin admin] 192.168.1.112 "POST /compute/v2.1/flavors/d1/os-extra_specs" status: 200 len: 43 microversion: 2.61 time: 0.017474
Sep 04 13:14:25.960580 np0000032636 devstack@n-api.service[71404]: [pid: 71404|app: 0|req: 5/9] 192.168.1.112 () {72 vars in 1472 bytes} [Thu Sep  4 13:14:25 2025] POST /compute/v2.1/flavors/d1/os-extra_specs => generated 43 bytes in 18 msecs (HTTP/1.1 200) 9 headers in 358 bytes (1 switches on core 0)
Sep 04 13:14:26.048607 np0000032636 devstack@n-api.service[71405]: DEBUG nova.api.openstack.wsgi [None req-ecd51560-9376-42a8-aed2-1af55fc95885 admin admin] Calling method '<bound method VersionsV2.index of <nova.api.openstack.compute.versions.VersionsV2 object at 0x7efeb28e1930>>' {{(pid=71405) _process_stack /opt/stack/nova/nova/api/openstack/wsgi.py:520}}
Sep 04 13:14:26.050185 np0000032636 devstack@n-api.service[71405]: INFO nova.api.openstack.requestlog [None req-ecd51560-9376-42a8-aed2-1af55fc95885 admin admin] 192.168.1.112 "GET /compute/v2.1" status: 200 len: 391 microversion: 2.1 time: 0.001746
Sep 04 13:14:26.050390 np0000032636 devstack@n-api.service[71405]: [pid: 71405|app: 0|req: 5/10] 192.168.1.112 () {62 vars in 1067 bytes} [Thu Sep  4 13:14:26 2025] GET /compute/v2.1 => generated 391 bytes in 2 msecs (HTTP/1.1 200) 9 headers in 357 bytes (1 switches on core 0)
Sep 04 13:14:26.074141 np0000032636 devstack@n-api.service[71404]: DEBUG nova.api.openstack.wsgi [None req-1dec4d15-160d-47fb-9b6b-df3f4773c0ad admin admin] Action: 'create', calling method: <bound method FlavorsController.create of <nova.api.openstack.compute.flavors.FlavorsController object at 0x7efeb2349f00>>, body: {"flavor": {"swap": 0, "vcpus": 1, "os-flavor-access:is_public": true, "name": "ds1G", "rxtx_factor": 1.0, "id": "d2", "disk": 10, "OS-FLV-EXT-DATA:ephemeral": 0, "ram": 1024}} {{(pid=71404) _process_stack /opt/stack/nova/nova/api/openstack/wsgi.py:518}}
Sep 04 13:14:26.088061 np0000032636 devstack@n-api.service[71404]: INFO nova.api.openstack.requestlog [None req-1dec4d15-160d-47fb-9b6b-df3f4773c0ad admin admin] 192.168.1.112 "POST /compute/v2.1/flavors" status: 200 len: 410 microversion: 2.61 time: 0.032400
Sep 04 13:14:26.088311 np0000032636 devstack@n-api.service[71404]: [pid: 71404|app: 0|req: 6/11] 192.168.1.112 () {72 vars in 1419 bytes} [Thu Sep  4 13:14:26 2025] POST /compute/v2.1/flavors => generated 410 bytes in 33 msecs (HTTP/1.1 200) 9 headers in 359 bytes (1 switches on core 0)
Sep 04 13:14:26.097205 np0000032636 devstack@n-api.service[71405]: DEBUG nova.api.openstack.wsgi [None req-1d46d252-b781-4dd2-83c5-463eff87f3f0 admin admin] Action: 'create', calling method: <bound method FlavorExtraSpecsController.create of <nova.api.openstack.compute.flavors_extraspecs.FlavorExtraSpecsController object at 0x7efeb234afb0>>, body: {"extra_specs": {"hw_rng:allowed": "True"}} {{(pid=71405) _process_stack /opt/stack/nova/nova/api/openstack/wsgi.py:518}}
Sep 04 13:14:26.109604 np0000032636 devstack@n-api.service[71405]: INFO nova.api.openstack.requestlog [None req-1d46d252-b781-4dd2-83c5-463eff87f3f0 admin admin] 192.168.1.112 "POST /compute/v2.1/flavors/d2/os-extra_specs" status: 200 len: 43 microversion: 2.61 time: 0.014106
Sep 04 13:14:26.109840 np0000032636 devstack@n-api.service[71405]: [pid: 71405|app: 0|req: 6/12] 192.168.1.112 () {72 vars in 1472 bytes} [Thu Sep  4 13:14:26 2025] POST /compute/v2.1/flavors/d2/os-extra_specs => generated 43 bytes in 14 msecs (HTTP/1.1 200) 9 headers in 358 bytes (1 switches on core 0)
Sep 04 13:14:26.196634 np0000032636 devstack@n-api.service[71404]: DEBUG nova.api.openstack.wsgi [None req-1dec4d15-160d-47fb-9b6b-df3f4773c0ad admin admin] Calling method '<bound method VersionsV2.index of <nova.api.openstack.compute.versions.VersionsV2 object at 0x7efeb2a58730>>' {{(pid=71404) _process_stack /opt/stack/nova/nova/api/openstack/wsgi.py:520}}
Sep 04 13:14:26.198351 np0000032636 devstack@n-api.service[71404]: INFO nova.api.openstack.requestlog [None req-1dec4d15-160d-47fb-9b6b-df3f4773c0ad admin admin] 192.168.1.112 "GET /compute/v2.1" status: 200 len: 391 microversion: 2.1 time: 0.001904
Sep 04 13:14:26.198757 np0000032636 devstack@n-api.service[71404]: [pid: 71404|app: 0|req: 7/13] 192.168.1.112 () {62 vars in 1067 bytes} [Thu Sep  4 13:14:26 2025] GET /compute/v2.1 => generated 391 bytes in 2 msecs (HTTP/1.1 200) 9 headers in 357 bytes (1 switches on core 0)
Sep 04 13:14:26.223518 np0000032636 devstack@n-api.service[71405]: DEBUG nova.api.openstack.wsgi [None req-e4e2f0ea-cf56-446d-8027-8e28437fbd38 admin admin] Action: 'create', calling method: <bound method FlavorsController.create of <nova.api.openstack.compute.flavors.FlavorsController object at 0x7efeb2349cf0>>, body: {"flavor": {"swap": 0, "vcpus": 2, "os-flavor-access:is_public": true, "name": "ds2G", "rxtx_factor": 1.0, "id": "d3", "disk": 10, "OS-FLV-EXT-DATA:ephemeral": 0, "ram": 2048}} {{(pid=71405) _process_stack /opt/stack/nova/nova/api/openstack/wsgi.py:518}}
Sep 04 13:14:26.234314 np0000032636 devstack@n-api.service[71405]: INFO nova.api.openstack.requestlog [None req-e4e2f0ea-cf56-446d-8027-8e28437fbd38 admin admin] 192.168.1.112 "POST /compute/v2.1/flavors" status: 200 len: 410 microversion: 2.61 time: 0.030290
Sep 04 13:14:26.234564 np0000032636 devstack@n-api.service[71405]: [pid: 71405|app: 0|req: 7/14] 192.168.1.112 () {72 vars in 1419 bytes} [Thu Sep  4 13:14:26 2025] POST /compute/v2.1/flavors => generated 410 bytes in 31 msecs (HTTP/1.1 200) 9 headers in 359 bytes (1 switches on core 0)
Sep 04 13:14:26.246668 np0000032636 devstack@n-api.service[71404]: DEBUG nova.api.openstack.wsgi [None req-511fe92d-bea5-4042-8ffc-643d1a2d13e1 admin admin] Action: 'create', calling method: <bound method FlavorExtraSpecsController.create of <nova.api.openstack.compute.flavors_extraspecs.FlavorExtraSpecsController object at 0x7efeb234b1c0>>, body: {"extra_specs": {"hw_rng:allowed": "True"}} {{(pid=71404) _process_stack /opt/stack/nova/nova/api/openstack/wsgi.py:518}}
Sep 04 13:14:26.262653 np0000032636 devstack@n-api.service[71404]: INFO nova.api.openstack.requestlog [None req-511fe92d-bea5-4042-8ffc-643d1a2d13e1 admin admin] 192.168.1.112 "POST /compute/v2.1/flavors/d3/os-extra_specs" status: 200 len: 43 microversion: 2.61 time: 0.020316
Sep 04 13:14:26.263408 np0000032636 devstack@n-api.service[71404]: [pid: 71404|app: 0|req: 8/15] 192.168.1.112 () {72 vars in 1472 bytes} [Thu Sep  4 13:14:26 2025] POST /compute/v2.1/flavors/d3/os-extra_specs => generated 43 bytes in 21 msecs (HTTP/1.1 200) 9 headers in 358 bytes (1 switches on core 0)
Sep 04 13:14:26.356709 np0000032636 devstack@n-api.service[71405]: DEBUG nova.api.openstack.wsgi [None req-e4e2f0ea-cf56-446d-8027-8e28437fbd38 admin admin] Calling method '<bound method VersionsV2.index of <nova.api.openstack.compute.versions.VersionsV2 object at 0x7efeb28e1930>>' {{(pid=71405) _process_stack /opt/stack/nova/nova/api/openstack/wsgi.py:520}}
Sep 04 13:14:26.358228 np0000032636 devstack@n-api.service[71405]: INFO nova.api.openstack.requestlog [None req-e4e2f0ea-cf56-446d-8027-8e28437fbd38 admin admin] 192.168.1.112 "GET /compute/v2.1" status: 200 len: 391 microversion: 2.1 time: 0.001731
Sep 04 13:14:26.358405 np0000032636 devstack@n-api.service[71405]: [pid: 71405|app: 0|req: 8/16] 192.168.1.112 () {62 vars in 1067 bytes} [Thu Sep  4 13:14:26 2025] GET /compute/v2.1 => generated 391 bytes in 2 msecs (HTTP/1.1 200) 9 headers in 357 bytes (1 switches on core 0)
Sep 04 13:14:26.383443 np0000032636 devstack@n-api.service[71404]: DEBUG nova.api.openstack.wsgi [None req-450048ca-d114-4431-b7cb-86926bad1066 admin admin] Action: 'create', calling method: <bound method FlavorsController.create of <nova.api.openstack.compute.flavors.FlavorsController object at 0x7efeb2349f00>>, body: {"flavor": {"swap": 0, "vcpus": 4, "os-flavor-access:is_public": true, "name": "ds4G", "rxtx_factor": 1.0, "id": "d4", "disk": 20, "OS-FLV-EXT-DATA:ephemeral": 0, "ram": 4096}} {{(pid=71404) _process_stack /opt/stack/nova/nova/api/openstack/wsgi.py:518}}
Sep 04 13:14:26.393036 np0000032636 devstack@n-api.service[71404]: INFO nova.api.openstack.requestlog [None req-450048ca-d114-4431-b7cb-86926bad1066 admin admin] 192.168.1.112 "POST /compute/v2.1/flavors" status: 200 len: 410 microversion: 2.61 time: 0.029089
Sep 04 13:14:26.393409 np0000032636 devstack@n-api.service[71404]: [pid: 71404|app: 0|req: 9/17] 192.168.1.112 () {72 vars in 1419 bytes} [Thu Sep  4 13:14:26 2025] POST /compute/v2.1/flavors => generated 410 bytes in 30 msecs (HTTP/1.1 200) 9 headers in 359 bytes (1 switches on core 0)
Sep 04 13:14:26.402082 np0000032636 devstack@n-api.service[71405]: DEBUG nova.api.openstack.wsgi [None req-2f1e348b-b2e5-4d22-a4e4-d9fe03c9e6aa admin admin] Action: 'create', calling method: <bound method FlavorExtraSpecsController.create of <nova.api.openstack.compute.flavors_extraspecs.FlavorExtraSpecsController object at 0x7efeb234afb0>>, body: {"extra_specs": {"hw_rng:allowed": "True"}} {{(pid=71405) _process_stack /opt/stack/nova/nova/api/openstack/wsgi.py:518}}
Sep 04 13:14:26.413820 np0000032636 devstack@n-api.service[71405]: INFO nova.api.openstack.requestlog [None req-2f1e348b-b2e5-4d22-a4e4-d9fe03c9e6aa admin admin] 192.168.1.112 "POST /compute/v2.1/flavors/d4/os-extra_specs" status: 200 len: 43 microversion: 2.61 time: 0.013440
Sep 04 13:14:26.414313 np0000032636 devstack@n-api.service[71405]: [pid: 71405|app: 0|req: 9/18] 192.168.1.112 () {72 vars in 1472 bytes} [Thu Sep  4 13:14:26 2025] POST /compute/v2.1/flavors/d4/os-extra_specs => generated 43 bytes in 14 msecs (HTTP/1.1 200) 9 headers in 358 bytes (1 switches on core 0)
Sep 04 13:14:26.504028 np0000032636 devstack@n-api.service[71404]: DEBUG nova.api.openstack.wsgi [None req-450048ca-d114-4431-b7cb-86926bad1066 admin admin] Calling method '<bound method VersionsV2.index of <nova.api.openstack.compute.versions.VersionsV2 object at 0x7efeb2a58730>>' {{(pid=71404) _process_stack /opt/stack/nova/nova/api/openstack/wsgi.py:520}}
Sep 04 13:14:26.505777 np0000032636 devstack@n-api.service[71404]: INFO nova.api.openstack.requestlog [None req-450048ca-d114-4431-b7cb-86926bad1066 admin admin] 192.168.1.112 "GET /compute/v2.1" status: 200 len: 391 microversion: 2.1 time: 0.001979
Sep 04 13:14:26.506099 np0000032636 devstack@n-api.service[71404]: [pid: 71404|app: 0|req: 10/19] 192.168.1.112 () {62 vars in 1067 bytes} [Thu Sep  4 13:14:26 2025] GET /compute/v2.1 => generated 391 bytes in 2 msecs (HTTP/1.1 200) 9 headers in 357 bytes (1 switches on core 0)
Sep 04 13:14:26.532468 np0000032636 devstack@n-api.service[71405]: DEBUG nova.api.openstack.wsgi [None req-038f8681-7cd6-4ceb-b763-eeb320062e38 admin admin] Calling method '<bound method FlavorsController.detail of <nova.api.openstack.compute.flavors.FlavorsController object at 0x7efeb234a290>>' {{(pid=71405) _process_stack /opt/stack/nova/nova/api/openstack/wsgi.py:520}}
Sep 04 13:14:26.543824 np0000032636 devstack@n-api.service[71405]: INFO nova.api.openstack.requestlog [None req-038f8681-7cd6-4ceb-b763-eeb320062e38 admin admin] 192.168.1.112 "GET /compute/v2.1/flavors/detail?is_public=True" status: 200 len: 2136 microversion: 2.61 time: 0.031609
Sep 04 13:14:26.544109 np0000032636 devstack@n-api.service[71405]: [pid: 71405|app: 0|req: 10/20] 192.168.1.112 () {68 vars in 1428 bytes} [Thu Sep  4 13:14:26 2025] GET /compute/v2.1/flavors/detail?is_public=True => generated 2136 bytes in 32 msecs (HTTP/1.1 200) 9 headers in 360 bytes (1 switches on core 0)
Sep 04 13:14:26.632931 np0000032636 devstack@n-api.service[71404]: DEBUG nova.api.openstack.wsgi [None req-450048ca-d114-4431-b7cb-86926bad1066 admin admin] Calling method '<bound method VersionsV2.index of <nova.api.openstack.compute.versions.VersionsV2 object at 0x7efeb2a58730>>' {{(pid=71404) _process_stack /opt/stack/nova/nova/api/openstack/wsgi.py:520}}
Sep 04 13:14:26.634515 np0000032636 devstack@n-api.service[71404]: INFO nova.api.openstack.requestlog [None req-450048ca-d114-4431-b7cb-86926bad1066 admin admin] 192.168.1.112 "GET /compute/v2.1" status: 200 len: 391 microversion: 2.1 time: 0.001784
Sep 04 13:14:26.634790 np0000032636 devstack@n-api.service[71404]: [pid: 71404|app: 0|req: 11/21] 192.168.1.112 () {62 vars in 1067 bytes} [Thu Sep  4 13:14:26 2025] GET /compute/v2.1 => generated 391 bytes in 2 msecs (HTTP/1.1 200) 9 headers in 357 bytes (1 switches on core 0)
Sep 04 13:14:26.658830 np0000032636 devstack@n-api.service[71405]: DEBUG nova.api.openstack.wsgi [None req-2fe0dac5-7b85-4c79-b092-137ffd107866 admin admin] Action: 'create', calling method: <bound method FlavorsController.create of <nova.api.openstack.compute.flavors.FlavorsController object at 0x7efeb2349cf0>>, body: {"flavor": {"swap": 0, "vcpus": 1, "os-flavor-access:is_public": true, "name": "m1.tiny", "rxtx_factor": 1.0, "id": "1", "disk": 1, "OS-FLV-EXT-DATA:ephemeral": 0, "ram": 512}} {{(pid=71405) _process_stack /opt/stack/nova/nova/api/openstack/wsgi.py:518}}
Sep 04 13:14:26.668779 np0000032636 devstack@n-api.service[71405]: INFO nova.api.openstack.requestlog [None req-2fe0dac5-7b85-4c79-b092-137ffd107866 admin admin] 192.168.1.112 "POST /compute/v2.1/flavors" status: 200 len: 408 microversion: 2.61 time: 0.028696
Sep 04 13:14:26.669045 np0000032636 devstack@n-api.service[71405]: [pid: 71405|app: 0|req: 11/22] 192.168.1.112 () {72 vars in 1419 bytes} [Thu Sep  4 13:14:26 2025] POST /compute/v2.1/flavors => generated 408 bytes in 29 msecs (HTTP/1.1 200) 9 headers in 359 bytes (1 switches on core 0)
Sep 04 13:14:26.677265 np0000032636 devstack@n-api.service[71404]: DEBUG nova.api.openstack.wsgi [None req-360fa2fa-8a91-4cc9-95f1-873686bc0887 admin admin] Action: 'create', calling method: <bound method FlavorExtraSpecsController.create of <nova.api.openstack.compute.flavors_extraspecs.FlavorExtraSpecsController object at 0x7efeb234b1c0>>, body: {"extra_specs": {"hw_rng:allowed": "True"}} {{(pid=71404) _process_stack /opt/stack/nova/nova/api/openstack/wsgi.py:518}}
Sep 04 13:14:26.688648 np0000032636 devstack@n-api.service[71404]: INFO nova.api.openstack.requestlog [None req-360fa2fa-8a91-4cc9-95f1-873686bc0887 admin admin] 192.168.1.112 "POST /compute/v2.1/flavors/1/os-extra_specs" status: 200 len: 43 microversion: 2.61 time: 0.013066
Sep 04 13:14:26.689005 np0000032636 devstack@n-api.service[71404]: [pid: 71404|app: 0|req: 12/23] 192.168.1.112 () {72 vars in 1469 bytes} [Thu Sep  4 13:14:26 2025] POST /compute/v2.1/flavors/1/os-extra_specs => generated 43 bytes in 13 msecs (HTTP/1.1 200) 9 headers in 358 bytes (1 switches on core 0)
Sep 04 13:14:26.776812 np0000032636 devstack@n-api.service[71405]: DEBUG nova.api.openstack.wsgi [None req-2fe0dac5-7b85-4c79-b092-137ffd107866 admin admin] Calling method '<bound method VersionsV2.index of <nova.api.openstack.compute.versions.VersionsV2 object at 0x7efeb28e1930>>' {{(pid=71405) _process_stack /opt/stack/nova/nova/api/openstack/wsgi.py:520}}
Sep 04 13:14:26.778372 np0000032636 devstack@n-api.service[71405]: INFO nova.api.openstack.requestlog [None req-2fe0dac5-7b85-4c79-b092-137ffd107866 admin admin] 192.168.1.112 "GET /compute/v2.1" status: 200 len: 391 microversion: 2.1 time: 0.001781
Sep 04 13:14:26.778579 np0000032636 devstack@n-api.service[71405]: [pid: 71405|app: 0|req: 12/24] 192.168.1.112 () {62 vars in 1067 bytes} [Thu Sep  4 13:14:26 2025] GET /compute/v2.1 => generated 391 bytes in 2 msecs (HTTP/1.1 200) 9 headers in 357 bytes (1 switches on core 0)
Sep 04 13:14:26.803524 np0000032636 devstack@n-api.service[71404]: DEBUG nova.api.openstack.wsgi [None req-cb7b0712-3dc9-47de-b62a-cd5a3b0771bd admin admin] Action: 'create', calling method: <bound method FlavorsController.create of <nova.api.openstack.compute.flavors.FlavorsController object at 0x7efeb2349f00>>, body: {"flavor": {"swap": 0, "vcpus": 1, "os-flavor-access:is_public": true, "name": "m1.small", "rxtx_factor": 1.0, "id": "2", "disk": 20, "OS-FLV-EXT-DATA:ephemeral": 0, "ram": 2048}} {{(pid=71404) _process_stack /opt/stack/nova/nova/api/openstack/wsgi.py:518}}
Sep 04 13:14:26.813102 np0000032636 devstack@n-api.service[71404]: INFO nova.api.openstack.requestlog [None req-cb7b0712-3dc9-47de-b62a-cd5a3b0771bd admin admin] 192.168.1.112 "POST /compute/v2.1/flavors" status: 200 len: 411 microversion: 2.61 time: 0.028908
Sep 04 13:14:26.813472 np0000032636 devstack@n-api.service[71404]: [pid: 71404|app: 0|req: 13/25] 192.168.1.112 () {72 vars in 1419 bytes} [Thu Sep  4 13:14:26 2025] POST /compute/v2.1/flavors => generated 411 bytes in 29 msecs (HTTP/1.1 200) 9 headers in 359 bytes (1 switches on core 0)
Sep 04 13:14:26.822288 np0000032636 devstack@n-api.service[71405]: DEBUG nova.api.openstack.wsgi [None req-a7897dc0-d030-4954-a5b4-2aa30df6b253 admin admin] Action: 'create', calling method: <bound method FlavorExtraSpecsController.create of <nova.api.openstack.compute.flavors_extraspecs.FlavorExtraSpecsController object at 0x7efeb234afb0>>, body: {"extra_specs": {"hw_rng:allowed": "True"}} {{(pid=71405) _process_stack /opt/stack/nova/nova/api/openstack/wsgi.py:518}}
Sep 04 13:14:26.834018 np0000032636 devstack@n-api.service[71405]: INFO nova.api.openstack.requestlog [None req-a7897dc0-d030-4954-a5b4-2aa30df6b253 admin admin] 192.168.1.112 "POST /compute/v2.1/flavors/2/os-extra_specs" status: 200 len: 43 microversion: 2.61 time: 0.013476
Sep 04 13:14:26.834346 np0000032636 devstack@n-api.service[71405]: [pid: 71405|app: 0|req: 13/26] 192.168.1.112 () {72 vars in 1469 bytes} [Thu Sep  4 13:14:26 2025] POST /compute/v2.1/flavors/2/os-extra_specs => generated 43 bytes in 14 msecs (HTTP/1.1 200) 9 headers in 358 bytes (1 switches on core 0)
Sep 04 13:14:26.950610 np0000032636 devstack@n-api.service[71404]: DEBUG nova.api.openstack.wsgi [None req-cb7b0712-3dc9-47de-b62a-cd5a3b0771bd admin admin] Calling method '<bound method VersionsV2.index of <nova.api.openstack.compute.versions.VersionsV2 object at 0x7efeb2a58730>>' {{(pid=71404) _process_stack /opt/stack/nova/nova/api/openstack/wsgi.py:520}}
Sep 04 13:14:26.950610 np0000032636 devstack@n-api.service[71404]: INFO nova.api.openstack.requestlog [None req-cb7b0712-3dc9-47de-b62a-cd5a3b0771bd admin admin] 192.168.1.112 "GET /compute/v2.1" status: 200 len: 391 microversion: 2.1 time: 0.001841
Sep 04 13:14:26.950610 np0000032636 devstack@n-api.service[71404]: [pid: 71404|app: 0|req: 14/27] 192.168.1.112 () {62 vars in 1067 bytes} [Thu Sep  4 13:14:26 2025] GET /compute/v2.1 => generated 391 bytes in 2 msecs (HTTP/1.1 200) 9 headers in 357 bytes (1 switches on core 0)
Sep 04 13:14:26.985524 np0000032636 devstack@n-api.service[71405]: DEBUG nova.api.openstack.wsgi [None req-2855acfb-564c-4c37-9c7e-3d21b98b0492 admin admin] Action: 'create', calling method: <bound method FlavorsController.create of <nova.api.openstack.compute.flavors.FlavorsController object at 0x7efeb2349cf0>>, body: {"flavor": {"swap": 0, "vcpus": 2, "os-flavor-access:is_public": true, "name": "m1.medium", "rxtx_factor": 1.0, "id": "3", "disk": 40, "OS-FLV-EXT-DATA:ephemeral": 0, "ram": 4096}} {{(pid=71405) _process_stack /opt/stack/nova/nova/api/openstack/wsgi.py:518}}
Sep 04 13:14:26.996437 np0000032636 devstack@n-api.service[71405]: INFO nova.api.openstack.requestlog [None req-2855acfb-564c-4c37-9c7e-3d21b98b0492 admin admin] 192.168.1.112 "POST /compute/v2.1/flavors" status: 200 len: 412 microversion: 2.61 time: 0.038260
Sep 04 13:14:26.996854 np0000032636 devstack@n-api.service[71405]: [pid: 71405|app: 0|req: 14/28] 192.168.1.112 () {72 vars in 1419 bytes} [Thu Sep  4 13:14:26 2025] POST /compute/v2.1/flavors => generated 412 bytes in 39 msecs (HTTP/1.1 200) 9 headers in 359 bytes (1 switches on core 0)
Sep 04 13:14:27.006857 np0000032636 devstack@n-api.service[71404]: DEBUG nova.api.openstack.wsgi [None req-f6d80d4f-9a85-48c0-b88e-269927fcd3ad admin admin] Action: 'create', calling method: <bound method FlavorExtraSpecsController.create of <nova.api.openstack.compute.flavors_extraspecs.FlavorExtraSpecsController object at 0x7efeb234b1c0>>, body: {"extra_specs": {"hw_rng:allowed": "True"}} {{(pid=71404) _process_stack /opt/stack/nova/nova/api/openstack/wsgi.py:518}}
Sep 04 13:14:27.019091 np0000032636 devstack@n-api.service[71404]: INFO nova.api.openstack.requestlog [None req-f6d80d4f-9a85-48c0-b88e-269927fcd3ad admin admin] 192.168.1.112 "POST /compute/v2.1/flavors/3/os-extra_specs" status: 200 len: 43 microversion: 2.61 time: 0.014704
Sep 04 13:14:27.019572 np0000032636 devstack@n-api.service[71404]: [pid: 71404|app: 0|req: 15/29] 192.168.1.112 () {72 vars in 1469 bytes} [Thu Sep  4 13:14:27 2025] POST /compute/v2.1/flavors/3/os-extra_specs => generated 43 bytes in 15 msecs (HTTP/1.1 200) 9 headers in 358 bytes (1 switches on core 0)
Sep 04 13:14:27.119504 np0000032636 devstack@n-api.service[71405]: DEBUG nova.api.openstack.wsgi [None req-2855acfb-564c-4c37-9c7e-3d21b98b0492 admin admin] Calling method '<bound method VersionsV2.index of <nova.api.openstack.compute.versions.VersionsV2 object at 0x7efeb28e1930>>' {{(pid=71405) _process_stack /opt/stack/nova/nova/api/openstack/wsgi.py:520}}
Sep 04 13:14:27.121114 np0000032636 devstack@n-api.service[71405]: INFO nova.api.openstack.requestlog [None req-2855acfb-564c-4c37-9c7e-3d21b98b0492 admin admin] 192.168.1.112 "GET /compute/v2.1" status: 200 len: 391 microversion: 2.1 time: 0.001801
Sep 04 13:14:27.121301 np0000032636 devstack@n-api.service[71405]: [pid: 71405|app: 0|req: 15/30] 192.168.1.112 () {62 vars in 1067 bytes} [Thu Sep  4 13:14:27 2025] GET /compute/v2.1 => generated 391 bytes in 2 msecs (HTTP/1.1 200) 9 headers in 357 bytes (1 switches on core 0)
Sep 04 13:14:27.147507 np0000032636 devstack@n-api.service[71404]: DEBUG nova.api.openstack.wsgi [None req-7ee93f53-36a5-435b-b78a-2e33ce33cfa2 admin admin] Action: 'create', calling method: <bound method FlavorsController.create of <nova.api.openstack.compute.flavors.FlavorsController object at 0x7efeb2349f00>>, body: {"flavor": {"swap": 0, "vcpus": 4, "os-flavor-access:is_public": true, "name": "m1.large", "rxtx_factor": 1.0, "id": "4", "disk": 80, "OS-FLV-EXT-DATA:ephemeral": 0, "ram": 8192}} {{(pid=71404) _process_stack /opt/stack/nova/nova/api/openstack/wsgi.py:518}}
Sep 04 13:14:27.157857 np0000032636 devstack@n-api.service[71404]: INFO nova.api.openstack.requestlog [None req-7ee93f53-36a5-435b-b78a-2e33ce33cfa2 admin admin] 192.168.1.112 "POST /compute/v2.1/flavors" status: 200 len: 411 microversion: 2.61 time: 0.030671
Sep 04 13:14:27.158456 np0000032636 devstack@n-api.service[71404]: [pid: 71404|app: 0|req: 16/31] 192.168.1.112 () {72 vars in 1419 bytes} [Thu Sep  4 13:14:27 2025] POST /compute/v2.1/flavors => generated 411 bytes in 31 msecs (HTTP/1.1 200) 9 headers in 359 bytes (1 switches on core 0)
Sep 04 13:14:27.167932 np0000032636 devstack@n-api.service[71405]: DEBUG nova.api.openstack.wsgi [None req-0438f0a3-299c-45e4-b9d5-396b449130d1 admin admin] Action: 'create', calling method: <bound method FlavorExtraSpecsController.create of <nova.api.openstack.compute.flavors_extraspecs.FlavorExtraSpecsController object at 0x7efeb234afb0>>, body: {"extra_specs": {"hw_rng:allowed": "True"}} {{(pid=71405) _process_stack /opt/stack/nova/nova/api/openstack/wsgi.py:518}}
Sep 04 13:14:27.179933 np0000032636 devstack@n-api.service[71405]: INFO nova.api.openstack.requestlog [None req-0438f0a3-299c-45e4-b9d5-396b449130d1 admin admin] 192.168.1.112 "POST /compute/v2.1/flavors/4/os-extra_specs" status: 200 len: 43 microversion: 2.61 time: 0.013716
Sep 04 13:14:27.180194 np0000032636 devstack@n-api.service[71405]: [pid: 71405|app: 0|req: 16/32] 192.168.1.112 () {72 vars in 1469 bytes} [Thu Sep  4 13:14:27 2025] POST /compute/v2.1/flavors/4/os-extra_specs => generated 43 bytes in 14 msecs (HTTP/1.1 200) 9 headers in 358 bytes (1 switches on core 0)
Sep 04 13:14:27.275681 np0000032636 devstack@n-api.service[71404]: DEBUG nova.api.openstack.wsgi [None req-7ee93f53-36a5-435b-b78a-2e33ce33cfa2 admin admin] Calling method '<bound method VersionsV2.index of <nova.api.openstack.compute.versions.VersionsV2 object at 0x7efeb2a58730>>' {{(pid=71404) _process_stack /opt/stack/nova/nova/api/openstack/wsgi.py:520}}
Sep 04 13:14:27.275681 np0000032636 devstack@n-api.service[71404]: INFO nova.api.openstack.requestlog [None req-7ee93f53-36a5-435b-b78a-2e33ce33cfa2 admin admin] 192.168.1.112 "GET /compute/v2.1" status: 200 len: 391 microversion: 2.1 time: 0.001731
Sep 04 13:14:27.275681 np0000032636 devstack@n-api.service[71404]: [pid: 71404|app: 0|req: 17/33] 192.168.1.112 () {62 vars in 1067 bytes} [Thu Sep  4 13:14:27 2025] GET /compute/v2.1 => generated 391 bytes in 2 msecs (HTTP/1.1 200) 9 headers in 357 bytes (1 switches on core 0)
Sep 04 13:14:27.309187 np0000032636 devstack@n-api.service[71405]: DEBUG nova.api.openstack.wsgi [None req-ddadd234-f7ec-44d9-b3ca-39c69c4e58c5 admin admin] Action: 'create', calling method: <bound method FlavorsController.create of <nova.api.openstack.compute.flavors.FlavorsController object at 0x7efeb2349cf0>>, body: {"flavor": {"swap": 0, "vcpus": 8, "os-flavor-access:is_public": true, "name": "m1.xlarge", "rxtx_factor": 1.0, "id": "5", "disk": 160, "OS-FLV-EXT-DATA:ephemeral": 0, "ram": 16384}} {{(pid=71405) _process_stack /opt/stack/nova/nova/api/openstack/wsgi.py:518}}
Sep 04 13:14:27.319126 np0000032636 devstack@n-api.service[71405]: INFO nova.api.openstack.requestlog [None req-ddadd234-f7ec-44d9-b3ca-39c69c4e58c5 admin admin] 192.168.1.112 "POST /compute/v2.1/flavors" status: 200 len: 414 microversion: 2.61 time: 0.033726
Sep 04 13:14:27.319381 np0000032636 devstack@n-api.service[71405]: [pid: 71405|app: 0|req: 17/34] 192.168.1.112 () {72 vars in 1419 bytes} [Thu Sep  4 13:14:27 2025] POST /compute/v2.1/flavors => generated 414 bytes in 34 msecs (HTTP/1.1 200) 9 headers in 359 bytes (1 switches on core 0)
Sep 04 13:14:27.331859 np0000032636 devstack@n-api.service[71404]: DEBUG nova.api.openstack.wsgi [None req-a72076d2-68b9-44df-a7d6-0f7c34cadb89 admin admin] Action: 'create', calling method: <bound method FlavorExtraSpecsController.create of <nova.api.openstack.compute.flavors_extraspecs.FlavorExtraSpecsController object at 0x7efeb234b1c0>>, body: {"extra_specs": {"hw_rng:allowed": "True"}} {{(pid=71404) _process_stack /opt/stack/nova/nova/api/openstack/wsgi.py:518}}
Sep 04 13:14:27.341597 np0000032636 devstack@n-api.service[71404]: INFO nova.api.openstack.requestlog [None req-a72076d2-68b9-44df-a7d6-0f7c34cadb89 admin admin] 192.168.1.112 "POST /compute/v2.1/flavors/5/os-extra_specs" status: 200 len: 43 microversion: 2.61 time: 0.014636
Sep 04 13:14:27.342455 np0000032636 devstack@n-api.service[71404]: [pid: 71404|app: 0|req: 18/35] 192.168.1.112 () {72 vars in 1469 bytes} [Thu Sep  4 13:14:27 2025] POST /compute/v2.1/flavors/5/os-extra_specs => generated 43 bytes in 16 msecs (HTTP/1.1 200) 9 headers in 358 bytes (1 switches on core 0)
Sep 04 13:14:32.225301 np0000032636 devstack@n-api.service[71405]: DEBUG nova.api.openstack.wsgi [None req-ddadd234-f7ec-44d9-b3ca-39c69c4e58c5 admin admin] Calling method '<bound method VersionsV2.index of <nova.api.openstack.compute.versions.VersionsV2 object at 0x7efeb28e1930>>' {{(pid=71405) _process_stack /opt/stack/nova/nova/api/openstack/wsgi.py:520}}
Sep 04 13:14:32.226835 np0000032636 devstack@n-api.service[71405]: INFO nova.api.openstack.requestlog [None req-ddadd234-f7ec-44d9-b3ca-39c69c4e58c5 admin admin] 192.168.1.112 "GET /compute/v2.1" status: 200 len: 391 microversion: 2.1 time: 0.001757
Sep 04 13:14:32.227028 np0000032636 devstack@n-api.service[71405]: [pid: 71405|app: 0|req: 18/36] 192.168.1.112 () {62 vars in 1067 bytes} [Thu Sep  4 13:14:32 2025] GET /compute/v2.1 => generated 391 bytes in 2 msecs (HTTP/1.1 200) 9 headers in 357 bytes (1 switches on core 0)
Sep 04 13:14:32.252427 np0000032636 devstack@n-api.service[71404]: DEBUG nova.api.openstack.wsgi [None req-61c8156a-c2a7-41c7-b086-a65e4610bae2 admin admin] Calling method '<bound method FlavorsController.detail of <nova.api.openstack.compute.flavors.FlavorsController object at 0x7efeb234a4a0>>' {{(pid=71404) _process_stack /opt/stack/nova/nova/api/openstack/wsgi.py:520}}
Sep 04 13:14:32.260429 np0000032636 devstack@n-api.service[71404]: INFO nova.api.openstack.requestlog [None req-61c8156a-c2a7-41c7-b086-a65e4610bae2 admin admin] 192.168.1.112 "GET /compute/v2.1/flavors/detail?is_public=True" status: 200 len: 4262 microversion: 2.61 time: 0.027798
Sep 04 13:14:32.260686 np0000032636 devstack@n-api.service[71404]: [pid: 71404|app: 0|req: 19/37] 192.168.1.112 () {68 vars in 1428 bytes} [Thu Sep  4 13:14:32 2025] GET /compute/v2.1/flavors/detail?is_public=True => generated 4262 bytes in 28 msecs (HTTP/1.1 200) 9 headers in 360 bytes (1 switches on core 0)
Sep 04 13:14:32.370503 np0000032636 devstack@n-api.service[71405]: DEBUG nova.api.openstack.wsgi [None req-ddadd234-f7ec-44d9-b3ca-39c69c4e58c5 admin admin] Calling method '<bound method VersionsV2.index of <nova.api.openstack.compute.versions.VersionsV2 object at 0x7efeb28e1930>>' {{(pid=71405) _process_stack /opt/stack/nova/nova/api/openstack/wsgi.py:520}}
Sep 04 13:14:32.372022 np0000032636 devstack@n-api.service[71405]: INFO nova.api.openstack.requestlog [None req-ddadd234-f7ec-44d9-b3ca-39c69c4e58c5 admin admin] 192.168.1.112 "GET /compute/v2.1" status: 200 len: 391 microversion: 2.1 time: 0.001683
Sep 04 13:14:32.372206 np0000032636 devstack@n-api.service[71405]: [pid: 71405|app: 0|req: 19/38] 192.168.1.112 () {62 vars in 1067 bytes} [Thu Sep  4 13:14:32 2025] GET /compute/v2.1 => generated 391 bytes in 2 msecs (HTTP/1.1 200) 9 headers in 357 bytes (1 switches on core 0)
Sep 04 13:14:32.396493 np0000032636 devstack@n-api.service[71404]: DEBUG nova.api.openstack.wsgi [None req-50cacf6f-33c2-4580-9299-f1b3c6dc7e3b admin admin] Action: 'create', calling method: <bound method FlavorsController.create of <nova.api.openstack.compute.flavors.FlavorsController object at 0x7efeb2349f00>>, body: {"flavor": {"swap": 0, "vcpus": 1, "os-flavor-access:is_public": true, "name": "manila-service-flavor", "rxtx_factor": 1.0, "id": "100", "disk": 5, "OS-FLV-EXT-DATA:ephemeral": 0, "ram": 1024}} {{(pid=71404) _process_stack /opt/stack/nova/nova/api/openstack/wsgi.py:518}}
Sep 04 13:14:32.405857 np0000032636 devstack@n-api.service[71404]: INFO nova.api.openstack.requestlog [None req-50cacf6f-33c2-4580-9299-f1b3c6dc7e3b admin admin] 192.168.1.112 "POST /compute/v2.1/flavors" status: 200 len: 429 microversion: 2.61 time: 0.028280
Sep 04 13:14:32.406235 np0000032636 devstack@n-api.service[71404]: [pid: 71404|app: 0|req: 20/39] 192.168.1.112 () {72 vars in 1419 bytes} [Thu Sep  4 13:14:32 2025] POST /compute/v2.1/flavors => generated 429 bytes in 29 msecs (HTTP/1.1 200) 9 headers in 359 bytes (1 switches on core 0)
Sep 04 13:15:09.683326 np0000032636 devstack@n-api.service[71405]: DEBUG nova.api.openstack.wsgi [None req-ddadd234-f7ec-44d9-b3ca-39c69c4e58c5 admin admin] Calling method '<bound method VersionsV2.index of <nova.api.openstack.compute.versions.VersionsV2 object at 0x7efeb28e1930>>' {{(pid=71405) _process_stack /opt/stack/nova/nova/api/openstack/wsgi.py:520}}
Sep 04 13:15:09.684313 np0000032636 devstack@n-api.service[71405]: INFO nova.api.openstack.requestlog [None req-ddadd234-f7ec-44d9-b3ca-39c69c4e58c5 admin admin] 192.168.1.112 "GET /compute/v2.1" status: 200 len: 391 microversion: 2.1 time: 0.001775
Sep 04 13:15:09.684498 np0000032636 devstack@n-api.service[71405]: [pid: 71405|app: 0|req: 20/40] 192.168.1.112 () {62 vars in 1067 bytes} [Thu Sep  4 13:15:09 2025] GET /compute/v2.1 => generated 391 bytes in 2 msecs (HTTP/1.1 200) 9 headers in 357 bytes (1 switches on core 0)
Sep 04 13:15:09.692299 np0000032636 devstack@n-api.service[71404]: DEBUG dbcounter [-] [71404] Writing DB stats nova_api:SELECT=23,nova_api:INSERT=11,nova_api:SAVEPOINT=5,nova_api:RELEASE=5 {{(pid=71404) stat_writer /opt/stack/data/venv/lib/python3.10/site-packages/dbcounter.py:115}}
Sep 04 13:15:09.711901 np0000032636 devstack@n-api.service[71404]: DEBUG nova.api.openstack.wsgi [None req-2ab8d1e5-9bc6-4f9d-a2f9-84ba7578313d admin admin] Calling method '<function Controller.__getattribute__.<locals>.version_select at 0x7efeb1eaf9a0>' {{(pid=71404) _process_stack /opt/stack/nova/nova/api/openstack/wsgi.py:520}}
Sep 04 13:15:09.714041 np0000032636 devstack@n-api.service[71404]: WARNING oslo_db.sqlalchemy.utils [None req-2ab8d1e5-9bc6-4f9d-a2f9-84ba7578313d admin admin] Unique keys not in sort_keys. The sorting order may be unstable.
Sep 04 13:15:09.720651 np0000032636 devstack@n-api.service[71404]: INFO nova.api.openstack.requestlog [None req-2ab8d1e5-9bc6-4f9d-a2f9-84ba7578313d admin admin] 192.168.1.112 "GET /compute/v2.1/os-keypairs" status: 200 len: 16 microversion: 2.10 time: 0.030492
