Aug 22 07:22:06.519085 np0000032568 devstack@n-api.service[72055]: DEBUG nova.api.openstack.wsgi_app [-] oslo_messaging_rabbit.ssl_ca_file =  {{(pid=72055) log_opt_values /opt/stack/data/venv/lib/python3.12/site-packages/oslo_config/cfg.py:2824}}
Aug 22 07:22:06.519102 np0000032568 devstack@n-api.service[72056]: DEBUG nova.api.openstack.wsgi_app [-] oslo_reports.file_event_handler_interval = 1 {{(pid=72056) log_opt_values /opt/stack/data/venv/lib/python3.12/site-packages/oslo_config/cfg.py:2824}}
Aug 22 07:22:06.519167 np0000032568 devstack@n-api.service[72055]: DEBUG nova.api.openstack.wsgi_app [-] oslo_messaging_rabbit.ssl_cert_file =  {{(pid=72055) log_opt_values /opt/stack/data/venv/lib/python3.12/site-packages/oslo_config/cfg.py:2824}}
Aug 22 07:22:06.519193 np0000032568 devstack@n-api.service[72056]: DEBUG nova.api.openstack.wsgi_app [-] oslo_reports.log_dir           = None {{(pid=72056) log_opt_values /opt/stack/data/venv/lib/python3.12/site-packages/oslo_config/cfg.py:2824}}
Aug 22 07:22:06.519240 np0000032568 devstack@n-api.service[72056]: DEBUG nova.api.openstack.wsgi_app [-] ******************************************************************************** {{(pid=72056) log_opt_values /opt/stack/data/venv/lib/python3.12/site-packages/oslo_config/cfg.py:2828}}
Aug 22 07:22:06.519266 np0000032568 devstack@n-api.service[72055]: DEBUG nova.api.openstack.wsgi_app [-] oslo_messaging_rabbit.ssl_enforce_fips_mode = False {{(pid=72055) log_opt_values /opt/stack/data/venv/lib/python3.12/site-packages/oslo_config/cfg.py:2824}}
Aug 22 07:22:06.519342 np0000032568 devstack@n-api.service[72055]: DEBUG nova.api.openstack.wsgi_app [-] oslo_messaging_rabbit.ssl_key_file =  {{(pid=72055) log_opt_values /opt/stack/data/venv/lib/python3.12/site-packages/oslo_config/cfg.py:2824}}
Aug 22 07:22:06.519426 np0000032568 devstack@n-api.service[72055]: DEBUG nova.api.openstack.wsgi_app [-] oslo_messaging_rabbit.ssl_version =  {{(pid=72055) log_opt_values /opt/stack/data/venv/lib/python3.12/site-packages/oslo_config/cfg.py:2824}}
Aug 22 07:22:06.519507 np0000032568 devstack@n-api.service[72055]: DEBUG nova.api.openstack.wsgi_app [-] oslo_messaging_rabbit.use_queue_manager = False {{(pid=72055) log_opt_values /opt/stack/data/venv/lib/python3.12/site-packages/oslo_config/cfg.py:2824}}
Aug 22 07:22:06.519600 np0000032568 devstack@n-api.service[72055]: DEBUG nova.api.openstack.wsgi_app [-] oslo_messaging_notifications.driver = ['messagingv2'] {{(pid=72055) log_opt_values /opt/stack/data/venv/lib/python3.12/site-packages/oslo_config/cfg.py:2824}}
Aug 22 07:22:06.519682 np0000032568 devstack@n-api.service[72055]: DEBUG nova.api.openstack.wsgi_app [-] oslo_messaging_notifications.retry = -1 {{(pid=72055) log_opt_values /opt/stack/data/venv/lib/python3.12/site-packages/oslo_config/cfg.py:2824}}
Aug 22 07:22:06.519769 np0000032568 devstack@n-api.service[72055]: DEBUG nova.api.openstack.wsgi_app [-] oslo_messaging_notifications.topics = ['notifications'] {{(pid=72055) log_opt_values /opt/stack/data/venv/lib/python3.12/site-packages/oslo_config/cfg.py:2824}}
Aug 22 07:22:06.519855 np0000032568 devstack@n-api.service[72055]: DEBUG nova.api.openstack.wsgi_app [-] oslo_messaging_notifications.transport_url = **** {{(pid=72055) log_opt_values /opt/stack/data/venv/lib/python3.12/site-packages/oslo_config/cfg.py:2824}}
Aug 22 07:22:06.519937 np0000032568 devstack@n-api.service[72055]: DEBUG nova.api.openstack.wsgi_app [-] oslo_reports.file_event_handler = None {{(pid=72055) log_opt_values /opt/stack/data/venv/lib/python3.12/site-packages/oslo_config/cfg.py:2824}}
Aug 22 07:22:06.520020 np0000032568 devstack@n-api.service[72055]: DEBUG nova.api.openstack.wsgi_app [-] oslo_reports.file_event_handler_interval = 1 {{(pid=72055) log_opt_values /opt/stack/data/venv/lib/python3.12/site-packages/oslo_config/cfg.py:2824}}
Aug 22 07:22:06.520100 np0000032568 devstack@n-api.service[72055]: DEBUG nova.api.openstack.wsgi_app [-] oslo_reports.log_dir           = None {{(pid=72055) log_opt_values /opt/stack/data/venv/lib/python3.12/site-packages/oslo_config/cfg.py:2824}}
Aug 22 07:22:06.520166 np0000032568 devstack@n-api.service[72055]: DEBUG nova.api.openstack.wsgi_app [-] ******************************************************************************** {{(pid=72055) log_opt_values /opt/stack/data/venv/lib/python3.12/site-packages/oslo_config/cfg.py:2828}}
Aug 22 07:22:06.547713 np0000032568 devstack@n-api.service[72056]: INFO dbcounter [None req-b21a3487-b11f-40dc-b9a0-630ecdadf837 None None] Registered counter for database nova_api
Aug 22 07:22:06.548502 np0000032568 devstack@n-api.service[72055]: INFO dbcounter [None req-bc977af0-0982-42e8-a20e-2cd1c4c54536 None None] Registered counter for database nova_api
Aug 22 07:22:06.557111 np0000032568 devstack@n-api.service[72056]: DEBUG oslo_db.sqlalchemy.engines [None req-b21a3487-b11f-40dc-b9a0-630ecdadf837 None None] MySQL server mode set to STRICT_TRANS_TABLES,STRICT_ALL_TABLES,NO_ZERO_IN_DATE,NO_ZERO_DATE,ERROR_FOR_DIVISION_BY_ZERO,TRADITIONAL,NO_ENGINE_SUBSTITUTION {{(pid=72056) _check_effective_sql_mode /opt/stack/data/venv/lib/python3.12/site-packages/oslo_db/sqlalchemy/engines.py:397}}
Aug 22 07:22:06.557808 np0000032568 devstack@n-api.service[72055]: DEBUG oslo_db.sqlalchemy.engines [None req-bc977af0-0982-42e8-a20e-2cd1c4c54536 None None] MySQL server mode set to STRICT_TRANS_TABLES,STRICT_ALL_TABLES,NO_ZERO_IN_DATE,NO_ZERO_DATE,ERROR_FOR_DIVISION_BY_ZERO,TRADITIONAL,NO_ENGINE_SUBSTITUTION {{(pid=72055) _check_effective_sql_mode /opt/stack/data/venv/lib/python3.12/site-packages/oslo_db/sqlalchemy/engines.py:397}}
Aug 22 07:22:06.579446 np0000032568 devstack@n-api.service[72056]: DEBUG dbcounter [-] [72056] Writer thread running {{(pid=72056) stat_writer /opt/stack/data/venv/lib/python3.12/site-packages/dbcounter.py:102}}
Aug 22 07:22:06.580023 np0000032568 devstack@n-api.service[72055]: DEBUG dbcounter [-] [72055] Writer thread running {{(pid=72055) stat_writer /opt/stack/data/venv/lib/python3.12/site-packages/dbcounter.py:102}}
Aug 22 07:22:06.581104 np0000032568 devstack@n-api.service[72056]: DEBUG nova.context [None req-b21a3487-b11f-40dc-b9a0-630ecdadf837 None None] Found 2 cells: 00000000-0000-0000-0000-000000000000(cell0),7d87d2ef-5868-432a-b7cc-7649a00d83de(cell1) {{(pid=72056) load_cells /opt/stack/nova/nova/context.py:464}}
Aug 22 07:22:06.581602 np0000032568 devstack@n-api.service[72055]: DEBUG nova.context [None req-bc977af0-0982-42e8-a20e-2cd1c4c54536 None None] Found 2 cells: 00000000-0000-0000-0000-000000000000(cell0),7d87d2ef-5868-432a-b7cc-7649a00d83de(cell1) {{(pid=72055) load_cells /opt/stack/nova/nova/context.py:464}}
Aug 22 07:22:06.582531 np0000032568 devstack@n-api.service[72056]: DEBUG oslo_concurrency.lockutils [None req-b21a3487-b11f-40dc-b9a0-630ecdadf837 None None] Acquiring lock "00000000-0000-0000-0000-000000000000" by "nova.context.set_target_cell.<locals>.get_or_set_cached_cell_and_set_connections" {{(pid=72056) inner /opt/stack/data/venv/lib/python3.12/site-packages/oslo_concurrency/lockutils.py:405}}
Aug 22 07:22:06.582708 np0000032568 devstack@n-api.service[72056]: DEBUG oslo_concurrency.lockutils [None req-b21a3487-b11f-40dc-b9a0-630ecdadf837 None None] Lock "00000000-0000-0000-0000-000000000000" acquired by "nova.context.set_target_cell.<locals>.get_or_set_cached_cell_and_set_connections" :: waited 0.000s {{(pid=72056) inner /opt/stack/data/venv/lib/python3.12/site-packages/oslo_concurrency/lockutils.py:410}}
Aug 22 07:22:06.582996 np0000032568 devstack@n-api.service[72055]: DEBUG oslo_concurrency.lockutils [None req-bc977af0-0982-42e8-a20e-2cd1c4c54536 None None] Acquiring lock "00000000-0000-0000-0000-000000000000" by "nova.context.set_target_cell.<locals>.get_or_set_cached_cell_and_set_connections" {{(pid=72055) inner /opt/stack/data/venv/lib/python3.12/site-packages/oslo_concurrency/lockutils.py:405}}
Aug 22 07:22:06.583015 np0000032568 devstack@n-api.service[72056]: DEBUG oslo_concurrency.lockutils [None req-b21a3487-b11f-40dc-b9a0-630ecdadf837 None None] Lock "00000000-0000-0000-0000-000000000000" "released" by "nova.context.set_target_cell.<locals>.get_or_set_cached_cell_and_set_connections" :: held 0.000s {{(pid=72056) inner /opt/stack/data/venv/lib/python3.12/site-packages/oslo_concurrency/lockutils.py:424}}
Aug 22 07:22:06.583172 np0000032568 devstack@n-api.service[72055]: DEBUG oslo_concurrency.lockutils [None req-bc977af0-0982-42e8-a20e-2cd1c4c54536 None None] Lock "00000000-0000-0000-0000-000000000000" acquired by "nova.context.set_target_cell.<locals>.get_or_set_cached_cell_and_set_connections" :: waited 0.000s {{(pid=72055) inner /opt/stack/data/venv/lib/python3.12/site-packages/oslo_concurrency/lockutils.py:410}}
Aug 22 07:22:06.583358 np0000032568 devstack@n-api.service[72056]: DEBUG oslo_concurrency.lockutils [None req-b21a3487-b11f-40dc-b9a0-630ecdadf837 None None] Acquiring lock "7d87d2ef-5868-432a-b7cc-7649a00d83de" by "nova.context.set_target_cell.<locals>.get_or_set_cached_cell_and_set_connections" {{(pid=72056) inner /opt/stack/data/venv/lib/python3.12/site-packages/oslo_concurrency/lockutils.py:405}}
Aug 22 07:22:06.583496 np0000032568 devstack@n-api.service[72056]: DEBUG oslo_concurrency.lockutils [None req-b21a3487-b11f-40dc-b9a0-630ecdadf837 None None] Lock "7d87d2ef-5868-432a-b7cc-7649a00d83de" acquired by "nova.context.set_target_cell.<locals>.get_or_set_cached_cell_and_set_connections" :: waited 0.000s {{(pid=72056) inner /opt/stack/data/venv/lib/python3.12/site-packages/oslo_concurrency/lockutils.py:410}}
Aug 22 07:22:06.583516 np0000032568 devstack@n-api.service[72055]: DEBUG oslo_concurrency.lockutils [None req-bc977af0-0982-42e8-a20e-2cd1c4c54536 None None] Lock "00000000-0000-0000-0000-000000000000" "released" by "nova.context.set_target_cell.<locals>.get_or_set_cached_cell_and_set_connections" :: held 0.000s {{(pid=72055) inner /opt/stack/data/venv/lib/python3.12/site-packages/oslo_concurrency/lockutils.py:424}}
Aug 22 07:22:06.583825 np0000032568 devstack@n-api.service[72055]: DEBUG oslo_concurrency.lockutils [None req-bc977af0-0982-42e8-a20e-2cd1c4c54536 None None] Acquiring lock "7d87d2ef-5868-432a-b7cc-7649a00d83de" by "nova.context.set_target_cell.<locals>.get_or_set_cached_cell_and_set_connections" {{(pid=72055) inner /opt/stack/data/venv/lib/python3.12/site-packages/oslo_concurrency/lockutils.py:405}}
Aug 22 07:22:06.583959 np0000032568 devstack@n-api.service[72055]: DEBUG oslo_concurrency.lockutils [None req-bc977af0-0982-42e8-a20e-2cd1c4c54536 None None] Lock "7d87d2ef-5868-432a-b7cc-7649a00d83de" acquired by "nova.context.set_target_cell.<locals>.get_or_set_cached_cell_and_set_connections" :: waited 0.000s {{(pid=72055) inner /opt/stack/data/venv/lib/python3.12/site-packages/oslo_concurrency/lockutils.py:410}}
Aug 22 07:22:06.584157 np0000032568 devstack@n-api.service[72056]: DEBUG oslo_concurrency.lockutils [None req-b21a3487-b11f-40dc-b9a0-630ecdadf837 None None] Lock "7d87d2ef-5868-432a-b7cc-7649a00d83de" "released" by "nova.context.set_target_cell.<locals>.get_or_set_cached_cell_and_set_connections" :: held 0.001s {{(pid=72056) inner /opt/stack/data/venv/lib/python3.12/site-packages/oslo_concurrency/lockutils.py:424}}
Aug 22 07:22:06.584654 np0000032568 devstack@n-api.service[72055]: DEBUG oslo_concurrency.lockutils [None req-bc977af0-0982-42e8-a20e-2cd1c4c54536 None None] Lock "7d87d2ef-5868-432a-b7cc-7649a00d83de" "released" by "nova.context.set_target_cell.<locals>.get_or_set_cached_cell_and_set_connections" :: held 0.001s {{(pid=72055) inner /opt/stack/data/venv/lib/python3.12/site-packages/oslo_concurrency/lockutils.py:424}}
Aug 22 07:22:06.585146 np0000032568 devstack@n-api.service[72056]: INFO dbcounter [None req-b21a3487-b11f-40dc-b9a0-630ecdadf837 None None] Registered counter for database nova_cell0
Aug 22 07:22:06.585628 np0000032568 devstack@n-api.service[72055]: INFO dbcounter [None req-bc977af0-0982-42e8-a20e-2cd1c4c54536 None None] Registered counter for database nova_cell0
Aug 22 07:22:06.587670 np0000032568 devstack@n-api.service[72056]: INFO dbcounter [None req-b21a3487-b11f-40dc-b9a0-630ecdadf837 None None] Registered counter for database nova_cell1
Aug 22 07:22:06.588109 np0000032568 devstack@n-api.service[72055]: INFO dbcounter [None req-bc977af0-0982-42e8-a20e-2cd1c4c54536 None None] Registered counter for database nova_cell1
Aug 22 07:22:06.590385 np0000032568 devstack@n-api.service[72056]: DEBUG oslo_db.sqlalchemy.engines [None req-b21a3487-b11f-40dc-b9a0-630ecdadf837 None None] MySQL server mode set to STRICT_TRANS_TABLES,STRICT_ALL_TABLES,NO_ZERO_IN_DATE,NO_ZERO_DATE,ERROR_FOR_DIVISION_BY_ZERO,TRADITIONAL,NO_ENGINE_SUBSTITUTION {{(pid=72056) _check_effective_sql_mode /opt/stack/data/venv/lib/python3.12/site-packages/oslo_db/sqlalchemy/engines.py:397}}
Aug 22 07:22:06.592659 np0000032568 devstack@n-api.service[72056]: DEBUG oslo_db.sqlalchemy.engines [None req-b21a3487-b11f-40dc-b9a0-630ecdadf837 None None] MySQL server mode set to STRICT_TRANS_TABLES,STRICT_ALL_TABLES,NO_ZERO_IN_DATE,NO_ZERO_DATE,ERROR_FOR_DIVISION_BY_ZERO,TRADITIONAL,NO_ENGINE_SUBSTITUTION {{(pid=72056) _check_effective_sql_mode /opt/stack/data/venv/lib/python3.12/site-packages/oslo_db/sqlalchemy/engines.py:397}}
Aug 22 07:22:06.593912 np0000032568 devstack@n-api.service[72055]: DEBUG oslo_db.sqlalchemy.engines [None req-bc977af0-0982-42e8-a20e-2cd1c4c54536 None None] MySQL server mode set to STRICT_TRANS_TABLES,STRICT_ALL_TABLES,NO_ZERO_IN_DATE,NO_ZERO_DATE,ERROR_FOR_DIVISION_BY_ZERO,TRADITIONAL,NO_ENGINE_SUBSTITUTION {{(pid=72055) _check_effective_sql_mode /opt/stack/data/venv/lib/python3.12/site-packages/oslo_db/sqlalchemy/engines.py:397}}
Aug 22 07:22:06.650358 np0000032568 devstack@n-api.service[72056]: DEBUG dbcounter [-] [72056] Writer thread running {{(pid=72056) stat_writer /opt/stack/data/venv/lib/python3.12/site-packages/dbcounter.py:102}}
Aug 22 07:22:06.653372 np0000032568 devstack@n-api.service[72055]: DEBUG oslo_db.sqlalchemy.engines [None req-bc977af0-0982-42e8-a20e-2cd1c4c54536 None None] MySQL server mode set to STRICT_TRANS_TABLES,STRICT_ALL_TABLES,NO_ZERO_IN_DATE,NO_ZERO_DATE,ERROR_FOR_DIVISION_BY_ZERO,TRADITIONAL,NO_ENGINE_SUBSTITUTION {{(pid=72055) _check_effective_sql_mode /opt/stack/data/venv/lib/python3.12/site-packages/oslo_db/sqlalchemy/engines.py:397}}
Aug 22 07:22:06.653674 np0000032568 devstack@n-api.service[72055]: DEBUG dbcounter [-] [72055] Writer thread running {{(pid=72055) stat_writer /opt/stack/data/venv/lib/python3.12/site-packages/dbcounter.py:102}}
Aug 22 07:22:06.653823 np0000032568 devstack@n-api.service[72056]: DEBUG dbcounter [-] [72056] Writer thread running {{(pid=72056) stat_writer /opt/stack/data/venv/lib/python3.12/site-packages/dbcounter.py:102}}
Aug 22 07:22:06.655622 np0000032568 devstack@n-api.service[72056]: INFO dbcounter [None req-b21a3487-b11f-40dc-b9a0-630ecdadf837 None None] Registered counter for database nova_cell0
Aug 22 07:22:06.657068 np0000032568 devstack@n-api.service[72055]: DEBUG dbcounter [-] [72055] Writer thread running {{(pid=72055) stat_writer /opt/stack/data/venv/lib/python3.12/site-packages/dbcounter.py:102}}
Aug 22 07:22:06.658815 np0000032568 devstack@n-api.service[72055]: INFO dbcounter [None req-bc977af0-0982-42e8-a20e-2cd1c4c54536 None None] Registered counter for database nova_cell0
Aug 22 07:22:06.659609 np0000032568 devstack@n-api.service[72056]: DEBUG oslo_db.sqlalchemy.engines [None req-b21a3487-b11f-40dc-b9a0-630ecdadf837 None None] MySQL server mode set to STRICT_TRANS_TABLES,STRICT_ALL_TABLES,NO_ZERO_IN_DATE,NO_ZERO_DATE,ERROR_FOR_DIVISION_BY_ZERO,TRADITIONAL,NO_ENGINE_SUBSTITUTION {{(pid=72056) _check_effective_sql_mode /opt/stack/data/venv/lib/python3.12/site-packages/oslo_db/sqlalchemy/engines.py:397}}
Aug 22 07:22:06.662579 np0000032568 devstack@n-api.service[72055]: DEBUG oslo_db.sqlalchemy.engines [None req-bc977af0-0982-42e8-a20e-2cd1c4c54536 None None] MySQL server mode set to STRICT_TRANS_TABLES,STRICT_ALL_TABLES,NO_ZERO_IN_DATE,NO_ZERO_DATE,ERROR_FOR_DIVISION_BY_ZERO,TRADITIONAL,NO_ENGINE_SUBSTITUTION {{(pid=72055) _check_effective_sql_mode /opt/stack/data/venv/lib/python3.12/site-packages/oslo_db/sqlalchemy/engines.py:397}}
Aug 22 07:22:06.663039 np0000032568 devstack@n-api.service[72056]: DEBUG dbcounter [-] [72056] Writer thread running {{(pid=72056) stat_writer /opt/stack/data/venv/lib/python3.12/site-packages/dbcounter.py:102}}
Aug 22 07:22:06.666032 np0000032568 devstack@n-api.service[72055]: DEBUG dbcounter [-] [72055] Writer thread running {{(pid=72055) stat_writer /opt/stack/data/venv/lib/python3.12/site-packages/dbcounter.py:102}}
Aug 22 07:22:07.002631 np0000032568 devstack@n-api.service[72056]: DEBUG oslo_concurrency.processutils [None req-b21a3487-b11f-40dc-b9a0-630ecdadf837 None None] Running cmd (subprocess): grep -F node.session.scan /sbin/iscsiadm {{(pid=72056) execute /opt/stack/data/venv/lib/python3.12/site-packages/oslo_concurrency/processutils.py:349}}
Aug 22 07:22:07.002686 np0000032568 devstack@n-api.service[72055]: DEBUG oslo_concurrency.processutils [None req-bc977af0-0982-42e8-a20e-2cd1c4c54536 None None] Running cmd (subprocess): grep -F node.session.scan /sbin/iscsiadm {{(pid=72055) execute /opt/stack/data/venv/lib/python3.12/site-packages/oslo_concurrency/processutils.py:349}}
Aug 22 07:22:07.010604 np0000032568 devstack@n-api.service[72056]: DEBUG oslo_concurrency.processutils [None req-b21a3487-b11f-40dc-b9a0-630ecdadf837 None None] CMD "grep -F node.session.scan /sbin/iscsiadm" returned: 0 in 0.008s {{(pid=72056) execute /opt/stack/data/venv/lib/python3.12/site-packages/oslo_concurrency/processutils.py:372}}
Aug 22 07:22:07.010674 np0000032568 devstack@n-api.service[72055]: DEBUG oslo_concurrency.processutils [None req-bc977af0-0982-42e8-a20e-2cd1c4c54536 None None] CMD "grep -F node.session.scan /sbin/iscsiadm" returned: 0 in 0.008s {{(pid=72055) execute /opt/stack/data/venv/lib/python3.12/site-packages/oslo_concurrency/processutils.py:372}}
Aug 22 07:22:07.290590 np0000032568 devstack@n-api.service[72055]: WARNING keystonemiddleware.auth_token [None req-bc977af0-0982-42e8-a20e-2cd1c4c54536 None None] AuthToken middleware is set with keystone_authtoken.service_token_roles_required set to False. This is backwards compatible but deprecated behaviour. Please set this to True.
Aug 22 07:22:07.290650 np0000032568 devstack@n-api.service[72056]: WARNING keystonemiddleware.auth_token [None req-b21a3487-b11f-40dc-b9a0-630ecdadf837 None None] AuthToken middleware is set with keystone_authtoken.service_token_roles_required set to False. This is backwards compatible but deprecated behaviour. Please set this to True.
Aug 22 07:22:07.293777 np0000032568 devstack@n-api.service[72056]: WARNING keystonemiddleware.auth_token [None req-b21a3487-b11f-40dc-b9a0-630ecdadf837 None None] Configuring www_authenticate_uri to point to the public identity endpoint is required; clients may not be able to authenticate against an admin endpoint
Aug 22 07:22:07.293803 np0000032568 devstack@n-api.service[72055]: WARNING keystonemiddleware.auth_token [None req-bc977af0-0982-42e8-a20e-2cd1c4c54536 None None] Configuring www_authenticate_uri to point to the public identity endpoint is required; clients may not be able to authenticate against an admin endpoint
Aug 22 07:22:07.449558 np0000032568 devstack@n-api.service[72056]: WARNING keystonemiddleware.auth_token [None req-b21a3487-b11f-40dc-b9a0-630ecdadf837 None None] AuthToken middleware is set with keystone_authtoken.service_token_roles_required set to False. This is backwards compatible but deprecated behaviour. Please set this to True.
Aug 22 07:22:07.449740 np0000032568 devstack@n-api.service[72055]: WARNING keystonemiddleware.auth_token [None req-bc977af0-0982-42e8-a20e-2cd1c4c54536 None None] AuthToken middleware is set with keystone_authtoken.service_token_roles_required set to False. This is backwards compatible but deprecated behaviour. Please set this to True.
Aug 22 07:22:07.452029 np0000032568 devstack@n-api.service[72056]: WARNING keystonemiddleware.auth_token [None req-b21a3487-b11f-40dc-b9a0-630ecdadf837 None None] Configuring www_authenticate_uri to point to the public identity endpoint is required; clients may not be able to authenticate against an admin endpoint
Aug 22 07:22:07.452060 np0000032568 devstack@n-api.service[72055]: WARNING keystonemiddleware.auth_token [None req-bc977af0-0982-42e8-a20e-2cd1c4c54536 None None] Configuring www_authenticate_uri to point to the public identity endpoint is required; clients may not be able to authenticate against an admin endpoint
Aug 22 07:22:07.453866 np0000032568 devstack@n-api.service[72056]: WSGI app 0 (mountpoint='') ready in 2 seconds on interpreter 0x78d057ca39e8 pid: 72056 (default app)
Aug 22 07:22:07.453890 np0000032568 devstack@n-api.service[72055]: WSGI app 0 (mountpoint='') ready in 2 seconds on interpreter 0x78d057ca39e8 pid: 72055 (default app)
Aug 22 07:22:07.454775 np0000032568 devstack@n-api.service[72056]: DEBUG nova.api.openstack.wsgi [None req-b21a3487-b11f-40dc-b9a0-630ecdadf837 None None] Calling method '<bound method VersionsV2.index of <nova.api.openstack.compute.versions.VersionsV2 object at 0x78d051ffa000>>' {{(pid=72056) _process_stack /opt/stack/nova/nova/api/openstack/wsgi.py:556}}
Aug 22 07:22:07.457768 np0000032568 devstack@n-api.service[72056]: INFO nova.api.openstack.requestlog [None req-b21a3487-b11f-40dc-b9a0-630ecdadf837 None None] 192.168.1.118 "GET /compute/v2.1/" status: 200 len: 391 microversion: 2.1 time: 0.003188
Aug 22 07:22:07.457943 np0000032568 devstack@n-api.service[72056]: [pid: 72056|app: 0|req: 1/1] 192.168.1.118 () {50 vars in 771 bytes} [Fri Aug 22 07:22:07 2025] GET /compute/v2.1/ => generated 391 bytes in 4 msecs (HTTP/1.1 200) 9 headers in 357 bytes (1 switches on core 0)
Aug 22 07:22:39.697872 np0000032568 devstack@n-api.service[72055]: DEBUG nova.api.openstack.wsgi [None req-bc977af0-0982-42e8-a20e-2cd1c4c54536 None None] Calling method '<bound method VersionsV2.index of <nova.api.openstack.compute.versions.VersionsV2 object at 0x78d0516595b0>>' {{(pid=72055) _process_stack /opt/stack/nova/nova/api/openstack/wsgi.py:556}}
Aug 22 07:22:39.701554 np0000032568 devstack@n-api.service[72055]: INFO nova.api.openstack.requestlog [None req-bc977af0-0982-42e8-a20e-2cd1c4c54536 None None] 192.168.1.118 "GET /compute/v2.1" status: 200 len: 392 microversion: 2.1 time: 0.004228
Aug 22 07:22:39.701814 np0000032568 devstack@n-api.service[72055]: [pid: 72055|app: 0|req: 1/2] 192.168.1.118 () {62 vars in 1056 bytes} [Fri Aug 22 07:22:39 2025] GET /compute/v2.1 => generated 392 bytes in 5 msecs (HTTP/1.1 200) 9 headers in 357 bytes (1 switches on core 0)
Aug 22 07:22:39.713216 np0000032568 devstack@n-api.service[72056]: DEBUG dbcounter [-] [72056] Writing DB stats nova_api:SELECT=1 {{(pid=72056) stat_writer /opt/stack/data/venv/lib/python3.12/site-packages/dbcounter.py:115}}
Aug 22 07:22:39.713501 np0000032568 devstack@n-api.service[72056]: DEBUG dbcounter [-] [72056] Writing DB stats nova_cell0:SELECT=1 {{(pid=72056) stat_writer /opt/stack/data/venv/lib/python3.12/site-packages/dbcounter.py:115}}
Aug 22 07:22:39.713819 np0000032568 devstack@n-api.service[72056]: DEBUG dbcounter [-] [72056] Writing DB stats nova_cell1:SELECT=1 {{(pid=72056) stat_writer /opt/stack/data/venv/lib/python3.12/site-packages/dbcounter.py:115}}
Aug 22 07:22:39.714107 np0000032568 devstack@n-api.service[72056]: DEBUG dbcounter [-] [72056] Writing DB stats nova_cell0:SELECT=2,nova_cell0:INSERT=1 {{(pid=72056) stat_writer /opt/stack/data/venv/lib/python3.12/site-packages/dbcounter.py:115}}
Aug 22 07:22:39.819752 np0000032568 devstack@n-api.service[72056]: DEBUG nova.api.openstack.wsgi [None req-2de6bc2f-ab52-463b-b42b-c9f13cdea471 admin admin] Calling method '<bound method FlavorsController.detail of <nova.api.openstack.compute.flavors.FlavorsController object at 0x78d050dd0a10>>' {{(pid=72056) _process_stack /opt/stack/nova/nova/api/openstack/wsgi.py:556}}
Aug 22 07:22:39.837074 np0000032568 devstack@n-api.service[72056]: INFO nova.api.openstack.requestlog [None req-2de6bc2f-ab52-463b-b42b-c9f13cdea471 admin admin] 192.168.1.118 "GET /compute/v2.1/flavors/detail?is_public=True" status: 200 len: 15 microversion: 2.61 time: 0.130091
Aug 22 07:22:39.837124 np0000032568 devstack@n-api.service[72056]: [pid: 72056|app: 0|req: 2/3] 192.168.1.118 () {68 vars in 1417 bytes} [Fri Aug 22 07:22:39 2025] GET /compute/v2.1/flavors/detail?is_public=True => generated 15 bytes in 131 msecs (HTTP/1.1 200) 9 headers in 358 bytes (1 switches on core 0)
Aug 22 07:22:39.913276 np0000032568 devstack@n-api.service[72055]: DEBUG nova.api.openstack.wsgi [None req-bc977af0-0982-42e8-a20e-2cd1c4c54536 None None] Calling method '<bound method VersionsV2.index of <nova.api.openstack.compute.versions.VersionsV2 object at 0x78d0516595b0>>' {{(pid=72055) _process_stack /opt/stack/nova/nova/api/openstack/wsgi.py:556}}
Aug 22 07:22:39.916640 np0000032568 devstack@n-api.service[72055]: INFO nova.api.openstack.requestlog [None req-bc977af0-0982-42e8-a20e-2cd1c4c54536 None None] 192.168.1.118 "GET /compute/v2.1" status: 200 len: 392 microversion: 2.1 time: 0.003523
Aug 22 07:22:39.916801 np0000032568 devstack@n-api.service[72055]: [pid: 72055|app: 0|req: 2/4] 192.168.1.118 () {62 vars in 1056 bytes} [Fri Aug 22 07:22:39 2025] GET /compute/v2.1 => generated 392 bytes in 4 msecs (HTTP/1.1 200) 9 headers in 357 bytes (1 switches on core 0)
Aug 22 07:22:39.939768 np0000032568 devstack@n-api.service[72056]: DEBUG nova.api.openstack.wsgi [None req-b189dd5f-b152-480a-8560-ab3329526b0c admin admin] Action: 'create', calling method: <bound method FlavorsController.create of <nova.api.openstack.compute.flavors.FlavorsController object at 0x78d050dd04d0>>, body: {"flavor": {"disk": 1, "vcpus": 1, "name": "cirros256", "id": "c1", "rxtx_factor": 1.0, "OS-FLV-EXT-DATA:ephemeral": 0, "ram": 256, "os-flavor-access:is_public": true, "swap": 0}} {{(pid=72056) _process_stack /opt/stack/nova/nova/api/openstack/wsgi.py:554}}
Aug 22 07:22:39.965049 np0000032568 devstack@n-api.service[72056]: INFO nova.api.openstack.requestlog [None req-b189dd5f-b152-480a-8560-ab3329526b0c admin admin] 192.168.1.118 "POST /compute/v2.1/flavors" status: 200 len: 413 microversion: 2.61 time: 0.043434
Aug 22 07:22:39.965317 np0000032568 devstack@n-api.service[72056]: [pid: 72056|app: 0|req: 3/5] 192.168.1.118 () {72 vars in 1408 bytes} [Fri Aug 22 07:22:39 2025] POST /compute/v2.1/flavors => generated 413 bytes in 44 msecs (HTTP/1.1 200) 9 headers in 359 bytes (1 switches on core 0)
Aug 22 07:22:39.975552 np0000032568 devstack@n-api.service[72055]: DEBUG dbcounter [-] [72055] Writing DB stats nova_api:SELECT=1 {{(pid=72055) stat_writer /opt/stack/data/venv/lib/python3.12/site-packages/dbcounter.py:115}}
Aug 22 07:22:39.976176 np0000032568 devstack@n-api.service[72055]: DEBUG dbcounter [-] [72055] Writing DB stats nova_cell0:SELECT=1 {{(pid=72055) stat_writer /opt/stack/data/venv/lib/python3.12/site-packages/dbcounter.py:115}}
Aug 22 07:22:39.976523 np0000032568 devstack@n-api.service[72055]: DEBUG dbcounter [-] [72055] Writing DB stats nova_cell1:SELECT=1 {{(pid=72055) stat_writer /opt/stack/data/venv/lib/python3.12/site-packages/dbcounter.py:115}}
Aug 22 07:22:39.977167 np0000032568 devstack@n-api.service[72055]: DEBUG dbcounter [-] [72055] Writing DB stats nova_cell0:SELECT=2,nova_cell0:INSERT=1 {{(pid=72055) stat_writer /opt/stack/data/venv/lib/python3.12/site-packages/dbcounter.py:115}}
Aug 22 07:22:40.033523 np0000032568 devstack@n-api.service[72055]: DEBUG nova.api.openstack.wsgi [None req-f30bd219-b814-4d9d-959d-5904d94a270e admin admin] Action: 'create', calling method: <bound method FlavorExtraSpecsController.create of <nova.api.openstack.compute.flavors_extraspecs.FlavorExtraSpecsController object at 0x78d050dd09e0>>, body: {"extra_specs": {"hw_rng:allowed": "True"}} {{(pid=72055) _process_stack /opt/stack/nova/nova/api/openstack/wsgi.py:554}}
Aug 22 07:22:40.067372 np0000032568 devstack@n-api.service[72055]: INFO nova.api.openstack.requestlog [None req-f30bd219-b814-4d9d-959d-5904d94a270e admin admin] 192.168.1.118 "POST /compute/v2.1/flavors/c1/os-extra_specs" status: 200 len: 43 microversion: 2.61 time: 0.094803
Aug 22 07:22:40.067595 np0000032568 devstack@n-api.service[72055]: [pid: 72055|app: 0|req: 3/6] 192.168.1.118 () {72 vars in 1461 bytes} [Fri Aug 22 07:22:39 2025] POST /compute/v2.1/flavors/c1/os-extra_specs => generated 43 bytes in 95 msecs (HTTP/1.1 200) 9 headers in 358 bytes (1 switches on core 0)
Aug 22 07:22:40.147890 np0000032568 devstack@n-api.service[72056]: DEBUG nova.api.openstack.wsgi [None req-b189dd5f-b152-480a-8560-ab3329526b0c admin admin] Calling method '<bound method VersionsV2.index of <nova.api.openstack.compute.versions.VersionsV2 object at 0x78d051ffa000>>' {{(pid=72056) _process_stack /opt/stack/nova/nova/api/openstack/wsgi.py:556}}
Aug 22 07:22:40.150768 np0000032568 devstack@n-api.service[72056]: INFO nova.api.openstack.requestlog [None req-b189dd5f-b152-480a-8560-ab3329526b0c admin admin] 192.168.1.118 "GET /compute/v2.1" status: 200 len: 392 microversion: 2.1 time: 0.003025
Aug 22 07:22:40.150921 np0000032568 devstack@n-api.service[72056]: [pid: 72056|app: 0|req: 4/7] 192.168.1.118 () {62 vars in 1056 bytes} [Fri Aug 22 07:22:40 2025] GET /compute/v2.1 => generated 392 bytes in 3 msecs (HTTP/1.1 200) 9 headers in 357 bytes (1 switches on core 0)
Aug 22 07:22:40.206139 np0000032568 devstack@n-api.service[72055]: DEBUG nova.api.openstack.wsgi [None req-558129a6-098b-4fcd-8de5-77bb62a84f02 admin admin] Action: 'create', calling method: <bound method FlavorsController.create of <nova.api.openstack.compute.flavors.FlavorsController object at 0x78d050dd0440>>, body: {"flavor": {"disk": 5, "vcpus": 1, "name": "ds512M", "id": "d1", "rxtx_factor": 1.0, "OS-FLV-EXT-DATA:ephemeral": 0, "ram": 512, "os-flavor-access:is_public": true, "swap": 0}} {{(pid=72055) _process_stack /opt/stack/nova/nova/api/openstack/wsgi.py:554}}
Aug 22 07:22:40.225101 np0000032568 devstack@n-api.service[72055]: INFO nova.api.openstack.requestlog [None req-558129a6-098b-4fcd-8de5-77bb62a84f02 admin admin] 192.168.1.118 "POST /compute/v2.1/flavors" status: 200 len: 410 microversion: 2.61 time: 0.069295
Aug 22 07:22:40.225357 np0000032568 devstack@n-api.service[72055]: [pid: 72055|app: 0|req: 4/8] 192.168.1.118 () {72 vars in 1408 bytes} [Fri Aug 22 07:22:40 2025] POST /compute/v2.1/flavors => generated 410 bytes in 70 msecs (HTTP/1.1 200) 9 headers in 359 bytes (1 switches on core 0)
Aug 22 07:22:40.232998 np0000032568 devstack@n-api.service[72056]: DEBUG nova.api.openstack.wsgi [None req-3a55b4ba-a755-4eb3-abcc-a8e383efa71e admin admin] Action: 'create', calling method: <bound method FlavorExtraSpecsController.create of <nova.api.openstack.compute.flavors_extraspecs.FlavorExtraSpecsController object at 0x78d050dd09b0>>, body: {"extra_specs": {"hw_rng:allowed": "True"}} {{(pid=72056) _process_stack /opt/stack/nova/nova/api/openstack/wsgi.py:554}}
Aug 22 07:22:40.251046 np0000032568 devstack@n-api.service[72056]: INFO nova.api.openstack.requestlog [None req-3a55b4ba-a755-4eb3-abcc-a8e383efa71e admin admin] 192.168.1.118 "POST /compute/v2.1/flavors/d1/os-extra_specs" status: 200 len: 43 microversion: 2.61 time: 0.019363
Aug 22 07:22:40.251118 np0000032568 devstack@n-api.service[72056]: [pid: 72056|app: 0|req: 5/9] 192.168.1.118 () {72 vars in 1461 bytes} [Fri Aug 22 07:22:40 2025] POST /compute/v2.1/flavors/d1/os-extra_specs => generated 43 bytes in 20 msecs (HTTP/1.1 200) 9 headers in 358 bytes (1 switches on core 0)
Aug 22 07:22:40.330948 np0000032568 devstack@n-api.service[72055]: DEBUG nova.api.openstack.wsgi [None req-558129a6-098b-4fcd-8de5-77bb62a84f02 admin admin] Calling method '<bound method VersionsV2.index of <nova.api.openstack.compute.versions.VersionsV2 object at 0x78d0516595b0>>' {{(pid=72055) _process_stack /opt/stack/nova/nova/api/openstack/wsgi.py:556}}
Aug 22 07:22:40.333756 np0000032568 devstack@n-api.service[72055]: INFO nova.api.openstack.requestlog [None req-558129a6-098b-4fcd-8de5-77bb62a84f02 admin admin] 192.168.1.118 "GET /compute/v2.1" status: 200 len: 392 microversion: 2.1 time: 0.002938
Aug 22 07:22:40.333919 np0000032568 devstack@n-api.service[72055]: [pid: 72055|app: 0|req: 5/10] 192.168.1.118 () {62 vars in 1056 bytes} [Fri Aug 22 07:22:40 2025] GET /compute/v2.1 => generated 392 bytes in 3 msecs (HTTP/1.1 200) 9 headers in 357 bytes (1 switches on core 0)
Aug 22 07:22:40.355060 np0000032568 devstack@n-api.service[72056]: DEBUG nova.api.openstack.wsgi [None req-148ecae3-57df-48dc-a762-51b595458bda admin admin] Action: 'create', calling method: <bound method FlavorsController.create of <nova.api.openstack.compute.flavors.FlavorsController object at 0x78d050dd04d0>>, body: {"flavor": {"disk": 10, "vcpus": 1, "name": "ds1G", "id": "d2", "rxtx_factor": 1.0, "OS-FLV-EXT-DATA:ephemeral": 0, "ram": 1024, "os-flavor-access:is_public": true, "swap": 0}} {{(pid=72056) _process_stack /opt/stack/nova/nova/api/openstack/wsgi.py:554}}
Aug 22 07:22:40.366314 np0000032568 devstack@n-api.service[72056]: INFO nova.api.openstack.requestlog [None req-148ecae3-57df-48dc-a762-51b595458bda admin admin] 192.168.1.118 "POST /compute/v2.1/flavors" status: 200 len: 410 microversion: 2.61 time: 0.027983
Aug 22 07:22:40.366525 np0000032568 devstack@n-api.service[72056]: [pid: 72056|app: 0|req: 6/11] 192.168.1.118 () {72 vars in 1408 bytes} [Fri Aug 22 07:22:40 2025] POST /compute/v2.1/flavors => generated 410 bytes in 28 msecs (HTTP/1.1 200) 9 headers in 359 bytes (1 switches on core 0)
Aug 22 07:22:40.373485 np0000032568 devstack@n-api.service[72055]: DEBUG nova.api.openstack.wsgi [None req-341939f9-dec5-4618-b280-762fabcb9633 admin admin] Action: 'create', calling method: <bound method FlavorExtraSpecsController.create of <nova.api.openstack.compute.flavors_extraspecs.FlavorExtraSpecsController object at 0x78d050dd09e0>>, body: {"extra_specs": {"hw_rng:allowed": "True"}} {{(pid=72055) _process_stack /opt/stack/nova/nova/api/openstack/wsgi.py:554}}
Aug 22 07:22:40.385206 np0000032568 devstack@n-api.service[72055]: INFO nova.api.openstack.requestlog [None req-341939f9-dec5-4618-b280-762fabcb9633 admin admin] 192.168.1.118 "POST /compute/v2.1/flavors/d2/os-extra_specs" status: 200 len: 43 microversion: 2.61 time: 0.013099
Aug 22 07:22:40.385416 np0000032568 devstack@n-api.service[72055]: [pid: 72055|app: 0|req: 6/12] 192.168.1.118 () {72 vars in 1461 bytes} [Fri Aug 22 07:22:40 2025] POST /compute/v2.1/flavors/d2/os-extra_specs => generated 43 bytes in 13 msecs (HTTP/1.1 200) 9 headers in 358 bytes (1 switches on core 0)
Aug 22 07:22:40.467543 np0000032568 devstack@n-api.service[72056]: DEBUG nova.api.openstack.wsgi [None req-148ecae3-57df-48dc-a762-51b595458bda admin admin] Calling method '<bound method VersionsV2.index of <nova.api.openstack.compute.versions.VersionsV2 object at 0x78d051ffa000>>' {{(pid=72056) _process_stack /opt/stack/nova/nova/api/openstack/wsgi.py:556}}
Aug 22 07:22:40.470385 np0000032568 devstack@n-api.service[72056]: INFO nova.api.openstack.requestlog [None req-148ecae3-57df-48dc-a762-51b595458bda admin admin] 192.168.1.118 "GET /compute/v2.1" status: 200 len: 392 microversion: 2.1 time: 0.003017
Aug 22 07:22:40.470544 np0000032568 devstack@n-api.service[72056]: [pid: 72056|app: 0|req: 7/13] 192.168.1.118 () {62 vars in 1056 bytes} [Fri Aug 22 07:22:40 2025] GET /compute/v2.1 => generated 392 bytes in 3 msecs (HTTP/1.1 200) 9 headers in 357 bytes (1 switches on core 0)
Aug 22 07:22:40.492401 np0000032568 devstack@n-api.service[72055]: DEBUG nova.api.openstack.wsgi [None req-ef672351-acc7-4c53-8abc-c77d59f1b8ea admin admin] Action: 'create', calling method: <bound method FlavorsController.create of <nova.api.openstack.compute.flavors.FlavorsController object at 0x78d050dd0440>>, body: {"flavor": {"disk": 10, "vcpus": 2, "name": "ds2G", "id": "d3", "rxtx_factor": 1.0, "OS-FLV-EXT-DATA:ephemeral": 0, "ram": 2048, "os-flavor-access:is_public": true, "swap": 0}} {{(pid=72055) _process_stack /opt/stack/nova/nova/api/openstack/wsgi.py:554}}
Aug 22 07:22:40.502770 np0000032568 devstack@n-api.service[72055]: INFO nova.api.openstack.requestlog [None req-ef672351-acc7-4c53-8abc-c77d59f1b8ea admin admin] 192.168.1.118 "POST /compute/v2.1/flavors" status: 200 len: 410 microversion: 2.61 time: 0.027505
Aug 22 07:22:40.502979 np0000032568 devstack@n-api.service[72055]: [pid: 72055|app: 0|req: 7/14] 192.168.1.118 () {72 vars in 1408 bytes} [Fri Aug 22 07:22:40 2025] POST /compute/v2.1/flavors => generated 410 bytes in 28 msecs (HTTP/1.1 200) 9 headers in 359 bytes (1 switches on core 0)
Aug 22 07:22:40.510097 np0000032568 devstack@n-api.service[72056]: DEBUG nova.api.openstack.wsgi [None req-263e413f-c659-4638-9e0f-68953ebee4b6 admin admin] Action: 'create', calling method: <bound method FlavorExtraSpecsController.create of <nova.api.openstack.compute.flavors_extraspecs.FlavorExtraSpecsController object at 0x78d050dd09b0>>, body: {"extra_specs": {"hw_rng:allowed": "True"}} {{(pid=72056) _process_stack /opt/stack/nova/nova/api/openstack/wsgi.py:554}}
Aug 22 07:22:40.522035 np0000032568 devstack@n-api.service[72056]: INFO nova.api.openstack.requestlog [None req-263e413f-c659-4638-9e0f-68953ebee4b6 admin admin] 192.168.1.118 "POST /compute/v2.1/flavors/d3/os-extra_specs" status: 200 len: 43 microversion: 2.61 time: 0.013397
Aug 22 07:22:40.522258 np0000032568 devstack@n-api.service[72056]: [pid: 72056|app: 0|req: 8/15] 192.168.1.118 () {72 vars in 1461 bytes} [Fri Aug 22 07:22:40 2025] POST /compute/v2.1/flavors/d3/os-extra_specs => generated 43 bytes in 14 msecs (HTTP/1.1 200) 9 headers in 358 bytes (1 switches on core 0)
Aug 22 07:22:40.694066 np0000032568 devstack@n-api.service[72055]: DEBUG nova.api.openstack.wsgi [None req-ef672351-acc7-4c53-8abc-c77d59f1b8ea admin admin] Calling method '<bound method VersionsV2.index of <nova.api.openstack.compute.versions.VersionsV2 object at 0x78d0516595b0>>' {{(pid=72055) _process_stack /opt/stack/nova/nova/api/openstack/wsgi.py:556}}
Aug 22 07:22:40.697464 np0000032568 devstack@n-api.service[72055]: INFO nova.api.openstack.requestlog [None req-ef672351-acc7-4c53-8abc-c77d59f1b8ea admin admin] 192.168.1.118 "GET /compute/v2.1" status: 200 len: 392 microversion: 2.1 time: 0.003898
Aug 22 07:22:40.697726 np0000032568 devstack@n-api.service[72055]: [pid: 72055|app: 0|req: 8/16] 192.168.1.118 () {62 vars in 1056 bytes} [Fri Aug 22 07:22:40 2025] GET /compute/v2.1 => generated 392 bytes in 4 msecs (HTTP/1.1 200) 9 headers in 357 bytes (1 switches on core 0)
Aug 22 07:22:40.725771 np0000032568 devstack@n-api.service[72056]: DEBUG nova.api.openstack.wsgi [None req-f00094b5-88e4-4451-acb0-3899a84265b4 admin admin] Action: 'create', calling method: <bound method FlavorsController.create of <nova.api.openstack.compute.flavors.FlavorsController object at 0x78d050dd04d0>>, body: {"flavor": {"disk": 20, "vcpus": 4, "name": "ds4G", "id": "d4", "rxtx_factor": 1.0, "OS-FLV-EXT-DATA:ephemeral": 0, "ram": 4096, "os-flavor-access:is_public": true, "swap": 0}} {{(pid=72056) _process_stack /opt/stack/nova/nova/api/openstack/wsgi.py:554}}
Aug 22 07:22:40.737038 np0000032568 devstack@n-api.service[72056]: INFO nova.api.openstack.requestlog [None req-f00094b5-88e4-4451-acb0-3899a84265b4 admin admin] 192.168.1.118 "POST /compute/v2.1/flavors" status: 200 len: 410 microversion: 2.61 time: 0.034393
Aug 22 07:22:40.737380 np0000032568 devstack@n-api.service[72056]: [pid: 72056|app: 0|req: 9/17] 192.168.1.118 () {72 vars in 1408 bytes} [Fri Aug 22 07:22:40 2025] POST /compute/v2.1/flavors => generated 410 bytes in 35 msecs (HTTP/1.1 200) 9 headers in 359 bytes (1 switches on core 0)
Aug 22 07:22:40.745377 np0000032568 devstack@n-api.service[72055]: DEBUG nova.api.openstack.wsgi [None req-3083896b-58e4-4691-86ad-1cc709a7a421 admin admin] Action: 'create', calling method: <bound method FlavorExtraSpecsController.create of <nova.api.openstack.compute.flavors_extraspecs.FlavorExtraSpecsController object at 0x78d050dd09e0>>, body: {"extra_specs": {"hw_rng:allowed": "True"}} {{(pid=72055) _process_stack /opt/stack/nova/nova/api/openstack/wsgi.py:554}}
Aug 22 07:22:40.761350 np0000032568 devstack@n-api.service[72055]: INFO nova.api.openstack.requestlog [None req-3083896b-58e4-4691-86ad-1cc709a7a421 admin admin] 192.168.1.118 "POST /compute/v2.1/flavors/d4/os-extra_specs" status: 200 len: 43 microversion: 2.61 time: 0.017400
Aug 22 07:22:40.761652 np0000032568 devstack@n-api.service[72055]: [pid: 72055|app: 0|req: 9/18] 192.168.1.118 () {72 vars in 1461 bytes} [Fri Aug 22 07:22:40 2025] POST /compute/v2.1/flavors/d4/os-extra_specs => generated 43 bytes in 18 msecs (HTTP/1.1 200) 9 headers in 358 bytes (1 switches on core 0)
Aug 22 07:22:40.838971 np0000032568 devstack@n-api.service[72056]: DEBUG nova.api.openstack.wsgi [None req-f00094b5-88e4-4451-acb0-3899a84265b4 admin admin] Calling method '<bound method VersionsV2.index of <nova.api.openstack.compute.versions.VersionsV2 object at 0x78d051ffa000>>' {{(pid=72056) _process_stack /opt/stack/nova/nova/api/openstack/wsgi.py:556}}
Aug 22 07:22:40.842017 np0000032568 devstack@n-api.service[72056]: INFO nova.api.openstack.requestlog [None req-f00094b5-88e4-4451-acb0-3899a84265b4 admin admin] 192.168.1.118 "GET /compute/v2.1" status: 200 len: 392 microversion: 2.1 time: 0.003198
Aug 22 07:22:40.842177 np0000032568 devstack@n-api.service[72056]: [pid: 72056|app: 0|req: 10/19] 192.168.1.118 () {62 vars in 1056 bytes} [Fri Aug 22 07:22:40 2025] GET /compute/v2.1 => generated 392 bytes in 3 msecs (HTTP/1.1 200) 9 headers in 357 bytes (1 switches on core 0)
Aug 22 07:22:40.864233 np0000032568 devstack@n-api.service[72055]: DEBUG nova.api.openstack.wsgi [None req-4907a4b6-173b-49ac-81f5-3e99ac818020 admin admin] Calling method '<bound method FlavorsController.detail of <nova.api.openstack.compute.flavors.FlavorsController object at 0x78d050dd0980>>' {{(pid=72055) _process_stack /opt/stack/nova/nova/api/openstack/wsgi.py:556}}
Aug 22 07:22:40.878656 np0000032568 devstack@n-api.service[72055]: INFO nova.api.openstack.requestlog [None req-4907a4b6-173b-49ac-81f5-3e99ac818020 admin admin] 192.168.1.118 "GET /compute/v2.1/flavors/detail?is_public=True" status: 200 len: 2136 microversion: 2.61 time: 0.031885
Aug 22 07:22:40.878860 np0000032568 devstack@n-api.service[72055]: [pid: 72055|app: 0|req: 10/20] 192.168.1.118 () {68 vars in 1417 bytes} [Fri Aug 22 07:22:40 2025] GET /compute/v2.1/flavors/detail?is_public=True => generated 2136 bytes in 32 msecs (HTTP/1.1 200) 9 headers in 360 bytes (1 switches on core 0)
Aug 22 07:22:40.958065 np0000032568 devstack@n-api.service[72056]: DEBUG nova.api.openstack.wsgi [None req-f00094b5-88e4-4451-acb0-3899a84265b4 admin admin] Calling method '<bound method VersionsV2.index of <nova.api.openstack.compute.versions.VersionsV2 object at 0x78d051ffa000>>' {{(pid=72056) _process_stack /opt/stack/nova/nova/api/openstack/wsgi.py:556}}
Aug 22 07:22:40.960906 np0000032568 devstack@n-api.service[72056]: INFO nova.api.openstack.requestlog [None req-f00094b5-88e4-4451-acb0-3899a84265b4 admin admin] 192.168.1.118 "GET /compute/v2.1" status: 200 len: 392 microversion: 2.1 time: 0.002982
Aug 22 07:22:40.961070 np0000032568 devstack@n-api.service[72056]: [pid: 72056|app: 0|req: 11/21] 192.168.1.118 () {62 vars in 1056 bytes} [Fri Aug 22 07:22:40 2025] GET /compute/v2.1 => generated 392 bytes in 3 msecs (HTTP/1.1 200) 9 headers in 357 bytes (1 switches on core 0)
Aug 22 07:22:40.982609 np0000032568 devstack@n-api.service[72055]: DEBUG nova.api.openstack.wsgi [None req-d4cf52df-9f04-4ac1-8582-a61cb7b96e61 admin admin] Action: 'create', calling method: <bound method FlavorsController.create of <nova.api.openstack.compute.flavors.FlavorsController object at 0x78d050dd0440>>, body: {"flavor": {"disk": 1, "vcpus": 1, "name": "m1.tiny", "id": "1", "rxtx_factor": 1.0, "OS-FLV-EXT-DATA:ephemeral": 0, "ram": 512, "os-flavor-access:is_public": true, "swap": 0}} {{(pid=72055) _process_stack /opt/stack/nova/nova/api/openstack/wsgi.py:554}}
Aug 22 07:22:40.993371 np0000032568 devstack@n-api.service[72055]: INFO nova.api.openstack.requestlog [None req-d4cf52df-9f04-4ac1-8582-a61cb7b96e61 admin admin] 192.168.1.118 "POST /compute/v2.1/flavors" status: 200 len: 408 microversion: 2.61 time: 0.027660
Aug 22 07:22:40.993578 np0000032568 devstack@n-api.service[72055]: [pid: 72055|app: 0|req: 11/22] 192.168.1.118 () {72 vars in 1408 bytes} [Fri Aug 22 07:22:40 2025] POST /compute/v2.1/flavors => generated 408 bytes in 28 msecs (HTTP/1.1 200) 9 headers in 359 bytes (1 switches on core 0)
Aug 22 07:22:41.000745 np0000032568 devstack@n-api.service[72056]: DEBUG nova.api.openstack.wsgi [None req-432b5f03-9db8-4ae8-8023-1c837c773911 admin admin] Action: 'create', calling method: <bound method FlavorExtraSpecsController.create of <nova.api.openstack.compute.flavors_extraspecs.FlavorExtraSpecsController object at 0x78d050dd09b0>>, body: {"extra_specs": {"hw_rng:allowed": "True"}} {{(pid=72056) _process_stack /opt/stack/nova/nova/api/openstack/wsgi.py:554}}
Aug 22 07:22:41.012584 np0000032568 devstack@n-api.service[72056]: INFO nova.api.openstack.requestlog [None req-432b5f03-9db8-4ae8-8023-1c837c773911 admin admin] 192.168.1.118 "POST /compute/v2.1/flavors/1/os-extra_specs" status: 200 len: 43 microversion: 2.61 time: 0.013313
Aug 22 07:22:41.012857 np0000032568 devstack@n-api.service[72056]: [pid: 72056|app: 0|req: 12/23] 192.168.1.118 () {72 vars in 1458 bytes} [Fri Aug 22 07:22:40 2025] POST /compute/v2.1/flavors/1/os-extra_specs => generated 43 bytes in 14 msecs (HTTP/1.1 200) 9 headers in 358 bytes (1 switches on core 0)
Aug 22 07:22:41.089880 np0000032568 devstack@n-api.service[72055]: DEBUG nova.api.openstack.wsgi [None req-d4cf52df-9f04-4ac1-8582-a61cb7b96e61 admin admin] Calling method '<bound method VersionsV2.index of <nova.api.openstack.compute.versions.VersionsV2 object at 0x78d0516595b0>>' {{(pid=72055) _process_stack /opt/stack/nova/nova/api/openstack/wsgi.py:556}}
Aug 22 07:22:41.092682 np0000032568 devstack@n-api.service[72055]: INFO nova.api.openstack.requestlog [None req-d4cf52df-9f04-4ac1-8582-a61cb7b96e61 admin admin] 192.168.1.118 "GET /compute/v2.1" status: 200 len: 392 microversion: 2.1 time: 0.002947
Aug 22 07:22:41.092841 np0000032568 devstack@n-api.service[72055]: [pid: 72055|app: 0|req: 12/24] 192.168.1.118 () {62 vars in 1056 bytes} [Fri Aug 22 07:22:41 2025] GET /compute/v2.1 => generated 392 bytes in 3 msecs (HTTP/1.1 200) 9 headers in 357 bytes (1 switches on core 0)
Aug 22 07:22:41.113896 np0000032568 devstack@n-api.service[72056]: DEBUG nova.api.openstack.wsgi [None req-db89ee3f-7a3a-4b2e-802e-b7502d076fe8 admin admin] Action: 'create', calling method: <bound method FlavorsController.create of <nova.api.openstack.compute.flavors.FlavorsController object at 0x78d050dd04d0>>, body: {"flavor": {"disk": 20, "vcpus": 1, "name": "m1.small", "id": "2", "rxtx_factor": 1.0, "OS-FLV-EXT-DATA:ephemeral": 0, "ram": 2048, "os-flavor-access:is_public": true, "swap": 0}} {{(pid=72056) _process_stack /opt/stack/nova/nova/api/openstack/wsgi.py:554}}
Aug 22 07:22:41.124378 np0000032568 devstack@n-api.service[72056]: INFO nova.api.openstack.requestlog [None req-db89ee3f-7a3a-4b2e-802e-b7502d076fe8 admin admin] 192.168.1.118 "POST /compute/v2.1/flavors" status: 200 len: 411 microversion: 2.61 time: 0.027195
Aug 22 07:22:41.124630 np0000032568 devstack@n-api.service[72056]: [pid: 72056|app: 0|req: 13/25] 192.168.1.118 () {72 vars in 1408 bytes} [Fri Aug 22 07:22:41 2025] POST /compute/v2.1/flavors => generated 411 bytes in 27 msecs (HTTP/1.1 200) 9 headers in 359 bytes (1 switches on core 0)
Aug 22 07:22:41.131914 np0000032568 devstack@n-api.service[72055]: DEBUG nova.api.openstack.wsgi [None req-fc0adc54-ad1e-487f-ab30-b8991395f594 admin admin] Action: 'create', calling method: <bound method FlavorExtraSpecsController.create of <nova.api.openstack.compute.flavors_extraspecs.FlavorExtraSpecsController object at 0x78d050dd09e0>>, body: {"extra_specs": {"hw_rng:allowed": "True"}} {{(pid=72055) _process_stack /opt/stack/nova/nova/api/openstack/wsgi.py:554}}
Aug 22 07:22:41.149097 np0000032568 devstack@n-api.service[72055]: INFO nova.api.openstack.requestlog [None req-fc0adc54-ad1e-487f-ab30-b8991395f594 admin admin] 192.168.1.118 "POST /compute/v2.1/flavors/2/os-extra_specs" status: 200 len: 43 microversion: 2.61 time: 0.018747
Aug 22 07:22:41.149333 np0000032568 devstack@n-api.service[72055]: [pid: 72055|app: 0|req: 13/26] 192.168.1.118 () {72 vars in 1458 bytes} [Fri Aug 22 07:22:41 2025] POST /compute/v2.1/flavors/2/os-extra_specs => generated 43 bytes in 19 msecs (HTTP/1.1 200) 9 headers in 358 bytes (1 switches on core 0)
Aug 22 07:22:41.228846 np0000032568 devstack@n-api.service[72056]: DEBUG nova.api.openstack.wsgi [None req-db89ee3f-7a3a-4b2e-802e-b7502d076fe8 admin admin] Calling method '<bound method VersionsV2.index of <nova.api.openstack.compute.versions.VersionsV2 object at 0x78d051ffa000>>' {{(pid=72056) _process_stack /opt/stack/nova/nova/api/openstack/wsgi.py:556}}
Aug 22 07:22:41.232888 np0000032568 devstack@n-api.service[72056]: INFO nova.api.openstack.requestlog [None req-db89ee3f-7a3a-4b2e-802e-b7502d076fe8 admin admin] 192.168.1.118 "GET /compute/v2.1" status: 200 len: 392 microversion: 2.1 time: 0.004182
Aug 22 07:22:41.233052 np0000032568 devstack@n-api.service[72056]: [pid: 72056|app: 0|req: 14/27] 192.168.1.118 () {62 vars in 1056 bytes} [Fri Aug 22 07:22:41 2025] GET /compute/v2.1 => generated 392 bytes in 4 msecs (HTTP/1.1 200) 9 headers in 357 bytes (1 switches on core 0)
