Aug 22 07:22:35.090011 np0000032568 devstack@n-api-meta.service[78568]: DEBUG nova.api.openstack.wsgi_app [-] oslo_limit.service_name        = None {{(pid=78568) log_opt_values /opt/stack/data/venv/lib/python3.12/site-packages/oslo_config/cfg.py:2824}}
Aug 22 07:22:35.090011 np0000032568 devstack@n-api-meta.service[78568]: DEBUG nova.api.openstack.wsgi_app [-] oslo_limit.service_type        = None {{(pid=78568) log_opt_values /opt/stack/data/venv/lib/python3.12/site-packages/oslo_config/cfg.py:2824}}
Aug 22 07:22:35.090011 np0000032568 devstack@n-api-meta.service[78568]: DEBUG nova.api.openstack.wsgi_app [-] oslo_limit.split_loggers       = False {{(pid=78568) log_opt_values /opt/stack/data/venv/lib/python3.12/site-packages/oslo_config/cfg.py:2824}}
Aug 22 07:22:35.090011 np0000032568 devstack@n-api-meta.service[78568]: DEBUG nova.api.openstack.wsgi_app [-] oslo_limit.status_code_retries = None {{(pid=78568) log_opt_values /opt/stack/data/venv/lib/python3.12/site-packages/oslo_config/cfg.py:2824}}
Aug 22 07:22:35.090120 np0000032568 devstack@n-api-meta.service[78568]: DEBUG nova.api.openstack.wsgi_app [-] oslo_limit.status_code_retry_delay = None {{(pid=78568) log_opt_values /opt/stack/data/venv/lib/python3.12/site-packages/oslo_config/cfg.py:2824}}
Aug 22 07:22:35.090120 np0000032568 devstack@n-api-meta.service[78568]: DEBUG nova.api.openstack.wsgi_app [-] oslo_limit.timeout             = None {{(pid=78568) log_opt_values /opt/stack/data/venv/lib/python3.12/site-packages/oslo_config/cfg.py:2824}}
Aug 22 07:22:35.090120 np0000032568 devstack@n-api-meta.service[78568]: DEBUG nova.api.openstack.wsgi_app [-] oslo_limit.valid_interfaces    = None {{(pid=78568) log_opt_values /opt/stack/data/venv/lib/python3.12/site-packages/oslo_config/cfg.py:2824}}
Aug 22 07:22:35.090120 np0000032568 devstack@n-api-meta.service[78568]: DEBUG nova.api.openstack.wsgi_app [-] oslo_limit.version             = None {{(pid=78568) log_opt_values /opt/stack/data/venv/lib/python3.12/site-packages/oslo_config/cfg.py:2824}}
Aug 22 07:22:35.090120 np0000032568 devstack@n-api-meta.service[78568]: DEBUG nova.api.openstack.wsgi_app [-] oslo_messaging_rabbit.amqp_auto_delete = False {{(pid=78568) log_opt_values /opt/stack/data/venv/lib/python3.12/site-packages/oslo_config/cfg.py:2824}}
Aug 22 07:22:35.090120 np0000032568 devstack@n-api-meta.service[78568]: DEBUG nova.api.openstack.wsgi_app [-] oslo_messaging_rabbit.amqp_durable_queues = False {{(pid=78568) log_opt_values /opt/stack/data/venv/lib/python3.12/site-packages/oslo_config/cfg.py:2824}}
Aug 22 07:22:35.090120 np0000032568 devstack@n-api-meta.service[78568]: DEBUG nova.api.openstack.wsgi_app [-] oslo_messaging_rabbit.conn_pool_min_size = 2 {{(pid=78568) log_opt_values /opt/stack/data/venv/lib/python3.12/site-packages/oslo_config/cfg.py:2824}}
Aug 22 07:22:35.090120 np0000032568 devstack@n-api-meta.service[78568]: DEBUG nova.api.openstack.wsgi_app [-] oslo_messaging_rabbit.conn_pool_ttl = 1200 {{(pid=78568) log_opt_values /opt/stack/data/venv/lib/python3.12/site-packages/oslo_config/cfg.py:2824}}
Aug 22 07:22:35.090120 np0000032568 devstack@n-api-meta.service[78568]: DEBUG nova.api.openstack.wsgi_app [-] oslo_messaging_rabbit.direct_mandatory_flag = True {{(pid=78568) log_opt_values /opt/stack/data/venv/lib/python3.12/site-packages/oslo_config/cfg.py:2824}}
Aug 22 07:22:35.090251 np0000032568 devstack@n-api-meta.service[78568]: DEBUG nova.api.openstack.wsgi_app [-] oslo_messaging_rabbit.enable_cancel_on_failover = False {{(pid=78568) log_opt_values /opt/stack/data/venv/lib/python3.12/site-packages/oslo_config/cfg.py:2824}}
Aug 22 07:22:35.090251 np0000032568 devstack@n-api-meta.service[78568]: DEBUG nova.api.openstack.wsgi_app [-] oslo_messaging_rabbit.heartbeat_in_pthread = False {{(pid=78568) log_opt_values /opt/stack/data/venv/lib/python3.12/site-packages/oslo_config/cfg.py:2824}}
Aug 22 07:22:35.090251 np0000032568 devstack@n-api-meta.service[78568]: DEBUG nova.api.openstack.wsgi_app [-] oslo_messaging_rabbit.heartbeat_rate = 3 {{(pid=78568) log_opt_values /opt/stack/data/venv/lib/python3.12/site-packages/oslo_config/cfg.py:2824}}
Aug 22 07:22:35.090251 np0000032568 devstack@n-api-meta.service[78568]: DEBUG nova.api.openstack.wsgi_app [-] oslo_messaging_rabbit.heartbeat_timeout_threshold = 60 {{(pid=78568) log_opt_values /opt/stack/data/venv/lib/python3.12/site-packages/oslo_config/cfg.py:2824}}
Aug 22 07:22:35.090251 np0000032568 devstack@n-api-meta.service[78568]: DEBUG nova.api.openstack.wsgi_app [-] oslo_messaging_rabbit.hostname = np0000032568 {{(pid=78568) log_opt_values /opt/stack/data/venv/lib/python3.12/site-packages/oslo_config/cfg.py:2824}}
Aug 22 07:22:35.090251 np0000032568 devstack@n-api-meta.service[78568]: DEBUG nova.api.openstack.wsgi_app [-] oslo_messaging_rabbit.kombu_compression = None {{(pid=78568) log_opt_values /opt/stack/data/venv/lib/python3.12/site-packages/oslo_config/cfg.py:2824}}
Aug 22 07:22:35.090251 np0000032568 devstack@n-api-meta.service[78568]: DEBUG nova.api.openstack.wsgi_app [-] oslo_messaging_rabbit.kombu_failover_strategy = round-robin {{(pid=78568) log_opt_values /opt/stack/data/venv/lib/python3.12/site-packages/oslo_config/cfg.py:2824}}
Aug 22 07:22:35.090251 np0000032568 devstack@n-api-meta.service[78568]: DEBUG nova.api.openstack.wsgi_app [-] oslo_messaging_rabbit.kombu_missing_consumer_retry_timeout = 60 {{(pid=78568) log_opt_values /opt/stack/data/venv/lib/python3.12/site-packages/oslo_config/cfg.py:2824}}
Aug 22 07:22:35.090350 np0000032568 devstack@n-api-meta.service[78568]: DEBUG nova.api.openstack.wsgi_app [-] oslo_messaging_rabbit.kombu_reconnect_delay = 1.0 {{(pid=78568) log_opt_values /opt/stack/data/venv/lib/python3.12/site-packages/oslo_config/cfg.py:2824}}
Aug 22 07:22:35.090570 np0000032568 devstack@n-api-meta.service[78568]: DEBUG nova.api.openstack.wsgi_app [-] oslo_messaging_rabbit.kombu_reconnect_splay = 0.0 {{(pid=78568) log_opt_values /opt/stack/data/venv/lib/python3.12/site-packages/oslo_config/cfg.py:2824}}
Aug 22 07:22:35.090570 np0000032568 devstack@n-api-meta.service[78568]: DEBUG nova.api.openstack.wsgi_app [-] oslo_messaging_rabbit.processname = uwsgi {{(pid=78568) log_opt_values /opt/stack/data/venv/lib/python3.12/site-packages/oslo_config/cfg.py:2824}}
Aug 22 07:22:35.090570 np0000032568 devstack@n-api-meta.service[78568]: DEBUG nova.api.openstack.wsgi_app [-] oslo_messaging_rabbit.rabbit_ha_queues = False {{(pid=78568) log_opt_values /opt/stack/data/venv/lib/python3.12/site-packages/oslo_config/cfg.py:2824}}
Aug 22 07:22:35.090654 np0000032568 devstack@n-api-meta.service[78568]: DEBUG nova.api.openstack.wsgi_app [-] oslo_messaging_rabbit.rabbit_interval_max = 30 {{(pid=78568) log_opt_values /opt/stack/data/venv/lib/python3.12/site-packages/oslo_config/cfg.py:2824}}
Aug 22 07:22:35.090739 np0000032568 devstack@n-api-meta.service[78568]: DEBUG nova.api.openstack.wsgi_app [-] oslo_messaging_rabbit.rabbit_login_method = AMQPLAIN {{(pid=78568) log_opt_values /opt/stack/data/venv/lib/python3.12/site-packages/oslo_config/cfg.py:2824}}
Aug 22 07:22:35.090819 np0000032568 devstack@n-api-meta.service[78568]: DEBUG nova.api.openstack.wsgi_app [-] oslo_messaging_rabbit.rabbit_qos_prefetch_count = 0 {{(pid=78568) log_opt_values /opt/stack/data/venv/lib/python3.12/site-packages/oslo_config/cfg.py:2824}}
Aug 22 07:22:35.090899 np0000032568 devstack@n-api-meta.service[78568]: DEBUG nova.api.openstack.wsgi_app [-] oslo_messaging_rabbit.rabbit_quorum_delivery_limit = 0 {{(pid=78568) log_opt_values /opt/stack/data/venv/lib/python3.12/site-packages/oslo_config/cfg.py:2824}}
Aug 22 07:22:35.090981 np0000032568 devstack@n-api-meta.service[78568]: DEBUG nova.api.openstack.wsgi_app [-] oslo_messaging_rabbit.rabbit_quorum_max_memory_bytes = 0 {{(pid=78568) log_opt_values /opt/stack/data/venv/lib/python3.12/site-packages/oslo_config/cfg.py:2824}}
Aug 22 07:22:35.091160 np0000032568 devstack@n-api-meta.service[78568]: DEBUG nova.api.openstack.wsgi_app [-] oslo_messaging_rabbit.rabbit_quorum_max_memory_length = 0 {{(pid=78568) log_opt_values /opt/stack/data/venv/lib/python3.12/site-packages/oslo_config/cfg.py:2824}}
Aug 22 07:22:35.091160 np0000032568 devstack@n-api-meta.service[78568]: DEBUG nova.api.openstack.wsgi_app [-] oslo_messaging_rabbit.rabbit_quorum_queue = False {{(pid=78568) log_opt_values /opt/stack/data/venv/lib/python3.12/site-packages/oslo_config/cfg.py:2824}}
Aug 22 07:22:35.091226 np0000032568 devstack@n-api-meta.service[78568]: DEBUG nova.api.openstack.wsgi_app [-] oslo_messaging_rabbit.rabbit_retry_backoff = 2 {{(pid=78568) log_opt_values /opt/stack/data/venv/lib/python3.12/site-packages/oslo_config/cfg.py:2824}}
Aug 22 07:22:35.091311 np0000032568 devstack@n-api-meta.service[78568]: DEBUG nova.api.openstack.wsgi_app [-] oslo_messaging_rabbit.rabbit_retry_interval = 1 {{(pid=78568) log_opt_values /opt/stack/data/venv/lib/python3.12/site-packages/oslo_config/cfg.py:2824}}
Aug 22 07:22:35.091392 np0000032568 devstack@n-api-meta.service[78568]: DEBUG nova.api.openstack.wsgi_app [-] oslo_messaging_rabbit.rabbit_stream_fanout = False {{(pid=78568) log_opt_values /opt/stack/data/venv/lib/python3.12/site-packages/oslo_config/cfg.py:2824}}
Aug 22 07:22:35.091472 np0000032568 devstack@n-api-meta.service[78568]: DEBUG nova.api.openstack.wsgi_app [-] oslo_messaging_rabbit.rabbit_transient_queues_ttl = 1800 {{(pid=78568) log_opt_values /opt/stack/data/venv/lib/python3.12/site-packages/oslo_config/cfg.py:2824}}
Aug 22 07:22:35.091552 np0000032568 devstack@n-api-meta.service[78568]: DEBUG nova.api.openstack.wsgi_app [-] oslo_messaging_rabbit.rabbit_transient_quorum_queue = False {{(pid=78568) log_opt_values /opt/stack/data/venv/lib/python3.12/site-packages/oslo_config/cfg.py:2824}}
Aug 22 07:22:35.091632 np0000032568 devstack@n-api-meta.service[78568]: DEBUG nova.api.openstack.wsgi_app [-] oslo_messaging_rabbit.rpc_conn_pool_size = 30 {{(pid=78568) log_opt_values /opt/stack/data/venv/lib/python3.12/site-packages/oslo_config/cfg.py:2824}}
Aug 22 07:22:35.091715 np0000032568 devstack@n-api-meta.service[78568]: DEBUG nova.api.openstack.wsgi_app [-] oslo_messaging_rabbit.ssl      = False {{(pid=78568) log_opt_values /opt/stack/data/venv/lib/python3.12/site-packages/oslo_config/cfg.py:2824}}
Aug 22 07:22:35.091798 np0000032568 devstack@n-api-meta.service[78568]: DEBUG nova.api.openstack.wsgi_app [-] oslo_messaging_rabbit.ssl_ca_file =  {{(pid=78568) log_opt_values /opt/stack/data/venv/lib/python3.12/site-packages/oslo_config/cfg.py:2824}}
Aug 22 07:22:35.091880 np0000032568 devstack@n-api-meta.service[78568]: DEBUG nova.api.openstack.wsgi_app [-] oslo_messaging_rabbit.ssl_cert_file =  {{(pid=78568) log_opt_values /opt/stack/data/venv/lib/python3.12/site-packages/oslo_config/cfg.py:2824}}
Aug 22 07:22:35.095188 np0000032568 devstack@n-api-meta.service[78568]: DEBUG nova.api.openstack.wsgi_app [-] oslo_messaging_rabbit.ssl_enforce_fips_mode = False {{(pid=78568) log_opt_values /opt/stack/data/venv/lib/python3.12/site-packages/oslo_config/cfg.py:2824}}
Aug 22 07:22:35.095188 np0000032568 devstack@n-api-meta.service[78568]: DEBUG nova.api.openstack.wsgi_app [-] oslo_messaging_rabbit.ssl_key_file =  {{(pid=78568) log_opt_values /opt/stack/data/venv/lib/python3.12/site-packages/oslo_config/cfg.py:2824}}
Aug 22 07:22:35.095188 np0000032568 devstack@n-api-meta.service[78568]: DEBUG nova.api.openstack.wsgi_app [-] oslo_messaging_rabbit.ssl_version =  {{(pid=78568) log_opt_values /opt/stack/data/venv/lib/python3.12/site-packages/oslo_config/cfg.py:2824}}
Aug 22 07:22:35.095188 np0000032568 devstack@n-api-meta.service[78568]: DEBUG nova.api.openstack.wsgi_app [-] oslo_messaging_rabbit.use_queue_manager = False {{(pid=78568) log_opt_values /opt/stack/data/venv/lib/python3.12/site-packages/oslo_config/cfg.py:2824}}
Aug 22 07:22:35.095188 np0000032568 devstack@n-api-meta.service[78568]: DEBUG nova.api.openstack.wsgi_app [-] oslo_messaging_notifications.driver = ['messagingv2'] {{(pid=78568) log_opt_values /opt/stack/data/venv/lib/python3.12/site-packages/oslo_config/cfg.py:2824}}
Aug 22 07:22:35.095188 np0000032568 devstack@n-api-meta.service[78568]: DEBUG nova.api.openstack.wsgi_app [-] oslo_messaging_notifications.retry = -1 {{(pid=78568) log_opt_values /opt/stack/data/venv/lib/python3.12/site-packages/oslo_config/cfg.py:2824}}
Aug 22 07:22:35.095188 np0000032568 devstack@n-api-meta.service[78568]: DEBUG nova.api.openstack.wsgi_app [-] oslo_messaging_notifications.topics = ['notifications'] {{(pid=78568) log_opt_values /opt/stack/data/venv/lib/python3.12/site-packages/oslo_config/cfg.py:2824}}
Aug 22 07:22:35.095188 np0000032568 devstack@n-api-meta.service[78568]: DEBUG nova.api.openstack.wsgi_app [-] oslo_messaging_notifications.transport_url = **** {{(pid=78568) log_opt_values /opt/stack/data/venv/lib/python3.12/site-packages/oslo_config/cfg.py:2824}}
Aug 22 07:22:35.095188 np0000032568 devstack@n-api-meta.service[78568]: DEBUG nova.api.openstack.wsgi_app [-] oslo_reports.file_event_handler = None {{(pid=78568) log_opt_values /opt/stack/data/venv/lib/python3.12/site-packages/oslo_config/cfg.py:2824}}
Aug 22 07:22:35.095388 np0000032568 devstack@n-api-meta.service[78568]: DEBUG nova.api.openstack.wsgi_app [-] oslo_reports.file_event_handler_interval = 1 {{(pid=78568) log_opt_values /opt/stack/data/venv/lib/python3.12/site-packages/oslo_config/cfg.py:2824}}
Aug 22 07:22:35.095388 np0000032568 devstack@n-api-meta.service[78568]: DEBUG nova.api.openstack.wsgi_app [-] oslo_reports.log_dir           = None {{(pid=78568) log_opt_values /opt/stack/data/venv/lib/python3.12/site-packages/oslo_config/cfg.py:2824}}
Aug 22 07:22:35.095388 np0000032568 devstack@n-api-meta.service[78568]: DEBUG nova.api.openstack.wsgi_app [-] ******************************************************************************** {{(pid=78568) log_opt_values /opt/stack/data/venv/lib/python3.12/site-packages/oslo_config/cfg.py:2828}}
Aug 22 07:22:35.115684 np0000032568 devstack@n-api-meta.service[78567]: INFO dbcounter [None req-32501507-bc1d-45b0-8738-b9051c66349d None None] Registered counter for database nova_api
Aug 22 07:22:35.128100 np0000032568 devstack@n-api-meta.service[78568]: INFO dbcounter [None req-1bd93f00-184e-4d02-ba23-f6ab472379cc None None] Registered counter for database nova_api
Aug 22 07:22:35.133727 np0000032568 devstack@n-api-meta.service[78567]: DEBUG oslo_db.sqlalchemy.engines [None req-32501507-bc1d-45b0-8738-b9051c66349d None None] MySQL server mode set to STRICT_TRANS_TABLES,STRICT_ALL_TABLES,NO_ZERO_IN_DATE,NO_ZERO_DATE,ERROR_FOR_DIVISION_BY_ZERO,TRADITIONAL,NO_ENGINE_SUBSTITUTION {{(pid=78567) _check_effective_sql_mode /opt/stack/data/venv/lib/python3.12/site-packages/oslo_db/sqlalchemy/engines.py:397}}
Aug 22 07:22:35.143198 np0000032568 devstack@n-api-meta.service[78568]: DEBUG oslo_db.sqlalchemy.engines [None req-1bd93f00-184e-4d02-ba23-f6ab472379cc None None] MySQL server mode set to STRICT_TRANS_TABLES,STRICT_ALL_TABLES,NO_ZERO_IN_DATE,NO_ZERO_DATE,ERROR_FOR_DIVISION_BY_ZERO,TRADITIONAL,NO_ENGINE_SUBSTITUTION {{(pid=78568) _check_effective_sql_mode /opt/stack/data/venv/lib/python3.12/site-packages/oslo_db/sqlalchemy/engines.py:397}}
Aug 22 07:22:35.167003 np0000032568 devstack@n-api-meta.service[78567]: DEBUG dbcounter [-] [78567] Writer thread running {{(pid=78567) stat_writer /opt/stack/data/venv/lib/python3.12/site-packages/dbcounter.py:102}}
Aug 22 07:22:35.168980 np0000032568 devstack@n-api-meta.service[78567]: DEBUG nova.context [None req-32501507-bc1d-45b0-8738-b9051c66349d None None] Found 2 cells: 00000000-0000-0000-0000-000000000000(cell0),7d87d2ef-5868-432a-b7cc-7649a00d83de(cell1) {{(pid=78567) load_cells /opt/stack/nova/nova/context.py:464}}
Aug 22 07:22:35.169081 np0000032568 devstack@n-api-meta.service[78568]: DEBUG dbcounter [-] [78568] Writer thread running {{(pid=78568) stat_writer /opt/stack/data/venv/lib/python3.12/site-packages/dbcounter.py:102}}
Aug 22 07:22:35.170581 np0000032568 devstack@n-api-meta.service[78567]: DEBUG oslo_concurrency.lockutils [None req-32501507-bc1d-45b0-8738-b9051c66349d None None] Acquiring lock "00000000-0000-0000-0000-000000000000" by "nova.context.set_target_cell.<locals>.get_or_set_cached_cell_and_set_connections" {{(pid=78567) inner /opt/stack/data/venv/lib/python3.12/site-packages/oslo_concurrency/lockutils.py:405}}
Aug 22 07:22:35.170770 np0000032568 devstack@n-api-meta.service[78567]: DEBUG oslo_concurrency.lockutils [None req-32501507-bc1d-45b0-8738-b9051c66349d None None] Lock "00000000-0000-0000-0000-000000000000" acquired by "nova.context.set_target_cell.<locals>.get_or_set_cached_cell_and_set_connections" :: waited 0.000s {{(pid=78567) inner /opt/stack/data/venv/lib/python3.12/site-packages/oslo_concurrency/lockutils.py:410}}
Aug 22 07:22:35.170942 np0000032568 devstack@n-api-meta.service[78568]: DEBUG nova.context [None req-1bd93f00-184e-4d02-ba23-f6ab472379cc None None] Found 2 cells: 00000000-0000-0000-0000-000000000000(cell0),7d87d2ef-5868-432a-b7cc-7649a00d83de(cell1) {{(pid=78568) load_cells /opt/stack/nova/nova/context.py:464}}
Aug 22 07:22:35.171117 np0000032568 devstack@n-api-meta.service[78567]: DEBUG oslo_concurrency.lockutils [None req-32501507-bc1d-45b0-8738-b9051c66349d None None] Lock "00000000-0000-0000-0000-000000000000" "released" by "nova.context.set_target_cell.<locals>.get_or_set_cached_cell_and_set_connections" :: held 0.000s {{(pid=78567) inner /opt/stack/data/venv/lib/python3.12/site-packages/oslo_concurrency/lockutils.py:424}}
Aug 22 07:22:35.171482 np0000032568 devstack@n-api-meta.service[78567]: DEBUG oslo_concurrency.lockutils [None req-32501507-bc1d-45b0-8738-b9051c66349d None None] Acquiring lock "7d87d2ef-5868-432a-b7cc-7649a00d83de" by "nova.context.set_target_cell.<locals>.get_or_set_cached_cell_and_set_connections" {{(pid=78567) inner /opt/stack/data/venv/lib/python3.12/site-packages/oslo_concurrency/lockutils.py:405}}
Aug 22 07:22:35.171621 np0000032568 devstack@n-api-meta.service[78567]: DEBUG oslo_concurrency.lockutils [None req-32501507-bc1d-45b0-8738-b9051c66349d None None] Lock "7d87d2ef-5868-432a-b7cc-7649a00d83de" acquired by "nova.context.set_target_cell.<locals>.get_or_set_cached_cell_and_set_connections" :: waited 0.000s {{(pid=78567) inner /opt/stack/data/venv/lib/python3.12/site-packages/oslo_concurrency/lockutils.py:410}}
Aug 22 07:22:35.172995 np0000032568 devstack@n-api-meta.service[78567]: DEBUG oslo_concurrency.lockutils [None req-32501507-bc1d-45b0-8738-b9051c66349d None None] Lock "7d87d2ef-5868-432a-b7cc-7649a00d83de" "released" by "nova.context.set_target_cell.<locals>.get_or_set_cached_cell_and_set_connections" :: held 0.001s {{(pid=78567) inner /opt/stack/data/venv/lib/python3.12/site-packages/oslo_concurrency/lockutils.py:424}}
Aug 22 07:22:35.173071 np0000032568 devstack@n-api-meta.service[78568]: DEBUG oslo_concurrency.lockutils [None req-1bd93f00-184e-4d02-ba23-f6ab472379cc None None] Acquiring lock "00000000-0000-0000-0000-000000000000" by "nova.context.set_target_cell.<locals>.get_or_set_cached_cell_and_set_connections" {{(pid=78568) inner /opt/stack/data/venv/lib/python3.12/site-packages/oslo_concurrency/lockutils.py:405}}
Aug 22 07:22:35.173071 np0000032568 devstack@n-api-meta.service[78568]: DEBUG oslo_concurrency.lockutils [None req-1bd93f00-184e-4d02-ba23-f6ab472379cc None None] Lock "00000000-0000-0000-0000-000000000000" acquired by "nova.context.set_target_cell.<locals>.get_or_set_cached_cell_and_set_connections" :: waited 0.000s {{(pid=78568) inner /opt/stack/data/venv/lib/python3.12/site-packages/oslo_concurrency/lockutils.py:410}}
Aug 22 07:22:35.173071 np0000032568 devstack@n-api-meta.service[78568]: DEBUG oslo_concurrency.lockutils [None req-1bd93f00-184e-4d02-ba23-f6ab472379cc None None] Lock "00000000-0000-0000-0000-000000000000" "released" by "nova.context.set_target_cell.<locals>.get_or_set_cached_cell_and_set_connections" :: held 0.000s {{(pid=78568) inner /opt/stack/data/venv/lib/python3.12/site-packages/oslo_concurrency/lockutils.py:424}}
Aug 22 07:22:35.173393 np0000032568 devstack@n-api-meta.service[78568]: DEBUG oslo_concurrency.lockutils [None req-1bd93f00-184e-4d02-ba23-f6ab472379cc None None] Acquiring lock "7d87d2ef-5868-432a-b7cc-7649a00d83de" by "nova.context.set_target_cell.<locals>.get_or_set_cached_cell_and_set_connections" {{(pid=78568) inner /opt/stack/data/venv/lib/python3.12/site-packages/oslo_concurrency/lockutils.py:405}}
Aug 22 07:22:35.173438 np0000032568 devstack@n-api-meta.service[78567]: INFO dbcounter [None req-32501507-bc1d-45b0-8738-b9051c66349d None None] Registered counter for database nova_cell0
Aug 22 07:22:35.173904 np0000032568 devstack@n-api-meta.service[78568]: DEBUG oslo_concurrency.lockutils [None req-1bd93f00-184e-4d02-ba23-f6ab472379cc None None] Lock "7d87d2ef-5868-432a-b7cc-7649a00d83de" acquired by "nova.context.set_target_cell.<locals>.get_or_set_cached_cell_and_set_connections" :: waited 0.000s {{(pid=78568) inner /opt/stack/data/venv/lib/python3.12/site-packages/oslo_concurrency/lockutils.py:410}}
Aug 22 07:22:35.174335 np0000032568 devstack@n-api-meta.service[78568]: DEBUG oslo_concurrency.lockutils [None req-1bd93f00-184e-4d02-ba23-f6ab472379cc None None] Lock "7d87d2ef-5868-432a-b7cc-7649a00d83de" "released" by "nova.context.set_target_cell.<locals>.get_or_set_cached_cell_and_set_connections" :: held 0.001s {{(pid=78568) inner /opt/stack/data/venv/lib/python3.12/site-packages/oslo_concurrency/lockutils.py:424}}
Aug 22 07:22:35.175317 np0000032568 devstack@n-api-meta.service[78568]: INFO dbcounter [None req-1bd93f00-184e-4d02-ba23-f6ab472379cc None None] Registered counter for database nova_cell0
Aug 22 07:22:35.175404 np0000032568 devstack@n-api-meta.service[78567]: INFO dbcounter [None req-32501507-bc1d-45b0-8738-b9051c66349d None None] Registered counter for database nova_cell1
Aug 22 07:22:35.177302 np0000032568 devstack@n-api-meta.service[78568]: INFO dbcounter [None req-1bd93f00-184e-4d02-ba23-f6ab472379cc None None] Registered counter for database nova_cell1
Aug 22 07:22:35.179642 np0000032568 devstack@n-api-meta.service[78567]: DEBUG oslo_db.sqlalchemy.engines [None req-32501507-bc1d-45b0-8738-b9051c66349d None None] MySQL server mode set to STRICT_TRANS_TABLES,STRICT_ALL_TABLES,NO_ZERO_IN_DATE,NO_ZERO_DATE,ERROR_FOR_DIVISION_BY_ZERO,TRADITIONAL,NO_ENGINE_SUBSTITUTION {{(pid=78567) _check_effective_sql_mode /opt/stack/data/venv/lib/python3.12/site-packages/oslo_db/sqlalchemy/engines.py:397}}
Aug 22 07:22:35.181542 np0000032568 devstack@n-api-meta.service[78568]: DEBUG oslo_db.sqlalchemy.engines [None req-1bd93f00-184e-4d02-ba23-f6ab472379cc None None] MySQL server mode set to STRICT_TRANS_TABLES,STRICT_ALL_TABLES,NO_ZERO_IN_DATE,NO_ZERO_DATE,ERROR_FOR_DIVISION_BY_ZERO,TRADITIONAL,NO_ENGINE_SUBSTITUTION {{(pid=78568) _check_effective_sql_mode /opt/stack/data/venv/lib/python3.12/site-packages/oslo_db/sqlalchemy/engines.py:397}}
Aug 22 07:22:35.183204 np0000032568 devstack@n-api-meta.service[78567]: DEBUG oslo_db.sqlalchemy.engines [None req-32501507-bc1d-45b0-8738-b9051c66349d None None] MySQL server mode set to STRICT_TRANS_TABLES,STRICT_ALL_TABLES,NO_ZERO_IN_DATE,NO_ZERO_DATE,ERROR_FOR_DIVISION_BY_ZERO,TRADITIONAL,NO_ENGINE_SUBSTITUTION {{(pid=78567) _check_effective_sql_mode /opt/stack/data/venv/lib/python3.12/site-packages/oslo_db/sqlalchemy/engines.py:397}}
Aug 22 07:22:35.245350 np0000032568 devstack@n-api-meta.service[78568]: DEBUG dbcounter [-] [78568] Writer thread running {{(pid=78568) stat_writer /opt/stack/data/venv/lib/python3.12/site-packages/dbcounter.py:102}}
Aug 22 07:22:35.245350 np0000032568 devstack@n-api-meta.service[78568]: DEBUG oslo_db.sqlalchemy.engines [None req-1bd93f00-184e-4d02-ba23-f6ab472379cc None None] MySQL server mode set to STRICT_TRANS_TABLES,STRICT_ALL_TABLES,NO_ZERO_IN_DATE,NO_ZERO_DATE,ERROR_FOR_DIVISION_BY_ZERO,TRADITIONAL,NO_ENGINE_SUBSTITUTION {{(pid=78568) _check_effective_sql_mode /opt/stack/data/venv/lib/python3.12/site-packages/oslo_db/sqlalchemy/engines.py:397}}
Aug 22 07:22:35.246495 np0000032568 devstack@n-api-meta.service[78567]: DEBUG dbcounter [-] [78567] Writer thread running {{(pid=78567) stat_writer /opt/stack/data/venv/lib/python3.12/site-packages/dbcounter.py:102}}
Aug 22 07:22:35.246629 np0000032568 devstack@n-api-meta.service[78567]: DEBUG dbcounter [-] [78567] Writer thread running {{(pid=78567) stat_writer /opt/stack/data/venv/lib/python3.12/site-packages/dbcounter.py:102}}
Aug 22 07:22:35.249006 np0000032568 devstack@n-api-meta.service[78568]: DEBUG dbcounter [-] [78568] Writer thread running {{(pid=78568) stat_writer /opt/stack/data/venv/lib/python3.12/site-packages/dbcounter.py:102}}
Aug 22 07:22:35.249215 np0000032568 devstack@n-api-meta.service[78567]: INFO dbcounter [None req-32501507-bc1d-45b0-8738-b9051c66349d None None] Registered counter for database nova_cell0
Aug 22 07:22:35.250771 np0000032568 devstack@n-api-meta.service[78568]: INFO dbcounter [None req-1bd93f00-184e-4d02-ba23-f6ab472379cc None None] Registered counter for database nova_cell0
Aug 22 07:22:35.253849 np0000032568 devstack@n-api-meta.service[78567]: DEBUG oslo_db.sqlalchemy.engines [None req-32501507-bc1d-45b0-8738-b9051c66349d None None] MySQL server mode set to STRICT_TRANS_TABLES,STRICT_ALL_TABLES,NO_ZERO_IN_DATE,NO_ZERO_DATE,ERROR_FOR_DIVISION_BY_ZERO,TRADITIONAL,NO_ENGINE_SUBSTITUTION {{(pid=78567) _check_effective_sql_mode /opt/stack/data/venv/lib/python3.12/site-packages/oslo_db/sqlalchemy/engines.py:397}}
Aug 22 07:22:35.254140 np0000032568 devstack@n-api-meta.service[78568]: DEBUG oslo_db.sqlalchemy.engines [None req-1bd93f00-184e-4d02-ba23-f6ab472379cc None None] MySQL server mode set to STRICT_TRANS_TABLES,STRICT_ALL_TABLES,NO_ZERO_IN_DATE,NO_ZERO_DATE,ERROR_FOR_DIVISION_BY_ZERO,TRADITIONAL,NO_ENGINE_SUBSTITUTION {{(pid=78568) _check_effective_sql_mode /opt/stack/data/venv/lib/python3.12/site-packages/oslo_db/sqlalchemy/engines.py:397}}
Aug 22 07:22:35.257425 np0000032568 devstack@n-api-meta.service[78567]: DEBUG dbcounter [-] [78567] Writer thread running {{(pid=78567) stat_writer /opt/stack/data/venv/lib/python3.12/site-packages/dbcounter.py:102}}
Aug 22 07:22:35.257769 np0000032568 devstack@n-api-meta.service[78568]: DEBUG dbcounter [-] [78568] Writer thread running {{(pid=78568) stat_writer /opt/stack/data/venv/lib/python3.12/site-packages/dbcounter.py:102}}
Aug 22 07:22:35.288727 np0000032568 devstack@n-api-meta.service[78567]: WARNING nova.api.metadata.handler [None req-32501507-bc1d-45b0-8738-b9051c66349d None None] metadata_proxy_shared_secret is not configured, the metadata information returned by the proxy cannot be trusted
Aug 22 07:22:35.289146 np0000032568 devstack@n-api-meta.service[78568]: WARNING nova.api.metadata.handler [None req-1bd93f00-184e-4d02-ba23-f6ab472379cc None None] metadata_proxy_shared_secret is not configured, the metadata information returned by the proxy cannot be trusted
Aug 22 07:22:35.290637 np0000032568 devstack@n-api-meta.service[78568]: WSGI app 0 (mountpoint='') ready in 2 seconds on interpreter 0x712b00aa39e8 pid: 78568 (default app)
Aug 22 07:22:35.291271 np0000032568 devstack@n-api-meta.service[78567]: WSGI app 0 (mountpoint='') ready in 2 seconds on interpreter 0x712b00aa39e8 pid: 78567 (default app)
Aug 22 07:31:55.303461 np0000032568 devstack@n-api-meta.service[78568]: DEBUG nova.api.metadata.handler [None req-1bd93f00-184e-4d02-ba23-f6ab472379cc None None] Metadata request headers: {'Host': '192.168.1.118:8775', 'User-Agent': 'python-requests/2.32.3', 'Accept-Encoding': 'gzip, deflate', 'Accept': '*/*', 'Connection': 'keep-alive', 'X-Forwarded-For': '10.1.0.23', 'X-Instance-Id': '4d06bf7d-0307-4805-8779-d62028bcb759', 'X-Tenant-Id': '481ea530c40d4142beb35a80c22954e7', 'X-Instance-Id-Signature': '39dd1f82ce0b5bc3ea7d04f62f1af1f5ee3fdad9c26a4df3d332bae6b7ba6f5d'} {{(pid=78568) __call__ /opt/stack/nova/nova/api/metadata/handler.py:109}}
Aug 22 07:31:55.306828 np0000032568 devstack@n-api-meta.service[78568]: DEBUG dbcounter [-] [78568] Writing DB stats nova_api:SELECT=1 {{(pid=78568) stat_writer /opt/stack/data/venv/lib/python3.12/site-packages/dbcounter.py:115}}
Aug 22 07:31:55.307600 np0000032568 devstack@n-api-meta.service[78568]: DEBUG dbcounter [-] [78568] Writing DB stats nova_cell0:SELECT=1 {{(pid=78568) stat_writer /opt/stack/data/venv/lib/python3.12/site-packages/dbcounter.py:115}}
Aug 22 07:31:55.308331 np0000032568 devstack@n-api-meta.service[78568]: DEBUG dbcounter [-] [78568] Writing DB stats nova_cell1:SELECT=1 {{(pid=78568) stat_writer /opt/stack/data/venv/lib/python3.12/site-packages/dbcounter.py:115}}
Aug 22 07:31:55.308790 np0000032568 devstack@n-api-meta.service[78568]: DEBUG dbcounter [-] [78568] Writing DB stats nova_cell0:SELECT=2,nova_cell0:INSERT=1 {{(pid=78568) stat_writer /opt/stack/data/venv/lib/python3.12/site-packages/dbcounter.py:115}}
Aug 22 07:31:55.319519 np0000032568 devstack@n-api-meta.service[78568]: DEBUG oslo_concurrency.lockutils [None req-be72e569-ff9b-4035-810f-d3414f1b4457 None None] Acquiring lock "7d87d2ef-5868-432a-b7cc-7649a00d83de" by "nova.context.set_target_cell.<locals>.get_or_set_cached_cell_and_set_connections" {{(pid=78568) inner /opt/stack/data/venv/lib/python3.12/site-packages/oslo_concurrency/lockutils.py:405}}
Aug 22 07:31:55.319794 np0000032568 devstack@n-api-meta.service[78568]: DEBUG oslo_concurrency.lockutils [None req-be72e569-ff9b-4035-810f-d3414f1b4457 None None] Lock "7d87d2ef-5868-432a-b7cc-7649a00d83de" acquired by "nova.context.set_target_cell.<locals>.get_or_set_cached_cell_and_set_connections" :: waited 0.000s {{(pid=78568) inner /opt/stack/data/venv/lib/python3.12/site-packages/oslo_concurrency/lockutils.py:410}}
Aug 22 07:31:55.320011 np0000032568 devstack@n-api-meta.service[78568]: DEBUG oslo_concurrency.lockutils [None req-be72e569-ff9b-4035-810f-d3414f1b4457 None None] Lock "7d87d2ef-5868-432a-b7cc-7649a00d83de" "released" by "nova.context.set_target_cell.<locals>.get_or_set_cached_cell_and_set_connections" :: held 0.000s {{(pid=78568) inner /opt/stack/data/venv/lib/python3.12/site-packages/oslo_concurrency/lockutils.py:424}}
Aug 22 07:31:55.728267 np0000032568 devstack@n-api-meta.service[78568]: [pid: 78568|app: 0|req: 1/1] 192.168.1.118 () {40 vars in 702 bytes} [Fri Aug 22 07:31:55 2025] GET /latest/meta-data/public-keys/0/openssh-key => generated 204 bytes in 426 msecs (HTTP/1.1 200) 3 headers in 100 bytes (1 switches on core 0)
Aug 22 07:34:30.640212 np0000032568 devstack@n-api-meta.service[78567]: DEBUG nova.api.metadata.handler [None req-32501507-bc1d-45b0-8738-b9051c66349d None None] Metadata request headers: {'Host': '192.168.1.118:8775', 'User-Agent': 'python-requests/2.32.3', 'Accept-Encoding': 'gzip, deflate', 'Accept': '*/*', 'Connection': 'keep-alive', 'X-Forwarded-For': '10.1.0.20', 'X-Instance-Id': 'd80115bf-be0c-4fe5-bc14-cbdf2831f7dc', 'X-Tenant-Id': '481ea530c40d4142beb35a80c22954e7', 'X-Instance-Id-Signature': '1632a68f8a84db44024067d3dde9739df288ebbff88b6bd50dd4d2f9c09b35e8'} {{(pid=78567) __call__ /opt/stack/nova/nova/api/metadata/handler.py:109}}
Aug 22 07:34:30.641693 np0000032568 devstack@n-api-meta.service[78567]: DEBUG dbcounter [-] [78567] Writing DB stats nova_api:SELECT=1 {{(pid=78567) stat_writer /opt/stack/data/venv/lib/python3.12/site-packages/dbcounter.py:115}}
Aug 22 07:34:30.642065 np0000032568 devstack@n-api-meta.service[78567]: DEBUG dbcounter [-] [78567] Writing DB stats nova_cell1:SELECT=1 {{(pid=78567) stat_writer /opt/stack/data/venv/lib/python3.12/site-packages/dbcounter.py:115}}
Aug 22 07:34:30.642517 np0000032568 devstack@n-api-meta.service[78567]: DEBUG dbcounter [-] [78567] Writing DB stats nova_cell0:SELECT=1 {{(pid=78567) stat_writer /opt/stack/data/venv/lib/python3.12/site-packages/dbcounter.py:115}}
Aug 22 07:34:30.642996 np0000032568 devstack@n-api-meta.service[78567]: DEBUG dbcounter [-] [78567] Writing DB stats nova_cell0:SELECT=2,nova_cell0:INSERT=1 {{(pid=78567) stat_writer /opt/stack/data/venv/lib/python3.12/site-packages/dbcounter.py:115}}
Aug 22 07:34:30.652212 np0000032568 devstack@n-api-meta.service[78567]: DEBUG oslo_concurrency.lockutils [None req-12b15d89-801a-4dbb-852c-c91f1ed45c8d None None] Acquiring lock "7d87d2ef-5868-432a-b7cc-7649a00d83de" by "nova.context.set_target_cell.<locals>.get_or_set_cached_cell_and_set_connections" {{(pid=78567) inner /opt/stack/data/venv/lib/python3.12/site-packages/oslo_concurrency/lockutils.py:405}}
Aug 22 07:34:30.652212 np0000032568 devstack@n-api-meta.service[78567]: DEBUG oslo_concurrency.lockutils [None req-12b15d89-801a-4dbb-852c-c91f1ed45c8d None None] Lock "7d87d2ef-5868-432a-b7cc-7649a00d83de" acquired by "nova.context.set_target_cell.<locals>.get_or_set_cached_cell_and_set_connections" :: waited 0.000s {{(pid=78567) inner /opt/stack/data/venv/lib/python3.12/site-packages/oslo_concurrency/lockutils.py:410}}
Aug 22 07:34:30.652299 np0000032568 devstack@n-api-meta.service[78567]: DEBUG oslo_concurrency.lockutils [None req-12b15d89-801a-4dbb-852c-c91f1ed45c8d None None] Lock "7d87d2ef-5868-432a-b7cc-7649a00d83de" "released" by "nova.context.set_target_cell.<locals>.get_or_set_cached_cell_and_set_connections" :: held 0.000s {{(pid=78567) inner /opt/stack/data/venv/lib/python3.12/site-packages/oslo_concurrency/lockutils.py:424}}
Aug 22 07:34:30.892698 np0000032568 devstack@n-api-meta.service[78567]: [pid: 78567|app: 0|req: 1/2] 192.168.1.118 () {40 vars in 702 bytes} [Fri Aug 22 07:34:30 2025] GET /latest/meta-data/public-keys/0/openssh-key => generated 204 bytes in 254 msecs (HTTP/1.1 200) 3 headers in 100 bytes (1 switches on core 0)
Aug 22 07:36:55.612792 np0000032568 devstack@n-api-meta.service[78568]: DEBUG nova.api.metadata.handler [None req-be72e569-ff9b-4035-810f-d3414f1b4457 None None] Metadata request headers: {'Host': '192.168.1.118:8775', 'User-Agent': 'python-requests/2.32.3', 'Accept-Encoding': 'gzip, deflate', 'Accept': '*/*', 'Connection': 'keep-alive', 'X-Forwarded-For': '10.1.0.30', 'X-Instance-Id': '98390863-f79e-45f3-879e-18989108b344', 'X-Tenant-Id': '481ea530c40d4142beb35a80c22954e7', 'X-Instance-Id-Signature': 'cc7936f67cf15d9a363278a4736703152c39b8776b7e7be194264d6d39932d39'} {{(pid=78568) __call__ /opt/stack/nova/nova/api/metadata/handler.py:109}}
Aug 22 07:36:55.613342 np0000032568 devstack@n-api-meta.service[78568]: DEBUG dbcounter [-] [78568] Writing DB stats nova_api:SELECT=1 {{(pid=78568) stat_writer /opt/stack/data/venv/lib/python3.12/site-packages/dbcounter.py:115}}
Aug 22 07:36:55.613840 np0000032568 devstack@n-api-meta.service[78568]: DEBUG dbcounter [-] [78568] Writing DB stats nova_cell1:SELECT=4 {{(pid=78568) stat_writer /opt/stack/data/venv/lib/python3.12/site-packages/dbcounter.py:115}}
Aug 22 07:36:55.617050 np0000032568 devstack@n-api-meta.service[78568]: DEBUG oslo_concurrency.lockutils [None req-cd585d1c-9a7c-4bdd-b4e0-c5dfdc19e28c None None] Acquiring lock "7d87d2ef-5868-432a-b7cc-7649a00d83de" by "nova.context.set_target_cell.<locals>.get_or_set_cached_cell_and_set_connections" {{(pid=78568) inner /opt/stack/data/venv/lib/python3.12/site-packages/oslo_concurrency/lockutils.py:405}}
Aug 22 07:36:55.617197 np0000032568 devstack@n-api-meta.service[78568]: DEBUG oslo_concurrency.lockutils [None req-cd585d1c-9a7c-4bdd-b4e0-c5dfdc19e28c None None] Lock "7d87d2ef-5868-432a-b7cc-7649a00d83de" acquired by "nova.context.set_target_cell.<locals>.get_or_set_cached_cell_and_set_connections" :: waited 0.000s {{(pid=78568) inner /opt/stack/data/venv/lib/python3.12/site-packages/oslo_concurrency/lockutils.py:410}}
Aug 22 07:36:55.617333 np0000032568 devstack@n-api-meta.service[78568]: DEBUG oslo_concurrency.lockutils [None req-cd585d1c-9a7c-4bdd-b4e0-c5dfdc19e28c None None] Lock "7d87d2ef-5868-432a-b7cc-7649a00d83de" "released" by "nova.context.set_target_cell.<locals>.get_or_set_cached_cell_and_set_connections" :: held 0.000s {{(pid=78568) inner /opt/stack/data/venv/lib/python3.12/site-packages/oslo_concurrency/lockutils.py:424}}
Aug 22 07:36:55.676047 np0000032568 devstack@n-api-meta.service[78568]: [pid: 78568|app: 0|req: 2/3] 192.168.1.118 () {40 vars in 701 bytes} [Fri Aug 22 07:36:55 2025] GET /latest/meta-data/public-keys/0/openssh-key => generated 204 bytes in 64 msecs (HTTP/1.1 200) 3 headers in 100 bytes (1 switches on core 0)
Aug 22 07:36:57.522078 np0000032568 devstack@n-api-meta.service[78567]: DEBUG nova.api.metadata.handler [None req-12b15d89-801a-4dbb-852c-c91f1ed45c8d None None] Metadata request headers: {'Host': '192.168.1.118:8775', 'User-Agent': 'python-requests/2.32.3', 'Accept-Encoding': 'gzip, deflate', 'Accept': '*/*', 'Connection': 'keep-alive', 'X-Forwarded-For': '10.1.0.20', 'X-Instance-Id': 'dc3b8385-6216-4395-aceb-8c76fb672372', 'X-Tenant-Id': '481ea530c40d4142beb35a80c22954e7', 'X-Instance-Id-Signature': '49f1d8930817bea0141192c276a235dbd7f7ee80553a6092bafa2ab9caf65573'} {{(pid=78567) __call__ /opt/stack/nova/nova/api/metadata/handler.py:109}}
Aug 22 07:36:57.522636 np0000032568 devstack@n-api-meta.service[78567]: DEBUG dbcounter [-] [78567] Writing DB stats nova_api:SELECT=1 {{(pid=78567) stat_writer /opt/stack/data/venv/lib/python3.12/site-packages/dbcounter.py:115}}
Aug 22 07:36:57.523111 np0000032568 devstack@n-api-meta.service[78567]: DEBUG dbcounter [-] [78567] Writing DB stats nova_cell1:SELECT=4 {{(pid=78567) stat_writer /opt/stack/data/venv/lib/python3.12/site-packages/dbcounter.py:115}}
Aug 22 07:36:57.526084 np0000032568 devstack@n-api-meta.service[78567]: DEBUG oslo_concurrency.lockutils [None req-bfcd4505-58e6-42c6-8b66-d547d0e9b90b None None] Acquiring lock "7d87d2ef-5868-432a-b7cc-7649a00d83de" by "nova.context.set_target_cell.<locals>.get_or_set_cached_cell_and_set_connections" {{(pid=78567) inner /opt/stack/data/venv/lib/python3.12/site-packages/oslo_concurrency/lockutils.py:405}}
Aug 22 07:36:57.526259 np0000032568 devstack@n-api-meta.service[78567]: DEBUG oslo_concurrency.lockutils [None req-bfcd4505-58e6-42c6-8b66-d547d0e9b90b None None] Lock "7d87d2ef-5868-432a-b7cc-7649a00d83de" acquired by "nova.context.set_target_cell.<locals>.get_or_set_cached_cell_and_set_connections" :: waited 0.000s {{(pid=78567) inner /opt/stack/data/venv/lib/python3.12/site-packages/oslo_concurrency/lockutils.py:410}}
Aug 22 07:36:57.526392 np0000032568 devstack@n-api-meta.service[78567]: DEBUG oslo_concurrency.lockutils [None req-bfcd4505-58e6-42c6-8b66-d547d0e9b90b None None] Lock "7d87d2ef-5868-432a-b7cc-7649a00d83de" "released" by "nova.context.set_target_cell.<locals>.get_or_set_cached_cell_and_set_connections" :: held 0.000s {{(pid=78567) inner /opt/stack/data/venv/lib/python3.12/site-packages/oslo_concurrency/lockutils.py:424}}
Aug 22 07:36:57.585023 np0000032568 devstack@n-api-meta.service[78567]: [pid: 78567|app: 0|req: 2/4] 192.168.1.118 () {40 vars in 701 bytes} [Fri Aug 22 07:36:57 2025] GET /latest/meta-data/public-keys/0/openssh-key => generated 204 bytes in 63 msecs (HTTP/1.1 200) 3 headers in 100 bytes (1 switches on core 0)
Aug 22 07:39:46.731030 np0000032568 devstack@n-api-meta.service[78568]: DEBUG nova.api.metadata.handler [None req-cd585d1c-9a7c-4bdd-b4e0-c5dfdc19e28c None None] Metadata request headers: {'Host': '192.168.1.118:8775', 'User-Agent': 'python-requests/2.32.3', 'Accept-Encoding': 'gzip, deflate', 'Accept': '*/*', 'Connection': 'keep-alive', 'X-Forwarded-For': '10.1.0.30', 'X-Instance-Id': 'b97bc325-cb13-4e76-a7e0-cc91bf093011', 'X-Tenant-Id': '481ea530c40d4142beb35a80c22954e7', 'X-Instance-Id-Signature': '935ad1344dc8fb37f569ab8746e8560047bdf37c7a7181842b97ad3db783146e'} {{(pid=78568) __call__ /opt/stack/nova/nova/api/metadata/handler.py:109}}
Aug 22 07:39:46.731320 np0000032568 devstack@n-api-meta.service[78568]: DEBUG dbcounter [-] [78568] Writing DB stats nova_api:SELECT=1 {{(pid=78568) stat_writer /opt/stack/data/venv/lib/python3.12/site-packages/dbcounter.py:115}}
Aug 22 07:39:46.731814 np0000032568 devstack@n-api-meta.service[78568]: DEBUG dbcounter [-] [78568] Writing DB stats nova_cell1:SELECT=4 {{(pid=78568) stat_writer /opt/stack/data/venv/lib/python3.12/site-packages/dbcounter.py:115}}
Aug 22 07:39:46.735217 np0000032568 devstack@n-api-meta.service[78568]: DEBUG oslo_concurrency.lockutils [None req-f0dfd7b5-3560-4fd7-a8b9-e6ee676b7988 None None] Acquiring lock "7d87d2ef-5868-432a-b7cc-7649a00d83de" by "nova.context.set_target_cell.<locals>.get_or_set_cached_cell_and_set_connections" {{(pid=78568) inner /opt/stack/data/venv/lib/python3.12/site-packages/oslo_concurrency/lockutils.py:405}}
Aug 22 07:39:46.735217 np0000032568 devstack@n-api-meta.service[78568]: DEBUG oslo_concurrency.lockutils [None req-f0dfd7b5-3560-4fd7-a8b9-e6ee676b7988 None None] Lock "7d87d2ef-5868-432a-b7cc-7649a00d83de" acquired by "nova.context.set_target_cell.<locals>.get_or_set_cached_cell_and_set_connections" :: waited 0.000s {{(pid=78568) inner /opt/stack/data/venv/lib/python3.12/site-packages/oslo_concurrency/lockutils.py:410}}
Aug 22 07:39:46.735217 np0000032568 devstack@n-api-meta.service[78568]: DEBUG oslo_concurrency.lockutils [None req-f0dfd7b5-3560-4fd7-a8b9-e6ee676b7988 None None] Lock "7d87d2ef-5868-432a-b7cc-7649a00d83de" "released" by "nova.context.set_target_cell.<locals>.get_or_set_cached_cell_and_set_connections" :: held 0.000s {{(pid=78568) inner /opt/stack/data/venv/lib/python3.12/site-packages/oslo_concurrency/lockutils.py:424}}
Aug 22 07:39:46.826846 np0000032568 devstack@n-api-meta.service[78568]: [pid: 78568|app: 0|req: 3/5] 192.168.1.118 () {40 vars in 702 bytes} [Fri Aug 22 07:39:46 2025] GET /latest/meta-data/public-keys/0/openssh-key => generated 204 bytes in 96 msecs (HTTP/1.1 200) 3 headers in 100 bytes (1 switches on core 0)
Aug 22 07:42:27.818598 np0000032568 devstack@n-api-meta.service[78567]: DEBUG nova.api.metadata.handler [None req-bfcd4505-58e6-42c6-8b66-d547d0e9b90b None None] Metadata request headers: {'Host': '192.168.1.118:8775', 'User-Agent': 'python-requests/2.32.3', 'Accept-Encoding': 'gzip, deflate', 'Accept': '*/*', 'Connection': 'keep-alive', 'X-Forwarded-For': '10.1.0.20', 'X-Instance-Id': '10a19489-bf53-44ef-a2b9-df06bf33a051', 'X-Tenant-Id': '8986042665aa4e6f8a4c2d2f099e4cf0', 'X-Instance-Id-Signature': '8f562f42a72dd945eff7a8652e30de100060f6971fe3ae165d0a3507d2ecb619'} {{(pid=78567) __call__ /opt/stack/nova/nova/api/metadata/handler.py:109}}
Aug 22 07:42:27.819820 np0000032568 devstack@n-api-meta.service[78567]: DEBUG dbcounter [-] [78567] Writing DB stats nova_api:SELECT=1 {{(pid=78567) stat_writer /opt/stack/data/venv/lib/python3.12/site-packages/dbcounter.py:115}}
Aug 22 07:42:27.820339 np0000032568 devstack@n-api-meta.service[78567]: DEBUG dbcounter [-] [78567] Writing DB stats nova_cell1:SELECT=4 {{(pid=78567) stat_writer /opt/stack/data/venv/lib/python3.12/site-packages/dbcounter.py:115}}
Aug 22 07:42:27.822450 np0000032568 devstack@n-api-meta.service[78567]: DEBUG oslo_concurrency.lockutils [None req-2bc39bcc-0073-4e4e-8fa5-4a73e31ceab7 None None] Acquiring lock "7d87d2ef-5868-432a-b7cc-7649a00d83de" by "nova.context.set_target_cell.<locals>.get_or_set_cached_cell_and_set_connections" {{(pid=78567) inner /opt/stack/data/venv/lib/python3.12/site-packages/oslo_concurrency/lockutils.py:405}}
Aug 22 07:42:27.822666 np0000032568 devstack@n-api-meta.service[78567]: DEBUG oslo_concurrency.lockutils [None req-2bc39bcc-0073-4e4e-8fa5-4a73e31ceab7 None None] Lock "7d87d2ef-5868-432a-b7cc-7649a00d83de" acquired by "nova.context.set_target_cell.<locals>.get_or_set_cached_cell_and_set_connections" :: waited 0.000s {{(pid=78567) inner /opt/stack/data/venv/lib/python3.12/site-packages/oslo_concurrency/lockutils.py:410}}
Aug 22 07:42:27.822805 np0000032568 devstack@n-api-meta.service[78567]: DEBUG oslo_concurrency.lockutils [None req-2bc39bcc-0073-4e4e-8fa5-4a73e31ceab7 None None] Lock "7d87d2ef-5868-432a-b7cc-7649a00d83de" "released" by "nova.context.set_target_cell.<locals>.get_or_set_cached_cell_and_set_connections" :: held 0.000s {{(pid=78567) inner /opt/stack/data/venv/lib/python3.12/site-packages/oslo_concurrency/lockutils.py:424}}
Aug 22 07:42:27.921955 np0000032568 devstack@n-api-meta.service[78567]: [pid: 78567|app: 0|req: 3/6] 192.168.1.118 () {40 vars in 702 bytes} [Fri Aug 22 07:42:27 2025] GET /latest/meta-data/public-keys/0/openssh-key => generated 204 bytes in 103 msecs (HTTP/1.1 200) 3 headers in 100 bytes (1 switches on core 0)
