Aug 28 00:24:27.857146 np0000032604 devstack@n-api.service[70100]: DEBUG nova.api.openstack.wsgi_app [-] oslo_messaging_rabbit.rpc_conn_pool_size = 30 {{(pid=70100) log_opt_values /opt/stack/data/venv/lib/python3.10/site-packages/oslo_config/cfg.py:2824}}
Aug 28 00:24:27.857239 np0000032604 devstack@n-api.service[70100]: DEBUG nova.api.openstack.wsgi_app [-] oslo_messaging_rabbit.ssl      = False {{(pid=70100) log_opt_values /opt/stack/data/venv/lib/python3.10/site-packages/oslo_config/cfg.py:2824}}
Aug 28 00:24:27.857336 np0000032604 devstack@n-api.service[70100]: DEBUG nova.api.openstack.wsgi_app [-] oslo_messaging_rabbit.ssl_ca_file =  {{(pid=70100) log_opt_values /opt/stack/data/venv/lib/python3.10/site-packages/oslo_config/cfg.py:2824}}
Aug 28 00:24:27.857431 np0000032604 devstack@n-api.service[70100]: DEBUG nova.api.openstack.wsgi_app [-] oslo_messaging_rabbit.ssl_cert_file =  {{(pid=70100) log_opt_values /opt/stack/data/venv/lib/python3.10/site-packages/oslo_config/cfg.py:2824}}
Aug 28 00:24:27.857523 np0000032604 devstack@n-api.service[70100]: DEBUG nova.api.openstack.wsgi_app [-] oslo_messaging_rabbit.ssl_enforce_fips_mode = False {{(pid=70100) log_opt_values /opt/stack/data/venv/lib/python3.10/site-packages/oslo_config/cfg.py:2824}}
Aug 28 00:24:27.857623 np0000032604 devstack@n-api.service[70100]: DEBUG nova.api.openstack.wsgi_app [-] oslo_messaging_rabbit.ssl_key_file =  {{(pid=70100) log_opt_values /opt/stack/data/venv/lib/python3.10/site-packages/oslo_config/cfg.py:2824}}
Aug 28 00:24:27.857721 np0000032604 devstack@n-api.service[70100]: DEBUG nova.api.openstack.wsgi_app [-] oslo_messaging_rabbit.ssl_version =  {{(pid=70100) log_opt_values /opt/stack/data/venv/lib/python3.10/site-packages/oslo_config/cfg.py:2824}}
Aug 28 00:24:27.857814 np0000032604 devstack@n-api.service[70100]: DEBUG nova.api.openstack.wsgi_app [-] oslo_messaging_rabbit.use_queue_manager = False {{(pid=70100) log_opt_values /opt/stack/data/venv/lib/python3.10/site-packages/oslo_config/cfg.py:2824}}
Aug 28 00:24:27.857921 np0000032604 devstack@n-api.service[70100]: DEBUG nova.api.openstack.wsgi_app [-] oslo_messaging_notifications.driver = ['messagingv2'] {{(pid=70100) log_opt_values /opt/stack/data/venv/lib/python3.10/site-packages/oslo_config/cfg.py:2824}}
Aug 28 00:24:27.858015 np0000032604 devstack@n-api.service[70100]: DEBUG nova.api.openstack.wsgi_app [-] oslo_messaging_notifications.retry = -1 {{(pid=70100) log_opt_values /opt/stack/data/venv/lib/python3.10/site-packages/oslo_config/cfg.py:2824}}
Aug 28 00:24:27.858117 np0000032604 devstack@n-api.service[70100]: DEBUG nova.api.openstack.wsgi_app [-] oslo_messaging_notifications.topics = ['notifications'] {{(pid=70100) log_opt_values /opt/stack/data/venv/lib/python3.10/site-packages/oslo_config/cfg.py:2824}}
Aug 28 00:24:27.858215 np0000032604 devstack@n-api.service[70100]: DEBUG nova.api.openstack.wsgi_app [-] oslo_messaging_notifications.transport_url = **** {{(pid=70100) log_opt_values /opt/stack/data/venv/lib/python3.10/site-packages/oslo_config/cfg.py:2824}}
Aug 28 00:24:27.858309 np0000032604 devstack@n-api.service[70100]: DEBUG nova.api.openstack.wsgi_app [-] oslo_reports.file_event_handler = None {{(pid=70100) log_opt_values /opt/stack/data/venv/lib/python3.10/site-packages/oslo_config/cfg.py:2824}}
Aug 28 00:24:27.858402 np0000032604 devstack@n-api.service[70100]: DEBUG nova.api.openstack.wsgi_app [-] oslo_reports.file_event_handler_interval = 1 {{(pid=70100) log_opt_values /opt/stack/data/venv/lib/python3.10/site-packages/oslo_config/cfg.py:2824}}
Aug 28 00:24:27.858492 np0000032604 devstack@n-api.service[70100]: DEBUG nova.api.openstack.wsgi_app [-] oslo_reports.log_dir           = None {{(pid=70100) log_opt_values /opt/stack/data/venv/lib/python3.10/site-packages/oslo_config/cfg.py:2824}}
Aug 28 00:24:27.858571 np0000032604 devstack@n-api.service[70100]: DEBUG nova.api.openstack.wsgi_app [-] ******************************************************************************** {{(pid=70100) log_opt_values /opt/stack/data/venv/lib/python3.10/site-packages/oslo_config/cfg.py:2828}}
Aug 28 00:24:27.879291 np0000032604 devstack@n-api.service[70099]: INFO dbcounter [None req-a00d9cc5-4c01-43b0-9361-22fdfcebda9b None None] Registered counter for database nova_api
Aug 28 00:24:27.881010 np0000032604 devstack@n-api.service[70100]: INFO dbcounter [None req-7e3d1828-69f0-49cc-980c-0bf8bbbb8d02 None None] Registered counter for database nova_api
Aug 28 00:24:27.948446 np0000032604 devstack@n-api.service[70099]: DEBUG oslo_db.sqlalchemy.engines [None req-a00d9cc5-4c01-43b0-9361-22fdfcebda9b None None] MySQL server mode set to STRICT_TRANS_TABLES,STRICT_ALL_TABLES,NO_ZERO_IN_DATE,NO_ZERO_DATE,ERROR_FOR_DIVISION_BY_ZERO,TRADITIONAL,NO_ENGINE_SUBSTITUTION {{(pid=70099) _check_effective_sql_mode /opt/stack/data/venv/lib/python3.10/site-packages/oslo_db/sqlalchemy/engines.py:397}}
Aug 28 00:24:27.949560 np0000032604 devstack@n-api.service[70100]: DEBUG oslo_db.sqlalchemy.engines [None req-7e3d1828-69f0-49cc-980c-0bf8bbbb8d02 None None] MySQL server mode set to STRICT_TRANS_TABLES,STRICT_ALL_TABLES,NO_ZERO_IN_DATE,NO_ZERO_DATE,ERROR_FOR_DIVISION_BY_ZERO,TRADITIONAL,NO_ENGINE_SUBSTITUTION {{(pid=70100) _check_effective_sql_mode /opt/stack/data/venv/lib/python3.10/site-packages/oslo_db/sqlalchemy/engines.py:397}}
Aug 28 00:24:27.973153 np0000032604 devstack@n-api.service[70099]: DEBUG dbcounter [-] [70099] Writer thread running {{(pid=70099) stat_writer /opt/stack/data/venv/lib/python3.10/site-packages/dbcounter.py:102}}
Aug 28 00:24:27.974022 np0000032604 devstack@n-api.service[70100]: DEBUG dbcounter [-] [70100] Writer thread running {{(pid=70100) stat_writer /opt/stack/data/venv/lib/python3.10/site-packages/dbcounter.py:102}}
Aug 28 00:24:27.974977 np0000032604 devstack@n-api.service[70099]: DEBUG nova.context [None req-a00d9cc5-4c01-43b0-9361-22fdfcebda9b None None] Found 2 cells: 00000000-0000-0000-0000-000000000000(cell0),ac4c1970-c702-4ecc-972d-5eff9578de70(cell1) {{(pid=70099) load_cells /opt/stack/nova/nova/context.py:464}}
Aug 28 00:24:27.975770 np0000032604 devstack@n-api.service[70100]: DEBUG nova.context [None req-7e3d1828-69f0-49cc-980c-0bf8bbbb8d02 None None] Found 2 cells: 00000000-0000-0000-0000-000000000000(cell0),ac4c1970-c702-4ecc-972d-5eff9578de70(cell1) {{(pid=70100) load_cells /opt/stack/nova/nova/context.py:464}}
Aug 28 00:24:27.976510 np0000032604 devstack@n-api.service[70099]: DEBUG oslo_concurrency.lockutils [None req-a00d9cc5-4c01-43b0-9361-22fdfcebda9b None None] Acquiring lock "00000000-0000-0000-0000-000000000000" by "nova.context.set_target_cell.<locals>.get_or_set_cached_cell_and_set_connections" {{(pid=70099) inner /opt/stack/data/venv/lib/python3.10/site-packages/oslo_concurrency/lockutils.py:405}}
Aug 28 00:24:27.976700 np0000032604 devstack@n-api.service[70099]: DEBUG oslo_concurrency.lockutils [None req-a00d9cc5-4c01-43b0-9361-22fdfcebda9b None None] Lock "00000000-0000-0000-0000-000000000000" acquired by "nova.context.set_target_cell.<locals>.get_or_set_cached_cell_and_set_connections" :: waited 0.000s {{(pid=70099) inner /opt/stack/data/venv/lib/python3.10/site-packages/oslo_concurrency/lockutils.py:410}}
Aug 28 00:24:27.977084 np0000032604 devstack@n-api.service[70099]: DEBUG oslo_concurrency.lockutils [None req-a00d9cc5-4c01-43b0-9361-22fdfcebda9b None None] Lock "00000000-0000-0000-0000-000000000000" "released" by "nova.context.set_target_cell.<locals>.get_or_set_cached_cell_and_set_connections" :: held 0.000s {{(pid=70099) inner /opt/stack/data/venv/lib/python3.10/site-packages/oslo_concurrency/lockutils.py:424}}
Aug 28 00:24:27.977290 np0000032604 devstack@n-api.service[70100]: DEBUG oslo_concurrency.lockutils [None req-7e3d1828-69f0-49cc-980c-0bf8bbbb8d02 None None] Acquiring lock "00000000-0000-0000-0000-000000000000" by "nova.context.set_target_cell.<locals>.get_or_set_cached_cell_and_set_connections" {{(pid=70100) inner /opt/stack/data/venv/lib/python3.10/site-packages/oslo_concurrency/lockutils.py:405}}
Aug 28 00:24:27.977418 np0000032604 devstack@n-api.service[70099]: DEBUG oslo_concurrency.lockutils [None req-a00d9cc5-4c01-43b0-9361-22fdfcebda9b None None] Acquiring lock "ac4c1970-c702-4ecc-972d-5eff9578de70" by "nova.context.set_target_cell.<locals>.get_or_set_cached_cell_and_set_connections" {{(pid=70099) inner /opt/stack/data/venv/lib/python3.10/site-packages/oslo_concurrency/lockutils.py:405}}
Aug 28 00:24:27.977463 np0000032604 devstack@n-api.service[70100]: DEBUG oslo_concurrency.lockutils [None req-7e3d1828-69f0-49cc-980c-0bf8bbbb8d02 None None] Lock "00000000-0000-0000-0000-000000000000" acquired by "nova.context.set_target_cell.<locals>.get_or_set_cached_cell_and_set_connections" :: waited 0.000s {{(pid=70100) inner /opt/stack/data/venv/lib/python3.10/site-packages/oslo_concurrency/lockutils.py:410}}
Aug 28 00:24:27.977575 np0000032604 devstack@n-api.service[70099]: DEBUG oslo_concurrency.lockutils [None req-a00d9cc5-4c01-43b0-9361-22fdfcebda9b None None] Lock "ac4c1970-c702-4ecc-972d-5eff9578de70" acquired by "nova.context.set_target_cell.<locals>.get_or_set_cached_cell_and_set_connections" :: waited 0.000s {{(pid=70099) inner /opt/stack/data/venv/lib/python3.10/site-packages/oslo_concurrency/lockutils.py:410}}
Aug 28 00:24:27.977844 np0000032604 devstack@n-api.service[70100]: DEBUG oslo_concurrency.lockutils [None req-7e3d1828-69f0-49cc-980c-0bf8bbbb8d02 None None] Lock "00000000-0000-0000-0000-000000000000" "released" by "nova.context.set_target_cell.<locals>.get_or_set_cached_cell_and_set_connections" :: held 0.000s {{(pid=70100) inner /opt/stack/data/venv/lib/python3.10/site-packages/oslo_concurrency/lockutils.py:424}}
Aug 28 00:24:27.978173 np0000032604 devstack@n-api.service[70100]: DEBUG oslo_concurrency.lockutils [None req-7e3d1828-69f0-49cc-980c-0bf8bbbb8d02 None None] Acquiring lock "ac4c1970-c702-4ecc-972d-5eff9578de70" by "nova.context.set_target_cell.<locals>.get_or_set_cached_cell_and_set_connections" {{(pid=70100) inner /opt/stack/data/venv/lib/python3.10/site-packages/oslo_concurrency/lockutils.py:405}}
Aug 28 00:24:27.978324 np0000032604 devstack@n-api.service[70100]: DEBUG oslo_concurrency.lockutils [None req-7e3d1828-69f0-49cc-980c-0bf8bbbb8d02 None None] Lock "ac4c1970-c702-4ecc-972d-5eff9578de70" acquired by "nova.context.set_target_cell.<locals>.get_or_set_cached_cell_and_set_connections" :: waited 0.000s {{(pid=70100) inner /opt/stack/data/venv/lib/python3.10/site-packages/oslo_concurrency/lockutils.py:410}}
Aug 28 00:24:27.978467 np0000032604 devstack@n-api.service[70099]: DEBUG oslo_concurrency.lockutils [None req-a00d9cc5-4c01-43b0-9361-22fdfcebda9b None None] Lock "ac4c1970-c702-4ecc-972d-5eff9578de70" "released" by "nova.context.set_target_cell.<locals>.get_or_set_cached_cell_and_set_connections" :: held 0.001s {{(pid=70099) inner /opt/stack/data/venv/lib/python3.10/site-packages/oslo_concurrency/lockutils.py:424}}
Aug 28 00:24:27.979206 np0000032604 devstack@n-api.service[70100]: DEBUG oslo_concurrency.lockutils [None req-7e3d1828-69f0-49cc-980c-0bf8bbbb8d02 None None] Lock "ac4c1970-c702-4ecc-972d-5eff9578de70" "released" by "nova.context.set_target_cell.<locals>.get_or_set_cached_cell_and_set_connections" :: held 0.001s {{(pid=70100) inner /opt/stack/data/venv/lib/python3.10/site-packages/oslo_concurrency/lockutils.py:424}}
Aug 28 00:24:27.979619 np0000032604 devstack@n-api.service[70099]: INFO dbcounter [None req-a00d9cc5-4c01-43b0-9361-22fdfcebda9b None None] Registered counter for database nova_cell0
Aug 28 00:24:27.980360 np0000032604 devstack@n-api.service[70100]: INFO dbcounter [None req-7e3d1828-69f0-49cc-980c-0bf8bbbb8d02 None None] Registered counter for database nova_cell0
Aug 28 00:24:27.981666 np0000032604 devstack@n-api.service[70099]: INFO dbcounter [None req-a00d9cc5-4c01-43b0-9361-22fdfcebda9b None None] Registered counter for database nova_cell1
Aug 28 00:24:27.982240 np0000032604 devstack@n-api.service[70100]: INFO dbcounter [None req-7e3d1828-69f0-49cc-980c-0bf8bbbb8d02 None None] Registered counter for database nova_cell1
Aug 28 00:24:27.984820 np0000032604 devstack@n-api.service[70099]: DEBUG oslo_db.sqlalchemy.engines [None req-a00d9cc5-4c01-43b0-9361-22fdfcebda9b None None] MySQL server mode set to STRICT_TRANS_TABLES,STRICT_ALL_TABLES,NO_ZERO_IN_DATE,NO_ZERO_DATE,ERROR_FOR_DIVISION_BY_ZERO,TRADITIONAL,NO_ENGINE_SUBSTITUTION {{(pid=70099) _check_effective_sql_mode /opt/stack/data/venv/lib/python3.10/site-packages/oslo_db/sqlalchemy/engines.py:397}}
Aug 28 00:24:27.988132 np0000032604 devstack@n-api.service[70100]: DEBUG oslo_db.sqlalchemy.engines [None req-7e3d1828-69f0-49cc-980c-0bf8bbbb8d02 None None] MySQL server mode set to STRICT_TRANS_TABLES,STRICT_ALL_TABLES,NO_ZERO_IN_DATE,NO_ZERO_DATE,ERROR_FOR_DIVISION_BY_ZERO,TRADITIONAL,NO_ENGINE_SUBSTITUTION {{(pid=70100) _check_effective_sql_mode /opt/stack/data/venv/lib/python3.10/site-packages/oslo_db/sqlalchemy/engines.py:397}}
Aug 28 00:24:27.989693 np0000032604 devstack@n-api.service[70100]: DEBUG oslo_db.sqlalchemy.engines [None req-7e3d1828-69f0-49cc-980c-0bf8bbbb8d02 None None] MySQL server mode set to STRICT_TRANS_TABLES,STRICT_ALL_TABLES,NO_ZERO_IN_DATE,NO_ZERO_DATE,ERROR_FOR_DIVISION_BY_ZERO,TRADITIONAL,NO_ENGINE_SUBSTITUTION {{(pid=70100) _check_effective_sql_mode /opt/stack/data/venv/lib/python3.10/site-packages/oslo_db/sqlalchemy/engines.py:397}}
Aug 28 00:24:28.051225 np0000032604 devstack@n-api.service[70099]: DEBUG oslo_db.sqlalchemy.engines [None req-a00d9cc5-4c01-43b0-9361-22fdfcebda9b None None] MySQL server mode set to STRICT_TRANS_TABLES,STRICT_ALL_TABLES,NO_ZERO_IN_DATE,NO_ZERO_DATE,ERROR_FOR_DIVISION_BY_ZERO,TRADITIONAL,NO_ENGINE_SUBSTITUTION {{(pid=70099) _check_effective_sql_mode /opt/stack/data/venv/lib/python3.10/site-packages/oslo_db/sqlalchemy/engines.py:397}}
Aug 28 00:24:28.051592 np0000032604 devstack@n-api.service[70099]: DEBUG dbcounter [-] [70099] Writer thread running {{(pid=70099) stat_writer /opt/stack/data/venv/lib/python3.10/site-packages/dbcounter.py:102}}
Aug 28 00:24:28.055426 np0000032604 devstack@n-api.service[70099]: DEBUG dbcounter [-] [70099] Writer thread running {{(pid=70099) stat_writer /opt/stack/data/venv/lib/python3.10/site-packages/dbcounter.py:102}}
Aug 28 00:24:28.055613 np0000032604 devstack@n-api.service[70100]: DEBUG dbcounter [-] [70100] Writer thread running {{(pid=70100) stat_writer /opt/stack/data/venv/lib/python3.10/site-packages/dbcounter.py:102}}
Aug 28 00:24:28.057523 np0000032604 devstack@n-api.service[70099]: INFO dbcounter [None req-a00d9cc5-4c01-43b0-9361-22fdfcebda9b None None] Registered counter for database nova_cell0
Aug 28 00:24:28.059340 np0000032604 devstack@n-api.service[70100]: DEBUG dbcounter [-] [70100] Writer thread running {{(pid=70100) stat_writer /opt/stack/data/venv/lib/python3.10/site-packages/dbcounter.py:102}}
Aug 28 00:24:28.061399 np0000032604 devstack@n-api.service[70100]: INFO dbcounter [None req-7e3d1828-69f0-49cc-980c-0bf8bbbb8d02 None None] Registered counter for database nova_cell0
Aug 28 00:24:28.061562 np0000032604 devstack@n-api.service[70099]: DEBUG oslo_db.sqlalchemy.engines [None req-a00d9cc5-4c01-43b0-9361-22fdfcebda9b None None] MySQL server mode set to STRICT_TRANS_TABLES,STRICT_ALL_TABLES,NO_ZERO_IN_DATE,NO_ZERO_DATE,ERROR_FOR_DIVISION_BY_ZERO,TRADITIONAL,NO_ENGINE_SUBSTITUTION {{(pid=70099) _check_effective_sql_mode /opt/stack/data/venv/lib/python3.10/site-packages/oslo_db/sqlalchemy/engines.py:397}}
Aug 28 00:24:28.065300 np0000032604 devstack@n-api.service[70100]: DEBUG oslo_db.sqlalchemy.engines [None req-7e3d1828-69f0-49cc-980c-0bf8bbbb8d02 None None] MySQL server mode set to STRICT_TRANS_TABLES,STRICT_ALL_TABLES,NO_ZERO_IN_DATE,NO_ZERO_DATE,ERROR_FOR_DIVISION_BY_ZERO,TRADITIONAL,NO_ENGINE_SUBSTITUTION {{(pid=70100) _check_effective_sql_mode /opt/stack/data/venv/lib/python3.10/site-packages/oslo_db/sqlalchemy/engines.py:397}}
Aug 28 00:24:28.065589 np0000032604 devstack@n-api.service[70099]: DEBUG dbcounter [-] [70099] Writer thread running {{(pid=70099) stat_writer /opt/stack/data/venv/lib/python3.10/site-packages/dbcounter.py:102}}
Aug 28 00:24:28.069339 np0000032604 devstack@n-api.service[70100]: DEBUG dbcounter [-] [70100] Writer thread running {{(pid=70100) stat_writer /opt/stack/data/venv/lib/python3.10/site-packages/dbcounter.py:102}}
Aug 28 00:24:28.386124 np0000032604 devstack@n-api.service[70099]: DEBUG oslo_concurrency.processutils [None req-a00d9cc5-4c01-43b0-9361-22fdfcebda9b None None] Running cmd (subprocess): grep -F node.session.scan /sbin/iscsiadm {{(pid=70099) execute /opt/stack/data/venv/lib/python3.10/site-packages/oslo_concurrency/processutils.py:349}}
Aug 28 00:24:28.386283 np0000032604 devstack@n-api.service[70100]: DEBUG oslo_concurrency.processutils [None req-7e3d1828-69f0-49cc-980c-0bf8bbbb8d02 None None] Running cmd (subprocess): grep -F node.session.scan /sbin/iscsiadm {{(pid=70100) execute /opt/stack/data/venv/lib/python3.10/site-packages/oslo_concurrency/processutils.py:349}}
Aug 28 00:24:28.392942 np0000032604 devstack@n-api.service[70100]: DEBUG oslo_concurrency.processutils [None req-7e3d1828-69f0-49cc-980c-0bf8bbbb8d02 None None] CMD "grep -F node.session.scan /sbin/iscsiadm" returned: 0 in 0.007s {{(pid=70100) execute /opt/stack/data/venv/lib/python3.10/site-packages/oslo_concurrency/processutils.py:372}}
Aug 28 00:24:28.393018 np0000032604 devstack@n-api.service[70099]: DEBUG oslo_concurrency.processutils [None req-a00d9cc5-4c01-43b0-9361-22fdfcebda9b None None] CMD "grep -F node.session.scan /sbin/iscsiadm" returned: 0 in 0.007s {{(pid=70099) execute /opt/stack/data/venv/lib/python3.10/site-packages/oslo_concurrency/processutils.py:372}}
Aug 28 00:24:28.736480 np0000032604 devstack@n-api.service[70099]: WARNING keystonemiddleware.auth_token [None req-a00d9cc5-4c01-43b0-9361-22fdfcebda9b None None] AuthToken middleware is set with keystone_authtoken.service_token_roles_required set to False. This is backwards compatible but deprecated behaviour. Please set this to True.
Aug 28 00:24:28.738284 np0000032604 devstack@n-api.service[70100]: WARNING keystonemiddleware.auth_token [None req-7e3d1828-69f0-49cc-980c-0bf8bbbb8d02 None None] AuthToken middleware is set with keystone_authtoken.service_token_roles_required set to False. This is backwards compatible but deprecated behaviour. Please set this to True.
Aug 28 00:24:28.739987 np0000032604 devstack@n-api.service[70099]: WARNING keystonemiddleware.auth_token [None req-a00d9cc5-4c01-43b0-9361-22fdfcebda9b None None] Configuring www_authenticate_uri to point to the public identity endpoint is required; clients may not be able to authenticate against an admin endpoint
Aug 28 00:24:28.741749 np0000032604 devstack@n-api.service[70100]: WARNING keystonemiddleware.auth_token [None req-7e3d1828-69f0-49cc-980c-0bf8bbbb8d02 None None] Configuring www_authenticate_uri to point to the public identity endpoint is required; clients may not be able to authenticate against an admin endpoint
Aug 28 00:24:28.814416 np0000032604 devstack@n-api.service[70099]: WARNING keystonemiddleware.auth_token [None req-a00d9cc5-4c01-43b0-9361-22fdfcebda9b None None] AuthToken middleware is set with keystone_authtoken.service_token_roles_required set to False. This is backwards compatible but deprecated behaviour. Please set this to True.
Aug 28 00:24:28.817002 np0000032604 devstack@n-api.service[70100]: WARNING keystonemiddleware.auth_token [None req-7e3d1828-69f0-49cc-980c-0bf8bbbb8d02 None None] AuthToken middleware is set with keystone_authtoken.service_token_roles_required set to False. This is backwards compatible but deprecated behaviour. Please set this to True.
Aug 28 00:24:28.817144 np0000032604 devstack@n-api.service[70099]: WARNING keystonemiddleware.auth_token [None req-a00d9cc5-4c01-43b0-9361-22fdfcebda9b None None] Configuring www_authenticate_uri to point to the public identity endpoint is required; clients may not be able to authenticate against an admin endpoint
Aug 28 00:24:28.819131 np0000032604 devstack@n-api.service[70099]: WSGI app 0 (mountpoint='') ready in 2 seconds on interpreter 0x558a1527cd70 pid: 70099 (default app)
Aug 28 00:24:28.819694 np0000032604 devstack@n-api.service[70100]: WARNING keystonemiddleware.auth_token [None req-7e3d1828-69f0-49cc-980c-0bf8bbbb8d02 None None] Configuring www_authenticate_uri to point to the public identity endpoint is required; clients may not be able to authenticate against an admin endpoint
Aug 28 00:24:28.820066 np0000032604 devstack@n-api.service[70099]: DEBUG nova.api.openstack.wsgi [None req-a00d9cc5-4c01-43b0-9361-22fdfcebda9b None None] Calling method '<bound method VersionsV2.index of <nova.api.openstack.compute.versions.VersionsV2 object at 0x7fcd410b28f0>>' {{(pid=70099) _process_stack /opt/stack/nova/nova/api/openstack/wsgi.py:556}}
Aug 28 00:24:28.821708 np0000032604 devstack@n-api.service[70100]: WSGI app 0 (mountpoint='') ready in 2 seconds on interpreter 0x558a1527cd70 pid: 70100 (default app)
Aug 28 00:24:28.822897 np0000032604 devstack@n-api.service[70099]: INFO nova.api.openstack.requestlog [None req-a00d9cc5-4c01-43b0-9361-22fdfcebda9b None None] 192.168.1.125 "GET /compute/v2.1/" status: 200 len: 391 microversion: 2.1 time: 0.003038
Aug 28 00:24:28.823214 np0000032604 devstack@n-api.service[70099]: [pid: 70099|app: 0|req: 1/1] 192.168.1.125 () {50 vars in 783 bytes} [Thu Aug 28 00:24:28 2025] GET /compute/v2.1/ => generated 391 bytes in 3 msecs (HTTP/1.1 200) 9 headers in 357 bytes (1 switches on core 0)
Aug 28 00:25:00.567583 np0000032604 devstack@n-api.service[70100]: DEBUG nova.api.openstack.wsgi [None req-7e3d1828-69f0-49cc-980c-0bf8bbbb8d02 None None] Calling method '<bound method VersionsV2.index of <nova.api.openstack.compute.versions.VersionsV2 object at 0x7fcd40037310>>' {{(pid=70100) _process_stack /opt/stack/nova/nova/api/openstack/wsgi.py:556}}
Aug 28 00:25:00.570665 np0000032604 devstack@n-api.service[70100]: INFO nova.api.openstack.requestlog [None req-7e3d1828-69f0-49cc-980c-0bf8bbbb8d02 None None] 192.168.1.125 "GET /compute/v2.1" status: 200 len: 392 microversion: 2.1 time: 0.003449
Aug 28 00:25:00.570849 np0000032604 devstack@n-api.service[70100]: [pid: 70100|app: 0|req: 1/2] 192.168.1.125 () {62 vars in 1068 bytes} [Thu Aug 28 00:25:00 2025] GET /compute/v2.1 => generated 392 bytes in 4 msecs (HTTP/1.1 200) 9 headers in 357 bytes (1 switches on core 0)
Aug 28 00:25:00.580559 np0000032604 devstack@n-api.service[70099]: DEBUG dbcounter [-] [70099] Writing DB stats nova_api:SELECT=1 {{(pid=70099) stat_writer /opt/stack/data/venv/lib/python3.10/site-packages/dbcounter.py:115}}
Aug 28 00:25:00.581316 np0000032604 devstack@n-api.service[70099]: DEBUG dbcounter [-] [70099] Writing DB stats nova_cell0:SELECT=1 {{(pid=70099) stat_writer /opt/stack/data/venv/lib/python3.10/site-packages/dbcounter.py:115}}
Aug 28 00:25:00.581678 np0000032604 devstack@n-api.service[70099]: DEBUG dbcounter [-] [70099] Writing DB stats nova_cell1:SELECT=1 {{(pid=70099) stat_writer /opt/stack/data/venv/lib/python3.10/site-packages/dbcounter.py:115}}
Aug 28 00:25:00.582118 np0000032604 devstack@n-api.service[70099]: DEBUG dbcounter [-] [70099] Writing DB stats nova_cell0:SELECT=2,nova_cell0:INSERT=1 {{(pid=70099) stat_writer /opt/stack/data/venv/lib/python3.10/site-packages/dbcounter.py:115}}
Aug 28 00:25:00.704445 np0000032604 devstack@n-api.service[70099]: DEBUG nova.api.openstack.wsgi [None req-02719279-c7c4-4b6b-84e2-f440b7a48a72 admin admin] Calling method '<bound method FlavorsController.detail of <nova.api.openstack.compute.flavors.FlavorsController object at 0x7fcd3fa3f0a0>>' {{(pid=70099) _process_stack /opt/stack/nova/nova/api/openstack/wsgi.py:556}}
Aug 28 00:25:00.719797 np0000032604 devstack@n-api.service[70099]: INFO nova.api.openstack.requestlog [None req-02719279-c7c4-4b6b-84e2-f440b7a48a72 admin admin] 192.168.1.125 "GET /compute/v2.1/flavors/detail?is_public=True" status: 200 len: 15 microversion: 2.61 time: 0.142121
Aug 28 00:25:00.720048 np0000032604 devstack@n-api.service[70099]: [pid: 70099|app: 0|req: 2/3] 192.168.1.125 () {68 vars in 1429 bytes} [Thu Aug 28 00:25:00 2025] GET /compute/v2.1/flavors/detail?is_public=True => generated 15 bytes in 143 msecs (HTTP/1.1 200) 9 headers in 358 bytes (1 switches on core 0)
Aug 28 00:25:00.806788 np0000032604 devstack@n-api.service[70100]: DEBUG nova.api.openstack.wsgi [None req-7e3d1828-69f0-49cc-980c-0bf8bbbb8d02 None None] Calling method '<bound method VersionsV2.index of <nova.api.openstack.compute.versions.VersionsV2 object at 0x7fcd40037310>>' {{(pid=70100) _process_stack /opt/stack/nova/nova/api/openstack/wsgi.py:556}}
Aug 28 00:25:00.809421 np0000032604 devstack@n-api.service[70100]: INFO nova.api.openstack.requestlog [None req-7e3d1828-69f0-49cc-980c-0bf8bbbb8d02 None None] 192.168.1.125 "GET /compute/v2.1" status: 200 len: 392 microversion: 2.1 time: 0.002823
Aug 28 00:25:00.809602 np0000032604 devstack@n-api.service[70100]: [pid: 70100|app: 0|req: 2/4] 192.168.1.125 () {62 vars in 1068 bytes} [Thu Aug 28 00:25:00 2025] GET /compute/v2.1 => generated 392 bytes in 3 msecs (HTTP/1.1 200) 9 headers in 357 bytes (1 switches on core 0)
Aug 28 00:25:00.835418 np0000032604 devstack@n-api.service[70099]: DEBUG nova.api.openstack.wsgi [None req-8b511a22-c9db-40c9-ad9f-374fcc7e13b3 admin admin] Action: 'create', calling method: <bound method FlavorsController.create of <nova.api.openstack.compute.flavors.FlavorsController object at 0x7fcd3fa3df00>>, body: {"flavor": {"OS-FLV-EXT-DATA:ephemeral": 0, "vcpus": 1, "ram": 256, "disk": 1, "swap": 0, "id": "c1", "rxtx_factor": 1.0, "name": "cirros256", "os-flavor-access:is_public": true}} {{(pid=70099) _process_stack /opt/stack/nova/nova/api/openstack/wsgi.py:554}}
Aug 28 00:25:00.859326 np0000032604 devstack@n-api.service[70099]: INFO nova.api.openstack.requestlog [None req-8b511a22-c9db-40c9-ad9f-374fcc7e13b3 admin admin] 192.168.1.125 "POST /compute/v2.1/flavors" status: 200 len: 413 microversion: 2.61 time: 0.043610
Aug 28 00:25:00.859821 np0000032604 devstack@n-api.service[70099]: [pid: 70099|app: 0|req: 3/5] 192.168.1.125 () {72 vars in 1420 bytes} [Thu Aug 28 00:25:00 2025] POST /compute/v2.1/flavors => generated 413 bytes in 44 msecs (HTTP/1.1 200) 9 headers in 359 bytes (1 switches on core 0)
Aug 28 00:25:00.869830 np0000032604 devstack@n-api.service[70100]: DEBUG dbcounter [-] [70100] Writing DB stats nova_api:SELECT=1 {{(pid=70100) stat_writer /opt/stack/data/venv/lib/python3.10/site-packages/dbcounter.py:115}}
Aug 28 00:25:00.870358 np0000032604 devstack@n-api.service[70100]: DEBUG dbcounter [-] [70100] Writing DB stats nova_cell0:SELECT=1 {{(pid=70100) stat_writer /opt/stack/data/venv/lib/python3.10/site-packages/dbcounter.py:115}}
Aug 28 00:25:00.870719 np0000032604 devstack@n-api.service[70100]: DEBUG dbcounter [-] [70100] Writing DB stats nova_cell1:SELECT=1 {{(pid=70100) stat_writer /opt/stack/data/venv/lib/python3.10/site-packages/dbcounter.py:115}}
Aug 28 00:25:00.871034 np0000032604 devstack@n-api.service[70100]: DEBUG dbcounter [-] [70100] Writing DB stats nova_cell0:SELECT=2,nova_cell0:INSERT=1 {{(pid=70100) stat_writer /opt/stack/data/venv/lib/python3.10/site-packages/dbcounter.py:115}}
Aug 28 00:25:00.940694 np0000032604 devstack@n-api.service[70100]: DEBUG nova.api.openstack.wsgi [None req-a1a2b1a6-d40b-4a14-80f1-58c19f14a78e admin admin] Action: 'create', calling method: <bound method FlavorExtraSpecsController.create of <nova.api.openstack.compute.flavors_extraspecs.FlavorExtraSpecsController object at 0x7fcd3fa5cd60>>, body: {"extra_specs": {"hw_rng:allowed": "True"}} {{(pid=70100) _process_stack /opt/stack/nova/nova/api/openstack/wsgi.py:554}}
Aug 28 00:25:00.977724 np0000032604 devstack@n-api.service[70100]: INFO nova.api.openstack.requestlog [None req-a1a2b1a6-d40b-4a14-80f1-58c19f14a78e admin admin] 192.168.1.125 "POST /compute/v2.1/flavors/c1/os-extra_specs" status: 200 len: 43 microversion: 2.61 time: 0.109505
Aug 28 00:25:00.977724 np0000032604 devstack@n-api.service[70100]: [pid: 70100|app: 0|req: 3/6] 192.168.1.125 () {72 vars in 1473 bytes} [Thu Aug 28 00:25:00 2025] POST /compute/v2.1/flavors/c1/os-extra_specs => generated 43 bytes in 110 msecs (HTTP/1.1 200) 9 headers in 358 bytes (1 switches on core 0)
Aug 28 00:25:01.065658 np0000032604 devstack@n-api.service[70099]: DEBUG nova.api.openstack.wsgi [None req-8b511a22-c9db-40c9-ad9f-374fcc7e13b3 admin admin] Calling method '<bound method VersionsV2.index of <nova.api.openstack.compute.versions.VersionsV2 object at 0x7fcd410b28f0>>' {{(pid=70099) _process_stack /opt/stack/nova/nova/api/openstack/wsgi.py:556}}
Aug 28 00:25:01.068683 np0000032604 devstack@n-api.service[70099]: INFO nova.api.openstack.requestlog [None req-8b511a22-c9db-40c9-ad9f-374fcc7e13b3 admin admin] 192.168.1.125 "GET /compute/v2.1" status: 200 len: 392 microversion: 2.1 time: 0.003134
Aug 28 00:25:01.068878 np0000032604 devstack@n-api.service[70099]: [pid: 70099|app: 0|req: 4/7] 192.168.1.125 () {62 vars in 1068 bytes} [Thu Aug 28 00:25:01 2025] GET /compute/v2.1 => generated 392 bytes in 3 msecs (HTTP/1.1 200) 9 headers in 357 bytes (1 switches on core 0)
Aug 28 00:25:01.131361 np0000032604 devstack@n-api.service[70100]: DEBUG nova.api.openstack.wsgi [None req-a2039aec-2c76-490d-8243-e368a532d5fa admin admin] Action: 'create', calling method: <bound method FlavorsController.create of <nova.api.openstack.compute.flavors.FlavorsController object at 0x7fcd3fa35cf0>>, body: {"flavor": {"OS-FLV-EXT-DATA:ephemeral": 0, "vcpus": 1, "ram": 512, "disk": 5, "swap": 0, "id": "d1", "rxtx_factor": 1.0, "name": "ds512M", "os-flavor-access:is_public": true}} {{(pid=70100) _process_stack /opt/stack/nova/nova/api/openstack/wsgi.py:554}}
Aug 28 00:25:01.150703 np0000032604 devstack@n-api.service[70100]: INFO nova.api.openstack.requestlog [None req-a2039aec-2c76-490d-8243-e368a532d5fa admin admin] 192.168.1.125 "POST /compute/v2.1/flavors" status: 200 len: 410 microversion: 2.61 time: 0.076039
Aug 28 00:25:01.150952 np0000032604 devstack@n-api.service[70100]: [pid: 70100|app: 0|req: 4/8] 192.168.1.125 () {72 vars in 1420 bytes} [Thu Aug 28 00:25:01 2025] POST /compute/v2.1/flavors => generated 410 bytes in 76 msecs (HTTP/1.1 200) 9 headers in 359 bytes (1 switches on core 0)
Aug 28 00:25:01.160036 np0000032604 devstack@n-api.service[70099]: DEBUG nova.api.openstack.wsgi [None req-441bd276-975b-4402-bc26-356a64b561f5 admin admin] Action: 'create', calling method: <bound method FlavorExtraSpecsController.create of <nova.api.openstack.compute.flavors_extraspecs.FlavorExtraSpecsController object at 0x7fcd3fa60f70>>, body: {"extra_specs": {"hw_rng:allowed": "True"}} {{(pid=70099) _process_stack /opt/stack/nova/nova/api/openstack/wsgi.py:554}}
Aug 28 00:25:01.181466 np0000032604 devstack@n-api.service[70099]: INFO nova.api.openstack.requestlog [None req-441bd276-975b-4402-bc26-356a64b561f5 admin admin] 192.168.1.125 "POST /compute/v2.1/flavors/d1/os-extra_specs" status: 200 len: 43 microversion: 2.61 time: 0.023147
Aug 28 00:25:01.181737 np0000032604 devstack@n-api.service[70099]: [pid: 70099|app: 0|req: 5/9] 192.168.1.125 () {72 vars in 1473 bytes} [Thu Aug 28 00:25:01 2025] POST /compute/v2.1/flavors/d1/os-extra_specs => generated 43 bytes in 24 msecs (HTTP/1.1 200) 9 headers in 358 bytes (1 switches on core 0)
Aug 28 00:25:01.271707 np0000032604 devstack@n-api.service[70100]: DEBUG nova.api.openstack.wsgi [None req-a2039aec-2c76-490d-8243-e368a532d5fa admin admin] Calling method '<bound method VersionsV2.index of <nova.api.openstack.compute.versions.VersionsV2 object at 0x7fcd40037310>>' {{(pid=70100) _process_stack /opt/stack/nova/nova/api/openstack/wsgi.py:556}}
Aug 28 00:25:01.274263 np0000032604 devstack@n-api.service[70100]: INFO nova.api.openstack.requestlog [None req-a2039aec-2c76-490d-8243-e368a532d5fa admin admin] 192.168.1.125 "GET /compute/v2.1" status: 200 len: 392 microversion: 2.1 time: 0.002768
Aug 28 00:25:01.274438 np0000032604 devstack@n-api.service[70100]: [pid: 70100|app: 0|req: 5/10] 192.168.1.125 () {62 vars in 1068 bytes} [Thu Aug 28 00:25:01 2025] GET /compute/v2.1 => generated 392 bytes in 3 msecs (HTTP/1.1 200) 9 headers in 357 bytes (1 switches on core 0)
Aug 28 00:25:01.299032 np0000032604 devstack@n-api.service[70099]: DEBUG nova.api.openstack.wsgi [None req-d65c41d8-c06f-45c3-9b0f-76a19a241b1f admin admin] Action: 'create', calling method: <bound method FlavorsController.create of <nova.api.openstack.compute.flavors.FlavorsController object at 0x7fcd3fa3df00>>, body: {"flavor": {"OS-FLV-EXT-DATA:ephemeral": 0, "vcpus": 1, "ram": 1024, "disk": 10, "swap": 0, "id": "d2", "rxtx_factor": 1.0, "name": "ds1G", "os-flavor-access:is_public": true}} {{(pid=70099) _process_stack /opt/stack/nova/nova/api/openstack/wsgi.py:554}}
Aug 28 00:25:01.313507 np0000032604 devstack@n-api.service[70099]: INFO nova.api.openstack.requestlog [None req-d65c41d8-c06f-45c3-9b0f-76a19a241b1f admin admin] 192.168.1.125 "POST /compute/v2.1/flavors" status: 200 len: 410 microversion: 2.61 time: 0.033535
Aug 28 00:25:01.313770 np0000032604 devstack@n-api.service[70099]: [pid: 70099|app: 0|req: 6/11] 192.168.1.125 () {72 vars in 1420 bytes} [Thu Aug 28 00:25:01 2025] POST /compute/v2.1/flavors => generated 410 bytes in 34 msecs (HTTP/1.1 200) 9 headers in 359 bytes (1 switches on core 0)
Aug 28 00:25:01.322931 np0000032604 devstack@n-api.service[70100]: DEBUG nova.api.openstack.wsgi [None req-a772b770-3483-4a95-b1f3-d3ea4616d9fa admin admin] Action: 'create', calling method: <bound method FlavorExtraSpecsController.create of <nova.api.openstack.compute.flavors_extraspecs.FlavorExtraSpecsController object at 0x7fcd3fa5cd60>>, body: {"extra_specs": {"hw_rng:allowed": "True"}} {{(pid=70100) _process_stack /opt/stack/nova/nova/api/openstack/wsgi.py:554}}
Aug 28 00:25:01.336471 np0000032604 devstack@n-api.service[70100]: INFO nova.api.openstack.requestlog [None req-a772b770-3483-4a95-b1f3-d3ea4616d9fa admin admin] 192.168.1.125 "POST /compute/v2.1/flavors/d2/os-extra_specs" status: 200 len: 43 microversion: 2.61 time: 0.015364
Aug 28 00:25:01.336715 np0000032604 devstack@n-api.service[70100]: [pid: 70100|app: 0|req: 6/12] 192.168.1.125 () {72 vars in 1473 bytes} [Thu Aug 28 00:25:01 2025] POST /compute/v2.1/flavors/d2/os-extra_specs => generated 43 bytes in 16 msecs (HTTP/1.1 200) 9 headers in 358 bytes (1 switches on core 0)
Aug 28 00:25:01.424223 np0000032604 devstack@n-api.service[70099]: DEBUG nova.api.openstack.wsgi [None req-d65c41d8-c06f-45c3-9b0f-76a19a241b1f admin admin] Calling method '<bound method VersionsV2.index of <nova.api.openstack.compute.versions.VersionsV2 object at 0x7fcd410b28f0>>' {{(pid=70099) _process_stack /opt/stack/nova/nova/api/openstack/wsgi.py:556}}
Aug 28 00:25:01.427153 np0000032604 devstack@n-api.service[70099]: INFO nova.api.openstack.requestlog [None req-d65c41d8-c06f-45c3-9b0f-76a19a241b1f admin admin] 192.168.1.125 "GET /compute/v2.1" status: 200 len: 392 microversion: 2.1 time: 0.003122
Aug 28 00:25:01.427327 np0000032604 devstack@n-api.service[70099]: [pid: 70099|app: 0|req: 7/13] 192.168.1.125 () {62 vars in 1068 bytes} [Thu Aug 28 00:25:01 2025] GET /compute/v2.1 => generated 392 bytes in 3 msecs (HTTP/1.1 200) 9 headers in 357 bytes (1 switches on core 0)
Aug 28 00:25:01.454613 np0000032604 devstack@n-api.service[70100]: DEBUG nova.api.openstack.wsgi [None req-a5c3d1e9-1222-4f7d-853a-e6433c04a89c admin admin] Action: 'create', calling method: <bound method FlavorsController.create of <nova.api.openstack.compute.flavors.FlavorsController object at 0x7fcd3fa35cf0>>, body: {"flavor": {"OS-FLV-EXT-DATA:ephemeral": 0, "vcpus": 2, "ram": 2048, "disk": 10, "swap": 0, "id": "d3", "rxtx_factor": 1.0, "name": "ds2G", "os-flavor-access:is_public": true}} {{(pid=70100) _process_stack /opt/stack/nova/nova/api/openstack/wsgi.py:554}}
Aug 28 00:25:01.466183 np0000032604 devstack@n-api.service[70100]: INFO nova.api.openstack.requestlog [None req-a5c3d1e9-1222-4f7d-853a-e6433c04a89c admin admin] 192.168.1.125 "POST /compute/v2.1/flavors" status: 200 len: 410 microversion: 2.61 time: 0.033162
Aug 28 00:25:01.466439 np0000032604 devstack@n-api.service[70100]: [pid: 70100|app: 0|req: 7/14] 192.168.1.125 () {72 vars in 1420 bytes} [Thu Aug 28 00:25:01 2025] POST /compute/v2.1/flavors => generated 410 bytes in 34 msecs (HTTP/1.1 200) 9 headers in 359 bytes (2 switches on core 0)
Aug 28 00:25:01.475932 np0000032604 devstack@n-api.service[70099]: DEBUG nova.api.openstack.wsgi [None req-541a16a5-9755-4223-a8de-9bc20c5d77c6 admin admin] Action: 'create', calling method: <bound method FlavorExtraSpecsController.create of <nova.api.openstack.compute.flavors_extraspecs.FlavorExtraSpecsController object at 0x7fcd3fa60f70>>, body: {"extra_specs": {"hw_rng:allowed": "True"}} {{(pid=70099) _process_stack /opt/stack/nova/nova/api/openstack/wsgi.py:554}}
Aug 28 00:25:01.489685 np0000032604 devstack@n-api.service[70099]: INFO nova.api.openstack.requestlog [None req-541a16a5-9755-4223-a8de-9bc20c5d77c6 admin admin] 192.168.1.125 "POST /compute/v2.1/flavors/d3/os-extra_specs" status: 200 len: 43 microversion: 2.61 time: 0.015453
Aug 28 00:25:01.489954 np0000032604 devstack@n-api.service[70099]: [pid: 70099|app: 0|req: 8/15] 192.168.1.125 () {72 vars in 1473 bytes} [Thu Aug 28 00:25:01 2025] POST /compute/v2.1/flavors/d3/os-extra_specs => generated 43 bytes in 16 msecs (HTTP/1.1 200) 9 headers in 358 bytes (1 switches on core 0)
Aug 28 00:25:01.582395 np0000032604 devstack@n-api.service[70100]: DEBUG nova.api.openstack.wsgi [None req-a5c3d1e9-1222-4f7d-853a-e6433c04a89c admin admin] Calling method '<bound method VersionsV2.index of <nova.api.openstack.compute.versions.VersionsV2 object at 0x7fcd40037310>>' {{(pid=70100) _process_stack /opt/stack/nova/nova/api/openstack/wsgi.py:556}}
Aug 28 00:25:01.585322 np0000032604 devstack@n-api.service[70100]: INFO nova.api.openstack.requestlog [None req-a5c3d1e9-1222-4f7d-853a-e6433c04a89c admin admin] 192.168.1.125 "GET /compute/v2.1" status: 200 len: 392 microversion: 2.1 time: 0.003110
Aug 28 00:25:01.585501 np0000032604 devstack@n-api.service[70100]: [pid: 70100|app: 0|req: 8/16] 192.168.1.125 () {62 vars in 1068 bytes} [Thu Aug 28 00:25:01 2025] GET /compute/v2.1 => generated 392 bytes in 3 msecs (HTTP/1.1 200) 9 headers in 357 bytes (1 switches on core 0)
Aug 28 00:25:01.610667 np0000032604 devstack@n-api.service[70099]: DEBUG nova.api.openstack.wsgi [None req-8ba413b9-1225-482a-96e6-8926f9b52f32 admin admin] Action: 'create', calling method: <bound method FlavorsController.create of <nova.api.openstack.compute.flavors.FlavorsController object at 0x7fcd3fa3df00>>, body: {"flavor": {"OS-FLV-EXT-DATA:ephemeral": 0, "vcpus": 4, "ram": 4096, "disk": 20, "swap": 0, "id": "d4", "rxtx_factor": 1.0, "name": "ds4G", "os-flavor-access:is_public": true}} {{(pid=70099) _process_stack /opt/stack/nova/nova/api/openstack/wsgi.py:554}}
Aug 28 00:25:01.622006 np0000032604 devstack@n-api.service[70099]: INFO nova.api.openstack.requestlog [None req-8ba413b9-1225-482a-96e6-8926f9b52f32 admin admin] 192.168.1.125 "POST /compute/v2.1/flavors" status: 200 len: 410 microversion: 2.61 time: 0.030902
Aug 28 00:25:01.626708 np0000032604 devstack@n-api.service[70099]: [pid: 70099|app: 0|req: 9/17] 192.168.1.125 () {72 vars in 1420 bytes} [Thu Aug 28 00:25:01 2025] POST /compute/v2.1/flavors => generated 410 bytes in 31 msecs (HTTP/1.1 200) 9 headers in 359 bytes (1 switches on core 0)
Aug 28 00:25:01.631269 np0000032604 devstack@n-api.service[70100]: DEBUG nova.api.openstack.wsgi [None req-eb23d4a5-a0b6-4dad-aac9-867135e70e4d admin admin] Action: 'create', calling method: <bound method FlavorExtraSpecsController.create of <nova.api.openstack.compute.flavors_extraspecs.FlavorExtraSpecsController object at 0x7fcd3fa5cd60>>, body: {"extra_specs": {"hw_rng:allowed": "True"}} {{(pid=70100) _process_stack /opt/stack/nova/nova/api/openstack/wsgi.py:554}}
Aug 28 00:25:01.643731 np0000032604 devstack@n-api.service[70100]: INFO nova.api.openstack.requestlog [None req-eb23d4a5-a0b6-4dad-aac9-867135e70e4d admin admin] 192.168.1.125 "POST /compute/v2.1/flavors/d4/os-extra_specs" status: 200 len: 43 microversion: 2.61 time: 0.014220
Aug 28 00:25:01.644129 np0000032604 devstack@n-api.service[70100]: [pid: 70100|app: 0|req: 9/18] 192.168.1.125 () {72 vars in 1473 bytes} [Thu Aug 28 00:25:01 2025] POST /compute/v2.1/flavors/d4/os-extra_specs => generated 43 bytes in 15 msecs (HTTP/1.1 200) 9 headers in 358 bytes (1 switches on core 0)
Aug 28 00:25:01.732120 np0000032604 devstack@n-api.service[70099]: DEBUG nova.api.openstack.wsgi [None req-8ba413b9-1225-482a-96e6-8926f9b52f32 admin admin] Calling method '<bound method VersionsV2.index of <nova.api.openstack.compute.versions.VersionsV2 object at 0x7fcd410b28f0>>' {{(pid=70099) _process_stack /opt/stack/nova/nova/api/openstack/wsgi.py:556}}
Aug 28 00:25:01.734775 np0000032604 devstack@n-api.service[70099]: INFO nova.api.openstack.requestlog [None req-8ba413b9-1225-482a-96e6-8926f9b52f32 admin admin] 192.168.1.125 "GET /compute/v2.1" status: 200 len: 392 microversion: 2.1 time: 0.002843
Aug 28 00:25:01.734959 np0000032604 devstack@n-api.service[70099]: [pid: 70099|app: 0|req: 10/19] 192.168.1.125 () {62 vars in 1068 bytes} [Thu Aug 28 00:25:01 2025] GET /compute/v2.1 => generated 392 bytes in 3 msecs (HTTP/1.1 200) 9 headers in 357 bytes (1 switches on core 0)
Aug 28 00:25:01.763977 np0000032604 devstack@n-api.service[70100]: DEBUG nova.api.openstack.wsgi [None req-d9e0f58b-b69a-42dc-852f-8c0ecb84ebf1 admin admin] Calling method '<bound method FlavorsController.detail of <nova.api.openstack.compute.flavors.FlavorsController object at 0x7fcd3fa36e90>>' {{(pid=70100) _process_stack /opt/stack/nova/nova/api/openstack/wsgi.py:556}}
Aug 28 00:25:01.778053 np0000032604 devstack@n-api.service[70100]: INFO nova.api.openstack.requestlog [None req-d9e0f58b-b69a-42dc-852f-8c0ecb84ebf1 admin admin] 192.168.1.125 "GET /compute/v2.1/flavors/detail?is_public=True" status: 200 len: 2136 microversion: 2.61 time: 0.036123
Aug 28 00:25:01.778405 np0000032604 devstack@n-api.service[70100]: [pid: 70100|app: 0|req: 10/20] 192.168.1.125 () {68 vars in 1429 bytes} [Thu Aug 28 00:25:01 2025] GET /compute/v2.1/flavors/detail?is_public=True => generated 2136 bytes in 37 msecs (HTTP/1.1 200) 9 headers in 360 bytes (1 switches on core 0)
Aug 28 00:25:01.868708 np0000032604 devstack@n-api.service[70099]: DEBUG nova.api.openstack.wsgi [None req-8ba413b9-1225-482a-96e6-8926f9b52f32 admin admin] Calling method '<bound method VersionsV2.index of <nova.api.openstack.compute.versions.VersionsV2 object at 0x7fcd410b28f0>>' {{(pid=70099) _process_stack /opt/stack/nova/nova/api/openstack/wsgi.py:556}}
Aug 28 00:25:01.871289 np0000032604 devstack@n-api.service[70099]: INFO nova.api.openstack.requestlog [None req-8ba413b9-1225-482a-96e6-8926f9b52f32 admin admin] 192.168.1.125 "GET /compute/v2.1" status: 200 len: 392 microversion: 2.1 time: 0.002800
Aug 28 00:25:01.871466 np0000032604 devstack@n-api.service[70099]: [pid: 70099|app: 0|req: 11/21] 192.168.1.125 () {62 vars in 1068 bytes} [Thu Aug 28 00:25:01 2025] GET /compute/v2.1 => generated 392 bytes in 3 msecs (HTTP/1.1 200) 9 headers in 357 bytes (1 switches on core 0)
Aug 28 00:25:01.896549 np0000032604 devstack@n-api.service[70100]: DEBUG nova.api.openstack.wsgi [None req-ba516ca1-9747-41f3-9597-9f2ec1623487 admin admin] Action: 'create', calling method: <bound method FlavorsController.create of <nova.api.openstack.compute.flavors.FlavorsController object at 0x7fcd3fa35cf0>>, body: {"flavor": {"OS-FLV-EXT-DATA:ephemeral": 0, "vcpus": 1, "ram": 512, "disk": 1, "swap": 0, "id": "1", "rxtx_factor": 1.0, "name": "m1.tiny", "os-flavor-access:is_public": true}} {{(pid=70100) _process_stack /opt/stack/nova/nova/api/openstack/wsgi.py:554}}
Aug 28 00:25:01.908043 np0000032604 devstack@n-api.service[70100]: INFO nova.api.openstack.requestlog [None req-ba516ca1-9747-41f3-9597-9f2ec1623487 admin admin] 192.168.1.125 "POST /compute/v2.1/flavors" status: 200 len: 408 microversion: 2.61 time: 0.030921
Aug 28 00:25:01.908275 np0000032604 devstack@n-api.service[70100]: [pid: 70100|app: 0|req: 11/22] 192.168.1.125 () {72 vars in 1420 bytes} [Thu Aug 28 00:25:01 2025] POST /compute/v2.1/flavors => generated 408 bytes in 31 msecs (HTTP/1.1 200) 9 headers in 359 bytes (1 switches on core 0)
Aug 28 00:25:01.917061 np0000032604 devstack@n-api.service[70099]: DEBUG nova.api.openstack.wsgi [None req-3426b3d0-36be-478d-8bea-8494f306bf46 admin admin] Action: 'create', calling method: <bound method FlavorExtraSpecsController.create of <nova.api.openstack.compute.flavors_extraspecs.FlavorExtraSpecsController object at 0x7fcd3fa60f70>>, body: {"extra_specs": {"hw_rng:allowed": "True"}} {{(pid=70099) _process_stack /opt/stack/nova/nova/api/openstack/wsgi.py:554}}
Aug 28 00:25:01.933567 np0000032604 devstack@n-api.service[70099]: INFO nova.api.openstack.requestlog [None req-3426b3d0-36be-478d-8bea-8494f306bf46 admin admin] 192.168.1.125 "POST /compute/v2.1/flavors/1/os-extra_specs" status: 200 len: 43 microversion: 2.61 time: 0.018357
Aug 28 00:25:01.933821 np0000032604 devstack@n-api.service[70099]: [pid: 70099|app: 0|req: 12/23] 192.168.1.125 () {72 vars in 1470 bytes} [Thu Aug 28 00:25:01 2025] POST /compute/v2.1/flavors/1/os-extra_specs => generated 43 bytes in 19 msecs (HTTP/1.1 200) 9 headers in 358 bytes (1 switches on core 0)
Aug 28 00:25:02.023512 np0000032604 devstack@n-api.service[70100]: DEBUG nova.api.openstack.wsgi [None req-ba516ca1-9747-41f3-9597-9f2ec1623487 admin admin] Calling method '<bound method VersionsV2.index of <nova.api.openstack.compute.versions.VersionsV2 object at 0x7fcd40037310>>' {{(pid=70100) _process_stack /opt/stack/nova/nova/api/openstack/wsgi.py:556}}
Aug 28 00:25:02.026110 np0000032604 devstack@n-api.service[70100]: INFO nova.api.openstack.requestlog [None req-ba516ca1-9747-41f3-9597-9f2ec1623487 admin admin] 192.168.1.125 "GET /compute/v2.1" status: 200 len: 392 microversion: 2.1 time: 0.002784
Aug 28 00:25:02.026291 np0000032604 devstack@n-api.service[70100]: [pid: 70100|app: 0|req: 12/24] 192.168.1.125 () {62 vars in 1068 bytes} [Thu Aug 28 00:25:02 2025] GET /compute/v2.1 => generated 392 bytes in 3 msecs (HTTP/1.1 200) 9 headers in 357 bytes (1 switches on core 0)
Aug 28 00:25:02.051544 np0000032604 devstack@n-api.service[70099]: DEBUG nova.api.openstack.wsgi [None req-2a103141-5044-4971-9f8c-6d1242fc8f5f admin admin] Action: 'create', calling method: <bound method FlavorsController.create of <nova.api.openstack.compute.flavors.FlavorsController object at 0x7fcd3fa3df00>>, body: {"flavor": {"OS-FLV-EXT-DATA:ephemeral": 0, "vcpus": 1, "ram": 2048, "disk": 20, "swap": 0, "id": "2", "rxtx_factor": 1.0, "name": "m1.small", "os-flavor-access:is_public": true}} {{(pid=70099) _process_stack /opt/stack/nova/nova/api/openstack/wsgi.py:554}}
Aug 28 00:25:02.063275 np0000032604 devstack@n-api.service[70099]: INFO nova.api.openstack.requestlog [None req-2a103141-5044-4971-9f8c-6d1242fc8f5f admin admin] 192.168.1.125 "POST /compute/v2.1/flavors" status: 200 len: 411 microversion: 2.61 time: 0.031168
Aug 28 00:25:02.069306 np0000032604 devstack@n-api.service[70099]: [pid: 70099|app: 0|req: 13/25] 192.168.1.125 () {72 vars in 1420 bytes} [Thu Aug 28 00:25:02 2025] POST /compute/v2.1/flavors => generated 411 bytes in 32 msecs (HTTP/1.1 200) 9 headers in 359 bytes (1 switches on core 0)
Aug 28 00:25:02.073395 np0000032604 devstack@n-api.service[70100]: DEBUG nova.api.openstack.wsgi [None req-a84c8f9f-6410-4623-a7e9-e7f721cd5f85 admin admin] Action: 'create', calling method: <bound method FlavorExtraSpecsController.create of <nova.api.openstack.compute.flavors_extraspecs.FlavorExtraSpecsController object at 0x7fcd3fa5cd60>>, body: {"extra_specs": {"hw_rng:allowed": "True"}} {{(pid=70100) _process_stack /opt/stack/nova/nova/api/openstack/wsgi.py:554}}
Aug 28 00:25:02.093690 np0000032604 devstack@n-api.service[70100]: INFO nova.api.openstack.requestlog [None req-a84c8f9f-6410-4623-a7e9-e7f721cd5f85 admin admin] 192.168.1.125 "POST /compute/v2.1/flavors/2/os-extra_specs" status: 200 len: 43 microversion: 2.61 time: 0.022004
Aug 28 00:25:02.093964 np0000032604 devstack@n-api.service[70100]: [pid: 70100|app: 0|req: 13/26] 192.168.1.125 () {72 vars in 1470 bytes} [Thu Aug 28 00:25:02 2025] POST /compute/v2.1/flavors/2/os-extra_specs => generated 43 bytes in 22 msecs (HTTP/1.1 200) 9 headers in 358 bytes (1 switches on core 0)
Aug 28 00:25:02.186210 np0000032604 devstack@n-api.service[70099]: DEBUG nova.api.openstack.wsgi [None req-2a103141-5044-4971-9f8c-6d1242fc8f5f admin admin] Calling method '<bound method VersionsV2.index of <nova.api.openstack.compute.versions.VersionsV2 object at 0x7fcd410b28f0>>' {{(pid=70099) _process_stack /opt/stack/nova/nova/api/openstack/wsgi.py:556}}
Aug 28 00:25:02.189148 np0000032604 devstack@n-api.service[70099]: INFO nova.api.openstack.requestlog [None req-2a103141-5044-4971-9f8c-6d1242fc8f5f admin admin] 192.168.1.125 "GET /compute/v2.1" status: 200 len: 392 microversion: 2.1 time: 0.003109
Aug 28 00:25:02.189481 np0000032604 devstack@n-api.service[70099]: [pid: 70099|app: 0|req: 14/27] 192.168.1.125 () {62 vars in 1068 bytes} [Thu Aug 28 00:25:02 2025] GET /compute/v2.1 => generated 392 bytes in 3 msecs (HTTP/1.1 200) 9 headers in 357 bytes (1 switches on core 0)
