Aug 28 00:20:00.375963 np0000032602 devstack@n-api.service[70049]: DEBUG oslo_db.sqlalchemy.engines [None req-42f20718-f778-470a-941a-bf796a072d9a None None] MySQL server mode set to STRICT_TRANS_TABLES,STRICT_ALL_TABLES,NO_ZERO_IN_DATE,NO_ZERO_DATE,ERROR_FOR_DIVISION_BY_ZERO,TRADITIONAL,NO_ENGINE_SUBSTITUTION {{(pid=70049) _check_effective_sql_mode /opt/stack/data/venv/lib/python3.10/site-packages/oslo_db/sqlalchemy/engines.py:342}}
Aug 28 00:20:00.378343 np0000032602 devstack@n-api.service[70048]: DEBUG dbcounter [-] [70048] Writer thread running {{(pid=70048) stat_writer /opt/stack/data/venv/lib/python3.10/site-packages/dbcounter.py:102}}
Aug 28 00:20:00.379898 np0000032602 devstack@n-api.service[70049]: DEBUG dbcounter [-] [70049] Writer thread running {{(pid=70049) stat_writer /opt/stack/data/venv/lib/python3.10/site-packages/dbcounter.py:102}}
Aug 28 00:20:00.380348 np0000032602 devstack@n-api.service[70048]: INFO dbcounter [None req-8a4ee4ff-8e7e-4809-8508-2e36782686a7 None None] Registered counter for database nova_cell0
Aug 28 00:20:00.381855 np0000032602 devstack@n-api.service[70049]: INFO dbcounter [None req-42f20718-f778-470a-941a-bf796a072d9a None None] Registered counter for database nova_cell0
Aug 28 00:20:00.384347 np0000032602 devstack@n-api.service[70048]: DEBUG oslo_db.sqlalchemy.engines [None req-8a4ee4ff-8e7e-4809-8508-2e36782686a7 None None] MySQL server mode set to STRICT_TRANS_TABLES,STRICT_ALL_TABLES,NO_ZERO_IN_DATE,NO_ZERO_DATE,ERROR_FOR_DIVISION_BY_ZERO,TRADITIONAL,NO_ENGINE_SUBSTITUTION {{(pid=70048) _check_effective_sql_mode /opt/stack/data/venv/lib/python3.10/site-packages/oslo_db/sqlalchemy/engines.py:342}}
Aug 28 00:20:00.385954 np0000032602 devstack@n-api.service[70049]: DEBUG oslo_db.sqlalchemy.engines [None req-42f20718-f778-470a-941a-bf796a072d9a None None] MySQL server mode set to STRICT_TRANS_TABLES,STRICT_ALL_TABLES,NO_ZERO_IN_DATE,NO_ZERO_DATE,ERROR_FOR_DIVISION_BY_ZERO,TRADITIONAL,NO_ENGINE_SUBSTITUTION {{(pid=70049) _check_effective_sql_mode /opt/stack/data/venv/lib/python3.10/site-packages/oslo_db/sqlalchemy/engines.py:342}}
Aug 28 00:20:00.388341 np0000032602 devstack@n-api.service[70048]: DEBUG dbcounter [-] [70048] Writer thread running {{(pid=70048) stat_writer /opt/stack/data/venv/lib/python3.10/site-packages/dbcounter.py:102}}
Aug 28 00:20:00.389902 np0000032602 devstack@n-api.service[70049]: DEBUG dbcounter [-] [70049] Writer thread running {{(pid=70049) stat_writer /opt/stack/data/venv/lib/python3.10/site-packages/dbcounter.py:102}}
Aug 28 00:20:00.685893 np0000032602 devstack@n-api.service[70048]: DEBUG oslo_concurrency.processutils [None req-8a4ee4ff-8e7e-4809-8508-2e36782686a7 None None] Running cmd (subprocess): grep -F node.session.scan /sbin/iscsiadm {{(pid=70048) execute /opt/stack/data/venv/lib/python3.10/site-packages/oslo_concurrency/processutils.py:390}}
Aug 28 00:20:00.692691 np0000032602 devstack@n-api.service[70048]: DEBUG oslo_concurrency.processutils [None req-8a4ee4ff-8e7e-4809-8508-2e36782686a7 None None] CMD "grep -F node.session.scan /sbin/iscsiadm" returned: 0 in 0.007s {{(pid=70048) execute /opt/stack/data/venv/lib/python3.10/site-packages/oslo_concurrency/processutils.py:428}}
Aug 28 00:20:00.698728 np0000032602 devstack@n-api.service[70049]: DEBUG oslo_concurrency.processutils [None req-42f20718-f778-470a-941a-bf796a072d9a None None] Running cmd (subprocess): grep -F node.session.scan /sbin/iscsiadm {{(pid=70049) execute /opt/stack/data/venv/lib/python3.10/site-packages/oslo_concurrency/processutils.py:390}}
Aug 28 00:20:00.704990 np0000032602 devstack@n-api.service[70049]: DEBUG oslo_concurrency.processutils [None req-42f20718-f778-470a-941a-bf796a072d9a None None] CMD "grep -F node.session.scan /sbin/iscsiadm" returned: 0 in 0.006s {{(pid=70049) execute /opt/stack/data/venv/lib/python3.10/site-packages/oslo_concurrency/processutils.py:428}}
Aug 28 00:20:01.012591 np0000032602 devstack@n-api.service[70048]: WARNING keystonemiddleware.auth_token [None req-8a4ee4ff-8e7e-4809-8508-2e36782686a7 None None] AuthToken middleware is set with keystone_authtoken.service_token_roles_required set to False. This is backwards compatible but deprecated behaviour. Please set this to True.
Aug 28 00:20:01.013382 np0000032602 devstack@n-api.service[70049]: WARNING keystonemiddleware.auth_token [None req-42f20718-f778-470a-941a-bf796a072d9a None None] AuthToken middleware is set with keystone_authtoken.service_token_roles_required set to False. This is backwards compatible but deprecated behaviour. Please set this to True.
Aug 28 00:20:01.016015 np0000032602 devstack@n-api.service[70048]: WARNING keystonemiddleware.auth_token [None req-8a4ee4ff-8e7e-4809-8508-2e36782686a7 None None] Configuring www_authenticate_uri to point to the public identity endpoint is required; clients may not be able to authenticate against an admin endpoint
Aug 28 00:20:01.016877 np0000032602 devstack@n-api.service[70049]: WARNING keystonemiddleware.auth_token [None req-42f20718-f778-470a-941a-bf796a072d9a None None] Configuring www_authenticate_uri to point to the public identity endpoint is required; clients may not be able to authenticate against an admin endpoint
Aug 28 00:20:01.087588 np0000032602 devstack@n-api.service[70048]: WARNING keystonemiddleware.auth_token [None req-8a4ee4ff-8e7e-4809-8508-2e36782686a7 None None] AuthToken middleware is set with keystone_authtoken.service_token_roles_required set to False. This is backwards compatible but deprecated behaviour. Please set this to True.
Aug 28 00:20:01.088679 np0000032602 devstack@n-api.service[70049]: WARNING keystonemiddleware.auth_token [None req-42f20718-f778-470a-941a-bf796a072d9a None None] AuthToken middleware is set with keystone_authtoken.service_token_roles_required set to False. This is backwards compatible but deprecated behaviour. Please set this to True.
Aug 28 00:20:01.089671 np0000032602 devstack@n-api.service[70048]: WARNING keystonemiddleware.auth_token [None req-8a4ee4ff-8e7e-4809-8508-2e36782686a7 None None] Configuring www_authenticate_uri to point to the public identity endpoint is required; clients may not be able to authenticate against an admin endpoint
Aug 28 00:20:01.090784 np0000032602 devstack@n-api.service[70049]: WARNING keystonemiddleware.auth_token [None req-42f20718-f778-470a-941a-bf796a072d9a None None] Configuring www_authenticate_uri to point to the public identity endpoint is required; clients may not be able to authenticate against an admin endpoint
Aug 28 00:20:01.091526 np0000032602 devstack@n-api.service[70048]: WSGI app 0 (mountpoint='') ready in 3 seconds on interpreter 0x560ea1cc0d70 pid: 70048 (default app)
Aug 28 00:20:01.092422 np0000032602 devstack@n-api.service[70048]: DEBUG nova.api.openstack.wsgi [None req-8a4ee4ff-8e7e-4809-8508-2e36782686a7 None None] Calling method '<bound method VersionsV2.index of <nova.api.openstack.compute.versions.VersionsV2 object at 0x7f288a457430>>' {{(pid=70048) _process_stack /opt/stack/nova/nova/api/openstack/wsgi.py:520}}
Aug 28 00:20:01.092661 np0000032602 devstack@n-api.service[70049]: WSGI app 0 (mountpoint='') ready in 3 seconds on interpreter 0x560ea1cc0d70 pid: 70049 (default app)
Aug 28 00:20:01.094073 np0000032602 devstack@n-api.service[70048]: INFO nova.api.openstack.requestlog [None req-8a4ee4ff-8e7e-4809-8508-2e36782686a7 None None] 192.168.1.113 "GET /compute/v2.1/" status: 200 len: 390 microversion: 2.1 time: 0.001844
Aug 28 00:20:01.094674 np0000032602 devstack@n-api.service[70048]: [pid: 70048|app: 0|req: 1/1] 192.168.1.113 () {50 vars in 783 bytes} [Thu Aug 28 00:20:01 2025] GET /compute/v2.1/ => generated 390 bytes in 2 msecs (HTTP/1.1 200) 9 headers in 357 bytes (1 switches on core 0)
Aug 28 00:20:39.510543 np0000032602 devstack@n-api.service[70049]: DEBUG nova.api.openstack.wsgi [None req-42f20718-f778-470a-941a-bf796a072d9a None None] Calling method '<bound method VersionsV2.index of <nova.api.openstack.compute.versions.VersionsV2 object at 0x7f288a595750>>' {{(pid=70049) _process_stack /opt/stack/nova/nova/api/openstack/wsgi.py:520}}
Aug 28 00:20:39.512545 np0000032602 devstack@n-api.service[70049]: INFO nova.api.openstack.requestlog [None req-42f20718-f778-470a-941a-bf796a072d9a None None] 192.168.1.113 "GET /compute/v2.1" status: 200 len: 391 microversion: 2.1 time: 0.002358
Aug 28 00:20:39.512728 np0000032602 devstack@n-api.service[70049]: [pid: 70049|app: 0|req: 1/2] 192.168.1.113 () {62 vars in 1067 bytes} [Thu Aug 28 00:20:39 2025] GET /compute/v2.1 => generated 391 bytes in 3 msecs (HTTP/1.1 200) 9 headers in 357 bytes (1 switches on core 0)
Aug 28 00:20:39.521654 np0000032602 devstack@n-api.service[70048]: DEBUG dbcounter [-] [70048] Writing DB stats nova_api:SELECT=1 {{(pid=70048) stat_writer /opt/stack/data/venv/lib/python3.10/site-packages/dbcounter.py:115}}
Aug 28 00:20:39.522200 np0000032602 devstack@n-api.service[70048]: DEBUG dbcounter [-] [70048] Writing DB stats nova_cell0:SELECT=1 {{(pid=70048) stat_writer /opt/stack/data/venv/lib/python3.10/site-packages/dbcounter.py:115}}
Aug 28 00:20:39.522548 np0000032602 devstack@n-api.service[70048]: DEBUG dbcounter [-] [70048] Writing DB stats nova_cell1:SELECT=1 {{(pid=70048) stat_writer /opt/stack/data/venv/lib/python3.10/site-packages/dbcounter.py:115}}
Aug 28 00:20:39.523052 np0000032602 devstack@n-api.service[70048]: DEBUG dbcounter [-] [70048] Writing DB stats nova_cell0:SELECT=2,nova_cell0:INSERT=1 {{(pid=70048) stat_writer /opt/stack/data/venv/lib/python3.10/site-packages/dbcounter.py:115}}
Aug 28 00:20:39.649072 np0000032602 devstack@n-api.service[70048]: DEBUG nova.api.openstack.wsgi [None req-77bae6ee-c90c-477a-ab10-7a9bf30539d8 admin admin] Calling method '<bound method FlavorsController.detail of <nova.api.openstack.compute.flavors.FlavorsController object at 0x7f2889e6e4a0>>' {{(pid=70048) _process_stack /opt/stack/nova/nova/api/openstack/wsgi.py:520}}
Aug 28 00:20:39.662722 np0000032602 devstack@n-api.service[70048]: INFO nova.api.openstack.requestlog [None req-77bae6ee-c90c-477a-ab10-7a9bf30539d8 admin admin] 192.168.1.113 "GET /compute/v2.1/flavors/detail?is_public=True" status: 200 len: 15 microversion: 2.61 time: 0.143934
Aug 28 00:20:39.662966 np0000032602 devstack@n-api.service[70048]: [pid: 70048|app: 0|req: 2/3] 192.168.1.113 () {68 vars in 1428 bytes} [Thu Aug 28 00:20:39 2025] GET /compute/v2.1/flavors/detail?is_public=True => generated 15 bytes in 144 msecs (HTTP/1.1 200) 9 headers in 358 bytes (1 switches on core 0)
Aug 28 00:20:39.752389 np0000032602 devstack@n-api.service[70049]: DEBUG nova.api.openstack.wsgi [None req-42f20718-f778-470a-941a-bf796a072d9a None None] Calling method '<bound method VersionsV2.index of <nova.api.openstack.compute.versions.VersionsV2 object at 0x7f288a595750>>' {{(pid=70049) _process_stack /opt/stack/nova/nova/api/openstack/wsgi.py:520}}
Aug 28 00:20:39.753955 np0000032602 devstack@n-api.service[70049]: INFO nova.api.openstack.requestlog [None req-42f20718-f778-470a-941a-bf796a072d9a None None] 192.168.1.113 "GET /compute/v2.1" status: 200 len: 391 microversion: 2.1 time: 0.001732
Aug 28 00:20:39.754131 np0000032602 devstack@n-api.service[70049]: [pid: 70049|app: 0|req: 2/4] 192.168.1.113 () {62 vars in 1067 bytes} [Thu Aug 28 00:20:39 2025] GET /compute/v2.1 => generated 391 bytes in 2 msecs (HTTP/1.1 200) 9 headers in 357 bytes (1 switches on core 0)
Aug 28 00:20:39.779114 np0000032602 devstack@n-api.service[70048]: DEBUG nova.api.openstack.wsgi [None req-8d2b2fb3-5661-4b28-a60d-6f06a53ea4f6 admin admin] Action: 'create', calling method: <bound method FlavorsController.create of <nova.api.openstack.compute.flavors.FlavorsController object at 0x7f2889e6df00>>, body: {"flavor": {"OS-FLV-EXT-DATA:ephemeral": 0, "id": "c1", "name": "cirros256", "disk": 1, "vcpus": 1, "swap": 0, "ram": 256, "os-flavor-access:is_public": true, "rxtx_factor": 1.0}} {{(pid=70048) _process_stack /opt/stack/nova/nova/api/openstack/wsgi.py:518}}
Aug 28 00:20:39.800636 np0000032602 devstack@n-api.service[70048]: INFO nova.api.openstack.requestlog [None req-8d2b2fb3-5661-4b28-a60d-6f06a53ea4f6 admin admin] 192.168.1.113 "POST /compute/v2.1/flavors" status: 200 len: 413 microversion: 2.61 time: 0.040903
Aug 28 00:20:39.800975 np0000032602 devstack@n-api.service[70048]: [pid: 70048|app: 0|req: 3/5] 192.168.1.113 () {72 vars in 1419 bytes} [Thu Aug 28 00:20:39 2025] POST /compute/v2.1/flavors => generated 413 bytes in 41 msecs (HTTP/1.1 200) 9 headers in 359 bytes (1 switches on core 0)
Aug 28 00:20:39.810905 np0000032602 devstack@n-api.service[70049]: DEBUG dbcounter [-] [70049] Writing DB stats nova_api:SELECT=1 {{(pid=70049) stat_writer /opt/stack/data/venv/lib/python3.10/site-packages/dbcounter.py:115}}
Aug 28 00:20:39.811723 np0000032602 devstack@n-api.service[70049]: DEBUG dbcounter [-] [70049] Writing DB stats nova_cell1:SELECT=1 {{(pid=70049) stat_writer /opt/stack/data/venv/lib/python3.10/site-packages/dbcounter.py:115}}
Aug 28 00:20:39.812089 np0000032602 devstack@n-api.service[70049]: DEBUG dbcounter [-] [70049] Writing DB stats nova_cell0:SELECT=1 {{(pid=70049) stat_writer /opt/stack/data/venv/lib/python3.10/site-packages/dbcounter.py:115}}
Aug 28 00:20:39.812418 np0000032602 devstack@n-api.service[70049]: DEBUG dbcounter [-] [70049] Writing DB stats nova_cell0:SELECT=2,nova_cell0:INSERT=1 {{(pid=70049) stat_writer /opt/stack/data/venv/lib/python3.10/site-packages/dbcounter.py:115}}
Aug 28 00:20:39.879934 np0000032602 devstack@n-api.service[70049]: DEBUG nova.api.openstack.wsgi [None req-98fbf1a5-a4ff-4ce0-8245-49134e2e6e35 admin admin] Action: 'create', calling method: <bound method FlavorExtraSpecsController.create of <nova.api.openstack.compute.flavors_extraspecs.FlavorExtraSpecsController object at 0x7f2889e6f3a0>>, body: {"extra_specs": {"hw_rng:allowed": "True"}} {{(pid=70049) _process_stack /opt/stack/nova/nova/api/openstack/wsgi.py:518}}
Aug 28 00:20:39.908817 np0000032602 devstack@n-api.service[70049]: INFO nova.api.openstack.requestlog [None req-98fbf1a5-a4ff-4ce0-8245-49134e2e6e35 admin admin] 192.168.1.113 "POST /compute/v2.1/flavors/c1/os-extra_specs" status: 200 len: 43 microversion: 2.61 time: 0.100590
Aug 28 00:20:39.909094 np0000032602 devstack@n-api.service[70049]: [pid: 70049|app: 0|req: 3/6] 192.168.1.113 () {72 vars in 1472 bytes} [Thu Aug 28 00:20:39 2025] POST /compute/v2.1/flavors/c1/os-extra_specs => generated 43 bytes in 101 msecs (HTTP/1.1 200) 9 headers in 358 bytes (1 switches on core 0)
Aug 28 00:20:40.004912 np0000032602 devstack@n-api.service[70048]: DEBUG nova.api.openstack.wsgi [None req-8d2b2fb3-5661-4b28-a60d-6f06a53ea4f6 admin admin] Calling method '<bound method VersionsV2.index of <nova.api.openstack.compute.versions.VersionsV2 object at 0x7f288a457430>>' {{(pid=70048) _process_stack /opt/stack/nova/nova/api/openstack/wsgi.py:520}}
Aug 28 00:20:40.006479 np0000032602 devstack@n-api.service[70048]: INFO nova.api.openstack.requestlog [None req-8d2b2fb3-5661-4b28-a60d-6f06a53ea4f6 admin admin] 192.168.1.113 "GET /compute/v2.1" status: 200 len: 391 microversion: 2.1 time: 0.001761
Aug 28 00:20:40.006650 np0000032602 devstack@n-api.service[70048]: [pid: 70048|app: 0|req: 4/7] 192.168.1.113 () {62 vars in 1067 bytes} [Thu Aug 28 00:20:40 2025] GET /compute/v2.1 => generated 391 bytes in 2 msecs (HTTP/1.1 200) 9 headers in 357 bytes (1 switches on core 0)
Aug 28 00:20:40.068705 np0000032602 devstack@n-api.service[70049]: DEBUG nova.api.openstack.wsgi [None req-aa044b77-5762-498b-be97-db9ac560c102 admin admin] Action: 'create', calling method: <bound method FlavorsController.create of <nova.api.openstack.compute.flavors.FlavorsController object at 0x7f2889e6dd80>>, body: {"flavor": {"OS-FLV-EXT-DATA:ephemeral": 0, "id": "d1", "name": "ds512M", "disk": 5, "vcpus": 1, "swap": 0, "ram": 512, "os-flavor-access:is_public": true, "rxtx_factor": 1.0}} {{(pid=70049) _process_stack /opt/stack/nova/nova/api/openstack/wsgi.py:518}}
Aug 28 00:20:40.086372 np0000032602 devstack@n-api.service[70049]: INFO nova.api.openstack.requestlog [None req-aa044b77-5762-498b-be97-db9ac560c102 admin admin] 192.168.1.113 "POST /compute/v2.1/flavors" status: 200 len: 410 microversion: 2.61 time: 0.074227
Aug 28 00:20:40.086801 np0000032602 devstack@n-api.service[70049]: [pid: 70049|app: 0|req: 4/8] 192.168.1.113 () {72 vars in 1419 bytes} [Thu Aug 28 00:20:40 2025] POST /compute/v2.1/flavors => generated 410 bytes in 75 msecs (HTTP/1.1 200) 9 headers in 359 bytes (1 switches on core 0)
Aug 28 00:20:40.095678 np0000032602 devstack@n-api.service[70048]: DEBUG nova.api.openstack.wsgi [None req-783c6d9c-d207-452d-a698-2280861e0d2e admin admin] Action: 'create', calling method: <bound method FlavorExtraSpecsController.create of <nova.api.openstack.compute.flavors_extraspecs.FlavorExtraSpecsController object at 0x7f2889e6f1c0>>, body: {"extra_specs": {"hw_rng:allowed": "True"}} {{(pid=70048) _process_stack /opt/stack/nova/nova/api/openstack/wsgi.py:518}}
Aug 28 00:20:40.113306 np0000032602 devstack@n-api.service[70048]: INFO nova.api.openstack.requestlog [None req-783c6d9c-d207-452d-a698-2280861e0d2e admin admin] 192.168.1.113 "POST /compute/v2.1/flavors/d1/os-extra_specs" status: 200 len: 43 microversion: 2.61 time: 0.019424
Aug 28 00:20:40.113547 np0000032602 devstack@n-api.service[70048]: [pid: 70048|app: 0|req: 5/9] 192.168.1.113 () {72 vars in 1472 bytes} [Thu Aug 28 00:20:40 2025] POST /compute/v2.1/flavors/d1/os-extra_specs => generated 43 bytes in 20 msecs (HTTP/1.1 200) 9 headers in 358 bytes (1 switches on core 0)
Aug 28 00:20:40.206711 np0000032602 devstack@n-api.service[70049]: DEBUG nova.api.openstack.wsgi [None req-aa044b77-5762-498b-be97-db9ac560c102 admin admin] Calling method '<bound method VersionsV2.index of <nova.api.openstack.compute.versions.VersionsV2 object at 0x7f288a595750>>' {{(pid=70049) _process_stack /opt/stack/nova/nova/api/openstack/wsgi.py:520}}
Aug 28 00:20:40.208278 np0000032602 devstack@n-api.service[70049]: INFO nova.api.openstack.requestlog [None req-aa044b77-5762-498b-be97-db9ac560c102 admin admin] 192.168.1.113 "GET /compute/v2.1" status: 200 len: 391 microversion: 2.1 time: 0.001742
Aug 28 00:20:40.208453 np0000032602 devstack@n-api.service[70049]: [pid: 70049|app: 0|req: 5/10] 192.168.1.113 () {62 vars in 1067 bytes} [Thu Aug 28 00:20:40 2025] GET /compute/v2.1 => generated 391 bytes in 2 msecs (HTTP/1.1 200) 9 headers in 357 bytes (1 switches on core 0)
Aug 28 00:20:40.232572 np0000032602 devstack@n-api.service[70048]: DEBUG nova.api.openstack.wsgi [None req-d460e079-daca-4734-8f70-b43249546b43 admin admin] Action: 'create', calling method: <bound method FlavorsController.create of <nova.api.openstack.compute.flavors.FlavorsController object at 0x7f2889e6df00>>, body: {"flavor": {"OS-FLV-EXT-DATA:ephemeral": 0, "id": "d2", "name": "ds1G", "disk": 10, "vcpus": 1, "swap": 0, "ram": 1024, "os-flavor-access:is_public": true, "rxtx_factor": 1.0}} {{(pid=70048) _process_stack /opt/stack/nova/nova/api/openstack/wsgi.py:518}}
Aug 28 00:20:40.242178 np0000032602 devstack@n-api.service[70048]: INFO nova.api.openstack.requestlog [None req-d460e079-daca-4734-8f70-b43249546b43 admin admin] 192.168.1.113 "POST /compute/v2.1/flavors" status: 200 len: 410 microversion: 2.61 time: 0.028450
Aug 28 00:20:40.242535 np0000032602 devstack@n-api.service[70048]: [pid: 70048|app: 0|req: 6/11] 192.168.1.113 () {72 vars in 1419 bytes} [Thu Aug 28 00:20:40 2025] POST /compute/v2.1/flavors => generated 410 bytes in 29 msecs (HTTP/1.1 200) 9 headers in 359 bytes (1 switches on core 0)
Aug 28 00:20:40.250559 np0000032602 devstack@n-api.service[70049]: DEBUG nova.api.openstack.wsgi [None req-b39e2580-6dfe-4141-ad24-830826cee79a admin admin] Action: 'create', calling method: <bound method FlavorExtraSpecsController.create of <nova.api.openstack.compute.flavors_extraspecs.FlavorExtraSpecsController object at 0x7f2889e6f3a0>>, body: {"extra_specs": {"hw_rng:allowed": "True"}} {{(pid=70049) _process_stack /opt/stack/nova/nova/api/openstack/wsgi.py:518}}
Aug 28 00:20:40.262539 np0000032602 devstack@n-api.service[70049]: INFO nova.api.openstack.requestlog [None req-b39e2580-6dfe-4141-ad24-830826cee79a admin admin] 192.168.1.113 "POST /compute/v2.1/flavors/d2/os-extra_specs" status: 200 len: 43 microversion: 2.61 time: 0.013654
Aug 28 00:20:40.262762 np0000032602 devstack@n-api.service[70049]: [pid: 70049|app: 0|req: 6/12] 192.168.1.113 () {72 vars in 1472 bytes} [Thu Aug 28 00:20:40 2025] POST /compute/v2.1/flavors/d2/os-extra_specs => generated 43 bytes in 14 msecs (HTTP/1.1 200) 9 headers in 358 bytes (1 switches on core 0)
Aug 28 00:20:40.352235 np0000032602 devstack@n-api.service[70048]: DEBUG nova.api.openstack.wsgi [None req-d460e079-daca-4734-8f70-b43249546b43 admin admin] Calling method '<bound method VersionsV2.index of <nova.api.openstack.compute.versions.VersionsV2 object at 0x7f288a457430>>' {{(pid=70048) _process_stack /opt/stack/nova/nova/api/openstack/wsgi.py:520}}
Aug 28 00:20:40.353830 np0000032602 devstack@n-api.service[70048]: INFO nova.api.openstack.requestlog [None req-d460e079-daca-4734-8f70-b43249546b43 admin admin] 192.168.1.113 "GET /compute/v2.1" status: 200 len: 391 microversion: 2.1 time: 0.001765
Aug 28 00:20:40.354025 np0000032602 devstack@n-api.service[70048]: [pid: 70048|app: 0|req: 7/13] 192.168.1.113 () {62 vars in 1067 bytes} [Thu Aug 28 00:20:40 2025] GET /compute/v2.1 => generated 391 bytes in 2 msecs (HTTP/1.1 200) 9 headers in 357 bytes (1 switches on core 0)
Aug 28 00:20:40.382098 np0000032602 devstack@n-api.service[70049]: DEBUG nova.api.openstack.wsgi [None req-db3f738f-b5a4-467b-9b4c-d02096b1e8f7 admin admin] Action: 'create', calling method: <bound method FlavorsController.create of <nova.api.openstack.compute.flavors.FlavorsController object at 0x7f2889e6dd80>>, body: {"flavor": {"OS-FLV-EXT-DATA:ephemeral": 0, "id": "d3", "name": "ds2G", "disk": 10, "vcpus": 2, "swap": 0, "ram": 2048, "os-flavor-access:is_public": true, "rxtx_factor": 1.0}} {{(pid=70049) _process_stack /opt/stack/nova/nova/api/openstack/wsgi.py:518}}
Aug 28 00:20:40.391997 np0000032602 devstack@n-api.service[70049]: INFO nova.api.openstack.requestlog [None req-db3f738f-b5a4-467b-9b4c-d02096b1e8f7 admin admin] 192.168.1.113 "POST /compute/v2.1/flavors" status: 200 len: 410 microversion: 2.61 time: 0.032519
Aug 28 00:20:40.392228 np0000032602 devstack@n-api.service[70049]: [pid: 70049|app: 0|req: 7/14] 192.168.1.113 () {72 vars in 1419 bytes} [Thu Aug 28 00:20:40 2025] POST /compute/v2.1/flavors => generated 410 bytes in 33 msecs (HTTP/1.1 200) 9 headers in 359 bytes (1 switches on core 0)
Aug 28 00:20:40.401133 np0000032602 devstack@n-api.service[70048]: DEBUG nova.api.openstack.wsgi [None req-8f4e6565-76dd-4716-98d8-75245f58f985 admin admin] Action: 'create', calling method: <bound method FlavorExtraSpecsController.create of <nova.api.openstack.compute.flavors_extraspecs.FlavorExtraSpecsController object at 0x7f2889e6f1c0>>, body: {"extra_specs": {"hw_rng:allowed": "True"}} {{(pid=70048) _process_stack /opt/stack/nova/nova/api/openstack/wsgi.py:518}}
Aug 28 00:20:40.415108 np0000032602 devstack@n-api.service[70048]: INFO nova.api.openstack.requestlog [None req-8f4e6565-76dd-4716-98d8-75245f58f985 admin admin] 192.168.1.113 "POST /compute/v2.1/flavors/d3/os-extra_specs" status: 200 len: 43 microversion: 2.61 time: 0.015625
Aug 28 00:20:40.415361 np0000032602 devstack@n-api.service[70048]: [pid: 70048|app: 0|req: 8/15] 192.168.1.113 () {72 vars in 1472 bytes} [Thu Aug 28 00:20:40 2025] POST /compute/v2.1/flavors/d3/os-extra_specs => generated 43 bytes in 16 msecs (HTTP/1.1 200) 9 headers in 358 bytes (1 switches on core 0)
Aug 28 00:20:40.514092 np0000032602 devstack@n-api.service[70049]: DEBUG nova.api.openstack.wsgi [None req-db3f738f-b5a4-467b-9b4c-d02096b1e8f7 admin admin] Calling method '<bound method VersionsV2.index of <nova.api.openstack.compute.versions.VersionsV2 object at 0x7f288a595750>>' {{(pid=70049) _process_stack /opt/stack/nova/nova/api/openstack/wsgi.py:520}}
Aug 28 00:20:40.514092 np0000032602 devstack@n-api.service[70049]: INFO nova.api.openstack.requestlog [None req-db3f738f-b5a4-467b-9b4c-d02096b1e8f7 admin admin] 192.168.1.113 "GET /compute/v2.1" status: 200 len: 391 microversion: 2.1 time: 0.001728
Aug 28 00:20:40.514092 np0000032602 devstack@n-api.service[70049]: [pid: 70049|app: 0|req: 8/16] 192.168.1.113 () {62 vars in 1067 bytes} [Thu Aug 28 00:20:40 2025] GET /compute/v2.1 => generated 391 bytes in 2 msecs (HTTP/1.1 200) 9 headers in 357 bytes (1 switches on core 0)
Aug 28 00:20:40.538878 np0000032602 devstack@n-api.service[70048]: DEBUG nova.api.openstack.wsgi [None req-e9b8732a-1287-4b39-9381-071610351bc0 admin admin] Action: 'create', calling method: <bound method FlavorsController.create of <nova.api.openstack.compute.flavors.FlavorsController object at 0x7f2889e6df00>>, body: {"flavor": {"OS-FLV-EXT-DATA:ephemeral": 0, "id": "d4", "name": "ds4G", "disk": 20, "vcpus": 4, "swap": 0, "ram": 4096, "os-flavor-access:is_public": true, "rxtx_factor": 1.0}} {{(pid=70048) _process_stack /opt/stack/nova/nova/api/openstack/wsgi.py:518}}
Aug 28 00:20:40.549933 np0000032602 devstack@n-api.service[70048]: INFO nova.api.openstack.requestlog [None req-e9b8732a-1287-4b39-9381-071610351bc0 admin admin] 192.168.1.113 "POST /compute/v2.1/flavors" status: 200 len: 410 microversion: 2.61 time: 0.030249
Aug 28 00:20:40.550195 np0000032602 devstack@n-api.service[70048]: [pid: 70048|app: 0|req: 9/17] 192.168.1.113 () {72 vars in 1419 bytes} [Thu Aug 28 00:20:40 2025] POST /compute/v2.1/flavors => generated 410 bytes in 31 msecs (HTTP/1.1 200) 9 headers in 359 bytes (1 switches on core 0)
Aug 28 00:20:40.563280 np0000032602 devstack@n-api.service[70049]: DEBUG nova.api.openstack.wsgi [None req-aa88bf6c-9c96-4192-8393-7890853b1cf3 admin admin] Action: 'create', calling method: <bound method FlavorExtraSpecsController.create of <nova.api.openstack.compute.flavors_extraspecs.FlavorExtraSpecsController object at 0x7f2889e6f3a0>>, body: {"extra_specs": {"hw_rng:allowed": "True"}} {{(pid=70049) _process_stack /opt/stack/nova/nova/api/openstack/wsgi.py:518}}
Aug 28 00:20:40.573319 np0000032602 devstack@n-api.service[70049]: INFO nova.api.openstack.requestlog [None req-aa88bf6c-9c96-4192-8393-7890853b1cf3 admin admin] 192.168.1.113 "POST /compute/v2.1/flavors/d4/os-extra_specs" status: 200 len: 43 microversion: 2.61 time: 0.015114
Aug 28 00:20:40.573917 np0000032602 devstack@n-api.service[70049]: [pid: 70049|app: 0|req: 9/18] 192.168.1.113 () {72 vars in 1472 bytes} [Thu Aug 28 00:20:40 2025] POST /compute/v2.1/flavors/d4/os-extra_specs => generated 43 bytes in 16 msecs (HTTP/1.1 200) 9 headers in 358 bytes (1 switches on core 0)
Aug 28 00:20:40.662666 np0000032602 devstack@n-api.service[70048]: DEBUG nova.api.openstack.wsgi [None req-e9b8732a-1287-4b39-9381-071610351bc0 admin admin] Calling method '<bound method VersionsV2.index of <nova.api.openstack.compute.versions.VersionsV2 object at 0x7f288a457430>>' {{(pid=70048) _process_stack /opt/stack/nova/nova/api/openstack/wsgi.py:520}}
Aug 28 00:20:40.664300 np0000032602 devstack@n-api.service[70048]: INFO nova.api.openstack.requestlog [None req-e9b8732a-1287-4b39-9381-071610351bc0 admin admin] 192.168.1.113 "GET /compute/v2.1" status: 200 len: 391 microversion: 2.1 time: 0.001831
Aug 28 00:20:40.664487 np0000032602 devstack@n-api.service[70048]: [pid: 70048|app: 0|req: 10/19] 192.168.1.113 () {62 vars in 1067 bytes} [Thu Aug 28 00:20:40 2025] GET /compute/v2.1 => generated 391 bytes in 2 msecs (HTTP/1.1 200) 9 headers in 357 bytes (1 switches on core 0)
Aug 28 00:20:40.691193 np0000032602 devstack@n-api.service[70049]: DEBUG nova.api.openstack.wsgi [None req-27e4915a-9b52-4e37-bb40-11456fb1dbe7 admin admin] Calling method '<bound method FlavorsController.detail of <nova.api.openstack.compute.flavors.FlavorsController object at 0x7f2889e6e1d0>>' {{(pid=70049) _process_stack /opt/stack/nova/nova/api/openstack/wsgi.py:520}}
Aug 28 00:20:40.702477 np0000032602 devstack@n-api.service[70049]: INFO nova.api.openstack.requestlog [None req-27e4915a-9b52-4e37-bb40-11456fb1dbe7 admin admin] 192.168.1.113 "GET /compute/v2.1/flavors/detail?is_public=True" status: 200 len: 2136 microversion: 2.61 time: 0.032044
Aug 28 00:20:40.702866 np0000032602 devstack@n-api.service[70049]: [pid: 70049|app: 0|req: 10/20] 192.168.1.113 () {68 vars in 1428 bytes} [Thu Aug 28 00:20:40 2025] GET /compute/v2.1/flavors/detail?is_public=True => generated 2136 bytes in 33 msecs (HTTP/1.1 200) 9 headers in 360 bytes (1 switches on core 0)
Aug 28 00:20:40.792136 np0000032602 devstack@n-api.service[70048]: DEBUG nova.api.openstack.wsgi [None req-e9b8732a-1287-4b39-9381-071610351bc0 admin admin] Calling method '<bound method VersionsV2.index of <nova.api.openstack.compute.versions.VersionsV2 object at 0x7f288a457430>>' {{(pid=70048) _process_stack /opt/stack/nova/nova/api/openstack/wsgi.py:520}}
Aug 28 00:20:40.793668 np0000032602 devstack@n-api.service[70048]: INFO nova.api.openstack.requestlog [None req-e9b8732a-1287-4b39-9381-071610351bc0 admin admin] 192.168.1.113 "GET /compute/v2.1" status: 200 len: 391 microversion: 2.1 time: 0.001743
Aug 28 00:20:40.793848 np0000032602 devstack@n-api.service[70048]: [pid: 70048|app: 0|req: 11/21] 192.168.1.113 () {62 vars in 1067 bytes} [Thu Aug 28 00:20:40 2025] GET /compute/v2.1 => generated 391 bytes in 2 msecs (HTTP/1.1 200) 9 headers in 357 bytes (1 switches on core 0)
Aug 28 00:20:40.818521 np0000032602 devstack@n-api.service[70049]: DEBUG nova.api.openstack.wsgi [None req-46583c93-3787-43df-a026-e2149bed39e9 admin admin] Action: 'create', calling method: <bound method FlavorsController.create of <nova.api.openstack.compute.flavors.FlavorsController object at 0x7f2889e6dd80>>, body: {"flavor": {"OS-FLV-EXT-DATA:ephemeral": 0, "id": "1", "name": "m1.tiny", "disk": 1, "vcpus": 1, "swap": 0, "ram": 512, "os-flavor-access:is_public": true, "rxtx_factor": 1.0}} {{(pid=70049) _process_stack /opt/stack/nova/nova/api/openstack/wsgi.py:518}}
Aug 28 00:20:40.828355 np0000032602 devstack@n-api.service[70049]: INFO nova.api.openstack.requestlog [None req-46583c93-3787-43df-a026-e2149bed39e9 admin admin] 192.168.1.113 "POST /compute/v2.1/flavors" status: 200 len: 408 microversion: 2.61 time: 0.028999
Aug 28 00:20:40.828704 np0000032602 devstack@n-api.service[70049]: [pid: 70049|app: 0|req: 11/22] 192.168.1.113 () {72 vars in 1419 bytes} [Thu Aug 28 00:20:40 2025] POST /compute/v2.1/flavors => generated 408 bytes in 29 msecs (HTTP/1.1 200) 9 headers in 359 bytes (1 switches on core 0)
Aug 28 00:20:40.836963 np0000032602 devstack@n-api.service[70048]: DEBUG nova.api.openstack.wsgi [None req-96742ce7-72a4-4f30-9fd6-2028179bd31b admin admin] Action: 'create', calling method: <bound method FlavorExtraSpecsController.create of <nova.api.openstack.compute.flavors_extraspecs.FlavorExtraSpecsController object at 0x7f2889e6f1c0>>, body: {"extra_specs": {"hw_rng:allowed": "True"}} {{(pid=70048) _process_stack /opt/stack/nova/nova/api/openstack/wsgi.py:518}}
Aug 28 00:20:40.849239 np0000032602 devstack@n-api.service[70048]: INFO nova.api.openstack.requestlog [None req-96742ce7-72a4-4f30-9fd6-2028179bd31b admin admin] 192.168.1.113 "POST /compute/v2.1/flavors/1/os-extra_specs" status: 200 len: 43 microversion: 2.61 time: 0.014015
Aug 28 00:20:40.849533 np0000032602 devstack@n-api.service[70048]: [pid: 70048|app: 0|req: 12/23] 192.168.1.113 () {72 vars in 1469 bytes} [Thu Aug 28 00:20:40 2025] POST /compute/v2.1/flavors/1/os-extra_specs => generated 43 bytes in 14 msecs (HTTP/1.1 200) 9 headers in 358 bytes (1 switches on core 0)
Aug 28 00:20:40.936981 np0000032602 devstack@n-api.service[70049]: DEBUG nova.api.openstack.wsgi [None req-46583c93-3787-43df-a026-e2149bed39e9 admin admin] Calling method '<bound method VersionsV2.index of <nova.api.openstack.compute.versions.VersionsV2 object at 0x7f288a595750>>' {{(pid=70049) _process_stack /opt/stack/nova/nova/api/openstack/wsgi.py:520}}
Aug 28 00:20:40.938596 np0000032602 devstack@n-api.service[70049]: INFO nova.api.openstack.requestlog [None req-46583c93-3787-43df-a026-e2149bed39e9 admin admin] 192.168.1.113 "GET /compute/v2.1" status: 200 len: 391 microversion: 2.1 time: 0.001844
Aug 28 00:20:40.938854 np0000032602 devstack@n-api.service[70049]: [pid: 70049|app: 0|req: 12/24] 192.168.1.113 () {62 vars in 1067 bytes} [Thu Aug 28 00:20:40 2025] GET /compute/v2.1 => generated 391 bytes in 2 msecs (HTTP/1.1 200) 9 headers in 357 bytes (1 switches on core 0)
Aug 28 00:20:40.963248 np0000032602 devstack@n-api.service[70048]: DEBUG nova.api.openstack.wsgi [None req-1b5c1928-cd6d-4ddd-b8f8-6f898014f965 admin admin] Action: 'create', calling method: <bound method FlavorsController.create of <nova.api.openstack.compute.flavors.FlavorsController object at 0x7f2889e6df00>>, body: {"flavor": {"OS-FLV-EXT-DATA:ephemeral": 0, "id": "2", "name": "m1.small", "disk": 20, "vcpus": 1, "swap": 0, "ram": 2048, "os-flavor-access:is_public": true, "rxtx_factor": 1.0}} {{(pid=70048) _process_stack /opt/stack/nova/nova/api/openstack/wsgi.py:518}}
Aug 28 00:20:40.973080 np0000032602 devstack@n-api.service[70048]: INFO nova.api.openstack.requestlog [None req-1b5c1928-cd6d-4ddd-b8f8-6f898014f965 admin admin] 192.168.1.113 "POST /compute/v2.1/flavors" status: 200 len: 411 microversion: 2.61 time: 0.028707
Aug 28 00:20:40.973314 np0000032602 devstack@n-api.service[70048]: [pid: 70048|app: 0|req: 13/25] 192.168.1.113 () {72 vars in 1419 bytes} [Thu Aug 28 00:20:40 2025] POST /compute/v2.1/flavors => generated 411 bytes in 29 msecs (HTTP/1.1 200) 9 headers in 359 bytes (1 switches on core 0)
Aug 28 00:20:40.982227 np0000032602 devstack@n-api.service[70049]: DEBUG nova.api.openstack.wsgi [None req-290ff317-40dd-4650-b8e2-c9d01fce4993 admin admin] Action: 'create', calling method: <bound method FlavorExtraSpecsController.create of <nova.api.openstack.compute.flavors_extraspecs.FlavorExtraSpecsController object at 0x7f2889e6f3a0>>, body: {"extra_specs": {"hw_rng:allowed": "True"}} {{(pid=70049) _process_stack /opt/stack/nova/nova/api/openstack/wsgi.py:518}}
Aug 28 00:20:40.994429 np0000032602 devstack@n-api.service[70049]: INFO nova.api.openstack.requestlog [None req-290ff317-40dd-4650-b8e2-c9d01fce4993 admin admin] 192.168.1.113 "POST /compute/v2.1/flavors/2/os-extra_specs" status: 200 len: 43 microversion: 2.61 time: 0.013885
Aug 28 00:20:40.994780 np0000032602 devstack@n-api.service[70049]: [pid: 70049|app: 0|req: 13/26] 192.168.1.113 () {72 vars in 1469 bytes} [Thu Aug 28 00:20:40 2025] POST /compute/v2.1/flavors/2/os-extra_specs => generated 43 bytes in 14 msecs (HTTP/1.1 200) 9 headers in 358 bytes (1 switches on core 0)
Aug 28 00:20:41.096953 np0000032602 devstack@n-api.service[70048]: DEBUG nova.api.openstack.wsgi [None req-1b5c1928-cd6d-4ddd-b8f8-6f898014f965 admin admin] Calling method '<bound method VersionsV2.index of <nova.api.openstack.compute.versions.VersionsV2 object at 0x7f288a457430>>' {{(pid=70048) _process_stack /opt/stack/nova/nova/api/openstack/wsgi.py:520}}
Aug 28 00:20:41.098558 np0000032602 devstack@n-api.service[70048]: INFO nova.api.openstack.requestlog [None req-1b5c1928-cd6d-4ddd-b8f8-6f898014f965 admin admin] 192.168.1.113 "GET /compute/v2.1" status: 200 len: 391 microversion: 2.1 time: 0.001807
Aug 28 00:20:41.098865 np0000032602 devstack@n-api.service[70048]: [pid: 70048|app: 0|req: 14/27] 192.168.1.113 () {62 vars in 1067 bytes} [Thu Aug 28 00:20:41 2025] GET /compute/v2.1 => generated 391 bytes in 2 msecs (HTTP/1.1 200) 9 headers in 357 bytes (1 switches on core 0)
Aug 28 00:20:41.136696 np0000032602 devstack@n-api.service[70049]: DEBUG nova.api.openstack.wsgi [None req-f391e25a-586e-4611-84eb-b2fbe458f64b admin admin] Action: 'create', calling method: <bound method FlavorsController.create of <nova.api.openstack.compute.flavors.FlavorsController object at 0x7f2889e6dd80>>, body: {"flavor": {"OS-FLV-EXT-DATA:ephemeral": 0, "id": "3", "name": "m1.medium", "disk": 40, "vcpus": 2, "swap": 0, "ram": 4096, "os-flavor-access:is_public": true, "rxtx_factor": 1.0}} {{(pid=70049) _process_stack /opt/stack/nova/nova/api/openstack/wsgi.py:518}}
Aug 28 00:20:41.147454 np0000032602 devstack@n-api.service[70049]: INFO nova.api.openstack.requestlog [None req-f391e25a-586e-4611-84eb-b2fbe458f64b admin admin] 192.168.1.113 "POST /compute/v2.1/flavors" status: 200 len: 412 microversion: 2.61 time: 0.042259
Aug 28 00:20:41.147897 np0000032602 devstack@n-api.service[70049]: [pid: 70049|app: 0|req: 14/28] 192.168.1.113 () {72 vars in 1419 bytes} [Thu Aug 28 00:20:41 2025] POST /compute/v2.1/flavors => generated 412 bytes in 43 msecs (HTTP/1.1 200) 9 headers in 359 bytes (1 switches on core 0)
Aug 28 00:20:41.157819 np0000032602 devstack@n-api.service[70048]: DEBUG nova.api.openstack.wsgi [None req-08cdb691-3e79-4f5b-8757-3428ccfa0a91 admin admin] Action: 'create', calling method: <bound method FlavorExtraSpecsController.create of <nova.api.openstack.compute.flavors_extraspecs.FlavorExtraSpecsController object at 0x7f2889e6f1c0>>, body: {"extra_specs": {"hw_rng:allowed": "True"}} {{(pid=70048) _process_stack /opt/stack/nova/nova/api/openstack/wsgi.py:518}}
Aug 28 00:20:41.171609 np0000032602 devstack@n-api.service[70048]: INFO nova.api.openstack.requestlog [None req-08cdb691-3e79-4f5b-8757-3428ccfa0a91 admin admin] 192.168.1.113 "POST /compute/v2.1/flavors/3/os-extra_specs" status: 200 len: 43 microversion: 2.61 time: 0.015686
Aug 28 00:20:41.171881 np0000032602 devstack@n-api.service[70048]: [pid: 70048|app: 0|req: 15/29] 192.168.1.113 () {72 vars in 1469 bytes} [Thu Aug 28 00:20:41 2025] POST /compute/v2.1/flavors/3/os-extra_specs => generated 43 bytes in 16 msecs (HTTP/1.1 200) 9 headers in 358 bytes (1 switches on core 0)
Aug 28 00:20:41.268798 np0000032602 devstack@n-api.service[70049]: DEBUG nova.api.openstack.wsgi [None req-f391e25a-586e-4611-84eb-b2fbe458f64b admin admin] Calling method '<bound method VersionsV2.index of <nova.api.openstack.compute.versions.VersionsV2 object at 0x7f288a595750>>' {{(pid=70049) _process_stack /opt/stack/nova/nova/api/openstack/wsgi.py:520}}
Aug 28 00:20:41.268798 np0000032602 devstack@n-api.service[70049]: INFO nova.api.openstack.requestlog [None req-f391e25a-586e-4611-84eb-b2fbe458f64b admin admin] 192.168.1.113 "GET /compute/v2.1" status: 200 len: 391 microversion: 2.1 time: 0.001777
Aug 28 00:20:41.268798 np0000032602 devstack@n-api.service[70049]: [pid: 70049|app: 0|req: 15/30] 192.168.1.113 () {62 vars in 1067 bytes} [Thu Aug 28 00:20:41 2025] GET /compute/v2.1 => generated 391 bytes in 2 msecs (HTTP/1.1 200) 9 headers in 357 bytes (1 switches on core 0)
Aug 28 00:20:41.297268 np0000032602 devstack@n-api.service[70048]: DEBUG nova.api.openstack.wsgi [None req-0dc55a98-a097-4642-9d8d-8f92ce8f8f0c admin admin] Action: 'create', calling method: <bound method FlavorsController.create of <nova.api.openstack.compute.flavors.FlavorsController object at 0x7f2889e6df00>>, body: {"flavor": {"OS-FLV-EXT-DATA:ephemeral": 0, "id": "4", "name": "m1.large", "disk": 80, "vcpus": 4, "swap": 0, "ram": 8192, "os-flavor-access:is_public": true, "rxtx_factor": 1.0}} {{(pid=70048) _process_stack /opt/stack/nova/nova/api/openstack/wsgi.py:518}}
Aug 28 00:20:41.308273 np0000032602 devstack@n-api.service[70048]: INFO nova.api.openstack.requestlog [None req-0dc55a98-a097-4642-9d8d-8f92ce8f8f0c admin admin] 192.168.1.113 "POST /compute/v2.1/flavors" status: 200 len: 411 microversion: 2.61 time: 0.032805
Aug 28 00:20:41.308520 np0000032602 devstack@n-api.service[70048]: [pid: 70048|app: 0|req: 16/31] 192.168.1.113 () {72 vars in 1419 bytes} [Thu Aug 28 00:20:41 2025] POST /compute/v2.1/flavors => generated 411 bytes in 33 msecs (HTTP/1.1 200) 9 headers in 359 bytes (1 switches on core 0)
Aug 28 00:20:41.320838 np0000032602 devstack@n-api.service[70049]: DEBUG nova.api.openstack.wsgi [None req-035f614b-2b0d-4022-8646-c4d6813422ac admin admin] Action: 'create', calling method: <bound method FlavorExtraSpecsController.create of <nova.api.openstack.compute.flavors_extraspecs.FlavorExtraSpecsController object at 0x7f2889e6f3a0>>, body: {"extra_specs": {"hw_rng:allowed": "True"}} {{(pid=70049) _process_stack /opt/stack/nova/nova/api/openstack/wsgi.py:518}}
Aug 28 00:20:41.330687 np0000032602 devstack@n-api.service[70049]: INFO nova.api.openstack.requestlog [None req-035f614b-2b0d-4022-8646-c4d6813422ac admin admin] 192.168.1.113 "POST /compute/v2.1/flavors/4/os-extra_specs" status: 200 len: 43 microversion: 2.61 time: 0.014571
Aug 28 00:20:41.331108 np0000032602 devstack@n-api.service[70049]: [pid: 70049|app: 0|req: 16/32] 192.168.1.113 () {72 vars in 1469 bytes} [Thu Aug 28 00:20:41 2025] POST /compute/v2.1/flavors/4/os-extra_specs => generated 43 bytes in 15 msecs (HTTP/1.1 200) 9 headers in 358 bytes (1 switches on core 0)
Aug 28 00:20:41.432349 np0000032602 devstack@n-api.service[70048]: DEBUG nova.api.openstack.wsgi [None req-0dc55a98-a097-4642-9d8d-8f92ce8f8f0c admin admin] Calling method '<bound method VersionsV2.index of <nova.api.openstack.compute.versions.VersionsV2 object at 0x7f288a457430>>' {{(pid=70048) _process_stack /opt/stack/nova/nova/api/openstack/wsgi.py:520}}
Aug 28 00:20:41.433919 np0000032602 devstack@n-api.service[70048]: INFO nova.api.openstack.requestlog [None req-0dc55a98-a097-4642-9d8d-8f92ce8f8f0c admin admin] 192.168.1.113 "GET /compute/v2.1" status: 200 len: 391 microversion: 2.1 time: 0.001748
Aug 28 00:20:41.434096 np0000032602 devstack@n-api.service[70048]: [pid: 70048|app: 0|req: 17/33] 192.168.1.113 () {62 vars in 1067 bytes} [Thu Aug 28 00:20:41 2025] GET /compute/v2.1 => generated 391 bytes in 2 msecs (HTTP/1.1 200) 9 headers in 357 bytes (1 switches on core 0)
Aug 28 00:20:41.460745 np0000032602 devstack@n-api.service[70049]: DEBUG nova.api.openstack.wsgi [None req-98ab081d-dd98-4159-8f3c-44ac94c9fbb9 admin admin] Action: 'create', calling method: <bound method FlavorsController.create of <nova.api.openstack.compute.flavors.FlavorsController object at 0x7f2889e6dd80>>, body: {"flavor": {"OS-FLV-EXT-DATA:ephemeral": 0, "id": "5", "name": "m1.xlarge", "disk": 160, "vcpus": 8, "swap": 0, "ram": 16384, "os-flavor-access:is_public": true, "rxtx_factor": 1.0}} {{(pid=70049) _process_stack /opt/stack/nova/nova/api/openstack/wsgi.py:518}}
Aug 28 00:20:41.471398 np0000032602 devstack@n-api.service[70049]: INFO nova.api.openstack.requestlog [None req-98ab081d-dd98-4159-8f3c-44ac94c9fbb9 admin admin] 192.168.1.113 "POST /compute/v2.1/flavors" status: 200 len: 414 microversion: 2.61 time: 0.030875
Aug 28 00:20:41.472141 np0000032602 devstack@n-api.service[70049]: [pid: 70049|app: 0|req: 17/34] 192.168.1.113 () {72 vars in 1419 bytes} [Thu Aug 28 00:20:41 2025] POST /compute/v2.1/flavors => generated 414 bytes in 32 msecs (HTTP/1.1 200) 9 headers in 359 bytes (1 switches on core 0)
Aug 28 00:20:41.481704 np0000032602 devstack@n-api.service[70048]: DEBUG nova.api.openstack.wsgi [None req-e71064fa-c5c1-4079-9cf6-5af4af821cd2 admin admin] Action: 'create', calling method: <bound method FlavorExtraSpecsController.create of <nova.api.openstack.compute.flavors_extraspecs.FlavorExtraSpecsController object at 0x7f2889e6f1c0>>, body: {"extra_specs": {"hw_rng:allowed": "True"}} {{(pid=70048) _process_stack /opt/stack/nova/nova/api/openstack/wsgi.py:518}}
Aug 28 00:20:41.494978 np0000032602 devstack@n-api.service[70048]: INFO nova.api.openstack.requestlog [None req-e71064fa-c5c1-4079-9cf6-5af4af821cd2 admin admin] 192.168.1.113 "POST /compute/v2.1/flavors/5/os-extra_specs" status: 200 len: 43 microversion: 2.61 time: 0.015065
Aug 28 00:20:41.495496 np0000032602 devstack@n-api.service[70048]: [pid: 70048|app: 0|req: 18/35] 192.168.1.113 () {72 vars in 1469 bytes} [Thu Aug 28 00:20:41 2025] POST /compute/v2.1/flavors/5/os-extra_specs => generated 43 bytes in 16 msecs (HTTP/1.1 200) 9 headers in 358 bytes (1 switches on core 0)
Aug 28 00:20:45.781884 np0000032602 devstack@n-api.service[70049]: DEBUG nova.api.openstack.wsgi [None req-98ab081d-dd98-4159-8f3c-44ac94c9fbb9 admin admin] Calling method '<bound method VersionsV2.index of <nova.api.openstack.compute.versions.VersionsV2 object at 0x7f288a595750>>' {{(pid=70049) _process_stack /opt/stack/nova/nova/api/openstack/wsgi.py:520}}
Aug 28 00:20:45.781884 np0000032602 devstack@n-api.service[70049]: INFO nova.api.openstack.requestlog [None req-98ab081d-dd98-4159-8f3c-44ac94c9fbb9 admin admin] 192.168.1.113 "GET /compute/v2.1" status: 200 len: 391 microversion: 2.1 time: 0.001808
Aug 28 00:20:45.781884 np0000032602 devstack@n-api.service[70049]: [pid: 70049|app: 0|req: 18/36] 192.168.1.113 () {62 vars in 1067 bytes} [Thu Aug 28 00:20:45 2025] GET /compute/v2.1 => generated 391 bytes in 2 msecs (HTTP/1.1 200) 9 headers in 357 bytes (1 switches on core 0)
Aug 28 00:20:45.806467 np0000032602 devstack@n-api.service[70048]: DEBUG nova.api.openstack.wsgi [None req-ca8d9909-bf3e-4eeb-932b-3dbe0d682c8e admin admin] Calling method '<bound method FlavorsController.detail of <nova.api.openstack.compute.flavors.FlavorsController object at 0x7f2889e6e4a0>>' {{(pid=70048) _process_stack /opt/stack/nova/nova/api/openstack/wsgi.py:520}}
Aug 28 00:20:45.814267 np0000032602 devstack@n-api.service[70048]: INFO nova.api.openstack.requestlog [None req-ca8d9909-bf3e-4eeb-932b-3dbe0d682c8e admin admin] 192.168.1.113 "GET /compute/v2.1/flavors/detail?is_public=True" status: 200 len: 4262 microversion: 2.61 time: 0.026852
Aug 28 00:20:45.814486 np0000032602 devstack@n-api.service[70048]: [pid: 70048|app: 0|req: 19/37] 192.168.1.113 () {68 vars in 1428 bytes} [Thu Aug 28 00:20:45 2025] GET /compute/v2.1/flavors/detail?is_public=True => generated 4262 bytes in 27 msecs (HTTP/1.1 200) 9 headers in 360 bytes (1 switches on core 0)
Aug 28 00:20:45.923062 np0000032602 devstack@n-api.service[70049]: DEBUG nova.api.openstack.wsgi [None req-98ab081d-dd98-4159-8f3c-44ac94c9fbb9 admin admin] Calling method '<bound method VersionsV2.index of <nova.api.openstack.compute.versions.VersionsV2 object at 0x7f288a595750>>' {{(pid=70049) _process_stack /opt/stack/nova/nova/api/openstack/wsgi.py:520}}
Aug 28 00:20:45.923657 np0000032602 devstack@n-api.service[70049]: INFO nova.api.openstack.requestlog [None req-98ab081d-dd98-4159-8f3c-44ac94c9fbb9 admin admin] 192.168.1.113 "GET /compute/v2.1" status: 200 len: 391 microversion: 2.1 time: 0.001703
Aug 28 00:20:45.923847 np0000032602 devstack@n-api.service[70049]: [pid: 70049|app: 0|req: 19/38] 192.168.1.113 () {62 vars in 1067 bytes} [Thu Aug 28 00:20:45 2025] GET /compute/v2.1 => generated 391 bytes in 2 msecs (HTTP/1.1 200) 9 headers in 357 bytes (1 switches on core 0)
Aug 28 00:20:45.948196 np0000032602 devstack@n-api.service[70048]: DEBUG nova.api.openstack.wsgi [None req-97679f50-4f64-400a-8bb9-66eec9b85af5 admin admin] Action: 'create', calling method: <bound method FlavorsController.create of <nova.api.openstack.compute.flavors.FlavorsController object at 0x7f2889e6df00>>, body: {"flavor": {"OS-FLV-EXT-DATA:ephemeral": 0, "id": "100", "name": "manila-service-flavor", "disk": 5, "vcpus": 1, "swap": 0, "ram": 1024, "os-flavor-access:is_public": true, "rxtx_factor": 1.0}} {{(pid=70048) _process_stack /opt/stack/nova/nova/api/openstack/wsgi.py:518}}
Aug 28 00:20:45.957854 np0000032602 devstack@n-api.service[70048]: INFO nova.api.openstack.requestlog [None req-97679f50-4f64-400a-8bb9-66eec9b85af5 admin admin] 192.168.1.113 "POST /compute/v2.1/flavors" status: 200 len: 429 microversion: 2.61 time: 0.028612
Aug 28 00:20:45.958087 np0000032602 devstack@n-api.service[70048]: [pid: 70048|app: 0|req: 20/39] 192.168.1.113 () {72 vars in 1419 bytes} [Thu Aug 28 00:20:45 2025] POST /compute/v2.1/flavors => generated 429 bytes in 29 msecs (HTTP/1.1 200) 9 headers in 359 bytes (1 switches on core 0)
Aug 28 00:21:17.303993 np0000032602 devstack@n-api.service[70049]: DEBUG nova.api.openstack.wsgi [None req-98ab081d-dd98-4159-8f3c-44ac94c9fbb9 admin admin] Calling method '<bound method VersionsV2.index of <nova.api.openstack.compute.versions.VersionsV2 object at 0x7f288a595750>>' {{(pid=70049) _process_stack /opt/stack/nova/nova/api/openstack/wsgi.py:520}}
Aug 28 00:21:17.305539 np0000032602 devstack@n-api.service[70049]: INFO nova.api.openstack.requestlog [None req-98ab081d-dd98-4159-8f3c-44ac94c9fbb9 admin admin] 192.168.1.113 "GET /compute/v2.1" status: 200 len: 391 microversion: 2.1 time: 0.001746
Aug 28 00:21:17.305725 np0000032602 devstack@n-api.service[70049]: [pid: 70049|app: 0|req: 20/40] 192.168.1.113 () {62 vars in 1067 bytes} [Thu Aug 28 00:21:17 2025] GET /compute/v2.1 => generated 391 bytes in 2 msecs (HTTP/1.1 200) 9 headers in 357 bytes (1 switches on core 0)
Aug 28 00:21:17.311966 np0000032602 devstack@n-api.service[70048]: DEBUG dbcounter [-] [70048] Writing DB stats nova_api:SELECT=23,nova_api:INSERT=11,nova_api:SAVEPOINT=5,nova_api:RELEASE=5 {{(pid=70048) stat_writer /opt/stack/data/venv/lib/python3.10/site-packages/dbcounter.py:115}}
Aug 28 00:21:17.331011 np0000032602 devstack@n-api.service[70048]: DEBUG nova.api.openstack.wsgi [None req-049c5008-08ee-40f3-ae98-3b4904ffecf2 admin admin] Calling method '<function Controller.__getattribute__.<locals>.version_select at 0x7f28899da170>' {{(pid=70048) _process_stack /opt/stack/nova/nova/api/openstack/wsgi.py:520}}
Aug 28 00:21:17.333006 np0000032602 devstack@n-api.service[70048]: WARNING oslo_db.sqlalchemy.utils [None req-049c5008-08ee-40f3-ae98-3b4904ffecf2 admin admin] Unique keys not in sort_keys. The sorting order may be unstable.
Aug 28 00:21:17.338930 np0000032602 devstack@n-api.service[70048]: INFO nova.api.openstack.requestlog [None req-049c5008-08ee-40f3-ae98-3b4904ffecf2 admin admin] 192.168.1.113 "GET /compute/v2.1/os-keypairs" status: 200 len: 16 microversion: 2.10 time: 0.027555
