Aug 29 10:07:18.241485 np0000032628 devstack@placement-api.service[73504]: [pid: 73504|app: 0|req: 31/61] 192.168.1.133 () {68 vars in 1495 bytes} [Fri Aug 29 10:07:18 2025] DELETE /placement/resource_providers/a36fc4f7-89fb-4bcc-84bd-54e01f6f6db9 => generated 246 bytes in 5 msecs (HTTP/1.1 404) 6 headers in 231 bytes (1 switches on core 0)
Aug 29 10:07:28.228370 np0000032628 devstack@placement-api.service[73505]: DEBUG dbcounter [-] [73505] Writing DB stats placement:SELECT=12 {{(pid=73505) stat_writer /opt/stack/data/venv/lib/python3.10/site-packages/dbcounter.py:115}}
Aug 29 10:07:28.240335 np0000032628 devstack@placement-api.service[73504]: DEBUG dbcounter [-] [73504] Writing DB stats placement:SELECT=14,placement:DELETE=2 {{(pid=73504) stat_writer /opt/stack/data/venv/lib/python3.10/site-packages/dbcounter.py:115}}
Aug 29 10:07:32.713442 np0000032628 devstack@placement-api.service[73505]: DEBUG placement.requestlog [req-1016cfcf-9389-4f32-b343-d346edc0e45c req-29791d9c-00ee-4562-b9ea-c77a2e729e77 None None] Starting request: 192.168.1.133 "GET /placement/allocation_candidates?limit=1000&resources=DISK_GB%3A5%2CMEMORY_MB%3A1024%2CVCPU%3A1&root_required=%21COMPUTE_STATUS_DISABLED" {{(pid=73505) __call__ /opt/stack/placement/placement/requestlog.py:55}}
Aug 29 10:07:32.777742 np0000032628 devstack@placement-api.service[73505]: DEBUG placement.objects.research_context [req-1016cfcf-9389-4f32-b343-d346edc0e45c req-29791d9c-00ee-4562-b9ea-c77a2e729e77 service nova] getting providers with 5 DISK_GB {{(pid=73505) __init__ /opt/stack/placement/placement/objects/research_context.py:137}}
Aug 29 10:07:32.780801 np0000032628 devstack@placement-api.service[73505]: DEBUG placement.objects.research_context [req-1016cfcf-9389-4f32-b343-d346edc0e45c req-29791d9c-00ee-4562-b9ea-c77a2e729e77 service nova] getting providers with 1024 MEMORY_MB {{(pid=73505) __init__ /opt/stack/placement/placement/objects/research_context.py:137}}
Aug 29 10:07:32.783106 np0000032628 devstack@placement-api.service[73505]: DEBUG placement.objects.research_context [req-1016cfcf-9389-4f32-b343-d346edc0e45c req-29791d9c-00ee-4562-b9ea-c77a2e729e77 service nova] getting providers with 1 VCPU {{(pid=73505) __init__ /opt/stack/placement/placement/objects/research_context.py:137}}
Aug 29 10:07:32.785374 np0000032628 devstack@placement-api.service[73505]: DEBUG placement.objects.research_context [req-1016cfcf-9389-4f32-b343-d346edc0e45c req-29791d9c-00ee-4562-b9ea-c77a2e729e77 service nova] found 1 providers with available 5 DISK_GB {{(pid=73505) get_provider_ids_matching /opt/stack/placement/placement/objects/research_context.py:569}}
Aug 29 10:07:32.785465 np0000032628 devstack@placement-api.service[73505]: DEBUG placement.objects.research_context [req-1016cfcf-9389-4f32-b343-d346edc0e45c req-29791d9c-00ee-4562-b9ea-c77a2e729e77 service nova] found 1 providers with available 1024 MEMORY_MB {{(pid=73505) get_provider_ids_matching /opt/stack/placement/placement/objects/research_context.py:569}}
Aug 29 10:07:32.785648 np0000032628 devstack@placement-api.service[73505]: DEBUG placement.objects.research_context [req-1016cfcf-9389-4f32-b343-d346edc0e45c req-29791d9c-00ee-4562-b9ea-c77a2e729e77 service nova] found 1 providers after filtering by previous result {{(pid=73505) get_provider_ids_matching /opt/stack/placement/placement/objects/research_context.py:600}}
Aug 29 10:07:32.785725 np0000032628 devstack@placement-api.service[73505]: DEBUG placement.objects.research_context [req-1016cfcf-9389-4f32-b343-d346edc0e45c req-29791d9c-00ee-4562-b9ea-c77a2e729e77 service nova] found 1 providers with available 1 VCPU {{(pid=73505) get_provider_ids_matching /opt/stack/placement/placement/objects/research_context.py:569}}
Aug 29 10:07:32.785796 np0000032628 devstack@placement-api.service[73505]: DEBUG placement.objects.research_context [req-1016cfcf-9389-4f32-b343-d346edc0e45c req-29791d9c-00ee-4562-b9ea-c77a2e729e77 service nova] found 1 providers after filtering by previous result {{(pid=73505) get_provider_ids_matching /opt/stack/placement/placement/objects/research_context.py:600}}
Aug 29 10:07:32.791849 np0000032628 devstack@placement-api.service[73505]: DEBUG placement.objects.allocation_candidate [req-1016cfcf-9389-4f32-b343-d346edc0e45c req-29791d9c-00ee-4562-b9ea-c77a2e729e77 service nova] RequestGroup(use_same_provider=False, resources={DISK_GB:5, MEMORY_MB:1024, VCPU:1}, traits=(), aggregates=[]) (suffix '') returned 1 matches {{(pid=73505) _get_by_requests /opt/stack/placement/placement/objects/allocation_candidate.py:157}}
Aug 29 10:07:32.792091 np0000032628 devstack@placement-api.service[73505]: DEBUG placement.objects.allocation_candidate [req-1016cfcf-9389-4f32-b343-d346edc0e45c req-29791d9c-00ee-4562-b9ea-c77a2e729e77 service nova] Merging candidates yields 1 allocation requests and 1 provider summaries {{(pid=73505) _merge_candidates /opt/stack/placement/placement/objects/allocation_candidate.py:841}}
Aug 29 10:07:32.792909 np0000032628 devstack@placement-api.service[73505]: INFO placement.requestlog [req-1016cfcf-9389-4f32-b343-d346edc0e45c req-29791d9c-00ee-4562-b9ea-c77a2e729e77 service nova] 192.168.1.133 "GET /placement/allocation_candidates?limit=1000&resources=DISK_GB%3A5%2CMEMORY_MB%3A1024%2CVCPU%3A1&root_required=%21COMPUTE_STATUS_DISABLED" status: 200 len: 2086 microversion: 1.36
Aug 29 10:07:32.793082 np0000032628 devstack@placement-api.service[73505]: [pid: 73505|app: 0|req: 31/62] 192.168.1.133 () {68 vars in 1650 bytes} [Fri Aug 29 10:07:32 2025] GET /placement/allocation_candidates?limit=1000&resources=DISK_GB%3A5%2CMEMORY_MB%3A1024%2CVCPU%3A1&root_required=%21COMPUTE_STATUS_DISABLED => generated 2086 bytes in 80 msecs (HTTP/1.1 200) 8 headers in 297 bytes (1 switches on core 0)
Aug 29 10:07:32.837243 np0000032628 devstack@placement-api.service[73504]: DEBUG placement.requestlog [req-1016cfcf-9389-4f32-b343-d346edc0e45c req-4f5dee81-0dd7-47be-8432-ba3aedb4472e None None] Starting request: 192.168.1.133 "GET /placement/allocations/46c04b5d-12bf-41cf-9fc1-98ce5c30506b" {{(pid=73504) __call__ /opt/stack/placement/placement/requestlog.py:55}}
Aug 29 10:07:32.842234 np0000032628 devstack@placement-api.service[73504]: INFO placement.requestlog [req-1016cfcf-9389-4f32-b343-d346edc0e45c req-4f5dee81-0dd7-47be-8432-ba3aedb4472e service nova] 192.168.1.133 "GET /placement/allocations/46c04b5d-12bf-41cf-9fc1-98ce5c30506b" status: 200 len: 19 microversion: 1.28
Aug 29 10:07:32.842496 np0000032628 devstack@placement-api.service[73504]: [pid: 73504|app: 0|req: 32/63] 192.168.1.133 () {68 vars in 1524 bytes} [Fri Aug 29 10:07:32 2025] GET /placement/allocations/46c04b5d-12bf-41cf-9fc1-98ce5c30506b => generated 19 bytes in 5 msecs (HTTP/1.1 200) 8 headers in 295 bytes (1 switches on core 0)
Aug 29 10:07:32.847378 np0000032628 devstack@placement-api.service[73505]: DEBUG placement.requestlog [req-1016cfcf-9389-4f32-b343-d346edc0e45c req-d4b5499e-69e0-483b-85df-617c2110ec03 None None] Starting request: 192.168.1.133 "PUT /placement/allocations/46c04b5d-12bf-41cf-9fc1-98ce5c30506b" {{(pid=73505) __call__ /opt/stack/placement/placement/requestlog.py:55}}
Aug 29 10:07:32.890104 np0000032628 devstack@placement-api.service[73505]: DEBUG placement.handlers.allocation [req-1016cfcf-9389-4f32-b343-d346edc0e45c req-d4b5499e-69e0-483b-85df-617c2110ec03 service nova] Successfully wrote allocations [<placement.objects.allocation.Allocation object at 0x7f3fdf8fa710>, <placement.objects.allocation.Allocation object at 0x7f3fdf8fa260>, <placement.objects.allocation.Allocation object at 0x7f3fdf094b20>] {{(pid=73505) _update_consumers_and_create_allocations /opt/stack/placement/placement/handlers/allocation.py:462}}
Aug 29 10:07:32.892546 np0000032628 devstack@placement-api.service[73505]: INFO placement.requestlog [req-1016cfcf-9389-4f32-b343-d346edc0e45c req-d4b5499e-69e0-483b-85df-617c2110ec03 service nova] 192.168.1.133 "PUT /placement/allocations/46c04b5d-12bf-41cf-9fc1-98ce5c30506b" status: 204 len: 0 microversion: 1.36
Aug 29 10:07:32.892808 np0000032628 devstack@placement-api.service[73505]: [pid: 73505|app: 0|req: 32/64] 192.168.1.133 () {72 vars in 1577 bytes} [Fri Aug 29 10:07:32 2025] PUT /placement/allocations/46c04b5d-12bf-41cf-9fc1-98ce5c30506b => generated 0 bytes in 45 msecs (HTTP/1.1 204) 5 headers in 199 bytes (1 switches on core 0)
Aug 29 10:07:34.353788 np0000032628 devstack@placement-api.service[73504]: DEBUG placement.requestlog [req-1016cfcf-9389-4f32-b343-d346edc0e45c req-bd1d79f0-a661-4d6f-9916-cec42ff5a384 None None] Starting request: 192.168.1.133 "GET /placement/allocations/46c04b5d-12bf-41cf-9fc1-98ce5c30506b" {{(pid=73504) __call__ /opt/stack/placement/placement/requestlog.py:55}}
Aug 29 10:07:34.360551 np0000032628 devstack@placement-api.service[73504]: INFO placement.requestlog [req-1016cfcf-9389-4f32-b343-d346edc0e45c req-bd1d79f0-a661-4d6f-9916-cec42ff5a384 service nova] 192.168.1.133 "GET /placement/allocations/46c04b5d-12bf-41cf-9fc1-98ce5c30506b" status: 200 len: 258 microversion: 1.28
Aug 29 10:07:34.360717 np0000032628 devstack@placement-api.service[73504]: [pid: 73504|app: 0|req: 33/65] 192.168.1.133 () {68 vars in 1522 bytes} [Fri Aug 29 10:07:34 2025] GET /placement/allocations/46c04b5d-12bf-41cf-9fc1-98ce5c30506b => generated 258 bytes in 7 msecs (HTTP/1.1 200) 8 headers in 296 bytes (1 switches on core 0)
Aug 29 10:07:35.375926 np0000032628 devstack@placement-api.service[73505]: DEBUG placement.requestlog [req-1016cfcf-9389-4f32-b343-d346edc0e45c req-f8f5b6bd-75ed-4d55-8154-39cd1f9b5c72 None None] Starting request: 192.168.1.133 "GET /placement/resource_providers/c47cfdad-9e11-4679-a038-a77af7e732f5/allocations" {{(pid=73505) __call__ /opt/stack/placement/placement/requestlog.py:55}}
Aug 29 10:07:35.383573 np0000032628 devstack@placement-api.service[73505]: INFO placement.requestlog [req-1016cfcf-9389-4f32-b343-d346edc0e45c req-f8f5b6bd-75ed-4d55-8154-39cd1f9b5c72 service nova] 192.168.1.133 "GET /placement/resource_providers/c47cfdad-9e11-4679-a038-a77af7e732f5/allocations" status: 200 len: 153 microversion: 1.0
Aug 29 10:07:35.383732 np0000032628 devstack@placement-api.service[73505]: [pid: 73505|app: 0|req: 33/66] 192.168.1.133 () {66 vars in 1535 bytes} [Fri Aug 29 10:07:35 2025] GET /placement/resource_providers/c47cfdad-9e11-4679-a038-a77af7e732f5/allocations => generated 153 bytes in 8 msecs (HTTP/1.1 200) 6 headers in 224 bytes (1 switches on core 0)
Aug 29 10:07:35.388708 np0000032628 devstack@placement-api.service[73504]: DEBUG placement.requestlog [req-1016cfcf-9389-4f32-b343-d346edc0e45c req-2943b778-1ef2-45c3-b87e-4aa734fd8663 None None] Starting request: 192.168.1.133 "GET /placement/allocations/46c04b5d-12bf-41cf-9fc1-98ce5c30506b" {{(pid=73504) __call__ /opt/stack/placement/placement/requestlog.py:55}}
Aug 29 10:07:35.394490 np0000032628 devstack@placement-api.service[73504]: INFO placement.requestlog [req-1016cfcf-9389-4f32-b343-d346edc0e45c req-2943b778-1ef2-45c3-b87e-4aa734fd8663 service nova] 192.168.1.133 "GET /placement/allocations/46c04b5d-12bf-41cf-9fc1-98ce5c30506b" status: 200 len: 258 microversion: 1.28
Aug 29 10:07:35.394765 np0000032628 devstack@placement-api.service[73504]: [pid: 73504|app: 0|req: 34/67] 192.168.1.133 () {68 vars in 1522 bytes} [Fri Aug 29 10:07:35 2025] GET /placement/allocations/46c04b5d-12bf-41cf-9fc1-98ce5c30506b => generated 258 bytes in 6 msecs (HTTP/1.1 200) 8 headers in 296 bytes (1 switches on core 0)
Aug 29 10:07:45.382945 np0000032628 devstack@placement-api.service[73505]: DEBUG dbcounter [-] [73505] Writing DB stats placement:SELECT=21,placement:INSERT=6,placement:DELETE=2,placement:UPDATE=2 {{(pid=73505) stat_writer /opt/stack/data/venv/lib/python3.10/site-packages/dbcounter.py:115}}
Aug 29 10:07:45.393748 np0000032628 devstack@placement-api.service[73504]: DEBUG dbcounter [-] [73504] Writing DB stats placement:SELECT=5 {{(pid=73504) stat_writer /opt/stack/data/venv/lib/python3.10/site-packages/dbcounter.py:115}}
Aug 29 10:08:01.827451 np0000032628 devstack@placement-api.service[73505]: DEBUG placement.requestlog [req-5db8f5cb-a5ad-4553-9e6e-af48da0a19d5 req-55b1b534-2e51-4087-968a-80ed503174e0 None None] Starting request: 192.168.1.133 "GET /placement/resource_providers/c47cfdad-9e11-4679-a038-a77af7e732f5/allocations" {{(pid=73505) __call__ /opt/stack/placement/placement/requestlog.py:55}}
Aug 29 10:08:01.835387 np0000032628 devstack@placement-api.service[73505]: INFO placement.requestlog [req-5db8f5cb-a5ad-4553-9e6e-af48da0a19d5 req-55b1b534-2e51-4087-968a-80ed503174e0 service nova] 192.168.1.133 "GET /placement/resource_providers/c47cfdad-9e11-4679-a038-a77af7e732f5/allocations" status: 200 len: 153 microversion: 1.0
Aug 29 10:08:01.835710 np0000032628 devstack@placement-api.service[73505]: [pid: 73505|app: 0|req: 34/68] 192.168.1.133 () {66 vars in 1535 bytes} [Fri Aug 29 10:08:01 2025] GET /placement/resource_providers/c47cfdad-9e11-4679-a038-a77af7e732f5/allocations => generated 153 bytes in 8 msecs (HTTP/1.1 200) 6 headers in 224 bytes (1 switches on core 0)
Aug 29 10:08:01.841931 np0000032628 devstack@placement-api.service[73504]: DEBUG placement.requestlog [req-5db8f5cb-a5ad-4553-9e6e-af48da0a19d5 req-8b0028e3-c1e7-4e1f-bd3c-ae4d2e804c6f None None] Starting request: 192.168.1.133 "GET /placement/resource_providers/c47cfdad-9e11-4679-a038-a77af7e732f5/allocations" {{(pid=73504) __call__ /opt/stack/placement/placement/requestlog.py:55}}
Aug 29 10:08:01.850042 np0000032628 devstack@placement-api.service[73504]: INFO placement.requestlog [req-5db8f5cb-a5ad-4553-9e6e-af48da0a19d5 req-8b0028e3-c1e7-4e1f-bd3c-ae4d2e804c6f service nova] 192.168.1.133 "GET /placement/resource_providers/c47cfdad-9e11-4679-a038-a77af7e732f5/allocations" status: 200 len: 153 microversion: 1.0
Aug 29 10:08:01.850219 np0000032628 devstack@placement-api.service[73504]: [pid: 73504|app: 0|req: 35/69] 192.168.1.133 () {66 vars in 1535 bytes} [Fri Aug 29 10:08:01 2025] GET /placement/resource_providers/c47cfdad-9e11-4679-a038-a77af7e732f5/allocations => generated 153 bytes in 8 msecs (HTTP/1.1 200) 6 headers in 224 bytes (1 switches on core 0)
Aug 29 10:08:01.855334 np0000032628 devstack@placement-api.service[73505]: DEBUG placement.requestlog [req-5db8f5cb-a5ad-4553-9e6e-af48da0a19d5 req-964863f7-e83e-4a5b-b9c7-eda421f6b3a2 None None] Starting request: 192.168.1.133 "GET /placement/allocations/46c04b5d-12bf-41cf-9fc1-98ce5c30506b" {{(pid=73505) __call__ /opt/stack/placement/placement/requestlog.py:55}}
Aug 29 10:08:01.862561 np0000032628 devstack@placement-api.service[73505]: INFO placement.requestlog [req-5db8f5cb-a5ad-4553-9e6e-af48da0a19d5 req-964863f7-e83e-4a5b-b9c7-eda421f6b3a2 service nova] 192.168.1.133 "GET /placement/allocations/46c04b5d-12bf-41cf-9fc1-98ce5c30506b" status: 200 len: 258 microversion: 1.28
Aug 29 10:08:01.862833 np0000032628 devstack@placement-api.service[73505]: [pid: 73505|app: 0|req: 35/70] 192.168.1.133 () {68 vars in 1522 bytes} [Fri Aug 29 10:08:01 2025] GET /placement/allocations/46c04b5d-12bf-41cf-9fc1-98ce5c30506b => generated 258 bytes in 7 msecs (HTTP/1.1 200) 8 headers in 296 bytes (1 switches on core 0)
Aug 29 10:08:11.849602 np0000032628 devstack@placement-api.service[73504]: DEBUG dbcounter [-] [73504] Writing DB stats placement:SELECT=3 {{(pid=73504) stat_writer /opt/stack/data/venv/lib/python3.10/site-packages/dbcounter.py:115}}
Aug 29 10:08:11.862274 np0000032628 devstack@placement-api.service[73505]: DEBUG dbcounter [-] [73505] Writing DB stats placement:SELECT=5 {{(pid=73505) stat_writer /opt/stack/data/venv/lib/python3.10/site-packages/dbcounter.py:115}}
Aug 29 10:09:01.313091 np0000032628 devstack@placement-api.service[73504]: DEBUG placement.requestlog [req-57ee4b3a-d6cb-4428-9700-77cec03c5c69 req-06ab2ccf-bbbb-41ac-b574-12f1df66c208 None None] Starting request: 192.168.1.133 "GET /placement/resource_providers/c47cfdad-9e11-4679-a038-a77af7e732f5/allocations" {{(pid=73504) __call__ /opt/stack/placement/placement/requestlog.py:55}}
Aug 29 10:09:01.377700 np0000032628 devstack@placement-api.service[73504]: INFO placement.requestlog [req-57ee4b3a-d6cb-4428-9700-77cec03c5c69 req-06ab2ccf-bbbb-41ac-b574-12f1df66c208 service nova] 192.168.1.133 "GET /placement/resource_providers/c47cfdad-9e11-4679-a038-a77af7e732f5/allocations" status: 200 len: 153 microversion: 1.0
Aug 29 10:09:01.378163 np0000032628 devstack@placement-api.service[73504]: [pid: 73504|app: 0|req: 36/71] 192.168.1.133 () {66 vars in 1535 bytes} [Fri Aug 29 10:09:01 2025] GET /placement/resource_providers/c47cfdad-9e11-4679-a038-a77af7e732f5/allocations => generated 153 bytes in 65 msecs (HTTP/1.1 200) 6 headers in 224 bytes (1 switches on core 0)
Aug 29 10:09:01.385105 np0000032628 devstack@placement-api.service[73505]: DEBUG placement.requestlog [req-57ee4b3a-d6cb-4428-9700-77cec03c5c69 req-d26601e0-f9ed-4b60-bfb4-635669c36eeb None None] Starting request: 192.168.1.133 "GET /placement/resource_providers?in_tree=c47cfdad-9e11-4679-a038-a77af7e732f5" {{(pid=73505) __call__ /opt/stack/placement/placement/requestlog.py:55}}
Aug 29 10:09:01.394397 np0000032628 devstack@placement-api.service[73505]: INFO placement.requestlog [req-57ee4b3a-d6cb-4428-9700-77cec03c5c69 req-d26601e0-f9ed-4b60-bfb4-635669c36eeb service nova] 192.168.1.133 "GET /placement/resource_providers?in_tree=c47cfdad-9e11-4679-a038-a77af7e732f5" status: 200 len: 861 microversion: 1.14
Aug 29 10:09:01.394694 np0000032628 devstack@placement-api.service[73505]: [pid: 73505|app: 0|req: 36/72] 192.168.1.133 () {68 vars in 1521 bytes} [Fri Aug 29 10:09:01 2025] GET /placement/resource_providers?in_tree=c47cfdad-9e11-4679-a038-a77af7e732f5 => generated 861 bytes in 10 msecs (HTTP/1.1 200) 6 headers in 225 bytes (1 switches on core 0)
Aug 29 10:09:01.399840 np0000032628 devstack@placement-api.service[73504]: DEBUG placement.requestlog [req-57ee4b3a-d6cb-4428-9700-77cec03c5c69 req-61c0c96a-339e-4622-bb07-ecd9ee286be1 None None] Starting request: 192.168.1.133 "GET /placement/resource_providers/c47cfdad-9e11-4679-a038-a77af7e732f5/inventories" {{(pid=73504) __call__ /opt/stack/placement/placement/requestlog.py:55}}
Aug 29 10:09:01.407013 np0000032628 devstack@placement-api.service[73504]: INFO placement.requestlog [req-57ee4b3a-d6cb-4428-9700-77cec03c5c69 req-61c0c96a-339e-4622-bb07-ecd9ee286be1 service nova] 192.168.1.133 "GET /placement/resource_providers/c47cfdad-9e11-4679-a038-a77af7e732f5/inventories" status: 200 len: 396 microversion: 1.0
Aug 29 10:09:01.407274 np0000032628 devstack@placement-api.service[73504]: [pid: 73504|app: 0|req: 37/73] 192.168.1.133 () {66 vars in 1535 bytes} [Fri Aug 29 10:09:01 2025] GET /placement/resource_providers/c47cfdad-9e11-4679-a038-a77af7e732f5/inventories => generated 396 bytes in 7 msecs (HTTP/1.1 200) 6 headers in 224 bytes (1 switches on core 0)
Aug 29 10:09:01.412428 np0000032628 devstack@placement-api.service[73505]: DEBUG placement.requestlog [req-57ee4b3a-d6cb-4428-9700-77cec03c5c69 req-b0135a77-bebb-49f9-8a06-7c7873ae980e None None] Starting request: 192.168.1.133 "GET /placement/resource_providers/c47cfdad-9e11-4679-a038-a77af7e732f5/aggregates" {{(pid=73505) __call__ /opt/stack/placement/placement/requestlog.py:55}}
Aug 29 10:09:01.418075 np0000032628 devstack@placement-api.service[73505]: INFO placement.requestlog [req-57ee4b3a-d6cb-4428-9700-77cec03c5c69 req-b0135a77-bebb-49f9-8a06-7c7873ae980e service nova] 192.168.1.133 "GET /placement/resource_providers/c47cfdad-9e11-4679-a038-a77af7e732f5/aggregates" status: 200 len: 53 microversion: 1.19
Aug 29 10:09:01.418582 np0000032628 devstack@placement-api.service[73505]: [pid: 73505|app: 0|req: 37/74] 192.168.1.133 () {68 vars in 1576 bytes} [Fri Aug 29 10:09:01 2025] GET /placement/resource_providers/c47cfdad-9e11-4679-a038-a77af7e732f5/aggregates => generated 53 bytes in 6 msecs (HTTP/1.1 200) 8 headers in 295 bytes (1 switches on core 0)
Aug 29 10:09:01.423081 np0000032628 devstack@placement-api.service[73504]: DEBUG placement.requestlog [req-57ee4b3a-d6cb-4428-9700-77cec03c5c69 req-51af9ff5-7e4e-4766-9a32-899828bb6683 None None] Starting request: 192.168.1.133 "GET /placement/resource_providers/c47cfdad-9e11-4679-a038-a77af7e732f5/traits" {{(pid=73504) __call__ /opt/stack/placement/placement/requestlog.py:55}}
Aug 29 10:09:01.432758 np0000032628 devstack@placement-api.service[73504]: INFO placement.requestlog [req-57ee4b3a-d6cb-4428-9700-77cec03c5c69 req-51af9ff5-7e4e-4766-9a32-899828bb6683 service nova] 192.168.1.133 "GET /placement/resource_providers/c47cfdad-9e11-4679-a038-a77af7e732f5/traits" status: 200 len: 1621 microversion: 1.6
Aug 29 10:09:01.432993 np0000032628 devstack@placement-api.service[73504]: [pid: 73504|app: 0|req: 38/75] 192.168.1.133 () {68 vars in 1563 bytes} [Fri Aug 29 10:09:01 2025] GET /placement/resource_providers/c47cfdad-9e11-4679-a038-a77af7e732f5/traits => generated 1621 bytes in 10 msecs (HTTP/1.1 200) 6 headers in 225 bytes (2 switches on core 0)
Aug 29 10:09:01.437852 np0000032628 devstack@placement-api.service[73505]: DEBUG placement.requestlog [req-57ee4b3a-d6cb-4428-9700-77cec03c5c69 req-3b38226d-fd67-4acf-b29e-13112a8e8cd1 None None] Starting request: 192.168.1.133 "GET /placement/resource_providers/c47cfdad-9e11-4679-a038-a77af7e732f5/allocations" {{(pid=73505) __call__ /opt/stack/placement/placement/requestlog.py:55}}
Aug 29 10:09:01.444890 np0000032628 devstack@placement-api.service[73505]: INFO placement.requestlog [req-57ee4b3a-d6cb-4428-9700-77cec03c5c69 req-3b38226d-fd67-4acf-b29e-13112a8e8cd1 service nova] 192.168.1.133 "GET /placement/resource_providers/c47cfdad-9e11-4679-a038-a77af7e732f5/allocations" status: 200 len: 153 microversion: 1.0
Aug 29 10:09:01.445157 np0000032628 devstack@placement-api.service[73505]: [pid: 73505|app: 0|req: 38/76] 192.168.1.133 () {66 vars in 1535 bytes} [Fri Aug 29 10:09:01 2025] GET /placement/resource_providers/c47cfdad-9e11-4679-a038-a77af7e732f5/allocations => generated 153 bytes in 7 msecs (HTTP/1.1 200) 6 headers in 224 bytes (1 switches on core 0)
Aug 29 10:09:01.449370 np0000032628 devstack@placement-api.service[73504]: DEBUG placement.requestlog [req-57ee4b3a-d6cb-4428-9700-77cec03c5c69 req-d98f13f7-da08-4c54-ac79-e768ebc37fe7 None None] Starting request: 192.168.1.133 "GET /placement/allocations/46c04b5d-12bf-41cf-9fc1-98ce5c30506b" {{(pid=73504) __call__ /opt/stack/placement/placement/requestlog.py:55}}
Aug 29 10:09:01.454952 np0000032628 devstack@placement-api.service[73504]: INFO placement.requestlog [req-57ee4b3a-d6cb-4428-9700-77cec03c5c69 req-d98f13f7-da08-4c54-ac79-e768ebc37fe7 service nova] 192.168.1.133 "GET /placement/allocations/46c04b5d-12bf-41cf-9fc1-98ce5c30506b" status: 200 len: 258 microversion: 1.28
Aug 29 10:09:01.455197 np0000032628 devstack@placement-api.service[73504]: [pid: 73504|app: 0|req: 39/77] 192.168.1.133 () {68 vars in 1522 bytes} [Fri Aug 29 10:09:01 2025] GET /placement/allocations/46c04b5d-12bf-41cf-9fc1-98ce5c30506b => generated 258 bytes in 6 msecs (HTTP/1.1 200) 8 headers in 296 bytes (2 switches on core 0)
Aug 29 10:09:11.444405 np0000032628 devstack@placement-api.service[73505]: DEBUG dbcounter [-] [73505] Writing DB stats placement:SELECT=7 {{(pid=73505) stat_writer /opt/stack/data/venv/lib/python3.10/site-packages/dbcounter.py:115}}
Aug 29 10:09:11.454459 np0000032628 devstack@placement-api.service[73504]: DEBUG dbcounter [-] [73504] Writing DB stats placement:SELECT=11 {{(pid=73504) stat_writer /opt/stack/data/venv/lib/python3.10/site-packages/dbcounter.py:115}}
Aug 29 10:10:01.323481 np0000032628 devstack@placement-api.service[73505]: DEBUG placement.requestlog [req-73d54e22-af46-4b71-af3a-abff22a9afcc req-0b33abac-9841-4e9c-adba-976626d2033a None None] Starting request: 192.168.1.133 "GET /placement/resource_providers/c47cfdad-9e11-4679-a038-a77af7e732f5/allocations" {{(pid=73505) __call__ /opt/stack/placement/placement/requestlog.py:55}}
Aug 29 10:10:01.331239 np0000032628 devstack@placement-api.service[73505]: INFO placement.requestlog [req-73d54e22-af46-4b71-af3a-abff22a9afcc req-0b33abac-9841-4e9c-adba-976626d2033a service nova] 192.168.1.133 "GET /placement/resource_providers/c47cfdad-9e11-4679-a038-a77af7e732f5/allocations" status: 200 len: 153 microversion: 1.0
Aug 29 10:10:01.331399 np0000032628 devstack@placement-api.service[73505]: [pid: 73505|app: 0|req: 39/78] 192.168.1.133 () {66 vars in 1535 bytes} [Fri Aug 29 10:10:01 2025] GET /placement/resource_providers/c47cfdad-9e11-4679-a038-a77af7e732f5/allocations => generated 153 bytes in 8 msecs (HTTP/1.1 200) 6 headers in 224 bytes (1 switches on core 0)
Aug 29 10:10:01.337279 np0000032628 devstack@placement-api.service[73504]: DEBUG placement.requestlog [req-73d54e22-af46-4b71-af3a-abff22a9afcc req-1c8becaa-fbcf-4519-a9a8-aff9c2c4ad4e None None] Starting request: 192.168.1.133 "GET /placement/resource_providers/c47cfdad-9e11-4679-a038-a77af7e732f5/allocations" {{(pid=73504) __call__ /opt/stack/placement/placement/requestlog.py:55}}
Aug 29 10:10:01.345224 np0000032628 devstack@placement-api.service[73504]: INFO placement.requestlog [req-73d54e22-af46-4b71-af3a-abff22a9afcc req-1c8becaa-fbcf-4519-a9a8-aff9c2c4ad4e service nova] 192.168.1.133 "GET /placement/resource_providers/c47cfdad-9e11-4679-a038-a77af7e732f5/allocations" status: 200 len: 153 microversion: 1.0
Aug 29 10:10:01.345578 np0000032628 devstack@placement-api.service[73504]: [pid: 73504|app: 0|req: 40/79] 192.168.1.133 () {66 vars in 1535 bytes} [Fri Aug 29 10:10:01 2025] GET /placement/resource_providers/c47cfdad-9e11-4679-a038-a77af7e732f5/allocations => generated 153 bytes in 8 msecs (HTTP/1.1 200) 6 headers in 224 bytes (1 switches on core 0)
Aug 29 10:10:01.350193 np0000032628 devstack@placement-api.service[73505]: DEBUG placement.requestlog [req-73d54e22-af46-4b71-af3a-abff22a9afcc req-4b0f6e90-09b8-4f03-a4e0-fb6e0d9fdb38 None None] Starting request: 192.168.1.133 "GET /placement/allocations/46c04b5d-12bf-41cf-9fc1-98ce5c30506b" {{(pid=73505) __call__ /opt/stack/placement/placement/requestlog.py:55}}
Aug 29 10:10:01.355497 np0000032628 devstack@placement-api.service[73505]: INFO placement.requestlog [req-73d54e22-af46-4b71-af3a-abff22a9afcc req-4b0f6e90-09b8-4f03-a4e0-fb6e0d9fdb38 service nova] 192.168.1.133 "GET /placement/allocations/46c04b5d-12bf-41cf-9fc1-98ce5c30506b" status: 200 len: 258 microversion: 1.28
Aug 29 10:10:01.355692 np0000032628 devstack@placement-api.service[73505]: [pid: 73505|app: 0|req: 40/80] 192.168.1.133 () {68 vars in 1522 bytes} [Fri Aug 29 10:10:01 2025] GET /placement/allocations/46c04b5d-12bf-41cf-9fc1-98ce5c30506b => generated 258 bytes in 5 msecs (HTTP/1.1 200) 8 headers in 296 bytes (1 switches on core 0)
Aug 29 10:10:04.469856 np0000032628 devstack@placement-api.service[73504]: DEBUG placement.requestlog [req-c11cc326-8ca2-4215-b8a7-f8d90a8c54d3 req-c6915b3b-d3ef-4781-916d-f101a3abfdaa None None] Starting request: 192.168.1.133 "GET /placement/resource_providers/c47cfdad-9e11-4679-a038-a77af7e732f5/allocations" {{(pid=73504) __call__ /opt/stack/placement/placement/requestlog.py:55}}
Aug 29 10:10:04.477783 np0000032628 devstack@placement-api.service[73504]: INFO placement.requestlog [req-c11cc326-8ca2-4215-b8a7-f8d90a8c54d3 req-c6915b3b-d3ef-4781-916d-f101a3abfdaa service nova] 192.168.1.133 "GET /placement/resource_providers/c47cfdad-9e11-4679-a038-a77af7e732f5/allocations" status: 200 len: 153 microversion: 1.0
Aug 29 10:10:04.477944 np0000032628 devstack@placement-api.service[73504]: [pid: 73504|app: 0|req: 41/81] 192.168.1.133 () {66 vars in 1535 bytes} [Fri Aug 29 10:10:04 2025] GET /placement/resource_providers/c47cfdad-9e11-4679-a038-a77af7e732f5/allocations => generated 153 bytes in 8 msecs (HTTP/1.1 200) 6 headers in 224 bytes (1 switches on core 0)
Aug 29 10:10:04.482787 np0000032628 devstack@placement-api.service[73505]: DEBUG placement.requestlog [req-c11cc326-8ca2-4215-b8a7-f8d90a8c54d3 req-553bfe05-af7d-4f7e-9416-4931a84873ca None None] Starting request: 192.168.1.133 "GET /placement/allocations/46c04b5d-12bf-41cf-9fc1-98ce5c30506b" {{(pid=73505) __call__ /opt/stack/placement/placement/requestlog.py:55}}
Aug 29 10:10:04.488660 np0000032628 devstack@placement-api.service[73505]: INFO placement.requestlog [req-c11cc326-8ca2-4215-b8a7-f8d90a8c54d3 req-553bfe05-af7d-4f7e-9416-4931a84873ca service nova] 192.168.1.133 "GET /placement/allocations/46c04b5d-12bf-41cf-9fc1-98ce5c30506b" status: 200 len: 258 microversion: 1.28
Aug 29 10:10:04.488819 np0000032628 devstack@placement-api.service[73505]: [pid: 73505|app: 0|req: 41/82] 192.168.1.133 () {68 vars in 1522 bytes} [Fri Aug 29 10:10:04 2025] GET /placement/allocations/46c04b5d-12bf-41cf-9fc1-98ce5c30506b => generated 258 bytes in 6 msecs (HTTP/1.1 200) 8 headers in 296 bytes (1 switches on core 0)
Aug 29 10:10:05.505625 np0000032628 devstack@placement-api.service[73504]: DEBUG placement.requestlog [req-c11cc326-8ca2-4215-b8a7-f8d90a8c54d3 req-55807fd1-40f7-4a0f-a355-873a1fdaaa51 None None] Starting request: 192.168.1.133 "DELETE /placement/allocations/46c04b5d-12bf-41cf-9fc1-98ce5c30506b" {{(pid=73504) __call__ /opt/stack/placement/placement/requestlog.py:55}}
Aug 29 10:10:05.518562 np0000032628 devstack@placement-api.service[73504]: DEBUG placement.handlers.allocation [req-c11cc326-8ca2-4215-b8a7-f8d90a8c54d3 req-55807fd1-40f7-4a0f-a355-873a1fdaaa51 service nova] Successfully deleted allocations [<placement.objects.allocation.Allocation object at 0x7f3fdef82500>, <placement.objects.allocation.Allocation object at 0x7f3fdef828f0>, <placement.objects.allocation.Allocation object at 0x7f3fdf0a7df0>] {{(pid=73504) delete_allocations /opt/stack/placement/placement/handlers/allocation.py:627}}
Aug 29 10:10:05.518836 np0000032628 devstack@placement-api.service[73504]: INFO placement.requestlog [req-c11cc326-8ca2-4215-b8a7-f8d90a8c54d3 req-55807fd1-40f7-4a0f-a355-873a1fdaaa51 service nova] 192.168.1.133 "DELETE /placement/allocations/46c04b5d-12bf-41cf-9fc1-98ce5c30506b" status: 204 len: 0 microversion: 1.0
Aug 29 10:10:05.519041 np0000032628 devstack@placement-api.service[73504]: [pid: 73504|app: 0|req: 42/83] 192.168.1.133 () {68 vars in 1500 bytes} [Fri Aug 29 10:10:05 2025] DELETE /placement/allocations/46c04b5d-12bf-41cf-9fc1-98ce5c30506b => generated 0 bytes in 13 msecs (HTTP/1.1 204) 5 headers in 198 bytes (1 switches on core 0)
Aug 29 10:10:08.055503 np0000032628 devstack@placement-api.service[73505]: DEBUG placement.requestlog [None req-aa65dc04-7f26-491d-9ca0-dc2448d63078 None None] Starting request: 192.168.1.133 "GET /placement/resource_providers/059a7279-bf62-42fe-8df5-f25ac126b4eb/aggregates" {{(pid=73505) __call__ /opt/stack/placement/placement/requestlog.py:55}}
Aug 29 10:10:08.059945 np0000032628 devstack@placement-api.service[73505]: INFO placement.requestlog [None req-aa65dc04-7f26-491d-9ca0-dc2448d63078 service placement] 192.168.1.133 "GET /placement/resource_providers/059a7279-bf62-42fe-8df5-f25ac126b4eb/aggregates" status: 404 len: 235 microversion: 1.1
Aug 29 10:10:08.060369 np0000032628 devstack@placement-api.service[73505]: [pid: 73505|app: 0|req: 42/84] 192.168.1.133 () {66 vars in 1506 bytes} [Fri Aug 29 10:10:08 2025] GET /placement/resource_providers/059a7279-bf62-42fe-8df5-f25ac126b4eb/aggregates => generated 235 bytes in 5 msecs (HTTP/1.1 404) 5 headers in 202 bytes (1 switches on core 0)
Aug 29 10:10:08.068156 np0000032628 devstack@placement-api.service[73504]: DEBUG placement.requestlog [None req-01d68bc9-6f68-426a-84f6-6ed14812684a None None] Starting request: 192.168.1.133 "DELETE /placement/resource_providers/059a7279-bf62-42fe-8df5-f25ac126b4eb" {{(pid=73504) __call__ /opt/stack/placement/placement/requestlog.py:55}}
Aug 29 10:10:08.073015 np0000032628 devstack@placement-api.service[73504]: DEBUG placement.wsgi_wrapper [None req-01d68bc9-6f68-426a-84f6-6ed14812684a service placement] Placement API returning an error response: No resource provider with uuid 059a7279-bf62-42fe-8df5-f25ac126b4eb found for delete {{(pid=73504) call_func /opt/stack/placement/placement/wsgi_wrapper.py:31}}
Aug 29 10:10:08.073440 np0000032628 devstack@placement-api.service[73504]: INFO placement.requestlog [None req-01d68bc9-6f68-426a-84f6-6ed14812684a service placement] 192.168.1.133 "DELETE /placement/resource_providers/059a7279-bf62-42fe-8df5-f25ac126b4eb" status: 404 len: 246 microversion: 1.1
Aug 29 10:10:08.073626 np0000032628 devstack@placement-api.service[73504]: [pid: 73504|app: 0|req: 43/85] 192.168.1.133 () {68 vars in 1495 bytes} [Fri Aug 29 10:10:08 2025] DELETE /placement/resource_providers/059a7279-bf62-42fe-8df5-f25ac126b4eb => generated 246 bytes in 5 msecs (HTTP/1.1 404) 6 headers in 231 bytes (1 switches on core 0)
Aug 29 10:10:11.902239 np0000032628 devstack@placement-api.service[73505]: DEBUG placement.requestlog [req-ff29a5cc-6162-4119-99f4-04e25de981a9 req-2ea3c4ab-d0e0-423a-ab3c-956214274719 None None] Starting request: 192.168.1.133 "GET /placement/allocation_candidates?limit=1000&resources=DISK_GB%3A5%2CMEMORY_MB%3A1024%2CVCPU%3A1&root_required=%21COMPUTE_STATUS_DISABLED" {{(pid=73505) __call__ /opt/stack/placement/placement/requestlog.py:55}}
Aug 29 10:10:11.943969 np0000032628 devstack@placement-api.service[73505]: DEBUG placement.objects.research_context [req-ff29a5cc-6162-4119-99f4-04e25de981a9 req-2ea3c4ab-d0e0-423a-ab3c-956214274719 service nova] getting providers with 5 DISK_GB {{(pid=73505) __init__ /opt/stack/placement/placement/objects/research_context.py:137}}
Aug 29 10:10:11.947796 np0000032628 devstack@placement-api.service[73505]: DEBUG placement.objects.research_context [req-ff29a5cc-6162-4119-99f4-04e25de981a9 req-2ea3c4ab-d0e0-423a-ab3c-956214274719 service nova] getting providers with 1024 MEMORY_MB {{(pid=73505) __init__ /opt/stack/placement/placement/objects/research_context.py:137}}
Aug 29 10:10:11.951119 np0000032628 devstack@placement-api.service[73505]: DEBUG placement.objects.research_context [req-ff29a5cc-6162-4119-99f4-04e25de981a9 req-2ea3c4ab-d0e0-423a-ab3c-956214274719 service nova] getting providers with 1 VCPU {{(pid=73505) __init__ /opt/stack/placement/placement/objects/research_context.py:137}}
Aug 29 10:10:11.954662 np0000032628 devstack@placement-api.service[73505]: DEBUG placement.objects.research_context [req-ff29a5cc-6162-4119-99f4-04e25de981a9 req-2ea3c4ab-d0e0-423a-ab3c-956214274719 service nova] found 1 providers with available 5 DISK_GB {{(pid=73505) get_provider_ids_matching /opt/stack/placement/placement/objects/research_context.py:569}}
Aug 29 10:10:11.954816 np0000032628 devstack@placement-api.service[73505]: DEBUG placement.objects.research_context [req-ff29a5cc-6162-4119-99f4-04e25de981a9 req-2ea3c4ab-d0e0-423a-ab3c-956214274719 service nova] found 1 providers with available 1024 MEMORY_MB {{(pid=73505) get_provider_ids_matching /opt/stack/placement/placement/objects/research_context.py:569}}
Aug 29 10:10:11.954963 np0000032628 devstack@placement-api.service[73505]: DEBUG placement.objects.research_context [req-ff29a5cc-6162-4119-99f4-04e25de981a9 req-2ea3c4ab-d0e0-423a-ab3c-956214274719 service nova] found 1 providers after filtering by previous result {{(pid=73505) get_provider_ids_matching /opt/stack/placement/placement/objects/research_context.py:600}}
Aug 29 10:10:11.955097 np0000032628 devstack@placement-api.service[73505]: DEBUG placement.objects.research_context [req-ff29a5cc-6162-4119-99f4-04e25de981a9 req-2ea3c4ab-d0e0-423a-ab3c-956214274719 service nova] found 1 providers with available 1 VCPU {{(pid=73505) get_provider_ids_matching /opt/stack/placement/placement/objects/research_context.py:569}}
Aug 29 10:10:11.955233 np0000032628 devstack@placement-api.service[73505]: DEBUG placement.objects.research_context [req-ff29a5cc-6162-4119-99f4-04e25de981a9 req-2ea3c4ab-d0e0-423a-ab3c-956214274719 service nova] found 1 providers after filtering by previous result {{(pid=73505) get_provider_ids_matching /opt/stack/placement/placement/objects/research_context.py:600}}
Aug 29 10:10:11.962395 np0000032628 devstack@placement-api.service[73505]: DEBUG placement.objects.allocation_candidate [req-ff29a5cc-6162-4119-99f4-04e25de981a9 req-2ea3c4ab-d0e0-423a-ab3c-956214274719 service nova] RequestGroup(use_same_provider=False, resources={DISK_GB:5, MEMORY_MB:1024, VCPU:1}, traits=(), aggregates=[]) (suffix '') returned 1 matches {{(pid=73505) _get_by_requests /opt/stack/placement/placement/objects/allocation_candidate.py:157}}
Aug 29 10:10:11.962527 np0000032628 devstack@placement-api.service[73505]: DEBUG placement.objects.allocation_candidate [req-ff29a5cc-6162-4119-99f4-04e25de981a9 req-2ea3c4ab-d0e0-423a-ab3c-956214274719 service nova] Merging candidates yields 1 allocation requests and 1 provider summaries {{(pid=73505) _merge_candidates /opt/stack/placement/placement/objects/allocation_candidate.py:841}}
Aug 29 10:10:11.963218 np0000032628 devstack@placement-api.service[73505]: INFO placement.requestlog [req-ff29a5cc-6162-4119-99f4-04e25de981a9 req-2ea3c4ab-d0e0-423a-ab3c-956214274719 service nova] 192.168.1.133 "GET /placement/allocation_candidates?limit=1000&resources=DISK_GB%3A5%2CMEMORY_MB%3A1024%2CVCPU%3A1&root_required=%21COMPUTE_STATUS_DISABLED" status: 200 len: 2086 microversion: 1.36
Aug 29 10:10:11.963553 np0000032628 devstack@placement-api.service[73505]: [pid: 73505|app: 0|req: 43/86] 192.168.1.133 () {68 vars in 1650 bytes} [Fri Aug 29 10:10:11 2025] GET /placement/allocation_candidates?limit=1000&resources=DISK_GB%3A5%2CMEMORY_MB%3A1024%2CVCPU%3A1&root_required=%21COMPUTE_STATUS_DISABLED => generated 2086 bytes in 61 msecs (HTTP/1.1 200) 8 headers in 297 bytes (1 switches on core 0)
Aug 29 10:10:11.981105 np0000032628 devstack@placement-api.service[73504]: DEBUG placement.requestlog [req-ff29a5cc-6162-4119-99f4-04e25de981a9 req-fef3be29-95b9-4b8f-b87a-8069bfdb5086 None None] Starting request: 192.168.1.133 "GET /placement/allocations/28fe5dbf-1ab3-4aeb-ba60-1e19b460f5ec" {{(pid=73504) __call__ /opt/stack/placement/placement/requestlog.py:55}}
Aug 29 10:10:11.985911 np0000032628 devstack@placement-api.service[73504]: INFO placement.requestlog [req-ff29a5cc-6162-4119-99f4-04e25de981a9 req-fef3be29-95b9-4b8f-b87a-8069bfdb5086 service nova] 192.168.1.133 "GET /placement/allocations/28fe5dbf-1ab3-4aeb-ba60-1e19b460f5ec" status: 200 len: 19 microversion: 1.28
Aug 29 10:10:11.986061 np0000032628 devstack@placement-api.service[73504]: [pid: 73504|app: 0|req: 44/87] 192.168.1.133 () {68 vars in 1524 bytes} [Fri Aug 29 10:10:11 2025] GET /placement/allocations/28fe5dbf-1ab3-4aeb-ba60-1e19b460f5ec => generated 19 bytes in 5 msecs (HTTP/1.1 200) 8 headers in 295 bytes (1 switches on core 0)
Aug 29 10:10:11.991015 np0000032628 devstack@placement-api.service[73505]: DEBUG placement.requestlog [req-ff29a5cc-6162-4119-99f4-04e25de981a9 req-860cd702-1b5c-4e9e-a45a-f3fd2153a169 None None] Starting request: 192.168.1.133 "PUT /placement/allocations/28fe5dbf-1ab3-4aeb-ba60-1e19b460f5ec" {{(pid=73505) __call__ /opt/stack/placement/placement/requestlog.py:55}}
Aug 29 10:10:12.019666 np0000032628 devstack@placement-api.service[73505]: DEBUG placement.handlers.allocation [req-ff29a5cc-6162-4119-99f4-04e25de981a9 req-860cd702-1b5c-4e9e-a45a-f3fd2153a169 service nova] Successfully wrote allocations [<placement.objects.allocation.Allocation object at 0x7f3fdef7f220>, <placement.objects.allocation.Allocation object at 0x7f3fdef7f3a0>, <placement.objects.allocation.Allocation object at 0x7f3fdefbffd0>] {{(pid=73505) _update_consumers_and_create_allocations /opt/stack/placement/placement/handlers/allocation.py:462}}
Aug 29 10:10:12.022153 np0000032628 devstack@placement-api.service[73505]: INFO placement.requestlog [req-ff29a5cc-6162-4119-99f4-04e25de981a9 req-860cd702-1b5c-4e9e-a45a-f3fd2153a169 service nova] 192.168.1.133 "PUT /placement/allocations/28fe5dbf-1ab3-4aeb-ba60-1e19b460f5ec" status: 204 len: 0 microversion: 1.36
Aug 29 10:10:12.022321 np0000032628 devstack@placement-api.service[73505]: [pid: 73505|app: 0|req: 44/88] 192.168.1.133 () {72 vars in 1577 bytes} [Fri Aug 29 10:10:11 2025] PUT /placement/allocations/28fe5dbf-1ab3-4aeb-ba60-1e19b460f5ec => generated 0 bytes in 31 msecs (HTTP/1.1 204) 5 headers in 199 bytes (1 switches on core 0)
Aug 29 10:10:13.478659 np0000032628 devstack@placement-api.service[73504]: DEBUG placement.requestlog [req-ff29a5cc-6162-4119-99f4-04e25de981a9 req-14527d02-9a47-460f-b32b-95e10c13ece4 None None] Starting request: 192.168.1.133 "GET /placement/allocations/28fe5dbf-1ab3-4aeb-ba60-1e19b460f5ec" {{(pid=73504) __call__ /opt/stack/placement/placement/requestlog.py:55}}
Aug 29 10:10:13.484657 np0000032628 devstack@placement-api.service[73504]: INFO placement.requestlog [req-ff29a5cc-6162-4119-99f4-04e25de981a9 req-14527d02-9a47-460f-b32b-95e10c13ece4 service nova] 192.168.1.133 "GET /placement/allocations/28fe5dbf-1ab3-4aeb-ba60-1e19b460f5ec" status: 200 len: 258 microversion: 1.28
Aug 29 10:10:13.484813 np0000032628 devstack@placement-api.service[73504]: [pid: 73504|app: 0|req: 45/89] 192.168.1.133 () {68 vars in 1522 bytes} [Fri Aug 29 10:10:13 2025] GET /placement/allocations/28fe5dbf-1ab3-4aeb-ba60-1e19b460f5ec => generated 258 bytes in 6 msecs (HTTP/1.1 200) 8 headers in 296 bytes (1 switches on core 0)
Aug 29 10:10:14.500396 np0000032628 devstack@placement-api.service[73505]: DEBUG placement.requestlog [req-ff29a5cc-6162-4119-99f4-04e25de981a9 req-ecb4f446-5dc6-4b18-9147-515b4bc87181 None None] Starting request: 192.168.1.133 "GET /placement/resource_providers/c47cfdad-9e11-4679-a038-a77af7e732f5/allocations" {{(pid=73505) __call__ /opt/stack/placement/placement/requestlog.py:55}}
Aug 29 10:10:14.509205 np0000032628 devstack@placement-api.service[73505]: INFO placement.requestlog [req-ff29a5cc-6162-4119-99f4-04e25de981a9 req-ecb4f446-5dc6-4b18-9147-515b4bc87181 service nova] 192.168.1.133 "GET /placement/resource_providers/c47cfdad-9e11-4679-a038-a77af7e732f5/allocations" status: 200 len: 153 microversion: 1.0
Aug 29 10:10:14.509434 np0000032628 devstack@placement-api.service[73505]: [pid: 73505|app: 0|req: 45/90] 192.168.1.133 () {66 vars in 1535 bytes} [Fri Aug 29 10:10:14 2025] GET /placement/resource_providers/c47cfdad-9e11-4679-a038-a77af7e732f5/allocations => generated 153 bytes in 9 msecs (HTTP/1.1 200) 6 headers in 224 bytes (1 switches on core 0)
Aug 29 10:10:14.514331 np0000032628 devstack@placement-api.service[73504]: DEBUG placement.requestlog [req-ff29a5cc-6162-4119-99f4-04e25de981a9 req-c6458cb7-d67a-48c7-a648-1d5c4e40f9e7 None None] Starting request: 192.168.1.133 "GET /placement/allocations/28fe5dbf-1ab3-4aeb-ba60-1e19b460f5ec" {{(pid=73504) __call__ /opt/stack/placement/placement/requestlog.py:55}}
Aug 29 10:10:14.520477 np0000032628 devstack@placement-api.service[73504]: INFO placement.requestlog [req-ff29a5cc-6162-4119-99f4-04e25de981a9 req-c6458cb7-d67a-48c7-a648-1d5c4e40f9e7 service nova] 192.168.1.133 "GET /placement/allocations/28fe5dbf-1ab3-4aeb-ba60-1e19b460f5ec" status: 200 len: 258 microversion: 1.28
Aug 29 10:10:14.520630 np0000032628 devstack@placement-api.service[73504]: [pid: 73504|app: 0|req: 46/91] 192.168.1.133 () {68 vars in 1522 bytes} [Fri Aug 29 10:10:14 2025] GET /placement/allocations/28fe5dbf-1ab3-4aeb-ba60-1e19b460f5ec => generated 258 bytes in 6 msecs (HTTP/1.1 200) 8 headers in 296 bytes (1 switches on core 0)
Aug 29 10:10:24.508570 np0000032628 devstack@placement-api.service[73505]: DEBUG dbcounter [-] [73505] Writing DB stats placement:SELECT=29,placement:INSERT=4,placement:DELETE=2,placement:UPDATE=2 {{(pid=73505) stat_writer /opt/stack/data/venv/lib/python3.10/site-packages/dbcounter.py:115}}
Aug 29 10:10:24.519633 np0000032628 devstack@placement-api.service[73504]: DEBUG dbcounter [-] [73504] Writing DB stats placement:SELECT=15,placement:DELETE=2 {{(pid=73504) stat_writer /opt/stack/data/venv/lib/python3.10/site-packages/dbcounter.py:115}}
Aug 29 10:11:01.316414 np0000032628 devstack@placement-api.service[73505]: DEBUG placement.requestlog [req-538f8551-a54a-491e-99bd-5a7477be5533 req-6732937a-0533-498f-8a87-e2e3b1ba6045 None None] Starting request: 192.168.1.133 "GET /placement/resource_providers/c47cfdad-9e11-4679-a038-a77af7e732f5/allocations" {{(pid=73505) __call__ /opt/stack/placement/placement/requestlog.py:55}}
Aug 29 10:11:01.324263 np0000032628 devstack@placement-api.service[73505]: INFO placement.requestlog [req-538f8551-a54a-491e-99bd-5a7477be5533 req-6732937a-0533-498f-8a87-e2e3b1ba6045 service nova] 192.168.1.133 "GET /placement/resource_providers/c47cfdad-9e11-4679-a038-a77af7e732f5/allocations" status: 200 len: 153 microversion: 1.0
Aug 29 10:11:01.324560 np0000032628 devstack@placement-api.service[73505]: [pid: 73505|app: 0|req: 46/92] 192.168.1.133 () {66 vars in 1535 bytes} [Fri Aug 29 10:11:01 2025] GET /placement/resource_providers/c47cfdad-9e11-4679-a038-a77af7e732f5/allocations => generated 153 bytes in 8 msecs (HTTP/1.1 200) 6 headers in 224 bytes (1 switches on core 0)
Aug 29 10:11:01.331761 np0000032628 devstack@placement-api.service[73504]: DEBUG placement.requestlog [req-538f8551-a54a-491e-99bd-5a7477be5533 req-b86d5538-ac58-4a83-ae91-6a939075316c None None] Starting request: 192.168.1.133 "GET /placement/resource_providers/c47cfdad-9e11-4679-a038-a77af7e732f5/allocations" {{(pid=73504) __call__ /opt/stack/placement/placement/requestlog.py:55}}
Aug 29 10:11:01.339736 np0000032628 devstack@placement-api.service[73504]: INFO placement.requestlog [req-538f8551-a54a-491e-99bd-5a7477be5533 req-b86d5538-ac58-4a83-ae91-6a939075316c service nova] 192.168.1.133 "GET /placement/resource_providers/c47cfdad-9e11-4679-a038-a77af7e732f5/allocations" status: 200 len: 153 microversion: 1.0
Aug 29 10:11:01.339986 np0000032628 devstack@placement-api.service[73504]: [pid: 73504|app: 0|req: 47/93] 192.168.1.133 () {66 vars in 1535 bytes} [Fri Aug 29 10:11:01 2025] GET /placement/resource_providers/c47cfdad-9e11-4679-a038-a77af7e732f5/allocations => generated 153 bytes in 8 msecs (HTTP/1.1 200) 6 headers in 224 bytes (1 switches on core 0)
Aug 29 10:11:01.344939 np0000032628 devstack@placement-api.service[73505]: DEBUG placement.requestlog [req-538f8551-a54a-491e-99bd-5a7477be5533 req-7034479c-808f-497c-b7b2-05acc0606000 None None] Starting request: 192.168.1.133 "GET /placement/allocations/28fe5dbf-1ab3-4aeb-ba60-1e19b460f5ec" {{(pid=73505) __call__ /opt/stack/placement/placement/requestlog.py:55}}
Aug 29 10:11:01.350370 np0000032628 devstack@placement-api.service[73505]: INFO placement.requestlog [req-538f8551-a54a-491e-99bd-5a7477be5533 req-7034479c-808f-497c-b7b2-05acc0606000 service nova] 192.168.1.133 "GET /placement/allocations/28fe5dbf-1ab3-4aeb-ba60-1e19b460f5ec" status: 200 len: 258 microversion: 1.28
Aug 29 10:11:01.350520 np0000032628 devstack@placement-api.service[73505]: [pid: 73505|app: 0|req: 47/94] 192.168.1.133 () {68 vars in 1522 bytes} [Fri Aug 29 10:11:01 2025] GET /placement/allocations/28fe5dbf-1ab3-4aeb-ba60-1e19b460f5ec => generated 258 bytes in 5 msecs (HTTP/1.1 200) 8 headers in 296 bytes (1 switches on core 0)
Aug 29 10:11:11.339364 np0000032628 devstack@placement-api.service[73504]: DEBUG dbcounter [-] [73504] Writing DB stats placement:SELECT=3 {{(pid=73504) stat_writer /opt/stack/data/venv/lib/python3.10/site-packages/dbcounter.py:115}}
Aug 29 10:11:11.349678 np0000032628 devstack@placement-api.service[73505]: DEBUG dbcounter [-] [73505] Writing DB stats placement:SELECT=5 {{(pid=73505) stat_writer /opt/stack/data/venv/lib/python3.10/site-packages/dbcounter.py:115}}
Aug 29 10:12:01.321143 np0000032628 devstack@placement-api.service[73504]: DEBUG placement.requestlog [req-bc274c4e-c6da-4338-b9b2-07ddf4db376f req-d290c60e-1145-40c1-af44-712264b46ab1 None None] Starting request: 192.168.1.133 "GET /placement/resource_providers/c47cfdad-9e11-4679-a038-a77af7e732f5/allocations" {{(pid=73504) __call__ /opt/stack/placement/placement/requestlog.py:55}}
Aug 29 10:12:01.329424 np0000032628 devstack@placement-api.service[73504]: INFO placement.requestlog [req-bc274c4e-c6da-4338-b9b2-07ddf4db376f req-d290c60e-1145-40c1-af44-712264b46ab1 service nova] 192.168.1.133 "GET /placement/resource_providers/c47cfdad-9e11-4679-a038-a77af7e732f5/allocations" status: 200 len: 153 microversion: 1.0
Aug 29 10:12:01.329612 np0000032628 devstack@placement-api.service[73504]: [pid: 73504|app: 0|req: 48/95] 192.168.1.133 () {66 vars in 1535 bytes} [Fri Aug 29 10:12:01 2025] GET /placement/resource_providers/c47cfdad-9e11-4679-a038-a77af7e732f5/allocations => generated 153 bytes in 8 msecs (HTTP/1.1 200) 6 headers in 224 bytes (1 switches on core 0)
Aug 29 10:12:01.337614 np0000032628 devstack@placement-api.service[73505]: DEBUG placement.requestlog [req-bc274c4e-c6da-4338-b9b2-07ddf4db376f req-4d6a117e-52d3-4f6a-bc1e-eae171dd91d8 None None] Starting request: 192.168.1.133 "GET /placement/resource_providers/c47cfdad-9e11-4679-a038-a77af7e732f5/allocations" {{(pid=73505) __call__ /opt/stack/placement/placement/requestlog.py:55}}
Aug 29 10:12:01.345452 np0000032628 devstack@placement-api.service[73505]: INFO placement.requestlog [req-bc274c4e-c6da-4338-b9b2-07ddf4db376f req-4d6a117e-52d3-4f6a-bc1e-eae171dd91d8 service nova] 192.168.1.133 "GET /placement/resource_providers/c47cfdad-9e11-4679-a038-a77af7e732f5/allocations" status: 200 len: 153 microversion: 1.0
Aug 29 10:12:01.345767 np0000032628 devstack@placement-api.service[73505]: [pid: 73505|app: 0|req: 48/96] 192.168.1.133 () {66 vars in 1535 bytes} [Fri Aug 29 10:12:01 2025] GET /placement/resource_providers/c47cfdad-9e11-4679-a038-a77af7e732f5/allocations => generated 153 bytes in 8 msecs (HTTP/1.1 200) 6 headers in 224 bytes (1 switches on core 0)
