Aug 29 09:57:20.803825 np0000032628 devstack@n-api.service[70130]: DEBUG nova.api.openstack.wsgi_app [-] oslo_messaging_rabbit.rabbit_transient_queues_ttl = 1800 {{(pid=70130) log_opt_values /opt/stack/data/venv/lib/python3.10/site-packages/oslo_config/cfg.py:2824}}
Aug 29 09:57:20.803918 np0000032628 devstack@n-api.service[70130]: DEBUG nova.api.openstack.wsgi_app [-] oslo_messaging_rabbit.rabbit_transient_quorum_queue = False {{(pid=70130) log_opt_values /opt/stack/data/venv/lib/python3.10/site-packages/oslo_config/cfg.py:2824}}
Aug 29 09:57:20.804012 np0000032628 devstack@n-api.service[70130]: DEBUG nova.api.openstack.wsgi_app [-] oslo_messaging_rabbit.rpc_conn_pool_size = 30 {{(pid=70130) log_opt_values /opt/stack/data/venv/lib/python3.10/site-packages/oslo_config/cfg.py:2824}}
Aug 29 09:57:20.804106 np0000032628 devstack@n-api.service[70130]: DEBUG nova.api.openstack.wsgi_app [-] oslo_messaging_rabbit.ssl      = False {{(pid=70130) log_opt_values /opt/stack/data/venv/lib/python3.10/site-packages/oslo_config/cfg.py:2824}}
Aug 29 09:57:20.804203 np0000032628 devstack@n-api.service[70130]: DEBUG nova.api.openstack.wsgi_app [-] oslo_messaging_rabbit.ssl_ca_file =  {{(pid=70130) log_opt_values /opt/stack/data/venv/lib/python3.10/site-packages/oslo_config/cfg.py:2824}}
Aug 29 09:57:20.804299 np0000032628 devstack@n-api.service[70130]: DEBUG nova.api.openstack.wsgi_app [-] oslo_messaging_rabbit.ssl_cert_file =  {{(pid=70130) log_opt_values /opt/stack/data/venv/lib/python3.10/site-packages/oslo_config/cfg.py:2824}}
Aug 29 09:57:20.804392 np0000032628 devstack@n-api.service[70130]: DEBUG nova.api.openstack.wsgi_app [-] oslo_messaging_rabbit.ssl_enforce_fips_mode = False {{(pid=70130) log_opt_values /opt/stack/data/venv/lib/python3.10/site-packages/oslo_config/cfg.py:2824}}
Aug 29 09:57:20.804488 np0000032628 devstack@n-api.service[70130]: DEBUG nova.api.openstack.wsgi_app [-] oslo_messaging_rabbit.ssl_key_file =  {{(pid=70130) log_opt_values /opt/stack/data/venv/lib/python3.10/site-packages/oslo_config/cfg.py:2824}}
Aug 29 09:57:20.804599 np0000032628 devstack@n-api.service[70130]: DEBUG nova.api.openstack.wsgi_app [-] oslo_messaging_rabbit.ssl_version =  {{(pid=70130) log_opt_values /opt/stack/data/venv/lib/python3.10/site-packages/oslo_config/cfg.py:2824}}
Aug 29 09:57:20.804694 np0000032628 devstack@n-api.service[70130]: DEBUG nova.api.openstack.wsgi_app [-] oslo_messaging_rabbit.use_queue_manager = False {{(pid=70130) log_opt_values /opt/stack/data/venv/lib/python3.10/site-packages/oslo_config/cfg.py:2824}}
Aug 29 09:57:20.804803 np0000032628 devstack@n-api.service[70130]: DEBUG nova.api.openstack.wsgi_app [-] oslo_messaging_notifications.driver = ['messagingv2'] {{(pid=70130) log_opt_values /opt/stack/data/venv/lib/python3.10/site-packages/oslo_config/cfg.py:2824}}
Aug 29 09:57:20.804897 np0000032628 devstack@n-api.service[70130]: DEBUG nova.api.openstack.wsgi_app [-] oslo_messaging_notifications.retry = -1 {{(pid=70130) log_opt_values /opt/stack/data/venv/lib/python3.10/site-packages/oslo_config/cfg.py:2824}}
Aug 29 09:57:20.804999 np0000032628 devstack@n-api.service[70130]: DEBUG nova.api.openstack.wsgi_app [-] oslo_messaging_notifications.topics = ['notifications'] {{(pid=70130) log_opt_values /opt/stack/data/venv/lib/python3.10/site-packages/oslo_config/cfg.py:2824}}
Aug 29 09:57:20.805095 np0000032628 devstack@n-api.service[70130]: DEBUG nova.api.openstack.wsgi_app [-] oslo_messaging_notifications.transport_url = **** {{(pid=70130) log_opt_values /opt/stack/data/venv/lib/python3.10/site-packages/oslo_config/cfg.py:2824}}
Aug 29 09:57:20.805190 np0000032628 devstack@n-api.service[70130]: DEBUG nova.api.openstack.wsgi_app [-] oslo_reports.file_event_handler = None {{(pid=70130) log_opt_values /opt/stack/data/venv/lib/python3.10/site-packages/oslo_config/cfg.py:2824}}
Aug 29 09:57:20.805284 np0000032628 devstack@n-api.service[70130]: DEBUG nova.api.openstack.wsgi_app [-] oslo_reports.file_event_handler_interval = 1 {{(pid=70130) log_opt_values /opt/stack/data/venv/lib/python3.10/site-packages/oslo_config/cfg.py:2824}}
Aug 29 09:57:20.805376 np0000032628 devstack@n-api.service[70130]: DEBUG nova.api.openstack.wsgi_app [-] oslo_reports.log_dir           = None {{(pid=70130) log_opt_values /opt/stack/data/venv/lib/python3.10/site-packages/oslo_config/cfg.py:2824}}
Aug 29 09:57:20.805449 np0000032628 devstack@n-api.service[70130]: DEBUG nova.api.openstack.wsgi_app [-] ******************************************************************************** {{(pid=70130) log_opt_values /opt/stack/data/venv/lib/python3.10/site-packages/oslo_config/cfg.py:2828}}
Aug 29 09:57:20.828405 np0000032628 devstack@n-api.service[70130]: INFO dbcounter [None req-0efe9054-ed73-4583-a6f8-e09b46567df2 None None] Registered counter for database nova_api
Aug 29 09:57:20.859536 np0000032628 devstack@n-api.service[70129]: DEBUG oslo_db.sqlalchemy.engines [None req-10dbeb91-9f4d-4d29-8d60-4685bb36ceb0 None None] MySQL server mode set to STRICT_TRANS_TABLES,STRICT_ALL_TABLES,NO_ZERO_IN_DATE,NO_ZERO_DATE,ERROR_FOR_DIVISION_BY_ZERO,TRADITIONAL,NO_ENGINE_SUBSTITUTION {{(pid=70129) _check_effective_sql_mode /opt/stack/data/venv/lib/python3.10/site-packages/oslo_db/sqlalchemy/engines.py:397}}
Aug 29 09:57:20.884850 np0000032628 devstack@n-api.service[70129]: DEBUG dbcounter [-] [70129] Writer thread running {{(pid=70129) stat_writer /opt/stack/data/venv/lib/python3.10/site-packages/dbcounter.py:102}}
Aug 29 09:57:20.886712 np0000032628 devstack@n-api.service[70129]: DEBUG nova.context [None req-10dbeb91-9f4d-4d29-8d60-4685bb36ceb0 None None] Found 2 cells: 00000000-0000-0000-0000-000000000000(cell0),f00efb26-2bd9-4f32-b570-0b6858df9534(cell1) {{(pid=70129) load_cells /opt/stack/nova/nova/context.py:464}}
Aug 29 09:57:20.888280 np0000032628 devstack@n-api.service[70129]: DEBUG oslo_concurrency.lockutils [None req-10dbeb91-9f4d-4d29-8d60-4685bb36ceb0 None None] Acquiring lock "00000000-0000-0000-0000-000000000000" by "nova.context.set_target_cell.<locals>.get_or_set_cached_cell_and_set_connections" {{(pid=70129) inner /opt/stack/data/venv/lib/python3.10/site-packages/oslo_concurrency/lockutils.py:405}}
Aug 29 09:57:20.888459 np0000032628 devstack@n-api.service[70129]: DEBUG oslo_concurrency.lockutils [None req-10dbeb91-9f4d-4d29-8d60-4685bb36ceb0 None None] Lock "00000000-0000-0000-0000-000000000000" acquired by "nova.context.set_target_cell.<locals>.get_or_set_cached_cell_and_set_connections" :: waited 0.000s {{(pid=70129) inner /opt/stack/data/venv/lib/python3.10/site-packages/oslo_concurrency/lockutils.py:410}}
Aug 29 09:57:20.888845 np0000032628 devstack@n-api.service[70129]: DEBUG oslo_concurrency.lockutils [None req-10dbeb91-9f4d-4d29-8d60-4685bb36ceb0 None None] Lock "00000000-0000-0000-0000-000000000000" "released" by "nova.context.set_target_cell.<locals>.get_or_set_cached_cell_and_set_connections" :: held 0.000s {{(pid=70129) inner /opt/stack/data/venv/lib/python3.10/site-packages/oslo_concurrency/lockutils.py:424}}
Aug 29 09:57:20.889183 np0000032628 devstack@n-api.service[70129]: DEBUG oslo_concurrency.lockutils [None req-10dbeb91-9f4d-4d29-8d60-4685bb36ceb0 None None] Acquiring lock "f00efb26-2bd9-4f32-b570-0b6858df9534" by "nova.context.set_target_cell.<locals>.get_or_set_cached_cell_and_set_connections" {{(pid=70129) inner /opt/stack/data/venv/lib/python3.10/site-packages/oslo_concurrency/lockutils.py:405}}
Aug 29 09:57:20.889333 np0000032628 devstack@n-api.service[70129]: DEBUG oslo_concurrency.lockutils [None req-10dbeb91-9f4d-4d29-8d60-4685bb36ceb0 None None] Lock "f00efb26-2bd9-4f32-b570-0b6858df9534" acquired by "nova.context.set_target_cell.<locals>.get_or_set_cached_cell_and_set_connections" :: waited 0.000s {{(pid=70129) inner /opt/stack/data/venv/lib/python3.10/site-packages/oslo_concurrency/lockutils.py:410}}
Aug 29 09:57:20.890225 np0000032628 devstack@n-api.service[70129]: DEBUG oslo_concurrency.lockutils [None req-10dbeb91-9f4d-4d29-8d60-4685bb36ceb0 None None] Lock "f00efb26-2bd9-4f32-b570-0b6858df9534" "released" by "nova.context.set_target_cell.<locals>.get_or_set_cached_cell_and_set_connections" :: held 0.001s {{(pid=70129) inner /opt/stack/data/venv/lib/python3.10/site-packages/oslo_concurrency/lockutils.py:424}}
Aug 29 09:57:20.891380 np0000032628 devstack@n-api.service[70129]: INFO dbcounter [None req-10dbeb91-9f4d-4d29-8d60-4685bb36ceb0 None None] Registered counter for database nova_cell0
Aug 29 09:57:20.893299 np0000032628 devstack@n-api.service[70129]: INFO dbcounter [None req-10dbeb91-9f4d-4d29-8d60-4685bb36ceb0 None None] Registered counter for database nova_cell1
Aug 29 09:57:20.895907 np0000032628 devstack@n-api.service[70130]: DEBUG oslo_db.sqlalchemy.engines [None req-0efe9054-ed73-4583-a6f8-e09b46567df2 None None] MySQL server mode set to STRICT_TRANS_TABLES,STRICT_ALL_TABLES,NO_ZERO_IN_DATE,NO_ZERO_DATE,ERROR_FOR_DIVISION_BY_ZERO,TRADITIONAL,NO_ENGINE_SUBSTITUTION {{(pid=70130) _check_effective_sql_mode /opt/stack/data/venv/lib/python3.10/site-packages/oslo_db/sqlalchemy/engines.py:397}}
Aug 29 09:57:20.896249 np0000032628 devstack@n-api.service[70129]: DEBUG oslo_db.sqlalchemy.engines [None req-10dbeb91-9f4d-4d29-8d60-4685bb36ceb0 None None] MySQL server mode set to STRICT_TRANS_TABLES,STRICT_ALL_TABLES,NO_ZERO_IN_DATE,NO_ZERO_DATE,ERROR_FOR_DIVISION_BY_ZERO,TRADITIONAL,NO_ENGINE_SUBSTITUTION {{(pid=70129) _check_effective_sql_mode /opt/stack/data/venv/lib/python3.10/site-packages/oslo_db/sqlalchemy/engines.py:397}}
Aug 29 09:57:20.920708 np0000032628 devstack@n-api.service[70130]: DEBUG dbcounter [-] [70130] Writer thread running {{(pid=70130) stat_writer /opt/stack/data/venv/lib/python3.10/site-packages/dbcounter.py:102}}
Aug 29 09:57:20.922479 np0000032628 devstack@n-api.service[70130]: DEBUG nova.context [None req-0efe9054-ed73-4583-a6f8-e09b46567df2 None None] Found 2 cells: 00000000-0000-0000-0000-000000000000(cell0),f00efb26-2bd9-4f32-b570-0b6858df9534(cell1) {{(pid=70130) load_cells /opt/stack/nova/nova/context.py:464}}
Aug 29 09:57:20.924016 np0000032628 devstack@n-api.service[70130]: DEBUG oslo_concurrency.lockutils [None req-0efe9054-ed73-4583-a6f8-e09b46567df2 None None] Acquiring lock "00000000-0000-0000-0000-000000000000" by "nova.context.set_target_cell.<locals>.get_or_set_cached_cell_and_set_connections" {{(pid=70130) inner /opt/stack/data/venv/lib/python3.10/site-packages/oslo_concurrency/lockutils.py:405}}
Aug 29 09:57:20.924194 np0000032628 devstack@n-api.service[70130]: DEBUG oslo_concurrency.lockutils [None req-0efe9054-ed73-4583-a6f8-e09b46567df2 None None] Lock "00000000-0000-0000-0000-000000000000" acquired by "nova.context.set_target_cell.<locals>.get_or_set_cached_cell_and_set_connections" :: waited 0.000s {{(pid=70130) inner /opt/stack/data/venv/lib/python3.10/site-packages/oslo_concurrency/lockutils.py:410}}
Aug 29 09:57:20.924559 np0000032628 devstack@n-api.service[70130]: DEBUG oslo_concurrency.lockutils [None req-0efe9054-ed73-4583-a6f8-e09b46567df2 None None] Lock "00000000-0000-0000-0000-000000000000" "released" by "nova.context.set_target_cell.<locals>.get_or_set_cached_cell_and_set_connections" :: held 0.000s {{(pid=70130) inner /opt/stack/data/venv/lib/python3.10/site-packages/oslo_concurrency/lockutils.py:424}}
Aug 29 09:57:20.924900 np0000032628 devstack@n-api.service[70130]: DEBUG oslo_concurrency.lockutils [None req-0efe9054-ed73-4583-a6f8-e09b46567df2 None None] Acquiring lock "f00efb26-2bd9-4f32-b570-0b6858df9534" by "nova.context.set_target_cell.<locals>.get_or_set_cached_cell_and_set_connections" {{(pid=70130) inner /opt/stack/data/venv/lib/python3.10/site-packages/oslo_concurrency/lockutils.py:405}}
Aug 29 09:57:20.925049 np0000032628 devstack@n-api.service[70130]: DEBUG oslo_concurrency.lockutils [None req-0efe9054-ed73-4583-a6f8-e09b46567df2 None None] Lock "f00efb26-2bd9-4f32-b570-0b6858df9534" acquired by "nova.context.set_target_cell.<locals>.get_or_set_cached_cell_and_set_connections" :: waited 0.000s {{(pid=70130) inner /opt/stack/data/venv/lib/python3.10/site-packages/oslo_concurrency/lockutils.py:410}}
Aug 29 09:57:20.925921 np0000032628 devstack@n-api.service[70130]: DEBUG oslo_concurrency.lockutils [None req-0efe9054-ed73-4583-a6f8-e09b46567df2 None None] Lock "f00efb26-2bd9-4f32-b570-0b6858df9534" "released" by "nova.context.set_target_cell.<locals>.get_or_set_cached_cell_and_set_connections" :: held 0.001s {{(pid=70130) inner /opt/stack/data/venv/lib/python3.10/site-packages/oslo_concurrency/lockutils.py:424}}
Aug 29 09:57:20.927057 np0000032628 devstack@n-api.service[70130]: INFO dbcounter [None req-0efe9054-ed73-4583-a6f8-e09b46567df2 None None] Registered counter for database nova_cell0
Aug 29 09:57:20.928958 np0000032628 devstack@n-api.service[70130]: INFO dbcounter [None req-0efe9054-ed73-4583-a6f8-e09b46567df2 None None] Registered counter for database nova_cell1
Aug 29 09:57:20.933152 np0000032628 devstack@n-api.service[70130]: DEBUG oslo_db.sqlalchemy.engines [None req-0efe9054-ed73-4583-a6f8-e09b46567df2 None None] MySQL server mode set to STRICT_TRANS_TABLES,STRICT_ALL_TABLES,NO_ZERO_IN_DATE,NO_ZERO_DATE,ERROR_FOR_DIVISION_BY_ZERO,TRADITIONAL,NO_ENGINE_SUBSTITUTION {{(pid=70130) _check_effective_sql_mode /opt/stack/data/venv/lib/python3.10/site-packages/oslo_db/sqlalchemy/engines.py:397}}
Aug 29 09:57:20.935671 np0000032628 devstack@n-api.service[70130]: DEBUG oslo_db.sqlalchemy.engines [None req-0efe9054-ed73-4583-a6f8-e09b46567df2 None None] MySQL server mode set to STRICT_TRANS_TABLES,STRICT_ALL_TABLES,NO_ZERO_IN_DATE,NO_ZERO_DATE,ERROR_FOR_DIVISION_BY_ZERO,TRADITIONAL,NO_ENGINE_SUBSTITUTION {{(pid=70130) _check_effective_sql_mode /opt/stack/data/venv/lib/python3.10/site-packages/oslo_db/sqlalchemy/engines.py:397}}
Aug 29 09:57:20.963665 np0000032628 devstack@n-api.service[70129]: DEBUG oslo_db.sqlalchemy.engines [None req-10dbeb91-9f4d-4d29-8d60-4685bb36ceb0 None None] MySQL server mode set to STRICT_TRANS_TABLES,STRICT_ALL_TABLES,NO_ZERO_IN_DATE,NO_ZERO_DATE,ERROR_FOR_DIVISION_BY_ZERO,TRADITIONAL,NO_ENGINE_SUBSTITUTION {{(pid=70129) _check_effective_sql_mode /opt/stack/data/venv/lib/python3.10/site-packages/oslo_db/sqlalchemy/engines.py:397}}
Aug 29 09:57:20.964027 np0000032628 devstack@n-api.service[70129]: DEBUG dbcounter [-] [70129] Writer thread running {{(pid=70129) stat_writer /opt/stack/data/venv/lib/python3.10/site-packages/dbcounter.py:102}}
Aug 29 09:57:20.967905 np0000032628 devstack@n-api.service[70129]: DEBUG dbcounter [-] [70129] Writer thread running {{(pid=70129) stat_writer /opt/stack/data/venv/lib/python3.10/site-packages/dbcounter.py:102}}
Aug 29 09:57:20.970078 np0000032628 devstack@n-api.service[70129]: INFO dbcounter [None req-10dbeb91-9f4d-4d29-8d60-4685bb36ceb0 None None] Registered counter for database nova_cell0
Aug 29 09:57:20.974057 np0000032628 devstack@n-api.service[70129]: DEBUG oslo_db.sqlalchemy.engines [None req-10dbeb91-9f4d-4d29-8d60-4685bb36ceb0 None None] MySQL server mode set to STRICT_TRANS_TABLES,STRICT_ALL_TABLES,NO_ZERO_IN_DATE,NO_ZERO_DATE,ERROR_FOR_DIVISION_BY_ZERO,TRADITIONAL,NO_ENGINE_SUBSTITUTION {{(pid=70129) _check_effective_sql_mode /opt/stack/data/venv/lib/python3.10/site-packages/oslo_db/sqlalchemy/engines.py:397}}
Aug 29 09:57:20.978085 np0000032628 devstack@n-api.service[70129]: DEBUG dbcounter [-] [70129] Writer thread running {{(pid=70129) stat_writer /opt/stack/data/venv/lib/python3.10/site-packages/dbcounter.py:102}}
Aug 29 09:57:21.000069 np0000032628 devstack@n-api.service[70130]: DEBUG dbcounter [-] [70130] Writer thread running {{(pid=70130) stat_writer /opt/stack/data/venv/lib/python3.10/site-packages/dbcounter.py:102}}
Aug 29 09:57:21.004007 np0000032628 devstack@n-api.service[70130]: DEBUG dbcounter [-] [70130] Writer thread running {{(pid=70130) stat_writer /opt/stack/data/venv/lib/python3.10/site-packages/dbcounter.py:102}}
Aug 29 09:57:21.006041 np0000032628 devstack@n-api.service[70130]: INFO dbcounter [None req-0efe9054-ed73-4583-a6f8-e09b46567df2 None None] Registered counter for database nova_cell0
Aug 29 09:57:21.010086 np0000032628 devstack@n-api.service[70130]: DEBUG oslo_db.sqlalchemy.engines [None req-0efe9054-ed73-4583-a6f8-e09b46567df2 None None] MySQL server mode set to STRICT_TRANS_TABLES,STRICT_ALL_TABLES,NO_ZERO_IN_DATE,NO_ZERO_DATE,ERROR_FOR_DIVISION_BY_ZERO,TRADITIONAL,NO_ENGINE_SUBSTITUTION {{(pid=70130) _check_effective_sql_mode /opt/stack/data/venv/lib/python3.10/site-packages/oslo_db/sqlalchemy/engines.py:397}}
Aug 29 09:57:21.014057 np0000032628 devstack@n-api.service[70130]: DEBUG dbcounter [-] [70130] Writer thread running {{(pid=70130) stat_writer /opt/stack/data/venv/lib/python3.10/site-packages/dbcounter.py:102}}
Aug 29 09:57:21.287863 np0000032628 devstack@n-api.service[70129]: DEBUG oslo_concurrency.processutils [None req-10dbeb91-9f4d-4d29-8d60-4685bb36ceb0 None None] Running cmd (subprocess): grep -F node.session.scan /sbin/iscsiadm {{(pid=70129) execute /opt/stack/data/venv/lib/python3.10/site-packages/oslo_concurrency/processutils.py:349}}
Aug 29 09:57:21.294596 np0000032628 devstack@n-api.service[70129]: DEBUG oslo_concurrency.processutils [None req-10dbeb91-9f4d-4d29-8d60-4685bb36ceb0 None None] CMD "grep -F node.session.scan /sbin/iscsiadm" returned: 0 in 0.007s {{(pid=70129) execute /opt/stack/data/venv/lib/python3.10/site-packages/oslo_concurrency/processutils.py:372}}
Aug 29 09:57:21.306397 np0000032628 devstack@n-api.service[70130]: DEBUG oslo_concurrency.processutils [None req-0efe9054-ed73-4583-a6f8-e09b46567df2 None None] Running cmd (subprocess): grep -F node.session.scan /sbin/iscsiadm {{(pid=70130) execute /opt/stack/data/venv/lib/python3.10/site-packages/oslo_concurrency/processutils.py:349}}
Aug 29 09:57:21.313500 np0000032628 devstack@n-api.service[70130]: DEBUG oslo_concurrency.processutils [None req-0efe9054-ed73-4583-a6f8-e09b46567df2 None None] CMD "grep -F node.session.scan /sbin/iscsiadm" returned: 0 in 0.007s {{(pid=70130) execute /opt/stack/data/venv/lib/python3.10/site-packages/oslo_concurrency/processutils.py:372}}
Aug 29 09:57:21.636096 np0000032628 devstack@n-api.service[70129]: WARNING keystonemiddleware.auth_token [None req-10dbeb91-9f4d-4d29-8d60-4685bb36ceb0 None None] AuthToken middleware is set with keystone_authtoken.service_token_roles_required set to False. This is backwards compatible but deprecated behaviour. Please set this to True.
Aug 29 09:57:21.636304 np0000032628 devstack@n-api.service[70130]: WARNING keystonemiddleware.auth_token [None req-0efe9054-ed73-4583-a6f8-e09b46567df2 None None] AuthToken middleware is set with keystone_authtoken.service_token_roles_required set to False. This is backwards compatible but deprecated behaviour. Please set this to True.
Aug 29 09:57:21.639602 np0000032628 devstack@n-api.service[70129]: WARNING keystonemiddleware.auth_token [None req-10dbeb91-9f4d-4d29-8d60-4685bb36ceb0 None None] Configuring www_authenticate_uri to point to the public identity endpoint is required; clients may not be able to authenticate against an admin endpoint
Aug 29 09:57:21.639731 np0000032628 devstack@n-api.service[70130]: WARNING keystonemiddleware.auth_token [None req-0efe9054-ed73-4583-a6f8-e09b46567df2 None None] Configuring www_authenticate_uri to point to the public identity endpoint is required; clients may not be able to authenticate against an admin endpoint
Aug 29 09:57:21.713883 np0000032628 devstack@n-api.service[70129]: WARNING keystonemiddleware.auth_token [None req-10dbeb91-9f4d-4d29-8d60-4685bb36ceb0 None None] AuthToken middleware is set with keystone_authtoken.service_token_roles_required set to False. This is backwards compatible but deprecated behaviour. Please set this to True.
Aug 29 09:57:21.714139 np0000032628 devstack@n-api.service[70130]: WARNING keystonemiddleware.auth_token [None req-0efe9054-ed73-4583-a6f8-e09b46567df2 None None] AuthToken middleware is set with keystone_authtoken.service_token_roles_required set to False. This is backwards compatible but deprecated behaviour. Please set this to True.
Aug 29 09:57:21.716585 np0000032628 devstack@n-api.service[70130]: WARNING keystonemiddleware.auth_token [None req-0efe9054-ed73-4583-a6f8-e09b46567df2 None None] Configuring www_authenticate_uri to point to the public identity endpoint is required; clients may not be able to authenticate against an admin endpoint
Aug 29 09:57:21.716658 np0000032628 devstack@n-api.service[70129]: WARNING keystonemiddleware.auth_token [None req-10dbeb91-9f4d-4d29-8d60-4685bb36ceb0 None None] Configuring www_authenticate_uri to point to the public identity endpoint is required; clients may not be able to authenticate against an admin endpoint
Aug 29 09:57:21.718541 np0000032628 devstack@n-api.service[70130]: WSGI app 0 (mountpoint='') ready in 2 seconds on interpreter 0x55c7e831fd70 pid: 70130 (default app)
Aug 29 09:57:21.718602 np0000032628 devstack@n-api.service[70129]: WSGI app 0 (mountpoint='') ready in 2 seconds on interpreter 0x55c7e831fd70 pid: 70129 (default app)
Aug 29 09:57:21.719449 np0000032628 devstack@n-api.service[70130]: DEBUG nova.api.openstack.wsgi [None req-0efe9054-ed73-4583-a6f8-e09b46567df2 None None] Calling method '<bound method VersionsV2.index of <nova.api.openstack.compute.versions.VersionsV2 object at 0x7fb00b27a440>>' {{(pid=70130) _process_stack /opt/stack/nova/nova/api/openstack/wsgi.py:556}}
Aug 29 09:57:21.722833 np0000032628 devstack@n-api.service[70130]: INFO nova.api.openstack.requestlog [None req-0efe9054-ed73-4583-a6f8-e09b46567df2 None None] 192.168.1.133 "GET /compute/v2.1/" status: 200 len: 391 microversion: 2.1 time: 0.003586
Aug 29 09:57:21.723023 np0000032628 devstack@n-api.service[70130]: [pid: 70130|app: 0|req: 1/1] 192.168.1.133 () {50 vars in 783 bytes} [Fri Aug 29 09:57:21 2025] GET /compute/v2.1/ => generated 391 bytes in 4 msecs (HTTP/1.1 200) 9 headers in 357 bytes (1 switches on core 0)
Aug 29 09:57:53.918239 np0000032628 devstack@n-api.service[70129]: DEBUG nova.api.openstack.wsgi [None req-10dbeb91-9f4d-4d29-8d60-4685bb36ceb0 None None] Calling method '<bound method VersionsV2.index of <nova.api.openstack.compute.versions.VersionsV2 object at 0x7fb00c10ded0>>' {{(pid=70129) _process_stack /opt/stack/nova/nova/api/openstack/wsgi.py:556}}
Aug 29 09:57:53.918239 np0000032628 devstack@n-api.service[70129]: INFO nova.api.openstack.requestlog [None req-10dbeb91-9f4d-4d29-8d60-4685bb36ceb0 None None] 192.168.1.133 "GET /compute/v2.1" status: 200 len: 392 microversion: 2.1 time: 0.003547
Aug 29 09:57:53.918774 np0000032628 devstack@n-api.service[70129]: [pid: 70129|app: 0|req: 1/2] 192.168.1.133 () {62 vars in 1068 bytes} [Fri Aug 29 09:57:53 2025] GET /compute/v2.1 => generated 392 bytes in 5 msecs (HTTP/1.1 200) 9 headers in 357 bytes (1 switches on core 0)
Aug 29 09:57:53.926990 np0000032628 devstack@n-api.service[70130]: DEBUG dbcounter [-] [70130] Writing DB stats nova_api:SELECT=1 {{(pid=70130) stat_writer /opt/stack/data/venv/lib/python3.10/site-packages/dbcounter.py:115}}
Aug 29 09:57:53.927776 np0000032628 devstack@n-api.service[70130]: DEBUG dbcounter [-] [70130] Writing DB stats nova_cell0:SELECT=1 {{(pid=70130) stat_writer /opt/stack/data/venv/lib/python3.10/site-packages/dbcounter.py:115}}
Aug 29 09:57:53.928128 np0000032628 devstack@n-api.service[70130]: DEBUG dbcounter [-] [70130] Writing DB stats nova_cell1:SELECT=1 {{(pid=70130) stat_writer /opt/stack/data/venv/lib/python3.10/site-packages/dbcounter.py:115}}
Aug 29 09:57:53.928450 np0000032628 devstack@n-api.service[70130]: DEBUG dbcounter [-] [70130] Writing DB stats nova_cell0:SELECT=1 {{(pid=70130) stat_writer /opt/stack/data/venv/lib/python3.10/site-packages/dbcounter.py:115}}
Aug 29 09:57:54.055830 np0000032628 devstack@n-api.service[70130]: DEBUG nova.api.openstack.wsgi [None req-afac1dae-ec3c-4857-9988-28b6c75cf55f admin admin] Calling method '<bound method FlavorsController.detail of <nova.api.openstack.compute.flavors.FlavorsController object at 0x7fb009d26140>>' {{(pid=70130) _process_stack /opt/stack/nova/nova/api/openstack/wsgi.py:556}}
Aug 29 09:57:54.070635 np0000032628 devstack@n-api.service[70130]: INFO nova.api.openstack.requestlog [None req-afac1dae-ec3c-4857-9988-28b6c75cf55f admin admin] 192.168.1.133 "GET /compute/v2.1/flavors/detail?is_public=True" status: 200 len: 15 microversion: 2.61 time: 0.146555
Aug 29 09:57:54.070880 np0000032628 devstack@n-api.service[70130]: [pid: 70130|app: 0|req: 2/3] 192.168.1.133 () {68 vars in 1429 bytes} [Fri Aug 29 09:57:53 2025] GET /compute/v2.1/flavors/detail?is_public=True => generated 15 bytes in 147 msecs (HTTP/1.1 200) 9 headers in 358 bytes (1 switches on core 0)
Aug 29 09:57:54.163502 np0000032628 devstack@n-api.service[70129]: DEBUG nova.api.openstack.wsgi [None req-10dbeb91-9f4d-4d29-8d60-4685bb36ceb0 None None] Calling method '<bound method VersionsV2.index of <nova.api.openstack.compute.versions.VersionsV2 object at 0x7fb00c10ded0>>' {{(pid=70129) _process_stack /opt/stack/nova/nova/api/openstack/wsgi.py:556}}
Aug 29 09:57:54.163936 np0000032628 devstack@n-api.service[70129]: INFO nova.api.openstack.requestlog [None req-10dbeb91-9f4d-4d29-8d60-4685bb36ceb0 None None] 192.168.1.133 "GET /compute/v2.1" status: 200 len: 392 microversion: 2.1 time: 0.002884
Aug 29 09:57:54.164110 np0000032628 devstack@n-api.service[70129]: [pid: 70129|app: 0|req: 2/4] 192.168.1.133 () {62 vars in 1068 bytes} [Fri Aug 29 09:57:54 2025] GET /compute/v2.1 => generated 392 bytes in 3 msecs (HTTP/1.1 200) 9 headers in 357 bytes (1 switches on core 0)
Aug 29 09:57:54.194142 np0000032628 devstack@n-api.service[70130]: DEBUG nova.api.openstack.wsgi [None req-5e88597a-69bc-4479-8c50-8704dc31edd2 admin admin] Action: 'create', calling method: <bound method FlavorsController.create of <nova.api.openstack.compute.flavors.FlavorsController object at 0x7fb009d24fa0>>, body: {"flavor": {"rxtx_factor": 1.0, "OS-FLV-EXT-DATA:ephemeral": 0, "swap": 0, "disk": 1, "id": "c1", "name": "cirros256", "vcpus": 1, "ram": 256, "os-flavor-access:is_public": true}} {{(pid=70130) _process_stack /opt/stack/nova/nova/api/openstack/wsgi.py:554}}
Aug 29 09:57:54.216764 np0000032628 devstack@n-api.service[70130]: INFO nova.api.openstack.requestlog [None req-5e88597a-69bc-4479-8c50-8704dc31edd2 admin admin] 192.168.1.133 "POST /compute/v2.1/flavors" status: 200 len: 413 microversion: 2.61 time: 0.046427
Aug 29 09:57:54.217025 np0000032628 devstack@n-api.service[70130]: [pid: 70130|app: 0|req: 3/5] 192.168.1.133 () {72 vars in 1420 bytes} [Fri Aug 29 09:57:54 2025] POST /compute/v2.1/flavors => generated 413 bytes in 47 msecs (HTTP/1.1 200) 9 headers in 359 bytes (1 switches on core 0)
Aug 29 09:57:54.228200 np0000032628 devstack@n-api.service[70129]: DEBUG dbcounter [-] [70129] Writing DB stats nova_api:SELECT=1 {{(pid=70129) stat_writer /opt/stack/data/venv/lib/python3.10/site-packages/dbcounter.py:115}}
Aug 29 09:57:54.228770 np0000032628 devstack@n-api.service[70129]: DEBUG dbcounter [-] [70129] Writing DB stats nova_cell0:SELECT=1 {{(pid=70129) stat_writer /opt/stack/data/venv/lib/python3.10/site-packages/dbcounter.py:115}}
Aug 29 09:57:54.229132 np0000032628 devstack@n-api.service[70129]: DEBUG dbcounter [-] [70129] Writing DB stats nova_cell1:SELECT=1 {{(pid=70129) stat_writer /opt/stack/data/venv/lib/python3.10/site-packages/dbcounter.py:115}}
Aug 29 09:57:54.229467 np0000032628 devstack@n-api.service[70129]: DEBUG dbcounter [-] [70129] Writing DB stats nova_cell0:SELECT=2,nova_cell0:INSERT=1 {{(pid=70129) stat_writer /opt/stack/data/venv/lib/python3.10/site-packages/dbcounter.py:115}}
Aug 29 09:57:54.297719 np0000032628 devstack@n-api.service[70129]: DEBUG nova.api.openstack.wsgi [None req-271d00b2-28e7-4dfb-b170-f6719811788c admin admin] Action: 'create', calling method: <bound method FlavorExtraSpecsController.create of <nova.api.openstack.compute.flavors_extraspecs.FlavorExtraSpecsController object at 0x7fb009d64eb0>>, body: {"extra_specs": {"hw_rng:allowed": "True"}} {{(pid=70129) _process_stack /opt/stack/nova/nova/api/openstack/wsgi.py:554}}
Aug 29 09:57:54.326771 np0000032628 devstack@n-api.service[70129]: INFO nova.api.openstack.requestlog [None req-271d00b2-28e7-4dfb-b170-f6719811788c admin admin] 192.168.1.133 "POST /compute/v2.1/flavors/c1/os-extra_specs" status: 200 len: 43 microversion: 2.61 time: 0.101691
Aug 29 09:57:54.327128 np0000032628 devstack@n-api.service[70129]: [pid: 70129|app: 0|req: 3/6] 192.168.1.133 () {72 vars in 1473 bytes} [Fri Aug 29 09:57:54 2025] POST /compute/v2.1/flavors/c1/os-extra_specs => generated 43 bytes in 102 msecs (HTTP/1.1 200) 9 headers in 358 bytes (1 switches on core 0)
Aug 29 09:57:54.423765 np0000032628 devstack@n-api.service[70130]: DEBUG nova.api.openstack.wsgi [None req-5e88597a-69bc-4479-8c50-8704dc31edd2 admin admin] Calling method '<bound method VersionsV2.index of <nova.api.openstack.compute.versions.VersionsV2 object at 0x7fb00b27a440>>' {{(pid=70130) _process_stack /opt/stack/nova/nova/api/openstack/wsgi.py:556}}
Aug 29 09:57:54.426414 np0000032628 devstack@n-api.service[70130]: INFO nova.api.openstack.requestlog [None req-5e88597a-69bc-4479-8c50-8704dc31edd2 admin admin] 192.168.1.133 "GET /compute/v2.1" status: 200 len: 392 microversion: 2.1 time: 0.002851
Aug 29 09:57:54.426604 np0000032628 devstack@n-api.service[70130]: [pid: 70130|app: 0|req: 4/7] 192.168.1.133 () {62 vars in 1068 bytes} [Fri Aug 29 09:57:54 2025] GET /compute/v2.1 => generated 392 bytes in 3 msecs (HTTP/1.1 200) 9 headers in 357 bytes (1 switches on core 0)
Aug 29 09:57:54.481516 np0000032628 devstack@n-api.service[70129]: DEBUG nova.api.openstack.wsgi [None req-c0bb517d-00f8-4bd5-8017-a936275ad5cc admin admin] Action: 'create', calling method: <bound method FlavorsController.create of <nova.api.openstack.compute.flavors.FlavorsController object at 0x7fb009d41e40>>, body: {"flavor": {"rxtx_factor": 1.0, "OS-FLV-EXT-DATA:ephemeral": 0, "swap": 0, "disk": 5, "id": "d1", "name": "ds512M", "vcpus": 1, "ram": 512, "os-flavor-access:is_public": true}} {{(pid=70129) _process_stack /opt/stack/nova/nova/api/openstack/wsgi.py:554}}
Aug 29 09:57:54.500156 np0000032628 devstack@n-api.service[70129]: INFO nova.api.openstack.requestlog [None req-c0bb517d-00f8-4bd5-8017-a936275ad5cc admin admin] 192.168.1.133 "POST /compute/v2.1/flavors" status: 200 len: 410 microversion: 2.61 time: 0.067876
Aug 29 09:57:54.500406 np0000032628 devstack@n-api.service[70129]: [pid: 70129|app: 0|req: 4/8] 192.168.1.133 () {72 vars in 1420 bytes} [Fri Aug 29 09:57:54 2025] POST /compute/v2.1/flavors => generated 410 bytes in 68 msecs (HTTP/1.1 200) 9 headers in 359 bytes (1 switches on core 0)
Aug 29 09:57:54.509647 np0000032628 devstack@n-api.service[70130]: DEBUG nova.api.openstack.wsgi [None req-76ffb100-23b2-4133-bcec-cca6a475eebb admin admin] Action: 'create', calling method: <bound method FlavorExtraSpecsController.create of <nova.api.openstack.compute.flavors_extraspecs.FlavorExtraSpecsController object at 0x7fb009d27fd0>>, body: {"extra_specs": {"hw_rng:allowed": "True"}} {{(pid=70130) _process_stack /opt/stack/nova/nova/api/openstack/wsgi.py:554}}
Aug 29 09:57:54.530062 np0000032628 devstack@n-api.service[70130]: INFO nova.api.openstack.requestlog [None req-76ffb100-23b2-4133-bcec-cca6a475eebb admin admin] 192.168.1.133 "POST /compute/v2.1/flavors/d1/os-extra_specs" status: 200 len: 43 microversion: 2.61 time: 0.022092
Aug 29 09:57:54.530378 np0000032628 devstack@n-api.service[70130]: [pid: 70130|app: 0|req: 5/9] 192.168.1.133 () {72 vars in 1473 bytes} [Fri Aug 29 09:57:54 2025] POST /compute/v2.1/flavors/d1/os-extra_specs => generated 43 bytes in 23 msecs (HTTP/1.1 200) 9 headers in 358 bytes (1 switches on core 0)
Aug 29 09:57:54.621192 np0000032628 devstack@n-api.service[70129]: DEBUG nova.api.openstack.wsgi [None req-c0bb517d-00f8-4bd5-8017-a936275ad5cc admin admin] Calling method '<bound method VersionsV2.index of <nova.api.openstack.compute.versions.VersionsV2 object at 0x7fb00c10ded0>>' {{(pid=70129) _process_stack /opt/stack/nova/nova/api/openstack/wsgi.py:556}}
Aug 29 09:57:54.624092 np0000032628 devstack@n-api.service[70129]: INFO nova.api.openstack.requestlog [None req-c0bb517d-00f8-4bd5-8017-a936275ad5cc admin admin] 192.168.1.133 "GET /compute/v2.1" status: 200 len: 392 microversion: 2.1 time: 0.003081
Aug 29 09:57:54.624289 np0000032628 devstack@n-api.service[70129]: [pid: 70129|app: 0|req: 5/10] 192.168.1.133 () {62 vars in 1068 bytes} [Fri Aug 29 09:57:54 2025] GET /compute/v2.1 => generated 392 bytes in 3 msecs (HTTP/1.1 200) 9 headers in 357 bytes (1 switches on core 0)
Aug 29 09:57:54.648686 np0000032628 devstack@n-api.service[70130]: DEBUG nova.api.openstack.wsgi [None req-87b4722d-f1ee-4b0d-aa20-d91725094dea admin admin] Action: 'create', calling method: <bound method FlavorsController.create of <nova.api.openstack.compute.flavors.FlavorsController object at 0x7fb009d24fa0>>, body: {"flavor": {"rxtx_factor": 1.0, "OS-FLV-EXT-DATA:ephemeral": 0, "swap": 0, "disk": 10, "id": "d2", "name": "ds1G", "vcpus": 1, "ram": 1024, "os-flavor-access:is_public": true}} {{(pid=70130) _process_stack /opt/stack/nova/nova/api/openstack/wsgi.py:554}}
Aug 29 09:57:54.659788 np0000032628 devstack@n-api.service[70130]: INFO nova.api.openstack.requestlog [None req-87b4722d-f1ee-4b0d-aa20-d91725094dea admin admin] 192.168.1.133 "POST /compute/v2.1/flavors" status: 200 len: 410 microversion: 2.61 time: 0.030175
Aug 29 09:57:54.660019 np0000032628 devstack@n-api.service[70130]: [pid: 70130|app: 0|req: 6/11] 192.168.1.133 () {72 vars in 1420 bytes} [Fri Aug 29 09:57:54 2025] POST /compute/v2.1/flavors => generated 410 bytes in 30 msecs (HTTP/1.1 200) 9 headers in 359 bytes (1 switches on core 0)
Aug 29 09:57:54.668428 np0000032628 devstack@n-api.service[70129]: DEBUG nova.api.openstack.wsgi [None req-8a8182b7-4c7a-4a59-b513-1540b9d11859 admin admin] Action: 'create', calling method: <bound method FlavorExtraSpecsController.create of <nova.api.openstack.compute.flavors_extraspecs.FlavorExtraSpecsController object at 0x7fb009d64eb0>>, body: {"extra_specs": {"hw_rng:allowed": "True"}} {{(pid=70129) _process_stack /opt/stack/nova/nova/api/openstack/wsgi.py:554}}
Aug 29 09:57:54.681165 np0000032628 devstack@n-api.service[70129]: INFO nova.api.openstack.requestlog [None req-8a8182b7-4c7a-4a59-b513-1540b9d11859 admin admin] 192.168.1.133 "POST /compute/v2.1/flavors/d2/os-extra_specs" status: 200 len: 43 microversion: 2.61 time: 0.014390
Aug 29 09:57:54.681433 np0000032628 devstack@n-api.service[70129]: [pid: 70129|app: 0|req: 6/12] 192.168.1.133 () {72 vars in 1473 bytes} [Fri Aug 29 09:57:54 2025] POST /compute/v2.1/flavors/d2/os-extra_specs => generated 43 bytes in 15 msecs (HTTP/1.1 200) 9 headers in 358 bytes (1 switches on core 0)
Aug 29 09:57:54.772164 np0000032628 devstack@n-api.service[70130]: DEBUG nova.api.openstack.wsgi [None req-87b4722d-f1ee-4b0d-aa20-d91725094dea admin admin] Calling method '<bound method VersionsV2.index of <nova.api.openstack.compute.versions.VersionsV2 object at 0x7fb00b27a440>>' {{(pid=70130) _process_stack /opt/stack/nova/nova/api/openstack/wsgi.py:556}}
Aug 29 09:57:54.774752 np0000032628 devstack@n-api.service[70130]: INFO nova.api.openstack.requestlog [None req-87b4722d-f1ee-4b0d-aa20-d91725094dea admin admin] 192.168.1.133 "GET /compute/v2.1" status: 200 len: 392 microversion: 2.1 time: 0.002793
Aug 29 09:57:54.774935 np0000032628 devstack@n-api.service[70130]: [pid: 70130|app: 0|req: 7/13] 192.168.1.133 () {62 vars in 1068 bytes} [Fri Aug 29 09:57:54 2025] GET /compute/v2.1 => generated 392 bytes in 3 msecs (HTTP/1.1 200) 9 headers in 357 bytes (1 switches on core 0)
Aug 29 09:57:54.800456 np0000032628 devstack@n-api.service[70129]: DEBUG nova.api.openstack.wsgi [None req-fc715f1a-fae8-4b94-a804-e8e61db29833 admin admin] Action: 'create', calling method: <bound method FlavorsController.create of <nova.api.openstack.compute.flavors.FlavorsController object at 0x7fb009d41e40>>, body: {"flavor": {"rxtx_factor": 1.0, "OS-FLV-EXT-DATA:ephemeral": 0, "swap": 0, "disk": 10, "id": "d3", "name": "ds2G", "vcpus": 2, "ram": 2048, "os-flavor-access:is_public": true}} {{(pid=70129) _process_stack /opt/stack/nova/nova/api/openstack/wsgi.py:554}}
Aug 29 09:57:54.814869 np0000032628 devstack@n-api.service[70129]: INFO nova.api.openstack.requestlog [None req-fc715f1a-fae8-4b94-a804-e8e61db29833 admin admin] 192.168.1.133 "POST /compute/v2.1/flavors" status: 200 len: 410 microversion: 2.61 time: 0.034076
Aug 29 09:57:54.815176 np0000032628 devstack@n-api.service[70129]: [pid: 70129|app: 0|req: 7/14] 192.168.1.133 () {72 vars in 1420 bytes} [Fri Aug 29 09:57:54 2025] POST /compute/v2.1/flavors => generated 410 bytes in 34 msecs (HTTP/1.1 200) 9 headers in 359 bytes (1 switches on core 0)
Aug 29 09:57:54.824510 np0000032628 devstack@n-api.service[70130]: DEBUG nova.api.openstack.wsgi [None req-34e5ff50-8fb3-4f36-84eb-3683afbdc229 admin admin] Action: 'create', calling method: <bound method FlavorExtraSpecsController.create of <nova.api.openstack.compute.flavors_extraspecs.FlavorExtraSpecsController object at 0x7fb009d27fd0>>, body: {"extra_specs": {"hw_rng:allowed": "True"}} {{(pid=70130) _process_stack /opt/stack/nova/nova/api/openstack/wsgi.py:554}}
Aug 29 09:57:54.837618 np0000032628 devstack@n-api.service[70130]: INFO nova.api.openstack.requestlog [None req-34e5ff50-8fb3-4f36-84eb-3683afbdc229 admin admin] 192.168.1.133 "POST /compute/v2.1/flavors/d3/os-extra_specs" status: 200 len: 43 microversion: 2.61 time: 0.014854
Aug 29 09:57:54.837873 np0000032628 devstack@n-api.service[70130]: [pid: 70130|app: 0|req: 8/15] 192.168.1.133 () {72 vars in 1473 bytes} [Fri Aug 29 09:57:54 2025] POST /compute/v2.1/flavors/d3/os-extra_specs => generated 43 bytes in 15 msecs (HTTP/1.1 200) 9 headers in 358 bytes (1 switches on core 0)
Aug 29 09:57:54.926769 np0000032628 devstack@n-api.service[70129]: DEBUG nova.api.openstack.wsgi [None req-fc715f1a-fae8-4b94-a804-e8e61db29833 admin admin] Calling method '<bound method VersionsV2.index of <nova.api.openstack.compute.versions.VersionsV2 object at 0x7fb00c10ded0>>' {{(pid=70129) _process_stack /opt/stack/nova/nova/api/openstack/wsgi.py:556}}
Aug 29 09:57:54.929437 np0000032628 devstack@n-api.service[70129]: INFO nova.api.openstack.requestlog [None req-fc715f1a-fae8-4b94-a804-e8e61db29833 admin admin] 192.168.1.133 "GET /compute/v2.1" status: 200 len: 392 microversion: 2.1 time: 0.002875
Aug 29 09:57:54.929625 np0000032628 devstack@n-api.service[70129]: [pid: 70129|app: 0|req: 8/16] 192.168.1.133 () {62 vars in 1068 bytes} [Fri Aug 29 09:57:54 2025] GET /compute/v2.1 => generated 392 bytes in 3 msecs (HTTP/1.1 200) 9 headers in 357 bytes (1 switches on core 0)
Aug 29 09:57:54.954104 np0000032628 devstack@n-api.service[70130]: DEBUG nova.api.openstack.wsgi [None req-dcdbeff9-5016-4444-a692-821385853c7a admin admin] Action: 'create', calling method: <bound method FlavorsController.create of <nova.api.openstack.compute.flavors.FlavorsController object at 0x7fb009d24fa0>>, body: {"flavor": {"rxtx_factor": 1.0, "OS-FLV-EXT-DATA:ephemeral": 0, "swap": 0, "disk": 20, "id": "d4", "name": "ds4G", "vcpus": 4, "ram": 4096, "os-flavor-access:is_public": true}} {{(pid=70130) _process_stack /opt/stack/nova/nova/api/openstack/wsgi.py:554}}
Aug 29 09:57:54.965047 np0000032628 devstack@n-api.service[70130]: INFO nova.api.openstack.requestlog [None req-dcdbeff9-5016-4444-a692-821385853c7a admin admin] 192.168.1.133 "POST /compute/v2.1/flavors" status: 200 len: 410 microversion: 2.61 time: 0.029914
Aug 29 09:57:54.965285 np0000032628 devstack@n-api.service[70130]: [pid: 70130|app: 0|req: 9/17] 192.168.1.133 () {72 vars in 1420 bytes} [Fri Aug 29 09:57:54 2025] POST /compute/v2.1/flavors => generated 410 bytes in 30 msecs (HTTP/1.1 200) 9 headers in 359 bytes (1 switches on core 0)
Aug 29 09:57:54.974060 np0000032628 devstack@n-api.service[70129]: DEBUG nova.api.openstack.wsgi [None req-0418d853-befe-44eb-97d9-758943987bc2 admin admin] Action: 'create', calling method: <bound method FlavorExtraSpecsController.create of <nova.api.openstack.compute.flavors_extraspecs.FlavorExtraSpecsController object at 0x7fb009d64eb0>>, body: {"extra_specs": {"hw_rng:allowed": "True"}} {{(pid=70129) _process_stack /opt/stack/nova/nova/api/openstack/wsgi.py:554}}
Aug 29 09:57:54.988011 np0000032628 devstack@n-api.service[70129]: INFO nova.api.openstack.requestlog [None req-0418d853-befe-44eb-97d9-758943987bc2 admin admin] 192.168.1.133 "POST /compute/v2.1/flavors/d4/os-extra_specs" status: 200 len: 43 microversion: 2.61 time: 0.015653
Aug 29 09:57:54.988324 np0000032628 devstack@n-api.service[70129]: [pid: 70129|app: 0|req: 9/18] 192.168.1.133 () {72 vars in 1473 bytes} [Fri Aug 29 09:57:54 2025] POST /compute/v2.1/flavors/d4/os-extra_specs => generated 43 bytes in 16 msecs (HTTP/1.1 200) 9 headers in 358 bytes (1 switches on core 0)
Aug 29 09:57:55.075669 np0000032628 devstack@n-api.service[70130]: DEBUG nova.api.openstack.wsgi [None req-dcdbeff9-5016-4444-a692-821385853c7a admin admin] Calling method '<bound method VersionsV2.index of <nova.api.openstack.compute.versions.VersionsV2 object at 0x7fb00b27a440>>' {{(pid=70130) _process_stack /opt/stack/nova/nova/api/openstack/wsgi.py:556}}
Aug 29 09:57:55.078525 np0000032628 devstack@n-api.service[70130]: INFO nova.api.openstack.requestlog [None req-dcdbeff9-5016-4444-a692-821385853c7a admin admin] 192.168.1.133 "GET /compute/v2.1" status: 200 len: 392 microversion: 2.1 time: 0.003063
Aug 29 09:57:55.078711 np0000032628 devstack@n-api.service[70130]: [pid: 70130|app: 0|req: 10/19] 192.168.1.133 () {62 vars in 1068 bytes} [Fri Aug 29 09:57:55 2025] GET /compute/v2.1 => generated 392 bytes in 3 msecs (HTTP/1.1 200) 9 headers in 357 bytes (1 switches on core 0)
Aug 29 09:57:55.102739 np0000032628 devstack@n-api.service[70129]: DEBUG nova.api.openstack.wsgi [None req-56674c4a-52c4-4854-ab71-3ea7c894ae5f admin admin] Calling method '<bound method FlavorsController.detail of <nova.api.openstack.compute.flavors.FlavorsController object at 0x7fb009d42fe0>>' {{(pid=70129) _process_stack /opt/stack/nova/nova/api/openstack/wsgi.py:556}}
Aug 29 09:57:55.116901 np0000032628 devstack@n-api.service[70129]: INFO nova.api.openstack.requestlog [None req-56674c4a-52c4-4854-ab71-3ea7c894ae5f admin admin] 192.168.1.133 "GET /compute/v2.1/flavors/detail?is_public=True" status: 200 len: 2136 microversion: 2.61 time: 0.032841
Aug 29 09:57:55.117202 np0000032628 devstack@n-api.service[70129]: [pid: 70129|app: 0|req: 10/20] 192.168.1.133 () {68 vars in 1429 bytes} [Fri Aug 29 09:57:55 2025] GET /compute/v2.1/flavors/detail?is_public=True => generated 2136 bytes in 33 msecs (HTTP/1.1 200) 9 headers in 360 bytes (1 switches on core 0)
Aug 29 09:57:55.206652 np0000032628 devstack@n-api.service[70130]: DEBUG nova.api.openstack.wsgi [None req-dcdbeff9-5016-4444-a692-821385853c7a admin admin] Calling method '<bound method VersionsV2.index of <nova.api.openstack.compute.versions.VersionsV2 object at 0x7fb00b27a440>>' {{(pid=70130) _process_stack /opt/stack/nova/nova/api/openstack/wsgi.py:556}}
Aug 29 09:57:55.209254 np0000032628 devstack@n-api.service[70130]: INFO nova.api.openstack.requestlog [None req-dcdbeff9-5016-4444-a692-821385853c7a admin admin] 192.168.1.133 "GET /compute/v2.1" status: 200 len: 392 microversion: 2.1 time: 0.002800
Aug 29 09:57:55.209433 np0000032628 devstack@n-api.service[70130]: [pid: 70130|app: 0|req: 11/21] 192.168.1.133 () {62 vars in 1068 bytes} [Fri Aug 29 09:57:55 2025] GET /compute/v2.1 => generated 392 bytes in 3 msecs (HTTP/1.1 200) 9 headers in 357 bytes (1 switches on core 0)
Aug 29 09:57:55.233546 np0000032628 devstack@n-api.service[70129]: DEBUG nova.api.openstack.wsgi [None req-a53c8e89-055a-4980-948c-8489097ffa40 admin admin] Action: 'create', calling method: <bound method FlavorsController.create of <nova.api.openstack.compute.flavors.FlavorsController object at 0x7fb009d41e40>>, body: {"flavor": {"rxtx_factor": 1.0, "OS-FLV-EXT-DATA:ephemeral": 0, "swap": 0, "disk": 1, "id": "1", "name": "m1.tiny", "vcpus": 1, "ram": 512, "os-flavor-access:is_public": true}} {{(pid=70129) _process_stack /opt/stack/nova/nova/api/openstack/wsgi.py:554}}
Aug 29 09:57:55.245374 np0000032628 devstack@n-api.service[70129]: INFO nova.api.openstack.requestlog [None req-a53c8e89-055a-4980-948c-8489097ffa40 admin admin] 192.168.1.133 "POST /compute/v2.1/flavors" status: 200 len: 408 microversion: 2.61 time: 0.030672
Aug 29 09:57:55.245704 np0000032628 devstack@n-api.service[70129]: [pid: 70129|app: 0|req: 11/22] 192.168.1.133 () {72 vars in 1420 bytes} [Fri Aug 29 09:57:55 2025] POST /compute/v2.1/flavors => generated 408 bytes in 31 msecs (HTTP/1.1 200) 9 headers in 359 bytes (1 switches on core 0)
Aug 29 09:57:55.254450 np0000032628 devstack@n-api.service[70130]: DEBUG nova.api.openstack.wsgi [None req-b80fb684-23e7-4df0-8596-16dd9a154859 admin admin] Action: 'create', calling method: <bound method FlavorExtraSpecsController.create of <nova.api.openstack.compute.flavors_extraspecs.FlavorExtraSpecsController object at 0x7fb009d27fd0>>, body: {"extra_specs": {"hw_rng:allowed": "True"}} {{(pid=70130) _process_stack /opt/stack/nova/nova/api/openstack/wsgi.py:554}}
Aug 29 09:57:55.267391 np0000032628 devstack@n-api.service[70130]: INFO nova.api.openstack.requestlog [None req-b80fb684-23e7-4df0-8596-16dd9a154859 admin admin] 192.168.1.133 "POST /compute/v2.1/flavors/1/os-extra_specs" status: 200 len: 43 microversion: 2.61 time: 0.014673
Aug 29 09:57:55.267695 np0000032628 devstack@n-api.service[70130]: [pid: 70130|app: 0|req: 12/23] 192.168.1.133 () {72 vars in 1470 bytes} [Fri Aug 29 09:57:55 2025] POST /compute/v2.1/flavors/1/os-extra_specs => generated 43 bytes in 15 msecs (HTTP/1.1 200) 9 headers in 358 bytes (1 switches on core 0)
Aug 29 09:57:55.355941 np0000032628 devstack@n-api.service[70129]: DEBUG nova.api.openstack.wsgi [None req-a53c8e89-055a-4980-948c-8489097ffa40 admin admin] Calling method '<bound method VersionsV2.index of <nova.api.openstack.compute.versions.VersionsV2 object at 0x7fb00c10ded0>>' {{(pid=70129) _process_stack /opt/stack/nova/nova/api/openstack/wsgi.py:556}}
Aug 29 09:57:55.359994 np0000032628 devstack@n-api.service[70129]: INFO nova.api.openstack.requestlog [None req-a53c8e89-055a-4980-948c-8489097ffa40 admin admin] 192.168.1.133 "GET /compute/v2.1" status: 200 len: 392 microversion: 2.1 time: 0.004219
Aug 29 09:57:55.360242 np0000032628 devstack@n-api.service[70129]: [pid: 70129|app: 0|req: 12/24] 192.168.1.133 () {62 vars in 1068 bytes} [Fri Aug 29 09:57:55 2025] GET /compute/v2.1 => generated 392 bytes in 5 msecs (HTTP/1.1 200) 9 headers in 357 bytes (1 switches on core 0)
Aug 29 09:57:55.391761 np0000032628 devstack@n-api.service[70130]: DEBUG nova.api.openstack.wsgi [None req-cf775a8b-3bb6-48b8-a046-745433889d32 admin admin] Action: 'create', calling method: <bound method FlavorsController.create of <nova.api.openstack.compute.flavors.FlavorsController object at 0x7fb009d24fa0>>, body: {"flavor": {"rxtx_factor": 1.0, "OS-FLV-EXT-DATA:ephemeral": 0, "swap": 0, "disk": 20, "id": "2", "name": "m1.small", "vcpus": 1, "ram": 2048, "os-flavor-access:is_public": true}} {{(pid=70130) _process_stack /opt/stack/nova/nova/api/openstack/wsgi.py:554}}
Aug 29 09:57:55.403085 np0000032628 devstack@n-api.service[70130]: INFO nova.api.openstack.requestlog [None req-cf775a8b-3bb6-48b8-a046-745433889d32 admin admin] 192.168.1.133 "POST /compute/v2.1/flavors" status: 200 len: 411 microversion: 2.61 time: 0.033310
Aug 29 09:57:55.403358 np0000032628 devstack@n-api.service[70130]: [pid: 70130|app: 0|req: 13/25] 192.168.1.133 () {72 vars in 1420 bytes} [Fri Aug 29 09:57:55 2025] POST /compute/v2.1/flavors => generated 411 bytes in 34 msecs (HTTP/1.1 200) 9 headers in 359 bytes (1 switches on core 0)
Aug 29 09:57:55.414562 np0000032628 devstack@n-api.service[70129]: DEBUG nova.api.openstack.wsgi [None req-cad810c1-fde9-4068-b674-fe601ab83335 admin admin] Action: 'create', calling method: <bound method FlavorExtraSpecsController.create of <nova.api.openstack.compute.flavors_extraspecs.FlavorExtraSpecsController object at 0x7fb009d64eb0>>, body: {"extra_specs": {"hw_rng:allowed": "True"}} {{(pid=70129) _process_stack /opt/stack/nova/nova/api/openstack/wsgi.py:554}}
Aug 29 09:57:55.428873 np0000032628 devstack@n-api.service[70129]: INFO nova.api.openstack.requestlog [None req-cad810c1-fde9-4068-b674-fe601ab83335 admin admin] 192.168.1.133 "POST /compute/v2.1/flavors/2/os-extra_specs" status: 200 len: 43 microversion: 2.61 time: 0.016206
Aug 29 09:57:55.429220 np0000032628 devstack@n-api.service[70129]: [pid: 70129|app: 0|req: 13/26] 192.168.1.133 () {72 vars in 1470 bytes} [Fri Aug 29 09:57:55 2025] POST /compute/v2.1/flavors/2/os-extra_specs => generated 43 bytes in 17 msecs (HTTP/1.1 200) 9 headers in 358 bytes (1 switches on core 0)
Aug 29 09:57:55.519222 np0000032628 devstack@n-api.service[70130]: DEBUG nova.api.openstack.wsgi [None req-cf775a8b-3bb6-48b8-a046-745433889d32 admin admin] Calling method '<bound method VersionsV2.index of <nova.api.openstack.compute.versions.VersionsV2 object at 0x7fb00b27a440>>' {{(pid=70130) _process_stack /opt/stack/nova/nova/api/openstack/wsgi.py:556}}
Aug 29 09:57:55.522170 np0000032628 devstack@n-api.service[70130]: INFO nova.api.openstack.requestlog [None req-cf775a8b-3bb6-48b8-a046-745433889d32 admin admin] 192.168.1.133 "GET /compute/v2.1" status: 200 len: 392 microversion: 2.1 time: 0.003140
Aug 29 09:57:55.522352 np0000032628 devstack@n-api.service[70130]: [pid: 70130|app: 0|req: 14/27] 192.168.1.133 () {62 vars in 1068 bytes} [Fri Aug 29 09:57:55 2025] GET /compute/v2.1 => generated 392 bytes in 3 msecs (HTTP/1.1 200) 9 headers in 357 bytes (1 switches on core 0)
