Aug 11 06:10:15.846676 np0000032519 devstack@n-api.service[69433]: DEBUG nova.api.openstack.wsgi_app [-] oslo_messaging_rabbit.rpc_conn_pool_size = 30 {{(pid=69433) log_opt_values /opt/stack/data/venv/lib/python3.12/site-packages/oslo_config/cfg.py:2824}}
Aug 11 06:10:15.846757 np0000032519 devstack@n-api.service[69433]: DEBUG nova.api.openstack.wsgi_app [-] oslo_messaging_rabbit.ssl      = False {{(pid=69433) log_opt_values /opt/stack/data/venv/lib/python3.12/site-packages/oslo_config/cfg.py:2824}}
Aug 11 06:10:15.846848 np0000032519 devstack@n-api.service[69433]: DEBUG nova.api.openstack.wsgi_app [-] oslo_messaging_rabbit.ssl_ca_file =  {{(pid=69433) log_opt_values /opt/stack/data/venv/lib/python3.12/site-packages/oslo_config/cfg.py:2824}}
Aug 11 06:10:15.846931 np0000032519 devstack@n-api.service[69433]: DEBUG nova.api.openstack.wsgi_app [-] oslo_messaging_rabbit.ssl_cert_file =  {{(pid=69433) log_opt_values /opt/stack/data/venv/lib/python3.12/site-packages/oslo_config/cfg.py:2824}}
Aug 11 06:10:15.847010 np0000032519 devstack@n-api.service[69433]: DEBUG nova.api.openstack.wsgi_app [-] oslo_messaging_rabbit.ssl_enforce_fips_mode = False {{(pid=69433) log_opt_values /opt/stack/data/venv/lib/python3.12/site-packages/oslo_config/cfg.py:2824}}
Aug 11 06:10:15.847092 np0000032519 devstack@n-api.service[69433]: DEBUG nova.api.openstack.wsgi_app [-] oslo_messaging_rabbit.ssl_key_file =  {{(pid=69433) log_opt_values /opt/stack/data/venv/lib/python3.12/site-packages/oslo_config/cfg.py:2824}}
Aug 11 06:10:15.847175 np0000032519 devstack@n-api.service[69433]: DEBUG nova.api.openstack.wsgi_app [-] oslo_messaging_rabbit.ssl_version =  {{(pid=69433) log_opt_values /opt/stack/data/venv/lib/python3.12/site-packages/oslo_config/cfg.py:2824}}
Aug 11 06:10:15.847262 np0000032519 devstack@n-api.service[69433]: DEBUG nova.api.openstack.wsgi_app [-] oslo_messaging_rabbit.use_queue_manager = False {{(pid=69433) log_opt_values /opt/stack/data/venv/lib/python3.12/site-packages/oslo_config/cfg.py:2824}}
Aug 11 06:10:15.847358 np0000032519 devstack@n-api.service[69433]: DEBUG nova.api.openstack.wsgi_app [-] oslo_messaging_notifications.driver = ['messagingv2'] {{(pid=69433) log_opt_values /opt/stack/data/venv/lib/python3.12/site-packages/oslo_config/cfg.py:2824}}
Aug 11 06:10:15.847440 np0000032519 devstack@n-api.service[69433]: DEBUG nova.api.openstack.wsgi_app [-] oslo_messaging_notifications.retry = -1 {{(pid=69433) log_opt_values /opt/stack/data/venv/lib/python3.12/site-packages/oslo_config/cfg.py:2824}}
Aug 11 06:10:15.847531 np0000032519 devstack@n-api.service[69433]: DEBUG nova.api.openstack.wsgi_app [-] oslo_messaging_notifications.topics = ['notifications'] {{(pid=69433) log_opt_values /opt/stack/data/venv/lib/python3.12/site-packages/oslo_config/cfg.py:2824}}
Aug 11 06:10:15.847615 np0000032519 devstack@n-api.service[69433]: DEBUG nova.api.openstack.wsgi_app [-] oslo_messaging_notifications.transport_url = **** {{(pid=69433) log_opt_values /opt/stack/data/venv/lib/python3.12/site-packages/oslo_config/cfg.py:2824}}
Aug 11 06:10:15.847699 np0000032519 devstack@n-api.service[69433]: DEBUG nova.api.openstack.wsgi_app [-] oslo_reports.file_event_handler = None {{(pid=69433) log_opt_values /opt/stack/data/venv/lib/python3.12/site-packages/oslo_config/cfg.py:2824}}
Aug 11 06:10:15.847789 np0000032519 devstack@n-api.service[69433]: DEBUG nova.api.openstack.wsgi_app [-] oslo_reports.file_event_handler_interval = 1 {{(pid=69433) log_opt_values /opt/stack/data/venv/lib/python3.12/site-packages/oslo_config/cfg.py:2824}}
Aug 11 06:10:15.847870 np0000032519 devstack@n-api.service[69433]: DEBUG nova.api.openstack.wsgi_app [-] oslo_reports.log_dir           = None {{(pid=69433) log_opt_values /opt/stack/data/venv/lib/python3.12/site-packages/oslo_config/cfg.py:2824}}
Aug 11 06:10:15.847935 np0000032519 devstack@n-api.service[69433]: DEBUG nova.api.openstack.wsgi_app [-] ******************************************************************************** {{(pid=69433) log_opt_values /opt/stack/data/venv/lib/python3.12/site-packages/oslo_config/cfg.py:2828}}
Aug 11 06:10:15.873139 np0000032519 devstack@n-api.service[69432]: INFO dbcounter [None req-5ab2a80c-3026-48d7-ac18-b12d29646985 None None] Registered counter for database nova_api
Aug 11 06:10:15.877052 np0000032519 devstack@n-api.service[69433]: INFO dbcounter [None req-633ae452-1f7e-43c0-b059-9b502cf05511 None None] Registered counter for database nova_api
Aug 11 06:10:15.882958 np0000032519 devstack@n-api.service[69432]: DEBUG oslo_db.sqlalchemy.engines [None req-5ab2a80c-3026-48d7-ac18-b12d29646985 None None] MySQL server mode set to STRICT_TRANS_TABLES,STRICT_ALL_TABLES,NO_ZERO_IN_DATE,NO_ZERO_DATE,ERROR_FOR_DIVISION_BY_ZERO,TRADITIONAL,NO_ENGINE_SUBSTITUTION {{(pid=69432) _check_effective_sql_mode /opt/stack/data/venv/lib/python3.12/site-packages/oslo_db/sqlalchemy/engines.py:397}}
Aug 11 06:10:15.888521 np0000032519 devstack@n-api.service[69433]: DEBUG oslo_db.sqlalchemy.engines [None req-633ae452-1f7e-43c0-b059-9b502cf05511 None None] MySQL server mode set to STRICT_TRANS_TABLES,STRICT_ALL_TABLES,NO_ZERO_IN_DATE,NO_ZERO_DATE,ERROR_FOR_DIVISION_BY_ZERO,TRADITIONAL,NO_ENGINE_SUBSTITUTION {{(pid=69433) _check_effective_sql_mode /opt/stack/data/venv/lib/python3.12/site-packages/oslo_db/sqlalchemy/engines.py:397}}
Aug 11 06:10:15.906964 np0000032519 devstack@n-api.service[69432]: DEBUG dbcounter [-] [69432] Writer thread running {{(pid=69432) stat_writer /opt/stack/data/venv/lib/python3.12/site-packages/dbcounter.py:102}}
Aug 11 06:10:15.908379 np0000032519 devstack@n-api.service[69432]: DEBUG nova.context [None req-5ab2a80c-3026-48d7-ac18-b12d29646985 None None] Found 2 cells: 00000000-0000-0000-0000-000000000000(cell0),4836c5c0-6c11-42ae-9510-52520c5b6bcd(cell1) {{(pid=69432) load_cells /opt/stack/nova/nova/context.py:464}}
Aug 11 06:10:15.909918 np0000032519 devstack@n-api.service[69432]: DEBUG oslo_concurrency.lockutils [None req-5ab2a80c-3026-48d7-ac18-b12d29646985 None None] Acquiring lock "00000000-0000-0000-0000-000000000000" by "nova.context.set_target_cell.<locals>.get_or_set_cached_cell_and_set_connections" {{(pid=69432) inner /opt/stack/data/venv/lib/python3.12/site-packages/oslo_concurrency/lockutils.py:405}}
Aug 11 06:10:15.910096 np0000032519 devstack@n-api.service[69432]: DEBUG oslo_concurrency.lockutils [None req-5ab2a80c-3026-48d7-ac18-b12d29646985 None None] Lock "00000000-0000-0000-0000-000000000000" acquired by "nova.context.set_target_cell.<locals>.get_or_set_cached_cell_and_set_connections" :: waited 0.000s {{(pid=69432) inner /opt/stack/data/venv/lib/python3.12/site-packages/oslo_concurrency/lockutils.py:410}}
Aug 11 06:10:15.910426 np0000032519 devstack@n-api.service[69432]: DEBUG oslo_concurrency.lockutils [None req-5ab2a80c-3026-48d7-ac18-b12d29646985 None None] Lock "00000000-0000-0000-0000-000000000000" "released" by "nova.context.set_target_cell.<locals>.get_or_set_cached_cell_and_set_connections" :: held 0.000s {{(pid=69432) inner /opt/stack/data/venv/lib/python3.12/site-packages/oslo_concurrency/lockutils.py:424}}
Aug 11 06:10:15.910755 np0000032519 devstack@n-api.service[69432]: DEBUG oslo_concurrency.lockutils [None req-5ab2a80c-3026-48d7-ac18-b12d29646985 None None] Acquiring lock "4836c5c0-6c11-42ae-9510-52520c5b6bcd" by "nova.context.set_target_cell.<locals>.get_or_set_cached_cell_and_set_connections" {{(pid=69432) inner /opt/stack/data/venv/lib/python3.12/site-packages/oslo_concurrency/lockutils.py:405}}
Aug 11 06:10:15.910900 np0000032519 devstack@n-api.service[69432]: DEBUG oslo_concurrency.lockutils [None req-5ab2a80c-3026-48d7-ac18-b12d29646985 None None] Lock "4836c5c0-6c11-42ae-9510-52520c5b6bcd" acquired by "nova.context.set_target_cell.<locals>.get_or_set_cached_cell_and_set_connections" :: waited 0.000s {{(pid=69432) inner /opt/stack/data/venv/lib/python3.12/site-packages/oslo_concurrency/lockutils.py:410}}
Aug 11 06:10:15.911332 np0000032519 devstack@n-api.service[69433]: DEBUG dbcounter [-] [69433] Writer thread running {{(pid=69433) stat_writer /opt/stack/data/venv/lib/python3.12/site-packages/dbcounter.py:102}}
Aug 11 06:10:15.911640 np0000032519 devstack@n-api.service[69432]: DEBUG oslo_concurrency.lockutils [None req-5ab2a80c-3026-48d7-ac18-b12d29646985 None None] Lock "4836c5c0-6c11-42ae-9510-52520c5b6bcd" "released" by "nova.context.set_target_cell.<locals>.get_or_set_cached_cell_and_set_connections" :: held 0.001s {{(pid=69432) inner /opt/stack/data/venv/lib/python3.12/site-packages/oslo_concurrency/lockutils.py:424}}
Aug 11 06:10:15.912673 np0000032519 devstack@n-api.service[69432]: INFO dbcounter [None req-5ab2a80c-3026-48d7-ac18-b12d29646985 None None] Registered counter for database nova_cell0
Aug 11 06:10:15.913095 np0000032519 devstack@n-api.service[69433]: DEBUG nova.context [None req-633ae452-1f7e-43c0-b059-9b502cf05511 None None] Found 2 cells: 00000000-0000-0000-0000-000000000000(cell0),4836c5c0-6c11-42ae-9510-52520c5b6bcd(cell1) {{(pid=69433) load_cells /opt/stack/nova/nova/context.py:464}}
Aug 11 06:10:15.914604 np0000032519 devstack@n-api.service[69433]: DEBUG oslo_concurrency.lockutils [None req-633ae452-1f7e-43c0-b059-9b502cf05511 None None] Acquiring lock "00000000-0000-0000-0000-000000000000" by "nova.context.set_target_cell.<locals>.get_or_set_cached_cell_and_set_connections" {{(pid=69433) inner /opt/stack/data/venv/lib/python3.12/site-packages/oslo_concurrency/lockutils.py:405}}
Aug 11 06:10:15.914793 np0000032519 devstack@n-api.service[69433]: DEBUG oslo_concurrency.lockutils [None req-633ae452-1f7e-43c0-b059-9b502cf05511 None None] Lock "00000000-0000-0000-0000-000000000000" acquired by "nova.context.set_target_cell.<locals>.get_or_set_cached_cell_and_set_connections" :: waited 0.000s {{(pid=69433) inner /opt/stack/data/venv/lib/python3.12/site-packages/oslo_concurrency/lockutils.py:410}}
Aug 11 06:10:15.915127 np0000032519 devstack@n-api.service[69433]: DEBUG oslo_concurrency.lockutils [None req-633ae452-1f7e-43c0-b059-9b502cf05511 None None] Lock "00000000-0000-0000-0000-000000000000" "released" by "nova.context.set_target_cell.<locals>.get_or_set_cached_cell_and_set_connections" :: held 0.000s {{(pid=69433) inner /opt/stack/data/venv/lib/python3.12/site-packages/oslo_concurrency/lockutils.py:424}}
Aug 11 06:10:15.915433 np0000032519 devstack@n-api.service[69432]: INFO dbcounter [None req-5ab2a80c-3026-48d7-ac18-b12d29646985 None None] Registered counter for database nova_cell1
Aug 11 06:10:15.915472 np0000032519 devstack@n-api.service[69433]: DEBUG oslo_concurrency.lockutils [None req-633ae452-1f7e-43c0-b059-9b502cf05511 None None] Acquiring lock "4836c5c0-6c11-42ae-9510-52520c5b6bcd" by "nova.context.set_target_cell.<locals>.get_or_set_cached_cell_and_set_connections" {{(pid=69433) inner /opt/stack/data/venv/lib/python3.12/site-packages/oslo_concurrency/lockutils.py:405}}
Aug 11 06:10:15.915614 np0000032519 devstack@n-api.service[69433]: DEBUG oslo_concurrency.lockutils [None req-633ae452-1f7e-43c0-b059-9b502cf05511 None None] Lock "4836c5c0-6c11-42ae-9510-52520c5b6bcd" acquired by "nova.context.set_target_cell.<locals>.get_or_set_cached_cell_and_set_connections" :: waited 0.000s {{(pid=69433) inner /opt/stack/data/venv/lib/python3.12/site-packages/oslo_concurrency/lockutils.py:410}}
Aug 11 06:10:15.916321 np0000032519 devstack@n-api.service[69433]: DEBUG oslo_concurrency.lockutils [None req-633ae452-1f7e-43c0-b059-9b502cf05511 None None] Lock "4836c5c0-6c11-42ae-9510-52520c5b6bcd" "released" by "nova.context.set_target_cell.<locals>.get_or_set_cached_cell_and_set_connections" :: held 0.001s {{(pid=69433) inner /opt/stack/data/venv/lib/python3.12/site-packages/oslo_concurrency/lockutils.py:424}}
Aug 11 06:10:15.917354 np0000032519 devstack@n-api.service[69433]: INFO dbcounter [None req-633ae452-1f7e-43c0-b059-9b502cf05511 None None] Registered counter for database nova_cell0
Aug 11 06:10:15.918377 np0000032519 devstack@n-api.service[69432]: DEBUG oslo_db.sqlalchemy.engines [None req-5ab2a80c-3026-48d7-ac18-b12d29646985 None None] MySQL server mode set to STRICT_TRANS_TABLES,STRICT_ALL_TABLES,NO_ZERO_IN_DATE,NO_ZERO_DATE,ERROR_FOR_DIVISION_BY_ZERO,TRADITIONAL,NO_ENGINE_SUBSTITUTION {{(pid=69432) _check_effective_sql_mode /opt/stack/data/venv/lib/python3.12/site-packages/oslo_db/sqlalchemy/engines.py:397}}
Aug 11 06:10:15.919228 np0000032519 devstack@n-api.service[69433]: INFO dbcounter [None req-633ae452-1f7e-43c0-b059-9b502cf05511 None None] Registered counter for database nova_cell1
Aug 11 06:10:15.923111 np0000032519 devstack@n-api.service[69433]: DEBUG oslo_db.sqlalchemy.engines [None req-633ae452-1f7e-43c0-b059-9b502cf05511 None None] MySQL server mode set to STRICT_TRANS_TABLES,STRICT_ALL_TABLES,NO_ZERO_IN_DATE,NO_ZERO_DATE,ERROR_FOR_DIVISION_BY_ZERO,TRADITIONAL,NO_ENGINE_SUBSTITUTION {{(pid=69433) _check_effective_sql_mode /opt/stack/data/venv/lib/python3.12/site-packages/oslo_db/sqlalchemy/engines.py:397}}
Aug 11 06:10:15.979641 np0000032519 devstack@n-api.service[69432]: DEBUG oslo_db.sqlalchemy.engines [None req-5ab2a80c-3026-48d7-ac18-b12d29646985 None None] MySQL server mode set to STRICT_TRANS_TABLES,STRICT_ALL_TABLES,NO_ZERO_IN_DATE,NO_ZERO_DATE,ERROR_FOR_DIVISION_BY_ZERO,TRADITIONAL,NO_ENGINE_SUBSTITUTION {{(pid=69432) _check_effective_sql_mode /opt/stack/data/venv/lib/python3.12/site-packages/oslo_db/sqlalchemy/engines.py:397}}
Aug 11 06:10:15.980021 np0000032519 devstack@n-api.service[69432]: DEBUG dbcounter [-] [69432] Writer thread running {{(pid=69432) stat_writer /opt/stack/data/venv/lib/python3.12/site-packages/dbcounter.py:102}}
Aug 11 06:10:15.983642 np0000032519 devstack@n-api.service[69432]: DEBUG dbcounter [-] [69432] Writer thread running {{(pid=69432) stat_writer /opt/stack/data/venv/lib/python3.12/site-packages/dbcounter.py:102}}
Aug 11 06:10:15.984632 np0000032519 devstack@n-api.service[69433]: DEBUG oslo_db.sqlalchemy.engines [None req-633ae452-1f7e-43c0-b059-9b502cf05511 None None] MySQL server mode set to STRICT_TRANS_TABLES,STRICT_ALL_TABLES,NO_ZERO_IN_DATE,NO_ZERO_DATE,ERROR_FOR_DIVISION_BY_ZERO,TRADITIONAL,NO_ENGINE_SUBSTITUTION {{(pid=69433) _check_effective_sql_mode /opt/stack/data/venv/lib/python3.12/site-packages/oslo_db/sqlalchemy/engines.py:397}}
Aug 11 06:10:15.984993 np0000032519 devstack@n-api.service[69433]: DEBUG dbcounter [-] [69433] Writer thread running {{(pid=69433) stat_writer /opt/stack/data/venv/lib/python3.12/site-packages/dbcounter.py:102}}
Aug 11 06:10:15.985448 np0000032519 devstack@n-api.service[69432]: INFO dbcounter [None req-5ab2a80c-3026-48d7-ac18-b12d29646985 None None] Registered counter for database nova_cell0
Aug 11 06:10:15.988782 np0000032519 devstack@n-api.service[69433]: DEBUG dbcounter [-] [69433] Writer thread running {{(pid=69433) stat_writer /opt/stack/data/venv/lib/python3.12/site-packages/dbcounter.py:102}}
Aug 11 06:10:15.989782 np0000032519 devstack@n-api.service[69432]: DEBUG oslo_db.sqlalchemy.engines [None req-5ab2a80c-3026-48d7-ac18-b12d29646985 None None] MySQL server mode set to STRICT_TRANS_TABLES,STRICT_ALL_TABLES,NO_ZERO_IN_DATE,NO_ZERO_DATE,ERROR_FOR_DIVISION_BY_ZERO,TRADITIONAL,NO_ENGINE_SUBSTITUTION {{(pid=69432) _check_effective_sql_mode /opt/stack/data/venv/lib/python3.12/site-packages/oslo_db/sqlalchemy/engines.py:397}}
Aug 11 06:10:15.990466 np0000032519 devstack@n-api.service[69433]: INFO dbcounter [None req-633ae452-1f7e-43c0-b059-9b502cf05511 None None] Registered counter for database nova_cell0
Aug 11 06:10:15.993297 np0000032519 devstack@n-api.service[69432]: DEBUG dbcounter [-] [69432] Writer thread running {{(pid=69432) stat_writer /opt/stack/data/venv/lib/python3.12/site-packages/dbcounter.py:102}}
Aug 11 06:10:15.994602 np0000032519 devstack@n-api.service[69433]: DEBUG oslo_db.sqlalchemy.engines [None req-633ae452-1f7e-43c0-b059-9b502cf05511 None None] MySQL server mode set to STRICT_TRANS_TABLES,STRICT_ALL_TABLES,NO_ZERO_IN_DATE,NO_ZERO_DATE,ERROR_FOR_DIVISION_BY_ZERO,TRADITIONAL,NO_ENGINE_SUBSTITUTION {{(pid=69433) _check_effective_sql_mode /opt/stack/data/venv/lib/python3.12/site-packages/oslo_db/sqlalchemy/engines.py:397}}
Aug 11 06:10:15.998393 np0000032519 devstack@n-api.service[69433]: DEBUG dbcounter [-] [69433] Writer thread running {{(pid=69433) stat_writer /opt/stack/data/venv/lib/python3.12/site-packages/dbcounter.py:102}}
Aug 11 06:10:16.343361 np0000032519 devstack@n-api.service[69433]: DEBUG oslo_concurrency.processutils [None req-633ae452-1f7e-43c0-b059-9b502cf05511 None None] Running cmd (subprocess): grep -F node.session.scan /sbin/iscsiadm {{(pid=69433) execute /opt/stack/data/venv/lib/python3.12/site-packages/oslo_concurrency/processutils.py:349}}
Aug 11 06:10:16.349871 np0000032519 devstack@n-api.service[69432]: DEBUG oslo_concurrency.processutils [None req-5ab2a80c-3026-48d7-ac18-b12d29646985 None None] Running cmd (subprocess): grep -F node.session.scan /sbin/iscsiadm {{(pid=69432) execute /opt/stack/data/venv/lib/python3.12/site-packages/oslo_concurrency/processutils.py:349}}
Aug 11 06:10:16.351688 np0000032519 devstack@n-api.service[69433]: DEBUG oslo_concurrency.processutils [None req-633ae452-1f7e-43c0-b059-9b502cf05511 None None] CMD "grep -F node.session.scan /sbin/iscsiadm" returned: 0 in 0.009s {{(pid=69433) execute /opt/stack/data/venv/lib/python3.12/site-packages/oslo_concurrency/processutils.py:372}}
Aug 11 06:10:16.357994 np0000032519 devstack@n-api.service[69432]: DEBUG oslo_concurrency.processutils [None req-5ab2a80c-3026-48d7-ac18-b12d29646985 None None] CMD "grep -F node.session.scan /sbin/iscsiadm" returned: 0 in 0.008s {{(pid=69432) execute /opt/stack/data/venv/lib/python3.12/site-packages/oslo_concurrency/processutils.py:372}}
Aug 11 06:10:16.636303 np0000032519 devstack@n-api.service[69433]: WARNING keystonemiddleware.auth_token [None req-633ae452-1f7e-43c0-b059-9b502cf05511 None None] AuthToken middleware is set with keystone_authtoken.service_token_roles_required set to False. This is backwards compatible but deprecated behaviour. Please set this to True.
Aug 11 06:10:16.636392 np0000032519 devstack@n-api.service[69432]: WARNING keystonemiddleware.auth_token [None req-5ab2a80c-3026-48d7-ac18-b12d29646985 None None] AuthToken middleware is set with keystone_authtoken.service_token_roles_required set to False. This is backwards compatible but deprecated behaviour. Please set this to True.
Aug 11 06:10:16.639663 np0000032519 devstack@n-api.service[69433]: WARNING keystonemiddleware.auth_token [None req-633ae452-1f7e-43c0-b059-9b502cf05511 None None] Configuring www_authenticate_uri to point to the public identity endpoint is required; clients may not be able to authenticate against an admin endpoint
Aug 11 06:10:16.639700 np0000032519 devstack@n-api.service[69432]: WARNING keystonemiddleware.auth_token [None req-5ab2a80c-3026-48d7-ac18-b12d29646985 None None] Configuring www_authenticate_uri to point to the public identity endpoint is required; clients may not be able to authenticate against an admin endpoint
Aug 11 06:10:16.801245 np0000032519 devstack@n-api.service[69432]: WARNING keystonemiddleware.auth_token [None req-5ab2a80c-3026-48d7-ac18-b12d29646985 None None] AuthToken middleware is set with keystone_authtoken.service_token_roles_required set to False. This is backwards compatible but deprecated behaviour. Please set this to True.
Aug 11 06:10:16.801606 np0000032519 devstack@n-api.service[69433]: WARNING keystonemiddleware.auth_token [None req-633ae452-1f7e-43c0-b059-9b502cf05511 None None] AuthToken middleware is set with keystone_authtoken.service_token_roles_required set to False. This is backwards compatible but deprecated behaviour. Please set this to True.
Aug 11 06:10:16.803769 np0000032519 devstack@n-api.service[69432]: WARNING keystonemiddleware.auth_token [None req-5ab2a80c-3026-48d7-ac18-b12d29646985 None None] Configuring www_authenticate_uri to point to the public identity endpoint is required; clients may not be able to authenticate against an admin endpoint
Aug 11 06:10:16.804111 np0000032519 devstack@n-api.service[69433]: WARNING keystonemiddleware.auth_token [None req-633ae452-1f7e-43c0-b059-9b502cf05511 None None] Configuring www_authenticate_uri to point to the public identity endpoint is required; clients may not be able to authenticate against an admin endpoint
Aug 11 06:10:16.805635 np0000032519 devstack@n-api.service[69432]: WSGI app 0 (mountpoint='') ready in 2 seconds on interpreter 0x743b6caa39e8 pid: 69432 (default app)
Aug 11 06:10:16.805993 np0000032519 devstack@n-api.service[69433]: WSGI app 0 (mountpoint='') ready in 2 seconds on interpreter 0x743b6caa39e8 pid: 69433 (default app)
Aug 11 06:10:16.806547 np0000032519 devstack@n-api.service[69432]: DEBUG nova.api.openstack.wsgi [None req-5ab2a80c-3026-48d7-ac18-b12d29646985 None None] Calling method '<bound method VersionsV2.index of <nova.api.openstack.compute.versions.VersionsV2 object at 0x743b694929c0>>' {{(pid=69432) _process_stack /opt/stack/nova/nova/api/openstack/wsgi.py:556}}
Aug 11 06:10:16.809551 np0000032519 devstack@n-api.service[69432]: INFO nova.api.openstack.requestlog [None req-5ab2a80c-3026-48d7-ac18-b12d29646985 None None] 192.168.1.108 "GET /compute/v2.1/" status: 200 len: 391 microversion: 2.1 time: 0.003224
Aug 11 06:10:16.809728 np0000032519 devstack@n-api.service[69432]: [pid: 69432|app: 0|req: 1/1] 192.168.1.108 () {50 vars in 771 bytes} [Mon Aug 11 06:10:16 2025] GET /compute/v2.1/ => generated 391 bytes in 4 msecs (HTTP/1.1 200) 9 headers in 357 bytes (1 switches on core 0)
Aug 11 06:10:50.470850 np0000032519 devstack@n-api.service[69433]: DEBUG nova.api.openstack.wsgi [None req-633ae452-1f7e-43c0-b059-9b502cf05511 None None] Calling method '<bound method VersionsV2.index of <nova.api.openstack.compute.versions.VersionsV2 object at 0x743b66350290>>' {{(pid=69433) _process_stack /opt/stack/nova/nova/api/openstack/wsgi.py:556}}
Aug 11 06:10:50.474459 np0000032519 devstack@n-api.service[69433]: INFO nova.api.openstack.requestlog [None req-633ae452-1f7e-43c0-b059-9b502cf05511 None None] 192.168.1.108 "GET /compute/v2.1" status: 200 len: 392 microversion: 2.1 time: 0.004161
Aug 11 06:10:50.474646 np0000032519 devstack@n-api.service[69433]: [pid: 69433|app: 0|req: 1/2] 192.168.1.108 () {62 vars in 1056 bytes} [Mon Aug 11 06:10:50 2025] GET /compute/v2.1 => generated 392 bytes in 5 msecs (HTTP/1.1 200) 9 headers in 357 bytes (1 switches on core 0)
Aug 11 06:10:50.483880 np0000032519 devstack@n-api.service[69432]: DEBUG dbcounter [-] [69432] Writing DB stats nova_api:SELECT=1 {{(pid=69432) stat_writer /opt/stack/data/venv/lib/python3.12/site-packages/dbcounter.py:115}}
Aug 11 06:10:50.484542 np0000032519 devstack@n-api.service[69432]: DEBUG dbcounter [-] [69432] Writing DB stats nova_cell0:SELECT=1 {{(pid=69432) stat_writer /opt/stack/data/venv/lib/python3.12/site-packages/dbcounter.py:115}}
Aug 11 06:10:50.484942 np0000032519 devstack@n-api.service[69432]: DEBUG dbcounter [-] [69432] Writing DB stats nova_cell1:SELECT=1 {{(pid=69432) stat_writer /opt/stack/data/venv/lib/python3.12/site-packages/dbcounter.py:115}}
Aug 11 06:10:50.485181 np0000032519 devstack@n-api.service[69432]: DEBUG dbcounter [-] [69432] Writing DB stats nova_cell0:SELECT=2,nova_cell0:INSERT=1 {{(pid=69432) stat_writer /opt/stack/data/venv/lib/python3.12/site-packages/dbcounter.py:115}}
Aug 11 06:10:50.591899 np0000032519 devstack@n-api.service[69432]: DEBUG nova.api.openstack.wsgi [None req-eb1be730-7032-4b14-adda-f468901d09c2 admin admin] Calling method '<bound method FlavorsController.detail of <nova.api.openstack.compute.flavors.FlavorsController object at 0x743b65b54530>>' {{(pid=69432) _process_stack /opt/stack/nova/nova/api/openstack/wsgi.py:556}}
Aug 11 06:10:50.609781 np0000032519 devstack@n-api.service[69432]: INFO nova.api.openstack.requestlog [None req-eb1be730-7032-4b14-adda-f468901d09c2 admin admin] 192.168.1.108 "GET /compute/v2.1/flavors/detail?is_public=True" status: 200 len: 15 microversion: 2.61 time: 0.129533
Aug 11 06:10:50.609858 np0000032519 devstack@n-api.service[69432]: [pid: 69432|app: 0|req: 2/3] 192.168.1.108 () {68 vars in 1417 bytes} [Mon Aug 11 06:10:50 2025] GET /compute/v2.1/flavors/detail?is_public=True => generated 15 bytes in 130 msecs (HTTP/1.1 200) 9 headers in 358 bytes (1 switches on core 0)
Aug 11 06:10:50.695507 np0000032519 devstack@n-api.service[69433]: DEBUG nova.api.openstack.wsgi [None req-633ae452-1f7e-43c0-b059-9b502cf05511 None None] Calling method '<bound method VersionsV2.index of <nova.api.openstack.compute.versions.VersionsV2 object at 0x743b66350290>>' {{(pid=69433) _process_stack /opt/stack/nova/nova/api/openstack/wsgi.py:556}}
Aug 11 06:10:50.698782 np0000032519 devstack@n-api.service[69433]: INFO nova.api.openstack.requestlog [None req-633ae452-1f7e-43c0-b059-9b502cf05511 None None] 192.168.1.108 "GET /compute/v2.1" status: 200 len: 392 microversion: 2.1 time: 0.003324
Aug 11 06:10:50.699001 np0000032519 devstack@n-api.service[69433]: [pid: 69433|app: 0|req: 2/4] 192.168.1.108 () {62 vars in 1056 bytes} [Mon Aug 11 06:10:50 2025] GET /compute/v2.1 => generated 392 bytes in 4 msecs (HTTP/1.1 200) 9 headers in 357 bytes (1 switches on core 0)
Aug 11 06:10:50.721111 np0000032519 devstack@n-api.service[69432]: DEBUG nova.api.openstack.wsgi [None req-d924bd5a-63e2-48c7-a257-883b0a8b5fbf admin admin] Action: 'create', calling method: <bound method FlavorsController.create of <nova.api.openstack.compute.flavors.FlavorsController object at 0x743b65b33fb0>>, body: {"flavor": {"os-flavor-access:is_public": true, "OS-FLV-EXT-DATA:ephemeral": 0, "rxtx_factor": 1.0, "swap": 0, "vcpus": 1, "disk": 1, "ram": 256, "name": "cirros256", "id": "c1"}} {{(pid=69432) _process_stack /opt/stack/nova/nova/api/openstack/wsgi.py:554}}
Aug 11 06:10:50.745750 np0000032519 devstack@n-api.service[69432]: INFO nova.api.openstack.requestlog [None req-d924bd5a-63e2-48c7-a257-883b0a8b5fbf admin admin] 192.168.1.108 "POST /compute/v2.1/flavors" status: 200 len: 413 microversion: 2.61 time: 0.041382
Aug 11 06:10:50.745989 np0000032519 devstack@n-api.service[69432]: [pid: 69432|app: 0|req: 3/5] 192.168.1.108 () {72 vars in 1408 bytes} [Mon Aug 11 06:10:50 2025] POST /compute/v2.1/flavors => generated 413 bytes in 42 msecs (HTTP/1.1 200) 9 headers in 359 bytes (1 switches on core 0)
Aug 11 06:10:50.756663 np0000032519 devstack@n-api.service[69433]: DEBUG dbcounter [-] [69433] Writing DB stats nova_api:SELECT=1 {{(pid=69433) stat_writer /opt/stack/data/venv/lib/python3.12/site-packages/dbcounter.py:115}}
Aug 11 06:10:50.757135 np0000032519 devstack@n-api.service[69433]: DEBUG dbcounter [-] [69433] Writing DB stats nova_cell0:SELECT=1 {{(pid=69433) stat_writer /opt/stack/data/venv/lib/python3.12/site-packages/dbcounter.py:115}}
Aug 11 06:10:50.757724 np0000032519 devstack@n-api.service[69433]: DEBUG dbcounter [-] [69433] Writing DB stats nova_cell1:SELECT=1 {{(pid=69433) stat_writer /opt/stack/data/venv/lib/python3.12/site-packages/dbcounter.py:115}}
Aug 11 06:10:50.758228 np0000032519 devstack@n-api.service[69433]: DEBUG dbcounter [-] [69433] Writing DB stats nova_cell0:SELECT=2,nova_cell0:INSERT=1 {{(pid=69433) stat_writer /opt/stack/data/venv/lib/python3.12/site-packages/dbcounter.py:115}}
Aug 11 06:10:50.816283 np0000032519 devstack@n-api.service[69433]: DEBUG nova.api.openstack.wsgi [None req-44de6a01-2d71-4c34-8fa8-d7a58d2672c3 admin admin] Action: 'create', calling method: <bound method FlavorExtraSpecsController.create of <nova.api.openstack.compute.flavors_extraspecs.FlavorExtraSpecsController object at 0x743b65b489b0>>, body: {"extra_specs": {"hw_rng:allowed": "True"}} {{(pid=69433) _process_stack /opt/stack/nova/nova/api/openstack/wsgi.py:554}}
Aug 11 06:10:50.855164 np0000032519 devstack@n-api.service[69433]: INFO nova.api.openstack.requestlog [None req-44de6a01-2d71-4c34-8fa8-d7a58d2672c3 admin admin] 192.168.1.108 "POST /compute/v2.1/flavors/c1/os-extra_specs" status: 200 len: 43 microversion: 2.61 time: 0.102364
Aug 11 06:10:50.855427 np0000032519 devstack@n-api.service[69433]: [pid: 69433|app: 0|req: 3/6] 192.168.1.108 () {72 vars in 1461 bytes} [Mon Aug 11 06:10:50 2025] POST /compute/v2.1/flavors/c1/os-extra_specs => generated 43 bytes in 103 msecs (HTTP/1.1 200) 9 headers in 358 bytes (1 switches on core 0)
Aug 11 06:10:50.950099 np0000032519 devstack@n-api.service[69432]: DEBUG nova.api.openstack.wsgi [None req-d924bd5a-63e2-48c7-a257-883b0a8b5fbf admin admin] Calling method '<bound method VersionsV2.index of <nova.api.openstack.compute.versions.VersionsV2 object at 0x743b694929c0>>' {{(pid=69432) _process_stack /opt/stack/nova/nova/api/openstack/wsgi.py:556}}
Aug 11 06:10:50.953051 np0000032519 devstack@n-api.service[69432]: INFO nova.api.openstack.requestlog [None req-d924bd5a-63e2-48c7-a257-883b0a8b5fbf admin admin] 192.168.1.108 "GET /compute/v2.1" status: 200 len: 392 microversion: 2.1 time: 0.003085
Aug 11 06:10:50.953272 np0000032519 devstack@n-api.service[69432]: [pid: 69432|app: 0|req: 4/7] 192.168.1.108 () {62 vars in 1056 bytes} [Mon Aug 11 06:10:50 2025] GET /compute/v2.1 => generated 392 bytes in 3 msecs (HTTP/1.1 200) 9 headers in 357 bytes (1 switches on core 0)
Aug 11 06:10:51.107180 np0000032519 devstack@n-api.service[69433]: DEBUG nova.api.openstack.wsgi [None req-6751e2e3-b2d4-457b-b427-45f36e86e0bd admin admin] Action: 'create', calling method: <bound method FlavorsController.create of <nova.api.openstack.compute.flavors.FlavorsController object at 0x743b65b48410>>, body: {"flavor": {"os-flavor-access:is_public": true, "OS-FLV-EXT-DATA:ephemeral": 0, "rxtx_factor": 1.0, "swap": 0, "vcpus": 1, "disk": 5, "ram": 512, "name": "ds512M", "id": "d1"}} {{(pid=69433) _process_stack /opt/stack/nova/nova/api/openstack/wsgi.py:554}}
Aug 11 06:10:51.126041 np0000032519 devstack@n-api.service[69433]: INFO nova.api.openstack.requestlog [None req-6751e2e3-b2d4-457b-b427-45f36e86e0bd admin admin] 192.168.1.108 "POST /compute/v2.1/flavors" status: 200 len: 410 microversion: 2.61 time: 0.167619
Aug 11 06:10:51.126277 np0000032519 devstack@n-api.service[69433]: [pid: 69433|app: 0|req: 4/8] 192.168.1.108 () {72 vars in 1408 bytes} [Mon Aug 11 06:10:50 2025] POST /compute/v2.1/flavors => generated 410 bytes in 168 msecs (HTTP/1.1 200) 9 headers in 359 bytes (1 switches on core 0)
Aug 11 06:10:51.134342 np0000032519 devstack@n-api.service[69432]: DEBUG nova.api.openstack.wsgi [None req-e9b297f1-d27a-40e5-8a7f-4cb118770b1d admin admin] Action: 'create', calling method: <bound method FlavorExtraSpecsController.create of <nova.api.openstack.compute.flavors_extraspecs.FlavorExtraSpecsController object at 0x743b65b549b0>>, body: {"extra_specs": {"hw_rng:allowed": "True"}} {{(pid=69432) _process_stack /opt/stack/nova/nova/api/openstack/wsgi.py:554}}
Aug 11 06:10:51.152876 np0000032519 devstack@n-api.service[69432]: INFO nova.api.openstack.requestlog [None req-e9b297f1-d27a-40e5-8a7f-4cb118770b1d admin admin] 192.168.1.108 "POST /compute/v2.1/flavors/d1/os-extra_specs" status: 200 len: 43 microversion: 2.61 time: 0.020138
Aug 11 06:10:51.153110 np0000032519 devstack@n-api.service[69432]: [pid: 69432|app: 0|req: 5/9] 192.168.1.108 () {72 vars in 1461 bytes} [Mon Aug 11 06:10:51 2025] POST /compute/v2.1/flavors/d1/os-extra_specs => generated 43 bytes in 20 msecs (HTTP/1.1 200) 9 headers in 358 bytes (1 switches on core 0)
Aug 11 06:10:51.234684 np0000032519 devstack@n-api.service[69433]: DEBUG nova.api.openstack.wsgi [None req-6751e2e3-b2d4-457b-b427-45f36e86e0bd admin admin] Calling method '<bound method VersionsV2.index of <nova.api.openstack.compute.versions.VersionsV2 object at 0x743b66350290>>' {{(pid=69433) _process_stack /opt/stack/nova/nova/api/openstack/wsgi.py:556}}
Aug 11 06:10:51.237544 np0000032519 devstack@n-api.service[69433]: INFO nova.api.openstack.requestlog [None req-6751e2e3-b2d4-457b-b427-45f36e86e0bd admin admin] 192.168.1.108 "GET /compute/v2.1" status: 200 len: 392 microversion: 2.1 time: 0.002993
Aug 11 06:10:51.237713 np0000032519 devstack@n-api.service[69433]: [pid: 69433|app: 0|req: 5/10] 192.168.1.108 () {62 vars in 1056 bytes} [Mon Aug 11 06:10:51 2025] GET /compute/v2.1 => generated 392 bytes in 3 msecs (HTTP/1.1 200) 9 headers in 357 bytes (1 switches on core 0)
Aug 11 06:10:51.263214 np0000032519 devstack@n-api.service[69432]: DEBUG nova.api.openstack.wsgi [None req-7baa7112-1072-4a72-ad5b-35f508987acf admin admin] Action: 'create', calling method: <bound method FlavorsController.create of <nova.api.openstack.compute.flavors.FlavorsController object at 0x743b65b33fb0>>, body: {"flavor": {"os-flavor-access:is_public": true, "OS-FLV-EXT-DATA:ephemeral": 0, "rxtx_factor": 1.0, "swap": 0, "vcpus": 1, "disk": 10, "ram": 1024, "name": "ds1G", "id": "d2"}} {{(pid=69432) _process_stack /opt/stack/nova/nova/api/openstack/wsgi.py:554}}
Aug 11 06:10:51.275003 np0000032519 devstack@n-api.service[69432]: INFO nova.api.openstack.requestlog [None req-7baa7112-1072-4a72-ad5b-35f508987acf admin admin] 192.168.1.108 "POST /compute/v2.1/flavors" status: 200 len: 410 microversion: 2.61 time: 0.029503
Aug 11 06:10:51.275362 np0000032519 devstack@n-api.service[69432]: [pid: 69432|app: 0|req: 6/11] 192.168.1.108 () {72 vars in 1408 bytes} [Mon Aug 11 06:10:51 2025] POST /compute/v2.1/flavors => generated 410 bytes in 30 msecs (HTTP/1.1 200) 9 headers in 359 bytes (1 switches on core 0)
Aug 11 06:10:51.283047 np0000032519 devstack@n-api.service[69433]: DEBUG nova.api.openstack.wsgi [None req-860d462f-c836-45b8-9058-209bfe2d19c4 admin admin] Action: 'create', calling method: <bound method FlavorExtraSpecsController.create of <nova.api.openstack.compute.flavors_extraspecs.FlavorExtraSpecsController object at 0x743b65b489b0>>, body: {"extra_specs": {"hw_rng:allowed": "True"}} {{(pid=69433) _process_stack /opt/stack/nova/nova/api/openstack/wsgi.py:554}}
Aug 11 06:10:51.295279 np0000032519 devstack@n-api.service[69433]: INFO nova.api.openstack.requestlog [None req-860d462f-c836-45b8-9058-209bfe2d19c4 admin admin] 192.168.1.108 "POST /compute/v2.1/flavors/d2/os-extra_specs" status: 200 len: 43 microversion: 2.61 time: 0.013763
Aug 11 06:10:51.295499 np0000032519 devstack@n-api.service[69433]: [pid: 69433|app: 0|req: 6/12] 192.168.1.108 () {72 vars in 1461 bytes} [Mon Aug 11 06:10:51 2025] POST /compute/v2.1/flavors/d2/os-extra_specs => generated 43 bytes in 14 msecs (HTTP/1.1 200) 9 headers in 358 bytes (1 switches on core 0)
Aug 11 06:10:51.373902 np0000032519 devstack@n-api.service[69432]: DEBUG nova.api.openstack.wsgi [None req-7baa7112-1072-4a72-ad5b-35f508987acf admin admin] Calling method '<bound method VersionsV2.index of <nova.api.openstack.compute.versions.VersionsV2 object at 0x743b694929c0>>' {{(pid=69432) _process_stack /opt/stack/nova/nova/api/openstack/wsgi.py:556}}
Aug 11 06:10:51.376784 np0000032519 devstack@n-api.service[69432]: INFO nova.api.openstack.requestlog [None req-7baa7112-1072-4a72-ad5b-35f508987acf admin admin] 192.168.1.108 "GET /compute/v2.1" status: 200 len: 392 microversion: 2.1 time: 0.003040
Aug 11 06:10:51.376959 np0000032519 devstack@n-api.service[69432]: [pid: 69432|app: 0|req: 7/13] 192.168.1.108 () {62 vars in 1056 bytes} [Mon Aug 11 06:10:51 2025] GET /compute/v2.1 => generated 392 bytes in 3 msecs (HTTP/1.1 200) 9 headers in 357 bytes (1 switches on core 0)
Aug 11 06:10:51.404300 np0000032519 devstack@n-api.service[69433]: DEBUG nova.api.openstack.wsgi [None req-64a322fc-0048-4e98-90b7-9970b3c7b984 admin admin] Action: 'create', calling method: <bound method FlavorsController.create of <nova.api.openstack.compute.flavors.FlavorsController object at 0x743b65b48410>>, body: {"flavor": {"os-flavor-access:is_public": true, "OS-FLV-EXT-DATA:ephemeral": 0, "rxtx_factor": 1.0, "swap": 0, "vcpus": 2, "disk": 10, "ram": 2048, "name": "ds2G", "id": "d3"}} {{(pid=69433) _process_stack /opt/stack/nova/nova/api/openstack/wsgi.py:554}}
Aug 11 06:10:51.415389 np0000032519 devstack@n-api.service[69433]: INFO nova.api.openstack.requestlog [None req-64a322fc-0048-4e98-90b7-9970b3c7b984 admin admin] 192.168.1.108 "POST /compute/v2.1/flavors" status: 200 len: 410 microversion: 2.61 time: 0.033301
Aug 11 06:10:51.415702 np0000032519 devstack@n-api.service[69433]: [pid: 69433|app: 0|req: 7/14] 192.168.1.108 () {72 vars in 1408 bytes} [Mon Aug 11 06:10:51 2025] POST /compute/v2.1/flavors => generated 410 bytes in 34 msecs (HTTP/1.1 200) 9 headers in 359 bytes (1 switches on core 0)
Aug 11 06:10:51.425031 np0000032519 devstack@n-api.service[69432]: DEBUG nova.api.openstack.wsgi [None req-855fc102-6491-439c-975f-be7568b7d1a0 admin admin] Action: 'create', calling method: <bound method FlavorExtraSpecsController.create of <nova.api.openstack.compute.flavors_extraspecs.FlavorExtraSpecsController object at 0x743b65b549b0>>, body: {"extra_specs": {"hw_rng:allowed": "True"}} {{(pid=69432) _process_stack /opt/stack/nova/nova/api/openstack/wsgi.py:554}}
Aug 11 06:10:51.437864 np0000032519 devstack@n-api.service[69432]: INFO nova.api.openstack.requestlog [None req-855fc102-6491-439c-975f-be7568b7d1a0 admin admin] 192.168.1.108 "POST /compute/v2.1/flavors/d3/os-extra_specs" status: 200 len: 43 microversion: 2.61 time: 0.014405
Aug 11 06:10:51.438072 np0000032519 devstack@n-api.service[69432]: [pid: 69432|app: 0|req: 8/15] 192.168.1.108 () {72 vars in 1461 bytes} [Mon Aug 11 06:10:51 2025] POST /compute/v2.1/flavors/d3/os-extra_specs => generated 43 bytes in 15 msecs (HTTP/1.1 200) 9 headers in 358 bytes (1 switches on core 0)
Aug 11 06:10:51.519285 np0000032519 devstack@n-api.service[69433]: DEBUG nova.api.openstack.wsgi [None req-64a322fc-0048-4e98-90b7-9970b3c7b984 admin admin] Calling method '<bound method VersionsV2.index of <nova.api.openstack.compute.versions.VersionsV2 object at 0x743b66350290>>' {{(pid=69433) _process_stack /opt/stack/nova/nova/api/openstack/wsgi.py:556}}
Aug 11 06:10:51.522414 np0000032519 devstack@n-api.service[69433]: INFO nova.api.openstack.requestlog [None req-64a322fc-0048-4e98-90b7-9970b3c7b984 admin admin] 192.168.1.108 "GET /compute/v2.1" status: 200 len: 392 microversion: 2.1 time: 0.003279
Aug 11 06:10:51.522581 np0000032519 devstack@n-api.service[69433]: [pid: 69433|app: 0|req: 8/16] 192.168.1.108 () {62 vars in 1056 bytes} [Mon Aug 11 06:10:51 2025] GET /compute/v2.1 => generated 392 bytes in 3 msecs (HTTP/1.1 200) 9 headers in 357 bytes (1 switches on core 0)
Aug 11 06:10:51.550032 np0000032519 devstack@n-api.service[69432]: DEBUG nova.api.openstack.wsgi [None req-21e731d2-949a-448c-bbdc-48b386036fa6 admin admin] Action: 'create', calling method: <bound method FlavorsController.create of <nova.api.openstack.compute.flavors.FlavorsController object at 0x743b65b33fb0>>, body: {"flavor": {"os-flavor-access:is_public": true, "OS-FLV-EXT-DATA:ephemeral": 0, "rxtx_factor": 1.0, "swap": 0, "vcpus": 4, "disk": 20, "ram": 4096, "name": "ds4G", "id": "d4"}} {{(pid=69432) _process_stack /opt/stack/nova/nova/api/openstack/wsgi.py:554}}
Aug 11 06:10:51.560834 np0000032519 devstack@n-api.service[69432]: INFO nova.api.openstack.requestlog [None req-21e731d2-949a-448c-bbdc-48b386036fa6 admin admin] 192.168.1.108 "POST /compute/v2.1/flavors" status: 200 len: 410 microversion: 2.61 time: 0.030424
Aug 11 06:10:51.561091 np0000032519 devstack@n-api.service[69432]: [pid: 69432|app: 0|req: 9/17] 192.168.1.108 () {72 vars in 1408 bytes} [Mon Aug 11 06:10:51 2025] POST /compute/v2.1/flavors => generated 410 bytes in 31 msecs (HTTP/1.1 200) 9 headers in 359 bytes (1 switches on core 0)
Aug 11 06:10:51.569965 np0000032519 devstack@n-api.service[69433]: DEBUG nova.api.openstack.wsgi [None req-d04e432b-3fea-403c-bda2-70ac4f589736 admin admin] Action: 'create', calling method: <bound method FlavorExtraSpecsController.create of <nova.api.openstack.compute.flavors_extraspecs.FlavorExtraSpecsController object at 0x743b65b489b0>>, body: {"extra_specs": {"hw_rng:allowed": "True"}} {{(pid=69433) _process_stack /opt/stack/nova/nova/api/openstack/wsgi.py:554}}
Aug 11 06:10:51.583252 np0000032519 devstack@n-api.service[69433]: INFO nova.api.openstack.requestlog [None req-d04e432b-3fea-403c-bda2-70ac4f589736 admin admin] 192.168.1.108 "POST /compute/v2.1/flavors/d4/os-extra_specs" status: 200 len: 43 microversion: 2.61 time: 0.014780
Aug 11 06:10:51.583582 np0000032519 devstack@n-api.service[69433]: [pid: 69433|app: 0|req: 9/18] 192.168.1.108 () {72 vars in 1461 bytes} [Mon Aug 11 06:10:51 2025] POST /compute/v2.1/flavors/d4/os-extra_specs => generated 43 bytes in 15 msecs (HTTP/1.1 200) 9 headers in 358 bytes (1 switches on core 0)
Aug 11 06:10:51.660956 np0000032519 devstack@n-api.service[69432]: DEBUG nova.api.openstack.wsgi [None req-21e731d2-949a-448c-bbdc-48b386036fa6 admin admin] Calling method '<bound method VersionsV2.index of <nova.api.openstack.compute.versions.VersionsV2 object at 0x743b694929c0>>' {{(pid=69432) _process_stack /opt/stack/nova/nova/api/openstack/wsgi.py:556}}
Aug 11 06:10:51.664087 np0000032519 devstack@n-api.service[69432]: INFO nova.api.openstack.requestlog [None req-21e731d2-949a-448c-bbdc-48b386036fa6 admin admin] 192.168.1.108 "GET /compute/v2.1" status: 200 len: 392 microversion: 2.1 time: 0.003305
Aug 11 06:10:51.664393 np0000032519 devstack@n-api.service[69432]: [pid: 69432|app: 0|req: 10/19] 192.168.1.108 () {62 vars in 1056 bytes} [Mon Aug 11 06:10:51 2025] GET /compute/v2.1 => generated 392 bytes in 4 msecs (HTTP/1.1 200) 9 headers in 357 bytes (2 switches on core 0)
Aug 11 06:10:51.686676 np0000032519 devstack@n-api.service[69433]: DEBUG nova.api.openstack.wsgi [None req-025a6559-8d49-4428-b602-e5bca651c56a admin admin] Calling method '<bound method FlavorsController.detail of <nova.api.openstack.compute.flavors.FlavorsController object at 0x743b65b48950>>' {{(pid=69433) _process_stack /opt/stack/nova/nova/api/openstack/wsgi.py:556}}
Aug 11 06:10:51.701352 np0000032519 devstack@n-api.service[69433]: INFO nova.api.openstack.requestlog [None req-025a6559-8d49-4428-b602-e5bca651c56a admin admin] 192.168.1.108 "GET /compute/v2.1/flavors/detail?is_public=True" status: 200 len: 2136 microversion: 2.61 time: 0.032175
Aug 11 06:10:51.701552 np0000032519 devstack@n-api.service[69433]: [pid: 69433|app: 0|req: 10/20] 192.168.1.108 () {68 vars in 1417 bytes} [Mon Aug 11 06:10:51 2025] GET /compute/v2.1/flavors/detail?is_public=True => generated 2136 bytes in 32 msecs (HTTP/1.1 200) 9 headers in 360 bytes (1 switches on core 0)
Aug 11 06:10:51.782389 np0000032519 devstack@n-api.service[69432]: DEBUG nova.api.openstack.wsgi [None req-21e731d2-949a-448c-bbdc-48b386036fa6 admin admin] Calling method '<bound method VersionsV2.index of <nova.api.openstack.compute.versions.VersionsV2 object at 0x743b694929c0>>' {{(pid=69432) _process_stack /opt/stack/nova/nova/api/openstack/wsgi.py:556}}
Aug 11 06:10:51.785301 np0000032519 devstack@n-api.service[69432]: INFO nova.api.openstack.requestlog [None req-21e731d2-949a-448c-bbdc-48b386036fa6 admin admin] 192.168.1.108 "GET /compute/v2.1" status: 200 len: 392 microversion: 2.1 time: 0.003066
Aug 11 06:10:51.785462 np0000032519 devstack@n-api.service[69432]: [pid: 69432|app: 0|req: 11/21] 192.168.1.108 () {62 vars in 1056 bytes} [Mon Aug 11 06:10:51 2025] GET /compute/v2.1 => generated 392 bytes in 3 msecs (HTTP/1.1 200) 9 headers in 357 bytes (1 switches on core 0)
Aug 11 06:10:51.807136 np0000032519 devstack@n-api.service[69433]: DEBUG nova.api.openstack.wsgi [None req-a538354c-3408-4387-99f3-88de1dd8813d admin admin] Action: 'create', calling method: <bound method FlavorsController.create of <nova.api.openstack.compute.flavors.FlavorsController object at 0x743b65b48410>>, body: {"flavor": {"os-flavor-access:is_public": true, "OS-FLV-EXT-DATA:ephemeral": 0, "rxtx_factor": 1.0, "swap": 0, "vcpus": 1, "disk": 1, "ram": 512, "name": "m1.tiny", "id": "1"}} {{(pid=69433) _process_stack /opt/stack/nova/nova/api/openstack/wsgi.py:554}}
Aug 11 06:10:51.818261 np0000032519 devstack@n-api.service[69433]: INFO nova.api.openstack.requestlog [None req-a538354c-3408-4387-99f3-88de1dd8813d admin admin] 192.168.1.108 "POST /compute/v2.1/flavors" status: 200 len: 408 microversion: 2.61 time: 0.028110
Aug 11 06:10:51.818478 np0000032519 devstack@n-api.service[69433]: [pid: 69433|app: 0|req: 11/22] 192.168.1.108 () {72 vars in 1408 bytes} [Mon Aug 11 06:10:51 2025] POST /compute/v2.1/flavors => generated 408 bytes in 28 msecs (HTTP/1.1 200) 9 headers in 359 bytes (1 switches on core 0)
Aug 11 06:10:51.826258 np0000032519 devstack@n-api.service[69432]: DEBUG nova.api.openstack.wsgi [None req-119ff0ef-7489-4709-b6e2-fc17a40258fa admin admin] Action: 'create', calling method: <bound method FlavorExtraSpecsController.create of <nova.api.openstack.compute.flavors_extraspecs.FlavorExtraSpecsController object at 0x743b65b549b0>>, body: {"extra_specs": {"hw_rng:allowed": "True"}} {{(pid=69432) _process_stack /opt/stack/nova/nova/api/openstack/wsgi.py:554}}
Aug 11 06:10:51.839454 np0000032519 devstack@n-api.service[69432]: INFO nova.api.openstack.requestlog [None req-119ff0ef-7489-4709-b6e2-fc17a40258fa admin admin] 192.168.1.108 "POST /compute/v2.1/flavors/1/os-extra_specs" status: 200 len: 43 microversion: 2.61 time: 0.014744
Aug 11 06:10:51.839711 np0000032519 devstack@n-api.service[69432]: [pid: 69432|app: 0|req: 12/23] 192.168.1.108 () {72 vars in 1458 bytes} [Mon Aug 11 06:10:51 2025] POST /compute/v2.1/flavors/1/os-extra_specs => generated 43 bytes in 15 msecs (HTTP/1.1 200) 9 headers in 358 bytes (2 switches on core 0)
Aug 11 06:10:51.920604 np0000032519 devstack@n-api.service[69433]: DEBUG nova.api.openstack.wsgi [None req-a538354c-3408-4387-99f3-88de1dd8813d admin admin] Calling method '<bound method VersionsV2.index of <nova.api.openstack.compute.versions.VersionsV2 object at 0x743b66350290>>' {{(pid=69433) _process_stack /opt/stack/nova/nova/api/openstack/wsgi.py:556}}
Aug 11 06:10:51.923465 np0000032519 devstack@n-api.service[69433]: INFO nova.api.openstack.requestlog [None req-a538354c-3408-4387-99f3-88de1dd8813d admin admin] 192.168.1.108 "GET /compute/v2.1" status: 200 len: 392 microversion: 2.1 time: 0.003007
Aug 11 06:10:51.926630 np0000032519 devstack@n-api.service[69433]: [pid: 69433|app: 0|req: 12/24] 192.168.1.108 () {62 vars in 1056 bytes} [Mon Aug 11 06:10:51 2025] GET /compute/v2.1 => generated 392 bytes in 3 msecs (HTTP/1.1 200) 9 headers in 357 bytes (2 switches on core 0)
Aug 11 06:10:51.945897 np0000032519 devstack@n-api.service[69432]: DEBUG nova.api.openstack.wsgi [None req-e4c2f941-6114-4af5-9a37-e3e27794472e admin admin] Action: 'create', calling method: <bound method FlavorsController.create of <nova.api.openstack.compute.flavors.FlavorsController object at 0x743b65b33fb0>>, body: {"flavor": {"os-flavor-access:is_public": true, "OS-FLV-EXT-DATA:ephemeral": 0, "rxtx_factor": 1.0, "swap": 0, "vcpus": 1, "disk": 20, "ram": 2048, "name": "m1.small", "id": "2"}} {{(pid=69432) _process_stack /opt/stack/nova/nova/api/openstack/wsgi.py:554}}
Aug 11 06:10:51.956981 np0000032519 devstack@n-api.service[69432]: INFO nova.api.openstack.requestlog [None req-e4c2f941-6114-4af5-9a37-e3e27794472e admin admin] 192.168.1.108 "POST /compute/v2.1/flavors" status: 200 len: 411 microversion: 2.61 time: 0.028708
Aug 11 06:10:51.957216 np0000032519 devstack@n-api.service[69432]: [pid: 69432|app: 0|req: 13/25] 192.168.1.108 () {72 vars in 1408 bytes} [Mon Aug 11 06:10:51 2025] POST /compute/v2.1/flavors => generated 411 bytes in 29 msecs (HTTP/1.1 200) 9 headers in 359 bytes (2 switches on core 0)
Aug 11 06:10:51.964993 np0000032519 devstack@n-api.service[69433]: DEBUG nova.api.openstack.wsgi [None req-994ed664-ee1b-4696-b119-015ec6e668da admin admin] Action: 'create', calling method: <bound method FlavorExtraSpecsController.create of <nova.api.openstack.compute.flavors_extraspecs.FlavorExtraSpecsController object at 0x743b65b489b0>>, body: {"extra_specs": {"hw_rng:allowed": "True"}} {{(pid=69433) _process_stack /opt/stack/nova/nova/api/openstack/wsgi.py:554}}
Aug 11 06:10:51.978116 np0000032519 devstack@n-api.service[69433]: INFO nova.api.openstack.requestlog [None req-994ed664-ee1b-4696-b119-015ec6e668da admin admin] 192.168.1.108 "POST /compute/v2.1/flavors/2/os-extra_specs" status: 200 len: 43 microversion: 2.61 time: 0.014677
Aug 11 06:10:51.978345 np0000032519 devstack@n-api.service[69433]: [pid: 69433|app: 0|req: 13/26] 192.168.1.108 () {72 vars in 1458 bytes} [Mon Aug 11 06:10:51 2025] POST /compute/v2.1/flavors/2/os-extra_specs => generated 43 bytes in 15 msecs (HTTP/1.1 200) 9 headers in 358 bytes (1 switches on core 0)
Aug 11 06:10:52.058450 np0000032519 devstack@n-api.service[69432]: DEBUG nova.api.openstack.wsgi [None req-e4c2f941-6114-4af5-9a37-e3e27794472e admin admin] Calling method '<bound method VersionsV2.index of <nova.api.openstack.compute.versions.VersionsV2 object at 0x743b694929c0>>' {{(pid=69432) _process_stack /opt/stack/nova/nova/api/openstack/wsgi.py:556}}
Aug 11 06:10:52.062534 np0000032519 devstack@n-api.service[69432]: INFO nova.api.openstack.requestlog [None req-e4c2f941-6114-4af5-9a37-e3e27794472e admin admin] 192.168.1.108 "GET /compute/v2.1" status: 200 len: 392 microversion: 2.1 time: 0.004237
Aug 11 06:10:52.062730 np0000032519 devstack@n-api.service[69432]: [pid: 69432|app: 0|req: 14/27] 192.168.1.108 () {62 vars in 1056 bytes} [Mon Aug 11 06:10:52 2025] GET /compute/v2.1 => generated 392 bytes in 4 msecs (HTTP/1.1 200) 9 headers in 357 bytes (1 switches on core 0)
