Aug 11 06:21:33.052673 np0000032519 devstack@placement-api.service[73263]: INFO placement.requestlog [req-59538a93-f4b1-4a78-ad51-10827aac6140 req-643857be-14ac-4206-bea1-f492b8343bc0 service nova] 192.168.1.108 "GET /placement/resource_providers/76692942-c3a2-4116-b0a4-cea06cc77e5e/allocations" status: 200 len: 153 microversion: 1.0
Aug 11 06:21:33.052841 np0000032519 devstack@placement-api.service[73263]: [pid: 73263|app: 0|req: 29/57] 192.168.1.108 () {66 vars in 1523 bytes} [Mon Aug 11 06:21:33 2025] GET /placement/resource_providers/76692942-c3a2-4116-b0a4-cea06cc77e5e/allocations => generated 153 bytes in 7 msecs (HTTP/1.1 200) 6 headers in 224 bytes (1 switches on core 0)
Aug 11 06:21:33.058794 np0000032519 devstack@placement-api.service[73264]: DEBUG placement.requestlog [req-59538a93-f4b1-4a78-ad51-10827aac6140 req-20d2e562-14fc-4833-9340-89450992445c None None] Starting request: 192.168.1.108 "GET /placement/allocations/8ab797f0-1252-4cda-a589-6eb0d56b96c6" {{(pid=73264) __call__ /opt/stack/placement/placement/requestlog.py:55}}
Aug 11 06:21:33.065327 np0000032519 devstack@placement-api.service[73264]: INFO placement.requestlog [req-59538a93-f4b1-4a78-ad51-10827aac6140 req-20d2e562-14fc-4833-9340-89450992445c service nova] 192.168.1.108 "GET /placement/allocations/8ab797f0-1252-4cda-a589-6eb0d56b96c6" status: 200 len: 258 microversion: 1.28
Aug 11 06:21:33.065475 np0000032519 devstack@placement-api.service[73264]: [pid: 73264|app: 0|req: 29/58] 192.168.1.108 () {68 vars in 1510 bytes} [Mon Aug 11 06:21:33 2025] GET /placement/allocations/8ab797f0-1252-4cda-a589-6eb0d56b96c6 => generated 258 bytes in 7 msecs (HTTP/1.1 200) 8 headers in 296 bytes (1 switches on core 0)
Aug 11 06:21:34.431431 np0000032519 devstack@placement-api.service[73263]: DEBUG placement.requestlog [None req-ae10f445-839d-4410-88f9-2f1dd98ce9c2 None None] Starting request: 192.168.1.108 "GET /placement/resource_providers/c4618198-cbf9-4825-a57c-f738e172d10a/aggregates" {{(pid=73263) __call__ /opt/stack/placement/placement/requestlog.py:55}}
Aug 11 06:21:34.436947 np0000032519 devstack@placement-api.service[73263]: INFO placement.requestlog [None req-ae10f445-839d-4410-88f9-2f1dd98ce9c2 service placement] 192.168.1.108 "GET /placement/resource_providers/c4618198-cbf9-4825-a57c-f738e172d10a/aggregates" status: 404 len: 235 microversion: 1.1
Aug 11 06:21:34.437113 np0000032519 devstack@placement-api.service[73263]: [pid: 73263|app: 0|req: 30/59] 192.168.1.108 () {66 vars in 1494 bytes} [Mon Aug 11 06:21:34 2025] GET /placement/resource_providers/c4618198-cbf9-4825-a57c-f738e172d10a/aggregates => generated 235 bytes in 6 msecs (HTTP/1.1 404) 5 headers in 202 bytes (1 switches on core 0)
Aug 11 06:21:34.444309 np0000032519 devstack@placement-api.service[73264]: DEBUG placement.requestlog [None req-46d3c8b9-1215-48c5-9f47-33d1183b192c None None] Starting request: 192.168.1.108 "DELETE /placement/resource_providers/c4618198-cbf9-4825-a57c-f738e172d10a" {{(pid=73264) __call__ /opt/stack/placement/placement/requestlog.py:55}}
Aug 11 06:21:34.448757 np0000032519 devstack@placement-api.service[73264]: DEBUG placement.wsgi_wrapper [None req-46d3c8b9-1215-48c5-9f47-33d1183b192c service placement] Placement API returning an error response: No resource provider with uuid c4618198-cbf9-4825-a57c-f738e172d10a found for delete {{(pid=73264) call_func /opt/stack/placement/placement/wsgi_wrapper.py:31}}
Aug 11 06:21:34.449151 np0000032519 devstack@placement-api.service[73264]: INFO placement.requestlog [None req-46d3c8b9-1215-48c5-9f47-33d1183b192c service placement] 192.168.1.108 "DELETE /placement/resource_providers/c4618198-cbf9-4825-a57c-f738e172d10a" status: 404 len: 246 microversion: 1.1
Aug 11 06:21:34.449355 np0000032519 devstack@placement-api.service[73264]: [pid: 73264|app: 0|req: 30/60] 192.168.1.108 () {68 vars in 1483 bytes} [Mon Aug 11 06:21:34 2025] DELETE /placement/resource_providers/c4618198-cbf9-4825-a57c-f738e172d10a => generated 246 bytes in 5 msecs (HTTP/1.1 404) 6 headers in 231 bytes (1 switches on core 0)
Aug 11 06:21:40.742489 np0000032519 devstack@placement-api.service[73263]: DEBUG placement.requestlog [None req-7a837450-9203-49c2-a5c8-65f90dcb67e5 None None] Starting request: 192.168.1.108 "GET /placement/resource_providers/2991dbff-e269-4c9f-8af1-478b6beb49dc/aggregates" {{(pid=73263) __call__ /opt/stack/placement/placement/requestlog.py:55}}
Aug 11 06:21:40.746458 np0000032519 devstack@placement-api.service[73263]: INFO placement.requestlog [None req-7a837450-9203-49c2-a5c8-65f90dcb67e5 service placement] 192.168.1.108 "GET /placement/resource_providers/2991dbff-e269-4c9f-8af1-478b6beb49dc/aggregates" status: 404 len: 235 microversion: 1.1
Aug 11 06:21:40.746620 np0000032519 devstack@placement-api.service[73263]: [pid: 73263|app: 0|req: 31/61] 192.168.1.108 () {66 vars in 1494 bytes} [Mon Aug 11 06:21:40 2025] GET /placement/resource_providers/2991dbff-e269-4c9f-8af1-478b6beb49dc/aggregates => generated 235 bytes in 4 msecs (HTTP/1.1 404) 5 headers in 202 bytes (1 switches on core 0)
Aug 11 06:21:40.752365 np0000032519 devstack@placement-api.service[73264]: DEBUG placement.requestlog [None req-4c2cf904-f272-4674-bb03-143258028cb9 None None] Starting request: 192.168.1.108 "DELETE /placement/resource_providers/2991dbff-e269-4c9f-8af1-478b6beb49dc" {{(pid=73264) __call__ /opt/stack/placement/placement/requestlog.py:55}}
Aug 11 06:21:40.758718 np0000032519 devstack@placement-api.service[73264]: DEBUG placement.wsgi_wrapper [None req-4c2cf904-f272-4674-bb03-143258028cb9 service placement] Placement API returning an error response: No resource provider with uuid 2991dbff-e269-4c9f-8af1-478b6beb49dc found for delete {{(pid=73264) call_func /opt/stack/placement/placement/wsgi_wrapper.py:31}}
Aug 11 06:21:40.761935 np0000032519 devstack@placement-api.service[73264]: INFO placement.requestlog [None req-4c2cf904-f272-4674-bb03-143258028cb9 service placement] 192.168.1.108 "DELETE /placement/resource_providers/2991dbff-e269-4c9f-8af1-478b6beb49dc" status: 404 len: 246 microversion: 1.1
Aug 11 06:21:40.761935 np0000032519 devstack@placement-api.service[73264]: [pid: 73264|app: 0|req: 31/62] 192.168.1.108 () {68 vars in 1483 bytes} [Mon Aug 11 06:21:40 2025] DELETE /placement/resource_providers/2991dbff-e269-4c9f-8af1-478b6beb49dc => generated 246 bytes in 10 msecs (HTTP/1.1 404) 6 headers in 231 bytes (1 switches on core 0)
Aug 11 06:21:42.768438 np0000032519 devstack@placement-api.service[73263]: DEBUG placement.requestlog [None req-06341563-1d8a-4e32-9310-b0243d484b38 None None] Starting request: 192.168.1.108 "GET /placement/resource_providers/8e2b87fb-d36e-463b-bee1-38b59f187acf/aggregates" {{(pid=73263) __call__ /opt/stack/placement/placement/requestlog.py:55}}
Aug 11 06:21:42.773832 np0000032519 devstack@placement-api.service[73263]: INFO placement.requestlog [None req-06341563-1d8a-4e32-9310-b0243d484b38 service placement] 192.168.1.108 "GET /placement/resource_providers/8e2b87fb-d36e-463b-bee1-38b59f187acf/aggregates" status: 404 len: 235 microversion: 1.1
Aug 11 06:21:42.773968 np0000032519 devstack@placement-api.service[73263]: [pid: 73263|app: 0|req: 32/63] 192.168.1.108 () {66 vars in 1494 bytes} [Mon Aug 11 06:21:42 2025] GET /placement/resource_providers/8e2b87fb-d36e-463b-bee1-38b59f187acf/aggregates => generated 235 bytes in 5 msecs (HTTP/1.1 404) 5 headers in 202 bytes (1 switches on core 0)
Aug 11 06:21:42.778934 np0000032519 devstack@placement-api.service[73264]: DEBUG placement.requestlog [None req-e65c9130-8648-42c5-b999-f4f85da9cd97 None None] Starting request: 192.168.1.108 "DELETE /placement/resource_providers/8e2b87fb-d36e-463b-bee1-38b59f187acf" {{(pid=73264) __call__ /opt/stack/placement/placement/requestlog.py:55}}
Aug 11 06:21:42.783281 np0000032519 devstack@placement-api.service[73264]: DEBUG placement.wsgi_wrapper [None req-e65c9130-8648-42c5-b999-f4f85da9cd97 service placement] Placement API returning an error response: No resource provider with uuid 8e2b87fb-d36e-463b-bee1-38b59f187acf found for delete {{(pid=73264) call_func /opt/stack/placement/placement/wsgi_wrapper.py:31}}
Aug 11 06:21:42.783561 np0000032519 devstack@placement-api.service[73264]: INFO placement.requestlog [None req-e65c9130-8648-42c5-b999-f4f85da9cd97 service placement] 192.168.1.108 "DELETE /placement/resource_providers/8e2b87fb-d36e-463b-bee1-38b59f187acf" status: 404 len: 246 microversion: 1.1
Aug 11 06:21:42.783755 np0000032519 devstack@placement-api.service[73264]: [pid: 73264|app: 0|req: 32/64] 192.168.1.108 () {68 vars in 1483 bytes} [Mon Aug 11 06:21:42 2025] DELETE /placement/resource_providers/8e2b87fb-d36e-463b-bee1-38b59f187acf => generated 246 bytes in 5 msecs (HTTP/1.1 404) 6 headers in 231 bytes (1 switches on core 0)
Aug 11 06:21:49.298591 np0000032519 devstack@placement-api.service[73263]: DEBUG placement.requestlog [None req-519a9b36-18f5-40c3-b4d8-746dddaf2dea None None] Starting request: 192.168.1.108 "GET /placement/resource_providers/0d163f19-1ed0-43c7-baef-a925e44b4034/aggregates" {{(pid=73263) __call__ /opt/stack/placement/placement/requestlog.py:55}}
Aug 11 06:21:49.303083 np0000032519 devstack@placement-api.service[73263]: INFO placement.requestlog [None req-519a9b36-18f5-40c3-b4d8-746dddaf2dea service placement] 192.168.1.108 "GET /placement/resource_providers/0d163f19-1ed0-43c7-baef-a925e44b4034/aggregates" status: 404 len: 235 microversion: 1.1
Aug 11 06:21:49.303250 np0000032519 devstack@placement-api.service[73263]: [pid: 73263|app: 0|req: 33/65] 192.168.1.108 () {66 vars in 1494 bytes} [Mon Aug 11 06:21:49 2025] GET /placement/resource_providers/0d163f19-1ed0-43c7-baef-a925e44b4034/aggregates => generated 235 bytes in 5 msecs (HTTP/1.1 404) 5 headers in 202 bytes (1 switches on core 0)
Aug 11 06:21:49.310136 np0000032519 devstack@placement-api.service[73264]: DEBUG placement.requestlog [None req-d964877e-7a12-41e7-a9f1-40ed7d9fd78e None None] Starting request: 192.168.1.108 "DELETE /placement/resource_providers/0d163f19-1ed0-43c7-baef-a925e44b4034" {{(pid=73264) __call__ /opt/stack/placement/placement/requestlog.py:55}}
Aug 11 06:21:49.316906 np0000032519 devstack@placement-api.service[73264]: DEBUG placement.wsgi_wrapper [None req-d964877e-7a12-41e7-a9f1-40ed7d9fd78e service placement] Placement API returning an error response: No resource provider with uuid 0d163f19-1ed0-43c7-baef-a925e44b4034 found for delete {{(pid=73264) call_func /opt/stack/placement/placement/wsgi_wrapper.py:31}}
Aug 11 06:21:49.317319 np0000032519 devstack@placement-api.service[73264]: INFO placement.requestlog [None req-d964877e-7a12-41e7-a9f1-40ed7d9fd78e service placement] 192.168.1.108 "DELETE /placement/resource_providers/0d163f19-1ed0-43c7-baef-a925e44b4034" status: 404 len: 246 microversion: 1.1
Aug 11 06:21:49.320998 np0000032519 devstack@placement-api.service[73264]: [pid: 73264|app: 0|req: 33/66] 192.168.1.108 () {68 vars in 1483 bytes} [Mon Aug 11 06:21:49 2025] DELETE /placement/resource_providers/0d163f19-1ed0-43c7-baef-a925e44b4034 => generated 246 bytes in 11 msecs (HTTP/1.1 404) 6 headers in 231 bytes (1 switches on core 0)
Aug 11 06:21:51.328503 np0000032519 devstack@placement-api.service[73263]: DEBUG placement.requestlog [None req-72c3a665-98a5-41ba-88e3-019e0a4d536c None None] Starting request: 192.168.1.108 "GET /placement/resource_providers/de60008c-e289-47d6-86fa-c9452b4a43d7/aggregates" {{(pid=73263) __call__ /opt/stack/placement/placement/requestlog.py:55}}
Aug 11 06:21:51.332927 np0000032519 devstack@placement-api.service[73263]: INFO placement.requestlog [None req-72c3a665-98a5-41ba-88e3-019e0a4d536c service placement] 192.168.1.108 "GET /placement/resource_providers/de60008c-e289-47d6-86fa-c9452b4a43d7/aggregates" status: 404 len: 235 microversion: 1.1
Aug 11 06:21:51.333080 np0000032519 devstack@placement-api.service[73263]: [pid: 73263|app: 0|req: 34/67] 192.168.1.108 () {66 vars in 1494 bytes} [Mon Aug 11 06:21:51 2025] GET /placement/resource_providers/de60008c-e289-47d6-86fa-c9452b4a43d7/aggregates => generated 235 bytes in 5 msecs (HTTP/1.1 404) 5 headers in 202 bytes (1 switches on core 0)
Aug 11 06:21:51.338095 np0000032519 devstack@placement-api.service[73264]: DEBUG placement.requestlog [None req-183669df-726c-4459-be3f-62e76aaac7b5 None None] Starting request: 192.168.1.108 "DELETE /placement/resource_providers/de60008c-e289-47d6-86fa-c9452b4a43d7" {{(pid=73264) __call__ /opt/stack/placement/placement/requestlog.py:55}}
Aug 11 06:21:51.342239 np0000032519 devstack@placement-api.service[73264]: DEBUG placement.wsgi_wrapper [None req-183669df-726c-4459-be3f-62e76aaac7b5 service placement] Placement API returning an error response: No resource provider with uuid de60008c-e289-47d6-86fa-c9452b4a43d7 found for delete {{(pid=73264) call_func /opt/stack/placement/placement/wsgi_wrapper.py:31}}
Aug 11 06:21:51.342522 np0000032519 devstack@placement-api.service[73264]: INFO placement.requestlog [None req-183669df-726c-4459-be3f-62e76aaac7b5 service placement] 192.168.1.108 "DELETE /placement/resource_providers/de60008c-e289-47d6-86fa-c9452b4a43d7" status: 404 len: 246 microversion: 1.1
Aug 11 06:21:51.342667 np0000032519 devstack@placement-api.service[73264]: [pid: 73264|app: 0|req: 34/68] 192.168.1.108 () {68 vars in 1483 bytes} [Mon Aug 11 06:21:51 2025] DELETE /placement/resource_providers/de60008c-e289-47d6-86fa-c9452b4a43d7 => generated 246 bytes in 4 msecs (HTTP/1.1 404) 6 headers in 231 bytes (1 switches on core 0)
Aug 11 06:21:59.875310 np0000032519 devstack@placement-api.service[73263]: DEBUG placement.requestlog [req-79930c79-4c50-44ff-a5e7-a5fcc4123c31 req-00ddcb24-047b-4d3b-bda4-4e9d0e9ffffa None None] Starting request: 192.168.1.108 "GET /placement/resource_providers/76692942-c3a2-4116-b0a4-cea06cc77e5e/allocations" {{(pid=73263) __call__ /opt/stack/placement/placement/requestlog.py:55}}
Aug 11 06:21:59.998673 np0000032519 devstack@placement-api.service[73263]: INFO placement.requestlog [req-79930c79-4c50-44ff-a5e7-a5fcc4123c31 req-00ddcb24-047b-4d3b-bda4-4e9d0e9ffffa service nova] 192.168.1.108 "GET /placement/resource_providers/76692942-c3a2-4116-b0a4-cea06cc77e5e/allocations" status: 200 len: 153 microversion: 1.0
Aug 11 06:21:59.999093 np0000032519 devstack@placement-api.service[73263]: [pid: 73263|app: 0|req: 35/69] 192.168.1.108 () {66 vars in 1523 bytes} [Mon Aug 11 06:21:59 2025] GET /placement/resource_providers/76692942-c3a2-4116-b0a4-cea06cc77e5e/allocations => generated 153 bytes in 124 msecs (HTTP/1.1 200) 6 headers in 224 bytes (1 switches on core 0)
Aug 11 06:22:00.005673 np0000032519 devstack@placement-api.service[73264]: DEBUG placement.requestlog [req-79930c79-4c50-44ff-a5e7-a5fcc4123c31 req-32eb3bd4-fe88-47a2-b697-4c958d0a7557 None None] Starting request: 192.168.1.108 "GET /placement/resource_providers?in_tree=76692942-c3a2-4116-b0a4-cea06cc77e5e" {{(pid=73264) __call__ /opt/stack/placement/placement/requestlog.py:55}}
Aug 11 06:22:00.013804 np0000032519 devstack@placement-api.service[73264]: INFO placement.requestlog [req-79930c79-4c50-44ff-a5e7-a5fcc4123c31 req-32eb3bd4-fe88-47a2-b697-4c958d0a7557 service nova] 192.168.1.108 "GET /placement/resource_providers?in_tree=76692942-c3a2-4116-b0a4-cea06cc77e5e" status: 200 len: 861 microversion: 1.14
Aug 11 06:22:00.014191 np0000032519 devstack@placement-api.service[73264]: [pid: 73264|app: 0|req: 35/70] 192.168.1.108 () {68 vars in 1509 bytes} [Mon Aug 11 06:22:00 2025] GET /placement/resource_providers?in_tree=76692942-c3a2-4116-b0a4-cea06cc77e5e => generated 861 bytes in 9 msecs (HTTP/1.1 200) 6 headers in 225 bytes (1 switches on core 0)
Aug 11 06:22:00.019638 np0000032519 devstack@placement-api.service[73263]: DEBUG placement.requestlog [req-79930c79-4c50-44ff-a5e7-a5fcc4123c31 req-8aa17a8b-64db-4bc8-8cd6-d4d93a4533b6 None None] Starting request: 192.168.1.108 "GET /placement/resource_providers/76692942-c3a2-4116-b0a4-cea06cc77e5e/inventories" {{(pid=73263) __call__ /opt/stack/placement/placement/requestlog.py:55}}
Aug 11 06:22:00.026555 np0000032519 devstack@placement-api.service[73263]: INFO placement.requestlog [req-79930c79-4c50-44ff-a5e7-a5fcc4123c31 req-8aa17a8b-64db-4bc8-8cd6-d4d93a4533b6 service nova] 192.168.1.108 "GET /placement/resource_providers/76692942-c3a2-4116-b0a4-cea06cc77e5e/inventories" status: 200 len: 396 microversion: 1.0
Aug 11 06:22:00.026815 np0000032519 devstack@placement-api.service[73263]: [pid: 73263|app: 0|req: 36/71] 192.168.1.108 () {66 vars in 1523 bytes} [Mon Aug 11 06:22:00 2025] GET /placement/resource_providers/76692942-c3a2-4116-b0a4-cea06cc77e5e/inventories => generated 396 bytes in 7 msecs (HTTP/1.1 200) 6 headers in 224 bytes (1 switches on core 0)
Aug 11 06:22:00.032420 np0000032519 devstack@placement-api.service[73264]: DEBUG placement.requestlog [req-79930c79-4c50-44ff-a5e7-a5fcc4123c31 req-0d9ade56-d781-48b2-b1dc-cd142de0d783 None None] Starting request: 192.168.1.108 "GET /placement/resource_providers/76692942-c3a2-4116-b0a4-cea06cc77e5e/aggregates" {{(pid=73264) __call__ /opt/stack/placement/placement/requestlog.py:55}}
Aug 11 06:22:00.037332 np0000032519 devstack@placement-api.service[73264]: INFO placement.requestlog [req-79930c79-4c50-44ff-a5e7-a5fcc4123c31 req-0d9ade56-d781-48b2-b1dc-cd142de0d783 service nova] 192.168.1.108 "GET /placement/resource_providers/76692942-c3a2-4116-b0a4-cea06cc77e5e/aggregates" status: 200 len: 53 microversion: 1.19
Aug 11 06:22:00.037589 np0000032519 devstack@placement-api.service[73264]: [pid: 73264|app: 0|req: 36/72] 192.168.1.108 () {68 vars in 1564 bytes} [Mon Aug 11 06:22:00 2025] GET /placement/resource_providers/76692942-c3a2-4116-b0a4-cea06cc77e5e/aggregates => generated 53 bytes in 5 msecs (HTTP/1.1 200) 8 headers in 295 bytes (1 switches on core 0)
Aug 11 06:22:00.043077 np0000032519 devstack@placement-api.service[73263]: DEBUG placement.requestlog [req-79930c79-4c50-44ff-a5e7-a5fcc4123c31 req-abe88423-1491-4499-91d7-f3b0aba8055b None None] Starting request: 192.168.1.108 "GET /placement/resource_providers/76692942-c3a2-4116-b0a4-cea06cc77e5e/traits" {{(pid=73263) __call__ /opt/stack/placement/placement/requestlog.py:55}}
Aug 11 06:22:00.053614 np0000032519 devstack@placement-api.service[73263]: INFO placement.requestlog [req-79930c79-4c50-44ff-a5e7-a5fcc4123c31 req-abe88423-1491-4499-91d7-f3b0aba8055b service nova] 192.168.1.108 "GET /placement/resource_providers/76692942-c3a2-4116-b0a4-cea06cc77e5e/traits" status: 200 len: 1761 microversion: 1.6
Aug 11 06:22:00.053843 np0000032519 devstack@placement-api.service[73263]: [pid: 73263|app: 0|req: 37/73] 192.168.1.108 () {68 vars in 1551 bytes} [Mon Aug 11 06:22:00 2025] GET /placement/resource_providers/76692942-c3a2-4116-b0a4-cea06cc77e5e/traits => generated 1761 bytes in 11 msecs (HTTP/1.1 200) 6 headers in 225 bytes (1 switches on core 0)
Aug 11 06:22:00.059721 np0000032519 devstack@placement-api.service[73264]: DEBUG placement.requestlog [req-79930c79-4c50-44ff-a5e7-a5fcc4123c31 req-b2be03af-b318-408d-af86-504022b72c60 None None] Starting request: 192.168.1.108 "GET /placement/resource_providers/76692942-c3a2-4116-b0a4-cea06cc77e5e/allocations" {{(pid=73264) __call__ /opt/stack/placement/placement/requestlog.py:55}}
Aug 11 06:22:00.066867 np0000032519 devstack@placement-api.service[73264]: INFO placement.requestlog [req-79930c79-4c50-44ff-a5e7-a5fcc4123c31 req-b2be03af-b318-408d-af86-504022b72c60 service nova] 192.168.1.108 "GET /placement/resource_providers/76692942-c3a2-4116-b0a4-cea06cc77e5e/allocations" status: 200 len: 153 microversion: 1.0
Aug 11 06:22:00.067144 np0000032519 devstack@placement-api.service[73264]: [pid: 73264|app: 0|req: 37/74] 192.168.1.108 () {66 vars in 1523 bytes} [Mon Aug 11 06:22:00 2025] GET /placement/resource_providers/76692942-c3a2-4116-b0a4-cea06cc77e5e/allocations => generated 153 bytes in 8 msecs (HTTP/1.1 200) 6 headers in 224 bytes (1 switches on core 0)
Aug 11 06:22:00.071780 np0000032519 devstack@placement-api.service[73263]: DEBUG placement.requestlog [req-79930c79-4c50-44ff-a5e7-a5fcc4123c31 req-d635e302-8bc5-496f-8417-c095d5cd560e None None] Starting request: 192.168.1.108 "GET /placement/allocations/8ab797f0-1252-4cda-a589-6eb0d56b96c6" {{(pid=73263) __call__ /opt/stack/placement/placement/requestlog.py:55}}
Aug 11 06:22:00.077715 np0000032519 devstack@placement-api.service[73263]: INFO placement.requestlog [req-79930c79-4c50-44ff-a5e7-a5fcc4123c31 req-d635e302-8bc5-496f-8417-c095d5cd560e service nova] 192.168.1.108 "GET /placement/allocations/8ab797f0-1252-4cda-a589-6eb0d56b96c6" status: 200 len: 258 microversion: 1.28
Aug 11 06:22:00.077715 np0000032519 devstack@placement-api.service[73263]: [pid: 73263|app: 0|req: 38/75] 192.168.1.108 () {68 vars in 1510 bytes} [Mon Aug 11 06:22:00 2025] GET /placement/allocations/8ab797f0-1252-4cda-a589-6eb0d56b96c6 => generated 258 bytes in 6 msecs (HTTP/1.1 200) 8 headers in 296 bytes (1 switches on core 0)
Aug 11 06:22:10.066511 np0000032519 devstack@placement-api.service[73264]: DEBUG dbcounter [-] [73264] Writing DB stats placement:SELECT=25,placement:DELETE=2 {{(pid=73264) stat_writer /opt/stack/data/venv/lib/python3.12/site-packages/dbcounter.py:115}}
Aug 11 06:22:10.076580 np0000032519 devstack@placement-api.service[73263]: DEBUG dbcounter [-] [73263] Writing DB stats placement:SELECT=41,placement:INSERT=6,placement:DELETE=2,placement:UPDATE=2 {{(pid=73263) stat_writer /opt/stack/data/venv/lib/python3.12/site-packages/dbcounter.py:115}}
Aug 11 06:22:59.838380 np0000032519 devstack@placement-api.service[73264]: DEBUG placement.requestlog [req-f5f17cc3-57cc-4373-87be-687e0a2457ae req-726f3407-cbcd-4ece-8ffe-153a8719b809 None None] Starting request: 192.168.1.108 "GET /placement/resource_providers/76692942-c3a2-4116-b0a4-cea06cc77e5e/allocations" {{(pid=73264) __call__ /opt/stack/placement/placement/requestlog.py:55}}
Aug 11 06:22:59.847326 np0000032519 devstack@placement-api.service[73264]: INFO placement.requestlog [req-f5f17cc3-57cc-4373-87be-687e0a2457ae req-726f3407-cbcd-4ece-8ffe-153a8719b809 service nova] 192.168.1.108 "GET /placement/resource_providers/76692942-c3a2-4116-b0a4-cea06cc77e5e/allocations" status: 200 len: 153 microversion: 1.0
Aug 11 06:22:59.847490 np0000032519 devstack@placement-api.service[73264]: [pid: 73264|app: 0|req: 38/76] 192.168.1.108 () {66 vars in 1523 bytes} [Mon Aug 11 06:22:59 2025] GET /placement/resource_providers/76692942-c3a2-4116-b0a4-cea06cc77e5e/allocations => generated 153 bytes in 9 msecs (HTTP/1.1 200) 6 headers in 224 bytes (1 switches on core 0)
Aug 11 06:22:59.853019 np0000032519 devstack@placement-api.service[73263]: DEBUG placement.requestlog [req-f5f17cc3-57cc-4373-87be-687e0a2457ae req-6de4db33-32a0-4059-a64f-01a81e121775 None None] Starting request: 192.168.1.108 "GET /placement/resource_providers/76692942-c3a2-4116-b0a4-cea06cc77e5e/allocations" {{(pid=73263) __call__ /opt/stack/placement/placement/requestlog.py:55}}
Aug 11 06:22:59.860974 np0000032519 devstack@placement-api.service[73263]: INFO placement.requestlog [req-f5f17cc3-57cc-4373-87be-687e0a2457ae req-6de4db33-32a0-4059-a64f-01a81e121775 service nova] 192.168.1.108 "GET /placement/resource_providers/76692942-c3a2-4116-b0a4-cea06cc77e5e/allocations" status: 200 len: 153 microversion: 1.0
Aug 11 06:22:59.861127 np0000032519 devstack@placement-api.service[73263]: [pid: 73263|app: 0|req: 39/77] 192.168.1.108 () {66 vars in 1523 bytes} [Mon Aug 11 06:22:59 2025] GET /placement/resource_providers/76692942-c3a2-4116-b0a4-cea06cc77e5e/allocations => generated 153 bytes in 8 msecs (HTTP/1.1 200) 6 headers in 224 bytes (1 switches on core 0)
Aug 11 06:22:59.865509 np0000032519 devstack@placement-api.service[73264]: DEBUG placement.requestlog [req-f5f17cc3-57cc-4373-87be-687e0a2457ae req-fffb6542-fc99-4be5-815b-8921bd348f1e None None] Starting request: 192.168.1.108 "GET /placement/allocations/8ab797f0-1252-4cda-a589-6eb0d56b96c6" {{(pid=73264) __call__ /opt/stack/placement/placement/requestlog.py:55}}
Aug 11 06:22:59.870611 np0000032519 devstack@placement-api.service[73264]: INFO placement.requestlog [req-f5f17cc3-57cc-4373-87be-687e0a2457ae req-fffb6542-fc99-4be5-815b-8921bd348f1e service nova] 192.168.1.108 "GET /placement/allocations/8ab797f0-1252-4cda-a589-6eb0d56b96c6" status: 200 len: 258 microversion: 1.28
Aug 11 06:22:59.870821 np0000032519 devstack@placement-api.service[73264]: [pid: 73264|app: 0|req: 39/78] 192.168.1.108 () {68 vars in 1510 bytes} [Mon Aug 11 06:22:59 2025] GET /placement/allocations/8ab797f0-1252-4cda-a589-6eb0d56b96c6 => generated 258 bytes in 5 msecs (HTTP/1.1 200) 8 headers in 296 bytes (1 switches on core 0)
Aug 11 06:23:09.859866 np0000032519 devstack@placement-api.service[73263]: DEBUG dbcounter [-] [73263] Writing DB stats placement:SELECT=3 {{(pid=73263) stat_writer /opt/stack/data/venv/lib/python3.12/site-packages/dbcounter.py:115}}
Aug 11 06:23:09.869954 np0000032519 devstack@placement-api.service[73264]: DEBUG dbcounter [-] [73264] Writing DB stats placement:SELECT=5 {{(pid=73264) stat_writer /opt/stack/data/venv/lib/python3.12/site-packages/dbcounter.py:115}}
Aug 11 06:23:52.283198 np0000032519 devstack@placement-api.service[73263]: DEBUG placement.requestlog [req-53dbc862-e8ec-40bb-a3c8-44871792bc4b req-573ae4bf-2777-4965-aeba-aabac6a39fb0 None None] Starting request: 192.168.1.108 "GET /placement/resource_providers/76692942-c3a2-4116-b0a4-cea06cc77e5e/allocations" {{(pid=73263) __call__ /opt/stack/placement/placement/requestlog.py:55}}
Aug 11 06:23:52.290810 np0000032519 devstack@placement-api.service[73263]: INFO placement.requestlog [req-53dbc862-e8ec-40bb-a3c8-44871792bc4b req-573ae4bf-2777-4965-aeba-aabac6a39fb0 service nova] 192.168.1.108 "GET /placement/resource_providers/76692942-c3a2-4116-b0a4-cea06cc77e5e/allocations" status: 200 len: 153 microversion: 1.0
Aug 11 06:23:52.291110 np0000032519 devstack@placement-api.service[73263]: [pid: 73263|app: 0|req: 40/79] 192.168.1.108 () {66 vars in 1523 bytes} [Mon Aug 11 06:23:52 2025] GET /placement/resource_providers/76692942-c3a2-4116-b0a4-cea06cc77e5e/allocations => generated 153 bytes in 8 msecs (HTTP/1.1 200) 6 headers in 224 bytes (1 switches on core 0)
Aug 11 06:23:52.295383 np0000032519 devstack@placement-api.service[73264]: DEBUG placement.requestlog [req-53dbc862-e8ec-40bb-a3c8-44871792bc4b req-e6af0190-f655-4cd6-9eaf-de41e0a32e93 None None] Starting request: 192.168.1.108 "GET /placement/allocations/8ab797f0-1252-4cda-a589-6eb0d56b96c6" {{(pid=73264) __call__ /opt/stack/placement/placement/requestlog.py:55}}
Aug 11 06:23:52.301084 np0000032519 devstack@placement-api.service[73264]: INFO placement.requestlog [req-53dbc862-e8ec-40bb-a3c8-44871792bc4b req-e6af0190-f655-4cd6-9eaf-de41e0a32e93 service nova] 192.168.1.108 "GET /placement/allocations/8ab797f0-1252-4cda-a589-6eb0d56b96c6" status: 200 len: 258 microversion: 1.28
Aug 11 06:23:52.301238 np0000032519 devstack@placement-api.service[73264]: [pid: 73264|app: 0|req: 40/80] 192.168.1.108 () {68 vars in 1510 bytes} [Mon Aug 11 06:23:52 2025] GET /placement/allocations/8ab797f0-1252-4cda-a589-6eb0d56b96c6 => generated 258 bytes in 6 msecs (HTTP/1.1 200) 8 headers in 296 bytes (1 switches on core 0)
Aug 11 06:23:53.317287 np0000032519 devstack@placement-api.service[73263]: DEBUG placement.requestlog [req-53dbc862-e8ec-40bb-a3c8-44871792bc4b req-4409d0c5-f23b-4649-b834-1498fb17e365 None None] Starting request: 192.168.1.108 "DELETE /placement/allocations/8ab797f0-1252-4cda-a589-6eb0d56b96c6" {{(pid=73263) __call__ /opt/stack/placement/placement/requestlog.py:55}}
Aug 11 06:23:53.330256 np0000032519 devstack@placement-api.service[73263]: DEBUG placement.handlers.allocation [req-53dbc862-e8ec-40bb-a3c8-44871792bc4b req-4409d0c5-f23b-4649-b834-1498fb17e365 service nova] Successfully deleted allocations [<placement.objects.allocation.Allocation object at 0x74b496511a60>, <placement.objects.allocation.Allocation object at 0x74b496513740>, <placement.objects.allocation.Allocation object at 0x74b496512f90>] {{(pid=73263) delete_allocations /opt/stack/placement/placement/handlers/allocation.py:627}}
Aug 11 06:23:53.330519 np0000032519 devstack@placement-api.service[73263]: INFO placement.requestlog [req-53dbc862-e8ec-40bb-a3c8-44871792bc4b req-4409d0c5-f23b-4649-b834-1498fb17e365 service nova] 192.168.1.108 "DELETE /placement/allocations/8ab797f0-1252-4cda-a589-6eb0d56b96c6" status: 204 len: 0 microversion: 1.0
Aug 11 06:23:53.330738 np0000032519 devstack@placement-api.service[73263]: [pid: 73263|app: 0|req: 41/81] 192.168.1.108 () {68 vars in 1488 bytes} [Mon Aug 11 06:23:53 2025] DELETE /placement/allocations/8ab797f0-1252-4cda-a589-6eb0d56b96c6 => generated 0 bytes in 13 msecs (HTTP/1.1 204) 5 headers in 198 bytes (1 switches on core 0)
Aug 11 06:23:55.915448 np0000032519 devstack@placement-api.service[73264]: DEBUG placement.requestlog [None req-2b6cd37c-4688-4e2e-862b-a43dd6f0af03 None None] Starting request: 192.168.1.108 "GET /placement/resource_providers/8348a4ba-f41b-4dfd-8e40-a20c4ae14fae/aggregates" {{(pid=73264) __call__ /opt/stack/placement/placement/requestlog.py:55}}
Aug 11 06:23:55.919712 np0000032519 devstack@placement-api.service[73264]: INFO placement.requestlog [None req-2b6cd37c-4688-4e2e-862b-a43dd6f0af03 service placement] 192.168.1.108 "GET /placement/resource_providers/8348a4ba-f41b-4dfd-8e40-a20c4ae14fae/aggregates" status: 404 len: 235 microversion: 1.1
Aug 11 06:23:55.919873 np0000032519 devstack@placement-api.service[73264]: [pid: 73264|app: 0|req: 41/82] 192.168.1.108 () {66 vars in 1494 bytes} [Mon Aug 11 06:23:55 2025] GET /placement/resource_providers/8348a4ba-f41b-4dfd-8e40-a20c4ae14fae/aggregates => generated 235 bytes in 4 msecs (HTTP/1.1 404) 5 headers in 202 bytes (1 switches on core 0)
Aug 11 06:23:55.927792 np0000032519 devstack@placement-api.service[73263]: DEBUG placement.requestlog [None req-674dec4b-596f-4718-adb3-21cf59223285 None None] Starting request: 192.168.1.108 "DELETE /placement/resource_providers/8348a4ba-f41b-4dfd-8e40-a20c4ae14fae" {{(pid=73263) __call__ /opt/stack/placement/placement/requestlog.py:55}}
Aug 11 06:23:55.931643 np0000032519 devstack@placement-api.service[73263]: DEBUG placement.wsgi_wrapper [None req-674dec4b-596f-4718-adb3-21cf59223285 service placement] Placement API returning an error response: No resource provider with uuid 8348a4ba-f41b-4dfd-8e40-a20c4ae14fae found for delete {{(pid=73263) call_func /opt/stack/placement/placement/wsgi_wrapper.py:31}}
Aug 11 06:23:55.932273 np0000032519 devstack@placement-api.service[73263]: INFO placement.requestlog [None req-674dec4b-596f-4718-adb3-21cf59223285 service placement] 192.168.1.108 "DELETE /placement/resource_providers/8348a4ba-f41b-4dfd-8e40-a20c4ae14fae" status: 404 len: 246 microversion: 1.1
Aug 11 06:23:55.932338 np0000032519 devstack@placement-api.service[73263]: [pid: 73263|app: 0|req: 42/83] 192.168.1.108 () {68 vars in 1483 bytes} [Mon Aug 11 06:23:55 2025] DELETE /placement/resource_providers/8348a4ba-f41b-4dfd-8e40-a20c4ae14fae => generated 246 bytes in 5 msecs (HTTP/1.1 404) 6 headers in 231 bytes (1 switches on core 0)
Aug 11 06:23:59.726959 np0000032519 devstack@placement-api.service[73264]: DEBUG placement.requestlog [req-e9ddb098-61b6-46a9-bb01-95d82ff20e7c req-91a46a83-931b-472f-89eb-ae86cce4cdac None None] Starting request: 192.168.1.108 "GET /placement/allocation_candidates?limit=1000&resources=DISK_GB%3A5%2CMEMORY_MB%3A1024%2CVCPU%3A1&root_required=%21COMPUTE_STATUS_DISABLED" {{(pid=73264) __call__ /opt/stack/placement/placement/requestlog.py:55}}
Aug 11 06:23:59.764949 np0000032519 devstack@placement-api.service[73263]: DEBUG placement.requestlog [req-64325419-31d3-40b4-a929-f8da89c8ddec req-a5d27621-54eb-4520-bef1-273b5cdd9217 None None] Starting request: 192.168.1.108 "GET /placement/resource_providers/76692942-c3a2-4116-b0a4-cea06cc77e5e/allocations" {{(pid=73263) __call__ /opt/stack/placement/placement/requestlog.py:55}}
Aug 11 06:23:59.765140 np0000032519 devstack@placement-api.service[73264]: DEBUG placement.objects.research_context [req-e9ddb098-61b6-46a9-bb01-95d82ff20e7c req-91a46a83-931b-472f-89eb-ae86cce4cdac service nova] getting providers with 5 DISK_GB {{(pid=73264) __init__ /opt/stack/placement/placement/objects/research_context.py:137}}
Aug 11 06:23:59.769225 np0000032519 devstack@placement-api.service[73264]: DEBUG placement.objects.research_context [req-e9ddb098-61b6-46a9-bb01-95d82ff20e7c req-91a46a83-931b-472f-89eb-ae86cce4cdac service nova] getting providers with 1024 MEMORY_MB {{(pid=73264) __init__ /opt/stack/placement/placement/objects/research_context.py:137}}
Aug 11 06:23:59.771405 np0000032519 devstack@placement-api.service[73264]: DEBUG placement.objects.research_context [req-e9ddb098-61b6-46a9-bb01-95d82ff20e7c req-91a46a83-931b-472f-89eb-ae86cce4cdac service nova] getting providers with 1 VCPU {{(pid=73264) __init__ /opt/stack/placement/placement/objects/research_context.py:137}}
Aug 11 06:23:59.773673 np0000032519 devstack@placement-api.service[73264]: DEBUG placement.objects.research_context [req-e9ddb098-61b6-46a9-bb01-95d82ff20e7c req-91a46a83-931b-472f-89eb-ae86cce4cdac service nova] found 1 providers with available 5 DISK_GB {{(pid=73264) get_provider_ids_matching /opt/stack/placement/placement/objects/research_context.py:569}}
Aug 11 06:23:59.773769 np0000032519 devstack@placement-api.service[73264]: DEBUG placement.objects.research_context [req-e9ddb098-61b6-46a9-bb01-95d82ff20e7c req-91a46a83-931b-472f-89eb-ae86cce4cdac service nova] found 1 providers with available 1024 MEMORY_MB {{(pid=73264) get_provider_ids_matching /opt/stack/placement/placement/objects/research_context.py:569}}
Aug 11 06:23:59.773971 np0000032519 devstack@placement-api.service[73264]: DEBUG placement.objects.research_context [req-e9ddb098-61b6-46a9-bb01-95d82ff20e7c req-91a46a83-931b-472f-89eb-ae86cce4cdac service nova] found 1 providers after filtering by previous result {{(pid=73264) get_provider_ids_matching /opt/stack/placement/placement/objects/research_context.py:600}}
Aug 11 06:23:59.774038 np0000032519 devstack@placement-api.service[73264]: DEBUG placement.objects.research_context [req-e9ddb098-61b6-46a9-bb01-95d82ff20e7c req-91a46a83-931b-472f-89eb-ae86cce4cdac service nova] found 1 providers with available 1 VCPU {{(pid=73264) get_provider_ids_matching /opt/stack/placement/placement/objects/research_context.py:569}}
Aug 11 06:23:59.774102 np0000032519 devstack@placement-api.service[73264]: DEBUG placement.objects.research_context [req-e9ddb098-61b6-46a9-bb01-95d82ff20e7c req-91a46a83-931b-472f-89eb-ae86cce4cdac service nova] found 1 providers after filtering by previous result {{(pid=73264) get_provider_ids_matching /opt/stack/placement/placement/objects/research_context.py:600}}
Aug 11 06:23:59.776208 np0000032519 devstack@placement-api.service[73263]: INFO placement.requestlog [req-64325419-31d3-40b4-a929-f8da89c8ddec req-a5d27621-54eb-4520-bef1-273b5cdd9217 service nova] 192.168.1.108 "GET /placement/resource_providers/76692942-c3a2-4116-b0a4-cea06cc77e5e/allocations" status: 200 len: 54 microversion: 1.0
Aug 11 06:23:59.776367 np0000032519 devstack@placement-api.service[73263]: [pid: 73263|app: 0|req: 43/84] 192.168.1.108 () {66 vars in 1523 bytes} [Mon Aug 11 06:23:59 2025] GET /placement/resource_providers/76692942-c3a2-4116-b0a4-cea06cc77e5e/allocations => generated 54 bytes in 11 msecs (HTTP/1.1 200) 6 headers in 223 bytes (1 switches on core 0)
Aug 11 06:23:59.782204 np0000032519 devstack@placement-api.service[73264]: DEBUG placement.objects.allocation_candidate [req-e9ddb098-61b6-46a9-bb01-95d82ff20e7c req-91a46a83-931b-472f-89eb-ae86cce4cdac service nova] RequestGroup(use_same_provider=False, resources={DISK_GB:5, MEMORY_MB:1024, VCPU:1}, traits=(), aggregates=[]) (suffix '') returned 1 matches {{(pid=73264) _get_by_requests /opt/stack/placement/placement/objects/allocation_candidate.py:157}}
Aug 11 06:23:59.782425 np0000032519 devstack@placement-api.service[73263]: DEBUG placement.requestlog [req-64325419-31d3-40b4-a929-f8da89c8ddec req-8b9669fc-d3f8-4ab4-8412-ee496018e0bd None None] Starting request: 192.168.1.108 "GET /placement/resource_providers/76692942-c3a2-4116-b0a4-cea06cc77e5e/allocations" {{(pid=73263) __call__ /opt/stack/placement/placement/requestlog.py:55}}
Aug 11 06:23:59.782451 np0000032519 devstack@placement-api.service[73264]: DEBUG placement.objects.allocation_candidate [req-e9ddb098-61b6-46a9-bb01-95d82ff20e7c req-91a46a83-931b-472f-89eb-ae86cce4cdac service nova] Merging candidates yields 1 allocation requests and 1 provider summaries {{(pid=73264) _merge_candidates /opt/stack/placement/placement/objects/allocation_candidate.py:841}}
Aug 11 06:23:59.783326 np0000032519 devstack@placement-api.service[73264]: INFO placement.requestlog [req-e9ddb098-61b6-46a9-bb01-95d82ff20e7c req-91a46a83-931b-472f-89eb-ae86cce4cdac service nova] 192.168.1.108 "GET /placement/allocation_candidates?limit=1000&resources=DISK_GB%3A5%2CMEMORY_MB%3A1024%2CVCPU%3A1&root_required=%21COMPUTE_STATUS_DISABLED" status: 200 len: 2226 microversion: 1.36
Aug 11 06:23:59.783475 np0000032519 devstack@placement-api.service[73264]: [pid: 73264|app: 0|req: 42/85] 192.168.1.108 () {68 vars in 1638 bytes} [Mon Aug 11 06:23:59 2025] GET /placement/allocation_candidates?limit=1000&resources=DISK_GB%3A5%2CMEMORY_MB%3A1024%2CVCPU%3A1&root_required=%21COMPUTE_STATUS_DISABLED => generated 2226 bytes in 56 msecs (HTTP/1.1 200) 8 headers in 297 bytes (1 switches on core 0)
Aug 11 06:23:59.787661 np0000032519 devstack@placement-api.service[73263]: INFO placement.requestlog [req-64325419-31d3-40b4-a929-f8da89c8ddec req-8b9669fc-d3f8-4ab4-8412-ee496018e0bd service nova] 192.168.1.108 "GET /placement/resource_providers/76692942-c3a2-4116-b0a4-cea06cc77e5e/allocations" status: 200 len: 54 microversion: 1.0
Aug 11 06:23:59.787820 np0000032519 devstack@placement-api.service[73263]: [pid: 73263|app: 0|req: 44/86] 192.168.1.108 () {66 vars in 1523 bytes} [Mon Aug 11 06:23:59 2025] GET /placement/resource_providers/76692942-c3a2-4116-b0a4-cea06cc77e5e/allocations => generated 54 bytes in 5 msecs (HTTP/1.1 200) 6 headers in 223 bytes (2 switches on core 0)
Aug 11 06:23:59.809599 np0000032519 devstack@placement-api.service[73264]: DEBUG placement.requestlog [req-e9ddb098-61b6-46a9-bb01-95d82ff20e7c req-56ec3c36-6727-4e87-afcc-443a7e73ad52 None None] Starting request: 192.168.1.108 "GET /placement/allocations/3852e39a-7f5f-4eea-b973-381bdab15c71" {{(pid=73264) __call__ /opt/stack/placement/placement/requestlog.py:55}}
Aug 11 06:23:59.814090 np0000032519 devstack@placement-api.service[73264]: INFO placement.requestlog [req-e9ddb098-61b6-46a9-bb01-95d82ff20e7c req-56ec3c36-6727-4e87-afcc-443a7e73ad52 service nova] 192.168.1.108 "GET /placement/allocations/3852e39a-7f5f-4eea-b973-381bdab15c71" status: 200 len: 19 microversion: 1.28
Aug 11 06:23:59.814239 np0000032519 devstack@placement-api.service[73264]: [pid: 73264|app: 0|req: 43/87] 192.168.1.108 () {68 vars in 1512 bytes} [Mon Aug 11 06:23:59 2025] GET /placement/allocations/3852e39a-7f5f-4eea-b973-381bdab15c71 => generated 19 bytes in 5 msecs (HTTP/1.1 200) 8 headers in 295 bytes (1 switches on core 0)
Aug 11 06:23:59.819468 np0000032519 devstack@placement-api.service[73263]: DEBUG placement.requestlog [req-e9ddb098-61b6-46a9-bb01-95d82ff20e7c req-0c0cd7b0-039c-4d8e-b936-0043ac1c38e0 None None] Starting request: 192.168.1.108 "PUT /placement/allocations/3852e39a-7f5f-4eea-b973-381bdab15c71" {{(pid=73263) __call__ /opt/stack/placement/placement/requestlog.py:55}}
Aug 11 06:23:59.846104 np0000032519 devstack@placement-api.service[73263]: DEBUG placement.handlers.allocation [req-e9ddb098-61b6-46a9-bb01-95d82ff20e7c req-0c0cd7b0-039c-4d8e-b936-0043ac1c38e0 service nova] Successfully wrote allocations [<placement.objects.allocation.Allocation object at 0x74b4964b46b0>, <placement.objects.allocation.Allocation object at 0x74b4964b4530>, <placement.objects.allocation.Allocation object at 0x74b496f3fd40>] {{(pid=73263) _update_consumers_and_create_allocations /opt/stack/placement/placement/handlers/allocation.py:462}}
Aug 11 06:23:59.848558 np0000032519 devstack@placement-api.service[73263]: INFO placement.requestlog [req-e9ddb098-61b6-46a9-bb01-95d82ff20e7c req-0c0cd7b0-039c-4d8e-b936-0043ac1c38e0 service nova] 192.168.1.108 "PUT /placement/allocations/3852e39a-7f5f-4eea-b973-381bdab15c71" status: 204 len: 0 microversion: 1.36
Aug 11 06:23:59.848738 np0000032519 devstack@placement-api.service[73263]: [pid: 73263|app: 0|req: 45/88] 192.168.1.108 () {72 vars in 1565 bytes} [Mon Aug 11 06:23:59 2025] PUT /placement/allocations/3852e39a-7f5f-4eea-b973-381bdab15c71 => generated 0 bytes in 29 msecs (HTTP/1.1 204) 5 headers in 199 bytes (1 switches on core 0)
Aug 11 06:24:01.295305 np0000032519 devstack@placement-api.service[73264]: DEBUG placement.requestlog [req-e9ddb098-61b6-46a9-bb01-95d82ff20e7c req-b25c1c80-7a43-44d6-b683-1652719d0667 None None] Starting request: 192.168.1.108 "GET /placement/allocations/3852e39a-7f5f-4eea-b973-381bdab15c71" {{(pid=73264) __call__ /opt/stack/placement/placement/requestlog.py:55}}
Aug 11 06:24:01.301074 np0000032519 devstack@placement-api.service[73264]: INFO placement.requestlog [req-e9ddb098-61b6-46a9-bb01-95d82ff20e7c req-b25c1c80-7a43-44d6-b683-1652719d0667 service nova] 192.168.1.108 "GET /placement/allocations/3852e39a-7f5f-4eea-b973-381bdab15c71" status: 200 len: 258 microversion: 1.28
Aug 11 06:24:01.301235 np0000032519 devstack@placement-api.service[73264]: [pid: 73264|app: 0|req: 44/89] 192.168.1.108 () {68 vars in 1510 bytes} [Mon Aug 11 06:24:01 2025] GET /placement/allocations/3852e39a-7f5f-4eea-b973-381bdab15c71 => generated 258 bytes in 6 msecs (HTTP/1.1 200) 8 headers in 296 bytes (1 switches on core 0)
Aug 11 06:24:02.314738 np0000032519 devstack@placement-api.service[73263]: DEBUG placement.requestlog [req-e9ddb098-61b6-46a9-bb01-95d82ff20e7c req-61601325-e9bd-43e1-8070-c8135edeb7b2 None None] Starting request: 192.168.1.108 "GET /placement/resource_providers/76692942-c3a2-4116-b0a4-cea06cc77e5e/allocations" {{(pid=73263) __call__ /opt/stack/placement/placement/requestlog.py:55}}
Aug 11 06:24:02.322319 np0000032519 devstack@placement-api.service[73263]: INFO placement.requestlog [req-e9ddb098-61b6-46a9-bb01-95d82ff20e7c req-61601325-e9bd-43e1-8070-c8135edeb7b2 service nova] 192.168.1.108 "GET /placement/resource_providers/76692942-c3a2-4116-b0a4-cea06cc77e5e/allocations" status: 200 len: 153 microversion: 1.0
Aug 11 06:24:02.322472 np0000032519 devstack@placement-api.service[73263]: [pid: 73263|app: 0|req: 46/90] 192.168.1.108 () {66 vars in 1523 bytes} [Mon Aug 11 06:24:02 2025] GET /placement/resource_providers/76692942-c3a2-4116-b0a4-cea06cc77e5e/allocations => generated 153 bytes in 8 msecs (HTTP/1.1 200) 6 headers in 224 bytes (1 switches on core 0)
Aug 11 06:24:02.327035 np0000032519 devstack@placement-api.service[73264]: DEBUG placement.requestlog [req-e9ddb098-61b6-46a9-bb01-95d82ff20e7c req-0018dc13-42b3-4e61-b0b8-31dd086d7937 None None] Starting request: 192.168.1.108 "GET /placement/allocations/3852e39a-7f5f-4eea-b973-381bdab15c71" {{(pid=73264) __call__ /opt/stack/placement/placement/requestlog.py:55}}
Aug 11 06:24:02.332350 np0000032519 devstack@placement-api.service[73264]: INFO placement.requestlog [req-e9ddb098-61b6-46a9-bb01-95d82ff20e7c req-0018dc13-42b3-4e61-b0b8-31dd086d7937 service nova] 192.168.1.108 "GET /placement/allocations/3852e39a-7f5f-4eea-b973-381bdab15c71" status: 200 len: 258 microversion: 1.28
Aug 11 06:24:02.332502 np0000032519 devstack@placement-api.service[73264]: [pid: 73264|app: 0|req: 45/91] 192.168.1.108 () {68 vars in 1510 bytes} [Mon Aug 11 06:24:02 2025] GET /placement/allocations/3852e39a-7f5f-4eea-b973-381bdab15c71 => generated 258 bytes in 5 msecs (HTTP/1.1 200) 8 headers in 296 bytes (1 switches on core 0)
Aug 11 06:24:12.321670 np0000032519 devstack@placement-api.service[73263]: DEBUG dbcounter [-] [73263] Writing DB stats placement:SELECT=21,placement:DELETE=4,placement:INSERT=4,placement:UPDATE=2 {{(pid=73263) stat_writer /opt/stack/data/venv/lib/python3.12/site-packages/dbcounter.py:115}}
Aug 11 06:24:12.331585 np0000032519 devstack@placement-api.service[73264]: DEBUG dbcounter [-] [73264] Writing DB stats placement:SELECT=19 {{(pid=73264) stat_writer /opt/stack/data/venv/lib/python3.12/site-packages/dbcounter.py:115}}
Aug 11 06:25:01.840022 np0000032519 devstack@placement-api.service[73263]: DEBUG placement.requestlog [req-33030965-61e8-4118-b987-64b89a68612c req-fe28cad6-2dad-40df-8242-7ba890ea79b6 None None] Starting request: 192.168.1.108 "GET /placement/resource_providers/76692942-c3a2-4116-b0a4-cea06cc77e5e/allocations" {{(pid=73263) __call__ /opt/stack/placement/placement/requestlog.py:55}}
Aug 11 06:25:01.848474 np0000032519 devstack@placement-api.service[73263]: INFO placement.requestlog [req-33030965-61e8-4118-b987-64b89a68612c req-fe28cad6-2dad-40df-8242-7ba890ea79b6 service nova] 192.168.1.108 "GET /placement/resource_providers/76692942-c3a2-4116-b0a4-cea06cc77e5e/allocations" status: 200 len: 153 microversion: 1.0
Aug 11 06:25:01.848626 np0000032519 devstack@placement-api.service[73263]: [pid: 73263|app: 0|req: 47/92] 192.168.1.108 () {66 vars in 1523 bytes} [Mon Aug 11 06:25:01 2025] GET /placement/resource_providers/76692942-c3a2-4116-b0a4-cea06cc77e5e/allocations => generated 153 bytes in 9 msecs (HTTP/1.1 200) 6 headers in 224 bytes (1 switches on core 0)
Aug 11 06:25:01.854859 np0000032519 devstack@placement-api.service[73264]: DEBUG placement.requestlog [req-33030965-61e8-4118-b987-64b89a68612c req-307939ea-5344-4149-9372-f316c406199e None None] Starting request: 192.168.1.108 "GET /placement/resource_providers/76692942-c3a2-4116-b0a4-cea06cc77e5e/allocations" {{(pid=73264) __call__ /opt/stack/placement/placement/requestlog.py:55}}
Aug 11 06:25:01.861864 np0000032519 devstack@placement-api.service[73264]: INFO placement.requestlog [req-33030965-61e8-4118-b987-64b89a68612c req-307939ea-5344-4149-9372-f316c406199e service nova] 192.168.1.108 "GET /placement/resource_providers/76692942-c3a2-4116-b0a4-cea06cc77e5e/allocations" status: 200 len: 153 microversion: 1.0
Aug 11 06:25:01.862023 np0000032519 devstack@placement-api.service[73264]: [pid: 73264|app: 0|req: 46/93] 192.168.1.108 () {66 vars in 1523 bytes} [Mon Aug 11 06:25:01 2025] GET /placement/resource_providers/76692942-c3a2-4116-b0a4-cea06cc77e5e/allocations => generated 153 bytes in 7 msecs (HTTP/1.1 200) 6 headers in 224 bytes (1 switches on core 0)
Aug 11 06:25:01.866404 np0000032519 devstack@placement-api.service[73263]: DEBUG placement.requestlog [req-33030965-61e8-4118-b987-64b89a68612c req-13cd9837-b020-4c6d-a8d5-93acd60fec93 None None] Starting request: 192.168.1.108 "GET /placement/allocations/3852e39a-7f5f-4eea-b973-381bdab15c71" {{(pid=73263) __call__ /opt/stack/placement/placement/requestlog.py:55}}
Aug 11 06:25:01.871424 np0000032519 devstack@placement-api.service[73263]: INFO placement.requestlog [req-33030965-61e8-4118-b987-64b89a68612c req-13cd9837-b020-4c6d-a8d5-93acd60fec93 service nova] 192.168.1.108 "GET /placement/allocations/3852e39a-7f5f-4eea-b973-381bdab15c71" status: 200 len: 258 microversion: 1.28
Aug 11 06:25:01.871568 np0000032519 devstack@placement-api.service[73263]: [pid: 73263|app: 0|req: 48/94] 192.168.1.108 () {68 vars in 1510 bytes} [Mon Aug 11 06:25:01 2025] GET /placement/allocations/3852e39a-7f5f-4eea-b973-381bdab15c71 => generated 258 bytes in 5 msecs (HTTP/1.1 200) 8 headers in 296 bytes (1 switches on core 0)
Aug 11 06:25:11.861162 np0000032519 devstack@placement-api.service[73264]: DEBUG dbcounter [-] [73264] Writing DB stats placement:SELECT=3 {{(pid=73264) stat_writer /opt/stack/data/venv/lib/python3.12/site-packages/dbcounter.py:115}}
Aug 11 06:25:11.870691 np0000032519 devstack@placement-api.service[73263]: DEBUG dbcounter [-] [73263] Writing DB stats placement:SELECT=5 {{(pid=73263) stat_writer /opt/stack/data/venv/lib/python3.12/site-packages/dbcounter.py:115}}
Aug 11 06:26:03.841626 np0000032519 devstack@placement-api.service[73264]: DEBUG placement.requestlog [req-13ca5636-2e23-494d-a52c-810fea22770c req-a4252a08-471f-45f3-a0f3-d885fe535084 None None] Starting request: 192.168.1.108 "GET /placement/resource_providers/76692942-c3a2-4116-b0a4-cea06cc77e5e/allocations" {{(pid=73264) __call__ /opt/stack/placement/placement/requestlog.py:55}}
Aug 11 06:26:03.849398 np0000032519 devstack@placement-api.service[73264]: INFO placement.requestlog [req-13ca5636-2e23-494d-a52c-810fea22770c req-a4252a08-471f-45f3-a0f3-d885fe535084 service nova] 192.168.1.108 "GET /placement/resource_providers/76692942-c3a2-4116-b0a4-cea06cc77e5e/allocations" status: 200 len: 153 microversion: 1.0
Aug 11 06:26:03.849565 np0000032519 devstack@placement-api.service[73264]: [pid: 73264|app: 0|req: 47/95] 192.168.1.108 () {66 vars in 1523 bytes} [Mon Aug 11 06:26:03 2025] GET /placement/resource_providers/76692942-c3a2-4116-b0a4-cea06cc77e5e/allocations => generated 153 bytes in 8 msecs (HTTP/1.1 200) 6 headers in 224 bytes (1 switches on core 0)
Aug 11 06:26:03.856003 np0000032519 devstack@placement-api.service[73263]: DEBUG placement.requestlog [req-13ca5636-2e23-494d-a52c-810fea22770c req-0efd2cc2-7372-4211-a45b-0281189baed9 None None] Starting request: 192.168.1.108 "GET /placement/resource_providers/76692942-c3a2-4116-b0a4-cea06cc77e5e/allocations" {{(pid=73263) __call__ /opt/stack/placement/placement/requestlog.py:55}}
Aug 11 06:26:03.866936 np0000032519 devstack@placement-api.service[73263]: INFO placement.requestlog [req-13ca5636-2e23-494d-a52c-810fea22770c req-0efd2cc2-7372-4211-a45b-0281189baed9 service nova] 192.168.1.108 "GET /placement/resource_providers/76692942-c3a2-4116-b0a4-cea06cc77e5e/allocations" status: 200 len: 153 microversion: 1.0
