Aug 05 05:43:56.602381 np0000032184 devstack@n-api.service[69188]: DEBUG oslo_concurrency.lockutils [None req-894ca189-e84b-44d9-b600-aadafdf846a0 None None] Lock "00000000-0000-0000-0000-000000000000" "released" by "nova.context.set_target_cell.<locals>.get_or_set_cached_cell_and_set_connections" :: held 0.000s {{(pid=69188) inner /opt/stack/data/venv/lib/python3.12/site-packages/oslo_concurrency/lockutils.py:424}}
Aug 05 05:43:56.602446 np0000032184 devstack@n-api.service[69187]: DEBUG dbcounter [-] [69187] Writer thread running {{(pid=69187) stat_writer /opt/stack/data/venv/lib/python3.12/site-packages/dbcounter.py:102}}
Aug 05 05:43:56.602713 np0000032184 devstack@n-api.service[69188]: DEBUG oslo_concurrency.lockutils [None req-894ca189-e84b-44d9-b600-aadafdf846a0 None None] Acquiring lock "44e1766f-90dd-4d20-9621-6e9e3fcbbcac" by "nova.context.set_target_cell.<locals>.get_or_set_cached_cell_and_set_connections" {{(pid=69188) inner /opt/stack/data/venv/lib/python3.12/site-packages/oslo_concurrency/lockutils.py:405}}
Aug 05 05:43:56.602838 np0000032184 devstack@n-api.service[69188]: DEBUG oslo_concurrency.lockutils [None req-894ca189-e84b-44d9-b600-aadafdf846a0 None None] Lock "44e1766f-90dd-4d20-9621-6e9e3fcbbcac" acquired by "nova.context.set_target_cell.<locals>.get_or_set_cached_cell_and_set_connections" :: waited 0.000s {{(pid=69188) inner /opt/stack/data/venv/lib/python3.12/site-packages/oslo_concurrency/lockutils.py:410}}
Aug 05 05:43:56.603502 np0000032184 devstack@n-api.service[69188]: DEBUG oslo_concurrency.lockutils [None req-894ca189-e84b-44d9-b600-aadafdf846a0 None None] Lock "44e1766f-90dd-4d20-9621-6e9e3fcbbcac" "released" by "nova.context.set_target_cell.<locals>.get_or_set_cached_cell_and_set_connections" :: held 0.001s {{(pid=69188) inner /opt/stack/data/venv/lib/python3.12/site-packages/oslo_concurrency/lockutils.py:424}}
Aug 05 05:43:56.604019 np0000032184 devstack@n-api.service[69187]: DEBUG nova.context [None req-e7ab70e3-c414-499b-ad27-05ee8afb95c8 None None] Found 2 cells: 00000000-0000-0000-0000-000000000000(cell0),44e1766f-90dd-4d20-9621-6e9e3fcbbcac(cell1) {{(pid=69187) load_cells /opt/stack/nova/nova/context.py:472}}
Aug 05 05:43:56.604242 np0000032184 devstack@n-api.service[69187]: INFO nova.utils [None req-e7ab70e3-c414-499b-ad27-05ee8afb95c8 None None] The cell worker thread pool MainProcess.cell_worker is initialized
Aug 05 05:43:56.604589 np0000032184 devstack@n-api.service[69188]: INFO dbcounter [None req-894ca189-e84b-44d9-b600-aadafdf846a0 None None] Registered counter for database nova_cell0
Aug 05 05:43:56.605602 np0000032184 devstack@n-api.service[69187]: DEBUG oslo_concurrency.lockutils [None req-e7ab70e3-c414-499b-ad27-05ee8afb95c8 None None] Acquiring lock "00000000-0000-0000-0000-000000000000" by "nova.context.set_target_cell.<locals>.get_or_set_cached_cell_and_set_connections" {{(pid=69187) inner /opt/stack/data/venv/lib/python3.12/site-packages/oslo_concurrency/lockutils.py:405}}
Aug 05 05:43:56.605770 np0000032184 devstack@n-api.service[69187]: DEBUG oslo_concurrency.lockutils [None req-e7ab70e3-c414-499b-ad27-05ee8afb95c8 None None] Lock "00000000-0000-0000-0000-000000000000" acquired by "nova.context.set_target_cell.<locals>.get_or_set_cached_cell_and_set_connections" :: waited 0.000s {{(pid=69187) inner /opt/stack/data/venv/lib/python3.12/site-packages/oslo_concurrency/lockutils.py:410}}
Aug 05 05:43:56.606081 np0000032184 devstack@n-api.service[69187]: DEBUG oslo_concurrency.lockutils [None req-e7ab70e3-c414-499b-ad27-05ee8afb95c8 None None] Lock "00000000-0000-0000-0000-000000000000" "released" by "nova.context.set_target_cell.<locals>.get_or_set_cached_cell_and_set_connections" :: held 0.000s {{(pid=69187) inner /opt/stack/data/venv/lib/python3.12/site-packages/oslo_concurrency/lockutils.py:424}}
Aug 05 05:43:56.606376 np0000032184 devstack@n-api.service[69188]: INFO dbcounter [None req-894ca189-e84b-44d9-b600-aadafdf846a0 None None] Registered counter for database nova_cell1
Aug 05 05:43:56.606410 np0000032184 devstack@n-api.service[69187]: DEBUG oslo_concurrency.lockutils [None req-e7ab70e3-c414-499b-ad27-05ee8afb95c8 None None] Acquiring lock "44e1766f-90dd-4d20-9621-6e9e3fcbbcac" by "nova.context.set_target_cell.<locals>.get_or_set_cached_cell_and_set_connections" {{(pid=69187) inner /opt/stack/data/venv/lib/python3.12/site-packages/oslo_concurrency/lockutils.py:405}}
Aug 05 05:43:56.606550 np0000032184 devstack@n-api.service[69187]: DEBUG oslo_concurrency.lockutils [None req-e7ab70e3-c414-499b-ad27-05ee8afb95c8 None None] Lock "44e1766f-90dd-4d20-9621-6e9e3fcbbcac" acquired by "nova.context.set_target_cell.<locals>.get_or_set_cached_cell_and_set_connections" :: waited 0.000s {{(pid=69187) inner /opt/stack/data/venv/lib/python3.12/site-packages/oslo_concurrency/lockutils.py:410}}
Aug 05 05:43:56.607210 np0000032184 devstack@n-api.service[69187]: DEBUG oslo_concurrency.lockutils [None req-e7ab70e3-c414-499b-ad27-05ee8afb95c8 None None] Lock "44e1766f-90dd-4d20-9621-6e9e3fcbbcac" "released" by "nova.context.set_target_cell.<locals>.get_or_set_cached_cell_and_set_connections" :: held 0.001s {{(pid=69187) inner /opt/stack/data/venv/lib/python3.12/site-packages/oslo_concurrency/lockutils.py:424}}
Aug 05 05:43:56.608311 np0000032184 devstack@n-api.service[69187]: INFO dbcounter [None req-e7ab70e3-c414-499b-ad27-05ee8afb95c8 None None] Registered counter for database nova_cell0
Aug 05 05:43:56.609075 np0000032184 devstack@n-api.service[69188]: DEBUG oslo_db.sqlalchemy.engines [None req-894ca189-e84b-44d9-b600-aadafdf846a0 None None] MySQL server mode set to STRICT_TRANS_TABLES,STRICT_ALL_TABLES,NO_ZERO_IN_DATE,NO_ZERO_DATE,ERROR_FOR_DIVISION_BY_ZERO,TRADITIONAL,NO_ENGINE_SUBSTITUTION {{(pid=69188) _check_effective_sql_mode /opt/stack/data/venv/lib/python3.12/site-packages/oslo_db/sqlalchemy/engines.py:397}}
Aug 05 05:43:56.610127 np0000032184 devstack@n-api.service[69187]: INFO dbcounter [None req-e7ab70e3-c414-499b-ad27-05ee8afb95c8 None None] Registered counter for database nova_cell1
Aug 05 05:43:56.614043 np0000032184 devstack@n-api.service[69187]: DEBUG oslo_db.sqlalchemy.engines [None req-e7ab70e3-c414-499b-ad27-05ee8afb95c8 None None] MySQL server mode set to STRICT_TRANS_TABLES,STRICT_ALL_TABLES,NO_ZERO_IN_DATE,NO_ZERO_DATE,ERROR_FOR_DIVISION_BY_ZERO,TRADITIONAL,NO_ENGINE_SUBSTITUTION {{(pid=69187) _check_effective_sql_mode /opt/stack/data/venv/lib/python3.12/site-packages/oslo_db/sqlalchemy/engines.py:397}}
Aug 05 05:43:56.616419 np0000032184 devstack@n-api.service[69187]: DEBUG oslo_db.sqlalchemy.engines [None req-e7ab70e3-c414-499b-ad27-05ee8afb95c8 None None] MySQL server mode set to STRICT_TRANS_TABLES,STRICT_ALL_TABLES,NO_ZERO_IN_DATE,NO_ZERO_DATE,ERROR_FOR_DIVISION_BY_ZERO,TRADITIONAL,NO_ENGINE_SUBSTITUTION {{(pid=69187) _check_effective_sql_mode /opt/stack/data/venv/lib/python3.12/site-packages/oslo_db/sqlalchemy/engines.py:397}}
Aug 05 05:43:56.669022 np0000032184 devstack@n-api.service[69188]: DEBUG oslo_db.sqlalchemy.engines [None req-894ca189-e84b-44d9-b600-aadafdf846a0 None None] MySQL server mode set to STRICT_TRANS_TABLES,STRICT_ALL_TABLES,NO_ZERO_IN_DATE,NO_ZERO_DATE,ERROR_FOR_DIVISION_BY_ZERO,TRADITIONAL,NO_ENGINE_SUBSTITUTION {{(pid=69188) _check_effective_sql_mode /opt/stack/data/venv/lib/python3.12/site-packages/oslo_db/sqlalchemy/engines.py:397}}
Aug 05 05:43:56.669334 np0000032184 devstack@n-api.service[69188]: DEBUG dbcounter [-] [69188] Writer thread running {{(pid=69188) stat_writer /opt/stack/data/venv/lib/python3.12/site-packages/dbcounter.py:102}}
Aug 05 05:43:56.672715 np0000032184 devstack@n-api.service[69188]: DEBUG dbcounter [-] [69188] Writer thread running {{(pid=69188) stat_writer /opt/stack/data/venv/lib/python3.12/site-packages/dbcounter.py:102}}
Aug 05 05:43:56.673855 np0000032184 devstack@n-api.service[69187]: DEBUG dbcounter [-] [69187] Writer thread running {{(pid=69187) stat_writer /opt/stack/data/venv/lib/python3.12/site-packages/dbcounter.py:102}}
Aug 05 05:43:56.674550 np0000032184 devstack@n-api.service[69188]: INFO dbcounter [None req-894ca189-e84b-44d9-b600-aadafdf846a0 None None] Registered counter for database nova_cell0
Aug 05 05:43:56.677321 np0000032184 devstack@n-api.service[69187]: DEBUG dbcounter [-] [69187] Writer thread running {{(pid=69187) stat_writer /opt/stack/data/venv/lib/python3.12/site-packages/dbcounter.py:102}}
Aug 05 05:43:56.679093 np0000032184 devstack@n-api.service[69187]: INFO dbcounter [None req-e7ab70e3-c414-499b-ad27-05ee8afb95c8 None None] Registered counter for database nova_cell0
Aug 05 05:43:56.679229 np0000032184 devstack@n-api.service[69188]: DEBUG oslo_db.sqlalchemy.engines [None req-894ca189-e84b-44d9-b600-aadafdf846a0 None None] MySQL server mode set to STRICT_TRANS_TABLES,STRICT_ALL_TABLES,NO_ZERO_IN_DATE,NO_ZERO_DATE,ERROR_FOR_DIVISION_BY_ZERO,TRADITIONAL,NO_ENGINE_SUBSTITUTION {{(pid=69188) _check_effective_sql_mode /opt/stack/data/venv/lib/python3.12/site-packages/oslo_db/sqlalchemy/engines.py:397}}
Aug 05 05:43:56.683678 np0000032184 devstack@n-api.service[69188]: DEBUG dbcounter [-] [69188] Writer thread running {{(pid=69188) stat_writer /opt/stack/data/venv/lib/python3.12/site-packages/dbcounter.py:102}}
Aug 05 05:43:56.683927 np0000032184 devstack@n-api.service[69187]: DEBUG oslo_db.sqlalchemy.engines [None req-e7ab70e3-c414-499b-ad27-05ee8afb95c8 None None] MySQL server mode set to STRICT_TRANS_TABLES,STRICT_ALL_TABLES,NO_ZERO_IN_DATE,NO_ZERO_DATE,ERROR_FOR_DIVISION_BY_ZERO,TRADITIONAL,NO_ENGINE_SUBSTITUTION {{(pid=69187) _check_effective_sql_mode /opt/stack/data/venv/lib/python3.12/site-packages/oslo_db/sqlalchemy/engines.py:397}}
Aug 05 05:43:56.687396 np0000032184 devstack@n-api.service[69187]: DEBUG dbcounter [-] [69187] Writer thread running {{(pid=69187) stat_writer /opt/stack/data/venv/lib/python3.12/site-packages/dbcounter.py:102}}
Aug 05 05:43:57.028104 np0000032184 devstack@n-api.service[69188]: DEBUG oslo_concurrency.processutils [None req-894ca189-e84b-44d9-b600-aadafdf846a0 None None] Running cmd (subprocess): grep -F node.session.scan /sbin/iscsiadm {{(pid=69188) execute /opt/stack/data/venv/lib/python3.12/site-packages/oslo_concurrency/processutils.py:349}}
Aug 05 05:43:57.030737 np0000032184 devstack@n-api.service[69187]: DEBUG oslo_concurrency.processutils [None req-e7ab70e3-c414-499b-ad27-05ee8afb95c8 None None] Running cmd (subprocess): grep -F node.session.scan /sbin/iscsiadm {{(pid=69187) execute /opt/stack/data/venv/lib/python3.12/site-packages/oslo_concurrency/processutils.py:349}}
Aug 05 05:43:57.035052 np0000032184 devstack@n-api.service[69188]: DEBUG oslo_concurrency.processutils [None req-894ca189-e84b-44d9-b600-aadafdf846a0 None None] CMD "grep -F node.session.scan /sbin/iscsiadm" returned: 0 in 0.007s {{(pid=69188) execute /opt/stack/data/venv/lib/python3.12/site-packages/oslo_concurrency/processutils.py:372}}
Aug 05 05:43:57.037298 np0000032184 devstack@n-api.service[69187]: DEBUG oslo_concurrency.processutils [None req-e7ab70e3-c414-499b-ad27-05ee8afb95c8 None None] CMD "grep -F node.session.scan /sbin/iscsiadm" returned: 0 in 0.007s {{(pid=69187) execute /opt/stack/data/venv/lib/python3.12/site-packages/oslo_concurrency/processutils.py:372}}
Aug 05 05:43:57.322551 np0000032184 devstack@n-api.service[69188]: WARNING keystonemiddleware.auth_token [None req-894ca189-e84b-44d9-b600-aadafdf846a0 None None] AuthToken middleware is set with keystone_authtoken.service_token_roles_required set to False. This is backwards compatible but deprecated behaviour. Please set this to True.
Aug 05 05:43:57.322724 np0000032184 devstack@n-api.service[69187]: WARNING keystonemiddleware.auth_token [None req-e7ab70e3-c414-499b-ad27-05ee8afb95c8 None None] AuthToken middleware is set with keystone_authtoken.service_token_roles_required set to False. This is backwards compatible but deprecated behaviour. Please set this to True.
Aug 05 05:43:57.325767 np0000032184 devstack@n-api.service[69188]: WARNING keystonemiddleware.auth_token [None req-894ca189-e84b-44d9-b600-aadafdf846a0 None None] Configuring www_authenticate_uri to point to the public identity endpoint is required; clients may not be able to authenticate against an admin endpoint
Aug 05 05:43:57.325977 np0000032184 devstack@n-api.service[69187]: WARNING keystonemiddleware.auth_token [None req-e7ab70e3-c414-499b-ad27-05ee8afb95c8 None None] Configuring www_authenticate_uri to point to the public identity endpoint is required; clients may not be able to authenticate against an admin endpoint
Aug 05 05:43:57.477829 np0000032184 devstack@n-api.service[69188]: WARNING keystonemiddleware.auth_token [None req-894ca189-e84b-44d9-b600-aadafdf846a0 None None] AuthToken middleware is set with keystone_authtoken.service_token_roles_required set to False. This is backwards compatible but deprecated behaviour. Please set this to True.
Aug 05 05:43:57.478917 np0000032184 devstack@n-api.service[69187]: WARNING keystonemiddleware.auth_token [None req-e7ab70e3-c414-499b-ad27-05ee8afb95c8 None None] AuthToken middleware is set with keystone_authtoken.service_token_roles_required set to False. This is backwards compatible but deprecated behaviour. Please set this to True.
Aug 05 05:43:57.480299 np0000032184 devstack@n-api.service[69188]: WARNING keystonemiddleware.auth_token [None req-894ca189-e84b-44d9-b600-aadafdf846a0 None None] Configuring www_authenticate_uri to point to the public identity endpoint is required; clients may not be able to authenticate against an admin endpoint
Aug 05 05:43:57.481372 np0000032184 devstack@n-api.service[69187]: WARNING keystonemiddleware.auth_token [None req-e7ab70e3-c414-499b-ad27-05ee8afb95c8 None None] Configuring www_authenticate_uri to point to the public identity endpoint is required; clients may not be able to authenticate against an admin endpoint
Aug 05 05:43:57.482126 np0000032184 devstack@n-api.service[69188]: WSGI app 0 (mountpoint='') ready in 2 seconds on interpreter 0x7c465bca39e8 pid: 69188 (default app)
Aug 05 05:43:57.483014 np0000032184 devstack@n-api.service[69188]: DEBUG nova.api.openstack.wsgi [None req-894ca189-e84b-44d9-b600-aadafdf846a0 None None] Calling method '<bound method VersionsV2.index of <nova.api.openstack.compute.versions.VersionsV2 object at 0x7c4655eb3890>>' {{(pid=69188) _process_stack /opt/stack/nova/nova/api/openstack/wsgi.py:552}}
Aug 05 05:43:57.483215 np0000032184 devstack@n-api.service[69187]: WSGI app 0 (mountpoint='') ready in 2 seconds on interpreter 0x7c465bca39e8 pid: 69187 (default app)
Aug 05 05:43:57.485533 np0000032184 devstack@n-api.service[69188]: INFO nova.api.openstack.requestlog [None req-894ca189-e84b-44d9-b600-aadafdf846a0 None None] 192.168.1.149 "GET /compute/v2.1/" status: 200 len: 391 microversion: 2.1 time: 0.002710
Aug 05 05:43:57.485879 np0000032184 devstack@n-api.service[69188]: [pid: 69188|app: 0|req: 1/1] 192.168.1.149 () {50 vars in 771 bytes} [Tue Aug  5 05:43:57 2025] GET /compute/v2.1/ => generated 391 bytes in 3 msecs (HTTP/1.1 200) 9 headers in 357 bytes (1 switches on core 0)
Aug 05 05:44:31.660754 np0000032184 devstack@n-api.service[69187]: DEBUG nova.api.openstack.wsgi [None req-e7ab70e3-c414-499b-ad27-05ee8afb95c8 None None] Calling method '<bound method VersionsV2.index of <nova.api.openstack.compute.versions.VersionsV2 object at 0x7c46555b3dd0>>' {{(pid=69187) _process_stack /opt/stack/nova/nova/api/openstack/wsgi.py:552}}
Aug 05 05:44:31.663423 np0000032184 devstack@n-api.service[69187]: INFO nova.api.openstack.requestlog [None req-e7ab70e3-c414-499b-ad27-05ee8afb95c8 None None] 192.168.1.149 "GET /compute/v2.1" status: 200 len: 392 microversion: 2.1 time: 0.002975
Aug 05 05:44:31.663696 np0000032184 devstack@n-api.service[69187]: [pid: 69187|app: 0|req: 1/2] 192.168.1.149 () {62 vars in 1056 bytes} [Tue Aug  5 05:44:31 2025] GET /compute/v2.1 => generated 392 bytes in 3 msecs (HTTP/1.1 200) 9 headers in 357 bytes (1 switches on core 0)
Aug 05 05:44:31.671913 np0000032184 devstack@n-api.service[69188]: DEBUG dbcounter [-] [69188] Writing DB stats nova_api:SELECT=1 {{(pid=69188) stat_writer /opt/stack/data/venv/lib/python3.12/site-packages/dbcounter.py:115}}
Aug 05 05:44:31.672471 np0000032184 devstack@n-api.service[69188]: DEBUG dbcounter [-] [69188] Writing DB stats nova_cell0:SELECT=1 {{(pid=69188) stat_writer /opt/stack/data/venv/lib/python3.12/site-packages/dbcounter.py:115}}
Aug 05 05:44:31.672806 np0000032184 devstack@n-api.service[69188]: DEBUG dbcounter [-] [69188] Writing DB stats nova_cell1:SELECT=1 {{(pid=69188) stat_writer /opt/stack/data/venv/lib/python3.12/site-packages/dbcounter.py:115}}
Aug 05 05:44:31.673094 np0000032184 devstack@n-api.service[69188]: DEBUG dbcounter [-] [69188] Writing DB stats nova_cell0:SELECT=2,nova_cell0:INSERT=1 {{(pid=69188) stat_writer /opt/stack/data/venv/lib/python3.12/site-packages/dbcounter.py:115}}
Aug 05 05:44:31.776464 np0000032184 devstack@n-api.service[69188]: DEBUG nova.api.openstack.wsgi [None req-1b9acee9-58e3-45f0-8aab-955dc8694e40 admin admin] Calling method '<bound method FlavorsController.detail of <nova.api.openstack.compute.flavors.FlavorsController object at 0x7c4654cf2ba0>>' {{(pid=69188) _process_stack /opt/stack/nova/nova/api/openstack/wsgi.py:552}}
Aug 05 05:44:31.792396 np0000032184 devstack@n-api.service[69188]: INFO nova.api.openstack.requestlog [None req-1b9acee9-58e3-45f0-8aab-955dc8694e40 admin admin] 192.168.1.149 "GET /compute/v2.1/flavors/detail?is_public=True" status: 200 len: 15 microversion: 2.61 time: 0.123931
Aug 05 05:44:31.792633 np0000032184 devstack@n-api.service[69188]: [pid: 69188|app: 0|req: 2/3] 192.168.1.149 () {68 vars in 1417 bytes} [Tue Aug  5 05:44:31 2025] GET /compute/v2.1/flavors/detail?is_public=True => generated 15 bytes in 124 msecs (HTTP/1.1 200) 9 headers in 358 bytes (1 switches on core 0)
Aug 05 05:44:31.870924 np0000032184 devstack@n-api.service[69187]: DEBUG dbcounter [-] [69187] Writing DB stats nova_api:SELECT=1 {{(pid=69187) stat_writer /opt/stack/data/venv/lib/python3.12/site-packages/dbcounter.py:115}}
Aug 05 05:44:31.871374 np0000032184 devstack@n-api.service[69187]: DEBUG dbcounter [-] [69187] Writing DB stats nova_cell0:SELECT=1 {{(pid=69187) stat_writer /opt/stack/data/venv/lib/python3.12/site-packages/dbcounter.py:115}}
Aug 05 05:44:31.871702 np0000032184 devstack@n-api.service[69187]: DEBUG dbcounter [-] [69187] Writing DB stats nova_cell1:SELECT=1 {{(pid=69187) stat_writer /opt/stack/data/venv/lib/python3.12/site-packages/dbcounter.py:115}}
Aug 05 05:44:31.871982 np0000032184 devstack@n-api.service[69187]: DEBUG dbcounter [-] [69187] Writing DB stats nova_cell0:SELECT=2,nova_cell0:INSERT=1 {{(pid=69187) stat_writer /opt/stack/data/venv/lib/python3.12/site-packages/dbcounter.py:115}}
Aug 05 05:44:31.927094 np0000032184 devstack@n-api.service[69187]: DEBUG nova.api.openstack.wsgi [None req-318c6350-daa0-4689-9d94-18e2d337fe93 admin admin] Action: 'create', calling method: <bound method FlavorsController.create of <nova.api.openstack.compute.flavors.FlavorsController object at 0x7c4654ce6540>>, body: {"flavor": {"os-flavor-access:is_public": true, "rxtx_factor": 1.0, "disk": 1, "vcpus": 1, "OS-FLV-EXT-DATA:ephemeral": 0, "swap": 0, "name": "cirros256", "ram": 256, "id": "c1"}} {{(pid=69187) _process_stack /opt/stack/nova/nova/api/openstack/wsgi.py:550}}
Aug 05 05:44:31.956451 np0000032184 devstack@n-api.service[69187]: INFO nova.api.openstack.requestlog [None req-318c6350-daa0-4689-9d94-18e2d337fe93 admin admin] 192.168.1.149 "POST /compute/v2.1/flavors" status: 200 len: 413 microversion: 2.61 time: 0.089072
Aug 05 05:44:31.956773 np0000032184 devstack@n-api.service[69187]: [pid: 69187|app: 0|req: 2/4] 192.168.1.149 () {72 vars in 1408 bytes} [Tue Aug  5 05:44:31 2025] POST /compute/v2.1/flavors => generated 413 bytes in 89 msecs (HTTP/1.1 200) 9 headers in 359 bytes (1 switches on core 0)
Aug 05 05:44:31.965474 np0000032184 devstack@n-api.service[69188]: DEBUG nova.api.openstack.wsgi [None req-a43e5a8e-1fa9-435b-ad36-bde01cee532a admin admin] Action: 'create', calling method: <bound method FlavorExtraSpecsController.create of <nova.api.openstack.compute.flavors_extraspecs.FlavorExtraSpecsController object at 0x7c4654cf32f0>>, body: {"extra_specs": {"hw_rng:allowed": "True"}} {{(pid=69188) _process_stack /opt/stack/nova/nova/api/openstack/wsgi.py:550}}
Aug 05 05:44:31.989362 np0000032184 devstack@n-api.service[69188]: INFO nova.api.openstack.requestlog [None req-a43e5a8e-1fa9-435b-ad36-bde01cee532a admin admin] 192.168.1.149 "POST /compute/v2.1/flavors/c1/os-extra_specs" status: 200 len: 43 microversion: 2.61 time: 0.025339
Aug 05 05:44:31.989898 np0000032184 devstack@n-api.service[69188]: [pid: 69188|app: 0|req: 3/5] 192.168.1.149 () {72 vars in 1461 bytes} [Tue Aug  5 05:44:31 2025] POST /compute/v2.1/flavors/c1/os-extra_specs => generated 43 bytes in 26 msecs (HTTP/1.1 200) 9 headers in 358 bytes (1 switches on core 0)
Aug 05 05:44:32.069886 np0000032184 devstack@n-api.service[69187]: DEBUG nova.api.openstack.wsgi [None req-d64b2df7-35f7-4fd6-870d-fedb179613cc admin admin] Action: 'create', calling method: <bound method FlavorsController.create of <nova.api.openstack.compute.flavors.FlavorsController object at 0x7c4654ce6540>>, body: {"flavor": {"os-flavor-access:is_public": true, "rxtx_factor": 1.0, "disk": 5, "vcpus": 1, "OS-FLV-EXT-DATA:ephemeral": 0, "swap": 0, "name": "ds512M", "ram": 512, "id": "d1"}} {{(pid=69187) _process_stack /opt/stack/nova/nova/api/openstack/wsgi.py:550}}
Aug 05 05:44:32.082159 np0000032184 devstack@n-api.service[69187]: INFO nova.api.openstack.requestlog [None req-d64b2df7-35f7-4fd6-870d-fedb179613cc admin admin] 192.168.1.149 "POST /compute/v2.1/flavors" status: 200 len: 410 microversion: 2.61 time: 0.013976
Aug 05 05:44:32.082437 np0000032184 devstack@n-api.service[69187]: [pid: 69187|app: 0|req: 3/6] 192.168.1.149 () {72 vars in 1408 bytes} [Tue Aug  5 05:44:32 2025] POST /compute/v2.1/flavors => generated 410 bytes in 14 msecs (HTTP/1.1 200) 9 headers in 359 bytes (1 switches on core 0)
Aug 05 05:44:32.090062 np0000032184 devstack@n-api.service[69188]: DEBUG nova.api.openstack.wsgi [None req-c9493bc0-b57c-41d0-bb3c-01b19223f49d admin admin] Action: 'create', calling method: <bound method FlavorExtraSpecsController.create of <nova.api.openstack.compute.flavors_extraspecs.FlavorExtraSpecsController object at 0x7c4654cf32f0>>, body: {"extra_specs": {"hw_rng:allowed": "True"}} {{(pid=69188) _process_stack /opt/stack/nova/nova/api/openstack/wsgi.py:550}}
Aug 05 05:44:32.102882 np0000032184 devstack@n-api.service[69188]: INFO nova.api.openstack.requestlog [None req-c9493bc0-b57c-41d0-bb3c-01b19223f49d admin admin] 192.168.1.149 "POST /compute/v2.1/flavors/d1/os-extra_specs" status: 200 len: 43 microversion: 2.61 time: 0.014306
Aug 05 05:44:32.103104 np0000032184 devstack@n-api.service[69188]: [pid: 69188|app: 0|req: 4/7] 192.168.1.149 () {72 vars in 1461 bytes} [Tue Aug  5 05:44:32 2025] POST /compute/v2.1/flavors/d1/os-extra_specs => generated 43 bytes in 15 msecs (HTTP/1.1 200) 9 headers in 358 bytes (1 switches on core 0)
Aug 05 05:44:32.185925 np0000032184 devstack@n-api.service[69187]: DEBUG nova.api.openstack.wsgi [None req-ffe37312-d5de-485c-ab9d-4024b3085389 admin admin] Action: 'create', calling method: <bound method FlavorsController.create of <nova.api.openstack.compute.flavors.FlavorsController object at 0x7c4654ce6540>>, body: {"flavor": {"os-flavor-access:is_public": true, "rxtx_factor": 1.0, "disk": 10, "vcpus": 1, "OS-FLV-EXT-DATA:ephemeral": 0, "swap": 0, "name": "ds1G", "ram": 1024, "id": "d2"}} {{(pid=69187) _process_stack /opt/stack/nova/nova/api/openstack/wsgi.py:550}}
Aug 05 05:44:32.199989 np0000032184 devstack@n-api.service[69187]: INFO nova.api.openstack.requestlog [None req-ffe37312-d5de-485c-ab9d-4024b3085389 admin admin] 192.168.1.149 "POST /compute/v2.1/flavors" status: 200 len: 410 microversion: 2.61 time: 0.016777
Aug 05 05:44:32.200305 np0000032184 devstack@n-api.service[69187]: [pid: 69187|app: 0|req: 4/8] 192.168.1.149 () {72 vars in 1408 bytes} [Tue Aug  5 05:44:32 2025] POST /compute/v2.1/flavors => generated 410 bytes in 17 msecs (HTTP/1.1 200) 9 headers in 359 bytes (1 switches on core 0)
Aug 05 05:44:32.208195 np0000032184 devstack@n-api.service[69188]: DEBUG nova.api.openstack.wsgi [None req-840f5f72-cef5-404b-ba13-af464d498843 admin admin] Action: 'create', calling method: <bound method FlavorExtraSpecsController.create of <nova.api.openstack.compute.flavors_extraspecs.FlavorExtraSpecsController object at 0x7c4654cf32f0>>, body: {"extra_specs": {"hw_rng:allowed": "True"}} {{(pid=69188) _process_stack /opt/stack/nova/nova/api/openstack/wsgi.py:550}}
Aug 05 05:44:32.219761 np0000032184 devstack@n-api.service[69188]: INFO nova.api.openstack.requestlog [None req-840f5f72-cef5-404b-ba13-af464d498843 admin admin] 192.168.1.149 "POST /compute/v2.1/flavors/d2/os-extra_specs" status: 200 len: 43 microversion: 2.61 time: 0.013103
Aug 05 05:44:32.220126 np0000032184 devstack@n-api.service[69188]: [pid: 69188|app: 0|req: 5/9] 192.168.1.149 () {72 vars in 1461 bytes} [Tue Aug  5 05:44:32 2025] POST /compute/v2.1/flavors/d2/os-extra_specs => generated 43 bytes in 13 msecs (HTTP/1.1 200) 9 headers in 358 bytes (1 switches on core 0)
Aug 05 05:44:32.295044 np0000032184 devstack@n-api.service[69187]: DEBUG nova.api.openstack.wsgi [None req-b1feae18-a787-47eb-ab2c-43b212006a71 admin admin] Action: 'create', calling method: <bound method FlavorsController.create of <nova.api.openstack.compute.flavors.FlavorsController object at 0x7c4654ce6540>>, body: {"flavor": {"os-flavor-access:is_public": true, "rxtx_factor": 1.0, "disk": 10, "vcpus": 2, "OS-FLV-EXT-DATA:ephemeral": 0, "swap": 0, "name": "ds2G", "ram": 2048, "id": "d3"}} {{(pid=69187) _process_stack /opt/stack/nova/nova/api/openstack/wsgi.py:550}}
Aug 05 05:44:32.305974 np0000032184 devstack@n-api.service[69187]: INFO nova.api.openstack.requestlog [None req-b1feae18-a787-47eb-ab2c-43b212006a71 admin admin] 192.168.1.149 "POST /compute/v2.1/flavors" status: 200 len: 410 microversion: 2.61 time: 0.012384
Aug 05 05:44:32.306248 np0000032184 devstack@n-api.service[69187]: [pid: 69187|app: 0|req: 5/10] 192.168.1.149 () {72 vars in 1408 bytes} [Tue Aug  5 05:44:32 2025] POST /compute/v2.1/flavors => generated 410 bytes in 13 msecs (HTTP/1.1 200) 9 headers in 359 bytes (1 switches on core 0)
Aug 05 05:44:32.314191 np0000032184 devstack@n-api.service[69188]: DEBUG nova.api.openstack.wsgi [None req-beecc9b1-680d-41f1-9326-b6e272991db8 admin admin] Action: 'create', calling method: <bound method FlavorExtraSpecsController.create of <nova.api.openstack.compute.flavors_extraspecs.FlavorExtraSpecsController object at 0x7c4654cf32f0>>, body: {"extra_specs": {"hw_rng:allowed": "True"}} {{(pid=69188) _process_stack /opt/stack/nova/nova/api/openstack/wsgi.py:550}}
Aug 05 05:44:32.325727 np0000032184 devstack@n-api.service[69188]: INFO nova.api.openstack.requestlog [None req-beecc9b1-680d-41f1-9326-b6e272991db8 admin admin] 192.168.1.149 "POST /compute/v2.1/flavors/d3/os-extra_specs" status: 200 len: 43 microversion: 2.61 time: 0.013810
Aug 05 05:44:32.325947 np0000032184 devstack@n-api.service[69188]: [pid: 69188|app: 0|req: 6/11] 192.168.1.149 () {72 vars in 1461 bytes} [Tue Aug  5 05:44:32 2025] POST /compute/v2.1/flavors/d3/os-extra_specs => generated 43 bytes in 14 msecs (HTTP/1.1 200) 9 headers in 358 bytes (1 switches on core 0)
Aug 05 05:44:32.418064 np0000032184 devstack@n-api.service[69187]: DEBUG nova.api.openstack.wsgi [None req-c4f4d65e-25af-4ec0-a5d8-64decc8ec63d admin admin] Action: 'create', calling method: <bound method FlavorsController.create of <nova.api.openstack.compute.flavors.FlavorsController object at 0x7c4654ce6540>>, body: {"flavor": {"os-flavor-access:is_public": true, "rxtx_factor": 1.0, "disk": 20, "vcpus": 4, "OS-FLV-EXT-DATA:ephemeral": 0, "swap": 0, "name": "ds4G", "ram": 4096, "id": "d4"}} {{(pid=69187) _process_stack /opt/stack/nova/nova/api/openstack/wsgi.py:550}}
Aug 05 05:44:32.432196 np0000032184 devstack@n-api.service[69187]: INFO nova.api.openstack.requestlog [None req-c4f4d65e-25af-4ec0-a5d8-64decc8ec63d admin admin] 192.168.1.149 "POST /compute/v2.1/flavors" status: 200 len: 410 microversion: 2.61 time: 0.013776
Aug 05 05:44:32.432196 np0000032184 devstack@n-api.service[69187]: [pid: 69187|app: 0|req: 6/12] 192.168.1.149 () {72 vars in 1408 bytes} [Tue Aug  5 05:44:32 2025] POST /compute/v2.1/flavors => generated 410 bytes in 14 msecs (HTTP/1.1 200) 9 headers in 359 bytes (1 switches on core 0)
Aug 05 05:44:32.439869 np0000032184 devstack@n-api.service[69188]: DEBUG nova.api.openstack.wsgi [None req-4942ba3a-ca25-4d37-a259-7b56f6a13230 admin admin] Action: 'create', calling method: <bound method FlavorExtraSpecsController.create of <nova.api.openstack.compute.flavors_extraspecs.FlavorExtraSpecsController object at 0x7c4654cf32f0>>, body: {"extra_specs": {"hw_rng:allowed": "True"}} {{(pid=69188) _process_stack /opt/stack/nova/nova/api/openstack/wsgi.py:550}}
Aug 05 05:44:32.451895 np0000032184 devstack@n-api.service[69188]: INFO nova.api.openstack.requestlog [None req-4942ba3a-ca25-4d37-a259-7b56f6a13230 admin admin] 192.168.1.149 "POST /compute/v2.1/flavors/d4/os-extra_specs" status: 200 len: 43 microversion: 2.61 time: 0.013350
Aug 05 05:44:32.452039 np0000032184 devstack@n-api.service[69188]: [pid: 69188|app: 0|req: 7/13] 192.168.1.149 () {72 vars in 1461 bytes} [Tue Aug  5 05:44:32 2025] POST /compute/v2.1/flavors/d4/os-extra_specs => generated 43 bytes in 14 msecs (HTTP/1.1 200) 9 headers in 358 bytes (1 switches on core 0)
Aug 05 05:44:32.557167 np0000032184 devstack@n-api.service[69187]: DEBUG nova.api.openstack.wsgi [None req-b8f838ff-8f69-432d-9d56-11ee377b7a16 admin admin] Calling method '<bound method FlavorsController.detail of <nova.api.openstack.compute.flavors.FlavorsController object at 0x7c4654ce6690>>' {{(pid=69187) _process_stack /opt/stack/nova/nova/api/openstack/wsgi.py:552}}
Aug 05 05:44:32.574668 np0000032184 devstack@n-api.service[69187]: INFO nova.api.openstack.requestlog [None req-b8f838ff-8f69-432d-9d56-11ee377b7a16 admin admin] 192.168.1.149 "GET /compute/v2.1/flavors/detail?is_public=True" status: 200 len: 2136 microversion: 2.61 time: 0.019464
Aug 05 05:44:32.576665 np0000032184 devstack@n-api.service[69187]: [pid: 69187|app: 0|req: 7/14] 192.168.1.149 () {68 vars in 1417 bytes} [Tue Aug  5 05:44:32 2025] GET /compute/v2.1/flavors/detail?is_public=True => generated 2136 bytes in 24 msecs (HTTP/1.1 200) 9 headers in 360 bytes (1 switches on core 0)
Aug 05 05:44:32.688480 np0000032184 devstack@n-api.service[69188]: DEBUG nova.api.openstack.wsgi [None req-422ad0db-e3c2-445d-adcd-d25476c3421f admin admin] Action: 'create', calling method: <bound method FlavorsController.create of <nova.api.openstack.compute.flavors.FlavorsController object at 0x7c4654cf2a50>>, body: {"flavor": {"os-flavor-access:is_public": true, "rxtx_factor": 1.0, "disk": 1, "vcpus": 1, "OS-FLV-EXT-DATA:ephemeral": 0, "swap": 0, "name": "m1.tiny", "ram": 512, "id": "1"}} {{(pid=69188) _process_stack /opt/stack/nova/nova/api/openstack/wsgi.py:550}}
Aug 05 05:44:32.708437 np0000032184 devstack@n-api.service[69188]: INFO nova.api.openstack.requestlog [None req-422ad0db-e3c2-445d-adcd-d25476c3421f admin admin] 192.168.1.149 "POST /compute/v2.1/flavors" status: 200 len: 408 microversion: 2.61 time: 0.021380
Aug 05 05:44:32.709141 np0000032184 devstack@n-api.service[69188]: [pid: 69188|app: 0|req: 8/15] 192.168.1.149 () {72 vars in 1408 bytes} [Tue Aug  5 05:44:32 2025] POST /compute/v2.1/flavors => generated 408 bytes in 22 msecs (HTTP/1.1 200) 9 headers in 359 bytes (1 switches on core 0)
Aug 05 05:44:32.717605 np0000032184 devstack@n-api.service[69187]: DEBUG nova.api.openstack.wsgi [None req-a851d1e0-b4b0-4119-b014-47159374ef46 admin admin] Action: 'create', calling method: <bound method FlavorExtraSpecsController.create of <nova.api.openstack.compute.flavors_extraspecs.FlavorExtraSpecsController object at 0x7c4654ce6de0>>, body: {"extra_specs": {"hw_rng:allowed": "True"}} {{(pid=69187) _process_stack /opt/stack/nova/nova/api/openstack/wsgi.py:550}}
Aug 05 05:44:32.739801 np0000032184 devstack@n-api.service[69187]: INFO nova.api.openstack.requestlog [None req-a851d1e0-b4b0-4119-b014-47159374ef46 admin admin] 192.168.1.149 "POST /compute/v2.1/flavors/1/os-extra_specs" status: 200 len: 43 microversion: 2.61 time: 0.023602
Aug 05 05:44:32.740329 np0000032184 devstack@n-api.service[69187]: [pid: 69187|app: 0|req: 8/16] 192.168.1.149 () {72 vars in 1458 bytes} [Tue Aug  5 05:44:32 2025] POST /compute/v2.1/flavors/1/os-extra_specs => generated 43 bytes in 24 msecs (HTTP/1.1 200) 9 headers in 358 bytes (1 switches on core 0)
Aug 05 05:44:32.823959 np0000032184 devstack@n-api.service[69188]: DEBUG nova.api.openstack.wsgi [None req-9c789ed8-b286-46a9-9165-af09be38fc67 admin admin] Action: 'create', calling method: <bound method FlavorsController.create of <nova.api.openstack.compute.flavors.FlavorsController object at 0x7c4654cf2a50>>, body: {"flavor": {"os-flavor-access:is_public": true, "rxtx_factor": 1.0, "disk": 20, "vcpus": 1, "OS-FLV-EXT-DATA:ephemeral": 0, "swap": 0, "name": "m1.small", "ram": 2048, "id": "2"}} {{(pid=69188) _process_stack /opt/stack/nova/nova/api/openstack/wsgi.py:550}}
Aug 05 05:44:32.835310 np0000032184 devstack@n-api.service[69188]: INFO nova.api.openstack.requestlog [None req-9c789ed8-b286-46a9-9165-af09be38fc67 admin admin] 192.168.1.149 "POST /compute/v2.1/flavors" status: 200 len: 411 microversion: 2.61 time: 0.012825
Aug 05 05:44:32.835640 np0000032184 devstack@n-api.service[69188]: [pid: 69188|app: 0|req: 9/17] 192.168.1.149 () {72 vars in 1408 bytes} [Tue Aug  5 05:44:32 2025] POST /compute/v2.1/flavors => generated 411 bytes in 13 msecs (HTTP/1.1 200) 9 headers in 359 bytes (1 switches on core 0)
Aug 05 05:44:32.843714 np0000032184 devstack@n-api.service[69187]: DEBUG nova.api.openstack.wsgi [None req-2ad39f9b-281b-4c8a-8985-a57d06ab40d5 admin admin] Action: 'create', calling method: <bound method FlavorExtraSpecsController.create of <nova.api.openstack.compute.flavors_extraspecs.FlavorExtraSpecsController object at 0x7c4654ce6de0>>, body: {"extra_specs": {"hw_rng:allowed": "True"}} {{(pid=69187) _process_stack /opt/stack/nova/nova/api/openstack/wsgi.py:550}}
Aug 05 05:44:32.857260 np0000032184 devstack@n-api.service[69187]: INFO nova.api.openstack.requestlog [None req-2ad39f9b-281b-4c8a-8985-a57d06ab40d5 admin admin] 192.168.1.149 "POST /compute/v2.1/flavors/2/os-extra_specs" status: 200 len: 43 microversion: 2.61 time: 0.014983
Aug 05 05:44:32.857660 np0000032184 devstack@n-api.service[69187]: [pid: 69187|app: 0|req: 9/18] 192.168.1.149 () {72 vars in 1458 bytes} [Tue Aug  5 05:44:32 2025] POST /compute/v2.1/flavors/2/os-extra_specs => generated 43 bytes in 15 msecs (HTTP/1.1 200) 9 headers in 358 bytes (1 switches on core 0)
Aug 05 05:44:32.936067 np0000032184 devstack@n-api.service[69188]: DEBUG nova.api.openstack.wsgi [None req-106c4fcf-fc3e-4990-bc7c-6d3adb641698 admin admin] Action: 'create', calling method: <bound method FlavorsController.create of <nova.api.openstack.compute.flavors.FlavorsController object at 0x7c4654cf2a50>>, body: {"flavor": {"os-flavor-access:is_public": true, "rxtx_factor": 1.0, "disk": 40, "vcpus": 2, "OS-FLV-EXT-DATA:ephemeral": 0, "swap": 0, "name": "m1.medium", "ram": 4096, "id": "3"}} {{(pid=69188) _process_stack /opt/stack/nova/nova/api/openstack/wsgi.py:550}}
Aug 05 05:44:32.949794 np0000032184 devstack@n-api.service[69188]: INFO nova.api.openstack.requestlog [None req-106c4fcf-fc3e-4990-bc7c-6d3adb641698 admin admin] 192.168.1.149 "POST /compute/v2.1/flavors" status: 200 len: 412 microversion: 2.61 time: 0.015227
Aug 05 05:44:32.950029 np0000032184 devstack@n-api.service[69188]: [pid: 69188|app: 0|req: 10/19] 192.168.1.149 () {72 vars in 1408 bytes} [Tue Aug  5 05:44:32 2025] POST /compute/v2.1/flavors => generated 412 bytes in 15 msecs (HTTP/1.1 200) 9 headers in 359 bytes (1 switches on core 0)
Aug 05 05:44:32.958395 np0000032184 devstack@n-api.service[69187]: DEBUG nova.api.openstack.wsgi [None req-27d14b16-e0e5-4535-9dfe-85d8961bc2ed admin admin] Action: 'create', calling method: <bound method FlavorExtraSpecsController.create of <nova.api.openstack.compute.flavors_extraspecs.FlavorExtraSpecsController object at 0x7c4654ce6de0>>, body: {"extra_specs": {"hw_rng:allowed": "True"}} {{(pid=69187) _process_stack /opt/stack/nova/nova/api/openstack/wsgi.py:550}}
Aug 05 05:44:32.979275 np0000032184 devstack@n-api.service[69187]: INFO nova.api.openstack.requestlog [None req-27d14b16-e0e5-4535-9dfe-85d8961bc2ed admin admin] 192.168.1.149 "POST /compute/v2.1/flavors/3/os-extra_specs" status: 200 len: 43 microversion: 2.61 time: 0.022134
Aug 05 05:44:32.979275 np0000032184 devstack@n-api.service[69187]: [pid: 69187|app: 0|req: 10/20] 192.168.1.149 () {72 vars in 1458 bytes} [Tue Aug  5 05:44:32 2025] POST /compute/v2.1/flavors/3/os-extra_specs => generated 43 bytes in 22 msecs (HTTP/1.1 200) 9 headers in 358 bytes (1 switches on core 0)
Aug 05 05:44:33.059274 np0000032184 devstack@n-api.service[69188]: DEBUG nova.api.openstack.wsgi [None req-6896f8b3-b265-4c60-ade3-67e078a0fbae admin admin] Action: 'create', calling method: <bound method FlavorsController.create of <nova.api.openstack.compute.flavors.FlavorsController object at 0x7c4654cf2a50>>, body: {"flavor": {"os-flavor-access:is_public": true, "rxtx_factor": 1.0, "disk": 80, "vcpus": 4, "OS-FLV-EXT-DATA:ephemeral": 0, "swap": 0, "name": "m1.large", "ram": 8192, "id": "4"}} {{(pid=69188) _process_stack /opt/stack/nova/nova/api/openstack/wsgi.py:550}}
Aug 05 05:44:33.069441 np0000032184 devstack@n-api.service[69188]: INFO nova.api.openstack.requestlog [None req-6896f8b3-b265-4c60-ade3-67e078a0fbae admin admin] 192.168.1.149 "POST /compute/v2.1/flavors" status: 200 len: 411 microversion: 2.61 time: 0.011618
Aug 05 05:44:33.069732 np0000032184 devstack@n-api.service[69188]: [pid: 69188|app: 0|req: 11/21] 192.168.1.149 () {72 vars in 1408 bytes} [Tue Aug  5 05:44:33 2025] POST /compute/v2.1/flavors => generated 411 bytes in 12 msecs (HTTP/1.1 200) 9 headers in 359 bytes (1 switches on core 0)
Aug 05 05:44:33.077396 np0000032184 devstack@n-api.service[69187]: DEBUG nova.api.openstack.wsgi [None req-4fed0ede-f185-4213-b92f-34192456fc0e admin admin] Action: 'create', calling method: <bound method FlavorExtraSpecsController.create of <nova.api.openstack.compute.flavors_extraspecs.FlavorExtraSpecsController object at 0x7c4654ce6de0>>, body: {"extra_specs": {"hw_rng:allowed": "True"}} {{(pid=69187) _process_stack /opt/stack/nova/nova/api/openstack/wsgi.py:550}}
Aug 05 05:44:33.088924 np0000032184 devstack@n-api.service[69187]: INFO nova.api.openstack.requestlog [None req-4fed0ede-f185-4213-b92f-34192456fc0e admin admin] 192.168.1.149 "POST /compute/v2.1/flavors/4/os-extra_specs" status: 200 len: 43 microversion: 2.61 time: 0.012995
Aug 05 05:44:33.089185 np0000032184 devstack@n-api.service[69187]: [pid: 69187|app: 0|req: 11/22] 192.168.1.149 () {72 vars in 1458 bytes} [Tue Aug  5 05:44:33 2025] POST /compute/v2.1/flavors/4/os-extra_specs => generated 43 bytes in 13 msecs (HTTP/1.1 200) 9 headers in 358 bytes (1 switches on core 0)
Aug 05 05:44:33.174324 np0000032184 devstack@n-api.service[69188]: DEBUG nova.api.openstack.wsgi [None req-925e5395-6227-4e60-9d25-6f8fe33c3420 admin admin] Action: 'create', calling method: <bound method FlavorsController.create of <nova.api.openstack.compute.flavors.FlavorsController object at 0x7c4654cf2a50>>, body: {"flavor": {"os-flavor-access:is_public": true, "rxtx_factor": 1.0, "disk": 160, "vcpus": 8, "OS-FLV-EXT-DATA:ephemeral": 0, "swap": 0, "name": "m1.xlarge", "ram": 16384, "id": "5"}} {{(pid=69188) _process_stack /opt/stack/nova/nova/api/openstack/wsgi.py:550}}
Aug 05 05:44:33.186002 np0000032184 devstack@n-api.service[69188]: INFO nova.api.openstack.requestlog [None req-925e5395-6227-4e60-9d25-6f8fe33c3420 admin admin] 192.168.1.149 "POST /compute/v2.1/flavors" status: 200 len: 414 microversion: 2.61 time: 0.012653
Aug 05 05:44:33.186002 np0000032184 devstack@n-api.service[69188]: [pid: 69188|app: 0|req: 12/23] 192.168.1.149 () {72 vars in 1408 bytes} [Tue Aug  5 05:44:33 2025] POST /compute/v2.1/flavors => generated 414 bytes in 13 msecs (HTTP/1.1 200) 9 headers in 359 bytes (1 switches on core 0)
Aug 05 05:44:33.193560 np0000032184 devstack@n-api.service[69187]: DEBUG nova.api.openstack.wsgi [None req-150d25f6-a418-43c8-97eb-f52754854337 admin admin] Action: 'create', calling method: <bound method FlavorExtraSpecsController.create of <nova.api.openstack.compute.flavors_extraspecs.FlavorExtraSpecsController object at 0x7c4654ce6de0>>, body: {"extra_specs": {"hw_rng:allowed": "True"}} {{(pid=69187) _process_stack /opt/stack/nova/nova/api/openstack/wsgi.py:550}}
Aug 05 05:44:33.207286 np0000032184 devstack@n-api.service[69187]: INFO nova.api.openstack.requestlog [None req-150d25f6-a418-43c8-97eb-f52754854337 admin admin] 192.168.1.149 "POST /compute/v2.1/flavors/5/os-extra_specs" status: 200 len: 43 microversion: 2.61 time: 0.015207
Aug 05 05:44:33.207597 np0000032184 devstack@n-api.service[69187]: [pid: 69187|app: 0|req: 12/24] 192.168.1.149 () {72 vars in 1458 bytes} [Tue Aug  5 05:44:33 2025] POST /compute/v2.1/flavors/5/os-extra_specs => generated 43 bytes in 16 msecs (HTTP/1.1 200) 9 headers in 358 bytes (1 switches on core 0)
Aug 05 05:44:48.037197 np0000032184 devstack@n-api.service[69188]: DEBUG nova.api.openstack.wsgi [None req-840aea00-4bfe-4244-a69f-a7e1117c720b admin admin] Calling method '<bound method FlavorsController.detail of <nova.api.openstack.compute.flavors.FlavorsController object at 0x7c4654cf2ba0>>' {{(pid=69188) _process_stack /opt/stack/nova/nova/api/openstack/wsgi.py:552}}
Aug 05 05:44:48.039220 np0000032184 devstack@n-api.service[69188]: DEBUG dbcounter [-] [69188] Writing DB stats nova_api:SELECT=21,nova_api:SAVEPOINT=5,nova_api:INSERT=10,nova_api:RELEASE=5 {{(pid=69188) stat_writer /opt/stack/data/venv/lib/python3.12/site-packages/dbcounter.py:115}}
Aug 05 05:44:48.048757 np0000032184 devstack@n-api.service[69188]: INFO nova.api.openstack.requestlog [None req-840aea00-4bfe-4244-a69f-a7e1117c720b admin admin] 192.168.1.149 "GET /compute/v2.1/flavors/detail?is_public=True" status: 200 len: 4262 microversion: 2.61 time: 0.014108
Aug 05 05:44:48.048976 np0000032184 devstack@n-api.service[69188]: [pid: 69188|app: 0|req: 13/25] 192.168.1.149 () {68 vars in 1417 bytes} [Tue Aug  5 05:44:48 2025] GET /compute/v2.1/flavors/detail?is_public=True => generated 4262 bytes in 14 msecs (HTTP/1.1 200) 9 headers in 360 bytes (1 switches on core 0)
Aug 05 05:44:48.147502 np0000032184 devstack@n-api.service[69187]: DEBUG nova.api.openstack.wsgi [None req-8a0d4e0d-d345-42a0-9d3a-5a6650b4c745 admin admin] Action: 'create', calling method: <bound method FlavorsController.create of <nova.api.openstack.compute.flavors.FlavorsController object at 0x7c4654ce6540>>, body: {"flavor": {"os-flavor-access:is_public": true, "rxtx_factor": 1.0, "disk": 5, "vcpus": 1, "OS-FLV-EXT-DATA:ephemeral": 0, "swap": 0, "name": "manila-service-flavor", "ram": 1024, "id": "100"}} {{(pid=69187) _process_stack /opt/stack/nova/nova/api/openstack/wsgi.py:550}}
Aug 05 05:44:48.150528 np0000032184 devstack@n-api.service[69187]: DEBUG dbcounter [-] [69187] Writing DB stats nova_api:INSERT=10,nova_api:SELECT=21,nova_api:SAVEPOINT=5,nova_api:RELEASE=5 {{(pid=69187) stat_writer /opt/stack/data/venv/lib/python3.12/site-packages/dbcounter.py:115}}
Aug 05 05:44:48.158751 np0000032184 devstack@n-api.service[69187]: INFO nova.api.openstack.requestlog [None req-8a0d4e0d-d345-42a0-9d3a-5a6650b4c745 admin admin] 192.168.1.149 "POST /compute/v2.1/flavors" status: 200 len: 429 microversion: 2.61 time: 0.012755
Aug 05 05:44:48.159057 np0000032184 devstack@n-api.service[69187]: [pid: 69187|app: 0|req: 13/26] 192.168.1.149 () {72 vars in 1408 bytes} [Tue Aug  5 05:44:48 2025] POST /compute/v2.1/flavors => generated 429 bytes in 13 msecs (HTTP/1.1 200) 9 headers in 359 bytes (1 switches on core 0)
Aug 05 05:45:30.576621 np0000032184 devstack@n-api.service[69188]: DEBUG nova.api.openstack.wsgi [None req-62451c10-aa4b-46a7-acb9-b651cd07af7b admin admin] Calling method '<bound method KeypairController.index of <nova.api.openstack.compute.keypairs.KeypairController object at 0x7c4654b99df0>>' {{(pid=69188) _process_stack /opt/stack/nova/nova/api/openstack/wsgi.py:552}}
Aug 05 05:45:30.578439 np0000032184 devstack@n-api.service[69188]: WARNING oslo_db.sqlalchemy.utils [None req-62451c10-aa4b-46a7-acb9-b651cd07af7b admin admin] Unique keys not in sort_keys. The sorting order may be unstable.
Aug 05 05:45:30.583654 np0000032184 devstack@n-api.service[69188]: INFO nova.api.openstack.requestlog [None req-62451c10-aa4b-46a7-acb9-b651cd07af7b admin admin] 192.168.1.149 "GET /compute/v2.1/os-keypairs" status: 200 len: 16 microversion: 2.10 time: 0.009162
Aug 05 05:45:30.583875 np0000032184 devstack@n-api.service[69188]: [pid: 69188|app: 0|req: 14/27] 192.168.1.149 () {68 vars in 1379 bytes} [Tue Aug  5 05:45:30 2025] GET /compute/v2.1/os-keypairs => generated 16 bytes in 9 msecs (HTTP/1.1 200) 9 headers in 358 bytes (1 switches on core 0)
Aug 05 05:45:30.675481 np0000032184 devstack@n-api.service[69187]: DEBUG nova.api.openstack.wsgi [None req-8b3c0917-1d11-420d-b88a-b4a22b7a70a9 admin admin] Action: 'create', calling method: <bound method KeypairController.create of <nova.api.openstack.compute.keypairs.KeypairController object at 0x7c4654b95af0>>, body: {"keypair": {"name": "manila-service", "public_key": "ecdsa-sha2-nistp256 AAAAE2VjZHNhLXNoYTItbmlzdHAyNTYAAAAIbmlzdHAyNTYAAABBBExe5NjYJLu72NJBCO0R1RboIyfqCyeU5IcmFCqIYsyl1svQ4bIYzbWWksbqPdQsHaJV6KRTAIKsCQDwnI8reCU= stack@np0000032184\n"}} {{(pid=69187) _process_stack /opt/stack/nova/nova/api/openstack/wsgi.py:550}}
Aug 05 05:45:30.689103 np0000032184 devstack@n-api.service[69187]: DEBUG nova.quota [None req-8b3c0917-1d11-420d-b88a-b4a22b7a70a9 admin admin] Getting quotas for project 3ee6804439244f6cbcf256b5da28da2d. Resources: {'key_pairs'} {{(pid=69187) _get_quotas /opt/stack/nova/nova/quota.py:392}}
Aug 05 05:45:30.691490 np0000032184 devstack@n-api.service[69187]: DEBUG nova.quota [None req-8b3c0917-1d11-420d-b88a-b4a22b7a70a9 admin admin] Getting quotas for user e8a2d5f8c526456daac0435864d68ff9 and project 3ee6804439244f6cbcf256b5da28da2d. Resources: {'key_pairs'} {{(pid=69187) _get_quotas /opt/stack/nova/nova/quota.py:382}}
Aug 05 05:45:30.712603 np0000032184 devstack@n-api.service[69187]: INFO nova.api.openstack.requestlog [None req-8b3c0917-1d11-420d-b88a-b4a22b7a70a9 admin admin] 192.168.1.149 "POST /compute/v2.1/os-keypairs" status: 201 len: 366 microversion: 2.10 time: 0.038551
Aug 05 05:45:30.712854 np0000032184 devstack@n-api.service[69187]: [pid: 69187|app: 0|req: 14/28] 192.168.1.149 () {72 vars in 1420 bytes} [Tue Aug  5 05:45:30 2025] POST /compute/v2.1/os-keypairs => generated 366 bytes in 39 msecs (HTTP/1.1 201) 9 headers in 364 bytes (1 switches on core 0)
Aug 05 05:45:36.669136 np0000032184 devstack@n-api.service[69188]: DEBUG nova.api.openstack.wsgi [None req-bfb66e22-1551-420e-bdbf-70d7cd7e6901 admin admin] Calling method '<bound method ServiceController.index of <nova.api.openstack.compute.services.ServiceController object at 0x7c4654bcee70>>' {{(pid=69188) _process_stack /opt/stack/nova/nova/api/openstack/wsgi.py:552}}
Aug 05 05:45:36.670817 np0000032184 devstack@n-api.service[69188]: DEBUG oslo_concurrency.lockutils [None req-bfb66e22-1551-420e-bdbf-70d7cd7e6901 admin admin] Acquiring lock "00000000-0000-0000-0000-000000000000" by "nova.context.set_target_cell.<locals>.get_or_set_cached_cell_and_set_connections" {{(pid=69188) inner /opt/stack/data/venv/lib/python3.12/site-packages/oslo_concurrency/lockutils.py:405}}
Aug 05 05:45:36.670979 np0000032184 devstack@n-api.service[69188]: DEBUG oslo_concurrency.lockutils [None req-bfb66e22-1551-420e-bdbf-70d7cd7e6901 admin admin] Lock "00000000-0000-0000-0000-000000000000" acquired by "nova.context.set_target_cell.<locals>.get_or_set_cached_cell_and_set_connections" :: waited 0.000s {{(pid=69188) inner /opt/stack/data/venv/lib/python3.12/site-packages/oslo_concurrency/lockutils.py:410}}
Aug 05 05:45:36.671096 np0000032184 devstack@n-api.service[69188]: DEBUG oslo_concurrency.lockutils [None req-bfb66e22-1551-420e-bdbf-70d7cd7e6901 admin admin] Lock "00000000-0000-0000-0000-000000000000" "released" by "nova.context.set_target_cell.<locals>.get_or_set_cached_cell_and_set_connections" :: held 0.000s {{(pid=69188) inner /opt/stack/data/venv/lib/python3.12/site-packages/oslo_concurrency/lockutils.py:424}}
Aug 05 05:45:36.671501 np0000032184 devstack@n-api.service[69188]: DEBUG oslo_concurrency.lockutils [None req-bfb66e22-1551-420e-bdbf-70d7cd7e6901 admin admin] Acquiring lock "44e1766f-90dd-4d20-9621-6e9e3fcbbcac" by "nova.context.set_target_cell.<locals>.get_or_set_cached_cell_and_set_connections" {{(pid=69188) inner /opt/stack/data/venv/lib/python3.12/site-packages/oslo_concurrency/lockutils.py:405}}
Aug 05 05:45:36.671628 np0000032184 devstack@n-api.service[69188]: DEBUG oslo_concurrency.lockutils [None req-bfb66e22-1551-420e-bdbf-70d7cd7e6901 admin admin] Lock "44e1766f-90dd-4d20-9621-6e9e3fcbbcac" acquired by "nova.context.set_target_cell.<locals>.get_or_set_cached_cell_and_set_connections" :: waited 0.000s {{(pid=69188) inner /opt/stack/data/venv/lib/python3.12/site-packages/oslo_concurrency/lockutils.py:410}}
