Aug 26 14:26:38.520593 np0000032586 devstack@n-api.service[70061]: DEBUG dbcounter [-] [70061] Writer thread running {{(pid=70061) stat_writer /opt/stack/data/venv/lib/python3.10/site-packages/dbcounter.py:102}}
Aug 26 14:26:38.524164 np0000032586 devstack@n-api.service[70060]: DEBUG dbcounter [-] [70060] Writer thread running {{(pid=70060) stat_writer /opt/stack/data/venv/lib/python3.10/site-packages/dbcounter.py:102}}
Aug 26 14:26:38.524589 np0000032586 devstack@n-api.service[70061]: DEBUG dbcounter [-] [70061] Writer thread running {{(pid=70061) stat_writer /opt/stack/data/venv/lib/python3.10/site-packages/dbcounter.py:102}}
Aug 26 14:26:38.526649 np0000032586 devstack@n-api.service[70061]: INFO dbcounter [None req-ee2fffdb-fd2d-45b6-96ec-dae19b3474a6 None None] Registered counter for database nova_cell0
Aug 26 14:26:38.528240 np0000032586 devstack@n-api.service[70060]: DEBUG dbcounter [-] [70060] Writer thread running {{(pid=70060) stat_writer /opt/stack/data/venv/lib/python3.10/site-packages/dbcounter.py:102}}
Aug 26 14:26:38.530323 np0000032586 devstack@n-api.service[70060]: INFO dbcounter [None req-6a0f2207-b2e2-4cb4-aea1-1e1d1deeba78 None None] Registered counter for database nova_cell0
Aug 26 14:26:38.530787 np0000032586 devstack@n-api.service[70061]: DEBUG oslo_db.sqlalchemy.engines [None req-ee2fffdb-fd2d-45b6-96ec-dae19b3474a6 None None] MySQL server mode set to STRICT_TRANS_TABLES,STRICT_ALL_TABLES,NO_ZERO_IN_DATE,NO_ZERO_DATE,ERROR_FOR_DIVISION_BY_ZERO,TRADITIONAL,NO_ENGINE_SUBSTITUTION {{(pid=70061) _check_effective_sql_mode /opt/stack/data/venv/lib/python3.10/site-packages/oslo_db/sqlalchemy/engines.py:342}}
Aug 26 14:26:38.534246 np0000032586 devstack@n-api.service[70060]: DEBUG oslo_db.sqlalchemy.engines [None req-6a0f2207-b2e2-4cb4-aea1-1e1d1deeba78 None None] MySQL server mode set to STRICT_TRANS_TABLES,STRICT_ALL_TABLES,NO_ZERO_IN_DATE,NO_ZERO_DATE,ERROR_FOR_DIVISION_BY_ZERO,TRADITIONAL,NO_ENGINE_SUBSTITUTION {{(pid=70060) _check_effective_sql_mode /opt/stack/data/venv/lib/python3.10/site-packages/oslo_db/sqlalchemy/engines.py:342}}
Aug 26 14:26:38.534897 np0000032586 devstack@n-api.service[70061]: DEBUG dbcounter [-] [70061] Writer thread running {{(pid=70061) stat_writer /opt/stack/data/venv/lib/python3.10/site-packages/dbcounter.py:102}}
Aug 26 14:26:38.538419 np0000032586 devstack@n-api.service[70060]: DEBUG dbcounter [-] [70060] Writer thread running {{(pid=70060) stat_writer /opt/stack/data/venv/lib/python3.10/site-packages/dbcounter.py:102}}
Aug 26 14:26:38.849511 np0000032586 devstack@n-api.service[70060]: DEBUG oslo_concurrency.processutils [None req-6a0f2207-b2e2-4cb4-aea1-1e1d1deeba78 None None] Running cmd (subprocess): grep -F node.session.scan /sbin/iscsiadm {{(pid=70060) execute /opt/stack/data/venv/lib/python3.10/site-packages/oslo_concurrency/processutils.py:390}}
Aug 26 14:26:38.851858 np0000032586 devstack@n-api.service[70061]: DEBUG oslo_concurrency.processutils [None req-ee2fffdb-fd2d-45b6-96ec-dae19b3474a6 None None] Running cmd (subprocess): grep -F node.session.scan /sbin/iscsiadm {{(pid=70061) execute /opt/stack/data/venv/lib/python3.10/site-packages/oslo_concurrency/processutils.py:390}}
Aug 26 14:26:38.856428 np0000032586 devstack@n-api.service[70060]: DEBUG oslo_concurrency.processutils [None req-6a0f2207-b2e2-4cb4-aea1-1e1d1deeba78 None None] CMD "grep -F node.session.scan /sbin/iscsiadm" returned: 0 in 0.007s {{(pid=70060) execute /opt/stack/data/venv/lib/python3.10/site-packages/oslo_concurrency/processutils.py:428}}
Aug 26 14:26:38.858338 np0000032586 devstack@n-api.service[70061]: DEBUG oslo_concurrency.processutils [None req-ee2fffdb-fd2d-45b6-96ec-dae19b3474a6 None None] CMD "grep -F node.session.scan /sbin/iscsiadm" returned: 0 in 0.006s {{(pid=70061) execute /opt/stack/data/venv/lib/python3.10/site-packages/oslo_concurrency/processutils.py:428}}
Aug 26 14:26:39.185325 np0000032586 devstack@n-api.service[70061]: WARNING keystonemiddleware.auth_token [None req-ee2fffdb-fd2d-45b6-96ec-dae19b3474a6 None None] AuthToken middleware is set with keystone_authtoken.service_token_roles_required set to False. This is backwards compatible but deprecated behaviour. Please set this to True.
Aug 26 14:26:39.186440 np0000032586 devstack@n-api.service[70060]: WARNING keystonemiddleware.auth_token [None req-6a0f2207-b2e2-4cb4-aea1-1e1d1deeba78 None None] AuthToken middleware is set with keystone_authtoken.service_token_roles_required set to False. This is backwards compatible but deprecated behaviour. Please set this to True.
Aug 26 14:26:39.188891 np0000032586 devstack@n-api.service[70061]: WARNING keystonemiddleware.auth_token [None req-ee2fffdb-fd2d-45b6-96ec-dae19b3474a6 None None] Configuring www_authenticate_uri to point to the public identity endpoint is required; clients may not be able to authenticate against an admin endpoint
Aug 26 14:26:39.190069 np0000032586 devstack@n-api.service[70060]: WARNING keystonemiddleware.auth_token [None req-6a0f2207-b2e2-4cb4-aea1-1e1d1deeba78 None None] Configuring www_authenticate_uri to point to the public identity endpoint is required; clients may not be able to authenticate against an admin endpoint
Aug 26 14:26:39.261625 np0000032586 devstack@n-api.service[70061]: WARNING keystonemiddleware.auth_token [None req-ee2fffdb-fd2d-45b6-96ec-dae19b3474a6 None None] AuthToken middleware is set with keystone_authtoken.service_token_roles_required set to False. This is backwards compatible but deprecated behaviour. Please set this to True.
Aug 26 14:26:39.262480 np0000032586 devstack@n-api.service[70060]: WARNING keystonemiddleware.auth_token [None req-6a0f2207-b2e2-4cb4-aea1-1e1d1deeba78 None None] AuthToken middleware is set with keystone_authtoken.service_token_roles_required set to False. This is backwards compatible but deprecated behaviour. Please set this to True.
Aug 26 14:26:39.263898 np0000032586 devstack@n-api.service[70061]: WARNING keystonemiddleware.auth_token [None req-ee2fffdb-fd2d-45b6-96ec-dae19b3474a6 None None] Configuring www_authenticate_uri to point to the public identity endpoint is required; clients may not be able to authenticate against an admin endpoint
Aug 26 14:26:39.264797 np0000032586 devstack@n-api.service[70060]: WARNING keystonemiddleware.auth_token [None req-6a0f2207-b2e2-4cb4-aea1-1e1d1deeba78 None None] Configuring www_authenticate_uri to point to the public identity endpoint is required; clients may not be able to authenticate against an admin endpoint
Aug 26 14:26:39.265921 np0000032586 devstack@n-api.service[70061]: WSGI app 0 (mountpoint='') ready in 3 seconds on interpreter 0x561fee1b9d70 pid: 70061 (default app)
Aug 26 14:26:39.266771 np0000032586 devstack@n-api.service[70060]: WSGI app 0 (mountpoint='') ready in 3 seconds on interpreter 0x561fee1b9d70 pid: 70060 (default app)
Aug 26 14:26:39.266879 np0000032586 devstack@n-api.service[70061]: DEBUG nova.api.openstack.wsgi [None req-ee2fffdb-fd2d-45b6-96ec-dae19b3474a6 None None] Calling method '<bound method VersionsV2.index of <nova.api.openstack.compute.versions.VersionsV2 object at 0x7f747939cb80>>' {{(pid=70061) _process_stack /opt/stack/nova/nova/api/openstack/wsgi.py:520}}
Aug 26 14:26:39.268584 np0000032586 devstack@n-api.service[70061]: INFO nova.api.openstack.requestlog [None req-ee2fffdb-fd2d-45b6-96ec-dae19b3474a6 None None] 192.168.1.130 "GET /compute/v2.1/" status: 200 len: 390 microversion: 2.1 time: 0.001922
Aug 26 14:26:39.269282 np0000032586 devstack@n-api.service[70061]: [pid: 70061|app: 0|req: 1/1] 192.168.1.130 () {50 vars in 783 bytes} [Tue Aug 26 14:26:39 2025] GET /compute/v2.1/ => generated 390 bytes in 2 msecs (HTTP/1.1 200) 9 headers in 357 bytes (1 switches on core 0)
Aug 26 14:27:17.231298 np0000032586 devstack@n-api.service[70060]: DEBUG nova.api.openstack.wsgi [None req-6a0f2207-b2e2-4cb4-aea1-1e1d1deeba78 None None] Calling method '<bound method VersionsV2.index of <nova.api.openstack.compute.versions.VersionsV2 object at 0x7f74793ee0b0>>' {{(pid=70060) _process_stack /opt/stack/nova/nova/api/openstack/wsgi.py:520}}
Aug 26 14:27:17.233205 np0000032586 devstack@n-api.service[70060]: INFO nova.api.openstack.requestlog [None req-6a0f2207-b2e2-4cb4-aea1-1e1d1deeba78 None None] 192.168.1.130 "GET /compute/v2.1" status: 200 len: 391 microversion: 2.1 time: 0.002366
Aug 26 14:27:17.233383 np0000032586 devstack@n-api.service[70060]: [pid: 70060|app: 0|req: 1/2] 192.168.1.130 () {62 vars in 1067 bytes} [Tue Aug 26 14:27:17 2025] GET /compute/v2.1 => generated 391 bytes in 3 msecs (HTTP/1.1 200) 9 headers in 357 bytes (1 switches on core 0)
Aug 26 14:27:17.242225 np0000032586 devstack@n-api.service[70061]: DEBUG dbcounter [-] [70061] Writing DB stats nova_api:SELECT=1 {{(pid=70061) stat_writer /opt/stack/data/venv/lib/python3.10/site-packages/dbcounter.py:115}}
Aug 26 14:27:17.242844 np0000032586 devstack@n-api.service[70061]: DEBUG dbcounter [-] [70061] Writing DB stats nova_cell0:SELECT=1 {{(pid=70061) stat_writer /opt/stack/data/venv/lib/python3.10/site-packages/dbcounter.py:115}}
Aug 26 14:27:17.243286 np0000032586 devstack@n-api.service[70061]: DEBUG dbcounter [-] [70061] Writing DB stats nova_cell1:SELECT=1 {{(pid=70061) stat_writer /opt/stack/data/venv/lib/python3.10/site-packages/dbcounter.py:115}}
Aug 26 14:27:17.243836 np0000032586 devstack@n-api.service[70061]: DEBUG dbcounter [-] [70061] Writing DB stats nova_cell0:SELECT=2,nova_cell0:INSERT=1 {{(pid=70061) stat_writer /opt/stack/data/venv/lib/python3.10/site-packages/dbcounter.py:115}}
Aug 26 14:27:17.368503 np0000032586 devstack@n-api.service[70061]: DEBUG nova.api.openstack.wsgi [None req-e6803f63-0fc4-4b97-835f-a8a23c1bde63 admin admin] Calling method '<bound method FlavorsController.detail of <nova.api.openstack.compute.flavors.FlavorsController object at 0x7f7478d4e110>>' {{(pid=70061) _process_stack /opt/stack/nova/nova/api/openstack/wsgi.py:520}}
Aug 26 14:27:17.383164 np0000032586 devstack@n-api.service[70061]: INFO nova.api.openstack.requestlog [None req-e6803f63-0fc4-4b97-835f-a8a23c1bde63 admin admin] 192.168.1.130 "GET /compute/v2.1/flavors/detail?is_public=True" status: 200 len: 15 microversion: 2.61 time: 0.143830
Aug 26 14:27:17.383510 np0000032586 devstack@n-api.service[70061]: [pid: 70061|app: 0|req: 2/3] 192.168.1.130 () {68 vars in 1428 bytes} [Tue Aug 26 14:27:17 2025] GET /compute/v2.1/flavors/detail?is_public=True => generated 15 bytes in 144 msecs (HTTP/1.1 200) 9 headers in 358 bytes (1 switches on core 0)
Aug 26 14:27:17.469753 np0000032586 devstack@n-api.service[70060]: DEBUG nova.api.openstack.wsgi [None req-6a0f2207-b2e2-4cb4-aea1-1e1d1deeba78 None None] Calling method '<bound method VersionsV2.index of <nova.api.openstack.compute.versions.VersionsV2 object at 0x7f74793ee0b0>>' {{(pid=70060) _process_stack /opt/stack/nova/nova/api/openstack/wsgi.py:520}}
Aug 26 14:27:17.471304 np0000032586 devstack@n-api.service[70060]: INFO nova.api.openstack.requestlog [None req-6a0f2207-b2e2-4cb4-aea1-1e1d1deeba78 None None] 192.168.1.130 "GET /compute/v2.1" status: 200 len: 391 microversion: 2.1 time: 0.001741
Aug 26 14:27:17.471483 np0000032586 devstack@n-api.service[70060]: [pid: 70060|app: 0|req: 2/4] 192.168.1.130 () {62 vars in 1067 bytes} [Tue Aug 26 14:27:17 2025] GET /compute/v2.1 => generated 391 bytes in 2 msecs (HTTP/1.1 200) 9 headers in 357 bytes (1 switches on core 0)
Aug 26 14:27:17.496663 np0000032586 devstack@n-api.service[70061]: DEBUG nova.api.openstack.wsgi [None req-9da1b2f7-1708-4561-93b1-478201cf5a04 admin admin] Action: 'create', calling method: <bound method FlavorsController.create of <nova.api.openstack.compute.flavors.FlavorsController object at 0x7f7478d4db70>>, body: {"flavor": {"name": "cirros256", "OS-FLV-EXT-DATA:ephemeral": 0, "rxtx_factor": 1.0, "os-flavor-access:is_public": true, "vcpus": 1, "disk": 1, "swap": 0, "ram": 256, "id": "c1"}} {{(pid=70061) _process_stack /opt/stack/nova/nova/api/openstack/wsgi.py:518}}
Aug 26 14:27:17.517859 np0000032586 devstack@n-api.service[70061]: INFO nova.api.openstack.requestlog [None req-9da1b2f7-1708-4561-93b1-478201cf5a04 admin admin] 192.168.1.130 "POST /compute/v2.1/flavors" status: 200 len: 413 microversion: 2.61 time: 0.040378
Aug 26 14:27:17.518117 np0000032586 devstack@n-api.service[70061]: [pid: 70061|app: 0|req: 3/5] 192.168.1.130 () {72 vars in 1419 bytes} [Tue Aug 26 14:27:17 2025] POST /compute/v2.1/flavors => generated 413 bytes in 41 msecs (HTTP/1.1 200) 9 headers in 359 bytes (1 switches on core 0)
Aug 26 14:27:17.528308 np0000032586 devstack@n-api.service[70060]: DEBUG dbcounter [-] [70060] Writing DB stats nova_api:SELECT=1 {{(pid=70060) stat_writer /opt/stack/data/venv/lib/python3.10/site-packages/dbcounter.py:115}}
Aug 26 14:27:17.529116 np0000032586 devstack@n-api.service[70060]: DEBUG dbcounter [-] [70060] Writing DB stats nova_cell1:SELECT=1 {{(pid=70060) stat_writer /opt/stack/data/venv/lib/python3.10/site-packages/dbcounter.py:115}}
Aug 26 14:27:17.529476 np0000032586 devstack@n-api.service[70060]: DEBUG dbcounter [-] [70060] Writing DB stats nova_cell0:SELECT=1 {{(pid=70060) stat_writer /opt/stack/data/venv/lib/python3.10/site-packages/dbcounter.py:115}}
Aug 26 14:27:17.529806 np0000032586 devstack@n-api.service[70060]: DEBUG dbcounter [-] [70060] Writing DB stats nova_cell0:SELECT=2,nova_cell0:INSERT=1 {{(pid=70060) stat_writer /opt/stack/data/venv/lib/python3.10/site-packages/dbcounter.py:115}}
Aug 26 14:27:17.597144 np0000032586 devstack@n-api.service[70060]: DEBUG nova.api.openstack.wsgi [None req-21b9d109-7483-484b-827a-978d09ff1148 admin admin] Action: 'create', calling method: <bound method FlavorExtraSpecsController.create of <nova.api.openstack.compute.flavors_extraspecs.FlavorExtraSpecsController object at 0x7f7478d4eb90>>, body: {"extra_specs": {"hw_rng:allowed": "True"}} {{(pid=70060) _process_stack /opt/stack/nova/nova/api/openstack/wsgi.py:518}}
Aug 26 14:27:17.624006 np0000032586 devstack@n-api.service[70060]: INFO nova.api.openstack.requestlog [None req-21b9d109-7483-484b-827a-978d09ff1148 admin admin] 192.168.1.130 "POST /compute/v2.1/flavors/c1/os-extra_specs" status: 200 len: 43 microversion: 2.61 time: 0.098372
Aug 26 14:27:17.624370 np0000032586 devstack@n-api.service[70060]: [pid: 70060|app: 0|req: 3/6] 192.168.1.130 () {72 vars in 1472 bytes} [Tue Aug 26 14:27:17 2025] POST /compute/v2.1/flavors/c1/os-extra_specs => generated 43 bytes in 99 msecs (HTTP/1.1 200) 9 headers in 358 bytes (1 switches on core 0)
Aug 26 14:27:17.716859 np0000032586 devstack@n-api.service[70061]: DEBUG nova.api.openstack.wsgi [None req-9da1b2f7-1708-4561-93b1-478201cf5a04 admin admin] Calling method '<bound method VersionsV2.index of <nova.api.openstack.compute.versions.VersionsV2 object at 0x7f747939cb80>>' {{(pid=70061) _process_stack /opt/stack/nova/nova/api/openstack/wsgi.py:520}}
Aug 26 14:27:17.716859 np0000032586 devstack@n-api.service[70061]: INFO nova.api.openstack.requestlog [None req-9da1b2f7-1708-4561-93b1-478201cf5a04 admin admin] 192.168.1.130 "GET /compute/v2.1" status: 200 len: 391 microversion: 2.1 time: 0.001743
Aug 26 14:27:17.716859 np0000032586 devstack@n-api.service[70061]: [pid: 70061|app: 0|req: 4/7] 192.168.1.130 () {62 vars in 1067 bytes} [Tue Aug 26 14:27:17 2025] GET /compute/v2.1 => generated 391 bytes in 2 msecs (HTTP/1.1 200) 9 headers in 357 bytes (1 switches on core 0)
Aug 26 14:27:17.775487 np0000032586 devstack@n-api.service[70060]: DEBUG nova.api.openstack.wsgi [None req-f111aedf-7bfe-408c-bb4d-ee4f774eb4d3 admin admin] Action: 'create', calling method: <bound method FlavorsController.create of <nova.api.openstack.compute.flavors.FlavorsController object at 0x7f7478d4d8d0>>, body: {"flavor": {"name": "ds512M", "OS-FLV-EXT-DATA:ephemeral": 0, "rxtx_factor": 1.0, "os-flavor-access:is_public": true, "vcpus": 1, "disk": 5, "swap": 0, "ram": 512, "id": "d1"}} {{(pid=70060) _process_stack /opt/stack/nova/nova/api/openstack/wsgi.py:518}}
Aug 26 14:27:17.791501 np0000032586 devstack@n-api.service[70060]: INFO nova.api.openstack.requestlog [None req-f111aedf-7bfe-408c-bb4d-ee4f774eb4d3 admin admin] 192.168.1.130 "POST /compute/v2.1/flavors" status: 200 len: 410 microversion: 2.61 time: 0.069202
Aug 26 14:27:17.791721 np0000032586 devstack@n-api.service[70060]: [pid: 70060|app: 0|req: 4/8] 192.168.1.130 () {72 vars in 1419 bytes} [Tue Aug 26 14:27:17 2025] POST /compute/v2.1/flavors => generated 410 bytes in 70 msecs (HTTP/1.1 200) 9 headers in 359 bytes (1 switches on core 0)
Aug 26 14:27:17.803103 np0000032586 devstack@n-api.service[70061]: DEBUG nova.api.openstack.wsgi [None req-0c72cc10-75d7-4cf1-b3ef-ef6d448599a1 admin admin] Action: 'create', calling method: <bound method FlavorExtraSpecsController.create of <nova.api.openstack.compute.flavors_extraspecs.FlavorExtraSpecsController object at 0x7f7478d4ee30>>, body: {"extra_specs": {"hw_rng:allowed": "True"}} {{(pid=70061) _process_stack /opt/stack/nova/nova/api/openstack/wsgi.py:518}}
Aug 26 14:27:17.816389 np0000032586 devstack@n-api.service[70061]: INFO nova.api.openstack.requestlog [None req-0c72cc10-75d7-4cf1-b3ef-ef6d448599a1 admin admin] 192.168.1.130 "POST /compute/v2.1/flavors/d1/os-extra_specs" status: 200 len: 43 microversion: 2.61 time: 0.017466
Aug 26 14:27:17.816625 np0000032586 devstack@n-api.service[70061]: [pid: 70061|app: 0|req: 5/9] 192.168.1.130 () {72 vars in 1472 bytes} [Tue Aug 26 14:27:17 2025] POST /compute/v2.1/flavors/d1/os-extra_specs => generated 43 bytes in 18 msecs (HTTP/1.1 200) 9 headers in 358 bytes (1 switches on core 0)
Aug 26 14:27:17.906841 np0000032586 devstack@n-api.service[70060]: DEBUG nova.api.openstack.wsgi [None req-f111aedf-7bfe-408c-bb4d-ee4f774eb4d3 admin admin] Calling method '<bound method VersionsV2.index of <nova.api.openstack.compute.versions.VersionsV2 object at 0x7f74793ee0b0>>' {{(pid=70060) _process_stack /opt/stack/nova/nova/api/openstack/wsgi.py:520}}
Aug 26 14:27:17.908424 np0000032586 devstack@n-api.service[70060]: INFO nova.api.openstack.requestlog [None req-f111aedf-7bfe-408c-bb4d-ee4f774eb4d3 admin admin] 192.168.1.130 "GET /compute/v2.1" status: 200 len: 391 microversion: 2.1 time: 0.001782
Aug 26 14:27:17.908603 np0000032586 devstack@n-api.service[70060]: [pid: 70060|app: 0|req: 5/10] 192.168.1.130 () {62 vars in 1067 bytes} [Tue Aug 26 14:27:17 2025] GET /compute/v2.1 => generated 391 bytes in 2 msecs (HTTP/1.1 200) 9 headers in 357 bytes (1 switches on core 0)
Aug 26 14:27:17.940005 np0000032586 devstack@n-api.service[70061]: DEBUG nova.api.openstack.wsgi [None req-43f3968b-8716-4113-a5fd-2c9fa8fe19e8 admin admin] Action: 'create', calling method: <bound method FlavorsController.create of <nova.api.openstack.compute.flavors.FlavorsController object at 0x7f7478d4db70>>, body: {"flavor": {"name": "ds1G", "OS-FLV-EXT-DATA:ephemeral": 0, "rxtx_factor": 1.0, "os-flavor-access:is_public": true, "vcpus": 1, "disk": 10, "swap": 0, "ram": 1024, "id": "d2"}} {{(pid=70061) _process_stack /opt/stack/nova/nova/api/openstack/wsgi.py:518}}
Aug 26 14:27:17.949469 np0000032586 devstack@n-api.service[70061]: INFO nova.api.openstack.requestlog [None req-43f3968b-8716-4113-a5fd-2c9fa8fe19e8 admin admin] 192.168.1.130 "POST /compute/v2.1/flavors" status: 200 len: 410 microversion: 2.61 time: 0.035574
Aug 26 14:27:17.949701 np0000032586 devstack@n-api.service[70061]: [pid: 70061|app: 0|req: 6/11] 192.168.1.130 () {72 vars in 1419 bytes} [Tue Aug 26 14:27:17 2025] POST /compute/v2.1/flavors => generated 410 bytes in 36 msecs (HTTP/1.1 200) 9 headers in 359 bytes (1 switches on core 0)
Aug 26 14:27:17.959099 np0000032586 devstack@n-api.service[70060]: DEBUG nova.api.openstack.wsgi [None req-a4c9cbb4-15b7-4d78-bad6-68516f7dde4e admin admin] Action: 'create', calling method: <bound method FlavorExtraSpecsController.create of <nova.api.openstack.compute.flavors_extraspecs.FlavorExtraSpecsController object at 0x7f7478d4eb90>>, body: {"extra_specs": {"hw_rng:allowed": "True"}} {{(pid=70060) _process_stack /opt/stack/nova/nova/api/openstack/wsgi.py:518}}
Aug 26 14:27:17.970763 np0000032586 devstack@n-api.service[70060]: INFO nova.api.openstack.requestlog [None req-a4c9cbb4-15b7-4d78-bad6-68516f7dde4e admin admin] 192.168.1.130 "POST /compute/v2.1/flavors/d2/os-extra_specs" status: 200 len: 43 microversion: 2.61 time: 0.013379
Aug 26 14:27:17.971142 np0000032586 devstack@n-api.service[70060]: [pid: 70060|app: 0|req: 6/12] 192.168.1.130 () {72 vars in 1472 bytes} [Tue Aug 26 14:27:17 2025] POST /compute/v2.1/flavors/d2/os-extra_specs => generated 43 bytes in 14 msecs (HTTP/1.1 200) 9 headers in 358 bytes (1 switches on core 0)
Aug 26 14:27:18.059730 np0000032586 devstack@n-api.service[70061]: DEBUG nova.api.openstack.wsgi [None req-43f3968b-8716-4113-a5fd-2c9fa8fe19e8 admin admin] Calling method '<bound method VersionsV2.index of <nova.api.openstack.compute.versions.VersionsV2 object at 0x7f747939cb80>>' {{(pid=70061) _process_stack /opt/stack/nova/nova/api/openstack/wsgi.py:520}}
Aug 26 14:27:18.061225 np0000032586 devstack@n-api.service[70061]: INFO nova.api.openstack.requestlog [None req-43f3968b-8716-4113-a5fd-2c9fa8fe19e8 admin admin] 192.168.1.130 "GET /compute/v2.1" status: 200 len: 391 microversion: 2.1 time: 0.001700
Aug 26 14:27:18.061398 np0000032586 devstack@n-api.service[70061]: [pid: 70061|app: 0|req: 7/13] 192.168.1.130 () {62 vars in 1067 bytes} [Tue Aug 26 14:27:18 2025] GET /compute/v2.1 => generated 391 bytes in 2 msecs (HTTP/1.1 200) 9 headers in 357 bytes (1 switches on core 0)
Aug 26 14:27:18.088471 np0000032586 devstack@n-api.service[70060]: DEBUG nova.api.openstack.wsgi [None req-7f2ea921-c59b-4ff1-a425-6daeacd0de42 admin admin] Action: 'create', calling method: <bound method FlavorsController.create of <nova.api.openstack.compute.flavors.FlavorsController object at 0x7f7478d4d8d0>>, body: {"flavor": {"name": "ds2G", "OS-FLV-EXT-DATA:ephemeral": 0, "rxtx_factor": 1.0, "os-flavor-access:is_public": true, "vcpus": 2, "disk": 10, "swap": 0, "ram": 2048, "id": "d3"}} {{(pid=70060) _process_stack /opt/stack/nova/nova/api/openstack/wsgi.py:518}}
Aug 26 14:27:18.110374 np0000032586 devstack@n-api.service[70060]: INFO nova.api.openstack.requestlog [None req-7f2ea921-c59b-4ff1-a425-6daeacd0de42 admin admin] 192.168.1.130 "POST /compute/v2.1/flavors" status: 200 len: 410 microversion: 2.61 time: 0.041580
Aug 26 14:27:18.110622 np0000032586 devstack@n-api.service[70060]: [pid: 70060|app: 0|req: 7/14] 192.168.1.130 () {72 vars in 1419 bytes} [Tue Aug 26 14:27:18 2025] POST /compute/v2.1/flavors => generated 410 bytes in 42 msecs (HTTP/1.1 200) 9 headers in 359 bytes (1 switches on core 0)
Aug 26 14:27:18.123964 np0000032586 devstack@n-api.service[70061]: DEBUG nova.api.openstack.wsgi [None req-9f7893e8-227c-4963-a86b-7b04da3f17ea admin admin] Action: 'create', calling method: <bound method FlavorExtraSpecsController.create of <nova.api.openstack.compute.flavors_extraspecs.FlavorExtraSpecsController object at 0x7f7478d4ee30>>, body: {"extra_specs": {"hw_rng:allowed": "True"}} {{(pid=70061) _process_stack /opt/stack/nova/nova/api/openstack/wsgi.py:518}}
Aug 26 14:27:18.142271 np0000032586 devstack@n-api.service[70061]: INFO nova.api.openstack.requestlog [None req-9f7893e8-227c-4963-a86b-7b04da3f17ea admin admin] 192.168.1.130 "POST /compute/v2.1/flavors/d3/os-extra_specs" status: 200 len: 43 microversion: 2.61 time: 0.020022
Aug 26 14:27:18.142524 np0000032586 devstack@n-api.service[70061]: [pid: 70061|app: 0|req: 8/15] 192.168.1.130 () {72 vars in 1472 bytes} [Tue Aug 26 14:27:18 2025] POST /compute/v2.1/flavors/d3/os-extra_specs => generated 43 bytes in 20 msecs (HTTP/1.1 200) 9 headers in 358 bytes (1 switches on core 0)
Aug 26 14:27:18.236803 np0000032586 devstack@n-api.service[70060]: DEBUG nova.api.openstack.wsgi [None req-7f2ea921-c59b-4ff1-a425-6daeacd0de42 admin admin] Calling method '<bound method VersionsV2.index of <nova.api.openstack.compute.versions.VersionsV2 object at 0x7f74793ee0b0>>' {{(pid=70060) _process_stack /opt/stack/nova/nova/api/openstack/wsgi.py:520}}
Aug 26 14:27:18.238336 np0000032586 devstack@n-api.service[70060]: INFO nova.api.openstack.requestlog [None req-7f2ea921-c59b-4ff1-a425-6daeacd0de42 admin admin] 192.168.1.130 "GET /compute/v2.1" status: 200 len: 391 microversion: 2.1 time: 0.001729
Aug 26 14:27:18.238506 np0000032586 devstack@n-api.service[70060]: [pid: 70060|app: 0|req: 8/16] 192.168.1.130 () {62 vars in 1067 bytes} [Tue Aug 26 14:27:18 2025] GET /compute/v2.1 => generated 391 bytes in 2 msecs (HTTP/1.1 200) 9 headers in 357 bytes (1 switches on core 0)
Aug 26 14:27:18.263360 np0000032586 devstack@n-api.service[70061]: DEBUG nova.api.openstack.wsgi [None req-bf075ced-3c52-4cd3-8559-89e19af9dec2 admin admin] Action: 'create', calling method: <bound method FlavorsController.create of <nova.api.openstack.compute.flavors.FlavorsController object at 0x7f7478d4db70>>, body: {"flavor": {"name": "ds4G", "OS-FLV-EXT-DATA:ephemeral": 0, "rxtx_factor": 1.0, "os-flavor-access:is_public": true, "vcpus": 4, "disk": 20, "swap": 0, "ram": 4096, "id": "d4"}} {{(pid=70061) _process_stack /opt/stack/nova/nova/api/openstack/wsgi.py:518}}
Aug 26 14:27:18.273458 np0000032586 devstack@n-api.service[70061]: INFO nova.api.openstack.requestlog [None req-bf075ced-3c52-4cd3-8559-89e19af9dec2 admin admin] 192.168.1.130 "POST /compute/v2.1/flavors" status: 200 len: 410 microversion: 2.61 time: 0.029395
Aug 26 14:27:18.273694 np0000032586 devstack@n-api.service[70061]: [pid: 70061|app: 0|req: 9/17] 192.168.1.130 () {72 vars in 1419 bytes} [Tue Aug 26 14:27:18 2025] POST /compute/v2.1/flavors => generated 410 bytes in 30 msecs (HTTP/1.1 200) 9 headers in 359 bytes (1 switches on core 0)
Aug 26 14:27:18.283111 np0000032586 devstack@n-api.service[70060]: DEBUG nova.api.openstack.wsgi [None req-2cd59c42-7661-475e-b539-438581dadca8 admin admin] Action: 'create', calling method: <bound method FlavorExtraSpecsController.create of <nova.api.openstack.compute.flavors_extraspecs.FlavorExtraSpecsController object at 0x7f7478d4eb90>>, body: {"extra_specs": {"hw_rng:allowed": "True"}} {{(pid=70060) _process_stack /opt/stack/nova/nova/api/openstack/wsgi.py:518}}
Aug 26 14:27:18.295062 np0000032586 devstack@n-api.service[70060]: INFO nova.api.openstack.requestlog [None req-2cd59c42-7661-475e-b539-438581dadca8 admin admin] 192.168.1.130 "POST /compute/v2.1/flavors/d4/os-extra_specs" status: 200 len: 43 microversion: 2.61 time: 0.013600
Aug 26 14:27:18.295280 np0000032586 devstack@n-api.service[70060]: [pid: 70060|app: 0|req: 9/18] 192.168.1.130 () {72 vars in 1472 bytes} [Tue Aug 26 14:27:18 2025] POST /compute/v2.1/flavors/d4/os-extra_specs => generated 43 bytes in 14 msecs (HTTP/1.1 200) 9 headers in 358 bytes (1 switches on core 0)
Aug 26 14:27:18.384367 np0000032586 devstack@n-api.service[70061]: DEBUG nova.api.openstack.wsgi [None req-bf075ced-3c52-4cd3-8559-89e19af9dec2 admin admin] Calling method '<bound method VersionsV2.index of <nova.api.openstack.compute.versions.VersionsV2 object at 0x7f747939cb80>>' {{(pid=70061) _process_stack /opt/stack/nova/nova/api/openstack/wsgi.py:520}}
Aug 26 14:27:18.385889 np0000032586 devstack@n-api.service[70061]: INFO nova.api.openstack.requestlog [None req-bf075ced-3c52-4cd3-8559-89e19af9dec2 admin admin] 192.168.1.130 "GET /compute/v2.1" status: 200 len: 391 microversion: 2.1 time: 0.001728
Aug 26 14:27:18.386072 np0000032586 devstack@n-api.service[70061]: [pid: 70061|app: 0|req: 10/19] 192.168.1.130 () {62 vars in 1067 bytes} [Tue Aug 26 14:27:18 2025] GET /compute/v2.1 => generated 391 bytes in 2 msecs (HTTP/1.1 200) 9 headers in 357 bytes (1 switches on core 0)
Aug 26 14:27:18.412147 np0000032586 devstack@n-api.service[70060]: DEBUG nova.api.openstack.wsgi [None req-92875394-ff46-44a7-988f-9a672fd2ecc7 admin admin] Calling method '<bound method FlavorsController.detail of <nova.api.openstack.compute.flavors.FlavorsController object at 0x7f7478d4de70>>' {{(pid=70060) _process_stack /opt/stack/nova/nova/api/openstack/wsgi.py:520}}
Aug 26 14:27:18.423538 np0000032586 devstack@n-api.service[70060]: INFO nova.api.openstack.requestlog [None req-92875394-ff46-44a7-988f-9a672fd2ecc7 admin admin] 192.168.1.130 "GET /compute/v2.1/flavors/detail?is_public=True" status: 200 len: 2136 microversion: 2.61 time: 0.031651
Aug 26 14:27:18.423769 np0000032586 devstack@n-api.service[70060]: [pid: 70060|app: 0|req: 10/20] 192.168.1.130 () {68 vars in 1428 bytes} [Tue Aug 26 14:27:18 2025] GET /compute/v2.1/flavors/detail?is_public=True => generated 2136 bytes in 32 msecs (HTTP/1.1 200) 9 headers in 360 bytes (1 switches on core 0)
Aug 26 14:27:18.512577 np0000032586 devstack@n-api.service[70061]: DEBUG nova.api.openstack.wsgi [None req-bf075ced-3c52-4cd3-8559-89e19af9dec2 admin admin] Calling method '<bound method VersionsV2.index of <nova.api.openstack.compute.versions.VersionsV2 object at 0x7f747939cb80>>' {{(pid=70061) _process_stack /opt/stack/nova/nova/api/openstack/wsgi.py:520}}
Aug 26 14:27:18.514047 np0000032586 devstack@n-api.service[70061]: INFO nova.api.openstack.requestlog [None req-bf075ced-3c52-4cd3-8559-89e19af9dec2 admin admin] 192.168.1.130 "GET /compute/v2.1" status: 200 len: 391 microversion: 2.1 time: 0.001718
Aug 26 14:27:18.514212 np0000032586 devstack@n-api.service[70061]: [pid: 70061|app: 0|req: 11/21] 192.168.1.130 () {62 vars in 1067 bytes} [Tue Aug 26 14:27:18 2025] GET /compute/v2.1 => generated 391 bytes in 2 msecs (HTTP/1.1 200) 9 headers in 357 bytes (1 switches on core 0)
Aug 26 14:27:18.538880 np0000032586 devstack@n-api.service[70060]: DEBUG nova.api.openstack.wsgi [None req-c098c170-938b-4525-a2c1-0be3ecf70a03 admin admin] Action: 'create', calling method: <bound method FlavorsController.create of <nova.api.openstack.compute.flavors.FlavorsController object at 0x7f7478d4d8d0>>, body: {"flavor": {"name": "m1.tiny", "OS-FLV-EXT-DATA:ephemeral": 0, "rxtx_factor": 1.0, "os-flavor-access:is_public": true, "vcpus": 1, "disk": 1, "swap": 0, "ram": 512, "id": "1"}} {{(pid=70060) _process_stack /opt/stack/nova/nova/api/openstack/wsgi.py:518}}
Aug 26 14:27:18.548464 np0000032586 devstack@n-api.service[70060]: INFO nova.api.openstack.requestlog [None req-c098c170-938b-4525-a2c1-0be3ecf70a03 admin admin] 192.168.1.130 "POST /compute/v2.1/flavors" status: 200 len: 408 microversion: 2.61 time: 0.028881
Aug 26 14:27:18.548686 np0000032586 devstack@n-api.service[70060]: [pid: 70060|app: 0|req: 11/22] 192.168.1.130 () {72 vars in 1419 bytes} [Tue Aug 26 14:27:18 2025] POST /compute/v2.1/flavors => generated 408 bytes in 29 msecs (HTTP/1.1 200) 9 headers in 359 bytes (1 switches on core 0)
Aug 26 14:27:18.557234 np0000032586 devstack@n-api.service[70061]: DEBUG nova.api.openstack.wsgi [None req-e769de27-7b84-44c8-ac6a-b0256529b27a admin admin] Action: 'create', calling method: <bound method FlavorExtraSpecsController.create of <nova.api.openstack.compute.flavors_extraspecs.FlavorExtraSpecsController object at 0x7f7478d4ee30>>, body: {"extra_specs": {"hw_rng:allowed": "True"}} {{(pid=70061) _process_stack /opt/stack/nova/nova/api/openstack/wsgi.py:518}}
Aug 26 14:27:18.569081 np0000032586 devstack@n-api.service[70061]: INFO nova.api.openstack.requestlog [None req-e769de27-7b84-44c8-ac6a-b0256529b27a admin admin] 192.168.1.130 "POST /compute/v2.1/flavors/1/os-extra_specs" status: 200 len: 43 microversion: 2.61 time: 0.013512
Aug 26 14:27:18.569309 np0000032586 devstack@n-api.service[70061]: [pid: 70061|app: 0|req: 12/23] 192.168.1.130 () {72 vars in 1469 bytes} [Tue Aug 26 14:27:18 2025] POST /compute/v2.1/flavors/1/os-extra_specs => generated 43 bytes in 14 msecs (HTTP/1.1 200) 9 headers in 358 bytes (1 switches on core 0)
Aug 26 14:27:18.658410 np0000032586 devstack@n-api.service[70060]: DEBUG nova.api.openstack.wsgi [None req-c098c170-938b-4525-a2c1-0be3ecf70a03 admin admin] Calling method '<bound method VersionsV2.index of <nova.api.openstack.compute.versions.VersionsV2 object at 0x7f74793ee0b0>>' {{(pid=70060) _process_stack /opt/stack/nova/nova/api/openstack/wsgi.py:520}}
Aug 26 14:27:18.659928 np0000032586 devstack@n-api.service[70060]: INFO nova.api.openstack.requestlog [None req-c098c170-938b-4525-a2c1-0be3ecf70a03 admin admin] 192.168.1.130 "GET /compute/v2.1" status: 200 len: 391 microversion: 2.1 time: 0.001713
Aug 26 14:27:18.660113 np0000032586 devstack@n-api.service[70060]: [pid: 70060|app: 0|req: 12/24] 192.168.1.130 () {62 vars in 1067 bytes} [Tue Aug 26 14:27:18 2025] GET /compute/v2.1 => generated 391 bytes in 2 msecs (HTTP/1.1 200) 9 headers in 357 bytes (1 switches on core 0)
Aug 26 14:27:18.684775 np0000032586 devstack@n-api.service[70061]: DEBUG nova.api.openstack.wsgi [None req-262a75e1-281f-419e-b7f7-7b941fb413b9 admin admin] Action: 'create', calling method: <bound method FlavorsController.create of <nova.api.openstack.compute.flavors.FlavorsController object at 0x7f7478d4db70>>, body: {"flavor": {"name": "m1.small", "OS-FLV-EXT-DATA:ephemeral": 0, "rxtx_factor": 1.0, "os-flavor-access:is_public": true, "vcpus": 1, "disk": 20, "swap": 0, "ram": 2048, "id": "2"}} {{(pid=70061) _process_stack /opt/stack/nova/nova/api/openstack/wsgi.py:518}}
Aug 26 14:27:18.694135 np0000032586 devstack@n-api.service[70061]: INFO nova.api.openstack.requestlog [None req-262a75e1-281f-419e-b7f7-7b941fb413b9 admin admin] 192.168.1.130 "POST /compute/v2.1/flavors" status: 200 len: 411 microversion: 2.61 time: 0.028435
Aug 26 14:27:18.694357 np0000032586 devstack@n-api.service[70061]: [pid: 70061|app: 0|req: 13/25] 192.168.1.130 () {72 vars in 1419 bytes} [Tue Aug 26 14:27:18 2025] POST /compute/v2.1/flavors => generated 411 bytes in 29 msecs (HTTP/1.1 200) 9 headers in 359 bytes (1 switches on core 0)
Aug 26 14:27:18.703069 np0000032586 devstack@n-api.service[70060]: DEBUG nova.api.openstack.wsgi [None req-16d38975-05d9-4cfe-8daa-c381b30fb1fc admin admin] Action: 'create', calling method: <bound method FlavorExtraSpecsController.create of <nova.api.openstack.compute.flavors_extraspecs.FlavorExtraSpecsController object at 0x7f7478d4eb90>>, body: {"extra_specs": {"hw_rng:allowed": "True"}} {{(pid=70060) _process_stack /opt/stack/nova/nova/api/openstack/wsgi.py:518}}
Aug 26 14:27:18.716766 np0000032586 devstack@n-api.service[70060]: INFO nova.api.openstack.requestlog [None req-16d38975-05d9-4cfe-8daa-c381b30fb1fc admin admin] 192.168.1.130 "POST /compute/v2.1/flavors/2/os-extra_specs" status: 200 len: 43 microversion: 2.61 time: 0.015422
Aug 26 14:27:18.717026 np0000032586 devstack@n-api.service[70060]: [pid: 70060|app: 0|req: 13/26] 192.168.1.130 () {72 vars in 1469 bytes} [Tue Aug 26 14:27:18 2025] POST /compute/v2.1/flavors/2/os-extra_specs => generated 43 bytes in 16 msecs (HTTP/1.1 200) 9 headers in 358 bytes (1 switches on core 0)
Aug 26 14:27:18.807394 np0000032586 devstack@n-api.service[70061]: DEBUG nova.api.openstack.wsgi [None req-262a75e1-281f-419e-b7f7-7b941fb413b9 admin admin] Calling method '<bound method VersionsV2.index of <nova.api.openstack.compute.versions.VersionsV2 object at 0x7f747939cb80>>' {{(pid=70061) _process_stack /opt/stack/nova/nova/api/openstack/wsgi.py:520}}
Aug 26 14:27:18.808944 np0000032586 devstack@n-api.service[70061]: INFO nova.api.openstack.requestlog [None req-262a75e1-281f-419e-b7f7-7b941fb413b9 admin admin] 192.168.1.130 "GET /compute/v2.1" status: 200 len: 391 microversion: 2.1 time: 0.001788
Aug 26 14:27:18.809138 np0000032586 devstack@n-api.service[70061]: [pid: 70061|app: 0|req: 14/27] 192.168.1.130 () {62 vars in 1067 bytes} [Tue Aug 26 14:27:18 2025] GET /compute/v2.1 => generated 391 bytes in 2 msecs (HTTP/1.1 200) 9 headers in 357 bytes (1 switches on core 0)
Aug 26 14:27:18.835377 np0000032586 devstack@n-api.service[70060]: DEBUG nova.api.openstack.wsgi [None req-5c58f652-5b1a-4d75-9050-063855ae0ffa admin admin] Action: 'create', calling method: <bound method FlavorsController.create of <nova.api.openstack.compute.flavors.FlavorsController object at 0x7f7478d4d8d0>>, body: {"flavor": {"name": "m1.medium", "OS-FLV-EXT-DATA:ephemeral": 0, "rxtx_factor": 1.0, "os-flavor-access:is_public": true, "vcpus": 2, "disk": 40, "swap": 0, "ram": 4096, "id": "3"}} {{(pid=70060) _process_stack /opt/stack/nova/nova/api/openstack/wsgi.py:518}}
Aug 26 14:27:18.845787 np0000032586 devstack@n-api.service[70060]: INFO nova.api.openstack.requestlog [None req-5c58f652-5b1a-4d75-9050-063855ae0ffa admin admin] 192.168.1.130 "POST /compute/v2.1/flavors" status: 200 len: 412 microversion: 2.61 time: 0.030385
Aug 26 14:27:18.846134 np0000032586 devstack@n-api.service[70060]: [pid: 70060|app: 0|req: 14/28] 192.168.1.130 () {72 vars in 1419 bytes} [Tue Aug 26 14:27:18 2025] POST /compute/v2.1/flavors => generated 412 bytes in 31 msecs (HTTP/1.1 200) 9 headers in 359 bytes (1 switches on core 0)
Aug 26 14:27:18.856902 np0000032586 devstack@n-api.service[70061]: DEBUG nova.api.openstack.wsgi [None req-1b2fc1c8-cb6f-4b50-94a4-94f8d399de7f admin admin] Action: 'create', calling method: <bound method FlavorExtraSpecsController.create of <nova.api.openstack.compute.flavors_extraspecs.FlavorExtraSpecsController object at 0x7f7478d4ee30>>, body: {"extra_specs": {"hw_rng:allowed": "True"}} {{(pid=70061) _process_stack /opt/stack/nova/nova/api/openstack/wsgi.py:518}}
Aug 26 14:27:18.871045 np0000032586 devstack@n-api.service[70061]: INFO nova.api.openstack.requestlog [None req-1b2fc1c8-cb6f-4b50-94a4-94f8d399de7f admin admin] 192.168.1.130 "POST /compute/v2.1/flavors/3/os-extra_specs" status: 200 len: 43 microversion: 2.61 time: 0.015870
Aug 26 14:27:18.871477 np0000032586 devstack@n-api.service[70061]: [pid: 70061|app: 0|req: 15/29] 192.168.1.130 () {72 vars in 1469 bytes} [Tue Aug 26 14:27:18 2025] POST /compute/v2.1/flavors/3/os-extra_specs => generated 43 bytes in 16 msecs (HTTP/1.1 200) 9 headers in 358 bytes (1 switches on core 0)
Aug 26 14:27:18.972086 np0000032586 devstack@n-api.service[70060]: DEBUG nova.api.openstack.wsgi [None req-5c58f652-5b1a-4d75-9050-063855ae0ffa admin admin] Calling method '<bound method VersionsV2.index of <nova.api.openstack.compute.versions.VersionsV2 object at 0x7f74793ee0b0>>' {{(pid=70060) _process_stack /opt/stack/nova/nova/api/openstack/wsgi.py:520}}
Aug 26 14:27:18.973613 np0000032586 devstack@n-api.service[70060]: INFO nova.api.openstack.requestlog [None req-5c58f652-5b1a-4d75-9050-063855ae0ffa admin admin] 192.168.1.130 "GET /compute/v2.1" status: 200 len: 391 microversion: 2.1 time: 0.001740
Aug 26 14:27:18.973781 np0000032586 devstack@n-api.service[70060]: [pid: 70060|app: 0|req: 15/30] 192.168.1.130 () {62 vars in 1067 bytes} [Tue Aug 26 14:27:18 2025] GET /compute/v2.1 => generated 391 bytes in 2 msecs (HTTP/1.1 200) 9 headers in 357 bytes (1 switches on core 0)
Aug 26 14:27:19.004435 np0000032586 devstack@n-api.service[70061]: DEBUG nova.api.openstack.wsgi [None req-17b1b30c-cfe9-42a4-a328-310ba73254ac admin admin] Action: 'create', calling method: <bound method FlavorsController.create of <nova.api.openstack.compute.flavors.FlavorsController object at 0x7f7478d4db70>>, body: {"flavor": {"name": "m1.large", "OS-FLV-EXT-DATA:ephemeral": 0, "rxtx_factor": 1.0, "os-flavor-access:is_public": true, "vcpus": 4, "disk": 80, "swap": 0, "ram": 8192, "id": "4"}} {{(pid=70061) _process_stack /opt/stack/nova/nova/api/openstack/wsgi.py:518}}
Aug 26 14:27:19.016479 np0000032586 devstack@n-api.service[70061]: INFO nova.api.openstack.requestlog [None req-17b1b30c-cfe9-42a4-a328-310ba73254ac admin admin] 192.168.1.130 "POST /compute/v2.1/flavors" status: 200 len: 411 microversion: 2.61 time: 0.036739
Aug 26 14:27:19.016721 np0000032586 devstack@n-api.service[70061]: [pid: 70061|app: 0|req: 16/31] 192.168.1.130 () {72 vars in 1419 bytes} [Tue Aug 26 14:27:18 2025] POST /compute/v2.1/flavors => generated 411 bytes in 37 msecs (HTTP/1.1 200) 9 headers in 359 bytes (1 switches on core 0)
Aug 26 14:27:19.025850 np0000032586 devstack@n-api.service[70060]: DEBUG nova.api.openstack.wsgi [None req-efac11bd-0efa-4d71-a839-b39b7831ed1c admin admin] Action: 'create', calling method: <bound method FlavorExtraSpecsController.create of <nova.api.openstack.compute.flavors_extraspecs.FlavorExtraSpecsController object at 0x7f7478d4eb90>>, body: {"extra_specs": {"hw_rng:allowed": "True"}} {{(pid=70060) _process_stack /opt/stack/nova/nova/api/openstack/wsgi.py:518}}
Aug 26 14:27:19.038732 np0000032586 devstack@n-api.service[70060]: INFO nova.api.openstack.requestlog [None req-efac11bd-0efa-4d71-a839-b39b7831ed1c admin admin] 192.168.1.130 "POST /compute/v2.1/flavors/4/os-extra_specs" status: 200 len: 43 microversion: 2.61 time: 0.014590
Aug 26 14:27:19.038992 np0000032586 devstack@n-api.service[70060]: [pid: 70060|app: 0|req: 16/32] 192.168.1.130 () {72 vars in 1469 bytes} [Tue Aug 26 14:27:19 2025] POST /compute/v2.1/flavors/4/os-extra_specs => generated 43 bytes in 15 msecs (HTTP/1.1 200) 9 headers in 358 bytes (1 switches on core 0)
Aug 26 14:27:19.141665 np0000032586 devstack@n-api.service[70061]: DEBUG nova.api.openstack.wsgi [None req-17b1b30c-cfe9-42a4-a328-310ba73254ac admin admin] Calling method '<bound method VersionsV2.index of <nova.api.openstack.compute.versions.VersionsV2 object at 0x7f747939cb80>>' {{(pid=70061) _process_stack /opt/stack/nova/nova/api/openstack/wsgi.py:520}}
Aug 26 14:27:19.143189 np0000032586 devstack@n-api.service[70061]: INFO nova.api.openstack.requestlog [None req-17b1b30c-cfe9-42a4-a328-310ba73254ac admin admin] 192.168.1.130 "GET /compute/v2.1" status: 200 len: 391 microversion: 2.1 time: 0.001700
Aug 26 14:27:19.143374 np0000032586 devstack@n-api.service[70061]: [pid: 70061|app: 0|req: 17/33] 192.168.1.130 () {62 vars in 1067 bytes} [Tue Aug 26 14:27:19 2025] GET /compute/v2.1 => generated 391 bytes in 2 msecs (HTTP/1.1 200) 9 headers in 357 bytes (1 switches on core 0)
Aug 26 14:27:19.188138 np0000032586 devstack@n-api.service[70060]: DEBUG nova.api.openstack.wsgi [None req-cd084008-bc06-4e58-9420-8e05be1131e1 admin admin] Action: 'create', calling method: <bound method FlavorsController.create of <nova.api.openstack.compute.flavors.FlavorsController object at 0x7f7478d4d8d0>>, body: {"flavor": {"name": "m1.xlarge", "OS-FLV-EXT-DATA:ephemeral": 0, "rxtx_factor": 1.0, "os-flavor-access:is_public": true, "vcpus": 8, "disk": 160, "swap": 0, "ram": 16384, "id": "5"}} {{(pid=70060) _process_stack /opt/stack/nova/nova/api/openstack/wsgi.py:518}}
Aug 26 14:27:19.198751 np0000032586 devstack@n-api.service[70060]: INFO nova.api.openstack.requestlog [None req-cd084008-bc06-4e58-9420-8e05be1131e1 admin admin] 192.168.1.130 "POST /compute/v2.1/flavors" status: 200 len: 414 microversion: 2.61 time: 0.049781
Aug 26 14:27:19.199020 np0000032586 devstack@n-api.service[70060]: [pid: 70060|app: 0|req: 17/34] 192.168.1.130 () {72 vars in 1419 bytes} [Tue Aug 26 14:27:19 2025] POST /compute/v2.1/flavors => generated 414 bytes in 50 msecs (HTTP/1.1 200) 9 headers in 359 bytes (1 switches on core 0)
Aug 26 14:27:19.208725 np0000032586 devstack@n-api.service[70061]: DEBUG nova.api.openstack.wsgi [None req-d5dc73f0-8d06-4849-a631-a32e085144a0 admin admin] Action: 'create', calling method: <bound method FlavorExtraSpecsController.create of <nova.api.openstack.compute.flavors_extraspecs.FlavorExtraSpecsController object at 0x7f7478d4ee30>>, body: {"extra_specs": {"hw_rng:allowed": "True"}} {{(pid=70061) _process_stack /opt/stack/nova/nova/api/openstack/wsgi.py:518}}
Aug 26 14:27:19.222300 np0000032586 devstack@n-api.service[70061]: INFO nova.api.openstack.requestlog [None req-d5dc73f0-8d06-4849-a631-a32e085144a0 admin admin] 192.168.1.130 "POST /compute/v2.1/flavors/5/os-extra_specs" status: 200 len: 43 microversion: 2.61 time: 0.015370
Aug 26 14:27:19.222552 np0000032586 devstack@n-api.service[70061]: [pid: 70061|app: 0|req: 18/35] 192.168.1.130 () {72 vars in 1469 bytes} [Tue Aug 26 14:27:19 2025] POST /compute/v2.1/flavors/5/os-extra_specs => generated 43 bytes in 16 msecs (HTTP/1.1 200) 9 headers in 358 bytes (1 switches on core 0)
Aug 26 14:27:23.702592 np0000032586 devstack@n-api.service[70060]: DEBUG nova.api.openstack.wsgi [None req-cd084008-bc06-4e58-9420-8e05be1131e1 admin admin] Calling method '<bound method VersionsV2.index of <nova.api.openstack.compute.versions.VersionsV2 object at 0x7f74793ee0b0>>' {{(pid=70060) _process_stack /opt/stack/nova/nova/api/openstack/wsgi.py:520}}
Aug 26 14:27:23.704211 np0000032586 devstack@n-api.service[70060]: INFO nova.api.openstack.requestlog [None req-cd084008-bc06-4e58-9420-8e05be1131e1 admin admin] 192.168.1.130 "GET /compute/v2.1" status: 200 len: 391 microversion: 2.1 time: 0.001829
Aug 26 14:27:23.704386 np0000032586 devstack@n-api.service[70060]: [pid: 70060|app: 0|req: 18/36] 192.168.1.130 () {62 vars in 1067 bytes} [Tue Aug 26 14:27:23 2025] GET /compute/v2.1 => generated 391 bytes in 2 msecs (HTTP/1.1 200) 9 headers in 357 bytes (1 switches on core 0)
Aug 26 14:27:23.729502 np0000032586 devstack@n-api.service[70061]: DEBUG nova.api.openstack.wsgi [None req-078d1112-9eb3-46af-8ef1-9b4ccec2db76 admin admin] Calling method '<bound method FlavorsController.detail of <nova.api.openstack.compute.flavors.FlavorsController object at 0x7f7478d4e110>>' {{(pid=70061) _process_stack /opt/stack/nova/nova/api/openstack/wsgi.py:520}}
Aug 26 14:27:23.737720 np0000032586 devstack@n-api.service[70061]: INFO nova.api.openstack.requestlog [None req-078d1112-9eb3-46af-8ef1-9b4ccec2db76 admin admin] 192.168.1.130 "GET /compute/v2.1/flavors/detail?is_public=True" status: 200 len: 4262 microversion: 2.61 time: 0.027707
Aug 26 14:27:23.737951 np0000032586 devstack@n-api.service[70061]: [pid: 70061|app: 0|req: 19/37] 192.168.1.130 () {68 vars in 1428 bytes} [Tue Aug 26 14:27:23 2025] GET /compute/v2.1/flavors/detail?is_public=True => generated 4262 bytes in 28 msecs (HTTP/1.1 200) 9 headers in 360 bytes (1 switches on core 0)
Aug 26 14:27:23.855646 np0000032586 devstack@n-api.service[70060]: DEBUG nova.api.openstack.wsgi [None req-cd084008-bc06-4e58-9420-8e05be1131e1 admin admin] Calling method '<bound method VersionsV2.index of <nova.api.openstack.compute.versions.VersionsV2 object at 0x7f74793ee0b0>>' {{(pid=70060) _process_stack /opt/stack/nova/nova/api/openstack/wsgi.py:520}}
Aug 26 14:27:23.857341 np0000032586 devstack@n-api.service[70060]: INFO nova.api.openstack.requestlog [None req-cd084008-bc06-4e58-9420-8e05be1131e1 admin admin] 192.168.1.130 "GET /compute/v2.1" status: 200 len: 391 microversion: 2.1 time: 0.001865
Aug 26 14:27:23.857599 np0000032586 devstack@n-api.service[70060]: [pid: 70060|app: 0|req: 19/38] 192.168.1.130 () {62 vars in 1067 bytes} [Tue Aug 26 14:27:23 2025] GET /compute/v2.1 => generated 391 bytes in 2 msecs (HTTP/1.1 200) 9 headers in 357 bytes (1 switches on core 0)
Aug 26 14:27:23.885647 np0000032586 devstack@n-api.service[70061]: DEBUG nova.api.openstack.wsgi [None req-1e0f893b-1298-44a6-9391-1a0111f00cef admin admin] Action: 'create', calling method: <bound method FlavorsController.create of <nova.api.openstack.compute.flavors.FlavorsController object at 0x7f7478d4db70>>, body: {"flavor": {"name": "manila-service-flavor", "OS-FLV-EXT-DATA:ephemeral": 0, "rxtx_factor": 1.0, "os-flavor-access:is_public": true, "vcpus": 1, "disk": 5, "swap": 0, "ram": 1024, "id": "100"}} {{(pid=70061) _process_stack /opt/stack/nova/nova/api/openstack/wsgi.py:518}}
Aug 26 14:27:23.897309 np0000032586 devstack@n-api.service[70061]: INFO nova.api.openstack.requestlog [None req-1e0f893b-1298-44a6-9391-1a0111f00cef admin admin] 192.168.1.130 "POST /compute/v2.1/flavors" status: 200 len: 429 microversion: 2.61 time: 0.033738
Aug 26 14:27:23.897542 np0000032586 devstack@n-api.service[70061]: [pid: 70061|app: 0|req: 20/39] 192.168.1.130 () {72 vars in 1419 bytes} [Tue Aug 26 14:27:23 2025] POST /compute/v2.1/flavors => generated 429 bytes in 34 msecs (HTTP/1.1 200) 9 headers in 359 bytes (1 switches on core 0)
Aug 26 14:27:52.207281 np0000032586 devstack@n-api.service[70060]: DEBUG nova.api.openstack.wsgi [None req-cd084008-bc06-4e58-9420-8e05be1131e1 admin admin] Calling method '<bound method VersionsV2.index of <nova.api.openstack.compute.versions.VersionsV2 object at 0x7f74793ee0b0>>' {{(pid=70060) _process_stack /opt/stack/nova/nova/api/openstack/wsgi.py:520}}
Aug 26 14:27:52.208856 np0000032586 devstack@n-api.service[70060]: INFO nova.api.openstack.requestlog [None req-cd084008-bc06-4e58-9420-8e05be1131e1 admin admin] 192.168.1.130 "GET /compute/v2.1" status: 200 len: 391 microversion: 2.1 time: 0.001825
Aug 26 14:27:52.209119 np0000032586 devstack@n-api.service[70060]: [pid: 70060|app: 0|req: 20/40] 192.168.1.130 () {62 vars in 1067 bytes} [Tue Aug 26 14:27:52 2025] GET /compute/v2.1 => generated 391 bytes in 3 msecs (HTTP/1.1 200) 9 headers in 357 bytes (1 switches on core 0)
Aug 26 14:27:52.217187 np0000032586 devstack@n-api.service[70061]: DEBUG dbcounter [-] [70061] Writing DB stats nova_api:SELECT=23,nova_api:INSERT=11,nova_api:SAVEPOINT=5,nova_api:RELEASE=5 {{(pid=70061) stat_writer /opt/stack/data/venv/lib/python3.10/site-packages/dbcounter.py:115}}
Aug 26 14:27:52.236419 np0000032586 devstack@n-api.service[70061]: DEBUG nova.api.openstack.wsgi [None req-32f5c6f8-97c7-4f02-9a0c-b16edad176e8 admin admin] Calling method '<function Controller.__getattribute__.<locals>.version_select at 0x7f74788ade10>' {{(pid=70061) _process_stack /opt/stack/nova/nova/api/openstack/wsgi.py:520}}
Aug 26 14:27:52.238447 np0000032586 devstack@n-api.service[70061]: WARNING oslo_db.sqlalchemy.utils [None req-32f5c6f8-97c7-4f02-9a0c-b16edad176e8 admin admin] Unique keys not in sort_keys. The sorting order may be unstable.
Aug 26 14:27:52.244411 np0000032586 devstack@n-api.service[70061]: INFO nova.api.openstack.requestlog [None req-32f5c6f8-97c7-4f02-9a0c-b16edad176e8 admin admin] 192.168.1.130 "GET /compute/v2.1/os-keypairs" status: 200 len: 16 microversion: 2.10 time: 0.029363
