Aug 26 14:30:31.281245 np0000032582 devstack@n-api.service[69383]: DEBUG nova.api.openstack.wsgi_app [-] oslo_messaging_rabbit.rabbit_stream_fanout = False {{(pid=69383) log_opt_values /opt/stack/data/venv/lib/python3.12/site-packages/oslo_config/cfg.py:2824}}
Aug 26 14:30:31.281366 np0000032582 devstack@n-api.service[69383]: DEBUG nova.api.openstack.wsgi_app [-] oslo_messaging_rabbit.rabbit_transient_queues_ttl = 1800 {{(pid=69383) log_opt_values /opt/stack/data/venv/lib/python3.12/site-packages/oslo_config/cfg.py:2824}}
Aug 26 14:30:31.281487 np0000032582 devstack@n-api.service[69383]: DEBUG nova.api.openstack.wsgi_app [-] oslo_messaging_rabbit.rabbit_transient_quorum_queue = False {{(pid=69383) log_opt_values /opt/stack/data/venv/lib/python3.12/site-packages/oslo_config/cfg.py:2824}}
Aug 26 14:30:31.281607 np0000032582 devstack@n-api.service[69383]: DEBUG nova.api.openstack.wsgi_app [-] oslo_messaging_rabbit.rpc_conn_pool_size = 30 {{(pid=69383) log_opt_values /opt/stack/data/venv/lib/python3.12/site-packages/oslo_config/cfg.py:2824}}
Aug 26 14:30:31.281731 np0000032582 devstack@n-api.service[69383]: DEBUG nova.api.openstack.wsgi_app [-] oslo_messaging_rabbit.ssl      = False {{(pid=69383) log_opt_values /opt/stack/data/venv/lib/python3.12/site-packages/oslo_config/cfg.py:2824}}
Aug 26 14:30:31.282146 np0000032582 devstack@n-api.service[69383]: DEBUG nova.api.openstack.wsgi_app [-] oslo_messaging_rabbit.ssl_ca_file =  {{(pid=69383) log_opt_values /opt/stack/data/venv/lib/python3.12/site-packages/oslo_config/cfg.py:2824}}
Aug 26 14:30:31.282146 np0000032582 devstack@n-api.service[69383]: DEBUG nova.api.openstack.wsgi_app [-] oslo_messaging_rabbit.ssl_cert_file =  {{(pid=69383) log_opt_values /opt/stack/data/venv/lib/python3.12/site-packages/oslo_config/cfg.py:2824}}
Aug 26 14:30:31.282146 np0000032582 devstack@n-api.service[69383]: DEBUG nova.api.openstack.wsgi_app [-] oslo_messaging_rabbit.ssl_enforce_fips_mode = False {{(pid=69383) log_opt_values /opt/stack/data/venv/lib/python3.12/site-packages/oslo_config/cfg.py:2824}}
Aug 26 14:30:31.282146 np0000032582 devstack@n-api.service[69383]: DEBUG nova.api.openstack.wsgi_app [-] oslo_messaging_rabbit.ssl_key_file =  {{(pid=69383) log_opt_values /opt/stack/data/venv/lib/python3.12/site-packages/oslo_config/cfg.py:2824}}
Aug 26 14:30:31.282287 np0000032582 devstack@n-api.service[69383]: DEBUG nova.api.openstack.wsgi_app [-] oslo_messaging_rabbit.ssl_version =  {{(pid=69383) log_opt_values /opt/stack/data/venv/lib/python3.12/site-packages/oslo_config/cfg.py:2824}}
Aug 26 14:30:31.282380 np0000032582 devstack@n-api.service[69383]: DEBUG nova.api.openstack.wsgi_app [-] oslo_messaging_rabbit.use_queue_manager = False {{(pid=69383) log_opt_values /opt/stack/data/venv/lib/python3.12/site-packages/oslo_config/cfg.py:2824}}
Aug 26 14:30:31.282507 np0000032582 devstack@n-api.service[69383]: DEBUG nova.api.openstack.wsgi_app [-] oslo_messaging_notifications.driver = ['messagingv2'] {{(pid=69383) log_opt_values /opt/stack/data/venv/lib/python3.12/site-packages/oslo_config/cfg.py:2824}}
Aug 26 14:30:31.282625 np0000032582 devstack@n-api.service[69383]: DEBUG nova.api.openstack.wsgi_app [-] oslo_messaging_notifications.retry = -1 {{(pid=69383) log_opt_values /opt/stack/data/venv/lib/python3.12/site-packages/oslo_config/cfg.py:2824}}
Aug 26 14:30:31.282762 np0000032582 devstack@n-api.service[69383]: DEBUG nova.api.openstack.wsgi_app [-] oslo_messaging_notifications.topics = ['notifications'] {{(pid=69383) log_opt_values /opt/stack/data/venv/lib/python3.12/site-packages/oslo_config/cfg.py:2824}}
Aug 26 14:30:31.282899 np0000032582 devstack@n-api.service[69383]: DEBUG nova.api.openstack.wsgi_app [-] oslo_messaging_notifications.transport_url = **** {{(pid=69383) log_opt_values /opt/stack/data/venv/lib/python3.12/site-packages/oslo_config/cfg.py:2824}}
Aug 26 14:30:31.284852 np0000032582 devstack@n-api.service[69383]: DEBUG nova.api.openstack.wsgi_app [-] oslo_reports.file_event_handler = None {{(pid=69383) log_opt_values /opt/stack/data/venv/lib/python3.12/site-packages/oslo_config/cfg.py:2824}}
Aug 26 14:30:31.284852 np0000032582 devstack@n-api.service[69383]: DEBUG nova.api.openstack.wsgi_app [-] oslo_reports.file_event_handler_interval = 1 {{(pid=69383) log_opt_values /opt/stack/data/venv/lib/python3.12/site-packages/oslo_config/cfg.py:2824}}
Aug 26 14:30:31.284852 np0000032582 devstack@n-api.service[69383]: DEBUG nova.api.openstack.wsgi_app [-] oslo_reports.log_dir           = None {{(pid=69383) log_opt_values /opt/stack/data/venv/lib/python3.12/site-packages/oslo_config/cfg.py:2824}}
Aug 26 14:30:31.284852 np0000032582 devstack@n-api.service[69383]: DEBUG nova.api.openstack.wsgi_app [-] ******************************************************************************** {{(pid=69383) log_opt_values /opt/stack/data/venv/lib/python3.12/site-packages/oslo_config/cfg.py:2828}}
Aug 26 14:30:31.285176 np0000032582 devstack@n-api.service[69382]: DEBUG oslo_db.sqlalchemy.engines [None req-83ac2553-c838-4840-b347-0380a48ac319 None None] MySQL server mode set to STRICT_TRANS_TABLES,STRICT_ALL_TABLES,NO_ZERO_IN_DATE,NO_ZERO_DATE,ERROR_FOR_DIVISION_BY_ZERO,TRADITIONAL,NO_ENGINE_SUBSTITUTION {{(pid=69382) _check_effective_sql_mode /opt/stack/data/venv/lib/python3.12/site-packages/oslo_db/sqlalchemy/engines.py:397}}
Aug 26 14:30:31.307885 np0000032582 devstack@n-api.service[69382]: DEBUG dbcounter [-] [69382] Writer thread running {{(pid=69382) stat_writer /opt/stack/data/venv/lib/python3.12/site-packages/dbcounter.py:102}}
Aug 26 14:30:31.309572 np0000032582 devstack@n-api.service[69382]: DEBUG nova.context [None req-83ac2553-c838-4840-b347-0380a48ac319 None None] Found 2 cells: 00000000-0000-0000-0000-000000000000(cell0),4cc49a2d-34ce-4e1b-aede-b497d0196902(cell1) {{(pid=69382) load_cells /opt/stack/nova/nova/context.py:464}}
Aug 26 14:30:31.311027 np0000032582 devstack@n-api.service[69382]: DEBUG oslo_concurrency.lockutils [None req-83ac2553-c838-4840-b347-0380a48ac319 None None] Acquiring lock "00000000-0000-0000-0000-000000000000" by "nova.context.set_target_cell.<locals>.get_or_set_cached_cell_and_set_connections" {{(pid=69382) inner /opt/stack/data/venv/lib/python3.12/site-packages/oslo_concurrency/lockutils.py:405}}
Aug 26 14:30:31.311215 np0000032582 devstack@n-api.service[69382]: DEBUG oslo_concurrency.lockutils [None req-83ac2553-c838-4840-b347-0380a48ac319 None None] Lock "00000000-0000-0000-0000-000000000000" acquired by "nova.context.set_target_cell.<locals>.get_or_set_cached_cell_and_set_connections" :: waited 0.000s {{(pid=69382) inner /opt/stack/data/venv/lib/python3.12/site-packages/oslo_concurrency/lockutils.py:410}}
Aug 26 14:30:31.311551 np0000032582 devstack@n-api.service[69382]: DEBUG oslo_concurrency.lockutils [None req-83ac2553-c838-4840-b347-0380a48ac319 None None] Lock "00000000-0000-0000-0000-000000000000" "released" by "nova.context.set_target_cell.<locals>.get_or_set_cached_cell_and_set_connections" :: held 0.000s {{(pid=69382) inner /opt/stack/data/venv/lib/python3.12/site-packages/oslo_concurrency/lockutils.py:424}}
Aug 26 14:30:31.311902 np0000032582 devstack@n-api.service[69382]: DEBUG oslo_concurrency.lockutils [None req-83ac2553-c838-4840-b347-0380a48ac319 None None] Acquiring lock "4cc49a2d-34ce-4e1b-aede-b497d0196902" by "nova.context.set_target_cell.<locals>.get_or_set_cached_cell_and_set_connections" {{(pid=69382) inner /opt/stack/data/venv/lib/python3.12/site-packages/oslo_concurrency/lockutils.py:405}}
Aug 26 14:30:31.312042 np0000032582 devstack@n-api.service[69382]: DEBUG oslo_concurrency.lockutils [None req-83ac2553-c838-4840-b347-0380a48ac319 None None] Lock "4cc49a2d-34ce-4e1b-aede-b497d0196902" acquired by "nova.context.set_target_cell.<locals>.get_or_set_cached_cell_and_set_connections" :: waited 0.000s {{(pid=69382) inner /opt/stack/data/venv/lib/python3.12/site-packages/oslo_concurrency/lockutils.py:410}}
Aug 26 14:30:31.312735 np0000032582 devstack@n-api.service[69382]: DEBUG oslo_concurrency.lockutils [None req-83ac2553-c838-4840-b347-0380a48ac319 None None] Lock "4cc49a2d-34ce-4e1b-aede-b497d0196902" "released" by "nova.context.set_target_cell.<locals>.get_or_set_cached_cell_and_set_connections" :: held 0.001s {{(pid=69382) inner /opt/stack/data/venv/lib/python3.12/site-packages/oslo_concurrency/lockutils.py:424}}
Aug 26 14:30:31.312782 np0000032582 devstack@n-api.service[69383]: INFO dbcounter [None req-1b1e70f4-d6d1-441b-9c3d-28e150332a75 None None] Registered counter for database nova_api
Aug 26 14:30:31.313752 np0000032582 devstack@n-api.service[69382]: INFO dbcounter [None req-83ac2553-c838-4840-b347-0380a48ac319 None None] Registered counter for database nova_cell0
Aug 26 14:30:31.316433 np0000032582 devstack@n-api.service[69382]: INFO dbcounter [None req-83ac2553-c838-4840-b347-0380a48ac319 None None] Registered counter for database nova_cell1
Aug 26 14:30:31.319321 np0000032582 devstack@n-api.service[69382]: DEBUG oslo_db.sqlalchemy.engines [None req-83ac2553-c838-4840-b347-0380a48ac319 None None] MySQL server mode set to STRICT_TRANS_TABLES,STRICT_ALL_TABLES,NO_ZERO_IN_DATE,NO_ZERO_DATE,ERROR_FOR_DIVISION_BY_ZERO,TRADITIONAL,NO_ENGINE_SUBSTITUTION {{(pid=69382) _check_effective_sql_mode /opt/stack/data/venv/lib/python3.12/site-packages/oslo_db/sqlalchemy/engines.py:397}}
Aug 26 14:30:31.320117 np0000032582 devstack@n-api.service[69382]: DEBUG oslo_db.sqlalchemy.engines [None req-83ac2553-c838-4840-b347-0380a48ac319 None None] MySQL server mode set to STRICT_TRANS_TABLES,STRICT_ALL_TABLES,NO_ZERO_IN_DATE,NO_ZERO_DATE,ERROR_FOR_DIVISION_BY_ZERO,TRADITIONAL,NO_ENGINE_SUBSTITUTION {{(pid=69382) _check_effective_sql_mode /opt/stack/data/venv/lib/python3.12/site-packages/oslo_db/sqlalchemy/engines.py:397}}
Aug 26 14:30:31.323868 np0000032582 devstack@n-api.service[69383]: DEBUG oslo_db.sqlalchemy.engines [None req-1b1e70f4-d6d1-441b-9c3d-28e150332a75 None None] MySQL server mode set to STRICT_TRANS_TABLES,STRICT_ALL_TABLES,NO_ZERO_IN_DATE,NO_ZERO_DATE,ERROR_FOR_DIVISION_BY_ZERO,TRADITIONAL,NO_ENGINE_SUBSTITUTION {{(pid=69383) _check_effective_sql_mode /opt/stack/data/venv/lib/python3.12/site-packages/oslo_db/sqlalchemy/engines.py:397}}
Aug 26 14:30:31.346619 np0000032582 devstack@n-api.service[69383]: DEBUG dbcounter [-] [69383] Writer thread running {{(pid=69383) stat_writer /opt/stack/data/venv/lib/python3.12/site-packages/dbcounter.py:102}}
Aug 26 14:30:31.348472 np0000032582 devstack@n-api.service[69383]: DEBUG nova.context [None req-1b1e70f4-d6d1-441b-9c3d-28e150332a75 None None] Found 2 cells: 00000000-0000-0000-0000-000000000000(cell0),4cc49a2d-34ce-4e1b-aede-b497d0196902(cell1) {{(pid=69383) load_cells /opt/stack/nova/nova/context.py:464}}
Aug 26 14:30:31.349995 np0000032582 devstack@n-api.service[69383]: DEBUG oslo_concurrency.lockutils [None req-1b1e70f4-d6d1-441b-9c3d-28e150332a75 None None] Acquiring lock "00000000-0000-0000-0000-000000000000" by "nova.context.set_target_cell.<locals>.get_or_set_cached_cell_and_set_connections" {{(pid=69383) inner /opt/stack/data/venv/lib/python3.12/site-packages/oslo_concurrency/lockutils.py:405}}
Aug 26 14:30:31.350219 np0000032582 devstack@n-api.service[69383]: DEBUG oslo_concurrency.lockutils [None req-1b1e70f4-d6d1-441b-9c3d-28e150332a75 None None] Lock "00000000-0000-0000-0000-000000000000" acquired by "nova.context.set_target_cell.<locals>.get_or_set_cached_cell_and_set_connections" :: waited 0.000s {{(pid=69383) inner /opt/stack/data/venv/lib/python3.12/site-packages/oslo_concurrency/lockutils.py:410}}
Aug 26 14:30:31.350585 np0000032582 devstack@n-api.service[69383]: DEBUG oslo_concurrency.lockutils [None req-1b1e70f4-d6d1-441b-9c3d-28e150332a75 None None] Lock "00000000-0000-0000-0000-000000000000" "released" by "nova.context.set_target_cell.<locals>.get_or_set_cached_cell_and_set_connections" :: held 0.000s {{(pid=69383) inner /opt/stack/data/venv/lib/python3.12/site-packages/oslo_concurrency/lockutils.py:424}}
Aug 26 14:30:31.350959 np0000032582 devstack@n-api.service[69383]: DEBUG oslo_concurrency.lockutils [None req-1b1e70f4-d6d1-441b-9c3d-28e150332a75 None None] Acquiring lock "4cc49a2d-34ce-4e1b-aede-b497d0196902" by "nova.context.set_target_cell.<locals>.get_or_set_cached_cell_and_set_connections" {{(pid=69383) inner /opt/stack/data/venv/lib/python3.12/site-packages/oslo_concurrency/lockutils.py:405}}
Aug 26 14:30:31.351129 np0000032582 devstack@n-api.service[69383]: DEBUG oslo_concurrency.lockutils [None req-1b1e70f4-d6d1-441b-9c3d-28e150332a75 None None] Lock "4cc49a2d-34ce-4e1b-aede-b497d0196902" acquired by "nova.context.set_target_cell.<locals>.get_or_set_cached_cell_and_set_connections" :: waited 0.000s {{(pid=69383) inner /opt/stack/data/venv/lib/python3.12/site-packages/oslo_concurrency/lockutils.py:410}}
Aug 26 14:30:31.351871 np0000032582 devstack@n-api.service[69383]: DEBUG oslo_concurrency.lockutils [None req-1b1e70f4-d6d1-441b-9c3d-28e150332a75 None None] Lock "4cc49a2d-34ce-4e1b-aede-b497d0196902" "released" by "nova.context.set_target_cell.<locals>.get_or_set_cached_cell_and_set_connections" :: held 0.001s {{(pid=69383) inner /opt/stack/data/venv/lib/python3.12/site-packages/oslo_concurrency/lockutils.py:424}}
Aug 26 14:30:31.352912 np0000032582 devstack@n-api.service[69383]: INFO dbcounter [None req-1b1e70f4-d6d1-441b-9c3d-28e150332a75 None None] Registered counter for database nova_cell0
Aug 26 14:30:31.355549 np0000032582 devstack@n-api.service[69383]: INFO dbcounter [None req-1b1e70f4-d6d1-441b-9c3d-28e150332a75 None None] Registered counter for database nova_cell1
Aug 26 14:30:31.359548 np0000032582 devstack@n-api.service[69383]: DEBUG oslo_db.sqlalchemy.engines [None req-1b1e70f4-d6d1-441b-9c3d-28e150332a75 None None] MySQL server mode set to STRICT_TRANS_TABLES,STRICT_ALL_TABLES,NO_ZERO_IN_DATE,NO_ZERO_DATE,ERROR_FOR_DIVISION_BY_ZERO,TRADITIONAL,NO_ENGINE_SUBSTITUTION {{(pid=69383) _check_effective_sql_mode /opt/stack/data/venv/lib/python3.12/site-packages/oslo_db/sqlalchemy/engines.py:397}}
Aug 26 14:30:31.380754 np0000032582 devstack@n-api.service[69382]: DEBUG dbcounter [-] [69382] Writer thread running {{(pid=69382) stat_writer /opt/stack/data/venv/lib/python3.12/site-packages/dbcounter.py:102}}
Aug 26 14:30:31.383668 np0000032582 devstack@n-api.service[69382]: DEBUG dbcounter [-] [69382] Writer thread running {{(pid=69382) stat_writer /opt/stack/data/venv/lib/python3.12/site-packages/dbcounter.py:102}}
Aug 26 14:30:31.385519 np0000032582 devstack@n-api.service[69382]: INFO dbcounter [None req-83ac2553-c838-4840-b347-0380a48ac319 None None] Registered counter for database nova_cell0
Aug 26 14:30:31.390939 np0000032582 devstack@n-api.service[69382]: DEBUG oslo_db.sqlalchemy.engines [None req-83ac2553-c838-4840-b347-0380a48ac319 None None] MySQL server mode set to STRICT_TRANS_TABLES,STRICT_ALL_TABLES,NO_ZERO_IN_DATE,NO_ZERO_DATE,ERROR_FOR_DIVISION_BY_ZERO,TRADITIONAL,NO_ENGINE_SUBSTITUTION {{(pid=69382) _check_effective_sql_mode /opt/stack/data/venv/lib/python3.12/site-packages/oslo_db/sqlalchemy/engines.py:397}}
Aug 26 14:30:31.394710 np0000032582 devstack@n-api.service[69382]: DEBUG dbcounter [-] [69382] Writer thread running {{(pid=69382) stat_writer /opt/stack/data/venv/lib/python3.12/site-packages/dbcounter.py:102}}
Aug 26 14:30:31.424219 np0000032582 devstack@n-api.service[69383]: DEBUG oslo_db.sqlalchemy.engines [None req-1b1e70f4-d6d1-441b-9c3d-28e150332a75 None None] MySQL server mode set to STRICT_TRANS_TABLES,STRICT_ALL_TABLES,NO_ZERO_IN_DATE,NO_ZERO_DATE,ERROR_FOR_DIVISION_BY_ZERO,TRADITIONAL,NO_ENGINE_SUBSTITUTION {{(pid=69383) _check_effective_sql_mode /opt/stack/data/venv/lib/python3.12/site-packages/oslo_db/sqlalchemy/engines.py:397}}
Aug 26 14:30:31.424586 np0000032582 devstack@n-api.service[69383]: DEBUG dbcounter [-] [69383] Writer thread running {{(pid=69383) stat_writer /opt/stack/data/venv/lib/python3.12/site-packages/dbcounter.py:102}}
Aug 26 14:30:31.428232 np0000032582 devstack@n-api.service[69383]: DEBUG dbcounter [-] [69383] Writer thread running {{(pid=69383) stat_writer /opt/stack/data/venv/lib/python3.12/site-packages/dbcounter.py:102}}
Aug 26 14:30:31.430067 np0000032582 devstack@n-api.service[69383]: INFO dbcounter [None req-1b1e70f4-d6d1-441b-9c3d-28e150332a75 None None] Registered counter for database nova_cell0
Aug 26 14:30:31.434141 np0000032582 devstack@n-api.service[69383]: DEBUG oslo_db.sqlalchemy.engines [None req-1b1e70f4-d6d1-441b-9c3d-28e150332a75 None None] MySQL server mode set to STRICT_TRANS_TABLES,STRICT_ALL_TABLES,NO_ZERO_IN_DATE,NO_ZERO_DATE,ERROR_FOR_DIVISION_BY_ZERO,TRADITIONAL,NO_ENGINE_SUBSTITUTION {{(pid=69383) _check_effective_sql_mode /opt/stack/data/venv/lib/python3.12/site-packages/oslo_db/sqlalchemy/engines.py:397}}
Aug 26 14:30:31.437636 np0000032582 devstack@n-api.service[69383]: DEBUG dbcounter [-] [69383] Writer thread running {{(pid=69383) stat_writer /opt/stack/data/venv/lib/python3.12/site-packages/dbcounter.py:102}}
Aug 26 14:30:31.748198 np0000032582 devstack@n-api.service[69382]: DEBUG oslo_concurrency.processutils [None req-83ac2553-c838-4840-b347-0380a48ac319 None None] Running cmd (subprocess): grep -F node.session.scan /sbin/iscsiadm {{(pid=69382) execute /opt/stack/data/venv/lib/python3.12/site-packages/oslo_concurrency/processutils.py:349}}
Aug 26 14:30:31.757615 np0000032582 devstack@n-api.service[69382]: DEBUG oslo_concurrency.processutils [None req-83ac2553-c838-4840-b347-0380a48ac319 None None] CMD "grep -F node.session.scan /sbin/iscsiadm" returned: 0 in 0.010s {{(pid=69382) execute /opt/stack/data/venv/lib/python3.12/site-packages/oslo_concurrency/processutils.py:372}}
Aug 26 14:30:31.762564 np0000032582 devstack@n-api.service[69383]: DEBUG oslo_concurrency.processutils [None req-1b1e70f4-d6d1-441b-9c3d-28e150332a75 None None] Running cmd (subprocess): grep -F node.session.scan /sbin/iscsiadm {{(pid=69383) execute /opt/stack/data/venv/lib/python3.12/site-packages/oslo_concurrency/processutils.py:349}}
Aug 26 14:30:31.771021 np0000032582 devstack@n-api.service[69383]: DEBUG oslo_concurrency.processutils [None req-1b1e70f4-d6d1-441b-9c3d-28e150332a75 None None] CMD "grep -F node.session.scan /sbin/iscsiadm" returned: 0 in 0.009s {{(pid=69383) execute /opt/stack/data/venv/lib/python3.12/site-packages/oslo_concurrency/processutils.py:372}}
Aug 26 14:30:32.041094 np0000032582 devstack@n-api.service[69383]: WARNING keystonemiddleware.auth_token [None req-1b1e70f4-d6d1-441b-9c3d-28e150332a75 None None] AuthToken middleware is set with keystone_authtoken.service_token_roles_required set to False. This is backwards compatible but deprecated behaviour. Please set this to True.
Aug 26 14:30:32.041143 np0000032582 devstack@n-api.service[69382]: WARNING keystonemiddleware.auth_token [None req-83ac2553-c838-4840-b347-0380a48ac319 None None] AuthToken middleware is set with keystone_authtoken.service_token_roles_required set to False. This is backwards compatible but deprecated behaviour. Please set this to True.
Aug 26 14:30:32.044550 np0000032582 devstack@n-api.service[69383]: WARNING keystonemiddleware.auth_token [None req-1b1e70f4-d6d1-441b-9c3d-28e150332a75 None None] Configuring www_authenticate_uri to point to the public identity endpoint is required; clients may not be able to authenticate against an admin endpoint
Aug 26 14:30:32.044587 np0000032582 devstack@n-api.service[69382]: WARNING keystonemiddleware.auth_token [None req-83ac2553-c838-4840-b347-0380a48ac319 None None] Configuring www_authenticate_uri to point to the public identity endpoint is required; clients may not be able to authenticate against an admin endpoint
Aug 26 14:30:32.208007 np0000032582 devstack@n-api.service[69383]: WARNING keystonemiddleware.auth_token [None req-1b1e70f4-d6d1-441b-9c3d-28e150332a75 None None] AuthToken middleware is set with keystone_authtoken.service_token_roles_required set to False. This is backwards compatible but deprecated behaviour. Please set this to True.
Aug 26 14:30:32.209631 np0000032582 devstack@n-api.service[69382]: WARNING keystonemiddleware.auth_token [None req-83ac2553-c838-4840-b347-0380a48ac319 None None] AuthToken middleware is set with keystone_authtoken.service_token_roles_required set to False. This is backwards compatible but deprecated behaviour. Please set this to True.
Aug 26 14:30:32.210513 np0000032582 devstack@n-api.service[69383]: WARNING keystonemiddleware.auth_token [None req-1b1e70f4-d6d1-441b-9c3d-28e150332a75 None None] Configuring www_authenticate_uri to point to the public identity endpoint is required; clients may not be able to authenticate against an admin endpoint
Aug 26 14:30:32.212142 np0000032582 devstack@n-api.service[69382]: WARNING keystonemiddleware.auth_token [None req-83ac2553-c838-4840-b347-0380a48ac319 None None] Configuring www_authenticate_uri to point to the public identity endpoint is required; clients may not be able to authenticate against an admin endpoint
Aug 26 14:30:32.212373 np0000032582 devstack@n-api.service[69383]: WSGI app 0 (mountpoint='') ready in 3 seconds on interpreter 0x73f5d1aa39e8 pid: 69383 (default app)
Aug 26 14:30:32.213344 np0000032582 devstack@n-api.service[69383]: DEBUG nova.api.openstack.wsgi [None req-1b1e70f4-d6d1-441b-9c3d-28e150332a75 None None] Calling method '<bound method VersionsV2.index of <nova.api.openstack.compute.versions.VersionsV2 object at 0x73f5cb376f60>>' {{(pid=69383) _process_stack /opt/stack/nova/nova/api/openstack/wsgi.py:556}}
Aug 26 14:30:32.214004 np0000032582 devstack@n-api.service[69382]: WSGI app 0 (mountpoint='') ready in 3 seconds on interpreter 0x73f5d1aa39e8 pid: 69382 (default app)
Aug 26 14:30:32.216388 np0000032582 devstack@n-api.service[69383]: INFO nova.api.openstack.requestlog [None req-1b1e70f4-d6d1-441b-9c3d-28e150332a75 None None] 192.168.1.101 "GET /compute/v2.1/" status: 200 len: 391 microversion: 2.1 time: 0.003288
Aug 26 14:30:32.216564 np0000032582 devstack@n-api.service[69383]: [pid: 69383|app: 0|req: 1/1] 192.168.1.101 () {50 vars in 771 bytes} [Tue Aug 26 14:30:32 2025] GET /compute/v2.1/ => generated 391 bytes in 4 msecs (HTTP/1.1 200) 9 headers in 357 bytes (1 switches on core 0)
Aug 26 14:31:05.024813 np0000032582 devstack@n-api.service[69382]: DEBUG nova.api.openstack.wsgi [None req-83ac2553-c838-4840-b347-0380a48ac319 None None] Calling method '<bound method VersionsV2.index of <nova.api.openstack.compute.versions.VersionsV2 object at 0x73f5cbd7bd70>>' {{(pid=69382) _process_stack /opt/stack/nova/nova/api/openstack/wsgi.py:556}}
Aug 26 14:31:05.027228 np0000032582 devstack@n-api.service[69382]: INFO nova.api.openstack.requestlog [None req-83ac2553-c838-4840-b347-0380a48ac319 None None] 192.168.1.101 "GET /compute/v2.1" status: 200 len: 392 microversion: 2.1 time: 0.004190
Aug 26 14:31:05.027411 np0000032582 devstack@n-api.service[69382]: [pid: 69382|app: 0|req: 1/2] 192.168.1.101 () {62 vars in 1056 bytes} [Tue Aug 26 14:31:05 2025] GET /compute/v2.1 => generated 392 bytes in 5 msecs (HTTP/1.1 200) 9 headers in 357 bytes (1 switches on core 0)
Aug 26 14:31:05.039971 np0000032582 devstack@n-api.service[69383]: DEBUG dbcounter [-] [69383] Writing DB stats nova_api:SELECT=1 {{(pid=69383) stat_writer /opt/stack/data/venv/lib/python3.12/site-packages/dbcounter.py:115}}
Aug 26 14:31:05.041821 np0000032582 devstack@n-api.service[69383]: DEBUG dbcounter [-] [69383] Writing DB stats nova_cell0:SELECT=1 {{(pid=69383) stat_writer /opt/stack/data/venv/lib/python3.12/site-packages/dbcounter.py:115}}
Aug 26 14:31:05.041821 np0000032582 devstack@n-api.service[69383]: DEBUG dbcounter [-] [69383] Writing DB stats nova_cell1:SELECT=1 {{(pid=69383) stat_writer /opt/stack/data/venv/lib/python3.12/site-packages/dbcounter.py:115}}
Aug 26 14:31:05.041821 np0000032582 devstack@n-api.service[69383]: DEBUG dbcounter [-] [69383] Writing DB stats nova_cell0:SELECT=1 {{(pid=69383) stat_writer /opt/stack/data/venv/lib/python3.12/site-packages/dbcounter.py:115}}
Aug 26 14:31:05.151533 np0000032582 devstack@n-api.service[69383]: DEBUG nova.api.openstack.wsgi [None req-5c122df3-848a-480a-bbd1-228a4e70d865 admin admin] Calling method '<bound method FlavorsController.detail of <nova.api.openstack.compute.flavors.FlavorsController object at 0x73f5cacbb260>>' {{(pid=69383) _process_stack /opt/stack/nova/nova/api/openstack/wsgi.py:556}}
Aug 26 14:31:05.168868 np0000032582 devstack@n-api.service[69383]: INFO nova.api.openstack.requestlog [None req-5c122df3-848a-480a-bbd1-228a4e70d865 admin admin] 192.168.1.101 "GET /compute/v2.1/flavors/detail?is_public=True" status: 200 len: 15 microversion: 2.61 time: 0.134991
Aug 26 14:31:05.169097 np0000032582 devstack@n-api.service[69383]: [pid: 69383|app: 0|req: 2/3] 192.168.1.101 () {68 vars in 1417 bytes} [Tue Aug 26 14:31:05 2025] GET /compute/v2.1/flavors/detail?is_public=True => generated 15 bytes in 136 msecs (HTTP/1.1 200) 9 headers in 358 bytes (1 switches on core 0)
Aug 26 14:31:05.261329 np0000032582 devstack@n-api.service[69382]: DEBUG nova.api.openstack.wsgi [None req-83ac2553-c838-4840-b347-0380a48ac319 None None] Calling method '<bound method VersionsV2.index of <nova.api.openstack.compute.versions.VersionsV2 object at 0x73f5cbd7bd70>>' {{(pid=69382) _process_stack /opt/stack/nova/nova/api/openstack/wsgi.py:556}}
Aug 26 14:31:05.264482 np0000032582 devstack@n-api.service[69382]: INFO nova.api.openstack.requestlog [None req-83ac2553-c838-4840-b347-0380a48ac319 None None] 192.168.1.101 "GET /compute/v2.1" status: 200 len: 392 microversion: 2.1 time: 0.003326
Aug 26 14:31:05.264650 np0000032582 devstack@n-api.service[69382]: [pid: 69382|app: 0|req: 2/4] 192.168.1.101 () {62 vars in 1056 bytes} [Tue Aug 26 14:31:05 2025] GET /compute/v2.1 => generated 392 bytes in 4 msecs (HTTP/1.1 200) 9 headers in 357 bytes (1 switches on core 0)
Aug 26 14:31:05.289245 np0000032582 devstack@n-api.service[69383]: DEBUG nova.api.openstack.wsgi [None req-35326ac4-cbe0-480f-ab94-da6038fb9dfe admin admin] Action: 'create', calling method: <bound method FlavorsController.create of <nova.api.openstack.compute.flavors.FlavorsController object at 0x73f5cacbad20>>, body: {"flavor": {"ram": 256, "disk": 1, "swap": 0, "rxtx_factor": 1.0, "os-flavor-access:is_public": true, "id": "c1", "name": "cirros256", "OS-FLV-EXT-DATA:ephemeral": 0, "vcpus": 1}} {{(pid=69383) _process_stack /opt/stack/nova/nova/api/openstack/wsgi.py:554}}
Aug 26 14:31:05.313074 np0000032582 devstack@n-api.service[69383]: INFO nova.api.openstack.requestlog [None req-35326ac4-cbe0-480f-ab94-da6038fb9dfe admin admin] 192.168.1.101 "POST /compute/v2.1/flavors" status: 200 len: 413 microversion: 2.61 time: 0.040952
Aug 26 14:31:05.313314 np0000032582 devstack@n-api.service[69383]: [pid: 69383|app: 0|req: 3/5] 192.168.1.101 () {72 vars in 1408 bytes} [Tue Aug 26 14:31:05 2025] POST /compute/v2.1/flavors => generated 413 bytes in 41 msecs (HTTP/1.1 200) 9 headers in 359 bytes (1 switches on core 0)
Aug 26 14:31:05.324125 np0000032582 devstack@n-api.service[69382]: DEBUG dbcounter [-] [69382] Writing DB stats nova_api:SELECT=1 {{(pid=69382) stat_writer /opt/stack/data/venv/lib/python3.12/site-packages/dbcounter.py:115}}
Aug 26 14:31:05.324775 np0000032582 devstack@n-api.service[69382]: DEBUG dbcounter [-] [69382] Writing DB stats nova_cell0:SELECT=1 {{(pid=69382) stat_writer /opt/stack/data/venv/lib/python3.12/site-packages/dbcounter.py:115}}
Aug 26 14:31:05.325098 np0000032582 devstack@n-api.service[69382]: DEBUG dbcounter [-] [69382] Writing DB stats nova_cell1:SELECT=1 {{(pid=69382) stat_writer /opt/stack/data/venv/lib/python3.12/site-packages/dbcounter.py:115}}
Aug 26 14:31:05.325406 np0000032582 devstack@n-api.service[69382]: DEBUG dbcounter [-] [69382] Writing DB stats nova_cell0:SELECT=2,nova_cell0:INSERT=1 {{(pid=69382) stat_writer /opt/stack/data/venv/lib/python3.12/site-packages/dbcounter.py:115}}
Aug 26 14:31:05.381493 np0000032582 devstack@n-api.service[69382]: DEBUG nova.api.openstack.wsgi [None req-9bf351c2-ae9f-42c8-bdca-01561117f275 admin admin] Action: 'create', calling method: <bound method FlavorExtraSpecsController.create of <nova.api.openstack.compute.flavors_extraspecs.FlavorExtraSpecsController object at 0x73f5cace9760>>, body: {"extra_specs": {"hw_rng:allowed": "True"}} {{(pid=69382) _process_stack /opt/stack/nova/nova/api/openstack/wsgi.py:554}}
Aug 26 14:31:05.411869 np0000032582 devstack@n-api.service[69382]: INFO nova.api.openstack.requestlog [None req-9bf351c2-ae9f-42c8-bdca-01561117f275 admin admin] 192.168.1.101 "POST /compute/v2.1/flavors/c1/os-extra_specs" status: 200 len: 43 microversion: 2.61 time: 0.090860
Aug 26 14:31:05.412119 np0000032582 devstack@n-api.service[69382]: [pid: 69382|app: 0|req: 3/6] 192.168.1.101 () {72 vars in 1461 bytes} [Tue Aug 26 14:31:05 2025] POST /compute/v2.1/flavors/c1/os-extra_specs => generated 43 bytes in 91 msecs (HTTP/1.1 200) 9 headers in 358 bytes (1 switches on core 0)
Aug 26 14:31:05.587946 np0000032582 devstack@n-api.service[69383]: DEBUG nova.api.openstack.wsgi [None req-35326ac4-cbe0-480f-ab94-da6038fb9dfe admin admin] Calling method '<bound method VersionsV2.index of <nova.api.openstack.compute.versions.VersionsV2 object at 0x73f5cb376f60>>' {{(pid=69383) _process_stack /opt/stack/nova/nova/api/openstack/wsgi.py:556}}
Aug 26 14:31:05.590355 np0000032582 devstack@n-api.service[69383]: INFO nova.api.openstack.requestlog [None req-35326ac4-cbe0-480f-ab94-da6038fb9dfe admin admin] 192.168.1.101 "GET /compute/v2.1" status: 200 len: 392 microversion: 2.1 time: 0.002963
Aug 26 14:31:05.590513 np0000032582 devstack@n-api.service[69383]: [pid: 69383|app: 0|req: 4/7] 192.168.1.101 () {62 vars in 1056 bytes} [Tue Aug 26 14:31:05 2025] GET /compute/v2.1 => generated 392 bytes in 3 msecs (HTTP/1.1 200) 9 headers in 357 bytes (1 switches on core 0)
Aug 26 14:31:05.664737 np0000032582 devstack@n-api.service[69382]: DEBUG nova.api.openstack.wsgi [None req-d9a7a3ea-8de0-4bb2-9ebc-1a0b62478a18 admin admin] Action: 'create', calling method: <bound method FlavorsController.create of <nova.api.openstack.compute.flavors.FlavorsController object at 0x73f5cace8590>>, body: {"flavor": {"ram": 512, "disk": 5, "swap": 0, "rxtx_factor": 1.0, "os-flavor-access:is_public": true, "id": "d1", "name": "ds512M", "OS-FLV-EXT-DATA:ephemeral": 0, "vcpus": 1}} {{(pid=69382) _process_stack /opt/stack/nova/nova/api/openstack/wsgi.py:554}}
Aug 26 14:31:05.686821 np0000032582 devstack@n-api.service[69382]: INFO nova.api.openstack.requestlog [None req-d9a7a3ea-8de0-4bb2-9ebc-1a0b62478a18 admin admin] 192.168.1.101 "POST /compute/v2.1/flavors" status: 200 len: 410 microversion: 2.61 time: 0.086196
Aug 26 14:31:05.687338 np0000032582 devstack@n-api.service[69382]: [pid: 69382|app: 0|req: 4/8] 192.168.1.101 () {72 vars in 1408 bytes} [Tue Aug 26 14:31:05 2025] POST /compute/v2.1/flavors => generated 410 bytes in 87 msecs (HTTP/1.1 200) 9 headers in 359 bytes (1 switches on core 0)
Aug 26 14:31:05.696794 np0000032582 devstack@n-api.service[69383]: DEBUG nova.api.openstack.wsgi [None req-d60eca76-8714-49cd-99f7-274cca3b0323 admin admin] Action: 'create', calling method: <bound method FlavorExtraSpecsController.create of <nova.api.openstack.compute.flavors_extraspecs.FlavorExtraSpecsController object at 0x73f5cacba8d0>>, body: {"extra_specs": {"hw_rng:allowed": "True"}} {{(pid=69383) _process_stack /opt/stack/nova/nova/api/openstack/wsgi.py:554}}
Aug 26 14:31:05.717349 np0000032582 devstack@n-api.service[69383]: INFO nova.api.openstack.requestlog [None req-d60eca76-8714-49cd-99f7-274cca3b0323 admin admin] 192.168.1.101 "POST /compute/v2.1/flavors/d1/os-extra_specs" status: 200 len: 43 microversion: 2.61 time: 0.022052
Aug 26 14:31:05.717581 np0000032582 devstack@n-api.service[69383]: [pid: 69383|app: 0|req: 5/9] 192.168.1.101 () {72 vars in 1461 bytes} [Tue Aug 26 14:31:05 2025] POST /compute/v2.1/flavors/d1/os-extra_specs => generated 43 bytes in 22 msecs (HTTP/1.1 200) 9 headers in 358 bytes (1 switches on core 0)
Aug 26 14:31:05.822761 np0000032582 devstack@n-api.service[69382]: DEBUG nova.api.openstack.wsgi [None req-d9a7a3ea-8de0-4bb2-9ebc-1a0b62478a18 admin admin] Calling method '<bound method VersionsV2.index of <nova.api.openstack.compute.versions.VersionsV2 object at 0x73f5cbd7bd70>>' {{(pid=69382) _process_stack /opt/stack/nova/nova/api/openstack/wsgi.py:556}}
Aug 26 14:31:05.825542 np0000032582 devstack@n-api.service[69382]: INFO nova.api.openstack.requestlog [None req-d9a7a3ea-8de0-4bb2-9ebc-1a0b62478a18 admin admin] 192.168.1.101 "GET /compute/v2.1" status: 200 len: 392 microversion: 2.1 time: 0.003026
Aug 26 14:31:05.825654 np0000032582 devstack@n-api.service[69382]: [pid: 69382|app: 0|req: 5/10] 192.168.1.101 () {62 vars in 1056 bytes} [Tue Aug 26 14:31:05 2025] GET /compute/v2.1 => generated 392 bytes in 3 msecs (HTTP/1.1 200) 9 headers in 357 bytes (1 switches on core 0)
Aug 26 14:31:05.854279 np0000032582 devstack@n-api.service[69383]: DEBUG nova.api.openstack.wsgi [None req-f476222d-72eb-4078-ade7-760810a9d1cb admin admin] Action: 'create', calling method: <bound method FlavorsController.create of <nova.api.openstack.compute.flavors.FlavorsController object at 0x73f5cacbad20>>, body: {"flavor": {"ram": 1024, "disk": 10, "swap": 0, "rxtx_factor": 1.0, "os-flavor-access:is_public": true, "id": "d2", "name": "ds1G", "OS-FLV-EXT-DATA:ephemeral": 0, "vcpus": 1}} {{(pid=69383) _process_stack /opt/stack/nova/nova/api/openstack/wsgi.py:554}}
Aug 26 14:31:05.867783 np0000032582 devstack@n-api.service[69383]: INFO nova.api.openstack.requestlog [None req-f476222d-72eb-4078-ade7-760810a9d1cb admin admin] 192.168.1.101 "POST /compute/v2.1/flavors" status: 200 len: 410 microversion: 2.61 time: 0.036235
Aug 26 14:31:05.868114 np0000032582 devstack@n-api.service[69383]: [pid: 69383|app: 0|req: 6/11] 192.168.1.101 () {72 vars in 1408 bytes} [Tue Aug 26 14:31:05 2025] POST /compute/v2.1/flavors => generated 410 bytes in 37 msecs (HTTP/1.1 200) 9 headers in 359 bytes (1 switches on core 0)
Aug 26 14:31:05.877772 np0000032582 devstack@n-api.service[69382]: DEBUG nova.api.openstack.wsgi [None req-3f702439-1678-4a01-97e0-fc71509d6305 admin admin] Action: 'create', calling method: <bound method FlavorExtraSpecsController.create of <nova.api.openstack.compute.flavors_extraspecs.FlavorExtraSpecsController object at 0x73f5cace9760>>, body: {"extra_specs": {"hw_rng:allowed": "True"}} {{(pid=69382) _process_stack /opt/stack/nova/nova/api/openstack/wsgi.py:554}}
Aug 26 14:31:05.896688 np0000032582 devstack@n-api.service[69382]: INFO nova.api.openstack.requestlog [None req-3f702439-1678-4a01-97e0-fc71509d6305 admin admin] 192.168.1.101 "POST /compute/v2.1/flavors/d2/os-extra_specs" status: 200 len: 43 microversion: 2.61 time: 0.021089
Aug 26 14:31:05.896969 np0000032582 devstack@n-api.service[69382]: [pid: 69382|app: 0|req: 6/12] 192.168.1.101 () {72 vars in 1461 bytes} [Tue Aug 26 14:31:05 2025] POST /compute/v2.1/flavors/d2/os-extra_specs => generated 43 bytes in 21 msecs (HTTP/1.1 200) 9 headers in 358 bytes (1 switches on core 0)
Aug 26 14:31:05.991918 np0000032582 devstack@n-api.service[69383]: DEBUG nova.api.openstack.wsgi [None req-f476222d-72eb-4078-ade7-760810a9d1cb admin admin] Calling method '<bound method VersionsV2.index of <nova.api.openstack.compute.versions.VersionsV2 object at 0x73f5cb376f60>>' {{(pid=69383) _process_stack /opt/stack/nova/nova/api/openstack/wsgi.py:556}}
Aug 26 14:31:05.994668 np0000032582 devstack@n-api.service[69383]: INFO nova.api.openstack.requestlog [None req-f476222d-72eb-4078-ade7-760810a9d1cb admin admin] 192.168.1.101 "GET /compute/v2.1" status: 200 len: 392 microversion: 2.1 time: 0.002950
Aug 26 14:31:05.994839 np0000032582 devstack@n-api.service[69383]: [pid: 69383|app: 0|req: 7/13] 192.168.1.101 () {62 vars in 1056 bytes} [Tue Aug 26 14:31:05 2025] GET /compute/v2.1 => generated 392 bytes in 3 msecs (HTTP/1.1 200) 9 headers in 357 bytes (1 switches on core 0)
Aug 26 14:31:06.037140 np0000032582 devstack@n-api.service[69382]: DEBUG nova.api.openstack.wsgi [None req-1970bf86-85f8-44f5-aff4-13db13f30950 admin admin] Action: 'create', calling method: <bound method FlavorsController.create of <nova.api.openstack.compute.flavors.FlavorsController object at 0x73f5cace8590>>, body: {"flavor": {"ram": 2048, "disk": 10, "swap": 0, "rxtx_factor": 1.0, "os-flavor-access:is_public": true, "id": "d3", "name": "ds2G", "OS-FLV-EXT-DATA:ephemeral": 0, "vcpus": 2}} {{(pid=69382) _process_stack /opt/stack/nova/nova/api/openstack/wsgi.py:554}}
Aug 26 14:31:06.051036 np0000032582 devstack@n-api.service[69382]: INFO nova.api.openstack.requestlog [None req-1970bf86-85f8-44f5-aff4-13db13f30950 admin admin] 192.168.1.101 "POST /compute/v2.1/flavors" status: 200 len: 410 microversion: 2.61 time: 0.044466
Aug 26 14:31:06.051344 np0000032582 devstack@n-api.service[69382]: [pid: 69382|app: 0|req: 7/14] 192.168.1.101 () {72 vars in 1408 bytes} [Tue Aug 26 14:31:06 2025] POST /compute/v2.1/flavors => generated 410 bytes in 45 msecs (HTTP/1.1 200) 9 headers in 359 bytes (1 switches on core 0)
Aug 26 14:31:06.061926 np0000032582 devstack@n-api.service[69383]: DEBUG nova.api.openstack.wsgi [None req-ff54c883-065d-4e29-b565-d21c39e17974 admin admin] Action: 'create', calling method: <bound method FlavorExtraSpecsController.create of <nova.api.openstack.compute.flavors_extraspecs.FlavorExtraSpecsController object at 0x73f5cacba8d0>>, body: {"extra_specs": {"hw_rng:allowed": "True"}} {{(pid=69383) _process_stack /opt/stack/nova/nova/api/openstack/wsgi.py:554}}
Aug 26 14:31:06.076661 np0000032582 devstack@n-api.service[69383]: INFO nova.api.openstack.requestlog [None req-ff54c883-065d-4e29-b565-d21c39e17974 admin admin] 192.168.1.101 "POST /compute/v2.1/flavors/d3/os-extra_specs" status: 200 len: 43 microversion: 2.61 time: 0.016266
Aug 26 14:31:06.076906 np0000032582 devstack@n-api.service[69383]: [pid: 69383|app: 0|req: 8/15] 192.168.1.101 () {72 vars in 1461 bytes} [Tue Aug 26 14:31:06 2025] POST /compute/v2.1/flavors/d3/os-extra_specs => generated 43 bytes in 17 msecs (HTTP/1.1 200) 9 headers in 358 bytes (1 switches on core 0)
Aug 26 14:31:06.161645 np0000032582 devstack@n-api.service[69382]: DEBUG nova.api.openstack.wsgi [None req-1970bf86-85f8-44f5-aff4-13db13f30950 admin admin] Calling method '<bound method VersionsV2.index of <nova.api.openstack.compute.versions.VersionsV2 object at 0x73f5cbd7bd70>>' {{(pid=69382) _process_stack /opt/stack/nova/nova/api/openstack/wsgi.py:556}}
Aug 26 14:31:06.164757 np0000032582 devstack@n-api.service[69382]: INFO nova.api.openstack.requestlog [None req-1970bf86-85f8-44f5-aff4-13db13f30950 admin admin] 192.168.1.101 "GET /compute/v2.1" status: 200 len: 392 microversion: 2.1 time: 0.003317
Aug 26 14:31:06.165177 np0000032582 devstack@n-api.service[69382]: [pid: 69382|app: 0|req: 8/16] 192.168.1.101 () {62 vars in 1056 bytes} [Tue Aug 26 14:31:06 2025] GET /compute/v2.1 => generated 392 bytes in 4 msecs (HTTP/1.1 200) 9 headers in 357 bytes (1 switches on core 0)
Aug 26 14:31:06.197470 np0000032582 devstack@n-api.service[69383]: DEBUG nova.api.openstack.wsgi [None req-f0fb00e8-74c1-4cd0-ac79-f68722b9cddf admin admin] Action: 'create', calling method: <bound method FlavorsController.create of <nova.api.openstack.compute.flavors.FlavorsController object at 0x73f5cacbad20>>, body: {"flavor": {"ram": 4096, "disk": 20, "swap": 0, "rxtx_factor": 1.0, "os-flavor-access:is_public": true, "id": "d4", "name": "ds4G", "OS-FLV-EXT-DATA:ephemeral": 0, "vcpus": 4}} {{(pid=69383) _process_stack /opt/stack/nova/nova/api/openstack/wsgi.py:554}}
Aug 26 14:31:06.209448 np0000032582 devstack@n-api.service[69383]: INFO nova.api.openstack.requestlog [None req-f0fb00e8-74c1-4cd0-ac79-f68722b9cddf admin admin] 192.168.1.101 "POST /compute/v2.1/flavors" status: 200 len: 410 microversion: 2.61 time: 0.037918
Aug 26 14:31:06.209672 np0000032582 devstack@n-api.service[69383]: [pid: 69383|app: 0|req: 9/17] 192.168.1.101 () {72 vars in 1408 bytes} [Tue Aug 26 14:31:06 2025] POST /compute/v2.1/flavors => generated 410 bytes in 38 msecs (HTTP/1.1 200) 9 headers in 359 bytes (1 switches on core 0)
Aug 26 14:31:06.219255 np0000032582 devstack@n-api.service[69382]: DEBUG nova.api.openstack.wsgi [None req-6418578e-b4ab-4c06-92a6-36db3498af5a admin admin] Action: 'create', calling method: <bound method FlavorExtraSpecsController.create of <nova.api.openstack.compute.flavors_extraspecs.FlavorExtraSpecsController object at 0x73f5cace9760>>, body: {"extra_specs": {"hw_rng:allowed": "True"}} {{(pid=69382) _process_stack /opt/stack/nova/nova/api/openstack/wsgi.py:554}}
Aug 26 14:31:06.242226 np0000032582 devstack@n-api.service[69382]: INFO nova.api.openstack.requestlog [None req-6418578e-b4ab-4c06-92a6-36db3498af5a admin admin] 192.168.1.101 "POST /compute/v2.1/flavors/d4/os-extra_specs" status: 200 len: 43 microversion: 2.61 time: 0.024473
Aug 26 14:31:06.242605 np0000032582 devstack@n-api.service[69382]: [pid: 69382|app: 0|req: 9/18] 192.168.1.101 () {72 vars in 1461 bytes} [Tue Aug 26 14:31:06 2025] POST /compute/v2.1/flavors/d4/os-extra_specs => generated 43 bytes in 25 msecs (HTTP/1.1 200) 9 headers in 358 bytes (1 switches on core 0)
Aug 26 14:31:06.333566 np0000032582 devstack@n-api.service[69383]: DEBUG nova.api.openstack.wsgi [None req-f0fb00e8-74c1-4cd0-ac79-f68722b9cddf admin admin] Calling method '<bound method VersionsV2.index of <nova.api.openstack.compute.versions.VersionsV2 object at 0x73f5cb376f60>>' {{(pid=69383) _process_stack /opt/stack/nova/nova/api/openstack/wsgi.py:556}}
Aug 26 14:31:06.336650 np0000032582 devstack@n-api.service[69383]: INFO nova.api.openstack.requestlog [None req-f0fb00e8-74c1-4cd0-ac79-f68722b9cddf admin admin] 192.168.1.101 "GET /compute/v2.1" status: 200 len: 392 microversion: 2.1 time: 0.003234
Aug 26 14:31:06.336885 np0000032582 devstack@n-api.service[69383]: [pid: 69383|app: 0|req: 10/19] 192.168.1.101 () {62 vars in 1056 bytes} [Tue Aug 26 14:31:06 2025] GET /compute/v2.1 => generated 392 bytes in 3 msecs (HTTP/1.1 200) 9 headers in 357 bytes (1 switches on core 0)
Aug 26 14:31:06.364961 np0000032582 devstack@n-api.service[69382]: DEBUG nova.api.openstack.wsgi [None req-0fb913d9-bc8f-40d8-8fb3-1b1cc7025d80 admin admin] Calling method '<bound method FlavorsController.detail of <nova.api.openstack.compute.flavors.FlavorsController object at 0x73f5cace8ad0>>' {{(pid=69382) _process_stack /opt/stack/nova/nova/api/openstack/wsgi.py:556}}
Aug 26 14:31:06.385988 np0000032582 devstack@n-api.service[69382]: INFO nova.api.openstack.requestlog [None req-0fb913d9-bc8f-40d8-8fb3-1b1cc7025d80 admin admin] 192.168.1.101 "GET /compute/v2.1/flavors/detail?is_public=True" status: 200 len: 2136 microversion: 2.61 time: 0.043458
Aug 26 14:31:06.386358 np0000032582 devstack@n-api.service[69382]: [pid: 69382|app: 0|req: 10/20] 192.168.1.101 () {68 vars in 1417 bytes} [Tue Aug 26 14:31:06 2025] GET /compute/v2.1/flavors/detail?is_public=True => generated 2136 bytes in 44 msecs (HTTP/1.1 200) 9 headers in 360 bytes (1 switches on core 0)
Aug 26 14:31:06.488991 np0000032582 devstack@n-api.service[69383]: DEBUG nova.api.openstack.wsgi [None req-f0fb00e8-74c1-4cd0-ac79-f68722b9cddf admin admin] Calling method '<bound method VersionsV2.index of <nova.api.openstack.compute.versions.VersionsV2 object at 0x73f5cb376f60>>' {{(pid=69383) _process_stack /opt/stack/nova/nova/api/openstack/wsgi.py:556}}
Aug 26 14:31:06.492045 np0000032582 devstack@n-api.service[69383]: INFO nova.api.openstack.requestlog [None req-f0fb00e8-74c1-4cd0-ac79-f68722b9cddf admin admin] 192.168.1.101 "GET /compute/v2.1" status: 200 len: 392 microversion: 2.1 time: 0.003058
Aug 26 14:31:06.492304 np0000032582 devstack@n-api.service[69383]: [pid: 69383|app: 0|req: 11/21] 192.168.1.101 () {62 vars in 1056 bytes} [Tue Aug 26 14:31:06 2025] GET /compute/v2.1 => generated 392 bytes in 3 msecs (HTTP/1.1 200) 9 headers in 357 bytes (1 switches on core 0)
Aug 26 14:31:06.520575 np0000032582 devstack@n-api.service[69382]: DEBUG nova.api.openstack.wsgi [None req-c08deea7-71b4-4af5-8b25-8849fb4ccd58 admin admin] Action: 'create', calling method: <bound method FlavorsController.create of <nova.api.openstack.compute.flavors.FlavorsController object at 0x73f5cace8590>>, body: {"flavor": {"ram": 512, "disk": 1, "swap": 0, "rxtx_factor": 1.0, "os-flavor-access:is_public": true, "id": "1", "name": "m1.tiny", "OS-FLV-EXT-DATA:ephemeral": 0, "vcpus": 1}} {{(pid=69382) _process_stack /opt/stack/nova/nova/api/openstack/wsgi.py:554}}
Aug 26 14:31:06.537947 np0000032582 devstack@n-api.service[69382]: INFO nova.api.openstack.requestlog [None req-c08deea7-71b4-4af5-8b25-8849fb4ccd58 admin admin] 192.168.1.101 "POST /compute/v2.1/flavors" status: 200 len: 408 microversion: 2.61 time: 0.039753
Aug 26 14:31:06.538263 np0000032582 devstack@n-api.service[69382]: [pid: 69382|app: 0|req: 11/22] 192.168.1.101 () {72 vars in 1408 bytes} [Tue Aug 26 14:31:06 2025] POST /compute/v2.1/flavors => generated 408 bytes in 40 msecs (HTTP/1.1 200) 9 headers in 359 bytes (1 switches on core 0)
Aug 26 14:31:06.546260 np0000032582 devstack@n-api.service[69383]: DEBUG nova.api.openstack.wsgi [None req-0a74534a-6bfc-40cc-8775-aaf68842293f admin admin] Action: 'create', calling method: <bound method FlavorExtraSpecsController.create of <nova.api.openstack.compute.flavors_extraspecs.FlavorExtraSpecsController object at 0x73f5cacba8d0>>, body: {"extra_specs": {"hw_rng:allowed": "True"}} {{(pid=69383) _process_stack /opt/stack/nova/nova/api/openstack/wsgi.py:554}}
Aug 26 14:31:06.567827 np0000032582 devstack@n-api.service[69383]: INFO nova.api.openstack.requestlog [None req-0a74534a-6bfc-40cc-8775-aaf68842293f admin admin] 192.168.1.101 "POST /compute/v2.1/flavors/1/os-extra_specs" status: 200 len: 43 microversion: 2.61 time: 0.023075
Aug 26 14:31:06.568068 np0000032582 devstack@n-api.service[69383]: [pid: 69383|app: 0|req: 12/23] 192.168.1.101 () {72 vars in 1458 bytes} [Tue Aug 26 14:31:06 2025] POST /compute/v2.1/flavors/1/os-extra_specs => generated 43 bytes in 23 msecs (HTTP/1.1 200) 9 headers in 358 bytes (1 switches on core 0)
Aug 26 14:31:06.660833 np0000032582 devstack@n-api.service[69382]: DEBUG nova.api.openstack.wsgi [None req-c08deea7-71b4-4af5-8b25-8849fb4ccd58 admin admin] Calling method '<bound method VersionsV2.index of <nova.api.openstack.compute.versions.VersionsV2 object at 0x73f5cbd7bd70>>' {{(pid=69382) _process_stack /opt/stack/nova/nova/api/openstack/wsgi.py:556}}
Aug 26 14:31:06.664067 np0000032582 devstack@n-api.service[69382]: INFO nova.api.openstack.requestlog [None req-c08deea7-71b4-4af5-8b25-8849fb4ccd58 admin admin] 192.168.1.101 "GET /compute/v2.1" status: 200 len: 392 microversion: 2.1 time: 0.003421
Aug 26 14:31:06.664334 np0000032582 devstack@n-api.service[69382]: [pid: 69382|app: 0|req: 12/24] 192.168.1.101 () {62 vars in 1056 bytes} [Tue Aug 26 14:31:06 2025] GET /compute/v2.1 => generated 392 bytes in 4 msecs (HTTP/1.1 200) 9 headers in 357 bytes (1 switches on core 0)
Aug 26 14:31:06.692079 np0000032582 devstack@n-api.service[69383]: DEBUG nova.api.openstack.wsgi [None req-ef842d72-eeec-4cb0-83f0-e79d02f9e432 admin admin] Action: 'create', calling method: <bound method FlavorsController.create of <nova.api.openstack.compute.flavors.FlavorsController object at 0x73f5cacbad20>>, body: {"flavor": {"ram": 2048, "disk": 20, "swap": 0, "rxtx_factor": 1.0, "os-flavor-access:is_public": true, "id": "2", "name": "m1.small", "OS-FLV-EXT-DATA:ephemeral": 0, "vcpus": 1}} {{(pid=69383) _process_stack /opt/stack/nova/nova/api/openstack/wsgi.py:554}}
Aug 26 14:31:06.703741 np0000032582 devstack@n-api.service[69383]: INFO nova.api.openstack.requestlog [None req-ef842d72-eeec-4cb0-83f0-e79d02f9e432 admin admin] 192.168.1.101 "POST /compute/v2.1/flavors" status: 200 len: 411 microversion: 2.61 time: 0.033770
Aug 26 14:31:06.704032 np0000032582 devstack@n-api.service[69383]: [pid: 69383|app: 0|req: 13/25] 192.168.1.101 () {72 vars in 1408 bytes} [Tue Aug 26 14:31:06 2025] POST /compute/v2.1/flavors => generated 411 bytes in 34 msecs (HTTP/1.1 200) 9 headers in 359 bytes (1 switches on core 0)
Aug 26 14:31:06.713045 np0000032582 devstack@n-api.service[69382]: DEBUG nova.api.openstack.wsgi [None req-df0c5f89-ef65-4078-a786-b38ad9dc45e3 admin admin] Action: 'create', calling method: <bound method FlavorExtraSpecsController.create of <nova.api.openstack.compute.flavors_extraspecs.FlavorExtraSpecsController object at 0x73f5cace9760>>, body: {"extra_specs": {"hw_rng:allowed": "True"}} {{(pid=69382) _process_stack /opt/stack/nova/nova/api/openstack/wsgi.py:554}}
Aug 26 14:31:06.728030 np0000032582 devstack@n-api.service[69382]: INFO nova.api.openstack.requestlog [None req-df0c5f89-ef65-4078-a786-b38ad9dc45e3 admin admin] 192.168.1.101 "POST /compute/v2.1/flavors/2/os-extra_specs" status: 200 len: 43 microversion: 2.61 time: 0.016640
Aug 26 14:31:06.728305 np0000032582 devstack@n-api.service[69382]: [pid: 69382|app: 0|req: 13/26] 192.168.1.101 () {72 vars in 1458 bytes} [Tue Aug 26 14:31:06 2025] POST /compute/v2.1/flavors/2/os-extra_specs => generated 43 bytes in 17 msecs (HTTP/1.1 200) 9 headers in 358 bytes (1 switches on core 0)
Aug 26 14:31:06.858474 np0000032582 devstack@n-api.service[69383]: DEBUG nova.api.openstack.wsgi [None req-ef842d72-eeec-4cb0-83f0-e79d02f9e432 admin admin] Calling method '<bound method VersionsV2.index of <nova.api.openstack.compute.versions.VersionsV2 object at 0x73f5cb376f60>>' {{(pid=69383) _process_stack /opt/stack/nova/nova/api/openstack/wsgi.py:556}}
Aug 26 14:31:06.862652 np0000032582 devstack@n-api.service[69383]: INFO nova.api.openstack.requestlog [None req-ef842d72-eeec-4cb0-83f0-e79d02f9e432 admin admin] 192.168.1.101 "GET /compute/v2.1" status: 200 len: 392 microversion: 2.1 time: 0.004346
