Aug 26 14:31:05.963077 np0000032582 systemd[1]: Starting devstack@g-api.service - Devstack devstack@g-api.service...
Aug 26 14:31:05.966905 np0000032582 devstack@g-api.service[79663]: [uWSGI] getting INI configuration from /etc/glance/glance-uwsgi.ini
Aug 26 14:31:05.968647 np0000032582 devstack@g-api.service[79663]: *** Starting uWSGI 2.0.24-debian (64bit) on [Tue Aug 26 14:31:05 2025] ***
Aug 26 14:31:05.968647 np0000032582 devstack@g-api.service[79663]: compiled with version: 13.2.0 on 17 April 2024 16:23:48
Aug 26 14:31:05.968647 np0000032582 devstack@g-api.service[79663]: os: Linux-6.8.0-78-generic #78-Ubuntu SMP PREEMPT_DYNAMIC Tue Aug 12 11:34:18 UTC 2025
Aug 26 14:31:05.968647 np0000032582 devstack@g-api.service[79663]: nodename: np0000032582
Aug 26 14:31:05.968647 np0000032582 devstack@g-api.service[79663]: machine: x86_64
Aug 26 14:31:05.968647 np0000032582 devstack@g-api.service[79663]: clock source: unix
Aug 26 14:31:05.968647 np0000032582 devstack@g-api.service[79663]: pcre jit disabled
Aug 26 14:31:05.968647 np0000032582 devstack@g-api.service[79663]: detected number of CPU cores: 8
Aug 26 14:31:05.968647 np0000032582 devstack@g-api.service[79663]: current working directory: /
Aug 26 14:31:05.968647 np0000032582 devstack@g-api.service[79663]: detected binary path: /usr/bin/uwsgi-core
Aug 26 14:31:05.968647 np0000032582 devstack@g-api.service[79663]: your processes number limit is 47562
Aug 26 14:31:05.968647 np0000032582 devstack@g-api.service[79663]: your memory page size is 4096 bytes
Aug 26 14:31:05.968647 np0000032582 devstack@g-api.service[79663]: detected max file descriptor number: 2048
Aug 26 14:31:05.968647 np0000032582 devstack@g-api.service[79663]: lock engine: pthread robust mutexes
Aug 26 14:31:05.968861 np0000032582 devstack@g-api.service[79663]: thunder lock: enabled
Aug 26 14:31:05.968861 np0000032582 devstack@g-api.service[79663]: uwsgi socket 0 bound to TCP address 127.0.0.1:60999 fd 4
Aug 26 14:31:05.968888 np0000032582 devstack@g-api.service[79663]: Python version: 3.12.3 (main, Aug 14 2025, 17:47:21) [GCC 13.3.0]
Aug 26 14:31:05.968888 np0000032582 devstack@g-api.service[79663]: PEP 405 virtualenv detected: /opt/stack/data/venv
Aug 26 14:31:05.968914 np0000032582 devstack@g-api.service[79663]: Set PythonHome to /opt/stack/data/venv
Aug 26 14:31:05.995898 np0000032582 devstack@g-api.service[79663]: Python main interpreter initialized at 0x7d59b5aa39e8
Aug 26 14:31:05.995941 np0000032582 devstack@g-api.service[79663]: python threads support enabled
Aug 26 14:31:05.995941 np0000032582 devstack@g-api.service[79663]: your server socket listen backlog is limited to 100 connections
Aug 26 14:31:05.995941 np0000032582 devstack@g-api.service[79663]: your mercy for graceful operations on workers is 80 seconds
Aug 26 14:31:05.996098 np0000032582 devstack@g-api.service[79663]: mapped 403077 bytes (393 KB) for 2 cores
Aug 26 14:31:05.996168 np0000032582 devstack@g-api.service[79663]: *** Operational MODE: preforking ***
Aug 26 14:31:05.996322 np0000032582 devstack@g-api.service[79663]: *** uWSGI is running in multiple interpreter mode ***
Aug 26 14:31:05.996322 np0000032582 devstack@g-api.service[79663]: spawned uWSGI master process (pid: 79663)
Aug 26 14:31:05.996718 np0000032582 devstack@g-api.service[79663]: spawned uWSGI worker 1 (pid: 79664, cores: 1)
Aug 26 14:31:05.996956 np0000032582 devstack@g-api.service[79663]: spawned uWSGI worker 2 (pid: 79665, cores: 1)
Aug 26 14:31:05.996998 np0000032582 devstack@g-api.service[79663]: running "unix_signal:15 gracefully_kill_them_all" (master-start)...
Aug 26 14:31:05.997313 np0000032582 systemd[1]: Started devstack@g-api.service - Devstack devstack@g-api.service.
Aug 26 14:31:06.611838 np0000032582 devstack@g-api.service[79665]: INFO glance.async_ [-] Threadpool model set to 'NativeThreadPoolModel'
Aug 26 14:31:06.616599 np0000032582 devstack@g-api.service[79664]: INFO glance.async_ [-] Threadpool model set to 'NativeThreadPoolModel'
Aug 26 14:31:06.666153 np0000032582 devstack@g-api.service[79665]: DEBUG oslo_concurrency.processutils [-] Running cmd (subprocess): grep -F node.session.scan /sbin/iscsiadm {{(pid=79665) execute /opt/stack/data/venv/lib/python3.12/site-packages/oslo_concurrency/processutils.py:349}}
Aug 26 14:31:06.671020 np0000032582 devstack@g-api.service[79664]: DEBUG oslo_concurrency.processutils [-] Running cmd (subprocess): grep -F node.session.scan /sbin/iscsiadm {{(pid=79664) execute /opt/stack/data/venv/lib/python3.12/site-packages/oslo_concurrency/processutils.py:349}}
Aug 26 14:31:06.671721 np0000032582 devstack@g-api.service[79665]: DEBUG oslo_concurrency.processutils [-] CMD "grep -F node.session.scan /sbin/iscsiadm" returned: 0 in 0.006s {{(pid=79665) execute /opt/stack/data/venv/lib/python3.12/site-packages/oslo_concurrency/processutils.py:372}}
Aug 26 14:31:06.675835 np0000032582 devstack@g-api.service[79664]: DEBUG oslo_concurrency.processutils [-] CMD "grep -F node.session.scan /sbin/iscsiadm" returned: 0 in 0.005s {{(pid=79664) execute /opt/stack/data/venv/lib/python3.12/site-packages/oslo_concurrency/processutils.py:372}}
Aug 26 14:31:06.682962 np0000032582 devstack@g-api.service[79665]: DEBUG glance_store.common.attachment_state_manager [-] Initialising _AttachmentStateManager {{(pid=79665) __init__ /opt/stack/data/venv/lib/python3.12/site-packages/glance_store/common/attachment_state_manager.py:86}}
Aug 26 14:31:06.686600 np0000032582 devstack@g-api.service[79664]: DEBUG glance_store.common.attachment_state_manager [-] Initialising _AttachmentStateManager {{(pid=79664) __init__ /opt/stack/data/venv/lib/python3.12/site-packages/glance_store/common/attachment_state_manager.py:86}}
Aug 26 14:31:06.766873 np0000032582 devstack@g-api.service[79665]: DEBUG glance_store.backend [-] Attempting to import store cinder {{(pid=79665) _load_store /opt/stack/data/venv/lib/python3.12/site-packages/glance_store/backend.py:216}}
Aug 26 14:31:06.766996 np0000032582 devstack@g-api.service[79665]: DEBUG glance_store.backend [-] Attempting to import store file {{(pid=79665) _load_store /opt/stack/data/venv/lib/python3.12/site-packages/glance_store/backend.py:216}}
Aug 26 14:31:06.767067 np0000032582 devstack@g-api.service[79665]: DEBUG glance_store.backend [-] Attempting to import store glance.store.cinder.Store {{(pid=79665) _load_store /opt/stack/data/venv/lib/python3.12/site-packages/glance_store/backend.py:216}}
Aug 26 14:31:06.767130 np0000032582 devstack@g-api.service[79665]: DEBUG glance_store.backend [-] Attempting to import store glance.store.filesystem.Store {{(pid=79665) _load_store /opt/stack/data/venv/lib/python3.12/site-packages/glance_store/backend.py:216}}
Aug 26 14:31:06.767193 np0000032582 devstack@g-api.service[79665]: DEBUG glance_store.backend [-] Attempting to import store glance.store.http.Store {{(pid=79665) _load_store /opt/stack/data/venv/lib/python3.12/site-packages/glance_store/backend.py:216}}
Aug 26 14:31:06.767248 np0000032582 devstack@g-api.service[79665]: DEBUG glance_store.backend [-] Attempting to import store glance.store.rbd.Store {{(pid=79665) _load_store /opt/stack/data/venv/lib/python3.12/site-packages/glance_store/backend.py:216}}
Aug 26 14:31:06.767320 np0000032582 devstack@g-api.service[79665]: DEBUG glance_store.backend [-] Attempting to import store glance.store.s3.Store {{(pid=79665) _load_store /opt/stack/data/venv/lib/python3.12/site-packages/glance_store/backend.py:216}}
Aug 26 14:31:06.767362 np0000032582 devstack@g-api.service[79665]: DEBUG glance_store.backend [-] Attempting to import store glance.store.swift.Store {{(pid=79665) _load_store /opt/stack/data/venv/lib/python3.12/site-packages/glance_store/backend.py:216}}
Aug 26 14:31:06.767424 np0000032582 devstack@g-api.service[79665]: DEBUG glance_store.backend [-] Attempting to import store glance.store.vmware_datastore.Store {{(pid=79665) _load_store /opt/stack/data/venv/lib/python3.12/site-packages/glance_store/backend.py:216}}
Aug 26 14:31:06.767478 np0000032582 devstack@g-api.service[79665]: DEBUG glance_store.backend [-] Attempting to import store http {{(pid=79665) _load_store /opt/stack/data/venv/lib/python3.12/site-packages/glance_store/backend.py:216}}
Aug 26 14:31:06.767533 np0000032582 devstack@g-api.service[79665]: DEBUG glance_store.backend [-] Attempting to import store no_conf {{(pid=79665) _load_store /opt/stack/data/venv/lib/python3.12/site-packages/glance_store/backend.py:216}}
Aug 26 14:31:06.767587 np0000032582 devstack@g-api.service[79665]: DEBUG glance_store.backend [-] Attempting to import store rbd {{(pid=79665) _load_store /opt/stack/data/venv/lib/python3.12/site-packages/glance_store/backend.py:216}}
Aug 26 14:31:06.767641 np0000032582 devstack@g-api.service[79665]: DEBUG glance_store.backend [-] Attempting to import store s3 {{(pid=79665) _load_store /opt/stack/data/venv/lib/python3.12/site-packages/glance_store/backend.py:216}}
Aug 26 14:31:06.767693 np0000032582 devstack@g-api.service[79665]: DEBUG glance_store.backend [-] Attempting to import store swift {{(pid=79665) _load_store /opt/stack/data/venv/lib/python3.12/site-packages/glance_store/backend.py:216}}
Aug 26 14:31:06.767744 np0000032582 devstack@g-api.service[79665]: DEBUG glance_store.backend [-] Attempting to import store vmware {{(pid=79665) _load_store /opt/stack/data/venv/lib/python3.12/site-packages/glance_store/backend.py:216}}
Aug 26 14:31:06.767818 np0000032582 devstack@g-api.service[79665]: DEBUG glance_store.backend [-] Registering options for group glance_store {{(pid=79665) register_opts /opt/stack/data/venv/lib/python3.12/site-packages/glance_store/backend.py:145}}
Aug 26 14:31:06.767909 np0000032582 devstack@g-api.service[79664]: DEBUG glance_store.backend [-] Attempting to import store cinder {{(pid=79664) _load_store /opt/stack/data/venv/lib/python3.12/site-packages/glance_store/backend.py:216}}
Aug 26 14:31:06.767992 np0000032582 devstack@g-api.service[79665]: DEBUG glance_store.backend [-] Registering options for group glance_store {{(pid=79665) register_opts /opt/stack/data/venv/lib/python3.12/site-packages/glance_store/backend.py:145}}
Aug 26 14:31:06.768029 np0000032582 devstack@g-api.service[79664]: DEBUG glance_store.backend [-] Attempting to import store file {{(pid=79664) _load_store /opt/stack/data/venv/lib/python3.12/site-packages/glance_store/backend.py:216}}
Aug 26 14:31:06.768104 np0000032582 devstack@g-api.service[79664]: DEBUG glance_store.backend [-] Attempting to import store glance.store.cinder.Store {{(pid=79664) _load_store /opt/stack/data/venv/lib/python3.12/site-packages/glance_store/backend.py:216}}
Aug 26 14:31:06.768172 np0000032582 devstack@g-api.service[79664]: DEBUG glance_store.backend [-] Attempting to import store glance.store.filesystem.Store {{(pid=79664) _load_store /opt/stack/data/venv/lib/python3.12/site-packages/glance_store/backend.py:216}}
Aug 26 14:31:06.768229 np0000032582 devstack@g-api.service[79664]: DEBUG glance_store.backend [-] Attempting to import store glance.store.http.Store {{(pid=79664) _load_store /opt/stack/data/venv/lib/python3.12/site-packages/glance_store/backend.py:216}}
Aug 26 14:31:06.768271 np0000032582 devstack@g-api.service[79665]: DEBUG glance_store.backend [-] Attempting to import store file {{(pid=79665) _load_store /opt/stack/data/venv/lib/python3.12/site-packages/glance_store/backend.py:216}}
Aug 26 14:31:06.768288 np0000032582 devstack@g-api.service[79664]: DEBUG glance_store.backend [-] Attempting to import store glance.store.rbd.Store {{(pid=79664) _load_store /opt/stack/data/venv/lib/python3.12/site-packages/glance_store/backend.py:216}}
Aug 26 14:31:06.768338 np0000032582 devstack@g-api.service[79664]: DEBUG glance_store.backend [-] Attempting to import store glance.store.s3.Store {{(pid=79664) _load_store /opt/stack/data/venv/lib/python3.12/site-packages/glance_store/backend.py:216}}
Aug 26 14:31:06.768396 np0000032582 devstack@g-api.service[79664]: DEBUG glance_store.backend [-] Attempting to import store glance.store.swift.Store {{(pid=79664) _load_store /opt/stack/data/venv/lib/python3.12/site-packages/glance_store/backend.py:216}}
Aug 26 14:31:06.768451 np0000032582 devstack@g-api.service[79664]: DEBUG glance_store.backend [-] Attempting to import store glance.store.vmware_datastore.Store {{(pid=79664) _load_store /opt/stack/data/venv/lib/python3.12/site-packages/glance_store/backend.py:216}}
Aug 26 14:31:06.768506 np0000032582 devstack@g-api.service[79664]: DEBUG glance_store.backend [-] Attempting to import store http {{(pid=79664) _load_store /opt/stack/data/venv/lib/python3.12/site-packages/glance_store/backend.py:216}}
Aug 26 14:31:06.768558 np0000032582 devstack@g-api.service[79665]: DEBUG glance_store.capabilities [-] Store glance_store._drivers.filesystem.Store doesn't support updating dynamic storage capabilities. Please overwrite 'update_capabilities' method of the store to implement updating logics if needed. {{(pid=79665) update_capabilities /opt/stack/data/venv/lib/python3.12/site-packages/glance_store/capabilities.py:91}}
Aug 26 14:31:06.768578 np0000032582 devstack@g-api.service[79664]: DEBUG glance_store.backend [-] Attempting to import store no_conf {{(pid=79664) _load_store /opt/stack/data/venv/lib/python3.12/site-packages/glance_store/backend.py:216}}
Aug 26 14:31:06.768607 np0000032582 devstack@g-api.service[79665]: DEBUG glance_store.backend [-] Registering store file with schemes ('file', 'filesystem') {{(pid=79665) create_stores /opt/stack/data/venv/lib/python3.12/site-packages/glance_store/backend.py:262}}
Aug 26 14:31:06.768633 np0000032582 devstack@g-api.service[79664]: DEBUG glance_store.backend [-] Attempting to import store rbd {{(pid=79664) _load_store /opt/stack/data/venv/lib/python3.12/site-packages/glance_store/backend.py:216}}
Aug 26 14:31:06.768658 np0000032582 devstack@g-api.service[79665]: DEBUG glance_store.driver [-] Late loading location class glance_store._drivers.filesystem.StoreLocation {{(pid=79665) get_store_location_class /opt/stack/data/venv/lib/python3.12/site-packages/glance_store/driver.py:133}}
Aug 26 14:31:06.768684 np0000032582 devstack@g-api.service[79664]: DEBUG glance_store.backend [-] Attempting to import store s3 {{(pid=79664) _load_store /opt/stack/data/venv/lib/python3.12/site-packages/glance_store/backend.py:216}}
Aug 26 14:31:06.768703 np0000032582 devstack@g-api.service[79665]: DEBUG glance_store.location [-] Registering scheme file with {'store': <glance_store._drivers.filesystem.Store object at 0x7d59b230be60>, 'location_class': <class 'glance_store._drivers.filesystem.StoreLocation'>, 'store_entry': 'file'} {{(pid=79665) register_scheme_map /opt/stack/data/venv/lib/python3.12/site-packages/glance_store/location.py:146}}
Aug 26 14:31:06.768728 np0000032582 devstack@g-api.service[79664]: DEBUG glance_store.backend [-] Attempting to import store swift {{(pid=79664) _load_store /opt/stack/data/venv/lib/python3.12/site-packages/glance_store/backend.py:216}}
Aug 26 14:31:06.768745 np0000032582 devstack@g-api.service[79665]: DEBUG glance_store.location [-] Registering scheme filesystem with {'store': <glance_store._drivers.filesystem.Store object at 0x7d59b230be60>, 'location_class': <class 'glance_store._drivers.filesystem.StoreLocation'>, 'store_entry': 'file'} {{(pid=79665) register_scheme_map /opt/stack/data/venv/lib/python3.12/site-packages/glance_store/location.py:146}}
Aug 26 14:31:06.768761 np0000032582 devstack@g-api.service[79664]: DEBUG glance_store.backend [-] Attempting to import store vmware {{(pid=79664) _load_store /opt/stack/data/venv/lib/python3.12/site-packages/glance_store/backend.py:216}}
Aug 26 14:31:06.768844 np0000032582 devstack@g-api.service[79665]: DEBUG glance_store.backend [-] Attempting to import store http {{(pid=79665) _load_store /opt/stack/data/venv/lib/python3.12/site-packages/glance_store/backend.py:216}}
Aug 26 14:31:06.768875 np0000032582 devstack@g-api.service[79664]: DEBUG glance_store.backend [-] Registering options for group glance_store {{(pid=79664) register_opts /opt/stack/data/venv/lib/python3.12/site-packages/glance_store/backend.py:145}}
Aug 26 14:31:06.768926 np0000032582 devstack@g-api.service[79665]: DEBUG glance_store.capabilities [-] Store glance_store._drivers.http.Store doesn't support updating dynamic storage capabilities. Please overwrite 'update_capabilities' method of the store to implement updating logics if needed. {{(pid=79665) update_capabilities /opt/stack/data/venv/lib/python3.12/site-packages/glance_store/capabilities.py:91}}
Aug 26 14:31:06.768969 np0000032582 devstack@g-api.service[79665]: DEBUG glance_store.backend [-] Registering store http with schemes ('http', 'https') {{(pid=79665) create_stores /opt/stack/data/venv/lib/python3.12/site-packages/glance_store/backend.py:262}}
Aug 26 14:31:06.768997 np0000032582 devstack@g-api.service[79664]: DEBUG glance_store.backend [-] Registering options for group glance_store {{(pid=79664) register_opts /opt/stack/data/venv/lib/python3.12/site-packages/glance_store/backend.py:145}}
Aug 26 14:31:06.769014 np0000032582 devstack@g-api.service[79665]: DEBUG glance_store.driver [-] Late loading location class glance_store._drivers.http.StoreLocation {{(pid=79665) get_store_location_class /opt/stack/data/venv/lib/python3.12/site-packages/glance_store/driver.py:133}}
Aug 26 14:31:06.769050 np0000032582 devstack@g-api.service[79665]: DEBUG glance_store.location [-] Registering scheme http with {'store': <glance_store._drivers.http.Store object at 0x7d59b1cabb00>, 'location_class': <class 'glance_store._drivers.http.StoreLocation'>, 'store_entry': 'http'} {{(pid=79665) register_scheme_map /opt/stack/data/venv/lib/python3.12/site-packages/glance_store/location.py:146}}
Aug 26 14:31:06.769090 np0000032582 devstack@g-api.service[79665]: DEBUG glance_store.location [-] Registering scheme https with {'store': <glance_store._drivers.http.Store object at 0x7d59b1cabb00>, 'location_class': <class 'glance_store._drivers.http.StoreLocation'>, 'store_entry': 'http'} {{(pid=79665) register_scheme_map /opt/stack/data/venv/lib/python3.12/site-packages/glance_store/location.py:146}}
Aug 26 14:31:06.769292 np0000032582 devstack@g-api.service[79664]: DEBUG glance_store.backend [-] Attempting to import store file {{(pid=79664) _load_store /opt/stack/data/venv/lib/python3.12/site-packages/glance_store/backend.py:216}}
Aug 26 14:31:06.769347 np0000032582 devstack@g-api.service[79665]: DEBUG glance.sqlite_migration [-] SQLite caching database not located, skipping migration {{(pid=79665) get_db_path /opt/stack/glance/glance/sqlite_migration.py:68}}
Aug 26 14:31:06.769493 np0000032582 devstack@g-api.service[79665]: WARNING glance.common.wsgi_app [-] Import methods are enabled but staging directory /tmp/staging/ does not exist; Imports will fail!
Aug 26 14:31:06.769580 np0000032582 devstack@g-api.service[79664]: DEBUG glance_store.capabilities [-] Store glance_store._drivers.filesystem.Store doesn't support updating dynamic storage capabilities. Please overwrite 'update_capabilities' method of the store to implement updating logics if needed. {{(pid=79664) update_capabilities /opt/stack/data/venv/lib/python3.12/site-packages/glance_store/capabilities.py:91}}
Aug 26 14:31:06.769630 np0000032582 devstack@g-api.service[79664]: DEBUG glance_store.backend [-] Registering store file with schemes ('file', 'filesystem') {{(pid=79664) create_stores /opt/stack/data/venv/lib/python3.12/site-packages/glance_store/backend.py:262}}
Aug 26 14:31:06.769728 np0000032582 devstack@g-api.service[79664]: DEBUG glance_store.driver [-] Late loading location class glance_store._drivers.filesystem.StoreLocation {{(pid=79664) get_store_location_class /opt/stack/data/venv/lib/python3.12/site-packages/glance_store/driver.py:133}}
Aug 26 14:31:06.769728 np0000032582 devstack@g-api.service[79664]: DEBUG glance_store.location [-] Registering scheme file with {'store': <glance_store._drivers.filesystem.Store object at 0x7d59b3a1ecc0>, 'location_class': <class 'glance_store._drivers.filesystem.StoreLocation'>, 'store_entry': 'file'} {{(pid=79664) register_scheme_map /opt/stack/data/venv/lib/python3.12/site-packages/glance_store/location.py:146}}
Aug 26 14:31:06.769780 np0000032582 devstack@g-api.service[79664]: DEBUG glance_store.location [-] Registering scheme filesystem with {'store': <glance_store._drivers.filesystem.Store object at 0x7d59b3a1ecc0>, 'location_class': <class 'glance_store._drivers.filesystem.StoreLocation'>, 'store_entry': 'file'} {{(pid=79664) register_scheme_map /opt/stack/data/venv/lib/python3.12/site-packages/glance_store/location.py:146}}
Aug 26 14:31:06.769827 np0000032582 devstack@g-api.service[79664]: DEBUG glance_store.backend [-] Attempting to import store http {{(pid=79664) _load_store /opt/stack/data/venv/lib/python3.12/site-packages/glance_store/backend.py:216}}
Aug 26 14:31:06.769972 np0000032582 devstack@g-api.service[79664]: DEBUG glance_store.capabilities [-] Store glance_store._drivers.http.Store doesn't support updating dynamic storage capabilities. Please overwrite 'update_capabilities' method of the store to implement updating logics if needed. {{(pid=79664) update_capabilities /opt/stack/data/venv/lib/python3.12/site-packages/glance_store/capabilities.py:91}}
Aug 26 14:31:06.770014 np0000032582 devstack@g-api.service[79664]: DEBUG glance_store.backend [-] Registering store http with schemes ('http', 'https') {{(pid=79664) create_stores /opt/stack/data/venv/lib/python3.12/site-packages/glance_store/backend.py:262}}
Aug 26 14:31:06.770053 np0000032582 devstack@g-api.service[79664]: DEBUG glance_store.driver [-] Late loading location class glance_store._drivers.http.StoreLocation {{(pid=79664) get_store_location_class /opt/stack/data/venv/lib/python3.12/site-packages/glance_store/driver.py:133}}
Aug 26 14:31:06.770101 np0000032582 devstack@g-api.service[79664]: DEBUG glance_store.location [-] Registering scheme http with {'store': <glance_store._drivers.http.Store object at 0x7d59b1c8f260>, 'location_class': <class 'glance_store._drivers.http.StoreLocation'>, 'store_entry': 'http'} {{(pid=79664) register_scheme_map /opt/stack/data/venv/lib/python3.12/site-packages/glance_store/location.py:146}}
Aug 26 14:31:06.770139 np0000032582 devstack@g-api.service[79664]: DEBUG glance_store.location [-] Registering scheme https with {'store': <glance_store._drivers.http.Store object at 0x7d59b1c8f260>, 'location_class': <class 'glance_store._drivers.http.StoreLocation'>, 'store_entry': 'http'} {{(pid=79664) register_scheme_map /opt/stack/data/venv/lib/python3.12/site-packages/glance_store/location.py:146}}
Aug 26 14:31:06.770382 np0000032582 devstack@g-api.service[79664]: DEBUG glance.sqlite_migration [-] SQLite caching database not located, skipping migration {{(pid=79664) get_db_path /opt/stack/glance/glance/sqlite_migration.py:68}}
Aug 26 14:31:06.770523 np0000032582 devstack@g-api.service[79664]: WARNING glance.common.wsgi_app [-] Import methods are enabled but staging directory /tmp/staging/ does not exist; Imports will fail!
Aug 26 14:31:07.045414 np0000032582 devstack@g-api.service[79664]: DEBUG glance.common.config [None req-268063da-09ef-480c-84b3-c4ac9c1df088 None None] Loading glance-api-keystone+cachemanagement from /etc/glance/glance-api-paste.ini {{(pid=79664) load_paste_app /opt/stack/glance/glance/common/config.py:750}}
Aug 26 14:31:07.064264 np0000032582 devstack@g-api.service[79665]: DEBUG glance.common.config [None req-ae4e460b-2401-4939-aa52-9e9903f6f6c4 None None] Loading glance-api-keystone+cachemanagement from /etc/glance/glance-api-paste.ini {{(pid=79665) load_paste_app /opt/stack/glance/glance/common/config.py:750}}
Aug 26 14:31:07.528236 np0000032582 devstack@g-api.service[79664]: INFO glance.image_cache [None req-268063da-09ef-480c-84b3-c4ac9c1df088 None None] Image cache loaded driver 'centralized_db'.
Aug 26 14:31:07.542539 np0000032582 devstack@g-api.service[79665]: INFO glance.image_cache [None req-ae4e460b-2401-4939-aa52-9e9903f6f6c4 None None] Image cache loaded driver 'centralized_db'.
Aug 26 14:31:07.555863 np0000032582 devstack@g-api.service[79664]: INFO dbcounter [None req-268063da-09ef-480c-84b3-c4ac9c1df088 None None] Registered counter for database glance
Aug 26 14:31:07.565034 np0000032582 devstack@g-api.service[79664]: DEBUG oslo_db.sqlalchemy.engines [None req-268063da-09ef-480c-84b3-c4ac9c1df088 None None] MySQL server mode set to STRICT_TRANS_TABLES,STRICT_ALL_TABLES,NO_ZERO_IN_DATE,NO_ZERO_DATE,ERROR_FOR_DIVISION_BY_ZERO,TRADITIONAL,NO_ENGINE_SUBSTITUTION {{(pid=79664) _check_effective_sql_mode /opt/stack/data/venv/lib/python3.12/site-packages/oslo_db/sqlalchemy/engines.py:397}}
Aug 26 14:31:07.571346 np0000032582 devstack@g-api.service[79665]: INFO dbcounter [None req-ae4e460b-2401-4939-aa52-9e9903f6f6c4 None None] Registered counter for database glance
Aug 26 14:31:07.580469 np0000032582 devstack@g-api.service[79665]: DEBUG oslo_db.sqlalchemy.engines [None req-ae4e460b-2401-4939-aa52-9e9903f6f6c4 None None] MySQL server mode set to STRICT_TRANS_TABLES,STRICT_ALL_TABLES,NO_ZERO_IN_DATE,NO_ZERO_DATE,ERROR_FOR_DIVISION_BY_ZERO,TRADITIONAL,NO_ENGINE_SUBSTITUTION {{(pid=79665) _check_effective_sql_mode /opt/stack/data/venv/lib/python3.12/site-packages/oslo_db/sqlalchemy/engines.py:397}}
Aug 26 14:31:07.581806 np0000032582 devstack@g-api.service[79664]: DEBUG dbcounter [-] [79664] Writer thread running {{(pid=79664) stat_writer /opt/stack/data/venv/lib/python3.12/site-packages/dbcounter.py:102}}
Aug 26 14:31:07.594543 np0000032582 devstack@g-api.service[79664]: INFO glance.image_cache [None req-268063da-09ef-480c-84b3-c4ac9c1df088 None None] Image cache loaded driver 'centralized_db'.
Aug 26 14:31:07.597522 np0000032582 devstack@g-api.service[79665]: DEBUG dbcounter [-] [79665] Writer thread running {{(pid=79665) stat_writer /opt/stack/data/venv/lib/python3.12/site-packages/dbcounter.py:102}}
Aug 26 14:31:07.603130 np0000032582 devstack@g-api.service[79665]: DEBUG glance.image_cache.drivers.centralized_db [None req-ae4e460b-2401-4939-aa52-9e9903f6f6c4 None None] Node reference is already recorded, ignoring it {{(pid=79665) configure /opt/stack/glance/glance/image_cache/drivers/centralized_db.py:71}}
Aug 26 14:31:07.603195 np0000032582 devstack@g-api.service[79664]: DEBUG glance.image_cache.drivers.centralized_db [None req-268063da-09ef-480c-84b3-c4ac9c1df088 None None] Node reference is already recorded, ignoring it {{(pid=79664) configure /opt/stack/glance/glance/image_cache/drivers/centralized_db.py:71}}
Aug 26 14:31:07.607045 np0000032582 devstack@g-api.service[79664]: DEBUG glance.api.v2.cached_images [None req-268063da-09ef-480c-84b3-c4ac9c1df088 None None] Started cache worker thread {{(pid=79664) __init__ /opt/stack/glance/glance/api/v2/cached_images.py:69}}
Aug 26 14:31:07.607534 np0000032582 devstack@g-api.service[79664]: INFO glance.image_cache [None req-268063da-09ef-480c-84b3-c4ac9c1df088 None None] Image cache loaded driver 'centralized_db'.
Aug 26 14:31:07.607672 np0000032582 devstack@g-api.service[79665]: INFO glance.image_cache [None req-ae4e460b-2401-4939-aa52-9e9903f6f6c4 None None] Image cache loaded driver 'centralized_db'.
Aug 26 14:31:07.612961 np0000032582 devstack@g-api.service[79664]: DEBUG glance.image_cache.drivers.centralized_db [None req-268063da-09ef-480c-84b3-c4ac9c1df088 None None] Node reference is already recorded, ignoring it {{(pid=79664) configure /opt/stack/glance/glance/image_cache/drivers/centralized_db.py:71}}
Aug 26 14:31:07.616010 np0000032582 devstack@g-api.service[79665]: DEBUG glance.image_cache.drivers.centralized_db [None req-ae4e460b-2401-4939-aa52-9e9903f6f6c4 None None] Node reference is already recorded, ignoring it {{(pid=79665) configure /opt/stack/glance/glance/image_cache/drivers/centralized_db.py:71}}
Aug 26 14:31:07.617619 np0000032582 devstack@g-api.service[79664]: INFO glance.api.middleware.cache_manage [None req-268063da-09ef-480c-84b3-c4ac9c1df088 None None] Initialized image cache management middleware
Aug 26 14:31:07.617733 np0000032582 devstack@g-api.service[79664]: INFO glance.image_cache [None req-268063da-09ef-480c-84b3-c4ac9c1df088 None None] Image cache loaded driver 'centralized_db'.
Aug 26 14:31:07.619920 np0000032582 devstack@g-api.service[79665]: DEBUG glance.api.v2.cached_images [None req-ae4e460b-2401-4939-aa52-9e9903f6f6c4 None None] Started cache worker thread {{(pid=79665) __init__ /opt/stack/glance/glance/api/v2/cached_images.py:69}}
Aug 26 14:31:07.620345 np0000032582 devstack@g-api.service[79665]: INFO glance.image_cache [None req-ae4e460b-2401-4939-aa52-9e9903f6f6c4 None None] Image cache loaded driver 'centralized_db'.
Aug 26 14:31:07.622660 np0000032582 devstack@g-api.service[79664]: DEBUG glance.image_cache.drivers.centralized_db [None req-268063da-09ef-480c-84b3-c4ac9c1df088 None None] Node reference is already recorded, ignoring it {{(pid=79664) configure /opt/stack/glance/glance/image_cache/drivers/centralized_db.py:71}}
Aug 26 14:31:07.625746 np0000032582 devstack@g-api.service[79664]: INFO glance.api.middleware.cache [None req-268063da-09ef-480c-84b3-c4ac9c1df088 None None] Initialized image cache middleware
Aug 26 14:31:07.627213 np0000032582 devstack@g-api.service[79665]: DEBUG glance.image_cache.drivers.centralized_db [None req-ae4e460b-2401-4939-aa52-9e9903f6f6c4 None None] Node reference is already recorded, ignoring it {{(pid=79665) configure /opt/stack/glance/glance/image_cache/drivers/centralized_db.py:71}}
Aug 26 14:31:07.630187 np0000032582 devstack@g-api.service[79664]: WARNING keystonemiddleware.auth_token [None req-268063da-09ef-480c-84b3-c4ac9c1df088 None None] AuthToken middleware is set with keystone_authtoken.service_token_roles_required set to False. This is backwards compatible but deprecated behaviour. Please set this to True.
Aug 26 14:31:07.630924 np0000032582 devstack@g-api.service[79665]: INFO glance.api.middleware.cache_manage [None req-ae4e460b-2401-4939-aa52-9e9903f6f6c4 None None] Initialized image cache management middleware
Aug 26 14:31:07.631043 np0000032582 devstack@g-api.service[79665]: INFO glance.image_cache [None req-ae4e460b-2401-4939-aa52-9e9903f6f6c4 None None] Image cache loaded driver 'centralized_db'.
Aug 26 14:31:07.633107 np0000032582 devstack@g-api.service[79664]: WARNING keystonemiddleware.auth_token [None req-268063da-09ef-480c-84b3-c4ac9c1df088 None None] Configuring www_authenticate_uri to point to the public identity endpoint is required; clients may not be able to authenticate against an admin endpoint
Aug 26 14:31:07.635652 np0000032582 devstack@g-api.service[79664]: DEBUG glance.common.config [None req-268063da-09ef-480c-84b3-c4ac9c1df088 None None] ******************************************************************************** {{(pid=79664) log_opt_values /opt/stack/data/venv/lib/python3.12/site-packages/oslo_config/cfg.py:2804}}
Aug 26 14:31:07.635726 np0000032582 devstack@g-api.service[79664]: DEBUG glance.common.config [None req-268063da-09ef-480c-84b3-c4ac9c1df088 None None] Configuration options gathered from: {{(pid=79664) log_opt_values /opt/stack/data/venv/lib/python3.12/site-packages/oslo_config/cfg.py:2805}}
Aug 26 14:31:07.635945 np0000032582 devstack@g-api.service[79664]: DEBUG glance.common.config [None req-268063da-09ef-480c-84b3-c4ac9c1df088 None None] command line args: [] {{(pid=79664) log_opt_values /opt/stack/data/venv/lib/python3.12/site-packages/oslo_config/cfg.py:2806}}
Aug 26 14:31:07.636066 np0000032582 devstack@g-api.service[79664]: DEBUG glance.common.config [None req-268063da-09ef-480c-84b3-c4ac9c1df088 None None] config files: ['/etc/glance/glance-image-import.conf', '/etc/glance/glance-api.conf'] {{(pid=79664) log_opt_values /opt/stack/data/venv/lib/python3.12/site-packages/oslo_config/cfg.py:2807}}
Aug 26 14:31:07.636099 np0000032582 devstack@g-api.service[79664]: DEBUG glance.common.config [None req-268063da-09ef-480c-84b3-c4ac9c1df088 None None] ================================================================================ {{(pid=79664) log_opt_values /opt/stack/data/venv/lib/python3.12/site-packages/oslo_config/cfg.py:2809}}
Aug 26 14:31:07.636207 np0000032582 devstack@g-api.service[79664]: DEBUG glance.common.config [None req-268063da-09ef-480c-84b3-c4ac9c1df088 None None] allow_anonymous_access         = False {{(pid=79664) log_opt_values /opt/stack/data/venv/lib/python3.12/site-packages/oslo_config/cfg.py:2817}}
Aug 26 14:31:07.636287 np0000032582 devstack@g-api.service[79664]: DEBUG glance.common.config [None req-268063da-09ef-480c-84b3-c4ac9c1df088 None None] api_limit_max                  = 1000 {{(pid=79664) log_opt_values /opt/stack/data/venv/lib/python3.12/site-packages/oslo_config/cfg.py:2817}}
Aug 26 14:31:07.636360 np0000032582 devstack@g-api.service[79664]: DEBUG glance.common.config [None req-268063da-09ef-480c-84b3-c4ac9c1df088 None None] backlog                        = 4096 {{(pid=79664) log_opt_values /opt/stack/data/venv/lib/python3.12/site-packages/oslo_config/cfg.py:2817}}
Aug 26 14:31:07.636464 np0000032582 devstack@g-api.service[79664]: DEBUG glance.common.config [None req-268063da-09ef-480c-84b3-c4ac9c1df088 None None] bind_host                      = 0.0.0.0 {{(pid=79664) log_opt_values /opt/stack/data/venv/lib/python3.12/site-packages/oslo_config/cfg.py:2817}}
Aug 26 14:31:07.636548 np0000032582 devstack@g-api.service[79664]: DEBUG glance.common.config [None req-268063da-09ef-480c-84b3-c4ac9c1df088 None None] bind_port                      = 19292 {{(pid=79664) log_opt_values /opt/stack/data/venv/lib/python3.12/site-packages/oslo_config/cfg.py:2817}}
Aug 26 14:31:07.636624 np0000032582 devstack@g-api.service[79664]: DEBUG glance.common.config [None req-268063da-09ef-480c-84b3-c4ac9c1df088 None None] client_socket_timeout          = 900 {{(pid=79664) log_opt_values /opt/stack/data/venv/lib/python3.12/site-packages/oslo_config/cfg.py:2817}}
Aug 26 14:31:07.636702 np0000032582 devstack@g-api.service[79664]: DEBUG glance.common.config [None req-268063da-09ef-480c-84b3-c4ac9c1df088 None None] config_dir                     = [] {{(pid=79664) log_opt_values /opt/stack/data/venv/lib/python3.12/site-packages/oslo_config/cfg.py:2817}}
Aug 26 14:31:07.636768 np0000032582 devstack@g-api.service[79664]: DEBUG glance.common.config [None req-268063da-09ef-480c-84b3-c4ac9c1df088 None None] config_file                    = ['/etc/glance/glance-image-import.conf', '/etc/glance/glance-api.conf'] {{(pid=79664) log_opt_values /opt/stack/data/venv/lib/python3.12/site-packages/oslo_config/cfg.py:2817}}
Aug 26 14:31:07.636845 np0000032582 devstack@g-api.service[79664]: DEBUG glance.common.config [None req-268063da-09ef-480c-84b3-c4ac9c1df088 None None] config_source                  = [] {{(pid=79664) log_opt_values /opt/stack/data/venv/lib/python3.12/site-packages/oslo_config/cfg.py:2817}}
Aug 26 14:31:07.636925 np0000032582 devstack@g-api.service[79664]: DEBUG glance.common.config [None req-268063da-09ef-480c-84b3-c4ac9c1df088 None None] control_exchange               = glance {{(pid=79664) log_opt_values /opt/stack/data/venv/lib/python3.12/site-packages/oslo_config/cfg.py:2817}}
Aug 26 14:31:07.636979 np0000032582 devstack@g-api.service[79664]: DEBUG glance.common.config [None req-268063da-09ef-480c-84b3-c4ac9c1df088 None None] debug                          = True {{(pid=79664) log_opt_values /opt/stack/data/venv/lib/python3.12/site-packages/oslo_config/cfg.py:2817}}
Aug 26 14:31:07.637114 np0000032582 devstack@g-api.service[79664]: DEBUG glance.common.config [None req-268063da-09ef-480c-84b3-c4ac9c1df088 None None] default_log_levels             = ['amqp=WARN', 'amqplib=WARN', 'boto=WARN', 'qpid=WARN', 'sqlalchemy=WARN', 'suds=INFO', 'oslo.messaging=INFO', 'oslo_messaging=INFO', 'iso8601=WARN', 'requests.packages.urllib3.connectionpool=WARN', 'urllib3.connectionpool=WARN', 'websocket=WARN', 'requests.packages.urllib3.util.retry=WARN', 'urllib3.util.retry=WARN', 'keystonemiddleware=WARN', 'routes.middleware=WARN', 'stevedore=WARN', 'taskflow=WARN', 'keystoneauth=WARN', 'oslo.cache=INFO', 'oslo_policy=INFO', 'dogpile.core.dogpile=INFO'] {{(pid=79664) log_opt_values /opt/stack/data/venv/lib/python3.12/site-packages/oslo_config/cfg.py:2817}}
Aug 26 14:31:07.637189 np0000032582 devstack@g-api.service[79664]: DEBUG glance.common.config [None req-268063da-09ef-480c-84b3-c4ac9c1df088 None None] default_publisher_id           = image.localhost {{(pid=79664) log_opt_values /opt/stack/data/venv/lib/python3.12/site-packages/oslo_config/cfg.py:2817}}
Aug 26 14:31:07.637206 np0000032582 devstack@g-api.service[79665]: DEBUG glance.image_cache.drivers.centralized_db [None req-ae4e460b-2401-4939-aa52-9e9903f6f6c4 None None] Node reference is already recorded, ignoring it {{(pid=79665) configure /opt/stack/glance/glance/image_cache/drivers/centralized_db.py:71}}
Aug 26 14:31:07.637283 np0000032582 devstack@g-api.service[79664]: DEBUG glance.common.config [None req-268063da-09ef-480c-84b3-c4ac9c1df088 None None] delayed_delete                 = False {{(pid=79664) log_opt_values /opt/stack/data/venv/lib/python3.12/site-packages/oslo_config/cfg.py:2817}}
Aug 26 14:31:07.637337 np0000032582 devstack@g-api.service[79664]: DEBUG glance.common.config [None req-268063da-09ef-480c-84b3-c4ac9c1df088 None None] digest_algorithm               = sha256 {{(pid=79664) log_opt_values /opt/stack/data/venv/lib/python3.12/site-packages/oslo_config/cfg.py:2817}}
Aug 26 14:31:07.637411 np0000032582 devstack@g-api.service[79664]: DEBUG glance.common.config [None req-268063da-09ef-480c-84b3-c4ac9c1df088 None None] disabled_notifications         = [] {{(pid=79664) log_opt_values /opt/stack/data/venv/lib/python3.12/site-packages/oslo_config/cfg.py:2817}}
Aug 26 14:31:07.637484 np0000032582 devstack@g-api.service[79664]: DEBUG glance.common.config [None req-268063da-09ef-480c-84b3-c4ac9c1df088 None None] do_secure_hash                 = True {{(pid=79664) log_opt_values /opt/stack/data/venv/lib/python3.12/site-packages/oslo_config/cfg.py:2817}}
Aug 26 14:31:07.637556 np0000032582 devstack@g-api.service[79664]: DEBUG glance.common.config [None req-268063da-09ef-480c-84b3-c4ac9c1df088 None None] enabled_backends               = None {{(pid=79664) log_opt_values /opt/stack/data/venv/lib/python3.12/site-packages/oslo_config/cfg.py:2817}}
Aug 26 14:31:07.637641 np0000032582 devstack@g-api.service[79664]: DEBUG glance.common.config [None req-268063da-09ef-480c-84b3-c4ac9c1df088 None None] enabled_import_methods         = ['glance-direct', 'web-download', 'copy-image'] {{(pid=79664) log_opt_values /opt/stack/data/venv/lib/python3.12/site-packages/oslo_config/cfg.py:2817}}
Aug 26 14:31:07.637717 np0000032582 devstack@g-api.service[79664]: DEBUG glance.common.config [None req-268063da-09ef-480c-84b3-c4ac9c1df088 None None] hashing_algorithm              = sha512 {{(pid=79664) log_opt_values /opt/stack/data/venv/lib/python3.12/site-packages/oslo_config/cfg.py:2817}}
Aug 26 14:31:07.637789 np0000032582 devstack@g-api.service[79664]: DEBUG glance.common.config [None req-268063da-09ef-480c-84b3-c4ac9c1df088 None None] http_keepalive                 = True {{(pid=79664) log_opt_values /opt/stack/data/venv/lib/python3.12/site-packages/oslo_config/cfg.py:2817}}
Aug 26 14:31:07.637873 np0000032582 devstack@g-api.service[79664]: DEBUG glance.common.config [None req-268063da-09ef-480c-84b3-c4ac9c1df088 None None] http_retries                   = 3 {{(pid=79664) log_opt_values /opt/stack/data/venv/lib/python3.12/site-packages/oslo_config/cfg.py:2817}}
Aug 26 14:31:07.637945 np0000032582 devstack@g-api.service[79664]: DEBUG glance.common.config [None req-268063da-09ef-480c-84b3-c4ac9c1df088 None None] image_cache_dir                = /opt/stack/data/glance/cache/ {{(pid=79664) log_opt_values /opt/stack/data/venv/lib/python3.12/site-packages/oslo_config/cfg.py:2817}}
Aug 26 14:31:07.638058 np0000032582 devstack@g-api.service[79664]: DEBUG glance.common.config [None req-268063da-09ef-480c-84b3-c4ac9c1df088 None None] image_cache_driver             = centralized_db {{(pid=79664) log_opt_values /opt/stack/data/venv/lib/python3.12/site-packages/oslo_config/cfg.py:2817}}
Aug 26 14:31:07.638089 np0000032582 devstack@g-api.service[79664]: DEBUG glance.common.config [None req-268063da-09ef-480c-84b3-c4ac9c1df088 None None] image_cache_max_size           = 10737418240 {{(pid=79664) log_opt_values /opt/stack/data/venv/lib/python3.12/site-packages/oslo_config/cfg.py:2817}}
Aug 26 14:31:07.638170 np0000032582 devstack@g-api.service[79664]: DEBUG glance.common.config [None req-268063da-09ef-480c-84b3-c4ac9c1df088 None None] image_cache_sqlite_db          = cache.db {{(pid=79664) log_opt_values /opt/stack/data/venv/lib/python3.12/site-packages/oslo_config/cfg.py:2817}}
Aug 26 14:31:07.638244 np0000032582 devstack@g-api.service[79664]: DEBUG glance.common.config [None req-268063da-09ef-480c-84b3-c4ac9c1df088 None None] image_cache_stall_time         = 86400 {{(pid=79664) log_opt_values /opt/stack/data/venv/lib/python3.12/site-packages/oslo_config/cfg.py:2817}}
Aug 26 14:31:07.638333 np0000032582 devstack@g-api.service[79664]: DEBUG glance.common.config [None req-268063da-09ef-480c-84b3-c4ac9c1df088 None None] image_location_quota           = 10 {{(pid=79664) log_opt_values /opt/stack/data/venv/lib/python3.12/site-packages/oslo_config/cfg.py:2817}}
Aug 26 14:31:07.638387 np0000032582 devstack@g-api.service[79664]: DEBUG glance.common.config [None req-268063da-09ef-480c-84b3-c4ac9c1df088 None None] image_member_quota             = 128 {{(pid=79664) log_opt_values /opt/stack/data/venv/lib/python3.12/site-packages/oslo_config/cfg.py:2817}}
Aug 26 14:31:07.638457 np0000032582 devstack@g-api.service[79664]: DEBUG glance.common.config [None req-268063da-09ef-480c-84b3-c4ac9c1df088 None None] image_property_quota           = 128 {{(pid=79664) log_opt_values /opt/stack/data/venv/lib/python3.12/site-packages/oslo_config/cfg.py:2817}}
Aug 26 14:31:07.638528 np0000032582 devstack@g-api.service[79664]: DEBUG glance.common.config [None req-268063da-09ef-480c-84b3-c4ac9c1df088 None None] image_size_cap                 = 1099511627776 {{(pid=79664) log_opt_values /opt/stack/data/venv/lib/python3.12/site-packages/oslo_config/cfg.py:2817}}
Aug 26 14:31:07.638599 np0000032582 devstack@g-api.service[79664]: DEBUG glance.common.config [None req-268063da-09ef-480c-84b3-c4ac9c1df088 None None] image_tag_quota                = 128 {{(pid=79664) log_opt_values /opt/stack/data/venv/lib/python3.12/site-packages/oslo_config/cfg.py:2817}}
Aug 26 14:31:07.638676 np0000032582 devstack@g-api.service[79664]: DEBUG glance.common.config [None req-268063da-09ef-480c-84b3-c4ac9c1df088 None None] instance_format                = [instance: %(uuid)s]  {{(pid=79664) log_opt_values /opt/stack/data/venv/lib/python3.12/site-packages/oslo_config/cfg.py:2817}}
Aug 26 14:31:07.638749 np0000032582 devstack@g-api.service[79664]: DEBUG glance.common.config [None req-268063da-09ef-480c-84b3-c4ac9c1df088 None None] instance_uuid_format           = [instance: %(uuid)s]  {{(pid=79664) log_opt_values /opt/stack/data/venv/lib/python3.12/site-packages/oslo_config/cfg.py:2817}}
Aug 26 14:31:07.638827 np0000032582 devstack@g-api.service[79664]: DEBUG glance.common.config [None req-268063da-09ef-480c-84b3-c4ac9c1df088 None None] limit_param_default            = 25 {{(pid=79664) log_opt_values /opt/stack/data/venv/lib/python3.12/site-packages/oslo_config/cfg.py:2817}}
Aug 26 14:31:07.638905 np0000032582 devstack@g-api.service[79664]: DEBUG glance.common.config [None req-268063da-09ef-480c-84b3-c4ac9c1df088 None None] log_color                      = False {{(pid=79664) log_opt_values /opt/stack/data/venv/lib/python3.12/site-packages/oslo_config/cfg.py:2817}}
Aug 26 14:31:07.638983 np0000032582 devstack@g-api.service[79664]: DEBUG glance.common.config [None req-268063da-09ef-480c-84b3-c4ac9c1df088 None None] log_config_append              = None {{(pid=79664) log_opt_values /opt/stack/data/venv/lib/python3.12/site-packages/oslo_config/cfg.py:2817}}
Aug 26 14:31:07.639062 np0000032582 devstack@g-api.service[79664]: DEBUG glance.common.config [None req-268063da-09ef-480c-84b3-c4ac9c1df088 None None] log_date_format                = %Y-%m-%d %H:%M:%S {{(pid=79664) log_opt_values /opt/stack/data/venv/lib/python3.12/site-packages/oslo_config/cfg.py:2817}}
Aug 26 14:31:07.639162 np0000032582 devstack@g-api.service[79664]: DEBUG glance.common.config [None req-268063da-09ef-480c-84b3-c4ac9c1df088 None None] log_dir                        = None {{(pid=79664) log_opt_values /opt/stack/data/venv/lib/python3.12/site-packages/oslo_config/cfg.py:2817}}
Aug 26 14:31:07.639220 np0000032582 devstack@g-api.service[79664]: DEBUG glance.common.config [None req-268063da-09ef-480c-84b3-c4ac9c1df088 None None] log_file                       = None {{(pid=79664) log_opt_values /opt/stack/data/venv/lib/python3.12/site-packages/oslo_config/cfg.py:2817}}
Aug 26 14:31:07.639294 np0000032582 devstack@g-api.service[79664]: DEBUG glance.common.config [None req-268063da-09ef-480c-84b3-c4ac9c1df088 None None] log_rotate_interval            = 1 {{(pid=79664) log_opt_values /opt/stack/data/venv/lib/python3.12/site-packages/oslo_config/cfg.py:2817}}
Aug 26 14:31:07.639375 np0000032582 devstack@g-api.service[79664]: DEBUG glance.common.config [None req-268063da-09ef-480c-84b3-c4ac9c1df088 None None] log_rotate_interval_type       = days {{(pid=79664) log_opt_values /opt/stack/data/venv/lib/python3.12/site-packages/oslo_config/cfg.py:2817}}
Aug 26 14:31:07.639458 np0000032582 devstack@g-api.service[79664]: DEBUG glance.common.config [None req-268063da-09ef-480c-84b3-c4ac9c1df088 None None] log_rotation_type              = none {{(pid=79664) log_opt_values /opt/stack/data/venv/lib/python3.12/site-packages/oslo_config/cfg.py:2817}}
Aug 26 14:31:07.639504 np0000032582 devstack@g-api.service[79664]: DEBUG glance.common.config [None req-268063da-09ef-480c-84b3-c4ac9c1df088 None None] logging_context_format_string  = %(color)s%(levelname)s %(name)s [%(global_request_id)s %(request_id)s %(project_name)s %(user_name)s%(color)s] %(instance)s%(color)s%(message)s {{(pid=79664) log_opt_values /opt/stack/data/venv/lib/python3.12/site-packages/oslo_config/cfg.py:2817}}
Aug 26 14:31:07.639557 np0000032582 devstack@g-api.service[79664]: DEBUG glance.common.config [None req-268063da-09ef-480c-84b3-c4ac9c1df088 None None] logging_debug_format_suffix    = {{(pid=%(process)d) %(funcName)s %(pathname)s:%(lineno)d}} {{(pid=79664) log_opt_values /opt/stack/data/venv/lib/python3.12/site-packages/oslo_config/cfg.py:2817}}
Aug 26 14:31:07.639635 np0000032582 devstack@g-api.service[79664]: DEBUG glance.common.config [None req-268063da-09ef-480c-84b3-c4ac9c1df088 None None] logging_default_format_string  = %(color)s%(levelname)s %(name)s [-%(color)s] %(instance)s%(color)s%(message)s {{(pid=79664) log_opt_values /opt/stack/data/venv/lib/python3.12/site-packages/oslo_config/cfg.py:2817}}
Aug 26 14:31:07.639709 np0000032582 devstack@g-api.service[79664]: DEBUG glance.common.config [None req-268063da-09ef-480c-84b3-c4ac9c1df088 None None] logging_exception_prefix       = ERROR %(name)s %(instance)s {{(pid=79664) log_opt_values /opt/stack/data/venv/lib/python3.12/site-packages/oslo_config/cfg.py:2817}}
Aug 26 14:31:07.639763 np0000032582 devstack@g-api.service[79664]: DEBUG glance.common.config [None req-268063da-09ef-480c-84b3-c4ac9c1df088 None None] logging_user_identity_format   = %(user)s %(project)s %(domain)s %(system_scope)s %(user_domain)s %(project_domain)s {{(pid=79664) log_opt_values /opt/stack/data/venv/lib/python3.12/site-packages/oslo_config/cfg.py:2817}}
Aug 26 14:31:07.639846 np0000032582 devstack@g-api.service[79664]: DEBUG glance.common.config [None req-268063da-09ef-480c-84b3-c4ac9c1df088 None None] max_header_line                = 16384 {{(pid=79664) log_opt_values /opt/stack/data/venv/lib/python3.12/site-packages/oslo_config/cfg.py:2817}}
Aug 26 14:31:07.639919 np0000032582 devstack@g-api.service[79664]: DEBUG glance.common.config [None req-268063da-09ef-480c-84b3-c4ac9c1df088 None None] max_logfile_count              = 30 {{(pid=79664) log_opt_values /opt/stack/data/venv/lib/python3.12/site-packages/oslo_config/cfg.py:2817}}
Aug 26 14:31:07.639992 np0000032582 devstack@g-api.service[79664]: DEBUG glance.common.config [None req-268063da-09ef-480c-84b3-c4ac9c1df088 None None] max_logfile_size_mb            = 200 {{(pid=79664) log_opt_values /opt/stack/data/venv/lib/python3.12/site-packages/oslo_config/cfg.py:2817}}
Aug 26 14:31:07.640065 np0000032582 devstack@g-api.service[79664]: DEBUG glance.common.config [None req-268063da-09ef-480c-84b3-c4ac9c1df088 None None] max_request_id_length          = 64 {{(pid=79664) log_opt_values /opt/stack/data/venv/lib/python3.12/site-packages/oslo_config/cfg.py:2817}}
Aug 26 14:31:07.640136 np0000032582 devstack@g-api.service[79664]: DEBUG glance.common.config [None req-268063da-09ef-480c-84b3-c4ac9c1df088 None None] metadata_encryption_key        = **** {{(pid=79664) log_opt_values /opt/stack/data/venv/lib/python3.12/site-packages/oslo_config/cfg.py:2817}}
Aug 26 14:31:07.640218 np0000032582 devstack@g-api.service[79664]: DEBUG glance.common.config [None req-268063da-09ef-480c-84b3-c4ac9c1df088 None None] node_staging_uri               = file:///tmp/staging/ {{(pid=79664) log_opt_values /opt/stack/data/venv/lib/python3.12/site-packages/oslo_config/cfg.py:2817}}
Aug 26 14:31:07.640249 np0000032582 devstack@g-api.service[79665]: INFO glance.api.middleware.cache [None req-ae4e460b-2401-4939-aa52-9e9903f6f6c4 None None] Initialized image cache middleware
Aug 26 14:31:07.640288 np0000032582 devstack@g-api.service[79664]: DEBUG glance.common.config [None req-268063da-09ef-480c-84b3-c4ac9c1df088 None None] property_protection_file       = None {{(pid=79664) log_opt_values /opt/stack/data/venv/lib/python3.12/site-packages/oslo_config/cfg.py:2817}}
