Aug 04 22:55:58.932938 np0000032179 devstack@n-api.service[69135]: DEBUG oslo_concurrency.lockutils [None req-4f2db13e-abf0-4327-a751-3aa33756feb3 None None] Lock "00000000-0000-0000-0000-000000000000" "released" by "nova.context.set_target_cell.<locals>.get_or_set_cached_cell_and_set_connections" :: held 0.000s {{(pid=69135) inner /opt/stack/data/venv/lib/python3.12/site-packages/oslo_concurrency/lockutils.py:424}}
Aug 04 22:55:58.933282 np0000032179 devstack@n-api.service[69135]: DEBUG oslo_concurrency.lockutils [None req-4f2db13e-abf0-4327-a751-3aa33756feb3 None None] Acquiring lock "c149ec15-e2ee-4ec7-b7cc-e2768c9df709" by "nova.context.set_target_cell.<locals>.get_or_set_cached_cell_and_set_connections" {{(pid=69135) inner /opt/stack/data/venv/lib/python3.12/site-packages/oslo_concurrency/lockutils.py:405}}
Aug 04 22:55:58.933410 np0000032179 devstack@n-api.service[69135]: DEBUG oslo_concurrency.lockutils [None req-4f2db13e-abf0-4327-a751-3aa33756feb3 None None] Lock "c149ec15-e2ee-4ec7-b7cc-e2768c9df709" acquired by "nova.context.set_target_cell.<locals>.get_or_set_cached_cell_and_set_connections" :: waited 0.000s {{(pid=69135) inner /opt/stack/data/venv/lib/python3.12/site-packages/oslo_concurrency/lockutils.py:410}}
Aug 04 22:55:58.934074 np0000032179 devstack@n-api.service[69135]: DEBUG oslo_concurrency.lockutils [None req-4f2db13e-abf0-4327-a751-3aa33756feb3 None None] Lock "c149ec15-e2ee-4ec7-b7cc-e2768c9df709" "released" by "nova.context.set_target_cell.<locals>.get_or_set_cached_cell_and_set_connections" :: held 0.001s {{(pid=69135) inner /opt/stack/data/venv/lib/python3.12/site-packages/oslo_concurrency/lockutils.py:424}}
Aug 04 22:55:58.935157 np0000032179 devstack@n-api.service[69135]: INFO dbcounter [None req-4f2db13e-abf0-4327-a751-3aa33756feb3 None None] Registered counter for database nova_cell0
Aug 04 22:55:58.936039 np0000032179 devstack@n-api.service[69134]: DEBUG dbcounter [-] [69134] Writer thread running {{(pid=69134) stat_writer /opt/stack/data/venv/lib/python3.12/site-packages/dbcounter.py:102}}
Aug 04 22:55:58.936935 np0000032179 devstack@n-api.service[69135]: INFO dbcounter [None req-4f2db13e-abf0-4327-a751-3aa33756feb3 None None] Registered counter for database nova_cell1
Aug 04 22:55:58.937748 np0000032179 devstack@n-api.service[69134]: DEBUG nova.context [None req-0666e9c2-cdcc-4c71-a43b-8c96e4c5e7e0 None None] Found 2 cells: 00000000-0000-0000-0000-000000000000(cell0),c149ec15-e2ee-4ec7-b7cc-e2768c9df709(cell1) {{(pid=69134) load_cells /opt/stack/nova/nova/context.py:472}}
Aug 04 22:55:58.938046 np0000032179 devstack@n-api.service[69134]: INFO nova.utils [None req-0666e9c2-cdcc-4c71-a43b-8c96e4c5e7e0 None None] The cell worker thread pool MainProcess.cell_worker is initialized
Aug 04 22:55:58.940150 np0000032179 devstack@n-api.service[69135]: DEBUG oslo_db.sqlalchemy.engines [None req-4f2db13e-abf0-4327-a751-3aa33756feb3 None None] MySQL server mode set to STRICT_TRANS_TABLES,STRICT_ALL_TABLES,NO_ZERO_IN_DATE,NO_ZERO_DATE,ERROR_FOR_DIVISION_BY_ZERO,TRADITIONAL,NO_ENGINE_SUBSTITUTION {{(pid=69135) _check_effective_sql_mode /opt/stack/data/venv/lib/python3.12/site-packages/oslo_db/sqlalchemy/engines.py:397}}
Aug 04 22:55:58.940284 np0000032179 devstack@n-api.service[69134]: DEBUG oslo_concurrency.lockutils [None req-0666e9c2-cdcc-4c71-a43b-8c96e4c5e7e0 None None] Acquiring lock "00000000-0000-0000-0000-000000000000" by "nova.context.set_target_cell.<locals>.get_or_set_cached_cell_and_set_connections" {{(pid=69134) inner /opt/stack/data/venv/lib/python3.12/site-packages/oslo_concurrency/lockutils.py:405}}
Aug 04 22:55:58.940368 np0000032179 devstack@n-api.service[69134]: DEBUG oslo_concurrency.lockutils [None req-0666e9c2-cdcc-4c71-a43b-8c96e4c5e7e0 None None] Lock "00000000-0000-0000-0000-000000000000" acquired by "nova.context.set_target_cell.<locals>.get_or_set_cached_cell_and_set_connections" :: waited 0.000s {{(pid=69134) inner /opt/stack/data/venv/lib/python3.12/site-packages/oslo_concurrency/lockutils.py:410}}
Aug 04 22:55:58.940778 np0000032179 devstack@n-api.service[69134]: DEBUG oslo_concurrency.lockutils [None req-0666e9c2-cdcc-4c71-a43b-8c96e4c5e7e0 None None] Lock "00000000-0000-0000-0000-000000000000" "released" by "nova.context.set_target_cell.<locals>.get_or_set_cached_cell_and_set_connections" :: held 0.000s {{(pid=69134) inner /opt/stack/data/venv/lib/python3.12/site-packages/oslo_concurrency/lockutils.py:424}}
Aug 04 22:55:58.941285 np0000032179 devstack@n-api.service[69134]: DEBUG oslo_concurrency.lockutils [None req-0666e9c2-cdcc-4c71-a43b-8c96e4c5e7e0 None None] Acquiring lock "c149ec15-e2ee-4ec7-b7cc-e2768c9df709" by "nova.context.set_target_cell.<locals>.get_or_set_cached_cell_and_set_connections" {{(pid=69134) inner /opt/stack/data/venv/lib/python3.12/site-packages/oslo_concurrency/lockutils.py:405}}
Aug 04 22:55:58.941494 np0000032179 devstack@n-api.service[69134]: DEBUG oslo_concurrency.lockutils [None req-0666e9c2-cdcc-4c71-a43b-8c96e4c5e7e0 None None] Lock "c149ec15-e2ee-4ec7-b7cc-e2768c9df709" acquired by "nova.context.set_target_cell.<locals>.get_or_set_cached_cell_and_set_connections" :: waited 0.000s {{(pid=69134) inner /opt/stack/data/venv/lib/python3.12/site-packages/oslo_concurrency/lockutils.py:410}}
Aug 04 22:55:58.942285 np0000032179 devstack@n-api.service[69134]: DEBUG oslo_concurrency.lockutils [None req-0666e9c2-cdcc-4c71-a43b-8c96e4c5e7e0 None None] Lock "c149ec15-e2ee-4ec7-b7cc-e2768c9df709" "released" by "nova.context.set_target_cell.<locals>.get_or_set_cached_cell_and_set_connections" :: held 0.001s {{(pid=69134) inner /opt/stack/data/venv/lib/python3.12/site-packages/oslo_concurrency/lockutils.py:424}}
Aug 04 22:55:58.943437 np0000032179 devstack@n-api.service[69134]: INFO dbcounter [None req-0666e9c2-cdcc-4c71-a43b-8c96e4c5e7e0 None None] Registered counter for database nova_cell0
Aug 04 22:55:58.945291 np0000032179 devstack@n-api.service[69134]: INFO dbcounter [None req-0666e9c2-cdcc-4c71-a43b-8c96e4c5e7e0 None None] Registered counter for database nova_cell1
Aug 04 22:55:58.949203 np0000032179 devstack@n-api.service[69134]: DEBUG oslo_db.sqlalchemy.engines [None req-0666e9c2-cdcc-4c71-a43b-8c96e4c5e7e0 None None] MySQL server mode set to STRICT_TRANS_TABLES,STRICT_ALL_TABLES,NO_ZERO_IN_DATE,NO_ZERO_DATE,ERROR_FOR_DIVISION_BY_ZERO,TRADITIONAL,NO_ENGINE_SUBSTITUTION {{(pid=69134) _check_effective_sql_mode /opt/stack/data/venv/lib/python3.12/site-packages/oslo_db/sqlalchemy/engines.py:397}}
Aug 04 22:55:58.951642 np0000032179 devstack@n-api.service[69134]: DEBUG oslo_db.sqlalchemy.engines [None req-0666e9c2-cdcc-4c71-a43b-8c96e4c5e7e0 None None] MySQL server mode set to STRICT_TRANS_TABLES,STRICT_ALL_TABLES,NO_ZERO_IN_DATE,NO_ZERO_DATE,ERROR_FOR_DIVISION_BY_ZERO,TRADITIONAL,NO_ENGINE_SUBSTITUTION {{(pid=69134) _check_effective_sql_mode /opt/stack/data/venv/lib/python3.12/site-packages/oslo_db/sqlalchemy/engines.py:397}}
Aug 04 22:55:58.999771 np0000032179 devstack@n-api.service[69135]: DEBUG oslo_db.sqlalchemy.engines [None req-4f2db13e-abf0-4327-a751-3aa33756feb3 None None] MySQL server mode set to STRICT_TRANS_TABLES,STRICT_ALL_TABLES,NO_ZERO_IN_DATE,NO_ZERO_DATE,ERROR_FOR_DIVISION_BY_ZERO,TRADITIONAL,NO_ENGINE_SUBSTITUTION {{(pid=69135) _check_effective_sql_mode /opt/stack/data/venv/lib/python3.12/site-packages/oslo_db/sqlalchemy/engines.py:397}}
Aug 04 22:55:59.000089 np0000032179 devstack@n-api.service[69135]: DEBUG dbcounter [-] [69135] Writer thread running {{(pid=69135) stat_writer /opt/stack/data/venv/lib/python3.12/site-packages/dbcounter.py:102}}
Aug 04 22:55:59.003490 np0000032179 devstack@n-api.service[69135]: DEBUG dbcounter [-] [69135] Writer thread running {{(pid=69135) stat_writer /opt/stack/data/venv/lib/python3.12/site-packages/dbcounter.py:102}}
Aug 04 22:55:59.005295 np0000032179 devstack@n-api.service[69135]: INFO dbcounter [None req-4f2db13e-abf0-4327-a751-3aa33756feb3 None None] Registered counter for database nova_cell0
Aug 04 22:55:59.009968 np0000032179 devstack@n-api.service[69135]: DEBUG oslo_db.sqlalchemy.engines [None req-4f2db13e-abf0-4327-a751-3aa33756feb3 None None] MySQL server mode set to STRICT_TRANS_TABLES,STRICT_ALL_TABLES,NO_ZERO_IN_DATE,NO_ZERO_DATE,ERROR_FOR_DIVISION_BY_ZERO,TRADITIONAL,NO_ENGINE_SUBSTITUTION {{(pid=69135) _check_effective_sql_mode /opt/stack/data/venv/lib/python3.12/site-packages/oslo_db/sqlalchemy/engines.py:397}}
Aug 04 22:55:59.010356 np0000032179 devstack@n-api.service[69134]: DEBUG dbcounter [-] [69134] Writer thread running {{(pid=69134) stat_writer /opt/stack/data/venv/lib/python3.12/site-packages/dbcounter.py:102}}
Aug 04 22:55:59.013382 np0000032179 devstack@n-api.service[69135]: DEBUG dbcounter [-] [69135] Writer thread running {{(pid=69135) stat_writer /opt/stack/data/venv/lib/python3.12/site-packages/dbcounter.py:102}}
Aug 04 22:55:59.013917 np0000032179 devstack@n-api.service[69134]: DEBUG dbcounter [-] [69134] Writer thread running {{(pid=69134) stat_writer /opt/stack/data/venv/lib/python3.12/site-packages/dbcounter.py:102}}
Aug 04 22:55:59.015716 np0000032179 devstack@n-api.service[69134]: INFO dbcounter [None req-0666e9c2-cdcc-4c71-a43b-8c96e4c5e7e0 None None] Registered counter for database nova_cell0
Aug 04 22:55:59.020637 np0000032179 devstack@n-api.service[69134]: DEBUG oslo_db.sqlalchemy.engines [None req-0666e9c2-cdcc-4c71-a43b-8c96e4c5e7e0 None None] MySQL server mode set to STRICT_TRANS_TABLES,STRICT_ALL_TABLES,NO_ZERO_IN_DATE,NO_ZERO_DATE,ERROR_FOR_DIVISION_BY_ZERO,TRADITIONAL,NO_ENGINE_SUBSTITUTION {{(pid=69134) _check_effective_sql_mode /opt/stack/data/venv/lib/python3.12/site-packages/oslo_db/sqlalchemy/engines.py:397}}
Aug 04 22:55:59.024419 np0000032179 devstack@n-api.service[69134]: DEBUG dbcounter [-] [69134] Writer thread running {{(pid=69134) stat_writer /opt/stack/data/venv/lib/python3.12/site-packages/dbcounter.py:102}}
Aug 04 22:55:59.361586 np0000032179 devstack@n-api.service[69135]: DEBUG oslo_concurrency.processutils [None req-4f2db13e-abf0-4327-a751-3aa33756feb3 None None] Running cmd (subprocess): grep -F node.session.scan /sbin/iscsiadm {{(pid=69135) execute /opt/stack/data/venv/lib/python3.12/site-packages/oslo_concurrency/processutils.py:349}}
Aug 04 22:55:59.363101 np0000032179 devstack@n-api.service[69134]: DEBUG oslo_concurrency.processutils [None req-0666e9c2-cdcc-4c71-a43b-8c96e4c5e7e0 None None] Running cmd (subprocess): grep -F node.session.scan /sbin/iscsiadm {{(pid=69134) execute /opt/stack/data/venv/lib/python3.12/site-packages/oslo_concurrency/processutils.py:349}}
Aug 04 22:55:59.368607 np0000032179 devstack@n-api.service[69135]: DEBUG oslo_concurrency.processutils [None req-4f2db13e-abf0-4327-a751-3aa33756feb3 None None] CMD "grep -F node.session.scan /sbin/iscsiadm" returned: 0 in 0.007s {{(pid=69135) execute /opt/stack/data/venv/lib/python3.12/site-packages/oslo_concurrency/processutils.py:372}}
Aug 04 22:55:59.369780 np0000032179 devstack@n-api.service[69134]: DEBUG oslo_concurrency.processutils [None req-0666e9c2-cdcc-4c71-a43b-8c96e4c5e7e0 None None] CMD "grep -F node.session.scan /sbin/iscsiadm" returned: 0 in 0.007s {{(pid=69134) execute /opt/stack/data/venv/lib/python3.12/site-packages/oslo_concurrency/processutils.py:372}}
Aug 04 22:55:59.654726 np0000032179 devstack@n-api.service[69135]: WARNING keystonemiddleware.auth_token [None req-4f2db13e-abf0-4327-a751-3aa33756feb3 None None] AuthToken middleware is set with keystone_authtoken.service_token_roles_required set to False. This is backwards compatible but deprecated behaviour. Please set this to True.
Aug 04 22:55:59.655697 np0000032179 devstack@n-api.service[69134]: WARNING keystonemiddleware.auth_token [None req-0666e9c2-cdcc-4c71-a43b-8c96e4c5e7e0 None None] AuthToken middleware is set with keystone_authtoken.service_token_roles_required set to False. This is backwards compatible but deprecated behaviour. Please set this to True.
Aug 04 22:55:59.657939 np0000032179 devstack@n-api.service[69135]: WARNING keystonemiddleware.auth_token [None req-4f2db13e-abf0-4327-a751-3aa33756feb3 None None] Configuring www_authenticate_uri to point to the public identity endpoint is required; clients may not be able to authenticate against an admin endpoint
Aug 04 22:55:59.658983 np0000032179 devstack@n-api.service[69134]: WARNING keystonemiddleware.auth_token [None req-0666e9c2-cdcc-4c71-a43b-8c96e4c5e7e0 None None] Configuring www_authenticate_uri to point to the public identity endpoint is required; clients may not be able to authenticate against an admin endpoint
Aug 04 22:55:59.810915 np0000032179 devstack@n-api.service[69135]: WARNING keystonemiddleware.auth_token [None req-4f2db13e-abf0-4327-a751-3aa33756feb3 None None] AuthToken middleware is set with keystone_authtoken.service_token_roles_required set to False. This is backwards compatible but deprecated behaviour. Please set this to True.
Aug 04 22:55:59.813392 np0000032179 devstack@n-api.service[69135]: WARNING keystonemiddleware.auth_token [None req-4f2db13e-abf0-4327-a751-3aa33756feb3 None None] Configuring www_authenticate_uri to point to the public identity endpoint is required; clients may not be able to authenticate against an admin endpoint
Aug 04 22:55:59.814070 np0000032179 devstack@n-api.service[69134]: WARNING keystonemiddleware.auth_token [None req-0666e9c2-cdcc-4c71-a43b-8c96e4c5e7e0 None None] AuthToken middleware is set with keystone_authtoken.service_token_roles_required set to False. This is backwards compatible but deprecated behaviour. Please set this to True.
Aug 04 22:55:59.815249 np0000032179 devstack@n-api.service[69135]: WSGI app 0 (mountpoint='') ready in 2 seconds on interpreter 0x79b0a1ca39e8 pid: 69135 (default app)
Aug 04 22:55:59.816154 np0000032179 devstack@n-api.service[69135]: DEBUG nova.api.openstack.wsgi [None req-4f2db13e-abf0-4327-a751-3aa33756feb3 None None] Calling method '<bound method VersionsV2.index of <nova.api.openstack.compute.versions.VersionsV2 object at 0x79b09b46b170>>' {{(pid=69135) _process_stack /opt/stack/nova/nova/api/openstack/wsgi.py:552}}
Aug 04 22:55:59.816515 np0000032179 devstack@n-api.service[69134]: WARNING keystonemiddleware.auth_token [None req-0666e9c2-cdcc-4c71-a43b-8c96e4c5e7e0 None None] Configuring www_authenticate_uri to point to the public identity endpoint is required; clients may not be able to authenticate against an admin endpoint
Aug 04 22:55:59.818405 np0000032179 devstack@n-api.service[69134]: WSGI app 0 (mountpoint='') ready in 2 seconds on interpreter 0x79b0a1ca39e8 pid: 69134 (default app)
Aug 04 22:55:59.818651 np0000032179 devstack@n-api.service[69135]: INFO nova.api.openstack.requestlog [None req-4f2db13e-abf0-4327-a751-3aa33756feb3 None None] 192.168.1.109 "GET /compute/v2.1/" status: 200 len: 391 microversion: 2.1 time: 0.002719
Aug 04 22:55:59.818831 np0000032179 devstack@n-api.service[69135]: [pid: 69135|app: 0|req: 1/1] 192.168.1.109 () {50 vars in 771 bytes} [Mon Aug  4 22:55:59 2025] GET /compute/v2.1/ => generated 391 bytes in 3 msecs (HTTP/1.1 200) 9 headers in 357 bytes (1 switches on core 0)
Aug 04 22:56:33.606926 np0000032179 devstack@n-api.service[69134]: DEBUG nova.api.openstack.wsgi [None req-0666e9c2-cdcc-4c71-a43b-8c96e4c5e7e0 None None] Calling method '<bound method VersionsV2.index of <nova.api.openstack.compute.versions.VersionsV2 object at 0x79b09b676bd0>>' {{(pid=69134) _process_stack /opt/stack/nova/nova/api/openstack/wsgi.py:552}}
Aug 04 22:56:33.610059 np0000032179 devstack@n-api.service[69134]: INFO nova.api.openstack.requestlog [None req-0666e9c2-cdcc-4c71-a43b-8c96e4c5e7e0 None None] 192.168.1.109 "GET /compute/v2.1" status: 200 len: 392 microversion: 2.1 time: 0.003622
Aug 04 22:56:33.610246 np0000032179 devstack@n-api.service[69134]: [pid: 69134|app: 0|req: 1/2] 192.168.1.109 () {62 vars in 1056 bytes} [Mon Aug  4 22:56:33 2025] GET /compute/v2.1 => generated 392 bytes in 4 msecs (HTTP/1.1 200) 9 headers in 357 bytes (1 switches on core 0)
Aug 04 22:56:33.620671 np0000032179 devstack@n-api.service[69135]: DEBUG dbcounter [-] [69135] Writing DB stats nova_api:SELECT=1 {{(pid=69135) stat_writer /opt/stack/data/venv/lib/python3.12/site-packages/dbcounter.py:115}}
Aug 04 22:56:33.621332 np0000032179 devstack@n-api.service[69135]: DEBUG dbcounter [-] [69135] Writing DB stats nova_cell0:SELECT=1 {{(pid=69135) stat_writer /opt/stack/data/venv/lib/python3.12/site-packages/dbcounter.py:115}}
Aug 04 22:56:33.621743 np0000032179 devstack@n-api.service[69135]: DEBUG dbcounter [-] [69135] Writing DB stats nova_cell1:SELECT=1 {{(pid=69135) stat_writer /opt/stack/data/venv/lib/python3.12/site-packages/dbcounter.py:115}}
Aug 04 22:56:33.622069 np0000032179 devstack@n-api.service[69135]: DEBUG dbcounter [-] [69135] Writing DB stats nova_cell0:SELECT=2,nova_cell0:INSERT=1 {{(pid=69135) stat_writer /opt/stack/data/venv/lib/python3.12/site-packages/dbcounter.py:115}}
Aug 04 22:56:33.730079 np0000032179 devstack@n-api.service[69135]: DEBUG nova.api.openstack.wsgi [None req-2c559ef2-9542-4d1a-99e3-f9d7eb084b0a admin admin] Calling method '<bound method FlavorsController.detail of <nova.api.openstack.compute.flavors.FlavorsController object at 0x79b09ac0ee10>>' {{(pid=69135) _process_stack /opt/stack/nova/nova/api/openstack/wsgi.py:552}}
Aug 04 22:56:33.747369 np0000032179 devstack@n-api.service[69135]: INFO nova.api.openstack.requestlog [None req-2c559ef2-9542-4d1a-99e3-f9d7eb084b0a admin admin] 192.168.1.109 "GET /compute/v2.1/flavors/detail?is_public=True" status: 200 len: 15 microversion: 2.61 time: 0.131602
Aug 04 22:56:33.747600 np0000032179 devstack@n-api.service[69135]: [pid: 69135|app: 0|req: 2/3] 192.168.1.109 () {68 vars in 1417 bytes} [Mon Aug  4 22:56:33 2025] GET /compute/v2.1/flavors/detail?is_public=True => generated 15 bytes in 132 msecs (HTTP/1.1 200) 9 headers in 358 bytes (1 switches on core 0)
Aug 04 22:56:33.887117 np0000032179 devstack@n-api.service[69134]: DEBUG nova.api.openstack.wsgi [None req-7df93190-034b-4eea-945e-2e6e62c077f1 admin admin] Action: 'create', calling method: <bound method FlavorsController.create of <nova.api.openstack.compute.flavors.FlavorsController object at 0x79b09ac096a0>>, body: {"flavor": {"os-flavor-access:is_public": true, "swap": 0, "rxtx_factor": 1.0, "ram": 256, "disk": 1, "OS-FLV-EXT-DATA:ephemeral": 0, "vcpus": 1, "id": "c1", "name": "cirros256"}} {{(pid=69134) _process_stack /opt/stack/nova/nova/api/openstack/wsgi.py:550}}
Aug 04 22:56:33.898003 np0000032179 devstack@n-api.service[69134]: DEBUG dbcounter [-] [69134] Writing DB stats nova_api:SELECT=1 {{(pid=69134) stat_writer /opt/stack/data/venv/lib/python3.12/site-packages/dbcounter.py:115}}
Aug 04 22:56:33.898500 np0000032179 devstack@n-api.service[69134]: DEBUG dbcounter [-] [69134] Writing DB stats nova_cell0:SELECT=1 {{(pid=69134) stat_writer /opt/stack/data/venv/lib/python3.12/site-packages/dbcounter.py:115}}
Aug 04 22:56:33.898829 np0000032179 devstack@n-api.service[69134]: DEBUG dbcounter [-] [69134] Writing DB stats nova_cell1:SELECT=1 {{(pid=69134) stat_writer /opt/stack/data/venv/lib/python3.12/site-packages/dbcounter.py:115}}
Aug 04 22:56:33.899361 np0000032179 devstack@n-api.service[69134]: DEBUG dbcounter [-] [69134] Writing DB stats nova_cell0:SELECT=1 {{(pid=69134) stat_writer /opt/stack/data/venv/lib/python3.12/site-packages/dbcounter.py:115}}
Aug 04 22:56:33.917086 np0000032179 devstack@n-api.service[69134]: INFO nova.api.openstack.requestlog [None req-7df93190-034b-4eea-945e-2e6e62c077f1 admin admin] 192.168.1.109 "POST /compute/v2.1/flavors" status: 200 len: 413 microversion: 2.61 time: 0.088792
Aug 04 22:56:33.917490 np0000032179 devstack@n-api.service[69134]: [pid: 69134|app: 0|req: 2/4] 192.168.1.109 () {72 vars in 1408 bytes} [Mon Aug  4 22:56:33 2025] POST /compute/v2.1/flavors => generated 413 bytes in 89 msecs (HTTP/1.1 200) 9 headers in 359 bytes (1 switches on core 0)
Aug 04 22:56:33.926614 np0000032179 devstack@n-api.service[69135]: DEBUG nova.api.openstack.wsgi [None req-de364089-29a3-4eb4-ba00-439a9b51f019 admin admin] Action: 'create', calling method: <bound method FlavorExtraSpecsController.create of <nova.api.openstack.compute.flavors_extraspecs.FlavorExtraSpecsController object at 0x79b09ac0f560>>, body: {"extra_specs": {"hw_rng:allowed": "True"}} {{(pid=69135) _process_stack /opt/stack/nova/nova/api/openstack/wsgi.py:550}}
Aug 04 22:56:33.948789 np0000032179 devstack@n-api.service[69135]: INFO nova.api.openstack.requestlog [None req-de364089-29a3-4eb4-ba00-439a9b51f019 admin admin] 192.168.1.109 "POST /compute/v2.1/flavors/c1/os-extra_specs" status: 200 len: 43 microversion: 2.61 time: 0.023935
Aug 04 22:56:33.949133 np0000032179 devstack@n-api.service[69135]: [pid: 69135|app: 0|req: 3/5] 192.168.1.109 () {72 vars in 1461 bytes} [Mon Aug  4 22:56:33 2025] POST /compute/v2.1/flavors/c1/os-extra_specs => generated 43 bytes in 24 msecs (HTTP/1.1 200) 9 headers in 358 bytes (1 switches on core 0)
Aug 04 22:56:34.028054 np0000032179 devstack@n-api.service[69134]: DEBUG nova.api.openstack.wsgi [None req-462eab92-0343-43bb-bbc6-e4bf055fc794 admin admin] Action: 'create', calling method: <bound method FlavorsController.create of <nova.api.openstack.compute.flavors.FlavorsController object at 0x79b09ac096a0>>, body: {"flavor": {"os-flavor-access:is_public": true, "swap": 0, "rxtx_factor": 1.0, "ram": 512, "disk": 5, "OS-FLV-EXT-DATA:ephemeral": 0, "vcpus": 1, "id": "d1", "name": "ds512M"}} {{(pid=69134) _process_stack /opt/stack/nova/nova/api/openstack/wsgi.py:550}}
Aug 04 22:56:34.038493 np0000032179 devstack@n-api.service[69134]: INFO nova.api.openstack.requestlog [None req-462eab92-0343-43bb-bbc6-e4bf055fc794 admin admin] 192.168.1.109 "POST /compute/v2.1/flavors" status: 200 len: 410 microversion: 2.61 time: 0.012400
Aug 04 22:56:34.038660 np0000032179 devstack@n-api.service[69134]: [pid: 69134|app: 0|req: 3/6] 192.168.1.109 () {72 vars in 1408 bytes} [Mon Aug  4 22:56:34 2025] POST /compute/v2.1/flavors => generated 410 bytes in 13 msecs (HTTP/1.1 200) 9 headers in 359 bytes (1 switches on core 0)
Aug 04 22:56:34.046537 np0000032179 devstack@n-api.service[69135]: DEBUG nova.api.openstack.wsgi [None req-5ca509fb-beb6-4288-b024-078ce579a9d8 admin admin] Action: 'create', calling method: <bound method FlavorExtraSpecsController.create of <nova.api.openstack.compute.flavors_extraspecs.FlavorExtraSpecsController object at 0x79b09ac0f560>>, body: {"extra_specs": {"hw_rng:allowed": "True"}} {{(pid=69135) _process_stack /opt/stack/nova/nova/api/openstack/wsgi.py:550}}
Aug 04 22:56:34.060671 np0000032179 devstack@n-api.service[69135]: INFO nova.api.openstack.requestlog [None req-5ca509fb-beb6-4288-b024-078ce579a9d8 admin admin] 192.168.1.109 "POST /compute/v2.1/flavors/d1/os-extra_specs" status: 200 len: 43 microversion: 2.61 time: 0.015600
Aug 04 22:56:34.060879 np0000032179 devstack@n-api.service[69135]: [pid: 69135|app: 0|req: 4/7] 192.168.1.109 () {72 vars in 1461 bytes} [Mon Aug  4 22:56:34 2025] POST /compute/v2.1/flavors/d1/os-extra_specs => generated 43 bytes in 16 msecs (HTTP/1.1 200) 9 headers in 358 bytes (1 switches on core 0)
Aug 04 22:56:34.137799 np0000032179 devstack@n-api.service[69134]: DEBUG nova.api.openstack.wsgi [None req-3a95926c-659e-4a41-8d0d-95612fd981d0 admin admin] Action: 'create', calling method: <bound method FlavorsController.create of <nova.api.openstack.compute.flavors.FlavorsController object at 0x79b09ac096a0>>, body: {"flavor": {"os-flavor-access:is_public": true, "swap": 0, "rxtx_factor": 1.0, "ram": 1024, "disk": 10, "OS-FLV-EXT-DATA:ephemeral": 0, "vcpus": 1, "id": "d2", "name": "ds1G"}} {{(pid=69134) _process_stack /opt/stack/nova/nova/api/openstack/wsgi.py:550}}
Aug 04 22:56:34.148350 np0000032179 devstack@n-api.service[69134]: INFO nova.api.openstack.requestlog [None req-3a95926c-659e-4a41-8d0d-95612fd981d0 admin admin] 192.168.1.109 "POST /compute/v2.1/flavors" status: 200 len: 410 microversion: 2.61 time: 0.012004
Aug 04 22:56:34.148633 np0000032179 devstack@n-api.service[69134]: [pid: 69134|app: 0|req: 4/8] 192.168.1.109 () {72 vars in 1408 bytes} [Mon Aug  4 22:56:34 2025] POST /compute/v2.1/flavors => generated 410 bytes in 12 msecs (HTTP/1.1 200) 9 headers in 359 bytes (1 switches on core 0)
Aug 04 22:56:34.157591 np0000032179 devstack@n-api.service[69135]: DEBUG nova.api.openstack.wsgi [None req-49aabe91-0c73-4fe1-9d15-2e01ed1c48ea admin admin] Action: 'create', calling method: <bound method FlavorExtraSpecsController.create of <nova.api.openstack.compute.flavors_extraspecs.FlavorExtraSpecsController object at 0x79b09ac0f560>>, body: {"extra_specs": {"hw_rng:allowed": "True"}} {{(pid=69135) _process_stack /opt/stack/nova/nova/api/openstack/wsgi.py:550}}
Aug 04 22:56:34.169307 np0000032179 devstack@n-api.service[69135]: INFO nova.api.openstack.requestlog [None req-49aabe91-0c73-4fe1-9d15-2e01ed1c48ea admin admin] 192.168.1.109 "POST /compute/v2.1/flavors/d2/os-extra_specs" status: 200 len: 43 microversion: 2.61 time: 0.013124
Aug 04 22:56:34.169540 np0000032179 devstack@n-api.service[69135]: [pid: 69135|app: 0|req: 5/9] 192.168.1.109 () {72 vars in 1461 bytes} [Mon Aug  4 22:56:34 2025] POST /compute/v2.1/flavors/d2/os-extra_specs => generated 43 bytes in 13 msecs (HTTP/1.1 200) 9 headers in 358 bytes (1 switches on core 0)
Aug 04 22:56:34.247034 np0000032179 devstack@n-api.service[69134]: DEBUG nova.api.openstack.wsgi [None req-1e1f0686-8511-4039-97f9-0555eb99fd92 admin admin] Action: 'create', calling method: <bound method FlavorsController.create of <nova.api.openstack.compute.flavors.FlavorsController object at 0x79b09ac096a0>>, body: {"flavor": {"os-flavor-access:is_public": true, "swap": 0, "rxtx_factor": 1.0, "ram": 2048, "disk": 10, "OS-FLV-EXT-DATA:ephemeral": 0, "vcpus": 2, "id": "d3", "name": "ds2G"}} {{(pid=69134) _process_stack /opt/stack/nova/nova/api/openstack/wsgi.py:550}}
Aug 04 22:56:34.257260 np0000032179 devstack@n-api.service[69134]: INFO nova.api.openstack.requestlog [None req-1e1f0686-8511-4039-97f9-0555eb99fd92 admin admin] 192.168.1.109 "POST /compute/v2.1/flavors" status: 200 len: 410 microversion: 2.61 time: 0.011642
Aug 04 22:56:34.257476 np0000032179 devstack@n-api.service[69134]: [pid: 69134|app: 0|req: 5/10] 192.168.1.109 () {72 vars in 1408 bytes} [Mon Aug  4 22:56:34 2025] POST /compute/v2.1/flavors => generated 410 bytes in 12 msecs (HTTP/1.1 200) 9 headers in 359 bytes (1 switches on core 0)
Aug 04 22:56:34.264469 np0000032179 devstack@n-api.service[69135]: DEBUG nova.api.openstack.wsgi [None req-0d46ccca-0261-488d-afa5-8bc94f6f8a4a admin admin] Action: 'create', calling method: <bound method FlavorExtraSpecsController.create of <nova.api.openstack.compute.flavors_extraspecs.FlavorExtraSpecsController object at 0x79b09ac0f560>>, body: {"extra_specs": {"hw_rng:allowed": "True"}} {{(pid=69135) _process_stack /opt/stack/nova/nova/api/openstack/wsgi.py:550}}
Aug 04 22:56:34.275833 np0000032179 devstack@n-api.service[69135]: INFO nova.api.openstack.requestlog [None req-0d46ccca-0261-488d-afa5-8bc94f6f8a4a admin admin] 192.168.1.109 "POST /compute/v2.1/flavors/d3/os-extra_specs" status: 200 len: 43 microversion: 2.61 time: 0.012826
Aug 04 22:56:34.276074 np0000032179 devstack@n-api.service[69135]: [pid: 69135|app: 0|req: 6/11] 192.168.1.109 () {72 vars in 1461 bytes} [Mon Aug  4 22:56:34 2025] POST /compute/v2.1/flavors/d3/os-extra_specs => generated 43 bytes in 13 msecs (HTTP/1.1 200) 9 headers in 358 bytes (1 switches on core 0)
Aug 04 22:56:34.351547 np0000032179 devstack@n-api.service[69134]: DEBUG nova.api.openstack.wsgi [None req-aa06cc69-1a6d-4adc-9197-b3f04a06b968 admin admin] Action: 'create', calling method: <bound method FlavorsController.create of <nova.api.openstack.compute.flavors.FlavorsController object at 0x79b09ac096a0>>, body: {"flavor": {"os-flavor-access:is_public": true, "swap": 0, "rxtx_factor": 1.0, "ram": 4096, "disk": 20, "OS-FLV-EXT-DATA:ephemeral": 0, "vcpus": 4, "id": "d4", "name": "ds4G"}} {{(pid=69134) _process_stack /opt/stack/nova/nova/api/openstack/wsgi.py:550}}
Aug 04 22:56:34.363442 np0000032179 devstack@n-api.service[69134]: INFO nova.api.openstack.requestlog [None req-aa06cc69-1a6d-4adc-9197-b3f04a06b968 admin admin] 192.168.1.109 "POST /compute/v2.1/flavors" status: 200 len: 410 microversion: 2.61 time: 0.012394
Aug 04 22:56:34.363442 np0000032179 devstack@n-api.service[69134]: [pid: 69134|app: 0|req: 6/12] 192.168.1.109 () {72 vars in 1408 bytes} [Mon Aug  4 22:56:34 2025] POST /compute/v2.1/flavors => generated 410 bytes in 13 msecs (HTTP/1.1 200) 9 headers in 359 bytes (1 switches on core 0)
Aug 04 22:56:34.371085 np0000032179 devstack@n-api.service[69135]: DEBUG nova.api.openstack.wsgi [None req-ee00d727-43cc-419e-a8af-1a78a137ec98 admin admin] Action: 'create', calling method: <bound method FlavorExtraSpecsController.create of <nova.api.openstack.compute.flavors_extraspecs.FlavorExtraSpecsController object at 0x79b09ac0f560>>, body: {"extra_specs": {"hw_rng:allowed": "True"}} {{(pid=69135) _process_stack /opt/stack/nova/nova/api/openstack/wsgi.py:550}}
Aug 04 22:56:34.382577 np0000032179 devstack@n-api.service[69135]: INFO nova.api.openstack.requestlog [None req-ee00d727-43cc-419e-a8af-1a78a137ec98 admin admin] 192.168.1.109 "POST /compute/v2.1/flavors/d4/os-extra_specs" status: 200 len: 43 microversion: 2.61 time: 0.012972
Aug 04 22:56:34.382801 np0000032179 devstack@n-api.service[69135]: [pid: 69135|app: 0|req: 7/13] 192.168.1.109 () {72 vars in 1461 bytes} [Mon Aug  4 22:56:34 2025] POST /compute/v2.1/flavors/d4/os-extra_specs => generated 43 bytes in 13 msecs (HTTP/1.1 200) 9 headers in 358 bytes (1 switches on core 0)
Aug 04 22:56:34.457901 np0000032179 devstack@n-api.service[69134]: DEBUG nova.api.openstack.wsgi [None req-7d949711-5716-407f-9f8c-73568306f962 admin admin] Calling method '<bound method FlavorsController.detail of <nova.api.openstack.compute.flavors.FlavorsController object at 0x79b09ac097f0>>' {{(pid=69134) _process_stack /opt/stack/nova/nova/api/openstack/wsgi.py:552}}
Aug 04 22:56:34.472145 np0000032179 devstack@n-api.service[69134]: INFO nova.api.openstack.requestlog [None req-7d949711-5716-407f-9f8c-73568306f962 admin admin] 192.168.1.109 "GET /compute/v2.1/flavors/detail?is_public=True" status: 200 len: 2136 microversion: 2.61 time: 0.015578
Aug 04 22:56:34.472321 np0000032179 devstack@n-api.service[69134]: [pid: 69134|app: 0|req: 7/14] 192.168.1.109 () {68 vars in 1417 bytes} [Mon Aug  4 22:56:34 2025] GET /compute/v2.1/flavors/detail?is_public=True => generated 2136 bytes in 16 msecs (HTTP/1.1 200) 9 headers in 360 bytes (1 switches on core 0)
Aug 04 22:56:34.550285 np0000032179 devstack@n-api.service[69135]: DEBUG nova.api.openstack.wsgi [None req-8fef89ec-4d91-4733-9b36-768d8b40a56c admin admin] Action: 'create', calling method: <bound method FlavorsController.create of <nova.api.openstack.compute.flavors.FlavorsController object at 0x79b09ac0ecc0>>, body: {"flavor": {"os-flavor-access:is_public": true, "swap": 0, "rxtx_factor": 1.0, "ram": 512, "disk": 1, "OS-FLV-EXT-DATA:ephemeral": 0, "vcpus": 1, "id": "1", "name": "m1.tiny"}} {{(pid=69135) _process_stack /opt/stack/nova/nova/api/openstack/wsgi.py:550}}
Aug 04 22:56:34.570272 np0000032179 devstack@n-api.service[69135]: INFO nova.api.openstack.requestlog [None req-8fef89ec-4d91-4733-9b36-768d8b40a56c admin admin] 192.168.1.109 "POST /compute/v2.1/flavors" status: 200 len: 408 microversion: 2.61 time: 0.021385
Aug 04 22:56:34.570480 np0000032179 devstack@n-api.service[69135]: [pid: 69135|app: 0|req: 8/15] 192.168.1.109 () {72 vars in 1408 bytes} [Mon Aug  4 22:56:34 2025] POST /compute/v2.1/flavors => generated 408 bytes in 22 msecs (HTTP/1.1 200) 9 headers in 359 bytes (1 switches on core 0)
Aug 04 22:56:34.580387 np0000032179 devstack@n-api.service[69134]: DEBUG nova.api.openstack.wsgi [None req-30318111-aa0a-47ca-a9dc-555a62b94aa1 admin admin] Action: 'create', calling method: <bound method FlavorExtraSpecsController.create of <nova.api.openstack.compute.flavors_extraspecs.FlavorExtraSpecsController object at 0x79b09ac09f40>>, body: {"extra_specs": {"hw_rng:allowed": "True"}} {{(pid=69134) _process_stack /opt/stack/nova/nova/api/openstack/wsgi.py:550}}
Aug 04 22:56:34.600790 np0000032179 devstack@n-api.service[69134]: INFO nova.api.openstack.requestlog [None req-30318111-aa0a-47ca-a9dc-555a62b94aa1 admin admin] 192.168.1.109 "POST /compute/v2.1/flavors/1/os-extra_specs" status: 200 len: 43 microversion: 2.61 time: 0.021861
Aug 04 22:56:34.601066 np0000032179 devstack@n-api.service[69134]: [pid: 69134|app: 0|req: 8/16] 192.168.1.109 () {72 vars in 1458 bytes} [Mon Aug  4 22:56:34 2025] POST /compute/v2.1/flavors/1/os-extra_specs => generated 43 bytes in 22 msecs (HTTP/1.1 200) 9 headers in 358 bytes (1 switches on core 0)
Aug 04 22:56:34.685111 np0000032179 devstack@n-api.service[69135]: DEBUG nova.api.openstack.wsgi [None req-c269652c-954e-420d-8660-0f3ddc3fd491 admin admin] Action: 'create', calling method: <bound method FlavorsController.create of <nova.api.openstack.compute.flavors.FlavorsController object at 0x79b09ac0ecc0>>, body: {"flavor": {"os-flavor-access:is_public": true, "swap": 0, "rxtx_factor": 1.0, "ram": 2048, "disk": 20, "OS-FLV-EXT-DATA:ephemeral": 0, "vcpus": 1, "id": "2", "name": "m1.small"}} {{(pid=69135) _process_stack /opt/stack/nova/nova/api/openstack/wsgi.py:550}}
Aug 04 22:56:34.695752 np0000032179 devstack@n-api.service[69135]: INFO nova.api.openstack.requestlog [None req-c269652c-954e-420d-8660-0f3ddc3fd491 admin admin] 192.168.1.109 "POST /compute/v2.1/flavors" status: 200 len: 411 microversion: 2.61 time: 0.012141
Aug 04 22:56:34.695998 np0000032179 devstack@n-api.service[69135]: [pid: 69135|app: 0|req: 9/17] 192.168.1.109 () {72 vars in 1408 bytes} [Mon Aug  4 22:56:34 2025] POST /compute/v2.1/flavors => generated 411 bytes in 12 msecs (HTTP/1.1 200) 9 headers in 359 bytes (1 switches on core 0)
Aug 04 22:56:34.705180 np0000032179 devstack@n-api.service[69134]: DEBUG nova.api.openstack.wsgi [None req-cba297fa-dc84-4afb-821c-cd7567f6ea21 admin admin] Action: 'create', calling method: <bound method FlavorExtraSpecsController.create of <nova.api.openstack.compute.flavors_extraspecs.FlavorExtraSpecsController object at 0x79b09ac09f40>>, body: {"extra_specs": {"hw_rng:allowed": "True"}} {{(pid=69134) _process_stack /opt/stack/nova/nova/api/openstack/wsgi.py:550}}
Aug 04 22:56:34.718459 np0000032179 devstack@n-api.service[69134]: INFO nova.api.openstack.requestlog [None req-cba297fa-dc84-4afb-821c-cd7567f6ea21 admin admin] 192.168.1.109 "POST /compute/v2.1/flavors/2/os-extra_specs" status: 200 len: 43 microversion: 2.61 time: 0.014691
Aug 04 22:56:34.718767 np0000032179 devstack@n-api.service[69134]: [pid: 69134|app: 0|req: 9/18] 192.168.1.109 () {72 vars in 1458 bytes} [Mon Aug  4 22:56:34 2025] POST /compute/v2.1/flavors/2/os-extra_specs => generated 43 bytes in 15 msecs (HTTP/1.1 200) 9 headers in 358 bytes (1 switches on core 0)
Aug 04 22:56:34.803529 np0000032179 devstack@n-api.service[69135]: DEBUG nova.api.openstack.wsgi [None req-df4c04ac-bb08-484d-be26-3cf610875ce5 admin admin] Action: 'create', calling method: <bound method FlavorsController.create of <nova.api.openstack.compute.flavors.FlavorsController object at 0x79b09ac0ecc0>>, body: {"flavor": {"os-flavor-access:is_public": true, "swap": 0, "rxtx_factor": 1.0, "ram": 4096, "disk": 40, "OS-FLV-EXT-DATA:ephemeral": 0, "vcpus": 2, "id": "3", "name": "m1.medium"}} {{(pid=69135) _process_stack /opt/stack/nova/nova/api/openstack/wsgi.py:550}}
Aug 04 22:56:34.818000 np0000032179 devstack@n-api.service[69135]: INFO nova.api.openstack.requestlog [None req-df4c04ac-bb08-484d-be26-3cf610875ce5 admin admin] 192.168.1.109 "POST /compute/v2.1/flavors" status: 200 len: 412 microversion: 2.61 time: 0.016103
Aug 04 22:56:34.818285 np0000032179 devstack@n-api.service[69135]: [pid: 69135|app: 0|req: 10/19] 192.168.1.109 () {72 vars in 1408 bytes} [Mon Aug  4 22:56:34 2025] POST /compute/v2.1/flavors => generated 412 bytes in 16 msecs (HTTP/1.1 200) 9 headers in 359 bytes (1 switches on core 0)
Aug 04 22:56:34.826354 np0000032179 devstack@n-api.service[69134]: DEBUG nova.api.openstack.wsgi [None req-28de586a-acb3-4177-8847-2b399a882e0a admin admin] Action: 'create', calling method: <bound method FlavorExtraSpecsController.create of <nova.api.openstack.compute.flavors_extraspecs.FlavorExtraSpecsController object at 0x79b09ac09f40>>, body: {"extra_specs": {"hw_rng:allowed": "True"}} {{(pid=69134) _process_stack /opt/stack/nova/nova/api/openstack/wsgi.py:550}}
Aug 04 22:56:34.840098 np0000032179 devstack@n-api.service[69134]: INFO nova.api.openstack.requestlog [None req-28de586a-acb3-4177-8847-2b399a882e0a admin admin] 192.168.1.109 "POST /compute/v2.1/flavors/3/os-extra_specs" status: 200 len: 43 microversion: 2.61 time: 0.015146
Aug 04 22:56:34.840347 np0000032179 devstack@n-api.service[69134]: [pid: 69134|app: 0|req: 10/20] 192.168.1.109 () {72 vars in 1458 bytes} [Mon Aug  4 22:56:34 2025] POST /compute/v2.1/flavors/3/os-extra_specs => generated 43 bytes in 15 msecs (HTTP/1.1 200) 9 headers in 358 bytes (1 switches on core 0)
Aug 04 22:56:34.922592 np0000032179 devstack@n-api.service[69135]: DEBUG nova.api.openstack.wsgi [None req-86c0ed89-1b75-4b03-9aa7-f0233baeca7b admin admin] Action: 'create', calling method: <bound method FlavorsController.create of <nova.api.openstack.compute.flavors.FlavorsController object at 0x79b09ac0ecc0>>, body: {"flavor": {"os-flavor-access:is_public": true, "swap": 0, "rxtx_factor": 1.0, "ram": 8192, "disk": 80, "OS-FLV-EXT-DATA:ephemeral": 0, "vcpus": 4, "id": "4", "name": "m1.large"}} {{(pid=69135) _process_stack /opt/stack/nova/nova/api/openstack/wsgi.py:550}}
Aug 04 22:56:34.934073 np0000032179 devstack@n-api.service[69135]: INFO nova.api.openstack.requestlog [None req-86c0ed89-1b75-4b03-9aa7-f0233baeca7b admin admin] 192.168.1.109 "POST /compute/v2.1/flavors" status: 200 len: 411 microversion: 2.61 time: 0.012989
Aug 04 22:56:34.934350 np0000032179 devstack@n-api.service[69135]: [pid: 69135|app: 0|req: 11/21] 192.168.1.109 () {72 vars in 1408 bytes} [Mon Aug  4 22:56:34 2025] POST /compute/v2.1/flavors => generated 411 bytes in 13 msecs (HTTP/1.1 200) 9 headers in 359 bytes (1 switches on core 0)
Aug 04 22:56:34.942696 np0000032179 devstack@n-api.service[69134]: DEBUG nova.api.openstack.wsgi [None req-bbdcfa4d-9feb-46ef-aef5-9100ce55d342 admin admin] Action: 'create', calling method: <bound method FlavorExtraSpecsController.create of <nova.api.openstack.compute.flavors_extraspecs.FlavorExtraSpecsController object at 0x79b09ac09f40>>, body: {"extra_specs": {"hw_rng:allowed": "True"}} {{(pid=69134) _process_stack /opt/stack/nova/nova/api/openstack/wsgi.py:550}}
Aug 04 22:56:34.954812 np0000032179 devstack@n-api.service[69134]: INFO nova.api.openstack.requestlog [None req-bbdcfa4d-9feb-46ef-aef5-9100ce55d342 admin admin] 192.168.1.109 "POST /compute/v2.1/flavors/4/os-extra_specs" status: 200 len: 43 microversion: 2.61 time: 0.013672
Aug 04 22:56:34.955099 np0000032179 devstack@n-api.service[69134]: [pid: 69134|app: 0|req: 11/22] 192.168.1.109 () {72 vars in 1458 bytes} [Mon Aug  4 22:56:34 2025] POST /compute/v2.1/flavors/4/os-extra_specs => generated 43 bytes in 14 msecs (HTTP/1.1 200) 9 headers in 358 bytes (1 switches on core 0)
Aug 04 22:56:35.036857 np0000032179 devstack@n-api.service[69135]: DEBUG nova.api.openstack.wsgi [None req-358f80ba-efd9-41e9-94cc-19d8ea92afe6 admin admin] Action: 'create', calling method: <bound method FlavorsController.create of <nova.api.openstack.compute.flavors.FlavorsController object at 0x79b09ac0ecc0>>, body: {"flavor": {"os-flavor-access:is_public": true, "swap": 0, "rxtx_factor": 1.0, "ram": 16384, "disk": 160, "OS-FLV-EXT-DATA:ephemeral": 0, "vcpus": 8, "id": "5", "name": "m1.xlarge"}} {{(pid=69135) _process_stack /opt/stack/nova/nova/api/openstack/wsgi.py:550}}
Aug 04 22:56:35.051582 np0000032179 devstack@n-api.service[69135]: INFO nova.api.openstack.requestlog [None req-358f80ba-efd9-41e9-94cc-19d8ea92afe6 admin admin] 192.168.1.109 "POST /compute/v2.1/flavors" status: 200 len: 414 microversion: 2.61 time: 0.016583
Aug 04 22:56:35.052094 np0000032179 devstack@n-api.service[69135]: [pid: 69135|app: 0|req: 12/23] 192.168.1.109 () {72 vars in 1408 bytes} [Mon Aug  4 22:56:35 2025] POST /compute/v2.1/flavors => generated 414 bytes in 17 msecs (HTTP/1.1 200) 9 headers in 359 bytes (1 switches on core 0)
Aug 04 22:56:35.061872 np0000032179 devstack@n-api.service[69134]: DEBUG nova.api.openstack.wsgi [None req-18f13a73-7af5-441f-9f37-bcc825c84da1 admin admin] Action: 'create', calling method: <bound method FlavorExtraSpecsController.create of <nova.api.openstack.compute.flavors_extraspecs.FlavorExtraSpecsController object at 0x79b09ac09f40>>, body: {"extra_specs": {"hw_rng:allowed": "True"}} {{(pid=69134) _process_stack /opt/stack/nova/nova/api/openstack/wsgi.py:550}}
Aug 04 22:56:35.075442 np0000032179 devstack@n-api.service[69134]: INFO nova.api.openstack.requestlog [None req-18f13a73-7af5-441f-9f37-bcc825c84da1 admin admin] 192.168.1.109 "POST /compute/v2.1/flavors/5/os-extra_specs" status: 200 len: 43 microversion: 2.61 time: 0.014956
Aug 04 22:56:35.075644 np0000032179 devstack@n-api.service[69134]: [pid: 69134|app: 0|req: 12/24] 192.168.1.109 () {72 vars in 1458 bytes} [Mon Aug  4 22:56:35 2025] POST /compute/v2.1/flavors/5/os-extra_specs => generated 43 bytes in 15 msecs (HTTP/1.1 200) 9 headers in 358 bytes (1 switches on core 0)
Aug 04 22:56:49.459106 np0000032179 devstack@n-api.service[69135]: DEBUG dbcounter [-] [69135] Writing DB stats nova_api:SELECT=21,nova_api:SAVEPOINT=5,nova_api:INSERT=10,nova_api:RELEASE=5 {{(pid=69135) stat_writer /opt/stack/data/venv/lib/python3.12/site-packages/dbcounter.py:115}}
Aug 04 22:56:49.460741 np0000032179 devstack@n-api.service[69135]: DEBUG nova.api.openstack.wsgi [None req-ea3ba448-05ef-4585-b5f7-3a78f6dc0820 admin admin] Calling method '<bound method FlavorsController.detail of <nova.api.openstack.compute.flavors.FlavorsController object at 0x79b09ac0ee10>>' {{(pid=69135) _process_stack /opt/stack/nova/nova/api/openstack/wsgi.py:552}}
Aug 04 22:56:49.471967 np0000032179 devstack@n-api.service[69135]: INFO nova.api.openstack.requestlog [None req-ea3ba448-05ef-4585-b5f7-3a78f6dc0820 admin admin] 192.168.1.109 "GET /compute/v2.1/flavors/detail?is_public=True" status: 200 len: 4262 microversion: 2.61 time: 0.013394
Aug 04 22:56:49.472190 np0000032179 devstack@n-api.service[69135]: [pid: 69135|app: 0|req: 13/25] 192.168.1.109 () {68 vars in 1417 bytes} [Mon Aug  4 22:56:49 2025] GET /compute/v2.1/flavors/detail?is_public=True => generated 4262 bytes in 14 msecs (HTTP/1.1 200) 9 headers in 360 bytes (1 switches on core 0)
Aug 04 22:56:49.571586 np0000032179 devstack@n-api.service[69134]: DEBUG nova.api.openstack.wsgi [None req-de7d23b3-23e4-4557-8a58-63d7e7e0e0c6 admin admin] Action: 'create', calling method: <bound method FlavorsController.create of <nova.api.openstack.compute.flavors.FlavorsController object at 0x79b09ac096a0>>, body: {"flavor": {"os-flavor-access:is_public": true, "swap": 0, "rxtx_factor": 1.0, "ram": 1024, "disk": 5, "OS-FLV-EXT-DATA:ephemeral": 0, "vcpus": 1, "id": "100", "name": "manila-service-flavor"}} {{(pid=69134) _process_stack /opt/stack/nova/nova/api/openstack/wsgi.py:550}}
Aug 04 22:56:49.574534 np0000032179 devstack@n-api.service[69134]: DEBUG dbcounter [-] [69134] Writing DB stats nova_api:INSERT=10,nova_api:SELECT=21,nova_api:SAVEPOINT=5,nova_api:RELEASE=5 {{(pid=69134) stat_writer /opt/stack/data/venv/lib/python3.12/site-packages/dbcounter.py:115}}
Aug 04 22:56:49.582699 np0000032179 devstack@n-api.service[69134]: INFO nova.api.openstack.requestlog [None req-de7d23b3-23e4-4557-8a58-63d7e7e0e0c6 admin admin] 192.168.1.109 "POST /compute/v2.1/flavors" status: 200 len: 429 microversion: 2.61 time: 0.012564
Aug 04 22:56:49.582920 np0000032179 devstack@n-api.service[69134]: [pid: 69134|app: 0|req: 13/26] 192.168.1.109 () {72 vars in 1408 bytes} [Mon Aug  4 22:56:49 2025] POST /compute/v2.1/flavors => generated 429 bytes in 13 msecs (HTTP/1.1 200) 9 headers in 359 bytes (1 switches on core 0)
Aug 04 22:57:16.430436 np0000032179 devstack@n-api.service[69135]: DEBUG nova.api.openstack.wsgi [None req-e2b8c1a0-9f35-43d8-b7ef-009931fb3491 admin admin] Calling method '<bound method KeypairController.index of <nova.api.openstack.compute.keypairs.KeypairController object at 0x79b09acb6090>>' {{(pid=69135) _process_stack /opt/stack/nova/nova/api/openstack/wsgi.py:552}}
Aug 04 22:57:16.432336 np0000032179 devstack@n-api.service[69135]: WARNING oslo_db.sqlalchemy.utils [None req-e2b8c1a0-9f35-43d8-b7ef-009931fb3491 admin admin] Unique keys not in sort_keys. The sorting order may be unstable.
Aug 04 22:57:16.437803 np0000032179 devstack@n-api.service[69135]: INFO nova.api.openstack.requestlog [None req-e2b8c1a0-9f35-43d8-b7ef-009931fb3491 admin admin] 192.168.1.109 "GET /compute/v2.1/os-keypairs" status: 200 len: 16 microversion: 2.10 time: 0.009137
Aug 04 22:57:16.438097 np0000032179 devstack@n-api.service[69135]: [pid: 69135|app: 0|req: 14/27] 192.168.1.109 () {68 vars in 1379 bytes} [Mon Aug  4 22:57:16 2025] GET /compute/v2.1/os-keypairs => generated 16 bytes in 9 msecs (HTTP/1.1 200) 9 headers in 358 bytes (1 switches on core 0)
Aug 04 22:57:16.528562 np0000032179 devstack@n-api.service[69134]: DEBUG nova.api.openstack.wsgi [None req-40ae897a-2499-405a-9e62-c4cc454f1cd0 admin admin] Action: 'create', calling method: <bound method KeypairController.create of <nova.api.openstack.compute.keypairs.KeypairController object at 0x79b09acbcc80>>, body: {"keypair": {"public_key": "ecdsa-sha2-nistp256 AAAAE2VjZHNhLXNoYTItbmlzdHAyNTYAAAAIbmlzdHAyNTYAAABBBKDJO1GeogpeetwbBO0n2dxUsaOhvxR3MYOaGckDcJmhsj5lzctGIXGvmLNOcU95B7QgZtU5+7u+I6wIshj73H4= stack@np0000032179\n", "name": "manila-service"}} {{(pid=69134) _process_stack /opt/stack/nova/nova/api/openstack/wsgi.py:550}}
Aug 04 22:57:16.541904 np0000032179 devstack@n-api.service[69134]: DEBUG nova.quota [None req-40ae897a-2499-405a-9e62-c4cc454f1cd0 admin admin] Getting quotas for project 22c1309af7994d5f873342644e42e4b2. Resources: {'key_pairs'} {{(pid=69134) _get_quotas /opt/stack/nova/nova/quota.py:392}}
Aug 04 22:57:16.544418 np0000032179 devstack@n-api.service[69134]: DEBUG nova.quota [None req-40ae897a-2499-405a-9e62-c4cc454f1cd0 admin admin] Getting quotas for user d2644eada3df40129ba6b5d54ad21191 and project 22c1309af7994d5f873342644e42e4b2. Resources: {'key_pairs'} {{(pid=69134) _get_quotas /opt/stack/nova/nova/quota.py:382}}
Aug 04 22:57:16.566172 np0000032179 devstack@n-api.service[69134]: INFO nova.api.openstack.requestlog [None req-40ae897a-2499-405a-9e62-c4cc454f1cd0 admin admin] 192.168.1.109 "POST /compute/v2.1/os-keypairs" status: 201 len: 366 microversion: 2.10 time: 0.039079
Aug 04 22:57:16.566418 np0000032179 devstack@n-api.service[69134]: [pid: 69134|app: 0|req: 14/28] 192.168.1.109 () {72 vars in 1420 bytes} [Mon Aug  4 22:57:16 2025] POST /compute/v2.1/os-keypairs => generated 366 bytes in 39 msecs (HTTP/1.1 201) 9 headers in 364 bytes (1 switches on core 0)
Aug 04 22:57:22.569811 np0000032179 devstack@n-api.service[69135]: DEBUG nova.api.openstack.wsgi [None req-e4f25a45-abc6-4604-8b08-afafb4df7636 admin admin] Calling method '<bound method ServiceController.index of <nova.api.openstack.compute.services.ServiceController object at 0x79b09acf3110>>' {{(pid=69135) _process_stack /opt/stack/nova/nova/api/openstack/wsgi.py:552}}
Aug 04 22:57:22.571491 np0000032179 devstack@n-api.service[69135]: DEBUG oslo_concurrency.lockutils [None req-e4f25a45-abc6-4604-8b08-afafb4df7636 admin admin] Acquiring lock "00000000-0000-0000-0000-000000000000" by "nova.context.set_target_cell.<locals>.get_or_set_cached_cell_and_set_connections" {{(pid=69135) inner /opt/stack/data/venv/lib/python3.12/site-packages/oslo_concurrency/lockutils.py:405}}
Aug 04 22:57:22.571660 np0000032179 devstack@n-api.service[69135]: DEBUG oslo_concurrency.lockutils [None req-e4f25a45-abc6-4604-8b08-afafb4df7636 admin admin] Lock "00000000-0000-0000-0000-000000000000" acquired by "nova.context.set_target_cell.<locals>.get_or_set_cached_cell_and_set_connections" :: waited 0.000s {{(pid=69135) inner /opt/stack/data/venv/lib/python3.12/site-packages/oslo_concurrency/lockutils.py:410}}
Aug 04 22:57:22.571780 np0000032179 devstack@n-api.service[69135]: DEBUG oslo_concurrency.lockutils [None req-e4f25a45-abc6-4604-8b08-afafb4df7636 admin admin] Lock "00000000-0000-0000-0000-000000000000" "released" by "nova.context.set_target_cell.<locals>.get_or_set_cached_cell_and_set_connections" :: held 0.000s {{(pid=69135) inner /opt/stack/data/venv/lib/python3.12/site-packages/oslo_concurrency/lockutils.py:424}}
Aug 04 22:57:22.572177 np0000032179 devstack@n-api.service[69135]: DEBUG oslo_concurrency.lockutils [None req-e4f25a45-abc6-4604-8b08-afafb4df7636 admin admin] Acquiring lock "c149ec15-e2ee-4ec7-b7cc-e2768c9df709" by "nova.context.set_target_cell.<locals>.get_or_set_cached_cell_and_set_connections" {{(pid=69135) inner /opt/stack/data/venv/lib/python3.12/site-packages/oslo_concurrency/lockutils.py:405}}
Aug 04 22:57:22.572299 np0000032179 devstack@n-api.service[69135]: DEBUG oslo_concurrency.lockutils [None req-e4f25a45-abc6-4604-8b08-afafb4df7636 admin admin] Lock "c149ec15-e2ee-4ec7-b7cc-e2768c9df709" acquired by "nova.context.set_target_cell.<locals>.get_or_set_cached_cell_and_set_connections" :: waited 0.000s {{(pid=69135) inner /opt/stack/data/venv/lib/python3.12/site-packages/oslo_concurrency/lockutils.py:410}}
