Aug 25 16:12:24.285358 np0000032577 devstack@n-api.service[70063]: DEBUG nova.api.openstack.wsgi_app [-] oslo_messaging_rabbit.rabbit_transient_queues_ttl = 1800 {{(pid=70063) log_opt_values /opt/stack/data/venv/lib/python3.10/site-packages/oslo_config/cfg.py:2824}}
Aug 25 16:12:24.285517 np0000032577 devstack@n-api.service[70063]: DEBUG nova.api.openstack.wsgi_app [-] oslo_messaging_rabbit.rabbit_transient_quorum_queue = False {{(pid=70063) log_opt_values /opt/stack/data/venv/lib/python3.10/site-packages/oslo_config/cfg.py:2824}}
Aug 25 16:12:24.285677 np0000032577 devstack@n-api.service[70063]: DEBUG nova.api.openstack.wsgi_app [-] oslo_messaging_rabbit.rpc_conn_pool_size = 30 {{(pid=70063) log_opt_values /opt/stack/data/venv/lib/python3.10/site-packages/oslo_config/cfg.py:2824}}
Aug 25 16:12:24.285837 np0000032577 devstack@n-api.service[70063]: DEBUG nova.api.openstack.wsgi_app [-] oslo_messaging_rabbit.ssl      = False {{(pid=70063) log_opt_values /opt/stack/data/venv/lib/python3.10/site-packages/oslo_config/cfg.py:2824}}
Aug 25 16:12:24.286002 np0000032577 devstack@n-api.service[70063]: DEBUG nova.api.openstack.wsgi_app [-] oslo_messaging_rabbit.ssl_ca_file =  {{(pid=70063) log_opt_values /opt/stack/data/venv/lib/python3.10/site-packages/oslo_config/cfg.py:2824}}
Aug 25 16:12:24.286178 np0000032577 devstack@n-api.service[70063]: DEBUG nova.api.openstack.wsgi_app [-] oslo_messaging_rabbit.ssl_cert_file =  {{(pid=70063) log_opt_values /opt/stack/data/venv/lib/python3.10/site-packages/oslo_config/cfg.py:2824}}
Aug 25 16:12:24.286339 np0000032577 devstack@n-api.service[70063]: DEBUG nova.api.openstack.wsgi_app [-] oslo_messaging_rabbit.ssl_enforce_fips_mode = False {{(pid=70063) log_opt_values /opt/stack/data/venv/lib/python3.10/site-packages/oslo_config/cfg.py:2824}}
Aug 25 16:12:24.286504 np0000032577 devstack@n-api.service[70063]: DEBUG nova.api.openstack.wsgi_app [-] oslo_messaging_rabbit.ssl_key_file =  {{(pid=70063) log_opt_values /opt/stack/data/venv/lib/python3.10/site-packages/oslo_config/cfg.py:2824}}
Aug 25 16:12:24.286675 np0000032577 devstack@n-api.service[70063]: DEBUG nova.api.openstack.wsgi_app [-] oslo_messaging_rabbit.ssl_version =  {{(pid=70063) log_opt_values /opt/stack/data/venv/lib/python3.10/site-packages/oslo_config/cfg.py:2824}}
Aug 25 16:12:24.286836 np0000032577 devstack@n-api.service[70063]: DEBUG nova.api.openstack.wsgi_app [-] oslo_messaging_rabbit.use_queue_manager = False {{(pid=70063) log_opt_values /opt/stack/data/venv/lib/python3.10/site-packages/oslo_config/cfg.py:2824}}
Aug 25 16:12:24.287021 np0000032577 devstack@n-api.service[70063]: DEBUG nova.api.openstack.wsgi_app [-] oslo_messaging_notifications.driver = ['messagingv2'] {{(pid=70063) log_opt_values /opt/stack/data/venv/lib/python3.10/site-packages/oslo_config/cfg.py:2824}}
Aug 25 16:12:24.287196 np0000032577 devstack@n-api.service[70063]: DEBUG nova.api.openstack.wsgi_app [-] oslo_messaging_notifications.retry = -1 {{(pid=70063) log_opt_values /opt/stack/data/venv/lib/python3.10/site-packages/oslo_config/cfg.py:2824}}
Aug 25 16:12:24.287375 np0000032577 devstack@n-api.service[70063]: DEBUG nova.api.openstack.wsgi_app [-] oslo_messaging_notifications.topics = ['notifications'] {{(pid=70063) log_opt_values /opt/stack/data/venv/lib/python3.10/site-packages/oslo_config/cfg.py:2824}}
Aug 25 16:12:24.287544 np0000032577 devstack@n-api.service[70063]: DEBUG nova.api.openstack.wsgi_app [-] oslo_messaging_notifications.transport_url = **** {{(pid=70063) log_opt_values /opt/stack/data/venv/lib/python3.10/site-packages/oslo_config/cfg.py:2824}}
Aug 25 16:12:24.287707 np0000032577 devstack@n-api.service[70063]: DEBUG nova.api.openstack.wsgi_app [-] oslo_reports.file_event_handler = None {{(pid=70063) log_opt_values /opt/stack/data/venv/lib/python3.10/site-packages/oslo_config/cfg.py:2824}}
Aug 25 16:12:24.287868 np0000032577 devstack@n-api.service[70063]: DEBUG nova.api.openstack.wsgi_app [-] oslo_reports.file_event_handler_interval = 1 {{(pid=70063) log_opt_values /opt/stack/data/venv/lib/python3.10/site-packages/oslo_config/cfg.py:2824}}
Aug 25 16:12:24.288026 np0000032577 devstack@n-api.service[70063]: DEBUG nova.api.openstack.wsgi_app [-] oslo_reports.log_dir           = None {{(pid=70063) log_opt_values /opt/stack/data/venv/lib/python3.10/site-packages/oslo_config/cfg.py:2824}}
Aug 25 16:12:24.288162 np0000032577 devstack@n-api.service[70063]: DEBUG nova.api.openstack.wsgi_app [-] ******************************************************************************** {{(pid=70063) log_opt_values /opt/stack/data/venv/lib/python3.10/site-packages/oslo_config/cfg.py:2828}}
Aug 25 16:12:24.296369 np0000032577 devstack@n-api.service[70062]: DEBUG oslo_db.sqlalchemy.engines [None req-e0a72815-2cb0-4ccf-89df-eaf2644a0e7f None None] MySQL server mode set to STRICT_TRANS_TABLES,STRICT_ALL_TABLES,NO_ZERO_IN_DATE,NO_ZERO_DATE,ERROR_FOR_DIVISION_BY_ZERO,TRADITIONAL,NO_ENGINE_SUBSTITUTION {{(pid=70062) _check_effective_sql_mode /opt/stack/data/venv/lib/python3.10/site-packages/oslo_db/sqlalchemy/engines.py:397}}
Aug 25 16:12:24.311008 np0000032577 devstack@n-api.service[70063]: INFO dbcounter [None req-da5e343d-ef7d-4c3e-a11c-359a56acf87e None None] Registered counter for database nova_api
Aug 25 16:12:24.320314 np0000032577 devstack@n-api.service[70062]: DEBUG dbcounter [-] [70062] Writer thread running {{(pid=70062) stat_writer /opt/stack/data/venv/lib/python3.10/site-packages/dbcounter.py:102}}
Aug 25 16:12:24.322120 np0000032577 devstack@n-api.service[70062]: DEBUG nova.context [None req-e0a72815-2cb0-4ccf-89df-eaf2644a0e7f None None] Found 2 cells: 00000000-0000-0000-0000-000000000000(cell0),4de5d945-9e2c-494e-874e-8da70eba91a8(cell1) {{(pid=70062) load_cells /opt/stack/nova/nova/context.py:464}}
Aug 25 16:12:24.323628 np0000032577 devstack@n-api.service[70062]: DEBUG oslo_concurrency.lockutils [None req-e0a72815-2cb0-4ccf-89df-eaf2644a0e7f None None] Acquiring lock "00000000-0000-0000-0000-000000000000" by "nova.context.set_target_cell.<locals>.get_or_set_cached_cell_and_set_connections" {{(pid=70062) inner /opt/stack/data/venv/lib/python3.10/site-packages/oslo_concurrency/lockutils.py:405}}
Aug 25 16:12:24.323804 np0000032577 devstack@n-api.service[70062]: DEBUG oslo_concurrency.lockutils [None req-e0a72815-2cb0-4ccf-89df-eaf2644a0e7f None None] Lock "00000000-0000-0000-0000-000000000000" acquired by "nova.context.set_target_cell.<locals>.get_or_set_cached_cell_and_set_connections" :: waited 0.000s {{(pid=70062) inner /opt/stack/data/venv/lib/python3.10/site-packages/oslo_concurrency/lockutils.py:410}}
Aug 25 16:12:24.324181 np0000032577 devstack@n-api.service[70062]: DEBUG oslo_concurrency.lockutils [None req-e0a72815-2cb0-4ccf-89df-eaf2644a0e7f None None] Lock "00000000-0000-0000-0000-000000000000" "released" by "nova.context.set_target_cell.<locals>.get_or_set_cached_cell_and_set_connections" :: held 0.000s {{(pid=70062) inner /opt/stack/data/venv/lib/python3.10/site-packages/oslo_concurrency/lockutils.py:424}}
Aug 25 16:12:24.324506 np0000032577 devstack@n-api.service[70062]: DEBUG oslo_concurrency.lockutils [None req-e0a72815-2cb0-4ccf-89df-eaf2644a0e7f None None] Acquiring lock "4de5d945-9e2c-494e-874e-8da70eba91a8" by "nova.context.set_target_cell.<locals>.get_or_set_cached_cell_and_set_connections" {{(pid=70062) inner /opt/stack/data/venv/lib/python3.10/site-packages/oslo_concurrency/lockutils.py:405}}
Aug 25 16:12:24.324658 np0000032577 devstack@n-api.service[70062]: DEBUG oslo_concurrency.lockutils [None req-e0a72815-2cb0-4ccf-89df-eaf2644a0e7f None None] Lock "4de5d945-9e2c-494e-874e-8da70eba91a8" acquired by "nova.context.set_target_cell.<locals>.get_or_set_cached_cell_and_set_connections" :: waited 0.000s {{(pid=70062) inner /opt/stack/data/venv/lib/python3.10/site-packages/oslo_concurrency/lockutils.py:410}}
Aug 25 16:12:24.325585 np0000032577 devstack@n-api.service[70062]: DEBUG oslo_concurrency.lockutils [None req-e0a72815-2cb0-4ccf-89df-eaf2644a0e7f None None] Lock "4de5d945-9e2c-494e-874e-8da70eba91a8" "released" by "nova.context.set_target_cell.<locals>.get_or_set_cached_cell_and_set_connections" :: held 0.001s {{(pid=70062) inner /opt/stack/data/venv/lib/python3.10/site-packages/oslo_concurrency/lockutils.py:424}}
Aug 25 16:12:24.326747 np0000032577 devstack@n-api.service[70062]: INFO dbcounter [None req-e0a72815-2cb0-4ccf-89df-eaf2644a0e7f None None] Registered counter for database nova_cell0
Aug 25 16:12:24.328859 np0000032577 devstack@n-api.service[70062]: INFO dbcounter [None req-e0a72815-2cb0-4ccf-89df-eaf2644a0e7f None None] Registered counter for database nova_cell1
Aug 25 16:12:24.332861 np0000032577 devstack@n-api.service[70062]: DEBUG oslo_db.sqlalchemy.engines [None req-e0a72815-2cb0-4ccf-89df-eaf2644a0e7f None None] MySQL server mode set to STRICT_TRANS_TABLES,STRICT_ALL_TABLES,NO_ZERO_IN_DATE,NO_ZERO_DATE,ERROR_FOR_DIVISION_BY_ZERO,TRADITIONAL,NO_ENGINE_SUBSTITUTION {{(pid=70062) _check_effective_sql_mode /opt/stack/data/venv/lib/python3.10/site-packages/oslo_db/sqlalchemy/engines.py:397}}
Aug 25 16:12:24.373928 np0000032577 devstack@n-api.service[70063]: DEBUG oslo_db.sqlalchemy.engines [None req-da5e343d-ef7d-4c3e-a11c-359a56acf87e None None] MySQL server mode set to STRICT_TRANS_TABLES,STRICT_ALL_TABLES,NO_ZERO_IN_DATE,NO_ZERO_DATE,ERROR_FOR_DIVISION_BY_ZERO,TRADITIONAL,NO_ENGINE_SUBSTITUTION {{(pid=70063) _check_effective_sql_mode /opt/stack/data/venv/lib/python3.10/site-packages/oslo_db/sqlalchemy/engines.py:397}}
Aug 25 16:12:24.398449 np0000032577 devstack@n-api.service[70063]: DEBUG dbcounter [-] [70063] Writer thread running {{(pid=70063) stat_writer /opt/stack/data/venv/lib/python3.10/site-packages/dbcounter.py:102}}
Aug 25 16:12:24.400157 np0000032577 devstack@n-api.service[70063]: DEBUG nova.context [None req-da5e343d-ef7d-4c3e-a11c-359a56acf87e None None] Found 2 cells: 00000000-0000-0000-0000-000000000000(cell0),4de5d945-9e2c-494e-874e-8da70eba91a8(cell1) {{(pid=70063) load_cells /opt/stack/nova/nova/context.py:464}}
Aug 25 16:12:24.400508 np0000032577 devstack@n-api.service[70062]: DEBUG dbcounter [-] [70062] Writer thread running {{(pid=70062) stat_writer /opt/stack/data/venv/lib/python3.10/site-packages/dbcounter.py:102}}
Aug 25 16:12:24.401809 np0000032577 devstack@n-api.service[70063]: DEBUG oslo_concurrency.lockutils [None req-da5e343d-ef7d-4c3e-a11c-359a56acf87e None None] Acquiring lock "00000000-0000-0000-0000-000000000000" by "nova.context.set_target_cell.<locals>.get_or_set_cached_cell_and_set_connections" {{(pid=70063) inner /opt/stack/data/venv/lib/python3.10/site-packages/oslo_concurrency/lockutils.py:405}}
Aug 25 16:12:24.402062 np0000032577 devstack@n-api.service[70063]: DEBUG oslo_concurrency.lockutils [None req-da5e343d-ef7d-4c3e-a11c-359a56acf87e None None] Lock "00000000-0000-0000-0000-000000000000" acquired by "nova.context.set_target_cell.<locals>.get_or_set_cached_cell_and_set_connections" :: waited 0.000s {{(pid=70063) inner /opt/stack/data/venv/lib/python3.10/site-packages/oslo_concurrency/lockutils.py:410}}
Aug 25 16:12:24.402520 np0000032577 devstack@n-api.service[70063]: DEBUG oslo_concurrency.lockutils [None req-da5e343d-ef7d-4c3e-a11c-359a56acf87e None None] Lock "00000000-0000-0000-0000-000000000000" "released" by "nova.context.set_target_cell.<locals>.get_or_set_cached_cell_and_set_connections" :: held 0.000s {{(pid=70063) inner /opt/stack/data/venv/lib/python3.10/site-packages/oslo_concurrency/lockutils.py:424}}
Aug 25 16:12:24.402945 np0000032577 devstack@n-api.service[70063]: DEBUG oslo_concurrency.lockutils [None req-da5e343d-ef7d-4c3e-a11c-359a56acf87e None None] Acquiring lock "4de5d945-9e2c-494e-874e-8da70eba91a8" by "nova.context.set_target_cell.<locals>.get_or_set_cached_cell_and_set_connections" {{(pid=70063) inner /opt/stack/data/venv/lib/python3.10/site-packages/oslo_concurrency/lockutils.py:405}}
Aug 25 16:12:24.403172 np0000032577 devstack@n-api.service[70063]: DEBUG oslo_concurrency.lockutils [None req-da5e343d-ef7d-4c3e-a11c-359a56acf87e None None] Lock "4de5d945-9e2c-494e-874e-8da70eba91a8" acquired by "nova.context.set_target_cell.<locals>.get_or_set_cached_cell_and_set_connections" :: waited 0.000s {{(pid=70063) inner /opt/stack/data/venv/lib/python3.10/site-packages/oslo_concurrency/lockutils.py:410}}
Aug 25 16:12:24.403268 np0000032577 devstack@n-api.service[70062]: DEBUG oslo_db.sqlalchemy.engines [None req-e0a72815-2cb0-4ccf-89df-eaf2644a0e7f None None] MySQL server mode set to STRICT_TRANS_TABLES,STRICT_ALL_TABLES,NO_ZERO_IN_DATE,NO_ZERO_DATE,ERROR_FOR_DIVISION_BY_ZERO,TRADITIONAL,NO_ENGINE_SUBSTITUTION {{(pid=70062) _check_effective_sql_mode /opt/stack/data/venv/lib/python3.10/site-packages/oslo_db/sqlalchemy/engines.py:397}}
Aug 25 16:12:24.404176 np0000032577 devstack@n-api.service[70063]: DEBUG oslo_concurrency.lockutils [None req-da5e343d-ef7d-4c3e-a11c-359a56acf87e None None] Lock "4de5d945-9e2c-494e-874e-8da70eba91a8" "released" by "nova.context.set_target_cell.<locals>.get_or_set_cached_cell_and_set_connections" :: held 0.001s {{(pid=70063) inner /opt/stack/data/venv/lib/python3.10/site-packages/oslo_concurrency/lockutils.py:424}}
Aug 25 16:12:24.405409 np0000032577 devstack@n-api.service[70063]: INFO dbcounter [None req-da5e343d-ef7d-4c3e-a11c-359a56acf87e None None] Registered counter for database nova_cell0
Aug 25 16:12:24.406448 np0000032577 devstack@n-api.service[70062]: DEBUG dbcounter [-] [70062] Writer thread running {{(pid=70062) stat_writer /opt/stack/data/venv/lib/python3.10/site-packages/dbcounter.py:102}}
Aug 25 16:12:24.407448 np0000032577 devstack@n-api.service[70063]: INFO dbcounter [None req-da5e343d-ef7d-4c3e-a11c-359a56acf87e None None] Registered counter for database nova_cell1
Aug 25 16:12:24.408552 np0000032577 devstack@n-api.service[70062]: INFO dbcounter [None req-e0a72815-2cb0-4ccf-89df-eaf2644a0e7f None None] Registered counter for database nova_cell0
Aug 25 16:12:24.411591 np0000032577 devstack@n-api.service[70063]: DEBUG oslo_db.sqlalchemy.engines [None req-da5e343d-ef7d-4c3e-a11c-359a56acf87e None None] MySQL server mode set to STRICT_TRANS_TABLES,STRICT_ALL_TABLES,NO_ZERO_IN_DATE,NO_ZERO_DATE,ERROR_FOR_DIVISION_BY_ZERO,TRADITIONAL,NO_ENGINE_SUBSTITUTION {{(pid=70063) _check_effective_sql_mode /opt/stack/data/venv/lib/python3.10/site-packages/oslo_db/sqlalchemy/engines.py:397}}
Aug 25 16:12:24.414125 np0000032577 devstack@n-api.service[70063]: DEBUG oslo_db.sqlalchemy.engines [None req-da5e343d-ef7d-4c3e-a11c-359a56acf87e None None] MySQL server mode set to STRICT_TRANS_TABLES,STRICT_ALL_TABLES,NO_ZERO_IN_DATE,NO_ZERO_DATE,ERROR_FOR_DIVISION_BY_ZERO,TRADITIONAL,NO_ENGINE_SUBSTITUTION {{(pid=70063) _check_effective_sql_mode /opt/stack/data/venv/lib/python3.10/site-packages/oslo_db/sqlalchemy/engines.py:397}}
Aug 25 16:12:24.414842 np0000032577 devstack@n-api.service[70062]: DEBUG oslo_db.sqlalchemy.engines [None req-e0a72815-2cb0-4ccf-89df-eaf2644a0e7f None None] MySQL server mode set to STRICT_TRANS_TABLES,STRICT_ALL_TABLES,NO_ZERO_IN_DATE,NO_ZERO_DATE,ERROR_FOR_DIVISION_BY_ZERO,TRADITIONAL,NO_ENGINE_SUBSTITUTION {{(pid=70062) _check_effective_sql_mode /opt/stack/data/venv/lib/python3.10/site-packages/oslo_db/sqlalchemy/engines.py:397}}
Aug 25 16:12:24.418886 np0000032577 devstack@n-api.service[70062]: DEBUG dbcounter [-] [70062] Writer thread running {{(pid=70062) stat_writer /opt/stack/data/venv/lib/python3.10/site-packages/dbcounter.py:102}}
Aug 25 16:12:24.478832 np0000032577 devstack@n-api.service[70063]: DEBUG dbcounter [-] [70063] Writer thread running {{(pid=70063) stat_writer /opt/stack/data/venv/lib/python3.10/site-packages/dbcounter.py:102}}
Aug 25 16:12:24.482796 np0000032577 devstack@n-api.service[70063]: DEBUG dbcounter [-] [70063] Writer thread running {{(pid=70063) stat_writer /opt/stack/data/venv/lib/python3.10/site-packages/dbcounter.py:102}}
Aug 25 16:12:24.484866 np0000032577 devstack@n-api.service[70063]: INFO dbcounter [None req-da5e343d-ef7d-4c3e-a11c-359a56acf87e None None] Registered counter for database nova_cell0
Aug 25 16:12:24.489280 np0000032577 devstack@n-api.service[70063]: DEBUG oslo_db.sqlalchemy.engines [None req-da5e343d-ef7d-4c3e-a11c-359a56acf87e None None] MySQL server mode set to STRICT_TRANS_TABLES,STRICT_ALL_TABLES,NO_ZERO_IN_DATE,NO_ZERO_DATE,ERROR_FOR_DIVISION_BY_ZERO,TRADITIONAL,NO_ENGINE_SUBSTITUTION {{(pid=70063) _check_effective_sql_mode /opt/stack/data/venv/lib/python3.10/site-packages/oslo_db/sqlalchemy/engines.py:397}}
Aug 25 16:12:24.493997 np0000032577 devstack@n-api.service[70063]: DEBUG dbcounter [-] [70063] Writer thread running {{(pid=70063) stat_writer /opt/stack/data/venv/lib/python3.10/site-packages/dbcounter.py:102}}
Aug 25 16:12:24.733750 np0000032577 devstack@n-api.service[70062]: DEBUG oslo_concurrency.processutils [None req-e0a72815-2cb0-4ccf-89df-eaf2644a0e7f None None] Running cmd (subprocess): grep -F node.session.scan /sbin/iscsiadm {{(pid=70062) execute /opt/stack/data/venv/lib/python3.10/site-packages/oslo_concurrency/processutils.py:349}}
Aug 25 16:12:24.740500 np0000032577 devstack@n-api.service[70062]: DEBUG oslo_concurrency.processutils [None req-e0a72815-2cb0-4ccf-89df-eaf2644a0e7f None None] CMD "grep -F node.session.scan /sbin/iscsiadm" returned: 0 in 0.007s {{(pid=70062) execute /opt/stack/data/venv/lib/python3.10/site-packages/oslo_concurrency/processutils.py:372}}
Aug 25 16:12:24.784439 np0000032577 devstack@n-api.service[70063]: DEBUG oslo_concurrency.processutils [None req-da5e343d-ef7d-4c3e-a11c-359a56acf87e None None] Running cmd (subprocess): grep -F node.session.scan /sbin/iscsiadm {{(pid=70063) execute /opt/stack/data/venv/lib/python3.10/site-packages/oslo_concurrency/processutils.py:349}}
Aug 25 16:12:24.790957 np0000032577 devstack@n-api.service[70063]: DEBUG oslo_concurrency.processutils [None req-da5e343d-ef7d-4c3e-a11c-359a56acf87e None None] CMD "grep -F node.session.scan /sbin/iscsiadm" returned: 0 in 0.007s {{(pid=70063) execute /opt/stack/data/venv/lib/python3.10/site-packages/oslo_concurrency/processutils.py:372}}
Aug 25 16:12:25.083815 np0000032577 devstack@n-api.service[70062]: WARNING keystonemiddleware.auth_token [None req-e0a72815-2cb0-4ccf-89df-eaf2644a0e7f None None] AuthToken middleware is set with keystone_authtoken.service_token_roles_required set to False. This is backwards compatible but deprecated behaviour. Please set this to True.
Aug 25 16:12:25.087230 np0000032577 devstack@n-api.service[70062]: WARNING keystonemiddleware.auth_token [None req-e0a72815-2cb0-4ccf-89df-eaf2644a0e7f None None] Configuring www_authenticate_uri to point to the public identity endpoint is required; clients may not be able to authenticate against an admin endpoint
Aug 25 16:12:25.087357 np0000032577 devstack@n-api.service[70063]: WARNING keystonemiddleware.auth_token [None req-da5e343d-ef7d-4c3e-a11c-359a56acf87e None None] AuthToken middleware is set with keystone_authtoken.service_token_roles_required set to False. This is backwards compatible but deprecated behaviour. Please set this to True.
Aug 25 16:12:25.090803 np0000032577 devstack@n-api.service[70063]: WARNING keystonemiddleware.auth_token [None req-da5e343d-ef7d-4c3e-a11c-359a56acf87e None None] Configuring www_authenticate_uri to point to the public identity endpoint is required; clients may not be able to authenticate against an admin endpoint
Aug 25 16:12:25.161870 np0000032577 devstack@n-api.service[70062]: WARNING keystonemiddleware.auth_token [None req-e0a72815-2cb0-4ccf-89df-eaf2644a0e7f None None] AuthToken middleware is set with keystone_authtoken.service_token_roles_required set to False. This is backwards compatible but deprecated behaviour. Please set this to True.
Aug 25 16:12:25.164340 np0000032577 devstack@n-api.service[70062]: WARNING keystonemiddleware.auth_token [None req-e0a72815-2cb0-4ccf-89df-eaf2644a0e7f None None] Configuring www_authenticate_uri to point to the public identity endpoint is required; clients may not be able to authenticate against an admin endpoint
Aug 25 16:12:25.165351 np0000032577 devstack@n-api.service[70063]: WARNING keystonemiddleware.auth_token [None req-da5e343d-ef7d-4c3e-a11c-359a56acf87e None None] AuthToken middleware is set with keystone_authtoken.service_token_roles_required set to False. This is backwards compatible but deprecated behaviour. Please set this to True.
Aug 25 16:12:25.166240 np0000032577 devstack@n-api.service[70062]: WSGI app 0 (mountpoint='') ready in 3 seconds on interpreter 0x55e254ca0d70 pid: 70062 (default app)
Aug 25 16:12:25.167246 np0000032577 devstack@n-api.service[70062]: DEBUG nova.api.openstack.wsgi [None req-e0a72815-2cb0-4ccf-89df-eaf2644a0e7f None None] Calling method '<bound method VersionsV2.index of <nova.api.openstack.compute.versions.VersionsV2 object at 0x7fe3ae4d2bf0>>' {{(pid=70062) _process_stack /opt/stack/nova/nova/api/openstack/wsgi.py:556}}
Aug 25 16:12:25.168304 np0000032577 devstack@n-api.service[70063]: WARNING keystonemiddleware.auth_token [None req-da5e343d-ef7d-4c3e-a11c-359a56acf87e None None] Configuring www_authenticate_uri to point to the public identity endpoint is required; clients may not be able to authenticate against an admin endpoint
Aug 25 16:12:25.170128 np0000032577 devstack@n-api.service[70062]: INFO nova.api.openstack.requestlog [None req-e0a72815-2cb0-4ccf-89df-eaf2644a0e7f None None] 192.168.1.121 "GET /compute/v2.1/" status: 200 len: 391 microversion: 2.1 time: 0.003182
Aug 25 16:12:25.170316 np0000032577 devstack@n-api.service[70062]: [pid: 70062|app: 0|req: 1/1] 192.168.1.121 () {50 vars in 783 bytes} [Mon Aug 25 16:12:25 2025] GET /compute/v2.1/ => generated 391 bytes in 4 msecs (HTTP/1.1 200) 9 headers in 357 bytes (1 switches on core 0)
Aug 25 16:12:25.170378 np0000032577 devstack@n-api.service[70063]: WSGI app 0 (mountpoint='') ready in 3 seconds on interpreter 0x55e254ca0d70 pid: 70063 (default app)
Aug 25 16:12:56.663475 np0000032577 devstack@n-api.service[70062]: DEBUG nova.api.openstack.wsgi [None req-e0a72815-2cb0-4ccf-89df-eaf2644a0e7f None None] Calling method '<bound method VersionsV2.index of <nova.api.openstack.compute.versions.VersionsV2 object at 0x7fe3ae4d2bf0>>' {{(pid=70062) _process_stack /opt/stack/nova/nova/api/openstack/wsgi.py:556}}
Aug 25 16:12:56.666173 np0000032577 devstack@n-api.service[70062]: INFO nova.api.openstack.requestlog [None req-e0a72815-2cb0-4ccf-89df-eaf2644a0e7f None None] 192.168.1.121 "GET /compute/v2.1" status: 200 len: 392 microversion: 2.1 time: 0.002934
Aug 25 16:12:56.666421 np0000032577 devstack@n-api.service[70062]: [pid: 70062|app: 0|req: 2/2] 192.168.1.121 () {62 vars in 1068 bytes} [Mon Aug 25 16:12:56 2025] GET /compute/v2.1 => generated 392 bytes in 3 msecs (HTTP/1.1 200) 9 headers in 357 bytes (1 switches on core 0)
Aug 25 16:12:56.677743 np0000032577 devstack@n-api.service[70063]: DEBUG dbcounter [-] [70063] Writing DB stats nova_api:SELECT=1 {{(pid=70063) stat_writer /opt/stack/data/venv/lib/python3.10/site-packages/dbcounter.py:115}}
Aug 25 16:12:56.678257 np0000032577 devstack@n-api.service[70063]: DEBUG dbcounter [-] [70063] Writing DB stats nova_cell1:SELECT=1 {{(pid=70063) stat_writer /opt/stack/data/venv/lib/python3.10/site-packages/dbcounter.py:115}}
Aug 25 16:12:56.678601 np0000032577 devstack@n-api.service[70063]: DEBUG dbcounter [-] [70063] Writing DB stats nova_cell0:SELECT=1 {{(pid=70063) stat_writer /opt/stack/data/venv/lib/python3.10/site-packages/dbcounter.py:115}}
Aug 25 16:12:56.678942 np0000032577 devstack@n-api.service[70063]: DEBUG dbcounter [-] [70063] Writing DB stats nova_cell0:SELECT=1 {{(pid=70063) stat_writer /opt/stack/data/venv/lib/python3.10/site-packages/dbcounter.py:115}}
Aug 25 16:12:56.796022 np0000032577 devstack@n-api.service[70063]: DEBUG nova.api.openstack.wsgi [None req-5ffdd624-4522-48ee-9086-24331d1cc2e2 admin admin] Calling method '<bound method FlavorsController.detail of <nova.api.openstack.compute.flavors.FlavorsController object at 0x7fe3ace095d0>>' {{(pid=70063) _process_stack /opt/stack/nova/nova/api/openstack/wsgi.py:556}}
Aug 25 16:12:56.811617 np0000032577 devstack@n-api.service[70063]: INFO nova.api.openstack.requestlog [None req-5ffdd624-4522-48ee-9086-24331d1cc2e2 admin admin] 192.168.1.121 "GET /compute/v2.1/flavors/detail?is_public=True" status: 200 len: 15 microversion: 2.61 time: 0.139183
Aug 25 16:12:56.811880 np0000032577 devstack@n-api.service[70063]: [pid: 70063|app: 0|req: 1/3] 192.168.1.121 () {68 vars in 1429 bytes} [Mon Aug 25 16:12:56 2025] GET /compute/v2.1/flavors/detail?is_public=True => generated 15 bytes in 140 msecs (HTTP/1.1 200) 9 headers in 358 bytes (1 switches on core 0)
Aug 25 16:12:56.897781 np0000032577 devstack@n-api.service[70062]: DEBUG nova.api.openstack.wsgi [None req-e0a72815-2cb0-4ccf-89df-eaf2644a0e7f None None] Calling method '<bound method VersionsV2.index of <nova.api.openstack.compute.versions.VersionsV2 object at 0x7fe3ae4d2bf0>>' {{(pid=70062) _process_stack /opt/stack/nova/nova/api/openstack/wsgi.py:556}}
Aug 25 16:12:56.900602 np0000032577 devstack@n-api.service[70062]: INFO nova.api.openstack.requestlog [None req-e0a72815-2cb0-4ccf-89df-eaf2644a0e7f None None] 192.168.1.121 "GET /compute/v2.1" status: 200 len: 392 microversion: 2.1 time: 0.002980
Aug 25 16:12:56.900763 np0000032577 devstack@n-api.service[70062]: [pid: 70062|app: 0|req: 3/4] 192.168.1.121 () {62 vars in 1068 bytes} [Mon Aug 25 16:12:56 2025] GET /compute/v2.1 => generated 392 bytes in 3 msecs (HTTP/1.1 200) 9 headers in 357 bytes (1 switches on core 0)
Aug 25 16:12:56.925722 np0000032577 devstack@n-api.service[70063]: DEBUG nova.api.openstack.wsgi [None req-9fed02af-aaa7-457a-aa77-5a813964f1ec admin admin] Action: 'create', calling method: <bound method FlavorsController.create of <nova.api.openstack.compute.flavors.FlavorsController object at 0x7fe3ace0a110>>, body: {"flavor": {"disk": 1, "os-flavor-access:is_public": true, "swap": 0, "name": "cirros256", "ram": 256, "OS-FLV-EXT-DATA:ephemeral": 0, "rxtx_factor": 1.0, "id": "c1", "vcpus": 1}} {{(pid=70063) _process_stack /opt/stack/nova/nova/api/openstack/wsgi.py:554}}
Aug 25 16:12:56.947789 np0000032577 devstack@n-api.service[70063]: INFO nova.api.openstack.requestlog [None req-9fed02af-aaa7-457a-aa77-5a813964f1ec admin admin] 192.168.1.121 "POST /compute/v2.1/flavors" status: 200 len: 413 microversion: 2.61 time: 0.041263
Aug 25 16:12:56.948039 np0000032577 devstack@n-api.service[70063]: [pid: 70063|app: 0|req: 2/5] 192.168.1.121 () {72 vars in 1420 bytes} [Mon Aug 25 16:12:56 2025] POST /compute/v2.1/flavors => generated 413 bytes in 42 msecs (HTTP/1.1 200) 9 headers in 359 bytes (1 switches on core 0)
Aug 25 16:12:56.958156 np0000032577 devstack@n-api.service[70062]: DEBUG dbcounter [-] [70062] Writing DB stats nova_api:SELECT=1 {{(pid=70062) stat_writer /opt/stack/data/venv/lib/python3.10/site-packages/dbcounter.py:115}}
Aug 25 16:12:56.958697 np0000032577 devstack@n-api.service[70062]: DEBUG dbcounter [-] [70062] Writing DB stats nova_cell0:SELECT=1 {{(pid=70062) stat_writer /opt/stack/data/venv/lib/python3.10/site-packages/dbcounter.py:115}}
Aug 25 16:12:56.959059 np0000032577 devstack@n-api.service[70062]: DEBUG dbcounter [-] [70062] Writing DB stats nova_cell1:SELECT=1 {{(pid=70062) stat_writer /opt/stack/data/venv/lib/python3.10/site-packages/dbcounter.py:115}}
Aug 25 16:12:56.959380 np0000032577 devstack@n-api.service[70062]: DEBUG dbcounter [-] [70062] Writing DB stats nova_cell0:SELECT=2,nova_cell0:INSERT=1 {{(pid=70062) stat_writer /opt/stack/data/venv/lib/python3.10/site-packages/dbcounter.py:115}}
Aug 25 16:12:57.027621 np0000032577 devstack@n-api.service[70062]: DEBUG nova.api.openstack.wsgi [None req-f67d25a3-19c0-430a-b845-d2fca4e97d3d admin admin] Action: 'create', calling method: <bound method FlavorExtraSpecsController.create of <nova.api.openstack.compute.flavors_extraspecs.FlavorExtraSpecsController object at 0x7fe3ace48f70>>, body: {"extra_specs": {"hw_rng:allowed": "True"}} {{(pid=70062) _process_stack /opt/stack/nova/nova/api/openstack/wsgi.py:554}}
Aug 25 16:12:57.056138 np0000032577 devstack@n-api.service[70062]: INFO nova.api.openstack.requestlog [None req-f67d25a3-19c0-430a-b845-d2fca4e97d3d admin admin] 192.168.1.121 "POST /compute/v2.1/flavors/c1/os-extra_specs" status: 200 len: 43 microversion: 2.61 time: 0.100765
Aug 25 16:12:57.056499 np0000032577 devstack@n-api.service[70062]: [pid: 70062|app: 0|req: 4/6] 192.168.1.121 () {72 vars in 1473 bytes} [Mon Aug 25 16:12:56 2025] POST /compute/v2.1/flavors/c1/os-extra_specs => generated 43 bytes in 101 msecs (HTTP/1.1 200) 9 headers in 358 bytes (1 switches on core 0)
Aug 25 16:12:57.144765 np0000032577 devstack@n-api.service[70063]: DEBUG nova.api.openstack.wsgi [None req-9fed02af-aaa7-457a-aa77-5a813964f1ec admin admin] Calling method '<bound method VersionsV2.index of <nova.api.openstack.compute.versions.VersionsV2 object at 0x7fe3ae3940a0>>' {{(pid=70063) _process_stack /opt/stack/nova/nova/api/openstack/wsgi.py:556}}
Aug 25 16:12:57.147405 np0000032577 devstack@n-api.service[70063]: INFO nova.api.openstack.requestlog [None req-9fed02af-aaa7-457a-aa77-5a813964f1ec admin admin] 192.168.1.121 "GET /compute/v2.1" status: 200 len: 392 microversion: 2.1 time: 0.002834
Aug 25 16:12:57.147582 np0000032577 devstack@n-api.service[70063]: [pid: 70063|app: 0|req: 3/7] 192.168.1.121 () {62 vars in 1068 bytes} [Mon Aug 25 16:12:57 2025] GET /compute/v2.1 => generated 392 bytes in 3 msecs (HTTP/1.1 200) 9 headers in 357 bytes (1 switches on core 0)
Aug 25 16:12:57.206714 np0000032577 devstack@n-api.service[70062]: DEBUG nova.api.openstack.wsgi [None req-4887d112-69bf-4252-bc68-a01daac3eded admin admin] Action: 'create', calling method: <bound method FlavorsController.create of <nova.api.openstack.compute.flavors.FlavorsController object at 0x7fe3ace25f00>>, body: {"flavor": {"disk": 5, "os-flavor-access:is_public": true, "swap": 0, "name": "ds512M", "ram": 512, "OS-FLV-EXT-DATA:ephemeral": 0, "rxtx_factor": 1.0, "id": "d1", "vcpus": 1}} {{(pid=70062) _process_stack /opt/stack/nova/nova/api/openstack/wsgi.py:554}}
Aug 25 16:12:57.225002 np0000032577 devstack@n-api.service[70062]: INFO nova.api.openstack.requestlog [None req-4887d112-69bf-4252-bc68-a01daac3eded admin admin] 192.168.1.121 "POST /compute/v2.1/flavors" status: 200 len: 410 microversion: 2.61 time: 0.071881
Aug 25 16:12:57.225261 np0000032577 devstack@n-api.service[70062]: [pid: 70062|app: 0|req: 5/8] 192.168.1.121 () {72 vars in 1420 bytes} [Mon Aug 25 16:12:57 2025] POST /compute/v2.1/flavors => generated 410 bytes in 72 msecs (HTTP/1.1 200) 9 headers in 359 bytes (1 switches on core 0)
Aug 25 16:12:57.234425 np0000032577 devstack@n-api.service[70063]: DEBUG nova.api.openstack.wsgi [None req-d064088c-00e0-4431-98b8-fffd170aa1e4 admin admin] Action: 'create', calling method: <bound method FlavorExtraSpecsController.create of <nova.api.openstack.compute.flavors_extraspecs.FlavorExtraSpecsController object at 0x7fe3ace0be50>>, body: {"extra_specs": {"hw_rng:allowed": "True"}} {{(pid=70063) _process_stack /opt/stack/nova/nova/api/openstack/wsgi.py:554}}
Aug 25 16:12:57.253953 np0000032577 devstack@n-api.service[70063]: INFO nova.api.openstack.requestlog [None req-d064088c-00e0-4431-98b8-fffd170aa1e4 admin admin] 192.168.1.121 "POST /compute/v2.1/flavors/d1/os-extra_specs" status: 200 len: 43 microversion: 2.61 time: 0.021549
Aug 25 16:12:57.254197 np0000032577 devstack@n-api.service[70063]: [pid: 70063|app: 0|req: 4/9] 192.168.1.121 () {72 vars in 1473 bytes} [Mon Aug 25 16:12:57 2025] POST /compute/v2.1/flavors/d1/os-extra_specs => generated 43 bytes in 22 msecs (HTTP/1.1 200) 9 headers in 358 bytes (1 switches on core 0)
Aug 25 16:12:57.347207 np0000032577 devstack@n-api.service[70062]: DEBUG nova.api.openstack.wsgi [None req-4887d112-69bf-4252-bc68-a01daac3eded admin admin] Calling method '<bound method VersionsV2.index of <nova.api.openstack.compute.versions.VersionsV2 object at 0x7fe3ae4d2bf0>>' {{(pid=70062) _process_stack /opt/stack/nova/nova/api/openstack/wsgi.py:556}}
Aug 25 16:12:57.349823 np0000032577 devstack@n-api.service[70062]: INFO nova.api.openstack.requestlog [None req-4887d112-69bf-4252-bc68-a01daac3eded admin admin] 192.168.1.121 "GET /compute/v2.1" status: 200 len: 392 microversion: 2.1 time: 0.002815
Aug 25 16:12:57.350012 np0000032577 devstack@n-api.service[70062]: [pid: 70062|app: 0|req: 6/10] 192.168.1.121 () {62 vars in 1068 bytes} [Mon Aug 25 16:12:57 2025] GET /compute/v2.1 => generated 392 bytes in 3 msecs (HTTP/1.1 200) 9 headers in 357 bytes (1 switches on core 0)
Aug 25 16:12:57.374713 np0000032577 devstack@n-api.service[70063]: DEBUG nova.api.openstack.wsgi [None req-5cfad3bd-2943-41fe-bcc8-581a266fd096 admin admin] Action: 'create', calling method: <bound method FlavorsController.create of <nova.api.openstack.compute.flavors.FlavorsController object at 0x7fe3ace0a110>>, body: {"flavor": {"disk": 10, "os-flavor-access:is_public": true, "swap": 0, "name": "ds1G", "ram": 1024, "OS-FLV-EXT-DATA:ephemeral": 0, "rxtx_factor": 1.0, "id": "d2", "vcpus": 1}} {{(pid=70063) _process_stack /opt/stack/nova/nova/api/openstack/wsgi.py:554}}
Aug 25 16:12:57.386654 np0000032577 devstack@n-api.service[70063]: INFO nova.api.openstack.requestlog [None req-5cfad3bd-2943-41fe-bcc8-581a266fd096 admin admin] 192.168.1.121 "POST /compute/v2.1/flavors" status: 200 len: 410 microversion: 2.61 time: 0.031091
Aug 25 16:12:57.386915 np0000032577 devstack@n-api.service[70063]: [pid: 70063|app: 0|req: 5/11] 192.168.1.121 () {72 vars in 1420 bytes} [Mon Aug 25 16:12:57 2025] POST /compute/v2.1/flavors => generated 410 bytes in 31 msecs (HTTP/1.1 200) 9 headers in 359 bytes (1 switches on core 0)
Aug 25 16:12:57.395289 np0000032577 devstack@n-api.service[70062]: DEBUG nova.api.openstack.wsgi [None req-d79d8a99-59c0-4509-89a6-9933ca8f2ee1 admin admin] Action: 'create', calling method: <bound method FlavorExtraSpecsController.create of <nova.api.openstack.compute.flavors_extraspecs.FlavorExtraSpecsController object at 0x7fe3ace48f70>>, body: {"extra_specs": {"hw_rng:allowed": "True"}} {{(pid=70062) _process_stack /opt/stack/nova/nova/api/openstack/wsgi.py:554}}
Aug 25 16:12:57.408059 np0000032577 devstack@n-api.service[70062]: INFO nova.api.openstack.requestlog [None req-d79d8a99-59c0-4509-89a6-9933ca8f2ee1 admin admin] 192.168.1.121 "POST /compute/v2.1/flavors/d2/os-extra_specs" status: 200 len: 43 microversion: 2.61 time: 0.014400
Aug 25 16:12:57.408297 np0000032577 devstack@n-api.service[70062]: [pid: 70062|app: 0|req: 7/12] 192.168.1.121 () {72 vars in 1473 bytes} [Mon Aug 25 16:12:57 2025] POST /compute/v2.1/flavors/d2/os-extra_specs => generated 43 bytes in 15 msecs (HTTP/1.1 200) 9 headers in 358 bytes (1 switches on core 0)
Aug 25 16:12:57.497972 np0000032577 devstack@n-api.service[70063]: DEBUG nova.api.openstack.wsgi [None req-5cfad3bd-2943-41fe-bcc8-581a266fd096 admin admin] Calling method '<bound method VersionsV2.index of <nova.api.openstack.compute.versions.VersionsV2 object at 0x7fe3ae3940a0>>' {{(pid=70063) _process_stack /opt/stack/nova/nova/api/openstack/wsgi.py:556}}
Aug 25 16:12:57.500552 np0000032577 devstack@n-api.service[70063]: INFO nova.api.openstack.requestlog [None req-5cfad3bd-2943-41fe-bcc8-581a266fd096 admin admin] 192.168.1.121 "GET /compute/v2.1" status: 200 len: 392 microversion: 2.1 time: 0.002788
Aug 25 16:12:57.500729 np0000032577 devstack@n-api.service[70063]: [pid: 70063|app: 0|req: 6/13] 192.168.1.121 () {62 vars in 1068 bytes} [Mon Aug 25 16:12:57 2025] GET /compute/v2.1 => generated 392 bytes in 3 msecs (HTTP/1.1 200) 9 headers in 357 bytes (1 switches on core 0)
Aug 25 16:12:57.526079 np0000032577 devstack@n-api.service[70062]: DEBUG nova.api.openstack.wsgi [None req-e2a42377-711a-483a-ab31-b50c20d7919a admin admin] Action: 'create', calling method: <bound method FlavorsController.create of <nova.api.openstack.compute.flavors.FlavorsController object at 0x7fe3ace25f00>>, body: {"flavor": {"disk": 10, "os-flavor-access:is_public": true, "swap": 0, "name": "ds2G", "ram": 2048, "OS-FLV-EXT-DATA:ephemeral": 0, "rxtx_factor": 1.0, "id": "d3", "vcpus": 2}} {{(pid=70062) _process_stack /opt/stack/nova/nova/api/openstack/wsgi.py:554}}
Aug 25 16:12:57.537697 np0000032577 devstack@n-api.service[70062]: INFO nova.api.openstack.requestlog [None req-e2a42377-711a-483a-ab31-b50c20d7919a admin admin] 192.168.1.121 "POST /compute/v2.1/flavors" status: 200 len: 410 microversion: 2.61 time: 0.030945
Aug 25 16:12:57.537957 np0000032577 devstack@n-api.service[70062]: [pid: 70062|app: 0|req: 8/14] 192.168.1.121 () {72 vars in 1420 bytes} [Mon Aug 25 16:12:57 2025] POST /compute/v2.1/flavors => generated 410 bytes in 31 msecs (HTTP/1.1 200) 9 headers in 359 bytes (1 switches on core 0)
Aug 25 16:12:57.546768 np0000032577 devstack@n-api.service[70063]: DEBUG nova.api.openstack.wsgi [None req-961c17c4-96bf-4168-8ce2-1742f4b0c99b admin admin] Action: 'create', calling method: <bound method FlavorExtraSpecsController.create of <nova.api.openstack.compute.flavors_extraspecs.FlavorExtraSpecsController object at 0x7fe3ace0be50>>, body: {"extra_specs": {"hw_rng:allowed": "True"}} {{(pid=70063) _process_stack /opt/stack/nova/nova/api/openstack/wsgi.py:554}}
Aug 25 16:12:57.560257 np0000032577 devstack@n-api.service[70063]: INFO nova.api.openstack.requestlog [None req-961c17c4-96bf-4168-8ce2-1742f4b0c99b admin admin] 192.168.1.121 "POST /compute/v2.1/flavors/d3/os-extra_specs" status: 200 len: 43 microversion: 2.61 time: 0.015198
Aug 25 16:12:57.560641 np0000032577 devstack@n-api.service[70063]: [pid: 70063|app: 0|req: 7/15] 192.168.1.121 () {72 vars in 1473 bytes} [Mon Aug 25 16:12:57 2025] POST /compute/v2.1/flavors/d3/os-extra_specs => generated 43 bytes in 16 msecs (HTTP/1.1 200) 9 headers in 358 bytes (1 switches on core 0)
Aug 25 16:12:57.649590 np0000032577 devstack@n-api.service[70062]: DEBUG nova.api.openstack.wsgi [None req-e2a42377-711a-483a-ab31-b50c20d7919a admin admin] Calling method '<bound method VersionsV2.index of <nova.api.openstack.compute.versions.VersionsV2 object at 0x7fe3ae4d2bf0>>' {{(pid=70062) _process_stack /opt/stack/nova/nova/api/openstack/wsgi.py:556}}
Aug 25 16:12:57.652477 np0000032577 devstack@n-api.service[70062]: INFO nova.api.openstack.requestlog [None req-e2a42377-711a-483a-ab31-b50c20d7919a admin admin] 192.168.1.121 "GET /compute/v2.1" status: 200 len: 392 microversion: 2.1 time: 0.003053
Aug 25 16:12:57.652744 np0000032577 devstack@n-api.service[70062]: [pid: 70062|app: 0|req: 9/16] 192.168.1.121 () {62 vars in 1068 bytes} [Mon Aug 25 16:12:57 2025] GET /compute/v2.1 => generated 392 bytes in 3 msecs (HTTP/1.1 200) 9 headers in 357 bytes (1 switches on core 0)
Aug 25 16:12:57.681211 np0000032577 devstack@n-api.service[70063]: DEBUG nova.api.openstack.wsgi [None req-e68cc39b-d494-4184-bf86-0b99a1bac8b8 admin admin] Action: 'create', calling method: <bound method FlavorsController.create of <nova.api.openstack.compute.flavors.FlavorsController object at 0x7fe3ace0a110>>, body: {"flavor": {"disk": 20, "os-flavor-access:is_public": true, "swap": 0, "name": "ds4G", "ram": 4096, "OS-FLV-EXT-DATA:ephemeral": 0, "rxtx_factor": 1.0, "id": "d4", "vcpus": 4}} {{(pid=70063) _process_stack /opt/stack/nova/nova/api/openstack/wsgi.py:554}}
Aug 25 16:12:57.692204 np0000032577 devstack@n-api.service[70063]: INFO nova.api.openstack.requestlog [None req-e68cc39b-d494-4184-bf86-0b99a1bac8b8 admin admin] 192.168.1.121 "POST /compute/v2.1/flavors" status: 200 len: 410 microversion: 2.61 time: 0.032851
Aug 25 16:12:57.692515 np0000032577 devstack@n-api.service[70063]: [pid: 70063|app: 0|req: 8/17] 192.168.1.121 () {72 vars in 1420 bytes} [Mon Aug 25 16:12:57 2025] POST /compute/v2.1/flavors => generated 410 bytes in 33 msecs (HTTP/1.1 200) 9 headers in 359 bytes (1 switches on core 0)
Aug 25 16:12:57.701410 np0000032577 devstack@n-api.service[70062]: DEBUG nova.api.openstack.wsgi [None req-c1d1c098-de50-4dc4-ba87-9a75e9d6ab2e admin admin] Action: 'create', calling method: <bound method FlavorExtraSpecsController.create of <nova.api.openstack.compute.flavors_extraspecs.FlavorExtraSpecsController object at 0x7fe3ace48f70>>, body: {"extra_specs": {"hw_rng:allowed": "True"}} {{(pid=70062) _process_stack /opt/stack/nova/nova/api/openstack/wsgi.py:554}}
Aug 25 16:12:57.714299 np0000032577 devstack@n-api.service[70062]: INFO nova.api.openstack.requestlog [None req-c1d1c098-de50-4dc4-ba87-9a75e9d6ab2e admin admin] 192.168.1.121 "POST /compute/v2.1/flavors/d4/os-extra_specs" status: 200 len: 43 microversion: 2.61 time: 0.014604
Aug 25 16:12:57.714553 np0000032577 devstack@n-api.service[70062]: [pid: 70062|app: 0|req: 10/18] 192.168.1.121 () {72 vars in 1473 bytes} [Mon Aug 25 16:12:57 2025] POST /compute/v2.1/flavors/d4/os-extra_specs => generated 43 bytes in 15 msecs (HTTP/1.1 200) 9 headers in 358 bytes (1 switches on core 0)
Aug 25 16:12:57.802308 np0000032577 devstack@n-api.service[70063]: DEBUG nova.api.openstack.wsgi [None req-e68cc39b-d494-4184-bf86-0b99a1bac8b8 admin admin] Calling method '<bound method VersionsV2.index of <nova.api.openstack.compute.versions.VersionsV2 object at 0x7fe3ae3940a0>>' {{(pid=70063) _process_stack /opt/stack/nova/nova/api/openstack/wsgi.py:556}}
Aug 25 16:12:57.805097 np0000032577 devstack@n-api.service[70063]: INFO nova.api.openstack.requestlog [None req-e68cc39b-d494-4184-bf86-0b99a1bac8b8 admin admin] 192.168.1.121 "GET /compute/v2.1" status: 200 len: 392 microversion: 2.1 time: 0.002990
Aug 25 16:12:57.805388 np0000032577 devstack@n-api.service[70063]: [pid: 70063|app: 0|req: 9/19] 192.168.1.121 () {62 vars in 1068 bytes} [Mon Aug 25 16:12:57 2025] GET /compute/v2.1 => generated 392 bytes in 3 msecs (HTTP/1.1 200) 9 headers in 357 bytes (1 switches on core 0)
Aug 25 16:12:57.829494 np0000032577 devstack@n-api.service[70062]: DEBUG nova.api.openstack.wsgi [None req-5314118c-1058-48fd-89e4-8d79c7d4427b admin admin] Calling method '<bound method FlavorsController.detail of <nova.api.openstack.compute.flavors.FlavorsController object at 0x7fe3ace270a0>>' {{(pid=70062) _process_stack /opt/stack/nova/nova/api/openstack/wsgi.py:556}}
Aug 25 16:12:57.843277 np0000032577 devstack@n-api.service[70062]: INFO nova.api.openstack.requestlog [None req-5314118c-1058-48fd-89e4-8d79c7d4427b admin admin] 192.168.1.121 "GET /compute/v2.1/flavors/detail?is_public=True" status: 200 len: 2136 microversion: 2.61 time: 0.032609
Aug 25 16:12:57.843511 np0000032577 devstack@n-api.service[70062]: [pid: 70062|app: 0|req: 11/20] 192.168.1.121 () {68 vars in 1429 bytes} [Mon Aug 25 16:12:57 2025] GET /compute/v2.1/flavors/detail?is_public=True => generated 2136 bytes in 33 msecs (HTTP/1.1 200) 9 headers in 360 bytes (1 switches on core 0)
Aug 25 16:12:57.932774 np0000032577 devstack@n-api.service[70063]: DEBUG nova.api.openstack.wsgi [None req-e68cc39b-d494-4184-bf86-0b99a1bac8b8 admin admin] Calling method '<bound method VersionsV2.index of <nova.api.openstack.compute.versions.VersionsV2 object at 0x7fe3ae3940a0>>' {{(pid=70063) _process_stack /opt/stack/nova/nova/api/openstack/wsgi.py:556}}
Aug 25 16:12:57.935362 np0000032577 devstack@n-api.service[70063]: INFO nova.api.openstack.requestlog [None req-e68cc39b-d494-4184-bf86-0b99a1bac8b8 admin admin] 192.168.1.121 "GET /compute/v2.1" status: 200 len: 392 microversion: 2.1 time: 0.002762
Aug 25 16:12:57.935539 np0000032577 devstack@n-api.service[70063]: [pid: 70063|app: 0|req: 10/21] 192.168.1.121 () {62 vars in 1068 bytes} [Mon Aug 25 16:12:57 2025] GET /compute/v2.1 => generated 392 bytes in 3 msecs (HTTP/1.1 200) 9 headers in 357 bytes (1 switches on core 0)
Aug 25 16:12:57.960281 np0000032577 devstack@n-api.service[70062]: DEBUG nova.api.openstack.wsgi [None req-38092fee-9559-48ec-a231-b2e5124fddeb admin admin] Action: 'create', calling method: <bound method FlavorsController.create of <nova.api.openstack.compute.flavors.FlavorsController object at 0x7fe3ace25f00>>, body: {"flavor": {"disk": 1, "os-flavor-access:is_public": true, "swap": 0, "name": "m1.tiny", "ram": 512, "OS-FLV-EXT-DATA:ephemeral": 0, "rxtx_factor": 1.0, "id": "1", "vcpus": 1}} {{(pid=70062) _process_stack /opt/stack/nova/nova/api/openstack/wsgi.py:554}}
Aug 25 16:12:57.972371 np0000032577 devstack@n-api.service[70062]: INFO nova.api.openstack.requestlog [None req-38092fee-9559-48ec-a231-b2e5124fddeb admin admin] 192.168.1.121 "POST /compute/v2.1/flavors" status: 200 len: 408 microversion: 2.61 time: 0.031511
Aug 25 16:12:57.972684 np0000032577 devstack@n-api.service[70062]: [pid: 70062|app: 0|req: 12/22] 192.168.1.121 () {72 vars in 1420 bytes} [Mon Aug 25 16:12:57 2025] POST /compute/v2.1/flavors => generated 408 bytes in 32 msecs (HTTP/1.1 200) 9 headers in 359 bytes (1 switches on core 0)
Aug 25 16:12:57.981952 np0000032577 devstack@n-api.service[70063]: DEBUG nova.api.openstack.wsgi [None req-3293a921-f3dc-42cc-9b6c-720a1289ec57 admin admin] Action: 'create', calling method: <bound method FlavorExtraSpecsController.create of <nova.api.openstack.compute.flavors_extraspecs.FlavorExtraSpecsController object at 0x7fe3ace0be50>>, body: {"extra_specs": {"hw_rng:allowed": "True"}} {{(pid=70063) _process_stack /opt/stack/nova/nova/api/openstack/wsgi.py:554}}
Aug 25 16:12:57.994942 np0000032577 devstack@n-api.service[70063]: INFO nova.api.openstack.requestlog [None req-3293a921-f3dc-42cc-9b6c-720a1289ec57 admin admin] 192.168.1.121 "POST /compute/v2.1/flavors/1/os-extra_specs" status: 200 len: 43 microversion: 2.61 time: 0.014894
Aug 25 16:12:57.995179 np0000032577 devstack@n-api.service[70063]: [pid: 70063|app: 0|req: 11/23] 192.168.1.121 () {72 vars in 1470 bytes} [Mon Aug 25 16:12:57 2025] POST /compute/v2.1/flavors/1/os-extra_specs => generated 43 bytes in 15 msecs (HTTP/1.1 200) 9 headers in 358 bytes (1 switches on core 0)
Aug 25 16:12:58.084641 np0000032577 devstack@n-api.service[70062]: DEBUG nova.api.openstack.wsgi [None req-38092fee-9559-48ec-a231-b2e5124fddeb admin admin] Calling method '<bound method VersionsV2.index of <nova.api.openstack.compute.versions.VersionsV2 object at 0x7fe3ae4d2bf0>>' {{(pid=70062) _process_stack /opt/stack/nova/nova/api/openstack/wsgi.py:556}}
Aug 25 16:12:58.087253 np0000032577 devstack@n-api.service[70062]: INFO nova.api.openstack.requestlog [None req-38092fee-9559-48ec-a231-b2e5124fddeb admin admin] 192.168.1.121 "GET /compute/v2.1" status: 200 len: 392 microversion: 2.1 time: 0.002792
Aug 25 16:12:58.087497 np0000032577 devstack@n-api.service[70062]: [pid: 70062|app: 0|req: 13/24] 192.168.1.121 () {62 vars in 1068 bytes} [Mon Aug 25 16:12:58 2025] GET /compute/v2.1 => generated 392 bytes in 3 msecs (HTTP/1.1 200) 9 headers in 357 bytes (1 switches on core 0)
Aug 25 16:12:58.112047 np0000032577 devstack@n-api.service[70063]: DEBUG nova.api.openstack.wsgi [None req-83605705-71a3-4de0-b1ca-13463e38485c admin admin] Action: 'create', calling method: <bound method FlavorsController.create of <nova.api.openstack.compute.flavors.FlavorsController object at 0x7fe3ace0a110>>, body: {"flavor": {"disk": 20, "os-flavor-access:is_public": true, "swap": 0, "name": "m1.small", "ram": 2048, "OS-FLV-EXT-DATA:ephemeral": 0, "rxtx_factor": 1.0, "id": "2", "vcpus": 1}} {{(pid=70063) _process_stack /opt/stack/nova/nova/api/openstack/wsgi.py:554}}
Aug 25 16:12:58.123383 np0000032577 devstack@n-api.service[70063]: INFO nova.api.openstack.requestlog [None req-83605705-71a3-4de0-b1ca-13463e38485c admin admin] 192.168.1.121 "POST /compute/v2.1/flavors" status: 200 len: 411 microversion: 2.61 time: 0.030224
Aug 25 16:12:58.123627 np0000032577 devstack@n-api.service[70063]: [pid: 70063|app: 0|req: 12/25] 192.168.1.121 () {72 vars in 1420 bytes} [Mon Aug 25 16:12:58 2025] POST /compute/v2.1/flavors => generated 411 bytes in 31 msecs (HTTP/1.1 200) 9 headers in 359 bytes (2 switches on core 0)
Aug 25 16:12:58.132638 np0000032577 devstack@n-api.service[70062]: DEBUG nova.api.openstack.wsgi [None req-0442a79d-be76-4c11-8c6f-7be40def2369 admin admin] Action: 'create', calling method: <bound method FlavorExtraSpecsController.create of <nova.api.openstack.compute.flavors_extraspecs.FlavorExtraSpecsController object at 0x7fe3ace48f70>>, body: {"extra_specs": {"hw_rng:allowed": "True"}} {{(pid=70062) _process_stack /opt/stack/nova/nova/api/openstack/wsgi.py:554}}
Aug 25 16:12:58.145670 np0000032577 devstack@n-api.service[70062]: INFO nova.api.openstack.requestlog [None req-0442a79d-be76-4c11-8c6f-7be40def2369 admin admin] 192.168.1.121 "POST /compute/v2.1/flavors/2/os-extra_specs" status: 200 len: 43 microversion: 2.61 time: 0.014710
Aug 25 16:12:58.145957 np0000032577 devstack@n-api.service[70062]: [pid: 70062|app: 0|req: 14/26] 192.168.1.121 () {72 vars in 1470 bytes} [Mon Aug 25 16:12:58 2025] POST /compute/v2.1/flavors/2/os-extra_specs => generated 43 bytes in 15 msecs (HTTP/1.1 200) 9 headers in 358 bytes (1 switches on core 0)
Aug 25 16:12:58.241767 np0000032577 devstack@n-api.service[70063]: DEBUG nova.api.openstack.wsgi [None req-83605705-71a3-4de0-b1ca-13463e38485c admin admin] Calling method '<bound method VersionsV2.index of <nova.api.openstack.compute.versions.VersionsV2 object at 0x7fe3ae3940a0>>' {{(pid=70063) _process_stack /opt/stack/nova/nova/api/openstack/wsgi.py:556}}
Aug 25 16:12:58.244749 np0000032577 devstack@n-api.service[70063]: INFO nova.api.openstack.requestlog [None req-83605705-71a3-4de0-b1ca-13463e38485c admin admin] 192.168.1.121 "GET /compute/v2.1" status: 200 len: 392 microversion: 2.1 time: 0.003145
Aug 25 16:12:58.244952 np0000032577 devstack@n-api.service[70063]: [pid: 70063|app: 0|req: 13/27] 192.168.1.121 () {62 vars in 1068 bytes} [Mon Aug 25 16:12:58 2025] GET /compute/v2.1 => generated 392 bytes in 3 msecs (HTTP/1.1 200) 9 headers in 357 bytes (1 switches on core 0)
