Aug 25 16:12:52.560073 np0000032577 devstack@n-api-meta.service[76034]: DEBUG nova.api.openstack.wsgi_app [-] oslo_limit.service_name        = None {{(pid=76034) log_opt_values /opt/stack/data/venv/lib/python3.10/site-packages/oslo_config/cfg.py:2824}}
Aug 25 16:12:52.560162 np0000032577 devstack@n-api-meta.service[76034]: DEBUG nova.api.openstack.wsgi_app [-] oslo_limit.service_type        = None {{(pid=76034) log_opt_values /opt/stack/data/venv/lib/python3.10/site-packages/oslo_config/cfg.py:2824}}
Aug 25 16:12:52.560253 np0000032577 devstack@n-api-meta.service[76034]: DEBUG nova.api.openstack.wsgi_app [-] oslo_limit.split_loggers       = False {{(pid=76034) log_opt_values /opt/stack/data/venv/lib/python3.10/site-packages/oslo_config/cfg.py:2824}}
Aug 25 16:12:52.560343 np0000032577 devstack@n-api-meta.service[76034]: DEBUG nova.api.openstack.wsgi_app [-] oslo_limit.status_code_retries = None {{(pid=76034) log_opt_values /opt/stack/data/venv/lib/python3.10/site-packages/oslo_config/cfg.py:2824}}
Aug 25 16:12:52.560435 np0000032577 devstack@n-api-meta.service[76034]: DEBUG nova.api.openstack.wsgi_app [-] oslo_limit.status_code_retry_delay = None {{(pid=76034) log_opt_values /opt/stack/data/venv/lib/python3.10/site-packages/oslo_config/cfg.py:2824}}
Aug 25 16:12:52.560541 np0000032577 devstack@n-api-meta.service[76034]: DEBUG nova.api.openstack.wsgi_app [-] oslo_limit.timeout             = None {{(pid=76034) log_opt_values /opt/stack/data/venv/lib/python3.10/site-packages/oslo_config/cfg.py:2824}}
Aug 25 16:12:52.560617 np0000032577 devstack@n-api-meta.service[76034]: DEBUG nova.api.openstack.wsgi_app [-] oslo_limit.valid_interfaces    = None {{(pid=76034) log_opt_values /opt/stack/data/venv/lib/python3.10/site-packages/oslo_config/cfg.py:2824}}
Aug 25 16:12:52.560706 np0000032577 devstack@n-api-meta.service[76034]: DEBUG nova.api.openstack.wsgi_app [-] oslo_limit.version             = None {{(pid=76034) log_opt_values /opt/stack/data/venv/lib/python3.10/site-packages/oslo_config/cfg.py:2824}}
Aug 25 16:12:52.560806 np0000032577 devstack@n-api-meta.service[76034]: DEBUG nova.api.openstack.wsgi_app [-] oslo_messaging_rabbit.amqp_auto_delete = False {{(pid=76034) log_opt_values /opt/stack/data/venv/lib/python3.10/site-packages/oslo_config/cfg.py:2824}}
Aug 25 16:12:52.560919 np0000032577 devstack@n-api-meta.service[76034]: DEBUG nova.api.openstack.wsgi_app [-] oslo_messaging_rabbit.amqp_durable_queues = False {{(pid=76034) log_opt_values /opt/stack/data/venv/lib/python3.10/site-packages/oslo_config/cfg.py:2824}}
Aug 25 16:12:52.561015 np0000032577 devstack@n-api-meta.service[76034]: DEBUG nova.api.openstack.wsgi_app [-] oslo_messaging_rabbit.conn_pool_min_size = 2 {{(pid=76034) log_opt_values /opt/stack/data/venv/lib/python3.10/site-packages/oslo_config/cfg.py:2824}}
Aug 25 16:12:52.561107 np0000032577 devstack@n-api-meta.service[76034]: DEBUG nova.api.openstack.wsgi_app [-] oslo_messaging_rabbit.conn_pool_ttl = 1200 {{(pid=76034) log_opt_values /opt/stack/data/venv/lib/python3.10/site-packages/oslo_config/cfg.py:2824}}
Aug 25 16:12:52.561263 np0000032577 devstack@n-api-meta.service[76034]: DEBUG nova.api.openstack.wsgi_app [-] oslo_messaging_rabbit.direct_mandatory_flag = True {{(pid=76034) log_opt_values /opt/stack/data/venv/lib/python3.10/site-packages/oslo_config/cfg.py:2824}}
Aug 25 16:12:52.561298 np0000032577 devstack@n-api-meta.service[76034]: DEBUG nova.api.openstack.wsgi_app [-] oslo_messaging_rabbit.enable_cancel_on_failover = False {{(pid=76034) log_opt_values /opt/stack/data/venv/lib/python3.10/site-packages/oslo_config/cfg.py:2824}}
Aug 25 16:12:52.561390 np0000032577 devstack@n-api-meta.service[76034]: DEBUG nova.api.openstack.wsgi_app [-] oslo_messaging_rabbit.heartbeat_in_pthread = False {{(pid=76034) log_opt_values /opt/stack/data/venv/lib/python3.10/site-packages/oslo_config/cfg.py:2824}}
Aug 25 16:12:52.561481 np0000032577 devstack@n-api-meta.service[76034]: DEBUG nova.api.openstack.wsgi_app [-] oslo_messaging_rabbit.heartbeat_rate = 3 {{(pid=76034) log_opt_values /opt/stack/data/venv/lib/python3.10/site-packages/oslo_config/cfg.py:2824}}
Aug 25 16:12:52.561574 np0000032577 devstack@n-api-meta.service[76034]: DEBUG nova.api.openstack.wsgi_app [-] oslo_messaging_rabbit.heartbeat_timeout_threshold = 60 {{(pid=76034) log_opt_values /opt/stack/data/venv/lib/python3.10/site-packages/oslo_config/cfg.py:2824}}
Aug 25 16:12:52.561671 np0000032577 devstack@n-api-meta.service[76034]: DEBUG nova.api.openstack.wsgi_app [-] oslo_messaging_rabbit.hostname = np0000032577 {{(pid=76034) log_opt_values /opt/stack/data/venv/lib/python3.10/site-packages/oslo_config/cfg.py:2824}}
Aug 25 16:12:52.561763 np0000032577 devstack@n-api-meta.service[76034]: DEBUG nova.api.openstack.wsgi_app [-] oslo_messaging_rabbit.kombu_compression = None {{(pid=76034) log_opt_values /opt/stack/data/venv/lib/python3.10/site-packages/oslo_config/cfg.py:2824}}
Aug 25 16:12:52.561862 np0000032577 devstack@n-api-meta.service[76034]: DEBUG nova.api.openstack.wsgi_app [-] oslo_messaging_rabbit.kombu_failover_strategy = round-robin {{(pid=76034) log_opt_values /opt/stack/data/venv/lib/python3.10/site-packages/oslo_config/cfg.py:2824}}
Aug 25 16:12:52.561964 np0000032577 devstack@n-api-meta.service[76034]: DEBUG nova.api.openstack.wsgi_app [-] oslo_messaging_rabbit.kombu_missing_consumer_retry_timeout = 60 {{(pid=76034) log_opt_values /opt/stack/data/venv/lib/python3.10/site-packages/oslo_config/cfg.py:2824}}
Aug 25 16:12:52.562058 np0000032577 devstack@n-api-meta.service[76034]: DEBUG nova.api.openstack.wsgi_app [-] oslo_messaging_rabbit.kombu_reconnect_delay = 1.0 {{(pid=76034) log_opt_values /opt/stack/data/venv/lib/python3.10/site-packages/oslo_config/cfg.py:2824}}
Aug 25 16:12:52.562151 np0000032577 devstack@n-api-meta.service[76034]: DEBUG nova.api.openstack.wsgi_app [-] oslo_messaging_rabbit.kombu_reconnect_splay = 0.0 {{(pid=76034) log_opt_values /opt/stack/data/venv/lib/python3.10/site-packages/oslo_config/cfg.py:2824}}
Aug 25 16:12:52.562247 np0000032577 devstack@n-api-meta.service[76034]: DEBUG nova.api.openstack.wsgi_app [-] oslo_messaging_rabbit.processname = uwsgi {{(pid=76034) log_opt_values /opt/stack/data/venv/lib/python3.10/site-packages/oslo_config/cfg.py:2824}}
Aug 25 16:12:52.562339 np0000032577 devstack@n-api-meta.service[76034]: DEBUG nova.api.openstack.wsgi_app [-] oslo_messaging_rabbit.rabbit_ha_queues = False {{(pid=76034) log_opt_values /opt/stack/data/venv/lib/python3.10/site-packages/oslo_config/cfg.py:2824}}
Aug 25 16:12:52.562431 np0000032577 devstack@n-api-meta.service[76034]: DEBUG nova.api.openstack.wsgi_app [-] oslo_messaging_rabbit.rabbit_interval_max = 30 {{(pid=76034) log_opt_values /opt/stack/data/venv/lib/python3.10/site-packages/oslo_config/cfg.py:2824}}
Aug 25 16:12:52.562527 np0000032577 devstack@n-api-meta.service[76034]: DEBUG nova.api.openstack.wsgi_app [-] oslo_messaging_rabbit.rabbit_login_method = AMQPLAIN {{(pid=76034) log_opt_values /opt/stack/data/venv/lib/python3.10/site-packages/oslo_config/cfg.py:2824}}
Aug 25 16:12:52.562619 np0000032577 devstack@n-api-meta.service[76034]: DEBUG nova.api.openstack.wsgi_app [-] oslo_messaging_rabbit.rabbit_qos_prefetch_count = 0 {{(pid=76034) log_opt_values /opt/stack/data/venv/lib/python3.10/site-packages/oslo_config/cfg.py:2824}}
Aug 25 16:12:52.562711 np0000032577 devstack@n-api-meta.service[76034]: DEBUG nova.api.openstack.wsgi_app [-] oslo_messaging_rabbit.rabbit_quorum_delivery_limit = 0 {{(pid=76034) log_opt_values /opt/stack/data/venv/lib/python3.10/site-packages/oslo_config/cfg.py:2824}}
Aug 25 16:12:52.562805 np0000032577 devstack@n-api-meta.service[76034]: DEBUG nova.api.openstack.wsgi_app [-] oslo_messaging_rabbit.rabbit_quorum_max_memory_bytes = 0 {{(pid=76034) log_opt_values /opt/stack/data/venv/lib/python3.10/site-packages/oslo_config/cfg.py:2824}}
Aug 25 16:12:52.562905 np0000032577 devstack@n-api-meta.service[76034]: DEBUG nova.api.openstack.wsgi_app [-] oslo_messaging_rabbit.rabbit_quorum_max_memory_length = 0 {{(pid=76034) log_opt_values /opt/stack/data/venv/lib/python3.10/site-packages/oslo_config/cfg.py:2824}}
Aug 25 16:12:52.562997 np0000032577 devstack@n-api-meta.service[76034]: DEBUG nova.api.openstack.wsgi_app [-] oslo_messaging_rabbit.rabbit_quorum_queue = False {{(pid=76034) log_opt_values /opt/stack/data/venv/lib/python3.10/site-packages/oslo_config/cfg.py:2824}}
Aug 25 16:12:52.563089 np0000032577 devstack@n-api-meta.service[76034]: DEBUG nova.api.openstack.wsgi_app [-] oslo_messaging_rabbit.rabbit_retry_backoff = 2 {{(pid=76034) log_opt_values /opt/stack/data/venv/lib/python3.10/site-packages/oslo_config/cfg.py:2824}}
Aug 25 16:12:52.563180 np0000032577 devstack@n-api-meta.service[76034]: DEBUG nova.api.openstack.wsgi_app [-] oslo_messaging_rabbit.rabbit_retry_interval = 1 {{(pid=76034) log_opt_values /opt/stack/data/venv/lib/python3.10/site-packages/oslo_config/cfg.py:2824}}
Aug 25 16:12:52.563270 np0000032577 devstack@n-api-meta.service[76034]: DEBUG nova.api.openstack.wsgi_app [-] oslo_messaging_rabbit.rabbit_stream_fanout = False {{(pid=76034) log_opt_values /opt/stack/data/venv/lib/python3.10/site-packages/oslo_config/cfg.py:2824}}
Aug 25 16:12:52.563361 np0000032577 devstack@n-api-meta.service[76034]: DEBUG nova.api.openstack.wsgi_app [-] oslo_messaging_rabbit.rabbit_transient_queues_ttl = 1800 {{(pid=76034) log_opt_values /opt/stack/data/venv/lib/python3.10/site-packages/oslo_config/cfg.py:2824}}
Aug 25 16:12:52.563453 np0000032577 devstack@n-api-meta.service[76034]: DEBUG nova.api.openstack.wsgi_app [-] oslo_messaging_rabbit.rabbit_transient_quorum_queue = False {{(pid=76034) log_opt_values /opt/stack/data/venv/lib/python3.10/site-packages/oslo_config/cfg.py:2824}}
Aug 25 16:12:52.563546 np0000032577 devstack@n-api-meta.service[76034]: DEBUG nova.api.openstack.wsgi_app [-] oslo_messaging_rabbit.rpc_conn_pool_size = 30 {{(pid=76034) log_opt_values /opt/stack/data/venv/lib/python3.10/site-packages/oslo_config/cfg.py:2824}}
Aug 25 16:12:52.563638 np0000032577 devstack@n-api-meta.service[76034]: DEBUG nova.api.openstack.wsgi_app [-] oslo_messaging_rabbit.ssl      = False {{(pid=76034) log_opt_values /opt/stack/data/venv/lib/python3.10/site-packages/oslo_config/cfg.py:2824}}
Aug 25 16:12:52.563734 np0000032577 devstack@n-api-meta.service[76034]: DEBUG nova.api.openstack.wsgi_app [-] oslo_messaging_rabbit.ssl_ca_file =  {{(pid=76034) log_opt_values /opt/stack/data/venv/lib/python3.10/site-packages/oslo_config/cfg.py:2824}}
Aug 25 16:12:52.563828 np0000032577 devstack@n-api-meta.service[76034]: DEBUG nova.api.openstack.wsgi_app [-] oslo_messaging_rabbit.ssl_cert_file =  {{(pid=76034) log_opt_values /opt/stack/data/venv/lib/python3.10/site-packages/oslo_config/cfg.py:2824}}
Aug 25 16:12:52.563925 np0000032577 devstack@n-api-meta.service[76034]: DEBUG nova.api.openstack.wsgi_app [-] oslo_messaging_rabbit.ssl_enforce_fips_mode = False {{(pid=76034) log_opt_values /opt/stack/data/venv/lib/python3.10/site-packages/oslo_config/cfg.py:2824}}
Aug 25 16:12:52.564020 np0000032577 devstack@n-api-meta.service[76034]: DEBUG nova.api.openstack.wsgi_app [-] oslo_messaging_rabbit.ssl_key_file =  {{(pid=76034) log_opt_values /opt/stack/data/venv/lib/python3.10/site-packages/oslo_config/cfg.py:2824}}
Aug 25 16:12:52.564117 np0000032577 devstack@n-api-meta.service[76034]: DEBUG nova.api.openstack.wsgi_app [-] oslo_messaging_rabbit.ssl_version =  {{(pid=76034) log_opt_values /opt/stack/data/venv/lib/python3.10/site-packages/oslo_config/cfg.py:2824}}
Aug 25 16:12:52.564209 np0000032577 devstack@n-api-meta.service[76034]: DEBUG nova.api.openstack.wsgi_app [-] oslo_messaging_rabbit.use_queue_manager = False {{(pid=76034) log_opt_values /opt/stack/data/venv/lib/python3.10/site-packages/oslo_config/cfg.py:2824}}
Aug 25 16:12:52.564316 np0000032577 devstack@n-api-meta.service[76034]: DEBUG nova.api.openstack.wsgi_app [-] oslo_messaging_notifications.driver = ['messagingv2'] {{(pid=76034) log_opt_values /opt/stack/data/venv/lib/python3.10/site-packages/oslo_config/cfg.py:2824}}
Aug 25 16:12:52.564410 np0000032577 devstack@n-api-meta.service[76034]: DEBUG nova.api.openstack.wsgi_app [-] oslo_messaging_notifications.retry = -1 {{(pid=76034) log_opt_values /opt/stack/data/venv/lib/python3.10/site-packages/oslo_config/cfg.py:2824}}
Aug 25 16:12:52.564513 np0000032577 devstack@n-api-meta.service[76034]: DEBUG nova.api.openstack.wsgi_app [-] oslo_messaging_notifications.topics = ['notifications'] {{(pid=76034) log_opt_values /opt/stack/data/venv/lib/python3.10/site-packages/oslo_config/cfg.py:2824}}
Aug 25 16:12:52.564612 np0000032577 devstack@n-api-meta.service[76034]: DEBUG nova.api.openstack.wsgi_app [-] oslo_messaging_notifications.transport_url = **** {{(pid=76034) log_opt_values /opt/stack/data/venv/lib/python3.10/site-packages/oslo_config/cfg.py:2824}}
Aug 25 16:12:52.564778 np0000032577 devstack@n-api-meta.service[76034]: DEBUG nova.api.openstack.wsgi_app [-] oslo_reports.file_event_handler = None {{(pid=76034) log_opt_values /opt/stack/data/venv/lib/python3.10/site-packages/oslo_config/cfg.py:2824}}
Aug 25 16:12:52.564824 np0000032577 devstack@n-api-meta.service[76034]: DEBUG nova.api.openstack.wsgi_app [-] oslo_reports.file_event_handler_interval = 1 {{(pid=76034) log_opt_values /opt/stack/data/venv/lib/python3.10/site-packages/oslo_config/cfg.py:2824}}
Aug 25 16:12:52.564964 np0000032577 devstack@n-api-meta.service[76034]: DEBUG nova.api.openstack.wsgi_app [-] oslo_reports.log_dir           = None {{(pid=76034) log_opt_values /opt/stack/data/venv/lib/python3.10/site-packages/oslo_config/cfg.py:2824}}
Aug 25 16:12:52.565087 np0000032577 devstack@n-api-meta.service[76034]: DEBUG nova.api.openstack.wsgi_app [-] ******************************************************************************** {{(pid=76034) log_opt_values /opt/stack/data/venv/lib/python3.10/site-packages/oslo_config/cfg.py:2828}}
Aug 25 16:12:52.572673 np0000032577 devstack@n-api-meta.service[76035]: INFO dbcounter [None req-ee70f4d7-f14f-4dde-8fe3-624e9c1ca07a None None] Registered counter for database nova_api
Aug 25 16:12:52.587880 np0000032577 devstack@n-api-meta.service[76034]: INFO dbcounter [None req-7ac3ce4c-766b-4f8e-938b-516b2d2a35ec None None] Registered counter for database nova_api
Aug 25 16:12:52.644948 np0000032577 devstack@n-api-meta.service[76035]: DEBUG oslo_db.sqlalchemy.engines [None req-ee70f4d7-f14f-4dde-8fe3-624e9c1ca07a None None] MySQL server mode set to STRICT_TRANS_TABLES,STRICT_ALL_TABLES,NO_ZERO_IN_DATE,NO_ZERO_DATE,ERROR_FOR_DIVISION_BY_ZERO,TRADITIONAL,NO_ENGINE_SUBSTITUTION {{(pid=76035) _check_effective_sql_mode /opt/stack/data/venv/lib/python3.10/site-packages/oslo_db/sqlalchemy/engines.py:397}}
Aug 25 16:12:52.657614 np0000032577 devstack@n-api-meta.service[76034]: DEBUG oslo_db.sqlalchemy.engines [None req-7ac3ce4c-766b-4f8e-938b-516b2d2a35ec None None] MySQL server mode set to STRICT_TRANS_TABLES,STRICT_ALL_TABLES,NO_ZERO_IN_DATE,NO_ZERO_DATE,ERROR_FOR_DIVISION_BY_ZERO,TRADITIONAL,NO_ENGINE_SUBSTITUTION {{(pid=76034) _check_effective_sql_mode /opt/stack/data/venv/lib/python3.10/site-packages/oslo_db/sqlalchemy/engines.py:397}}
Aug 25 16:12:52.671554 np0000032577 devstack@n-api-meta.service[76035]: DEBUG dbcounter [-] [76035] Writer thread running {{(pid=76035) stat_writer /opt/stack/data/venv/lib/python3.10/site-packages/dbcounter.py:102}}
Aug 25 16:12:52.673365 np0000032577 devstack@n-api-meta.service[76035]: DEBUG nova.context [None req-ee70f4d7-f14f-4dde-8fe3-624e9c1ca07a None None] Found 2 cells: 00000000-0000-0000-0000-000000000000(cell0),4de5d945-9e2c-494e-874e-8da70eba91a8(cell1) {{(pid=76035) load_cells /opt/stack/nova/nova/context.py:464}}
Aug 25 16:12:52.674892 np0000032577 devstack@n-api-meta.service[76035]: DEBUG oslo_concurrency.lockutils [None req-ee70f4d7-f14f-4dde-8fe3-624e9c1ca07a None None] Acquiring lock "00000000-0000-0000-0000-000000000000" by "nova.context.set_target_cell.<locals>.get_or_set_cached_cell_and_set_connections" {{(pid=76035) inner /opt/stack/data/venv/lib/python3.10/site-packages/oslo_concurrency/lockutils.py:405}}
Aug 25 16:12:52.675071 np0000032577 devstack@n-api-meta.service[76035]: DEBUG oslo_concurrency.lockutils [None req-ee70f4d7-f14f-4dde-8fe3-624e9c1ca07a None None] Lock "00000000-0000-0000-0000-000000000000" acquired by "nova.context.set_target_cell.<locals>.get_or_set_cached_cell_and_set_connections" :: waited 0.000s {{(pid=76035) inner /opt/stack/data/venv/lib/python3.10/site-packages/oslo_concurrency/lockutils.py:410}}
Aug 25 16:12:52.675424 np0000032577 devstack@n-api-meta.service[76035]: DEBUG oslo_concurrency.lockutils [None req-ee70f4d7-f14f-4dde-8fe3-624e9c1ca07a None None] Lock "00000000-0000-0000-0000-000000000000" "released" by "nova.context.set_target_cell.<locals>.get_or_set_cached_cell_and_set_connections" :: held 0.000s {{(pid=76035) inner /opt/stack/data/venv/lib/python3.10/site-packages/oslo_concurrency/lockutils.py:424}}
Aug 25 16:12:52.675746 np0000032577 devstack@n-api-meta.service[76035]: DEBUG oslo_concurrency.lockutils [None req-ee70f4d7-f14f-4dde-8fe3-624e9c1ca07a None None] Acquiring lock "4de5d945-9e2c-494e-874e-8da70eba91a8" by "nova.context.set_target_cell.<locals>.get_or_set_cached_cell_and_set_connections" {{(pid=76035) inner /opt/stack/data/venv/lib/python3.10/site-packages/oslo_concurrency/lockutils.py:405}}
Aug 25 16:12:52.675902 np0000032577 devstack@n-api-meta.service[76035]: DEBUG oslo_concurrency.lockutils [None req-ee70f4d7-f14f-4dde-8fe3-624e9c1ca07a None None] Lock "4de5d945-9e2c-494e-874e-8da70eba91a8" acquired by "nova.context.set_target_cell.<locals>.get_or_set_cached_cell_and_set_connections" :: waited 0.000s {{(pid=76035) inner /opt/stack/data/venv/lib/python3.10/site-packages/oslo_concurrency/lockutils.py:410}}
Aug 25 16:12:52.676799 np0000032577 devstack@n-api-meta.service[76035]: DEBUG oslo_concurrency.lockutils [None req-ee70f4d7-f14f-4dde-8fe3-624e9c1ca07a None None] Lock "4de5d945-9e2c-494e-874e-8da70eba91a8" "released" by "nova.context.set_target_cell.<locals>.get_or_set_cached_cell_and_set_connections" :: held 0.001s {{(pid=76035) inner /opt/stack/data/venv/lib/python3.10/site-packages/oslo_concurrency/lockutils.py:424}}
Aug 25 16:12:52.677955 np0000032577 devstack@n-api-meta.service[76035]: INFO dbcounter [None req-ee70f4d7-f14f-4dde-8fe3-624e9c1ca07a None None] Registered counter for database nova_cell0
Aug 25 16:12:52.679847 np0000032577 devstack@n-api-meta.service[76035]: INFO dbcounter [None req-ee70f4d7-f14f-4dde-8fe3-624e9c1ca07a None None] Registered counter for database nova_cell1
Aug 25 16:12:52.682649 np0000032577 devstack@n-api-meta.service[76034]: DEBUG dbcounter [-] [76034] Writer thread running {{(pid=76034) stat_writer /opt/stack/data/venv/lib/python3.10/site-packages/dbcounter.py:102}}
Aug 25 16:12:52.684566 np0000032577 devstack@n-api-meta.service[76035]: DEBUG oslo_db.sqlalchemy.engines [None req-ee70f4d7-f14f-4dde-8fe3-624e9c1ca07a None None] MySQL server mode set to STRICT_TRANS_TABLES,STRICT_ALL_TABLES,NO_ZERO_IN_DATE,NO_ZERO_DATE,ERROR_FOR_DIVISION_BY_ZERO,TRADITIONAL,NO_ENGINE_SUBSTITUTION {{(pid=76035) _check_effective_sql_mode /opt/stack/data/venv/lib/python3.10/site-packages/oslo_db/sqlalchemy/engines.py:397}}
Aug 25 16:12:52.684642 np0000032577 devstack@n-api-meta.service[76034]: DEBUG nova.context [None req-7ac3ce4c-766b-4f8e-938b-516b2d2a35ec None None] Found 2 cells: 00000000-0000-0000-0000-000000000000(cell0),4de5d945-9e2c-494e-874e-8da70eba91a8(cell1) {{(pid=76034) load_cells /opt/stack/nova/nova/context.py:464}}
Aug 25 16:12:52.686130 np0000032577 devstack@n-api-meta.service[76034]: DEBUG oslo_concurrency.lockutils [None req-7ac3ce4c-766b-4f8e-938b-516b2d2a35ec None None] Acquiring lock "00000000-0000-0000-0000-000000000000" by "nova.context.set_target_cell.<locals>.get_or_set_cached_cell_and_set_connections" {{(pid=76034) inner /opt/stack/data/venv/lib/python3.10/site-packages/oslo_concurrency/lockutils.py:405}}
Aug 25 16:12:52.686313 np0000032577 devstack@n-api-meta.service[76034]: DEBUG oslo_concurrency.lockutils [None req-7ac3ce4c-766b-4f8e-938b-516b2d2a35ec None None] Lock "00000000-0000-0000-0000-000000000000" acquired by "nova.context.set_target_cell.<locals>.get_or_set_cached_cell_and_set_connections" :: waited 0.000s {{(pid=76034) inner /opt/stack/data/venv/lib/python3.10/site-packages/oslo_concurrency/lockutils.py:410}}
Aug 25 16:12:52.686688 np0000032577 devstack@n-api-meta.service[76034]: DEBUG oslo_concurrency.lockutils [None req-7ac3ce4c-766b-4f8e-938b-516b2d2a35ec None None] Lock "00000000-0000-0000-0000-000000000000" "released" by "nova.context.set_target_cell.<locals>.get_or_set_cached_cell_and_set_connections" :: held 0.000s {{(pid=76034) inner /opt/stack/data/venv/lib/python3.10/site-packages/oslo_concurrency/lockutils.py:424}}
Aug 25 16:12:52.687050 np0000032577 devstack@n-api-meta.service[76034]: DEBUG oslo_concurrency.lockutils [None req-7ac3ce4c-766b-4f8e-938b-516b2d2a35ec None None] Acquiring lock "4de5d945-9e2c-494e-874e-8da70eba91a8" by "nova.context.set_target_cell.<locals>.get_or_set_cached_cell_and_set_connections" {{(pid=76034) inner /opt/stack/data/venv/lib/python3.10/site-packages/oslo_concurrency/lockutils.py:405}}
Aug 25 16:12:52.687198 np0000032577 devstack@n-api-meta.service[76034]: DEBUG oslo_concurrency.lockutils [None req-7ac3ce4c-766b-4f8e-938b-516b2d2a35ec None None] Lock "4de5d945-9e2c-494e-874e-8da70eba91a8" acquired by "nova.context.set_target_cell.<locals>.get_or_set_cached_cell_and_set_connections" :: waited 0.000s {{(pid=76034) inner /opt/stack/data/venv/lib/python3.10/site-packages/oslo_concurrency/lockutils.py:410}}
Aug 25 16:12:52.687235 np0000032577 devstack@n-api-meta.service[76035]: DEBUG oslo_db.sqlalchemy.engines [None req-ee70f4d7-f14f-4dde-8fe3-624e9c1ca07a None None] MySQL server mode set to STRICT_TRANS_TABLES,STRICT_ALL_TABLES,NO_ZERO_IN_DATE,NO_ZERO_DATE,ERROR_FOR_DIVISION_BY_ZERO,TRADITIONAL,NO_ENGINE_SUBSTITUTION {{(pid=76035) _check_effective_sql_mode /opt/stack/data/venv/lib/python3.10/site-packages/oslo_db/sqlalchemy/engines.py:397}}
Aug 25 16:12:52.688132 np0000032577 devstack@n-api-meta.service[76034]: DEBUG oslo_concurrency.lockutils [None req-7ac3ce4c-766b-4f8e-938b-516b2d2a35ec None None] Lock "4de5d945-9e2c-494e-874e-8da70eba91a8" "released" by "nova.context.set_target_cell.<locals>.get_or_set_cached_cell_and_set_connections" :: held 0.001s {{(pid=76034) inner /opt/stack/data/venv/lib/python3.10/site-packages/oslo_concurrency/lockutils.py:424}}
Aug 25 16:12:52.689473 np0000032577 devstack@n-api-meta.service[76034]: INFO dbcounter [None req-7ac3ce4c-766b-4f8e-938b-516b2d2a35ec None None] Registered counter for database nova_cell0
Aug 25 16:12:52.691482 np0000032577 devstack@n-api-meta.service[76034]: INFO dbcounter [None req-7ac3ce4c-766b-4f8e-938b-516b2d2a35ec None None] Registered counter for database nova_cell1
Aug 25 16:12:52.695638 np0000032577 devstack@n-api-meta.service[76034]: DEBUG oslo_db.sqlalchemy.engines [None req-7ac3ce4c-766b-4f8e-938b-516b2d2a35ec None None] MySQL server mode set to STRICT_TRANS_TABLES,STRICT_ALL_TABLES,NO_ZERO_IN_DATE,NO_ZERO_DATE,ERROR_FOR_DIVISION_BY_ZERO,TRADITIONAL,NO_ENGINE_SUBSTITUTION {{(pid=76034) _check_effective_sql_mode /opt/stack/data/venv/lib/python3.10/site-packages/oslo_db/sqlalchemy/engines.py:397}}
Aug 25 16:12:52.756998 np0000032577 devstack@n-api-meta.service[76035]: DEBUG dbcounter [-] [76035] Writer thread running {{(pid=76035) stat_writer /opt/stack/data/venv/lib/python3.10/site-packages/dbcounter.py:102}}
Aug 25 16:12:52.759553 np0000032577 devstack@n-api-meta.service[76035]: DEBUG dbcounter [-] [76035] Writer thread running {{(pid=76035) stat_writer /opt/stack/data/venv/lib/python3.10/site-packages/dbcounter.py:102}}
Aug 25 16:12:52.761760 np0000032577 devstack@n-api-meta.service[76035]: INFO dbcounter [None req-ee70f4d7-f14f-4dde-8fe3-624e9c1ca07a None None] Registered counter for database nova_cell0
Aug 25 16:12:52.762352 np0000032577 devstack@n-api-meta.service[76034]: DEBUG oslo_db.sqlalchemy.engines [None req-7ac3ce4c-766b-4f8e-938b-516b2d2a35ec None None] MySQL server mode set to STRICT_TRANS_TABLES,STRICT_ALL_TABLES,NO_ZERO_IN_DATE,NO_ZERO_DATE,ERROR_FOR_DIVISION_BY_ZERO,TRADITIONAL,NO_ENGINE_SUBSTITUTION {{(pid=76034) _check_effective_sql_mode /opt/stack/data/venv/lib/python3.10/site-packages/oslo_db/sqlalchemy/engines.py:397}}
Aug 25 16:12:52.762903 np0000032577 devstack@n-api-meta.service[76034]: DEBUG dbcounter [-] [76034] Writer thread running {{(pid=76034) stat_writer /opt/stack/data/venv/lib/python3.10/site-packages/dbcounter.py:102}}
Aug 25 16:12:52.765844 np0000032577 devstack@n-api-meta.service[76035]: DEBUG oslo_db.sqlalchemy.engines [None req-ee70f4d7-f14f-4dde-8fe3-624e9c1ca07a None None] MySQL server mode set to STRICT_TRANS_TABLES,STRICT_ALL_TABLES,NO_ZERO_IN_DATE,NO_ZERO_DATE,ERROR_FOR_DIVISION_BY_ZERO,TRADITIONAL,NO_ENGINE_SUBSTITUTION {{(pid=76035) _check_effective_sql_mode /opt/stack/data/venv/lib/python3.10/site-packages/oslo_db/sqlalchemy/engines.py:397}}
Aug 25 16:12:52.766647 np0000032577 devstack@n-api-meta.service[76034]: DEBUG dbcounter [-] [76034] Writer thread running {{(pid=76034) stat_writer /opt/stack/data/venv/lib/python3.10/site-packages/dbcounter.py:102}}
Aug 25 16:12:52.768640 np0000032577 devstack@n-api-meta.service[76034]: INFO dbcounter [None req-7ac3ce4c-766b-4f8e-938b-516b2d2a35ec None None] Registered counter for database nova_cell0
Aug 25 16:12:52.769958 np0000032577 devstack@n-api-meta.service[76035]: DEBUG dbcounter [-] [76035] Writer thread running {{(pid=76035) stat_writer /opt/stack/data/venv/lib/python3.10/site-packages/dbcounter.py:102}}
Aug 25 16:12:52.771574 np0000032577 devstack@n-api-meta.service[76034]: DEBUG oslo_db.sqlalchemy.engines [None req-7ac3ce4c-766b-4f8e-938b-516b2d2a35ec None None] MySQL server mode set to STRICT_TRANS_TABLES,STRICT_ALL_TABLES,NO_ZERO_IN_DATE,NO_ZERO_DATE,ERROR_FOR_DIVISION_BY_ZERO,TRADITIONAL,NO_ENGINE_SUBSTITUTION {{(pid=76034) _check_effective_sql_mode /opt/stack/data/venv/lib/python3.10/site-packages/oslo_db/sqlalchemy/engines.py:397}}
Aug 25 16:12:52.775747 np0000032577 devstack@n-api-meta.service[76034]: DEBUG dbcounter [-] [76034] Writer thread running {{(pid=76034) stat_writer /opt/stack/data/venv/lib/python3.10/site-packages/dbcounter.py:102}}
Aug 25 16:12:52.797413 np0000032577 devstack@n-api-meta.service[76035]: WARNING nova.api.metadata.handler [None req-ee70f4d7-f14f-4dde-8fe3-624e9c1ca07a None None] metadata_proxy_shared_secret is not configured, the metadata information returned by the proxy cannot be trusted
Aug 25 16:12:52.799139 np0000032577 devstack@n-api-meta.service[76035]: WSGI app 0 (mountpoint='') ready in 1 seconds on interpreter 0x55db464cfd90 pid: 76035 (default app)
Aug 25 16:12:52.800790 np0000032577 devstack@n-api-meta.service[76034]: WARNING nova.api.metadata.handler [None req-7ac3ce4c-766b-4f8e-938b-516b2d2a35ec None None] metadata_proxy_shared_secret is not configured, the metadata information returned by the proxy cannot be trusted
Aug 25 16:12:52.802489 np0000032577 devstack@n-api-meta.service[76034]: WSGI app 0 (mountpoint='') ready in 1 seconds on interpreter 0x55db464cfd90 pid: 76034 (default app)
Aug 25 16:22:13.907790 np0000032577 devstack@n-api-meta.service[76035]: DEBUG nova.api.metadata.handler [None req-ee70f4d7-f14f-4dde-8fe3-624e9c1ca07a None None] Metadata request headers: {'Host': '192.168.1.121:8775', 'User-Agent': 'python-requests/2.32.3', 'Accept-Encoding': 'gzip, deflate', 'Accept': '*/*', 'Connection': 'keep-alive', 'X-Forwarded-For': '10.1.0.19', 'X-Instance-Id': '5d3dc0b9-5752-4ca3-b587-1600030d545f', 'X-Tenant-Id': '5b51a4109f9b43cbb97d67e5ea27f6fe', 'X-Instance-Id-Signature': '0e0bfceb255ff9da1d20e81e3c655de8ba471c396a267a502fddfd38c378a974'} {{(pid=76035) __call__ /opt/stack/nova/nova/api/metadata/handler.py:109}}
Aug 25 16:22:13.909844 np0000032577 devstack@n-api-meta.service[76035]: DEBUG dbcounter [-] [76035] Writing DB stats nova_api:SELECT=1 {{(pid=76035) stat_writer /opt/stack/data/venv/lib/python3.10/site-packages/dbcounter.py:115}}
Aug 25 16:22:13.910342 np0000032577 devstack@n-api-meta.service[76035]: DEBUG dbcounter [-] [76035] Writing DB stats nova_cell1:SELECT=1 {{(pid=76035) stat_writer /opt/stack/data/venv/lib/python3.10/site-packages/dbcounter.py:115}}
Aug 25 16:22:13.910863 np0000032577 devstack@n-api-meta.service[76035]: DEBUG dbcounter [-] [76035] Writing DB stats nova_cell0:SELECT=1 {{(pid=76035) stat_writer /opt/stack/data/venv/lib/python3.10/site-packages/dbcounter.py:115}}
Aug 25 16:22:13.911199 np0000032577 devstack@n-api-meta.service[76035]: DEBUG dbcounter [-] [76035] Writing DB stats nova_cell0:SELECT=2,nova_cell0:INSERT=1 {{(pid=76035) stat_writer /opt/stack/data/venv/lib/python3.10/site-packages/dbcounter.py:115}}
Aug 25 16:22:13.920669 np0000032577 devstack@n-api-meta.service[76035]: DEBUG oslo_concurrency.lockutils [None req-2b2a5ed0-0a9a-4284-8329-0684e33bd8b1 None None] Acquiring lock "4de5d945-9e2c-494e-874e-8da70eba91a8" by "nova.context.set_target_cell.<locals>.get_or_set_cached_cell_and_set_connections" {{(pid=76035) inner /opt/stack/data/venv/lib/python3.10/site-packages/oslo_concurrency/lockutils.py:405}}
Aug 25 16:22:13.920857 np0000032577 devstack@n-api-meta.service[76035]: DEBUG oslo_concurrency.lockutils [None req-2b2a5ed0-0a9a-4284-8329-0684e33bd8b1 None None] Lock "4de5d945-9e2c-494e-874e-8da70eba91a8" acquired by "nova.context.set_target_cell.<locals>.get_or_set_cached_cell_and_set_connections" :: waited 0.000s {{(pid=76035) inner /opt/stack/data/venv/lib/python3.10/site-packages/oslo_concurrency/lockutils.py:410}}
Aug 25 16:22:13.920997 np0000032577 devstack@n-api-meta.service[76035]: DEBUG oslo_concurrency.lockutils [None req-2b2a5ed0-0a9a-4284-8329-0684e33bd8b1 None None] Lock "4de5d945-9e2c-494e-874e-8da70eba91a8" "released" by "nova.context.set_target_cell.<locals>.get_or_set_cached_cell_and_set_connections" :: held 0.000s {{(pid=76035) inner /opt/stack/data/venv/lib/python3.10/site-packages/oslo_concurrency/lockutils.py:424}}
Aug 25 16:22:14.241396 np0000032577 devstack@n-api-meta.service[76035]: [pid: 76035|app: 0|req: 1/1] 192.168.1.121 () {40 vars in 701 bytes} [Mon Aug 25 16:22:13 2025] GET /latest/meta-data/public-keys/0/openssh-key => generated 204 bytes in 334 msecs (HTTP/1.1 200) 3 headers in 100 bytes (1 switches on core 0)
Aug 25 16:24:01.616745 np0000032577 devstack@n-api-meta.service[76034]: DEBUG nova.api.metadata.handler [None req-7ac3ce4c-766b-4f8e-938b-516b2d2a35ec None None] Metadata request headers: {'Host': '192.168.1.121:8775', 'User-Agent': 'python-requests/2.32.3', 'Accept-Encoding': 'gzip, deflate', 'Accept': '*/*', 'Connection': 'keep-alive', 'X-Forwarded-For': '10.1.0.24', 'X-Instance-Id': '5506dc2e-39b9-4475-9cbb-9322214c0f1c', 'X-Tenant-Id': 'f8523f8bbebc4b1f92ad969aa3d98ce5', 'X-Instance-Id-Signature': '5f99ef7e0f996f9b8b2cead04a41ce961fa8600957429ee0c7e026593a661dfb'} {{(pid=76034) __call__ /opt/stack/nova/nova/api/metadata/handler.py:109}}
Aug 25 16:24:01.618962 np0000032577 devstack@n-api-meta.service[76034]: DEBUG dbcounter [-] [76034] Writing DB stats nova_api:SELECT=1 {{(pid=76034) stat_writer /opt/stack/data/venv/lib/python3.10/site-packages/dbcounter.py:115}}
Aug 25 16:24:01.619475 np0000032577 devstack@n-api-meta.service[76034]: DEBUG dbcounter [-] [76034] Writing DB stats nova_cell0:SELECT=1 {{(pid=76034) stat_writer /opt/stack/data/venv/lib/python3.10/site-packages/dbcounter.py:115}}
Aug 25 16:24:01.619852 np0000032577 devstack@n-api-meta.service[76034]: DEBUG dbcounter [-] [76034] Writing DB stats nova_cell1:SELECT=1 {{(pid=76034) stat_writer /opt/stack/data/venv/lib/python3.10/site-packages/dbcounter.py:115}}
Aug 25 16:24:01.620191 np0000032577 devstack@n-api-meta.service[76034]: DEBUG dbcounter [-] [76034] Writing DB stats nova_cell0:SELECT=2,nova_cell0:INSERT=1 {{(pid=76034) stat_writer /opt/stack/data/venv/lib/python3.10/site-packages/dbcounter.py:115}}
Aug 25 16:24:01.630034 np0000032577 devstack@n-api-meta.service[76034]: DEBUG oslo_concurrency.lockutils [None req-de94bd55-e7a8-4b80-882a-2612b4953aa3 None None] Acquiring lock "4de5d945-9e2c-494e-874e-8da70eba91a8" by "nova.context.set_target_cell.<locals>.get_or_set_cached_cell_and_set_connections" {{(pid=76034) inner /opt/stack/data/venv/lib/python3.10/site-packages/oslo_concurrency/lockutils.py:405}}
Aug 25 16:24:01.630225 np0000032577 devstack@n-api-meta.service[76034]: DEBUG oslo_concurrency.lockutils [None req-de94bd55-e7a8-4b80-882a-2612b4953aa3 None None] Lock "4de5d945-9e2c-494e-874e-8da70eba91a8" acquired by "nova.context.set_target_cell.<locals>.get_or_set_cached_cell_and_set_connections" :: waited 0.000s {{(pid=76034) inner /opt/stack/data/venv/lib/python3.10/site-packages/oslo_concurrency/lockutils.py:410}}
Aug 25 16:24:01.630372 np0000032577 devstack@n-api-meta.service[76034]: DEBUG oslo_concurrency.lockutils [None req-de94bd55-e7a8-4b80-882a-2612b4953aa3 None None] Lock "4de5d945-9e2c-494e-874e-8da70eba91a8" "released" by "nova.context.set_target_cell.<locals>.get_or_set_cached_cell_and_set_connections" :: held 0.000s {{(pid=76034) inner /opt/stack/data/venv/lib/python3.10/site-packages/oslo_concurrency/lockutils.py:424}}
Aug 25 16:24:01.831878 np0000032577 devstack@n-api-meta.service[76034]: [pid: 76034|app: 0|req: 1/2] 192.168.1.121 () {40 vars in 702 bytes} [Mon Aug 25 16:24:01 2025] GET /latest/meta-data/public-keys/0/openssh-key => generated 204 bytes in 216 msecs (HTTP/1.1 200) 3 headers in 100 bytes (1 switches on core 0)
Aug 25 16:24:53.050291 np0000032577 devstack@n-api-meta.service[76035]: DEBUG nova.api.metadata.handler [None req-2b2a5ed0-0a9a-4284-8329-0684e33bd8b1 None None] Metadata request headers: {'Host': '192.168.1.121:8775', 'User-Agent': 'python-requests/2.32.3', 'Accept-Encoding': 'gzip, deflate', 'Accept': '*/*', 'Connection': 'keep-alive', 'X-Forwarded-For': '10.1.0.22', 'X-Instance-Id': 'e3765636-a075-47d9-bf74-98fd6e553523', 'X-Tenant-Id': '5b51a4109f9b43cbb97d67e5ea27f6fe', 'X-Instance-Id-Signature': '89054dd6ee3ef5e64bfc72921ab5ee22ca593f6a569a95c4efbf5e70191246a9'} {{(pid=76035) __call__ /opt/stack/nova/nova/api/metadata/handler.py:109}}
Aug 25 16:24:53.050291 np0000032577 devstack@n-api-meta.service[76035]: DEBUG dbcounter [-] [76035] Writing DB stats nova_cell1:SELECT=4 {{(pid=76035) stat_writer /opt/stack/data/venv/lib/python3.10/site-packages/dbcounter.py:115}}
Aug 25 16:24:53.050291 np0000032577 devstack@n-api-meta.service[76035]: DEBUG dbcounter [-] [76035] Writing DB stats nova_api:SELECT=1 {{(pid=76035) stat_writer /opt/stack/data/venv/lib/python3.10/site-packages/dbcounter.py:115}}
Aug 25 16:24:53.054055 np0000032577 devstack@n-api-meta.service[76035]: DEBUG oslo_concurrency.lockutils [None req-2a299c26-dec0-4fdb-9d2b-f10805833651 None None] Acquiring lock "4de5d945-9e2c-494e-874e-8da70eba91a8" by "nova.context.set_target_cell.<locals>.get_or_set_cached_cell_and_set_connections" {{(pid=76035) inner /opt/stack/data/venv/lib/python3.10/site-packages/oslo_concurrency/lockutils.py:405}}
Aug 25 16:24:53.054382 np0000032577 devstack@n-api-meta.service[76035]: DEBUG oslo_concurrency.lockutils [None req-2a299c26-dec0-4fdb-9d2b-f10805833651 None None] Lock "4de5d945-9e2c-494e-874e-8da70eba91a8" acquired by "nova.context.set_target_cell.<locals>.get_or_set_cached_cell_and_set_connections" :: waited 0.000s {{(pid=76035) inner /opt/stack/data/venv/lib/python3.10/site-packages/oslo_concurrency/lockutils.py:410}}
Aug 25 16:24:53.054632 np0000032577 devstack@n-api-meta.service[76035]: DEBUG oslo_concurrency.lockutils [None req-2a299c26-dec0-4fdb-9d2b-f10805833651 None None] Lock "4de5d945-9e2c-494e-874e-8da70eba91a8" "released" by "nova.context.set_target_cell.<locals>.get_or_set_cached_cell_and_set_connections" :: held 0.000s {{(pid=76035) inner /opt/stack/data/venv/lib/python3.10/site-packages/oslo_concurrency/lockutils.py:424}}
Aug 25 16:24:53.136455 np0000032577 devstack@n-api-meta.service[76035]: [pid: 76035|app: 0|req: 2/3] 192.168.1.121 () {40 vars in 702 bytes} [Mon Aug 25 16:24:53 2025] GET /latest/meta-data/public-keys/0/openssh-key => generated 204 bytes in 88 msecs (HTTP/1.1 200) 3 headers in 100 bytes (1 switches on core 0)
Aug 25 16:27:32.425865 np0000032577 devstack@n-api-meta.service[76034]: DEBUG nova.api.metadata.handler [None req-de94bd55-e7a8-4b80-882a-2612b4953aa3 None None] Metadata request headers: {'Host': '192.168.1.121:8775', 'User-Agent': 'python-requests/2.32.3', 'Accept-Encoding': 'gzip, deflate', 'Accept': '*/*', 'Connection': 'keep-alive', 'X-Forwarded-For': '10.1.0.24', 'X-Instance-Id': '0ea57945-9425-4438-b965-0181e6c0c595', 'X-Tenant-Id': '5b51a4109f9b43cbb97d67e5ea27f6fe', 'X-Instance-Id-Signature': 'c810bde907018e3c5c433844bfa6929838315cc60b9c1c11a9593bd20f83c4b6'} {{(pid=76034) __call__ /opt/stack/nova/nova/api/metadata/handler.py:109}}
Aug 25 16:27:32.426693 np0000032577 devstack@n-api-meta.service[76034]: DEBUG dbcounter [-] [76034] Writing DB stats nova_api:SELECT=1 {{(pid=76034) stat_writer /opt/stack/data/venv/lib/python3.10/site-packages/dbcounter.py:115}}
Aug 25 16:27:32.427641 np0000032577 devstack@n-api-meta.service[76034]: DEBUG dbcounter [-] [76034] Writing DB stats nova_cell1:SELECT=4 {{(pid=76034) stat_writer /opt/stack/data/venv/lib/python3.10/site-packages/dbcounter.py:115}}
Aug 25 16:27:32.433032 np0000032577 devstack@n-api-meta.service[76034]: DEBUG oslo_concurrency.lockutils [None req-2eb4151c-4bb8-4983-8f87-05b3cec4bf70 None None] Acquiring lock "4de5d945-9e2c-494e-874e-8da70eba91a8" by "nova.context.set_target_cell.<locals>.get_or_set_cached_cell_and_set_connections" {{(pid=76034) inner /opt/stack/data/venv/lib/python3.10/site-packages/oslo_concurrency/lockutils.py:405}}
Aug 25 16:27:32.433365 np0000032577 devstack@n-api-meta.service[76034]: DEBUG oslo_concurrency.lockutils [None req-2eb4151c-4bb8-4983-8f87-05b3cec4bf70 None None] Lock "4de5d945-9e2c-494e-874e-8da70eba91a8" acquired by "nova.context.set_target_cell.<locals>.get_or_set_cached_cell_and_set_connections" :: waited 0.000s {{(pid=76034) inner /opt/stack/data/venv/lib/python3.10/site-packages/oslo_concurrency/lockutils.py:410}}
Aug 25 16:27:32.433633 np0000032577 devstack@n-api-meta.service[76034]: DEBUG oslo_concurrency.lockutils [None req-2eb4151c-4bb8-4983-8f87-05b3cec4bf70 None None] Lock "4de5d945-9e2c-494e-874e-8da70eba91a8" "released" by "nova.context.set_target_cell.<locals>.get_or_set_cached_cell_and_set_connections" :: held 0.000s {{(pid=76034) inner /opt/stack/data/venv/lib/python3.10/site-packages/oslo_concurrency/lockutils.py:424}}
Aug 25 16:27:32.526712 np0000032577 devstack@n-api-meta.service[76034]: [pid: 76034|app: 0|req: 2/4] 192.168.1.121 () {40 vars in 702 bytes} [Mon Aug 25 16:27:32 2025] GET /latest/meta-data/public-keys/0/openssh-key => generated 204 bytes in 102 msecs (HTTP/1.1 200) 3 headers in 100 bytes (1 switches on core 0)
Aug 25 16:27:35.082918 np0000032577 devstack@n-api-meta.service[76035]: DEBUG nova.api.metadata.handler [None req-2a299c26-dec0-4fdb-9d2b-f10805833651 None None] Metadata request headers: {'Host': '192.168.1.121:8775', 'User-Agent': 'python-requests/2.32.3', 'Accept-Encoding': 'gzip, deflate', 'Accept': '*/*', 'Connection': 'keep-alive', 'X-Forwarded-For': '10.1.0.20', 'X-Instance-Id': '43df8b8a-783a-4cd2-9c3b-8cf5b2026b53', 'X-Tenant-Id': '5b51a4109f9b43cbb97d67e5ea27f6fe', 'X-Instance-Id-Signature': '0a8f5114b73aab80f0fe867bdf2e0bcb6af6d311c0d4e0d7378a940954447ef2'} {{(pid=76035) __call__ /opt/stack/nova/nova/api/metadata/handler.py:109}}
Aug 25 16:27:35.083432 np0000032577 devstack@n-api-meta.service[76035]: DEBUG dbcounter [-] [76035] Writing DB stats nova_api:SELECT=1 {{(pid=76035) stat_writer /opt/stack/data/venv/lib/python3.10/site-packages/dbcounter.py:115}}
Aug 25 16:27:35.083995 np0000032577 devstack@n-api-meta.service[76035]: DEBUG dbcounter [-] [76035] Writing DB stats nova_cell1:SELECT=4 {{(pid=76035) stat_writer /opt/stack/data/venv/lib/python3.10/site-packages/dbcounter.py:115}}
Aug 25 16:27:35.087361 np0000032577 devstack@n-api-meta.service[76035]: DEBUG oslo_concurrency.lockutils [None req-4684e792-0efe-4769-b178-de06dccf1ecd None None] Acquiring lock "4de5d945-9e2c-494e-874e-8da70eba91a8" by "nova.context.set_target_cell.<locals>.get_or_set_cached_cell_and_set_connections" {{(pid=76035) inner /opt/stack/data/venv/lib/python3.10/site-packages/oslo_concurrency/lockutils.py:405}}
Aug 25 16:27:35.087534 np0000032577 devstack@n-api-meta.service[76035]: DEBUG oslo_concurrency.lockutils [None req-4684e792-0efe-4769-b178-de06dccf1ecd None None] Lock "4de5d945-9e2c-494e-874e-8da70eba91a8" acquired by "nova.context.set_target_cell.<locals>.get_or_set_cached_cell_and_set_connections" :: waited 0.000s {{(pid=76035) inner /opt/stack/data/venv/lib/python3.10/site-packages/oslo_concurrency/lockutils.py:410}}
Aug 25 16:27:35.087671 np0000032577 devstack@n-api-meta.service[76035]: DEBUG oslo_concurrency.lockutils [None req-4684e792-0efe-4769-b178-de06dccf1ecd None None] Lock "4de5d945-9e2c-494e-874e-8da70eba91a8" "released" by "nova.context.set_target_cell.<locals>.get_or_set_cached_cell_and_set_connections" :: held 0.000s {{(pid=76035) inner /opt/stack/data/venv/lib/python3.10/site-packages/oslo_concurrency/lockutils.py:424}}
Aug 25 16:27:35.211592 np0000032577 devstack@n-api-meta.service[76035]: [pid: 76035|app: 0|req: 3/5] 192.168.1.121 () {40 vars in 702 bytes} [Mon Aug 25 16:27:35 2025] GET /latest/meta-data/public-keys/0/openssh-key => generated 204 bytes in 129 msecs (HTTP/1.1 200) 3 headers in 100 bytes (1 switches on core 0)
Aug 25 16:30:42.123135 np0000032577 devstack@n-api-meta.service[76034]: DEBUG nova.api.metadata.handler [None req-2eb4151c-4bb8-4983-8f87-05b3cec4bf70 None None] Metadata request headers: {'Host': '192.168.1.121:8775', 'User-Agent': 'python-requests/2.32.3', 'Accept-Encoding': 'gzip, deflate', 'Accept': '*/*', 'Connection': 'keep-alive', 'X-Forwarded-For': '10.1.0.20', 'X-Instance-Id': 'de74c87c-5716-45d1-85c3-8a9dd670f7ff', 'X-Tenant-Id': '5b51a4109f9b43cbb97d67e5ea27f6fe', 'X-Instance-Id-Signature': 'd4e3b9d4b9fa7013ba5e524db9029589a2feac271f0832ad0ac64a25778d5ee2'} {{(pid=76034) __call__ /opt/stack/nova/nova/api/metadata/handler.py:109}}
Aug 25 16:30:42.123641 np0000032577 devstack@n-api-meta.service[76034]: DEBUG dbcounter [-] [76034] Writing DB stats nova_api:SELECT=1 {{(pid=76034) stat_writer /opt/stack/data/venv/lib/python3.10/site-packages/dbcounter.py:115}}
Aug 25 16:30:42.124192 np0000032577 devstack@n-api-meta.service[76034]: DEBUG dbcounter [-] [76034] Writing DB stats nova_cell1:SELECT=4 {{(pid=76034) stat_writer /opt/stack/data/venv/lib/python3.10/site-packages/dbcounter.py:115}}
Aug 25 16:30:42.127780 np0000032577 devstack@n-api-meta.service[76034]: DEBUG oslo_concurrency.lockutils [None req-71333c4b-85f7-4ee7-a196-1cdde4265db3 None None] Acquiring lock "4de5d945-9e2c-494e-874e-8da70eba91a8" by "nova.context.set_target_cell.<locals>.get_or_set_cached_cell_and_set_connections" {{(pid=76034) inner /opt/stack/data/venv/lib/python3.10/site-packages/oslo_concurrency/lockutils.py:405}}
Aug 25 16:30:42.127957 np0000032577 devstack@n-api-meta.service[76034]: DEBUG oslo_concurrency.lockutils [None req-71333c4b-85f7-4ee7-a196-1cdde4265db3 None None] Lock "4de5d945-9e2c-494e-874e-8da70eba91a8" acquired by "nova.context.set_target_cell.<locals>.get_or_set_cached_cell_and_set_connections" :: waited 0.000s {{(pid=76034) inner /opt/stack/data/venv/lib/python3.10/site-packages/oslo_concurrency/lockutils.py:410}}
Aug 25 16:30:42.128092 np0000032577 devstack@n-api-meta.service[76034]: DEBUG oslo_concurrency.lockutils [None req-71333c4b-85f7-4ee7-a196-1cdde4265db3 None None] Lock "4de5d945-9e2c-494e-874e-8da70eba91a8" "released" by "nova.context.set_target_cell.<locals>.get_or_set_cached_cell_and_set_connections" :: held 0.000s {{(pid=76034) inner /opt/stack/data/venv/lib/python3.10/site-packages/oslo_concurrency/lockutils.py:424}}
Aug 25 16:30:42.259899 np0000032577 devstack@n-api-meta.service[76034]: [pid: 76034|app: 0|req: 3/6] 192.168.1.121 () {40 vars in 701 bytes} [Mon Aug 25 16:30:42 2025] GET /latest/meta-data/public-keys/0/openssh-key => generated 204 bytes in 137 msecs (HTTP/1.1 200) 3 headers in 100 bytes (1 switches on core 0)
