Aug 07 13:03:43.064276 np0000032416 devstack@n-api.service[68902]: DEBUG nova.api.openstack.wsgi_app [-] oslo_messaging_notifications.topics = ['notifications'] {{(pid=68902) log_opt_values /opt/stack/data/venv/lib/python3.12/site-packages/oslo_config/cfg.py:2824}}
Aug 07 13:03:43.064364 np0000032416 devstack@n-api.service[68902]: DEBUG nova.api.openstack.wsgi_app [-] oslo_messaging_notifications.transport_url = **** {{(pid=68902) log_opt_values /opt/stack/data/venv/lib/python3.12/site-packages/oslo_config/cfg.py:2824}}
Aug 07 13:03:43.064446 np0000032416 devstack@n-api.service[68902]: DEBUG nova.api.openstack.wsgi_app [-] oslo_reports.file_event_handler = None {{(pid=68902) log_opt_values /opt/stack/data/venv/lib/python3.12/site-packages/oslo_config/cfg.py:2824}}
Aug 07 13:03:43.064527 np0000032416 devstack@n-api.service[68902]: DEBUG nova.api.openstack.wsgi_app [-] oslo_reports.file_event_handler_interval = 1 {{(pid=68902) log_opt_values /opt/stack/data/venv/lib/python3.12/site-packages/oslo_config/cfg.py:2824}}
Aug 07 13:03:43.064605 np0000032416 devstack@n-api.service[68902]: DEBUG nova.api.openstack.wsgi_app [-] oslo_reports.log_dir           = None {{(pid=68902) log_opt_values /opt/stack/data/venv/lib/python3.12/site-packages/oslo_config/cfg.py:2824}}
Aug 07 13:03:43.064668 np0000032416 devstack@n-api.service[68902]: DEBUG nova.api.openstack.wsgi_app [-] ******************************************************************************** {{(pid=68902) log_opt_values /opt/stack/data/venv/lib/python3.12/site-packages/oslo_config/cfg.py:2828}}
Aug 07 13:03:43.067140 np0000032416 devstack@n-api.service[68901]: DEBUG oslo_db.sqlalchemy.engines [None req-53e90c65-9420-4066-909c-2cc870f0a8c6 None None] MySQL server mode set to STRICT_TRANS_TABLES,STRICT_ALL_TABLES,NO_ZERO_IN_DATE,NO_ZERO_DATE,ERROR_FOR_DIVISION_BY_ZERO,TRADITIONAL,NO_ENGINE_SUBSTITUTION {{(pid=68901) _check_effective_sql_mode /opt/stack/data/venv/lib/python3.12/site-packages/oslo_db/sqlalchemy/engines.py:397}}
Aug 07 13:03:43.068529 np0000032416 devstack@n-api.service[68901]: DEBUG oslo_db.sqlalchemy.engines [None req-53e90c65-9420-4066-909c-2cc870f0a8c6 None None] MySQL server mode set to STRICT_TRANS_TABLES,STRICT_ALL_TABLES,NO_ZERO_IN_DATE,NO_ZERO_DATE,ERROR_FOR_DIVISION_BY_ZERO,TRADITIONAL,NO_ENGINE_SUBSTITUTION {{(pid=68901) _check_effective_sql_mode /opt/stack/data/venv/lib/python3.12/site-packages/oslo_db/sqlalchemy/engines.py:397}}
Aug 07 13:03:43.095005 np0000032416 devstack@n-api.service[68902]: INFO dbcounter [None req-0a82d067-5389-46d0-84ec-8ed9f7e7101d None None] Registered counter for database nova_api
Aug 07 13:03:43.106165 np0000032416 devstack@n-api.service[68902]: DEBUG oslo_db.sqlalchemy.engines [None req-0a82d067-5389-46d0-84ec-8ed9f7e7101d None None] MySQL server mode set to STRICT_TRANS_TABLES,STRICT_ALL_TABLES,NO_ZERO_IN_DATE,NO_ZERO_DATE,ERROR_FOR_DIVISION_BY_ZERO,TRADITIONAL,NO_ENGINE_SUBSTITUTION {{(pid=68902) _check_effective_sql_mode /opt/stack/data/venv/lib/python3.12/site-packages/oslo_db/sqlalchemy/engines.py:397}}
Aug 07 13:03:43.130508 np0000032416 devstack@n-api.service[68901]: DEBUG dbcounter [-] [68901] Writer thread running {{(pid=68901) stat_writer /opt/stack/data/venv/lib/python3.12/site-packages/dbcounter.py:102}}
Aug 07 13:03:43.132295 np0000032416 devstack@n-api.service[68902]: DEBUG dbcounter [-] [68902] Writer thread running {{(pid=68902) stat_writer /opt/stack/data/venv/lib/python3.12/site-packages/dbcounter.py:102}}
Aug 07 13:03:43.132750 np0000032416 devstack@n-api.service[68901]: DEBUG dbcounter [-] [68901] Writer thread running {{(pid=68901) stat_writer /opt/stack/data/venv/lib/python3.12/site-packages/dbcounter.py:102}}
Aug 07 13:03:43.134107 np0000032416 devstack@n-api.service[68902]: DEBUG nova.context [None req-0a82d067-5389-46d0-84ec-8ed9f7e7101d None None] Found 2 cells: 00000000-0000-0000-0000-000000000000(cell0),6f367e43-e541-4d3a-89eb-c393eaf17081(cell1) {{(pid=68902) load_cells /opt/stack/nova/nova/context.py:472}}
Aug 07 13:03:43.134337 np0000032416 devstack@n-api.service[68902]: INFO nova.utils [None req-0a82d067-5389-46d0-84ec-8ed9f7e7101d None None] The cell worker thread pool MainProcess.cell_worker is initialized
Aug 07 13:03:43.134986 np0000032416 devstack@n-api.service[68901]: INFO dbcounter [None req-53e90c65-9420-4066-909c-2cc870f0a8c6 None None] Registered counter for database nova_cell0
Aug 07 13:03:43.135890 np0000032416 devstack@n-api.service[68902]: DEBUG oslo_concurrency.lockutils [None req-0a82d067-5389-46d0-84ec-8ed9f7e7101d None None] Acquiring lock "00000000-0000-0000-0000-000000000000" by "nova.context.set_target_cell.<locals>.get_or_set_cached_cell_and_set_connections" {{(pid=68902) inner /opt/stack/data/venv/lib/python3.12/site-packages/oslo_concurrency/lockutils.py:405}}
Aug 07 13:03:43.136055 np0000032416 devstack@n-api.service[68902]: DEBUG oslo_concurrency.lockutils [None req-0a82d067-5389-46d0-84ec-8ed9f7e7101d None None] Lock "00000000-0000-0000-0000-000000000000" acquired by "nova.context.set_target_cell.<locals>.get_or_set_cached_cell_and_set_connections" :: waited 0.000s {{(pid=68902) inner /opt/stack/data/venv/lib/python3.12/site-packages/oslo_concurrency/lockutils.py:410}}
Aug 07 13:03:43.136404 np0000032416 devstack@n-api.service[68902]: DEBUG oslo_concurrency.lockutils [None req-0a82d067-5389-46d0-84ec-8ed9f7e7101d None None] Lock "00000000-0000-0000-0000-000000000000" "released" by "nova.context.set_target_cell.<locals>.get_or_set_cached_cell_and_set_connections" :: held 0.000s {{(pid=68902) inner /opt/stack/data/venv/lib/python3.12/site-packages/oslo_concurrency/lockutils.py:424}}
Aug 07 13:03:43.136740 np0000032416 devstack@n-api.service[68902]: DEBUG oslo_concurrency.lockutils [None req-0a82d067-5389-46d0-84ec-8ed9f7e7101d None None] Acquiring lock "6f367e43-e541-4d3a-89eb-c393eaf17081" by "nova.context.set_target_cell.<locals>.get_or_set_cached_cell_and_set_connections" {{(pid=68902) inner /opt/stack/data/venv/lib/python3.12/site-packages/oslo_concurrency/lockutils.py:405}}
Aug 07 13:03:43.136869 np0000032416 devstack@n-api.service[68902]: DEBUG oslo_concurrency.lockutils [None req-0a82d067-5389-46d0-84ec-8ed9f7e7101d None None] Lock "6f367e43-e541-4d3a-89eb-c393eaf17081" acquired by "nova.context.set_target_cell.<locals>.get_or_set_cached_cell_and_set_connections" :: waited 0.000s {{(pid=68902) inner /opt/stack/data/venv/lib/python3.12/site-packages/oslo_concurrency/lockutils.py:410}}
Aug 07 13:03:43.137572 np0000032416 devstack@n-api.service[68902]: DEBUG oslo_concurrency.lockutils [None req-0a82d067-5389-46d0-84ec-8ed9f7e7101d None None] Lock "6f367e43-e541-4d3a-89eb-c393eaf17081" "released" by "nova.context.set_target_cell.<locals>.get_or_set_cached_cell_and_set_connections" :: held 0.001s {{(pid=68902) inner /opt/stack/data/venv/lib/python3.12/site-packages/oslo_concurrency/lockutils.py:424}}
Aug 07 13:03:43.138790 np0000032416 devstack@n-api.service[68902]: INFO dbcounter [None req-0a82d067-5389-46d0-84ec-8ed9f7e7101d None None] Registered counter for database nova_cell0
Aug 07 13:03:43.139242 np0000032416 devstack@n-api.service[68901]: DEBUG oslo_db.sqlalchemy.engines [None req-53e90c65-9420-4066-909c-2cc870f0a8c6 None None] MySQL server mode set to STRICT_TRANS_TABLES,STRICT_ALL_TABLES,NO_ZERO_IN_DATE,NO_ZERO_DATE,ERROR_FOR_DIVISION_BY_ZERO,TRADITIONAL,NO_ENGINE_SUBSTITUTION {{(pid=68901) _check_effective_sql_mode /opt/stack/data/venv/lib/python3.12/site-packages/oslo_db/sqlalchemy/engines.py:397}}
Aug 07 13:03:43.140928 np0000032416 devstack@n-api.service[68902]: INFO dbcounter [None req-0a82d067-5389-46d0-84ec-8ed9f7e7101d None None] Registered counter for database nova_cell1
Aug 07 13:03:43.143432 np0000032416 devstack@n-api.service[68901]: DEBUG dbcounter [-] [68901] Writer thread running {{(pid=68901) stat_writer /opt/stack/data/venv/lib/python3.12/site-packages/dbcounter.py:102}}
Aug 07 13:03:43.145022 np0000032416 devstack@n-api.service[68902]: DEBUG oslo_db.sqlalchemy.engines [None req-0a82d067-5389-46d0-84ec-8ed9f7e7101d None None] MySQL server mode set to STRICT_TRANS_TABLES,STRICT_ALL_TABLES,NO_ZERO_IN_DATE,NO_ZERO_DATE,ERROR_FOR_DIVISION_BY_ZERO,TRADITIONAL,NO_ENGINE_SUBSTITUTION {{(pid=68902) _check_effective_sql_mode /opt/stack/data/venv/lib/python3.12/site-packages/oslo_db/sqlalchemy/engines.py:397}}
Aug 07 13:03:43.211903 np0000032416 devstack@n-api.service[68902]: DEBUG oslo_db.sqlalchemy.engines [None req-0a82d067-5389-46d0-84ec-8ed9f7e7101d None None] MySQL server mode set to STRICT_TRANS_TABLES,STRICT_ALL_TABLES,NO_ZERO_IN_DATE,NO_ZERO_DATE,ERROR_FOR_DIVISION_BY_ZERO,TRADITIONAL,NO_ENGINE_SUBSTITUTION {{(pid=68902) _check_effective_sql_mode /opt/stack/data/venv/lib/python3.12/site-packages/oslo_db/sqlalchemy/engines.py:397}}
Aug 07 13:03:43.212284 np0000032416 devstack@n-api.service[68902]: DEBUG dbcounter [-] [68902] Writer thread running {{(pid=68902) stat_writer /opt/stack/data/venv/lib/python3.12/site-packages/dbcounter.py:102}}
Aug 07 13:03:43.215956 np0000032416 devstack@n-api.service[68902]: DEBUG dbcounter [-] [68902] Writer thread running {{(pid=68902) stat_writer /opt/stack/data/venv/lib/python3.12/site-packages/dbcounter.py:102}}
Aug 07 13:03:43.217830 np0000032416 devstack@n-api.service[68902]: INFO dbcounter [None req-0a82d067-5389-46d0-84ec-8ed9f7e7101d None None] Registered counter for database nova_cell0
Aug 07 13:03:43.221885 np0000032416 devstack@n-api.service[68902]: DEBUG oslo_db.sqlalchemy.engines [None req-0a82d067-5389-46d0-84ec-8ed9f7e7101d None None] MySQL server mode set to STRICT_TRANS_TABLES,STRICT_ALL_TABLES,NO_ZERO_IN_DATE,NO_ZERO_DATE,ERROR_FOR_DIVISION_BY_ZERO,TRADITIONAL,NO_ENGINE_SUBSTITUTION {{(pid=68902) _check_effective_sql_mode /opt/stack/data/venv/lib/python3.12/site-packages/oslo_db/sqlalchemy/engines.py:397}}
Aug 07 13:03:43.225508 np0000032416 devstack@n-api.service[68902]: DEBUG dbcounter [-] [68902] Writer thread running {{(pid=68902) stat_writer /opt/stack/data/venv/lib/python3.12/site-packages/dbcounter.py:102}}
Aug 07 13:03:43.507068 np0000032416 devstack@n-api.service[68901]: DEBUG oslo_concurrency.processutils [None req-53e90c65-9420-4066-909c-2cc870f0a8c6 None None] Running cmd (subprocess): grep -F node.session.scan /sbin/iscsiadm {{(pid=68901) execute /opt/stack/data/venv/lib/python3.12/site-packages/oslo_concurrency/processutils.py:349}}
Aug 07 13:03:43.514791 np0000032416 devstack@n-api.service[68901]: DEBUG oslo_concurrency.processutils [None req-53e90c65-9420-4066-909c-2cc870f0a8c6 None None] CMD "grep -F node.session.scan /sbin/iscsiadm" returned: 0 in 0.008s {{(pid=68901) execute /opt/stack/data/venv/lib/python3.12/site-packages/oslo_concurrency/processutils.py:372}}
Aug 07 13:03:43.601353 np0000032416 devstack@n-api.service[68902]: DEBUG oslo_concurrency.processutils [None req-0a82d067-5389-46d0-84ec-8ed9f7e7101d None None] Running cmd (subprocess): grep -F node.session.scan /sbin/iscsiadm {{(pid=68902) execute /opt/stack/data/venv/lib/python3.12/site-packages/oslo_concurrency/processutils.py:349}}
Aug 07 13:03:43.608641 np0000032416 devstack@n-api.service[68902]: DEBUG oslo_concurrency.processutils [None req-0a82d067-5389-46d0-84ec-8ed9f7e7101d None None] CMD "grep -F node.session.scan /sbin/iscsiadm" returned: 0 in 0.007s {{(pid=68902) execute /opt/stack/data/venv/lib/python3.12/site-packages/oslo_concurrency/processutils.py:372}}
Aug 07 13:03:43.811654 np0000032416 devstack@n-api.service[68901]: WARNING keystonemiddleware.auth_token [None req-53e90c65-9420-4066-909c-2cc870f0a8c6 None None] AuthToken middleware is set with keystone_authtoken.service_token_roles_required set to False. This is backwards compatible but deprecated behaviour. Please set this to True.
Aug 07 13:03:43.814629 np0000032416 devstack@n-api.service[68902]: WARNING keystonemiddleware.auth_token [None req-0a82d067-5389-46d0-84ec-8ed9f7e7101d None None] AuthToken middleware is set with keystone_authtoken.service_token_roles_required set to False. This is backwards compatible but deprecated behaviour. Please set this to True.
Aug 07 13:03:43.815037 np0000032416 devstack@n-api.service[68901]: WARNING keystonemiddleware.auth_token [None req-53e90c65-9420-4066-909c-2cc870f0a8c6 None None] Configuring www_authenticate_uri to point to the public identity endpoint is required; clients may not be able to authenticate against an admin endpoint
Aug 07 13:03:43.818322 np0000032416 devstack@n-api.service[68902]: WARNING keystonemiddleware.auth_token [None req-0a82d067-5389-46d0-84ec-8ed9f7e7101d None None] Configuring www_authenticate_uri to point to the public identity endpoint is required; clients may not be able to authenticate against an admin endpoint
Aug 07 13:03:43.978944 np0000032416 devstack@n-api.service[68901]: WARNING keystonemiddleware.auth_token [None req-53e90c65-9420-4066-909c-2cc870f0a8c6 None None] AuthToken middleware is set with keystone_authtoken.service_token_roles_required set to False. This is backwards compatible but deprecated behaviour. Please set this to True.
Aug 07 13:03:43.981491 np0000032416 devstack@n-api.service[68901]: WARNING keystonemiddleware.auth_token [None req-53e90c65-9420-4066-909c-2cc870f0a8c6 None None] Configuring www_authenticate_uri to point to the public identity endpoint is required; clients may not be able to authenticate against an admin endpoint
Aug 07 13:03:43.983723 np0000032416 devstack@n-api.service[68901]: WSGI app 0 (mountpoint='') ready in 2 seconds on interpreter 0x7ef9c52a39e8 pid: 68901 (default app)
Aug 07 13:03:43.984476 np0000032416 devstack@n-api.service[68902]: WARNING keystonemiddleware.auth_token [None req-0a82d067-5389-46d0-84ec-8ed9f7e7101d None None] AuthToken middleware is set with keystone_authtoken.service_token_roles_required set to False. This is backwards compatible but deprecated behaviour. Please set this to True.
Aug 07 13:03:43.984649 np0000032416 devstack@n-api.service[68901]: DEBUG nova.api.openstack.wsgi [None req-53e90c65-9420-4066-909c-2cc870f0a8c6 None None] Calling method '<bound method VersionsV2.index of <nova.api.openstack.compute.versions.VersionsV2 object at 0x7ef9be802ea0>>' {{(pid=68901) _process_stack /opt/stack/nova/nova/api/openstack/wsgi.py:552}}
Aug 07 13:03:43.987263 np0000032416 devstack@n-api.service[68901]: INFO nova.api.openstack.requestlog [None req-53e90c65-9420-4066-909c-2cc870f0a8c6 None None] 192.168.1.112 "GET /compute/v2.1/" status: 200 len: 391 microversion: 2.1 time: 0.002808
Aug 07 13:03:43.987289 np0000032416 devstack@n-api.service[68902]: WARNING keystonemiddleware.auth_token [None req-0a82d067-5389-46d0-84ec-8ed9f7e7101d None None] Configuring www_authenticate_uri to point to the public identity endpoint is required; clients may not be able to authenticate against an admin endpoint
Aug 07 13:03:43.987470 np0000032416 devstack@n-api.service[68901]: [pid: 68901|app: 0|req: 1/1] 192.168.1.112 () {50 vars in 771 bytes} [Thu Aug  7 13:03:43 2025] GET /compute/v2.1/ => generated 391 bytes in 3 msecs (HTTP/1.1 200) 9 headers in 357 bytes (1 switches on core 0)
Aug 07 13:03:43.989183 np0000032416 devstack@n-api.service[68902]: WSGI app 0 (mountpoint='') ready in 2 seconds on interpreter 0x7ef9c52a39e8 pid: 68902 (default app)
Aug 07 13:04:21.412387 np0000032416 devstack@n-api.service[68901]: DEBUG nova.api.openstack.wsgi [None req-53e90c65-9420-4066-909c-2cc870f0a8c6 None None] Calling method '<bound method VersionsV2.index of <nova.api.openstack.compute.versions.VersionsV2 object at 0x7ef9be802ea0>>' {{(pid=68901) _process_stack /opt/stack/nova/nova/api/openstack/wsgi.py:552}}
Aug 07 13:04:21.415083 np0000032416 devstack@n-api.service[68901]: INFO nova.api.openstack.requestlog [None req-53e90c65-9420-4066-909c-2cc870f0a8c6 None None] 192.168.1.112 "GET /compute/v2.1" status: 200 len: 392 microversion: 2.1 time: 0.002839
Aug 07 13:04:21.415167 np0000032416 devstack@n-api.service[68901]: [pid: 68901|app: 0|req: 2/2] 192.168.1.112 () {62 vars in 1056 bytes} [Thu Aug  7 13:04:21 2025] GET /compute/v2.1 => generated 392 bytes in 3 msecs (HTTP/1.1 200) 9 headers in 357 bytes (1 switches on core 0)
Aug 07 13:04:21.426346 np0000032416 devstack@n-api.service[68902]: DEBUG dbcounter [-] [68902] Writing DB stats nova_api:SELECT=1 {{(pid=68902) stat_writer /opt/stack/data/venv/lib/python3.12/site-packages/dbcounter.py:115}}
Aug 07 13:04:21.427263 np0000032416 devstack@n-api.service[68902]: DEBUG dbcounter [-] [68902] Writing DB stats nova_cell0:SELECT=1 {{(pid=68902) stat_writer /opt/stack/data/venv/lib/python3.12/site-packages/dbcounter.py:115}}
Aug 07 13:04:21.427454 np0000032416 devstack@n-api.service[68902]: DEBUG dbcounter [-] [68902] Writing DB stats nova_cell1:SELECT=1 {{(pid=68902) stat_writer /opt/stack/data/venv/lib/python3.12/site-packages/dbcounter.py:115}}
Aug 07 13:04:21.427928 np0000032416 devstack@n-api.service[68902]: DEBUG dbcounter [-] [68902] Writing DB stats nova_cell0:SELECT=1 {{(pid=68902) stat_writer /opt/stack/data/venv/lib/python3.12/site-packages/dbcounter.py:115}}
Aug 07 13:04:21.537352 np0000032416 devstack@n-api.service[68902]: DEBUG nova.api.openstack.wsgi [None req-85c4abe7-3089-41dd-86d9-4d787415ff96 admin admin] Calling method '<bound method FlavorsController.detail of <nova.api.openstack.compute.flavors.FlavorsController object at 0x7ef9be3ce210>>' {{(pid=68902) _process_stack /opt/stack/nova/nova/api/openstack/wsgi.py:552}}
Aug 07 13:04:21.554292 np0000032416 devstack@n-api.service[68902]: INFO nova.api.openstack.requestlog [None req-85c4abe7-3089-41dd-86d9-4d787415ff96 admin admin] 192.168.1.112 "GET /compute/v2.1/flavors/detail?is_public=True" status: 200 len: 15 microversion: 2.61 time: 0.133498
Aug 07 13:04:21.554715 np0000032416 devstack@n-api.service[68902]: [pid: 68902|app: 0|req: 1/3] 192.168.1.112 () {68 vars in 1417 bytes} [Thu Aug  7 13:04:21 2025] GET /compute/v2.1/flavors/detail?is_public=True => generated 15 bytes in 134 msecs (HTTP/1.1 200) 9 headers in 358 bytes (1 switches on core 0)
Aug 07 13:04:21.639096 np0000032416 devstack@n-api.service[68901]: DEBUG dbcounter [-] [68901] Writing DB stats nova_api:SELECT=1 {{(pid=68901) stat_writer /opt/stack/data/venv/lib/python3.12/site-packages/dbcounter.py:115}}
Aug 07 13:04:21.639288 np0000032416 devstack@n-api.service[68901]: DEBUG dbcounter [-] [68901] Writing DB stats nova_cell0:SELECT=1 {{(pid=68901) stat_writer /opt/stack/data/venv/lib/python3.12/site-packages/dbcounter.py:115}}
Aug 07 13:04:21.639635 np0000032416 devstack@n-api.service[68901]: DEBUG dbcounter [-] [68901] Writing DB stats nova_cell1:SELECT=1 {{(pid=68901) stat_writer /opt/stack/data/venv/lib/python3.12/site-packages/dbcounter.py:115}}
Aug 07 13:04:21.639979 np0000032416 devstack@n-api.service[68901]: DEBUG dbcounter [-] [68901] Writing DB stats nova_cell0:SELECT=2,nova_cell0:INSERT=1 {{(pid=68901) stat_writer /opt/stack/data/venv/lib/python3.12/site-packages/dbcounter.py:115}}
Aug 07 13:04:21.696138 np0000032416 devstack@n-api.service[68901]: DEBUG nova.api.openstack.wsgi [None req-e792087e-24c1-4b47-956c-a82a098880b3 admin admin] Action: 'create', calling method: <bound method FlavorsController.create of <nova.api.openstack.compute.flavors.FlavorsController object at 0x7ef9be3dbda0>>, body: {"flavor": {"rxtx_factor": 1.0, "disk": 1, "os-flavor-access:is_public": true, "name": "cirros256", "id": "c1", "swap": 0, "vcpus": 1, "ram": 256, "OS-FLV-EXT-DATA:ephemeral": 0}} {{(pid=68901) _process_stack /opt/stack/nova/nova/api/openstack/wsgi.py:550}}
Aug 07 13:04:21.723909 np0000032416 devstack@n-api.service[68901]: INFO nova.api.openstack.requestlog [None req-e792087e-24c1-4b47-956c-a82a098880b3 admin admin] 192.168.1.112 "POST /compute/v2.1/flavors" status: 200 len: 413 microversion: 2.61 time: 0.087962
Aug 07 13:04:21.724371 np0000032416 devstack@n-api.service[68901]: [pid: 68901|app: 0|req: 3/4] 192.168.1.112 () {72 vars in 1408 bytes} [Thu Aug  7 13:04:21 2025] POST /compute/v2.1/flavors => generated 413 bytes in 88 msecs (HTTP/1.1 200) 9 headers in 359 bytes (1 switches on core 0)
Aug 07 13:04:21.733334 np0000032416 devstack@n-api.service[68902]: DEBUG nova.api.openstack.wsgi [None req-ba084c0d-38f3-4fd0-b924-9096fd804a30 admin admin] Action: 'create', calling method: <bound method FlavorExtraSpecsController.create of <nova.api.openstack.compute.flavors_extraspecs.FlavorExtraSpecsController object at 0x7ef9be3ce960>>, body: {"extra_specs": {"hw_rng:allowed": "True"}} {{(pid=68902) _process_stack /opt/stack/nova/nova/api/openstack/wsgi.py:550}}
Aug 07 13:04:21.758055 np0000032416 devstack@n-api.service[68902]: INFO nova.api.openstack.requestlog [None req-ba084c0d-38f3-4fd0-b924-9096fd804a30 admin admin] 192.168.1.112 "POST /compute/v2.1/flavors/c1/os-extra_specs" status: 200 len: 43 microversion: 2.61 time: 0.026328
Aug 07 13:04:21.758318 np0000032416 devstack@n-api.service[68902]: [pid: 68902|app: 0|req: 2/5] 192.168.1.112 () {72 vars in 1461 bytes} [Thu Aug  7 13:04:21 2025] POST /compute/v2.1/flavors/c1/os-extra_specs => generated 43 bytes in 27 msecs (HTTP/1.1 200) 9 headers in 358 bytes (1 switches on core 0)
Aug 07 13:04:21.837956 np0000032416 devstack@n-api.service[68901]: DEBUG nova.api.openstack.wsgi [None req-358b4fea-665c-44e1-a8b0-b97c99e047ff admin admin] Action: 'create', calling method: <bound method FlavorsController.create of <nova.api.openstack.compute.flavors.FlavorsController object at 0x7ef9be3dbda0>>, body: {"flavor": {"rxtx_factor": 1.0, "disk": 5, "os-flavor-access:is_public": true, "name": "ds512M", "id": "d1", "swap": 0, "vcpus": 1, "ram": 512, "OS-FLV-EXT-DATA:ephemeral": 0}} {{(pid=68901) _process_stack /opt/stack/nova/nova/api/openstack/wsgi.py:550}}
Aug 07 13:04:21.850735 np0000032416 devstack@n-api.service[68901]: INFO nova.api.openstack.requestlog [None req-358b4fea-665c-44e1-a8b0-b97c99e047ff admin admin] 192.168.1.112 "POST /compute/v2.1/flavors" status: 200 len: 410 microversion: 2.61 time: 0.014461
Aug 07 13:04:21.850966 np0000032416 devstack@n-api.service[68901]: [pid: 68901|app: 0|req: 4/6] 192.168.1.112 () {72 vars in 1408 bytes} [Thu Aug  7 13:04:21 2025] POST /compute/v2.1/flavors => generated 410 bytes in 15 msecs (HTTP/1.1 200) 9 headers in 359 bytes (1 switches on core 0)
Aug 07 13:04:21.859462 np0000032416 devstack@n-api.service[68902]: DEBUG nova.api.openstack.wsgi [None req-8ce579dd-1d60-413f-9a0d-b0a479cd625c admin admin] Action: 'create', calling method: <bound method FlavorExtraSpecsController.create of <nova.api.openstack.compute.flavors_extraspecs.FlavorExtraSpecsController object at 0x7ef9be3ce960>>, body: {"extra_specs": {"hw_rng:allowed": "True"}} {{(pid=68902) _process_stack /opt/stack/nova/nova/api/openstack/wsgi.py:550}}
Aug 07 13:04:21.873973 np0000032416 devstack@n-api.service[68902]: INFO nova.api.openstack.requestlog [None req-8ce579dd-1d60-413f-9a0d-b0a479cd625c admin admin] 192.168.1.112 "POST /compute/v2.1/flavors/d1/os-extra_specs" status: 200 len: 43 microversion: 2.61 time: 0.016255
Aug 07 13:04:21.874244 np0000032416 devstack@n-api.service[68902]: [pid: 68902|app: 0|req: 3/7] 192.168.1.112 () {72 vars in 1461 bytes} [Thu Aug  7 13:04:21 2025] POST /compute/v2.1/flavors/d1/os-extra_specs => generated 43 bytes in 17 msecs (HTTP/1.1 200) 9 headers in 358 bytes (1 switches on core 0)
Aug 07 13:04:21.953379 np0000032416 devstack@n-api.service[68901]: DEBUG nova.api.openstack.wsgi [None req-8f447730-2aa5-4b70-92c5-270bc0b231ed admin admin] Action: 'create', calling method: <bound method FlavorsController.create of <nova.api.openstack.compute.flavors.FlavorsController object at 0x7ef9be3dbda0>>, body: {"flavor": {"rxtx_factor": 1.0, "disk": 10, "os-flavor-access:is_public": true, "name": "ds1G", "id": "d2", "swap": 0, "vcpus": 1, "ram": 1024, "OS-FLV-EXT-DATA:ephemeral": 0}} {{(pid=68901) _process_stack /opt/stack/nova/nova/api/openstack/wsgi.py:550}}
Aug 07 13:04:21.965294 np0000032416 devstack@n-api.service[68901]: INFO nova.api.openstack.requestlog [None req-8f447730-2aa5-4b70-92c5-270bc0b231ed admin admin] 192.168.1.112 "POST /compute/v2.1/flavors" status: 200 len: 410 microversion: 2.61 time: 0.013398
Aug 07 13:04:21.965538 np0000032416 devstack@n-api.service[68901]: [pid: 68901|app: 0|req: 5/8] 192.168.1.112 () {72 vars in 1408 bytes} [Thu Aug  7 13:04:21 2025] POST /compute/v2.1/flavors => generated 410 bytes in 14 msecs (HTTP/1.1 200) 9 headers in 359 bytes (1 switches on core 0)
Aug 07 13:04:21.973408 np0000032416 devstack@n-api.service[68902]: DEBUG nova.api.openstack.wsgi [None req-9cec26ec-c11b-44bf-8a92-3a1acbab81ae admin admin] Action: 'create', calling method: <bound method FlavorExtraSpecsController.create of <nova.api.openstack.compute.flavors_extraspecs.FlavorExtraSpecsController object at 0x7ef9be3ce960>>, body: {"extra_specs": {"hw_rng:allowed": "True"}} {{(pid=68902) _process_stack /opt/stack/nova/nova/api/openstack/wsgi.py:550}}
Aug 07 13:04:21.986198 np0000032416 devstack@n-api.service[68902]: INFO nova.api.openstack.requestlog [None req-9cec26ec-c11b-44bf-8a92-3a1acbab81ae admin admin] 192.168.1.112 "POST /compute/v2.1/flavors/d2/os-extra_specs" status: 200 len: 43 microversion: 2.61 time: 0.014264
Aug 07 13:04:21.986546 np0000032416 devstack@n-api.service[68902]: [pid: 68902|app: 0|req: 4/9] 192.168.1.112 () {72 vars in 1461 bytes} [Thu Aug  7 13:04:21 2025] POST /compute/v2.1/flavors/d2/os-extra_specs => generated 43 bytes in 15 msecs (HTTP/1.1 200) 9 headers in 358 bytes (1 switches on core 0)
Aug 07 13:04:22.066868 np0000032416 devstack@n-api.service[68901]: DEBUG nova.api.openstack.wsgi [None req-638084f0-704b-4726-b278-8772ccc7e0f9 admin admin] Action: 'create', calling method: <bound method FlavorsController.create of <nova.api.openstack.compute.flavors.FlavorsController object at 0x7ef9be3dbda0>>, body: {"flavor": {"rxtx_factor": 1.0, "disk": 10, "os-flavor-access:is_public": true, "name": "ds2G", "id": "d3", "swap": 0, "vcpus": 2, "ram": 2048, "OS-FLV-EXT-DATA:ephemeral": 0}} {{(pid=68901) _process_stack /opt/stack/nova/nova/api/openstack/wsgi.py:550}}
Aug 07 13:04:22.077470 np0000032416 devstack@n-api.service[68901]: INFO nova.api.openstack.requestlog [None req-638084f0-704b-4726-b278-8772ccc7e0f9 admin admin] 192.168.1.112 "POST /compute/v2.1/flavors" status: 200 len: 410 microversion: 2.61 time: 0.012063
Aug 07 13:04:22.077705 np0000032416 devstack@n-api.service[68901]: [pid: 68901|app: 0|req: 6/10] 192.168.1.112 () {72 vars in 1408 bytes} [Thu Aug  7 13:04:22 2025] POST /compute/v2.1/flavors => generated 410 bytes in 12 msecs (HTTP/1.1 200) 9 headers in 359 bytes (1 switches on core 0)
Aug 07 13:04:22.086275 np0000032416 devstack@n-api.service[68902]: DEBUG nova.api.openstack.wsgi [None req-fbc0031c-2a1d-4e31-9d0f-bab7eafe13bb admin admin] Action: 'create', calling method: <bound method FlavorExtraSpecsController.create of <nova.api.openstack.compute.flavors_extraspecs.FlavorExtraSpecsController object at 0x7ef9be3ce960>>, body: {"extra_specs": {"hw_rng:allowed": "True"}} {{(pid=68902) _process_stack /opt/stack/nova/nova/api/openstack/wsgi.py:550}}
Aug 07 13:04:22.097809 np0000032416 devstack@n-api.service[68902]: INFO nova.api.openstack.requestlog [None req-fbc0031c-2a1d-4e31-9d0f-bab7eafe13bb admin admin] 192.168.1.112 "POST /compute/v2.1/flavors/d3/os-extra_specs" status: 200 len: 43 microversion: 2.61 time: 0.013819
Aug 07 13:04:22.098046 np0000032416 devstack@n-api.service[68902]: [pid: 68902|app: 0|req: 5/11] 192.168.1.112 () {72 vars in 1461 bytes} [Thu Aug  7 13:04:22 2025] POST /compute/v2.1/flavors/d3/os-extra_specs => generated 43 bytes in 14 msecs (HTTP/1.1 200) 9 headers in 358 bytes (1 switches on core 0)
Aug 07 13:04:22.175155 np0000032416 devstack@n-api.service[68901]: DEBUG nova.api.openstack.wsgi [None req-681cdf74-b16e-4234-a309-e0492ced36f7 admin admin] Action: 'create', calling method: <bound method FlavorsController.create of <nova.api.openstack.compute.flavors.FlavorsController object at 0x7ef9be3dbda0>>, body: {"flavor": {"rxtx_factor": 1.0, "disk": 20, "os-flavor-access:is_public": true, "name": "ds4G", "id": "d4", "swap": 0, "vcpus": 4, "ram": 4096, "OS-FLV-EXT-DATA:ephemeral": 0}} {{(pid=68901) _process_stack /opt/stack/nova/nova/api/openstack/wsgi.py:550}}
Aug 07 13:04:22.190225 np0000032416 devstack@n-api.service[68901]: INFO nova.api.openstack.requestlog [None req-681cdf74-b16e-4234-a309-e0492ced36f7 admin admin] 192.168.1.112 "POST /compute/v2.1/flavors" status: 200 len: 410 microversion: 2.61 time: 0.016511
Aug 07 13:04:22.190532 np0000032416 devstack@n-api.service[68901]: [pid: 68901|app: 0|req: 7/12] 192.168.1.112 () {72 vars in 1408 bytes} [Thu Aug  7 13:04:22 2025] POST /compute/v2.1/flavors => generated 410 bytes in 17 msecs (HTTP/1.1 200) 9 headers in 359 bytes (1 switches on core 0)
Aug 07 13:04:22.198789 np0000032416 devstack@n-api.service[68902]: DEBUG nova.api.openstack.wsgi [None req-5e3e335c-347e-41f9-b990-f33f6db2a1a0 admin admin] Action: 'create', calling method: <bound method FlavorExtraSpecsController.create of <nova.api.openstack.compute.flavors_extraspecs.FlavorExtraSpecsController object at 0x7ef9be3ce960>>, body: {"extra_specs": {"hw_rng:allowed": "True"}} {{(pid=68902) _process_stack /opt/stack/nova/nova/api/openstack/wsgi.py:550}}
Aug 07 13:04:22.211371 np0000032416 devstack@n-api.service[68902]: INFO nova.api.openstack.requestlog [None req-5e3e335c-347e-41f9-b990-f33f6db2a1a0 admin admin] 192.168.1.112 "POST /compute/v2.1/flavors/d4/os-extra_specs" status: 200 len: 43 microversion: 2.61 time: 0.014102
Aug 07 13:04:22.211599 np0000032416 devstack@n-api.service[68902]: [pid: 68902|app: 0|req: 6/13] 192.168.1.112 () {72 vars in 1461 bytes} [Thu Aug  7 13:04:22 2025] POST /compute/v2.1/flavors/d4/os-extra_specs => generated 43 bytes in 14 msecs (HTTP/1.1 200) 9 headers in 358 bytes (1 switches on core 0)
Aug 07 13:04:22.297408 np0000032416 devstack@n-api.service[68901]: DEBUG nova.api.openstack.wsgi [None req-8c29ecbc-461a-4a4a-8327-fdd907fbbbeb admin admin] Calling method '<bound method FlavorsController.detail of <nova.api.openstack.compute.flavors.FlavorsController object at 0x7ef9be3dbef0>>' {{(pid=68901) _process_stack /opt/stack/nova/nova/api/openstack/wsgi.py:552}}
Aug 07 13:04:22.312672 np0000032416 devstack@n-api.service[68901]: INFO nova.api.openstack.requestlog [None req-8c29ecbc-461a-4a4a-8327-fdd907fbbbeb admin admin] 192.168.1.112 "GET /compute/v2.1/flavors/detail?is_public=True" status: 200 len: 2136 microversion: 2.61 time: 0.018796
Aug 07 13:04:22.312995 np0000032416 devstack@n-api.service[68901]: [pid: 68901|app: 0|req: 8/14] 192.168.1.112 () {68 vars in 1417 bytes} [Thu Aug  7 13:04:22 2025] GET /compute/v2.1/flavors/detail?is_public=True => generated 2136 bytes in 19 msecs (HTTP/1.1 200) 9 headers in 360 bytes (1 switches on core 0)
Aug 07 13:04:22.392363 np0000032416 devstack@n-api.service[68902]: DEBUG nova.api.openstack.wsgi [None req-99c53718-24c6-490d-bbfa-a3c863d218d0 admin admin] Action: 'create', calling method: <bound method FlavorsController.create of <nova.api.openstack.compute.flavors.FlavorsController object at 0x7ef9be3ce0c0>>, body: {"flavor": {"rxtx_factor": 1.0, "disk": 1, "os-flavor-access:is_public": true, "name": "m1.tiny", "id": "1", "swap": 0, "vcpus": 1, "ram": 512, "OS-FLV-EXT-DATA:ephemeral": 0}} {{(pid=68902) _process_stack /opt/stack/nova/nova/api/openstack/wsgi.py:550}}
Aug 07 13:04:22.415244 np0000032416 devstack@n-api.service[68902]: INFO nova.api.openstack.requestlog [None req-99c53718-24c6-490d-bbfa-a3c863d218d0 admin admin] 192.168.1.112 "POST /compute/v2.1/flavors" status: 200 len: 408 microversion: 2.61 time: 0.024316
Aug 07 13:04:22.415546 np0000032416 devstack@n-api.service[68902]: [pid: 68902|app: 0|req: 7/15] 192.168.1.112 () {72 vars in 1408 bytes} [Thu Aug  7 13:04:22 2025] POST /compute/v2.1/flavors => generated 408 bytes in 25 msecs (HTTP/1.1 200) 9 headers in 359 bytes (1 switches on core 0)
Aug 07 13:04:22.423616 np0000032416 devstack@n-api.service[68901]: DEBUG nova.api.openstack.wsgi [None req-ab5c2b7f-09dd-4300-84a2-1d7a7b101a02 admin admin] Action: 'create', calling method: <bound method FlavorExtraSpecsController.create of <nova.api.openstack.compute.flavors_extraspecs.FlavorExtraSpecsController object at 0x7ef9be204680>>, body: {"extra_specs": {"hw_rng:allowed": "True"}} {{(pid=68901) _process_stack /opt/stack/nova/nova/api/openstack/wsgi.py:550}}
Aug 07 13:04:22.442744 np0000032416 devstack@n-api.service[68901]: INFO nova.api.openstack.requestlog [None req-ab5c2b7f-09dd-4300-84a2-1d7a7b101a02 admin admin] 192.168.1.112 "POST /compute/v2.1/flavors/1/os-extra_specs" status: 200 len: 43 microversion: 2.61 time: 0.020762
Aug 07 13:04:22.442994 np0000032416 devstack@n-api.service[68901]: [pid: 68901|app: 0|req: 9/16] 192.168.1.112 () {72 vars in 1458 bytes} [Thu Aug  7 13:04:22 2025] POST /compute/v2.1/flavors/1/os-extra_specs => generated 43 bytes in 21 msecs (HTTP/1.1 200) 9 headers in 358 bytes (1 switches on core 0)
Aug 07 13:04:22.535256 np0000032416 devstack@n-api.service[68902]: DEBUG nova.api.openstack.wsgi [None req-27743c38-55b8-4def-9f17-345c50580272 admin admin] Action: 'create', calling method: <bound method FlavorsController.create of <nova.api.openstack.compute.flavors.FlavorsController object at 0x7ef9be3ce0c0>>, body: {"flavor": {"rxtx_factor": 1.0, "disk": 20, "os-flavor-access:is_public": true, "name": "m1.small", "id": "2", "swap": 0, "vcpus": 1, "ram": 2048, "OS-FLV-EXT-DATA:ephemeral": 0}} {{(pid=68902) _process_stack /opt/stack/nova/nova/api/openstack/wsgi.py:550}}
Aug 07 13:04:22.546632 np0000032416 devstack@n-api.service[68902]: INFO nova.api.openstack.requestlog [None req-27743c38-55b8-4def-9f17-345c50580272 admin admin] 192.168.1.112 "POST /compute/v2.1/flavors" status: 200 len: 411 microversion: 2.61 time: 0.012552
Aug 07 13:04:22.546632 np0000032416 devstack@n-api.service[68902]: [pid: 68902|app: 0|req: 8/17] 192.168.1.112 () {72 vars in 1408 bytes} [Thu Aug  7 13:04:22 2025] POST /compute/v2.1/flavors => generated 411 bytes in 13 msecs (HTTP/1.1 200) 9 headers in 359 bytes (1 switches on core 0)
Aug 07 13:04:22.555594 np0000032416 devstack@n-api.service[68901]: DEBUG nova.api.openstack.wsgi [None req-8690069e-4578-4a36-9a22-d7bba64d1b65 admin admin] Action: 'create', calling method: <bound method FlavorExtraSpecsController.create of <nova.api.openstack.compute.flavors_extraspecs.FlavorExtraSpecsController object at 0x7ef9be204680>>, body: {"extra_specs": {"hw_rng:allowed": "True"}} {{(pid=68901) _process_stack /opt/stack/nova/nova/api/openstack/wsgi.py:550}}
Aug 07 13:04:22.572684 np0000032416 devstack@n-api.service[68901]: INFO nova.api.openstack.requestlog [None req-8690069e-4578-4a36-9a22-d7bba64d1b65 admin admin] 192.168.1.112 "POST /compute/v2.1/flavors/2/os-extra_specs" status: 200 len: 43 microversion: 2.61 time: 0.019332
Aug 07 13:04:22.573069 np0000032416 devstack@n-api.service[68901]: [pid: 68901|app: 0|req: 10/18] 192.168.1.112 () {72 vars in 1458 bytes} [Thu Aug  7 13:04:22 2025] POST /compute/v2.1/flavors/2/os-extra_specs => generated 43 bytes in 20 msecs (HTTP/1.1 200) 9 headers in 358 bytes (1 switches on core 0)
Aug 07 13:04:22.657256 np0000032416 devstack@n-api.service[68902]: DEBUG nova.api.openstack.wsgi [None req-ed74e595-394f-4351-92b2-ee1667dce051 admin admin] Action: 'create', calling method: <bound method FlavorsController.create of <nova.api.openstack.compute.flavors.FlavorsController object at 0x7ef9be3ce0c0>>, body: {"flavor": {"rxtx_factor": 1.0, "disk": 40, "os-flavor-access:is_public": true, "name": "m1.medium", "id": "3", "swap": 0, "vcpus": 2, "ram": 4096, "OS-FLV-EXT-DATA:ephemeral": 0}} {{(pid=68902) _process_stack /opt/stack/nova/nova/api/openstack/wsgi.py:550}}
Aug 07 13:04:22.666575 np0000032416 devstack@n-api.service[68902]: INFO nova.api.openstack.requestlog [None req-ed74e595-394f-4351-92b2-ee1667dce051 admin admin] 192.168.1.112 "POST /compute/v2.1/flavors" status: 200 len: 412 microversion: 2.61 time: 0.012173
Aug 07 13:04:22.666950 np0000032416 devstack@n-api.service[68902]: [pid: 68902|app: 0|req: 9/19] 192.168.1.112 () {72 vars in 1408 bytes} [Thu Aug  7 13:04:22 2025] POST /compute/v2.1/flavors => generated 412 bytes in 13 msecs (HTTP/1.1 200) 9 headers in 359 bytes (1 switches on core 0)
Aug 07 13:04:22.676076 np0000032416 devstack@n-api.service[68901]: DEBUG nova.api.openstack.wsgi [None req-eea4f08f-49c0-4bbf-86ba-d95d6ba47b2a admin admin] Action: 'create', calling method: <bound method FlavorExtraSpecsController.create of <nova.api.openstack.compute.flavors_extraspecs.FlavorExtraSpecsController object at 0x7ef9be204680>>, body: {"extra_specs": {"hw_rng:allowed": "True"}} {{(pid=68901) _process_stack /opt/stack/nova/nova/api/openstack/wsgi.py:550}}
Aug 07 13:04:22.692937 np0000032416 devstack@n-api.service[68901]: INFO nova.api.openstack.requestlog [None req-eea4f08f-49c0-4bbf-86ba-d95d6ba47b2a admin admin] 192.168.1.112 "POST /compute/v2.1/flavors/3/os-extra_specs" status: 200 len: 43 microversion: 2.61 time: 0.019094
Aug 07 13:04:22.693332 np0000032416 devstack@n-api.service[68901]: [pid: 68901|app: 0|req: 11/20] 192.168.1.112 () {72 vars in 1458 bytes} [Thu Aug  7 13:04:22 2025] POST /compute/v2.1/flavors/3/os-extra_specs => generated 43 bytes in 20 msecs (HTTP/1.1 200) 9 headers in 358 bytes (1 switches on core 0)
Aug 07 13:04:22.773035 np0000032416 devstack@n-api.service[68902]: DEBUG nova.api.openstack.wsgi [None req-ac9cadf3-607b-4abf-b25f-6fd669c35cbf admin admin] Action: 'create', calling method: <bound method FlavorsController.create of <nova.api.openstack.compute.flavors.FlavorsController object at 0x7ef9be3ce0c0>>, body: {"flavor": {"rxtx_factor": 1.0, "disk": 80, "os-flavor-access:is_public": true, "name": "m1.large", "id": "4", "swap": 0, "vcpus": 4, "ram": 8192, "OS-FLV-EXT-DATA:ephemeral": 0}} {{(pid=68902) _process_stack /opt/stack/nova/nova/api/openstack/wsgi.py:550}}
Aug 07 13:04:22.782447 np0000032416 devstack@n-api.service[68902]: INFO nova.api.openstack.requestlog [None req-ac9cadf3-607b-4abf-b25f-6fd669c35cbf admin admin] 192.168.1.112 "POST /compute/v2.1/flavors" status: 200 len: 411 microversion: 2.61 time: 0.012466
Aug 07 13:04:22.782823 np0000032416 devstack@n-api.service[68902]: [pid: 68902|app: 0|req: 10/21] 192.168.1.112 () {72 vars in 1408 bytes} [Thu Aug  7 13:04:22 2025] POST /compute/v2.1/flavors => generated 411 bytes in 13 msecs (HTTP/1.1 200) 9 headers in 359 bytes (1 switches on core 0)
Aug 07 13:04:22.791840 np0000032416 devstack@n-api.service[68901]: DEBUG nova.api.openstack.wsgi [None req-e7ab332f-faf9-434f-98d5-f7f26177531d admin admin] Action: 'create', calling method: <bound method FlavorExtraSpecsController.create of <nova.api.openstack.compute.flavors_extraspecs.FlavorExtraSpecsController object at 0x7ef9be204680>>, body: {"extra_specs": {"hw_rng:allowed": "True"}} {{(pid=68901) _process_stack /opt/stack/nova/nova/api/openstack/wsgi.py:550}}
Aug 07 13:04:22.808014 np0000032416 devstack@n-api.service[68901]: INFO nova.api.openstack.requestlog [None req-e7ab332f-faf9-434f-98d5-f7f26177531d admin admin] 192.168.1.112 "POST /compute/v2.1/flavors/4/os-extra_specs" status: 200 len: 43 microversion: 2.61 time: 0.018348
Aug 07 13:04:22.808531 np0000032416 devstack@n-api.service[68901]: [pid: 68901|app: 0|req: 12/22] 192.168.1.112 () {72 vars in 1458 bytes} [Thu Aug  7 13:04:22 2025] POST /compute/v2.1/flavors/4/os-extra_specs => generated 43 bytes in 19 msecs (HTTP/1.1 200) 9 headers in 358 bytes (1 switches on core 0)
Aug 07 13:04:22.895284 np0000032416 devstack@n-api.service[68902]: DEBUG nova.api.openstack.wsgi [None req-d4514b20-bf1c-4115-be7a-2e9912bcf8c9 admin admin] Action: 'create', calling method: <bound method FlavorsController.create of <nova.api.openstack.compute.flavors.FlavorsController object at 0x7ef9be3ce0c0>>, body: {"flavor": {"rxtx_factor": 1.0, "disk": 160, "os-flavor-access:is_public": true, "name": "m1.xlarge", "id": "5", "swap": 0, "vcpus": 8, "ram": 16384, "OS-FLV-EXT-DATA:ephemeral": 0}} {{(pid=68902) _process_stack /opt/stack/nova/nova/api/openstack/wsgi.py:550}}
Aug 07 13:04:22.904908 np0000032416 devstack@n-api.service[68902]: INFO nova.api.openstack.requestlog [None req-d4514b20-bf1c-4115-be7a-2e9912bcf8c9 admin admin] 192.168.1.112 "POST /compute/v2.1/flavors" status: 200 len: 414 microversion: 2.61 time: 0.012817
Aug 07 13:04:22.905267 np0000032416 devstack@n-api.service[68902]: [pid: 68902|app: 0|req: 11/23] 192.168.1.112 () {72 vars in 1408 bytes} [Thu Aug  7 13:04:22 2025] POST /compute/v2.1/flavors => generated 414 bytes in 13 msecs (HTTP/1.1 200) 9 headers in 359 bytes (1 switches on core 0)
Aug 07 13:04:22.914191 np0000032416 devstack@n-api.service[68901]: DEBUG nova.api.openstack.wsgi [None req-02f2e0ce-4c2b-41e6-91b4-71f4ef3d2669 admin admin] Action: 'create', calling method: <bound method FlavorExtraSpecsController.create of <nova.api.openstack.compute.flavors_extraspecs.FlavorExtraSpecsController object at 0x7ef9be204680>>, body: {"extra_specs": {"hw_rng:allowed": "True"}} {{(pid=68901) _process_stack /opt/stack/nova/nova/api/openstack/wsgi.py:550}}
Aug 07 13:04:22.927214 np0000032416 devstack@n-api.service[68901]: INFO nova.api.openstack.requestlog [None req-02f2e0ce-4c2b-41e6-91b4-71f4ef3d2669 admin admin] 192.168.1.112 "POST /compute/v2.1/flavors/5/os-extra_specs" status: 200 len: 43 microversion: 2.61 time: 0.014484
Aug 07 13:04:22.927466 np0000032416 devstack@n-api.service[68901]: [pid: 68901|app: 0|req: 13/24] 192.168.1.112 () {72 vars in 1458 bytes} [Thu Aug  7 13:04:22 2025] POST /compute/v2.1/flavors/5/os-extra_specs => generated 43 bytes in 15 msecs (HTTP/1.1 200) 9 headers in 358 bytes (1 switches on core 0)
Aug 07 13:04:31.944819 np0000032416 devstack@n-api.service[68902]: DEBUG nova.api.openstack.wsgi [None req-411e9a1e-14bd-4399-8134-c2b29df9c123 admin admin] Calling method '<bound method FlavorsController.detail of <nova.api.openstack.compute.flavors.FlavorsController object at 0x7ef9be3ce210>>' {{(pid=68902) _process_stack /opt/stack/nova/nova/api/openstack/wsgi.py:552}}
Aug 07 13:04:31.955496 np0000032416 devstack@n-api.service[68902]: INFO nova.api.openstack.requestlog [None req-411e9a1e-14bd-4399-8134-c2b29df9c123 admin admin] 192.168.1.112 "GET /compute/v2.1/flavors/detail?is_public=True" status: 200 len: 4262 microversion: 2.61 time: 0.012041
Aug 07 13:04:31.955707 np0000032416 devstack@n-api.service[68902]: [pid: 68902|app: 0|req: 12/25] 192.168.1.112 () {68 vars in 1417 bytes} [Thu Aug  7 13:04:31 2025] GET /compute/v2.1/flavors/detail?is_public=True => generated 4262 bytes in 12 msecs (HTTP/1.1 200) 9 headers in 360 bytes (1 switches on core 0)
Aug 07 13:04:32.057973 np0000032416 devstack@n-api.service[68901]: DEBUG nova.api.openstack.wsgi [None req-0af5adc3-626e-4b5c-953c-030e2ffc3a75 admin admin] Action: 'create', calling method: <bound method FlavorsController.create of <nova.api.openstack.compute.flavors.FlavorsController object at 0x7ef9be3dbda0>>, body: {"flavor": {"rxtx_factor": 1.0, "disk": 5, "os-flavor-access:is_public": true, "name": "manila-service-flavor", "id": "100", "swap": 0, "vcpus": 1, "ram": 1024, "OS-FLV-EXT-DATA:ephemeral": 0}} {{(pid=68901) _process_stack /opt/stack/nova/nova/api/openstack/wsgi.py:550}}
Aug 07 13:04:32.068690 np0000032416 devstack@n-api.service[68901]: INFO nova.api.openstack.requestlog [None req-0af5adc3-626e-4b5c-953c-030e2ffc3a75 admin admin] 192.168.1.112 "POST /compute/v2.1/flavors" status: 200 len: 429 microversion: 2.61 time: 0.012228
Aug 07 13:04:32.068986 np0000032416 devstack@n-api.service[68901]: [pid: 68901|app: 0|req: 14/26] 192.168.1.112 () {72 vars in 1408 bytes} [Thu Aug  7 13:04:32 2025] POST /compute/v2.1/flavors => generated 429 bytes in 12 msecs (HTTP/1.1 200) 9 headers in 359 bytes (1 switches on core 0)
Aug 07 13:05:20.177810 np0000032416 devstack@n-api.service[68902]: DEBUG dbcounter [-] [68902] Writing DB stats nova_api:SELECT=22,nova_api:SAVEPOINT=5,nova_api:INSERT=10,nova_api:RELEASE=5 {{(pid=68902) stat_writer /opt/stack/data/venv/lib/python3.12/site-packages/dbcounter.py:115}}
Aug 07 13:05:20.180060 np0000032416 devstack@n-api.service[68902]: DEBUG nova.api.openstack.wsgi [None req-65abaa6c-3ee2-459b-9c3a-cd03f1c1fe29 admin admin] Calling method '<bound method KeypairController.index of <nova.api.openstack.compute.keypairs.KeypairController object at 0x7ef9be281460>>' {{(pid=68902) _process_stack /opt/stack/nova/nova/api/openstack/wsgi.py:552}}
Aug 07 13:05:20.182419 np0000032416 devstack@n-api.service[68902]: WARNING oslo_db.sqlalchemy.utils [None req-65abaa6c-3ee2-459b-9c3a-cd03f1c1fe29 admin admin] Unique keys not in sort_keys. The sorting order may be unstable.
Aug 07 13:05:20.189014 np0000032416 devstack@n-api.service[68902]: INFO nova.api.openstack.requestlog [None req-65abaa6c-3ee2-459b-9c3a-cd03f1c1fe29 admin admin] 192.168.1.112 "GET /compute/v2.1/os-keypairs" status: 200 len: 16 microversion: 2.10 time: 0.012095
Aug 07 13:05:20.189267 np0000032416 devstack@n-api.service[68902]: [pid: 68902|app: 0|req: 13/27] 192.168.1.112 () {68 vars in 1379 bytes} [Thu Aug  7 13:05:20 2025] GET /compute/v2.1/os-keypairs => generated 16 bytes in 13 msecs (HTTP/1.1 200) 9 headers in 358 bytes (1 switches on core 0)
Aug 07 13:05:20.286538 np0000032416 devstack@n-api.service[68901]: DEBUG nova.api.openstack.wsgi [None req-b99e3de3-667e-42c8-b702-57c86071500b admin admin] Action: 'create', calling method: <bound method KeypairController.create of <nova.api.openstack.compute.keypairs.KeypairController object at 0x7ef9be28f320>>, body: {"keypair": {"public_key": "ecdsa-sha2-nistp256 AAAAE2VjZHNhLXNoYTItbmlzdHAyNTYAAAAIbmlzdHAyNTYAAABBBGi1if6EZs/I23WXmt7zu4U9Z+xSWDbS8ArBJTu1zHIV9fys0/s6aUXQmgzno3N32CmM92jFQAA7V810TYDPwdQ= stack@np0000032416\n", "name": "manila-service"}} {{(pid=68901) _process_stack /opt/stack/nova/nova/api/openstack/wsgi.py:550}}
Aug 07 13:05:20.290478 np0000032416 devstack@n-api.service[68901]: DEBUG dbcounter [-] [68901] Writing DB stats nova_api:INSERT=11,nova_api:SELECT=22,nova_api:SAVEPOINT=5,nova_api:RELEASE=5 {{(pid=68901) stat_writer /opt/stack/data/venv/lib/python3.12/site-packages/dbcounter.py:115}}
Aug 07 13:05:20.302812 np0000032416 devstack@n-api.service[68901]: DEBUG nova.quota [None req-b99e3de3-667e-42c8-b702-57c86071500b admin admin] Getting quotas for project acf3c26144bd4b4180f8a29d705ad578. Resources: {'key_pairs'} {{(pid=68901) _get_quotas /opt/stack/nova/nova/quota.py:392}}
Aug 07 13:05:20.305500 np0000032416 devstack@n-api.service[68901]: DEBUG nova.quota [None req-b99e3de3-667e-42c8-b702-57c86071500b admin admin] Getting quotas for user ae3fd1443760433a8f4ff0f57320415b and project acf3c26144bd4b4180f8a29d705ad578. Resources: {'key_pairs'} {{(pid=68901) _get_quotas /opt/stack/nova/nova/quota.py:382}}
Aug 07 13:05:20.328895 np0000032416 devstack@n-api.service[68901]: INFO nova.api.openstack.requestlog [None req-b99e3de3-667e-42c8-b702-57c86071500b admin admin] 192.168.1.112 "POST /compute/v2.1/os-keypairs" status: 201 len: 366 microversion: 2.10 time: 0.044582
Aug 07 13:05:20.329165 np0000032416 devstack@n-api.service[68901]: [pid: 68901|app: 0|req: 15/28] 192.168.1.112 () {72 vars in 1420 bytes} [Thu Aug  7 13:05:20 2025] POST /compute/v2.1/os-keypairs => generated 366 bytes in 45 msecs (HTTP/1.1 201) 9 headers in 364 bytes (1 switches on core 0)
Aug 07 13:05:26.840105 np0000032416 devstack@n-api.service[68902]: DEBUG nova.api.openstack.wsgi [None req-02698d70-f29a-4cf4-a64a-aa1f62c6addd admin admin] Calling method '<bound method ServiceController.index of <nova.api.openstack.compute.services.ServiceController object at 0x7ef9be2c48c0>>' {{(pid=68902) _process_stack /opt/stack/nova/nova/api/openstack/wsgi.py:552}}
Aug 07 13:05:26.841875 np0000032416 devstack@n-api.service[68902]: DEBUG oslo_concurrency.lockutils [None req-02698d70-f29a-4cf4-a64a-aa1f62c6addd admin admin] Acquiring lock "00000000-0000-0000-0000-000000000000" by "nova.context.set_target_cell.<locals>.get_or_set_cached_cell_and_set_connections" {{(pid=68902) inner /opt/stack/data/venv/lib/python3.12/site-packages/oslo_concurrency/lockutils.py:405}}
Aug 07 13:05:26.842079 np0000032416 devstack@n-api.service[68902]: DEBUG oslo_concurrency.lockutils [None req-02698d70-f29a-4cf4-a64a-aa1f62c6addd admin admin] Lock "00000000-0000-0000-0000-000000000000" acquired by "nova.context.set_target_cell.<locals>.get_or_set_cached_cell_and_set_connections" :: waited 0.000s {{(pid=68902) inner /opt/stack/data/venv/lib/python3.12/site-packages/oslo_concurrency/lockutils.py:410}}
Aug 07 13:05:26.842226 np0000032416 devstack@n-api.service[68902]: DEBUG oslo_concurrency.lockutils [None req-02698d70-f29a-4cf4-a64a-aa1f62c6addd admin admin] Lock "00000000-0000-0000-0000-000000000000" "released" by "nova.context.set_target_cell.<locals>.get_or_set_cached_cell_and_set_connections" :: held 0.000s {{(pid=68902) inner /opt/stack/data/venv/lib/python3.12/site-packages/oslo_concurrency/lockutils.py:424}}
Aug 07 13:05:26.842679 np0000032416 devstack@n-api.service[68902]: DEBUG oslo_concurrency.lockutils [None req-02698d70-f29a-4cf4-a64a-aa1f62c6addd admin admin] Acquiring lock "6f367e43-e541-4d3a-89eb-c393eaf17081" by "nova.context.set_target_cell.<locals>.get_or_set_cached_cell_and_set_connections" {{(pid=68902) inner /opt/stack/data/venv/lib/python3.12/site-packages/oslo_concurrency/lockutils.py:405}}
Aug 07 13:05:26.842828 np0000032416 devstack@n-api.service[68902]: DEBUG oslo_concurrency.lockutils [None req-02698d70-f29a-4cf4-a64a-aa1f62c6addd admin admin] Lock "6f367e43-e541-4d3a-89eb-c393eaf17081" acquired by "nova.context.set_target_cell.<locals>.get_or_set_cached_cell_and_set_connections" :: waited 0.000s {{(pid=68902) inner /opt/stack/data/venv/lib/python3.12/site-packages/oslo_concurrency/lockutils.py:410}}
