Aug 01 12:43:46.314066 np0000032068 devstack@n-api.service[69664]: DEBUG oslo_concurrency.lockutils [None req-06bba2db-19dd-4f6a-b52b-8e9469732a3c None None] Lock "00000000-0000-0000-0000-000000000000" "released" by "nova.context.set_target_cell.<locals>.get_or_set_cached_cell_and_set_connections" :: held 0.000s {{(pid=69664) inner /opt/stack/data/venv/lib/python3.12/site-packages/oslo_concurrency/lockutils.py:424}}
Aug 01 12:43:46.314404 np0000032068 devstack@n-api.service[69664]: DEBUG oslo_concurrency.lockutils [None req-06bba2db-19dd-4f6a-b52b-8e9469732a3c None None] Acquiring lock "6401c2fb-a1bf-4220-97c1-8975501217b4" by "nova.context.set_target_cell.<locals>.get_or_set_cached_cell_and_set_connections" {{(pid=69664) inner /opt/stack/data/venv/lib/python3.12/site-packages/oslo_concurrency/lockutils.py:405}}
Aug 01 12:43:46.314533 np0000032068 devstack@n-api.service[69664]: DEBUG oslo_concurrency.lockutils [None req-06bba2db-19dd-4f6a-b52b-8e9469732a3c None None] Lock "6401c2fb-a1bf-4220-97c1-8975501217b4" acquired by "nova.context.set_target_cell.<locals>.get_or_set_cached_cell_and_set_connections" :: waited 0.000s {{(pid=69664) inner /opt/stack/data/venv/lib/python3.12/site-packages/oslo_concurrency/lockutils.py:410}}
Aug 01 12:43:46.315213 np0000032068 devstack@n-api.service[69664]: DEBUG oslo_concurrency.lockutils [None req-06bba2db-19dd-4f6a-b52b-8e9469732a3c None None] Lock "6401c2fb-a1bf-4220-97c1-8975501217b4" "released" by "nova.context.set_target_cell.<locals>.get_or_set_cached_cell_and_set_connections" :: held 0.001s {{(pid=69664) inner /opt/stack/data/venv/lib/python3.12/site-packages/oslo_concurrency/lockutils.py:424}}
Aug 01 12:43:46.316361 np0000032068 devstack@n-api.service[69664]: INFO dbcounter [None req-06bba2db-19dd-4f6a-b52b-8e9469732a3c None None] Registered counter for database nova_cell0
Aug 01 12:43:46.316383 np0000032068 devstack@n-api.service[69665]: DEBUG dbcounter [-] [69665] Writer thread running {{(pid=69665) stat_writer /opt/stack/data/venv/lib/python3.12/site-packages/dbcounter.py:102}}
Aug 01 12:43:46.318034 np0000032068 devstack@n-api.service[69665]: DEBUG nova.context [None req-6a66033f-d2c9-41ff-adbe-d48e2d51d6e8 None None] Found 2 cells: 00000000-0000-0000-0000-000000000000(cell0),6401c2fb-a1bf-4220-97c1-8975501217b4(cell1) {{(pid=69665) load_cells /opt/stack/nova/nova/context.py:472}}
Aug 01 12:43:46.318194 np0000032068 devstack@n-api.service[69664]: INFO dbcounter [None req-06bba2db-19dd-4f6a-b52b-8e9469732a3c None None] Registered counter for database nova_cell1
Aug 01 12:43:46.318213 np0000032068 devstack@n-api.service[69665]: INFO nova.utils [None req-6a66033f-d2c9-41ff-adbe-d48e2d51d6e8 None None] The cell worker thread pool MainProcess.cell_worker is initialized
Aug 01 12:43:46.319642 np0000032068 devstack@n-api.service[69665]: DEBUG oslo_concurrency.lockutils [None req-6a66033f-d2c9-41ff-adbe-d48e2d51d6e8 None None] Acquiring lock "00000000-0000-0000-0000-000000000000" by "nova.context.set_target_cell.<locals>.get_or_set_cached_cell_and_set_connections" {{(pid=69665) inner /opt/stack/data/venv/lib/python3.12/site-packages/oslo_concurrency/lockutils.py:405}}
Aug 01 12:43:46.319822 np0000032068 devstack@n-api.service[69665]: DEBUG oslo_concurrency.lockutils [None req-6a66033f-d2c9-41ff-adbe-d48e2d51d6e8 None None] Lock "00000000-0000-0000-0000-000000000000" acquired by "nova.context.set_target_cell.<locals>.get_or_set_cached_cell_and_set_connections" :: waited 0.000s {{(pid=69665) inner /opt/stack/data/venv/lib/python3.12/site-packages/oslo_concurrency/lockutils.py:410}}
Aug 01 12:43:46.320140 np0000032068 devstack@n-api.service[69665]: DEBUG oslo_concurrency.lockutils [None req-6a66033f-d2c9-41ff-adbe-d48e2d51d6e8 None None] Lock "00000000-0000-0000-0000-000000000000" "released" by "nova.context.set_target_cell.<locals>.get_or_set_cached_cell_and_set_connections" :: held 0.000s {{(pid=69665) inner /opt/stack/data/venv/lib/python3.12/site-packages/oslo_concurrency/lockutils.py:424}}
Aug 01 12:43:46.320488 np0000032068 devstack@n-api.service[69665]: DEBUG oslo_concurrency.lockutils [None req-6a66033f-d2c9-41ff-adbe-d48e2d51d6e8 None None] Acquiring lock "6401c2fb-a1bf-4220-97c1-8975501217b4" by "nova.context.set_target_cell.<locals>.get_or_set_cached_cell_and_set_connections" {{(pid=69665) inner /opt/stack/data/venv/lib/python3.12/site-packages/oslo_concurrency/lockutils.py:405}}
Aug 01 12:43:46.320615 np0000032068 devstack@n-api.service[69665]: DEBUG oslo_concurrency.lockutils [None req-6a66033f-d2c9-41ff-adbe-d48e2d51d6e8 None None] Lock "6401c2fb-a1bf-4220-97c1-8975501217b4" acquired by "nova.context.set_target_cell.<locals>.get_or_set_cached_cell_and_set_connections" :: waited 0.000s {{(pid=69665) inner /opt/stack/data/venv/lib/python3.12/site-packages/oslo_concurrency/lockutils.py:410}}
Aug 01 12:43:46.321005 np0000032068 devstack@n-api.service[69664]: DEBUG oslo_db.sqlalchemy.engines [None req-06bba2db-19dd-4f6a-b52b-8e9469732a3c None None] MySQL server mode set to STRICT_TRANS_TABLES,STRICT_ALL_TABLES,NO_ZERO_IN_DATE,NO_ZERO_DATE,ERROR_FOR_DIVISION_BY_ZERO,TRADITIONAL,NO_ENGINE_SUBSTITUTION {{(pid=69664) _check_effective_sql_mode /opt/stack/data/venv/lib/python3.12/site-packages/oslo_db/sqlalchemy/engines.py:397}}
Aug 01 12:43:46.321314 np0000032068 devstack@n-api.service[69665]: DEBUG oslo_concurrency.lockutils [None req-6a66033f-d2c9-41ff-adbe-d48e2d51d6e8 None None] Lock "6401c2fb-a1bf-4220-97c1-8975501217b4" "released" by "nova.context.set_target_cell.<locals>.get_or_set_cached_cell_and_set_connections" :: held 0.001s {{(pid=69665) inner /opt/stack/data/venv/lib/python3.12/site-packages/oslo_concurrency/lockutils.py:424}}
Aug 01 12:43:46.322457 np0000032068 devstack@n-api.service[69665]: INFO dbcounter [None req-6a66033f-d2c9-41ff-adbe-d48e2d51d6e8 None None] Registered counter for database nova_cell0
Aug 01 12:43:46.324311 np0000032068 devstack@n-api.service[69665]: INFO dbcounter [None req-6a66033f-d2c9-41ff-adbe-d48e2d51d6e8 None None] Registered counter for database nova_cell1
Aug 01 12:43:46.328345 np0000032068 devstack@n-api.service[69665]: DEBUG oslo_db.sqlalchemy.engines [None req-6a66033f-d2c9-41ff-adbe-d48e2d51d6e8 None None] MySQL server mode set to STRICT_TRANS_TABLES,STRICT_ALL_TABLES,NO_ZERO_IN_DATE,NO_ZERO_DATE,ERROR_FOR_DIVISION_BY_ZERO,TRADITIONAL,NO_ENGINE_SUBSTITUTION {{(pid=69665) _check_effective_sql_mode /opt/stack/data/venv/lib/python3.12/site-packages/oslo_db/sqlalchemy/engines.py:397}}
Aug 01 12:43:46.384621 np0000032068 devstack@n-api.service[69664]: DEBUG oslo_db.sqlalchemy.engines [None req-06bba2db-19dd-4f6a-b52b-8e9469732a3c None None] MySQL server mode set to STRICT_TRANS_TABLES,STRICT_ALL_TABLES,NO_ZERO_IN_DATE,NO_ZERO_DATE,ERROR_FOR_DIVISION_BY_ZERO,TRADITIONAL,NO_ENGINE_SUBSTITUTION {{(pid=69664) _check_effective_sql_mode /opt/stack/data/venv/lib/python3.12/site-packages/oslo_db/sqlalchemy/engines.py:397}}
Aug 01 12:43:46.384972 np0000032068 devstack@n-api.service[69664]: DEBUG dbcounter [-] [69664] Writer thread running {{(pid=69664) stat_writer /opt/stack/data/venv/lib/python3.12/site-packages/dbcounter.py:102}}
Aug 01 12:43:46.388506 np0000032068 devstack@n-api.service[69664]: DEBUG dbcounter [-] [69664] Writer thread running {{(pid=69664) stat_writer /opt/stack/data/venv/lib/python3.12/site-packages/dbcounter.py:102}}
Aug 01 12:43:46.389494 np0000032068 devstack@n-api.service[69665]: DEBUG dbcounter [-] [69665] Writer thread running {{(pid=69665) stat_writer /opt/stack/data/venv/lib/python3.12/site-packages/dbcounter.py:102}}
Aug 01 12:43:46.389807 np0000032068 devstack@n-api.service[69665]: DEBUG oslo_db.sqlalchemy.engines [None req-6a66033f-d2c9-41ff-adbe-d48e2d51d6e8 None None] MySQL server mode set to STRICT_TRANS_TABLES,STRICT_ALL_TABLES,NO_ZERO_IN_DATE,NO_ZERO_DATE,ERROR_FOR_DIVISION_BY_ZERO,TRADITIONAL,NO_ENGINE_SUBSTITUTION {{(pid=69665) _check_effective_sql_mode /opt/stack/data/venv/lib/python3.12/site-packages/oslo_db/sqlalchemy/engines.py:397}}
Aug 01 12:43:46.390563 np0000032068 devstack@n-api.service[69664]: INFO dbcounter [None req-06bba2db-19dd-4f6a-b52b-8e9469732a3c None None] Registered counter for database nova_cell0
Aug 01 12:43:46.393639 np0000032068 devstack@n-api.service[69665]: DEBUG dbcounter [-] [69665] Writer thread running {{(pid=69665) stat_writer /opt/stack/data/venv/lib/python3.12/site-packages/dbcounter.py:102}}
Aug 01 12:43:46.395530 np0000032068 devstack@n-api.service[69665]: INFO dbcounter [None req-6a66033f-d2c9-41ff-adbe-d48e2d51d6e8 None None] Registered counter for database nova_cell0
Aug 01 12:43:46.395876 np0000032068 devstack@n-api.service[69664]: DEBUG oslo_db.sqlalchemy.engines [None req-06bba2db-19dd-4f6a-b52b-8e9469732a3c None None] MySQL server mode set to STRICT_TRANS_TABLES,STRICT_ALL_TABLES,NO_ZERO_IN_DATE,NO_ZERO_DATE,ERROR_FOR_DIVISION_BY_ZERO,TRADITIONAL,NO_ENGINE_SUBSTITUTION {{(pid=69664) _check_effective_sql_mode /opt/stack/data/venv/lib/python3.12/site-packages/oslo_db/sqlalchemy/engines.py:397}}
Aug 01 12:43:46.399682 np0000032068 devstack@n-api.service[69664]: DEBUG dbcounter [-] [69664] Writer thread running {{(pid=69664) stat_writer /opt/stack/data/venv/lib/python3.12/site-packages/dbcounter.py:102}}
Aug 01 12:43:46.400542 np0000032068 devstack@n-api.service[69665]: DEBUG oslo_db.sqlalchemy.engines [None req-6a66033f-d2c9-41ff-adbe-d48e2d51d6e8 None None] MySQL server mode set to STRICT_TRANS_TABLES,STRICT_ALL_TABLES,NO_ZERO_IN_DATE,NO_ZERO_DATE,ERROR_FOR_DIVISION_BY_ZERO,TRADITIONAL,NO_ENGINE_SUBSTITUTION {{(pid=69665) _check_effective_sql_mode /opt/stack/data/venv/lib/python3.12/site-packages/oslo_db/sqlalchemy/engines.py:397}}
Aug 01 12:43:46.404120 np0000032068 devstack@n-api.service[69665]: DEBUG dbcounter [-] [69665] Writer thread running {{(pid=69665) stat_writer /opt/stack/data/venv/lib/python3.12/site-packages/dbcounter.py:102}}
Aug 01 12:43:46.726765 np0000032068 devstack@n-api.service[69664]: DEBUG oslo_concurrency.processutils [None req-06bba2db-19dd-4f6a-b52b-8e9469732a3c None None] Running cmd (subprocess): grep -F node.session.scan /sbin/iscsiadm {{(pid=69664) execute /opt/stack/data/venv/lib/python3.12/site-packages/oslo_concurrency/processutils.py:349}}
Aug 01 12:43:46.727929 np0000032068 devstack@n-api.service[69665]: DEBUG oslo_concurrency.processutils [None req-6a66033f-d2c9-41ff-adbe-d48e2d51d6e8 None None] Running cmd (subprocess): grep -F node.session.scan /sbin/iscsiadm {{(pid=69665) execute /opt/stack/data/venv/lib/python3.12/site-packages/oslo_concurrency/processutils.py:349}}
Aug 01 12:43:46.733977 np0000032068 devstack@n-api.service[69664]: DEBUG oslo_concurrency.processutils [None req-06bba2db-19dd-4f6a-b52b-8e9469732a3c None None] CMD "grep -F node.session.scan /sbin/iscsiadm" returned: 0 in 0.007s {{(pid=69664) execute /opt/stack/data/venv/lib/python3.12/site-packages/oslo_concurrency/processutils.py:372}}
Aug 01 12:43:46.734626 np0000032068 devstack@n-api.service[69665]: DEBUG oslo_concurrency.processutils [None req-6a66033f-d2c9-41ff-adbe-d48e2d51d6e8 None None] CMD "grep -F node.session.scan /sbin/iscsiadm" returned: 0 in 0.007s {{(pid=69665) execute /opt/stack/data/venv/lib/python3.12/site-packages/oslo_concurrency/processutils.py:372}}
Aug 01 12:43:47.027422 np0000032068 devstack@n-api.service[69664]: WARNING keystonemiddleware.auth_token [None req-06bba2db-19dd-4f6a-b52b-8e9469732a3c None None] AuthToken middleware is set with keystone_authtoken.service_token_roles_required set to False. This is backwards compatible but deprecated behaviour. Please set this to True.
Aug 01 12:43:47.027616 np0000032068 devstack@n-api.service[69665]: WARNING keystonemiddleware.auth_token [None req-6a66033f-d2c9-41ff-adbe-d48e2d51d6e8 None None] AuthToken middleware is set with keystone_authtoken.service_token_roles_required set to False. This is backwards compatible but deprecated behaviour. Please set this to True.
Aug 01 12:43:47.030914 np0000032068 devstack@n-api.service[69664]: WARNING keystonemiddleware.auth_token [None req-06bba2db-19dd-4f6a-b52b-8e9469732a3c None None] Configuring www_authenticate_uri to point to the public identity endpoint is required; clients may not be able to authenticate against an admin endpoint
Aug 01 12:43:47.031002 np0000032068 devstack@n-api.service[69665]: WARNING keystonemiddleware.auth_token [None req-6a66033f-d2c9-41ff-adbe-d48e2d51d6e8 None None] Configuring www_authenticate_uri to point to the public identity endpoint is required; clients may not be able to authenticate against an admin endpoint
Aug 01 12:43:47.187783 np0000032068 devstack@n-api.service[69664]: WARNING keystonemiddleware.auth_token [None req-06bba2db-19dd-4f6a-b52b-8e9469732a3c None None] AuthToken middleware is set with keystone_authtoken.service_token_roles_required set to False. This is backwards compatible but deprecated behaviour. Please set this to True.
Aug 01 12:43:47.189637 np0000032068 devstack@n-api.service[69665]: WARNING keystonemiddleware.auth_token [None req-6a66033f-d2c9-41ff-adbe-d48e2d51d6e8 None None] AuthToken middleware is set with keystone_authtoken.service_token_roles_required set to False. This is backwards compatible but deprecated behaviour. Please set this to True.
Aug 01 12:43:47.190640 np0000032068 devstack@n-api.service[69664]: WARNING keystonemiddleware.auth_token [None req-06bba2db-19dd-4f6a-b52b-8e9469732a3c None None] Configuring www_authenticate_uri to point to the public identity endpoint is required; clients may not be able to authenticate against an admin endpoint
Aug 01 12:43:47.192111 np0000032068 devstack@n-api.service[69665]: WARNING keystonemiddleware.auth_token [None req-6a66033f-d2c9-41ff-adbe-d48e2d51d6e8 None None] Configuring www_authenticate_uri to point to the public identity endpoint is required; clients may not be able to authenticate against an admin endpoint
Aug 01 12:43:47.192640 np0000032068 devstack@n-api.service[69664]: WSGI app 0 (mountpoint='') ready in 3 seconds on interpreter 0x795dbb0a39e8 pid: 69664 (default app)
Aug 01 12:43:47.193609 np0000032068 devstack@n-api.service[69664]: DEBUG nova.api.openstack.wsgi [None req-06bba2db-19dd-4f6a-b52b-8e9469732a3c None None] Calling method '<bound method VersionsV2.index of <nova.api.openstack.compute.versions.VersionsV2 object at 0x795db487ccb0>>' {{(pid=69664) _process_stack /opt/stack/nova/nova/api/openstack/wsgi.py:552}}
Aug 01 12:43:47.193968 np0000032068 devstack@n-api.service[69665]: WSGI app 0 (mountpoint='') ready in 3 seconds on interpreter 0x795dbb0a39e8 pid: 69665 (default app)
Aug 01 12:43:47.196293 np0000032068 devstack@n-api.service[69664]: INFO nova.api.openstack.requestlog [None req-06bba2db-19dd-4f6a-b52b-8e9469732a3c None None] 192.168.1.134 "GET /compute/v2.1/" status: 200 len: 391 microversion: 2.1 time: 0.002908
Aug 01 12:43:47.196523 np0000032068 devstack@n-api.service[69664]: [pid: 69664|app: 0|req: 1/1] 192.168.1.134 () {50 vars in 771 bytes} [Fri Aug  1 12:43:47 2025] GET /compute/v2.1/ => generated 391 bytes in 3 msecs (HTTP/1.1 200) 9 headers in 357 bytes (1 switches on core 0)
Aug 01 12:44:21.856401 np0000032068 devstack@n-api.service[69665]: DEBUG nova.api.openstack.wsgi [None req-6a66033f-d2c9-41ff-adbe-d48e2d51d6e8 None None] Calling method '<bound method VersionsV2.index of <nova.api.openstack.compute.versions.VersionsV2 object at 0x795db48d41a0>>' {{(pid=69665) _process_stack /opt/stack/nova/nova/api/openstack/wsgi.py:552}}
Aug 01 12:44:21.859211 np0000032068 devstack@n-api.service[69665]: INFO nova.api.openstack.requestlog [None req-6a66033f-d2c9-41ff-adbe-d48e2d51d6e8 None None] 192.168.1.134 "GET /compute/v2.1" status: 200 len: 392 microversion: 2.1 time: 0.003111
Aug 01 12:44:21.859492 np0000032068 devstack@n-api.service[69665]: [pid: 69665|app: 0|req: 1/2] 192.168.1.134 () {62 vars in 1056 bytes} [Fri Aug  1 12:44:21 2025] GET /compute/v2.1 => generated 392 bytes in 4 msecs (HTTP/1.1 200) 9 headers in 357 bytes (1 switches on core 0)
Aug 01 12:44:21.867646 np0000032068 devstack@n-api.service[69664]: DEBUG dbcounter [-] [69664] Writing DB stats nova_api:SELECT=1 {{(pid=69664) stat_writer /opt/stack/data/venv/lib/python3.12/site-packages/dbcounter.py:115}}
Aug 01 12:44:21.868137 np0000032068 devstack@n-api.service[69664]: DEBUG dbcounter [-] [69664] Writing DB stats nova_cell0:SELECT=1 {{(pid=69664) stat_writer /opt/stack/data/venv/lib/python3.12/site-packages/dbcounter.py:115}}
Aug 01 12:44:21.868485 np0000032068 devstack@n-api.service[69664]: DEBUG dbcounter [-] [69664] Writing DB stats nova_cell1:SELECT=1 {{(pid=69664) stat_writer /opt/stack/data/venv/lib/python3.12/site-packages/dbcounter.py:115}}
Aug 01 12:44:21.868775 np0000032068 devstack@n-api.service[69664]: DEBUG dbcounter [-] [69664] Writing DB stats nova_cell0:SELECT=2,nova_cell0:INSERT=1 {{(pid=69664) stat_writer /opt/stack/data/venv/lib/python3.12/site-packages/dbcounter.py:115}}
Aug 01 12:44:21.975799 np0000032068 devstack@n-api.service[69664]: DEBUG nova.api.openstack.wsgi [None req-ac0b7d89-e712-47c0-bc02-e613eb794bd7 admin admin] Calling method '<bound method FlavorsController.detail of <nova.api.openstack.compute.flavors.FlavorsController object at 0x795db425e540>>' {{(pid=69664) _process_stack /opt/stack/nova/nova/api/openstack/wsgi.py:552}}
Aug 01 12:44:21.991850 np0000032068 devstack@n-api.service[69664]: INFO nova.api.openstack.requestlog [None req-ac0b7d89-e712-47c0-bc02-e613eb794bd7 admin admin] 192.168.1.134 "GET /compute/v2.1/flavors/detail?is_public=True" status: 200 len: 15 microversion: 2.61 time: 0.127183
Aug 01 12:44:21.992081 np0000032068 devstack@n-api.service[69664]: [pid: 69664|app: 0|req: 2/3] 192.168.1.134 () {68 vars in 1417 bytes} [Fri Aug  1 12:44:21 2025] GET /compute/v2.1/flavors/detail?is_public=True => generated 15 bytes in 127 msecs (HTTP/1.1 200) 9 headers in 358 bytes (1 switches on core 0)
Aug 01 12:44:22.076757 np0000032068 devstack@n-api.service[69665]: DEBUG dbcounter [-] [69665] Writing DB stats nova_api:SELECT=1 {{(pid=69665) stat_writer /opt/stack/data/venv/lib/python3.12/site-packages/dbcounter.py:115}}
Aug 01 12:44:22.077251 np0000032068 devstack@n-api.service[69665]: DEBUG dbcounter [-] [69665] Writing DB stats nova_cell1:SELECT=1 {{(pid=69665) stat_writer /opt/stack/data/venv/lib/python3.12/site-packages/dbcounter.py:115}}
Aug 01 12:44:22.077597 np0000032068 devstack@n-api.service[69665]: DEBUG dbcounter [-] [69665] Writing DB stats nova_cell0:SELECT=1 {{(pid=69665) stat_writer /opt/stack/data/venv/lib/python3.12/site-packages/dbcounter.py:115}}
Aug 01 12:44:22.077870 np0000032068 devstack@n-api.service[69665]: DEBUG dbcounter [-] [69665] Writing DB stats nova_cell0:SELECT=2,nova_cell0:INSERT=1 {{(pid=69665) stat_writer /opt/stack/data/venv/lib/python3.12/site-packages/dbcounter.py:115}}
Aug 01 12:44:22.134153 np0000032068 devstack@n-api.service[69665]: DEBUG nova.api.openstack.wsgi [None req-bed7a894-f332-42d6-8ba2-0e25fc292c4f admin admin] Action: 'create', calling method: <bound method FlavorsController.create of <nova.api.openstack.compute.flavors.FlavorsController object at 0x795db425e1b0>>, body: {"flavor": {"rxtx_factor": 1.0, "id": "c1", "vcpus": 1, "disk": 1, "ram": 256, "OS-FLV-EXT-DATA:ephemeral": 0, "os-flavor-access:is_public": true, "name": "cirros256", "swap": 0}} {{(pid=69665) _process_stack /opt/stack/nova/nova/api/openstack/wsgi.py:550}}
Aug 01 12:44:22.169559 np0000032068 devstack@n-api.service[69665]: INFO nova.api.openstack.requestlog [None req-bed7a894-f332-42d6-8ba2-0e25fc292c4f admin admin] 192.168.1.134 "POST /compute/v2.1/flavors" status: 200 len: 413 microversion: 2.61 time: 0.095724
Aug 01 12:44:22.169789 np0000032068 devstack@n-api.service[69665]: [pid: 69665|app: 0|req: 2/4] 192.168.1.134 () {72 vars in 1408 bytes} [Fri Aug  1 12:44:22 2025] POST /compute/v2.1/flavors => generated 413 bytes in 96 msecs (HTTP/1.1 200) 9 headers in 359 bytes (1 switches on core 0)
Aug 01 12:44:22.178110 np0000032068 devstack@n-api.service[69664]: DEBUG nova.api.openstack.wsgi [None req-7d14e6a2-6bfd-43d5-8148-8345f9af60e7 admin admin] Action: 'create', calling method: <bound method FlavorExtraSpecsController.create of <nova.api.openstack.compute.flavors_extraspecs.FlavorExtraSpecsController object at 0x795db425ec90>>, body: {"extra_specs": {"hw_rng:allowed": "True"}} {{(pid=69664) _process_stack /opt/stack/nova/nova/api/openstack/wsgi.py:550}}
Aug 01 12:44:22.200029 np0000032068 devstack@n-api.service[69664]: INFO nova.api.openstack.requestlog [None req-7d14e6a2-6bfd-43d5-8148-8345f9af60e7 admin admin] 192.168.1.134 "POST /compute/v2.1/flavors/c1/os-extra_specs" status: 200 len: 43 microversion: 2.61 time: 0.023642
Aug 01 12:44:22.200366 np0000032068 devstack@n-api.service[69664]: [pid: 69664|app: 0|req: 3/5] 192.168.1.134 () {72 vars in 1461 bytes} [Fri Aug  1 12:44:22 2025] POST /compute/v2.1/flavors/c1/os-extra_specs => generated 43 bytes in 24 msecs (HTTP/1.1 200) 9 headers in 358 bytes (2 switches on core 0)
Aug 01 12:44:22.285753 np0000032068 devstack@n-api.service[69665]: DEBUG nova.api.openstack.wsgi [None req-af3aecae-4c80-41ad-8a94-0758822e9bcb admin admin] Action: 'create', calling method: <bound method FlavorsController.create of <nova.api.openstack.compute.flavors.FlavorsController object at 0x795db425e1b0>>, body: {"flavor": {"rxtx_factor": 1.0, "id": "d1", "vcpus": 1, "disk": 5, "ram": 512, "OS-FLV-EXT-DATA:ephemeral": 0, "os-flavor-access:is_public": true, "name": "ds512M", "swap": 0}} {{(pid=69665) _process_stack /opt/stack/nova/nova/api/openstack/wsgi.py:550}}
Aug 01 12:44:22.300803 np0000032068 devstack@n-api.service[69665]: INFO nova.api.openstack.requestlog [None req-af3aecae-4c80-41ad-8a94-0758822e9bcb admin admin] 192.168.1.134 "POST /compute/v2.1/flavors" status: 200 len: 410 microversion: 2.61 time: 0.016571
Aug 01 12:44:22.301078 np0000032068 devstack@n-api.service[69665]: [pid: 69665|app: 0|req: 3/6] 192.168.1.134 () {72 vars in 1408 bytes} [Fri Aug  1 12:44:22 2025] POST /compute/v2.1/flavors => generated 410 bytes in 17 msecs (HTTP/1.1 200) 9 headers in 359 bytes (1 switches on core 0)
Aug 01 12:44:22.311267 np0000032068 devstack@n-api.service[69664]: DEBUG nova.api.openstack.wsgi [None req-d3bf404a-42d5-488e-b633-1229371eee7e admin admin] Action: 'create', calling method: <bound method FlavorExtraSpecsController.create of <nova.api.openstack.compute.flavors_extraspecs.FlavorExtraSpecsController object at 0x795db425ec90>>, body: {"extra_specs": {"hw_rng:allowed": "True"}} {{(pid=69664) _process_stack /opt/stack/nova/nova/api/openstack/wsgi.py:550}}
Aug 01 12:44:22.327509 np0000032068 devstack@n-api.service[69664]: INFO nova.api.openstack.requestlog [None req-d3bf404a-42d5-488e-b633-1229371eee7e admin admin] 192.168.1.134 "POST /compute/v2.1/flavors/d1/os-extra_specs" status: 200 len: 43 microversion: 2.61 time: 0.017888
Aug 01 12:44:22.327740 np0000032068 devstack@n-api.service[69664]: [pid: 69664|app: 0|req: 4/7] 192.168.1.134 () {72 vars in 1461 bytes} [Fri Aug  1 12:44:22 2025] POST /compute/v2.1/flavors/d1/os-extra_specs => generated 43 bytes in 18 msecs (HTTP/1.1 200) 9 headers in 358 bytes (1 switches on core 0)
Aug 01 12:44:22.415827 np0000032068 devstack@n-api.service[69665]: DEBUG nova.api.openstack.wsgi [None req-e72756d1-1fe7-4895-912f-26a557952b31 admin admin] Action: 'create', calling method: <bound method FlavorsController.create of <nova.api.openstack.compute.flavors.FlavorsController object at 0x795db425e1b0>>, body: {"flavor": {"rxtx_factor": 1.0, "id": "d2", "vcpus": 1, "disk": 10, "ram": 1024, "OS-FLV-EXT-DATA:ephemeral": 0, "os-flavor-access:is_public": true, "name": "ds1G", "swap": 0}} {{(pid=69665) _process_stack /opt/stack/nova/nova/api/openstack/wsgi.py:550}}
Aug 01 12:44:22.426541 np0000032068 devstack@n-api.service[69665]: INFO nova.api.openstack.requestlog [None req-e72756d1-1fe7-4895-912f-26a557952b31 admin admin] 192.168.1.134 "POST /compute/v2.1/flavors" status: 200 len: 410 microversion: 2.61 time: 0.013278
Aug 01 12:44:22.426773 np0000032068 devstack@n-api.service[69665]: [pid: 69665|app: 0|req: 4/8] 192.168.1.134 () {72 vars in 1408 bytes} [Fri Aug  1 12:44:22 2025] POST /compute/v2.1/flavors => generated 410 bytes in 14 msecs (HTTP/1.1 200) 9 headers in 359 bytes (1 switches on core 0)
Aug 01 12:44:22.436069 np0000032068 devstack@n-api.service[69664]: DEBUG nova.api.openstack.wsgi [None req-b52db31f-50be-4631-afa8-e05bb6fb83dc admin admin] Action: 'create', calling method: <bound method FlavorExtraSpecsController.create of <nova.api.openstack.compute.flavors_extraspecs.FlavorExtraSpecsController object at 0x795db425ec90>>, body: {"extra_specs": {"hw_rng:allowed": "True"}} {{(pid=69664) _process_stack /opt/stack/nova/nova/api/openstack/wsgi.py:550}}
Aug 01 12:44:22.449096 np0000032068 devstack@n-api.service[69664]: INFO nova.api.openstack.requestlog [None req-b52db31f-50be-4631-afa8-e05bb6fb83dc admin admin] 192.168.1.134 "POST /compute/v2.1/flavors/d2/os-extra_specs" status: 200 len: 43 microversion: 2.61 time: 0.014497
Aug 01 12:44:22.449354 np0000032068 devstack@n-api.service[69664]: [pid: 69664|app: 0|req: 5/9] 192.168.1.134 () {72 vars in 1461 bytes} [Fri Aug  1 12:44:22 2025] POST /compute/v2.1/flavors/d2/os-extra_specs => generated 43 bytes in 15 msecs (HTTP/1.1 200) 9 headers in 358 bytes (1 switches on core 0)
Aug 01 12:44:22.530447 np0000032068 devstack@n-api.service[69665]: DEBUG nova.api.openstack.wsgi [None req-2deff58a-e1d5-49f8-8895-d8e895201ddf admin admin] Action: 'create', calling method: <bound method FlavorsController.create of <nova.api.openstack.compute.flavors.FlavorsController object at 0x795db425e1b0>>, body: {"flavor": {"rxtx_factor": 1.0, "id": "d3", "vcpus": 2, "disk": 10, "ram": 2048, "OS-FLV-EXT-DATA:ephemeral": 0, "os-flavor-access:is_public": true, "name": "ds2G", "swap": 0}} {{(pid=69665) _process_stack /opt/stack/nova/nova/api/openstack/wsgi.py:550}}
Aug 01 12:44:22.542419 np0000032068 devstack@n-api.service[69665]: INFO nova.api.openstack.requestlog [None req-2deff58a-e1d5-49f8-8895-d8e895201ddf admin admin] 192.168.1.134 "POST /compute/v2.1/flavors" status: 200 len: 410 microversion: 2.61 time: 0.013457
Aug 01 12:44:22.542728 np0000032068 devstack@n-api.service[69665]: [pid: 69665|app: 0|req: 5/10] 192.168.1.134 () {72 vars in 1408 bytes} [Fri Aug  1 12:44:22 2025] POST /compute/v2.1/flavors => generated 410 bytes in 14 msecs (HTTP/1.1 200) 9 headers in 359 bytes (1 switches on core 0)
Aug 01 12:44:22.550574 np0000032068 devstack@n-api.service[69664]: DEBUG nova.api.openstack.wsgi [None req-73e2d6e5-d91c-4bb2-84fe-2fe33dd4715b admin admin] Action: 'create', calling method: <bound method FlavorExtraSpecsController.create of <nova.api.openstack.compute.flavors_extraspecs.FlavorExtraSpecsController object at 0x795db425ec90>>, body: {"extra_specs": {"hw_rng:allowed": "True"}} {{(pid=69664) _process_stack /opt/stack/nova/nova/api/openstack/wsgi.py:550}}
Aug 01 12:44:22.563225 np0000032068 devstack@n-api.service[69664]: INFO nova.api.openstack.requestlog [None req-73e2d6e5-d91c-4bb2-84fe-2fe33dd4715b admin admin] 192.168.1.134 "POST /compute/v2.1/flavors/d3/os-extra_specs" status: 200 len: 43 microversion: 2.61 time: 0.014254
Aug 01 12:44:22.563225 np0000032068 devstack@n-api.service[69664]: [pid: 69664|app: 0|req: 6/11] 192.168.1.134 () {72 vars in 1461 bytes} [Fri Aug  1 12:44:22 2025] POST /compute/v2.1/flavors/d3/os-extra_specs => generated 43 bytes in 15 msecs (HTTP/1.1 200) 9 headers in 358 bytes (1 switches on core 0)
Aug 01 12:44:22.641864 np0000032068 devstack@n-api.service[69665]: DEBUG nova.api.openstack.wsgi [None req-f974d395-b28a-4a1c-b423-78b64883d594 admin admin] Action: 'create', calling method: <bound method FlavorsController.create of <nova.api.openstack.compute.flavors.FlavorsController object at 0x795db425e1b0>>, body: {"flavor": {"rxtx_factor": 1.0, "id": "d4", "vcpus": 4, "disk": 20, "ram": 4096, "OS-FLV-EXT-DATA:ephemeral": 0, "os-flavor-access:is_public": true, "name": "ds4G", "swap": 0}} {{(pid=69665) _process_stack /opt/stack/nova/nova/api/openstack/wsgi.py:550}}
Aug 01 12:44:22.651814 np0000032068 devstack@n-api.service[69665]: INFO nova.api.openstack.requestlog [None req-f974d395-b28a-4a1c-b423-78b64883d594 admin admin] 192.168.1.134 "POST /compute/v2.1/flavors" status: 200 len: 410 microversion: 2.61 time: 0.011500
Aug 01 12:44:22.652030 np0000032068 devstack@n-api.service[69665]: [pid: 69665|app: 0|req: 6/12] 192.168.1.134 () {72 vars in 1408 bytes} [Fri Aug  1 12:44:22 2025] POST /compute/v2.1/flavors => generated 410 bytes in 12 msecs (HTTP/1.1 200) 9 headers in 359 bytes (1 switches on core 0)
Aug 01 12:44:22.660286 np0000032068 devstack@n-api.service[69664]: DEBUG nova.api.openstack.wsgi [None req-029dc885-b330-44af-bd5a-92463577e217 admin admin] Action: 'create', calling method: <bound method FlavorExtraSpecsController.create of <nova.api.openstack.compute.flavors_extraspecs.FlavorExtraSpecsController object at 0x795db425ec90>>, body: {"extra_specs": {"hw_rng:allowed": "True"}} {{(pid=69664) _process_stack /opt/stack/nova/nova/api/openstack/wsgi.py:550}}
Aug 01 12:44:22.672405 np0000032068 devstack@n-api.service[69664]: INFO nova.api.openstack.requestlog [None req-029dc885-b330-44af-bd5a-92463577e217 admin admin] 192.168.1.134 "POST /compute/v2.1/flavors/d4/os-extra_specs" status: 200 len: 43 microversion: 2.61 time: 0.013557
Aug 01 12:44:22.672633 np0000032068 devstack@n-api.service[69664]: [pid: 69664|app: 0|req: 7/13] 192.168.1.134 () {72 vars in 1461 bytes} [Fri Aug  1 12:44:22 2025] POST /compute/v2.1/flavors/d4/os-extra_specs => generated 43 bytes in 14 msecs (HTTP/1.1 200) 9 headers in 358 bytes (1 switches on core 0)
Aug 01 12:44:22.758578 np0000032068 devstack@n-api.service[69665]: DEBUG nova.api.openstack.wsgi [None req-c476a49d-e560-4a75-821e-bc3698f49fad admin admin] Calling method '<bound method FlavorsController.detail of <nova.api.openstack.compute.flavors.FlavorsController object at 0x795db425e300>>' {{(pid=69665) _process_stack /opt/stack/nova/nova/api/openstack/wsgi.py:552}}
Aug 01 12:44:22.772742 np0000032068 devstack@n-api.service[69665]: INFO nova.api.openstack.requestlog [None req-c476a49d-e560-4a75-821e-bc3698f49fad admin admin] 192.168.1.134 "GET /compute/v2.1/flavors/detail?is_public=True" status: 200 len: 2136 microversion: 2.61 time: 0.015617
Aug 01 12:44:22.772966 np0000032068 devstack@n-api.service[69665]: [pid: 69665|app: 0|req: 7/14] 192.168.1.134 () {68 vars in 1417 bytes} [Fri Aug  1 12:44:22 2025] GET /compute/v2.1/flavors/detail?is_public=True => generated 2136 bytes in 16 msecs (HTTP/1.1 200) 9 headers in 360 bytes (1 switches on core 0)
Aug 01 12:44:22.856168 np0000032068 devstack@n-api.service[69664]: DEBUG nova.api.openstack.wsgi [None req-a2739285-434b-4746-8ffa-9bb5163ca111 admin admin] Action: 'create', calling method: <bound method FlavorsController.create of <nova.api.openstack.compute.flavors.FlavorsController object at 0x795db425e3f0>>, body: {"flavor": {"rxtx_factor": 1.0, "id": "1", "vcpus": 1, "disk": 1, "ram": 512, "OS-FLV-EXT-DATA:ephemeral": 0, "os-flavor-access:is_public": true, "name": "m1.tiny", "swap": 0}} {{(pid=69664) _process_stack /opt/stack/nova/nova/api/openstack/wsgi.py:550}}
Aug 01 12:44:22.875041 np0000032068 devstack@n-api.service[69664]: INFO nova.api.openstack.requestlog [None req-a2739285-434b-4746-8ffa-9bb5163ca111 admin admin] 192.168.1.134 "POST /compute/v2.1/flavors" status: 200 len: 408 microversion: 2.61 time: 0.019922
Aug 01 12:44:22.875041 np0000032068 devstack@n-api.service[69664]: [pid: 69664|app: 0|req: 8/15] 192.168.1.134 () {72 vars in 1408 bytes} [Fri Aug  1 12:44:22 2025] POST /compute/v2.1/flavors => generated 408 bytes in 20 msecs (HTTP/1.1 200) 9 headers in 359 bytes (1 switches on core 0)
Aug 01 12:44:22.883899 np0000032068 devstack@n-api.service[69665]: DEBUG nova.api.openstack.wsgi [None req-0ea6812a-1baa-4a4f-9f34-c60ab014736b admin admin] Action: 'create', calling method: <bound method FlavorExtraSpecsController.create of <nova.api.openstack.compute.flavors_extraspecs.FlavorExtraSpecsController object at 0x795db425ea50>>, body: {"extra_specs": {"hw_rng:allowed": "True"}} {{(pid=69665) _process_stack /opt/stack/nova/nova/api/openstack/wsgi.py:550}}
Aug 01 12:44:22.903546 np0000032068 devstack@n-api.service[69665]: INFO nova.api.openstack.requestlog [None req-0ea6812a-1baa-4a4f-9f34-c60ab014736b admin admin] 192.168.1.134 "POST /compute/v2.1/flavors/1/os-extra_specs" status: 200 len: 43 microversion: 2.61 time: 0.021242
Aug 01 12:44:22.903842 np0000032068 devstack@n-api.service[69665]: [pid: 69665|app: 0|req: 8/16] 192.168.1.134 () {72 vars in 1458 bytes} [Fri Aug  1 12:44:22 2025] POST /compute/v2.1/flavors/1/os-extra_specs => generated 43 bytes in 22 msecs (HTTP/1.1 200) 9 headers in 358 bytes (1 switches on core 0)
Aug 01 12:44:22.987382 np0000032068 devstack@n-api.service[69664]: DEBUG nova.api.openstack.wsgi [None req-48e0f650-6479-4b63-92d3-51b51eb5a15e admin admin] Action: 'create', calling method: <bound method FlavorsController.create of <nova.api.openstack.compute.flavors.FlavorsController object at 0x795db425e3f0>>, body: {"flavor": {"rxtx_factor": 1.0, "id": "2", "vcpus": 1, "disk": 20, "ram": 2048, "OS-FLV-EXT-DATA:ephemeral": 0, "os-flavor-access:is_public": true, "name": "m1.small", "swap": 0}} {{(pid=69664) _process_stack /opt/stack/nova/nova/api/openstack/wsgi.py:550}}
Aug 01 12:44:22.998378 np0000032068 devstack@n-api.service[69664]: INFO nova.api.openstack.requestlog [None req-48e0f650-6479-4b63-92d3-51b51eb5a15e admin admin] 192.168.1.134 "POST /compute/v2.1/flavors" status: 200 len: 411 microversion: 2.61 time: 0.012473
Aug 01 12:44:22.998614 np0000032068 devstack@n-api.service[69664]: [pid: 69664|app: 0|req: 9/17] 192.168.1.134 () {72 vars in 1408 bytes} [Fri Aug  1 12:44:22 2025] POST /compute/v2.1/flavors => generated 411 bytes in 13 msecs (HTTP/1.1 200) 9 headers in 359 bytes (1 switches on core 0)
Aug 01 12:44:23.006171 np0000032068 devstack@n-api.service[69665]: DEBUG nova.api.openstack.wsgi [None req-f8cc3058-f8f4-4fae-ac00-fc8c765e198c admin admin] Action: 'create', calling method: <bound method FlavorExtraSpecsController.create of <nova.api.openstack.compute.flavors_extraspecs.FlavorExtraSpecsController object at 0x795db425ea50>>, body: {"extra_specs": {"hw_rng:allowed": "True"}} {{(pid=69665) _process_stack /opt/stack/nova/nova/api/openstack/wsgi.py:550}}
Aug 01 12:44:23.017805 np0000032068 devstack@n-api.service[69665]: INFO nova.api.openstack.requestlog [None req-f8cc3058-f8f4-4fae-ac00-fc8c765e198c admin admin] 192.168.1.134 "POST /compute/v2.1/flavors/2/os-extra_specs" status: 200 len: 43 microversion: 2.61 time: 0.013080
Aug 01 12:44:23.018161 np0000032068 devstack@n-api.service[69665]: [pid: 69665|app: 0|req: 9/18] 192.168.1.134 () {72 vars in 1458 bytes} [Fri Aug  1 12:44:23 2025] POST /compute/v2.1/flavors/2/os-extra_specs => generated 43 bytes in 13 msecs (HTTP/1.1 200) 9 headers in 358 bytes (1 switches on core 0)
Aug 01 12:44:23.094410 np0000032068 devstack@n-api.service[69664]: DEBUG nova.api.openstack.wsgi [None req-ad944b82-5ee9-4aa4-b9c0-112678a00b51 admin admin] Action: 'create', calling method: <bound method FlavorsController.create of <nova.api.openstack.compute.flavors.FlavorsController object at 0x795db425e3f0>>, body: {"flavor": {"rxtx_factor": 1.0, "id": "3", "vcpus": 2, "disk": 40, "ram": 4096, "OS-FLV-EXT-DATA:ephemeral": 0, "os-flavor-access:is_public": true, "name": "m1.medium", "swap": 0}} {{(pid=69664) _process_stack /opt/stack/nova/nova/api/openstack/wsgi.py:550}}
Aug 01 12:44:23.105592 np0000032068 devstack@n-api.service[69664]: INFO nova.api.openstack.requestlog [None req-ad944b82-5ee9-4aa4-b9c0-112678a00b51 admin admin] 192.168.1.134 "POST /compute/v2.1/flavors" status: 200 len: 412 microversion: 2.61 time: 0.012662
Aug 01 12:44:23.105832 np0000032068 devstack@n-api.service[69664]: [pid: 69664|app: 0|req: 10/19] 192.168.1.134 () {72 vars in 1408 bytes} [Fri Aug  1 12:44:23 2025] POST /compute/v2.1/flavors => generated 412 bytes in 13 msecs (HTTP/1.1 200) 9 headers in 359 bytes (1 switches on core 0)
Aug 01 12:44:23.113372 np0000032068 devstack@n-api.service[69665]: DEBUG nova.api.openstack.wsgi [None req-9c7646a5-7241-4f5b-a7de-22723d9677d2 admin admin] Action: 'create', calling method: <bound method FlavorExtraSpecsController.create of <nova.api.openstack.compute.flavors_extraspecs.FlavorExtraSpecsController object at 0x795db425ea50>>, body: {"extra_specs": {"hw_rng:allowed": "True"}} {{(pid=69665) _process_stack /opt/stack/nova/nova/api/openstack/wsgi.py:550}}
Aug 01 12:44:23.125276 np0000032068 devstack@n-api.service[69665]: INFO nova.api.openstack.requestlog [None req-9c7646a5-7241-4f5b-a7de-22723d9677d2 admin admin] 192.168.1.134 "POST /compute/v2.1/flavors/3/os-extra_specs" status: 200 len: 43 microversion: 2.61 time: 0.013322
Aug 01 12:44:23.125642 np0000032068 devstack@n-api.service[69665]: [pid: 69665|app: 0|req: 10/20] 192.168.1.134 () {72 vars in 1458 bytes} [Fri Aug  1 12:44:23 2025] POST /compute/v2.1/flavors/3/os-extra_specs => generated 43 bytes in 14 msecs (HTTP/1.1 200) 9 headers in 358 bytes (1 switches on core 0)
Aug 01 12:44:23.203139 np0000032068 devstack@n-api.service[69664]: DEBUG nova.api.openstack.wsgi [None req-e18059ba-3c3b-49d0-a35c-1b608297a6e5 admin admin] Action: 'create', calling method: <bound method FlavorsController.create of <nova.api.openstack.compute.flavors.FlavorsController object at 0x795db425e3f0>>, body: {"flavor": {"rxtx_factor": 1.0, "id": "4", "vcpus": 4, "disk": 80, "ram": 8192, "OS-FLV-EXT-DATA:ephemeral": 0, "os-flavor-access:is_public": true, "name": "m1.large", "swap": 0}} {{(pid=69664) _process_stack /opt/stack/nova/nova/api/openstack/wsgi.py:550}}
Aug 01 12:44:23.213866 np0000032068 devstack@n-api.service[69664]: INFO nova.api.openstack.requestlog [None req-e18059ba-3c3b-49d0-a35c-1b608297a6e5 admin admin] 192.168.1.134 "POST /compute/v2.1/flavors" status: 200 len: 411 microversion: 2.61 time: 0.012206
Aug 01 12:44:23.214102 np0000032068 devstack@n-api.service[69664]: [pid: 69664|app: 0|req: 11/21] 192.168.1.134 () {72 vars in 1408 bytes} [Fri Aug  1 12:44:23 2025] POST /compute/v2.1/flavors => generated 411 bytes in 12 msecs (HTTP/1.1 200) 9 headers in 359 bytes (1 switches on core 0)
Aug 01 12:44:23.221610 np0000032068 devstack@n-api.service[69665]: DEBUG nova.api.openstack.wsgi [None req-1c353b3c-b015-42dc-8733-3f0fc9812871 admin admin] Action: 'create', calling method: <bound method FlavorExtraSpecsController.create of <nova.api.openstack.compute.flavors_extraspecs.FlavorExtraSpecsController object at 0x795db425ea50>>, body: {"extra_specs": {"hw_rng:allowed": "True"}} {{(pid=69665) _process_stack /opt/stack/nova/nova/api/openstack/wsgi.py:550}}
Aug 01 12:44:23.233363 np0000032068 devstack@n-api.service[69665]: INFO nova.api.openstack.requestlog [None req-1c353b3c-b015-42dc-8733-3f0fc9812871 admin admin] 192.168.1.134 "POST /compute/v2.1/flavors/4/os-extra_specs" status: 200 len: 43 microversion: 2.61 time: 0.013201
Aug 01 12:44:23.233654 np0000032068 devstack@n-api.service[69665]: [pid: 69665|app: 0|req: 11/22] 192.168.1.134 () {72 vars in 1458 bytes} [Fri Aug  1 12:44:23 2025] POST /compute/v2.1/flavors/4/os-extra_specs => generated 43 bytes in 14 msecs (HTTP/1.1 200) 9 headers in 358 bytes (1 switches on core 0)
Aug 01 12:44:23.313441 np0000032068 devstack@n-api.service[69664]: DEBUG nova.api.openstack.wsgi [None req-2860d0dd-745d-41a5-b442-4ed8e89d1eb3 admin admin] Action: 'create', calling method: <bound method FlavorsController.create of <nova.api.openstack.compute.flavors.FlavorsController object at 0x795db425e3f0>>, body: {"flavor": {"rxtx_factor": 1.0, "id": "5", "vcpus": 8, "disk": 160, "ram": 16384, "OS-FLV-EXT-DATA:ephemeral": 0, "os-flavor-access:is_public": true, "name": "m1.xlarge", "swap": 0}} {{(pid=69664) _process_stack /opt/stack/nova/nova/api/openstack/wsgi.py:550}}
Aug 01 12:44:23.324446 np0000032068 devstack@n-api.service[69664]: INFO nova.api.openstack.requestlog [None req-2860d0dd-745d-41a5-b442-4ed8e89d1eb3 admin admin] 192.168.1.134 "POST /compute/v2.1/flavors" status: 200 len: 414 microversion: 2.61 time: 0.012470
Aug 01 12:44:23.324643 np0000032068 devstack@n-api.service[69664]: [pid: 69664|app: 0|req: 12/23] 192.168.1.134 () {72 vars in 1408 bytes} [Fri Aug  1 12:44:23 2025] POST /compute/v2.1/flavors => generated 414 bytes in 13 msecs (HTTP/1.1 200) 9 headers in 359 bytes (1 switches on core 0)
Aug 01 12:44:23.332255 np0000032068 devstack@n-api.service[69665]: DEBUG nova.api.openstack.wsgi [None req-ad783bd4-80e8-4671-b13e-501044364572 admin admin] Action: 'create', calling method: <bound method FlavorExtraSpecsController.create of <nova.api.openstack.compute.flavors_extraspecs.FlavorExtraSpecsController object at 0x795db425ea50>>, body: {"extra_specs": {"hw_rng:allowed": "True"}} {{(pid=69665) _process_stack /opt/stack/nova/nova/api/openstack/wsgi.py:550}}
Aug 01 12:44:23.345999 np0000032068 devstack@n-api.service[69665]: INFO nova.api.openstack.requestlog [None req-ad783bd4-80e8-4671-b13e-501044364572 admin admin] 192.168.1.134 "POST /compute/v2.1/flavors/5/os-extra_specs" status: 200 len: 43 microversion: 2.61 time: 0.015184
Aug 01 12:44:23.346434 np0000032068 devstack@n-api.service[69665]: [pid: 69665|app: 0|req: 12/24] 192.168.1.134 () {72 vars in 1458 bytes} [Fri Aug  1 12:44:23 2025] POST /compute/v2.1/flavors/5/os-extra_specs => generated 43 bytes in 16 msecs (HTTP/1.1 200) 9 headers in 358 bytes (1 switches on core 0)
Aug 01 12:44:46.335910 np0000032068 devstack@n-api.service[69664]: DEBUG nova.api.openstack.wsgi [None req-cc9426bc-29d2-44f1-b87c-154ef15c05ac admin admin] Calling method '<bound method FlavorsController.detail of <nova.api.openstack.compute.flavors.FlavorsController object at 0x795db425e540>>' {{(pid=69664) _process_stack /opt/stack/nova/nova/api/openstack/wsgi.py:552}}
Aug 01 12:44:46.338564 np0000032068 devstack@n-api.service[69664]: DEBUG dbcounter [-] [69664] Writing DB stats nova_api:SELECT=21,nova_api:SAVEPOINT=5,nova_api:INSERT=10,nova_api:RELEASE=5 {{(pid=69664) stat_writer /opt/stack/data/venv/lib/python3.12/site-packages/dbcounter.py:115}}
Aug 01 12:44:46.348083 np0000032068 devstack@n-api.service[69664]: INFO nova.api.openstack.requestlog [None req-cc9426bc-29d2-44f1-b87c-154ef15c05ac admin admin] 192.168.1.134 "GET /compute/v2.1/flavors/detail?is_public=True" status: 200 len: 4262 microversion: 2.61 time: 0.013716
Aug 01 12:44:46.348397 np0000032068 devstack@n-api.service[69664]: [pid: 69664|app: 0|req: 13/25] 192.168.1.134 () {68 vars in 1417 bytes} [Fri Aug  1 12:44:46 2025] GET /compute/v2.1/flavors/detail?is_public=True => generated 4262 bytes in 14 msecs (HTTP/1.1 200) 9 headers in 360 bytes (1 switches on core 0)
Aug 01 12:44:46.450032 np0000032068 devstack@n-api.service[69665]: DEBUG nova.api.openstack.wsgi [None req-bac24887-5e64-4ab1-b35e-a33f95d32ac9 admin admin] Action: 'create', calling method: <bound method FlavorsController.create of <nova.api.openstack.compute.flavors.FlavorsController object at 0x795db425e1b0>>, body: {"flavor": {"rxtx_factor": 1.0, "id": "100", "vcpus": 1, "disk": 5, "ram": 1024, "OS-FLV-EXT-DATA:ephemeral": 0, "os-flavor-access:is_public": true, "name": "manila-service-flavor", "swap": 0}} {{(pid=69665) _process_stack /opt/stack/nova/nova/api/openstack/wsgi.py:550}}
Aug 01 12:44:46.452639 np0000032068 devstack@n-api.service[69665]: DEBUG dbcounter [-] [69665] Writing DB stats nova_api:INSERT=10,nova_api:SELECT=21,nova_api:SAVEPOINT=5,nova_api:RELEASE=5 {{(pid=69665) stat_writer /opt/stack/data/venv/lib/python3.12/site-packages/dbcounter.py:115}}
Aug 01 12:44:46.461234 np0000032068 devstack@n-api.service[69665]: INFO nova.api.openstack.requestlog [None req-bac24887-5e64-4ab1-b35e-a33f95d32ac9 admin admin] 192.168.1.134 "POST /compute/v2.1/flavors" status: 200 len: 429 microversion: 2.61 time: 0.012686
Aug 01 12:44:46.461512 np0000032068 devstack@n-api.service[69665]: [pid: 69665|app: 0|req: 13/26] 192.168.1.134 () {72 vars in 1408 bytes} [Fri Aug  1 12:44:46 2025] POST /compute/v2.1/flavors => generated 429 bytes in 13 msecs (HTTP/1.1 200) 9 headers in 359 bytes (1 switches on core 0)
Aug 01 12:45:13.551865 np0000032068 devstack@n-api.service[69664]: DEBUG nova.api.openstack.wsgi [None req-80df0af1-9935-4198-95f1-ff77ddc0fabf admin admin] Calling method '<bound method KeypairController.index of <nova.api.openstack.compute.keypairs.KeypairController object at 0x795db410d7f0>>' {{(pid=69664) _process_stack /opt/stack/nova/nova/api/openstack/wsgi.py:552}}
Aug 01 12:45:13.553760 np0000032068 devstack@n-api.service[69664]: WARNING oslo_db.sqlalchemy.utils [None req-80df0af1-9935-4198-95f1-ff77ddc0fabf admin admin] Unique keys not in sort_keys. The sorting order may be unstable.
Aug 01 12:45:13.559635 np0000032068 devstack@n-api.service[69664]: INFO nova.api.openstack.requestlog [None req-80df0af1-9935-4198-95f1-ff77ddc0fabf admin admin] 192.168.1.134 "GET /compute/v2.1/os-keypairs" status: 200 len: 16 microversion: 2.10 time: 0.009274
Aug 01 12:45:13.559860 np0000032068 devstack@n-api.service[69664]: [pid: 69664|app: 0|req: 14/27] 192.168.1.134 () {68 vars in 1379 bytes} [Fri Aug  1 12:45:13 2025] GET /compute/v2.1/os-keypairs => generated 16 bytes in 9 msecs (HTTP/1.1 200) 9 headers in 358 bytes (1 switches on core 0)
Aug 01 12:45:13.654806 np0000032068 devstack@n-api.service[69665]: DEBUG nova.api.openstack.wsgi [None req-fd4488a2-4a6f-4a96-986e-b451d0c083d8 admin admin] Action: 'create', calling method: <bound method KeypairController.create of <nova.api.openstack.compute.keypairs.KeypairController object at 0x795db410d760>>, body: {"keypair": {"public_key": "ecdsa-sha2-nistp256 AAAAE2VjZHNhLXNoYTItbmlzdHAyNTYAAAAIbmlzdHAyNTYAAABBBAaRZIKzr/QJdeTTLvEEgg00Kl8+W6hgtrjPLetfwVW2IzEdFg5Khr1sq5y+eN4sbx8qc1hUCSrBZn95vGi8PBI= stack@np0000032068\n", "name": "manila-service"}} {{(pid=69665) _process_stack /opt/stack/nova/nova/api/openstack/wsgi.py:550}}
Aug 01 12:45:13.667934 np0000032068 devstack@n-api.service[69665]: DEBUG nova.quota [None req-fd4488a2-4a6f-4a96-986e-b451d0c083d8 admin admin] Getting quotas for project 384b7c5aa94242e3a24f49c2070ee57c. Resources: {'key_pairs'} {{(pid=69665) _get_quotas /opt/stack/nova/nova/quota.py:392}}
Aug 01 12:45:13.670407 np0000032068 devstack@n-api.service[69665]: DEBUG nova.quota [None req-fd4488a2-4a6f-4a96-986e-b451d0c083d8 admin admin] Getting quotas for user c24fa7ce484141bfbebdb811a526c1de and project 384b7c5aa94242e3a24f49c2070ee57c. Resources: {'key_pairs'} {{(pid=69665) _get_quotas /opt/stack/nova/nova/quota.py:382}}
Aug 01 12:45:13.693755 np0000032068 devstack@n-api.service[69665]: INFO nova.api.openstack.requestlog [None req-fd4488a2-4a6f-4a96-986e-b451d0c083d8 admin admin] 192.168.1.134 "POST /compute/v2.1/os-keypairs" status: 201 len: 366 microversion: 2.10 time: 0.040837
Aug 01 12:45:13.694019 np0000032068 devstack@n-api.service[69665]: [pid: 69665|app: 0|req: 14/28] 192.168.1.134 () {72 vars in 1420 bytes} [Fri Aug  1 12:45:13 2025] POST /compute/v2.1/os-keypairs => generated 366 bytes in 41 msecs (HTTP/1.1 201) 9 headers in 364 bytes (1 switches on core 0)
Aug 01 12:45:19.821585 np0000032068 devstack@n-api.service[69664]: DEBUG nova.api.openstack.wsgi [None req-9dae86ac-af50-4846-bd47-c03fa04bc9b7 admin admin] Calling method '<bound method ServiceController.index of <nova.api.openstack.compute.services.ServiceController object at 0x795db414cc20>>' {{(pid=69664) _process_stack /opt/stack/nova/nova/api/openstack/wsgi.py:552}}
Aug 01 12:45:19.823305 np0000032068 devstack@n-api.service[69664]: DEBUG oslo_concurrency.lockutils [None req-9dae86ac-af50-4846-bd47-c03fa04bc9b7 admin admin] Acquiring lock "00000000-0000-0000-0000-000000000000" by "nova.context.set_target_cell.<locals>.get_or_set_cached_cell_and_set_connections" {{(pid=69664) inner /opt/stack/data/venv/lib/python3.12/site-packages/oslo_concurrency/lockutils.py:405}}
Aug 01 12:45:19.823503 np0000032068 devstack@n-api.service[69664]: DEBUG oslo_concurrency.lockutils [None req-9dae86ac-af50-4846-bd47-c03fa04bc9b7 admin admin] Lock "00000000-0000-0000-0000-000000000000" acquired by "nova.context.set_target_cell.<locals>.get_or_set_cached_cell_and_set_connections" :: waited 0.000s {{(pid=69664) inner /opt/stack/data/venv/lib/python3.12/site-packages/oslo_concurrency/lockutils.py:410}}
Aug 01 12:45:19.823652 np0000032068 devstack@n-api.service[69664]: DEBUG oslo_concurrency.lockutils [None req-9dae86ac-af50-4846-bd47-c03fa04bc9b7 admin admin] Lock "00000000-0000-0000-0000-000000000000" "released" by "nova.context.set_target_cell.<locals>.get_or_set_cached_cell_and_set_connections" :: held 0.000s {{(pid=69664) inner /opt/stack/data/venv/lib/python3.12/site-packages/oslo_concurrency/lockutils.py:424}}
Aug 01 12:45:19.824063 np0000032068 devstack@n-api.service[69664]: DEBUG oslo_concurrency.lockutils [None req-9dae86ac-af50-4846-bd47-c03fa04bc9b7 admin admin] Acquiring lock "6401c2fb-a1bf-4220-97c1-8975501217b4" by "nova.context.set_target_cell.<locals>.get_or_set_cached_cell_and_set_connections" {{(pid=69664) inner /opt/stack/data/venv/lib/python3.12/site-packages/oslo_concurrency/lockutils.py:405}}
Aug 01 12:45:19.824222 np0000032068 devstack@n-api.service[69664]: DEBUG oslo_concurrency.lockutils [None req-9dae86ac-af50-4846-bd47-c03fa04bc9b7 admin admin] Lock "6401c2fb-a1bf-4220-97c1-8975501217b4" acquired by "nova.context.set_target_cell.<locals>.get_or_set_cached_cell_and_set_connections" :: waited 0.000s {{(pid=69664) inner /opt/stack/data/venv/lib/python3.12/site-packages/oslo_concurrency/lockutils.py:410}}
