Aug 10 14:23:10.483379 np0000032481 devstack@n-api.service[71274]: DEBUG nova.api.openstack.wsgi_app [-] oslo_messaging_rabbit.rabbit_transient_quorum_queue = False {{(pid=71274) log_opt_values /opt/stack/data/venv/lib/python3.10/site-packages/oslo_config/cfg.py:2824}}
Aug 10 14:23:10.483379 np0000032481 devstack@n-api.service[71274]: DEBUG nova.api.openstack.wsgi_app [-] oslo_messaging_rabbit.rpc_conn_pool_size = 30 {{(pid=71274) log_opt_values /opt/stack/data/venv/lib/python3.10/site-packages/oslo_config/cfg.py:2824}}
Aug 10 14:23:10.483379 np0000032481 devstack@n-api.service[71274]: DEBUG nova.api.openstack.wsgi_app [-] oslo_messaging_rabbit.ssl      = False {{(pid=71274) log_opt_values /opt/stack/data/venv/lib/python3.10/site-packages/oslo_config/cfg.py:2824}}
Aug 10 14:23:10.483379 np0000032481 devstack@n-api.service[71274]: DEBUG nova.api.openstack.wsgi_app [-] oslo_messaging_rabbit.ssl_ca_file =  {{(pid=71274) log_opt_values /opt/stack/data/venv/lib/python3.10/site-packages/oslo_config/cfg.py:2824}}
Aug 10 14:23:10.483379 np0000032481 devstack@n-api.service[71274]: DEBUG nova.api.openstack.wsgi_app [-] oslo_messaging_rabbit.ssl_cert_file =  {{(pid=71274) log_opt_values /opt/stack/data/venv/lib/python3.10/site-packages/oslo_config/cfg.py:2824}}
Aug 10 14:23:10.483379 np0000032481 devstack@n-api.service[71274]: DEBUG nova.api.openstack.wsgi_app [-] oslo_messaging_rabbit.ssl_enforce_fips_mode = False {{(pid=71274) log_opt_values /opt/stack/data/venv/lib/python3.10/site-packages/oslo_config/cfg.py:2824}}
Aug 10 14:23:10.483781 np0000032481 devstack@n-api.service[71274]: DEBUG nova.api.openstack.wsgi_app [-] oslo_messaging_rabbit.ssl_key_file =  {{(pid=71274) log_opt_values /opt/stack/data/venv/lib/python3.10/site-packages/oslo_config/cfg.py:2824}}
Aug 10 14:23:10.483781 np0000032481 devstack@n-api.service[71274]: DEBUG nova.api.openstack.wsgi_app [-] oslo_messaging_rabbit.ssl_version =  {{(pid=71274) log_opt_values /opt/stack/data/venv/lib/python3.10/site-packages/oslo_config/cfg.py:2824}}
Aug 10 14:23:10.483781 np0000032481 devstack@n-api.service[71274]: DEBUG nova.api.openstack.wsgi_app [-] oslo_messaging_rabbit.use_queue_manager = False {{(pid=71274) log_opt_values /opt/stack/data/venv/lib/python3.10/site-packages/oslo_config/cfg.py:2824}}
Aug 10 14:23:10.483781 np0000032481 devstack@n-api.service[71274]: DEBUG nova.api.openstack.wsgi_app [-] oslo_messaging_notifications.driver = ['messagingv2'] {{(pid=71274) log_opt_values /opt/stack/data/venv/lib/python3.10/site-packages/oslo_config/cfg.py:2824}}
Aug 10 14:23:10.483781 np0000032481 devstack@n-api.service[71274]: DEBUG nova.api.openstack.wsgi_app [-] oslo_messaging_notifications.retry = -1 {{(pid=71274) log_opt_values /opt/stack/data/venv/lib/python3.10/site-packages/oslo_config/cfg.py:2824}}
Aug 10 14:23:10.483781 np0000032481 devstack@n-api.service[71274]: DEBUG nova.api.openstack.wsgi_app [-] oslo_messaging_notifications.topics = ['notifications'] {{(pid=71274) log_opt_values /opt/stack/data/venv/lib/python3.10/site-packages/oslo_config/cfg.py:2824}}
Aug 10 14:23:10.483781 np0000032481 devstack@n-api.service[71274]: DEBUG nova.api.openstack.wsgi_app [-] oslo_messaging_notifications.transport_url = **** {{(pid=71274) log_opt_values /opt/stack/data/venv/lib/python3.10/site-packages/oslo_config/cfg.py:2824}}
Aug 10 14:23:10.483781 np0000032481 devstack@n-api.service[71274]: DEBUG nova.api.openstack.wsgi_app [-] oslo_reports.file_event_handler = None {{(pid=71274) log_opt_values /opt/stack/data/venv/lib/python3.10/site-packages/oslo_config/cfg.py:2824}}
Aug 10 14:23:10.483781 np0000032481 devstack@n-api.service[71274]: DEBUG nova.api.openstack.wsgi_app [-] oslo_reports.file_event_handler_interval = 1 {{(pid=71274) log_opt_values /opt/stack/data/venv/lib/python3.10/site-packages/oslo_config/cfg.py:2824}}
Aug 10 14:23:10.484192 np0000032481 devstack@n-api.service[71274]: DEBUG nova.api.openstack.wsgi_app [-] oslo_reports.log_dir           = None {{(pid=71274) log_opt_values /opt/stack/data/venv/lib/python3.10/site-packages/oslo_config/cfg.py:2824}}
Aug 10 14:23:10.484192 np0000032481 devstack@n-api.service[71274]: DEBUG nova.api.openstack.wsgi_app [-] ******************************************************************************** {{(pid=71274) log_opt_values /opt/stack/data/venv/lib/python3.10/site-packages/oslo_config/cfg.py:2828}}
Aug 10 14:23:10.501818 np0000032481 devstack@n-api.service[71275]: INFO dbcounter [None req-332d9972-73cf-4a6d-8e33-cebad9382431 None None] Registered counter for database nova_api
Aug 10 14:23:10.503406 np0000032481 devstack@n-api.service[71274]: INFO dbcounter [None req-532db5d3-df29-4e2f-8733-af9f8a7007a8 None None] Registered counter for database nova_api
Aug 10 14:23:10.568170 np0000032481 devstack@n-api.service[71275]: DEBUG oslo_db.sqlalchemy.engines [None req-332d9972-73cf-4a6d-8e33-cebad9382431 None None] MySQL server mode set to STRICT_TRANS_TABLES,STRICT_ALL_TABLES,NO_ZERO_IN_DATE,NO_ZERO_DATE,ERROR_FOR_DIVISION_BY_ZERO,TRADITIONAL,NO_ENGINE_SUBSTITUTION {{(pid=71275) _check_effective_sql_mode /opt/stack/data/venv/lib/python3.10/site-packages/oslo_db/sqlalchemy/engines.py:397}}
Aug 10 14:23:10.568745 np0000032481 devstack@n-api.service[71274]: DEBUG oslo_db.sqlalchemy.engines [None req-532db5d3-df29-4e2f-8733-af9f8a7007a8 None None] MySQL server mode set to STRICT_TRANS_TABLES,STRICT_ALL_TABLES,NO_ZERO_IN_DATE,NO_ZERO_DATE,ERROR_FOR_DIVISION_BY_ZERO,TRADITIONAL,NO_ENGINE_SUBSTITUTION {{(pid=71274) _check_effective_sql_mode /opt/stack/data/venv/lib/python3.10/site-packages/oslo_db/sqlalchemy/engines.py:397}}
Aug 10 14:23:10.592814 np0000032481 devstack@n-api.service[71274]: DEBUG dbcounter [-] [71274] Writer thread running {{(pid=71274) stat_writer /opt/stack/data/venv/lib/python3.10/site-packages/dbcounter.py:102}}
Aug 10 14:23:10.592891 np0000032481 devstack@n-api.service[71275]: DEBUG dbcounter [-] [71275] Writer thread running {{(pid=71275) stat_writer /opt/stack/data/venv/lib/python3.10/site-packages/dbcounter.py:102}}
Aug 10 14:23:10.594546 np0000032481 devstack@n-api.service[71274]: DEBUG nova.context [None req-532db5d3-df29-4e2f-8733-af9f8a7007a8 None None] Found 2 cells: 00000000-0000-0000-0000-000000000000(cell0),2aae1435-6965-47a4-a527-b12403c50994(cell1) {{(pid=71274) load_cells /opt/stack/nova/nova/context.py:464}}
Aug 10 14:23:10.594601 np0000032481 devstack@n-api.service[71275]: DEBUG nova.context [None req-332d9972-73cf-4a6d-8e33-cebad9382431 None None] Found 2 cells: 00000000-0000-0000-0000-000000000000(cell0),2aae1435-6965-47a4-a527-b12403c50994(cell1) {{(pid=71275) load_cells /opt/stack/nova/nova/context.py:464}}
Aug 10 14:23:10.596047 np0000032481 devstack@n-api.service[71274]: DEBUG oslo_concurrency.lockutils [None req-532db5d3-df29-4e2f-8733-af9f8a7007a8 None None] Acquiring lock "00000000-0000-0000-0000-000000000000" by "nova.context.set_target_cell.<locals>.get_or_set_cached_cell_and_set_connections" {{(pid=71274) inner /opt/stack/data/venv/lib/python3.10/site-packages/oslo_concurrency/lockutils.py:405}}
Aug 10 14:23:10.596112 np0000032481 devstack@n-api.service[71275]: DEBUG oslo_concurrency.lockutils [None req-332d9972-73cf-4a6d-8e33-cebad9382431 None None] Acquiring lock "00000000-0000-0000-0000-000000000000" by "nova.context.set_target_cell.<locals>.get_or_set_cached_cell_and_set_connections" {{(pid=71275) inner /opt/stack/data/venv/lib/python3.10/site-packages/oslo_concurrency/lockutils.py:405}}
Aug 10 14:23:10.596229 np0000032481 devstack@n-api.service[71274]: DEBUG oslo_concurrency.lockutils [None req-532db5d3-df29-4e2f-8733-af9f8a7007a8 None None] Lock "00000000-0000-0000-0000-000000000000" acquired by "nova.context.set_target_cell.<locals>.get_or_set_cached_cell_and_set_connections" :: waited 0.000s {{(pid=71274) inner /opt/stack/data/venv/lib/python3.10/site-packages/oslo_concurrency/lockutils.py:410}}
Aug 10 14:23:10.596316 np0000032481 devstack@n-api.service[71275]: DEBUG oslo_concurrency.lockutils [None req-332d9972-73cf-4a6d-8e33-cebad9382431 None None] Lock "00000000-0000-0000-0000-000000000000" acquired by "nova.context.set_target_cell.<locals>.get_or_set_cached_cell_and_set_connections" :: waited 0.000s {{(pid=71275) inner /opt/stack/data/venv/lib/python3.10/site-packages/oslo_concurrency/lockutils.py:410}}
Aug 10 14:23:10.596597 np0000032481 devstack@n-api.service[71274]: DEBUG oslo_concurrency.lockutils [None req-532db5d3-df29-4e2f-8733-af9f8a7007a8 None None] Lock "00000000-0000-0000-0000-000000000000" "released" by "nova.context.set_target_cell.<locals>.get_or_set_cached_cell_and_set_connections" :: held 0.000s {{(pid=71274) inner /opt/stack/data/venv/lib/python3.10/site-packages/oslo_concurrency/lockutils.py:424}}
Aug 10 14:23:10.596648 np0000032481 devstack@n-api.service[71275]: DEBUG oslo_concurrency.lockutils [None req-332d9972-73cf-4a6d-8e33-cebad9382431 None None] Lock "00000000-0000-0000-0000-000000000000" "released" by "nova.context.set_target_cell.<locals>.get_or_set_cached_cell_and_set_connections" :: held 0.000s {{(pid=71275) inner /opt/stack/data/venv/lib/python3.10/site-packages/oslo_concurrency/lockutils.py:424}}
Aug 10 14:23:10.596922 np0000032481 devstack@n-api.service[71274]: DEBUG oslo_concurrency.lockutils [None req-532db5d3-df29-4e2f-8733-af9f8a7007a8 None None] Acquiring lock "2aae1435-6965-47a4-a527-b12403c50994" by "nova.context.set_target_cell.<locals>.get_or_set_cached_cell_and_set_connections" {{(pid=71274) inner /opt/stack/data/venv/lib/python3.10/site-packages/oslo_concurrency/lockutils.py:405}}
Aug 10 14:23:10.596998 np0000032481 devstack@n-api.service[71275]: DEBUG oslo_concurrency.lockutils [None req-332d9972-73cf-4a6d-8e33-cebad9382431 None None] Acquiring lock "2aae1435-6965-47a4-a527-b12403c50994" by "nova.context.set_target_cell.<locals>.get_or_set_cached_cell_and_set_connections" {{(pid=71275) inner /opt/stack/data/venv/lib/python3.10/site-packages/oslo_concurrency/lockutils.py:405}}
Aug 10 14:23:10.597084 np0000032481 devstack@n-api.service[71274]: DEBUG oslo_concurrency.lockutils [None req-532db5d3-df29-4e2f-8733-af9f8a7007a8 None None] Lock "2aae1435-6965-47a4-a527-b12403c50994" acquired by "nova.context.set_target_cell.<locals>.get_or_set_cached_cell_and_set_connections" :: waited 0.000s {{(pid=71274) inner /opt/stack/data/venv/lib/python3.10/site-packages/oslo_concurrency/lockutils.py:410}}
Aug 10 14:23:10.597134 np0000032481 devstack@n-api.service[71275]: DEBUG oslo_concurrency.lockutils [None req-332d9972-73cf-4a6d-8e33-cebad9382431 None None] Lock "2aae1435-6965-47a4-a527-b12403c50994" acquired by "nova.context.set_target_cell.<locals>.get_or_set_cached_cell_and_set_connections" :: waited 0.000s {{(pid=71275) inner /opt/stack/data/venv/lib/python3.10/site-packages/oslo_concurrency/lockutils.py:410}}
Aug 10 14:23:10.597962 np0000032481 devstack@n-api.service[71274]: DEBUG oslo_concurrency.lockutils [None req-532db5d3-df29-4e2f-8733-af9f8a7007a8 None None] Lock "2aae1435-6965-47a4-a527-b12403c50994" "released" by "nova.context.set_target_cell.<locals>.get_or_set_cached_cell_and_set_connections" :: held 0.001s {{(pid=71274) inner /opt/stack/data/venv/lib/python3.10/site-packages/oslo_concurrency/lockutils.py:424}}
Aug 10 14:23:10.598025 np0000032481 devstack@n-api.service[71275]: DEBUG oslo_concurrency.lockutils [None req-332d9972-73cf-4a6d-8e33-cebad9382431 None None] Lock "2aae1435-6965-47a4-a527-b12403c50994" "released" by "nova.context.set_target_cell.<locals>.get_or_set_cached_cell_and_set_connections" :: held 0.001s {{(pid=71275) inner /opt/stack/data/venv/lib/python3.10/site-packages/oslo_concurrency/lockutils.py:424}}
Aug 10 14:23:10.599134 np0000032481 devstack@n-api.service[71274]: INFO dbcounter [None req-532db5d3-df29-4e2f-8733-af9f8a7007a8 None None] Registered counter for database nova_cell0
Aug 10 14:23:10.599187 np0000032481 devstack@n-api.service[71275]: INFO dbcounter [None req-332d9972-73cf-4a6d-8e33-cebad9382431 None None] Registered counter for database nova_cell0
Aug 10 14:23:10.600995 np0000032481 devstack@n-api.service[71274]: INFO dbcounter [None req-532db5d3-df29-4e2f-8733-af9f8a7007a8 None None] Registered counter for database nova_cell1
Aug 10 14:23:10.601052 np0000032481 devstack@n-api.service[71275]: INFO dbcounter [None req-332d9972-73cf-4a6d-8e33-cebad9382431 None None] Registered counter for database nova_cell1
Aug 10 14:23:10.604021 np0000032481 devstack@n-api.service[71274]: DEBUG oslo_db.sqlalchemy.engines [None req-532db5d3-df29-4e2f-8733-af9f8a7007a8 None None] MySQL server mode set to STRICT_TRANS_TABLES,STRICT_ALL_TABLES,NO_ZERO_IN_DATE,NO_ZERO_DATE,ERROR_FOR_DIVISION_BY_ZERO,TRADITIONAL,NO_ENGINE_SUBSTITUTION {{(pid=71274) _check_effective_sql_mode /opt/stack/data/venv/lib/python3.10/site-packages/oslo_db/sqlalchemy/engines.py:397}}
Aug 10 14:23:10.605688 np0000032481 devstack@n-api.service[71275]: DEBUG oslo_db.sqlalchemy.engines [None req-332d9972-73cf-4a6d-8e33-cebad9382431 None None] MySQL server mode set to STRICT_TRANS_TABLES,STRICT_ALL_TABLES,NO_ZERO_IN_DATE,NO_ZERO_DATE,ERROR_FOR_DIVISION_BY_ZERO,TRADITIONAL,NO_ENGINE_SUBSTITUTION {{(pid=71275) _check_effective_sql_mode /opt/stack/data/venv/lib/python3.10/site-packages/oslo_db/sqlalchemy/engines.py:397}}
Aug 10 14:23:10.608246 np0000032481 devstack@n-api.service[71275]: DEBUG oslo_db.sqlalchemy.engines [None req-332d9972-73cf-4a6d-8e33-cebad9382431 None None] MySQL server mode set to STRICT_TRANS_TABLES,STRICT_ALL_TABLES,NO_ZERO_IN_DATE,NO_ZERO_DATE,ERROR_FOR_DIVISION_BY_ZERO,TRADITIONAL,NO_ENGINE_SUBSTITUTION {{(pid=71275) _check_effective_sql_mode /opt/stack/data/venv/lib/python3.10/site-packages/oslo_db/sqlalchemy/engines.py:397}}
Aug 10 14:23:10.669854 np0000032481 devstack@n-api.service[71274]: DEBUG dbcounter [-] [71274] Writer thread running {{(pid=71274) stat_writer /opt/stack/data/venv/lib/python3.10/site-packages/dbcounter.py:102}}
Aug 10 14:23:10.670153 np0000032481 devstack@n-api.service[71274]: DEBUG oslo_db.sqlalchemy.engines [None req-532db5d3-df29-4e2f-8733-af9f8a7007a8 None None] MySQL server mode set to STRICT_TRANS_TABLES,STRICT_ALL_TABLES,NO_ZERO_IN_DATE,NO_ZERO_DATE,ERROR_FOR_DIVISION_BY_ZERO,TRADITIONAL,NO_ENGINE_SUBSTITUTION {{(pid=71274) _check_effective_sql_mode /opt/stack/data/venv/lib/python3.10/site-packages/oslo_db/sqlalchemy/engines.py:397}}
Aug 10 14:23:10.672184 np0000032481 devstack@n-api.service[71275]: DEBUG dbcounter [-] [71275] Writer thread running {{(pid=71275) stat_writer /opt/stack/data/venv/lib/python3.10/site-packages/dbcounter.py:102}}
Aug 10 14:23:10.674150 np0000032481 devstack@n-api.service[71274]: DEBUG dbcounter [-] [71274] Writer thread running {{(pid=71274) stat_writer /opt/stack/data/venv/lib/python3.10/site-packages/dbcounter.py:102}}
Aug 10 14:23:10.675972 np0000032481 devstack@n-api.service[71275]: DEBUG dbcounter [-] [71275] Writer thread running {{(pid=71275) stat_writer /opt/stack/data/venv/lib/python3.10/site-packages/dbcounter.py:102}}
Aug 10 14:23:10.676167 np0000032481 devstack@n-api.service[71274]: INFO dbcounter [None req-532db5d3-df29-4e2f-8733-af9f8a7007a8 None None] Registered counter for database nova_cell0
Aug 10 14:23:10.677993 np0000032481 devstack@n-api.service[71275]: INFO dbcounter [None req-332d9972-73cf-4a6d-8e33-cebad9382431 None None] Registered counter for database nova_cell0
Aug 10 14:23:10.681509 np0000032481 devstack@n-api.service[71274]: DEBUG oslo_db.sqlalchemy.engines [None req-532db5d3-df29-4e2f-8733-af9f8a7007a8 None None] MySQL server mode set to STRICT_TRANS_TABLES,STRICT_ALL_TABLES,NO_ZERO_IN_DATE,NO_ZERO_DATE,ERROR_FOR_DIVISION_BY_ZERO,TRADITIONAL,NO_ENGINE_SUBSTITUTION {{(pid=71274) _check_effective_sql_mode /opt/stack/data/venv/lib/python3.10/site-packages/oslo_db/sqlalchemy/engines.py:397}}
Aug 10 14:23:10.681817 np0000032481 devstack@n-api.service[71275]: DEBUG oslo_db.sqlalchemy.engines [None req-332d9972-73cf-4a6d-8e33-cebad9382431 None None] MySQL server mode set to STRICT_TRANS_TABLES,STRICT_ALL_TABLES,NO_ZERO_IN_DATE,NO_ZERO_DATE,ERROR_FOR_DIVISION_BY_ZERO,TRADITIONAL,NO_ENGINE_SUBSTITUTION {{(pid=71275) _check_effective_sql_mode /opt/stack/data/venv/lib/python3.10/site-packages/oslo_db/sqlalchemy/engines.py:397}}
Aug 10 14:23:10.684041 np0000032481 devstack@n-api.service[71274]: DEBUG dbcounter [-] [71274] Writer thread running {{(pid=71274) stat_writer /opt/stack/data/venv/lib/python3.10/site-packages/dbcounter.py:102}}
Aug 10 14:23:10.685775 np0000032481 devstack@n-api.service[71275]: DEBUG dbcounter [-] [71275] Writer thread running {{(pid=71275) stat_writer /opt/stack/data/venv/lib/python3.10/site-packages/dbcounter.py:102}}
Aug 10 14:23:10.993052 np0000032481 devstack@n-api.service[71274]: DEBUG oslo_concurrency.processutils [None req-532db5d3-df29-4e2f-8733-af9f8a7007a8 None None] Running cmd (subprocess): grep -F node.session.scan /sbin/iscsiadm {{(pid=71274) execute /opt/stack/data/venv/lib/python3.10/site-packages/oslo_concurrency/processutils.py:349}}
Aug 10 14:23:10.996729 np0000032481 devstack@n-api.service[71275]: DEBUG oslo_concurrency.processutils [None req-332d9972-73cf-4a6d-8e33-cebad9382431 None None] Running cmd (subprocess): grep -F node.session.scan /sbin/iscsiadm {{(pid=71275) execute /opt/stack/data/venv/lib/python3.10/site-packages/oslo_concurrency/processutils.py:349}}
Aug 10 14:23:10.999758 np0000032481 devstack@n-api.service[71274]: DEBUG oslo_concurrency.processutils [None req-532db5d3-df29-4e2f-8733-af9f8a7007a8 None None] CMD "grep -F node.session.scan /sbin/iscsiadm" returned: 0 in 0.007s {{(pid=71274) execute /opt/stack/data/venv/lib/python3.10/site-packages/oslo_concurrency/processutils.py:372}}
Aug 10 14:23:11.003089 np0000032481 devstack@n-api.service[71275]: DEBUG oslo_concurrency.processutils [None req-332d9972-73cf-4a6d-8e33-cebad9382431 None None] CMD "grep -F node.session.scan /sbin/iscsiadm" returned: 0 in 0.006s {{(pid=71275) execute /opt/stack/data/venv/lib/python3.10/site-packages/oslo_concurrency/processutils.py:372}}
Aug 10 14:23:11.337902 np0000032481 devstack@n-api.service[71274]: WARNING keystonemiddleware.auth_token [None req-532db5d3-df29-4e2f-8733-af9f8a7007a8 None None] AuthToken middleware is set with keystone_authtoken.service_token_roles_required set to False. This is backwards compatible but deprecated behaviour. Please set this to True.
Aug 10 14:23:11.339844 np0000032481 devstack@n-api.service[71275]: WARNING keystonemiddleware.auth_token [None req-332d9972-73cf-4a6d-8e33-cebad9382431 None None] AuthToken middleware is set with keystone_authtoken.service_token_roles_required set to False. This is backwards compatible but deprecated behaviour. Please set this to True.
Aug 10 14:23:11.341355 np0000032481 devstack@n-api.service[71274]: WARNING keystonemiddleware.auth_token [None req-532db5d3-df29-4e2f-8733-af9f8a7007a8 None None] Configuring www_authenticate_uri to point to the public identity endpoint is required; clients may not be able to authenticate against an admin endpoint
Aug 10 14:23:11.343306 np0000032481 devstack@n-api.service[71275]: WARNING keystonemiddleware.auth_token [None req-332d9972-73cf-4a6d-8e33-cebad9382431 None None] Configuring www_authenticate_uri to point to the public identity endpoint is required; clients may not be able to authenticate against an admin endpoint
Aug 10 14:23:11.416172 np0000032481 devstack@n-api.service[71274]: WARNING keystonemiddleware.auth_token [None req-532db5d3-df29-4e2f-8733-af9f8a7007a8 None None] AuthToken middleware is set with keystone_authtoken.service_token_roles_required set to False. This is backwards compatible but deprecated behaviour. Please set this to True.
Aug 10 14:23:11.418706 np0000032481 devstack@n-api.service[71274]: WARNING keystonemiddleware.auth_token [None req-532db5d3-df29-4e2f-8733-af9f8a7007a8 None None] Configuring www_authenticate_uri to point to the public identity endpoint is required; clients may not be able to authenticate against an admin endpoint
Aug 10 14:23:11.420488 np0000032481 devstack@n-api.service[71275]: WARNING keystonemiddleware.auth_token [None req-332d9972-73cf-4a6d-8e33-cebad9382431 None None] AuthToken middleware is set with keystone_authtoken.service_token_roles_required set to False. This is backwards compatible but deprecated behaviour. Please set this to True.
Aug 10 14:23:11.420665 np0000032481 devstack@n-api.service[71274]: WSGI app 0 (mountpoint='') ready in 2 seconds on interpreter 0x55ef46dd1d70 pid: 71274 (default app)
Aug 10 14:23:11.421585 np0000032481 devstack@n-api.service[71274]: DEBUG nova.api.openstack.wsgi [None req-532db5d3-df29-4e2f-8733-af9f8a7007a8 None None] Calling method '<bound method VersionsV2.index of <nova.api.openstack.compute.versions.VersionsV2 object at 0x7f414a516350>>' {{(pid=71274) _process_stack /opt/stack/nova/nova/api/openstack/wsgi.py:556}}
Aug 10 14:23:11.423092 np0000032481 devstack@n-api.service[71275]: WARNING keystonemiddleware.auth_token [None req-332d9972-73cf-4a6d-8e33-cebad9382431 None None] Configuring www_authenticate_uri to point to the public identity endpoint is required; clients may not be able to authenticate against an admin endpoint
Aug 10 14:23:11.424373 np0000032481 devstack@n-api.service[71274]: INFO nova.api.openstack.requestlog [None req-532db5d3-df29-4e2f-8733-af9f8a7007a8 None None] 192.168.1.102 "GET /compute/v2.1/" status: 200 len: 391 microversion: 2.1 time: 0.003000
Aug 10 14:23:11.424682 np0000032481 devstack@n-api.service[71274]: [pid: 71274|app: 0|req: 1/1] 192.168.1.102 () {50 vars in 783 bytes} [Sun Aug 10 14:23:11 2025] GET /compute/v2.1/ => generated 391 bytes in 3 msecs (HTTP/1.1 200) 9 headers in 357 bytes (1 switches on core 0)
Aug 10 14:23:11.425022 np0000032481 devstack@n-api.service[71275]: WSGI app 0 (mountpoint='') ready in 2 seconds on interpreter 0x55ef46dd1d70 pid: 71275 (default app)
Aug 10 14:23:42.661866 np0000032481 devstack@n-api.service[71274]: DEBUG nova.api.openstack.wsgi [None req-532db5d3-df29-4e2f-8733-af9f8a7007a8 None None] Calling method '<bound method VersionsV2.index of <nova.api.openstack.compute.versions.VersionsV2 object at 0x7f414a516350>>' {{(pid=71274) _process_stack /opt/stack/nova/nova/api/openstack/wsgi.py:556}}
Aug 10 14:23:42.664625 np0000032481 devstack@n-api.service[71274]: INFO nova.api.openstack.requestlog [None req-532db5d3-df29-4e2f-8733-af9f8a7007a8 None None] 192.168.1.102 "GET /compute/v2.1" status: 200 len: 392 microversion: 2.1 time: 0.002976
Aug 10 14:23:42.664796 np0000032481 devstack@n-api.service[71274]: [pid: 71274|app: 0|req: 2/2] 192.168.1.102 () {62 vars in 1068 bytes} [Sun Aug 10 14:23:42 2025] GET /compute/v2.1 => generated 392 bytes in 3 msecs (HTTP/1.1 200) 9 headers in 357 bytes (1 switches on core 0)
Aug 10 14:23:42.674261 np0000032481 devstack@n-api.service[71275]: DEBUG dbcounter [-] [71275] Writing DB stats nova_api:SELECT=1 {{(pid=71275) stat_writer /opt/stack/data/venv/lib/python3.10/site-packages/dbcounter.py:115}}
Aug 10 14:23:42.674804 np0000032481 devstack@n-api.service[71275]: DEBUG dbcounter [-] [71275] Writing DB stats nova_cell0:SELECT=1 {{(pid=71275) stat_writer /opt/stack/data/venv/lib/python3.10/site-packages/dbcounter.py:115}}
Aug 10 14:23:42.675188 np0000032481 devstack@n-api.service[71275]: DEBUG dbcounter [-] [71275] Writing DB stats nova_cell1:SELECT=1 {{(pid=71275) stat_writer /opt/stack/data/venv/lib/python3.10/site-packages/dbcounter.py:115}}
Aug 10 14:23:42.675567 np0000032481 devstack@n-api.service[71275]: DEBUG dbcounter [-] [71275] Writing DB stats nova_cell0:SELECT=2,nova_cell0:INSERT=1 {{(pid=71275) stat_writer /opt/stack/data/venv/lib/python3.10/site-packages/dbcounter.py:115}}
Aug 10 14:23:42.796486 np0000032481 devstack@n-api.service[71275]: DEBUG nova.api.openstack.wsgi [None req-27c3a5ba-d09b-4cff-9744-9dda4022310a admin admin] Calling method '<bound method FlavorsController.detail of <nova.api.openstack.compute.flavors.FlavorsController object at 0x7f414903edd0>>' {{(pid=71275) _process_stack /opt/stack/nova/nova/api/openstack/wsgi.py:556}}
Aug 10 14:23:42.811303 np0000032481 devstack@n-api.service[71275]: INFO nova.api.openstack.requestlog [None req-27c3a5ba-d09b-4cff-9744-9dda4022310a admin admin] 192.168.1.102 "GET /compute/v2.1/flavors/detail?is_public=True" status: 200 len: 15 microversion: 2.61 time: 0.140021
Aug 10 14:23:42.811553 np0000032481 devstack@n-api.service[71275]: [pid: 71275|app: 0|req: 1/3] 192.168.1.102 () {68 vars in 1429 bytes} [Sun Aug 10 14:23:42 2025] GET /compute/v2.1/flavors/detail?is_public=True => generated 15 bytes in 141 msecs (HTTP/1.1 200) 9 headers in 358 bytes (1 switches on core 0)
Aug 10 14:23:42.899066 np0000032481 devstack@n-api.service[71274]: DEBUG nova.api.openstack.wsgi [None req-532db5d3-df29-4e2f-8733-af9f8a7007a8 None None] Calling method '<bound method VersionsV2.index of <nova.api.openstack.compute.versions.VersionsV2 object at 0x7f414a516350>>' {{(pid=71274) _process_stack /opt/stack/nova/nova/api/openstack/wsgi.py:556}}
Aug 10 14:23:42.901821 np0000032481 devstack@n-api.service[71274]: INFO nova.api.openstack.requestlog [None req-532db5d3-df29-4e2f-8733-af9f8a7007a8 None None] 192.168.1.102 "GET /compute/v2.1" status: 200 len: 392 microversion: 2.1 time: 0.002965
Aug 10 14:23:42.902006 np0000032481 devstack@n-api.service[71274]: [pid: 71274|app: 0|req: 3/4] 192.168.1.102 () {62 vars in 1068 bytes} [Sun Aug 10 14:23:42 2025] GET /compute/v2.1 => generated 392 bytes in 3 msecs (HTTP/1.1 200) 9 headers in 357 bytes (1 switches on core 0)
Aug 10 14:23:42.927797 np0000032481 devstack@n-api.service[71275]: DEBUG nova.api.openstack.wsgi [None req-e2d07a29-092c-4aa5-8c67-a2844db4ead1 admin admin] Action: 'create', calling method: <bound method FlavorsController.create of <nova.api.openstack.compute.flavors.FlavorsController object at 0x7f414903dc30>>, body: {"flavor": {"name": "cirros256", "vcpus": 1, "rxtx_factor": 1.0, "os-flavor-access:is_public": true, "disk": 1, "ram": 256, "id": "c1", "swap": 0, "OS-FLV-EXT-DATA:ephemeral": 0}} {{(pid=71275) _process_stack /opt/stack/nova/nova/api/openstack/wsgi.py:554}}
Aug 10 14:23:42.949140 np0000032481 devstack@n-api.service[71275]: INFO nova.api.openstack.requestlog [None req-e2d07a29-092c-4aa5-8c67-a2844db4ead1 admin admin] 192.168.1.102 "POST /compute/v2.1/flavors" status: 200 len: 413 microversion: 2.61 time: 0.041198
Aug 10 14:23:42.949259 np0000032481 devstack@n-api.service[71275]: [pid: 71275|app: 0|req: 2/5] 192.168.1.102 () {72 vars in 1420 bytes} [Sun Aug 10 14:23:42 2025] POST /compute/v2.1/flavors => generated 413 bytes in 42 msecs (HTTP/1.1 200) 9 headers in 359 bytes (2 switches on core 0)
Aug 10 14:23:42.959455 np0000032481 devstack@n-api.service[71274]: DEBUG dbcounter [-] [71274] Writing DB stats nova_api:SELECT=1 {{(pid=71274) stat_writer /opt/stack/data/venv/lib/python3.10/site-packages/dbcounter.py:115}}
Aug 10 14:23:42.960054 np0000032481 devstack@n-api.service[71274]: DEBUG dbcounter [-] [71274] Writing DB stats nova_cell0:SELECT=1 {{(pid=71274) stat_writer /opt/stack/data/venv/lib/python3.10/site-packages/dbcounter.py:115}}
Aug 10 14:23:42.960365 np0000032481 devstack@n-api.service[71274]: DEBUG dbcounter [-] [71274] Writing DB stats nova_cell1:SELECT=1 {{(pid=71274) stat_writer /opt/stack/data/venv/lib/python3.10/site-packages/dbcounter.py:115}}
Aug 10 14:23:42.960687 np0000032481 devstack@n-api.service[71274]: DEBUG dbcounter [-] [71274] Writing DB stats nova_cell0:SELECT=2,nova_cell0:INSERT=1 {{(pid=71274) stat_writer /opt/stack/data/venv/lib/python3.10/site-packages/dbcounter.py:115}}
Aug 10 14:23:43.027727 np0000032481 devstack@n-api.service[71274]: DEBUG nova.api.openstack.wsgi [None req-d43521fe-21b0-4166-8a34-8a213e01d37d admin admin] Action: 'create', calling method: <bound method FlavorExtraSpecsController.create of <nova.api.openstack.compute.flavors_extraspecs.FlavorExtraSpecsController object at 0x7f4149064eb0>>, body: {"extra_specs": {"hw_rng:allowed": "True"}} {{(pid=71274) _process_stack /opt/stack/nova/nova/api/openstack/wsgi.py:554}}
Aug 10 14:23:43.056165 np0000032481 devstack@n-api.service[71274]: INFO nova.api.openstack.requestlog [None req-d43521fe-21b0-4166-8a34-8a213e01d37d admin admin] 192.168.1.102 "POST /compute/v2.1/flavors/c1/os-extra_specs" status: 200 len: 43 microversion: 2.61 time: 0.099375
Aug 10 14:23:43.056377 np0000032481 devstack@n-api.service[71274]: [pid: 71274|app: 0|req: 4/6] 192.168.1.102 () {72 vars in 1473 bytes} [Sun Aug 10 14:23:42 2025] POST /compute/v2.1/flavors/c1/os-extra_specs => generated 43 bytes in 100 msecs (HTTP/1.1 200) 9 headers in 358 bytes (1 switches on core 0)
Aug 10 14:23:43.143660 np0000032481 devstack@n-api.service[71275]: DEBUG nova.api.openstack.wsgi [None req-e2d07a29-092c-4aa5-8c67-a2844db4ead1 admin admin] Calling method '<bound method VersionsV2.index of <nova.api.openstack.compute.versions.VersionsV2 object at 0x7f414a532a70>>' {{(pid=71275) _process_stack /opt/stack/nova/nova/api/openstack/wsgi.py:556}}
Aug 10 14:23:43.146266 np0000032481 devstack@n-api.service[71275]: INFO nova.api.openstack.requestlog [None req-e2d07a29-092c-4aa5-8c67-a2844db4ead1 admin admin] 192.168.1.102 "GET /compute/v2.1" status: 200 len: 392 microversion: 2.1 time: 0.002795
Aug 10 14:23:43.146449 np0000032481 devstack@n-api.service[71275]: [pid: 71275|app: 0|req: 3/7] 192.168.1.102 () {62 vars in 1068 bytes} [Sun Aug 10 14:23:43 2025] GET /compute/v2.1 => generated 392 bytes in 3 msecs (HTTP/1.1 200) 9 headers in 357 bytes (1 switches on core 0)
Aug 10 14:23:43.202840 np0000032481 devstack@n-api.service[71274]: DEBUG nova.api.openstack.wsgi [None req-5e6c68b5-bbdb-4179-b52a-44d83aaea3d6 admin admin] Action: 'create', calling method: <bound method FlavorsController.create of <nova.api.openstack.compute.flavors.FlavorsController object at 0x7f414903de40>>, body: {"flavor": {"name": "ds512M", "vcpus": 1, "rxtx_factor": 1.0, "os-flavor-access:is_public": true, "disk": 5, "ram": 512, "id": "d1", "swap": 0, "OS-FLV-EXT-DATA:ephemeral": 0}} {{(pid=71274) _process_stack /opt/stack/nova/nova/api/openstack/wsgi.py:554}}
Aug 10 14:23:43.221688 np0000032481 devstack@n-api.service[71274]: INFO nova.api.openstack.requestlog [None req-5e6c68b5-bbdb-4179-b52a-44d83aaea3d6 admin admin] 192.168.1.102 "POST /compute/v2.1/flavors" status: 200 len: 410 microversion: 2.61 time: 0.069802
Aug 10 14:23:43.221921 np0000032481 devstack@n-api.service[71274]: [pid: 71274|app: 0|req: 5/8] 192.168.1.102 () {72 vars in 1420 bytes} [Sun Aug 10 14:23:43 2025] POST /compute/v2.1/flavors => generated 410 bytes in 70 msecs (HTTP/1.1 200) 9 headers in 359 bytes (1 switches on core 0)
Aug 10 14:23:43.230794 np0000032481 devstack@n-api.service[71275]: DEBUG nova.api.openstack.wsgi [None req-3da49951-de84-4b15-ba6f-9b3afc4ffeff admin admin] Action: 'create', calling method: <bound method FlavorExtraSpecsController.create of <nova.api.openstack.compute.flavors_extraspecs.FlavorExtraSpecsController object at 0x7f4149060ca0>>, body: {"extra_specs": {"hw_rng:allowed": "True"}} {{(pid=71275) _process_stack /opt/stack/nova/nova/api/openstack/wsgi.py:554}}
Aug 10 14:23:43.249239 np0000032481 devstack@n-api.service[71275]: INFO nova.api.openstack.requestlog [None req-3da49951-de84-4b15-ba6f-9b3afc4ffeff admin admin] 192.168.1.102 "POST /compute/v2.1/flavors/d1/os-extra_specs" status: 200 len: 43 microversion: 2.61 time: 0.020178
Aug 10 14:23:43.249475 np0000032481 devstack@n-api.service[71275]: [pid: 71275|app: 0|req: 4/9] 192.168.1.102 () {72 vars in 1473 bytes} [Sun Aug 10 14:23:43 2025] POST /compute/v2.1/flavors/d1/os-extra_specs => generated 43 bytes in 20 msecs (HTTP/1.1 200) 9 headers in 358 bytes (1 switches on core 0)
Aug 10 14:23:43.335529 np0000032481 devstack@n-api.service[71274]: DEBUG nova.api.openstack.wsgi [None req-5e6c68b5-bbdb-4179-b52a-44d83aaea3d6 admin admin] Calling method '<bound method VersionsV2.index of <nova.api.openstack.compute.versions.VersionsV2 object at 0x7f414a516350>>' {{(pid=71274) _process_stack /opt/stack/nova/nova/api/openstack/wsgi.py:556}}
Aug 10 14:23:43.338118 np0000032481 devstack@n-api.service[71274]: INFO nova.api.openstack.requestlog [None req-5e6c68b5-bbdb-4179-b52a-44d83aaea3d6 admin admin] 192.168.1.102 "GET /compute/v2.1" status: 200 len: 392 microversion: 2.1 time: 0.002734
Aug 10 14:23:43.338290 np0000032481 devstack@n-api.service[71274]: [pid: 71274|app: 0|req: 6/10] 192.168.1.102 () {62 vars in 1068 bytes} [Sun Aug 10 14:23:43 2025] GET /compute/v2.1 => generated 392 bytes in 3 msecs (HTTP/1.1 200) 9 headers in 357 bytes (1 switches on core 0)
Aug 10 14:23:43.365361 np0000032481 devstack@n-api.service[71275]: DEBUG nova.api.openstack.wsgi [None req-12b5d7c1-4867-4b46-ba6e-cc48a64927d4 admin admin] Action: 'create', calling method: <bound method FlavorsController.create of <nova.api.openstack.compute.flavors.FlavorsController object at 0x7f414903dc30>>, body: {"flavor": {"name": "ds1G", "vcpus": 1, "rxtx_factor": 1.0, "os-flavor-access:is_public": true, "disk": 10, "ram": 1024, "id": "d2", "swap": 0, "OS-FLV-EXT-DATA:ephemeral": 0}} {{(pid=71275) _process_stack /opt/stack/nova/nova/api/openstack/wsgi.py:554}}
Aug 10 14:23:43.377004 np0000032481 devstack@n-api.service[71275]: INFO nova.api.openstack.requestlog [None req-12b5d7c1-4867-4b46-ba6e-cc48a64927d4 admin admin] 192.168.1.102 "POST /compute/v2.1/flavors" status: 200 len: 410 microversion: 2.61 time: 0.033459
Aug 10 14:23:43.377237 np0000032481 devstack@n-api.service[71275]: [pid: 71275|app: 0|req: 5/11] 192.168.1.102 () {72 vars in 1420 bytes} [Sun Aug 10 14:23:43 2025] POST /compute/v2.1/flavors => generated 410 bytes in 34 msecs (HTTP/1.1 200) 9 headers in 359 bytes (1 switches on core 0)
Aug 10 14:23:43.386163 np0000032481 devstack@n-api.service[71274]: DEBUG nova.api.openstack.wsgi [None req-a743b522-c9d7-4f47-bcad-8e889c5ded62 admin admin] Action: 'create', calling method: <bound method FlavorExtraSpecsController.create of <nova.api.openstack.compute.flavors_extraspecs.FlavorExtraSpecsController object at 0x7f4149064eb0>>, body: {"extra_specs": {"hw_rng:allowed": "True"}} {{(pid=71274) _process_stack /opt/stack/nova/nova/api/openstack/wsgi.py:554}}
Aug 10 14:23:43.398137 np0000032481 devstack@n-api.service[71274]: INFO nova.api.openstack.requestlog [None req-a743b522-c9d7-4f47-bcad-8e889c5ded62 admin admin] 192.168.1.102 "POST /compute/v2.1/flavors/d2/os-extra_specs" status: 200 len: 43 microversion: 2.61 time: 0.013662
Aug 10 14:23:43.398491 np0000032481 devstack@n-api.service[71274]: [pid: 71274|app: 0|req: 7/12] 192.168.1.102 () {72 vars in 1473 bytes} [Sun Aug 10 14:23:43 2025] POST /compute/v2.1/flavors/d2/os-extra_specs => generated 43 bytes in 14 msecs (HTTP/1.1 200) 9 headers in 358 bytes (1 switches on core 0)
Aug 10 14:23:43.488230 np0000032481 devstack@n-api.service[71275]: DEBUG nova.api.openstack.wsgi [None req-12b5d7c1-4867-4b46-ba6e-cc48a64927d4 admin admin] Calling method '<bound method VersionsV2.index of <nova.api.openstack.compute.versions.VersionsV2 object at 0x7f414a532a70>>' {{(pid=71275) _process_stack /opt/stack/nova/nova/api/openstack/wsgi.py:556}}
Aug 10 14:23:43.490791 np0000032481 devstack@n-api.service[71275]: INFO nova.api.openstack.requestlog [None req-12b5d7c1-4867-4b46-ba6e-cc48a64927d4 admin admin] 192.168.1.102 "GET /compute/v2.1" status: 200 len: 392 microversion: 2.1 time: 0.002760
Aug 10 14:23:43.491027 np0000032481 devstack@n-api.service[71275]: [pid: 71275|app: 0|req: 6/13] 192.168.1.102 () {62 vars in 1068 bytes} [Sun Aug 10 14:23:43 2025] GET /compute/v2.1 => generated 392 bytes in 3 msecs (HTTP/1.1 200) 9 headers in 357 bytes (1 switches on core 0)
Aug 10 14:23:43.531996 np0000032481 devstack@n-api.service[71274]: DEBUG nova.api.openstack.wsgi [None req-c65a6763-7f48-430b-b0ab-6a3bfbb18f95 admin admin] Action: 'create', calling method: <bound method FlavorsController.create of <nova.api.openstack.compute.flavors.FlavorsController object at 0x7f414903de40>>, body: {"flavor": {"name": "ds2G", "vcpus": 2, "rxtx_factor": 1.0, "os-flavor-access:is_public": true, "disk": 10, "ram": 2048, "id": "d3", "swap": 0, "OS-FLV-EXT-DATA:ephemeral": 0}} {{(pid=71274) _process_stack /opt/stack/nova/nova/api/openstack/wsgi.py:554}}
Aug 10 14:23:43.543749 np0000032481 devstack@n-api.service[71274]: INFO nova.api.openstack.requestlog [None req-c65a6763-7f48-430b-b0ab-6a3bfbb18f95 admin admin] 192.168.1.102 "POST /compute/v2.1/flavors" status: 200 len: 410 microversion: 2.61 time: 0.043017
Aug 10 14:23:43.544015 np0000032481 devstack@n-api.service[71274]: [pid: 71274|app: 0|req: 8/14] 192.168.1.102 () {72 vars in 1420 bytes} [Sun Aug 10 14:23:43 2025] POST /compute/v2.1/flavors => generated 410 bytes in 43 msecs (HTTP/1.1 200) 9 headers in 359 bytes (1 switches on core 0)
Aug 10 14:23:43.553488 np0000032481 devstack@n-api.service[71275]: DEBUG nova.api.openstack.wsgi [None req-62fc9861-3011-4b91-bf34-e2962df562f4 admin admin] Action: 'create', calling method: <bound method FlavorExtraSpecsController.create of <nova.api.openstack.compute.flavors_extraspecs.FlavorExtraSpecsController object at 0x7f4149060ca0>>, body: {"extra_specs": {"hw_rng:allowed": "True"}} {{(pid=71275) _process_stack /opt/stack/nova/nova/api/openstack/wsgi.py:554}}
Aug 10 14:23:43.567135 np0000032481 devstack@n-api.service[71275]: INFO nova.api.openstack.requestlog [None req-62fc9861-3011-4b91-bf34-e2962df562f4 admin admin] 192.168.1.102 "POST /compute/v2.1/flavors/d3/os-extra_specs" status: 200 len: 43 microversion: 2.61 time: 0.015279
Aug 10 14:23:43.567387 np0000032481 devstack@n-api.service[71275]: [pid: 71275|app: 0|req: 7/15] 192.168.1.102 () {72 vars in 1473 bytes} [Sun Aug 10 14:23:43 2025] POST /compute/v2.1/flavors/d3/os-extra_specs => generated 43 bytes in 16 msecs (HTTP/1.1 200) 9 headers in 358 bytes (1 switches on core 0)
Aug 10 14:23:43.656791 np0000032481 devstack@n-api.service[71274]: DEBUG nova.api.openstack.wsgi [None req-c65a6763-7f48-430b-b0ab-6a3bfbb18f95 admin admin] Calling method '<bound method VersionsV2.index of <nova.api.openstack.compute.versions.VersionsV2 object at 0x7f414a516350>>' {{(pid=71274) _process_stack /opt/stack/nova/nova/api/openstack/wsgi.py:556}}
Aug 10 14:23:43.662645 np0000032481 devstack@n-api.service[71274]: INFO nova.api.openstack.requestlog [None req-c65a6763-7f48-430b-b0ab-6a3bfbb18f95 admin admin] 192.168.1.102 "GET /compute/v2.1" status: 200 len: 392 microversion: 2.1 time: 0.003056
Aug 10 14:23:43.662645 np0000032481 devstack@n-api.service[71274]: [pid: 71274|app: 0|req: 9/16] 192.168.1.102 () {62 vars in 1068 bytes} [Sun Aug 10 14:23:43 2025] GET /compute/v2.1 => generated 392 bytes in 3 msecs (HTTP/1.1 200) 9 headers in 357 bytes (1 switches on core 0)
Aug 10 14:23:43.684684 np0000032481 devstack@n-api.service[71275]: DEBUG nova.api.openstack.wsgi [None req-bb13992a-3015-4267-a080-4d5c81eea2f7 admin admin] Action: 'create', calling method: <bound method FlavorsController.create of <nova.api.openstack.compute.flavors.FlavorsController object at 0x7f414903dc30>>, body: {"flavor": {"name": "ds4G", "vcpus": 4, "rxtx_factor": 1.0, "os-flavor-access:is_public": true, "disk": 20, "ram": 4096, "id": "d4", "swap": 0, "OS-FLV-EXT-DATA:ephemeral": 0}} {{(pid=71275) _process_stack /opt/stack/nova/nova/api/openstack/wsgi.py:554}}
Aug 10 14:23:43.696078 np0000032481 devstack@n-api.service[71275]: INFO nova.api.openstack.requestlog [None req-bb13992a-3015-4267-a080-4d5c81eea2f7 admin admin] 192.168.1.102 "POST /compute/v2.1/flavors" status: 200 len: 410 microversion: 2.61 time: 0.030466
Aug 10 14:23:43.696314 np0000032481 devstack@n-api.service[71275]: [pid: 71275|app: 0|req: 8/17] 192.168.1.102 () {72 vars in 1420 bytes} [Sun Aug 10 14:23:43 2025] POST /compute/v2.1/flavors => generated 410 bytes in 31 msecs (HTTP/1.1 200) 9 headers in 359 bytes (2 switches on core 0)
Aug 10 14:23:43.705004 np0000032481 devstack@n-api.service[71274]: DEBUG nova.api.openstack.wsgi [None req-4af5378d-95d7-43cc-8f87-f927c4fa96f8 admin admin] Action: 'create', calling method: <bound method FlavorExtraSpecsController.create of <nova.api.openstack.compute.flavors_extraspecs.FlavorExtraSpecsController object at 0x7f4149064eb0>>, body: {"extra_specs": {"hw_rng:allowed": "True"}} {{(pid=71274) _process_stack /opt/stack/nova/nova/api/openstack/wsgi.py:554}}
Aug 10 14:23:43.718110 np0000032481 devstack@n-api.service[71274]: INFO nova.api.openstack.requestlog [None req-4af5378d-95d7-43cc-8f87-f927c4fa96f8 admin admin] 192.168.1.102 "POST /compute/v2.1/flavors/d4/os-extra_specs" status: 200 len: 43 microversion: 2.61 time: 0.014758
Aug 10 14:23:43.718356 np0000032481 devstack@n-api.service[71274]: [pid: 71274|app: 0|req: 10/18] 192.168.1.102 () {72 vars in 1473 bytes} [Sun Aug 10 14:23:43 2025] POST /compute/v2.1/flavors/d4/os-extra_specs => generated 43 bytes in 15 msecs (HTTP/1.1 200) 9 headers in 358 bytes (1 switches on core 0)
Aug 10 14:23:43.805439 np0000032481 devstack@n-api.service[71275]: DEBUG nova.api.openstack.wsgi [None req-bb13992a-3015-4267-a080-4d5c81eea2f7 admin admin] Calling method '<bound method VersionsV2.index of <nova.api.openstack.compute.versions.VersionsV2 object at 0x7f414a532a70>>' {{(pid=71275) _process_stack /opt/stack/nova/nova/api/openstack/wsgi.py:556}}
Aug 10 14:23:43.808335 np0000032481 devstack@n-api.service[71275]: INFO nova.api.openstack.requestlog [None req-bb13992a-3015-4267-a080-4d5c81eea2f7 admin admin] 192.168.1.102 "GET /compute/v2.1" status: 200 len: 392 microversion: 2.1 time: 0.003063
Aug 10 14:23:43.808504 np0000032481 devstack@n-api.service[71275]: [pid: 71275|app: 0|req: 9/19] 192.168.1.102 () {62 vars in 1068 bytes} [Sun Aug 10 14:23:43 2025] GET /compute/v2.1 => generated 392 bytes in 3 msecs (HTTP/1.1 200) 9 headers in 357 bytes (1 switches on core 0)
Aug 10 14:23:43.836136 np0000032481 devstack@n-api.service[71274]: DEBUG nova.api.openstack.wsgi [None req-1e8df3e8-82fa-410f-9447-d1cddc3722b8 admin admin] Calling method '<bound method FlavorsController.detail of <nova.api.openstack.compute.flavors.FlavorsController object at 0x7f414903efe0>>' {{(pid=71274) _process_stack /opt/stack/nova/nova/api/openstack/wsgi.py:556}}
Aug 10 14:23:43.850049 np0000032481 devstack@n-api.service[71274]: INFO nova.api.openstack.requestlog [None req-1e8df3e8-82fa-410f-9447-d1cddc3722b8 admin admin] 192.168.1.102 "GET /compute/v2.1/flavors/detail?is_public=True" status: 200 len: 2136 microversion: 2.61 time: 0.035993
Aug 10 14:23:43.850280 np0000032481 devstack@n-api.service[71274]: [pid: 71274|app: 0|req: 11/20] 192.168.1.102 () {68 vars in 1429 bytes} [Sun Aug 10 14:23:43 2025] GET /compute/v2.1/flavors/detail?is_public=True => generated 2136 bytes in 36 msecs (HTTP/1.1 200) 9 headers in 360 bytes (1 switches on core 0)
Aug 10 14:23:43.945177 np0000032481 devstack@n-api.service[71275]: DEBUG nova.api.openstack.wsgi [None req-bb13992a-3015-4267-a080-4d5c81eea2f7 admin admin] Calling method '<bound method VersionsV2.index of <nova.api.openstack.compute.versions.VersionsV2 object at 0x7f414a532a70>>' {{(pid=71275) _process_stack /opt/stack/nova/nova/api/openstack/wsgi.py:556}}
Aug 10 14:23:43.949479 np0000032481 devstack@n-api.service[71275]: INFO nova.api.openstack.requestlog [None req-bb13992a-3015-4267-a080-4d5c81eea2f7 admin admin] 192.168.1.102 "GET /compute/v2.1" status: 200 len: 392 microversion: 2.1 time: 0.004531
Aug 10 14:23:43.949750 np0000032481 devstack@n-api.service[71275]: [pid: 71275|app: 0|req: 10/21] 192.168.1.102 () {62 vars in 1068 bytes} [Sun Aug 10 14:23:43 2025] GET /compute/v2.1 => generated 392 bytes in 5 msecs (HTTP/1.1 200) 9 headers in 357 bytes (1 switches on core 0)
Aug 10 14:23:43.977702 np0000032481 devstack@n-api.service[71274]: DEBUG nova.api.openstack.wsgi [None req-a4d774e8-a728-42ad-b869-dde9cf8b6064 admin admin] Action: 'create', calling method: <bound method FlavorsController.create of <nova.api.openstack.compute.flavors.FlavorsController object at 0x7f414903de40>>, body: {"flavor": {"name": "m1.tiny", "vcpus": 1, "rxtx_factor": 1.0, "os-flavor-access:is_public": true, "disk": 1, "ram": 512, "id": "1", "swap": 0, "OS-FLV-EXT-DATA:ephemeral": 0}} {{(pid=71274) _process_stack /opt/stack/nova/nova/api/openstack/wsgi.py:554}}
Aug 10 14:23:43.989621 np0000032481 devstack@n-api.service[71274]: INFO nova.api.openstack.requestlog [None req-a4d774e8-a728-42ad-b869-dde9cf8b6064 admin admin] 192.168.1.102 "POST /compute/v2.1/flavors" status: 200 len: 408 microversion: 2.61 time: 0.032745
Aug 10 14:23:43.989863 np0000032481 devstack@n-api.service[71274]: [pid: 71274|app: 0|req: 12/22] 192.168.1.102 () {72 vars in 1420 bytes} [Sun Aug 10 14:23:43 2025] POST /compute/v2.1/flavors => generated 408 bytes in 33 msecs (HTTP/1.1 200) 9 headers in 359 bytes (1 switches on core 0)
Aug 10 14:23:43.999077 np0000032481 devstack@n-api.service[71275]: DEBUG nova.api.openstack.wsgi [None req-21cdfbc2-6291-4439-934e-76b278b67130 admin admin] Action: 'create', calling method: <bound method FlavorExtraSpecsController.create of <nova.api.openstack.compute.flavors_extraspecs.FlavorExtraSpecsController object at 0x7f4149060ca0>>, body: {"extra_specs": {"hw_rng:allowed": "True"}} {{(pid=71275) _process_stack /opt/stack/nova/nova/api/openstack/wsgi.py:554}}
Aug 10 14:23:44.012220 np0000032481 devstack@n-api.service[71275]: INFO nova.api.openstack.requestlog [None req-21cdfbc2-6291-4439-934e-76b278b67130 admin admin] 192.168.1.102 "POST /compute/v2.1/flavors/1/os-extra_specs" status: 200 len: 43 microversion: 2.61 time: 0.014940
Aug 10 14:23:44.012462 np0000032481 devstack@n-api.service[71275]: [pid: 71275|app: 0|req: 11/23] 192.168.1.102 () {72 vars in 1470 bytes} [Sun Aug 10 14:23:43 2025] POST /compute/v2.1/flavors/1/os-extra_specs => generated 43 bytes in 15 msecs (HTTP/1.1 200) 9 headers in 358 bytes (1 switches on core 0)
Aug 10 14:23:44.105593 np0000032481 devstack@n-api.service[71274]: DEBUG nova.api.openstack.wsgi [None req-a4d774e8-a728-42ad-b869-dde9cf8b6064 admin admin] Calling method '<bound method VersionsV2.index of <nova.api.openstack.compute.versions.VersionsV2 object at 0x7f414a516350>>' {{(pid=71274) _process_stack /opt/stack/nova/nova/api/openstack/wsgi.py:556}}
Aug 10 14:23:44.108331 np0000032481 devstack@n-api.service[71274]: INFO nova.api.openstack.requestlog [None req-a4d774e8-a728-42ad-b869-dde9cf8b6064 admin admin] 192.168.1.102 "GET /compute/v2.1" status: 200 len: 392 microversion: 2.1 time: 0.002900
Aug 10 14:23:44.108515 np0000032481 devstack@n-api.service[71274]: [pid: 71274|app: 0|req: 13/24] 192.168.1.102 () {62 vars in 1068 bytes} [Sun Aug 10 14:23:44 2025] GET /compute/v2.1 => generated 392 bytes in 3 msecs (HTTP/1.1 200) 9 headers in 357 bytes (1 switches on core 0)
Aug 10 14:23:44.139521 np0000032481 devstack@n-api.service[71275]: DEBUG nova.api.openstack.wsgi [None req-afd947f5-6186-48f2-b552-b2bb55311ec8 admin admin] Action: 'create', calling method: <bound method FlavorsController.create of <nova.api.openstack.compute.flavors.FlavorsController object at 0x7f414903dc30>>, body: {"flavor": {"name": "m1.small", "vcpus": 1, "rxtx_factor": 1.0, "os-flavor-access:is_public": true, "disk": 20, "ram": 2048, "id": "2", "swap": 0, "OS-FLV-EXT-DATA:ephemeral": 0}} {{(pid=71275) _process_stack /opt/stack/nova/nova/api/openstack/wsgi.py:554}}
Aug 10 14:23:44.152030 np0000032481 devstack@n-api.service[71275]: INFO nova.api.openstack.requestlog [None req-afd947f5-6186-48f2-b552-b2bb55311ec8 admin admin] 192.168.1.102 "POST /compute/v2.1/flavors" status: 200 len: 411 microversion: 2.61 time: 0.034240
Aug 10 14:23:44.152286 np0000032481 devstack@n-api.service[71275]: [pid: 71275|app: 0|req: 12/25] 192.168.1.102 () {72 vars in 1420 bytes} [Sun Aug 10 14:23:44 2025] POST /compute/v2.1/flavors => generated 411 bytes in 35 msecs (HTTP/1.1 200) 9 headers in 359 bytes (1 switches on core 0)
Aug 10 14:23:44.165590 np0000032481 devstack@n-api.service[71274]: DEBUG nova.api.openstack.wsgi [None req-4fc8bec0-914e-47ec-9795-617a97c6a2ba admin admin] Action: 'create', calling method: <bound method FlavorExtraSpecsController.create of <nova.api.openstack.compute.flavors_extraspecs.FlavorExtraSpecsController object at 0x7f4149064eb0>>, body: {"extra_specs": {"hw_rng:allowed": "True"}} {{(pid=71274) _process_stack /opt/stack/nova/nova/api/openstack/wsgi.py:554}}
Aug 10 14:23:44.180091 np0000032481 devstack@n-api.service[71274]: INFO nova.api.openstack.requestlog [None req-4fc8bec0-914e-47ec-9795-617a97c6a2ba admin admin] 192.168.1.102 "POST /compute/v2.1/flavors/2/os-extra_specs" status: 200 len: 43 microversion: 2.61 time: 0.016326
Aug 10 14:23:44.180362 np0000032481 devstack@n-api.service[71274]: [pid: 71274|app: 0|req: 14/26] 192.168.1.102 () {72 vars in 1470 bytes} [Sun Aug 10 14:23:44 2025] POST /compute/v2.1/flavors/2/os-extra_specs => generated 43 bytes in 17 msecs (HTTP/1.1 200) 9 headers in 358 bytes (1 switches on core 0)
Aug 10 14:23:44.279193 np0000032481 devstack@n-api.service[71275]: DEBUG nova.api.openstack.wsgi [None req-afd947f5-6186-48f2-b552-b2bb55311ec8 admin admin] Calling method '<bound method VersionsV2.index of <nova.api.openstack.compute.versions.VersionsV2 object at 0x7f414a532a70>>' {{(pid=71275) _process_stack /opt/stack/nova/nova/api/openstack/wsgi.py:556}}
Aug 10 14:23:44.282120 np0000032481 devstack@n-api.service[71275]: INFO nova.api.openstack.requestlog [None req-afd947f5-6186-48f2-b552-b2bb55311ec8 admin admin] 192.168.1.102 "GET /compute/v2.1" status: 200 len: 392 microversion: 2.1 time: 0.003114
Aug 10 14:23:44.282301 np0000032481 devstack@n-api.service[71275]: [pid: 71275|app: 0|req: 13/27] 192.168.1.102 () {62 vars in 1068 bytes} [Sun Aug 10 14:23:44 2025] GET /compute/v2.1 => generated 392 bytes in 3 msecs (HTTP/1.1 200) 9 headers in 357 bytes (1 switches on core 0)
