Aug 05 06:01:08.605055 np0000032199 devstack@n-api.service[69002]: DEBUG oslo_concurrency.lockutils [None req-752eda3a-1788-4702-9aaf-b930c126b8b2 None None] Acquiring lock "00000000-0000-0000-0000-000000000000" by "nova.context.set_target_cell.<locals>.get_or_set_cached_cell_and_set_connections" {{(pid=69002) inner /opt/stack/data/venv/lib/python3.12/site-packages/oslo_concurrency/lockutils.py:405}}
Aug 05 06:01:08.605214 np0000032199 devstack@n-api.service[69002]: DEBUG oslo_concurrency.lockutils [None req-752eda3a-1788-4702-9aaf-b930c126b8b2 None None] Lock "00000000-0000-0000-0000-000000000000" acquired by "nova.context.set_target_cell.<locals>.get_or_set_cached_cell_and_set_connections" :: waited 0.000s {{(pid=69002) inner /opt/stack/data/venv/lib/python3.12/site-packages/oslo_concurrency/lockutils.py:410}}
Aug 05 06:01:08.605456 np0000032199 devstack@n-api.service[69001]: DEBUG oslo_concurrency.lockutils [None req-387e1a21-cde0-4fbd-a646-5e931887c086 None None] Acquiring lock "00000000-0000-0000-0000-000000000000" by "nova.context.set_target_cell.<locals>.get_or_set_cached_cell_and_set_connections" {{(pid=69001) inner /opt/stack/data/venv/lib/python3.12/site-packages/oslo_concurrency/lockutils.py:405}}
Aug 05 06:01:08.605531 np0000032199 devstack@n-api.service[69002]: DEBUG oslo_concurrency.lockutils [None req-752eda3a-1788-4702-9aaf-b930c126b8b2 None None] Lock "00000000-0000-0000-0000-000000000000" "released" by "nova.context.set_target_cell.<locals>.get_or_set_cached_cell_and_set_connections" :: held 0.000s {{(pid=69002) inner /opt/stack/data/venv/lib/python3.12/site-packages/oslo_concurrency/lockutils.py:424}}
Aug 05 06:01:08.605615 np0000032199 devstack@n-api.service[69001]: DEBUG oslo_concurrency.lockutils [None req-387e1a21-cde0-4fbd-a646-5e931887c086 None None] Lock "00000000-0000-0000-0000-000000000000" acquired by "nova.context.set_target_cell.<locals>.get_or_set_cached_cell_and_set_connections" :: waited 0.000s {{(pid=69001) inner /opt/stack/data/venv/lib/python3.12/site-packages/oslo_concurrency/lockutils.py:410}}
Aug 05 06:01:08.605870 np0000032199 devstack@n-api.service[69002]: DEBUG oslo_concurrency.lockutils [None req-752eda3a-1788-4702-9aaf-b930c126b8b2 None None] Acquiring lock "548e1d79-ec2e-4ef0-9040-91f8e5537019" by "nova.context.set_target_cell.<locals>.get_or_set_cached_cell_and_set_connections" {{(pid=69002) inner /opt/stack/data/venv/lib/python3.12/site-packages/oslo_concurrency/lockutils.py:405}}
Aug 05 06:01:08.605933 np0000032199 devstack@n-api.service[69001]: DEBUG oslo_concurrency.lockutils [None req-387e1a21-cde0-4fbd-a646-5e931887c086 None None] Lock "00000000-0000-0000-0000-000000000000" "released" by "nova.context.set_target_cell.<locals>.get_or_set_cached_cell_and_set_connections" :: held 0.000s {{(pid=69001) inner /opt/stack/data/venv/lib/python3.12/site-packages/oslo_concurrency/lockutils.py:424}}
Aug 05 06:01:08.606008 np0000032199 devstack@n-api.service[69002]: DEBUG oslo_concurrency.lockutils [None req-752eda3a-1788-4702-9aaf-b930c126b8b2 None None] Lock "548e1d79-ec2e-4ef0-9040-91f8e5537019" acquired by "nova.context.set_target_cell.<locals>.get_or_set_cached_cell_and_set_connections" :: waited 0.000s {{(pid=69002) inner /opt/stack/data/venv/lib/python3.12/site-packages/oslo_concurrency/lockutils.py:410}}
Aug 05 06:01:08.606255 np0000032199 devstack@n-api.service[69001]: DEBUG oslo_concurrency.lockutils [None req-387e1a21-cde0-4fbd-a646-5e931887c086 None None] Acquiring lock "548e1d79-ec2e-4ef0-9040-91f8e5537019" by "nova.context.set_target_cell.<locals>.get_or_set_cached_cell_and_set_connections" {{(pid=69001) inner /opt/stack/data/venv/lib/python3.12/site-packages/oslo_concurrency/lockutils.py:405}}
Aug 05 06:01:08.606380 np0000032199 devstack@n-api.service[69001]: DEBUG oslo_concurrency.lockutils [None req-387e1a21-cde0-4fbd-a646-5e931887c086 None None] Lock "548e1d79-ec2e-4ef0-9040-91f8e5537019" acquired by "nova.context.set_target_cell.<locals>.get_or_set_cached_cell_and_set_connections" :: waited 0.000s {{(pid=69001) inner /opt/stack/data/venv/lib/python3.12/site-packages/oslo_concurrency/lockutils.py:410}}
Aug 05 06:01:08.606646 np0000032199 devstack@n-api.service[69002]: DEBUG oslo_concurrency.lockutils [None req-752eda3a-1788-4702-9aaf-b930c126b8b2 None None] Lock "548e1d79-ec2e-4ef0-9040-91f8e5537019" "released" by "nova.context.set_target_cell.<locals>.get_or_set_cached_cell_and_set_connections" :: held 0.001s {{(pid=69002) inner /opt/stack/data/venv/lib/python3.12/site-packages/oslo_concurrency/lockutils.py:424}}
Aug 05 06:01:08.607060 np0000032199 devstack@n-api.service[69001]: DEBUG oslo_concurrency.lockutils [None req-387e1a21-cde0-4fbd-a646-5e931887c086 None None] Lock "548e1d79-ec2e-4ef0-9040-91f8e5537019" "released" by "nova.context.set_target_cell.<locals>.get_or_set_cached_cell_and_set_connections" :: held 0.001s {{(pid=69001) inner /opt/stack/data/venv/lib/python3.12/site-packages/oslo_concurrency/lockutils.py:424}}
Aug 05 06:01:08.607735 np0000032199 devstack@n-api.service[69002]: INFO dbcounter [None req-752eda3a-1788-4702-9aaf-b930c126b8b2 None None] Registered counter for database nova_cell0
Aug 05 06:01:08.608148 np0000032199 devstack@n-api.service[69001]: INFO dbcounter [None req-387e1a21-cde0-4fbd-a646-5e931887c086 None None] Registered counter for database nova_cell0
Aug 05 06:01:08.609523 np0000032199 devstack@n-api.service[69002]: INFO dbcounter [None req-752eda3a-1788-4702-9aaf-b930c126b8b2 None None] Registered counter for database nova_cell1
Aug 05 06:01:08.609920 np0000032199 devstack@n-api.service[69001]: INFO dbcounter [None req-387e1a21-cde0-4fbd-a646-5e931887c086 None None] Registered counter for database nova_cell1
Aug 05 06:01:08.612282 np0000032199 devstack@n-api.service[69002]: DEBUG oslo_db.sqlalchemy.engines [None req-752eda3a-1788-4702-9aaf-b930c126b8b2 None None] MySQL server mode set to STRICT_TRANS_TABLES,STRICT_ALL_TABLES,NO_ZERO_IN_DATE,NO_ZERO_DATE,ERROR_FOR_DIVISION_BY_ZERO,TRADITIONAL,NO_ENGINE_SUBSTITUTION {{(pid=69002) _check_effective_sql_mode /opt/stack/data/venv/lib/python3.12/site-packages/oslo_db/sqlalchemy/engines.py:397}}
Aug 05 06:01:08.615819 np0000032199 devstack@n-api.service[69001]: DEBUG oslo_db.sqlalchemy.engines [None req-387e1a21-cde0-4fbd-a646-5e931887c086 None None] MySQL server mode set to STRICT_TRANS_TABLES,STRICT_ALL_TABLES,NO_ZERO_IN_DATE,NO_ZERO_DATE,ERROR_FOR_DIVISION_BY_ZERO,TRADITIONAL,NO_ENGINE_SUBSTITUTION {{(pid=69001) _check_effective_sql_mode /opt/stack/data/venv/lib/python3.12/site-packages/oslo_db/sqlalchemy/engines.py:397}}
Aug 05 06:01:08.671724 np0000032199 devstack@n-api.service[69002]: DEBUG oslo_db.sqlalchemy.engines [None req-752eda3a-1788-4702-9aaf-b930c126b8b2 None None] MySQL server mode set to STRICT_TRANS_TABLES,STRICT_ALL_TABLES,NO_ZERO_IN_DATE,NO_ZERO_DATE,ERROR_FOR_DIVISION_BY_ZERO,TRADITIONAL,NO_ENGINE_SUBSTITUTION {{(pid=69002) _check_effective_sql_mode /opt/stack/data/venv/lib/python3.12/site-packages/oslo_db/sqlalchemy/engines.py:397}}
Aug 05 06:01:08.672030 np0000032199 devstack@n-api.service[69002]: DEBUG dbcounter [-] [69002] Writer thread running {{(pid=69002) stat_writer /opt/stack/data/venv/lib/python3.12/site-packages/dbcounter.py:102}}
Aug 05 06:01:08.675398 np0000032199 devstack@n-api.service[69002]: DEBUG dbcounter [-] [69002] Writer thread running {{(pid=69002) stat_writer /opt/stack/data/venv/lib/python3.12/site-packages/dbcounter.py:102}}
Aug 05 06:01:08.675502 np0000032199 devstack@n-api.service[69001]: DEBUG oslo_db.sqlalchemy.engines [None req-387e1a21-cde0-4fbd-a646-5e931887c086 None None] MySQL server mode set to STRICT_TRANS_TABLES,STRICT_ALL_TABLES,NO_ZERO_IN_DATE,NO_ZERO_DATE,ERROR_FOR_DIVISION_BY_ZERO,TRADITIONAL,NO_ENGINE_SUBSTITUTION {{(pid=69001) _check_effective_sql_mode /opt/stack/data/venv/lib/python3.12/site-packages/oslo_db/sqlalchemy/engines.py:397}}
Aug 05 06:01:08.675792 np0000032199 devstack@n-api.service[69001]: DEBUG dbcounter [-] [69001] Writer thread running {{(pid=69001) stat_writer /opt/stack/data/venv/lib/python3.12/site-packages/dbcounter.py:102}}
Aug 05 06:01:08.677226 np0000032199 devstack@n-api.service[69002]: INFO dbcounter [None req-752eda3a-1788-4702-9aaf-b930c126b8b2 None None] Registered counter for database nova_cell0
Aug 05 06:01:08.679186 np0000032199 devstack@n-api.service[69001]: DEBUG dbcounter [-] [69001] Writer thread running {{(pid=69001) stat_writer /opt/stack/data/venv/lib/python3.12/site-packages/dbcounter.py:102}}
Aug 05 06:01:08.680958 np0000032199 devstack@n-api.service[69001]: INFO dbcounter [None req-387e1a21-cde0-4fbd-a646-5e931887c086 None None] Registered counter for database nova_cell0
Aug 05 06:01:08.681960 np0000032199 devstack@n-api.service[69002]: DEBUG oslo_db.sqlalchemy.engines [None req-752eda3a-1788-4702-9aaf-b930c126b8b2 None None] MySQL server mode set to STRICT_TRANS_TABLES,STRICT_ALL_TABLES,NO_ZERO_IN_DATE,NO_ZERO_DATE,ERROR_FOR_DIVISION_BY_ZERO,TRADITIONAL,NO_ENGINE_SUBSTITUTION {{(pid=69002) _check_effective_sql_mode /opt/stack/data/venv/lib/python3.12/site-packages/oslo_db/sqlalchemy/engines.py:397}}
Aug 05 06:01:08.685442 np0000032199 devstack@n-api.service[69002]: DEBUG dbcounter [-] [69002] Writer thread running {{(pid=69002) stat_writer /opt/stack/data/venv/lib/python3.12/site-packages/dbcounter.py:102}}
Aug 05 06:01:08.685653 np0000032199 devstack@n-api.service[69001]: DEBUG oslo_db.sqlalchemy.engines [None req-387e1a21-cde0-4fbd-a646-5e931887c086 None None] MySQL server mode set to STRICT_TRANS_TABLES,STRICT_ALL_TABLES,NO_ZERO_IN_DATE,NO_ZERO_DATE,ERROR_FOR_DIVISION_BY_ZERO,TRADITIONAL,NO_ENGINE_SUBSTITUTION {{(pid=69001) _check_effective_sql_mode /opt/stack/data/venv/lib/python3.12/site-packages/oslo_db/sqlalchemy/engines.py:397}}
Aug 05 06:01:08.689092 np0000032199 devstack@n-api.service[69001]: DEBUG dbcounter [-] [69001] Writer thread running {{(pid=69001) stat_writer /opt/stack/data/venv/lib/python3.12/site-packages/dbcounter.py:102}}
Aug 05 06:01:09.033524 np0000032199 devstack@n-api.service[69001]: DEBUG oslo_concurrency.processutils [None req-387e1a21-cde0-4fbd-a646-5e931887c086 None None] Running cmd (subprocess): grep -F node.session.scan /sbin/iscsiadm {{(pid=69001) execute /opt/stack/data/venv/lib/python3.12/site-packages/oslo_concurrency/processutils.py:349}}
Aug 05 06:01:09.038936 np0000032199 devstack@n-api.service[69002]: DEBUG oslo_concurrency.processutils [None req-752eda3a-1788-4702-9aaf-b930c126b8b2 None None] Running cmd (subprocess): grep -F node.session.scan /sbin/iscsiadm {{(pid=69002) execute /opt/stack/data/venv/lib/python3.12/site-packages/oslo_concurrency/processutils.py:349}}
Aug 05 06:01:09.040424 np0000032199 devstack@n-api.service[69001]: DEBUG oslo_concurrency.processutils [None req-387e1a21-cde0-4fbd-a646-5e931887c086 None None] CMD "grep -F node.session.scan /sbin/iscsiadm" returned: 0 in 0.007s {{(pid=69001) execute /opt/stack/data/venv/lib/python3.12/site-packages/oslo_concurrency/processutils.py:372}}
Aug 05 06:01:09.045309 np0000032199 devstack@n-api.service[69002]: DEBUG oslo_concurrency.processutils [None req-752eda3a-1788-4702-9aaf-b930c126b8b2 None None] CMD "grep -F node.session.scan /sbin/iscsiadm" returned: 0 in 0.007s {{(pid=69002) execute /opt/stack/data/venv/lib/python3.12/site-packages/oslo_concurrency/processutils.py:372}}
Aug 05 06:01:09.328295 np0000032199 devstack@n-api.service[69001]: WARNING keystonemiddleware.auth_token [None req-387e1a21-cde0-4fbd-a646-5e931887c086 None None] AuthToken middleware is set with keystone_authtoken.service_token_roles_required set to False. This is backwards compatible but deprecated behaviour. Please set this to True.
Aug 05 06:01:09.328351 np0000032199 devstack@n-api.service[69002]: WARNING keystonemiddleware.auth_token [None req-752eda3a-1788-4702-9aaf-b930c126b8b2 None None] AuthToken middleware is set with keystone_authtoken.service_token_roles_required set to False. This is backwards compatible but deprecated behaviour. Please set this to True.
Aug 05 06:01:09.331513 np0000032199 devstack@n-api.service[69001]: WARNING keystonemiddleware.auth_token [None req-387e1a21-cde0-4fbd-a646-5e931887c086 None None] Configuring www_authenticate_uri to point to the public identity endpoint is required; clients may not be able to authenticate against an admin endpoint
Aug 05 06:01:09.331558 np0000032199 devstack@n-api.service[69002]: WARNING keystonemiddleware.auth_token [None req-752eda3a-1788-4702-9aaf-b930c126b8b2 None None] Configuring www_authenticate_uri to point to the public identity endpoint is required; clients may not be able to authenticate against an admin endpoint
Aug 05 06:01:09.484774 np0000032199 devstack@n-api.service[69002]: WARNING keystonemiddleware.auth_token [None req-752eda3a-1788-4702-9aaf-b930c126b8b2 None None] AuthToken middleware is set with keystone_authtoken.service_token_roles_required set to False. This is backwards compatible but deprecated behaviour. Please set this to True.
Aug 05 06:01:09.485023 np0000032199 devstack@n-api.service[69001]: WARNING keystonemiddleware.auth_token [None req-387e1a21-cde0-4fbd-a646-5e931887c086 None None] AuthToken middleware is set with keystone_authtoken.service_token_roles_required set to False. This is backwards compatible but deprecated behaviour. Please set this to True.
Aug 05 06:01:09.487227 np0000032199 devstack@n-api.service[69002]: WARNING keystonemiddleware.auth_token [None req-752eda3a-1788-4702-9aaf-b930c126b8b2 None None] Configuring www_authenticate_uri to point to the public identity endpoint is required; clients may not be able to authenticate against an admin endpoint
Aug 05 06:01:09.487457 np0000032199 devstack@n-api.service[69001]: WARNING keystonemiddleware.auth_token [None req-387e1a21-cde0-4fbd-a646-5e931887c086 None None] Configuring www_authenticate_uri to point to the public identity endpoint is required; clients may not be able to authenticate against an admin endpoint
Aug 05 06:01:09.489068 np0000032199 devstack@n-api.service[69002]: WSGI app 0 (mountpoint='') ready in 2 seconds on interpreter 0x7c34fb2a39e8 pid: 69002 (default app)
Aug 05 06:01:09.489294 np0000032199 devstack@n-api.service[69001]: WSGI app 0 (mountpoint='') ready in 2 seconds on interpreter 0x7c34fb2a39e8 pid: 69001 (default app)
Aug 05 06:01:09.489968 np0000032199 devstack@n-api.service[69002]: DEBUG nova.api.openstack.wsgi [None req-752eda3a-1788-4702-9aaf-b930c126b8b2 None None] Calling method '<bound method VersionsV2.index of <nova.api.openstack.compute.versions.VersionsV2 object at 0x7c34f486a8d0>>' {{(pid=69002) _process_stack /opt/stack/nova/nova/api/openstack/wsgi.py:552}}
Aug 05 06:01:09.492480 np0000032199 devstack@n-api.service[69002]: INFO nova.api.openstack.requestlog [None req-752eda3a-1788-4702-9aaf-b930c126b8b2 None None] 192.168.1.119 "GET /compute/v2.1/" status: 200 len: 391 microversion: 2.1 time: 0.002743
Aug 05 06:01:09.492654 np0000032199 devstack@n-api.service[69002]: [pid: 69002|app: 0|req: 1/1] 192.168.1.119 () {50 vars in 771 bytes} [Tue Aug  5 06:01:09 2025] GET /compute/v2.1/ => generated 391 bytes in 3 msecs (HTTP/1.1 200) 9 headers in 357 bytes (1 switches on core 0)
Aug 05 06:01:42.543417 np0000032199 devstack@n-api.service[69001]: DEBUG nova.api.openstack.wsgi [None req-387e1a21-cde0-4fbd-a646-5e931887c086 None None] Calling method '<bound method VersionsV2.index of <nova.api.openstack.compute.versions.VersionsV2 object at 0x7c34f54f5d60>>' {{(pid=69001) _process_stack /opt/stack/nova/nova/api/openstack/wsgi.py:552}}
Aug 05 06:01:42.546551 np0000032199 devstack@n-api.service[69001]: INFO nova.api.openstack.requestlog [None req-387e1a21-cde0-4fbd-a646-5e931887c086 None None] 192.168.1.119 "GET /compute/v2.1" status: 200 len: 392 microversion: 2.1 time: 0.003664
Aug 05 06:01:42.546741 np0000032199 devstack@n-api.service[69001]: [pid: 69001|app: 0|req: 1/2] 192.168.1.119 () {62 vars in 1056 bytes} [Tue Aug  5 06:01:42 2025] GET /compute/v2.1 => generated 392 bytes in 5 msecs (HTTP/1.1 200) 9 headers in 357 bytes (1 switches on core 0)
Aug 05 06:01:42.556179 np0000032199 devstack@n-api.service[69002]: DEBUG dbcounter [-] [69002] Writing DB stats nova_api:SELECT=1 {{(pid=69002) stat_writer /opt/stack/data/venv/lib/python3.12/site-packages/dbcounter.py:115}}
Aug 05 06:01:42.556887 np0000032199 devstack@n-api.service[69002]: DEBUG dbcounter [-] [69002] Writing DB stats nova_cell0:SELECT=1 {{(pid=69002) stat_writer /opt/stack/data/venv/lib/python3.12/site-packages/dbcounter.py:115}}
Aug 05 06:01:42.557161 np0000032199 devstack@n-api.service[69002]: DEBUG dbcounter [-] [69002] Writing DB stats nova_cell1:SELECT=1 {{(pid=69002) stat_writer /opt/stack/data/venv/lib/python3.12/site-packages/dbcounter.py:115}}
Aug 05 06:01:42.557810 np0000032199 devstack@n-api.service[69002]: DEBUG dbcounter [-] [69002] Writing DB stats nova_cell0:SELECT=2,nova_cell0:INSERT=1 {{(pid=69002) stat_writer /opt/stack/data/venv/lib/python3.12/site-packages/dbcounter.py:115}}
Aug 05 06:01:42.665409 np0000032199 devstack@n-api.service[69002]: DEBUG nova.api.openstack.wsgi [None req-7a62b2c7-4e59-4243-afa3-a510bd34154f admin admin] Calling method '<bound method FlavorsController.detail of <nova.api.openstack.compute.flavors.FlavorsController object at 0x7c34f42bab70>>' {{(pid=69002) _process_stack /opt/stack/nova/nova/api/openstack/wsgi.py:552}}
Aug 05 06:01:42.681675 np0000032199 devstack@n-api.service[69002]: INFO nova.api.openstack.requestlog [None req-7a62b2c7-4e59-4243-afa3-a510bd34154f admin admin] 192.168.1.119 "GET /compute/v2.1/flavors/detail?is_public=True" status: 200 len: 15 microversion: 2.61 time: 0.129944
Aug 05 06:01:42.681925 np0000032199 devstack@n-api.service[69002]: [pid: 69002|app: 0|req: 2/3] 192.168.1.119 () {68 vars in 1417 bytes} [Tue Aug  5 06:01:42 2025] GET /compute/v2.1/flavors/detail?is_public=True => generated 15 bytes in 130 msecs (HTTP/1.1 200) 9 headers in 358 bytes (1 switches on core 0)
Aug 05 06:01:42.760555 np0000032199 devstack@n-api.service[69001]: DEBUG dbcounter [-] [69001] Writing DB stats nova_api:SELECT=1 {{(pid=69001) stat_writer /opt/stack/data/venv/lib/python3.12/site-packages/dbcounter.py:115}}
Aug 05 06:01:42.762933 np0000032199 devstack@n-api.service[69001]: DEBUG dbcounter [-] [69001] Writing DB stats nova_cell0:SELECT=1 {{(pid=69001) stat_writer /opt/stack/data/venv/lib/python3.12/site-packages/dbcounter.py:115}}
Aug 05 06:01:42.762933 np0000032199 devstack@n-api.service[69001]: DEBUG dbcounter [-] [69001] Writing DB stats nova_cell1:SELECT=1 {{(pid=69001) stat_writer /opt/stack/data/venv/lib/python3.12/site-packages/dbcounter.py:115}}
Aug 05 06:01:42.762933 np0000032199 devstack@n-api.service[69001]: DEBUG dbcounter [-] [69001] Writing DB stats nova_cell0:SELECT=2,nova_cell0:INSERT=1 {{(pid=69001) stat_writer /opt/stack/data/venv/lib/python3.12/site-packages/dbcounter.py:115}}
Aug 05 06:01:42.818399 np0000032199 devstack@n-api.service[69001]: DEBUG nova.api.openstack.wsgi [None req-8cd3cf77-5ca5-40ab-9da9-0a25dcc68061 admin admin] Action: 'create', calling method: <bound method FlavorsController.create of <nova.api.openstack.compute.flavors.FlavorsController object at 0x7c34f42b6a80>>, body: {"flavor": {"os-flavor-access:is_public": true, "rxtx_factor": 1.0, "id": "c1", "disk": 1, "swap": 0, "ram": 256, "vcpus": 1, "name": "cirros256", "OS-FLV-EXT-DATA:ephemeral": 0}} {{(pid=69001) _process_stack /opt/stack/nova/nova/api/openstack/wsgi.py:550}}
Aug 05 06:01:42.846703 np0000032199 devstack@n-api.service[69001]: INFO nova.api.openstack.requestlog [None req-8cd3cf77-5ca5-40ab-9da9-0a25dcc68061 admin admin] 192.168.1.119 "POST /compute/v2.1/flavors" status: 200 len: 413 microversion: 2.61 time: 0.090127
Aug 05 06:01:42.847061 np0000032199 devstack@n-api.service[69001]: [pid: 69001|app: 0|req: 2/4] 192.168.1.119 () {72 vars in 1408 bytes} [Tue Aug  5 06:01:42 2025] POST /compute/v2.1/flavors => generated 413 bytes in 90 msecs (HTTP/1.1 200) 9 headers in 359 bytes (1 switches on core 0)
Aug 05 06:01:42.856263 np0000032199 devstack@n-api.service[69002]: DEBUG nova.api.openstack.wsgi [None req-6b3ebcf5-df09-4f1b-bca6-9afa2c75f1e2 admin admin] Action: 'create', calling method: <bound method FlavorExtraSpecsController.create of <nova.api.openstack.compute.flavors_extraspecs.FlavorExtraSpecsController object at 0x7c34f42bb2c0>>, body: {"extra_specs": {"hw_rng:allowed": "True"}} {{(pid=69002) _process_stack /opt/stack/nova/nova/api/openstack/wsgi.py:550}}
Aug 05 06:01:42.877956 np0000032199 devstack@n-api.service[69002]: INFO nova.api.openstack.requestlog [None req-6b3ebcf5-df09-4f1b-bca6-9afa2c75f1e2 admin admin] 192.168.1.119 "POST /compute/v2.1/flavors/c1/os-extra_specs" status: 200 len: 43 microversion: 2.61 time: 0.024416
Aug 05 06:01:42.878283 np0000032199 devstack@n-api.service[69002]: [pid: 69002|app: 0|req: 3/5] 192.168.1.119 () {72 vars in 1461 bytes} [Tue Aug  5 06:01:42 2025] POST /compute/v2.1/flavors/c1/os-extra_specs => generated 43 bytes in 25 msecs (HTTP/1.1 200) 9 headers in 358 bytes (1 switches on core 0)
Aug 05 06:01:42.962831 np0000032199 devstack@n-api.service[69001]: DEBUG nova.api.openstack.wsgi [None req-0ae6569f-09b7-4cf3-9605-b63b4e5c52c7 admin admin] Action: 'create', calling method: <bound method FlavorsController.create of <nova.api.openstack.compute.flavors.FlavorsController object at 0x7c34f42b6a80>>, body: {"flavor": {"os-flavor-access:is_public": true, "rxtx_factor": 1.0, "id": "d1", "disk": 5, "swap": 0, "ram": 512, "vcpus": 1, "name": "ds512M", "OS-FLV-EXT-DATA:ephemeral": 0}} {{(pid=69001) _process_stack /opt/stack/nova/nova/api/openstack/wsgi.py:550}}
Aug 05 06:01:42.975131 np0000032199 devstack@n-api.service[69001]: INFO nova.api.openstack.requestlog [None req-0ae6569f-09b7-4cf3-9605-b63b4e5c52c7 admin admin] 192.168.1.119 "POST /compute/v2.1/flavors" status: 200 len: 410 microversion: 2.61 time: 0.013882
Aug 05 06:01:42.975361 np0000032199 devstack@n-api.service[69001]: [pid: 69001|app: 0|req: 3/6] 192.168.1.119 () {72 vars in 1408 bytes} [Tue Aug  5 06:01:42 2025] POST /compute/v2.1/flavors => generated 410 bytes in 14 msecs (HTTP/1.1 200) 9 headers in 359 bytes (1 switches on core 0)
Aug 05 06:01:42.983850 np0000032199 devstack@n-api.service[69002]: DEBUG nova.api.openstack.wsgi [None req-3af4bdd4-537e-4005-a92c-cf4b80df4271 admin admin] Action: 'create', calling method: <bound method FlavorExtraSpecsController.create of <nova.api.openstack.compute.flavors_extraspecs.FlavorExtraSpecsController object at 0x7c34f42bb2c0>>, body: {"extra_specs": {"hw_rng:allowed": "True"}} {{(pid=69002) _process_stack /opt/stack/nova/nova/api/openstack/wsgi.py:550}}
Aug 05 06:01:42.998116 np0000032199 devstack@n-api.service[69002]: INFO nova.api.openstack.requestlog [None req-3af4bdd4-537e-4005-a92c-cf4b80df4271 admin admin] 192.168.1.119 "POST /compute/v2.1/flavors/d1/os-extra_specs" status: 200 len: 43 microversion: 2.61 time: 0.016556
Aug 05 06:01:42.998316 np0000032199 devstack@n-api.service[69002]: [pid: 69002|app: 0|req: 4/7] 192.168.1.119 () {72 vars in 1461 bytes} [Tue Aug  5 06:01:42 2025] POST /compute/v2.1/flavors/d1/os-extra_specs => generated 43 bytes in 17 msecs (HTTP/1.1 200) 9 headers in 358 bytes (1 switches on core 0)
Aug 05 06:01:43.083835 np0000032199 devstack@n-api.service[69001]: DEBUG nova.api.openstack.wsgi [None req-8a61fa88-644d-4d76-8e9b-2b5dc74f1707 admin admin] Action: 'create', calling method: <bound method FlavorsController.create of <nova.api.openstack.compute.flavors.FlavorsController object at 0x7c34f42b6a80>>, body: {"flavor": {"os-flavor-access:is_public": true, "rxtx_factor": 1.0, "id": "d2", "disk": 10, "swap": 0, "ram": 1024, "vcpus": 1, "name": "ds1G", "OS-FLV-EXT-DATA:ephemeral": 0}} {{(pid=69001) _process_stack /opt/stack/nova/nova/api/openstack/wsgi.py:550}}
Aug 05 06:01:43.095116 np0000032199 devstack@n-api.service[69001]: INFO nova.api.openstack.requestlog [None req-8a61fa88-644d-4d76-8e9b-2b5dc74f1707 admin admin] 192.168.1.119 "POST /compute/v2.1/flavors" status: 200 len: 410 microversion: 2.61 time: 0.012856
Aug 05 06:01:43.095341 np0000032199 devstack@n-api.service[69001]: [pid: 69001|app: 0|req: 4/8] 192.168.1.119 () {72 vars in 1408 bytes} [Tue Aug  5 06:01:43 2025] POST /compute/v2.1/flavors => generated 410 bytes in 13 msecs (HTTP/1.1 200) 9 headers in 359 bytes (1 switches on core 0)
Aug 05 06:01:43.105226 np0000032199 devstack@n-api.service[69002]: DEBUG nova.api.openstack.wsgi [None req-ff7f2ab5-225f-41d6-955b-37338c31169f admin admin] Action: 'create', calling method: <bound method FlavorExtraSpecsController.create of <nova.api.openstack.compute.flavors_extraspecs.FlavorExtraSpecsController object at 0x7c34f42bb2c0>>, body: {"extra_specs": {"hw_rng:allowed": "True"}} {{(pid=69002) _process_stack /opt/stack/nova/nova/api/openstack/wsgi.py:550}}
Aug 05 06:01:43.118321 np0000032199 devstack@n-api.service[69002]: INFO nova.api.openstack.requestlog [None req-ff7f2ab5-225f-41d6-955b-37338c31169f admin admin] 192.168.1.119 "POST /compute/v2.1/flavors/d2/os-extra_specs" status: 200 len: 43 microversion: 2.61 time: 0.014560
Aug 05 06:01:43.118619 np0000032199 devstack@n-api.service[69002]: [pid: 69002|app: 0|req: 5/9] 192.168.1.119 () {72 vars in 1461 bytes} [Tue Aug  5 06:01:43 2025] POST /compute/v2.1/flavors/d2/os-extra_specs => generated 43 bytes in 15 msecs (HTTP/1.1 200) 9 headers in 358 bytes (1 switches on core 0)
Aug 05 06:01:43.195606 np0000032199 devstack@n-api.service[69001]: DEBUG nova.api.openstack.wsgi [None req-e8f121be-9171-47f6-a372-de41a1ad3308 admin admin] Action: 'create', calling method: <bound method FlavorsController.create of <nova.api.openstack.compute.flavors.FlavorsController object at 0x7c34f42b6a80>>, body: {"flavor": {"os-flavor-access:is_public": true, "rxtx_factor": 1.0, "id": "d3", "disk": 10, "swap": 0, "ram": 2048, "vcpus": 2, "name": "ds2G", "OS-FLV-EXT-DATA:ephemeral": 0}} {{(pid=69001) _process_stack /opt/stack/nova/nova/api/openstack/wsgi.py:550}}
Aug 05 06:01:43.206376 np0000032199 devstack@n-api.service[69001]: INFO nova.api.openstack.requestlog [None req-e8f121be-9171-47f6-a372-de41a1ad3308 admin admin] 192.168.1.119 "POST /compute/v2.1/flavors" status: 200 len: 410 microversion: 2.61 time: 0.012164
Aug 05 06:01:43.206594 np0000032199 devstack@n-api.service[69001]: [pid: 69001|app: 0|req: 5/10] 192.168.1.119 () {72 vars in 1408 bytes} [Tue Aug  5 06:01:43 2025] POST /compute/v2.1/flavors => generated 410 bytes in 12 msecs (HTTP/1.1 200) 9 headers in 359 bytes (1 switches on core 0)
Aug 05 06:01:43.213659 np0000032199 devstack@n-api.service[69002]: DEBUG nova.api.openstack.wsgi [None req-aadbef13-745b-46e1-a112-d38894c4ca6b admin admin] Action: 'create', calling method: <bound method FlavorExtraSpecsController.create of <nova.api.openstack.compute.flavors_extraspecs.FlavorExtraSpecsController object at 0x7c34f42bb2c0>>, body: {"extra_specs": {"hw_rng:allowed": "True"}} {{(pid=69002) _process_stack /opt/stack/nova/nova/api/openstack/wsgi.py:550}}
Aug 05 06:01:43.225053 np0000032199 devstack@n-api.service[69002]: INFO nova.api.openstack.requestlog [None req-aadbef13-745b-46e1-a112-d38894c4ca6b admin admin] 192.168.1.119 "POST /compute/v2.1/flavors/d3/os-extra_specs" status: 200 len: 43 microversion: 2.61 time: 0.012801
Aug 05 06:01:43.225262 np0000032199 devstack@n-api.service[69002]: [pid: 69002|app: 0|req: 6/11] 192.168.1.119 () {72 vars in 1461 bytes} [Tue Aug  5 06:01:43 2025] POST /compute/v2.1/flavors/d3/os-extra_specs => generated 43 bytes in 13 msecs (HTTP/1.1 200) 9 headers in 358 bytes (1 switches on core 0)
Aug 05 06:01:43.315670 np0000032199 devstack@n-api.service[69001]: DEBUG nova.api.openstack.wsgi [None req-807533cd-df5a-4c4e-869d-df16be137f71 admin admin] Action: 'create', calling method: <bound method FlavorsController.create of <nova.api.openstack.compute.flavors.FlavorsController object at 0x7c34f42b6a80>>, body: {"flavor": {"os-flavor-access:is_public": true, "rxtx_factor": 1.0, "id": "d4", "disk": 20, "swap": 0, "ram": 4096, "vcpus": 4, "name": "ds4G", "OS-FLV-EXT-DATA:ephemeral": 0}} {{(pid=69001) _process_stack /opt/stack/nova/nova/api/openstack/wsgi.py:550}}
Aug 05 06:01:43.326307 np0000032199 devstack@n-api.service[69001]: INFO nova.api.openstack.requestlog [None req-807533cd-df5a-4c4e-869d-df16be137f71 admin admin] 192.168.1.119 "POST /compute/v2.1/flavors" status: 200 len: 410 microversion: 2.61 time: 0.012063
Aug 05 06:01:43.326532 np0000032199 devstack@n-api.service[69001]: [pid: 69001|app: 0|req: 6/12] 192.168.1.119 () {72 vars in 1408 bytes} [Tue Aug  5 06:01:43 2025] POST /compute/v2.1/flavors => generated 410 bytes in 12 msecs (HTTP/1.1 200) 9 headers in 359 bytes (1 switches on core 0)
Aug 05 06:01:43.333781 np0000032199 devstack@n-api.service[69002]: DEBUG nova.api.openstack.wsgi [None req-8219834c-5a60-410c-9da5-669629cf8664 admin admin] Action: 'create', calling method: <bound method FlavorExtraSpecsController.create of <nova.api.openstack.compute.flavors_extraspecs.FlavorExtraSpecsController object at 0x7c34f42bb2c0>>, body: {"extra_specs": {"hw_rng:allowed": "True"}} {{(pid=69002) _process_stack /opt/stack/nova/nova/api/openstack/wsgi.py:550}}
Aug 05 06:01:43.344859 np0000032199 devstack@n-api.service[69002]: INFO nova.api.openstack.requestlog [None req-8219834c-5a60-410c-9da5-669629cf8664 admin admin] 192.168.1.119 "POST /compute/v2.1/flavors/d4/os-extra_specs" status: 200 len: 43 microversion: 2.61 time: 0.012513
Aug 05 06:01:43.345088 np0000032199 devstack@n-api.service[69002]: [pid: 69002|app: 0|req: 7/13] 192.168.1.119 () {72 vars in 1461 bytes} [Tue Aug  5 06:01:43 2025] POST /compute/v2.1/flavors/d4/os-extra_specs => generated 43 bytes in 13 msecs (HTTP/1.1 200) 9 headers in 358 bytes (1 switches on core 0)
Aug 05 06:01:43.426177 np0000032199 devstack@n-api.service[69001]: DEBUG nova.api.openstack.wsgi [None req-2a7c9436-17a9-4b0e-94fd-bb6eedb5e27c admin admin] Calling method '<bound method FlavorsController.detail of <nova.api.openstack.compute.flavors.FlavorsController object at 0x7c34f42b6bd0>>' {{(pid=69001) _process_stack /opt/stack/nova/nova/api/openstack/wsgi.py:552}}
Aug 05 06:01:43.443495 np0000032199 devstack@n-api.service[69001]: INFO nova.api.openstack.requestlog [None req-2a7c9436-17a9-4b0e-94fd-bb6eedb5e27c admin admin] 192.168.1.119 "GET /compute/v2.1/flavors/detail?is_public=True" status: 200 len: 2136 microversion: 2.61 time: 0.018654
Aug 05 06:01:43.443495 np0000032199 devstack@n-api.service[69001]: [pid: 69001|app: 0|req: 7/14] 192.168.1.119 () {68 vars in 1417 bytes} [Tue Aug  5 06:01:43 2025] GET /compute/v2.1/flavors/detail?is_public=True => generated 2136 bytes in 19 msecs (HTTP/1.1 200) 9 headers in 360 bytes (1 switches on core 0)
Aug 05 06:01:43.524395 np0000032199 devstack@n-api.service[69002]: DEBUG nova.api.openstack.wsgi [None req-b31311e4-f5e6-4cac-96a2-8ab78171fcb5 admin admin] Action: 'create', calling method: <bound method FlavorsController.create of <nova.api.openstack.compute.flavors.FlavorsController object at 0x7c34f42baa20>>, body: {"flavor": {"os-flavor-access:is_public": true, "rxtx_factor": 1.0, "id": "1", "disk": 1, "swap": 0, "ram": 512, "vcpus": 1, "name": "m1.tiny", "OS-FLV-EXT-DATA:ephemeral": 0}} {{(pid=69002) _process_stack /opt/stack/nova/nova/api/openstack/wsgi.py:550}}
Aug 05 06:01:43.543758 np0000032199 devstack@n-api.service[69002]: INFO nova.api.openstack.requestlog [None req-b31311e4-f5e6-4cac-96a2-8ab78171fcb5 admin admin] 192.168.1.119 "POST /compute/v2.1/flavors" status: 200 len: 408 microversion: 2.61 time: 0.020807
Aug 05 06:01:43.544011 np0000032199 devstack@n-api.service[69002]: [pid: 69002|app: 0|req: 8/15] 192.168.1.119 () {72 vars in 1408 bytes} [Tue Aug  5 06:01:43 2025] POST /compute/v2.1/flavors => generated 408 bytes in 21 msecs (HTTP/1.1 200) 9 headers in 359 bytes (1 switches on core 0)
Aug 05 06:01:43.552142 np0000032199 devstack@n-api.service[69001]: DEBUG nova.api.openstack.wsgi [None req-4bd7055b-51ee-4db6-8966-364bf5b2139c admin admin] Action: 'create', calling method: <bound method FlavorExtraSpecsController.create of <nova.api.openstack.compute.flavors_extraspecs.FlavorExtraSpecsController object at 0x7c34f42b7320>>, body: {"extra_specs": {"hw_rng:allowed": "True"}} {{(pid=69001) _process_stack /opt/stack/nova/nova/api/openstack/wsgi.py:550}}
Aug 05 06:01:43.572111 np0000032199 devstack@n-api.service[69001]: INFO nova.api.openstack.requestlog [None req-4bd7055b-51ee-4db6-8966-364bf5b2139c admin admin] 192.168.1.119 "POST /compute/v2.1/flavors/1/os-extra_specs" status: 200 len: 43 microversion: 2.61 time: 0.021380
Aug 05 06:01:43.572360 np0000032199 devstack@n-api.service[69001]: [pid: 69001|app: 0|req: 8/16] 192.168.1.119 () {72 vars in 1458 bytes} [Tue Aug  5 06:01:43 2025] POST /compute/v2.1/flavors/1/os-extra_specs => generated 43 bytes in 22 msecs (HTTP/1.1 200) 9 headers in 358 bytes (1 switches on core 0)
Aug 05 06:01:43.652853 np0000032199 devstack@n-api.service[69002]: DEBUG nova.api.openstack.wsgi [None req-0e37f41e-5d56-49b0-9308-0d4a6b719be3 admin admin] Action: 'create', calling method: <bound method FlavorsController.create of <nova.api.openstack.compute.flavors.FlavorsController object at 0x7c34f42baa20>>, body: {"flavor": {"os-flavor-access:is_public": true, "rxtx_factor": 1.0, "id": "2", "disk": 20, "swap": 0, "ram": 2048, "vcpus": 1, "name": "m1.small", "OS-FLV-EXT-DATA:ephemeral": 0}} {{(pid=69002) _process_stack /opt/stack/nova/nova/api/openstack/wsgi.py:550}}
Aug 05 06:01:43.663073 np0000032199 devstack@n-api.service[69002]: INFO nova.api.openstack.requestlog [None req-0e37f41e-5d56-49b0-9308-0d4a6b719be3 admin admin] 192.168.1.119 "POST /compute/v2.1/flavors" status: 200 len: 411 microversion: 2.61 time: 0.011609
Aug 05 06:01:43.663298 np0000032199 devstack@n-api.service[69002]: [pid: 69002|app: 0|req: 9/17] 192.168.1.119 () {72 vars in 1408 bytes} [Tue Aug  5 06:01:43 2025] POST /compute/v2.1/flavors => generated 411 bytes in 12 msecs (HTTP/1.1 200) 9 headers in 359 bytes (1 switches on core 0)
Aug 05 06:01:43.670623 np0000032199 devstack@n-api.service[69001]: DEBUG nova.api.openstack.wsgi [None req-8737a58d-d5a1-4450-a6c3-39734a47b1a7 admin admin] Action: 'create', calling method: <bound method FlavorExtraSpecsController.create of <nova.api.openstack.compute.flavors_extraspecs.FlavorExtraSpecsController object at 0x7c34f42b7320>>, body: {"extra_specs": {"hw_rng:allowed": "True"}} {{(pid=69001) _process_stack /opt/stack/nova/nova/api/openstack/wsgi.py:550}}
Aug 05 06:01:43.683294 np0000032199 devstack@n-api.service[69001]: INFO nova.api.openstack.requestlog [None req-8737a58d-d5a1-4450-a6c3-39734a47b1a7 admin admin] 192.168.1.119 "POST /compute/v2.1/flavors/2/os-extra_specs" status: 200 len: 43 microversion: 2.61 time: 0.014097
Aug 05 06:01:43.683583 np0000032199 devstack@n-api.service[69001]: [pid: 69001|app: 0|req: 9/18] 192.168.1.119 () {72 vars in 1458 bytes} [Tue Aug  5 06:01:43 2025] POST /compute/v2.1/flavors/2/os-extra_specs => generated 43 bytes in 14 msecs (HTTP/1.1 200) 9 headers in 358 bytes (1 switches on core 0)
Aug 05 06:01:43.757853 np0000032199 devstack@n-api.service[69002]: DEBUG nova.api.openstack.wsgi [None req-04a87d9e-7ebe-484c-8e94-9334d7f5dddd admin admin] Action: 'create', calling method: <bound method FlavorsController.create of <nova.api.openstack.compute.flavors.FlavorsController object at 0x7c34f42baa20>>, body: {"flavor": {"os-flavor-access:is_public": true, "rxtx_factor": 1.0, "id": "3", "disk": 40, "swap": 0, "ram": 4096, "vcpus": 2, "name": "m1.medium", "OS-FLV-EXT-DATA:ephemeral": 0}} {{(pid=69002) _process_stack /opt/stack/nova/nova/api/openstack/wsgi.py:550}}
Aug 05 06:01:43.768251 np0000032199 devstack@n-api.service[69002]: INFO nova.api.openstack.requestlog [None req-04a87d9e-7ebe-484c-8e94-9334d7f5dddd admin admin] 192.168.1.119 "POST /compute/v2.1/flavors" status: 200 len: 412 microversion: 2.61 time: 0.011764
Aug 05 06:01:43.768444 np0000032199 devstack@n-api.service[69002]: [pid: 69002|app: 0|req: 10/19] 192.168.1.119 () {72 vars in 1408 bytes} [Tue Aug  5 06:01:43 2025] POST /compute/v2.1/flavors => generated 412 bytes in 12 msecs (HTTP/1.1 200) 9 headers in 359 bytes (1 switches on core 0)
Aug 05 06:01:43.775656 np0000032199 devstack@n-api.service[69001]: DEBUG nova.api.openstack.wsgi [None req-16cf9d6a-e1c0-4589-964f-e743da4b84cb admin admin] Action: 'create', calling method: <bound method FlavorExtraSpecsController.create of <nova.api.openstack.compute.flavors_extraspecs.FlavorExtraSpecsController object at 0x7c34f42b7320>>, body: {"extra_specs": {"hw_rng:allowed": "True"}} {{(pid=69001) _process_stack /opt/stack/nova/nova/api/openstack/wsgi.py:550}}
Aug 05 06:01:43.787339 np0000032199 devstack@n-api.service[69001]: INFO nova.api.openstack.requestlog [None req-16cf9d6a-e1c0-4589-964f-e743da4b84cb admin admin] 192.168.1.119 "POST /compute/v2.1/flavors/3/os-extra_specs" status: 200 len: 43 microversion: 2.61 time: 0.013040
Aug 05 06:01:43.787569 np0000032199 devstack@n-api.service[69001]: [pid: 69001|app: 0|req: 10/20] 192.168.1.119 () {72 vars in 1458 bytes} [Tue Aug  5 06:01:43 2025] POST /compute/v2.1/flavors/3/os-extra_specs => generated 43 bytes in 13 msecs (HTTP/1.1 200) 9 headers in 358 bytes (2 switches on core 0)
Aug 05 06:01:43.864968 np0000032199 devstack@n-api.service[69002]: DEBUG nova.api.openstack.wsgi [None req-7c8d3369-5060-4c23-913c-1d58fca1b122 admin admin] Action: 'create', calling method: <bound method FlavorsController.create of <nova.api.openstack.compute.flavors.FlavorsController object at 0x7c34f42baa20>>, body: {"flavor": {"os-flavor-access:is_public": true, "rxtx_factor": 1.0, "id": "4", "disk": 80, "swap": 0, "ram": 8192, "vcpus": 4, "name": "m1.large", "OS-FLV-EXT-DATA:ephemeral": 0}} {{(pid=69002) _process_stack /opt/stack/nova/nova/api/openstack/wsgi.py:550}}
Aug 05 06:01:43.880522 np0000032199 devstack@n-api.service[69002]: INFO nova.api.openstack.requestlog [None req-7c8d3369-5060-4c23-913c-1d58fca1b122 admin admin] 192.168.1.119 "POST /compute/v2.1/flavors" status: 200 len: 411 microversion: 2.61 time: 0.019134
Aug 05 06:01:43.880889 np0000032199 devstack@n-api.service[69002]: [pid: 69002|app: 0|req: 11/21] 192.168.1.119 () {72 vars in 1408 bytes} [Tue Aug  5 06:01:43 2025] POST /compute/v2.1/flavors => generated 411 bytes in 19 msecs (HTTP/1.1 200) 9 headers in 359 bytes (1 switches on core 0)
Aug 05 06:01:43.888621 np0000032199 devstack@n-api.service[69001]: DEBUG nova.api.openstack.wsgi [None req-88ae6c4c-f50c-46f4-8a7d-d9789d7999f5 admin admin] Action: 'create', calling method: <bound method FlavorExtraSpecsController.create of <nova.api.openstack.compute.flavors_extraspecs.FlavorExtraSpecsController object at 0x7c34f42b7320>>, body: {"extra_specs": {"hw_rng:allowed": "True"}} {{(pid=69001) _process_stack /opt/stack/nova/nova/api/openstack/wsgi.py:550}}
Aug 05 06:01:43.905445 np0000032199 devstack@n-api.service[69001]: INFO nova.api.openstack.requestlog [None req-88ae6c4c-f50c-46f4-8a7d-d9789d7999f5 admin admin] 192.168.1.119 "POST /compute/v2.1/flavors/4/os-extra_specs" status: 200 len: 43 microversion: 2.61 time: 0.018218
Aug 05 06:01:43.905693 np0000032199 devstack@n-api.service[69001]: [pid: 69001|app: 0|req: 11/22] 192.168.1.119 () {72 vars in 1458 bytes} [Tue Aug  5 06:01:43 2025] POST /compute/v2.1/flavors/4/os-extra_specs => generated 43 bytes in 18 msecs (HTTP/1.1 200) 9 headers in 358 bytes (1 switches on core 0)
Aug 05 06:01:43.994202 np0000032199 devstack@n-api.service[69002]: DEBUG nova.api.openstack.wsgi [None req-688f653b-b124-4e73-a730-45f96ce914b1 admin admin] Action: 'create', calling method: <bound method FlavorsController.create of <nova.api.openstack.compute.flavors.FlavorsController object at 0x7c34f42baa20>>, body: {"flavor": {"os-flavor-access:is_public": true, "rxtx_factor": 1.0, "id": "5", "disk": 160, "swap": 0, "ram": 16384, "vcpus": 8, "name": "m1.xlarge", "OS-FLV-EXT-DATA:ephemeral": 0}} {{(pid=69002) _process_stack /opt/stack/nova/nova/api/openstack/wsgi.py:550}}
Aug 05 06:01:44.007269 np0000032199 devstack@n-api.service[69002]: INFO nova.api.openstack.requestlog [None req-688f653b-b124-4e73-a730-45f96ce914b1 admin admin] 192.168.1.119 "POST /compute/v2.1/flavors" status: 200 len: 414 microversion: 2.61 time: 0.014378
Aug 05 06:01:44.007965 np0000032199 devstack@n-api.service[69002]: [pid: 69002|app: 0|req: 12/23] 192.168.1.119 () {72 vars in 1408 bytes} [Tue Aug  5 06:01:43 2025] POST /compute/v2.1/flavors => generated 414 bytes in 15 msecs (HTTP/1.1 200) 9 headers in 359 bytes (1 switches on core 0)
Aug 05 06:01:44.016667 np0000032199 devstack@n-api.service[69001]: DEBUG nova.api.openstack.wsgi [None req-2505c4f8-27e5-4b21-a586-7a66967cf153 admin admin] Action: 'create', calling method: <bound method FlavorExtraSpecsController.create of <nova.api.openstack.compute.flavors_extraspecs.FlavorExtraSpecsController object at 0x7c34f42b7320>>, body: {"extra_specs": {"hw_rng:allowed": "True"}} {{(pid=69001) _process_stack /opt/stack/nova/nova/api/openstack/wsgi.py:550}}
Aug 05 06:01:44.031190 np0000032199 devstack@n-api.service[69001]: INFO nova.api.openstack.requestlog [None req-2505c4f8-27e5-4b21-a586-7a66967cf153 admin admin] 192.168.1.119 "POST /compute/v2.1/flavors/5/os-extra_specs" status: 200 len: 43 microversion: 2.61 time: 0.016669
Aug 05 06:01:44.031547 np0000032199 devstack@n-api.service[69001]: [pid: 69001|app: 0|req: 12/24] 192.168.1.119 () {72 vars in 1458 bytes} [Tue Aug  5 06:01:44 2025] POST /compute/v2.1/flavors/5/os-extra_specs => generated 43 bytes in 17 msecs (HTTP/1.1 200) 9 headers in 358 bytes (1 switches on core 0)
Aug 05 06:01:59.500402 np0000032199 devstack@n-api.service[69002]: DEBUG nova.api.openstack.wsgi [None req-82d314a7-35fb-45a5-9702-d8d840749fa3 admin admin] Calling method '<bound method FlavorsController.detail of <nova.api.openstack.compute.flavors.FlavorsController object at 0x7c34f42bab70>>' {{(pid=69002) _process_stack /opt/stack/nova/nova/api/openstack/wsgi.py:552}}
Aug 05 06:01:59.502915 np0000032199 devstack@n-api.service[69002]: DEBUG dbcounter [-] [69002] Writing DB stats nova_api:SELECT=21,nova_api:SAVEPOINT=5,nova_api:INSERT=10,nova_api:RELEASE=5 {{(pid=69002) stat_writer /opt/stack/data/venv/lib/python3.12/site-packages/dbcounter.py:115}}
Aug 05 06:01:59.511744 np0000032199 devstack@n-api.service[69002]: INFO nova.api.openstack.requestlog [None req-82d314a7-35fb-45a5-9702-d8d840749fa3 admin admin] 192.168.1.119 "GET /compute/v2.1/flavors/detail?is_public=True" status: 200 len: 4262 microversion: 2.61 time: 0.012849
Aug 05 06:01:59.511977 np0000032199 devstack@n-api.service[69002]: [pid: 69002|app: 0|req: 13/25] 192.168.1.119 () {68 vars in 1417 bytes} [Tue Aug  5 06:01:59 2025] GET /compute/v2.1/flavors/detail?is_public=True => generated 4262 bytes in 13 msecs (HTTP/1.1 200) 9 headers in 360 bytes (1 switches on core 0)
Aug 05 06:01:59.610102 np0000032199 devstack@n-api.service[69001]: DEBUG nova.api.openstack.wsgi [None req-46e38c96-04f4-488c-afaa-49149af0d85b admin admin] Action: 'create', calling method: <bound method FlavorsController.create of <nova.api.openstack.compute.flavors.FlavorsController object at 0x7c34f42b6a80>>, body: {"flavor": {"os-flavor-access:is_public": true, "rxtx_factor": 1.0, "id": "100", "disk": 5, "swap": 0, "ram": 1024, "vcpus": 1, "name": "manila-service-flavor", "OS-FLV-EXT-DATA:ephemeral": 0}} {{(pid=69001) _process_stack /opt/stack/nova/nova/api/openstack/wsgi.py:550}}
Aug 05 06:01:59.612663 np0000032199 devstack@n-api.service[69001]: DEBUG dbcounter [-] [69001] Writing DB stats nova_api:INSERT=10,nova_api:SELECT=21,nova_api:SAVEPOINT=5,nova_api:RELEASE=5 {{(pid=69001) stat_writer /opt/stack/data/venv/lib/python3.12/site-packages/dbcounter.py:115}}
Aug 05 06:01:59.620819 np0000032199 devstack@n-api.service[69001]: INFO nova.api.openstack.requestlog [None req-46e38c96-04f4-488c-afaa-49149af0d85b admin admin] 192.168.1.119 "POST /compute/v2.1/flavors" status: 200 len: 429 microversion: 2.61 time: 0.012218
Aug 05 06:01:59.621049 np0000032199 devstack@n-api.service[69001]: [pid: 69001|app: 0|req: 13/26] 192.168.1.119 () {72 vars in 1408 bytes} [Tue Aug  5 06:01:59 2025] POST /compute/v2.1/flavors => generated 429 bytes in 12 msecs (HTTP/1.1 200) 9 headers in 359 bytes (1 switches on core 0)
Aug 05 06:03:30.372804 np0000032199 devstack@n-api.service[69002]: DEBUG nova.api.openstack.wsgi [None req-c4fab631-a287-4478-8fcb-2eb12d4be896 admin admin] Calling method '<bound method KeypairController.index of <nova.api.openstack.compute.keypairs.KeypairController object at 0x7c34f4161e20>>' {{(pid=69002) _process_stack /opt/stack/nova/nova/api/openstack/wsgi.py:552}}
Aug 05 06:03:30.374659 np0000032199 devstack@n-api.service[69002]: WARNING oslo_db.sqlalchemy.utils [None req-c4fab631-a287-4478-8fcb-2eb12d4be896 admin admin] Unique keys not in sort_keys. The sorting order may be unstable.
Aug 05 06:03:30.379982 np0000032199 devstack@n-api.service[69002]: INFO nova.api.openstack.requestlog [None req-c4fab631-a287-4478-8fcb-2eb12d4be896 admin admin] 192.168.1.119 "GET /compute/v2.1/os-keypairs" status: 200 len: 16 microversion: 2.10 time: 0.009661
Aug 05 06:03:30.380198 np0000032199 devstack@n-api.service[69002]: [pid: 69002|app: 0|req: 14/27] 192.168.1.119 () {68 vars in 1379 bytes} [Tue Aug  5 06:03:30 2025] GET /compute/v2.1/os-keypairs => generated 16 bytes in 10 msecs (HTTP/1.1 200) 9 headers in 358 bytes (1 switches on core 0)
Aug 05 06:03:30.470994 np0000032199 devstack@n-api.service[69001]: DEBUG nova.api.openstack.wsgi [None req-20a5598d-c451-4576-85b6-9d68de9e8aa5 admin admin] Action: 'create', calling method: <bound method KeypairController.create of <nova.api.openstack.compute.keypairs.KeypairController object at 0x7c34f415e060>>, body: {"keypair": {"public_key": "ecdsa-sha2-nistp256 AAAAE2VjZHNhLXNoYTItbmlzdHAyNTYAAAAIbmlzdHAyNTYAAABBBPVmy8eDcp/W+dyf+tb3Xgi00maPOc24a/cXQssge2pDT7OYpJAuiA7Kw6ul7UHTeq3QBmwrMwoF/O9syMU0Ku8= stack@np0000032199\n", "name": "manila-service"}} {{(pid=69001) _process_stack /opt/stack/nova/nova/api/openstack/wsgi.py:550}}
Aug 05 06:03:30.483822 np0000032199 devstack@n-api.service[69001]: DEBUG nova.quota [None req-20a5598d-c451-4576-85b6-9d68de9e8aa5 admin admin] Getting quotas for project a49b841b6dda4af1befaf3c601e0044f. Resources: {'key_pairs'} {{(pid=69001) _get_quotas /opt/stack/nova/nova/quota.py:392}}
Aug 05 06:03:30.486236 np0000032199 devstack@n-api.service[69001]: DEBUG nova.quota [None req-20a5598d-c451-4576-85b6-9d68de9e8aa5 admin admin] Getting quotas for user 6997db3e98e742458d867758c31d83d8 and project a49b841b6dda4af1befaf3c601e0044f. Resources: {'key_pairs'} {{(pid=69001) _get_quotas /opt/stack/nova/nova/quota.py:382}}
Aug 05 06:03:30.507995 np0000032199 devstack@n-api.service[69001]: INFO nova.api.openstack.requestlog [None req-20a5598d-c451-4576-85b6-9d68de9e8aa5 admin admin] 192.168.1.119 "POST /compute/v2.1/os-keypairs" status: 201 len: 366 microversion: 2.10 time: 0.039136
Aug 05 06:03:30.508237 np0000032199 devstack@n-api.service[69001]: [pid: 69001|app: 0|req: 14/28] 192.168.1.119 () {72 vars in 1420 bytes} [Tue Aug  5 06:03:30 2025] POST /compute/v2.1/os-keypairs => generated 366 bytes in 39 msecs (HTTP/1.1 201) 9 headers in 364 bytes (1 switches on core 0)
Aug 05 06:03:36.369056 np0000032199 devstack@n-api.service[69002]: DEBUG nova.api.openstack.wsgi [None req-577d0beb-3af8-487e-9b33-cef7278e6b3e admin admin] Calling method '<bound method ServiceController.index of <nova.api.openstack.compute.services.ServiceController object at 0x7c34f419aea0>>' {{(pid=69002) _process_stack /opt/stack/nova/nova/api/openstack/wsgi.py:552}}
Aug 05 06:03:36.370702 np0000032199 devstack@n-api.service[69002]: DEBUG oslo_concurrency.lockutils [None req-577d0beb-3af8-487e-9b33-cef7278e6b3e admin admin] Acquiring lock "00000000-0000-0000-0000-000000000000" by "nova.context.set_target_cell.<locals>.get_or_set_cached_cell_and_set_connections" {{(pid=69002) inner /opt/stack/data/venv/lib/python3.12/site-packages/oslo_concurrency/lockutils.py:405}}
Aug 05 06:03:36.370903 np0000032199 devstack@n-api.service[69002]: DEBUG oslo_concurrency.lockutils [None req-577d0beb-3af8-487e-9b33-cef7278e6b3e admin admin] Lock "00000000-0000-0000-0000-000000000000" acquired by "nova.context.set_target_cell.<locals>.get_or_set_cached_cell_and_set_connections" :: waited 0.000s {{(pid=69002) inner /opt/stack/data/venv/lib/python3.12/site-packages/oslo_concurrency/lockutils.py:410}}
Aug 05 06:03:36.371023 np0000032199 devstack@n-api.service[69002]: DEBUG oslo_concurrency.lockutils [None req-577d0beb-3af8-487e-9b33-cef7278e6b3e admin admin] Lock "00000000-0000-0000-0000-000000000000" "released" by "nova.context.set_target_cell.<locals>.get_or_set_cached_cell_and_set_connections" :: held 0.000s {{(pid=69002) inner /opt/stack/data/venv/lib/python3.12/site-packages/oslo_concurrency/lockutils.py:424}}
Aug 05 06:03:36.371375 np0000032199 devstack@n-api.service[69002]: DEBUG oslo_concurrency.lockutils [None req-577d0beb-3af8-487e-9b33-cef7278e6b3e admin admin] Acquiring lock "548e1d79-ec2e-4ef0-9040-91f8e5537019" by "nova.context.set_target_cell.<locals>.get_or_set_cached_cell_and_set_connections" {{(pid=69002) inner /opt/stack/data/venv/lib/python3.12/site-packages/oslo_concurrency/lockutils.py:405}}
Aug 05 06:03:36.371510 np0000032199 devstack@n-api.service[69002]: DEBUG oslo_concurrency.lockutils [None req-577d0beb-3af8-487e-9b33-cef7278e6b3e admin admin] Lock "548e1d79-ec2e-4ef0-9040-91f8e5537019" acquired by "nova.context.set_target_cell.<locals>.get_or_set_cached_cell_and_set_connections" :: waited 0.000s {{(pid=69002) inner /opt/stack/data/venv/lib/python3.12/site-packages/oslo_concurrency/lockutils.py:410}}
