Aug 18 13:39:23.362917 np0000032521 devstack@n-api.service[74579]: DEBUG nova.api.openstack.wsgi_app [-] oslo_messaging_rabbit.ssl_version =  {{(pid=74579) log_opt_values /opt/stack/data/venv/lib/python3.12/site-packages/oslo_config/cfg.py:2824}}
Aug 18 13:39:23.362935 np0000032521 devstack@n-api.service[74580]: DEBUG nova.api.openstack.wsgi_app [-] oslo_messaging_notifications.retry = -1 {{(pid=74580) log_opt_values /opt/stack/data/venv/lib/python3.12/site-packages/oslo_config/cfg.py:2824}}
Aug 18 13:39:23.363001 np0000032521 devstack@n-api.service[74579]: DEBUG nova.api.openstack.wsgi_app [-] oslo_messaging_rabbit.use_queue_manager = False {{(pid=74579) log_opt_values /opt/stack/data/venv/lib/python3.12/site-packages/oslo_config/cfg.py:2824}}
Aug 18 13:39:23.363019 np0000032521 devstack@n-api.service[74580]: DEBUG nova.api.openstack.wsgi_app [-] oslo_messaging_notifications.topics = ['notifications'] {{(pid=74580) log_opt_values /opt/stack/data/venv/lib/python3.12/site-packages/oslo_config/cfg.py:2824}}
Aug 18 13:39:23.363096 np0000032521 devstack@n-api.service[74579]: DEBUG nova.api.openstack.wsgi_app [-] oslo_messaging_notifications.driver = ['messagingv2'] {{(pid=74579) log_opt_values /opt/stack/data/venv/lib/python3.12/site-packages/oslo_config/cfg.py:2824}}
Aug 18 13:39:23.363114 np0000032521 devstack@n-api.service[74580]: DEBUG nova.api.openstack.wsgi_app [-] oslo_messaging_notifications.transport_url = **** {{(pid=74580) log_opt_values /opt/stack/data/venv/lib/python3.12/site-packages/oslo_config/cfg.py:2824}}
Aug 18 13:39:23.363178 np0000032521 devstack@n-api.service[74579]: DEBUG nova.api.openstack.wsgi_app [-] oslo_messaging_notifications.retry = -1 {{(pid=74579) log_opt_values /opt/stack/data/venv/lib/python3.12/site-packages/oslo_config/cfg.py:2824}}
Aug 18 13:39:23.363236 np0000032521 devstack@n-api.service[74580]: DEBUG nova.api.openstack.wsgi_app [-] oslo_reports.file_event_handler = None {{(pid=74580) log_opt_values /opt/stack/data/venv/lib/python3.12/site-packages/oslo_config/cfg.py:2824}}
Aug 18 13:39:23.363268 np0000032521 devstack@n-api.service[74580]: DEBUG nova.api.openstack.wsgi_app [-] oslo_reports.file_event_handler_interval = 1 {{(pid=74580) log_opt_values /opt/stack/data/venv/lib/python3.12/site-packages/oslo_config/cfg.py:2824}}
Aug 18 13:39:23.363294 np0000032521 devstack@n-api.service[74579]: DEBUG nova.api.openstack.wsgi_app [-] oslo_messaging_notifications.topics = ['notifications'] {{(pid=74579) log_opt_values /opt/stack/data/venv/lib/python3.12/site-packages/oslo_config/cfg.py:2824}}
Aug 18 13:39:23.363344 np0000032521 devstack@n-api.service[74580]: DEBUG nova.api.openstack.wsgi_app [-] oslo_reports.log_dir           = None {{(pid=74580) log_opt_values /opt/stack/data/venv/lib/python3.12/site-packages/oslo_config/cfg.py:2824}}
Aug 18 13:39:23.363376 np0000032521 devstack@n-api.service[74579]: DEBUG nova.api.openstack.wsgi_app [-] oslo_messaging_notifications.transport_url = **** {{(pid=74579) log_opt_values /opt/stack/data/venv/lib/python3.12/site-packages/oslo_config/cfg.py:2824}}
Aug 18 13:39:23.363407 np0000032521 devstack@n-api.service[74580]: DEBUG nova.api.openstack.wsgi_app [-] ******************************************************************************** {{(pid=74580) log_opt_values /opt/stack/data/venv/lib/python3.12/site-packages/oslo_config/cfg.py:2828}}
Aug 18 13:39:23.363425 np0000032521 devstack@n-api.service[74579]: DEBUG nova.api.openstack.wsgi_app [-] oslo_reports.file_event_handler = None {{(pid=74579) log_opt_values /opt/stack/data/venv/lib/python3.12/site-packages/oslo_config/cfg.py:2824}}
Aug 18 13:39:23.363509 np0000032521 devstack@n-api.service[74579]: DEBUG nova.api.openstack.wsgi_app [-] oslo_reports.file_event_handler_interval = 1 {{(pid=74579) log_opt_values /opt/stack/data/venv/lib/python3.12/site-packages/oslo_config/cfg.py:2824}}
Aug 18 13:39:23.363589 np0000032521 devstack@n-api.service[74579]: DEBUG nova.api.openstack.wsgi_app [-] oslo_reports.log_dir           = None {{(pid=74579) log_opt_values /opt/stack/data/venv/lib/python3.12/site-packages/oslo_config/cfg.py:2824}}
Aug 18 13:39:23.363656 np0000032521 devstack@n-api.service[74579]: DEBUG nova.api.openstack.wsgi_app [-] ******************************************************************************** {{(pid=74579) log_opt_values /opt/stack/data/venv/lib/python3.12/site-packages/oslo_config/cfg.py:2828}}
Aug 18 13:39:23.392393 np0000032521 devstack@n-api.service[74580]: INFO dbcounter [None req-62ea31c1-5d3a-46bf-9145-1913a2557abb None None] Registered counter for database nova_api
Aug 18 13:39:23.392437 np0000032521 devstack@n-api.service[74579]: INFO dbcounter [None req-b55b34bb-91ea-486e-8c2a-023963d40eab None None] Registered counter for database nova_api
Aug 18 13:39:23.402289 np0000032521 devstack@n-api.service[74579]: DEBUG oslo_db.sqlalchemy.engines [None req-b55b34bb-91ea-486e-8c2a-023963d40eab None None] MySQL server mode set to STRICT_TRANS_TABLES,STRICT_ALL_TABLES,NO_ZERO_IN_DATE,NO_ZERO_DATE,ERROR_FOR_DIVISION_BY_ZERO,TRADITIONAL,NO_ENGINE_SUBSTITUTION {{(pid=74579) _check_effective_sql_mode /opt/stack/data/venv/lib/python3.12/site-packages/oslo_db/sqlalchemy/engines.py:397}}
Aug 18 13:39:23.402971 np0000032521 devstack@n-api.service[74580]: DEBUG oslo_db.sqlalchemy.engines [None req-62ea31c1-5d3a-46bf-9145-1913a2557abb None None] MySQL server mode set to STRICT_TRANS_TABLES,STRICT_ALL_TABLES,NO_ZERO_IN_DATE,NO_ZERO_DATE,ERROR_FOR_DIVISION_BY_ZERO,TRADITIONAL,NO_ENGINE_SUBSTITUTION {{(pid=74580) _check_effective_sql_mode /opt/stack/data/venv/lib/python3.12/site-packages/oslo_db/sqlalchemy/engines.py:397}}
Aug 18 13:39:23.425428 np0000032521 devstack@n-api.service[74579]: DEBUG dbcounter [-] [74579] Writer thread running {{(pid=74579) stat_writer /opt/stack/data/venv/lib/python3.12/site-packages/dbcounter.py:102}}
Aug 18 13:39:23.425476 np0000032521 devstack@n-api.service[74580]: DEBUG dbcounter [-] [74580] Writer thread running {{(pid=74580) stat_writer /opt/stack/data/venv/lib/python3.12/site-packages/dbcounter.py:102}}
Aug 18 13:39:23.427165 np0000032521 devstack@n-api.service[74580]: DEBUG nova.context [None req-62ea31c1-5d3a-46bf-9145-1913a2557abb None None] Found 2 cells: 00000000-0000-0000-0000-000000000000(cell0),295238a6-1a33-4e0a-80ae-af20273119b6(cell1) {{(pid=74580) load_cells /opt/stack/nova/nova/context.py:464}}
Aug 18 13:39:23.427198 np0000032521 devstack@n-api.service[74579]: DEBUG nova.context [None req-b55b34bb-91ea-486e-8c2a-023963d40eab None None] Found 2 cells: 00000000-0000-0000-0000-000000000000(cell0),295238a6-1a33-4e0a-80ae-af20273119b6(cell1) {{(pid=74579) load_cells /opt/stack/nova/nova/context.py:464}}
Aug 18 13:39:23.428655 np0000032521 devstack@n-api.service[74580]: DEBUG oslo_concurrency.lockutils [None req-62ea31c1-5d3a-46bf-9145-1913a2557abb None None] Acquiring lock "00000000-0000-0000-0000-000000000000" by "nova.context.set_target_cell.<locals>.get_or_set_cached_cell_and_set_connections" {{(pid=74580) inner /opt/stack/data/venv/lib/python3.12/site-packages/oslo_concurrency/lockutils.py:405}}
Aug 18 13:39:23.428688 np0000032521 devstack@n-api.service[74579]: DEBUG oslo_concurrency.lockutils [None req-b55b34bb-91ea-486e-8c2a-023963d40eab None None] Acquiring lock "00000000-0000-0000-0000-000000000000" by "nova.context.set_target_cell.<locals>.get_or_set_cached_cell_and_set_connections" {{(pid=74579) inner /opt/stack/data/venv/lib/python3.12/site-packages/oslo_concurrency/lockutils.py:405}}
Aug 18 13:39:23.428833 np0000032521 devstack@n-api.service[74580]: DEBUG oslo_concurrency.lockutils [None req-62ea31c1-5d3a-46bf-9145-1913a2557abb None None] Lock "00000000-0000-0000-0000-000000000000" acquired by "nova.context.set_target_cell.<locals>.get_or_set_cached_cell_and_set_connections" :: waited 0.000s {{(pid=74580) inner /opt/stack/data/venv/lib/python3.12/site-packages/oslo_concurrency/lockutils.py:410}}
Aug 18 13:39:23.428854 np0000032521 devstack@n-api.service[74579]: DEBUG oslo_concurrency.lockutils [None req-b55b34bb-91ea-486e-8c2a-023963d40eab None None] Lock "00000000-0000-0000-0000-000000000000" acquired by "nova.context.set_target_cell.<locals>.get_or_set_cached_cell_and_set_connections" :: waited 0.000s {{(pid=74579) inner /opt/stack/data/venv/lib/python3.12/site-packages/oslo_concurrency/lockutils.py:410}}
Aug 18 13:39:23.429189 np0000032521 devstack@n-api.service[74579]: DEBUG oslo_concurrency.lockutils [None req-b55b34bb-91ea-486e-8c2a-023963d40eab None None] Lock "00000000-0000-0000-0000-000000000000" "released" by "nova.context.set_target_cell.<locals>.get_or_set_cached_cell_and_set_connections" :: held 0.000s {{(pid=74579) inner /opt/stack/data/venv/lib/python3.12/site-packages/oslo_concurrency/lockutils.py:424}}
Aug 18 13:39:23.429209 np0000032521 devstack@n-api.service[74580]: DEBUG oslo_concurrency.lockutils [None req-62ea31c1-5d3a-46bf-9145-1913a2557abb None None] Lock "00000000-0000-0000-0000-000000000000" "released" by "nova.context.set_target_cell.<locals>.get_or_set_cached_cell_and_set_connections" :: held 0.000s {{(pid=74580) inner /opt/stack/data/venv/lib/python3.12/site-packages/oslo_concurrency/lockutils.py:424}}
Aug 18 13:39:23.429510 np0000032521 devstack@n-api.service[74579]: DEBUG oslo_concurrency.lockutils [None req-b55b34bb-91ea-486e-8c2a-023963d40eab None None] Acquiring lock "295238a6-1a33-4e0a-80ae-af20273119b6" by "nova.context.set_target_cell.<locals>.get_or_set_cached_cell_and_set_connections" {{(pid=74579) inner /opt/stack/data/venv/lib/python3.12/site-packages/oslo_concurrency/lockutils.py:405}}
Aug 18 13:39:23.429530 np0000032521 devstack@n-api.service[74580]: DEBUG oslo_concurrency.lockutils [None req-62ea31c1-5d3a-46bf-9145-1913a2557abb None None] Acquiring lock "295238a6-1a33-4e0a-80ae-af20273119b6" by "nova.context.set_target_cell.<locals>.get_or_set_cached_cell_and_set_connections" {{(pid=74580) inner /opt/stack/data/venv/lib/python3.12/site-packages/oslo_concurrency/lockutils.py:405}}
Aug 18 13:39:23.429643 np0000032521 devstack@n-api.service[74580]: DEBUG oslo_concurrency.lockutils [None req-62ea31c1-5d3a-46bf-9145-1913a2557abb None None] Lock "295238a6-1a33-4e0a-80ae-af20273119b6" acquired by "nova.context.set_target_cell.<locals>.get_or_set_cached_cell_and_set_connections" :: waited 0.000s {{(pid=74580) inner /opt/stack/data/venv/lib/python3.12/site-packages/oslo_concurrency/lockutils.py:410}}
Aug 18 13:39:23.429665 np0000032521 devstack@n-api.service[74579]: DEBUG oslo_concurrency.lockutils [None req-b55b34bb-91ea-486e-8c2a-023963d40eab None None] Lock "295238a6-1a33-4e0a-80ae-af20273119b6" acquired by "nova.context.set_target_cell.<locals>.get_or_set_cached_cell_and_set_connections" :: waited 0.000s {{(pid=74579) inner /opt/stack/data/venv/lib/python3.12/site-packages/oslo_concurrency/lockutils.py:410}}
Aug 18 13:39:23.430360 np0000032521 devstack@n-api.service[74580]: DEBUG oslo_concurrency.lockutils [None req-62ea31c1-5d3a-46bf-9145-1913a2557abb None None] Lock "295238a6-1a33-4e0a-80ae-af20273119b6" "released" by "nova.context.set_target_cell.<locals>.get_or_set_cached_cell_and_set_connections" :: held 0.001s {{(pid=74580) inner /opt/stack/data/venv/lib/python3.12/site-packages/oslo_concurrency/lockutils.py:424}}
Aug 18 13:39:23.430384 np0000032521 devstack@n-api.service[74579]: DEBUG oslo_concurrency.lockutils [None req-b55b34bb-91ea-486e-8c2a-023963d40eab None None] Lock "295238a6-1a33-4e0a-80ae-af20273119b6" "released" by "nova.context.set_target_cell.<locals>.get_or_set_cached_cell_and_set_connections" :: held 0.001s {{(pid=74579) inner /opt/stack/data/venv/lib/python3.12/site-packages/oslo_concurrency/lockutils.py:424}}
Aug 18 13:39:23.431380 np0000032521 devstack@n-api.service[74579]: INFO dbcounter [None req-b55b34bb-91ea-486e-8c2a-023963d40eab None None] Registered counter for database nova_cell0
Aug 18 13:39:23.431403 np0000032521 devstack@n-api.service[74580]: INFO dbcounter [None req-62ea31c1-5d3a-46bf-9145-1913a2557abb None None] Registered counter for database nova_cell0
Aug 18 13:39:23.434034 np0000032521 devstack@n-api.service[74579]: INFO dbcounter [None req-b55b34bb-91ea-486e-8c2a-023963d40eab None None] Registered counter for database nova_cell1
Aug 18 13:39:23.434056 np0000032521 devstack@n-api.service[74580]: INFO dbcounter [None req-62ea31c1-5d3a-46bf-9145-1913a2557abb None None] Registered counter for database nova_cell1
Aug 18 13:39:23.438096 np0000032521 devstack@n-api.service[74579]: DEBUG oslo_db.sqlalchemy.engines [None req-b55b34bb-91ea-486e-8c2a-023963d40eab None None] MySQL server mode set to STRICT_TRANS_TABLES,STRICT_ALL_TABLES,NO_ZERO_IN_DATE,NO_ZERO_DATE,ERROR_FOR_DIVISION_BY_ZERO,TRADITIONAL,NO_ENGINE_SUBSTITUTION {{(pid=74579) _check_effective_sql_mode /opt/stack/data/venv/lib/python3.12/site-packages/oslo_db/sqlalchemy/engines.py:397}}
Aug 18 13:39:23.439856 np0000032521 devstack@n-api.service[74580]: DEBUG oslo_db.sqlalchemy.engines [None req-62ea31c1-5d3a-46bf-9145-1913a2557abb None None] MySQL server mode set to STRICT_TRANS_TABLES,STRICT_ALL_TABLES,NO_ZERO_IN_DATE,NO_ZERO_DATE,ERROR_FOR_DIVISION_BY_ZERO,TRADITIONAL,NO_ENGINE_SUBSTITUTION {{(pid=74580) _check_effective_sql_mode /opt/stack/data/venv/lib/python3.12/site-packages/oslo_db/sqlalchemy/engines.py:397}}
Aug 18 13:39:23.498383 np0000032521 devstack@n-api.service[74579]: DEBUG oslo_db.sqlalchemy.engines [None req-b55b34bb-91ea-486e-8c2a-023963d40eab None None] MySQL server mode set to STRICT_TRANS_TABLES,STRICT_ALL_TABLES,NO_ZERO_IN_DATE,NO_ZERO_DATE,ERROR_FOR_DIVISION_BY_ZERO,TRADITIONAL,NO_ENGINE_SUBSTITUTION {{(pid=74579) _check_effective_sql_mode /opt/stack/data/venv/lib/python3.12/site-packages/oslo_db/sqlalchemy/engines.py:397}}
Aug 18 13:39:23.498750 np0000032521 devstack@n-api.service[74579]: DEBUG dbcounter [-] [74579] Writer thread running {{(pid=74579) stat_writer /opt/stack/data/venv/lib/python3.12/site-packages/dbcounter.py:102}}
Aug 18 13:39:23.499988 np0000032521 devstack@n-api.service[74580]: DEBUG oslo_db.sqlalchemy.engines [None req-62ea31c1-5d3a-46bf-9145-1913a2557abb None None] MySQL server mode set to STRICT_TRANS_TABLES,STRICT_ALL_TABLES,NO_ZERO_IN_DATE,NO_ZERO_DATE,ERROR_FOR_DIVISION_BY_ZERO,TRADITIONAL,NO_ENGINE_SUBSTITUTION {{(pid=74580) _check_effective_sql_mode /opt/stack/data/venv/lib/python3.12/site-packages/oslo_db/sqlalchemy/engines.py:397}}
Aug 18 13:39:23.500332 np0000032521 devstack@n-api.service[74580]: DEBUG dbcounter [-] [74580] Writer thread running {{(pid=74580) stat_writer /opt/stack/data/venv/lib/python3.12/site-packages/dbcounter.py:102}}
Aug 18 13:39:23.502426 np0000032521 devstack@n-api.service[74579]: DEBUG dbcounter [-] [74579] Writer thread running {{(pid=74579) stat_writer /opt/stack/data/venv/lib/python3.12/site-packages/dbcounter.py:102}}
Aug 18 13:39:23.503802 np0000032521 devstack@n-api.service[74580]: DEBUG dbcounter [-] [74580] Writer thread running {{(pid=74580) stat_writer /opt/stack/data/venv/lib/python3.12/site-packages/dbcounter.py:102}}
Aug 18 13:39:23.504205 np0000032521 devstack@n-api.service[74579]: INFO dbcounter [None req-b55b34bb-91ea-486e-8c2a-023963d40eab None None] Registered counter for database nova_cell0
Aug 18 13:39:23.505506 np0000032521 devstack@n-api.service[74580]: INFO dbcounter [None req-62ea31c1-5d3a-46bf-9145-1913a2557abb None None] Registered counter for database nova_cell0
Aug 18 13:39:23.509803 np0000032521 devstack@n-api.service[74579]: DEBUG oslo_db.sqlalchemy.engines [None req-b55b34bb-91ea-486e-8c2a-023963d40eab None None] MySQL server mode set to STRICT_TRANS_TABLES,STRICT_ALL_TABLES,NO_ZERO_IN_DATE,NO_ZERO_DATE,ERROR_FOR_DIVISION_BY_ZERO,TRADITIONAL,NO_ENGINE_SUBSTITUTION {{(pid=74579) _check_effective_sql_mode /opt/stack/data/venv/lib/python3.12/site-packages/oslo_db/sqlalchemy/engines.py:397}}
Aug 18 13:39:23.510067 np0000032521 devstack@n-api.service[74580]: DEBUG oslo_db.sqlalchemy.engines [None req-62ea31c1-5d3a-46bf-9145-1913a2557abb None None] MySQL server mode set to STRICT_TRANS_TABLES,STRICT_ALL_TABLES,NO_ZERO_IN_DATE,NO_ZERO_DATE,ERROR_FOR_DIVISION_BY_ZERO,TRADITIONAL,NO_ENGINE_SUBSTITUTION {{(pid=74580) _check_effective_sql_mode /opt/stack/data/venv/lib/python3.12/site-packages/oslo_db/sqlalchemy/engines.py:397}}
Aug 18 13:39:23.511830 np0000032521 devstack@n-api.service[74579]: DEBUG dbcounter [-] [74579] Writer thread running {{(pid=74579) stat_writer /opt/stack/data/venv/lib/python3.12/site-packages/dbcounter.py:102}}
Aug 18 13:39:23.513555 np0000032521 devstack@n-api.service[74580]: DEBUG dbcounter [-] [74580] Writer thread running {{(pid=74580) stat_writer /opt/stack/data/venv/lib/python3.12/site-packages/dbcounter.py:102}}
Aug 18 13:39:23.865132 np0000032521 devstack@n-api.service[74579]: DEBUG oslo_concurrency.processutils [None req-b55b34bb-91ea-486e-8c2a-023963d40eab None None] Running cmd (subprocess): grep -F node.session.scan /sbin/iscsiadm {{(pid=74579) execute /opt/stack/data/venv/lib/python3.12/site-packages/oslo_concurrency/processutils.py:349}}
Aug 18 13:39:23.865392 np0000032521 devstack@n-api.service[74580]: DEBUG oslo_concurrency.processutils [None req-62ea31c1-5d3a-46bf-9145-1913a2557abb None None] Running cmd (subprocess): grep -F node.session.scan /sbin/iscsiadm {{(pid=74580) execute /opt/stack/data/venv/lib/python3.12/site-packages/oslo_concurrency/processutils.py:349}}
Aug 18 13:39:23.873826 np0000032521 devstack@n-api.service[74579]: DEBUG oslo_concurrency.processutils [None req-b55b34bb-91ea-486e-8c2a-023963d40eab None None] CMD "grep -F node.session.scan /sbin/iscsiadm" returned: 0 in 0.009s {{(pid=74579) execute /opt/stack/data/venv/lib/python3.12/site-packages/oslo_concurrency/processutils.py:372}}
Aug 18 13:39:23.873871 np0000032521 devstack@n-api.service[74580]: DEBUG oslo_concurrency.processutils [None req-62ea31c1-5d3a-46bf-9145-1913a2557abb None None] CMD "grep -F node.session.scan /sbin/iscsiadm" returned: 0 in 0.009s {{(pid=74580) execute /opt/stack/data/venv/lib/python3.12/site-packages/oslo_concurrency/processutils.py:372}}
Aug 18 13:39:24.159940 np0000032521 devstack@n-api.service[74579]: WARNING keystonemiddleware.auth_token [None req-b55b34bb-91ea-486e-8c2a-023963d40eab None None] AuthToken middleware is set with keystone_authtoken.service_token_roles_required set to False. This is backwards compatible but deprecated behaviour. Please set this to True.
Aug 18 13:39:24.160210 np0000032521 devstack@n-api.service[74580]: WARNING keystonemiddleware.auth_token [None req-62ea31c1-5d3a-46bf-9145-1913a2557abb None None] AuthToken middleware is set with keystone_authtoken.service_token_roles_required set to False. This is backwards compatible but deprecated behaviour. Please set this to True.
Aug 18 13:39:24.163330 np0000032521 devstack@n-api.service[74579]: WARNING keystonemiddleware.auth_token [None req-b55b34bb-91ea-486e-8c2a-023963d40eab None None] Configuring www_authenticate_uri to point to the public identity endpoint is required; clients may not be able to authenticate against an admin endpoint
Aug 18 13:39:24.163609 np0000032521 devstack@n-api.service[74580]: WARNING keystonemiddleware.auth_token [None req-62ea31c1-5d3a-46bf-9145-1913a2557abb None None] Configuring www_authenticate_uri to point to the public identity endpoint is required; clients may not be able to authenticate against an admin endpoint
Aug 18 13:39:24.325182 np0000032521 devstack@n-api.service[74579]: WARNING keystonemiddleware.auth_token [None req-b55b34bb-91ea-486e-8c2a-023963d40eab None None] AuthToken middleware is set with keystone_authtoken.service_token_roles_required set to False. This is backwards compatible but deprecated behaviour. Please set this to True.
Aug 18 13:39:24.326277 np0000032521 devstack@n-api.service[74580]: WARNING keystonemiddleware.auth_token [None req-62ea31c1-5d3a-46bf-9145-1913a2557abb None None] AuthToken middleware is set with keystone_authtoken.service_token_roles_required set to False. This is backwards compatible but deprecated behaviour. Please set this to True.
Aug 18 13:39:24.327697 np0000032521 devstack@n-api.service[74579]: WARNING keystonemiddleware.auth_token [None req-b55b34bb-91ea-486e-8c2a-023963d40eab None None] Configuring www_authenticate_uri to point to the public identity endpoint is required; clients may not be able to authenticate against an admin endpoint
Aug 18 13:39:24.328788 np0000032521 devstack@n-api.service[74580]: WARNING keystonemiddleware.auth_token [None req-62ea31c1-5d3a-46bf-9145-1913a2557abb None None] Configuring www_authenticate_uri to point to the public identity endpoint is required; clients may not be able to authenticate against an admin endpoint
Aug 18 13:39:24.329572 np0000032521 devstack@n-api.service[74579]: WSGI app 0 (mountpoint='') ready in 3 seconds on interpreter 0x70c970ea39e8 pid: 74579 (default app)
Aug 18 13:39:24.330557 np0000032521 devstack@n-api.service[74579]: DEBUG nova.api.openstack.wsgi [None req-b55b34bb-91ea-486e-8c2a-023963d40eab None None] Calling method '<bound method VersionsV2.index of <nova.api.openstack.compute.versions.VersionsV2 object at 0x70c96a6c63c0>>' {{(pid=74579) _process_stack /opt/stack/nova/nova/api/openstack/wsgi.py:556}}
Aug 18 13:39:24.330676 np0000032521 devstack@n-api.service[74580]: WSGI app 0 (mountpoint='') ready in 3 seconds on interpreter 0x70c970ea39e8 pid: 74580 (default app)
Aug 18 13:39:24.333614 np0000032521 devstack@n-api.service[74579]: INFO nova.api.openstack.requestlog [None req-b55b34bb-91ea-486e-8c2a-023963d40eab None None] 192.168.1.111 "GET /compute/v2.1/" status: 200 len: 391 microversion: 2.1 time: 0.003268
Aug 18 13:39:24.333793 np0000032521 devstack@n-api.service[74579]: [pid: 74579|app: 0|req: 1/1] 192.168.1.111 () {50 vars in 771 bytes} [Mon Aug 18 13:39:24 2025] GET /compute/v2.1/ => generated 391 bytes in 4 msecs (HTTP/1.1 200) 9 headers in 357 bytes (1 switches on core 0)
Aug 18 13:39:58.219931 np0000032521 devstack@n-api.service[74580]: DEBUG nova.api.openstack.wsgi [None req-62ea31c1-5d3a-46bf-9145-1913a2557abb None None] Calling method '<bound method VersionsV2.index of <nova.api.openstack.compute.versions.VersionsV2 object at 0x70c96a43fe30>>' {{(pid=74580) _process_stack /opt/stack/nova/nova/api/openstack/wsgi.py:556}}
Aug 18 13:39:58.223529 np0000032521 devstack@n-api.service[74580]: INFO nova.api.openstack.requestlog [None req-62ea31c1-5d3a-46bf-9145-1913a2557abb None None] 192.168.1.111 "GET /compute/v2.1" status: 200 len: 392 microversion: 2.1 time: 0.004356
Aug 18 13:39:58.224212 np0000032521 devstack@n-api.service[74580]: [pid: 74580|app: 0|req: 1/2] 192.168.1.111 () {62 vars in 1056 bytes} [Mon Aug 18 13:39:58 2025] GET /compute/v2.1 => generated 392 bytes in 5 msecs (HTTP/1.1 200) 9 headers in 357 bytes (1 switches on core 0)
Aug 18 13:39:58.235943 np0000032521 devstack@n-api.service[74579]: DEBUG dbcounter [-] [74579] Writing DB stats nova_api:SELECT=1 {{(pid=74579) stat_writer /opt/stack/data/venv/lib/python3.12/site-packages/dbcounter.py:115}}
Aug 18 13:39:58.235943 np0000032521 devstack@n-api.service[74579]: DEBUG dbcounter [-] [74579] Writing DB stats nova_cell0:SELECT=1 {{(pid=74579) stat_writer /opt/stack/data/venv/lib/python3.12/site-packages/dbcounter.py:115}}
Aug 18 13:39:58.235943 np0000032521 devstack@n-api.service[74579]: DEBUG dbcounter [-] [74579] Writing DB stats nova_cell1:SELECT=1 {{(pid=74579) stat_writer /opt/stack/data/venv/lib/python3.12/site-packages/dbcounter.py:115}}
Aug 18 13:39:58.235943 np0000032521 devstack@n-api.service[74579]: DEBUG dbcounter [-] [74579] Writing DB stats nova_cell0:SELECT=2,nova_cell0:INSERT=1 {{(pid=74579) stat_writer /opt/stack/data/venv/lib/python3.12/site-packages/dbcounter.py:115}}
Aug 18 13:39:58.357351 np0000032521 devstack@n-api.service[74579]: DEBUG nova.api.openstack.wsgi [None req-86345df7-cf4d-4732-a658-329ea3f43444 admin admin] Calling method '<bound method FlavorsController.detail of <nova.api.openstack.compute.flavors.FlavorsController object at 0x70c969e04440>>' {{(pid=74579) _process_stack /opt/stack/nova/nova/api/openstack/wsgi.py:556}}
Aug 18 13:39:58.374531 np0000032521 devstack@n-api.service[74579]: INFO nova.api.openstack.requestlog [None req-86345df7-cf4d-4732-a658-329ea3f43444 admin admin] 192.168.1.111 "GET /compute/v2.1/flavors/detail?is_public=True" status: 200 len: 15 microversion: 2.61 time: 0.144937
Aug 18 13:39:58.374531 np0000032521 devstack@n-api.service[74579]: [pid: 74579|app: 0|req: 2/3] 192.168.1.111 () {68 vars in 1417 bytes} [Mon Aug 18 13:39:58 2025] GET /compute/v2.1/flavors/detail?is_public=True => generated 15 bytes in 146 msecs (HTTP/1.1 200) 9 headers in 358 bytes (1 switches on core 0)
Aug 18 13:39:58.460387 np0000032521 devstack@n-api.service[74580]: DEBUG nova.api.openstack.wsgi [None req-62ea31c1-5d3a-46bf-9145-1913a2557abb None None] Calling method '<bound method VersionsV2.index of <nova.api.openstack.compute.versions.VersionsV2 object at 0x70c96a43fe30>>' {{(pid=74580) _process_stack /opt/stack/nova/nova/api/openstack/wsgi.py:556}}
Aug 18 13:39:58.464069 np0000032521 devstack@n-api.service[74580]: INFO nova.api.openstack.requestlog [None req-62ea31c1-5d3a-46bf-9145-1913a2557abb None None] 192.168.1.111 "GET /compute/v2.1" status: 200 len: 392 microversion: 2.1 time: 0.003803
Aug 18 13:39:58.464863 np0000032521 devstack@n-api.service[74580]: [pid: 74580|app: 0|req: 2/4] 192.168.1.111 () {62 vars in 1056 bytes} [Mon Aug 18 13:39:58 2025] GET /compute/v2.1 => generated 392 bytes in 4 msecs (HTTP/1.1 200) 9 headers in 357 bytes (1 switches on core 0)
Aug 18 13:39:58.487492 np0000032521 devstack@n-api.service[74579]: DEBUG nova.api.openstack.wsgi [None req-fb52f7e5-037a-4f6f-b774-2cb5bcdddaa1 admin admin] Action: 'create', calling method: <bound method FlavorsController.create of <nova.api.openstack.compute.flavors.FlavorsController object at 0x70c969fe3ec0>>, body: {"flavor": {"id": "c1", "OS-FLV-EXT-DATA:ephemeral": 0, "disk": 1, "name": "cirros256", "os-flavor-access:is_public": true, "rxtx_factor": 1.0, "vcpus": 1, "swap": 0, "ram": 256}} {{(pid=74579) _process_stack /opt/stack/nova/nova/api/openstack/wsgi.py:554}}
Aug 18 13:39:58.511740 np0000032521 devstack@n-api.service[74579]: INFO nova.api.openstack.requestlog [None req-fb52f7e5-037a-4f6f-b774-2cb5bcdddaa1 admin admin] 192.168.1.111 "POST /compute/v2.1/flavors" status: 200 len: 413 microversion: 2.61 time: 0.041938
Aug 18 13:39:58.512035 np0000032521 devstack@n-api.service[74579]: [pid: 74579|app: 0|req: 3/5] 192.168.1.111 () {72 vars in 1408 bytes} [Mon Aug 18 13:39:58 2025] POST /compute/v2.1/flavors => generated 413 bytes in 42 msecs (HTTP/1.1 200) 9 headers in 359 bytes (1 switches on core 0)
Aug 18 13:39:58.522926 np0000032521 devstack@n-api.service[74580]: DEBUG dbcounter [-] [74580] Writing DB stats nova_api:SELECT=1 {{(pid=74580) stat_writer /opt/stack/data/venv/lib/python3.12/site-packages/dbcounter.py:115}}
Aug 18 13:39:58.523686 np0000032521 devstack@n-api.service[74580]: DEBUG dbcounter [-] [74580] Writing DB stats nova_cell1:SELECT=1 {{(pid=74580) stat_writer /opt/stack/data/venv/lib/python3.12/site-packages/dbcounter.py:115}}
Aug 18 13:39:58.524916 np0000032521 devstack@n-api.service[74580]: DEBUG dbcounter [-] [74580] Writing DB stats nova_cell0:SELECT=1 {{(pid=74580) stat_writer /opt/stack/data/venv/lib/python3.12/site-packages/dbcounter.py:115}}
Aug 18 13:39:58.524916 np0000032521 devstack@n-api.service[74580]: DEBUG dbcounter [-] [74580] Writing DB stats nova_cell0:SELECT=2,nova_cell0:INSERT=1 {{(pid=74580) stat_writer /opt/stack/data/venv/lib/python3.12/site-packages/dbcounter.py:115}}
Aug 18 13:39:58.583711 np0000032521 devstack@n-api.service[74580]: DEBUG nova.api.openstack.wsgi [None req-62ee5df8-afde-4728-ba45-9342c1a2f677 admin admin] Action: 'create', calling method: <bound method FlavorExtraSpecsController.create of <nova.api.openstack.compute.flavors_extraspecs.FlavorExtraSpecsController object at 0x70c969e049b0>>, body: {"extra_specs": {"hw_rng:allowed": "True"}} {{(pid=74580) _process_stack /opt/stack/nova/nova/api/openstack/wsgi.py:554}}
Aug 18 13:39:58.616927 np0000032521 devstack@n-api.service[74580]: INFO nova.api.openstack.requestlog [None req-62ee5df8-afde-4728-ba45-9342c1a2f677 admin admin] 192.168.1.111 "POST /compute/v2.1/flavors/c1/os-extra_specs" status: 200 len: 43 microversion: 2.61 time: 0.097306
Aug 18 13:39:58.617169 np0000032521 devstack@n-api.service[74580]: [pid: 74580|app: 0|req: 3/6] 192.168.1.111 () {72 vars in 1461 bytes} [Mon Aug 18 13:39:58 2025] POST /compute/v2.1/flavors/c1/os-extra_specs => generated 43 bytes in 98 msecs (HTTP/1.1 200) 9 headers in 358 bytes (1 switches on core 0)
Aug 18 13:39:58.701171 np0000032521 devstack@n-api.service[74579]: DEBUG nova.api.openstack.wsgi [None req-fb52f7e5-037a-4f6f-b774-2cb5bcdddaa1 admin admin] Calling method '<bound method VersionsV2.index of <nova.api.openstack.compute.versions.VersionsV2 object at 0x70c96a6c63c0>>' {{(pid=74579) _process_stack /opt/stack/nova/nova/api/openstack/wsgi.py:556}}
Aug 18 13:39:58.704050 np0000032521 devstack@n-api.service[74579]: INFO nova.api.openstack.requestlog [None req-fb52f7e5-037a-4f6f-b774-2cb5bcdddaa1 admin admin] 192.168.1.111 "GET /compute/v2.1" status: 200 len: 392 microversion: 2.1 time: 0.003023
Aug 18 13:39:58.704213 np0000032521 devstack@n-api.service[74579]: [pid: 74579|app: 0|req: 4/7] 192.168.1.111 () {62 vars in 1056 bytes} [Mon Aug 18 13:39:58 2025] GET /compute/v2.1 => generated 392 bytes in 3 msecs (HTTP/1.1 200) 9 headers in 357 bytes (1 switches on core 0)
Aug 18 13:39:58.848436 np0000032521 devstack@n-api.service[74580]: DEBUG nova.api.openstack.wsgi [None req-5fdd09aa-c1e8-45e4-9ed7-03008014fef2 admin admin] Action: 'create', calling method: <bound method FlavorsController.create of <nova.api.openstack.compute.flavors.FlavorsController object at 0x70c969e042c0>>, body: {"flavor": {"id": "d1", "OS-FLV-EXT-DATA:ephemeral": 0, "disk": 5, "name": "ds512M", "os-flavor-access:is_public": true, "rxtx_factor": 1.0, "vcpus": 1, "swap": 0, "ram": 512}} {{(pid=74580) _process_stack /opt/stack/nova/nova/api/openstack/wsgi.py:554}}
Aug 18 13:39:58.867341 np0000032521 devstack@n-api.service[74580]: INFO nova.api.openstack.requestlog [None req-5fdd09aa-c1e8-45e4-9ed7-03008014fef2 admin admin] 192.168.1.111 "POST /compute/v2.1/flavors" status: 200 len: 410 microversion: 2.61 time: 0.158137
Aug 18 13:39:58.867575 np0000032521 devstack@n-api.service[74580]: [pid: 74580|app: 0|req: 4/8] 192.168.1.111 () {72 vars in 1408 bytes} [Mon Aug 18 13:39:58 2025] POST /compute/v2.1/flavors => generated 410 bytes in 158 msecs (HTTP/1.1 200) 9 headers in 359 bytes (1 switches on core 0)
Aug 18 13:39:58.875525 np0000032521 devstack@n-api.service[74579]: DEBUG nova.api.openstack.wsgi [None req-621ea3bc-011f-4157-b7a1-bca4cf027162 admin admin] Action: 'create', calling method: <bound method FlavorExtraSpecsController.create of <nova.api.openstack.compute.flavors_extraspecs.FlavorExtraSpecsController object at 0x70c969e049e0>>, body: {"extra_specs": {"hw_rng:allowed": "True"}} {{(pid=74579) _process_stack /opt/stack/nova/nova/api/openstack/wsgi.py:554}}
Aug 18 13:39:58.892647 np0000032521 devstack@n-api.service[74579]: INFO nova.api.openstack.requestlog [None req-621ea3bc-011f-4157-b7a1-bca4cf027162 admin admin] 192.168.1.111 "POST /compute/v2.1/flavors/d1/os-extra_specs" status: 200 len: 43 microversion: 2.61 time: 0.018678
Aug 18 13:39:58.892870 np0000032521 devstack@n-api.service[74579]: [pid: 74579|app: 0|req: 5/9] 192.168.1.111 () {72 vars in 1461 bytes} [Mon Aug 18 13:39:58 2025] POST /compute/v2.1/flavors/d1/os-extra_specs => generated 43 bytes in 19 msecs (HTTP/1.1 200) 9 headers in 358 bytes (1 switches on core 0)
Aug 18 13:39:58.975421 np0000032521 devstack@n-api.service[74580]: DEBUG nova.api.openstack.wsgi [None req-5fdd09aa-c1e8-45e4-9ed7-03008014fef2 admin admin] Calling method '<bound method VersionsV2.index of <nova.api.openstack.compute.versions.VersionsV2 object at 0x70c96a43fe30>>' {{(pid=74580) _process_stack /opt/stack/nova/nova/api/openstack/wsgi.py:556}}
Aug 18 13:39:58.978628 np0000032521 devstack@n-api.service[74580]: INFO nova.api.openstack.requestlog [None req-5fdd09aa-c1e8-45e4-9ed7-03008014fef2 admin admin] 192.168.1.111 "GET /compute/v2.1" status: 200 len: 392 microversion: 2.1 time: 0.003311
Aug 18 13:39:58.978926 np0000032521 devstack@n-api.service[74580]: [pid: 74580|app: 0|req: 5/10] 192.168.1.111 () {62 vars in 1056 bytes} [Mon Aug 18 13:39:58 2025] GET /compute/v2.1 => generated 392 bytes in 4 msecs (HTTP/1.1 200) 9 headers in 357 bytes (1 switches on core 0)
Aug 18 13:39:59.012934 np0000032521 devstack@n-api.service[74579]: DEBUG nova.api.openstack.wsgi [None req-80b8ad56-3d34-4876-803e-5cd9388271cb admin admin] Action: 'create', calling method: <bound method FlavorsController.create of <nova.api.openstack.compute.flavors.FlavorsController object at 0x70c969fe3ec0>>, body: {"flavor": {"id": "d2", "OS-FLV-EXT-DATA:ephemeral": 0, "disk": 10, "name": "ds1G", "os-flavor-access:is_public": true, "rxtx_factor": 1.0, "vcpus": 1, "swap": 0, "ram": 1024}} {{(pid=74579) _process_stack /opt/stack/nova/nova/api/openstack/wsgi.py:554}}
Aug 18 13:39:59.020808 np0000032521 devstack@n-api.service[74579]: INFO nova.api.openstack.requestlog [None req-80b8ad56-3d34-4876-803e-5cd9388271cb admin admin] 192.168.1.111 "POST /compute/v2.1/flavors" status: 200 len: 410 microversion: 2.61 time: 0.037086
Aug 18 13:39:59.021053 np0000032521 devstack@n-api.service[74579]: [pid: 74579|app: 0|req: 6/11] 192.168.1.111 () {72 vars in 1408 bytes} [Mon Aug 18 13:39:58 2025] POST /compute/v2.1/flavors => generated 410 bytes in 37 msecs (HTTP/1.1 200) 9 headers in 359 bytes (1 switches on core 0)
Aug 18 13:39:59.030168 np0000032521 devstack@n-api.service[74580]: DEBUG nova.api.openstack.wsgi [None req-8e6fcc88-0568-4f75-b2e3-2c43ea679643 admin admin] Action: 'create', calling method: <bound method FlavorExtraSpecsController.create of <nova.api.openstack.compute.flavors_extraspecs.FlavorExtraSpecsController object at 0x70c969e049b0>>, body: {"extra_specs": {"hw_rng:allowed": "True"}} {{(pid=74580) _process_stack /opt/stack/nova/nova/api/openstack/wsgi.py:554}}
Aug 18 13:39:59.044311 np0000032521 devstack@n-api.service[74580]: INFO nova.api.openstack.requestlog [None req-8e6fcc88-0568-4f75-b2e3-2c43ea679643 admin admin] 192.168.1.111 "POST /compute/v2.1/flavors/d2/os-extra_specs" status: 200 len: 43 microversion: 2.61 time: 0.015701
Aug 18 13:39:59.044542 np0000032521 devstack@n-api.service[74580]: [pid: 74580|app: 0|req: 6/12] 192.168.1.111 () {72 vars in 1461 bytes} [Mon Aug 18 13:39:59 2025] POST /compute/v2.1/flavors/d2/os-extra_specs => generated 43 bytes in 16 msecs (HTTP/1.1 200) 9 headers in 358 bytes (1 switches on core 0)
Aug 18 13:39:59.124788 np0000032521 devstack@n-api.service[74579]: DEBUG nova.api.openstack.wsgi [None req-80b8ad56-3d34-4876-803e-5cd9388271cb admin admin] Calling method '<bound method VersionsV2.index of <nova.api.openstack.compute.versions.VersionsV2 object at 0x70c96a6c63c0>>' {{(pid=74579) _process_stack /opt/stack/nova/nova/api/openstack/wsgi.py:556}}
Aug 18 13:39:59.127623 np0000032521 devstack@n-api.service[74579]: INFO nova.api.openstack.requestlog [None req-80b8ad56-3d34-4876-803e-5cd9388271cb admin admin] 192.168.1.111 "GET /compute/v2.1" status: 200 len: 392 microversion: 2.1 time: 0.002997
Aug 18 13:39:59.127802 np0000032521 devstack@n-api.service[74579]: [pid: 74579|app: 0|req: 7/13] 192.168.1.111 () {62 vars in 1056 bytes} [Mon Aug 18 13:39:59 2025] GET /compute/v2.1 => generated 392 bytes in 3 msecs (HTTP/1.1 200) 9 headers in 357 bytes (1 switches on core 0)
Aug 18 13:39:59.161121 np0000032521 devstack@n-api.service[74580]: DEBUG nova.api.openstack.wsgi [None req-2ef9e7ad-96d0-423a-8ae4-30bc79366a0a admin admin] Action: 'create', calling method: <bound method FlavorsController.create of <nova.api.openstack.compute.flavors.FlavorsController object at 0x70c969e042c0>>, body: {"flavor": {"id": "d3", "OS-FLV-EXT-DATA:ephemeral": 0, "disk": 10, "name": "ds2G", "os-flavor-access:is_public": true, "rxtx_factor": 1.0, "vcpus": 2, "swap": 0, "ram": 2048}} {{(pid=74580) _process_stack /opt/stack/nova/nova/api/openstack/wsgi.py:554}}
Aug 18 13:39:59.172569 np0000032521 devstack@n-api.service[74580]: INFO nova.api.openstack.requestlog [None req-2ef9e7ad-96d0-423a-8ae4-30bc79366a0a admin admin] 192.168.1.111 "POST /compute/v2.1/flavors" status: 200 len: 410 microversion: 2.61 time: 0.040110
Aug 18 13:39:59.172792 np0000032521 devstack@n-api.service[74580]: [pid: 74580|app: 0|req: 7/14] 192.168.1.111 () {72 vars in 1408 bytes} [Mon Aug 18 13:39:59 2025] POST /compute/v2.1/flavors => generated 410 bytes in 40 msecs (HTTP/1.1 200) 9 headers in 359 bytes (2 switches on core 0)
Aug 18 13:39:59.180793 np0000032521 devstack@n-api.service[74579]: DEBUG nova.api.openstack.wsgi [None req-4ed180d3-e398-4a39-bfef-78ae15077504 admin admin] Action: 'create', calling method: <bound method FlavorExtraSpecsController.create of <nova.api.openstack.compute.flavors_extraspecs.FlavorExtraSpecsController object at 0x70c969e049e0>>, body: {"extra_specs": {"hw_rng:allowed": "True"}} {{(pid=74579) _process_stack /opt/stack/nova/nova/api/openstack/wsgi.py:554}}
Aug 18 13:39:59.193136 np0000032521 devstack@n-api.service[74579]: INFO nova.api.openstack.requestlog [None req-4ed180d3-e398-4a39-bfef-78ae15077504 admin admin] 192.168.1.111 "POST /compute/v2.1/flavors/d3/os-extra_specs" status: 200 len: 43 microversion: 2.61 time: 0.013806
Aug 18 13:39:59.193336 np0000032521 devstack@n-api.service[74579]: [pid: 74579|app: 0|req: 8/15] 192.168.1.111 () {72 vars in 1461 bytes} [Mon Aug 18 13:39:59 2025] POST /compute/v2.1/flavors/d3/os-extra_specs => generated 43 bytes in 14 msecs (HTTP/1.1 200) 9 headers in 358 bytes (1 switches on core 0)
Aug 18 13:39:59.288677 np0000032521 devstack@n-api.service[74580]: DEBUG nova.api.openstack.wsgi [None req-2ef9e7ad-96d0-423a-8ae4-30bc79366a0a admin admin] Calling method '<bound method VersionsV2.index of <nova.api.openstack.compute.versions.VersionsV2 object at 0x70c96a43fe30>>' {{(pid=74580) _process_stack /opt/stack/nova/nova/api/openstack/wsgi.py:556}}
Aug 18 13:39:59.295039 np0000032521 devstack@n-api.service[74580]: INFO nova.api.openstack.requestlog [None req-2ef9e7ad-96d0-423a-8ae4-30bc79366a0a admin admin] 192.168.1.111 "GET /compute/v2.1" status: 200 len: 392 microversion: 2.1 time: 0.006476
Aug 18 13:39:59.295220 np0000032521 devstack@n-api.service[74580]: [pid: 74580|app: 0|req: 8/16] 192.168.1.111 () {62 vars in 1056 bytes} [Mon Aug 18 13:39:59 2025] GET /compute/v2.1 => generated 392 bytes in 7 msecs (HTTP/1.1 200) 9 headers in 357 bytes (1 switches on core 0)
Aug 18 13:39:59.320300 np0000032521 devstack@n-api.service[74579]: DEBUG nova.api.openstack.wsgi [None req-6b990d9f-3338-49d3-8cb2-dcf19d2b5d5a admin admin] Action: 'create', calling method: <bound method FlavorsController.create of <nova.api.openstack.compute.flavors.FlavorsController object at 0x70c969fe3ec0>>, body: {"flavor": {"id": "d4", "OS-FLV-EXT-DATA:ephemeral": 0, "disk": 20, "name": "ds4G", "os-flavor-access:is_public": true, "rxtx_factor": 1.0, "vcpus": 4, "swap": 0, "ram": 4096}} {{(pid=74579) _process_stack /opt/stack/nova/nova/api/openstack/wsgi.py:554}}
Aug 18 13:39:59.333617 np0000032521 devstack@n-api.service[74579]: INFO nova.api.openstack.requestlog [None req-6b990d9f-3338-49d3-8cb2-dcf19d2b5d5a admin admin] 192.168.1.111 "POST /compute/v2.1/flavors" status: 200 len: 410 microversion: 2.61 time: 0.032809
Aug 18 13:39:59.333847 np0000032521 devstack@n-api.service[74579]: [pid: 74579|app: 0|req: 9/17] 192.168.1.111 () {72 vars in 1408 bytes} [Mon Aug 18 13:39:59 2025] POST /compute/v2.1/flavors => generated 410 bytes in 33 msecs (HTTP/1.1 200) 9 headers in 359 bytes (1 switches on core 0)
Aug 18 13:39:59.341734 np0000032521 devstack@n-api.service[74580]: DEBUG nova.api.openstack.wsgi [None req-75e60c6b-2384-45d8-9330-c82d583c570b admin admin] Action: 'create', calling method: <bound method FlavorExtraSpecsController.create of <nova.api.openstack.compute.flavors_extraspecs.FlavorExtraSpecsController object at 0x70c969e049b0>>, body: {"extra_specs": {"hw_rng:allowed": "True"}} {{(pid=74580) _process_stack /opt/stack/nova/nova/api/openstack/wsgi.py:554}}
Aug 18 13:39:59.355466 np0000032521 devstack@n-api.service[74580]: INFO nova.api.openstack.requestlog [None req-75e60c6b-2384-45d8-9330-c82d583c570b admin admin] 192.168.1.111 "POST /compute/v2.1/flavors/d4/os-extra_specs" status: 200 len: 43 microversion: 2.61 time: 0.015222
Aug 18 13:39:59.355703 np0000032521 devstack@n-api.service[74580]: [pid: 74580|app: 0|req: 9/18] 192.168.1.111 () {72 vars in 1461 bytes} [Mon Aug 18 13:39:59 2025] POST /compute/v2.1/flavors/d4/os-extra_specs => generated 43 bytes in 15 msecs (HTTP/1.1 200) 9 headers in 358 bytes (1 switches on core 0)
Aug 18 13:39:59.436484 np0000032521 devstack@n-api.service[74579]: DEBUG nova.api.openstack.wsgi [None req-6b990d9f-3338-49d3-8cb2-dcf19d2b5d5a admin admin] Calling method '<bound method VersionsV2.index of <nova.api.openstack.compute.versions.VersionsV2 object at 0x70c96a6c63c0>>' {{(pid=74579) _process_stack /opt/stack/nova/nova/api/openstack/wsgi.py:556}}
Aug 18 13:39:59.439540 np0000032521 devstack@n-api.service[74579]: INFO nova.api.openstack.requestlog [None req-6b990d9f-3338-49d3-8cb2-dcf19d2b5d5a admin admin] 192.168.1.111 "GET /compute/v2.1" status: 200 len: 392 microversion: 2.1 time: 0.003222
Aug 18 13:39:59.439803 np0000032521 devstack@n-api.service[74579]: [pid: 74579|app: 0|req: 10/19] 192.168.1.111 () {62 vars in 1056 bytes} [Mon Aug 18 13:39:59 2025] GET /compute/v2.1 => generated 392 bytes in 3 msecs (HTTP/1.1 200) 9 headers in 357 bytes (1 switches on core 0)
Aug 18 13:39:59.462949 np0000032521 devstack@n-api.service[74580]: DEBUG nova.api.openstack.wsgi [None req-12ceed22-5dd9-439a-b5da-f2fd115ee2f6 admin admin] Calling method '<bound method FlavorsController.detail of <nova.api.openstack.compute.flavors.FlavorsController object at 0x70c969e04800>>' {{(pid=74580) _process_stack /opt/stack/nova/nova/api/openstack/wsgi.py:556}}
Aug 18 13:39:59.477538 np0000032521 devstack@n-api.service[74580]: INFO nova.api.openstack.requestlog [None req-12ceed22-5dd9-439a-b5da-f2fd115ee2f6 admin admin] 192.168.1.111 "GET /compute/v2.1/flavors/detail?is_public=True" status: 200 len: 2136 microversion: 2.61 time: 0.031965
Aug 18 13:39:59.477762 np0000032521 devstack@n-api.service[74580]: [pid: 74580|app: 0|req: 10/20] 192.168.1.111 () {68 vars in 1417 bytes} [Mon Aug 18 13:39:59 2025] GET /compute/v2.1/flavors/detail?is_public=True => generated 2136 bytes in 32 msecs (HTTP/1.1 200) 9 headers in 360 bytes (1 switches on core 0)
Aug 18 13:39:59.569902 np0000032521 devstack@n-api.service[74579]: DEBUG nova.api.openstack.wsgi [None req-6b990d9f-3338-49d3-8cb2-dcf19d2b5d5a admin admin] Calling method '<bound method VersionsV2.index of <nova.api.openstack.compute.versions.VersionsV2 object at 0x70c96a6c63c0>>' {{(pid=74579) _process_stack /opt/stack/nova/nova/api/openstack/wsgi.py:556}}
Aug 18 13:39:59.572654 np0000032521 devstack@n-api.service[74579]: INFO nova.api.openstack.requestlog [None req-6b990d9f-3338-49d3-8cb2-dcf19d2b5d5a admin admin] 192.168.1.111 "GET /compute/v2.1" status: 200 len: 392 microversion: 2.1 time: 0.002967
Aug 18 13:39:59.572942 np0000032521 devstack@n-api.service[74579]: [pid: 74579|app: 0|req: 11/21] 192.168.1.111 () {62 vars in 1056 bytes} [Mon Aug 18 13:39:59 2025] GET /compute/v2.1 => generated 392 bytes in 3 msecs (HTTP/1.1 200) 9 headers in 357 bytes (1 switches on core 0)
Aug 18 13:39:59.596567 np0000032521 devstack@n-api.service[74580]: DEBUG nova.api.openstack.wsgi [None req-42f0c940-21df-4176-9bec-bbe7520c1f36 admin admin] Action: 'create', calling method: <bound method FlavorsController.create of <nova.api.openstack.compute.flavors.FlavorsController object at 0x70c969e042c0>>, body: {"flavor": {"id": "1", "OS-FLV-EXT-DATA:ephemeral": 0, "disk": 1, "name": "m1.tiny", "os-flavor-access:is_public": true, "rxtx_factor": 1.0, "vcpus": 1, "swap": 0, "ram": 512}} {{(pid=74580) _process_stack /opt/stack/nova/nova/api/openstack/wsgi.py:554}}
Aug 18 13:39:59.607814 np0000032521 devstack@n-api.service[74580]: INFO nova.api.openstack.requestlog [None req-42f0c940-21df-4176-9bec-bbe7520c1f36 admin admin] 192.168.1.111 "POST /compute/v2.1/flavors" status: 200 len: 408 microversion: 2.61 time: 0.029874
Aug 18 13:39:59.608053 np0000032521 devstack@n-api.service[74580]: [pid: 74580|app: 0|req: 11/22] 192.168.1.111 () {72 vars in 1408 bytes} [Mon Aug 18 13:39:59 2025] POST /compute/v2.1/flavors => generated 408 bytes in 30 msecs (HTTP/1.1 200) 9 headers in 359 bytes (1 switches on core 0)
Aug 18 13:39:59.616139 np0000032521 devstack@n-api.service[74579]: DEBUG nova.api.openstack.wsgi [None req-4553ef1f-f4c0-402c-984c-03076793286f admin admin] Action: 'create', calling method: <bound method FlavorExtraSpecsController.create of <nova.api.openstack.compute.flavors_extraspecs.FlavorExtraSpecsController object at 0x70c969e049e0>>, body: {"extra_specs": {"hw_rng:allowed": "True"}} {{(pid=74579) _process_stack /opt/stack/nova/nova/api/openstack/wsgi.py:554}}
Aug 18 13:39:59.628250 np0000032521 devstack@n-api.service[74579]: INFO nova.api.openstack.requestlog [None req-4553ef1f-f4c0-402c-984c-03076793286f admin admin] 192.168.1.111 "POST /compute/v2.1/flavors/1/os-extra_specs" status: 200 len: 43 microversion: 2.61 time: 0.013613
Aug 18 13:39:59.628466 np0000032521 devstack@n-api.service[74579]: [pid: 74579|app: 0|req: 12/23] 192.168.1.111 () {72 vars in 1458 bytes} [Mon Aug 18 13:39:59 2025] POST /compute/v2.1/flavors/1/os-extra_specs => generated 43 bytes in 14 msecs (HTTP/1.1 200) 9 headers in 358 bytes (1 switches on core 0)
Aug 18 13:39:59.712547 np0000032521 devstack@n-api.service[74580]: DEBUG nova.api.openstack.wsgi [None req-42f0c940-21df-4176-9bec-bbe7520c1f36 admin admin] Calling method '<bound method VersionsV2.index of <nova.api.openstack.compute.versions.VersionsV2 object at 0x70c96a43fe30>>' {{(pid=74580) _process_stack /opt/stack/nova/nova/api/openstack/wsgi.py:556}}
Aug 18 13:39:59.715368 np0000032521 devstack@n-api.service[74580]: INFO nova.api.openstack.requestlog [None req-42f0c940-21df-4176-9bec-bbe7520c1f36 admin admin] 192.168.1.111 "GET /compute/v2.1" status: 200 len: 392 microversion: 2.1 time: 0.002981
Aug 18 13:39:59.715537 np0000032521 devstack@n-api.service[74580]: [pid: 74580|app: 0|req: 12/24] 192.168.1.111 () {62 vars in 1056 bytes} [Mon Aug 18 13:39:59 2025] GET /compute/v2.1 => generated 392 bytes in 3 msecs (HTTP/1.1 200) 9 headers in 357 bytes (1 switches on core 0)
Aug 18 13:39:59.738181 np0000032521 devstack@n-api.service[74579]: DEBUG nova.api.openstack.wsgi [None req-0de26b39-12dd-44d5-8f20-284077da463a admin admin] Action: 'create', calling method: <bound method FlavorsController.create of <nova.api.openstack.compute.flavors.FlavorsController object at 0x70c969fe3ec0>>, body: {"flavor": {"id": "2", "OS-FLV-EXT-DATA:ephemeral": 0, "disk": 20, "name": "m1.small", "os-flavor-access:is_public": true, "rxtx_factor": 1.0, "vcpus": 1, "swap": 0, "ram": 2048}} {{(pid=74579) _process_stack /opt/stack/nova/nova/api/openstack/wsgi.py:554}}
Aug 18 13:39:59.748721 np0000032521 devstack@n-api.service[74579]: INFO nova.api.openstack.requestlog [None req-0de26b39-12dd-44d5-8f20-284077da463a admin admin] 192.168.1.111 "POST /compute/v2.1/flavors" status: 200 len: 411 microversion: 2.61 time: 0.027945
Aug 18 13:39:59.749003 np0000032521 devstack@n-api.service[74579]: [pid: 74579|app: 0|req: 13/25] 192.168.1.111 () {72 vars in 1408 bytes} [Mon Aug 18 13:39:59 2025] POST /compute/v2.1/flavors => generated 411 bytes in 28 msecs (HTTP/1.1 200) 9 headers in 359 bytes (1 switches on core 0)
Aug 18 13:39:59.757629 np0000032521 devstack@n-api.service[74580]: DEBUG nova.api.openstack.wsgi [None req-b1ecceb5-a83f-4c2c-9dae-2dd9d02710ab admin admin] Action: 'create', calling method: <bound method FlavorExtraSpecsController.create of <nova.api.openstack.compute.flavors_extraspecs.FlavorExtraSpecsController object at 0x70c969e049b0>>, body: {"extra_specs": {"hw_rng:allowed": "True"}} {{(pid=74580) _process_stack /opt/stack/nova/nova/api/openstack/wsgi.py:554}}
Aug 18 13:39:59.771771 np0000032521 devstack@n-api.service[74580]: INFO nova.api.openstack.requestlog [None req-b1ecceb5-a83f-4c2c-9dae-2dd9d02710ab admin admin] 192.168.1.111 "POST /compute/v2.1/flavors/2/os-extra_specs" status: 200 len: 43 microversion: 2.61 time: 0.015663
Aug 18 13:39:59.772049 np0000032521 devstack@n-api.service[74580]: [pid: 74580|app: 0|req: 13/26] 192.168.1.111 () {72 vars in 1458 bytes} [Mon Aug 18 13:39:59 2025] POST /compute/v2.1/flavors/2/os-extra_specs => generated 43 bytes in 16 msecs (HTTP/1.1 200) 9 headers in 358 bytes (1 switches on core 0)
Aug 18 13:39:59.851552 np0000032521 devstack@n-api.service[74579]: DEBUG nova.api.openstack.wsgi [None req-0de26b39-12dd-44d5-8f20-284077da463a admin admin] Calling method '<bound method VersionsV2.index of <nova.api.openstack.compute.versions.VersionsV2 object at 0x70c96a6c63c0>>' {{(pid=74579) _process_stack /opt/stack/nova/nova/api/openstack/wsgi.py:556}}
Aug 18 13:39:59.855622 np0000032521 devstack@n-api.service[74579]: INFO nova.api.openstack.requestlog [None req-0de26b39-12dd-44d5-8f20-284077da463a admin admin] 192.168.1.111 "GET /compute/v2.1" status: 200 len: 392 microversion: 2.1 time: 0.004223
Aug 18 13:39:59.855924 np0000032521 devstack@n-api.service[74579]: [pid: 74579|app: 0|req: 14/27] 192.168.1.111 () {62 vars in 1056 bytes} [Mon Aug 18 13:39:59 2025] GET /compute/v2.1 => generated 392 bytes in 4 msecs (HTTP/1.1 200) 9 headers in 357 bytes (1 switches on core 0)
