Aug 18 13:49:35.811372 np0000032521 devstack@placement-api.service[78338]: DEBUG dbcounter [-] [78338] Writing DB stats placement:SELECT=12,placement:DELETE=2 {{(pid=78338) stat_writer /opt/stack/data/venv/lib/python3.12/site-packages/dbcounter.py:115}}
Aug 18 13:50:04.850770 np0000032521 devstack@placement-api.service[78339]: DEBUG placement.requestlog [req-a69da969-1677-4c65-952f-f4406d503490 req-09bbcccc-e357-40d9-b70e-8b98dcb398af None None] Starting request: 192.168.1.111 "GET /placement/allocation_candidates?limit=1000&resources=DISK_GB%3A5%2CMEMORY_MB%3A1024%2CVCPU%3A1&root_required=%21COMPUTE_STATUS_DISABLED" {{(pid=78339) __call__ /opt/stack/placement/placement/requestlog.py:55}}
Aug 18 13:50:04.863645 np0000032521 devstack@placement-api.service[78339]: DEBUG placement.objects.research_context [req-a69da969-1677-4c65-952f-f4406d503490 req-09bbcccc-e357-40d9-b70e-8b98dcb398af service nova] getting providers with 5 DISK_GB {{(pid=78339) __init__ /opt/stack/placement/placement/objects/research_context.py:137}}
Aug 18 13:50:04.865921 np0000032521 devstack@placement-api.service[78339]: DEBUG placement.objects.research_context [req-a69da969-1677-4c65-952f-f4406d503490 req-09bbcccc-e357-40d9-b70e-8b98dcb398af service nova] getting providers with 1024 MEMORY_MB {{(pid=78339) __init__ /opt/stack/placement/placement/objects/research_context.py:137}}
Aug 18 13:50:04.867736 np0000032521 devstack@placement-api.service[78339]: DEBUG placement.objects.research_context [req-a69da969-1677-4c65-952f-f4406d503490 req-09bbcccc-e357-40d9-b70e-8b98dcb398af service nova] getting providers with 1 VCPU {{(pid=78339) __init__ /opt/stack/placement/placement/objects/research_context.py:137}}
Aug 18 13:50:04.869777 np0000032521 devstack@placement-api.service[78339]: DEBUG placement.objects.research_context [req-a69da969-1677-4c65-952f-f4406d503490 req-09bbcccc-e357-40d9-b70e-8b98dcb398af service nova] found 1 providers with available 5 DISK_GB {{(pid=78339) get_provider_ids_matching /opt/stack/placement/placement/objects/research_context.py:569}}
Aug 18 13:50:04.869864 np0000032521 devstack@placement-api.service[78339]: DEBUG placement.objects.research_context [req-a69da969-1677-4c65-952f-f4406d503490 req-09bbcccc-e357-40d9-b70e-8b98dcb398af service nova] found 1 providers with available 1024 MEMORY_MB {{(pid=78339) get_provider_ids_matching /opt/stack/placement/placement/objects/research_context.py:569}}
Aug 18 13:50:04.869956 np0000032521 devstack@placement-api.service[78339]: DEBUG placement.objects.research_context [req-a69da969-1677-4c65-952f-f4406d503490 req-09bbcccc-e357-40d9-b70e-8b98dcb398af service nova] found 1 providers after filtering by previous result {{(pid=78339) get_provider_ids_matching /opt/stack/placement/placement/objects/research_context.py:600}}
Aug 18 13:50:04.870027 np0000032521 devstack@placement-api.service[78339]: DEBUG placement.objects.research_context [req-a69da969-1677-4c65-952f-f4406d503490 req-09bbcccc-e357-40d9-b70e-8b98dcb398af service nova] found 1 providers with available 1 VCPU {{(pid=78339) get_provider_ids_matching /opt/stack/placement/placement/objects/research_context.py:569}}
Aug 18 13:50:04.870093 np0000032521 devstack@placement-api.service[78339]: DEBUG placement.objects.research_context [req-a69da969-1677-4c65-952f-f4406d503490 req-09bbcccc-e357-40d9-b70e-8b98dcb398af service nova] found 1 providers after filtering by previous result {{(pid=78339) get_provider_ids_matching /opt/stack/placement/placement/objects/research_context.py:600}}
Aug 18 13:50:04.874256 np0000032521 devstack@placement-api.service[78339]: DEBUG placement.objects.allocation_candidate [req-a69da969-1677-4c65-952f-f4406d503490 req-09bbcccc-e357-40d9-b70e-8b98dcb398af service nova] RequestGroup(use_same_provider=False, resources={DISK_GB:5, MEMORY_MB:1024, VCPU:1}, traits=(), aggregates=[]) (suffix '') returned 1 matches {{(pid=78339) _get_by_requests /opt/stack/placement/placement/objects/allocation_candidate.py:157}}
Aug 18 13:50:04.874390 np0000032521 devstack@placement-api.service[78339]: DEBUG placement.objects.allocation_candidate [req-a69da969-1677-4c65-952f-f4406d503490 req-09bbcccc-e357-40d9-b70e-8b98dcb398af service nova] Merging candidates yields 1 allocation requests and 1 provider summaries {{(pid=78339) _merge_candidates /opt/stack/placement/placement/objects/allocation_candidate.py:841}}
Aug 18 13:50:04.875167 np0000032521 devstack@placement-api.service[78339]: INFO placement.requestlog [req-a69da969-1677-4c65-952f-f4406d503490 req-09bbcccc-e357-40d9-b70e-8b98dcb398af service nova] 192.168.1.111 "GET /placement/allocation_candidates?limit=1000&resources=DISK_GB%3A5%2CMEMORY_MB%3A1024%2CVCPU%3A1&root_required=%21COMPUTE_STATUS_DISABLED" status: 200 len: 2226 microversion: 1.36
Aug 18 13:50:04.875329 np0000032521 devstack@placement-api.service[78339]: [pid: 78339|app: 0|req: 31/61] 192.168.1.111 () {68 vars in 1638 bytes} [Mon Aug 18 13:50:04 2025] GET /placement/allocation_candidates?limit=1000&resources=DISK_GB%3A5%2CMEMORY_MB%3A1024%2CVCPU%3A1&root_required=%21COMPUTE_STATUS_DISABLED => generated 2226 bytes in 24 msecs (HTTP/1.1 200) 8 headers in 297 bytes (1 switches on core 0)
Aug 18 13:50:04.922528 np0000032521 devstack@placement-api.service[78338]: DEBUG placement.requestlog [req-a69da969-1677-4c65-952f-f4406d503490 req-2bfac752-35ec-4947-9278-fc528450a26b None None] Starting request: 192.168.1.111 "GET /placement/allocations/b6bf22b5-0a2b-4bbc-9a19-4122eb0128e3" {{(pid=78338) __call__ /opt/stack/placement/placement/requestlog.py:55}}
Aug 18 13:50:04.926779 np0000032521 devstack@placement-api.service[78338]: INFO placement.requestlog [req-a69da969-1677-4c65-952f-f4406d503490 req-2bfac752-35ec-4947-9278-fc528450a26b service nova] 192.168.1.111 "GET /placement/allocations/b6bf22b5-0a2b-4bbc-9a19-4122eb0128e3" status: 200 len: 19 microversion: 1.28
Aug 18 13:50:04.927240 np0000032521 devstack@placement-api.service[78338]: [pid: 78338|app: 0|req: 31/62] 192.168.1.111 () {68 vars in 1512 bytes} [Mon Aug 18 13:50:04 2025] GET /placement/allocations/b6bf22b5-0a2b-4bbc-9a19-4122eb0128e3 => generated 19 bytes in 4 msecs (HTTP/1.1 200) 8 headers in 295 bytes (1 switches on core 0)
Aug 18 13:50:04.932466 np0000032521 devstack@placement-api.service[78339]: DEBUG placement.requestlog [req-a69da969-1677-4c65-952f-f4406d503490 req-94f896d8-ddf1-4eca-8d24-e5ac8d37a1d9 None None] Starting request: 192.168.1.111 "PUT /placement/allocations/b6bf22b5-0a2b-4bbc-9a19-4122eb0128e3" {{(pid=78339) __call__ /opt/stack/placement/placement/requestlog.py:55}}
Aug 18 13:50:04.964470 np0000032521 devstack@placement-api.service[78339]: DEBUG placement.handlers.allocation [req-a69da969-1677-4c65-952f-f4406d503490 req-94f896d8-ddf1-4eca-8d24-e5ac8d37a1d9 service nova] Successfully wrote allocations [<placement.objects.allocation.Allocation object at 0x74251c772930>, <placement.objects.allocation.Allocation object at 0x74251c6c3ec0>, <placement.objects.allocation.Allocation object at 0x74251bd5a5d0>] {{(pid=78339) _update_consumers_and_create_allocations /opt/stack/placement/placement/handlers/allocation.py:462}}
Aug 18 13:50:04.966914 np0000032521 devstack@placement-api.service[78339]: INFO placement.requestlog [req-a69da969-1677-4c65-952f-f4406d503490 req-94f896d8-ddf1-4eca-8d24-e5ac8d37a1d9 service nova] 192.168.1.111 "PUT /placement/allocations/b6bf22b5-0a2b-4bbc-9a19-4122eb0128e3" status: 204 len: 0 microversion: 1.36
Aug 18 13:50:04.967075 np0000032521 devstack@placement-api.service[78339]: [pid: 78339|app: 0|req: 32/63] 192.168.1.111 () {72 vars in 1565 bytes} [Mon Aug 18 13:50:04 2025] PUT /placement/allocations/b6bf22b5-0a2b-4bbc-9a19-4122eb0128e3 => generated 0 bytes in 34 msecs (HTTP/1.1 204) 5 headers in 199 bytes (1 switches on core 0)
Aug 18 13:50:06.476407 np0000032521 devstack@placement-api.service[78338]: DEBUG placement.requestlog [req-a69da969-1677-4c65-952f-f4406d503490 req-39758e3a-4169-49d1-bd75-c09ee50c51ad None None] Starting request: 192.168.1.111 "GET /placement/allocations/b6bf22b5-0a2b-4bbc-9a19-4122eb0128e3" {{(pid=78338) __call__ /opt/stack/placement/placement/requestlog.py:55}}
Aug 18 13:50:06.481931 np0000032521 devstack@placement-api.service[78338]: INFO placement.requestlog [req-a69da969-1677-4c65-952f-f4406d503490 req-39758e3a-4169-49d1-bd75-c09ee50c51ad service nova] 192.168.1.111 "GET /placement/allocations/b6bf22b5-0a2b-4bbc-9a19-4122eb0128e3" status: 200 len: 258 microversion: 1.28
Aug 18 13:50:06.482089 np0000032521 devstack@placement-api.service[78338]: [pid: 78338|app: 0|req: 32/64] 192.168.1.111 () {68 vars in 1510 bytes} [Mon Aug 18 13:50:06 2025] GET /placement/allocations/b6bf22b5-0a2b-4bbc-9a19-4122eb0128e3 => generated 258 bytes in 6 msecs (HTTP/1.1 200) 8 headers in 296 bytes (1 switches on core 0)
Aug 18 13:50:07.494505 np0000032521 devstack@placement-api.service[78339]: DEBUG placement.requestlog [req-a69da969-1677-4c65-952f-f4406d503490 req-4061f95c-1c3b-4b2d-9a8b-ee61736cc61c None None] Starting request: 192.168.1.111 "GET /placement/resource_providers/3b0c9d78-68ef-43e0-a09b-a53a063072c2/allocations" {{(pid=78339) __call__ /opt/stack/placement/placement/requestlog.py:55}}
Aug 18 13:50:07.501456 np0000032521 devstack@placement-api.service[78339]: INFO placement.requestlog [req-a69da969-1677-4c65-952f-f4406d503490 req-4061f95c-1c3b-4b2d-9a8b-ee61736cc61c service nova] 192.168.1.111 "GET /placement/resource_providers/3b0c9d78-68ef-43e0-a09b-a53a063072c2/allocations" status: 200 len: 153 microversion: 1.0
Aug 18 13:50:07.501717 np0000032521 devstack@placement-api.service[78339]: [pid: 78339|app: 0|req: 33/65] 192.168.1.111 () {66 vars in 1523 bytes} [Mon Aug 18 13:50:07 2025] GET /placement/resource_providers/3b0c9d78-68ef-43e0-a09b-a53a063072c2/allocations => generated 153 bytes in 7 msecs (HTTP/1.1 200) 6 headers in 224 bytes (1 switches on core 0)
Aug 18 13:50:07.506054 np0000032521 devstack@placement-api.service[78338]: DEBUG placement.requestlog [req-a69da969-1677-4c65-952f-f4406d503490 req-349bf64d-8135-4ccd-86fe-64e3c6fde874 None None] Starting request: 192.168.1.111 "GET /placement/allocations/b6bf22b5-0a2b-4bbc-9a19-4122eb0128e3" {{(pid=78338) __call__ /opt/stack/placement/placement/requestlog.py:55}}
Aug 18 13:50:07.511629 np0000032521 devstack@placement-api.service[78338]: INFO placement.requestlog [req-a69da969-1677-4c65-952f-f4406d503490 req-349bf64d-8135-4ccd-86fe-64e3c6fde874 service nova] 192.168.1.111 "GET /placement/allocations/b6bf22b5-0a2b-4bbc-9a19-4122eb0128e3" status: 200 len: 258 microversion: 1.28
Aug 18 13:50:07.511781 np0000032521 devstack@placement-api.service[78338]: [pid: 78338|app: 0|req: 33/66] 192.168.1.111 () {68 vars in 1510 bytes} [Mon Aug 18 13:50:07 2025] GET /placement/allocations/b6bf22b5-0a2b-4bbc-9a19-4122eb0128e3 => generated 258 bytes in 6 msecs (HTTP/1.1 200) 8 headers in 296 bytes (1 switches on core 0)
Aug 18 13:50:09.642164 np0000032521 devstack@placement-api.service[78339]: DEBUG placement.requestlog [req-ee1d31a9-f1d1-4697-a87b-e8fdc61813a1 req-e94b5b99-3ad8-49f2-8a43-d639041cdda6 None None] Starting request: 192.168.1.111 "GET /placement/resource_providers/3b0c9d78-68ef-43e0-a09b-a53a063072c2/allocations" {{(pid=78339) __call__ /opt/stack/placement/placement/requestlog.py:55}}
Aug 18 13:50:09.648766 np0000032521 devstack@placement-api.service[78339]: INFO placement.requestlog [req-ee1d31a9-f1d1-4697-a87b-e8fdc61813a1 req-e94b5b99-3ad8-49f2-8a43-d639041cdda6 service nova] 192.168.1.111 "GET /placement/resource_providers/3b0c9d78-68ef-43e0-a09b-a53a063072c2/allocations" status: 200 len: 153 microversion: 1.0
Aug 18 13:50:09.649015 np0000032521 devstack@placement-api.service[78339]: [pid: 78339|app: 0|req: 34/67] 192.168.1.111 () {66 vars in 1523 bytes} [Mon Aug 18 13:50:09 2025] GET /placement/resource_providers/3b0c9d78-68ef-43e0-a09b-a53a063072c2/allocations => generated 153 bytes in 7 msecs (HTTP/1.1 200) 6 headers in 224 bytes (1 switches on core 0)
Aug 18 13:50:09.654279 np0000032521 devstack@placement-api.service[78338]: DEBUG placement.requestlog [req-ee1d31a9-f1d1-4697-a87b-e8fdc61813a1 req-1dc061f8-d570-4ee4-8859-577919e10f1e None None] Starting request: 192.168.1.111 "GET /placement/resource_providers/3b0c9d78-68ef-43e0-a09b-a53a063072c2/allocations" {{(pid=78338) __call__ /opt/stack/placement/placement/requestlog.py:55}}
Aug 18 13:50:09.661205 np0000032521 devstack@placement-api.service[78338]: INFO placement.requestlog [req-ee1d31a9-f1d1-4697-a87b-e8fdc61813a1 req-1dc061f8-d570-4ee4-8859-577919e10f1e service nova] 192.168.1.111 "GET /placement/resource_providers/3b0c9d78-68ef-43e0-a09b-a53a063072c2/allocations" status: 200 len: 153 microversion: 1.0
Aug 18 13:50:09.661380 np0000032521 devstack@placement-api.service[78338]: [pid: 78338|app: 0|req: 34/68] 192.168.1.111 () {66 vars in 1523 bytes} [Mon Aug 18 13:50:09 2025] GET /placement/resource_providers/3b0c9d78-68ef-43e0-a09b-a53a063072c2/allocations => generated 153 bytes in 7 msecs (HTTP/1.1 200) 6 headers in 224 bytes (1 switches on core 0)
Aug 18 13:50:09.665457 np0000032521 devstack@placement-api.service[78339]: DEBUG placement.requestlog [req-ee1d31a9-f1d1-4697-a87b-e8fdc61813a1 req-97d9da75-ce60-4801-ae52-3866b19df0b8 None None] Starting request: 192.168.1.111 "GET /placement/allocations/b6bf22b5-0a2b-4bbc-9a19-4122eb0128e3" {{(pid=78339) __call__ /opt/stack/placement/placement/requestlog.py:55}}
Aug 18 13:50:09.669638 np0000032521 devstack@placement-api.service[78339]: INFO placement.requestlog [req-ee1d31a9-f1d1-4697-a87b-e8fdc61813a1 req-97d9da75-ce60-4801-ae52-3866b19df0b8 service nova] 192.168.1.111 "GET /placement/allocations/b6bf22b5-0a2b-4bbc-9a19-4122eb0128e3" status: 200 len: 258 microversion: 1.28
Aug 18 13:50:09.669828 np0000032521 devstack@placement-api.service[78339]: [pid: 78339|app: 0|req: 35/69] 192.168.1.111 () {68 vars in 1510 bytes} [Mon Aug 18 13:50:09 2025] GET /placement/allocations/b6bf22b5-0a2b-4bbc-9a19-4122eb0128e3 => generated 258 bytes in 4 msecs (HTTP/1.1 200) 8 headers in 296 bytes (1 switches on core 0)
Aug 18 13:50:19.660527 np0000032521 devstack@placement-api.service[78338]: DEBUG dbcounter [-] [78338] Writing DB stats placement:SELECT=8 {{(pid=78338) stat_writer /opt/stack/data/venv/lib/python3.12/site-packages/dbcounter.py:115}}
Aug 18 13:50:19.669011 np0000032521 devstack@placement-api.service[78339]: DEBUG dbcounter [-] [78339] Writing DB stats placement:SELECT=26,placement:INSERT=6,placement:DELETE=2,placement:UPDATE=2 {{(pid=78339) stat_writer /opt/stack/data/venv/lib/python3.12/site-packages/dbcounter.py:115}}
Aug 18 13:51:12.609215 np0000032521 devstack@placement-api.service[78338]: DEBUG placement.requestlog [req-614bb97e-3240-4fcb-892a-6a9f2397c6e4 req-a1f86291-a6db-4ddc-940f-f5af1f9f0f76 None None] Starting request: 192.168.1.111 "GET /placement/resource_providers/3b0c9d78-68ef-43e0-a09b-a53a063072c2/allocations" {{(pid=78338) __call__ /opt/stack/placement/placement/requestlog.py:55}}
Aug 18 13:51:12.691111 np0000032521 devstack@placement-api.service[78338]: INFO placement.requestlog [req-614bb97e-3240-4fcb-892a-6a9f2397c6e4 req-a1f86291-a6db-4ddc-940f-f5af1f9f0f76 service nova] 192.168.1.111 "GET /placement/resource_providers/3b0c9d78-68ef-43e0-a09b-a53a063072c2/allocations" status: 200 len: 153 microversion: 1.0
Aug 18 13:51:12.691346 np0000032521 devstack@placement-api.service[78338]: [pid: 78338|app: 0|req: 35/70] 192.168.1.111 () {66 vars in 1523 bytes} [Mon Aug 18 13:51:12 2025] GET /placement/resource_providers/3b0c9d78-68ef-43e0-a09b-a53a063072c2/allocations => generated 153 bytes in 83 msecs (HTTP/1.1 200) 6 headers in 224 bytes (1 switches on core 0)
Aug 18 13:51:12.697293 np0000032521 devstack@placement-api.service[78339]: DEBUG placement.requestlog [req-614bb97e-3240-4fcb-892a-6a9f2397c6e4 req-cf1ef2e9-7f20-420e-88d1-3a0458d71ea5 None None] Starting request: 192.168.1.111 "GET /placement/resource_providers?in_tree=3b0c9d78-68ef-43e0-a09b-a53a063072c2" {{(pid=78339) __call__ /opt/stack/placement/placement/requestlog.py:55}}
Aug 18 13:51:12.707011 np0000032521 devstack@placement-api.service[78339]: INFO placement.requestlog [req-614bb97e-3240-4fcb-892a-6a9f2397c6e4 req-cf1ef2e9-7f20-420e-88d1-3a0458d71ea5 service nova] 192.168.1.111 "GET /placement/resource_providers?in_tree=3b0c9d78-68ef-43e0-a09b-a53a063072c2" status: 200 len: 861 microversion: 1.14
Aug 18 13:51:12.707242 np0000032521 devstack@placement-api.service[78339]: [pid: 78339|app: 0|req: 36/71] 192.168.1.111 () {68 vars in 1509 bytes} [Mon Aug 18 13:51:12 2025] GET /placement/resource_providers?in_tree=3b0c9d78-68ef-43e0-a09b-a53a063072c2 => generated 861 bytes in 10 msecs (HTTP/1.1 200) 6 headers in 225 bytes (1 switches on core 0)
Aug 18 13:51:12.711996 np0000032521 devstack@placement-api.service[78338]: DEBUG placement.requestlog [req-614bb97e-3240-4fcb-892a-6a9f2397c6e4 req-1d6d9f75-540e-4fb7-ba58-497dfcff66ee None None] Starting request: 192.168.1.111 "GET /placement/resource_providers/3b0c9d78-68ef-43e0-a09b-a53a063072c2/inventories" {{(pid=78338) __call__ /opt/stack/placement/placement/requestlog.py:55}}
Aug 18 13:51:12.718919 np0000032521 devstack@placement-api.service[78338]: INFO placement.requestlog [req-614bb97e-3240-4fcb-892a-6a9f2397c6e4 req-1d6d9f75-540e-4fb7-ba58-497dfcff66ee service nova] 192.168.1.111 "GET /placement/resource_providers/3b0c9d78-68ef-43e0-a09b-a53a063072c2/inventories" status: 200 len: 396 microversion: 1.0
Aug 18 13:51:12.719144 np0000032521 devstack@placement-api.service[78338]: [pid: 78338|app: 0|req: 36/72] 192.168.1.111 () {66 vars in 1523 bytes} [Mon Aug 18 13:51:12 2025] GET /placement/resource_providers/3b0c9d78-68ef-43e0-a09b-a53a063072c2/inventories => generated 396 bytes in 7 msecs (HTTP/1.1 200) 6 headers in 224 bytes (1 switches on core 0)
Aug 18 13:51:12.723831 np0000032521 devstack@placement-api.service[78339]: DEBUG placement.requestlog [req-614bb97e-3240-4fcb-892a-6a9f2397c6e4 req-7771401f-ddd4-4af2-b890-49091a7ebc74 None None] Starting request: 192.168.1.111 "GET /placement/resource_providers/3b0c9d78-68ef-43e0-a09b-a53a063072c2/aggregates" {{(pid=78339) __call__ /opt/stack/placement/placement/requestlog.py:55}}
Aug 18 13:51:12.729395 np0000032521 devstack@placement-api.service[78339]: INFO placement.requestlog [req-614bb97e-3240-4fcb-892a-6a9f2397c6e4 req-7771401f-ddd4-4af2-b890-49091a7ebc74 service nova] 192.168.1.111 "GET /placement/resource_providers/3b0c9d78-68ef-43e0-a09b-a53a063072c2/aggregates" status: 200 len: 53 microversion: 1.19
Aug 18 13:51:12.729616 np0000032521 devstack@placement-api.service[78339]: [pid: 78339|app: 0|req: 37/73] 192.168.1.111 () {68 vars in 1564 bytes} [Mon Aug 18 13:51:12 2025] GET /placement/resource_providers/3b0c9d78-68ef-43e0-a09b-a53a063072c2/aggregates => generated 53 bytes in 6 msecs (HTTP/1.1 200) 8 headers in 295 bytes (1 switches on core 0)
Aug 18 13:51:12.733968 np0000032521 devstack@placement-api.service[78338]: DEBUG placement.requestlog [req-614bb97e-3240-4fcb-892a-6a9f2397c6e4 req-b514fb77-b4bf-4e46-9531-63fb76fca588 None None] Starting request: 192.168.1.111 "GET /placement/resource_providers/3b0c9d78-68ef-43e0-a09b-a53a063072c2/traits" {{(pid=78338) __call__ /opt/stack/placement/placement/requestlog.py:55}}
Aug 18 13:51:12.743503 np0000032521 devstack@placement-api.service[78338]: INFO placement.requestlog [req-614bb97e-3240-4fcb-892a-6a9f2397c6e4 req-b514fb77-b4bf-4e46-9531-63fb76fca588 service nova] 192.168.1.111 "GET /placement/resource_providers/3b0c9d78-68ef-43e0-a09b-a53a063072c2/traits" status: 200 len: 1761 microversion: 1.6
Aug 18 13:51:12.743503 np0000032521 devstack@placement-api.service[78338]: [pid: 78338|app: 0|req: 37/74] 192.168.1.111 () {68 vars in 1551 bytes} [Mon Aug 18 13:51:12 2025] GET /placement/resource_providers/3b0c9d78-68ef-43e0-a09b-a53a063072c2/traits => generated 1761 bytes in 9 msecs (HTTP/1.1 200) 6 headers in 225 bytes (1 switches on core 0)
Aug 18 13:51:12.748263 np0000032521 devstack@placement-api.service[78339]: DEBUG placement.requestlog [req-614bb97e-3240-4fcb-892a-6a9f2397c6e4 req-4b574d6e-af39-47f7-b4c9-1f7f982796e6 None None] Starting request: 192.168.1.111 "GET /placement/resource_providers/3b0c9d78-68ef-43e0-a09b-a53a063072c2/allocations" {{(pid=78339) __call__ /opt/stack/placement/placement/requestlog.py:55}}
Aug 18 13:51:12.755091 np0000032521 devstack@placement-api.service[78339]: INFO placement.requestlog [req-614bb97e-3240-4fcb-892a-6a9f2397c6e4 req-4b574d6e-af39-47f7-b4c9-1f7f982796e6 service nova] 192.168.1.111 "GET /placement/resource_providers/3b0c9d78-68ef-43e0-a09b-a53a063072c2/allocations" status: 200 len: 153 microversion: 1.0
Aug 18 13:51:12.755308 np0000032521 devstack@placement-api.service[78339]: [pid: 78339|app: 0|req: 38/75] 192.168.1.111 () {66 vars in 1523 bytes} [Mon Aug 18 13:51:12 2025] GET /placement/resource_providers/3b0c9d78-68ef-43e0-a09b-a53a063072c2/allocations => generated 153 bytes in 7 msecs (HTTP/1.1 200) 6 headers in 224 bytes (1 switches on core 0)
Aug 18 13:51:12.759488 np0000032521 devstack@placement-api.service[78338]: DEBUG placement.requestlog [req-614bb97e-3240-4fcb-892a-6a9f2397c6e4 req-ffc67752-f913-4411-8dec-e5a8203edbaa None None] Starting request: 192.168.1.111 "GET /placement/allocations/b6bf22b5-0a2b-4bbc-9a19-4122eb0128e3" {{(pid=78338) __call__ /opt/stack/placement/placement/requestlog.py:55}}
Aug 18 13:51:12.764592 np0000032521 devstack@placement-api.service[78338]: INFO placement.requestlog [req-614bb97e-3240-4fcb-892a-6a9f2397c6e4 req-ffc67752-f913-4411-8dec-e5a8203edbaa service nova] 192.168.1.111 "GET /placement/allocations/b6bf22b5-0a2b-4bbc-9a19-4122eb0128e3" status: 200 len: 258 microversion: 1.28
Aug 18 13:51:12.764903 np0000032521 devstack@placement-api.service[78338]: [pid: 78338|app: 0|req: 38/76] 192.168.1.111 () {68 vars in 1510 bytes} [Mon Aug 18 13:51:12 2025] GET /placement/allocations/b6bf22b5-0a2b-4bbc-9a19-4122eb0128e3 => generated 258 bytes in 5 msecs (HTTP/1.1 200) 8 headers in 296 bytes (1 switches on core 0)
Aug 18 13:51:22.754411 np0000032521 devstack@placement-api.service[78339]: DEBUG dbcounter [-] [78339] Writing DB stats placement:SELECT=7 {{(pid=78339) stat_writer /opt/stack/data/venv/lib/python3.12/site-packages/dbcounter.py:115}}
Aug 18 13:51:22.763852 np0000032521 devstack@placement-api.service[78338]: DEBUG dbcounter [-] [78338] Writing DB stats placement:SELECT=11 {{(pid=78338) stat_writer /opt/stack/data/venv/lib/python3.12/site-packages/dbcounter.py:115}}
Aug 18 13:52:14.624021 np0000032521 devstack@placement-api.service[78339]: DEBUG placement.requestlog [req-52b61b84-844e-4137-b930-be32f984da02 req-d9118148-4210-4055-bc29-da27c49e34bc None None] Starting request: 192.168.1.111 "GET /placement/resource_providers/3b0c9d78-68ef-43e0-a09b-a53a063072c2/allocations" {{(pid=78339) __call__ /opt/stack/placement/placement/requestlog.py:55}}
Aug 18 13:52:14.631599 np0000032521 devstack@placement-api.service[78339]: INFO placement.requestlog [req-52b61b84-844e-4137-b930-be32f984da02 req-d9118148-4210-4055-bc29-da27c49e34bc service nova] 192.168.1.111 "GET /placement/resource_providers/3b0c9d78-68ef-43e0-a09b-a53a063072c2/allocations" status: 200 len: 153 microversion: 1.0
Aug 18 13:52:14.631599 np0000032521 devstack@placement-api.service[78339]: [pid: 78339|app: 0|req: 39/77] 192.168.1.111 () {66 vars in 1523 bytes} [Mon Aug 18 13:52:14 2025] GET /placement/resource_providers/3b0c9d78-68ef-43e0-a09b-a53a063072c2/allocations => generated 153 bytes in 8 msecs (HTTP/1.1 200) 6 headers in 224 bytes (1 switches on core 0)
Aug 18 13:52:14.637094 np0000032521 devstack@placement-api.service[78338]: DEBUG placement.requestlog [req-52b61b84-844e-4137-b930-be32f984da02 req-64ec252e-9834-4879-905b-137247be5c70 None None] Starting request: 192.168.1.111 "GET /placement/resource_providers/3b0c9d78-68ef-43e0-a09b-a53a063072c2/allocations" {{(pid=78338) __call__ /opt/stack/placement/placement/requestlog.py:55}}
Aug 18 13:52:14.644308 np0000032521 devstack@placement-api.service[78338]: INFO placement.requestlog [req-52b61b84-844e-4137-b930-be32f984da02 req-64ec252e-9834-4879-905b-137247be5c70 service nova] 192.168.1.111 "GET /placement/resource_providers/3b0c9d78-68ef-43e0-a09b-a53a063072c2/allocations" status: 200 len: 153 microversion: 1.0
Aug 18 13:52:14.644457 np0000032521 devstack@placement-api.service[78338]: [pid: 78338|app: 0|req: 39/78] 192.168.1.111 () {66 vars in 1523 bytes} [Mon Aug 18 13:52:14 2025] GET /placement/resource_providers/3b0c9d78-68ef-43e0-a09b-a53a063072c2/allocations => generated 153 bytes in 7 msecs (HTTP/1.1 200) 6 headers in 224 bytes (1 switches on core 0)
Aug 18 13:52:14.649086 np0000032521 devstack@placement-api.service[78339]: DEBUG placement.requestlog [req-52b61b84-844e-4137-b930-be32f984da02 req-2eb0d271-8278-4081-87f8-4c96a487cb52 None None] Starting request: 192.168.1.111 "GET /placement/allocations/b6bf22b5-0a2b-4bbc-9a19-4122eb0128e3" {{(pid=78339) __call__ /opt/stack/placement/placement/requestlog.py:55}}
Aug 18 13:52:14.653856 np0000032521 devstack@placement-api.service[78339]: INFO placement.requestlog [req-52b61b84-844e-4137-b930-be32f984da02 req-2eb0d271-8278-4081-87f8-4c96a487cb52 service nova] 192.168.1.111 "GET /placement/allocations/b6bf22b5-0a2b-4bbc-9a19-4122eb0128e3" status: 200 len: 258 microversion: 1.28
Aug 18 13:52:14.654231 np0000032521 devstack@placement-api.service[78339]: [pid: 78339|app: 0|req: 40/79] 192.168.1.111 () {68 vars in 1510 bytes} [Mon Aug 18 13:52:14 2025] GET /placement/allocations/b6bf22b5-0a2b-4bbc-9a19-4122eb0128e3 => generated 258 bytes in 5 msecs (HTTP/1.1 200) 8 headers in 296 bytes (1 switches on core 0)
Aug 18 13:52:22.346968 np0000032521 devstack@placement-api.service[78338]: DEBUG placement.requestlog [req-f1a573a9-56f6-47e3-9221-34625cd1684d req-f773e7fc-1001-479b-ac14-144ba2b66bec None None] Starting request: 192.168.1.111 "GET /placement/resource_providers/3b0c9d78-68ef-43e0-a09b-a53a063072c2/allocations" {{(pid=78338) __call__ /opt/stack/placement/placement/requestlog.py:55}}
Aug 18 13:52:22.354184 np0000032521 devstack@placement-api.service[78338]: INFO placement.requestlog [req-f1a573a9-56f6-47e3-9221-34625cd1684d req-f773e7fc-1001-479b-ac14-144ba2b66bec service nova] 192.168.1.111 "GET /placement/resource_providers/3b0c9d78-68ef-43e0-a09b-a53a063072c2/allocations" status: 200 len: 153 microversion: 1.0
Aug 18 13:52:22.354352 np0000032521 devstack@placement-api.service[78338]: [pid: 78338|app: 0|req: 40/80] 192.168.1.111 () {66 vars in 1523 bytes} [Mon Aug 18 13:52:22 2025] GET /placement/resource_providers/3b0c9d78-68ef-43e0-a09b-a53a063072c2/allocations => generated 153 bytes in 7 msecs (HTTP/1.1 200) 6 headers in 224 bytes (1 switches on core 0)
Aug 18 13:52:22.358587 np0000032521 devstack@placement-api.service[78339]: DEBUG placement.requestlog [req-f1a573a9-56f6-47e3-9221-34625cd1684d req-386720ea-484e-4bff-b7a5-3d60e867eb3a None None] Starting request: 192.168.1.111 "GET /placement/allocations/b6bf22b5-0a2b-4bbc-9a19-4122eb0128e3" {{(pid=78339) __call__ /opt/stack/placement/placement/requestlog.py:55}}
Aug 18 13:52:22.364002 np0000032521 devstack@placement-api.service[78339]: INFO placement.requestlog [req-f1a573a9-56f6-47e3-9221-34625cd1684d req-386720ea-484e-4bff-b7a5-3d60e867eb3a service nova] 192.168.1.111 "GET /placement/allocations/b6bf22b5-0a2b-4bbc-9a19-4122eb0128e3" status: 200 len: 258 microversion: 1.28
Aug 18 13:52:22.364157 np0000032521 devstack@placement-api.service[78339]: [pid: 78339|app: 0|req: 41/81] 192.168.1.111 () {68 vars in 1510 bytes} [Mon Aug 18 13:52:22 2025] GET /placement/allocations/b6bf22b5-0a2b-4bbc-9a19-4122eb0128e3 => generated 258 bytes in 5 msecs (HTTP/1.1 200) 8 headers in 296 bytes (1 switches on core 0)
Aug 18 13:52:23.379473 np0000032521 devstack@placement-api.service[78338]: DEBUG placement.requestlog [req-f1a573a9-56f6-47e3-9221-34625cd1684d req-d2d94954-1d0d-42a7-8457-095b71234bfe None None] Starting request: 192.168.1.111 "DELETE /placement/allocations/b6bf22b5-0a2b-4bbc-9a19-4122eb0128e3" {{(pid=78338) __call__ /opt/stack/placement/placement/requestlog.py:55}}
Aug 18 13:52:23.391958 np0000032521 devstack@placement-api.service[78338]: DEBUG placement.handlers.allocation [req-f1a573a9-56f6-47e3-9221-34625cd1684d req-d2d94954-1d0d-42a7-8457-095b71234bfe service nova] Successfully deleted allocations [<placement.objects.allocation.Allocation object at 0x74251c770980>, <placement.objects.allocation.Allocation object at 0x74251be12e10>, <placement.objects.allocation.Allocation object at 0x74251be116d0>] {{(pid=78338) delete_allocations /opt/stack/placement/placement/handlers/allocation.py:627}}
Aug 18 13:52:23.392158 np0000032521 devstack@placement-api.service[78338]: INFO placement.requestlog [req-f1a573a9-56f6-47e3-9221-34625cd1684d req-d2d94954-1d0d-42a7-8457-095b71234bfe service nova] 192.168.1.111 "DELETE /placement/allocations/b6bf22b5-0a2b-4bbc-9a19-4122eb0128e3" status: 204 len: 0 microversion: 1.0
Aug 18 13:52:23.392396 np0000032521 devstack@placement-api.service[78338]: [pid: 78338|app: 0|req: 41/82] 192.168.1.111 () {68 vars in 1488 bytes} [Mon Aug 18 13:52:23 2025] DELETE /placement/allocations/b6bf22b5-0a2b-4bbc-9a19-4122eb0128e3 => generated 0 bytes in 13 msecs (HTTP/1.1 204) 5 headers in 198 bytes (1 switches on core 0)
Aug 18 13:52:24.989951 np0000032521 devstack@placement-api.service[78339]: DEBUG placement.requestlog [None req-9712297b-7a13-4168-b6ba-6b59f13bcd21 None None] Starting request: 192.168.1.111 "GET /placement/resource_providers/ad5a757b-94bc-4273-a6f3-3ab09cb3cb4b/aggregates" {{(pid=78339) __call__ /opt/stack/placement/placement/requestlog.py:55}}
Aug 18 13:52:25.022735 np0000032521 devstack@placement-api.service[78339]: INFO placement.requestlog [None req-9712297b-7a13-4168-b6ba-6b59f13bcd21 service placement] 192.168.1.111 "GET /placement/resource_providers/ad5a757b-94bc-4273-a6f3-3ab09cb3cb4b/aggregates" status: 404 len: 235 microversion: 1.1
Aug 18 13:52:25.022873 np0000032521 devstack@placement-api.service[78339]: [pid: 78339|app: 0|req: 42/83] 192.168.1.111 () {66 vars in 1494 bytes} [Mon Aug 18 13:52:24 2025] GET /placement/resource_providers/ad5a757b-94bc-4273-a6f3-3ab09cb3cb4b/aggregates => generated 235 bytes in 33 msecs (HTTP/1.1 404) 5 headers in 202 bytes (1 switches on core 0)
Aug 18 13:52:25.028710 np0000032521 devstack@placement-api.service[78338]: DEBUG placement.requestlog [None req-2f6bf653-ff76-4a59-a3c1-4ab2860d9534 None None] Starting request: 192.168.1.111 "DELETE /placement/resource_providers/ad5a757b-94bc-4273-a6f3-3ab09cb3cb4b" {{(pid=78338) __call__ /opt/stack/placement/placement/requestlog.py:55}}
Aug 18 13:52:25.032675 np0000032521 devstack@placement-api.service[78338]: DEBUG placement.wsgi_wrapper [None req-2f6bf653-ff76-4a59-a3c1-4ab2860d9534 service placement] Placement API returning an error response: No resource provider with uuid ad5a757b-94bc-4273-a6f3-3ab09cb3cb4b found for delete {{(pid=78338) call_func /opt/stack/placement/placement/wsgi_wrapper.py:31}}
Aug 18 13:52:25.032991 np0000032521 devstack@placement-api.service[78338]: INFO placement.requestlog [None req-2f6bf653-ff76-4a59-a3c1-4ab2860d9534 service placement] 192.168.1.111 "DELETE /placement/resource_providers/ad5a757b-94bc-4273-a6f3-3ab09cb3cb4b" status: 404 len: 246 microversion: 1.1
Aug 18 13:52:25.033133 np0000032521 devstack@placement-api.service[78338]: [pid: 78338|app: 0|req: 42/84] 192.168.1.111 () {68 vars in 1483 bytes} [Mon Aug 18 13:52:25 2025] DELETE /placement/resource_providers/ad5a757b-94bc-4273-a6f3-3ab09cb3cb4b => generated 246 bytes in 4 msecs (HTTP/1.1 404) 6 headers in 231 bytes (1 switches on core 0)
Aug 18 13:52:28.884845 np0000032521 devstack@placement-api.service[78339]: DEBUG placement.requestlog [req-08aa628f-5bf9-4a6f-9bed-d75c465fcee6 req-0d35a9f6-4899-4ab9-957d-fc56cdbbb317 None None] Starting request: 192.168.1.111 "GET /placement/allocation_candidates?limit=1000&resources=DISK_GB%3A5%2CMEMORY_MB%3A1024%2CVCPU%3A1&root_required=%21COMPUTE_STATUS_DISABLED" {{(pid=78339) __call__ /opt/stack/placement/placement/requestlog.py:55}}
Aug 18 13:52:28.917915 np0000032521 devstack@placement-api.service[78339]: DEBUG placement.objects.research_context [req-08aa628f-5bf9-4a6f-9bed-d75c465fcee6 req-0d35a9f6-4899-4ab9-957d-fc56cdbbb317 service nova] getting providers with 5 DISK_GB {{(pid=78339) __init__ /opt/stack/placement/placement/objects/research_context.py:137}}
Aug 18 13:52:28.918537 np0000032521 devstack@placement-api.service[78339]: DEBUG placement.objects.research_context [req-08aa628f-5bf9-4a6f-9bed-d75c465fcee6 req-0d35a9f6-4899-4ab9-957d-fc56cdbbb317 service nova] getting providers with 1024 MEMORY_MB {{(pid=78339) __init__ /opt/stack/placement/placement/objects/research_context.py:137}}
Aug 18 13:52:28.920381 np0000032521 devstack@placement-api.service[78339]: DEBUG placement.objects.research_context [req-08aa628f-5bf9-4a6f-9bed-d75c465fcee6 req-0d35a9f6-4899-4ab9-957d-fc56cdbbb317 service nova] getting providers with 1 VCPU {{(pid=78339) __init__ /opt/stack/placement/placement/objects/research_context.py:137}}
Aug 18 13:52:28.922439 np0000032521 devstack@placement-api.service[78339]: DEBUG placement.objects.research_context [req-08aa628f-5bf9-4a6f-9bed-d75c465fcee6 req-0d35a9f6-4899-4ab9-957d-fc56cdbbb317 service nova] found 1 providers with available 5 DISK_GB {{(pid=78339) get_provider_ids_matching /opt/stack/placement/placement/objects/research_context.py:569}}
Aug 18 13:52:28.922531 np0000032521 devstack@placement-api.service[78339]: DEBUG placement.objects.research_context [req-08aa628f-5bf9-4a6f-9bed-d75c465fcee6 req-0d35a9f6-4899-4ab9-957d-fc56cdbbb317 service nova] found 1 providers with available 1024 MEMORY_MB {{(pid=78339) get_provider_ids_matching /opt/stack/placement/placement/objects/research_context.py:569}}
Aug 18 13:52:28.922594 np0000032521 devstack@placement-api.service[78339]: DEBUG placement.objects.research_context [req-08aa628f-5bf9-4a6f-9bed-d75c465fcee6 req-0d35a9f6-4899-4ab9-957d-fc56cdbbb317 service nova] found 1 providers after filtering by previous result {{(pid=78339) get_provider_ids_matching /opt/stack/placement/placement/objects/research_context.py:600}}
Aug 18 13:52:28.922662 np0000032521 devstack@placement-api.service[78339]: DEBUG placement.objects.research_context [req-08aa628f-5bf9-4a6f-9bed-d75c465fcee6 req-0d35a9f6-4899-4ab9-957d-fc56cdbbb317 service nova] found 1 providers with available 1 VCPU {{(pid=78339) get_provider_ids_matching /opt/stack/placement/placement/objects/research_context.py:569}}
Aug 18 13:52:28.922729 np0000032521 devstack@placement-api.service[78339]: DEBUG placement.objects.research_context [req-08aa628f-5bf9-4a6f-9bed-d75c465fcee6 req-0d35a9f6-4899-4ab9-957d-fc56cdbbb317 service nova] found 1 providers after filtering by previous result {{(pid=78339) get_provider_ids_matching /opt/stack/placement/placement/objects/research_context.py:600}}
Aug 18 13:52:28.926955 np0000032521 devstack@placement-api.service[78339]: DEBUG placement.objects.allocation_candidate [req-08aa628f-5bf9-4a6f-9bed-d75c465fcee6 req-0d35a9f6-4899-4ab9-957d-fc56cdbbb317 service nova] RequestGroup(use_same_provider=False, resources={DISK_GB:5, MEMORY_MB:1024, VCPU:1}, traits=(), aggregates=[]) (suffix '') returned 1 matches {{(pid=78339) _get_by_requests /opt/stack/placement/placement/objects/allocation_candidate.py:157}}
Aug 18 13:52:28.927093 np0000032521 devstack@placement-api.service[78339]: DEBUG placement.objects.allocation_candidate [req-08aa628f-5bf9-4a6f-9bed-d75c465fcee6 req-0d35a9f6-4899-4ab9-957d-fc56cdbbb317 service nova] Merging candidates yields 1 allocation requests and 1 provider summaries {{(pid=78339) _merge_candidates /opt/stack/placement/placement/objects/allocation_candidate.py:841}}
Aug 18 13:52:28.927916 np0000032521 devstack@placement-api.service[78339]: INFO placement.requestlog [req-08aa628f-5bf9-4a6f-9bed-d75c465fcee6 req-0d35a9f6-4899-4ab9-957d-fc56cdbbb317 service nova] 192.168.1.111 "GET /placement/allocation_candidates?limit=1000&resources=DISK_GB%3A5%2CMEMORY_MB%3A1024%2CVCPU%3A1&root_required=%21COMPUTE_STATUS_DISABLED" status: 200 len: 2226 microversion: 1.36
Aug 18 13:52:28.927916 np0000032521 devstack@placement-api.service[78339]: [pid: 78339|app: 0|req: 43/85] 192.168.1.111 () {68 vars in 1638 bytes} [Mon Aug 18 13:52:28 2025] GET /placement/allocation_candidates?limit=1000&resources=DISK_GB%3A5%2CMEMORY_MB%3A1024%2CVCPU%3A1&root_required=%21COMPUTE_STATUS_DISABLED => generated 2226 bytes in 43 msecs (HTTP/1.1 200) 8 headers in 297 bytes (1 switches on core 0)
Aug 18 13:52:28.944173 np0000032521 devstack@placement-api.service[78338]: DEBUG placement.requestlog [req-08aa628f-5bf9-4a6f-9bed-d75c465fcee6 req-3e58bbf5-22b4-4102-a1c0-b97d4e91c911 None None] Starting request: 192.168.1.111 "GET /placement/allocations/6d4b3cc7-bd43-4d6a-abd7-68c8be396556" {{(pid=78338) __call__ /opt/stack/placement/placement/requestlog.py:55}}
Aug 18 13:52:28.952578 np0000032521 devstack@placement-api.service[78338]: INFO placement.requestlog [req-08aa628f-5bf9-4a6f-9bed-d75c465fcee6 req-3e58bbf5-22b4-4102-a1c0-b97d4e91c911 service nova] 192.168.1.111 "GET /placement/allocations/6d4b3cc7-bd43-4d6a-abd7-68c8be396556" status: 200 len: 19 microversion: 1.28
Aug 18 13:52:28.952578 np0000032521 devstack@placement-api.service[78338]: [pid: 78338|app: 0|req: 43/86] 192.168.1.111 () {68 vars in 1512 bytes} [Mon Aug 18 13:52:28 2025] GET /placement/allocations/6d4b3cc7-bd43-4d6a-abd7-68c8be396556 => generated 19 bytes in 8 msecs (HTTP/1.1 200) 8 headers in 295 bytes (1 switches on core 0)
Aug 18 13:52:28.956882 np0000032521 devstack@placement-api.service[78339]: DEBUG placement.requestlog [req-08aa628f-5bf9-4a6f-9bed-d75c465fcee6 req-87d65083-1ad4-45ff-9cda-e7d781df4a41 None None] Starting request: 192.168.1.111 "PUT /placement/allocations/6d4b3cc7-bd43-4d6a-abd7-68c8be396556" {{(pid=78339) __call__ /opt/stack/placement/placement/requestlog.py:55}}
Aug 18 13:52:28.982451 np0000032521 devstack@placement-api.service[78339]: DEBUG placement.handlers.allocation [req-08aa628f-5bf9-4a6f-9bed-d75c465fcee6 req-87d65083-1ad4-45ff-9cda-e7d781df4a41 service nova] Successfully wrote allocations [<placement.objects.allocation.Allocation object at 0x74251be12420>, <placement.objects.allocation.Allocation object at 0x74251be116a0>, <placement.objects.allocation.Allocation object at 0x74251be13440>] {{(pid=78339) _update_consumers_and_create_allocations /opt/stack/placement/placement/handlers/allocation.py:462}}
Aug 18 13:52:28.985070 np0000032521 devstack@placement-api.service[78339]: INFO placement.requestlog [req-08aa628f-5bf9-4a6f-9bed-d75c465fcee6 req-87d65083-1ad4-45ff-9cda-e7d781df4a41 service nova] 192.168.1.111 "PUT /placement/allocations/6d4b3cc7-bd43-4d6a-abd7-68c8be396556" status: 204 len: 0 microversion: 1.36
Aug 18 13:52:28.985225 np0000032521 devstack@placement-api.service[78339]: [pid: 78339|app: 0|req: 44/87] 192.168.1.111 () {72 vars in 1565 bytes} [Mon Aug 18 13:52:28 2025] PUT /placement/allocations/6d4b3cc7-bd43-4d6a-abd7-68c8be396556 => generated 0 bytes in 28 msecs (HTTP/1.1 204) 5 headers in 199 bytes (1 switches on core 0)
Aug 18 13:52:30.450113 np0000032521 devstack@placement-api.service[78338]: DEBUG placement.requestlog [req-08aa628f-5bf9-4a6f-9bed-d75c465fcee6 req-7763f0c4-daab-4a95-a5dd-2c27e8ee8d81 None None] Starting request: 192.168.1.111 "GET /placement/allocations/6d4b3cc7-bd43-4d6a-abd7-68c8be396556" {{(pid=78338) __call__ /opt/stack/placement/placement/requestlog.py:55}}
Aug 18 13:52:30.455527 np0000032521 devstack@placement-api.service[78338]: INFO placement.requestlog [req-08aa628f-5bf9-4a6f-9bed-d75c465fcee6 req-7763f0c4-daab-4a95-a5dd-2c27e8ee8d81 service nova] 192.168.1.111 "GET /placement/allocations/6d4b3cc7-bd43-4d6a-abd7-68c8be396556" status: 200 len: 258 microversion: 1.28
Aug 18 13:52:30.455676 np0000032521 devstack@placement-api.service[78338]: [pid: 78338|app: 0|req: 44/88] 192.168.1.111 () {68 vars in 1510 bytes} [Mon Aug 18 13:52:30 2025] GET /placement/allocations/6d4b3cc7-bd43-4d6a-abd7-68c8be396556 => generated 258 bytes in 6 msecs (HTTP/1.1 200) 8 headers in 296 bytes (1 switches on core 0)
Aug 18 13:52:31.468919 np0000032521 devstack@placement-api.service[78339]: DEBUG placement.requestlog [req-08aa628f-5bf9-4a6f-9bed-d75c465fcee6 req-6f760396-b91b-4251-88c4-9f0b7207f1a8 None None] Starting request: 192.168.1.111 "GET /placement/resource_providers/3b0c9d78-68ef-43e0-a09b-a53a063072c2/allocations" {{(pid=78339) __call__ /opt/stack/placement/placement/requestlog.py:55}}
Aug 18 13:52:31.476172 np0000032521 devstack@placement-api.service[78339]: INFO placement.requestlog [req-08aa628f-5bf9-4a6f-9bed-d75c465fcee6 req-6f760396-b91b-4251-88c4-9f0b7207f1a8 service nova] 192.168.1.111 "GET /placement/resource_providers/3b0c9d78-68ef-43e0-a09b-a53a063072c2/allocations" status: 200 len: 153 microversion: 1.0
Aug 18 13:52:31.476318 np0000032521 devstack@placement-api.service[78339]: [pid: 78339|app: 0|req: 45/89] 192.168.1.111 () {66 vars in 1523 bytes} [Mon Aug 18 13:52:31 2025] GET /placement/resource_providers/3b0c9d78-68ef-43e0-a09b-a53a063072c2/allocations => generated 153 bytes in 7 msecs (HTTP/1.1 200) 6 headers in 224 bytes (1 switches on core 0)
Aug 18 13:52:31.480595 np0000032521 devstack@placement-api.service[78338]: DEBUG placement.requestlog [req-08aa628f-5bf9-4a6f-9bed-d75c465fcee6 req-a8d6f774-219a-4708-ae08-f9b47952f3fe None None] Starting request: 192.168.1.111 "GET /placement/allocations/6d4b3cc7-bd43-4d6a-abd7-68c8be396556" {{(pid=78338) __call__ /opt/stack/placement/placement/requestlog.py:55}}
Aug 18 13:52:31.485839 np0000032521 devstack@placement-api.service[78338]: INFO placement.requestlog [req-08aa628f-5bf9-4a6f-9bed-d75c465fcee6 req-a8d6f774-219a-4708-ae08-f9b47952f3fe service nova] 192.168.1.111 "GET /placement/allocations/6d4b3cc7-bd43-4d6a-abd7-68c8be396556" status: 200 len: 258 microversion: 1.28
Aug 18 13:52:31.486012 np0000032521 devstack@placement-api.service[78338]: [pid: 78338|app: 0|req: 45/90] 192.168.1.111 () {68 vars in 1510 bytes} [Mon Aug 18 13:52:31 2025] GET /placement/allocations/6d4b3cc7-bd43-4d6a-abd7-68c8be396556 => generated 258 bytes in 5 msecs (HTTP/1.1 200) 8 headers in 296 bytes (1 switches on core 0)
Aug 18 13:52:41.475395 np0000032521 devstack@placement-api.service[78339]: DEBUG dbcounter [-] [78339] Writing DB stats placement:SELECT=29,placement:INSERT=4,placement:DELETE=2,placement:UPDATE=2 {{(pid=78339) stat_writer /opt/stack/data/venv/lib/python3.12/site-packages/dbcounter.py:115}}
Aug 18 13:52:41.485075 np0000032521 devstack@placement-api.service[78338]: DEBUG dbcounter [-] [78338] Writing DB stats placement:SELECT=15,placement:DELETE=2 {{(pid=78338) stat_writer /opt/stack/data/venv/lib/python3.12/site-packages/dbcounter.py:115}}
Aug 18 13:53:14.619933 np0000032521 devstack@placement-api.service[78339]: DEBUG placement.requestlog [req-6fe89fae-9bfb-4ed0-81c5-2e7a95ab1010 req-934ceb9a-46e4-464a-ab4f-4b55cd227440 None None] Starting request: 192.168.1.111 "GET /placement/resource_providers/3b0c9d78-68ef-43e0-a09b-a53a063072c2/allocations" {{(pid=78339) __call__ /opt/stack/placement/placement/requestlog.py:55}}
Aug 18 13:53:14.627303 np0000032521 devstack@placement-api.service[78339]: INFO placement.requestlog [req-6fe89fae-9bfb-4ed0-81c5-2e7a95ab1010 req-934ceb9a-46e4-464a-ab4f-4b55cd227440 service nova] 192.168.1.111 "GET /placement/resource_providers/3b0c9d78-68ef-43e0-a09b-a53a063072c2/allocations" status: 200 len: 153 microversion: 1.0
Aug 18 13:53:14.627459 np0000032521 devstack@placement-api.service[78339]: [pid: 78339|app: 0|req: 46/91] 192.168.1.111 () {66 vars in 1523 bytes} [Mon Aug 18 13:53:14 2025] GET /placement/resource_providers/3b0c9d78-68ef-43e0-a09b-a53a063072c2/allocations => generated 153 bytes in 7 msecs (HTTP/1.1 200) 6 headers in 224 bytes (1 switches on core 0)
Aug 18 13:53:14.633567 np0000032521 devstack@placement-api.service[78338]: DEBUG placement.requestlog [req-6fe89fae-9bfb-4ed0-81c5-2e7a95ab1010 req-c2232a6b-84bb-4833-a687-08d331b1bdd8 None None] Starting request: 192.168.1.111 "GET /placement/resource_providers/3b0c9d78-68ef-43e0-a09b-a53a063072c2/allocations" {{(pid=78338) __call__ /opt/stack/placement/placement/requestlog.py:55}}
Aug 18 13:53:14.642111 np0000032521 devstack@placement-api.service[78338]: INFO placement.requestlog [req-6fe89fae-9bfb-4ed0-81c5-2e7a95ab1010 req-c2232a6b-84bb-4833-a687-08d331b1bdd8 service nova] 192.168.1.111 "GET /placement/resource_providers/3b0c9d78-68ef-43e0-a09b-a53a063072c2/allocations" status: 200 len: 153 microversion: 1.0
Aug 18 13:53:14.642260 np0000032521 devstack@placement-api.service[78338]: [pid: 78338|app: 0|req: 46/92] 192.168.1.111 () {66 vars in 1523 bytes} [Mon Aug 18 13:53:14 2025] GET /placement/resource_providers/3b0c9d78-68ef-43e0-a09b-a53a063072c2/allocations => generated 153 bytes in 9 msecs (HTTP/1.1 200) 6 headers in 224 bytes (1 switches on core 0)
Aug 18 13:53:14.648064 np0000032521 devstack@placement-api.service[78339]: DEBUG placement.requestlog [req-6fe89fae-9bfb-4ed0-81c5-2e7a95ab1010 req-70fb60fe-41df-4d5f-8161-6b4fc3fe53cb None None] Starting request: 192.168.1.111 "GET /placement/allocations/6d4b3cc7-bd43-4d6a-abd7-68c8be396556" {{(pid=78339) __call__ /opt/stack/placement/placement/requestlog.py:55}}
Aug 18 13:53:14.653127 np0000032521 devstack@placement-api.service[78339]: INFO placement.requestlog [req-6fe89fae-9bfb-4ed0-81c5-2e7a95ab1010 req-70fb60fe-41df-4d5f-8161-6b4fc3fe53cb service nova] 192.168.1.111 "GET /placement/allocations/6d4b3cc7-bd43-4d6a-abd7-68c8be396556" status: 200 len: 258 microversion: 1.28
Aug 18 13:53:14.653269 np0000032521 devstack@placement-api.service[78339]: [pid: 78339|app: 0|req: 47/93] 192.168.1.111 () {68 vars in 1510 bytes} [Mon Aug 18 13:53:14 2025] GET /placement/allocations/6d4b3cc7-bd43-4d6a-abd7-68c8be396556 => generated 258 bytes in 5 msecs (HTTP/1.1 200) 8 headers in 296 bytes (1 switches on core 0)
Aug 18 13:53:24.641752 np0000032521 devstack@placement-api.service[78338]: DEBUG dbcounter [-] [78338] Writing DB stats placement:SELECT=3 {{(pid=78338) stat_writer /opt/stack/data/venv/lib/python3.12/site-packages/dbcounter.py:115}}
Aug 18 13:53:24.652620 np0000032521 devstack@placement-api.service[78339]: DEBUG dbcounter [-] [78339] Writing DB stats placement:SELECT=5 {{(pid=78339) stat_writer /opt/stack/data/venv/lib/python3.12/site-packages/dbcounter.py:115}}
Aug 18 13:54:16.647302 np0000032521 devstack@placement-api.service[78338]: DEBUG placement.requestlog [req-9f1a4883-6864-45e4-aad7-3ebd5ca26ac9 req-de9de58b-4eb8-4467-ba80-95325e0e53d2 None None] Starting request: 192.168.1.111 "GET /placement/resource_providers/3b0c9d78-68ef-43e0-a09b-a53a063072c2/allocations" {{(pid=78338) __call__ /opt/stack/placement/placement/requestlog.py:55}}
Aug 18 13:54:16.655275 np0000032521 devstack@placement-api.service[78338]: INFO placement.requestlog [req-9f1a4883-6864-45e4-aad7-3ebd5ca26ac9 req-de9de58b-4eb8-4467-ba80-95325e0e53d2 service nova] 192.168.1.111 "GET /placement/resource_providers/3b0c9d78-68ef-43e0-a09b-a53a063072c2/allocations" status: 200 len: 153 microversion: 1.0
Aug 18 13:54:16.655439 np0000032521 devstack@placement-api.service[78338]: [pid: 78338|app: 0|req: 47/94] 192.168.1.111 () {66 vars in 1523 bytes} [Mon Aug 18 13:54:16 2025] GET /placement/resource_providers/3b0c9d78-68ef-43e0-a09b-a53a063072c2/allocations => generated 153 bytes in 8 msecs (HTTP/1.1 200) 6 headers in 224 bytes (1 switches on core 0)
Aug 18 13:54:16.661450 np0000032521 devstack@placement-api.service[78339]: DEBUG placement.requestlog [req-9f1a4883-6864-45e4-aad7-3ebd5ca26ac9 req-220fc24f-3f4d-424c-8de1-56db9445eaba None None] Starting request: 192.168.1.111 "GET /placement/resource_providers/3b0c9d78-68ef-43e0-a09b-a53a063072c2/allocations" {{(pid=78339) __call__ /opt/stack/placement/placement/requestlog.py:55}}
Aug 18 13:54:16.669177 np0000032521 devstack@placement-api.service[78339]: INFO placement.requestlog [req-9f1a4883-6864-45e4-aad7-3ebd5ca26ac9 req-220fc24f-3f4d-424c-8de1-56db9445eaba service nova] 192.168.1.111 "GET /placement/resource_providers/3b0c9d78-68ef-43e0-a09b-a53a063072c2/allocations" status: 200 len: 153 microversion: 1.0
Aug 18 13:54:16.669405 np0000032521 devstack@placement-api.service[78339]: [pid: 78339|app: 0|req: 48/95] 192.168.1.111 () {66 vars in 1523 bytes} [Mon Aug 18 13:54:16 2025] GET /placement/resource_providers/3b0c9d78-68ef-43e0-a09b-a53a063072c2/allocations => generated 153 bytes in 8 msecs (HTTP/1.1 200) 6 headers in 224 bytes (1 switches on core 0)
Aug 18 13:54:16.673585 np0000032521 devstack@placement-api.service[78338]: DEBUG placement.requestlog [req-9f1a4883-6864-45e4-aad7-3ebd5ca26ac9 req-50d196d5-eaee-4bef-9edb-e3cdbca7b74c None None] Starting request: 192.168.1.111 "GET /placement/allocations/6d4b3cc7-bd43-4d6a-abd7-68c8be396556" {{(pid=78338) __call__ /opt/stack/placement/placement/requestlog.py:55}}
Aug 18 13:54:16.678595 np0000032521 devstack@placement-api.service[78338]: INFO placement.requestlog [req-9f1a4883-6864-45e4-aad7-3ebd5ca26ac9 req-50d196d5-eaee-4bef-9edb-e3cdbca7b74c service nova] 192.168.1.111 "GET /placement/allocations/6d4b3cc7-bd43-4d6a-abd7-68c8be396556" status: 200 len: 258 microversion: 1.28
Aug 18 13:54:16.678737 np0000032521 devstack@placement-api.service[78338]: [pid: 78338|app: 0|req: 48/96] 192.168.1.111 () {68 vars in 1510 bytes} [Mon Aug 18 13:54:16 2025] GET /placement/allocations/6d4b3cc7-bd43-4d6a-abd7-68c8be396556 => generated 258 bytes in 5 msecs (HTTP/1.1 200) 8 headers in 296 bytes (1 switches on core 0)
Aug 18 13:54:26.668488 np0000032521 devstack@placement-api.service[78339]: DEBUG dbcounter [-] [78339] Writing DB stats placement:SELECT=3 {{(pid=78339) stat_writer /opt/stack/data/venv/lib/python3.12/site-packages/dbcounter.py:115}}
