Jul 29 14:01:21.492007 np0000031956 devstack@n-api.service[68885]: DEBUG oslo_concurrency.lockutils [None req-713bb046-7084-4ccf-9ba2-5b979815e786 None None] Lock "00000000-0000-0000-0000-000000000000" "released" by "nova.context.set_target_cell.<locals>.get_or_set_cached_cell_and_set_connections" :: held 0.000s {{(pid=68885) inner /opt/stack/data/venv/lib/python3.12/site-packages/oslo_concurrency/lockutils.py:424}}
Jul 29 14:01:21.492218 np0000031956 devstack@n-api.service[68886]: DEBUG oslo_concurrency.lockutils [None req-8a1abd47-ce0b-41de-b56f-7502b2a88f35 None None] Acquiring lock "00000000-0000-0000-0000-000000000000" by "nova.context.set_target_cell.<locals>.get_or_set_cached_cell_and_set_connections" {{(pid=68886) inner /opt/stack/data/venv/lib/python3.12/site-packages/oslo_concurrency/lockutils.py:405}}
Jul 29 14:01:21.492293 np0000031956 devstack@n-api.service[68885]: DEBUG oslo_concurrency.lockutils [None req-713bb046-7084-4ccf-9ba2-5b979815e786 None None] Acquiring lock "55d3c0eb-28c9-4daf-a811-c2891eacedf9" by "nova.context.set_target_cell.<locals>.get_or_set_cached_cell_and_set_connections" {{(pid=68885) inner /opt/stack/data/venv/lib/python3.12/site-packages/oslo_concurrency/lockutils.py:405}}
Jul 29 14:01:21.492411 np0000031956 devstack@n-api.service[68886]: DEBUG oslo_concurrency.lockutils [None req-8a1abd47-ce0b-41de-b56f-7502b2a88f35 None None] Lock "00000000-0000-0000-0000-000000000000" acquired by "nova.context.set_target_cell.<locals>.get_or_set_cached_cell_and_set_connections" :: waited 0.000s {{(pid=68886) inner /opt/stack/data/venv/lib/python3.12/site-packages/oslo_concurrency/lockutils.py:410}}
Jul 29 14:01:21.492697 np0000031956 devstack@n-api.service[68885]: DEBUG oslo_concurrency.lockutils [None req-713bb046-7084-4ccf-9ba2-5b979815e786 None None] Lock "55d3c0eb-28c9-4daf-a811-c2891eacedf9" acquired by "nova.context.set_target_cell.<locals>.get_or_set_cached_cell_and_set_connections" :: waited 0.000s {{(pid=68885) inner /opt/stack/data/venv/lib/python3.12/site-packages/oslo_concurrency/lockutils.py:410}}
Jul 29 14:01:21.492799 np0000031956 devstack@n-api.service[68886]: DEBUG oslo_concurrency.lockutils [None req-8a1abd47-ce0b-41de-b56f-7502b2a88f35 None None] Lock "00000000-0000-0000-0000-000000000000" "released" by "nova.context.set_target_cell.<locals>.get_or_set_cached_cell_and_set_connections" :: held 0.000s {{(pid=68886) inner /opt/stack/data/venv/lib/python3.12/site-packages/oslo_concurrency/lockutils.py:424}}
Jul 29 14:01:21.493102 np0000031956 devstack@n-api.service[68886]: DEBUG oslo_concurrency.lockutils [None req-8a1abd47-ce0b-41de-b56f-7502b2a88f35 None None] Acquiring lock "55d3c0eb-28c9-4daf-a811-c2891eacedf9" by "nova.context.set_target_cell.<locals>.get_or_set_cached_cell_and_set_connections" {{(pid=68886) inner /opt/stack/data/venv/lib/python3.12/site-packages/oslo_concurrency/lockutils.py:405}}
Jul 29 14:01:21.493188 np0000031956 devstack@n-api.service[68885]: DEBUG oslo_concurrency.lockutils [None req-713bb046-7084-4ccf-9ba2-5b979815e786 None None] Lock "55d3c0eb-28c9-4daf-a811-c2891eacedf9" "released" by "nova.context.set_target_cell.<locals>.get_or_set_cached_cell_and_set_connections" :: held 0.001s {{(pid=68885) inner /opt/stack/data/venv/lib/python3.12/site-packages/oslo_concurrency/lockutils.py:424}}
Jul 29 14:01:21.493237 np0000031956 devstack@n-api.service[68886]: DEBUG oslo_concurrency.lockutils [None req-8a1abd47-ce0b-41de-b56f-7502b2a88f35 None None] Lock "55d3c0eb-28c9-4daf-a811-c2891eacedf9" acquired by "nova.context.set_target_cell.<locals>.get_or_set_cached_cell_and_set_connections" :: waited 0.000s {{(pid=68886) inner /opt/stack/data/venv/lib/python3.12/site-packages/oslo_concurrency/lockutils.py:410}}
Jul 29 14:01:21.494007 np0000031956 devstack@n-api.service[68886]: DEBUG oslo_concurrency.lockutils [None req-8a1abd47-ce0b-41de-b56f-7502b2a88f35 None None] Lock "55d3c0eb-28c9-4daf-a811-c2891eacedf9" "released" by "nova.context.set_target_cell.<locals>.get_or_set_cached_cell_and_set_connections" :: held 0.001s {{(pid=68886) inner /opt/stack/data/venv/lib/python3.12/site-packages/oslo_concurrency/lockutils.py:424}}
Jul 29 14:01:21.494417 np0000031956 devstack@n-api.service[68885]: INFO dbcounter [None req-713bb046-7084-4ccf-9ba2-5b979815e786 None None] Registered counter for database nova_cell0
Jul 29 14:01:21.495270 np0000031956 devstack@n-api.service[68886]: INFO dbcounter [None req-8a1abd47-ce0b-41de-b56f-7502b2a88f35 None None] Registered counter for database nova_cell0
Jul 29 14:01:21.496461 np0000031956 devstack@n-api.service[68885]: INFO dbcounter [None req-713bb046-7084-4ccf-9ba2-5b979815e786 None None] Registered counter for database nova_cell1
Jul 29 14:01:21.497244 np0000031956 devstack@n-api.service[68886]: INFO dbcounter [None req-8a1abd47-ce0b-41de-b56f-7502b2a88f35 None None] Registered counter for database nova_cell1
Jul 29 14:01:21.499570 np0000031956 devstack@n-api.service[68885]: DEBUG oslo_db.sqlalchemy.engines [None req-713bb046-7084-4ccf-9ba2-5b979815e786 None None] MySQL server mode set to STRICT_TRANS_TABLES,STRICT_ALL_TABLES,NO_ZERO_IN_DATE,NO_ZERO_DATE,ERROR_FOR_DIVISION_BY_ZERO,TRADITIONAL,NO_ENGINE_SUBSTITUTION {{(pid=68885) _check_effective_sql_mode /opt/stack/data/venv/lib/python3.12/site-packages/oslo_db/sqlalchemy/engines.py:397}}
Jul 29 14:01:21.503547 np0000031956 devstack@n-api.service[68886]: DEBUG oslo_db.sqlalchemy.engines [None req-8a1abd47-ce0b-41de-b56f-7502b2a88f35 None None] MySQL server mode set to STRICT_TRANS_TABLES,STRICT_ALL_TABLES,NO_ZERO_IN_DATE,NO_ZERO_DATE,ERROR_FOR_DIVISION_BY_ZERO,TRADITIONAL,NO_ENGINE_SUBSTITUTION {{(pid=68886) _check_effective_sql_mode /opt/stack/data/venv/lib/python3.12/site-packages/oslo_db/sqlalchemy/engines.py:397}}
Jul 29 14:01:21.506390 np0000031956 devstack@n-api.service[68886]: DEBUG oslo_db.sqlalchemy.engines [None req-8a1abd47-ce0b-41de-b56f-7502b2a88f35 None None] MySQL server mode set to STRICT_TRANS_TABLES,STRICT_ALL_TABLES,NO_ZERO_IN_DATE,NO_ZERO_DATE,ERROR_FOR_DIVISION_BY_ZERO,TRADITIONAL,NO_ENGINE_SUBSTITUTION {{(pid=68886) _check_effective_sql_mode /opt/stack/data/venv/lib/python3.12/site-packages/oslo_db/sqlalchemy/engines.py:397}}
Jul 29 14:01:21.565058 np0000031956 devstack@n-api.service[68885]: DEBUG oslo_db.sqlalchemy.engines [None req-713bb046-7084-4ccf-9ba2-5b979815e786 None None] MySQL server mode set to STRICT_TRANS_TABLES,STRICT_ALL_TABLES,NO_ZERO_IN_DATE,NO_ZERO_DATE,ERROR_FOR_DIVISION_BY_ZERO,TRADITIONAL,NO_ENGINE_SUBSTITUTION {{(pid=68885) _check_effective_sql_mode /opt/stack/data/venv/lib/python3.12/site-packages/oslo_db/sqlalchemy/engines.py:397}}
Jul 29 14:01:21.565364 np0000031956 devstack@n-api.service[68885]: DEBUG dbcounter [-] [68885] Writer thread running {{(pid=68885) stat_writer /opt/stack/data/venv/lib/python3.12/site-packages/dbcounter.py:102}}
Jul 29 14:01:21.568264 np0000031956 devstack@n-api.service[68886]: DEBUG dbcounter [-] [68886] Writer thread running {{(pid=68886) stat_writer /opt/stack/data/venv/lib/python3.12/site-packages/dbcounter.py:102}}
Jul 29 14:01:21.568850 np0000031956 devstack@n-api.service[68885]: DEBUG dbcounter [-] [68885] Writer thread running {{(pid=68885) stat_writer /opt/stack/data/venv/lib/python3.12/site-packages/dbcounter.py:102}}
Jul 29 14:01:21.570729 np0000031956 devstack@n-api.service[68885]: INFO dbcounter [None req-713bb046-7084-4ccf-9ba2-5b979815e786 None None] Registered counter for database nova_cell0
Jul 29 14:01:21.571898 np0000031956 devstack@n-api.service[68886]: DEBUG dbcounter [-] [68886] Writer thread running {{(pid=68886) stat_writer /opt/stack/data/venv/lib/python3.12/site-packages/dbcounter.py:102}}
Jul 29 14:01:21.573801 np0000031956 devstack@n-api.service[68886]: INFO dbcounter [None req-8a1abd47-ce0b-41de-b56f-7502b2a88f35 None None] Registered counter for database nova_cell0
Jul 29 14:01:21.576079 np0000031956 devstack@n-api.service[68885]: DEBUG oslo_db.sqlalchemy.engines [None req-713bb046-7084-4ccf-9ba2-5b979815e786 None None] MySQL server mode set to STRICT_TRANS_TABLES,STRICT_ALL_TABLES,NO_ZERO_IN_DATE,NO_ZERO_DATE,ERROR_FOR_DIVISION_BY_ZERO,TRADITIONAL,NO_ENGINE_SUBSTITUTION {{(pid=68885) _check_effective_sql_mode /opt/stack/data/venv/lib/python3.12/site-packages/oslo_db/sqlalchemy/engines.py:397}}
Jul 29 14:01:21.579106 np0000031956 devstack@n-api.service[68886]: DEBUG oslo_db.sqlalchemy.engines [None req-8a1abd47-ce0b-41de-b56f-7502b2a88f35 None None] MySQL server mode set to STRICT_TRANS_TABLES,STRICT_ALL_TABLES,NO_ZERO_IN_DATE,NO_ZERO_DATE,ERROR_FOR_DIVISION_BY_ZERO,TRADITIONAL,NO_ENGINE_SUBSTITUTION {{(pid=68886) _check_effective_sql_mode /opt/stack/data/venv/lib/python3.12/site-packages/oslo_db/sqlalchemy/engines.py:397}}
Jul 29 14:01:21.579997 np0000031956 devstack@n-api.service[68885]: DEBUG dbcounter [-] [68885] Writer thread running {{(pid=68885) stat_writer /opt/stack/data/venv/lib/python3.12/site-packages/dbcounter.py:102}}
Jul 29 14:01:21.582849 np0000031956 devstack@n-api.service[68886]: DEBUG dbcounter [-] [68886] Writer thread running {{(pid=68886) stat_writer /opt/stack/data/venv/lib/python3.12/site-packages/dbcounter.py:102}}
Jul 29 14:01:21.927263 np0000031956 devstack@n-api.service[68885]: DEBUG oslo_concurrency.processutils [None req-713bb046-7084-4ccf-9ba2-5b979815e786 None None] Running cmd (subprocess): grep -F node.session.scan /sbin/iscsiadm {{(pid=68885) execute /opt/stack/data/venv/lib/python3.12/site-packages/oslo_concurrency/processutils.py:349}}
Jul 29 14:01:21.928326 np0000031956 devstack@n-api.service[68886]: DEBUG oslo_concurrency.processutils [None req-8a1abd47-ce0b-41de-b56f-7502b2a88f35 None None] Running cmd (subprocess): grep -F node.session.scan /sbin/iscsiadm {{(pid=68886) execute /opt/stack/data/venv/lib/python3.12/site-packages/oslo_concurrency/processutils.py:349}}
Jul 29 14:01:21.935437 np0000031956 devstack@n-api.service[68885]: DEBUG oslo_concurrency.processutils [None req-713bb046-7084-4ccf-9ba2-5b979815e786 None None] CMD "grep -F node.session.scan /sbin/iscsiadm" returned: 0 in 0.008s {{(pid=68885) execute /opt/stack/data/venv/lib/python3.12/site-packages/oslo_concurrency/processutils.py:372}}
Jul 29 14:01:21.935758 np0000031956 devstack@n-api.service[68886]: DEBUG oslo_concurrency.processutils [None req-8a1abd47-ce0b-41de-b56f-7502b2a88f35 None None] CMD "grep -F node.session.scan /sbin/iscsiadm" returned: 0 in 0.008s {{(pid=68886) execute /opt/stack/data/venv/lib/python3.12/site-packages/oslo_concurrency/processutils.py:372}}
Jul 29 14:01:22.236053 np0000031956 devstack@n-api.service[68886]: WARNING keystonemiddleware.auth_token [None req-8a1abd47-ce0b-41de-b56f-7502b2a88f35 None None] AuthToken middleware is set with keystone_authtoken.service_token_roles_required set to False. This is backwards compatible but deprecated behaviour. Please set this to True.
Jul 29 14:01:22.236512 np0000031956 devstack@n-api.service[68885]: WARNING keystonemiddleware.auth_token [None req-713bb046-7084-4ccf-9ba2-5b979815e786 None None] AuthToken middleware is set with keystone_authtoken.service_token_roles_required set to False. This is backwards compatible but deprecated behaviour. Please set this to True.
Jul 29 14:01:22.239327 np0000031956 devstack@n-api.service[68886]: WARNING keystonemiddleware.auth_token [None req-8a1abd47-ce0b-41de-b56f-7502b2a88f35 None None] Configuring www_authenticate_uri to point to the public identity endpoint is required; clients may not be able to authenticate against an admin endpoint
Jul 29 14:01:22.239823 np0000031956 devstack@n-api.service[68885]: WARNING keystonemiddleware.auth_token [None req-713bb046-7084-4ccf-9ba2-5b979815e786 None None] Configuring www_authenticate_uri to point to the public identity endpoint is required; clients may not be able to authenticate against an admin endpoint
Jul 29 14:01:22.389947 np0000031956 devstack@n-api.service[68886]: WARNING keystonemiddleware.auth_token [None req-8a1abd47-ce0b-41de-b56f-7502b2a88f35 None None] AuthToken middleware is set with keystone_authtoken.service_token_roles_required set to False. This is backwards compatible but deprecated behaviour. Please set this to True.
Jul 29 14:01:22.392378 np0000031956 devstack@n-api.service[68886]: WARNING keystonemiddleware.auth_token [None req-8a1abd47-ce0b-41de-b56f-7502b2a88f35 None None] Configuring www_authenticate_uri to point to the public identity endpoint is required; clients may not be able to authenticate against an admin endpoint
Jul 29 14:01:22.392787 np0000031956 devstack@n-api.service[68885]: WARNING keystonemiddleware.auth_token [None req-713bb046-7084-4ccf-9ba2-5b979815e786 None None] AuthToken middleware is set with keystone_authtoken.service_token_roles_required set to False. This is backwards compatible but deprecated behaviour. Please set this to True.
Jul 29 14:01:22.394203 np0000031956 devstack@n-api.service[68886]: WSGI app 0 (mountpoint='') ready in 3 seconds on interpreter 0x73e2deca39e8 pid: 68886 (default app)
Jul 29 14:01:22.395085 np0000031956 devstack@n-api.service[68886]: DEBUG nova.api.openstack.wsgi [None req-8a1abd47-ce0b-41de-b56f-7502b2a88f35 None None] Calling method '<bound method VersionsV2.index of <nova.api.openstack.compute.versions.VersionsV2 object at 0x73e2d833bfe0>>' {{(pid=68886) _process_stack /opt/stack/nova/nova/api/openstack/wsgi.py:552}}
Jul 29 14:01:22.395227 np0000031956 devstack@n-api.service[68885]: WARNING keystonemiddleware.auth_token [None req-713bb046-7084-4ccf-9ba2-5b979815e786 None None] Configuring www_authenticate_uri to point to the public identity endpoint is required; clients may not be able to authenticate against an admin endpoint
Jul 29 14:01:22.397066 np0000031956 devstack@n-api.service[68885]: WSGI app 0 (mountpoint='') ready in 3 seconds on interpreter 0x73e2deca39e8 pid: 68885 (default app)
Jul 29 14:01:22.397597 np0000031956 devstack@n-api.service[68886]: INFO nova.api.openstack.requestlog [None req-8a1abd47-ce0b-41de-b56f-7502b2a88f35 None None] 192.168.1.110 "GET /compute/v2.1/" status: 200 len: 391 microversion: 2.1 time: 0.002722
Jul 29 14:01:22.397784 np0000031956 devstack@n-api.service[68886]: [pid: 68886|app: 0|req: 1/1] 192.168.1.110 () {50 vars in 771 bytes} [Tue Jul 29 14:01:22 2025] GET /compute/v2.1/ => generated 391 bytes in 3 msecs (HTTP/1.1 200) 9 headers in 357 bytes (1 switches on core 0)
Jul 29 14:01:56.714652 np0000031956 devstack@n-api.service[68885]: DEBUG nova.api.openstack.wsgi [None req-713bb046-7084-4ccf-9ba2-5b979815e786 None None] Calling method '<bound method VersionsV2.index of <nova.api.openstack.compute.versions.VersionsV2 object at 0x73e2d850e870>>' {{(pid=68885) _process_stack /opt/stack/nova/nova/api/openstack/wsgi.py:552}}
Jul 29 14:01:56.717725 np0000031956 devstack@n-api.service[68885]: INFO nova.api.openstack.requestlog [None req-713bb046-7084-4ccf-9ba2-5b979815e786 None None] 192.168.1.110 "GET /compute/v2.1" status: 200 len: 392 microversion: 2.1 time: 0.003589
Jul 29 14:01:56.717906 np0000031956 devstack@n-api.service[68885]: [pid: 68885|app: 0|req: 1/2] 192.168.1.110 () {62 vars in 1056 bytes} [Tue Jul 29 14:01:56 2025] GET /compute/v2.1 => generated 392 bytes in 4 msecs (HTTP/1.1 200) 9 headers in 357 bytes (1 switches on core 0)
Jul 29 14:01:56.727243 np0000031956 devstack@n-api.service[68886]: DEBUG dbcounter [-] [68886] Writing DB stats nova_api:SELECT=1 {{(pid=68886) stat_writer /opt/stack/data/venv/lib/python3.12/site-packages/dbcounter.py:115}}
Jul 29 14:01:56.727908 np0000031956 devstack@n-api.service[68886]: DEBUG dbcounter [-] [68886] Writing DB stats nova_cell1:SELECT=1 {{(pid=68886) stat_writer /opt/stack/data/venv/lib/python3.12/site-packages/dbcounter.py:115}}
Jul 29 14:01:56.728563 np0000031956 devstack@n-api.service[68886]: DEBUG dbcounter [-] [68886] Writing DB stats nova_cell0:SELECT=1 {{(pid=68886) stat_writer /opt/stack/data/venv/lib/python3.12/site-packages/dbcounter.py:115}}
Jul 29 14:01:56.728563 np0000031956 devstack@n-api.service[68886]: DEBUG dbcounter [-] [68886] Writing DB stats nova_cell0:SELECT=2,nova_cell0:INSERT=1 {{(pid=68886) stat_writer /opt/stack/data/venv/lib/python3.12/site-packages/dbcounter.py:115}}
Jul 29 14:01:56.845750 np0000031956 devstack@n-api.service[68886]: DEBUG nova.api.openstack.wsgi [None req-e5f2714d-7564-4673-935a-a5ff3b81cdd1 admin admin] Calling method '<bound method FlavorsController.detail of <nova.api.openstack.compute.flavors.FlavorsController object at 0x73e2d7e813d0>>' {{(pid=68886) _process_stack /opt/stack/nova/nova/api/openstack/wsgi.py:552}}
Jul 29 14:01:56.863567 np0000031956 devstack@n-api.service[68886]: INFO nova.api.openstack.requestlog [None req-e5f2714d-7564-4673-935a-a5ff3b81cdd1 admin admin] 192.168.1.110 "GET /compute/v2.1/flavors/detail?is_public=True" status: 200 len: 15 microversion: 2.61 time: 0.140107
Jul 29 14:01:56.864070 np0000031956 devstack@n-api.service[68886]: [pid: 68886|app: 0|req: 2/3] 192.168.1.110 () {68 vars in 1417 bytes} [Tue Jul 29 14:01:56 2025] GET /compute/v2.1/flavors/detail?is_public=True => generated 15 bytes in 141 msecs (HTTP/1.1 200) 9 headers in 358 bytes (1 switches on core 0)
Jul 29 14:01:56.944046 np0000031956 devstack@n-api.service[68885]: DEBUG dbcounter [-] [68885] Writing DB stats nova_api:SELECT=1 {{(pid=68885) stat_writer /opt/stack/data/venv/lib/python3.12/site-packages/dbcounter.py:115}}
Jul 29 14:01:56.944700 np0000031956 devstack@n-api.service[68885]: DEBUG dbcounter [-] [68885] Writing DB stats nova_cell0:SELECT=1 {{(pid=68885) stat_writer /opt/stack/data/venv/lib/python3.12/site-packages/dbcounter.py:115}}
Jul 29 14:01:56.945033 np0000031956 devstack@n-api.service[68885]: DEBUG dbcounter [-] [68885] Writing DB stats nova_cell1:SELECT=1 {{(pid=68885) stat_writer /opt/stack/data/venv/lib/python3.12/site-packages/dbcounter.py:115}}
Jul 29 14:01:56.945336 np0000031956 devstack@n-api.service[68885]: DEBUG dbcounter [-] [68885] Writing DB stats nova_cell0:SELECT=2,nova_cell0:INSERT=1 {{(pid=68885) stat_writer /opt/stack/data/venv/lib/python3.12/site-packages/dbcounter.py:115}}
Jul 29 14:01:57.001267 np0000031956 devstack@n-api.service[68885]: DEBUG nova.api.openstack.wsgi [None req-494b2f0d-5266-44e4-b226-6945289c14ec admin admin] Action: 'create', calling method: <bound method FlavorsController.create of <nova.api.openstack.compute.flavors.FlavorsController object at 0x73e2d7e81520>>, body: {"flavor": {"OS-FLV-EXT-DATA:ephemeral": 0, "rxtx_factor": 1.0, "vcpus": 1, "id": "c1", "swap": 0, "name": "cirros256", "disk": 1, "ram": 256, "os-flavor-access:is_public": true}} {{(pid=68885) _process_stack /opt/stack/nova/nova/api/openstack/wsgi.py:550}}
Jul 29 14:01:57.029852 np0000031956 devstack@n-api.service[68885]: INFO nova.api.openstack.requestlog [None req-494b2f0d-5266-44e4-b226-6945289c14ec admin admin] 192.168.1.110 "POST /compute/v2.1/flavors" status: 200 len: 413 microversion: 2.61 time: 0.089102
Jul 29 14:01:57.030032 np0000031956 devstack@n-api.service[68885]: [pid: 68885|app: 0|req: 2/4] 192.168.1.110 () {72 vars in 1408 bytes} [Tue Jul 29 14:01:56 2025] POST /compute/v2.1/flavors => generated 413 bytes in 89 msecs (HTTP/1.1 200) 9 headers in 359 bytes (1 switches on core 0)
Jul 29 14:01:57.040694 np0000031956 devstack@n-api.service[68886]: DEBUG nova.api.openstack.wsgi [None req-0c11f01b-6855-4490-bd95-25afbda3de19 admin admin] Action: 'create', calling method: <bound method FlavorExtraSpecsController.create of <nova.api.openstack.compute.flavors_extraspecs.FlavorExtraSpecsController object at 0x73e2d7e81b20>>, body: {"extra_specs": {"hw_rng:allowed": "True"}} {{(pid=68886) _process_stack /opt/stack/nova/nova/api/openstack/wsgi.py:550}}
Jul 29 14:01:57.071923 np0000031956 devstack@n-api.service[68886]: INFO nova.api.openstack.requestlog [None req-0c11f01b-6855-4490-bd95-25afbda3de19 admin admin] 192.168.1.110 "POST /compute/v2.1/flavors/c1/os-extra_specs" status: 200 len: 43 microversion: 2.61 time: 0.034878
Jul 29 14:01:57.072260 np0000031956 devstack@n-api.service[68886]: [pid: 68886|app: 0|req: 3/5] 192.168.1.110 () {72 vars in 1461 bytes} [Tue Jul 29 14:01:57 2025] POST /compute/v2.1/flavors/c1/os-extra_specs => generated 43 bytes in 36 msecs (HTTP/1.1 200) 9 headers in 358 bytes (1 switches on core 0)
Jul 29 14:01:57.152106 np0000031956 devstack@n-api.service[68885]: DEBUG nova.api.openstack.wsgi [None req-0e2c5c2b-3011-42f7-af9e-d7200efc50cb admin admin] Action: 'create', calling method: <bound method FlavorsController.create of <nova.api.openstack.compute.flavors.FlavorsController object at 0x73e2d7e81520>>, body: {"flavor": {"OS-FLV-EXT-DATA:ephemeral": 0, "rxtx_factor": 1.0, "vcpus": 1, "id": "d1", "swap": 0, "name": "ds512M", "disk": 5, "ram": 512, "os-flavor-access:is_public": true}} {{(pid=68885) _process_stack /opt/stack/nova/nova/api/openstack/wsgi.py:550}}
Jul 29 14:01:57.163600 np0000031956 devstack@n-api.service[68885]: INFO nova.api.openstack.requestlog [None req-0e2c5c2b-3011-42f7-af9e-d7200efc50cb admin admin] 192.168.1.110 "POST /compute/v2.1/flavors" status: 200 len: 410 microversion: 2.61 time: 0.013459
Jul 29 14:01:57.163833 np0000031956 devstack@n-api.service[68885]: [pid: 68885|app: 0|req: 3/6] 192.168.1.110 () {72 vars in 1408 bytes} [Tue Jul 29 14:01:57 2025] POST /compute/v2.1/flavors => generated 410 bytes in 14 msecs (HTTP/1.1 200) 9 headers in 359 bytes (1 switches on core 0)
Jul 29 14:01:57.173712 np0000031956 devstack@n-api.service[68886]: DEBUG nova.api.openstack.wsgi [None req-36992619-738b-47d1-916a-89ca34578d4c admin admin] Action: 'create', calling method: <bound method FlavorExtraSpecsController.create of <nova.api.openstack.compute.flavors_extraspecs.FlavorExtraSpecsController object at 0x73e2d7e81b20>>, body: {"extra_specs": {"hw_rng:allowed": "True"}} {{(pid=68886) _process_stack /opt/stack/nova/nova/api/openstack/wsgi.py:550}}
Jul 29 14:01:57.186631 np0000031956 devstack@n-api.service[68886]: INFO nova.api.openstack.requestlog [None req-36992619-738b-47d1-916a-89ca34578d4c admin admin] 192.168.1.110 "POST /compute/v2.1/flavors/d1/os-extra_specs" status: 200 len: 43 microversion: 2.61 time: 0.016389
Jul 29 14:01:57.186897 np0000031956 devstack@n-api.service[68886]: [pid: 68886|app: 0|req: 4/7] 192.168.1.110 () {72 vars in 1461 bytes} [Tue Jul 29 14:01:57 2025] POST /compute/v2.1/flavors/d1/os-extra_specs => generated 43 bytes in 17 msecs (HTTP/1.1 200) 9 headers in 358 bytes (1 switches on core 0)
Jul 29 14:01:57.263682 np0000031956 devstack@n-api.service[68885]: DEBUG nova.api.openstack.wsgi [None req-b8811a63-592d-4875-8d50-50d8d9d7f249 admin admin] Action: 'create', calling method: <bound method FlavorsController.create of <nova.api.openstack.compute.flavors.FlavorsController object at 0x73e2d7e81520>>, body: {"flavor": {"OS-FLV-EXT-DATA:ephemeral": 0, "rxtx_factor": 1.0, "vcpus": 1, "id": "d2", "swap": 0, "name": "ds1G", "disk": 10, "ram": 1024, "os-flavor-access:is_public": true}} {{(pid=68885) _process_stack /opt/stack/nova/nova/api/openstack/wsgi.py:550}}
Jul 29 14:01:57.274554 np0000031956 devstack@n-api.service[68885]: INFO nova.api.openstack.requestlog [None req-b8811a63-592d-4875-8d50-50d8d9d7f249 admin admin] 192.168.1.110 "POST /compute/v2.1/flavors" status: 200 len: 410 microversion: 2.61 time: 0.012389
Jul 29 14:01:57.274793 np0000031956 devstack@n-api.service[68885]: [pid: 68885|app: 0|req: 4/8] 192.168.1.110 () {72 vars in 1408 bytes} [Tue Jul 29 14:01:57 2025] POST /compute/v2.1/flavors => generated 410 bytes in 13 msecs (HTTP/1.1 200) 9 headers in 359 bytes (1 switches on core 0)
Jul 29 14:01:57.287410 np0000031956 devstack@n-api.service[68886]: DEBUG nova.api.openstack.wsgi [None req-33cd9814-9f7a-4d19-bc63-aa41ba33535a admin admin] Action: 'create', calling method: <bound method FlavorExtraSpecsController.create of <nova.api.openstack.compute.flavors_extraspecs.FlavorExtraSpecsController object at 0x73e2d7e81b20>>, body: {"extra_specs": {"hw_rng:allowed": "True"}} {{(pid=68886) _process_stack /opt/stack/nova/nova/api/openstack/wsgi.py:550}}
Jul 29 14:01:57.302912 np0000031956 devstack@n-api.service[68886]: INFO nova.api.openstack.requestlog [None req-33cd9814-9f7a-4d19-bc63-aa41ba33535a admin admin] 192.168.1.110 "POST /compute/v2.1/flavors/d2/os-extra_specs" status: 200 len: 43 microversion: 2.61 time: 0.018656
Jul 29 14:01:57.303158 np0000031956 devstack@n-api.service[68886]: [pid: 68886|app: 0|req: 5/9] 192.168.1.110 () {72 vars in 1461 bytes} [Tue Jul 29 14:01:57 2025] POST /compute/v2.1/flavors/d2/os-extra_specs => generated 43 bytes in 19 msecs (HTTP/1.1 200) 9 headers in 358 bytes (1 switches on core 0)
Jul 29 14:01:57.392232 np0000031956 devstack@n-api.service[68885]: DEBUG nova.api.openstack.wsgi [None req-b8a35b2c-8e47-4373-b2c6-b6b237695227 admin admin] Action: 'create', calling method: <bound method FlavorsController.create of <nova.api.openstack.compute.flavors.FlavorsController object at 0x73e2d7e81520>>, body: {"flavor": {"OS-FLV-EXT-DATA:ephemeral": 0, "rxtx_factor": 1.0, "vcpus": 2, "id": "d3", "swap": 0, "name": "ds2G", "disk": 10, "ram": 2048, "os-flavor-access:is_public": true}} {{(pid=68885) _process_stack /opt/stack/nova/nova/api/openstack/wsgi.py:550}}
Jul 29 14:01:57.408261 np0000031956 devstack@n-api.service[68885]: INFO nova.api.openstack.requestlog [None req-b8a35b2c-8e47-4373-b2c6-b6b237695227 admin admin] 192.168.1.110 "POST /compute/v2.1/flavors" status: 200 len: 410 microversion: 2.61 time: 0.017650
Jul 29 14:01:57.408997 np0000031956 devstack@n-api.service[68885]: [pid: 68885|app: 0|req: 5/10] 192.168.1.110 () {72 vars in 1408 bytes} [Tue Jul 29 14:01:57 2025] POST /compute/v2.1/flavors => generated 410 bytes in 18 msecs (HTTP/1.1 200) 9 headers in 359 bytes (1 switches on core 0)
Jul 29 14:01:57.419153 np0000031956 devstack@n-api.service[68886]: DEBUG nova.api.openstack.wsgi [None req-afad844d-2e97-44f8-a8c3-32671fd09270 admin admin] Action: 'create', calling method: <bound method FlavorExtraSpecsController.create of <nova.api.openstack.compute.flavors_extraspecs.FlavorExtraSpecsController object at 0x73e2d7e81b20>>, body: {"extra_specs": {"hw_rng:allowed": "True"}} {{(pid=68886) _process_stack /opt/stack/nova/nova/api/openstack/wsgi.py:550}}
Jul 29 14:01:57.436202 np0000031956 devstack@n-api.service[68886]: INFO nova.api.openstack.requestlog [None req-afad844d-2e97-44f8-a8c3-32671fd09270 admin admin] 192.168.1.110 "POST /compute/v2.1/flavors/d3/os-extra_specs" status: 200 len: 43 microversion: 2.61 time: 0.019350
Jul 29 14:01:57.436447 np0000031956 devstack@n-api.service[68886]: [pid: 68886|app: 0|req: 6/11] 192.168.1.110 () {72 vars in 1461 bytes} [Tue Jul 29 14:01:57 2025] POST /compute/v2.1/flavors/d3/os-extra_specs => generated 43 bytes in 20 msecs (HTTP/1.1 200) 9 headers in 358 bytes (1 switches on core 0)
Jul 29 14:01:57.541698 np0000031956 devstack@n-api.service[68885]: DEBUG nova.api.openstack.wsgi [None req-b1a240fe-ca30-42f5-8fde-ab9b6462a79c admin admin] Action: 'create', calling method: <bound method FlavorsController.create of <nova.api.openstack.compute.flavors.FlavorsController object at 0x73e2d7e81520>>, body: {"flavor": {"OS-FLV-EXT-DATA:ephemeral": 0, "rxtx_factor": 1.0, "vcpus": 4, "id": "d4", "swap": 0, "name": "ds4G", "disk": 20, "ram": 4096, "os-flavor-access:is_public": true}} {{(pid=68885) _process_stack /opt/stack/nova/nova/api/openstack/wsgi.py:550}}
Jul 29 14:01:57.552814 np0000031956 devstack@n-api.service[68885]: INFO nova.api.openstack.requestlog [None req-b1a240fe-ca30-42f5-8fde-ab9b6462a79c admin admin] 192.168.1.110 "POST /compute/v2.1/flavors" status: 200 len: 410 microversion: 2.61 time: 0.014316
Jul 29 14:01:57.553178 np0000031956 devstack@n-api.service[68885]: [pid: 68885|app: 0|req: 6/12] 192.168.1.110 () {72 vars in 1408 bytes} [Tue Jul 29 14:01:57 2025] POST /compute/v2.1/flavors => generated 410 bytes in 15 msecs (HTTP/1.1 200) 9 headers in 359 bytes (1 switches on core 0)
Jul 29 14:01:57.562399 np0000031956 devstack@n-api.service[68886]: DEBUG nova.api.openstack.wsgi [None req-13b56451-5d25-4ab8-9bdf-3bc39fcbda08 admin admin] Action: 'create', calling method: <bound method FlavorExtraSpecsController.create of <nova.api.openstack.compute.flavors_extraspecs.FlavorExtraSpecsController object at 0x73e2d7e81b20>>, body: {"extra_specs": {"hw_rng:allowed": "True"}} {{(pid=68886) _process_stack /opt/stack/nova/nova/api/openstack/wsgi.py:550}}
Jul 29 14:01:57.575080 np0000031956 devstack@n-api.service[68886]: INFO nova.api.openstack.requestlog [None req-13b56451-5d25-4ab8-9bdf-3bc39fcbda08 admin admin] 192.168.1.110 "POST /compute/v2.1/flavors/d4/os-extra_specs" status: 200 len: 43 microversion: 2.61 time: 0.014926
Jul 29 14:01:57.575289 np0000031956 devstack@n-api.service[68886]: [pid: 68886|app: 0|req: 7/13] 192.168.1.110 () {72 vars in 1461 bytes} [Tue Jul 29 14:01:57 2025] POST /compute/v2.1/flavors/d4/os-extra_specs => generated 43 bytes in 15 msecs (HTTP/1.1 200) 9 headers in 358 bytes (1 switches on core 0)
Jul 29 14:01:57.656601 np0000031956 devstack@n-api.service[68885]: DEBUG nova.api.openstack.wsgi [None req-656ac65d-2cac-4103-90eb-f873da653402 admin admin] Calling method '<bound method FlavorsController.detail of <nova.api.openstack.compute.flavors.FlavorsController object at 0x73e2d7e81670>>' {{(pid=68885) _process_stack /opt/stack/nova/nova/api/openstack/wsgi.py:552}}
Jul 29 14:01:57.671743 np0000031956 devstack@n-api.service[68885]: INFO nova.api.openstack.requestlog [None req-656ac65d-2cac-4103-90eb-f873da653402 admin admin] 192.168.1.110 "GET /compute/v2.1/flavors/detail?is_public=True" status: 200 len: 2136 microversion: 2.61 time: 0.016683
Jul 29 14:01:57.672106 np0000031956 devstack@n-api.service[68885]: [pid: 68885|app: 0|req: 7/14] 192.168.1.110 () {68 vars in 1417 bytes} [Tue Jul 29 14:01:57 2025] GET /compute/v2.1/flavors/detail?is_public=True => generated 2136 bytes in 17 msecs (HTTP/1.1 200) 9 headers in 360 bytes (1 switches on core 0)
Jul 29 14:01:57.760646 np0000031956 devstack@n-api.service[68886]: DEBUG nova.api.openstack.wsgi [None req-71370836-b339-4b99-9235-8b9ff3a4e8b5 admin admin] Action: 'create', calling method: <bound method FlavorsController.create of <nova.api.openstack.compute.flavors.FlavorsController object at 0x73e2d7e81280>>, body: {"flavor": {"OS-FLV-EXT-DATA:ephemeral": 0, "rxtx_factor": 1.0, "vcpus": 1, "id": "1", "swap": 0, "name": "m1.tiny", "disk": 1, "ram": 512, "os-flavor-access:is_public": true}} {{(pid=68886) _process_stack /opt/stack/nova/nova/api/openstack/wsgi.py:550}}
Jul 29 14:01:57.789285 np0000031956 devstack@n-api.service[68886]: INFO nova.api.openstack.requestlog [None req-71370836-b339-4b99-9235-8b9ff3a4e8b5 admin admin] 192.168.1.110 "POST /compute/v2.1/flavors" status: 200 len: 408 microversion: 2.61 time: 0.030029
Jul 29 14:01:57.789627 np0000031956 devstack@n-api.service[68886]: [pid: 68886|app: 0|req: 8/15] 192.168.1.110 () {72 vars in 1408 bytes} [Tue Jul 29 14:01:57 2025] POST /compute/v2.1/flavors => generated 408 bytes in 30 msecs (HTTP/1.1 200) 9 headers in 359 bytes (1 switches on core 0)
Jul 29 14:01:57.797635 np0000031956 devstack@n-api.service[68885]: DEBUG nova.api.openstack.wsgi [None req-848cbda3-6979-48ec-bed9-6c77406e5771 admin admin] Action: 'create', calling method: <bound method FlavorExtraSpecsController.create of <nova.api.openstack.compute.flavors_extraspecs.FlavorExtraSpecsController object at 0x73e2d7e81dc0>>, body: {"extra_specs": {"hw_rng:allowed": "True"}} {{(pid=68885) _process_stack /opt/stack/nova/nova/api/openstack/wsgi.py:550}}
Jul 29 14:01:57.819338 np0000031956 devstack@n-api.service[68885]: INFO nova.api.openstack.requestlog [None req-848cbda3-6979-48ec-bed9-6c77406e5771 admin admin] 192.168.1.110 "POST /compute/v2.1/flavors/1/os-extra_specs" status: 200 len: 43 microversion: 2.61 time: 0.023279
Jul 29 14:01:57.819690 np0000031956 devstack@n-api.service[68885]: [pid: 68885|app: 0|req: 8/16] 192.168.1.110 () {72 vars in 1458 bytes} [Tue Jul 29 14:01:57 2025] POST /compute/v2.1/flavors/1/os-extra_specs => generated 43 bytes in 24 msecs (HTTP/1.1 200) 9 headers in 358 bytes (1 switches on core 0)
Jul 29 14:01:57.904814 np0000031956 devstack@n-api.service[68886]: DEBUG nova.api.openstack.wsgi [None req-b122e63c-f72b-4252-be16-55dcee93fde2 admin admin] Action: 'create', calling method: <bound method FlavorsController.create of <nova.api.openstack.compute.flavors.FlavorsController object at 0x73e2d7e81280>>, body: {"flavor": {"OS-FLV-EXT-DATA:ephemeral": 0, "rxtx_factor": 1.0, "vcpus": 1, "id": "2", "swap": 0, "name": "m1.small", "disk": 20, "ram": 2048, "os-flavor-access:is_public": true}} {{(pid=68886) _process_stack /opt/stack/nova/nova/api/openstack/wsgi.py:550}}
Jul 29 14:01:57.915876 np0000031956 devstack@n-api.service[68886]: INFO nova.api.openstack.requestlog [None req-b122e63c-f72b-4252-be16-55dcee93fde2 admin admin] 192.168.1.110 "POST /compute/v2.1/flavors" status: 200 len: 411 microversion: 2.61 time: 0.012221
Jul 29 14:01:57.915876 np0000031956 devstack@n-api.service[68886]: [pid: 68886|app: 0|req: 9/17] 192.168.1.110 () {72 vars in 1408 bytes} [Tue Jul 29 14:01:57 2025] POST /compute/v2.1/flavors => generated 411 bytes in 12 msecs (HTTP/1.1 200) 9 headers in 359 bytes (1 switches on core 0)
Jul 29 14:01:57.924658 np0000031956 devstack@n-api.service[68885]: DEBUG nova.api.openstack.wsgi [None req-e7ae4664-1710-44a8-800a-903aec0dae66 admin admin] Action: 'create', calling method: <bound method FlavorExtraSpecsController.create of <nova.api.openstack.compute.flavors_extraspecs.FlavorExtraSpecsController object at 0x73e2d7e81dc0>>, body: {"extra_specs": {"hw_rng:allowed": "True"}} {{(pid=68885) _process_stack /opt/stack/nova/nova/api/openstack/wsgi.py:550}}
Jul 29 14:01:57.938203 np0000031956 devstack@n-api.service[68885]: INFO nova.api.openstack.requestlog [None req-e7ae4664-1710-44a8-800a-903aec0dae66 admin admin] 192.168.1.110 "POST /compute/v2.1/flavors/2/os-extra_specs" status: 200 len: 43 microversion: 2.61 time: 0.015130
Jul 29 14:01:57.938492 np0000031956 devstack@n-api.service[68885]: [pid: 68885|app: 0|req: 9/18] 192.168.1.110 () {72 vars in 1458 bytes} [Tue Jul 29 14:01:57 2025] POST /compute/v2.1/flavors/2/os-extra_specs => generated 43 bytes in 15 msecs (HTTP/1.1 200) 9 headers in 358 bytes (1 switches on core 0)
Jul 29 14:01:58.019693 np0000031956 devstack@n-api.service[68886]: DEBUG nova.api.openstack.wsgi [None req-76df0292-3131-4b9c-b71e-2d0af2385f9a admin admin] Action: 'create', calling method: <bound method FlavorsController.create of <nova.api.openstack.compute.flavors.FlavorsController object at 0x73e2d7e81280>>, body: {"flavor": {"OS-FLV-EXT-DATA:ephemeral": 0, "rxtx_factor": 1.0, "vcpus": 2, "id": "3", "swap": 0, "name": "m1.medium", "disk": 40, "ram": 4096, "os-flavor-access:is_public": true}} {{(pid=68886) _process_stack /opt/stack/nova/nova/api/openstack/wsgi.py:550}}
Jul 29 14:01:58.028731 np0000031956 devstack@n-api.service[68886]: INFO nova.api.openstack.requestlog [None req-76df0292-3131-4b9c-b71e-2d0af2385f9a admin admin] 192.168.1.110 "POST /compute/v2.1/flavors" status: 200 len: 412 microversion: 2.61 time: 0.012106
Jul 29 14:01:58.029075 np0000031956 devstack@n-api.service[68886]: [pid: 68886|app: 0|req: 10/19] 192.168.1.110 () {72 vars in 1408 bytes} [Tue Jul 29 14:01:58 2025] POST /compute/v2.1/flavors => generated 412 bytes in 12 msecs (HTTP/1.1 200) 9 headers in 359 bytes (1 switches on core 0)
Jul 29 14:01:58.036458 np0000031956 devstack@n-api.service[68885]: DEBUG nova.api.openstack.wsgi [None req-7e443d94-6caf-49a8-91ca-5a0a526aab9d admin admin] Action: 'create', calling method: <bound method FlavorExtraSpecsController.create of <nova.api.openstack.compute.flavors_extraspecs.FlavorExtraSpecsController object at 0x73e2d7e81dc0>>, body: {"extra_specs": {"hw_rng:allowed": "True"}} {{(pid=68885) _process_stack /opt/stack/nova/nova/api/openstack/wsgi.py:550}}
Jul 29 14:01:58.048198 np0000031956 devstack@n-api.service[68885]: INFO nova.api.openstack.requestlog [None req-7e443d94-6caf-49a8-91ca-5a0a526aab9d admin admin] 192.168.1.110 "POST /compute/v2.1/flavors/3/os-extra_specs" status: 200 len: 43 microversion: 2.61 time: 0.013121
Jul 29 14:01:58.048459 np0000031956 devstack@n-api.service[68885]: [pid: 68885|app: 0|req: 10/20] 192.168.1.110 () {72 vars in 1458 bytes} [Tue Jul 29 14:01:58 2025] POST /compute/v2.1/flavors/3/os-extra_specs => generated 43 bytes in 13 msecs (HTTP/1.1 200) 9 headers in 358 bytes (1 switches on core 0)
Jul 29 14:01:58.127237 np0000031956 devstack@n-api.service[68886]: DEBUG nova.api.openstack.wsgi [None req-76c13ce4-b198-4dde-9326-c51b9e90c700 admin admin] Action: 'create', calling method: <bound method FlavorsController.create of <nova.api.openstack.compute.flavors.FlavorsController object at 0x73e2d7e81280>>, body: {"flavor": {"OS-FLV-EXT-DATA:ephemeral": 0, "rxtx_factor": 1.0, "vcpus": 4, "id": "4", "swap": 0, "name": "m1.large", "disk": 80, "ram": 8192, "os-flavor-access:is_public": true}} {{(pid=68886) _process_stack /opt/stack/nova/nova/api/openstack/wsgi.py:550}}
Jul 29 14:01:58.137834 np0000031956 devstack@n-api.service[68886]: INFO nova.api.openstack.requestlog [None req-76c13ce4-b198-4dde-9326-c51b9e90c700 admin admin] 192.168.1.110 "POST /compute/v2.1/flavors" status: 200 len: 411 microversion: 2.61 time: 0.012084
Jul 29 14:01:58.138168 np0000031956 devstack@n-api.service[68886]: [pid: 68886|app: 0|req: 11/21] 192.168.1.110 () {72 vars in 1408 bytes} [Tue Jul 29 14:01:58 2025] POST /compute/v2.1/flavors => generated 411 bytes in 12 msecs (HTTP/1.1 200) 9 headers in 359 bytes (1 switches on core 0)
Jul 29 14:01:58.145755 np0000031956 devstack@n-api.service[68885]: DEBUG nova.api.openstack.wsgi [None req-e3cc8f3b-a15c-45c5-a889-0d63c55a202e admin admin] Action: 'create', calling method: <bound method FlavorExtraSpecsController.create of <nova.api.openstack.compute.flavors_extraspecs.FlavorExtraSpecsController object at 0x73e2d7e81dc0>>, body: {"extra_specs": {"hw_rng:allowed": "True"}} {{(pid=68885) _process_stack /opt/stack/nova/nova/api/openstack/wsgi.py:550}}
Jul 29 14:01:58.157077 np0000031956 devstack@n-api.service[68885]: INFO nova.api.openstack.requestlog [None req-e3cc8f3b-a15c-45c5-a889-0d63c55a202e admin admin] 192.168.1.110 "POST /compute/v2.1/flavors/4/os-extra_specs" status: 200 len: 43 microversion: 2.61 time: 0.012670
Jul 29 14:01:58.157527 np0000031956 devstack@n-api.service[68885]: [pid: 68885|app: 0|req: 11/22] 192.168.1.110 () {72 vars in 1458 bytes} [Tue Jul 29 14:01:58 2025] POST /compute/v2.1/flavors/4/os-extra_specs => generated 43 bytes in 13 msecs (HTTP/1.1 200) 9 headers in 358 bytes (1 switches on core 0)
Jul 29 14:01:58.239292 np0000031956 devstack@n-api.service[68886]: DEBUG nova.api.openstack.wsgi [None req-7402438f-0571-4780-b87a-3bb26ff6c608 admin admin] Action: 'create', calling method: <bound method FlavorsController.create of <nova.api.openstack.compute.flavors.FlavorsController object at 0x73e2d7e81280>>, body: {"flavor": {"OS-FLV-EXT-DATA:ephemeral": 0, "rxtx_factor": 1.0, "vcpus": 8, "id": "5", "swap": 0, "name": "m1.xlarge", "disk": 160, "ram": 16384, "os-flavor-access:is_public": true}} {{(pid=68886) _process_stack /opt/stack/nova/nova/api/openstack/wsgi.py:550}}
Jul 29 14:01:58.250257 np0000031956 devstack@n-api.service[68886]: INFO nova.api.openstack.requestlog [None req-7402438f-0571-4780-b87a-3bb26ff6c608 admin admin] 192.168.1.110 "POST /compute/v2.1/flavors" status: 200 len: 414 microversion: 2.61 time: 0.012456
Jul 29 14:01:58.250499 np0000031956 devstack@n-api.service[68886]: [pid: 68886|app: 0|req: 12/23] 192.168.1.110 () {72 vars in 1408 bytes} [Tue Jul 29 14:01:58 2025] POST /compute/v2.1/flavors => generated 414 bytes in 13 msecs (HTTP/1.1 200) 9 headers in 359 bytes (1 switches on core 0)
Jul 29 14:01:58.260963 np0000031956 devstack@n-api.service[68885]: DEBUG nova.api.openstack.wsgi [None req-d36b645a-638d-4133-b562-2f4e7bba88a0 admin admin] Action: 'create', calling method: <bound method FlavorExtraSpecsController.create of <nova.api.openstack.compute.flavors_extraspecs.FlavorExtraSpecsController object at 0x73e2d7e81dc0>>, body: {"extra_specs": {"hw_rng:allowed": "True"}} {{(pid=68885) _process_stack /opt/stack/nova/nova/api/openstack/wsgi.py:550}}
Jul 29 14:01:58.273422 np0000031956 devstack@n-api.service[68885]: INFO nova.api.openstack.requestlog [None req-d36b645a-638d-4133-b562-2f4e7bba88a0 admin admin] 192.168.1.110 "POST /compute/v2.1/flavors/5/os-extra_specs" status: 200 len: 43 microversion: 2.61 time: 0.013831
Jul 29 14:01:58.273713 np0000031956 devstack@n-api.service[68885]: [pid: 68885|app: 0|req: 12/24] 192.168.1.110 () {72 vars in 1458 bytes} [Tue Jul 29 14:01:58 2025] POST /compute/v2.1/flavors/5/os-extra_specs => generated 43 bytes in 14 msecs (HTTP/1.1 200) 9 headers in 358 bytes (1 switches on core 0)
Jul 29 14:02:30.576535 np0000031956 devstack@n-api.service[68886]: DEBUG nova.api.openstack.wsgi [None req-5b29559d-2982-4a98-aa1a-f9f85a3f20a5 admin admin] Calling method '<bound method FlavorsController.detail of <nova.api.openstack.compute.flavors.FlavorsController object at 0x73e2d7e813d0>>' {{(pid=68886) _process_stack /opt/stack/nova/nova/api/openstack/wsgi.py:552}}
Jul 29 14:02:30.579059 np0000031956 devstack@n-api.service[68886]: DEBUG dbcounter [-] [68886] Writing DB stats nova_api:SELECT=21,nova_api:SAVEPOINT=5,nova_api:INSERT=10,nova_api:RELEASE=5 {{(pid=68886) stat_writer /opt/stack/data/venv/lib/python3.12/site-packages/dbcounter.py:115}}
Jul 29 14:02:30.587994 np0000031956 devstack@n-api.service[68886]: INFO nova.api.openstack.requestlog [None req-5b29559d-2982-4a98-aa1a-f9f85a3f20a5 admin admin] 192.168.1.110 "GET /compute/v2.1/flavors/detail?is_public=True" status: 200 len: 4262 microversion: 2.61 time: 0.012903
Jul 29 14:02:30.588207 np0000031956 devstack@n-api.service[68886]: [pid: 68886|app: 0|req: 13/25] 192.168.1.110 () {68 vars in 1417 bytes} [Tue Jul 29 14:02:30 2025] GET /compute/v2.1/flavors/detail?is_public=True => generated 4262 bytes in 13 msecs (HTTP/1.1 200) 9 headers in 360 bytes (1 switches on core 0)
Jul 29 14:02:30.688038 np0000031956 devstack@n-api.service[68885]: DEBUG nova.api.openstack.wsgi [None req-1ee41251-be44-4cc5-9b7f-a42c07c96ff9 admin admin] Action: 'create', calling method: <bound method FlavorsController.create of <nova.api.openstack.compute.flavors.FlavorsController object at 0x73e2d7e81520>>, body: {"flavor": {"OS-FLV-EXT-DATA:ephemeral": 0, "rxtx_factor": 1.0, "vcpus": 1, "id": "100", "swap": 0, "name": "manila-service-flavor", "disk": 5, "ram": 1024, "os-flavor-access:is_public": true}} {{(pid=68885) _process_stack /opt/stack/nova/nova/api/openstack/wsgi.py:550}}
Jul 29 14:02:30.691000 np0000031956 devstack@n-api.service[68885]: DEBUG dbcounter [-] [68885] Writing DB stats nova_api:INSERT=10,nova_api:SELECT=21,nova_api:SAVEPOINT=5,nova_api:RELEASE=5 {{(pid=68885) stat_writer /opt/stack/data/venv/lib/python3.12/site-packages/dbcounter.py:115}}
Jul 29 14:02:30.699844 np0000031956 devstack@n-api.service[68885]: INFO nova.api.openstack.requestlog [None req-1ee41251-be44-4cc5-9b7f-a42c07c96ff9 admin admin] 192.168.1.110 "POST /compute/v2.1/flavors" status: 200 len: 429 microversion: 2.61 time: 0.013242
Jul 29 14:02:30.700071 np0000031956 devstack@n-api.service[68885]: [pid: 68885|app: 0|req: 13/26] 192.168.1.110 () {72 vars in 1408 bytes} [Tue Jul 29 14:02:30 2025] POST /compute/v2.1/flavors => generated 429 bytes in 13 msecs (HTTP/1.1 200) 9 headers in 359 bytes (1 switches on core 0)
Jul 29 14:02:58.091439 np0000031956 devstack@n-api.service[68886]: DEBUG nova.api.openstack.wsgi [None req-d1e58c63-9a0c-4e2a-929a-bd2e6c37a5bd admin admin] Calling method '<bound method KeypairController.index of <nova.api.openstack.compute.keypairs.KeypairController object at 0x73e2d7d34560>>' {{(pid=68886) _process_stack /opt/stack/nova/nova/api/openstack/wsgi.py:552}}
Jul 29 14:02:58.093723 np0000031956 devstack@n-api.service[68886]: WARNING oslo_db.sqlalchemy.utils [None req-d1e58c63-9a0c-4e2a-929a-bd2e6c37a5bd admin admin] Unique keys not in sort_keys. The sorting order may be unstable.
Jul 29 14:02:58.101691 np0000031956 devstack@n-api.service[68886]: INFO nova.api.openstack.requestlog [None req-d1e58c63-9a0c-4e2a-929a-bd2e6c37a5bd admin admin] 192.168.1.110 "GET /compute/v2.1/os-keypairs" status: 200 len: 16 microversion: 2.10 time: 0.010758
Jul 29 14:02:58.101691 np0000031956 devstack@n-api.service[68886]: [pid: 68886|app: 0|req: 14/27] 192.168.1.110 () {68 vars in 1379 bytes} [Tue Jul 29 14:02:58 2025] GET /compute/v2.1/os-keypairs => generated 16 bytes in 11 msecs (HTTP/1.1 200) 9 headers in 358 bytes (1 switches on core 0)
Jul 29 14:02:58.194707 np0000031956 devstack@n-api.service[68885]: DEBUG nova.api.openstack.wsgi [None req-3f003666-0dff-43bc-ae66-e014f5b56f74 admin admin] Action: 'create', calling method: <bound method KeypairController.create of <nova.api.openstack.compute.keypairs.KeypairController object at 0x73e2d7d30aa0>>, body: {"keypair": {"name": "manila-service", "public_key": "ecdsa-sha2-nistp256 AAAAE2VjZHNhLXNoYTItbmlzdHAyNTYAAAAIbmlzdHAyNTYAAABBBOujodNtnM02s0kxc7a7rfcJdI9kwk3zVW7iSUpI6lYi9ygBUnynMvZ4KBj2WG0dWXZzc185LMeNXrTshAos6+I= stack@np0000031956\n"}} {{(pid=68885) _process_stack /opt/stack/nova/nova/api/openstack/wsgi.py:550}}
Jul 29 14:02:58.207619 np0000031956 devstack@n-api.service[68885]: DEBUG nova.quota [None req-3f003666-0dff-43bc-ae66-e014f5b56f74 admin admin] Getting quotas for project 80def1f8fe6b42339a8d33cb27bfff4c. Resources: {'key_pairs'} {{(pid=68885) _get_quotas /opt/stack/nova/nova/quota.py:392}}
Jul 29 14:02:58.210078 np0000031956 devstack@n-api.service[68885]: DEBUG nova.quota [None req-3f003666-0dff-43bc-ae66-e014f5b56f74 admin admin] Getting quotas for user efeb467b69a2401ab01d60701bca2214 and project 80def1f8fe6b42339a8d33cb27bfff4c. Resources: {'key_pairs'} {{(pid=68885) _get_quotas /opt/stack/nova/nova/quota.py:382}}
Jul 29 14:02:58.234049 np0000031956 devstack@n-api.service[68885]: INFO nova.api.openstack.requestlog [None req-3f003666-0dff-43bc-ae66-e014f5b56f74 admin admin] 192.168.1.110 "POST /compute/v2.1/os-keypairs" status: 201 len: 366 microversion: 2.10 time: 0.041128
Jul 29 14:02:58.234308 np0000031956 devstack@n-api.service[68885]: [pid: 68885|app: 0|req: 14/28] 192.168.1.110 () {72 vars in 1420 bytes} [Tue Jul 29 14:02:58 2025] POST /compute/v2.1/os-keypairs => generated 366 bytes in 41 msecs (HTTP/1.1 201) 9 headers in 364 bytes (1 switches on core 0)
Jul 29 14:03:04.589025 np0000031956 devstack@n-api.service[68886]: DEBUG nova.api.openstack.wsgi [None req-00c221ef-acec-4efd-a9e6-01413e463d60 admin admin] Calling method '<bound method ServiceController.index of <nova.api.openstack.compute.services.ServiceController object at 0x73e2d7d709e0>>' {{(pid=68886) _process_stack /opt/stack/nova/nova/api/openstack/wsgi.py:552}}
Jul 29 14:03:04.590747 np0000031956 devstack@n-api.service[68886]: DEBUG oslo_concurrency.lockutils [None req-00c221ef-acec-4efd-a9e6-01413e463d60 admin admin] Acquiring lock "00000000-0000-0000-0000-000000000000" by "nova.context.set_target_cell.<locals>.get_or_set_cached_cell_and_set_connections" {{(pid=68886) inner /opt/stack/data/venv/lib/python3.12/site-packages/oslo_concurrency/lockutils.py:405}}
Jul 29 14:03:04.590922 np0000031956 devstack@n-api.service[68886]: DEBUG oslo_concurrency.lockutils [None req-00c221ef-acec-4efd-a9e6-01413e463d60 admin admin] Lock "00000000-0000-0000-0000-000000000000" acquired by "nova.context.set_target_cell.<locals>.get_or_set_cached_cell_and_set_connections" :: waited 0.000s {{(pid=68886) inner /opt/stack/data/venv/lib/python3.12/site-packages/oslo_concurrency/lockutils.py:410}}
Jul 29 14:03:04.591040 np0000031956 devstack@n-api.service[68886]: DEBUG oslo_concurrency.lockutils [None req-00c221ef-acec-4efd-a9e6-01413e463d60 admin admin] Lock "00000000-0000-0000-0000-000000000000" "released" by "nova.context.set_target_cell.<locals>.get_or_set_cached_cell_and_set_connections" :: held 0.000s {{(pid=68886) inner /opt/stack/data/venv/lib/python3.12/site-packages/oslo_concurrency/lockutils.py:424}}
Jul 29 14:03:04.591365 np0000031956 devstack@n-api.service[68886]: DEBUG oslo_concurrency.lockutils [None req-00c221ef-acec-4efd-a9e6-01413e463d60 admin admin] Acquiring lock "55d3c0eb-28c9-4daf-a811-c2891eacedf9" by "nova.context.set_target_cell.<locals>.get_or_set_cached_cell_and_set_connections" {{(pid=68886) inner /opt/stack/data/venv/lib/python3.12/site-packages/oslo_concurrency/lockutils.py:405}}
Jul 29 14:03:04.591486 np0000031956 devstack@n-api.service[68886]: DEBUG oslo_concurrency.lockutils [None req-00c221ef-acec-4efd-a9e6-01413e463d60 admin admin] Lock "55d3c0eb-28c9-4daf-a811-c2891eacedf9" acquired by "nova.context.set_target_cell.<locals>.get_or_set_cached_cell_and_set_connections" :: waited 0.000s {{(pid=68886) inner /opt/stack/data/venv/lib/python3.12/site-packages/oslo_concurrency/lockutils.py:410}}
Jul 29 14:03:04.591592 np0000031956 devstack@n-api.service[68886]: DEBUG oslo_concurrency.lockutils [None req-00c221ef-acec-4efd-a9e6-01413e463d60 admin admin] Lock "55d3c0eb-28c9-4daf-a811-c2891eacedf9" "released" by "nova.context.set_target_cell.<locals>.get_or_set_cached_cell_and_set_connections" :: held 0.000s {{(pid=68886) inner /opt/stack/data/venv/lib/python3.12/site-packages/oslo_concurrency/lockutils.py:424}}
Jul 29 14:03:04.607907 np0000031956 devstack@n-api.service[68886]: INFO nova.api.openstack.requestlog [None req-00c221ef-acec-4efd-a9e6-01413e463d60 admin admin] 192.168.1.110 "GET /compute/v2.1/os-services?binary=nova-compute&host=np0000031956" status: 200 len: 255 microversion: 2.69 time: 0.020298
Jul 29 14:03:04.608130 np0000031956 devstack@n-api.service[68886]: [pid: 68886|app: 0|req: 15/29] 192.168.1.110 () {68 vars in 1454 bytes} [Tue Jul 29 14:03:04 2025] GET /compute/v2.1/os-services?binary=nova-compute&host=np0000031956 => generated 255 bytes in 20 msecs (HTTP/1.1 200) 9 headers in 359 bytes (1 switches on core 0)
