Aug 02 06:52:12.683907 np0000032143 devstack@n-api.service[69007]: DEBUG oslo_concurrency.lockutils [None req-3c39510f-3182-4d04-99f7-c80e9692e5bd None None] Lock "00000000-0000-0000-0000-000000000000" "released" by "nova.context.set_target_cell.<locals>.get_or_set_cached_cell_and_set_connections" :: held 0.000s {{(pid=69007) inner /opt/stack/data/venv/lib/python3.12/site-packages/oslo_concurrency/lockutils.py:424}}
Aug 02 06:52:12.684232 np0000032143 devstack@n-api.service[69007]: DEBUG oslo_concurrency.lockutils [None req-3c39510f-3182-4d04-99f7-c80e9692e5bd None None] Acquiring lock "a9e2ab89-b9f0-4557-9ebc-96d6164473e7" by "nova.context.set_target_cell.<locals>.get_or_set_cached_cell_and_set_connections" {{(pid=69007) inner /opt/stack/data/venv/lib/python3.12/site-packages/oslo_concurrency/lockutils.py:405}}
Aug 02 06:52:12.684358 np0000032143 devstack@n-api.service[69007]: DEBUG oslo_concurrency.lockutils [None req-3c39510f-3182-4d04-99f7-c80e9692e5bd None None] Lock "a9e2ab89-b9f0-4557-9ebc-96d6164473e7" acquired by "nova.context.set_target_cell.<locals>.get_or_set_cached_cell_and_set_connections" :: waited 0.000s {{(pid=69007) inner /opt/stack/data/venv/lib/python3.12/site-packages/oslo_concurrency/lockutils.py:410}}
Aug 02 06:52:12.684997 np0000032143 devstack@n-api.service[69007]: DEBUG oslo_concurrency.lockutils [None req-3c39510f-3182-4d04-99f7-c80e9692e5bd None None] Lock "a9e2ab89-b9f0-4557-9ebc-96d6164473e7" "released" by "nova.context.set_target_cell.<locals>.get_or_set_cached_cell_and_set_connections" :: held 0.001s {{(pid=69007) inner /opt/stack/data/venv/lib/python3.12/site-packages/oslo_concurrency/lockutils.py:424}}
Aug 02 06:52:12.686070 np0000032143 devstack@n-api.service[69007]: INFO dbcounter [None req-3c39510f-3182-4d04-99f7-c80e9692e5bd None None] Registered counter for database nova_cell0
Aug 02 06:52:12.687848 np0000032143 devstack@n-api.service[69007]: INFO dbcounter [None req-3c39510f-3182-4d04-99f7-c80e9692e5bd None None] Registered counter for database nova_cell1
Aug 02 06:52:12.690496 np0000032143 devstack@n-api.service[69007]: DEBUG oslo_db.sqlalchemy.engines [None req-3c39510f-3182-4d04-99f7-c80e9692e5bd None None] MySQL server mode set to STRICT_TRANS_TABLES,STRICT_ALL_TABLES,NO_ZERO_IN_DATE,NO_ZERO_DATE,ERROR_FOR_DIVISION_BY_ZERO,TRADITIONAL,NO_ENGINE_SUBSTITUTION {{(pid=69007) _check_effective_sql_mode /opt/stack/data/venv/lib/python3.12/site-packages/oslo_db/sqlalchemy/engines.py:397}}
Aug 02 06:52:12.691611 np0000032143 devstack@n-api.service[69007]: DEBUG oslo_db.sqlalchemy.engines [None req-3c39510f-3182-4d04-99f7-c80e9692e5bd None None] MySQL server mode set to STRICT_TRANS_TABLES,STRICT_ALL_TABLES,NO_ZERO_IN_DATE,NO_ZERO_DATE,ERROR_FOR_DIVISION_BY_ZERO,TRADITIONAL,NO_ENGINE_SUBSTITUTION {{(pid=69007) _check_effective_sql_mode /opt/stack/data/venv/lib/python3.12/site-packages/oslo_db/sqlalchemy/engines.py:397}}
Aug 02 06:52:12.703140 np0000032143 devstack@n-api.service[69006]: INFO dbcounter [None req-e9fc02d5-42db-4682-a9ac-88c4a56d5a56 None None] Registered counter for database nova_api
Aug 02 06:52:12.712956 np0000032143 devstack@n-api.service[69006]: DEBUG oslo_db.sqlalchemy.engines [None req-e9fc02d5-42db-4682-a9ac-88c4a56d5a56 None None] MySQL server mode set to STRICT_TRANS_TABLES,STRICT_ALL_TABLES,NO_ZERO_IN_DATE,NO_ZERO_DATE,ERROR_FOR_DIVISION_BY_ZERO,TRADITIONAL,NO_ENGINE_SUBSTITUTION {{(pid=69006) _check_effective_sql_mode /opt/stack/data/venv/lib/python3.12/site-packages/oslo_db/sqlalchemy/engines.py:397}}
Aug 02 06:52:12.735934 np0000032143 devstack@n-api.service[69006]: DEBUG dbcounter [-] [69006] Writer thread running {{(pid=69006) stat_writer /opt/stack/data/venv/lib/python3.12/site-packages/dbcounter.py:102}}
Aug 02 06:52:12.737501 np0000032143 devstack@n-api.service[69006]: DEBUG nova.context [None req-e9fc02d5-42db-4682-a9ac-88c4a56d5a56 None None] Found 2 cells: 00000000-0000-0000-0000-000000000000(cell0),a9e2ab89-b9f0-4557-9ebc-96d6164473e7(cell1) {{(pid=69006) load_cells /opt/stack/nova/nova/context.py:472}}
Aug 02 06:52:12.737746 np0000032143 devstack@n-api.service[69006]: INFO nova.utils [None req-e9fc02d5-42db-4682-a9ac-88c4a56d5a56 None None] The cell worker thread pool MainProcess.cell_worker is initialized
Aug 02 06:52:12.739173 np0000032143 devstack@n-api.service[69006]: DEBUG oslo_concurrency.lockutils [None req-e9fc02d5-42db-4682-a9ac-88c4a56d5a56 None None] Acquiring lock "00000000-0000-0000-0000-000000000000" by "nova.context.set_target_cell.<locals>.get_or_set_cached_cell_and_set_connections" {{(pid=69006) inner /opt/stack/data/venv/lib/python3.12/site-packages/oslo_concurrency/lockutils.py:405}}
Aug 02 06:52:12.739384 np0000032143 devstack@n-api.service[69006]: DEBUG oslo_concurrency.lockutils [None req-e9fc02d5-42db-4682-a9ac-88c4a56d5a56 None None] Lock "00000000-0000-0000-0000-000000000000" acquired by "nova.context.set_target_cell.<locals>.get_or_set_cached_cell_and_set_connections" :: waited 0.000s {{(pid=69006) inner /opt/stack/data/venv/lib/python3.12/site-packages/oslo_concurrency/lockutils.py:410}}
Aug 02 06:52:12.739745 np0000032143 devstack@n-api.service[69006]: DEBUG oslo_concurrency.lockutils [None req-e9fc02d5-42db-4682-a9ac-88c4a56d5a56 None None] Lock "00000000-0000-0000-0000-000000000000" "released" by "nova.context.set_target_cell.<locals>.get_or_set_cached_cell_and_set_connections" :: held 0.000s {{(pid=69006) inner /opt/stack/data/venv/lib/python3.12/site-packages/oslo_concurrency/lockutils.py:424}}
Aug 02 06:52:12.740113 np0000032143 devstack@n-api.service[69006]: DEBUG oslo_concurrency.lockutils [None req-e9fc02d5-42db-4682-a9ac-88c4a56d5a56 None None] Acquiring lock "a9e2ab89-b9f0-4557-9ebc-96d6164473e7" by "nova.context.set_target_cell.<locals>.get_or_set_cached_cell_and_set_connections" {{(pid=69006) inner /opt/stack/data/venv/lib/python3.12/site-packages/oslo_concurrency/lockutils.py:405}}
Aug 02 06:52:12.740271 np0000032143 devstack@n-api.service[69006]: DEBUG oslo_concurrency.lockutils [None req-e9fc02d5-42db-4682-a9ac-88c4a56d5a56 None None] Lock "a9e2ab89-b9f0-4557-9ebc-96d6164473e7" acquired by "nova.context.set_target_cell.<locals>.get_or_set_cached_cell_and_set_connections" :: waited 0.000s {{(pid=69006) inner /opt/stack/data/venv/lib/python3.12/site-packages/oslo_concurrency/lockutils.py:410}}
Aug 02 06:52:12.741010 np0000032143 devstack@n-api.service[69006]: DEBUG oslo_concurrency.lockutils [None req-e9fc02d5-42db-4682-a9ac-88c4a56d5a56 None None] Lock "a9e2ab89-b9f0-4557-9ebc-96d6164473e7" "released" by "nova.context.set_target_cell.<locals>.get_or_set_cached_cell_and_set_connections" :: held 0.001s {{(pid=69006) inner /opt/stack/data/venv/lib/python3.12/site-packages/oslo_concurrency/lockutils.py:424}}
Aug 02 06:52:12.742160 np0000032143 devstack@n-api.service[69006]: INFO dbcounter [None req-e9fc02d5-42db-4682-a9ac-88c4a56d5a56 None None] Registered counter for database nova_cell0
Aug 02 06:52:12.744016 np0000032143 devstack@n-api.service[69006]: INFO dbcounter [None req-e9fc02d5-42db-4682-a9ac-88c4a56d5a56 None None] Registered counter for database nova_cell1
Aug 02 06:52:12.747918 np0000032143 devstack@n-api.service[69006]: DEBUG oslo_db.sqlalchemy.engines [None req-e9fc02d5-42db-4682-a9ac-88c4a56d5a56 None None] MySQL server mode set to STRICT_TRANS_TABLES,STRICT_ALL_TABLES,NO_ZERO_IN_DATE,NO_ZERO_DATE,ERROR_FOR_DIVISION_BY_ZERO,TRADITIONAL,NO_ENGINE_SUBSTITUTION {{(pid=69006) _check_effective_sql_mode /opt/stack/data/venv/lib/python3.12/site-packages/oslo_db/sqlalchemy/engines.py:397}}
Aug 02 06:52:12.749699 np0000032143 devstack@n-api.service[69007]: DEBUG dbcounter [-] [69007] Writer thread running {{(pid=69007) stat_writer /opt/stack/data/venv/lib/python3.12/site-packages/dbcounter.py:102}}
Aug 02 06:52:12.752944 np0000032143 devstack@n-api.service[69007]: DEBUG dbcounter [-] [69007] Writer thread running {{(pid=69007) stat_writer /opt/stack/data/venv/lib/python3.12/site-packages/dbcounter.py:102}}
Aug 02 06:52:12.754930 np0000032143 devstack@n-api.service[69007]: INFO dbcounter [None req-3c39510f-3182-4d04-99f7-c80e9692e5bd None None] Registered counter for database nova_cell0
Aug 02 06:52:12.759571 np0000032143 devstack@n-api.service[69007]: DEBUG oslo_db.sqlalchemy.engines [None req-3c39510f-3182-4d04-99f7-c80e9692e5bd None None] MySQL server mode set to STRICT_TRANS_TABLES,STRICT_ALL_TABLES,NO_ZERO_IN_DATE,NO_ZERO_DATE,ERROR_FOR_DIVISION_BY_ZERO,TRADITIONAL,NO_ENGINE_SUBSTITUTION {{(pid=69007) _check_effective_sql_mode /opt/stack/data/venv/lib/python3.12/site-packages/oslo_db/sqlalchemy/engines.py:397}}
Aug 02 06:52:12.762991 np0000032143 devstack@n-api.service[69007]: DEBUG dbcounter [-] [69007] Writer thread running {{(pid=69007) stat_writer /opt/stack/data/venv/lib/python3.12/site-packages/dbcounter.py:102}}
Aug 02 06:52:12.809236 np0000032143 devstack@n-api.service[69006]: DEBUG oslo_db.sqlalchemy.engines [None req-e9fc02d5-42db-4682-a9ac-88c4a56d5a56 None None] MySQL server mode set to STRICT_TRANS_TABLES,STRICT_ALL_TABLES,NO_ZERO_IN_DATE,NO_ZERO_DATE,ERROR_FOR_DIVISION_BY_ZERO,TRADITIONAL,NO_ENGINE_SUBSTITUTION {{(pid=69006) _check_effective_sql_mode /opt/stack/data/venv/lib/python3.12/site-packages/oslo_db/sqlalchemy/engines.py:397}}
Aug 02 06:52:12.809551 np0000032143 devstack@n-api.service[69006]: DEBUG dbcounter [-] [69006] Writer thread running {{(pid=69006) stat_writer /opt/stack/data/venv/lib/python3.12/site-packages/dbcounter.py:102}}
Aug 02 06:52:12.813014 np0000032143 devstack@n-api.service[69006]: DEBUG dbcounter [-] [69006] Writer thread running {{(pid=69006) stat_writer /opt/stack/data/venv/lib/python3.12/site-packages/dbcounter.py:102}}
Aug 02 06:52:12.814823 np0000032143 devstack@n-api.service[69006]: INFO dbcounter [None req-e9fc02d5-42db-4682-a9ac-88c4a56d5a56 None None] Registered counter for database nova_cell0
Aug 02 06:52:12.819646 np0000032143 devstack@n-api.service[69006]: DEBUG oslo_db.sqlalchemy.engines [None req-e9fc02d5-42db-4682-a9ac-88c4a56d5a56 None None] MySQL server mode set to STRICT_TRANS_TABLES,STRICT_ALL_TABLES,NO_ZERO_IN_DATE,NO_ZERO_DATE,ERROR_FOR_DIVISION_BY_ZERO,TRADITIONAL,NO_ENGINE_SUBSTITUTION {{(pid=69006) _check_effective_sql_mode /opt/stack/data/venv/lib/python3.12/site-packages/oslo_db/sqlalchemy/engines.py:397}}
Aug 02 06:52:12.823227 np0000032143 devstack@n-api.service[69006]: DEBUG dbcounter [-] [69006] Writer thread running {{(pid=69006) stat_writer /opt/stack/data/venv/lib/python3.12/site-packages/dbcounter.py:102}}
Aug 02 06:52:13.080732 np0000032143 devstack@n-api.service[69007]: DEBUG oslo_concurrency.processutils [None req-3c39510f-3182-4d04-99f7-c80e9692e5bd None None] Running cmd (subprocess): grep -F node.session.scan /sbin/iscsiadm {{(pid=69007) execute /opt/stack/data/venv/lib/python3.12/site-packages/oslo_concurrency/processutils.py:349}}
Aug 02 06:52:13.088039 np0000032143 devstack@n-api.service[69007]: DEBUG oslo_concurrency.processutils [None req-3c39510f-3182-4d04-99f7-c80e9692e5bd None None] CMD "grep -F node.session.scan /sbin/iscsiadm" returned: 0 in 0.007s {{(pid=69007) execute /opt/stack/data/venv/lib/python3.12/site-packages/oslo_concurrency/processutils.py:372}}
Aug 02 06:52:13.116921 np0000032143 devstack@n-api.service[69006]: DEBUG oslo_concurrency.processutils [None req-e9fc02d5-42db-4682-a9ac-88c4a56d5a56 None None] Running cmd (subprocess): grep -F node.session.scan /sbin/iscsiadm {{(pid=69006) execute /opt/stack/data/venv/lib/python3.12/site-packages/oslo_concurrency/processutils.py:349}}
Aug 02 06:52:13.123843 np0000032143 devstack@n-api.service[69006]: DEBUG oslo_concurrency.processutils [None req-e9fc02d5-42db-4682-a9ac-88c4a56d5a56 None None] CMD "grep -F node.session.scan /sbin/iscsiadm" returned: 0 in 0.007s {{(pid=69006) execute /opt/stack/data/venv/lib/python3.12/site-packages/oslo_concurrency/processutils.py:372}}
Aug 02 06:52:13.374400 np0000032143 devstack@n-api.service[69007]: WARNING keystonemiddleware.auth_token [None req-3c39510f-3182-4d04-99f7-c80e9692e5bd None None] AuthToken middleware is set with keystone_authtoken.service_token_roles_required set to False. This is backwards compatible but deprecated behaviour. Please set this to True.
Aug 02 06:52:13.375565 np0000032143 devstack@n-api.service[69006]: WARNING keystonemiddleware.auth_token [None req-e9fc02d5-42db-4682-a9ac-88c4a56d5a56 None None] AuthToken middleware is set with keystone_authtoken.service_token_roles_required set to False. This is backwards compatible but deprecated behaviour. Please set this to True.
Aug 02 06:52:13.377638 np0000032143 devstack@n-api.service[69007]: WARNING keystonemiddleware.auth_token [None req-3c39510f-3182-4d04-99f7-c80e9692e5bd None None] Configuring www_authenticate_uri to point to the public identity endpoint is required; clients may not be able to authenticate against an admin endpoint
Aug 02 06:52:13.378954 np0000032143 devstack@n-api.service[69006]: WARNING keystonemiddleware.auth_token [None req-e9fc02d5-42db-4682-a9ac-88c4a56d5a56 None None] Configuring www_authenticate_uri to point to the public identity endpoint is required; clients may not be able to authenticate against an admin endpoint
Aug 02 06:52:13.528927 np0000032143 devstack@n-api.service[69007]: WARNING keystonemiddleware.auth_token [None req-3c39510f-3182-4d04-99f7-c80e9692e5bd None None] AuthToken middleware is set with keystone_authtoken.service_token_roles_required set to False. This is backwards compatible but deprecated behaviour. Please set this to True.
Aug 02 06:52:13.530303 np0000032143 devstack@n-api.service[69006]: WARNING keystonemiddleware.auth_token [None req-e9fc02d5-42db-4682-a9ac-88c4a56d5a56 None None] AuthToken middleware is set with keystone_authtoken.service_token_roles_required set to False. This is backwards compatible but deprecated behaviour. Please set this to True.
Aug 02 06:52:13.531370 np0000032143 devstack@n-api.service[69007]: WARNING keystonemiddleware.auth_token [None req-3c39510f-3182-4d04-99f7-c80e9692e5bd None None] Configuring www_authenticate_uri to point to the public identity endpoint is required; clients may not be able to authenticate against an admin endpoint
Aug 02 06:52:13.532845 np0000032143 devstack@n-api.service[69006]: WARNING keystonemiddleware.auth_token [None req-e9fc02d5-42db-4682-a9ac-88c4a56d5a56 None None] Configuring www_authenticate_uri to point to the public identity endpoint is required; clients may not be able to authenticate against an admin endpoint
Aug 02 06:52:13.533215 np0000032143 devstack@n-api.service[69007]: WSGI app 0 (mountpoint='') ready in 2 seconds on interpreter 0x7ba8166a39e8 pid: 69007 (default app)
Aug 02 06:52:13.534125 np0000032143 devstack@n-api.service[69007]: DEBUG nova.api.openstack.wsgi [None req-3c39510f-3182-4d04-99f7-c80e9692e5bd None None] Calling method '<bound method VersionsV2.index of <nova.api.openstack.compute.versions.VersionsV2 object at 0x7ba80ffdc950>>' {{(pid=69007) _process_stack /opt/stack/nova/nova/api/openstack/wsgi.py:552}}
Aug 02 06:52:13.534790 np0000032143 devstack@n-api.service[69006]: WSGI app 0 (mountpoint='') ready in 2 seconds on interpreter 0x7ba8166a39e8 pid: 69006 (default app)
Aug 02 06:52:13.536620 np0000032143 devstack@n-api.service[69007]: INFO nova.api.openstack.requestlog [None req-3c39510f-3182-4d04-99f7-c80e9692e5bd None None] 192.168.1.144 "GET /compute/v2.1/" status: 200 len: 391 microversion: 2.1 time: 0.002733
Aug 02 06:52:13.536810 np0000032143 devstack@n-api.service[69007]: [pid: 69007|app: 0|req: 1/1] 192.168.1.144 () {50 vars in 771 bytes} [Sat Aug  2 06:52:13 2025] GET /compute/v2.1/ => generated 391 bytes in 3 msecs (HTTP/1.1 200) 9 headers in 357 bytes (1 switches on core 0)
Aug 02 06:52:46.769727 np0000032143 devstack@n-api.service[69006]: DEBUG nova.api.openstack.wsgi [None req-e9fc02d5-42db-4682-a9ac-88c4a56d5a56 None None] Calling method '<bound method VersionsV2.index of <nova.api.openstack.compute.versions.VersionsV2 object at 0x7ba80fdd43b0>>' {{(pid=69006) _process_stack /opt/stack/nova/nova/api/openstack/wsgi.py:552}}
Aug 02 06:52:46.772404 np0000032143 devstack@n-api.service[69006]: INFO nova.api.openstack.requestlog [None req-e9fc02d5-42db-4682-a9ac-88c4a56d5a56 None None] 192.168.1.144 "GET /compute/v2.1" status: 200 len: 392 microversion: 2.1 time: 0.002984
Aug 02 06:52:46.772659 np0000032143 devstack@n-api.service[69006]: [pid: 69006|app: 0|req: 1/2] 192.168.1.144 () {62 vars in 1056 bytes} [Sat Aug  2 06:52:46 2025] GET /compute/v2.1 => generated 392 bytes in 3 msecs (HTTP/1.1 200) 9 headers in 357 bytes (1 switches on core 0)
Aug 02 06:52:46.780631 np0000032143 devstack@n-api.service[69007]: DEBUG dbcounter [-] [69007] Writing DB stats nova_api:SELECT=1 {{(pid=69007) stat_writer /opt/stack/data/venv/lib/python3.12/site-packages/dbcounter.py:115}}
Aug 02 06:52:46.781126 np0000032143 devstack@n-api.service[69007]: DEBUG dbcounter [-] [69007] Writing DB stats nova_cell0:SELECT=1 {{(pid=69007) stat_writer /opt/stack/data/venv/lib/python3.12/site-packages/dbcounter.py:115}}
Aug 02 06:52:46.781450 np0000032143 devstack@n-api.service[69007]: DEBUG dbcounter [-] [69007] Writing DB stats nova_cell1:SELECT=1 {{(pid=69007) stat_writer /opt/stack/data/venv/lib/python3.12/site-packages/dbcounter.py:115}}
Aug 02 06:52:46.781800 np0000032143 devstack@n-api.service[69007]: DEBUG dbcounter [-] [69007] Writing DB stats nova_cell0:SELECT=2,nova_cell0:INSERT=1 {{(pid=69007) stat_writer /opt/stack/data/venv/lib/python3.12/site-packages/dbcounter.py:115}}
Aug 02 06:52:46.886851 np0000032143 devstack@n-api.service[69007]: DEBUG nova.api.openstack.wsgi [None req-03a28dce-9916-43c2-b159-60806c903c0d admin admin] Calling method '<bound method FlavorsController.detail of <nova.api.openstack.compute.flavors.FlavorsController object at 0x7ba80f796630>>' {{(pid=69007) _process_stack /opt/stack/nova/nova/api/openstack/wsgi.py:552}}
Aug 02 06:52:46.901956 np0000032143 devstack@n-api.service[69007]: INFO nova.api.openstack.requestlog [None req-03a28dce-9916-43c2-b159-60806c903c0d admin admin] 192.168.1.144 "GET /compute/v2.1/flavors/detail?is_public=True" status: 200 len: 15 microversion: 2.61 time: 0.124213
Aug 02 06:52:46.902287 np0000032143 devstack@n-api.service[69007]: [pid: 69007|app: 0|req: 2/3] 192.168.1.144 () {68 vars in 1417 bytes} [Sat Aug  2 06:52:46 2025] GET /compute/v2.1/flavors/detail?is_public=True => generated 15 bytes in 124 msecs (HTTP/1.1 200) 9 headers in 358 bytes (1 switches on core 0)
Aug 02 06:52:46.979191 np0000032143 devstack@n-api.service[69006]: DEBUG dbcounter [-] [69006] Writing DB stats nova_api:SELECT=1 {{(pid=69006) stat_writer /opt/stack/data/venv/lib/python3.12/site-packages/dbcounter.py:115}}
Aug 02 06:52:46.979317 np0000032143 devstack@n-api.service[69006]: DEBUG dbcounter [-] [69006] Writing DB stats nova_cell0:SELECT=1 {{(pid=69006) stat_writer /opt/stack/data/venv/lib/python3.12/site-packages/dbcounter.py:115}}
Aug 02 06:52:46.979623 np0000032143 devstack@n-api.service[69006]: DEBUG dbcounter [-] [69006] Writing DB stats nova_cell1:SELECT=1 {{(pid=69006) stat_writer /opt/stack/data/venv/lib/python3.12/site-packages/dbcounter.py:115}}
Aug 02 06:52:46.979922 np0000032143 devstack@n-api.service[69006]: DEBUG dbcounter [-] [69006] Writing DB stats nova_cell0:SELECT=1 {{(pid=69006) stat_writer /opt/stack/data/venv/lib/python3.12/site-packages/dbcounter.py:115}}
Aug 02 06:52:47.034603 np0000032143 devstack@n-api.service[69006]: DEBUG nova.api.openstack.wsgi [None req-41f19a02-ad0b-4270-9a7a-f7ab55b9456d admin admin] Action: 'create', calling method: <bound method FlavorsController.create of <nova.api.openstack.compute.flavors.FlavorsController object at 0x7ba80f78cb90>>, body: {"flavor": {"os-flavor-access:is_public": true, "disk": 1, "rxtx_factor": 1.0, "id": "c1", "name": "cirros256", "vcpus": 1, "OS-FLV-EXT-DATA:ephemeral": 0, "ram": 256, "swap": 0}} {{(pid=69006) _process_stack /opt/stack/nova/nova/api/openstack/wsgi.py:550}}
Aug 02 06:52:47.061432 np0000032143 devstack@n-api.service[69006]: INFO nova.api.openstack.requestlog [None req-41f19a02-ad0b-4270-9a7a-f7ab55b9456d admin admin] 192.168.1.144 "POST /compute/v2.1/flavors" status: 200 len: 413 microversion: 2.61 time: 0.085545
Aug 02 06:52:47.061755 np0000032143 devstack@n-api.service[69006]: [pid: 69006|app: 0|req: 2/4] 192.168.1.144 () {72 vars in 1408 bytes} [Sat Aug  2 06:52:46 2025] POST /compute/v2.1/flavors => generated 413 bytes in 86 msecs (HTTP/1.1 200) 9 headers in 359 bytes (1 switches on core 0)
Aug 02 06:52:47.070514 np0000032143 devstack@n-api.service[69007]: DEBUG nova.api.openstack.wsgi [None req-c9789c3c-1a58-4e92-96eb-a7bc3b90e59b admin admin] Action: 'create', calling method: <bound method FlavorExtraSpecsController.create of <nova.api.openstack.compute.flavors_extraspecs.FlavorExtraSpecsController object at 0x7ba80f796d80>>, body: {"extra_specs": {"hw_rng:allowed": "True"}} {{(pid=69007) _process_stack /opt/stack/nova/nova/api/openstack/wsgi.py:550}}
Aug 02 06:52:47.091280 np0000032143 devstack@n-api.service[69007]: INFO nova.api.openstack.requestlog [None req-c9789c3c-1a58-4e92-96eb-a7bc3b90e59b admin admin] 192.168.1.144 "POST /compute/v2.1/flavors/c1/os-extra_specs" status: 200 len: 43 microversion: 2.61 time: 0.022778
Aug 02 06:52:47.091516 np0000032143 devstack@n-api.service[69007]: [pid: 69007|app: 0|req: 3/5] 192.168.1.144 () {72 vars in 1461 bytes} [Sat Aug  2 06:52:47 2025] POST /compute/v2.1/flavors/c1/os-extra_specs => generated 43 bytes in 23 msecs (HTTP/1.1 200) 9 headers in 358 bytes (1 switches on core 0)
Aug 02 06:52:47.170316 np0000032143 devstack@n-api.service[69006]: DEBUG nova.api.openstack.wsgi [None req-7d50ce99-76c5-4396-a849-eeebbfcd59d7 admin admin] Action: 'create', calling method: <bound method FlavorsController.create of <nova.api.openstack.compute.flavors.FlavorsController object at 0x7ba80f78cb90>>, body: {"flavor": {"os-flavor-access:is_public": true, "disk": 5, "rxtx_factor": 1.0, "id": "d1", "name": "ds512M", "vcpus": 1, "OS-FLV-EXT-DATA:ephemeral": 0, "ram": 512, "swap": 0}} {{(pid=69006) _process_stack /opt/stack/nova/nova/api/openstack/wsgi.py:550}}
Aug 02 06:52:47.182097 np0000032143 devstack@n-api.service[69006]: INFO nova.api.openstack.requestlog [None req-7d50ce99-76c5-4396-a849-eeebbfcd59d7 admin admin] 192.168.1.144 "POST /compute/v2.1/flavors" status: 200 len: 410 microversion: 2.61 time: 0.013462
Aug 02 06:52:47.182211 np0000032143 devstack@n-api.service[69006]: [pid: 69006|app: 0|req: 3/6] 192.168.1.144 () {72 vars in 1408 bytes} [Sat Aug  2 06:52:47 2025] POST /compute/v2.1/flavors => generated 410 bytes in 14 msecs (HTTP/1.1 200) 9 headers in 359 bytes (1 switches on core 0)
Aug 02 06:52:47.189824 np0000032143 devstack@n-api.service[69007]: DEBUG nova.api.openstack.wsgi [None req-9684d67e-7029-49b9-92e9-ca9ad342e00e admin admin] Action: 'create', calling method: <bound method FlavorExtraSpecsController.create of <nova.api.openstack.compute.flavors_extraspecs.FlavorExtraSpecsController object at 0x7ba80f796d80>>, body: {"extra_specs": {"hw_rng:allowed": "True"}} {{(pid=69007) _process_stack /opt/stack/nova/nova/api/openstack/wsgi.py:550}}
Aug 02 06:52:47.203281 np0000032143 devstack@n-api.service[69007]: INFO nova.api.openstack.requestlog [None req-9684d67e-7029-49b9-92e9-ca9ad342e00e admin admin] 192.168.1.144 "POST /compute/v2.1/flavors/d1/os-extra_specs" status: 200 len: 43 microversion: 2.61 time: 0.014942
Aug 02 06:52:47.203713 np0000032143 devstack@n-api.service[69007]: [pid: 69007|app: 0|req: 4/7] 192.168.1.144 () {72 vars in 1461 bytes} [Sat Aug  2 06:52:47 2025] POST /compute/v2.1/flavors/d1/os-extra_specs => generated 43 bytes in 15 msecs (HTTP/1.1 200) 9 headers in 358 bytes (1 switches on core 0)
Aug 02 06:52:47.282198 np0000032143 devstack@n-api.service[69006]: DEBUG nova.api.openstack.wsgi [None req-515422b2-d0bb-406d-aca6-8316a57fc51d admin admin] Action: 'create', calling method: <bound method FlavorsController.create of <nova.api.openstack.compute.flavors.FlavorsController object at 0x7ba80f78cb90>>, body: {"flavor": {"os-flavor-access:is_public": true, "disk": 10, "rxtx_factor": 1.0, "id": "d2", "name": "ds1G", "vcpus": 1, "OS-FLV-EXT-DATA:ephemeral": 0, "ram": 1024, "swap": 0}} {{(pid=69006) _process_stack /opt/stack/nova/nova/api/openstack/wsgi.py:550}}
Aug 02 06:52:47.293440 np0000032143 devstack@n-api.service[69006]: INFO nova.api.openstack.requestlog [None req-515422b2-d0bb-406d-aca6-8316a57fc51d admin admin] 192.168.1.144 "POST /compute/v2.1/flavors" status: 200 len: 410 microversion: 2.61 time: 0.012717
Aug 02 06:52:47.293668 np0000032143 devstack@n-api.service[69006]: [pid: 69006|app: 0|req: 4/8] 192.168.1.144 () {72 vars in 1408 bytes} [Sat Aug  2 06:52:47 2025] POST /compute/v2.1/flavors => generated 410 bytes in 13 msecs (HTTP/1.1 200) 9 headers in 359 bytes (1 switches on core 0)
Aug 02 06:52:47.301420 np0000032143 devstack@n-api.service[69007]: DEBUG nova.api.openstack.wsgi [None req-0bf4874e-1645-467f-8a6e-1e66c44dfed4 admin admin] Action: 'create', calling method: <bound method FlavorExtraSpecsController.create of <nova.api.openstack.compute.flavors_extraspecs.FlavorExtraSpecsController object at 0x7ba80f796d80>>, body: {"extra_specs": {"hw_rng:allowed": "True"}} {{(pid=69007) _process_stack /opt/stack/nova/nova/api/openstack/wsgi.py:550}}
Aug 02 06:52:47.312675 np0000032143 devstack@n-api.service[69007]: INFO nova.api.openstack.requestlog [None req-0bf4874e-1645-467f-8a6e-1e66c44dfed4 admin admin] 192.168.1.144 "POST /compute/v2.1/flavors/d2/os-extra_specs" status: 200 len: 43 microversion: 2.61 time: 0.012831
Aug 02 06:52:47.312912 np0000032143 devstack@n-api.service[69007]: [pid: 69007|app: 0|req: 5/9] 192.168.1.144 () {72 vars in 1461 bytes} [Sat Aug  2 06:52:47 2025] POST /compute/v2.1/flavors/d2/os-extra_specs => generated 43 bytes in 13 msecs (HTTP/1.1 200) 9 headers in 358 bytes (1 switches on core 0)
Aug 02 06:52:47.386696 np0000032143 devstack@n-api.service[69006]: DEBUG nova.api.openstack.wsgi [None req-1537e0bd-a66b-4c6d-94da-02e68be4bfe1 admin admin] Action: 'create', calling method: <bound method FlavorsController.create of <nova.api.openstack.compute.flavors.FlavorsController object at 0x7ba80f78cb90>>, body: {"flavor": {"os-flavor-access:is_public": true, "disk": 10, "rxtx_factor": 1.0, "id": "d3", "name": "ds2G", "vcpus": 2, "OS-FLV-EXT-DATA:ephemeral": 0, "ram": 2048, "swap": 0}} {{(pid=69006) _process_stack /opt/stack/nova/nova/api/openstack/wsgi.py:550}}
Aug 02 06:52:47.396588 np0000032143 devstack@n-api.service[69006]: INFO nova.api.openstack.requestlog [None req-1537e0bd-a66b-4c6d-94da-02e68be4bfe1 admin admin] 192.168.1.144 "POST /compute/v2.1/flavors" status: 200 len: 410 microversion: 2.61 time: 0.011315
Aug 02 06:52:47.396883 np0000032143 devstack@n-api.service[69006]: [pid: 69006|app: 0|req: 5/10] 192.168.1.144 () {72 vars in 1408 bytes} [Sat Aug  2 06:52:47 2025] POST /compute/v2.1/flavors => generated 410 bytes in 12 msecs (HTTP/1.1 200) 9 headers in 359 bytes (1 switches on core 0)
Aug 02 06:52:47.403838 np0000032143 devstack@n-api.service[69007]: DEBUG nova.api.openstack.wsgi [None req-28c65de1-2d7c-408a-a052-41fd515221d0 admin admin] Action: 'create', calling method: <bound method FlavorExtraSpecsController.create of <nova.api.openstack.compute.flavors_extraspecs.FlavorExtraSpecsController object at 0x7ba80f796d80>>, body: {"extra_specs": {"hw_rng:allowed": "True"}} {{(pid=69007) _process_stack /opt/stack/nova/nova/api/openstack/wsgi.py:550}}
Aug 02 06:52:47.415129 np0000032143 devstack@n-api.service[69007]: INFO nova.api.openstack.requestlog [None req-28c65de1-2d7c-408a-a052-41fd515221d0 admin admin] 192.168.1.144 "POST /compute/v2.1/flavors/d3/os-extra_specs" status: 200 len: 43 microversion: 2.61 time: 0.012751
Aug 02 06:52:47.415364 np0000032143 devstack@n-api.service[69007]: [pid: 69007|app: 0|req: 6/11] 192.168.1.144 () {72 vars in 1461 bytes} [Sat Aug  2 06:52:47 2025] POST /compute/v2.1/flavors/d3/os-extra_specs => generated 43 bytes in 13 msecs (HTTP/1.1 200) 9 headers in 358 bytes (1 switches on core 0)
Aug 02 06:52:47.494233 np0000032143 devstack@n-api.service[69006]: DEBUG nova.api.openstack.wsgi [None req-0d651e1f-86be-4a7e-bfb0-d32910e82dcf admin admin] Action: 'create', calling method: <bound method FlavorsController.create of <nova.api.openstack.compute.flavors.FlavorsController object at 0x7ba80f78cb90>>, body: {"flavor": {"os-flavor-access:is_public": true, "disk": 20, "rxtx_factor": 1.0, "id": "d4", "name": "ds4G", "vcpus": 4, "OS-FLV-EXT-DATA:ephemeral": 0, "ram": 4096, "swap": 0}} {{(pid=69006) _process_stack /opt/stack/nova/nova/api/openstack/wsgi.py:550}}
Aug 02 06:52:47.503925 np0000032143 devstack@n-api.service[69006]: INFO nova.api.openstack.requestlog [None req-0d651e1f-86be-4a7e-bfb0-d32910e82dcf admin admin] 192.168.1.144 "POST /compute/v2.1/flavors" status: 200 len: 410 microversion: 2.61 time: 0.011240
Aug 02 06:52:47.504126 np0000032143 devstack@n-api.service[69006]: [pid: 69006|app: 0|req: 6/12] 192.168.1.144 () {72 vars in 1408 bytes} [Sat Aug  2 06:52:47 2025] POST /compute/v2.1/flavors => generated 410 bytes in 11 msecs (HTTP/1.1 200) 9 headers in 359 bytes (1 switches on core 0)
Aug 02 06:52:47.511354 np0000032143 devstack@n-api.service[69007]: DEBUG nova.api.openstack.wsgi [None req-2bf32a57-261b-4702-9b76-a1bde452b5c8 admin admin] Action: 'create', calling method: <bound method FlavorExtraSpecsController.create of <nova.api.openstack.compute.flavors_extraspecs.FlavorExtraSpecsController object at 0x7ba80f796d80>>, body: {"extra_specs": {"hw_rng:allowed": "True"}} {{(pid=69007) _process_stack /opt/stack/nova/nova/api/openstack/wsgi.py:550}}
Aug 02 06:52:47.522329 np0000032143 devstack@n-api.service[69007]: INFO nova.api.openstack.requestlog [None req-2bf32a57-261b-4702-9b76-a1bde452b5c8 admin admin] 192.168.1.144 "POST /compute/v2.1/flavors/d4/os-extra_specs" status: 200 len: 43 microversion: 2.61 time: 0.012448
Aug 02 06:52:47.522550 np0000032143 devstack@n-api.service[69007]: [pid: 69007|app: 0|req: 7/13] 192.168.1.144 () {72 vars in 1461 bytes} [Sat Aug  2 06:52:47 2025] POST /compute/v2.1/flavors/d4/os-extra_specs => generated 43 bytes in 13 msecs (HTTP/1.1 200) 9 headers in 358 bytes (1 switches on core 0)
Aug 02 06:52:47.596312 np0000032143 devstack@n-api.service[69006]: DEBUG nova.api.openstack.wsgi [None req-6a5fd398-5f40-49d5-b0b5-35cc49ca521e admin admin] Calling method '<bound method FlavorsController.detail of <nova.api.openstack.compute.flavors.FlavorsController object at 0x7ba80f78cce0>>' {{(pid=69006) _process_stack /opt/stack/nova/nova/api/openstack/wsgi.py:552}}
Aug 02 06:52:47.611561 np0000032143 devstack@n-api.service[69006]: INFO nova.api.openstack.requestlog [None req-6a5fd398-5f40-49d5-b0b5-35cc49ca521e admin admin] 192.168.1.144 "GET /compute/v2.1/flavors/detail?is_public=True" status: 200 len: 2136 microversion: 2.61 time: 0.015465
Aug 02 06:52:47.611561 np0000032143 devstack@n-api.service[69006]: [pid: 69006|app: 0|req: 7/14] 192.168.1.144 () {68 vars in 1417 bytes} [Sat Aug  2 06:52:47 2025] GET /compute/v2.1/flavors/detail?is_public=True => generated 2136 bytes in 16 msecs (HTTP/1.1 200) 9 headers in 360 bytes (1 switches on core 0)
Aug 02 06:52:47.699010 np0000032143 devstack@n-api.service[69007]: DEBUG nova.api.openstack.wsgi [None req-7a7874c3-4606-456a-8379-635984467de3 admin admin] Action: 'create', calling method: <bound method FlavorsController.create of <nova.api.openstack.compute.flavors.FlavorsController object at 0x7ba80f7964e0>>, body: {"flavor": {"os-flavor-access:is_public": true, "disk": 1, "rxtx_factor": 1.0, "id": "1", "name": "m1.tiny", "vcpus": 1, "OS-FLV-EXT-DATA:ephemeral": 0, "ram": 512, "swap": 0}} {{(pid=69007) _process_stack /opt/stack/nova/nova/api/openstack/wsgi.py:550}}
Aug 02 06:52:47.729338 np0000032143 devstack@n-api.service[69007]: INFO nova.api.openstack.requestlog [None req-7a7874c3-4606-456a-8379-635984467de3 admin admin] 192.168.1.144 "POST /compute/v2.1/flavors" status: 200 len: 408 microversion: 2.61 time: 0.031982
Aug 02 06:52:47.729731 np0000032143 devstack@n-api.service[69007]: [pid: 69007|app: 0|req: 8/15] 192.168.1.144 () {72 vars in 1408 bytes} [Sat Aug  2 06:52:47 2025] POST /compute/v2.1/flavors => generated 408 bytes in 32 msecs (HTTP/1.1 200) 9 headers in 359 bytes (1 switches on core 0)
Aug 02 06:52:47.739252 np0000032143 devstack@n-api.service[69006]: DEBUG nova.api.openstack.wsgi [None req-b4f69ad4-7908-49d8-8d19-d84c5499f3be admin admin] Action: 'create', calling method: <bound method FlavorExtraSpecsController.create of <nova.api.openstack.compute.flavors_extraspecs.FlavorExtraSpecsController object at 0x7ba80f78d430>>, body: {"extra_specs": {"hw_rng:allowed": "True"}} {{(pid=69006) _process_stack /opt/stack/nova/nova/api/openstack/wsgi.py:550}}
Aug 02 06:52:47.760547 np0000032143 devstack@n-api.service[69006]: INFO nova.api.openstack.requestlog [None req-b4f69ad4-7908-49d8-8d19-d84c5499f3be admin admin] 192.168.1.144 "POST /compute/v2.1/flavors/1/os-extra_specs" status: 200 len: 43 microversion: 2.61 time: 0.022758
Aug 02 06:52:47.760810 np0000032143 devstack@n-api.service[69006]: [pid: 69006|app: 0|req: 8/16] 192.168.1.144 () {72 vars in 1458 bytes} [Sat Aug  2 06:52:47 2025] POST /compute/v2.1/flavors/1/os-extra_specs => generated 43 bytes in 23 msecs (HTTP/1.1 200) 9 headers in 358 bytes (1 switches on core 0)
Aug 02 06:52:47.837832 np0000032143 devstack@n-api.service[69007]: DEBUG nova.api.openstack.wsgi [None req-307ff023-0c32-465a-97cd-1a96399ce43e admin admin] Action: 'create', calling method: <bound method FlavorsController.create of <nova.api.openstack.compute.flavors.FlavorsController object at 0x7ba80f7964e0>>, body: {"flavor": {"os-flavor-access:is_public": true, "disk": 20, "rxtx_factor": 1.0, "id": "2", "name": "m1.small", "vcpus": 1, "OS-FLV-EXT-DATA:ephemeral": 0, "ram": 2048, "swap": 0}} {{(pid=69007) _process_stack /opt/stack/nova/nova/api/openstack/wsgi.py:550}}
Aug 02 06:52:47.850790 np0000032143 devstack@n-api.service[69007]: INFO nova.api.openstack.requestlog [None req-307ff023-0c32-465a-97cd-1a96399ce43e admin admin] 192.168.1.144 "POST /compute/v2.1/flavors" status: 200 len: 411 microversion: 2.61 time: 0.014421
Aug 02 06:52:47.850996 np0000032143 devstack@n-api.service[69007]: [pid: 69007|app: 0|req: 9/17] 192.168.1.144 () {72 vars in 1408 bytes} [Sat Aug  2 06:52:47 2025] POST /compute/v2.1/flavors => generated 411 bytes in 15 msecs (HTTP/1.1 200) 9 headers in 359 bytes (1 switches on core 0)
Aug 02 06:52:47.859045 np0000032143 devstack@n-api.service[69006]: DEBUG nova.api.openstack.wsgi [None req-d02801a3-cbfc-4777-9612-693bebbecc48 admin admin] Action: 'create', calling method: <bound method FlavorExtraSpecsController.create of <nova.api.openstack.compute.flavors_extraspecs.FlavorExtraSpecsController object at 0x7ba80f78d430>>, body: {"extra_specs": {"hw_rng:allowed": "True"}} {{(pid=69006) _process_stack /opt/stack/nova/nova/api/openstack/wsgi.py:550}}
Aug 02 06:52:47.871416 np0000032143 devstack@n-api.service[69006]: INFO nova.api.openstack.requestlog [None req-d02801a3-cbfc-4777-9612-693bebbecc48 admin admin] 192.168.1.144 "POST /compute/v2.1/flavors/2/os-extra_specs" status: 200 len: 43 microversion: 2.61 time: 0.013809
Aug 02 06:52:47.871654 np0000032143 devstack@n-api.service[69006]: [pid: 69006|app: 0|req: 9/18] 192.168.1.144 () {72 vars in 1458 bytes} [Sat Aug  2 06:52:47 2025] POST /compute/v2.1/flavors/2/os-extra_specs => generated 43 bytes in 14 msecs (HTTP/1.1 200) 9 headers in 358 bytes (1 switches on core 0)
Aug 02 06:52:47.948228 np0000032143 devstack@n-api.service[69007]: DEBUG nova.api.openstack.wsgi [None req-da2f1f2d-e94b-4500-a1f6-b724be51c9f8 admin admin] Action: 'create', calling method: <bound method FlavorsController.create of <nova.api.openstack.compute.flavors.FlavorsController object at 0x7ba80f7964e0>>, body: {"flavor": {"os-flavor-access:is_public": true, "disk": 40, "rxtx_factor": 1.0, "id": "3", "name": "m1.medium", "vcpus": 2, "OS-FLV-EXT-DATA:ephemeral": 0, "ram": 4096, "swap": 0}} {{(pid=69007) _process_stack /opt/stack/nova/nova/api/openstack/wsgi.py:550}}
Aug 02 06:52:47.959350 np0000032143 devstack@n-api.service[69007]: INFO nova.api.openstack.requestlog [None req-da2f1f2d-e94b-4500-a1f6-b724be51c9f8 admin admin] 192.168.1.144 "POST /compute/v2.1/flavors" status: 200 len: 412 microversion: 2.61 time: 0.012661
Aug 02 06:52:47.959575 np0000032143 devstack@n-api.service[69007]: [pid: 69007|app: 0|req: 10/19] 192.168.1.144 () {72 vars in 1408 bytes} [Sat Aug  2 06:52:47 2025] POST /compute/v2.1/flavors => generated 412 bytes in 13 msecs (HTTP/1.1 200) 9 headers in 359 bytes (1 switches on core 0)
Aug 02 06:52:47.966908 np0000032143 devstack@n-api.service[69006]: DEBUG nova.api.openstack.wsgi [None req-dc51c6e7-7a09-4dee-9124-fceabea5b8d7 admin admin] Action: 'create', calling method: <bound method FlavorExtraSpecsController.create of <nova.api.openstack.compute.flavors_extraspecs.FlavorExtraSpecsController object at 0x7ba80f78d430>>, body: {"extra_specs": {"hw_rng:allowed": "True"}} {{(pid=69006) _process_stack /opt/stack/nova/nova/api/openstack/wsgi.py:550}}
Aug 02 06:52:47.979229 np0000032143 devstack@n-api.service[69006]: INFO nova.api.openstack.requestlog [None req-dc51c6e7-7a09-4dee-9124-fceabea5b8d7 admin admin] 192.168.1.144 "POST /compute/v2.1/flavors/3/os-extra_specs" status: 200 len: 43 microversion: 2.61 time: 0.013749
Aug 02 06:52:47.979464 np0000032143 devstack@n-api.service[69006]: [pid: 69006|app: 0|req: 10/20] 192.168.1.144 () {72 vars in 1458 bytes} [Sat Aug  2 06:52:47 2025] POST /compute/v2.1/flavors/3/os-extra_specs => generated 43 bytes in 14 msecs (HTTP/1.1 200) 9 headers in 358 bytes (1 switches on core 0)
Aug 02 06:52:48.065333 np0000032143 devstack@n-api.service[69007]: DEBUG nova.api.openstack.wsgi [None req-099884e4-8d10-49f8-b587-2651a9d830b1 admin admin] Action: 'create', calling method: <bound method FlavorsController.create of <nova.api.openstack.compute.flavors.FlavorsController object at 0x7ba80f7964e0>>, body: {"flavor": {"os-flavor-access:is_public": true, "disk": 80, "rxtx_factor": 1.0, "id": "4", "name": "m1.large", "vcpus": 4, "OS-FLV-EXT-DATA:ephemeral": 0, "ram": 8192, "swap": 0}} {{(pid=69007) _process_stack /opt/stack/nova/nova/api/openstack/wsgi.py:550}}
Aug 02 06:52:48.076499 np0000032143 devstack@n-api.service[69007]: INFO nova.api.openstack.requestlog [None req-099884e4-8d10-49f8-b587-2651a9d830b1 admin admin] 192.168.1.144 "POST /compute/v2.1/flavors" status: 200 len: 411 microversion: 2.61 time: 0.012693
Aug 02 06:52:48.076735 np0000032143 devstack@n-api.service[69007]: [pid: 69007|app: 0|req: 11/21] 192.168.1.144 () {72 vars in 1408 bytes} [Sat Aug  2 06:52:48 2025] POST /compute/v2.1/flavors => generated 411 bytes in 13 msecs (HTTP/1.1 200) 9 headers in 359 bytes (1 switches on core 0)
Aug 02 06:52:48.084534 np0000032143 devstack@n-api.service[69006]: DEBUG nova.api.openstack.wsgi [None req-fed7cea1-9be9-45c9-8ae8-8646f4eeab51 admin admin] Action: 'create', calling method: <bound method FlavorExtraSpecsController.create of <nova.api.openstack.compute.flavors_extraspecs.FlavorExtraSpecsController object at 0x7ba80f78d430>>, body: {"extra_specs": {"hw_rng:allowed": "True"}} {{(pid=69006) _process_stack /opt/stack/nova/nova/api/openstack/wsgi.py:550}}
Aug 02 06:52:48.096870 np0000032143 devstack@n-api.service[69006]: INFO nova.api.openstack.requestlog [None req-fed7cea1-9be9-45c9-8ae8-8646f4eeab51 admin admin] 192.168.1.144 "POST /compute/v2.1/flavors/4/os-extra_specs" status: 200 len: 43 microversion: 2.61 time: 0.013773
Aug 02 06:52:48.097111 np0000032143 devstack@n-api.service[69006]: [pid: 69006|app: 0|req: 11/22] 192.168.1.144 () {72 vars in 1458 bytes} [Sat Aug  2 06:52:48 2025] POST /compute/v2.1/flavors/4/os-extra_specs => generated 43 bytes in 14 msecs (HTTP/1.1 200) 9 headers in 358 bytes (1 switches on core 0)
Aug 02 06:52:48.177083 np0000032143 devstack@n-api.service[69007]: DEBUG nova.api.openstack.wsgi [None req-1059e3c2-c085-4679-9092-bbe5beb5bd1c admin admin] Action: 'create', calling method: <bound method FlavorsController.create of <nova.api.openstack.compute.flavors.FlavorsController object at 0x7ba80f7964e0>>, body: {"flavor": {"os-flavor-access:is_public": true, "disk": 160, "rxtx_factor": 1.0, "id": "5", "name": "m1.xlarge", "vcpus": 8, "OS-FLV-EXT-DATA:ephemeral": 0, "ram": 16384, "swap": 0}} {{(pid=69007) _process_stack /opt/stack/nova/nova/api/openstack/wsgi.py:550}}
Aug 02 06:52:48.190145 np0000032143 devstack@n-api.service[69007]: INFO nova.api.openstack.requestlog [None req-1059e3c2-c085-4679-9092-bbe5beb5bd1c admin admin] 192.168.1.144 "POST /compute/v2.1/flavors" status: 200 len: 414 microversion: 2.61 time: 0.015260
Aug 02 06:52:48.191112 np0000032143 devstack@n-api.service[69007]: [pid: 69007|app: 0|req: 12/23] 192.168.1.144 () {72 vars in 1408 bytes} [Sat Aug  2 06:52:48 2025] POST /compute/v2.1/flavors => generated 414 bytes in 15 msecs (HTTP/1.1 200) 9 headers in 359 bytes (1 switches on core 0)
Aug 02 06:52:48.197761 np0000032143 devstack@n-api.service[69006]: DEBUG nova.api.openstack.wsgi [None req-b9d95eb1-57d0-495e-b0f9-c0b468b4d325 admin admin] Action: 'create', calling method: <bound method FlavorExtraSpecsController.create of <nova.api.openstack.compute.flavors_extraspecs.FlavorExtraSpecsController object at 0x7ba80f78d430>>, body: {"extra_specs": {"hw_rng:allowed": "True"}} {{(pid=69006) _process_stack /opt/stack/nova/nova/api/openstack/wsgi.py:550}}
Aug 02 06:52:48.212355 np0000032143 devstack@n-api.service[69006]: INFO nova.api.openstack.requestlog [None req-b9d95eb1-57d0-495e-b0f9-c0b468b4d325 admin admin] 192.168.1.144 "POST /compute/v2.1/flavors/5/os-extra_specs" status: 200 len: 43 microversion: 2.61 time: 0.016011
Aug 02 06:52:48.212830 np0000032143 devstack@n-api.service[69006]: [pid: 69006|app: 0|req: 12/24] 192.168.1.144 () {72 vars in 1458 bytes} [Sat Aug  2 06:52:48 2025] POST /compute/v2.1/flavors/5/os-extra_specs => generated 43 bytes in 16 msecs (HTTP/1.1 200) 9 headers in 358 bytes (2 switches on core 0)
Aug 02 06:52:55.034850 np0000032143 devstack@n-api.service[69007]: DEBUG nova.api.openstack.wsgi [None req-793008cd-3cc6-4dad-af1c-02b2d626c185 admin admin] Calling method '<bound method FlavorsController.detail of <nova.api.openstack.compute.flavors.FlavorsController object at 0x7ba80f796630>>' {{(pid=69007) _process_stack /opt/stack/nova/nova/api/openstack/wsgi.py:552}}
Aug 02 06:52:55.045543 np0000032143 devstack@n-api.service[69007]: INFO nova.api.openstack.requestlog [None req-793008cd-3cc6-4dad-af1c-02b2d626c185 admin admin] 192.168.1.144 "GET /compute/v2.1/flavors/detail?is_public=True" status: 200 len: 4262 microversion: 2.61 time: 0.012171
Aug 02 06:52:55.045752 np0000032143 devstack@n-api.service[69007]: [pid: 69007|app: 0|req: 13/25] 192.168.1.144 () {68 vars in 1417 bytes} [Sat Aug  2 06:52:55 2025] GET /compute/v2.1/flavors/detail?is_public=True => generated 4262 bytes in 12 msecs (HTTP/1.1 200) 9 headers in 360 bytes (1 switches on core 0)
Aug 02 06:52:55.144700 np0000032143 devstack@n-api.service[69006]: DEBUG nova.api.openstack.wsgi [None req-4f311ed2-9566-4d9c-a20b-a5560c3eee90 admin admin] Action: 'create', calling method: <bound method FlavorsController.create of <nova.api.openstack.compute.flavors.FlavorsController object at 0x7ba80f78cb90>>, body: {"flavor": {"os-flavor-access:is_public": true, "disk": 5, "rxtx_factor": 1.0, "id": "100", "name": "manila-service-flavor", "vcpus": 1, "OS-FLV-EXT-DATA:ephemeral": 0, "ram": 1024, "swap": 0}} {{(pid=69006) _process_stack /opt/stack/nova/nova/api/openstack/wsgi.py:550}}
Aug 02 06:52:55.155796 np0000032143 devstack@n-api.service[69006]: INFO nova.api.openstack.requestlog [None req-4f311ed2-9566-4d9c-a20b-a5560c3eee90 admin admin] 192.168.1.144 "POST /compute/v2.1/flavors" status: 200 len: 429 microversion: 2.61 time: 0.012565
Aug 02 06:52:55.156034 np0000032143 devstack@n-api.service[69006]: [pid: 69006|app: 0|req: 13/26] 192.168.1.144 () {72 vars in 1408 bytes} [Sat Aug  2 06:52:55 2025] POST /compute/v2.1/flavors => generated 429 bytes in 13 msecs (HTTP/1.1 200) 9 headers in 359 bytes (1 switches on core 0)
Aug 02 06:59:08.743683 np0000032143 devstack@n-api.service[69007]: DEBUG dbcounter [-] [69007] Writing DB stats nova_api:SELECT=22,nova_api:SAVEPOINT=5,nova_api:INSERT=10,nova_api:RELEASE=5 {{(pid=69007) stat_writer /opt/stack/data/venv/lib/python3.12/site-packages/dbcounter.py:115}}
Aug 02 06:59:08.760127 np0000032143 devstack@n-api.service[69007]: DEBUG nova.api.openstack.wsgi [None req-1614eff5-3095-4943-ab8c-9fbce38de8a3 admin admin] Calling method '<bound method KeypairController.index of <nova.api.openstack.compute.keypairs.KeypairController object at 0x7ba80f6458e0>>' {{(pid=69007) _process_stack /opt/stack/nova/nova/api/openstack/wsgi.py:552}}
Aug 02 06:59:08.761929 np0000032143 devstack@n-api.service[69007]: WARNING oslo_db.sqlalchemy.utils [None req-1614eff5-3095-4943-ab8c-9fbce38de8a3 admin admin] Unique keys not in sort_keys. The sorting order may be unstable.
Aug 02 06:59:08.767501 np0000032143 devstack@n-api.service[69007]: INFO nova.api.openstack.requestlog [None req-1614eff5-3095-4943-ab8c-9fbce38de8a3 admin admin] 192.168.1.144 "GET /compute/v2.1/os-keypairs" status: 200 len: 16 microversion: 2.10 time: 0.024673
Aug 02 06:59:08.767733 np0000032143 devstack@n-api.service[69007]: [pid: 69007|app: 0|req: 14/27] 192.168.1.144 () {68 vars in 1379 bytes} [Sat Aug  2 06:59:08 2025] GET /compute/v2.1/os-keypairs => generated 16 bytes in 25 msecs (HTTP/1.1 200) 9 headers in 358 bytes (1 switches on core 0)
Aug 02 06:59:08.857168 np0000032143 devstack@n-api.service[69006]: DEBUG dbcounter [-] [69006] Writing DB stats nova_api:INSERT=11,nova_api:SELECT=22,nova_api:SAVEPOINT=5,nova_api:RELEASE=5 {{(pid=69006) stat_writer /opt/stack/data/venv/lib/python3.12/site-packages/dbcounter.py:115}}
Aug 02 06:59:08.858841 np0000032143 devstack@n-api.service[69006]: DEBUG nova.api.openstack.wsgi [None req-9df4dd4d-45d9-42fb-a40a-0342f7d9245b admin admin] Action: 'create', calling method: <bound method KeypairController.create of <nova.api.openstack.compute.keypairs.KeypairController object at 0x7ba80f6400e0>>, body: {"keypair": {"public_key": "ecdsa-sha2-nistp256 AAAAE2VjZHNhLXNoYTItbmlzdHAyNTYAAAAIbmlzdHAyNTYAAABBBO1VPqy/Bf1FORhAoMZPbBxfBn8GF++Fq8WkzTJHuxdERZW2Zw5E0YrXSt3CzWW/82VSzNUSUlEW+vHfNmKEAV0= stack@np0000032143\n", "name": "manila-service"}} {{(pid=69006) _process_stack /opt/stack/nova/nova/api/openstack/wsgi.py:550}}
Aug 02 06:59:08.871355 np0000032143 devstack@n-api.service[69006]: DEBUG nova.quota [None req-9df4dd4d-45d9-42fb-a40a-0342f7d9245b admin admin] Getting quotas for project c2930c1a3ec3482d9e66a06550fd74a9. Resources: {'key_pairs'} {{(pid=69006) _get_quotas /opt/stack/nova/nova/quota.py:392}}
Aug 02 06:59:08.873763 np0000032143 devstack@n-api.service[69006]: DEBUG nova.quota [None req-9df4dd4d-45d9-42fb-a40a-0342f7d9245b admin admin] Getting quotas for user ce8dc15bcde04c1cb119a1da294eaa5e and project c2930c1a3ec3482d9e66a06550fd74a9. Resources: {'key_pairs'} {{(pid=69006) _get_quotas /opt/stack/nova/nova/quota.py:382}}
Aug 02 06:59:08.895404 np0000032143 devstack@n-api.service[69006]: INFO nova.api.openstack.requestlog [None req-9df4dd4d-45d9-42fb-a40a-0342f7d9245b admin admin] 192.168.1.144 "POST /compute/v2.1/os-keypairs" status: 201 len: 366 microversion: 2.10 time: 0.039108
Aug 02 06:59:08.895714 np0000032143 devstack@n-api.service[69006]: [pid: 69006|app: 0|req: 14/28] 192.168.1.144 () {72 vars in 1420 bytes} [Sat Aug  2 06:59:08 2025] POST /compute/v2.1/os-keypairs => generated 366 bytes in 39 msecs (HTTP/1.1 201) 9 headers in 364 bytes (1 switches on core 0)
Aug 02 06:59:14.792873 np0000032143 devstack@n-api.service[69007]: DEBUG nova.api.openstack.wsgi [None req-f7bc1aa6-8c31-4dd3-99bb-04b8f5387f61 admin admin] Calling method '<bound method ServiceController.index of <nova.api.openstack.compute.services.ServiceController object at 0x7ba80f684d40>>' {{(pid=69007) _process_stack /opt/stack/nova/nova/api/openstack/wsgi.py:552}}
Aug 02 06:59:14.794499 np0000032143 devstack@n-api.service[69007]: DEBUG oslo_concurrency.lockutils [None req-f7bc1aa6-8c31-4dd3-99bb-04b8f5387f61 admin admin] Acquiring lock "00000000-0000-0000-0000-000000000000" by "nova.context.set_target_cell.<locals>.get_or_set_cached_cell_and_set_connections" {{(pid=69007) inner /opt/stack/data/venv/lib/python3.12/site-packages/oslo_concurrency/lockutils.py:405}}
Aug 02 06:59:14.794661 np0000032143 devstack@n-api.service[69007]: DEBUG oslo_concurrency.lockutils [None req-f7bc1aa6-8c31-4dd3-99bb-04b8f5387f61 admin admin] Lock "00000000-0000-0000-0000-000000000000" acquired by "nova.context.set_target_cell.<locals>.get_or_set_cached_cell_and_set_connections" :: waited 0.000s {{(pid=69007) inner /opt/stack/data/venv/lib/python3.12/site-packages/oslo_concurrency/lockutils.py:410}}
Aug 02 06:59:14.794788 np0000032143 devstack@n-api.service[69007]: DEBUG oslo_concurrency.lockutils [None req-f7bc1aa6-8c31-4dd3-99bb-04b8f5387f61 admin admin] Lock "00000000-0000-0000-0000-000000000000" "released" by "nova.context.set_target_cell.<locals>.get_or_set_cached_cell_and_set_connections" :: held 0.000s {{(pid=69007) inner /opt/stack/data/venv/lib/python3.12/site-packages/oslo_concurrency/lockutils.py:424}}
Aug 02 06:59:14.795157 np0000032143 devstack@n-api.service[69007]: DEBUG oslo_concurrency.lockutils [None req-f7bc1aa6-8c31-4dd3-99bb-04b8f5387f61 admin admin] Acquiring lock "a9e2ab89-b9f0-4557-9ebc-96d6164473e7" by "nova.context.set_target_cell.<locals>.get_or_set_cached_cell_and_set_connections" {{(pid=69007) inner /opt/stack/data/venv/lib/python3.12/site-packages/oslo_concurrency/lockutils.py:405}}
