Aug 02 06:52:47.648087 np0000032143 systemd[1]: Starting devstack@g-api.service - Devstack devstack@g-api.service...
Aug 02 06:52:47.651411 np0000032143 devstack@g-api.service[80781]: [uWSGI] getting INI configuration from /etc/glance/glance-uwsgi.ini
Aug 02 06:52:47.653003 np0000032143 devstack@g-api.service[80781]: *** Starting uWSGI 2.0.24-debian (64bit) on [Sat Aug  2 06:52:47 2025] ***
Aug 02 06:52:47.653003 np0000032143 devstack@g-api.service[80781]: compiled with version: 13.2.0 on 17 April 2024 16:23:48
Aug 02 06:52:47.653003 np0000032143 devstack@g-api.service[80781]: os: Linux-6.8.0-71-generic #71-Ubuntu SMP PREEMPT_DYNAMIC Tue Jul 22 16:52:38 UTC 2025
Aug 02 06:52:47.653003 np0000032143 devstack@g-api.service[80781]: nodename: np0000032143
Aug 02 06:52:47.653003 np0000032143 devstack@g-api.service[80781]: machine: x86_64
Aug 02 06:52:47.653003 np0000032143 devstack@g-api.service[80781]: clock source: unix
Aug 02 06:52:47.653003 np0000032143 devstack@g-api.service[80781]: pcre jit disabled
Aug 02 06:52:47.653102 np0000032143 devstack@g-api.service[80781]: detected number of CPU cores: 8
Aug 02 06:52:47.653102 np0000032143 devstack@g-api.service[80781]: current working directory: /
Aug 02 06:52:47.653102 np0000032143 devstack@g-api.service[80781]: detected binary path: /usr/bin/uwsgi-core
Aug 02 06:52:47.653102 np0000032143 devstack@g-api.service[80781]: your processes number limit is 47563
Aug 02 06:52:47.653102 np0000032143 devstack@g-api.service[80781]: your memory page size is 4096 bytes
Aug 02 06:52:47.653102 np0000032143 devstack@g-api.service[80781]: detected max file descriptor number: 2048
Aug 02 06:52:47.653102 np0000032143 devstack@g-api.service[80781]: lock engine: pthread robust mutexes
Aug 02 06:52:47.653102 np0000032143 devstack@g-api.service[80781]: thunder lock: enabled
Aug 02 06:52:47.653227 np0000032143 devstack@g-api.service[80781]: uwsgi socket 0 bound to TCP address 127.0.0.1:60999 fd 4
Aug 02 06:52:47.653227 np0000032143 devstack@g-api.service[80781]: Python version: 3.12.3 (main, Jun 18 2025, 17:59:45) [GCC 13.3.0]
Aug 02 06:52:47.653269 np0000032143 devstack@g-api.service[80781]: PEP 405 virtualenv detected: /opt/stack/data/venv
Aug 02 06:52:47.653269 np0000032143 devstack@g-api.service[80781]: Set PythonHome to /opt/stack/data/venv
Aug 02 06:52:47.679272 np0000032143 devstack@g-api.service[80781]: Python main interpreter initialized at 0x7a6a2a4a39e8
Aug 02 06:52:47.679272 np0000032143 devstack@g-api.service[80781]: python threads support enabled
Aug 02 06:52:47.679272 np0000032143 devstack@g-api.service[80781]: your server socket listen backlog is limited to 100 connections
Aug 02 06:52:47.679272 np0000032143 devstack@g-api.service[80781]: your mercy for graceful operations on workers is 80 seconds
Aug 02 06:52:47.679444 np0000032143 devstack@g-api.service[80781]: mapped 403077 bytes (393 KB) for 2 cores
Aug 02 06:52:47.679497 np0000032143 devstack@g-api.service[80781]: *** Operational MODE: preforking ***
Aug 02 06:52:47.679631 np0000032143 devstack@g-api.service[80781]: *** uWSGI is running in multiple interpreter mode ***
Aug 02 06:52:47.679631 np0000032143 devstack@g-api.service[80781]: spawned uWSGI master process (pid: 80781)
Aug 02 06:52:47.679735 np0000032143 systemd[1]: Started devstack@g-api.service - Devstack devstack@g-api.service.
Aug 02 06:52:47.679992 np0000032143 devstack@g-api.service[80781]: spawned uWSGI worker 1 (pid: 80782, cores: 1)
Aug 02 06:52:47.681397 np0000032143 devstack@g-api.service[80781]: spawned uWSGI worker 2 (pid: 80783, cores: 1)
Aug 02 06:52:47.681397 np0000032143 devstack@g-api.service[80781]: running "unix_signal:15 gracefully_kill_them_all" (master-start)...
Aug 02 06:52:48.284884 np0000032143 devstack@g-api.service[80783]: INFO glance.async_ [-] Threadpool model set to 'NativeThreadPoolModel'
Aug 02 06:52:48.325156 np0000032143 devstack@g-api.service[80782]: INFO glance.async_ [-] Threadpool model set to 'NativeThreadPoolModel'
Aug 02 06:52:48.336771 np0000032143 devstack@g-api.service[80783]: DEBUG oslo_concurrency.processutils [-] Running cmd (subprocess): grep -F node.session.scan /sbin/iscsiadm {{(pid=80783) execute /opt/stack/data/venv/lib/python3.12/site-packages/oslo_concurrency/processutils.py:349}}
Aug 02 06:52:48.341388 np0000032143 devstack@g-api.service[80783]: DEBUG oslo_concurrency.processutils [-] CMD "grep -F node.session.scan /sbin/iscsiadm" returned: 0 in 0.005s {{(pid=80783) execute /opt/stack/data/venv/lib/python3.12/site-packages/oslo_concurrency/processutils.py:372}}
Aug 02 06:52:48.357521 np0000032143 devstack@g-api.service[80783]: DEBUG glance_store.common.attachment_state_manager [-] Initialising _AttachmentStateManager {{(pid=80783) __init__ /opt/stack/data/venv/lib/python3.12/site-packages/glance_store/common/attachment_state_manager.py:86}}
Aug 02 06:52:48.390533 np0000032143 devstack@g-api.service[80782]: DEBUG oslo_concurrency.processutils [-] Running cmd (subprocess): grep -F node.session.scan /sbin/iscsiadm {{(pid=80782) execute /opt/stack/data/venv/lib/python3.12/site-packages/oslo_concurrency/processutils.py:349}}
Aug 02 06:52:48.395829 np0000032143 devstack@g-api.service[80782]: DEBUG oslo_concurrency.processutils [-] CMD "grep -F node.session.scan /sbin/iscsiadm" returned: 0 in 0.005s {{(pid=80782) execute /opt/stack/data/venv/lib/python3.12/site-packages/oslo_concurrency/processutils.py:372}}
Aug 02 06:52:48.415847 np0000032143 devstack@g-api.service[80782]: DEBUG glance_store.common.attachment_state_manager [-] Initialising _AttachmentStateManager {{(pid=80782) __init__ /opt/stack/data/venv/lib/python3.12/site-packages/glance_store/common/attachment_state_manager.py:86}}
Aug 02 06:52:48.432821 np0000032143 devstack@g-api.service[80783]: DEBUG glance_store.backend [-] Attempting to import store cinder {{(pid=80783) _load_store /opt/stack/data/venv/lib/python3.12/site-packages/glance_store/backend.py:216}}
Aug 02 06:52:48.432938 np0000032143 devstack@g-api.service[80783]: DEBUG glance_store.backend [-] Attempting to import store file {{(pid=80783) _load_store /opt/stack/data/venv/lib/python3.12/site-packages/glance_store/backend.py:216}}
Aug 02 06:52:48.433008 np0000032143 devstack@g-api.service[80783]: DEBUG glance_store.backend [-] Attempting to import store glance.store.cinder.Store {{(pid=80783) _load_store /opt/stack/data/venv/lib/python3.12/site-packages/glance_store/backend.py:216}}
Aug 02 06:52:48.433063 np0000032143 devstack@g-api.service[80783]: DEBUG glance_store.backend [-] Attempting to import store glance.store.filesystem.Store {{(pid=80783) _load_store /opt/stack/data/venv/lib/python3.12/site-packages/glance_store/backend.py:216}}
Aug 02 06:52:48.433117 np0000032143 devstack@g-api.service[80783]: DEBUG glance_store.backend [-] Attempting to import store glance.store.http.Store {{(pid=80783) _load_store /opt/stack/data/venv/lib/python3.12/site-packages/glance_store/backend.py:216}}
Aug 02 06:52:48.433169 np0000032143 devstack@g-api.service[80783]: DEBUG glance_store.backend [-] Attempting to import store glance.store.rbd.Store {{(pid=80783) _load_store /opt/stack/data/venv/lib/python3.12/site-packages/glance_store/backend.py:216}}
Aug 02 06:52:48.433221 np0000032143 devstack@g-api.service[80783]: DEBUG glance_store.backend [-] Attempting to import store glance.store.s3.Store {{(pid=80783) _load_store /opt/stack/data/venv/lib/python3.12/site-packages/glance_store/backend.py:216}}
Aug 02 06:52:48.433278 np0000032143 devstack@g-api.service[80783]: DEBUG glance_store.backend [-] Attempting to import store glance.store.swift.Store {{(pid=80783) _load_store /opt/stack/data/venv/lib/python3.12/site-packages/glance_store/backend.py:216}}
Aug 02 06:52:48.433332 np0000032143 devstack@g-api.service[80783]: DEBUG glance_store.backend [-] Attempting to import store glance.store.vmware_datastore.Store {{(pid=80783) _load_store /opt/stack/data/venv/lib/python3.12/site-packages/glance_store/backend.py:216}}
Aug 02 06:52:48.433385 np0000032143 devstack@g-api.service[80783]: DEBUG glance_store.backend [-] Attempting to import store http {{(pid=80783) _load_store /opt/stack/data/venv/lib/python3.12/site-packages/glance_store/backend.py:216}}
Aug 02 06:52:48.433437 np0000032143 devstack@g-api.service[80783]: DEBUG glance_store.backend [-] Attempting to import store no_conf {{(pid=80783) _load_store /opt/stack/data/venv/lib/python3.12/site-packages/glance_store/backend.py:216}}
Aug 02 06:52:48.433489 np0000032143 devstack@g-api.service[80783]: DEBUG glance_store.backend [-] Attempting to import store rbd {{(pid=80783) _load_store /opt/stack/data/venv/lib/python3.12/site-packages/glance_store/backend.py:216}}
Aug 02 06:52:48.433539 np0000032143 devstack@g-api.service[80783]: DEBUG glance_store.backend [-] Attempting to import store s3 {{(pid=80783) _load_store /opt/stack/data/venv/lib/python3.12/site-packages/glance_store/backend.py:216}}
Aug 02 06:52:48.433589 np0000032143 devstack@g-api.service[80783]: DEBUG glance_store.backend [-] Attempting to import store swift {{(pid=80783) _load_store /opt/stack/data/venv/lib/python3.12/site-packages/glance_store/backend.py:216}}
Aug 02 06:52:48.433640 np0000032143 devstack@g-api.service[80783]: DEBUG glance_store.backend [-] Attempting to import store vmware {{(pid=80783) _load_store /opt/stack/data/venv/lib/python3.12/site-packages/glance_store/backend.py:216}}
Aug 02 06:52:48.433700 np0000032143 devstack@g-api.service[80783]: DEBUG glance_store.backend [-] Registering options for group glance_store {{(pid=80783) register_opts /opt/stack/data/venv/lib/python3.12/site-packages/glance_store/backend.py:145}}
Aug 02 06:52:48.433885 np0000032143 devstack@g-api.service[80783]: DEBUG glance_store.backend [-] Registering options for group glance_store {{(pid=80783) register_opts /opt/stack/data/venv/lib/python3.12/site-packages/glance_store/backend.py:145}}
Aug 02 06:52:48.434162 np0000032143 devstack@g-api.service[80783]: DEBUG glance_store.backend [-] Attempting to import store file {{(pid=80783) _load_store /opt/stack/data/venv/lib/python3.12/site-packages/glance_store/backend.py:216}}
Aug 02 06:52:48.434469 np0000032143 devstack@g-api.service[80783]: DEBUG glance_store.capabilities [-] Store glance_store._drivers.filesystem.Store doesn't support updating dynamic storage capabilities. Please overwrite 'update_capabilities' method of the store to implement updating logics if needed. {{(pid=80783) update_capabilities /opt/stack/data/venv/lib/python3.12/site-packages/glance_store/capabilities.py:91}}
Aug 02 06:52:48.434516 np0000032143 devstack@g-api.service[80783]: DEBUG glance_store.backend [-] Registering store file with schemes ('file', 'filesystem') {{(pid=80783) create_stores /opt/stack/data/venv/lib/python3.12/site-packages/glance_store/backend.py:262}}
Aug 02 06:52:48.434561 np0000032143 devstack@g-api.service[80783]: DEBUG glance_store.driver [-] Late loading location class glance_store._drivers.filesystem.StoreLocation {{(pid=80783) get_store_location_class /opt/stack/data/venv/lib/python3.12/site-packages/glance_store/driver.py:136}}
Aug 02 06:52:48.434616 np0000032143 devstack@g-api.service[80783]: DEBUG glance_store.location [-] Registering scheme file with {'store': <glance_store._drivers.filesystem.Store object at 0x7a6a2667ad50>, 'location_class': <class 'glance_store._drivers.filesystem.StoreLocation'>, 'store_entry': 'file'} {{(pid=80783) register_scheme_map /opt/stack/data/venv/lib/python3.12/site-packages/glance_store/location.py:146}}
Aug 02 06:52:48.434657 np0000032143 devstack@g-api.service[80783]: DEBUG glance_store.location [-] Registering scheme filesystem with {'store': <glance_store._drivers.filesystem.Store object at 0x7a6a2667ad50>, 'location_class': <class 'glance_store._drivers.filesystem.StoreLocation'>, 'store_entry': 'file'} {{(pid=80783) register_scheme_map /opt/stack/data/venv/lib/python3.12/site-packages/glance_store/location.py:146}}
Aug 02 06:52:48.434696 np0000032143 devstack@g-api.service[80783]: DEBUG glance_store.backend [-] Attempting to import store http {{(pid=80783) _load_store /opt/stack/data/venv/lib/python3.12/site-packages/glance_store/backend.py:216}}
Aug 02 06:52:48.434863 np0000032143 devstack@g-api.service[80783]: DEBUG glance_store.capabilities [-] Store glance_store._drivers.http.Store doesn't support updating dynamic storage capabilities. Please overwrite 'update_capabilities' method of the store to implement updating logics if needed. {{(pid=80783) update_capabilities /opt/stack/data/venv/lib/python3.12/site-packages/glance_store/capabilities.py:91}}
Aug 02 06:52:48.434907 np0000032143 devstack@g-api.service[80783]: DEBUG glance_store.backend [-] Registering store http with schemes ('http', 'https') {{(pid=80783) create_stores /opt/stack/data/venv/lib/python3.12/site-packages/glance_store/backend.py:262}}
Aug 02 06:52:48.434947 np0000032143 devstack@g-api.service[80783]: DEBUG glance_store.driver [-] Late loading location class glance_store._drivers.http.StoreLocation {{(pid=80783) get_store_location_class /opt/stack/data/venv/lib/python3.12/site-packages/glance_store/driver.py:136}}
Aug 02 06:52:48.434993 np0000032143 devstack@g-api.service[80783]: DEBUG glance_store.location [-] Registering scheme http with {'store': <glance_store._drivers.http.Store object at 0x7a6a2665cb00>, 'location_class': <class 'glance_store._drivers.http.StoreLocation'>, 'store_entry': 'http'} {{(pid=80783) register_scheme_map /opt/stack/data/venv/lib/python3.12/site-packages/glance_store/location.py:146}}
Aug 02 06:52:48.435030 np0000032143 devstack@g-api.service[80783]: DEBUG glance_store.location [-] Registering scheme https with {'store': <glance_store._drivers.http.Store object at 0x7a6a2665cb00>, 'location_class': <class 'glance_store._drivers.http.StoreLocation'>, 'store_entry': 'http'} {{(pid=80783) register_scheme_map /opt/stack/data/venv/lib/python3.12/site-packages/glance_store/location.py:146}}
Aug 02 06:52:48.435267 np0000032143 devstack@g-api.service[80783]: DEBUG glance.sqlite_migration [-] SQLite caching database not located, skipping migration {{(pid=80783) get_db_path /opt/stack/glance/glance/sqlite_migration.py:68}}
Aug 02 06:52:48.435414 np0000032143 devstack@g-api.service[80783]: WARNING glance.common.wsgi_app [-] Import methods are enabled but staging directory /tmp/staging/ does not exist; Imports will fail!
Aug 02 06:52:48.499141 np0000032143 devstack@g-api.service[80782]: DEBUG glance_store.backend [-] Attempting to import store cinder {{(pid=80782) _load_store /opt/stack/data/venv/lib/python3.12/site-packages/glance_store/backend.py:216}}
Aug 02 06:52:48.499252 np0000032143 devstack@g-api.service[80782]: DEBUG glance_store.backend [-] Attempting to import store file {{(pid=80782) _load_store /opt/stack/data/venv/lib/python3.12/site-packages/glance_store/backend.py:216}}
Aug 02 06:52:48.499350 np0000032143 devstack@g-api.service[80782]: DEBUG glance_store.backend [-] Attempting to import store glance.store.cinder.Store {{(pid=80782) _load_store /opt/stack/data/venv/lib/python3.12/site-packages/glance_store/backend.py:216}}
Aug 02 06:52:48.499429 np0000032143 devstack@g-api.service[80782]: DEBUG glance_store.backend [-] Attempting to import store glance.store.filesystem.Store {{(pid=80782) _load_store /opt/stack/data/venv/lib/python3.12/site-packages/glance_store/backend.py:216}}
Aug 02 06:52:48.499504 np0000032143 devstack@g-api.service[80782]: DEBUG glance_store.backend [-] Attempting to import store glance.store.http.Store {{(pid=80782) _load_store /opt/stack/data/venv/lib/python3.12/site-packages/glance_store/backend.py:216}}
Aug 02 06:52:48.499582 np0000032143 devstack@g-api.service[80782]: DEBUG glance_store.backend [-] Attempting to import store glance.store.rbd.Store {{(pid=80782) _load_store /opt/stack/data/venv/lib/python3.12/site-packages/glance_store/backend.py:216}}
Aug 02 06:52:48.499658 np0000032143 devstack@g-api.service[80782]: DEBUG glance_store.backend [-] Attempting to import store glance.store.s3.Store {{(pid=80782) _load_store /opt/stack/data/venv/lib/python3.12/site-packages/glance_store/backend.py:216}}
Aug 02 06:52:48.499745 np0000032143 devstack@g-api.service[80782]: DEBUG glance_store.backend [-] Attempting to import store glance.store.swift.Store {{(pid=80782) _load_store /opt/stack/data/venv/lib/python3.12/site-packages/glance_store/backend.py:216}}
Aug 02 06:52:48.499851 np0000032143 devstack@g-api.service[80782]: DEBUG glance_store.backend [-] Attempting to import store glance.store.vmware_datastore.Store {{(pid=80782) _load_store /opt/stack/data/venv/lib/python3.12/site-packages/glance_store/backend.py:216}}
Aug 02 06:52:48.499934 np0000032143 devstack@g-api.service[80782]: DEBUG glance_store.backend [-] Attempting to import store http {{(pid=80782) _load_store /opt/stack/data/venv/lib/python3.12/site-packages/glance_store/backend.py:216}}
Aug 02 06:52:48.500015 np0000032143 devstack@g-api.service[80782]: DEBUG glance_store.backend [-] Attempting to import store no_conf {{(pid=80782) _load_store /opt/stack/data/venv/lib/python3.12/site-packages/glance_store/backend.py:216}}
Aug 02 06:52:48.500094 np0000032143 devstack@g-api.service[80782]: DEBUG glance_store.backend [-] Attempting to import store rbd {{(pid=80782) _load_store /opt/stack/data/venv/lib/python3.12/site-packages/glance_store/backend.py:216}}
Aug 02 06:52:48.500172 np0000032143 devstack@g-api.service[80782]: DEBUG glance_store.backend [-] Attempting to import store s3 {{(pid=80782) _load_store /opt/stack/data/venv/lib/python3.12/site-packages/glance_store/backend.py:216}}
Aug 02 06:52:48.500248 np0000032143 devstack@g-api.service[80782]: DEBUG glance_store.backend [-] Attempting to import store swift {{(pid=80782) _load_store /opt/stack/data/venv/lib/python3.12/site-packages/glance_store/backend.py:216}}
Aug 02 06:52:48.500326 np0000032143 devstack@g-api.service[80782]: DEBUG glance_store.backend [-] Attempting to import store vmware {{(pid=80782) _load_store /opt/stack/data/venv/lib/python3.12/site-packages/glance_store/backend.py:216}}
Aug 02 06:52:48.500418 np0000032143 devstack@g-api.service[80782]: DEBUG glance_store.backend [-] Registering options for group glance_store {{(pid=80782) register_opts /opt/stack/data/venv/lib/python3.12/site-packages/glance_store/backend.py:145}}
Aug 02 06:52:48.500630 np0000032143 devstack@g-api.service[80782]: DEBUG glance_store.backend [-] Registering options for group glance_store {{(pid=80782) register_opts /opt/stack/data/venv/lib/python3.12/site-packages/glance_store/backend.py:145}}
Aug 02 06:52:48.500940 np0000032143 devstack@g-api.service[80782]: DEBUG glance_store.backend [-] Attempting to import store file {{(pid=80782) _load_store /opt/stack/data/venv/lib/python3.12/site-packages/glance_store/backend.py:216}}
Aug 02 06:52:48.501305 np0000032143 devstack@g-api.service[80782]: DEBUG glance_store.capabilities [-] Store glance_store._drivers.filesystem.Store doesn't support updating dynamic storage capabilities. Please overwrite 'update_capabilities' method of the store to implement updating logics if needed. {{(pid=80782) update_capabilities /opt/stack/data/venv/lib/python3.12/site-packages/glance_store/capabilities.py:91}}
Aug 02 06:52:48.501358 np0000032143 devstack@g-api.service[80782]: DEBUG glance_store.backend [-] Registering store file with schemes ('file', 'filesystem') {{(pid=80782) create_stores /opt/stack/data/venv/lib/python3.12/site-packages/glance_store/backend.py:262}}
Aug 02 06:52:48.501428 np0000032143 devstack@g-api.service[80782]: DEBUG glance_store.driver [-] Late loading location class glance_store._drivers.filesystem.StoreLocation {{(pid=80782) get_store_location_class /opt/stack/data/venv/lib/python3.12/site-packages/glance_store/driver.py:136}}
Aug 02 06:52:48.501506 np0000032143 devstack@g-api.service[80782]: DEBUG glance_store.location [-] Registering scheme file with {'store': <glance_store._drivers.filesystem.Store object at 0x7a6a26658dd0>, 'location_class': <class 'glance_store._drivers.filesystem.StoreLocation'>, 'store_entry': 'file'} {{(pid=80782) register_scheme_map /opt/stack/data/venv/lib/python3.12/site-packages/glance_store/location.py:146}}
Aug 02 06:52:48.501566 np0000032143 devstack@g-api.service[80782]: DEBUG glance_store.location [-] Registering scheme filesystem with {'store': <glance_store._drivers.filesystem.Store object at 0x7a6a26658dd0>, 'location_class': <class 'glance_store._drivers.filesystem.StoreLocation'>, 'store_entry': 'file'} {{(pid=80782) register_scheme_map /opt/stack/data/venv/lib/python3.12/site-packages/glance_store/location.py:146}}
Aug 02 06:52:48.501626 np0000032143 devstack@g-api.service[80782]: DEBUG glance_store.backend [-] Attempting to import store http {{(pid=80782) _load_store /opt/stack/data/venv/lib/python3.12/site-packages/glance_store/backend.py:216}}
Aug 02 06:52:48.501832 np0000032143 devstack@g-api.service[80782]: DEBUG glance_store.capabilities [-] Store glance_store._drivers.http.Store doesn't support updating dynamic storage capabilities. Please overwrite 'update_capabilities' method of the store to implement updating logics if needed. {{(pid=80782) update_capabilities /opt/stack/data/venv/lib/python3.12/site-packages/glance_store/capabilities.py:91}}
Aug 02 06:52:48.501887 np0000032143 devstack@g-api.service[80782]: DEBUG glance_store.backend [-] Registering store http with schemes ('http', 'https') {{(pid=80782) create_stores /opt/stack/data/venv/lib/python3.12/site-packages/glance_store/backend.py:262}}
Aug 02 06:52:48.501950 np0000032143 devstack@g-api.service[80782]: DEBUG glance_store.driver [-] Late loading location class glance_store._drivers.http.StoreLocation {{(pid=80782) get_store_location_class /opt/stack/data/venv/lib/python3.12/site-packages/glance_store/driver.py:136}}
Aug 02 06:52:48.502023 np0000032143 devstack@g-api.service[80782]: DEBUG glance_store.location [-] Registering scheme http with {'store': <glance_store._drivers.http.Store object at 0x7a6a26b167e0>, 'location_class': <class 'glance_store._drivers.http.StoreLocation'>, 'store_entry': 'http'} {{(pid=80782) register_scheme_map /opt/stack/data/venv/lib/python3.12/site-packages/glance_store/location.py:146}}
Aug 02 06:52:48.502081 np0000032143 devstack@g-api.service[80782]: DEBUG glance_store.location [-] Registering scheme https with {'store': <glance_store._drivers.http.Store object at 0x7a6a26b167e0>, 'location_class': <class 'glance_store._drivers.http.StoreLocation'>, 'store_entry': 'http'} {{(pid=80782) register_scheme_map /opt/stack/data/venv/lib/python3.12/site-packages/glance_store/location.py:146}}
Aug 02 06:52:48.502361 np0000032143 devstack@g-api.service[80782]: DEBUG glance.sqlite_migration [-] SQLite caching database not located, skipping migration {{(pid=80782) get_db_path /opt/stack/glance/glance/sqlite_migration.py:68}}
Aug 02 06:52:48.502536 np0000032143 devstack@g-api.service[80782]: WARNING glance.common.wsgi_app [-] Import methods are enabled but staging directory /tmp/staging/ does not exist; Imports will fail!
Aug 02 06:52:48.708250 np0000032143 devstack@g-api.service[80783]: DEBUG glance.common.config [None req-293003b9-0819-474e-ab28-ae58b033c15c None None] Loading glance-api-keystone+cachemanagement from /etc/glance/glance-api-paste.ini {{(pid=80783) load_paste_app /opt/stack/glance/glance/common/config.py:750}}
Aug 02 06:52:48.788085 np0000032143 devstack@g-api.service[80782]: DEBUG glance.common.config [None req-e507e050-2b0c-4568-861d-3bba67901623 None None] Loading glance-api-keystone+cachemanagement from /etc/glance/glance-api-paste.ini {{(pid=80782) load_paste_app /opt/stack/glance/glance/common/config.py:750}}
Aug 02 06:52:49.183647 np0000032143 devstack@g-api.service[80783]: INFO glance.image_cache [None req-293003b9-0819-474e-ab28-ae58b033c15c None None] Image cache loaded driver 'centralized_db'.
Aug 02 06:52:49.184558 np0000032143 devstack@g-api.service[80782]: INFO glance.image_cache [None req-e507e050-2b0c-4568-861d-3bba67901623 None None] Image cache loaded driver 'centralized_db'.
Aug 02 06:52:49.216893 np0000032143 devstack@g-api.service[80783]: INFO dbcounter [None req-293003b9-0819-474e-ab28-ae58b033c15c None None] Registered counter for database glance
Aug 02 06:52:49.225750 np0000032143 devstack@g-api.service[80782]: INFO dbcounter [None req-e507e050-2b0c-4568-861d-3bba67901623 None None] Registered counter for database glance
Aug 02 06:52:49.226020 np0000032143 devstack@g-api.service[80783]: DEBUG oslo_db.sqlalchemy.engines [None req-293003b9-0819-474e-ab28-ae58b033c15c None None] MySQL server mode set to STRICT_TRANS_TABLES,STRICT_ALL_TABLES,NO_ZERO_IN_DATE,NO_ZERO_DATE,ERROR_FOR_DIVISION_BY_ZERO,TRADITIONAL,NO_ENGINE_SUBSTITUTION {{(pid=80783) _check_effective_sql_mode /opt/stack/data/venv/lib/python3.12/site-packages/oslo_db/sqlalchemy/engines.py:397}}
Aug 02 06:52:49.235059 np0000032143 devstack@g-api.service[80782]: DEBUG oslo_db.sqlalchemy.engines [None req-e507e050-2b0c-4568-861d-3bba67901623 None None] MySQL server mode set to STRICT_TRANS_TABLES,STRICT_ALL_TABLES,NO_ZERO_IN_DATE,NO_ZERO_DATE,ERROR_FOR_DIVISION_BY_ZERO,TRADITIONAL,NO_ENGINE_SUBSTITUTION {{(pid=80782) _check_effective_sql_mode /opt/stack/data/venv/lib/python3.12/site-packages/oslo_db/sqlalchemy/engines.py:397}}
Aug 02 06:52:49.242729 np0000032143 devstack@g-api.service[80783]: DEBUG dbcounter [-] [80783] Writer thread running {{(pid=80783) stat_writer /opt/stack/data/venv/lib/python3.12/site-packages/dbcounter.py:102}}
Aug 02 06:52:49.255485 np0000032143 devstack@g-api.service[80782]: DEBUG dbcounter [-] [80782] Writer thread running {{(pid=80782) stat_writer /opt/stack/data/venv/lib/python3.12/site-packages/dbcounter.py:102}}
Aug 02 06:52:49.256601 np0000032143 devstack@g-api.service[80783]: INFO glance.image_cache [None req-293003b9-0819-474e-ab28-ae58b033c15c None None] Image cache loaded driver 'centralized_db'.
Aug 02 06:52:49.260018 np0000032143 devstack@g-api.service[80782]: DEBUG glance.image_cache.drivers.centralized_db [None req-e507e050-2b0c-4568-861d-3bba67901623 None None] Node reference is already recorded, ignoring it {{(pid=80782) configure /opt/stack/glance/glance/image_cache/drivers/centralized_db.py:71}}
Aug 02 06:52:49.262276 np0000032143 devstack@g-api.service[80783]: DEBUG glance.image_cache.drivers.centralized_db [None req-293003b9-0819-474e-ab28-ae58b033c15c None None] Node reference is already recorded, ignoring it {{(pid=80783) configure /opt/stack/glance/glance/image_cache/drivers/centralized_db.py:71}}
Aug 02 06:52:49.265251 np0000032143 devstack@g-api.service[80782]: INFO glance.image_cache [None req-e507e050-2b0c-4568-861d-3bba67901623 None None] Image cache loaded driver 'centralized_db'.
Aug 02 06:52:49.267052 np0000032143 devstack@g-api.service[80783]: DEBUG glance.api.v2.cached_images [None req-293003b9-0819-474e-ab28-ae58b033c15c None None] Started cache worker thread {{(pid=80783) __init__ /opt/stack/glance/glance/api/v2/cached_images.py:69}}
Aug 02 06:52:49.267534 np0000032143 devstack@g-api.service[80783]: INFO glance.image_cache [None req-293003b9-0819-474e-ab28-ae58b033c15c None None] Image cache loaded driver 'centralized_db'.
Aug 02 06:52:49.271207 np0000032143 devstack@g-api.service[80782]: DEBUG glance.image_cache.drivers.centralized_db [None req-e507e050-2b0c-4568-861d-3bba67901623 None None] Node reference is already recorded, ignoring it {{(pid=80782) configure /opt/stack/glance/glance/image_cache/drivers/centralized_db.py:71}}
Aug 02 06:52:49.273529 np0000032143 devstack@g-api.service[80783]: DEBUG glance.image_cache.drivers.centralized_db [None req-293003b9-0819-474e-ab28-ae58b033c15c None None] Node reference is already recorded, ignoring it {{(pid=80783) configure /opt/stack/glance/glance/image_cache/drivers/centralized_db.py:71}}
Aug 02 06:52:49.275215 np0000032143 devstack@g-api.service[80782]: DEBUG glance.api.v2.cached_images [None req-e507e050-2b0c-4568-861d-3bba67901623 None None] Started cache worker thread {{(pid=80782) __init__ /opt/stack/glance/glance/api/v2/cached_images.py:69}}
Aug 02 06:52:49.275723 np0000032143 devstack@g-api.service[80782]: INFO glance.image_cache [None req-e507e050-2b0c-4568-861d-3bba67901623 None None] Image cache loaded driver 'centralized_db'.
Aug 02 06:52:49.277405 np0000032143 devstack@g-api.service[80783]: INFO glance.api.middleware.cache_manage [None req-293003b9-0819-474e-ab28-ae58b033c15c None None] Initialized image cache management middleware
Aug 02 06:52:49.277512 np0000032143 devstack@g-api.service[80783]: INFO glance.image_cache [None req-293003b9-0819-474e-ab28-ae58b033c15c None None] Image cache loaded driver 'centralized_db'.
Aug 02 06:52:49.281557 np0000032143 devstack@g-api.service[80782]: DEBUG glance.image_cache.drivers.centralized_db [None req-e507e050-2b0c-4568-861d-3bba67901623 None None] Node reference is already recorded, ignoring it {{(pid=80782) configure /opt/stack/glance/glance/image_cache/drivers/centralized_db.py:71}}
Aug 02 06:52:49.283283 np0000032143 devstack@g-api.service[80783]: DEBUG glance.image_cache.drivers.centralized_db [None req-293003b9-0819-474e-ab28-ae58b033c15c None None] Node reference is already recorded, ignoring it {{(pid=80783) configure /opt/stack/glance/glance/image_cache/drivers/centralized_db.py:71}}
Aug 02 06:52:49.285452 np0000032143 devstack@g-api.service[80782]: INFO glance.api.middleware.cache_manage [None req-e507e050-2b0c-4568-861d-3bba67901623 None None] Initialized image cache management middleware
Aug 02 06:52:49.285576 np0000032143 devstack@g-api.service[80782]: INFO glance.image_cache [None req-e507e050-2b0c-4568-861d-3bba67901623 None None] Image cache loaded driver 'centralized_db'.
Aug 02 06:52:49.286288 np0000032143 devstack@g-api.service[80783]: INFO glance.api.middleware.cache [None req-293003b9-0819-474e-ab28-ae58b033c15c None None] Initialized image cache middleware
Aug 02 06:52:49.290860 np0000032143 devstack@g-api.service[80783]: WARNING keystonemiddleware.auth_token [None req-293003b9-0819-474e-ab28-ae58b033c15c None None] AuthToken middleware is set with keystone_authtoken.service_token_roles_required set to False. This is backwards compatible but deprecated behaviour. Please set this to True.
Aug 02 06:52:49.293985 np0000032143 devstack@g-api.service[80783]: WARNING keystonemiddleware.auth_token [None req-293003b9-0819-474e-ab28-ae58b033c15c None None] Configuring www_authenticate_uri to point to the public identity endpoint is required; clients may not be able to authenticate against an admin endpoint
Aug 02 06:52:49.295057 np0000032143 devstack@g-api.service[80782]: DEBUG glance.image_cache.drivers.centralized_db [None req-e507e050-2b0c-4568-861d-3bba67901623 None None] Node reference is already recorded, ignoring it {{(pid=80782) configure /opt/stack/glance/glance/image_cache/drivers/centralized_db.py:71}}
Aug 02 06:52:49.296711 np0000032143 devstack@g-api.service[80783]: DEBUG glance.common.config [None req-293003b9-0819-474e-ab28-ae58b033c15c None None] ******************************************************************************** {{(pid=80783) log_opt_values /opt/stack/data/venv/lib/python3.12/site-packages/oslo_config/cfg.py:2804}}
Aug 02 06:52:49.296800 np0000032143 devstack@g-api.service[80783]: DEBUG glance.common.config [None req-293003b9-0819-474e-ab28-ae58b033c15c None None] Configuration options gathered from: {{(pid=80783) log_opt_values /opt/stack/data/venv/lib/python3.12/site-packages/oslo_config/cfg.py:2805}}
Aug 02 06:52:49.297037 np0000032143 devstack@g-api.service[80783]: DEBUG glance.common.config [None req-293003b9-0819-474e-ab28-ae58b033c15c None None] command line args: [] {{(pid=80783) log_opt_values /opt/stack/data/venv/lib/python3.12/site-packages/oslo_config/cfg.py:2806}}
Aug 02 06:52:49.297132 np0000032143 devstack@g-api.service[80783]: DEBUG glance.common.config [None req-293003b9-0819-474e-ab28-ae58b033c15c None None] config files: ['/etc/glance/glance-image-import.conf', '/etc/glance/glance-api.conf'] {{(pid=80783) log_opt_values /opt/stack/data/venv/lib/python3.12/site-packages/oslo_config/cfg.py:2807}}
Aug 02 06:52:49.297187 np0000032143 devstack@g-api.service[80783]: DEBUG glance.common.config [None req-293003b9-0819-474e-ab28-ae58b033c15c None None] ================================================================================ {{(pid=80783) log_opt_values /opt/stack/data/venv/lib/python3.12/site-packages/oslo_config/cfg.py:2809}}
Aug 02 06:52:49.297282 np0000032143 devstack@g-api.service[80783]: DEBUG glance.common.config [None req-293003b9-0819-474e-ab28-ae58b033c15c None None] allow_anonymous_access         = False {{(pid=80783) log_opt_values /opt/stack/data/venv/lib/python3.12/site-packages/oslo_config/cfg.py:2817}}
Aug 02 06:52:49.297364 np0000032143 devstack@g-api.service[80783]: DEBUG glance.common.config [None req-293003b9-0819-474e-ab28-ae58b033c15c None None] api_limit_max                  = 1000 {{(pid=80783) log_opt_values /opt/stack/data/venv/lib/python3.12/site-packages/oslo_config/cfg.py:2817}}
Aug 02 06:52:49.297473 np0000032143 devstack@g-api.service[80783]: DEBUG glance.common.config [None req-293003b9-0819-474e-ab28-ae58b033c15c None None] backlog                        = 4096 {{(pid=80783) log_opt_values /opt/stack/data/venv/lib/python3.12/site-packages/oslo_config/cfg.py:2817}}
Aug 02 06:52:49.297589 np0000032143 devstack@g-api.service[80783]: DEBUG glance.common.config [None req-293003b9-0819-474e-ab28-ae58b033c15c None None] bind_host                      = 0.0.0.0 {{(pid=80783) log_opt_values /opt/stack/data/venv/lib/python3.12/site-packages/oslo_config/cfg.py:2817}}
Aug 02 06:52:49.297675 np0000032143 devstack@g-api.service[80783]: DEBUG glance.common.config [None req-293003b9-0819-474e-ab28-ae58b033c15c None None] bind_port                      = 19292 {{(pid=80783) log_opt_values /opt/stack/data/venv/lib/python3.12/site-packages/oslo_config/cfg.py:2817}}
Aug 02 06:52:49.297751 np0000032143 devstack@g-api.service[80783]: DEBUG glance.common.config [None req-293003b9-0819-474e-ab28-ae58b033c15c None None] client_socket_timeout          = 900 {{(pid=80783) log_opt_values /opt/stack/data/venv/lib/python3.12/site-packages/oslo_config/cfg.py:2817}}
Aug 02 06:52:49.297876 np0000032143 devstack@g-api.service[80783]: DEBUG glance.common.config [None req-293003b9-0819-474e-ab28-ae58b033c15c None None] config_dir                     = [] {{(pid=80783) log_opt_values /opt/stack/data/venv/lib/python3.12/site-packages/oslo_config/cfg.py:2817}}
Aug 02 06:52:49.298173 np0000032143 devstack@g-api.service[80783]: DEBUG glance.common.config [None req-293003b9-0819-474e-ab28-ae58b033c15c None None] config_file                    = ['/etc/glance/glance-image-import.conf', '/etc/glance/glance-api.conf'] {{(pid=80783) log_opt_values /opt/stack/data/venv/lib/python3.12/site-packages/oslo_config/cfg.py:2817}}
Aug 02 06:52:49.298173 np0000032143 devstack@g-api.service[80783]: DEBUG glance.common.config [None req-293003b9-0819-474e-ab28-ae58b033c15c None None] config_source                  = [] {{(pid=80783) log_opt_values /opt/stack/data/venv/lib/python3.12/site-packages/oslo_config/cfg.py:2817}}
Aug 02 06:52:49.298173 np0000032143 devstack@g-api.service[80783]: DEBUG glance.common.config [None req-293003b9-0819-474e-ab28-ae58b033c15c None None] control_exchange               = glance {{(pid=80783) log_opt_values /opt/stack/data/venv/lib/python3.12/site-packages/oslo_config/cfg.py:2817}}
Aug 02 06:52:49.298227 np0000032143 devstack@g-api.service[80782]: INFO glance.api.middleware.cache [None req-e507e050-2b0c-4568-861d-3bba67901623 None None] Initialized image cache middleware
Aug 02 06:52:49.298246 np0000032143 devstack@g-api.service[80783]: DEBUG glance.common.config [None req-293003b9-0819-474e-ab28-ae58b033c15c None None] debug                          = True {{(pid=80783) log_opt_values /opt/stack/data/venv/lib/python3.12/site-packages/oslo_config/cfg.py:2817}}
Aug 02 06:52:49.298264 np0000032143 devstack@g-api.service[80783]: DEBUG glance.common.config [None req-293003b9-0819-474e-ab28-ae58b033c15c None None] default_log_levels             = ['amqp=WARN', 'amqplib=WARN', 'boto=WARN', 'qpid=WARN', 'sqlalchemy=WARN', 'suds=INFO', 'oslo.messaging=INFO', 'oslo_messaging=INFO', 'iso8601=WARN', 'requests.packages.urllib3.connectionpool=WARN', 'urllib3.connectionpool=WARN', 'websocket=WARN', 'requests.packages.urllib3.util.retry=WARN', 'urllib3.util.retry=WARN', 'keystonemiddleware=WARN', 'routes.middleware=WARN', 'stevedore=WARN', 'taskflow=WARN', 'keystoneauth=WARN', 'oslo.cache=INFO', 'oslo_policy=INFO', 'dogpile.core.dogpile=INFO'] {{(pid=80783) log_opt_values /opt/stack/data/venv/lib/python3.12/site-packages/oslo_config/cfg.py:2817}}
Aug 02 06:52:49.298335 np0000032143 devstack@g-api.service[80783]: DEBUG glance.common.config [None req-293003b9-0819-474e-ab28-ae58b033c15c None None] default_publisher_id           = image.localhost {{(pid=80783) log_opt_values /opt/stack/data/venv/lib/python3.12/site-packages/oslo_config/cfg.py:2817}}
Aug 02 06:52:49.298408 np0000032143 devstack@g-api.service[80783]: DEBUG glance.common.config [None req-293003b9-0819-474e-ab28-ae58b033c15c None None] delayed_delete                 = False {{(pid=80783) log_opt_values /opt/stack/data/venv/lib/python3.12/site-packages/oslo_config/cfg.py:2817}}
Aug 02 06:52:49.298483 np0000032143 devstack@g-api.service[80783]: DEBUG glance.common.config [None req-293003b9-0819-474e-ab28-ae58b033c15c None None] digest_algorithm               = sha256 {{(pid=80783) log_opt_values /opt/stack/data/venv/lib/python3.12/site-packages/oslo_config/cfg.py:2817}}
Aug 02 06:52:49.298578 np0000032143 devstack@g-api.service[80783]: DEBUG glance.common.config [None req-293003b9-0819-474e-ab28-ae58b033c15c None None] disabled_notifications         = [] {{(pid=80783) log_opt_values /opt/stack/data/venv/lib/python3.12/site-packages/oslo_config/cfg.py:2817}}
Aug 02 06:52:49.298650 np0000032143 devstack@g-api.service[80783]: DEBUG glance.common.config [None req-293003b9-0819-474e-ab28-ae58b033c15c None None] do_secure_hash                 = True {{(pid=80783) log_opt_values /opt/stack/data/venv/lib/python3.12/site-packages/oslo_config/cfg.py:2817}}
Aug 02 06:52:49.298723 np0000032143 devstack@g-api.service[80783]: DEBUG glance.common.config [None req-293003b9-0819-474e-ab28-ae58b033c15c None None] enabled_backends               = None {{(pid=80783) log_opt_values /opt/stack/data/venv/lib/python3.12/site-packages/oslo_config/cfg.py:2817}}
Aug 02 06:52:49.298825 np0000032143 devstack@g-api.service[80783]: DEBUG glance.common.config [None req-293003b9-0819-474e-ab28-ae58b033c15c None None] enabled_import_methods         = ['glance-direct', 'web-download', 'copy-image'] {{(pid=80783) log_opt_values /opt/stack/data/venv/lib/python3.12/site-packages/oslo_config/cfg.py:2817}}
Aug 02 06:52:49.298911 np0000032143 devstack@g-api.service[80783]: DEBUG glance.common.config [None req-293003b9-0819-474e-ab28-ae58b033c15c None None] hashing_algorithm              = sha512 {{(pid=80783) log_opt_values /opt/stack/data/venv/lib/python3.12/site-packages/oslo_config/cfg.py:2817}}
Aug 02 06:52:49.298981 np0000032143 devstack@g-api.service[80783]: DEBUG glance.common.config [None req-293003b9-0819-474e-ab28-ae58b033c15c None None] http_keepalive                 = True {{(pid=80783) log_opt_values /opt/stack/data/venv/lib/python3.12/site-packages/oslo_config/cfg.py:2817}}
Aug 02 06:52:49.299053 np0000032143 devstack@g-api.service[80783]: DEBUG glance.common.config [None req-293003b9-0819-474e-ab28-ae58b033c15c None None] http_retries                   = 3 {{(pid=80783) log_opt_values /opt/stack/data/venv/lib/python3.12/site-packages/oslo_config/cfg.py:2817}}
Aug 02 06:52:49.299138 np0000032143 devstack@g-api.service[80783]: DEBUG glance.common.config [None req-293003b9-0819-474e-ab28-ae58b033c15c None None] image_cache_dir                = /opt/stack/data/glance/cache/ {{(pid=80783) log_opt_values /opt/stack/data/venv/lib/python3.12/site-packages/oslo_config/cfg.py:2817}}
Aug 02 06:52:49.299196 np0000032143 devstack@g-api.service[80783]: DEBUG glance.common.config [None req-293003b9-0819-474e-ab28-ae58b033c15c None None] image_cache_driver             = centralized_db {{(pid=80783) log_opt_values /opt/stack/data/venv/lib/python3.12/site-packages/oslo_config/cfg.py:2817}}
Aug 02 06:52:49.299272 np0000032143 devstack@g-api.service[80783]: DEBUG glance.common.config [None req-293003b9-0819-474e-ab28-ae58b033c15c None None] image_cache_max_size           = 10737418240 {{(pid=80783) log_opt_values /opt/stack/data/venv/lib/python3.12/site-packages/oslo_config/cfg.py:2817}}
Aug 02 06:52:49.299346 np0000032143 devstack@g-api.service[80783]: DEBUG glance.common.config [None req-293003b9-0819-474e-ab28-ae58b033c15c None None] image_cache_sqlite_db          = cache.db {{(pid=80783) log_opt_values /opt/stack/data/venv/lib/python3.12/site-packages/oslo_config/cfg.py:2817}}
Aug 02 06:52:49.299419 np0000032143 devstack@g-api.service[80783]: DEBUG glance.common.config [None req-293003b9-0819-474e-ab28-ae58b033c15c None None] image_cache_stall_time         = 86400 {{(pid=80783) log_opt_values /opt/stack/data/venv/lib/python3.12/site-packages/oslo_config/cfg.py:2817}}
Aug 02 06:52:49.299487 np0000032143 devstack@g-api.service[80783]: DEBUG glance.common.config [None req-293003b9-0819-474e-ab28-ae58b033c15c None None] image_location_quota           = 10 {{(pid=80783) log_opt_values /opt/stack/data/venv/lib/python3.12/site-packages/oslo_config/cfg.py:2817}}
Aug 02 06:52:49.299555 np0000032143 devstack@g-api.service[80783]: DEBUG glance.common.config [None req-293003b9-0819-474e-ab28-ae58b033c15c None None] image_member_quota             = 128 {{(pid=80783) log_opt_values /opt/stack/data/venv/lib/python3.12/site-packages/oslo_config/cfg.py:2817}}
Aug 02 06:52:49.299641 np0000032143 devstack@g-api.service[80783]: DEBUG glance.common.config [None req-293003b9-0819-474e-ab28-ae58b033c15c None None] image_property_quota           = 128 {{(pid=80783) log_opt_values /opt/stack/data/venv/lib/python3.12/site-packages/oslo_config/cfg.py:2817}}
Aug 02 06:52:49.299711 np0000032143 devstack@g-api.service[80783]: DEBUG glance.common.config [None req-293003b9-0819-474e-ab28-ae58b033c15c None None] image_size_cap                 = 1099511627776 {{(pid=80783) log_opt_values /opt/stack/data/venv/lib/python3.12/site-packages/oslo_config/cfg.py:2817}}
Aug 02 06:52:49.299791 np0000032143 devstack@g-api.service[80783]: DEBUG glance.common.config [None req-293003b9-0819-474e-ab28-ae58b033c15c None None] image_tag_quota                = 128 {{(pid=80783) log_opt_values /opt/stack/data/venv/lib/python3.12/site-packages/oslo_config/cfg.py:2817}}
Aug 02 06:52:49.299866 np0000032143 devstack@g-api.service[80783]: DEBUG glance.common.config [None req-293003b9-0819-474e-ab28-ae58b033c15c None None] instance_format                = [instance: %(uuid)s]  {{(pid=80783) log_opt_values /opt/stack/data/venv/lib/python3.12/site-packages/oslo_config/cfg.py:2817}}
Aug 02 06:52:49.299937 np0000032143 devstack@g-api.service[80783]: DEBUG glance.common.config [None req-293003b9-0819-474e-ab28-ae58b033c15c None None] instance_uuid_format           = [instance: %(uuid)s]  {{(pid=80783) log_opt_values /opt/stack/data/venv/lib/python3.12/site-packages/oslo_config/cfg.py:2817}}
Aug 02 06:52:49.300007 np0000032143 devstack@g-api.service[80783]: DEBUG glance.common.config [None req-293003b9-0819-474e-ab28-ae58b033c15c None None] limit_param_default            = 25 {{(pid=80783) log_opt_values /opt/stack/data/venv/lib/python3.12/site-packages/oslo_config/cfg.py:2817}}
Aug 02 06:52:49.300082 np0000032143 devstack@g-api.service[80783]: DEBUG glance.common.config [None req-293003b9-0819-474e-ab28-ae58b033c15c None None] log_color                      = False {{(pid=80783) log_opt_values /opt/stack/data/venv/lib/python3.12/site-packages/oslo_config/cfg.py:2817}}
Aug 02 06:52:49.300158 np0000032143 devstack@g-api.service[80783]: DEBUG glance.common.config [None req-293003b9-0819-474e-ab28-ae58b033c15c None None] log_config_append              = None {{(pid=80783) log_opt_values /opt/stack/data/venv/lib/python3.12/site-packages/oslo_config/cfg.py:2817}}
Aug 02 06:52:49.300232 np0000032143 devstack@g-api.service[80783]: DEBUG glance.common.config [None req-293003b9-0819-474e-ab28-ae58b033c15c None None] log_date_format                = %Y-%m-%d %H:%M:%S {{(pid=80783) log_opt_values /opt/stack/data/venv/lib/python3.12/site-packages/oslo_config/cfg.py:2817}}
Aug 02 06:52:49.300363 np0000032143 devstack@g-api.service[80783]: DEBUG glance.common.config [None req-293003b9-0819-474e-ab28-ae58b033c15c None None] log_dir                        = None {{(pid=80783) log_opt_values /opt/stack/data/venv/lib/python3.12/site-packages/oslo_config/cfg.py:2817}}
Aug 02 06:52:49.300413 np0000032143 devstack@g-api.service[80783]: DEBUG glance.common.config [None req-293003b9-0819-474e-ab28-ae58b033c15c None None] log_file                       = None {{(pid=80783) log_opt_values /opt/stack/data/venv/lib/python3.12/site-packages/oslo_config/cfg.py:2817}}
Aug 02 06:52:49.300484 np0000032143 devstack@g-api.service[80783]: DEBUG glance.common.config [None req-293003b9-0819-474e-ab28-ae58b033c15c None None] log_rotate_interval            = 1 {{(pid=80783) log_opt_values /opt/stack/data/venv/lib/python3.12/site-packages/oslo_config/cfg.py:2817}}
Aug 02 06:52:49.300556 np0000032143 devstack@g-api.service[80783]: DEBUG glance.common.config [None req-293003b9-0819-474e-ab28-ae58b033c15c None None] log_rotate_interval_type       = days {{(pid=80783) log_opt_values /opt/stack/data/venv/lib/python3.12/site-packages/oslo_config/cfg.py:2817}}
Aug 02 06:52:49.300653 np0000032143 devstack@g-api.service[80783]: DEBUG glance.common.config [None req-293003b9-0819-474e-ab28-ae58b033c15c None None] log_rotation_type              = none {{(pid=80783) log_opt_values /opt/stack/data/venv/lib/python3.12/site-packages/oslo_config/cfg.py:2817}}
Aug 02 06:52:49.300706 np0000032143 devstack@g-api.service[80783]: DEBUG glance.common.config [None req-293003b9-0819-474e-ab28-ae58b033c15c None None] logging_context_format_string  = %(color)s%(levelname)s %(name)s [%(global_request_id)s %(request_id)s %(project_name)s %(user_name)s%(color)s] %(instance)s%(color)s%(message)s {{(pid=80783) log_opt_values /opt/stack/data/venv/lib/python3.12/site-packages/oslo_config/cfg.py:2817}}
Aug 02 06:52:49.300757 np0000032143 devstack@g-api.service[80783]: DEBUG glance.common.config [None req-293003b9-0819-474e-ab28-ae58b033c15c None None] logging_debug_format_suffix    = {{(pid=%(process)d) %(funcName)s %(pathname)s:%(lineno)d}} {{(pid=80783) log_opt_values /opt/stack/data/venv/lib/python3.12/site-packages/oslo_config/cfg.py:2817}}
Aug 02 06:52:49.300852 np0000032143 devstack@g-api.service[80783]: DEBUG glance.common.config [None req-293003b9-0819-474e-ab28-ae58b033c15c None None] logging_default_format_string  = %(color)s%(levelname)s %(name)s [-%(color)s] %(instance)s%(color)s%(message)s {{(pid=80783) log_opt_values /opt/stack/data/venv/lib/python3.12/site-packages/oslo_config/cfg.py:2817}}
Aug 02 06:52:49.300929 np0000032143 devstack@g-api.service[80783]: DEBUG glance.common.config [None req-293003b9-0819-474e-ab28-ae58b033c15c None None] logging_exception_prefix       = ERROR %(name)s %(instance)s {{(pid=80783) log_opt_values /opt/stack/data/venv/lib/python3.12/site-packages/oslo_config/cfg.py:2817}}
Aug 02 06:52:49.300985 np0000032143 devstack@g-api.service[80783]: DEBUG glance.common.config [None req-293003b9-0819-474e-ab28-ae58b033c15c None None] logging_user_identity_format   = %(user)s %(project)s %(domain)s %(system_scope)s %(user_domain)s %(project_domain)s {{(pid=80783) log_opt_values /opt/stack/data/venv/lib/python3.12/site-packages/oslo_config/cfg.py:2817}}
Aug 02 06:52:49.301057 np0000032143 devstack@g-api.service[80783]: DEBUG glance.common.config [None req-293003b9-0819-474e-ab28-ae58b033c15c None None] max_header_line                = 16384 {{(pid=80783) log_opt_values /opt/stack/data/venv/lib/python3.12/site-packages/oslo_config/cfg.py:2817}}
Aug 02 06:52:49.301127 np0000032143 devstack@g-api.service[80783]: DEBUG glance.common.config [None req-293003b9-0819-474e-ab28-ae58b033c15c None None] max_logfile_count              = 30 {{(pid=80783) log_opt_values /opt/stack/data/venv/lib/python3.12/site-packages/oslo_config/cfg.py:2817}}
Aug 02 06:52:49.301206 np0000032143 devstack@g-api.service[80783]: DEBUG glance.common.config [None req-293003b9-0819-474e-ab28-ae58b033c15c None None] max_logfile_size_mb            = 200 {{(pid=80783) log_opt_values /opt/stack/data/venv/lib/python3.12/site-packages/oslo_config/cfg.py:2817}}
Aug 02 06:52:49.301277 np0000032143 devstack@g-api.service[80783]: DEBUG glance.common.config [None req-293003b9-0819-474e-ab28-ae58b033c15c None None] max_request_id_length          = 64 {{(pid=80783) log_opt_values /opt/stack/data/venv/lib/python3.12/site-packages/oslo_config/cfg.py:2817}}
Aug 02 06:52:49.301346 np0000032143 devstack@g-api.service[80783]: DEBUG glance.common.config [None req-293003b9-0819-474e-ab28-ae58b033c15c None None] metadata_encryption_key        = **** {{(pid=80783) log_opt_values /opt/stack/data/venv/lib/python3.12/site-packages/oslo_config/cfg.py:2817}}
Aug 02 06:52:49.301418 np0000032143 devstack@g-api.service[80783]: DEBUG glance.common.config [None req-293003b9-0819-474e-ab28-ae58b033c15c None None] node_staging_uri               = file:///tmp/staging/ {{(pid=80783) log_opt_values /opt/stack/data/venv/lib/python3.12/site-packages/oslo_config/cfg.py:2817}}
Aug 02 06:52:49.301487 np0000032143 devstack@g-api.service[80783]: DEBUG glance.common.config [None req-293003b9-0819-474e-ab28-ae58b033c15c None None] property_protection_file       = None {{(pid=80783) log_opt_values /opt/stack/data/venv/lib/python3.12/site-packages/oslo_config/cfg.py:2817}}
