Aug 02 05:21:25.421046 np0000032142 devstack@n-api.service[69371]: DEBUG oslo_concurrency.lockutils [None req-6071b08e-ab8a-4f6a-a7f3-22f778a93c1a None None] Lock "00000000-0000-0000-0000-000000000000" "released" by "nova.context.set_target_cell.<locals>.get_or_set_cached_cell_and_set_connections" :: held 0.000s {{(pid=69371) inner /opt/stack/data/venv/lib/python3.12/site-packages/oslo_concurrency/lockutils.py:424}}
Aug 02 05:21:25.421370 np0000032142 devstack@n-api.service[69371]: DEBUG oslo_concurrency.lockutils [None req-6071b08e-ab8a-4f6a-a7f3-22f778a93c1a None None] Acquiring lock "307aed9d-1b45-4bab-96e6-d440e1091501" by "nova.context.set_target_cell.<locals>.get_or_set_cached_cell_and_set_connections" {{(pid=69371) inner /opt/stack/data/venv/lib/python3.12/site-packages/oslo_concurrency/lockutils.py:405}}
Aug 02 05:21:25.421494 np0000032142 devstack@n-api.service[69371]: DEBUG oslo_concurrency.lockutils [None req-6071b08e-ab8a-4f6a-a7f3-22f778a93c1a None None] Lock "307aed9d-1b45-4bab-96e6-d440e1091501" acquired by "nova.context.set_target_cell.<locals>.get_or_set_cached_cell_and_set_connections" :: waited 0.000s {{(pid=69371) inner /opt/stack/data/venv/lib/python3.12/site-packages/oslo_concurrency/lockutils.py:410}}
Aug 02 05:21:25.422072 np0000032142 devstack@n-api.service[69372]: DEBUG nova.context [None req-7afbf301-daa5-4467-b501-191e2bca9ca1 None None] Found 2 cells: 00000000-0000-0000-0000-000000000000(cell0),307aed9d-1b45-4bab-96e6-d440e1091501(cell1) {{(pid=69372) load_cells /opt/stack/nova/nova/context.py:472}}
Aug 02 05:21:25.422179 np0000032142 devstack@n-api.service[69371]: DEBUG oslo_concurrency.lockutils [None req-6071b08e-ab8a-4f6a-a7f3-22f778a93c1a None None] Lock "307aed9d-1b45-4bab-96e6-d440e1091501" "released" by "nova.context.set_target_cell.<locals>.get_or_set_cached_cell_and_set_connections" :: held 0.001s {{(pid=69371) inner /opt/stack/data/venv/lib/python3.12/site-packages/oslo_concurrency/lockutils.py:424}}
Aug 02 05:21:25.422270 np0000032142 devstack@n-api.service[69372]: INFO nova.utils [None req-7afbf301-daa5-4467-b501-191e2bca9ca1 None None] The cell worker thread pool MainProcess.cell_worker is initialized
Aug 02 05:21:25.423266 np0000032142 devstack@n-api.service[69371]: INFO dbcounter [None req-6071b08e-ab8a-4f6a-a7f3-22f778a93c1a None None] Registered counter for database nova_cell0
Aug 02 05:21:25.423636 np0000032142 devstack@n-api.service[69372]: DEBUG oslo_concurrency.lockutils [None req-7afbf301-daa5-4467-b501-191e2bca9ca1 None None] Acquiring lock "00000000-0000-0000-0000-000000000000" by "nova.context.set_target_cell.<locals>.get_or_set_cached_cell_and_set_connections" {{(pid=69372) inner /opt/stack/data/venv/lib/python3.12/site-packages/oslo_concurrency/lockutils.py:405}}
Aug 02 05:21:25.423806 np0000032142 devstack@n-api.service[69372]: DEBUG oslo_concurrency.lockutils [None req-7afbf301-daa5-4467-b501-191e2bca9ca1 None None] Lock "00000000-0000-0000-0000-000000000000" acquired by "nova.context.set_target_cell.<locals>.get_or_set_cached_cell_and_set_connections" :: waited 0.000s {{(pid=69372) inner /opt/stack/data/venv/lib/python3.12/site-packages/oslo_concurrency/lockutils.py:410}}
Aug 02 05:21:25.424116 np0000032142 devstack@n-api.service[69372]: DEBUG oslo_concurrency.lockutils [None req-7afbf301-daa5-4467-b501-191e2bca9ca1 None None] Lock "00000000-0000-0000-0000-000000000000" "released" by "nova.context.set_target_cell.<locals>.get_or_set_cached_cell_and_set_connections" :: held 0.000s {{(pid=69372) inner /opt/stack/data/venv/lib/python3.12/site-packages/oslo_concurrency/lockutils.py:424}}
Aug 02 05:21:25.424451 np0000032142 devstack@n-api.service[69372]: DEBUG oslo_concurrency.lockutils [None req-7afbf301-daa5-4467-b501-191e2bca9ca1 None None] Acquiring lock "307aed9d-1b45-4bab-96e6-d440e1091501" by "nova.context.set_target_cell.<locals>.get_or_set_cached_cell_and_set_connections" {{(pid=69372) inner /opt/stack/data/venv/lib/python3.12/site-packages/oslo_concurrency/lockutils.py:405}}
Aug 02 05:21:25.424583 np0000032142 devstack@n-api.service[69372]: DEBUG oslo_concurrency.lockutils [None req-7afbf301-daa5-4467-b501-191e2bca9ca1 None None] Lock "307aed9d-1b45-4bab-96e6-d440e1091501" acquired by "nova.context.set_target_cell.<locals>.get_or_set_cached_cell_and_set_connections" :: waited 0.000s {{(pid=69372) inner /opt/stack/data/venv/lib/python3.12/site-packages/oslo_concurrency/lockutils.py:410}}
Aug 02 05:21:25.425093 np0000032142 devstack@n-api.service[69371]: INFO dbcounter [None req-6071b08e-ab8a-4f6a-a7f3-22f778a93c1a None None] Registered counter for database nova_cell1
Aug 02 05:21:25.425258 np0000032142 devstack@n-api.service[69372]: DEBUG oslo_concurrency.lockutils [None req-7afbf301-daa5-4467-b501-191e2bca9ca1 None None] Lock "307aed9d-1b45-4bab-96e6-d440e1091501" "released" by "nova.context.set_target_cell.<locals>.get_or_set_cached_cell_and_set_connections" :: held 0.001s {{(pid=69372) inner /opt/stack/data/venv/lib/python3.12/site-packages/oslo_concurrency/lockutils.py:424}}
Aug 02 05:21:25.426367 np0000032142 devstack@n-api.service[69372]: INFO dbcounter [None req-7afbf301-daa5-4467-b501-191e2bca9ca1 None None] Registered counter for database nova_cell0
Aug 02 05:21:25.427898 np0000032142 devstack@n-api.service[69371]: DEBUG oslo_db.sqlalchemy.engines [None req-6071b08e-ab8a-4f6a-a7f3-22f778a93c1a None None] MySQL server mode set to STRICT_TRANS_TABLES,STRICT_ALL_TABLES,NO_ZERO_IN_DATE,NO_ZERO_DATE,ERROR_FOR_DIVISION_BY_ZERO,TRADITIONAL,NO_ENGINE_SUBSTITUTION {{(pid=69371) _check_effective_sql_mode /opt/stack/data/venv/lib/python3.12/site-packages/oslo_db/sqlalchemy/engines.py:397}}
Aug 02 05:21:25.428212 np0000032142 devstack@n-api.service[69372]: INFO dbcounter [None req-7afbf301-daa5-4467-b501-191e2bca9ca1 None None] Registered counter for database nova_cell1
Aug 02 05:21:25.432069 np0000032142 devstack@n-api.service[69372]: DEBUG oslo_db.sqlalchemy.engines [None req-7afbf301-daa5-4467-b501-191e2bca9ca1 None None] MySQL server mode set to STRICT_TRANS_TABLES,STRICT_ALL_TABLES,NO_ZERO_IN_DATE,NO_ZERO_DATE,ERROR_FOR_DIVISION_BY_ZERO,TRADITIONAL,NO_ENGINE_SUBSTITUTION {{(pid=69372) _check_effective_sql_mode /opt/stack/data/venv/lib/python3.12/site-packages/oslo_db/sqlalchemy/engines.py:397}}
Aug 02 05:21:25.488870 np0000032142 devstack@n-api.service[69371]: DEBUG oslo_db.sqlalchemy.engines [None req-6071b08e-ab8a-4f6a-a7f3-22f778a93c1a None None] MySQL server mode set to STRICT_TRANS_TABLES,STRICT_ALL_TABLES,NO_ZERO_IN_DATE,NO_ZERO_DATE,ERROR_FOR_DIVISION_BY_ZERO,TRADITIONAL,NO_ENGINE_SUBSTITUTION {{(pid=69371) _check_effective_sql_mode /opt/stack/data/venv/lib/python3.12/site-packages/oslo_db/sqlalchemy/engines.py:397}}
Aug 02 05:21:25.489175 np0000032142 devstack@n-api.service[69371]: DEBUG dbcounter [-] [69371] Writer thread running {{(pid=69371) stat_writer /opt/stack/data/venv/lib/python3.12/site-packages/dbcounter.py:102}}
Aug 02 05:21:25.491566 np0000032142 devstack@n-api.service[69372]: DEBUG oslo_db.sqlalchemy.engines [None req-7afbf301-daa5-4467-b501-191e2bca9ca1 None None] MySQL server mode set to STRICT_TRANS_TABLES,STRICT_ALL_TABLES,NO_ZERO_IN_DATE,NO_ZERO_DATE,ERROR_FOR_DIVISION_BY_ZERO,TRADITIONAL,NO_ENGINE_SUBSTITUTION {{(pid=69372) _check_effective_sql_mode /opt/stack/data/venv/lib/python3.12/site-packages/oslo_db/sqlalchemy/engines.py:397}}
Aug 02 05:21:25.491864 np0000032142 devstack@n-api.service[69372]: DEBUG dbcounter [-] [69372] Writer thread running {{(pid=69372) stat_writer /opt/stack/data/venv/lib/python3.12/site-packages/dbcounter.py:102}}
Aug 02 05:21:25.492578 np0000032142 devstack@n-api.service[69371]: DEBUG dbcounter [-] [69371] Writer thread running {{(pid=69371) stat_writer /opt/stack/data/venv/lib/python3.12/site-packages/dbcounter.py:102}}
Aug 02 05:21:25.494398 np0000032142 devstack@n-api.service[69371]: INFO dbcounter [None req-6071b08e-ab8a-4f6a-a7f3-22f778a93c1a None None] Registered counter for database nova_cell0
Aug 02 05:21:25.495265 np0000032142 devstack@n-api.service[69372]: DEBUG dbcounter [-] [69372] Writer thread running {{(pid=69372) stat_writer /opt/stack/data/venv/lib/python3.12/site-packages/dbcounter.py:102}}
Aug 02 05:21:25.497046 np0000032142 devstack@n-api.service[69372]: INFO dbcounter [None req-7afbf301-daa5-4467-b501-191e2bca9ca1 None None] Registered counter for database nova_cell0
Aug 02 05:21:25.499214 np0000032142 devstack@n-api.service[69371]: DEBUG oslo_db.sqlalchemy.engines [None req-6071b08e-ab8a-4f6a-a7f3-22f778a93c1a None None] MySQL server mode set to STRICT_TRANS_TABLES,STRICT_ALL_TABLES,NO_ZERO_IN_DATE,NO_ZERO_DATE,ERROR_FOR_DIVISION_BY_ZERO,TRADITIONAL,NO_ENGINE_SUBSTITUTION {{(pid=69371) _check_effective_sql_mode /opt/stack/data/venv/lib/python3.12/site-packages/oslo_db/sqlalchemy/engines.py:397}}
Aug 02 05:21:25.501882 np0000032142 devstack@n-api.service[69372]: DEBUG oslo_db.sqlalchemy.engines [None req-7afbf301-daa5-4467-b501-191e2bca9ca1 None None] MySQL server mode set to STRICT_TRANS_TABLES,STRICT_ALL_TABLES,NO_ZERO_IN_DATE,NO_ZERO_DATE,ERROR_FOR_DIVISION_BY_ZERO,TRADITIONAL,NO_ENGINE_SUBSTITUTION {{(pid=69372) _check_effective_sql_mode /opt/stack/data/venv/lib/python3.12/site-packages/oslo_db/sqlalchemy/engines.py:397}}
Aug 02 05:21:25.502685 np0000032142 devstack@n-api.service[69371]: DEBUG dbcounter [-] [69371] Writer thread running {{(pid=69371) stat_writer /opt/stack/data/venv/lib/python3.12/site-packages/dbcounter.py:102}}
Aug 02 05:21:25.505429 np0000032142 devstack@n-api.service[69372]: DEBUG dbcounter [-] [69372] Writer thread running {{(pid=69372) stat_writer /opt/stack/data/venv/lib/python3.12/site-packages/dbcounter.py:102}}
Aug 02 05:21:25.828176 np0000032142 devstack@n-api.service[69371]: DEBUG oslo_concurrency.processutils [None req-6071b08e-ab8a-4f6a-a7f3-22f778a93c1a None None] Running cmd (subprocess): grep -F node.session.scan /sbin/iscsiadm {{(pid=69371) execute /opt/stack/data/venv/lib/python3.12/site-packages/oslo_concurrency/processutils.py:349}}
Aug 02 05:21:25.829874 np0000032142 devstack@n-api.service[69372]: DEBUG oslo_concurrency.processutils [None req-7afbf301-daa5-4467-b501-191e2bca9ca1 None None] Running cmd (subprocess): grep -F node.session.scan /sbin/iscsiadm {{(pid=69372) execute /opt/stack/data/venv/lib/python3.12/site-packages/oslo_concurrency/processutils.py:349}}
Aug 02 05:21:25.835504 np0000032142 devstack@n-api.service[69371]: DEBUG oslo_concurrency.processutils [None req-6071b08e-ab8a-4f6a-a7f3-22f778a93c1a None None] CMD "grep -F node.session.scan /sbin/iscsiadm" returned: 0 in 0.008s {{(pid=69371) execute /opt/stack/data/venv/lib/python3.12/site-packages/oslo_concurrency/processutils.py:372}}
Aug 02 05:21:25.836463 np0000032142 devstack@n-api.service[69372]: DEBUG oslo_concurrency.processutils [None req-7afbf301-daa5-4467-b501-191e2bca9ca1 None None] CMD "grep -F node.session.scan /sbin/iscsiadm" returned: 0 in 0.007s {{(pid=69372) execute /opt/stack/data/venv/lib/python3.12/site-packages/oslo_concurrency/processutils.py:372}}
Aug 02 05:21:26.185306 np0000032142 devstack@n-api.service[69372]: WARNING keystonemiddleware.auth_token [None req-7afbf301-daa5-4467-b501-191e2bca9ca1 None None] AuthToken middleware is set with keystone_authtoken.service_token_roles_required set to False. This is backwards compatible but deprecated behaviour. Please set this to True.
Aug 02 05:21:26.185363 np0000032142 devstack@n-api.service[69371]: WARNING keystonemiddleware.auth_token [None req-6071b08e-ab8a-4f6a-a7f3-22f778a93c1a None None] AuthToken middleware is set with keystone_authtoken.service_token_roles_required set to False. This is backwards compatible but deprecated behaviour. Please set this to True.
Aug 02 05:21:26.188548 np0000032142 devstack@n-api.service[69372]: WARNING keystonemiddleware.auth_token [None req-7afbf301-daa5-4467-b501-191e2bca9ca1 None None] Configuring www_authenticate_uri to point to the public identity endpoint is required; clients may not be able to authenticate against an admin endpoint
Aug 02 05:21:26.188630 np0000032142 devstack@n-api.service[69371]: WARNING keystonemiddleware.auth_token [None req-6071b08e-ab8a-4f6a-a7f3-22f778a93c1a None None] Configuring www_authenticate_uri to point to the public identity endpoint is required; clients may not be able to authenticate against an admin endpoint
Aug 02 05:21:26.344055 np0000032142 devstack@n-api.service[69372]: WARNING keystonemiddleware.auth_token [None req-7afbf301-daa5-4467-b501-191e2bca9ca1 None None] AuthToken middleware is set with keystone_authtoken.service_token_roles_required set to False. This is backwards compatible but deprecated behaviour. Please set this to True.
Aug 02 05:21:26.344634 np0000032142 devstack@n-api.service[69371]: WARNING keystonemiddleware.auth_token [None req-6071b08e-ab8a-4f6a-a7f3-22f778a93c1a None None] AuthToken middleware is set with keystone_authtoken.service_token_roles_required set to False. This is backwards compatible but deprecated behaviour. Please set this to True.
Aug 02 05:21:26.346552 np0000032142 devstack@n-api.service[69372]: WARNING keystonemiddleware.auth_token [None req-7afbf301-daa5-4467-b501-191e2bca9ca1 None None] Configuring www_authenticate_uri to point to the public identity endpoint is required; clients may not be able to authenticate against an admin endpoint
Aug 02 05:21:26.347103 np0000032142 devstack@n-api.service[69371]: WARNING keystonemiddleware.auth_token [None req-6071b08e-ab8a-4f6a-a7f3-22f778a93c1a None None] Configuring www_authenticate_uri to point to the public identity endpoint is required; clients may not be able to authenticate against an admin endpoint
Aug 02 05:21:26.348430 np0000032142 devstack@n-api.service[69372]: WSGI app 0 (mountpoint='') ready in 3 seconds on interpreter 0x7595ad8a39e8 pid: 69372 (default app)
Aug 02 05:21:26.348964 np0000032142 devstack@n-api.service[69371]: WSGI app 0 (mountpoint='') ready in 3 seconds on interpreter 0x7595ad8a39e8 pid: 69371 (default app)
Aug 02 05:21:26.349345 np0000032142 devstack@n-api.service[69372]: DEBUG nova.api.openstack.wsgi [None req-7afbf301-daa5-4467-b501-191e2bca9ca1 None None] Calling method '<bound method VersionsV2.index of <nova.api.openstack.compute.versions.VersionsV2 object at 0x7595a7394dd0>>' {{(pid=69372) _process_stack /opt/stack/nova/nova/api/openstack/wsgi.py:552}}
Aug 02 05:21:26.351917 np0000032142 devstack@n-api.service[69372]: INFO nova.api.openstack.requestlog [None req-7afbf301-daa5-4467-b501-191e2bca9ca1 None None] 192.168.1.120 "GET /compute/v2.1/" status: 200 len: 391 microversion: 2.1 time: 0.002791
Aug 02 05:21:26.352098 np0000032142 devstack@n-api.service[69372]: [pid: 69372|app: 0|req: 1/1] 192.168.1.120 () {50 vars in 771 bytes} [Sat Aug  2 05:21:26 2025] GET /compute/v2.1/ => generated 391 bytes in 3 msecs (HTTP/1.1 200) 9 headers in 357 bytes (1 switches on core 0)
Aug 02 05:22:00.089253 np0000032142 devstack@n-api.service[69371]: DEBUG nova.api.openstack.wsgi [None req-6071b08e-ab8a-4f6a-a7f3-22f778a93c1a None None] Calling method '<bound method VersionsV2.index of <nova.api.openstack.compute.versions.VersionsV2 object at 0x7595a70171d0>>' {{(pid=69371) _process_stack /opt/stack/nova/nova/api/openstack/wsgi.py:552}}
Aug 02 05:22:00.091557 np0000032142 devstack@n-api.service[69371]: INFO nova.api.openstack.requestlog [None req-6071b08e-ab8a-4f6a-a7f3-22f778a93c1a None None] 192.168.1.120 "GET /compute/v2.1" status: 200 len: 392 microversion: 2.1 time: 0.003644
Aug 02 05:22:00.091752 np0000032142 devstack@n-api.service[69371]: [pid: 69371|app: 0|req: 1/2] 192.168.1.120 () {62 vars in 1056 bytes} [Sat Aug  2 05:22:00 2025] GET /compute/v2.1 => generated 392 bytes in 4 msecs (HTTP/1.1 200) 9 headers in 357 bytes (1 switches on core 0)
Aug 02 05:22:00.102659 np0000032142 devstack@n-api.service[69372]: DEBUG dbcounter [-] [69372] Writing DB stats nova_api:SELECT=1 {{(pid=69372) stat_writer /opt/stack/data/venv/lib/python3.12/site-packages/dbcounter.py:115}}
Aug 02 05:22:00.103324 np0000032142 devstack@n-api.service[69372]: DEBUG dbcounter [-] [69372] Writing DB stats nova_cell0:SELECT=1 {{(pid=69372) stat_writer /opt/stack/data/venv/lib/python3.12/site-packages/dbcounter.py:115}}
Aug 02 05:22:00.103667 np0000032142 devstack@n-api.service[69372]: DEBUG dbcounter [-] [69372] Writing DB stats nova_cell1:SELECT=1 {{(pid=69372) stat_writer /opt/stack/data/venv/lib/python3.12/site-packages/dbcounter.py:115}}
Aug 02 05:22:00.103963 np0000032142 devstack@n-api.service[69372]: DEBUG dbcounter [-] [69372] Writing DB stats nova_cell0:SELECT=2,nova_cell0:INSERT=1 {{(pid=69372) stat_writer /opt/stack/data/venv/lib/python3.12/site-packages/dbcounter.py:115}}
Aug 02 05:22:00.208631 np0000032142 devstack@n-api.service[69372]: DEBUG nova.api.openstack.wsgi [None req-08fd3060-868f-4623-9ba8-bf1be6477517 admin admin] Calling method '<bound method FlavorsController.detail of <nova.api.openstack.compute.flavors.FlavorsController object at 0x7595a6b76330>>' {{(pid=69372) _process_stack /opt/stack/nova/nova/api/openstack/wsgi.py:552}}
Aug 02 05:22:00.224949 np0000032142 devstack@n-api.service[69372]: INFO nova.api.openstack.requestlog [None req-08fd3060-868f-4623-9ba8-bf1be6477517 admin admin] 192.168.1.120 "GET /compute/v2.1/flavors/detail?is_public=True" status: 200 len: 15 microversion: 2.61 time: 0.128363
Aug 02 05:22:00.225177 np0000032142 devstack@n-api.service[69372]: [pid: 69372|app: 0|req: 2/3] 192.168.1.120 () {68 vars in 1417 bytes} [Sat Aug  2 05:22:00 2025] GET /compute/v2.1/flavors/detail?is_public=True => generated 15 bytes in 129 msecs (HTTP/1.1 200) 9 headers in 358 bytes (1 switches on core 0)
Aug 02 05:22:00.305315 np0000032142 devstack@n-api.service[69371]: DEBUG dbcounter [-] [69371] Writing DB stats nova_api:SELECT=1 {{(pid=69371) stat_writer /opt/stack/data/venv/lib/python3.12/site-packages/dbcounter.py:115}}
Aug 02 05:22:00.305966 np0000032142 devstack@n-api.service[69371]: DEBUG dbcounter [-] [69371] Writing DB stats nova_cell0:SELECT=1 {{(pid=69371) stat_writer /opt/stack/data/venv/lib/python3.12/site-packages/dbcounter.py:115}}
Aug 02 05:22:00.306291 np0000032142 devstack@n-api.service[69371]: DEBUG dbcounter [-] [69371] Writing DB stats nova_cell1:SELECT=1 {{(pid=69371) stat_writer /opt/stack/data/venv/lib/python3.12/site-packages/dbcounter.py:115}}
Aug 02 05:22:00.306637 np0000032142 devstack@n-api.service[69371]: DEBUG dbcounter [-] [69371] Writing DB stats nova_cell0:SELECT=2,nova_cell0:INSERT=1 {{(pid=69371) stat_writer /opt/stack/data/venv/lib/python3.12/site-packages/dbcounter.py:115}}
Aug 02 05:22:00.362651 np0000032142 devstack@n-api.service[69371]: DEBUG nova.api.openstack.wsgi [None req-425633d0-b5f2-40b1-b857-e354fe49982c admin admin] Action: 'create', calling method: <bound method FlavorsController.create of <nova.api.openstack.compute.flavors.FlavorsController object at 0x7595a6b72720>>, body: {"flavor": {"name": "cirros256", "ram": 256, "id": "c1", "swap": 0, "OS-FLV-EXT-DATA:ephemeral": 0, "os-flavor-access:is_public": true, "disk": 1, "rxtx_factor": 1.0, "vcpus": 1}} {{(pid=69371) _process_stack /opt/stack/nova/nova/api/openstack/wsgi.py:550}}
Aug 02 05:22:00.390607 np0000032142 devstack@n-api.service[69371]: INFO nova.api.openstack.requestlog [None req-425633d0-b5f2-40b1-b857-e354fe49982c admin admin] 192.168.1.120 "POST /compute/v2.1/flavors" status: 200 len: 413 microversion: 2.61 time: 0.088612
Aug 02 05:22:00.390811 np0000032142 devstack@n-api.service[69371]: [pid: 69371|app: 0|req: 2/4] 192.168.1.120 () {72 vars in 1408 bytes} [Sat Aug  2 05:22:00 2025] POST /compute/v2.1/flavors => generated 413 bytes in 89 msecs (HTTP/1.1 200) 9 headers in 359 bytes (1 switches on core 0)
Aug 02 05:22:00.399341 np0000032142 devstack@n-api.service[69372]: DEBUG nova.api.openstack.wsgi [None req-580c7186-b976-4e4f-9f8b-06d34b181f47 admin admin] Action: 'create', calling method: <bound method FlavorExtraSpecsController.create of <nova.api.openstack.compute.flavors_extraspecs.FlavorExtraSpecsController object at 0x7595a6b76a80>>, body: {"extra_specs": {"hw_rng:allowed": "True"}} {{(pid=69372) _process_stack /opt/stack/nova/nova/api/openstack/wsgi.py:550}}
Aug 02 05:22:00.423693 np0000032142 devstack@n-api.service[69372]: INFO nova.api.openstack.requestlog [None req-580c7186-b976-4e4f-9f8b-06d34b181f47 admin admin] 192.168.1.120 "POST /compute/v2.1/flavors/c1/os-extra_specs" status: 200 len: 43 microversion: 2.61 time: 0.025936
Aug 02 05:22:00.423859 np0000032142 devstack@n-api.service[69372]: [pid: 69372|app: 0|req: 3/5] 192.168.1.120 () {72 vars in 1461 bytes} [Sat Aug  2 05:22:00 2025] POST /compute/v2.1/flavors/c1/os-extra_specs => generated 43 bytes in 26 msecs (HTTP/1.1 200) 9 headers in 358 bytes (1 switches on core 0)
Aug 02 05:22:00.502078 np0000032142 devstack@n-api.service[69371]: DEBUG nova.api.openstack.wsgi [None req-978e9066-e3db-4e29-b600-503c2b258901 admin admin] Action: 'create', calling method: <bound method FlavorsController.create of <nova.api.openstack.compute.flavors.FlavorsController object at 0x7595a6b72720>>, body: {"flavor": {"name": "ds512M", "ram": 512, "id": "d1", "swap": 0, "OS-FLV-EXT-DATA:ephemeral": 0, "os-flavor-access:is_public": true, "disk": 5, "rxtx_factor": 1.0, "vcpus": 1}} {{(pid=69371) _process_stack /opt/stack/nova/nova/api/openstack/wsgi.py:550}}
Aug 02 05:22:00.512458 np0000032142 devstack@n-api.service[69371]: INFO nova.api.openstack.requestlog [None req-978e9066-e3db-4e29-b600-503c2b258901 admin admin] 192.168.1.120 "POST /compute/v2.1/flavors" status: 200 len: 410 microversion: 2.61 time: 0.012891
Aug 02 05:22:00.512694 np0000032142 devstack@n-api.service[69371]: [pid: 69371|app: 0|req: 3/6] 192.168.1.120 () {72 vars in 1408 bytes} [Sat Aug  2 05:22:00 2025] POST /compute/v2.1/flavors => generated 410 bytes in 13 msecs (HTTP/1.1 200) 9 headers in 359 bytes (1 switches on core 0)
Aug 02 05:22:00.520484 np0000032142 devstack@n-api.service[69372]: DEBUG nova.api.openstack.wsgi [None req-b2a4012f-36e9-4e49-b4c3-30717749f903 admin admin] Action: 'create', calling method: <bound method FlavorExtraSpecsController.create of <nova.api.openstack.compute.flavors_extraspecs.FlavorExtraSpecsController object at 0x7595a6b76a80>>, body: {"extra_specs": {"hw_rng:allowed": "True"}} {{(pid=69372) _process_stack /opt/stack/nova/nova/api/openstack/wsgi.py:550}}
Aug 02 05:22:00.534021 np0000032142 devstack@n-api.service[69372]: INFO nova.api.openstack.requestlog [None req-b2a4012f-36e9-4e49-b4c3-30717749f903 admin admin] 192.168.1.120 "POST /compute/v2.1/flavors/d1/os-extra_specs" status: 200 len: 43 microversion: 2.61 time: 0.015054
Aug 02 05:22:00.534354 np0000032142 devstack@n-api.service[69372]: [pid: 69372|app: 0|req: 4/7] 192.168.1.120 () {72 vars in 1461 bytes} [Sat Aug  2 05:22:00 2025] POST /compute/v2.1/flavors/d1/os-extra_specs => generated 43 bytes in 15 msecs (HTTP/1.1 200) 9 headers in 358 bytes (1 switches on core 0)
Aug 02 05:22:00.612110 np0000032142 devstack@n-api.service[69371]: DEBUG nova.api.openstack.wsgi [None req-53d13117-8c7f-4310-a6ad-bdf1cd1baa07 admin admin] Action: 'create', calling method: <bound method FlavorsController.create of <nova.api.openstack.compute.flavors.FlavorsController object at 0x7595a6b72720>>, body: {"flavor": {"name": "ds1G", "ram": 1024, "id": "d2", "swap": 0, "OS-FLV-EXT-DATA:ephemeral": 0, "os-flavor-access:is_public": true, "disk": 10, "rxtx_factor": 1.0, "vcpus": 1}} {{(pid=69371) _process_stack /opt/stack/nova/nova/api/openstack/wsgi.py:550}}
Aug 02 05:22:00.622077 np0000032142 devstack@n-api.service[69371]: INFO nova.api.openstack.requestlog [None req-53d13117-8c7f-4310-a6ad-bdf1cd1baa07 admin admin] 192.168.1.120 "POST /compute/v2.1/flavors" status: 200 len: 410 microversion: 2.61 time: 0.011422
Aug 02 05:22:00.622310 np0000032142 devstack@n-api.service[69371]: [pid: 69371|app: 0|req: 4/8] 192.168.1.120 () {72 vars in 1408 bytes} [Sat Aug  2 05:22:00 2025] POST /compute/v2.1/flavors => generated 410 bytes in 12 msecs (HTTP/1.1 200) 9 headers in 359 bytes (1 switches on core 0)
Aug 02 05:22:00.632785 np0000032142 devstack@n-api.service[69372]: DEBUG nova.api.openstack.wsgi [None req-f9a8b951-d4ad-4fcd-89af-cc5ce8a9a199 admin admin] Action: 'create', calling method: <bound method FlavorExtraSpecsController.create of <nova.api.openstack.compute.flavors_extraspecs.FlavorExtraSpecsController object at 0x7595a6b76a80>>, body: {"extra_specs": {"hw_rng:allowed": "True"}} {{(pid=69372) _process_stack /opt/stack/nova/nova/api/openstack/wsgi.py:550}}
Aug 02 05:22:00.649900 np0000032142 devstack@n-api.service[69372]: INFO nova.api.openstack.requestlog [None req-f9a8b951-d4ad-4fcd-89af-cc5ce8a9a199 admin admin] 192.168.1.120 "POST /compute/v2.1/flavors/d2/os-extra_specs" status: 200 len: 43 microversion: 2.61 time: 0.018557
Aug 02 05:22:00.650142 np0000032142 devstack@n-api.service[69372]: [pid: 69372|app: 0|req: 5/9] 192.168.1.120 () {72 vars in 1461 bytes} [Sat Aug  2 05:22:00 2025] POST /compute/v2.1/flavors/d2/os-extra_specs => generated 43 bytes in 19 msecs (HTTP/1.1 200) 9 headers in 358 bytes (1 switches on core 0)
Aug 02 05:22:00.725041 np0000032142 devstack@n-api.service[69371]: DEBUG nova.api.openstack.wsgi [None req-c54a8ff1-d9d5-4638-9b06-82360b24a3f7 admin admin] Action: 'create', calling method: <bound method FlavorsController.create of <nova.api.openstack.compute.flavors.FlavorsController object at 0x7595a6b72720>>, body: {"flavor": {"name": "ds2G", "ram": 2048, "id": "d3", "swap": 0, "OS-FLV-EXT-DATA:ephemeral": 0, "os-flavor-access:is_public": true, "disk": 10, "rxtx_factor": 1.0, "vcpus": 2}} {{(pid=69371) _process_stack /opt/stack/nova/nova/api/openstack/wsgi.py:550}}
Aug 02 05:22:00.735848 np0000032142 devstack@n-api.service[69371]: INFO nova.api.openstack.requestlog [None req-c54a8ff1-d9d5-4638-9b06-82360b24a3f7 admin admin] 192.168.1.120 "POST /compute/v2.1/flavors" status: 200 len: 410 microversion: 2.61 time: 0.012286
Aug 02 05:22:00.736061 np0000032142 devstack@n-api.service[69371]: [pid: 69371|app: 0|req: 5/10] 192.168.1.120 () {72 vars in 1408 bytes} [Sat Aug  2 05:22:00 2025] POST /compute/v2.1/flavors => generated 410 bytes in 12 msecs (HTTP/1.1 200) 9 headers in 359 bytes (1 switches on core 0)
Aug 02 05:22:00.743112 np0000032142 devstack@n-api.service[69372]: DEBUG nova.api.openstack.wsgi [None req-97a72167-b236-4ac5-a634-61e7e1548577 admin admin] Action: 'create', calling method: <bound method FlavorExtraSpecsController.create of <nova.api.openstack.compute.flavors_extraspecs.FlavorExtraSpecsController object at 0x7595a6b76a80>>, body: {"extra_specs": {"hw_rng:allowed": "True"}} {{(pid=69372) _process_stack /opt/stack/nova/nova/api/openstack/wsgi.py:550}}
Aug 02 05:22:00.754970 np0000032142 devstack@n-api.service[69372]: INFO nova.api.openstack.requestlog [None req-97a72167-b236-4ac5-a634-61e7e1548577 admin admin] 192.168.1.120 "POST /compute/v2.1/flavors/d3/os-extra_specs" status: 200 len: 43 microversion: 2.61 time: 0.013322
Aug 02 05:22:00.755197 np0000032142 devstack@n-api.service[69372]: [pid: 69372|app: 0|req: 6/11] 192.168.1.120 () {72 vars in 1461 bytes} [Sat Aug  2 05:22:00 2025] POST /compute/v2.1/flavors/d3/os-extra_specs => generated 43 bytes in 14 msecs (HTTP/1.1 200) 9 headers in 358 bytes (1 switches on core 0)
Aug 02 05:22:00.836233 np0000032142 devstack@n-api.service[69371]: DEBUG nova.api.openstack.wsgi [None req-f4d0f39f-b135-4967-bf62-106e12b73b43 admin admin] Action: 'create', calling method: <bound method FlavorsController.create of <nova.api.openstack.compute.flavors.FlavorsController object at 0x7595a6b72720>>, body: {"flavor": {"name": "ds4G", "ram": 4096, "id": "d4", "swap": 0, "OS-FLV-EXT-DATA:ephemeral": 0, "os-flavor-access:is_public": true, "disk": 20, "rxtx_factor": 1.0, "vcpus": 4}} {{(pid=69371) _process_stack /opt/stack/nova/nova/api/openstack/wsgi.py:550}}
Aug 02 05:22:00.847908 np0000032142 devstack@n-api.service[69371]: INFO nova.api.openstack.requestlog [None req-f4d0f39f-b135-4967-bf62-106e12b73b43 admin admin] 192.168.1.120 "POST /compute/v2.1/flavors" status: 200 len: 410 microversion: 2.61 time: 0.016397
Aug 02 05:22:00.848133 np0000032142 devstack@n-api.service[69371]: [pid: 69371|app: 0|req: 6/12] 192.168.1.120 () {72 vars in 1408 bytes} [Sat Aug  2 05:22:00 2025] POST /compute/v2.1/flavors => generated 410 bytes in 17 msecs (HTTP/1.1 200) 9 headers in 359 bytes (1 switches on core 0)
Aug 02 05:22:00.855923 np0000032142 devstack@n-api.service[69372]: DEBUG nova.api.openstack.wsgi [None req-b7ae4668-16c1-44d8-a487-5d86d4a497c9 admin admin] Action: 'create', calling method: <bound method FlavorExtraSpecsController.create of <nova.api.openstack.compute.flavors_extraspecs.FlavorExtraSpecsController object at 0x7595a6b76a80>>, body: {"extra_specs": {"hw_rng:allowed": "True"}} {{(pid=69372) _process_stack /opt/stack/nova/nova/api/openstack/wsgi.py:550}}
Aug 02 05:22:00.867242 np0000032142 devstack@n-api.service[69372]: INFO nova.api.openstack.requestlog [None req-b7ae4668-16c1-44d8-a487-5d86d4a497c9 admin admin] 192.168.1.120 "POST /compute/v2.1/flavors/d4/os-extra_specs" status: 200 len: 43 microversion: 2.61 time: 0.012804
Aug 02 05:22:00.867501 np0000032142 devstack@n-api.service[69372]: [pid: 69372|app: 0|req: 7/13] 192.168.1.120 () {72 vars in 1461 bytes} [Sat Aug  2 05:22:00 2025] POST /compute/v2.1/flavors/d4/os-extra_specs => generated 43 bytes in 13 msecs (HTTP/1.1 200) 9 headers in 358 bytes (1 switches on core 0)
Aug 02 05:22:00.959726 np0000032142 devstack@n-api.service[69371]: DEBUG nova.api.openstack.wsgi [None req-56507d16-17a1-4064-a644-a605e8096d2d admin admin] Calling method '<bound method FlavorsController.detail of <nova.api.openstack.compute.flavors.FlavorsController object at 0x7595a6b72870>>' {{(pid=69371) _process_stack /opt/stack/nova/nova/api/openstack/wsgi.py:552}}
Aug 02 05:22:00.976441 np0000032142 devstack@n-api.service[69371]: INFO nova.api.openstack.requestlog [None req-56507d16-17a1-4064-a644-a605e8096d2d admin admin] 192.168.1.120 "GET /compute/v2.1/flavors/detail?is_public=True" status: 200 len: 2136 microversion: 2.61 time: 0.015735
Aug 02 05:22:00.976441 np0000032142 devstack@n-api.service[69371]: [pid: 69371|app: 0|req: 7/14] 192.168.1.120 () {68 vars in 1417 bytes} [Sat Aug  2 05:22:00 2025] GET /compute/v2.1/flavors/detail?is_public=True => generated 2136 bytes in 16 msecs (HTTP/1.1 200) 9 headers in 360 bytes (1 switches on core 0)
Aug 02 05:22:01.065739 np0000032142 devstack@n-api.service[69372]: DEBUG nova.api.openstack.wsgi [None req-03c7d035-ac47-478b-838a-cfb279443240 admin admin] Action: 'create', calling method: <bound method FlavorsController.create of <nova.api.openstack.compute.flavors.FlavorsController object at 0x7595a6b761e0>>, body: {"flavor": {"name": "m1.tiny", "ram": 512, "id": "1", "swap": 0, "OS-FLV-EXT-DATA:ephemeral": 0, "os-flavor-access:is_public": true, "disk": 1, "rxtx_factor": 1.0, "vcpus": 1}} {{(pid=69372) _process_stack /opt/stack/nova/nova/api/openstack/wsgi.py:550}}
Aug 02 05:22:01.085466 np0000032142 devstack@n-api.service[69372]: INFO nova.api.openstack.requestlog [None req-03c7d035-ac47-478b-838a-cfb279443240 admin admin] 192.168.1.120 "POST /compute/v2.1/flavors" status: 200 len: 408 microversion: 2.61 time: 0.024097
Aug 02 05:22:01.085466 np0000032142 devstack@n-api.service[69372]: [pid: 69372|app: 0|req: 8/15] 192.168.1.120 () {72 vars in 1408 bytes} [Sat Aug  2 05:22:01 2025] POST /compute/v2.1/flavors => generated 408 bytes in 25 msecs (HTTP/1.1 200) 9 headers in 359 bytes (1 switches on core 0)
Aug 02 05:22:01.094648 np0000032142 devstack@n-api.service[69371]: DEBUG nova.api.openstack.wsgi [None req-491e6a86-b1cf-4c97-8ca4-a7d1195fecc4 admin admin] Action: 'create', calling method: <bound method FlavorExtraSpecsController.create of <nova.api.openstack.compute.flavors_extraspecs.FlavorExtraSpecsController object at 0x7595a6b72fc0>>, body: {"extra_specs": {"hw_rng:allowed": "True"}} {{(pid=69371) _process_stack /opt/stack/nova/nova/api/openstack/wsgi.py:550}}
Aug 02 05:22:01.118010 np0000032142 devstack@n-api.service[69371]: INFO nova.api.openstack.requestlog [None req-491e6a86-b1cf-4c97-8ca4-a7d1195fecc4 admin admin] 192.168.1.120 "POST /compute/v2.1/flavors/1/os-extra_specs" status: 200 len: 43 microversion: 2.61 time: 0.025182
Aug 02 05:22:01.118345 np0000032142 devstack@n-api.service[69371]: [pid: 69371|app: 0|req: 8/16] 192.168.1.120 () {72 vars in 1458 bytes} [Sat Aug  2 05:22:01 2025] POST /compute/v2.1/flavors/1/os-extra_specs => generated 43 bytes in 25 msecs (HTTP/1.1 200) 9 headers in 358 bytes (1 switches on core 0)
Aug 02 05:22:01.211617 np0000032142 devstack@n-api.service[69372]: DEBUG nova.api.openstack.wsgi [None req-96526940-db4d-4359-9f09-14e617b89dad admin admin] Action: 'create', calling method: <bound method FlavorsController.create of <nova.api.openstack.compute.flavors.FlavorsController object at 0x7595a6b761e0>>, body: {"flavor": {"name": "m1.small", "ram": 2048, "id": "2", "swap": 0, "OS-FLV-EXT-DATA:ephemeral": 0, "os-flavor-access:is_public": true, "disk": 20, "rxtx_factor": 1.0, "vcpus": 1}} {{(pid=69372) _process_stack /opt/stack/nova/nova/api/openstack/wsgi.py:550}}
Aug 02 05:22:01.229052 np0000032142 devstack@n-api.service[69372]: INFO nova.api.openstack.requestlog [None req-96526940-db4d-4359-9f09-14e617b89dad admin admin] 192.168.1.120 "POST /compute/v2.1/flavors" status: 200 len: 411 microversion: 2.61 time: 0.019830
Aug 02 05:22:01.229052 np0000032142 devstack@n-api.service[69372]: [pid: 69372|app: 0|req: 9/17] 192.168.1.120 () {72 vars in 1408 bytes} [Sat Aug  2 05:22:01 2025] POST /compute/v2.1/flavors => generated 411 bytes in 20 msecs (HTTP/1.1 200) 9 headers in 359 bytes (1 switches on core 0)
Aug 02 05:22:01.237408 np0000032142 devstack@n-api.service[69371]: DEBUG nova.api.openstack.wsgi [None req-fb29187d-c635-448a-b106-94d881a7b8b0 admin admin] Action: 'create', calling method: <bound method FlavorExtraSpecsController.create of <nova.api.openstack.compute.flavors_extraspecs.FlavorExtraSpecsController object at 0x7595a6b72fc0>>, body: {"extra_specs": {"hw_rng:allowed": "True"}} {{(pid=69371) _process_stack /opt/stack/nova/nova/api/openstack/wsgi.py:550}}
Aug 02 05:22:01.254649 np0000032142 devstack@n-api.service[69371]: INFO nova.api.openstack.requestlog [None req-fb29187d-c635-448a-b106-94d881a7b8b0 admin admin] 192.168.1.120 "POST /compute/v2.1/flavors/2/os-extra_specs" status: 200 len: 43 microversion: 2.61 time: 0.018654
Aug 02 05:22:01.254994 np0000032142 devstack@n-api.service[69371]: [pid: 69371|app: 0|req: 9/18] 192.168.1.120 () {72 vars in 1458 bytes} [Sat Aug  2 05:22:01 2025] POST /compute/v2.1/flavors/2/os-extra_specs => generated 43 bytes in 19 msecs (HTTP/1.1 200) 9 headers in 358 bytes (1 switches on core 0)
Aug 02 05:22:01.339660 np0000032142 devstack@n-api.service[69372]: DEBUG nova.api.openstack.wsgi [None req-82094215-7438-45d6-9ff8-1725b3118977 admin admin] Action: 'create', calling method: <bound method FlavorsController.create of <nova.api.openstack.compute.flavors.FlavorsController object at 0x7595a6b761e0>>, body: {"flavor": {"name": "m1.medium", "ram": 4096, "id": "3", "swap": 0, "OS-FLV-EXT-DATA:ephemeral": 0, "os-flavor-access:is_public": true, "disk": 40, "rxtx_factor": 1.0, "vcpus": 2}} {{(pid=69372) _process_stack /opt/stack/nova/nova/api/openstack/wsgi.py:550}}
Aug 02 05:22:01.353943 np0000032142 devstack@n-api.service[69372]: INFO nova.api.openstack.requestlog [None req-82094215-7438-45d6-9ff8-1725b3118977 admin admin] 192.168.1.120 "POST /compute/v2.1/flavors" status: 200 len: 412 microversion: 2.61 time: 0.015873
Aug 02 05:22:01.353943 np0000032142 devstack@n-api.service[69372]: [pid: 69372|app: 0|req: 10/19] 192.168.1.120 () {72 vars in 1408 bytes} [Sat Aug  2 05:22:01 2025] POST /compute/v2.1/flavors => generated 412 bytes in 16 msecs (HTTP/1.1 200) 9 headers in 359 bytes (1 switches on core 0)
Aug 02 05:22:01.360562 np0000032142 devstack@n-api.service[69371]: DEBUG nova.api.openstack.wsgi [None req-8b6bf9d4-26fa-410c-903b-6742a37f0e09 admin admin] Action: 'create', calling method: <bound method FlavorExtraSpecsController.create of <nova.api.openstack.compute.flavors_extraspecs.FlavorExtraSpecsController object at 0x7595a6b72fc0>>, body: {"extra_specs": {"hw_rng:allowed": "True"}} {{(pid=69371) _process_stack /opt/stack/nova/nova/api/openstack/wsgi.py:550}}
Aug 02 05:22:01.379167 np0000032142 devstack@n-api.service[69371]: INFO nova.api.openstack.requestlog [None req-8b6bf9d4-26fa-410c-903b-6742a37f0e09 admin admin] 192.168.1.120 "POST /compute/v2.1/flavors/3/os-extra_specs" status: 200 len: 43 microversion: 2.61 time: 0.019985
Aug 02 05:22:01.379403 np0000032142 devstack@n-api.service[69371]: [pid: 69371|app: 0|req: 10/20] 192.168.1.120 () {72 vars in 1458 bytes} [Sat Aug  2 05:22:01 2025] POST /compute/v2.1/flavors/3/os-extra_specs => generated 43 bytes in 20 msecs (HTTP/1.1 200) 9 headers in 358 bytes (1 switches on core 0)
Aug 02 05:22:01.464636 np0000032142 devstack@n-api.service[69372]: DEBUG nova.api.openstack.wsgi [None req-6f6be6f4-2a23-4a39-845b-76c1b0d26968 admin admin] Action: 'create', calling method: <bound method FlavorsController.create of <nova.api.openstack.compute.flavors.FlavorsController object at 0x7595a6b761e0>>, body: {"flavor": {"name": "m1.large", "ram": 8192, "id": "4", "swap": 0, "OS-FLV-EXT-DATA:ephemeral": 0, "os-flavor-access:is_public": true, "disk": 80, "rxtx_factor": 1.0, "vcpus": 4}} {{(pid=69372) _process_stack /opt/stack/nova/nova/api/openstack/wsgi.py:550}}
Aug 02 05:22:01.474560 np0000032142 devstack@n-api.service[69372]: INFO nova.api.openstack.requestlog [None req-6f6be6f4-2a23-4a39-845b-76c1b0d26968 admin admin] 192.168.1.120 "POST /compute/v2.1/flavors" status: 200 len: 411 microversion: 2.61 time: 0.012938
Aug 02 05:22:01.474560 np0000032142 devstack@n-api.service[69372]: [pid: 69372|app: 0|req: 11/21] 192.168.1.120 () {72 vars in 1408 bytes} [Sat Aug  2 05:22:01 2025] POST /compute/v2.1/flavors => generated 411 bytes in 13 msecs (HTTP/1.1 200) 9 headers in 359 bytes (1 switches on core 0)
Aug 02 05:22:01.482886 np0000032142 devstack@n-api.service[69371]: DEBUG nova.api.openstack.wsgi [None req-146d41ac-b670-41f9-be5c-32257fcae601 admin admin] Action: 'create', calling method: <bound method FlavorExtraSpecsController.create of <nova.api.openstack.compute.flavors_extraspecs.FlavorExtraSpecsController object at 0x7595a6b72fc0>>, body: {"extra_specs": {"hw_rng:allowed": "True"}} {{(pid=69371) _process_stack /opt/stack/nova/nova/api/openstack/wsgi.py:550}}
Aug 02 05:22:01.495599 np0000032142 devstack@n-api.service[69371]: INFO nova.api.openstack.requestlog [None req-146d41ac-b670-41f9-be5c-32257fcae601 admin admin] 192.168.1.120 "POST /compute/v2.1/flavors/4/os-extra_specs" status: 200 len: 43 microversion: 2.61 time: 0.014157
Aug 02 05:22:01.495908 np0000032142 devstack@n-api.service[69371]: [pid: 69371|app: 0|req: 11/22] 192.168.1.120 () {72 vars in 1458 bytes} [Sat Aug  2 05:22:01 2025] POST /compute/v2.1/flavors/4/os-extra_specs => generated 43 bytes in 14 msecs (HTTP/1.1 200) 9 headers in 358 bytes (1 switches on core 0)
Aug 02 05:22:01.578680 np0000032142 devstack@n-api.service[69372]: DEBUG nova.api.openstack.wsgi [None req-a7cace53-f6d0-4513-a7bb-67185c442361 admin admin] Action: 'create', calling method: <bound method FlavorsController.create of <nova.api.openstack.compute.flavors.FlavorsController object at 0x7595a6b761e0>>, body: {"flavor": {"name": "m1.xlarge", "ram": 16384, "id": "5", "swap": 0, "OS-FLV-EXT-DATA:ephemeral": 0, "os-flavor-access:is_public": true, "disk": 160, "rxtx_factor": 1.0, "vcpus": 8}} {{(pid=69372) _process_stack /opt/stack/nova/nova/api/openstack/wsgi.py:550}}
Aug 02 05:22:01.589544 np0000032142 devstack@n-api.service[69372]: INFO nova.api.openstack.requestlog [None req-a7cace53-f6d0-4513-a7bb-67185c442361 admin admin] 192.168.1.120 "POST /compute/v2.1/flavors" status: 200 len: 414 microversion: 2.61 time: 0.013530
Aug 02 05:22:01.589910 np0000032142 devstack@n-api.service[69372]: [pid: 69372|app: 0|req: 12/23] 192.168.1.120 () {72 vars in 1408 bytes} [Sat Aug  2 05:22:01 2025] POST /compute/v2.1/flavors => generated 414 bytes in 14 msecs (HTTP/1.1 200) 9 headers in 359 bytes (1 switches on core 0)
Aug 02 05:22:01.598015 np0000032142 devstack@n-api.service[69371]: DEBUG nova.api.openstack.wsgi [None req-8ff69d0b-bf4b-4b15-acf8-08c64066fa2e admin admin] Action: 'create', calling method: <bound method FlavorExtraSpecsController.create of <nova.api.openstack.compute.flavors_extraspecs.FlavorExtraSpecsController object at 0x7595a6b72fc0>>, body: {"extra_specs": {"hw_rng:allowed": "True"}} {{(pid=69371) _process_stack /opt/stack/nova/nova/api/openstack/wsgi.py:550}}
Aug 02 05:22:01.612033 np0000032142 devstack@n-api.service[69371]: INFO nova.api.openstack.requestlog [None req-8ff69d0b-bf4b-4b15-acf8-08c64066fa2e admin admin] 192.168.1.120 "POST /compute/v2.1/flavors/5/os-extra_specs" status: 200 len: 43 microversion: 2.61 time: 0.015474
Aug 02 05:22:01.612278 np0000032142 devstack@n-api.service[69371]: [pid: 69371|app: 0|req: 12/24] 192.168.1.120 () {72 vars in 1458 bytes} [Sat Aug  2 05:22:01 2025] POST /compute/v2.1/flavors/5/os-extra_specs => generated 43 bytes in 16 msecs (HTTP/1.1 200) 9 headers in 358 bytes (1 switches on core 0)
Aug 02 05:22:07.335722 np0000032142 devstack@n-api.service[69372]: DEBUG nova.api.openstack.wsgi [None req-77f2c62e-e4da-4740-82e5-ee0ad9d08b78 admin admin] Calling method '<bound method FlavorsController.detail of <nova.api.openstack.compute.flavors.FlavorsController object at 0x7595a6b76330>>' {{(pid=69372) _process_stack /opt/stack/nova/nova/api/openstack/wsgi.py:552}}
Aug 02 05:22:07.346423 np0000032142 devstack@n-api.service[69372]: INFO nova.api.openstack.requestlog [None req-77f2c62e-e4da-4740-82e5-ee0ad9d08b78 admin admin] 192.168.1.120 "GET /compute/v2.1/flavors/detail?is_public=True" status: 200 len: 4262 microversion: 2.61 time: 0.012204
Aug 02 05:22:07.346646 np0000032142 devstack@n-api.service[69372]: [pid: 69372|app: 0|req: 13/25] 192.168.1.120 () {68 vars in 1417 bytes} [Sat Aug  2 05:22:07 2025] GET /compute/v2.1/flavors/detail?is_public=True => generated 4262 bytes in 12 msecs (HTTP/1.1 200) 9 headers in 360 bytes (1 switches on core 0)
Aug 02 05:22:07.445161 np0000032142 devstack@n-api.service[69371]: DEBUG nova.api.openstack.wsgi [None req-bc96e375-6a9d-4992-b3cc-eaf57875beb0 admin admin] Action: 'create', calling method: <bound method FlavorsController.create of <nova.api.openstack.compute.flavors.FlavorsController object at 0x7595a6b72720>>, body: {"flavor": {"name": "manila-service-flavor", "ram": 1024, "id": "100", "swap": 0, "OS-FLV-EXT-DATA:ephemeral": 0, "os-flavor-access:is_public": true, "disk": 5, "rxtx_factor": 1.0, "vcpus": 1}} {{(pid=69371) _process_stack /opt/stack/nova/nova/api/openstack/wsgi.py:550}}
Aug 02 05:22:07.455452 np0000032142 devstack@n-api.service[69371]: INFO nova.api.openstack.requestlog [None req-bc96e375-6a9d-4992-b3cc-eaf57875beb0 admin admin] 192.168.1.120 "POST /compute/v2.1/flavors" status: 200 len: 429 microversion: 2.61 time: 0.011746
Aug 02 05:22:07.455680 np0000032142 devstack@n-api.service[69371]: [pid: 69371|app: 0|req: 13/26] 192.168.1.120 () {72 vars in 1408 bytes} [Sat Aug  2 05:22:07 2025] POST /compute/v2.1/flavors => generated 429 bytes in 12 msecs (HTTP/1.1 200) 9 headers in 359 bytes (1 switches on core 0)
Aug 02 05:22:53.148125 np0000032142 devstack@n-api.service[69372]: DEBUG nova.api.openstack.wsgi [None req-9afe5c0e-db3c-4c5c-a21b-94cdedb1d924 admin admin] Calling method '<bound method KeypairController.index of <nova.api.openstack.compute.keypairs.KeypairController object at 0x7595a6a254c0>>' {{(pid=69372) _process_stack /opt/stack/nova/nova/api/openstack/wsgi.py:552}}
Aug 02 05:22:53.149963 np0000032142 devstack@n-api.service[69372]: WARNING oslo_db.sqlalchemy.utils [None req-9afe5c0e-db3c-4c5c-a21b-94cdedb1d924 admin admin] Unique keys not in sort_keys. The sorting order may be unstable.
Aug 02 05:22:53.154012 np0000032142 devstack@n-api.service[69372]: DEBUG dbcounter [-] [69372] Writing DB stats nova_api:SELECT=22,nova_api:SAVEPOINT=5,nova_api:INSERT=10,nova_api:RELEASE=5 {{(pid=69372) stat_writer /opt/stack/data/venv/lib/python3.12/site-packages/dbcounter.py:115}}
Aug 02 05:22:53.156558 np0000032142 devstack@n-api.service[69372]: INFO nova.api.openstack.requestlog [None req-9afe5c0e-db3c-4c5c-a21b-94cdedb1d924 admin admin] 192.168.1.120 "GET /compute/v2.1/os-keypairs" status: 200 len: 16 microversion: 2.10 time: 0.009896
Aug 02 05:22:53.156844 np0000032142 devstack@n-api.service[69372]: [pid: 69372|app: 0|req: 14/27] 192.168.1.120 () {68 vars in 1379 bytes} [Sat Aug  2 05:22:53 2025] GET /compute/v2.1/os-keypairs => generated 16 bytes in 10 msecs (HTTP/1.1 200) 9 headers in 358 bytes (1 switches on core 0)
Aug 02 05:22:53.248395 np0000032142 devstack@n-api.service[69371]: DEBUG nova.api.openstack.wsgi [None req-8d066808-360b-4027-874a-d1dfca3c89db admin admin] Action: 'create', calling method: <bound method KeypairController.create of <nova.api.openstack.compute.keypairs.KeypairController object at 0x7595a6a21d00>>, body: {"keypair": {"name": "manila-service", "public_key": "ecdsa-sha2-nistp256 AAAAE2VjZHNhLXNoYTItbmlzdHAyNTYAAAAIbmlzdHAyNTYAAABBBFWtohB1XeDXrPhNb8gDXMEXXuGUSSnMkYVdfCF5M+Rhef35rDfiayDJ+t2RYNId3T6rbcGpcui8ITSMVYtUEvk= stack@np0000032142\n"}} {{(pid=69371) _process_stack /opt/stack/nova/nova/api/openstack/wsgi.py:550}}
Aug 02 05:22:53.254465 np0000032142 devstack@n-api.service[69371]: DEBUG dbcounter [-] [69371] Writing DB stats nova_api:INSERT=11,nova_api:SELECT=22,nova_api:SAVEPOINT=5,nova_api:RELEASE=5 {{(pid=69371) stat_writer /opt/stack/data/venv/lib/python3.12/site-packages/dbcounter.py:115}}
Aug 02 05:22:53.261597 np0000032142 devstack@n-api.service[69371]: DEBUG nova.quota [None req-8d066808-360b-4027-874a-d1dfca3c89db admin admin] Getting quotas for project 680bd45d15b245a6ade52b0c7eb929b0. Resources: {'key_pairs'} {{(pid=69371) _get_quotas /opt/stack/nova/nova/quota.py:392}}
Aug 02 05:22:53.264223 np0000032142 devstack@n-api.service[69371]: DEBUG nova.quota [None req-8d066808-360b-4027-874a-d1dfca3c89db admin admin] Getting quotas for user 9a2adef17b1b4be9bf9c69297dbb0031 and project 680bd45d15b245a6ade52b0c7eb929b0. Resources: {'key_pairs'} {{(pid=69371) _get_quotas /opt/stack/nova/nova/quota.py:382}}
Aug 02 05:22:53.287289 np0000032142 devstack@n-api.service[69371]: INFO nova.api.openstack.requestlog [None req-8d066808-360b-4027-874a-d1dfca3c89db admin admin] 192.168.1.120 "POST /compute/v2.1/os-keypairs" status: 201 len: 366 microversion: 2.10 time: 0.040412
Aug 02 05:22:53.287538 np0000032142 devstack@n-api.service[69371]: [pid: 69371|app: 0|req: 14/28] 192.168.1.120 () {72 vars in 1420 bytes} [Sat Aug  2 05:22:53 2025] POST /compute/v2.1/os-keypairs => generated 366 bytes in 41 msecs (HTTP/1.1 201) 9 headers in 364 bytes (1 switches on core 0)
Aug 02 05:22:59.326621 np0000032142 devstack@n-api.service[69372]: DEBUG nova.api.openstack.wsgi [None req-a6308f12-f9bc-4cc6-a96d-d7a346e0a3e2 admin admin] Calling method '<bound method ServiceController.index of <nova.api.openstack.compute.services.ServiceController object at 0x7595a6a64920>>' {{(pid=69372) _process_stack /opt/stack/nova/nova/api/openstack/wsgi.py:552}}
Aug 02 05:22:59.328023 np0000032142 devstack@n-api.service[69372]: DEBUG oslo_concurrency.lockutils [None req-a6308f12-f9bc-4cc6-a96d-d7a346e0a3e2 admin admin] Acquiring lock "00000000-0000-0000-0000-000000000000" by "nova.context.set_target_cell.<locals>.get_or_set_cached_cell_and_set_connections" {{(pid=69372) inner /opt/stack/data/venv/lib/python3.12/site-packages/oslo_concurrency/lockutils.py:405}}
Aug 02 05:22:59.328561 np0000032142 devstack@n-api.service[69372]: DEBUG oslo_concurrency.lockutils [None req-a6308f12-f9bc-4cc6-a96d-d7a346e0a3e2 admin admin] Lock "00000000-0000-0000-0000-000000000000" acquired by "nova.context.set_target_cell.<locals>.get_or_set_cached_cell_and_set_connections" :: waited 0.000s {{(pid=69372) inner /opt/stack/data/venv/lib/python3.12/site-packages/oslo_concurrency/lockutils.py:410}}
Aug 02 05:22:59.328561 np0000032142 devstack@n-api.service[69372]: DEBUG oslo_concurrency.lockutils [None req-a6308f12-f9bc-4cc6-a96d-d7a346e0a3e2 admin admin] Lock "00000000-0000-0000-0000-000000000000" "released" by "nova.context.set_target_cell.<locals>.get_or_set_cached_cell_and_set_connections" :: held 0.000s {{(pid=69372) inner /opt/stack/data/venv/lib/python3.12/site-packages/oslo_concurrency/lockutils.py:424}}
Aug 02 05:22:59.331604 np0000032142 devstack@n-api.service[69372]: DEBUG oslo_concurrency.lockutils [None req-a6308f12-f9bc-4cc6-a96d-d7a346e0a3e2 admin admin] Acquiring lock "307aed9d-1b45-4bab-96e6-d440e1091501" by "nova.context.set_target_cell.<locals>.get_or_set_cached_cell_and_set_connections" {{(pid=69372) inner /opt/stack/data/venv/lib/python3.12/site-packages/oslo_concurrency/lockutils.py:405}}
Aug 02 05:22:59.331604 np0000032142 devstack@n-api.service[69372]: DEBUG oslo_concurrency.lockutils [None req-a6308f12-f9bc-4cc6-a96d-d7a346e0a3e2 admin admin] Lock "307aed9d-1b45-4bab-96e6-d440e1091501" acquired by "nova.context.set_target_cell.<locals>.get_or_set_cached_cell_and_set_connections" :: waited 0.000s {{(pid=69372) inner /opt/stack/data/venv/lib/python3.12/site-packages/oslo_concurrency/lockutils.py:410}}
Aug 02 05:22:59.331604 np0000032142 devstack@n-api.service[69372]: DEBUG oslo_concurrency.lockutils [None req-a6308f12-f9bc-4cc6-a96d-d7a346e0a3e2 admin admin] Lock "307aed9d-1b45-4bab-96e6-d440e1091501" "released" by "nova.context.set_target_cell.<locals>.get_or_set_cached_cell_and_set_connections" :: held 0.000s {{(pid=69372) inner /opt/stack/data/venv/lib/python3.12/site-packages/oslo_concurrency/lockutils.py:424}}
