Aug 26 14:38:16.965636 np0000032592 devstack@n-api.service[70102]: DEBUG nova.api.openstack.wsgi_app [-] oslo_messaging_rabbit.rabbit_transient_quorum_queue = False {{(pid=70102) log_opt_values /opt/stack/data/venv/lib/python3.10/site-packages/oslo_config/cfg.py:2824}}
Aug 26 14:38:16.965729 np0000032592 devstack@n-api.service[70102]: DEBUG nova.api.openstack.wsgi_app [-] oslo_messaging_rabbit.rpc_conn_pool_size = 30 {{(pid=70102) log_opt_values /opt/stack/data/venv/lib/python3.10/site-packages/oslo_config/cfg.py:2824}}
Aug 26 14:38:16.965821 np0000032592 devstack@n-api.service[70102]: DEBUG nova.api.openstack.wsgi_app [-] oslo_messaging_rabbit.ssl      = False {{(pid=70102) log_opt_values /opt/stack/data/venv/lib/python3.10/site-packages/oslo_config/cfg.py:2824}}
Aug 26 14:38:16.965916 np0000032592 devstack@n-api.service[70102]: DEBUG nova.api.openstack.wsgi_app [-] oslo_messaging_rabbit.ssl_ca_file =  {{(pid=70102) log_opt_values /opt/stack/data/venv/lib/python3.10/site-packages/oslo_config/cfg.py:2824}}
Aug 26 14:38:16.966011 np0000032592 devstack@n-api.service[70102]: DEBUG nova.api.openstack.wsgi_app [-] oslo_messaging_rabbit.ssl_cert_file =  {{(pid=70102) log_opt_values /opt/stack/data/venv/lib/python3.10/site-packages/oslo_config/cfg.py:2824}}
Aug 26 14:38:16.966102 np0000032592 devstack@n-api.service[70102]: DEBUG nova.api.openstack.wsgi_app [-] oslo_messaging_rabbit.ssl_enforce_fips_mode = False {{(pid=70102) log_opt_values /opt/stack/data/venv/lib/python3.10/site-packages/oslo_config/cfg.py:2824}}
Aug 26 14:38:16.966197 np0000032592 devstack@n-api.service[70102]: DEBUG nova.api.openstack.wsgi_app [-] oslo_messaging_rabbit.ssl_key_file =  {{(pid=70102) log_opt_values /opt/stack/data/venv/lib/python3.10/site-packages/oslo_config/cfg.py:2824}}
Aug 26 14:38:16.966295 np0000032592 devstack@n-api.service[70102]: DEBUG nova.api.openstack.wsgi_app [-] oslo_messaging_rabbit.ssl_version =  {{(pid=70102) log_opt_values /opt/stack/data/venv/lib/python3.10/site-packages/oslo_config/cfg.py:2824}}
Aug 26 14:38:16.966388 np0000032592 devstack@n-api.service[70102]: DEBUG nova.api.openstack.wsgi_app [-] oslo_messaging_rabbit.use_queue_manager = False {{(pid=70102) log_opt_values /opt/stack/data/venv/lib/python3.10/site-packages/oslo_config/cfg.py:2824}}
Aug 26 14:38:16.966498 np0000032592 devstack@n-api.service[70102]: DEBUG nova.api.openstack.wsgi_app [-] oslo_messaging_notifications.driver = ['messagingv2'] {{(pid=70102) log_opt_values /opt/stack/data/venv/lib/python3.10/site-packages/oslo_config/cfg.py:2824}}
Aug 26 14:38:16.966592 np0000032592 devstack@n-api.service[70102]: DEBUG nova.api.openstack.wsgi_app [-] oslo_messaging_notifications.retry = -1 {{(pid=70102) log_opt_values /opt/stack/data/venv/lib/python3.10/site-packages/oslo_config/cfg.py:2824}}
Aug 26 14:38:16.966693 np0000032592 devstack@n-api.service[70102]: DEBUG nova.api.openstack.wsgi_app [-] oslo_messaging_notifications.topics = ['notifications'] {{(pid=70102) log_opt_values /opt/stack/data/venv/lib/python3.10/site-packages/oslo_config/cfg.py:2824}}
Aug 26 14:38:16.966790 np0000032592 devstack@n-api.service[70102]: DEBUG nova.api.openstack.wsgi_app [-] oslo_messaging_notifications.transport_url = **** {{(pid=70102) log_opt_values /opt/stack/data/venv/lib/python3.10/site-packages/oslo_config/cfg.py:2824}}
Aug 26 14:38:16.966883 np0000032592 devstack@n-api.service[70102]: DEBUG nova.api.openstack.wsgi_app [-] oslo_reports.file_event_handler = None {{(pid=70102) log_opt_values /opt/stack/data/venv/lib/python3.10/site-packages/oslo_config/cfg.py:2824}}
Aug 26 14:38:16.966977 np0000032592 devstack@n-api.service[70102]: DEBUG nova.api.openstack.wsgi_app [-] oslo_reports.file_event_handler_interval = 1 {{(pid=70102) log_opt_values /opt/stack/data/venv/lib/python3.10/site-packages/oslo_config/cfg.py:2824}}
Aug 26 14:38:16.967069 np0000032592 devstack@n-api.service[70102]: DEBUG nova.api.openstack.wsgi_app [-] oslo_reports.log_dir           = None {{(pid=70102) log_opt_values /opt/stack/data/venv/lib/python3.10/site-packages/oslo_config/cfg.py:2824}}
Aug 26 14:38:16.967141 np0000032592 devstack@n-api.service[70102]: DEBUG nova.api.openstack.wsgi_app [-] ******************************************************************************** {{(pid=70102) log_opt_values /opt/stack/data/venv/lib/python3.10/site-packages/oslo_config/cfg.py:2828}}
Aug 26 14:38:16.987645 np0000032592 devstack@n-api.service[70101]: INFO dbcounter [None req-0ba68f7e-0d71-4f7c-86a1-f5f76edaa246 None None] Registered counter for database nova_api
Aug 26 14:38:16.989282 np0000032592 devstack@n-api.service[70102]: INFO dbcounter [None req-516fa07f-8081-4237-95e7-1aa02839ba34 None None] Registered counter for database nova_api
Aug 26 14:38:17.054549 np0000032592 devstack@n-api.service[70101]: DEBUG oslo_db.sqlalchemy.engines [None req-0ba68f7e-0d71-4f7c-86a1-f5f76edaa246 None None] MySQL server mode set to STRICT_TRANS_TABLES,STRICT_ALL_TABLES,NO_ZERO_IN_DATE,NO_ZERO_DATE,ERROR_FOR_DIVISION_BY_ZERO,TRADITIONAL,NO_ENGINE_SUBSTITUTION {{(pid=70101) _check_effective_sql_mode /opt/stack/data/venv/lib/python3.10/site-packages/oslo_db/sqlalchemy/engines.py:397}}
Aug 26 14:38:17.056057 np0000032592 devstack@n-api.service[70102]: DEBUG oslo_db.sqlalchemy.engines [None req-516fa07f-8081-4237-95e7-1aa02839ba34 None None] MySQL server mode set to STRICT_TRANS_TABLES,STRICT_ALL_TABLES,NO_ZERO_IN_DATE,NO_ZERO_DATE,ERROR_FOR_DIVISION_BY_ZERO,TRADITIONAL,NO_ENGINE_SUBSTITUTION {{(pid=70102) _check_effective_sql_mode /opt/stack/data/venv/lib/python3.10/site-packages/oslo_db/sqlalchemy/engines.py:397}}
Aug 26 14:38:17.078960 np0000032592 devstack@n-api.service[70101]: DEBUG dbcounter [-] [70101] Writer thread running {{(pid=70101) stat_writer /opt/stack/data/venv/lib/python3.10/site-packages/dbcounter.py:102}}
Aug 26 14:38:17.080711 np0000032592 devstack@n-api.service[70101]: DEBUG nova.context [None req-0ba68f7e-0d71-4f7c-86a1-f5f76edaa246 None None] Found 2 cells: 00000000-0000-0000-0000-000000000000(cell0),c57809a3-68d5-46c1-a8f8-a5f748f40950(cell1) {{(pid=70101) load_cells /opt/stack/nova/nova/context.py:464}}
Aug 26 14:38:17.080804 np0000032592 devstack@n-api.service[70102]: DEBUG dbcounter [-] [70102] Writer thread running {{(pid=70102) stat_writer /opt/stack/data/venv/lib/python3.10/site-packages/dbcounter.py:102}}
Aug 26 14:38:17.082216 np0000032592 devstack@n-api.service[70101]: DEBUG oslo_concurrency.lockutils [None req-0ba68f7e-0d71-4f7c-86a1-f5f76edaa246 None None] Acquiring lock "00000000-0000-0000-0000-000000000000" by "nova.context.set_target_cell.<locals>.get_or_set_cached_cell_and_set_connections" {{(pid=70101) inner /opt/stack/data/venv/lib/python3.10/site-packages/oslo_concurrency/lockutils.py:405}}
Aug 26 14:38:17.082393 np0000032592 devstack@n-api.service[70101]: DEBUG oslo_concurrency.lockutils [None req-0ba68f7e-0d71-4f7c-86a1-f5f76edaa246 None None] Lock "00000000-0000-0000-0000-000000000000" acquired by "nova.context.set_target_cell.<locals>.get_or_set_cached_cell_and_set_connections" :: waited 0.000s {{(pid=70101) inner /opt/stack/data/venv/lib/python3.10/site-packages/oslo_concurrency/lockutils.py:410}}
Aug 26 14:38:17.082472 np0000032592 devstack@n-api.service[70102]: DEBUG nova.context [None req-516fa07f-8081-4237-95e7-1aa02839ba34 None None] Found 2 cells: 00000000-0000-0000-0000-000000000000(cell0),c57809a3-68d5-46c1-a8f8-a5f748f40950(cell1) {{(pid=70102) load_cells /opt/stack/nova/nova/context.py:464}}
Aug 26 14:38:17.082776 np0000032592 devstack@n-api.service[70101]: DEBUG oslo_concurrency.lockutils [None req-0ba68f7e-0d71-4f7c-86a1-f5f76edaa246 None None] Lock "00000000-0000-0000-0000-000000000000" "released" by "nova.context.set_target_cell.<locals>.get_or_set_cached_cell_and_set_connections" :: held 0.000s {{(pid=70101) inner /opt/stack/data/venv/lib/python3.10/site-packages/oslo_concurrency/lockutils.py:424}}
Aug 26 14:38:17.083108 np0000032592 devstack@n-api.service[70101]: DEBUG oslo_concurrency.lockutils [None req-0ba68f7e-0d71-4f7c-86a1-f5f76edaa246 None None] Acquiring lock "c57809a3-68d5-46c1-a8f8-a5f748f40950" by "nova.context.set_target_cell.<locals>.get_or_set_cached_cell_and_set_connections" {{(pid=70101) inner /opt/stack/data/venv/lib/python3.10/site-packages/oslo_concurrency/lockutils.py:405}}
Aug 26 14:38:17.083256 np0000032592 devstack@n-api.service[70101]: DEBUG oslo_concurrency.lockutils [None req-0ba68f7e-0d71-4f7c-86a1-f5f76edaa246 None None] Lock "c57809a3-68d5-46c1-a8f8-a5f748f40950" acquired by "nova.context.set_target_cell.<locals>.get_or_set_cached_cell_and_set_connections" :: waited 0.000s {{(pid=70101) inner /opt/stack/data/venv/lib/python3.10/site-packages/oslo_concurrency/lockutils.py:410}}
Aug 26 14:38:17.083940 np0000032592 devstack@n-api.service[70102]: DEBUG oslo_concurrency.lockutils [None req-516fa07f-8081-4237-95e7-1aa02839ba34 None None] Acquiring lock "00000000-0000-0000-0000-000000000000" by "nova.context.set_target_cell.<locals>.get_or_set_cached_cell_and_set_connections" {{(pid=70102) inner /opt/stack/data/venv/lib/python3.10/site-packages/oslo_concurrency/lockutils.py:405}}
Aug 26 14:38:17.084117 np0000032592 devstack@n-api.service[70102]: DEBUG oslo_concurrency.lockutils [None req-516fa07f-8081-4237-95e7-1aa02839ba34 None None] Lock "00000000-0000-0000-0000-000000000000" acquired by "nova.context.set_target_cell.<locals>.get_or_set_cached_cell_and_set_connections" :: waited 0.000s {{(pid=70102) inner /opt/stack/data/venv/lib/python3.10/site-packages/oslo_concurrency/lockutils.py:410}}
Aug 26 14:38:17.084166 np0000032592 devstack@n-api.service[70101]: DEBUG oslo_concurrency.lockutils [None req-0ba68f7e-0d71-4f7c-86a1-f5f76edaa246 None None] Lock "c57809a3-68d5-46c1-a8f8-a5f748f40950" "released" by "nova.context.set_target_cell.<locals>.get_or_set_cached_cell_and_set_connections" :: held 0.001s {{(pid=70101) inner /opt/stack/data/venv/lib/python3.10/site-packages/oslo_concurrency/lockutils.py:424}}
Aug 26 14:38:17.084504 np0000032592 devstack@n-api.service[70102]: DEBUG oslo_concurrency.lockutils [None req-516fa07f-8081-4237-95e7-1aa02839ba34 None None] Lock "00000000-0000-0000-0000-000000000000" "released" by "nova.context.set_target_cell.<locals>.get_or_set_cached_cell_and_set_connections" :: held 0.000s {{(pid=70102) inner /opt/stack/data/venv/lib/python3.10/site-packages/oslo_concurrency/lockutils.py:424}}
Aug 26 14:38:17.084834 np0000032592 devstack@n-api.service[70102]: DEBUG oslo_concurrency.lockutils [None req-516fa07f-8081-4237-95e7-1aa02839ba34 None None] Acquiring lock "c57809a3-68d5-46c1-a8f8-a5f748f40950" by "nova.context.set_target_cell.<locals>.get_or_set_cached_cell_and_set_connections" {{(pid=70102) inner /opt/stack/data/venv/lib/python3.10/site-packages/oslo_concurrency/lockutils.py:405}}
Aug 26 14:38:17.084983 np0000032592 devstack@n-api.service[70102]: DEBUG oslo_concurrency.lockutils [None req-516fa07f-8081-4237-95e7-1aa02839ba34 None None] Lock "c57809a3-68d5-46c1-a8f8-a5f748f40950" acquired by "nova.context.set_target_cell.<locals>.get_or_set_cached_cell_and_set_connections" :: waited 0.000s {{(pid=70102) inner /opt/stack/data/venv/lib/python3.10/site-packages/oslo_concurrency/lockutils.py:410}}
Aug 26 14:38:17.085339 np0000032592 devstack@n-api.service[70101]: INFO dbcounter [None req-0ba68f7e-0d71-4f7c-86a1-f5f76edaa246 None None] Registered counter for database nova_cell0
Aug 26 14:38:17.085887 np0000032592 devstack@n-api.service[70102]: DEBUG oslo_concurrency.lockutils [None req-516fa07f-8081-4237-95e7-1aa02839ba34 None None] Lock "c57809a3-68d5-46c1-a8f8-a5f748f40950" "released" by "nova.context.set_target_cell.<locals>.get_or_set_cached_cell_and_set_connections" :: held 0.001s {{(pid=70102) inner /opt/stack/data/venv/lib/python3.10/site-packages/oslo_concurrency/lockutils.py:424}}
Aug 26 14:38:17.087052 np0000032592 devstack@n-api.service[70102]: INFO dbcounter [None req-516fa07f-8081-4237-95e7-1aa02839ba34 None None] Registered counter for database nova_cell0
Aug 26 14:38:17.087360 np0000032592 devstack@n-api.service[70101]: INFO dbcounter [None req-0ba68f7e-0d71-4f7c-86a1-f5f76edaa246 None None] Registered counter for database nova_cell1
Aug 26 14:38:17.088942 np0000032592 devstack@n-api.service[70102]: INFO dbcounter [None req-516fa07f-8081-4237-95e7-1aa02839ba34 None None] Registered counter for database nova_cell1
Aug 26 14:38:17.091551 np0000032592 devstack@n-api.service[70101]: DEBUG oslo_db.sqlalchemy.engines [None req-0ba68f7e-0d71-4f7c-86a1-f5f76edaa246 None None] MySQL server mode set to STRICT_TRANS_TABLES,STRICT_ALL_TABLES,NO_ZERO_IN_DATE,NO_ZERO_DATE,ERROR_FOR_DIVISION_BY_ZERO,TRADITIONAL,NO_ENGINE_SUBSTITUTION {{(pid=70101) _check_effective_sql_mode /opt/stack/data/venv/lib/python3.10/site-packages/oslo_db/sqlalchemy/engines.py:397}}
Aug 26 14:38:17.092221 np0000032592 devstack@n-api.service[70101]: DEBUG oslo_db.sqlalchemy.engines [None req-0ba68f7e-0d71-4f7c-86a1-f5f76edaa246 None None] MySQL server mode set to STRICT_TRANS_TABLES,STRICT_ALL_TABLES,NO_ZERO_IN_DATE,NO_ZERO_DATE,ERROR_FOR_DIVISION_BY_ZERO,TRADITIONAL,NO_ENGINE_SUBSTITUTION {{(pid=70101) _check_effective_sql_mode /opt/stack/data/venv/lib/python3.10/site-packages/oslo_db/sqlalchemy/engines.py:397}}
Aug 26 14:38:17.094051 np0000032592 devstack@n-api.service[70102]: DEBUG oslo_db.sqlalchemy.engines [None req-516fa07f-8081-4237-95e7-1aa02839ba34 None None] MySQL server mode set to STRICT_TRANS_TABLES,STRICT_ALL_TABLES,NO_ZERO_IN_DATE,NO_ZERO_DATE,ERROR_FOR_DIVISION_BY_ZERO,TRADITIONAL,NO_ENGINE_SUBSTITUTION {{(pid=70102) _check_effective_sql_mode /opt/stack/data/venv/lib/python3.10/site-packages/oslo_db/sqlalchemy/engines.py:397}}
Aug 26 14:38:17.096660 np0000032592 devstack@n-api.service[70102]: DEBUG oslo_db.sqlalchemy.engines [None req-516fa07f-8081-4237-95e7-1aa02839ba34 None None] MySQL server mode set to STRICT_TRANS_TABLES,STRICT_ALL_TABLES,NO_ZERO_IN_DATE,NO_ZERO_DATE,ERROR_FOR_DIVISION_BY_ZERO,TRADITIONAL,NO_ENGINE_SUBSTITUTION {{(pid=70102) _check_effective_sql_mode /opt/stack/data/venv/lib/python3.10/site-packages/oslo_db/sqlalchemy/engines.py:397}}
Aug 26 14:38:17.160532 np0000032592 devstack@n-api.service[70101]: DEBUG dbcounter [-] [70101] Writer thread running {{(pid=70101) stat_writer /opt/stack/data/venv/lib/python3.10/site-packages/dbcounter.py:102}}
Aug 26 14:38:17.162354 np0000032592 devstack@n-api.service[70102]: DEBUG dbcounter [-] [70102] Writer thread running {{(pid=70102) stat_writer /opt/stack/data/venv/lib/python3.10/site-packages/dbcounter.py:102}}
Aug 26 14:38:17.163224 np0000032592 devstack@n-api.service[70101]: DEBUG dbcounter [-] [70101] Writer thread running {{(pid=70101) stat_writer /opt/stack/data/venv/lib/python3.10/site-packages/dbcounter.py:102}}
Aug 26 14:38:17.165319 np0000032592 devstack@n-api.service[70101]: INFO dbcounter [None req-0ba68f7e-0d71-4f7c-86a1-f5f76edaa246 None None] Registered counter for database nova_cell0
Aug 26 14:38:17.166239 np0000032592 devstack@n-api.service[70102]: DEBUG dbcounter [-] [70102] Writer thread running {{(pid=70102) stat_writer /opt/stack/data/venv/lib/python3.10/site-packages/dbcounter.py:102}}
Aug 26 14:38:17.168278 np0000032592 devstack@n-api.service[70102]: INFO dbcounter [None req-516fa07f-8081-4237-95e7-1aa02839ba34 None None] Registered counter for database nova_cell0
Aug 26 14:38:17.169343 np0000032592 devstack@n-api.service[70101]: DEBUG oslo_db.sqlalchemy.engines [None req-0ba68f7e-0d71-4f7c-86a1-f5f76edaa246 None None] MySQL server mode set to STRICT_TRANS_TABLES,STRICT_ALL_TABLES,NO_ZERO_IN_DATE,NO_ZERO_DATE,ERROR_FOR_DIVISION_BY_ZERO,TRADITIONAL,NO_ENGINE_SUBSTITUTION {{(pid=70101) _check_effective_sql_mode /opt/stack/data/venv/lib/python3.10/site-packages/oslo_db/sqlalchemy/engines.py:397}}
Aug 26 14:38:17.172167 np0000032592 devstack@n-api.service[70102]: DEBUG oslo_db.sqlalchemy.engines [None req-516fa07f-8081-4237-95e7-1aa02839ba34 None None] MySQL server mode set to STRICT_TRANS_TABLES,STRICT_ALL_TABLES,NO_ZERO_IN_DATE,NO_ZERO_DATE,ERROR_FOR_DIVISION_BY_ZERO,TRADITIONAL,NO_ENGINE_SUBSTITUTION {{(pid=70102) _check_effective_sql_mode /opt/stack/data/venv/lib/python3.10/site-packages/oslo_db/sqlalchemy/engines.py:397}}
Aug 26 14:38:17.173386 np0000032592 devstack@n-api.service[70101]: DEBUG dbcounter [-] [70101] Writer thread running {{(pid=70101) stat_writer /opt/stack/data/venv/lib/python3.10/site-packages/dbcounter.py:102}}
Aug 26 14:38:17.176193 np0000032592 devstack@n-api.service[70102]: DEBUG dbcounter [-] [70102] Writer thread running {{(pid=70102) stat_writer /opt/stack/data/venv/lib/python3.10/site-packages/dbcounter.py:102}}
Aug 26 14:38:17.488313 np0000032592 devstack@n-api.service[70102]: DEBUG oslo_concurrency.processutils [None req-516fa07f-8081-4237-95e7-1aa02839ba34 None None] Running cmd (subprocess): grep -F node.session.scan /sbin/iscsiadm {{(pid=70102) execute /opt/stack/data/venv/lib/python3.10/site-packages/oslo_concurrency/processutils.py:349}}
Aug 26 14:38:17.489636 np0000032592 devstack@n-api.service[70101]: DEBUG oslo_concurrency.processutils [None req-0ba68f7e-0d71-4f7c-86a1-f5f76edaa246 None None] Running cmd (subprocess): grep -F node.session.scan /sbin/iscsiadm {{(pid=70101) execute /opt/stack/data/venv/lib/python3.10/site-packages/oslo_concurrency/processutils.py:349}}
Aug 26 14:38:17.495053 np0000032592 devstack@n-api.service[70102]: DEBUG oslo_concurrency.processutils [None req-516fa07f-8081-4237-95e7-1aa02839ba34 None None] CMD "grep -F node.session.scan /sbin/iscsiadm" returned: 0 in 0.007s {{(pid=70102) execute /opt/stack/data/venv/lib/python3.10/site-packages/oslo_concurrency/processutils.py:372}}
Aug 26 14:38:17.496163 np0000032592 devstack@n-api.service[70101]: DEBUG oslo_concurrency.processutils [None req-0ba68f7e-0d71-4f7c-86a1-f5f76edaa246 None None] CMD "grep -F node.session.scan /sbin/iscsiadm" returned: 0 in 0.007s {{(pid=70101) execute /opt/stack/data/venv/lib/python3.10/site-packages/oslo_concurrency/processutils.py:372}}
Aug 26 14:38:17.835271 np0000032592 devstack@n-api.service[70102]: WARNING keystonemiddleware.auth_token [None req-516fa07f-8081-4237-95e7-1aa02839ba34 None None] AuthToken middleware is set with keystone_authtoken.service_token_roles_required set to False. This is backwards compatible but deprecated behaviour. Please set this to True.
Aug 26 14:38:17.835843 np0000032592 devstack@n-api.service[70101]: WARNING keystonemiddleware.auth_token [None req-0ba68f7e-0d71-4f7c-86a1-f5f76edaa246 None None] AuthToken middleware is set with keystone_authtoken.service_token_roles_required set to False. This is backwards compatible but deprecated behaviour. Please set this to True.
Aug 26 14:38:17.838746 np0000032592 devstack@n-api.service[70102]: WARNING keystonemiddleware.auth_token [None req-516fa07f-8081-4237-95e7-1aa02839ba34 None None] Configuring www_authenticate_uri to point to the public identity endpoint is required; clients may not be able to authenticate against an admin endpoint
Aug 26 14:38:17.839280 np0000032592 devstack@n-api.service[70101]: WARNING keystonemiddleware.auth_token [None req-0ba68f7e-0d71-4f7c-86a1-f5f76edaa246 None None] Configuring www_authenticate_uri to point to the public identity endpoint is required; clients may not be able to authenticate against an admin endpoint
Aug 26 14:38:17.913587 np0000032592 devstack@n-api.service[70102]: WARNING keystonemiddleware.auth_token [None req-516fa07f-8081-4237-95e7-1aa02839ba34 None None] AuthToken middleware is set with keystone_authtoken.service_token_roles_required set to False. This is backwards compatible but deprecated behaviour. Please set this to True.
Aug 26 14:38:17.914600 np0000032592 devstack@n-api.service[70101]: WARNING keystonemiddleware.auth_token [None req-0ba68f7e-0d71-4f7c-86a1-f5f76edaa246 None None] AuthToken middleware is set with keystone_authtoken.service_token_roles_required set to False. This is backwards compatible but deprecated behaviour. Please set this to True.
Aug 26 14:38:17.916132 np0000032592 devstack@n-api.service[70102]: WARNING keystonemiddleware.auth_token [None req-516fa07f-8081-4237-95e7-1aa02839ba34 None None] Configuring www_authenticate_uri to point to the public identity endpoint is required; clients may not be able to authenticate against an admin endpoint
Aug 26 14:38:17.917114 np0000032592 devstack@n-api.service[70101]: WARNING keystonemiddleware.auth_token [None req-0ba68f7e-0d71-4f7c-86a1-f5f76edaa246 None None] Configuring www_authenticate_uri to point to the public identity endpoint is required; clients may not be able to authenticate against an admin endpoint
Aug 26 14:38:17.918048 np0000032592 devstack@n-api.service[70102]: WSGI app 0 (mountpoint='') ready in 2 seconds on interpreter 0x56312f7bed70 pid: 70102 (default app)
Aug 26 14:38:17.918960 np0000032592 devstack@n-api.service[70102]: DEBUG nova.api.openstack.wsgi [None req-516fa07f-8081-4237-95e7-1aa02839ba34 None None] Calling method '<bound method VersionsV2.index of <nova.api.openstack.compute.versions.VersionsV2 object at 0x7f0e7bc3a890>>' {{(pid=70102) _process_stack /opt/stack/nova/nova/api/openstack/wsgi.py:556}}
Aug 26 14:38:17.919025 np0000032592 devstack@n-api.service[70101]: WSGI app 0 (mountpoint='') ready in 2 seconds on interpreter 0x56312f7bed70 pid: 70101 (default app)
Aug 26 14:38:17.921794 np0000032592 devstack@n-api.service[70102]: INFO nova.api.openstack.requestlog [None req-516fa07f-8081-4237-95e7-1aa02839ba34 None None] 192.168.1.119 "GET /compute/v2.1/" status: 200 len: 391 microversion: 2.1 time: 0.003037
Aug 26 14:38:17.922118 np0000032592 devstack@n-api.service[70102]: [pid: 70102|app: 0|req: 1/1] 192.168.1.119 () {50 vars in 783 bytes} [Tue Aug 26 14:38:17 2025] GET /compute/v2.1/ => generated 391 bytes in 3 msecs (HTTP/1.1 200) 9 headers in 357 bytes (1 switches on core 0)
Aug 26 14:38:50.527982 np0000032592 devstack@n-api.service[70101]: DEBUG nova.api.openstack.wsgi [None req-0ba68f7e-0d71-4f7c-86a1-f5f76edaa246 None None] Calling method '<bound method VersionsV2.index of <nova.api.openstack.compute.versions.VersionsV2 object at 0x7f0e7da79ea0>>' {{(pid=70101) _process_stack /opt/stack/nova/nova/api/openstack/wsgi.py:556}}
Aug 26 14:38:50.530688 np0000032592 devstack@n-api.service[70101]: INFO nova.api.openstack.requestlog [None req-0ba68f7e-0d71-4f7c-86a1-f5f76edaa246 None None] 192.168.1.119 "GET /compute/v2.1" status: 200 len: 392 microversion: 2.1 time: 0.003499
Aug 26 14:38:50.530940 np0000032592 devstack@n-api.service[70101]: [pid: 70101|app: 0|req: 1/2] 192.168.1.119 () {62 vars in 1068 bytes} [Tue Aug 26 14:38:50 2025] GET /compute/v2.1 => generated 392 bytes in 4 msecs (HTTP/1.1 200) 9 headers in 357 bytes (1 switches on core 0)
Aug 26 14:38:50.539524 np0000032592 devstack@n-api.service[70102]: DEBUG dbcounter [-] [70102] Writing DB stats nova_api:SELECT=1 {{(pid=70102) stat_writer /opt/stack/data/venv/lib/python3.10/site-packages/dbcounter.py:115}}
Aug 26 14:38:50.540288 np0000032592 devstack@n-api.service[70102]: DEBUG dbcounter [-] [70102] Writing DB stats nova_cell0:SELECT=1 {{(pid=70102) stat_writer /opt/stack/data/venv/lib/python3.10/site-packages/dbcounter.py:115}}
Aug 26 14:38:50.540651 np0000032592 devstack@n-api.service[70102]: DEBUG dbcounter [-] [70102] Writing DB stats nova_cell1:SELECT=1 {{(pid=70102) stat_writer /opt/stack/data/venv/lib/python3.10/site-packages/dbcounter.py:115}}
Aug 26 14:38:50.541067 np0000032592 devstack@n-api.service[70102]: DEBUG dbcounter [-] [70102] Writing DB stats nova_cell0:SELECT=2,nova_cell0:INSERT=1 {{(pid=70102) stat_writer /opt/stack/data/venv/lib/python3.10/site-packages/dbcounter.py:115}}
Aug 26 14:38:50.661641 np0000032592 devstack@n-api.service[70102]: DEBUG nova.api.openstack.wsgi [None req-87070fef-cc3e-46cf-9384-f126ff4c7272 admin admin] Calling method '<bound method FlavorsController.detail of <nova.api.openstack.compute.flavors.FlavorsController object at 0x7f0e7b63ee60>>' {{(pid=70102) _process_stack /opt/stack/nova/nova/api/openstack/wsgi.py:556}}
Aug 26 14:38:50.676541 np0000032592 devstack@n-api.service[70102]: INFO nova.api.openstack.requestlog [None req-87070fef-cc3e-46cf-9384-f126ff4c7272 admin admin] 192.168.1.119 "GET /compute/v2.1/flavors/detail?is_public=True" status: 200 len: 15 microversion: 2.61 time: 0.139803
Aug 26 14:38:50.676786 np0000032592 devstack@n-api.service[70102]: [pid: 70102|app: 0|req: 2/3] 192.168.1.119 () {68 vars in 1429 bytes} [Tue Aug 26 14:38:50 2025] GET /compute/v2.1/flavors/detail?is_public=True => generated 15 bytes in 140 msecs (HTTP/1.1 200) 9 headers in 358 bytes (1 switches on core 0)
Aug 26 14:38:50.764113 np0000032592 devstack@n-api.service[70101]: DEBUG nova.api.openstack.wsgi [None req-0ba68f7e-0d71-4f7c-86a1-f5f76edaa246 None None] Calling method '<bound method VersionsV2.index of <nova.api.openstack.compute.versions.VersionsV2 object at 0x7f0e7da79ea0>>' {{(pid=70101) _process_stack /opt/stack/nova/nova/api/openstack/wsgi.py:556}}
Aug 26 14:38:50.767028 np0000032592 devstack@n-api.service[70101]: INFO nova.api.openstack.requestlog [None req-0ba68f7e-0d71-4f7c-86a1-f5f76edaa246 None None] 192.168.1.119 "GET /compute/v2.1" status: 200 len: 392 microversion: 2.1 time: 0.003082
Aug 26 14:38:50.767325 np0000032592 devstack@n-api.service[70101]: [pid: 70101|app: 0|req: 2/4] 192.168.1.119 () {62 vars in 1068 bytes} [Tue Aug 26 14:38:50 2025] GET /compute/v2.1 => generated 392 bytes in 3 msecs (HTTP/1.1 200) 9 headers in 357 bytes (1 switches on core 0)
Aug 26 14:38:50.792719 np0000032592 devstack@n-api.service[70102]: DEBUG nova.api.openstack.wsgi [None req-2969d0e0-1d77-4f6c-9f5a-44290a066643 admin admin] Action: 'create', calling method: <bound method FlavorsController.create of <nova.api.openstack.compute.flavors.FlavorsController object at 0x7f0e7b63dcc0>>, body: {"flavor": {"ram": 256, "vcpus": 1, "name": "cirros256", "rxtx_factor": 1.0, "os-flavor-access:is_public": true, "id": "c1", "disk": 1, "OS-FLV-EXT-DATA:ephemeral": 0, "swap": 0}} {{(pid=70102) _process_stack /opt/stack/nova/nova/api/openstack/wsgi.py:554}}
Aug 26 14:38:50.814194 np0000032592 devstack@n-api.service[70102]: INFO nova.api.openstack.requestlog [None req-2969d0e0-1d77-4f6c-9f5a-44290a066643 admin admin] 192.168.1.119 "POST /compute/v2.1/flavors" status: 200 len: 413 microversion: 2.61 time: 0.040995
Aug 26 14:38:50.814716 np0000032592 devstack@n-api.service[70102]: [pid: 70102|app: 0|req: 3/5] 192.168.1.119 () {72 vars in 1420 bytes} [Tue Aug 26 14:38:50 2025] POST /compute/v2.1/flavors => generated 413 bytes in 42 msecs (HTTP/1.1 200) 9 headers in 359 bytes (1 switches on core 0)
Aug 26 14:38:50.897921 np0000032592 devstack@n-api.service[70101]: DEBUG nova.api.openstack.wsgi [None req-7380d898-b345-4b6c-82e5-2e7f9dc0d71b admin admin] Action: 'create', calling method: <bound method FlavorExtraSpecsController.create of <nova.api.openstack.compute.flavors_extraspecs.FlavorExtraSpecsController object at 0x7f0e7b660f40>>, body: {"extra_specs": {"hw_rng:allowed": "True"}} {{(pid=70101) _process_stack /opt/stack/nova/nova/api/openstack/wsgi.py:554}}
Aug 26 14:38:50.904366 np0000032592 devstack@n-api.service[70101]: DEBUG dbcounter [-] [70101] Writing DB stats nova_api:SELECT=1 {{(pid=70101) stat_writer /opt/stack/data/venv/lib/python3.10/site-packages/dbcounter.py:115}}
Aug 26 14:38:50.904366 np0000032592 devstack@n-api.service[70101]: DEBUG dbcounter [-] [70101] Writing DB stats nova_cell1:SELECT=1 {{(pid=70101) stat_writer /opt/stack/data/venv/lib/python3.10/site-packages/dbcounter.py:115}}
Aug 26 14:38:50.904366 np0000032592 devstack@n-api.service[70101]: DEBUG dbcounter [-] [70101] Writing DB stats nova_cell0:SELECT=1 {{(pid=70101) stat_writer /opt/stack/data/venv/lib/python3.10/site-packages/dbcounter.py:115}}
Aug 26 14:38:50.904366 np0000032592 devstack@n-api.service[70101]: DEBUG dbcounter [-] [70101] Writing DB stats nova_cell0:SELECT=2,nova_cell0:INSERT=1 {{(pid=70101) stat_writer /opt/stack/data/venv/lib/python3.10/site-packages/dbcounter.py:115}}
Aug 26 14:38:50.930157 np0000032592 devstack@n-api.service[70101]: INFO nova.api.openstack.requestlog [None req-7380d898-b345-4b6c-82e5-2e7f9dc0d71b admin admin] 192.168.1.119 "POST /compute/v2.1/flavors/c1/os-extra_specs" status: 200 len: 43 microversion: 2.61 time: 0.108279
Aug 26 14:38:50.930737 np0000032592 devstack@n-api.service[70101]: [pid: 70101|app: 0|req: 3/6] 192.168.1.119 () {72 vars in 1473 bytes} [Tue Aug 26 14:38:50 2025] POST /compute/v2.1/flavors/c1/os-extra_specs => generated 43 bytes in 109 msecs (HTTP/1.1 200) 9 headers in 358 bytes (1 switches on core 0)
Aug 26 14:38:51.021449 np0000032592 devstack@n-api.service[70102]: DEBUG nova.api.openstack.wsgi [None req-2969d0e0-1d77-4f6c-9f5a-44290a066643 admin admin] Calling method '<bound method VersionsV2.index of <nova.api.openstack.compute.versions.VersionsV2 object at 0x7f0e7bc3a890>>' {{(pid=70102) _process_stack /opt/stack/nova/nova/api/openstack/wsgi.py:556}}
Aug 26 14:38:51.023923 np0000032592 devstack@n-api.service[70102]: INFO nova.api.openstack.requestlog [None req-2969d0e0-1d77-4f6c-9f5a-44290a066643 admin admin] 192.168.1.119 "GET /compute/v2.1" status: 200 len: 392 microversion: 2.1 time: 0.003173
Aug 26 14:38:51.024128 np0000032592 devstack@n-api.service[70102]: [pid: 70102|app: 0|req: 4/7] 192.168.1.119 () {62 vars in 1068 bytes} [Tue Aug 26 14:38:51 2025] GET /compute/v2.1 => generated 392 bytes in 4 msecs (HTTP/1.1 200) 9 headers in 357 bytes (1 switches on core 0)
Aug 26 14:38:51.085950 np0000032592 devstack@n-api.service[70101]: DEBUG nova.api.openstack.wsgi [None req-1c6838a8-4048-4926-b1e3-07049d8f250a admin admin] Action: 'create', calling method: <bound method FlavorsController.create of <nova.api.openstack.compute.flavors.FlavorsController object at 0x7f0e7b641ed0>>, body: {"flavor": {"ram": 512, "vcpus": 1, "name": "ds512M", "rxtx_factor": 1.0, "os-flavor-access:is_public": true, "id": "d1", "disk": 5, "OS-FLV-EXT-DATA:ephemeral": 0, "swap": 0}} {{(pid=70101) _process_stack /opt/stack/nova/nova/api/openstack/wsgi.py:554}}
Aug 26 14:38:51.104192 np0000032592 devstack@n-api.service[70101]: INFO nova.api.openstack.requestlog [None req-1c6838a8-4048-4926-b1e3-07049d8f250a admin admin] 192.168.1.119 "POST /compute/v2.1/flavors" status: 200 len: 410 microversion: 2.61 time: 0.074282
Aug 26 14:38:51.104439 np0000032592 devstack@n-api.service[70101]: [pid: 70101|app: 0|req: 4/8] 192.168.1.119 () {72 vars in 1420 bytes} [Tue Aug 26 14:38:51 2025] POST /compute/v2.1/flavors => generated 410 bytes in 75 msecs (HTTP/1.1 200) 9 headers in 359 bytes (1 switches on core 0)
Aug 26 14:38:51.116521 np0000032592 devstack@n-api.service[70102]: DEBUG nova.api.openstack.wsgi [None req-12609dc0-7422-4d96-94e8-07a1091b8970 admin admin] Action: 'create', calling method: <bound method FlavorExtraSpecsController.create of <nova.api.openstack.compute.flavors_extraspecs.FlavorExtraSpecsController object at 0x7f0e7b664d30>>, body: {"extra_specs": {"hw_rng:allowed": "True"}} {{(pid=70102) _process_stack /opt/stack/nova/nova/api/openstack/wsgi.py:554}}
Aug 26 14:38:51.134132 np0000032592 devstack@n-api.service[70102]: INFO nova.api.openstack.requestlog [None req-12609dc0-7422-4d96-94e8-07a1091b8970 admin admin] 192.168.1.119 "POST /compute/v2.1/flavors/d1/os-extra_specs" status: 200 len: 43 microversion: 2.61 time: 0.022220
Aug 26 14:38:51.134377 np0000032592 devstack@n-api.service[70102]: [pid: 70102|app: 0|req: 5/9] 192.168.1.119 () {72 vars in 1473 bytes} [Tue Aug 26 14:38:51 2025] POST /compute/v2.1/flavors/d1/os-extra_specs => generated 43 bytes in 23 msecs (HTTP/1.1 200) 9 headers in 358 bytes (1 switches on core 0)
Aug 26 14:38:51.226738 np0000032592 devstack@n-api.service[70101]: DEBUG nova.api.openstack.wsgi [None req-1c6838a8-4048-4926-b1e3-07049d8f250a admin admin] Calling method '<bound method VersionsV2.index of <nova.api.openstack.compute.versions.VersionsV2 object at 0x7f0e7da79ea0>>' {{(pid=70101) _process_stack /opt/stack/nova/nova/api/openstack/wsgi.py:556}}
Aug 26 14:38:51.229445 np0000032592 devstack@n-api.service[70101]: INFO nova.api.openstack.requestlog [None req-1c6838a8-4048-4926-b1e3-07049d8f250a admin admin] 192.168.1.119 "GET /compute/v2.1" status: 200 len: 392 microversion: 2.1 time: 0.002900
Aug 26 14:38:51.229632 np0000032592 devstack@n-api.service[70101]: [pid: 70101|app: 0|req: 5/10] 192.168.1.119 () {62 vars in 1068 bytes} [Tue Aug 26 14:38:51 2025] GET /compute/v2.1 => generated 392 bytes in 3 msecs (HTTP/1.1 200) 9 headers in 357 bytes (1 switches on core 0)
Aug 26 14:38:51.255570 np0000032592 devstack@n-api.service[70102]: DEBUG nova.api.openstack.wsgi [None req-e4a2b334-25b8-48b7-b51e-42186d8d3b59 admin admin] Action: 'create', calling method: <bound method FlavorsController.create of <nova.api.openstack.compute.flavors.FlavorsController object at 0x7f0e7b63dcc0>>, body: {"flavor": {"ram": 1024, "vcpus": 1, "name": "ds1G", "rxtx_factor": 1.0, "os-flavor-access:is_public": true, "id": "d2", "disk": 10, "OS-FLV-EXT-DATA:ephemeral": 0, "swap": 0}} {{(pid=70102) _process_stack /opt/stack/nova/nova/api/openstack/wsgi.py:554}}
Aug 26 14:38:51.266336 np0000032592 devstack@n-api.service[70102]: INFO nova.api.openstack.requestlog [None req-e4a2b334-25b8-48b7-b51e-42186d8d3b59 admin admin] 192.168.1.119 "POST /compute/v2.1/flavors" status: 200 len: 410 microversion: 2.61 time: 0.030708
Aug 26 14:38:51.266580 np0000032592 devstack@n-api.service[70102]: [pid: 70102|app: 0|req: 6/11] 192.168.1.119 () {72 vars in 1420 bytes} [Tue Aug 26 14:38:51 2025] POST /compute/v2.1/flavors => generated 410 bytes in 31 msecs (HTTP/1.1 200) 9 headers in 359 bytes (1 switches on core 0)
Aug 26 14:38:51.275243 np0000032592 devstack@n-api.service[70101]: DEBUG nova.api.openstack.wsgi [None req-ddb69c2c-4483-40fe-83ab-9c7bf112f812 admin admin] Action: 'create', calling method: <bound method FlavorExtraSpecsController.create of <nova.api.openstack.compute.flavors_extraspecs.FlavorExtraSpecsController object at 0x7f0e7b660f40>>, body: {"extra_specs": {"hw_rng:allowed": "True"}} {{(pid=70101) _process_stack /opt/stack/nova/nova/api/openstack/wsgi.py:554}}
Aug 26 14:38:51.288852 np0000032592 devstack@n-api.service[70101]: INFO nova.api.openstack.requestlog [None req-ddb69c2c-4483-40fe-83ab-9c7bf112f812 admin admin] 192.168.1.119 "POST /compute/v2.1/flavors/d2/os-extra_specs" status: 200 len: 43 microversion: 2.61 time: 0.015366
Aug 26 14:38:51.289081 np0000032592 devstack@n-api.service[70101]: [pid: 70101|app: 0|req: 6/12] 192.168.1.119 () {72 vars in 1473 bytes} [Tue Aug 26 14:38:51 2025] POST /compute/v2.1/flavors/d2/os-extra_specs => generated 43 bytes in 16 msecs (HTTP/1.1 200) 9 headers in 358 bytes (1 switches on core 0)
Aug 26 14:38:51.386217 np0000032592 devstack@n-api.service[70102]: DEBUG nova.api.openstack.wsgi [None req-e4a2b334-25b8-48b7-b51e-42186d8d3b59 admin admin] Calling method '<bound method VersionsV2.index of <nova.api.openstack.compute.versions.VersionsV2 object at 0x7f0e7bc3a890>>' {{(pid=70102) _process_stack /opt/stack/nova/nova/api/openstack/wsgi.py:556}}
Aug 26 14:38:51.389089 np0000032592 devstack@n-api.service[70102]: INFO nova.api.openstack.requestlog [None req-e4a2b334-25b8-48b7-b51e-42186d8d3b59 admin admin] 192.168.1.119 "GET /compute/v2.1" status: 200 len: 392 microversion: 2.1 time: 0.003055
Aug 26 14:38:51.389418 np0000032592 devstack@n-api.service[70102]: [pid: 70102|app: 0|req: 7/13] 192.168.1.119 () {62 vars in 1068 bytes} [Tue Aug 26 14:38:51 2025] GET /compute/v2.1 => generated 392 bytes in 3 msecs (HTTP/1.1 200) 9 headers in 357 bytes (1 switches on core 0)
Aug 26 14:38:51.418448 np0000032592 devstack@n-api.service[70101]: DEBUG nova.api.openstack.wsgi [None req-55a998ca-583f-4fbc-8d46-5ac3452c13dd admin admin] Action: 'create', calling method: <bound method FlavorsController.create of <nova.api.openstack.compute.flavors.FlavorsController object at 0x7f0e7b641ed0>>, body: {"flavor": {"ram": 2048, "vcpus": 2, "name": "ds2G", "rxtx_factor": 1.0, "os-flavor-access:is_public": true, "id": "d3", "disk": 10, "OS-FLV-EXT-DATA:ephemeral": 0, "swap": 0}} {{(pid=70101) _process_stack /opt/stack/nova/nova/api/openstack/wsgi.py:554}}
Aug 26 14:38:51.430278 np0000032592 devstack@n-api.service[70101]: INFO nova.api.openstack.requestlog [None req-55a998ca-583f-4fbc-8d46-5ac3452c13dd admin admin] 192.168.1.119 "POST /compute/v2.1/flavors" status: 200 len: 410 microversion: 2.61 time: 0.032887
Aug 26 14:38:51.430533 np0000032592 devstack@n-api.service[70101]: [pid: 70101|app: 0|req: 7/14] 192.168.1.119 () {72 vars in 1420 bytes} [Tue Aug 26 14:38:51 2025] POST /compute/v2.1/flavors => generated 410 bytes in 33 msecs (HTTP/1.1 200) 9 headers in 359 bytes (1 switches on core 0)
Aug 26 14:38:51.439870 np0000032592 devstack@n-api.service[70102]: DEBUG nova.api.openstack.wsgi [None req-e9c92801-054c-485b-af37-886286f7f227 admin admin] Action: 'create', calling method: <bound method FlavorExtraSpecsController.create of <nova.api.openstack.compute.flavors_extraspecs.FlavorExtraSpecsController object at 0x7f0e7b664d30>>, body: {"extra_specs": {"hw_rng:allowed": "True"}} {{(pid=70102) _process_stack /opt/stack/nova/nova/api/openstack/wsgi.py:554}}
Aug 26 14:38:51.452933 np0000032592 devstack@n-api.service[70102]: INFO nova.api.openstack.requestlog [None req-e9c92801-054c-485b-af37-886286f7f227 admin admin] 192.168.1.119 "POST /compute/v2.1/flavors/d3/os-extra_specs" status: 200 len: 43 microversion: 2.61 time: 0.014790
Aug 26 14:38:51.453197 np0000032592 devstack@n-api.service[70102]: [pid: 70102|app: 0|req: 8/15] 192.168.1.119 () {72 vars in 1473 bytes} [Tue Aug 26 14:38:51 2025] POST /compute/v2.1/flavors/d3/os-extra_specs => generated 43 bytes in 15 msecs (HTTP/1.1 200) 9 headers in 358 bytes (1 switches on core 0)
Aug 26 14:38:51.542196 np0000032592 devstack@n-api.service[70101]: DEBUG nova.api.openstack.wsgi [None req-55a998ca-583f-4fbc-8d46-5ac3452c13dd admin admin] Calling method '<bound method VersionsV2.index of <nova.api.openstack.compute.versions.VersionsV2 object at 0x7f0e7da79ea0>>' {{(pid=70101) _process_stack /opt/stack/nova/nova/api/openstack/wsgi.py:556}}
Aug 26 14:38:51.545108 np0000032592 devstack@n-api.service[70101]: INFO nova.api.openstack.requestlog [None req-55a998ca-583f-4fbc-8d46-5ac3452c13dd admin admin] 192.168.1.119 "GET /compute/v2.1" status: 200 len: 392 microversion: 2.1 time: 0.003116
Aug 26 14:38:51.545284 np0000032592 devstack@n-api.service[70101]: [pid: 70101|app: 0|req: 8/16] 192.168.1.119 () {62 vars in 1068 bytes} [Tue Aug 26 14:38:51 2025] GET /compute/v2.1 => generated 392 bytes in 3 msecs (HTTP/1.1 200) 9 headers in 357 bytes (1 switches on core 0)
Aug 26 14:38:51.570518 np0000032592 devstack@n-api.service[70102]: DEBUG nova.api.openstack.wsgi [None req-0ab75223-4dcb-41b3-898c-7beaaa9d78be admin admin] Action: 'create', calling method: <bound method FlavorsController.create of <nova.api.openstack.compute.flavors.FlavorsController object at 0x7f0e7b63dcc0>>, body: {"flavor": {"ram": 4096, "vcpus": 4, "name": "ds4G", "rxtx_factor": 1.0, "os-flavor-access:is_public": true, "id": "d4", "disk": 20, "OS-FLV-EXT-DATA:ephemeral": 0, "swap": 0}} {{(pid=70102) _process_stack /opt/stack/nova/nova/api/openstack/wsgi.py:554}}
Aug 26 14:38:51.581547 np0000032592 devstack@n-api.service[70102]: INFO nova.api.openstack.requestlog [None req-0ab75223-4dcb-41b3-898c-7beaaa9d78be admin admin] 192.168.1.119 "POST /compute/v2.1/flavors" status: 200 len: 410 microversion: 2.61 time: 0.030455
Aug 26 14:38:51.581783 np0000032592 devstack@n-api.service[70102]: [pid: 70102|app: 0|req: 9/17] 192.168.1.119 () {72 vars in 1420 bytes} [Tue Aug 26 14:38:51 2025] POST /compute/v2.1/flavors => generated 410 bytes in 31 msecs (HTTP/1.1 200) 9 headers in 359 bytes (1 switches on core 0)
Aug 26 14:38:51.590783 np0000032592 devstack@n-api.service[70101]: DEBUG nova.api.openstack.wsgi [None req-7dc70fa1-ea23-413c-bd1a-deffd2fc1ee6 admin admin] Action: 'create', calling method: <bound method FlavorExtraSpecsController.create of <nova.api.openstack.compute.flavors_extraspecs.FlavorExtraSpecsController object at 0x7f0e7b660f40>>, body: {"extra_specs": {"hw_rng:allowed": "True"}} {{(pid=70101) _process_stack /opt/stack/nova/nova/api/openstack/wsgi.py:554}}
Aug 26 14:38:51.603663 np0000032592 devstack@n-api.service[70101]: INFO nova.api.openstack.requestlog [None req-7dc70fa1-ea23-413c-bd1a-deffd2fc1ee6 admin admin] 192.168.1.119 "POST /compute/v2.1/flavors/d4/os-extra_specs" status: 200 len: 43 microversion: 2.61 time: 0.014539
Aug 26 14:38:51.603991 np0000032592 devstack@n-api.service[70101]: [pid: 70101|app: 0|req: 9/18] 192.168.1.119 () {72 vars in 1473 bytes} [Tue Aug 26 14:38:51 2025] POST /compute/v2.1/flavors/d4/os-extra_specs => generated 43 bytes in 15 msecs (HTTP/1.1 200) 9 headers in 358 bytes (1 switches on core 0)
Aug 26 14:38:51.692832 np0000032592 devstack@n-api.service[70102]: DEBUG nova.api.openstack.wsgi [None req-0ab75223-4dcb-41b3-898c-7beaaa9d78be admin admin] Calling method '<bound method VersionsV2.index of <nova.api.openstack.compute.versions.VersionsV2 object at 0x7f0e7bc3a890>>' {{(pid=70102) _process_stack /opt/stack/nova/nova/api/openstack/wsgi.py:556}}
Aug 26 14:38:51.695612 np0000032592 devstack@n-api.service[70102]: INFO nova.api.openstack.requestlog [None req-0ab75223-4dcb-41b3-898c-7beaaa9d78be admin admin] 192.168.1.119 "GET /compute/v2.1" status: 200 len: 392 microversion: 2.1 time: 0.002935
Aug 26 14:38:51.695795 np0000032592 devstack@n-api.service[70102]: [pid: 70102|app: 0|req: 10/19] 192.168.1.119 () {62 vars in 1068 bytes} [Tue Aug 26 14:38:51 2025] GET /compute/v2.1 => generated 392 bytes in 3 msecs (HTTP/1.1 200) 9 headers in 357 bytes (1 switches on core 0)
Aug 26 14:38:51.720079 np0000032592 devstack@n-api.service[70101]: DEBUG nova.api.openstack.wsgi [None req-1b140eef-5e4e-4502-aac9-903fe206cdaa admin admin] Calling method '<bound method FlavorsController.detail of <nova.api.openstack.compute.flavors.FlavorsController object at 0x7f0e7b643070>>' {{(pid=70101) _process_stack /opt/stack/nova/nova/api/openstack/wsgi.py:556}}
Aug 26 14:38:51.734033 np0000032592 devstack@n-api.service[70101]: INFO nova.api.openstack.requestlog [None req-1b140eef-5e4e-4502-aac9-903fe206cdaa admin admin] 192.168.1.119 "GET /compute/v2.1/flavors/detail?is_public=True" status: 200 len: 2136 microversion: 2.61 time: 0.032743
Aug 26 14:38:51.739237 np0000032592 devstack@n-api.service[70101]: [pid: 70101|app: 0|req: 10/20] 192.168.1.119 () {68 vars in 1429 bytes} [Tue Aug 26 14:38:51 2025] GET /compute/v2.1/flavors/detail?is_public=True => generated 2136 bytes in 33 msecs (HTTP/1.1 200) 9 headers in 360 bytes (1 switches on core 0)
Aug 26 14:38:51.823892 np0000032592 devstack@n-api.service[70102]: DEBUG nova.api.openstack.wsgi [None req-0ab75223-4dcb-41b3-898c-7beaaa9d78be admin admin] Calling method '<bound method VersionsV2.index of <nova.api.openstack.compute.versions.VersionsV2 object at 0x7f0e7bc3a890>>' {{(pid=70102) _process_stack /opt/stack/nova/nova/api/openstack/wsgi.py:556}}
Aug 26 14:38:51.826633 np0000032592 devstack@n-api.service[70102]: INFO nova.api.openstack.requestlog [None req-0ab75223-4dcb-41b3-898c-7beaaa9d78be admin admin] 192.168.1.119 "GET /compute/v2.1" status: 200 len: 392 microversion: 2.1 time: 0.002931
Aug 26 14:38:51.826808 np0000032592 devstack@n-api.service[70102]: [pid: 70102|app: 0|req: 11/21] 192.168.1.119 () {62 vars in 1068 bytes} [Tue Aug 26 14:38:51 2025] GET /compute/v2.1 => generated 392 bytes in 3 msecs (HTTP/1.1 200) 9 headers in 357 bytes (1 switches on core 0)
Aug 26 14:38:51.850824 np0000032592 devstack@n-api.service[70101]: DEBUG nova.api.openstack.wsgi [None req-8e998623-0991-45e2-8cd9-a21d925bd0a4 admin admin] Action: 'create', calling method: <bound method FlavorsController.create of <nova.api.openstack.compute.flavors.FlavorsController object at 0x7f0e7b641ed0>>, body: {"flavor": {"ram": 512, "vcpus": 1, "name": "m1.tiny", "rxtx_factor": 1.0, "os-flavor-access:is_public": true, "id": "1", "disk": 1, "OS-FLV-EXT-DATA:ephemeral": 0, "swap": 0}} {{(pid=70101) _process_stack /opt/stack/nova/nova/api/openstack/wsgi.py:554}}
Aug 26 14:38:51.862226 np0000032592 devstack@n-api.service[70101]: INFO nova.api.openstack.requestlog [None req-8e998623-0991-45e2-8cd9-a21d925bd0a4 admin admin] 192.168.1.119 "POST /compute/v2.1/flavors" status: 200 len: 408 microversion: 2.61 time: 0.030112
Aug 26 14:38:51.862491 np0000032592 devstack@n-api.service[70101]: [pid: 70101|app: 0|req: 11/22] 192.168.1.119 () {72 vars in 1420 bytes} [Tue Aug 26 14:38:51 2025] POST /compute/v2.1/flavors => generated 408 bytes in 30 msecs (HTTP/1.1 200) 9 headers in 359 bytes (1 switches on core 0)
Aug 26 14:38:51.871039 np0000032592 devstack@n-api.service[70102]: DEBUG nova.api.openstack.wsgi [None req-e648b220-a5f7-44b9-ba61-1b18014492b9 admin admin] Action: 'create', calling method: <bound method FlavorExtraSpecsController.create of <nova.api.openstack.compute.flavors_extraspecs.FlavorExtraSpecsController object at 0x7f0e7b664d30>>, body: {"extra_specs": {"hw_rng:allowed": "True"}} {{(pid=70102) _process_stack /opt/stack/nova/nova/api/openstack/wsgi.py:554}}
Aug 26 14:38:51.883758 np0000032592 devstack@n-api.service[70102]: INFO nova.api.openstack.requestlog [None req-e648b220-a5f7-44b9-ba61-1b18014492b9 admin admin] 192.168.1.119 "POST /compute/v2.1/flavors/1/os-extra_specs" status: 200 len: 43 microversion: 2.61 time: 0.014383
Aug 26 14:38:51.883999 np0000032592 devstack@n-api.service[70102]: [pid: 70102|app: 0|req: 12/23] 192.168.1.119 () {72 vars in 1470 bytes} [Tue Aug 26 14:38:51 2025] POST /compute/v2.1/flavors/1/os-extra_specs => generated 43 bytes in 15 msecs (HTTP/1.1 200) 9 headers in 358 bytes (1 switches on core 0)
Aug 26 14:38:51.971976 np0000032592 devstack@n-api.service[70101]: DEBUG nova.api.openstack.wsgi [None req-8e998623-0991-45e2-8cd9-a21d925bd0a4 admin admin] Calling method '<bound method VersionsV2.index of <nova.api.openstack.compute.versions.VersionsV2 object at 0x7f0e7da79ea0>>' {{(pid=70101) _process_stack /opt/stack/nova/nova/api/openstack/wsgi.py:556}}
Aug 26 14:38:51.974603 np0000032592 devstack@n-api.service[70101]: INFO nova.api.openstack.requestlog [None req-8e998623-0991-45e2-8cd9-a21d925bd0a4 admin admin] 192.168.1.119 "GET /compute/v2.1" status: 200 len: 392 microversion: 2.1 time: 0.002826
Aug 26 14:38:51.974780 np0000032592 devstack@n-api.service[70101]: [pid: 70101|app: 0|req: 12/24] 192.168.1.119 () {62 vars in 1068 bytes} [Tue Aug 26 14:38:51 2025] GET /compute/v2.1 => generated 392 bytes in 3 msecs (HTTP/1.1 200) 9 headers in 357 bytes (1 switches on core 0)
Aug 26 14:38:52.000357 np0000032592 devstack@n-api.service[70102]: DEBUG nova.api.openstack.wsgi [None req-1f02c39e-63c9-4015-8440-face9b672aad admin admin] Action: 'create', calling method: <bound method FlavorsController.create of <nova.api.openstack.compute.flavors.FlavorsController object at 0x7f0e7b63dcc0>>, body: {"flavor": {"ram": 2048, "vcpus": 1, "name": "m1.small", "rxtx_factor": 1.0, "os-flavor-access:is_public": true, "id": "2", "disk": 20, "OS-FLV-EXT-DATA:ephemeral": 0, "swap": 0}} {{(pid=70102) _process_stack /opt/stack/nova/nova/api/openstack/wsgi.py:554}}
Aug 26 14:38:52.011741 np0000032592 devstack@n-api.service[70102]: INFO nova.api.openstack.requestlog [None req-1f02c39e-63c9-4015-8440-face9b672aad admin admin] 192.168.1.119 "POST /compute/v2.1/flavors" status: 200 len: 411 microversion: 2.61 time: 0.030630
Aug 26 14:38:52.011988 np0000032592 devstack@n-api.service[70102]: [pid: 70102|app: 0|req: 13/25] 192.168.1.119 () {72 vars in 1420 bytes} [Tue Aug 26 14:38:51 2025] POST /compute/v2.1/flavors => generated 411 bytes in 31 msecs (HTTP/1.1 200) 9 headers in 359 bytes (1 switches on core 0)
Aug 26 14:38:52.022584 np0000032592 devstack@n-api.service[70101]: DEBUG nova.api.openstack.wsgi [None req-f9b49bc5-b907-46d2-9b9c-e7c8fc5646eb admin admin] Action: 'create', calling method: <bound method FlavorExtraSpecsController.create of <nova.api.openstack.compute.flavors_extraspecs.FlavorExtraSpecsController object at 0x7f0e7b660f40>>, body: {"extra_specs": {"hw_rng:allowed": "True"}} {{(pid=70101) _process_stack /opt/stack/nova/nova/api/openstack/wsgi.py:554}}
Aug 26 14:38:52.038087 np0000032592 devstack@n-api.service[70101]: INFO nova.api.openstack.requestlog [None req-f9b49bc5-b907-46d2-9b9c-e7c8fc5646eb admin admin] 192.168.1.119 "POST /compute/v2.1/flavors/2/os-extra_specs" status: 200 len: 43 microversion: 2.61 time: 0.017603
Aug 26 14:38:52.038366 np0000032592 devstack@n-api.service[70101]: [pid: 70101|app: 0|req: 13/26] 192.168.1.119 () {72 vars in 1470 bytes} [Tue Aug 26 14:38:52 2025] POST /compute/v2.1/flavors/2/os-extra_specs => generated 43 bytes in 18 msecs (HTTP/1.1 200) 9 headers in 358 bytes (1 switches on core 0)
Aug 26 14:38:52.132318 np0000032592 devstack@n-api.service[70102]: DEBUG nova.api.openstack.wsgi [None req-1f02c39e-63c9-4015-8440-face9b672aad admin admin] Calling method '<bound method VersionsV2.index of <nova.api.openstack.compute.versions.VersionsV2 object at 0x7f0e7bc3a890>>' {{(pid=70102) _process_stack /opt/stack/nova/nova/api/openstack/wsgi.py:556}}
Aug 26 14:38:52.135239 np0000032592 devstack@n-api.service[70102]: INFO nova.api.openstack.requestlog [None req-1f02c39e-63c9-4015-8440-face9b672aad admin admin] 192.168.1.119 "GET /compute/v2.1" status: 200 len: 392 microversion: 2.1 time: 0.003099
Aug 26 14:38:52.135574 np0000032592 devstack@n-api.service[70102]: [pid: 70102|app: 0|req: 14/27] 192.168.1.119 () {62 vars in 1068 bytes} [Tue Aug 26 14:38:52 2025] GET /compute/v2.1 => generated 392 bytes in 3 msecs (HTTP/1.1 200) 9 headers in 357 bytes (1 switches on core 0)
