Aug 26 14:58:15.029683 np0000032592 devstack@placement-api.service[73483]: INFO placement.requestlog [req-06a03600-3c38-40ab-b6d0-827cd55b9954 req-b1d6b620-fa03-4c48-8c5f-df34fb99b611 service nova] 192.168.1.119 "GET /placement/resource_providers/9f207a5d-b3df-4a8d-92a7-24d53361456e/allocations" status: 200 len: 153 microversion: 1.0
Aug 26 14:58:15.029935 np0000032592 devstack@placement-api.service[73483]: [pid: 73483|app: 0|req: 67/133] 192.168.1.119 () {66 vars in 1535 bytes} [Tue Aug 26 14:58:15 2025] GET /placement/resource_providers/9f207a5d-b3df-4a8d-92a7-24d53361456e/allocations => generated 153 bytes in 9 msecs (HTTP/1.1 200) 6 headers in 224 bytes (1 switches on core 0)
Aug 26 14:58:15.035192 np0000032592 devstack@placement-api.service[73484]: DEBUG placement.requestlog [req-06a03600-3c38-40ab-b6d0-827cd55b9954 req-3d8eb4be-fcc6-4b08-824d-e6b89f0b3345 None None] Starting request: 192.168.1.119 "GET /placement/allocations/dbc19367-c828-4533-abea-37533692bca7" {{(pid=73484) __call__ /opt/stack/placement/placement/requestlog.py:55}}
Aug 26 14:58:15.041254 np0000032592 devstack@placement-api.service[73484]: INFO placement.requestlog [req-06a03600-3c38-40ab-b6d0-827cd55b9954 req-3d8eb4be-fcc6-4b08-824d-e6b89f0b3345 service nova] 192.168.1.119 "GET /placement/allocations/dbc19367-c828-4533-abea-37533692bca7" status: 200 len: 258 microversion: 1.28
Aug 26 14:58:15.041579 np0000032592 devstack@placement-api.service[73484]: [pid: 73484|app: 0|req: 67/134] 192.168.1.119 () {68 vars in 1522 bytes} [Tue Aug 26 14:58:15 2025] GET /placement/allocations/dbc19367-c828-4533-abea-37533692bca7 => generated 258 bytes in 6 msecs (HTTP/1.1 200) 8 headers in 296 bytes (1 switches on core 0)
Aug 26 14:58:25.029336 np0000032592 devstack@placement-api.service[73483]: DEBUG dbcounter [-] [73483] Writing DB stats placement:SELECT=3 {{(pid=73483) stat_writer /opt/stack/data/venv/lib/python3.10/site-packages/dbcounter.py:115}}
Aug 26 14:58:25.041111 np0000032592 devstack@placement-api.service[73484]: DEBUG dbcounter [-] [73484] Writing DB stats placement:SELECT=5 {{(pid=73484) stat_writer /opt/stack/data/venv/lib/python3.10/site-packages/dbcounter.py:115}}
Aug 26 14:59:15.999802 np0000032592 devstack@placement-api.service[73483]: DEBUG placement.requestlog [req-fc9e33c8-1ece-40f9-a98b-45c9a45b7043 req-60911c3d-79a8-4ff0-bf97-f8ab919c5a58 None None] Starting request: 192.168.1.119 "GET /placement/resource_providers/9f207a5d-b3df-4a8d-92a7-24d53361456e/allocations" {{(pid=73483) __call__ /opt/stack/placement/placement/requestlog.py:55}}
Aug 26 14:59:16.007978 np0000032592 devstack@placement-api.service[73483]: INFO placement.requestlog [req-fc9e33c8-1ece-40f9-a98b-45c9a45b7043 req-60911c3d-79a8-4ff0-bf97-f8ab919c5a58 service nova] 192.168.1.119 "GET /placement/resource_providers/9f207a5d-b3df-4a8d-92a7-24d53361456e/allocations" status: 200 len: 153 microversion: 1.0
Aug 26 14:59:16.008312 np0000032592 devstack@placement-api.service[73483]: [pid: 73483|app: 0|req: 68/135] 192.168.1.119 () {66 vars in 1535 bytes} [Tue Aug 26 14:59:15 2025] GET /placement/resource_providers/9f207a5d-b3df-4a8d-92a7-24d53361456e/allocations => generated 153 bytes in 9 msecs (HTTP/1.1 200) 6 headers in 224 bytes (1 switches on core 0)
Aug 26 14:59:16.016160 np0000032592 devstack@placement-api.service[73484]: DEBUG placement.requestlog [req-fc9e33c8-1ece-40f9-a98b-45c9a45b7043 req-cc961d8e-97f7-48cd-aedd-86e7fe1d57fe None None] Starting request: 192.168.1.119 "GET /placement/resource_providers/9f207a5d-b3df-4a8d-92a7-24d53361456e/allocations" {{(pid=73484) __call__ /opt/stack/placement/placement/requestlog.py:55}}
Aug 26 14:59:16.024019 np0000032592 devstack@placement-api.service[73484]: INFO placement.requestlog [req-fc9e33c8-1ece-40f9-a98b-45c9a45b7043 req-cc961d8e-97f7-48cd-aedd-86e7fe1d57fe service nova] 192.168.1.119 "GET /placement/resource_providers/9f207a5d-b3df-4a8d-92a7-24d53361456e/allocations" status: 200 len: 153 microversion: 1.0
Aug 26 14:59:16.024301 np0000032592 devstack@placement-api.service[73484]: [pid: 73484|app: 0|req: 68/136] 192.168.1.119 () {66 vars in 1535 bytes} [Tue Aug 26 14:59:16 2025] GET /placement/resource_providers/9f207a5d-b3df-4a8d-92a7-24d53361456e/allocations => generated 153 bytes in 9 msecs (HTTP/1.1 200) 6 headers in 224 bytes (1 switches on core 0)
Aug 26 14:59:16.029339 np0000032592 devstack@placement-api.service[73483]: DEBUG placement.requestlog [req-fc9e33c8-1ece-40f9-a98b-45c9a45b7043 req-e0e75f77-e748-4141-b6b0-e4b3e03a457d None None] Starting request: 192.168.1.119 "GET /placement/allocations/dbc19367-c828-4533-abea-37533692bca7" {{(pid=73483) __call__ /opt/stack/placement/placement/requestlog.py:55}}
Aug 26 14:59:16.035270 np0000032592 devstack@placement-api.service[73483]: INFO placement.requestlog [req-fc9e33c8-1ece-40f9-a98b-45c9a45b7043 req-e0e75f77-e748-4141-b6b0-e4b3e03a457d service nova] 192.168.1.119 "GET /placement/allocations/dbc19367-c828-4533-abea-37533692bca7" status: 200 len: 258 microversion: 1.28
Aug 26 14:59:16.035712 np0000032592 devstack@placement-api.service[73483]: [pid: 73483|app: 0|req: 69/137] 192.168.1.119 () {68 vars in 1522 bytes} [Tue Aug 26 14:59:16 2025] GET /placement/allocations/dbc19367-c828-4533-abea-37533692bca7 => generated 258 bytes in 6 msecs (HTTP/1.1 200) 8 headers in 296 bytes (1 switches on core 0)
Aug 26 14:59:26.023604 np0000032592 devstack@placement-api.service[73484]: DEBUG dbcounter [-] [73484] Writing DB stats placement:SELECT=3 {{(pid=73484) stat_writer /opt/stack/data/venv/lib/python3.10/site-packages/dbcounter.py:115}}
Aug 26 14:59:26.034884 np0000032592 devstack@placement-api.service[73483]: DEBUG dbcounter [-] [73483] Writing DB stats placement:SELECT=5 {{(pid=73483) stat_writer /opt/stack/data/venv/lib/python3.10/site-packages/dbcounter.py:115}}
Aug 26 15:00:17.029050 np0000032592 devstack@placement-api.service[73484]: DEBUG placement.requestlog [req-78821623-1d12-4834-bee2-4593d8e042fe req-7d58e413-4d6d-49f5-b8d4-8ae553f1b7e9 None None] Starting request: 192.168.1.119 "GET /placement/resource_providers/9f207a5d-b3df-4a8d-92a7-24d53361456e/allocations" {{(pid=73484) __call__ /opt/stack/placement/placement/requestlog.py:55}}
Aug 26 15:00:17.090219 np0000032592 devstack@placement-api.service[73484]: INFO placement.requestlog [req-78821623-1d12-4834-bee2-4593d8e042fe req-7d58e413-4d6d-49f5-b8d4-8ae553f1b7e9 service nova] 192.168.1.119 "GET /placement/resource_providers/9f207a5d-b3df-4a8d-92a7-24d53361456e/allocations" status: 200 len: 153 microversion: 1.0
Aug 26 15:00:17.090503 np0000032592 devstack@placement-api.service[73484]: [pid: 73484|app: 0|req: 69/138] 192.168.1.119 () {66 vars in 1535 bytes} [Tue Aug 26 15:00:17 2025] GET /placement/resource_providers/9f207a5d-b3df-4a8d-92a7-24d53361456e/allocations => generated 153 bytes in 61 msecs (HTTP/1.1 200) 6 headers in 224 bytes (1 switches on core 0)
Aug 26 15:00:17.098993 np0000032592 devstack@placement-api.service[73483]: DEBUG placement.requestlog [req-78821623-1d12-4834-bee2-4593d8e042fe req-36c5d8e4-29c2-4e78-a218-e6eccb572bfd None None] Starting request: 192.168.1.119 "GET /placement/resource_providers?in_tree=9f207a5d-b3df-4a8d-92a7-24d53361456e" {{(pid=73483) __call__ /opt/stack/placement/placement/requestlog.py:55}}
Aug 26 15:00:17.108203 np0000032592 devstack@placement-api.service[73483]: INFO placement.requestlog [req-78821623-1d12-4834-bee2-4593d8e042fe req-36c5d8e4-29c2-4e78-a218-e6eccb572bfd service nova] 192.168.1.119 "GET /placement/resource_providers?in_tree=9f207a5d-b3df-4a8d-92a7-24d53361456e" status: 200 len: 861 microversion: 1.14
Aug 26 15:00:17.108436 np0000032592 devstack@placement-api.service[73483]: [pid: 73483|app: 0|req: 70/139] 192.168.1.119 () {68 vars in 1521 bytes} [Tue Aug 26 15:00:17 2025] GET /placement/resource_providers?in_tree=9f207a5d-b3df-4a8d-92a7-24d53361456e => generated 861 bytes in 9 msecs (HTTP/1.1 200) 6 headers in 225 bytes (1 switches on core 0)
Aug 26 15:00:17.115256 np0000032592 devstack@placement-api.service[73484]: DEBUG placement.requestlog [req-78821623-1d12-4834-bee2-4593d8e042fe req-255d3716-0112-4a3e-9cef-eda26afd7c08 None None] Starting request: 192.168.1.119 "GET /placement/resource_providers/9f207a5d-b3df-4a8d-92a7-24d53361456e/inventories" {{(pid=73484) __call__ /opt/stack/placement/placement/requestlog.py:55}}
Aug 26 15:00:17.121914 np0000032592 devstack@placement-api.service[73484]: INFO placement.requestlog [req-78821623-1d12-4834-bee2-4593d8e042fe req-255d3716-0112-4a3e-9cef-eda26afd7c08 service nova] 192.168.1.119 "GET /placement/resource_providers/9f207a5d-b3df-4a8d-92a7-24d53361456e/inventories" status: 200 len: 396 microversion: 1.0
Aug 26 15:00:17.122185 np0000032592 devstack@placement-api.service[73484]: [pid: 73484|app: 0|req: 70/140] 192.168.1.119 () {66 vars in 1535 bytes} [Tue Aug 26 15:00:17 2025] GET /placement/resource_providers/9f207a5d-b3df-4a8d-92a7-24d53361456e/inventories => generated 396 bytes in 7 msecs (HTTP/1.1 200) 6 headers in 224 bytes (1 switches on core 0)
Aug 26 15:00:17.128979 np0000032592 devstack@placement-api.service[73483]: DEBUG placement.requestlog [req-78821623-1d12-4834-bee2-4593d8e042fe req-f006720e-4599-44cc-a82d-f4b09a15ebba None None] Starting request: 192.168.1.119 "GET /placement/resource_providers/9f207a5d-b3df-4a8d-92a7-24d53361456e/aggregates" {{(pid=73483) __call__ /opt/stack/placement/placement/requestlog.py:55}}
Aug 26 15:00:17.134180 np0000032592 devstack@placement-api.service[73483]: INFO placement.requestlog [req-78821623-1d12-4834-bee2-4593d8e042fe req-f006720e-4599-44cc-a82d-f4b09a15ebba service nova] 192.168.1.119 "GET /placement/resource_providers/9f207a5d-b3df-4a8d-92a7-24d53361456e/aggregates" status: 200 len: 53 microversion: 1.19
Aug 26 15:00:17.134469 np0000032592 devstack@placement-api.service[73483]: [pid: 73483|app: 0|req: 71/141] 192.168.1.119 () {68 vars in 1576 bytes} [Tue Aug 26 15:00:17 2025] GET /placement/resource_providers/9f207a5d-b3df-4a8d-92a7-24d53361456e/aggregates => generated 53 bytes in 5 msecs (HTTP/1.1 200) 8 headers in 295 bytes (1 switches on core 0)
Aug 26 15:00:17.140594 np0000032592 devstack@placement-api.service[73484]: DEBUG placement.requestlog [req-78821623-1d12-4834-bee2-4593d8e042fe req-c6f9df21-259a-444c-a737-dfe788cec619 None None] Starting request: 192.168.1.119 "GET /placement/resource_providers/9f207a5d-b3df-4a8d-92a7-24d53361456e/traits" {{(pid=73484) __call__ /opt/stack/placement/placement/requestlog.py:55}}
Aug 26 15:00:17.152584 np0000032592 devstack@placement-api.service[73484]: INFO placement.requestlog [req-78821623-1d12-4834-bee2-4593d8e042fe req-c6f9df21-259a-444c-a737-dfe788cec619 service nova] 192.168.1.119 "GET /placement/resource_providers/9f207a5d-b3df-4a8d-92a7-24d53361456e/traits" status: 200 len: 1621 microversion: 1.6
Aug 26 15:00:17.152899 np0000032592 devstack@placement-api.service[73484]: [pid: 73484|app: 0|req: 71/142] 192.168.1.119 () {68 vars in 1563 bytes} [Tue Aug 26 15:00:17 2025] GET /placement/resource_providers/9f207a5d-b3df-4a8d-92a7-24d53361456e/traits => generated 1621 bytes in 12 msecs (HTTP/1.1 200) 6 headers in 225 bytes (1 switches on core 0)
Aug 26 15:00:17.160018 np0000032592 devstack@placement-api.service[73483]: DEBUG placement.requestlog [req-78821623-1d12-4834-bee2-4593d8e042fe req-db262268-fc8c-47ac-a6bf-feab889c2ced None None] Starting request: 192.168.1.119 "GET /placement/resource_providers/9f207a5d-b3df-4a8d-92a7-24d53361456e/allocations" {{(pid=73483) __call__ /opt/stack/placement/placement/requestlog.py:55}}
Aug 26 15:00:17.168697 np0000032592 devstack@placement-api.service[73483]: INFO placement.requestlog [req-78821623-1d12-4834-bee2-4593d8e042fe req-db262268-fc8c-47ac-a6bf-feab889c2ced service nova] 192.168.1.119 "GET /placement/resource_providers/9f207a5d-b3df-4a8d-92a7-24d53361456e/allocations" status: 200 len: 153 microversion: 1.0
Aug 26 15:00:17.168858 np0000032592 devstack@placement-api.service[73483]: [pid: 73483|app: 0|req: 72/143] 192.168.1.119 () {66 vars in 1535 bytes} [Tue Aug 26 15:00:17 2025] GET /placement/resource_providers/9f207a5d-b3df-4a8d-92a7-24d53361456e/allocations => generated 153 bytes in 9 msecs (HTTP/1.1 200) 6 headers in 224 bytes (1 switches on core 0)
Aug 26 15:00:17.175282 np0000032592 devstack@placement-api.service[73484]: DEBUG placement.requestlog [req-78821623-1d12-4834-bee2-4593d8e042fe req-06d4db44-3614-4669-b05b-08c59927379c None None] Starting request: 192.168.1.119 "GET /placement/allocations/dbc19367-c828-4533-abea-37533692bca7" {{(pid=73484) __call__ /opt/stack/placement/placement/requestlog.py:55}}
Aug 26 15:00:17.181179 np0000032592 devstack@placement-api.service[73484]: INFO placement.requestlog [req-78821623-1d12-4834-bee2-4593d8e042fe req-06d4db44-3614-4669-b05b-08c59927379c service nova] 192.168.1.119 "GET /placement/allocations/dbc19367-c828-4533-abea-37533692bca7" status: 200 len: 258 microversion: 1.28
Aug 26 15:00:17.181455 np0000032592 devstack@placement-api.service[73484]: [pid: 73484|app: 0|req: 72/144] 192.168.1.119 () {68 vars in 1522 bytes} [Tue Aug 26 15:00:17 2025] GET /placement/allocations/dbc19367-c828-4533-abea-37533692bca7 => generated 258 bytes in 6 msecs (HTTP/1.1 200) 8 headers in 296 bytes (1 switches on core 0)
Aug 26 15:00:21.493151 np0000032592 devstack@placement-api.service[73483]: DEBUG placement.requestlog [req-8fbe218e-55fe-478d-8af9-2c45b584b89e req-133fa5c7-8864-4e21-ac48-79a1a9622569 None None] Starting request: 192.168.1.119 "GET /placement/resource_providers/9f207a5d-b3df-4a8d-92a7-24d53361456e/allocations" {{(pid=73483) __call__ /opt/stack/placement/placement/requestlog.py:55}}
Aug 26 15:00:21.501212 np0000032592 devstack@placement-api.service[73483]: INFO placement.requestlog [req-8fbe218e-55fe-478d-8af9-2c45b584b89e req-133fa5c7-8864-4e21-ac48-79a1a9622569 service nova] 192.168.1.119 "GET /placement/resource_providers/9f207a5d-b3df-4a8d-92a7-24d53361456e/allocations" status: 200 len: 153 microversion: 1.0
Aug 26 15:00:21.501381 np0000032592 devstack@placement-api.service[73483]: [pid: 73483|app: 0|req: 73/145] 192.168.1.119 () {66 vars in 1535 bytes} [Tue Aug 26 15:00:21 2025] GET /placement/resource_providers/9f207a5d-b3df-4a8d-92a7-24d53361456e/allocations => generated 153 bytes in 8 msecs (HTTP/1.1 200) 6 headers in 224 bytes (1 switches on core 0)
Aug 26 15:00:21.506352 np0000032592 devstack@placement-api.service[73484]: DEBUG placement.requestlog [req-8fbe218e-55fe-478d-8af9-2c45b584b89e req-5aec89bd-defd-44bb-a646-df51102417e6 None None] Starting request: 192.168.1.119 "GET /placement/allocations/dbc19367-c828-4533-abea-37533692bca7" {{(pid=73484) __call__ /opt/stack/placement/placement/requestlog.py:55}}
Aug 26 15:00:21.512310 np0000032592 devstack@placement-api.service[73484]: INFO placement.requestlog [req-8fbe218e-55fe-478d-8af9-2c45b584b89e req-5aec89bd-defd-44bb-a646-df51102417e6 service nova] 192.168.1.119 "GET /placement/allocations/dbc19367-c828-4533-abea-37533692bca7" status: 200 len: 258 microversion: 1.28
Aug 26 15:00:21.512598 np0000032592 devstack@placement-api.service[73484]: [pid: 73484|app: 0|req: 73/146] 192.168.1.119 () {68 vars in 1522 bytes} [Tue Aug 26 15:00:21 2025] GET /placement/allocations/dbc19367-c828-4533-abea-37533692bca7 => generated 258 bytes in 6 msecs (HTTP/1.1 200) 8 headers in 296 bytes (1 switches on core 0)
Aug 26 15:00:22.529045 np0000032592 devstack@placement-api.service[73483]: DEBUG placement.requestlog [req-8fbe218e-55fe-478d-8af9-2c45b584b89e req-501b9c66-7df3-4b19-8484-10a57face0e2 None None] Starting request: 192.168.1.119 "DELETE /placement/allocations/dbc19367-c828-4533-abea-37533692bca7" {{(pid=73483) __call__ /opt/stack/placement/placement/requestlog.py:55}}
Aug 26 15:00:22.542248 np0000032592 devstack@placement-api.service[73483]: DEBUG placement.handlers.allocation [req-8fbe218e-55fe-478d-8af9-2c45b584b89e req-501b9c66-7df3-4b19-8484-10a57face0e2 service nova] Successfully deleted allocations [<placement.objects.allocation.Allocation object at 0x7f6748df4d90>, <placement.objects.allocation.Allocation object at 0x7f6748df5270>, <placement.objects.allocation.Allocation object at 0x7f6748df4f40>] {{(pid=73483) delete_allocations /opt/stack/placement/placement/handlers/allocation.py:627}}
Aug 26 15:00:22.542454 np0000032592 devstack@placement-api.service[73483]: INFO placement.requestlog [req-8fbe218e-55fe-478d-8af9-2c45b584b89e req-501b9c66-7df3-4b19-8484-10a57face0e2 service nova] 192.168.1.119 "DELETE /placement/allocations/dbc19367-c828-4533-abea-37533692bca7" status: 204 len: 0 microversion: 1.0
Aug 26 15:00:22.542812 np0000032592 devstack@placement-api.service[73483]: [pid: 73483|app: 0|req: 74/147] 192.168.1.119 () {68 vars in 1500 bytes} [Tue Aug 26 15:00:22 2025] DELETE /placement/allocations/dbc19367-c828-4533-abea-37533692bca7 => generated 0 bytes in 14 msecs (HTTP/1.1 204) 5 headers in 198 bytes (1 switches on core 0)
Aug 26 15:00:25.359847 np0000032592 devstack@placement-api.service[73484]: DEBUG placement.requestlog [None req-ad4e11ae-c253-434d-9311-6d608bcd54fc None None] Starting request: 192.168.1.119 "GET /placement/resource_providers/5222aca9-fc6e-428d-9ded-3c900b081f31/aggregates" {{(pid=73484) __call__ /opt/stack/placement/placement/requestlog.py:55}}
Aug 26 15:00:25.387443 np0000032592 devstack@placement-api.service[73484]: INFO placement.requestlog [None req-ad4e11ae-c253-434d-9311-6d608bcd54fc service placement] 192.168.1.119 "GET /placement/resource_providers/5222aca9-fc6e-428d-9ded-3c900b081f31/aggregates" status: 404 len: 235 microversion: 1.1
Aug 26 15:00:25.387656 np0000032592 devstack@placement-api.service[73484]: [pid: 73484|app: 0|req: 74/148] 192.168.1.119 () {66 vars in 1506 bytes} [Tue Aug 26 15:00:25 2025] GET /placement/resource_providers/5222aca9-fc6e-428d-9ded-3c900b081f31/aggregates => generated 235 bytes in 28 msecs (HTTP/1.1 404) 5 headers in 202 bytes (1 switches on core 0)
Aug 26 15:00:25.402189 np0000032592 devstack@placement-api.service[73483]: DEBUG placement.requestlog [None req-2ea4a0fb-2ea4-4b4c-af8b-a7c45b3445dd None None] Starting request: 192.168.1.119 "DELETE /placement/resource_providers/5222aca9-fc6e-428d-9ded-3c900b081f31" {{(pid=73483) __call__ /opt/stack/placement/placement/requestlog.py:55}}
Aug 26 15:00:25.406539 np0000032592 devstack@placement-api.service[73483]: DEBUG placement.wsgi_wrapper [None req-2ea4a0fb-2ea4-4b4c-af8b-a7c45b3445dd service placement] Placement API returning an error response: No resource provider with uuid 5222aca9-fc6e-428d-9ded-3c900b081f31 found for delete {{(pid=73483) call_func /opt/stack/placement/placement/wsgi_wrapper.py:31}}
Aug 26 15:00:25.406852 np0000032592 devstack@placement-api.service[73483]: INFO placement.requestlog [None req-2ea4a0fb-2ea4-4b4c-af8b-a7c45b3445dd service placement] 192.168.1.119 "DELETE /placement/resource_providers/5222aca9-fc6e-428d-9ded-3c900b081f31" status: 404 len: 246 microversion: 1.1
Aug 26 15:00:25.406997 np0000032592 devstack@placement-api.service[73483]: [pid: 73483|app: 0|req: 75/149] 192.168.1.119 () {68 vars in 1495 bytes} [Tue Aug 26 15:00:25 2025] DELETE /placement/resource_providers/5222aca9-fc6e-428d-9ded-3c900b081f31 => generated 246 bytes in 5 msecs (HTTP/1.1 404) 6 headers in 231 bytes (1 switches on core 0)
Aug 26 15:00:26.626607 np0000032592 devstack@placement-api.service[73484]: DEBUG placement.requestlog [None req-26bcd4c4-4f32-4c9f-aed0-3733ffca2fd1 None None] Starting request: 192.168.1.119 "GET /placement/resource_providers/38d91bbf-e684-49e2-befc-c3fa13fa4805/aggregates" {{(pid=73484) __call__ /opt/stack/placement/placement/requestlog.py:55}}
Aug 26 15:00:26.632702 np0000032592 devstack@placement-api.service[73484]: INFO placement.requestlog [None req-26bcd4c4-4f32-4c9f-aed0-3733ffca2fd1 service placement] 192.168.1.119 "GET /placement/resource_providers/38d91bbf-e684-49e2-befc-c3fa13fa4805/aggregates" status: 404 len: 235 microversion: 1.1
Aug 26 15:00:26.632906 np0000032592 devstack@placement-api.service[73484]: [pid: 73484|app: 0|req: 75/150] 192.168.1.119 () {66 vars in 1506 bytes} [Tue Aug 26 15:00:26 2025] GET /placement/resource_providers/38d91bbf-e684-49e2-befc-c3fa13fa4805/aggregates => generated 235 bytes in 6 msecs (HTTP/1.1 404) 5 headers in 202 bytes (1 switches on core 0)
Aug 26 15:00:26.639460 np0000032592 devstack@placement-api.service[73483]: DEBUG placement.requestlog [None req-70d81532-8b57-4723-98ce-61617948dd4f None None] Starting request: 192.168.1.119 "DELETE /placement/resource_providers/38d91bbf-e684-49e2-befc-c3fa13fa4805" {{(pid=73483) __call__ /opt/stack/placement/placement/requestlog.py:55}}
Aug 26 15:00:26.644022 np0000032592 devstack@placement-api.service[73483]: DEBUG placement.wsgi_wrapper [None req-70d81532-8b57-4723-98ce-61617948dd4f service placement] Placement API returning an error response: No resource provider with uuid 38d91bbf-e684-49e2-befc-c3fa13fa4805 found for delete {{(pid=73483) call_func /opt/stack/placement/placement/wsgi_wrapper.py:31}}
Aug 26 15:00:26.644663 np0000032592 devstack@placement-api.service[73483]: INFO placement.requestlog [None req-70d81532-8b57-4723-98ce-61617948dd4f service placement] 192.168.1.119 "DELETE /placement/resource_providers/38d91bbf-e684-49e2-befc-c3fa13fa4805" status: 404 len: 246 microversion: 1.1
Aug 26 15:00:26.644663 np0000032592 devstack@placement-api.service[73483]: [pid: 73483|app: 0|req: 76/151] 192.168.1.119 () {68 vars in 1495 bytes} [Tue Aug 26 15:00:26 2025] DELETE /placement/resource_providers/38d91bbf-e684-49e2-befc-c3fa13fa4805 => generated 246 bytes in 5 msecs (HTTP/1.1 404) 6 headers in 231 bytes (1 switches on core 0)
Aug 26 15:00:28.651621 np0000032592 devstack@placement-api.service[73484]: DEBUG placement.requestlog [None req-c10969cd-18f8-4e99-a291-c4fd5abf3d53 None None] Starting request: 192.168.1.119 "GET /placement/resource_providers/bee008d0-179f-4754-a32b-eb6ce66a6fed/aggregates" {{(pid=73484) __call__ /opt/stack/placement/placement/requestlog.py:55}}
Aug 26 15:00:28.658173 np0000032592 devstack@placement-api.service[73484]: INFO placement.requestlog [None req-c10969cd-18f8-4e99-a291-c4fd5abf3d53 service placement] 192.168.1.119 "GET /placement/resource_providers/bee008d0-179f-4754-a32b-eb6ce66a6fed/aggregates" status: 404 len: 235 microversion: 1.1
Aug 26 15:00:28.658578 np0000032592 devstack@placement-api.service[73484]: [pid: 73484|app: 0|req: 76/152] 192.168.1.119 () {66 vars in 1506 bytes} [Tue Aug 26 15:00:28 2025] GET /placement/resource_providers/bee008d0-179f-4754-a32b-eb6ce66a6fed/aggregates => generated 235 bytes in 7 msecs (HTTP/1.1 404) 5 headers in 202 bytes (1 switches on core 0)
Aug 26 15:00:28.664240 np0000032592 devstack@placement-api.service[73483]: DEBUG placement.requestlog [None req-f331ae77-804c-4e1c-a3f1-a026e693c30d None None] Starting request: 192.168.1.119 "DELETE /placement/resource_providers/bee008d0-179f-4754-a32b-eb6ce66a6fed" {{(pid=73483) __call__ /opt/stack/placement/placement/requestlog.py:55}}
Aug 26 15:00:28.668867 np0000032592 devstack@placement-api.service[73483]: DEBUG placement.wsgi_wrapper [None req-f331ae77-804c-4e1c-a3f1-a026e693c30d service placement] Placement API returning an error response: No resource provider with uuid bee008d0-179f-4754-a32b-eb6ce66a6fed found for delete {{(pid=73483) call_func /opt/stack/placement/placement/wsgi_wrapper.py:31}}
Aug 26 15:00:28.669262 np0000032592 devstack@placement-api.service[73483]: INFO placement.requestlog [None req-f331ae77-804c-4e1c-a3f1-a026e693c30d service placement] 192.168.1.119 "DELETE /placement/resource_providers/bee008d0-179f-4754-a32b-eb6ce66a6fed" status: 404 len: 246 microversion: 1.1
Aug 26 15:00:28.669486 np0000032592 devstack@placement-api.service[73483]: [pid: 73483|app: 0|req: 77/153] 192.168.1.119 () {68 vars in 1495 bytes} [Tue Aug 26 15:00:28 2025] DELETE /placement/resource_providers/bee008d0-179f-4754-a32b-eb6ce66a6fed => generated 246 bytes in 5 msecs (HTTP/1.1 404) 6 headers in 231 bytes (1 switches on core 0)
Aug 26 15:00:38.107343 np0000032592 devstack@placement-api.service[73484]: DEBUG placement.requestlog [req-b9c3b777-8a3c-4ecf-9c02-c9eb2930144b req-e4cfac78-aefb-48d8-90fb-f886f6072568 None None] Starting request: 192.168.1.119 "GET /placement/allocation_candidates?limit=1000&resources=DISK_GB%3A5%2CMEMORY_MB%3A1024%2CVCPU%3A1&root_required=%21COMPUTE_STATUS_DISABLED" {{(pid=73484) __call__ /opt/stack/placement/placement/requestlog.py:55}}
Aug 26 15:00:38.175602 np0000032592 devstack@placement-api.service[73484]: DEBUG placement.objects.research_context [req-b9c3b777-8a3c-4ecf-9c02-c9eb2930144b req-e4cfac78-aefb-48d8-90fb-f886f6072568 service nova] getting providers with 5 DISK_GB {{(pid=73484) __init__ /opt/stack/placement/placement/objects/research_context.py:137}}
Aug 26 15:00:38.178066 np0000032592 devstack@placement-api.service[73484]: DEBUG placement.objects.research_context [req-b9c3b777-8a3c-4ecf-9c02-c9eb2930144b req-e4cfac78-aefb-48d8-90fb-f886f6072568 service nova] getting providers with 1024 MEMORY_MB {{(pid=73484) __init__ /opt/stack/placement/placement/objects/research_context.py:137}}
Aug 26 15:00:38.180144 np0000032592 devstack@placement-api.service[73484]: DEBUG placement.objects.research_context [req-b9c3b777-8a3c-4ecf-9c02-c9eb2930144b req-e4cfac78-aefb-48d8-90fb-f886f6072568 service nova] getting providers with 1 VCPU {{(pid=73484) __init__ /opt/stack/placement/placement/objects/research_context.py:137}}
Aug 26 15:00:38.182443 np0000032592 devstack@placement-api.service[73484]: DEBUG placement.objects.research_context [req-b9c3b777-8a3c-4ecf-9c02-c9eb2930144b req-e4cfac78-aefb-48d8-90fb-f886f6072568 service nova] found 1 providers with available 5 DISK_GB {{(pid=73484) get_provider_ids_matching /opt/stack/placement/placement/objects/research_context.py:569}}
Aug 26 15:00:38.182532 np0000032592 devstack@placement-api.service[73484]: DEBUG placement.objects.research_context [req-b9c3b777-8a3c-4ecf-9c02-c9eb2930144b req-e4cfac78-aefb-48d8-90fb-f886f6072568 service nova] found 1 providers with available 1024 MEMORY_MB {{(pid=73484) get_provider_ids_matching /opt/stack/placement/placement/objects/research_context.py:569}}
Aug 26 15:00:38.182612 np0000032592 devstack@placement-api.service[73484]: DEBUG placement.objects.research_context [req-b9c3b777-8a3c-4ecf-9c02-c9eb2930144b req-e4cfac78-aefb-48d8-90fb-f886f6072568 service nova] found 1 providers after filtering by previous result {{(pid=73484) get_provider_ids_matching /opt/stack/placement/placement/objects/research_context.py:600}}
Aug 26 15:00:38.182684 np0000032592 devstack@placement-api.service[73484]: DEBUG placement.objects.research_context [req-b9c3b777-8a3c-4ecf-9c02-c9eb2930144b req-e4cfac78-aefb-48d8-90fb-f886f6072568 service nova] found 1 providers with available 1 VCPU {{(pid=73484) get_provider_ids_matching /opt/stack/placement/placement/objects/research_context.py:569}}
Aug 26 15:00:38.182755 np0000032592 devstack@placement-api.service[73484]: DEBUG placement.objects.research_context [req-b9c3b777-8a3c-4ecf-9c02-c9eb2930144b req-e4cfac78-aefb-48d8-90fb-f886f6072568 service nova] found 1 providers after filtering by previous result {{(pid=73484) get_provider_ids_matching /opt/stack/placement/placement/objects/research_context.py:600}}
Aug 26 15:00:38.187197 np0000032592 devstack@placement-api.service[73484]: DEBUG placement.objects.allocation_candidate [req-b9c3b777-8a3c-4ecf-9c02-c9eb2930144b req-e4cfac78-aefb-48d8-90fb-f886f6072568 service nova] RequestGroup(use_same_provider=False, resources={DISK_GB:5, MEMORY_MB:1024, VCPU:1}, traits=(), aggregates=[]) (suffix '') returned 1 matches {{(pid=73484) _get_by_requests /opt/stack/placement/placement/objects/allocation_candidate.py:157}}
Aug 26 15:00:38.187341 np0000032592 devstack@placement-api.service[73484]: DEBUG placement.objects.allocation_candidate [req-b9c3b777-8a3c-4ecf-9c02-c9eb2930144b req-e4cfac78-aefb-48d8-90fb-f886f6072568 service nova] Merging candidates yields 1 allocation requests and 1 provider summaries {{(pid=73484) _merge_candidates /opt/stack/placement/placement/objects/allocation_candidate.py:841}}
Aug 26 15:00:38.188024 np0000032592 devstack@placement-api.service[73484]: INFO placement.requestlog [req-b9c3b777-8a3c-4ecf-9c02-c9eb2930144b req-e4cfac78-aefb-48d8-90fb-f886f6072568 service nova] 192.168.1.119 "GET /placement/allocation_candidates?limit=1000&resources=DISK_GB%3A5%2CMEMORY_MB%3A1024%2CVCPU%3A1&root_required=%21COMPUTE_STATUS_DISABLED" status: 200 len: 2086 microversion: 1.36
Aug 26 15:00:38.188187 np0000032592 devstack@placement-api.service[73484]: [pid: 73484|app: 0|req: 77/154] 192.168.1.119 () {68 vars in 1650 bytes} [Tue Aug 26 15:00:38 2025] GET /placement/allocation_candidates?limit=1000&resources=DISK_GB%3A5%2CMEMORY_MB%3A1024%2CVCPU%3A1&root_required=%21COMPUTE_STATUS_DISABLED => generated 2086 bytes in 81 msecs (HTTP/1.1 200) 8 headers in 297 bytes (1 switches on core 0)
Aug 26 15:00:38.209866 np0000032592 devstack@placement-api.service[73483]: DEBUG placement.requestlog [req-b9c3b777-8a3c-4ecf-9c02-c9eb2930144b req-a9bcf0a0-d187-454d-8dd4-87211f4f3021 None None] Starting request: 192.168.1.119 "GET /placement/allocations/f887e619-8cbd-4d27-ba11-f82d9754ecc4" {{(pid=73483) __call__ /opt/stack/placement/placement/requestlog.py:55}}
Aug 26 15:00:38.210829 np0000032592 devstack@placement-api.service[73483]: INFO placement.requestlog [req-b9c3b777-8a3c-4ecf-9c02-c9eb2930144b req-a9bcf0a0-d187-454d-8dd4-87211f4f3021 service nova] 192.168.1.119 "GET /placement/allocations/f887e619-8cbd-4d27-ba11-f82d9754ecc4" status: 200 len: 19 microversion: 1.28
Aug 26 15:00:38.211000 np0000032592 devstack@placement-api.service[73483]: [pid: 73483|app: 0|req: 78/155] 192.168.1.119 () {68 vars in 1524 bytes} [Tue Aug 26 15:00:38 2025] GET /placement/allocations/f887e619-8cbd-4d27-ba11-f82d9754ecc4 => generated 19 bytes in 5 msecs (HTTP/1.1 200) 8 headers in 295 bytes (1 switches on core 0)
Aug 26 15:00:38.216843 np0000032592 devstack@placement-api.service[73484]: DEBUG placement.requestlog [req-b9c3b777-8a3c-4ecf-9c02-c9eb2930144b req-886f0b94-8b95-476f-b7f2-8110c0e29538 None None] Starting request: 192.168.1.119 "PUT /placement/allocations/f887e619-8cbd-4d27-ba11-f82d9754ecc4" {{(pid=73484) __call__ /opt/stack/placement/placement/requestlog.py:55}}
Aug 26 15:00:38.255715 np0000032592 devstack@placement-api.service[73484]: DEBUG placement.handlers.allocation [req-b9c3b777-8a3c-4ecf-9c02-c9eb2930144b req-886f0b94-8b95-476f-b7f2-8110c0e29538 service nova] Successfully wrote allocations [<placement.objects.allocation.Allocation object at 0x7f6748e52170>, <placement.objects.allocation.Allocation object at 0x7f6748e50ee0>, <placement.objects.allocation.Allocation object at 0x7f6748f62080>] {{(pid=73484) _update_consumers_and_create_allocations /opt/stack/placement/placement/handlers/allocation.py:462}}
Aug 26 15:00:38.258490 np0000032592 devstack@placement-api.service[73484]: INFO placement.requestlog [req-b9c3b777-8a3c-4ecf-9c02-c9eb2930144b req-886f0b94-8b95-476f-b7f2-8110c0e29538 service nova] 192.168.1.119 "PUT /placement/allocations/f887e619-8cbd-4d27-ba11-f82d9754ecc4" status: 204 len: 0 microversion: 1.36
Aug 26 15:00:38.258719 np0000032592 devstack@placement-api.service[73484]: [pid: 73484|app: 0|req: 78/156] 192.168.1.119 () {72 vars in 1577 bytes} [Tue Aug 26 15:00:38 2025] PUT /placement/allocations/f887e619-8cbd-4d27-ba11-f82d9754ecc4 => generated 0 bytes in 42 msecs (HTTP/1.1 204) 5 headers in 199 bytes (1 switches on core 0)
Aug 26 15:00:39.695221 np0000032592 devstack@placement-api.service[73483]: DEBUG placement.requestlog [req-b9c3b777-8a3c-4ecf-9c02-c9eb2930144b req-fc987be9-c220-494e-9cb1-dd5fa4d2aa11 None None] Starting request: 192.168.1.119 "GET /placement/allocations/f887e619-8cbd-4d27-ba11-f82d9754ecc4" {{(pid=73483) __call__ /opt/stack/placement/placement/requestlog.py:55}}
Aug 26 15:00:39.701357 np0000032592 devstack@placement-api.service[73483]: INFO placement.requestlog [req-b9c3b777-8a3c-4ecf-9c02-c9eb2930144b req-fc987be9-c220-494e-9cb1-dd5fa4d2aa11 service nova] 192.168.1.119 "GET /placement/allocations/f887e619-8cbd-4d27-ba11-f82d9754ecc4" status: 200 len: 258 microversion: 1.28
Aug 26 15:00:39.701559 np0000032592 devstack@placement-api.service[73483]: [pid: 73483|app: 0|req: 79/157] 192.168.1.119 () {68 vars in 1522 bytes} [Tue Aug 26 15:00:39 2025] GET /placement/allocations/f887e619-8cbd-4d27-ba11-f82d9754ecc4 => generated 258 bytes in 6 msecs (HTTP/1.1 200) 8 headers in 296 bytes (1 switches on core 0)
Aug 26 15:00:40.717158 np0000032592 devstack@placement-api.service[73484]: DEBUG placement.requestlog [req-b9c3b777-8a3c-4ecf-9c02-c9eb2930144b req-17fb639b-aaff-4201-88f9-98db4107d313 None None] Starting request: 192.168.1.119 "GET /placement/resource_providers/9f207a5d-b3df-4a8d-92a7-24d53361456e/allocations" {{(pid=73484) __call__ /opt/stack/placement/placement/requestlog.py:55}}
Aug 26 15:00:40.725097 np0000032592 devstack@placement-api.service[73484]: INFO placement.requestlog [req-b9c3b777-8a3c-4ecf-9c02-c9eb2930144b req-17fb639b-aaff-4201-88f9-98db4107d313 service nova] 192.168.1.119 "GET /placement/resource_providers/9f207a5d-b3df-4a8d-92a7-24d53361456e/allocations" status: 200 len: 153 microversion: 1.0
Aug 26 15:00:40.725345 np0000032592 devstack@placement-api.service[73484]: [pid: 73484|app: 0|req: 79/158] 192.168.1.119 () {66 vars in 1535 bytes} [Tue Aug 26 15:00:40 2025] GET /placement/resource_providers/9f207a5d-b3df-4a8d-92a7-24d53361456e/allocations => generated 153 bytes in 8 msecs (HTTP/1.1 200) 6 headers in 224 bytes (1 switches on core 0)
Aug 26 15:00:40.730084 np0000032592 devstack@placement-api.service[73483]: DEBUG placement.requestlog [req-b9c3b777-8a3c-4ecf-9c02-c9eb2930144b req-531a7616-a565-44c1-b82b-ea5e27e8394c None None] Starting request: 192.168.1.119 "GET /placement/allocations/f887e619-8cbd-4d27-ba11-f82d9754ecc4" {{(pid=73483) __call__ /opt/stack/placement/placement/requestlog.py:55}}
Aug 26 15:00:40.736217 np0000032592 devstack@placement-api.service[73483]: INFO placement.requestlog [req-b9c3b777-8a3c-4ecf-9c02-c9eb2930144b req-531a7616-a565-44c1-b82b-ea5e27e8394c service nova] 192.168.1.119 "GET /placement/allocations/f887e619-8cbd-4d27-ba11-f82d9754ecc4" status: 200 len: 258 microversion: 1.28
Aug 26 15:00:40.736417 np0000032592 devstack@placement-api.service[73483]: [pid: 73483|app: 0|req: 80/159] 192.168.1.119 () {68 vars in 1522 bytes} [Tue Aug 26 15:00:40 2025] GET /placement/allocations/f887e619-8cbd-4d27-ba11-f82d9754ecc4 => generated 258 bytes in 6 msecs (HTTP/1.1 200) 8 headers in 296 bytes (1 switches on core 0)
Aug 26 15:00:50.724419 np0000032592 devstack@placement-api.service[73484]: DEBUG dbcounter [-] [73484] Writing DB stats placement:SELECT=37,placement:INSERT=6,placement:DELETE=2,placement:UPDATE=2 {{(pid=73484) stat_writer /opt/stack/data/venv/lib/python3.10/site-packages/dbcounter.py:115}}
Aug 26 15:00:50.735428 np0000032592 devstack@placement-api.service[73483]: DEBUG dbcounter [-] [73483] Writing DB stats placement:SELECT=21,placement:DELETE=2 {{(pid=73483) stat_writer /opt/stack/data/venv/lib/python3.10/site-packages/dbcounter.py:115}}
Aug 26 15:01:16.981607 np0000032592 devstack@placement-api.service[73484]: DEBUG placement.requestlog [req-9faa0335-c8b6-48a6-bea4-e99cd80def5b req-ae4193b0-9b48-46e7-bd15-96969e6084d3 None None] Starting request: 192.168.1.119 "GET /placement/resource_providers/9f207a5d-b3df-4a8d-92a7-24d53361456e/allocations" {{(pid=73484) __call__ /opt/stack/placement/placement/requestlog.py:55}}
Aug 26 15:01:16.989708 np0000032592 devstack@placement-api.service[73484]: INFO placement.requestlog [req-9faa0335-c8b6-48a6-bea4-e99cd80def5b req-ae4193b0-9b48-46e7-bd15-96969e6084d3 service nova] 192.168.1.119 "GET /placement/resource_providers/9f207a5d-b3df-4a8d-92a7-24d53361456e/allocations" status: 200 len: 153 microversion: 1.0
Aug 26 15:01:16.989964 np0000032592 devstack@placement-api.service[73484]: [pid: 73484|app: 0|req: 80/160] 192.168.1.119 () {66 vars in 1535 bytes} [Tue Aug 26 15:01:16 2025] GET /placement/resource_providers/9f207a5d-b3df-4a8d-92a7-24d53361456e/allocations => generated 153 bytes in 8 msecs (HTTP/1.1 200) 6 headers in 224 bytes (1 switches on core 0)
Aug 26 15:01:16.996460 np0000032592 devstack@placement-api.service[73483]: DEBUG placement.requestlog [req-9faa0335-c8b6-48a6-bea4-e99cd80def5b req-4cccb6f2-25bc-414f-99a7-d964265212ff None None] Starting request: 192.168.1.119 "GET /placement/resource_providers/9f207a5d-b3df-4a8d-92a7-24d53361456e/allocations" {{(pid=73483) __call__ /opt/stack/placement/placement/requestlog.py:55}}
Aug 26 15:01:17.004274 np0000032592 devstack@placement-api.service[73483]: INFO placement.requestlog [req-9faa0335-c8b6-48a6-bea4-e99cd80def5b req-4cccb6f2-25bc-414f-99a7-d964265212ff service nova] 192.168.1.119 "GET /placement/resource_providers/9f207a5d-b3df-4a8d-92a7-24d53361456e/allocations" status: 200 len: 153 microversion: 1.0
Aug 26 15:01:17.004438 np0000032592 devstack@placement-api.service[73483]: [pid: 73483|app: 0|req: 81/161] 192.168.1.119 () {66 vars in 1535 bytes} [Tue Aug 26 15:01:16 2025] GET /placement/resource_providers/9f207a5d-b3df-4a8d-92a7-24d53361456e/allocations => generated 153 bytes in 8 msecs (HTTP/1.1 200) 6 headers in 224 bytes (1 switches on core 0)
Aug 26 15:01:17.009252 np0000032592 devstack@placement-api.service[73484]: DEBUG placement.requestlog [req-9faa0335-c8b6-48a6-bea4-e99cd80def5b req-7b0ef9a7-460d-419a-a8cc-86899d35e33f None None] Starting request: 192.168.1.119 "GET /placement/allocations/f887e619-8cbd-4d27-ba11-f82d9754ecc4" {{(pid=73484) __call__ /opt/stack/placement/placement/requestlog.py:55}}
Aug 26 15:01:17.014930 np0000032592 devstack@placement-api.service[73484]: INFO placement.requestlog [req-9faa0335-c8b6-48a6-bea4-e99cd80def5b req-7b0ef9a7-460d-419a-a8cc-86899d35e33f service nova] 192.168.1.119 "GET /placement/allocations/f887e619-8cbd-4d27-ba11-f82d9754ecc4" status: 200 len: 258 microversion: 1.28
Aug 26 15:01:17.015092 np0000032592 devstack@placement-api.service[73484]: [pid: 73484|app: 0|req: 81/162] 192.168.1.119 () {68 vars in 1522 bytes} [Tue Aug 26 15:01:17 2025] GET /placement/allocations/f887e619-8cbd-4d27-ba11-f82d9754ecc4 => generated 258 bytes in 6 msecs (HTTP/1.1 200) 8 headers in 296 bytes (1 switches on core 0)
Aug 26 15:01:27.003601 np0000032592 devstack@placement-api.service[73483]: DEBUG dbcounter [-] [73483] Writing DB stats placement:SELECT=3 {{(pid=73483) stat_writer /opt/stack/data/venv/lib/python3.10/site-packages/dbcounter.py:115}}
Aug 26 15:01:27.014090 np0000032592 devstack@placement-api.service[73484]: DEBUG dbcounter [-] [73484] Writing DB stats placement:SELECT=5 {{(pid=73484) stat_writer /opt/stack/data/venv/lib/python3.10/site-packages/dbcounter.py:115}}
Aug 26 15:02:16.986312 np0000032592 devstack@placement-api.service[73483]: DEBUG placement.requestlog [req-e1fa8e9b-b70b-4bb5-acba-33843f76b5f2 req-1593d6b1-2a8e-4f6a-8200-10743844ad54 None None] Starting request: 192.168.1.119 "GET /placement/resource_providers/9f207a5d-b3df-4a8d-92a7-24d53361456e/allocations" {{(pid=73483) __call__ /opt/stack/placement/placement/requestlog.py:55}}
Aug 26 15:02:16.995786 np0000032592 devstack@placement-api.service[73483]: INFO placement.requestlog [req-e1fa8e9b-b70b-4bb5-acba-33843f76b5f2 req-1593d6b1-2a8e-4f6a-8200-10743844ad54 service nova] 192.168.1.119 "GET /placement/resource_providers/9f207a5d-b3df-4a8d-92a7-24d53361456e/allocations" status: 200 len: 153 microversion: 1.0
Aug 26 15:02:16.996087 np0000032592 devstack@placement-api.service[73483]: [pid: 73483|app: 0|req: 82/163] 192.168.1.119 () {66 vars in 1535 bytes} [Tue Aug 26 15:02:16 2025] GET /placement/resource_providers/9f207a5d-b3df-4a8d-92a7-24d53361456e/allocations => generated 153 bytes in 10 msecs (HTTP/1.1 200) 6 headers in 224 bytes (1 switches on core 0)
Aug 26 15:02:17.004645 np0000032592 devstack@placement-api.service[73484]: DEBUG placement.requestlog [req-e1fa8e9b-b70b-4bb5-acba-33843f76b5f2 req-9d88ad77-3f95-44e4-b4db-2b046afc7393 None None] Starting request: 192.168.1.119 "GET /placement/resource_providers/9f207a5d-b3df-4a8d-92a7-24d53361456e/allocations" {{(pid=73484) __call__ /opt/stack/placement/placement/requestlog.py:55}}
Aug 26 15:02:17.013034 np0000032592 devstack@placement-api.service[73484]: INFO placement.requestlog [req-e1fa8e9b-b70b-4bb5-acba-33843f76b5f2 req-9d88ad77-3f95-44e4-b4db-2b046afc7393 service nova] 192.168.1.119 "GET /placement/resource_providers/9f207a5d-b3df-4a8d-92a7-24d53361456e/allocations" status: 200 len: 153 microversion: 1.0
Aug 26 15:02:17.013354 np0000032592 devstack@placement-api.service[73484]: [pid: 73484|app: 0|req: 82/164] 192.168.1.119 () {66 vars in 1535 bytes} [Tue Aug 26 15:02:17 2025] GET /placement/resource_providers/9f207a5d-b3df-4a8d-92a7-24d53361456e/allocations => generated 153 bytes in 9 msecs (HTTP/1.1 200) 6 headers in 224 bytes (1 switches on core 0)
Aug 26 15:02:17.018869 np0000032592 devstack@placement-api.service[73483]: DEBUG placement.requestlog [req-e1fa8e9b-b70b-4bb5-acba-33843f76b5f2 req-685a8b0e-2797-48f1-afb9-e92f38c75306 None None] Starting request: 192.168.1.119 "GET /placement/allocations/f887e619-8cbd-4d27-ba11-f82d9754ecc4" {{(pid=73483) __call__ /opt/stack/placement/placement/requestlog.py:55}}
Aug 26 15:02:17.025409 np0000032592 devstack@placement-api.service[73483]: INFO placement.requestlog [req-e1fa8e9b-b70b-4bb5-acba-33843f76b5f2 req-685a8b0e-2797-48f1-afb9-e92f38c75306 service nova] 192.168.1.119 "GET /placement/allocations/f887e619-8cbd-4d27-ba11-f82d9754ecc4" status: 200 len: 258 microversion: 1.28
Aug 26 15:02:17.025860 np0000032592 devstack@placement-api.service[73483]: [pid: 73483|app: 0|req: 83/165] 192.168.1.119 () {68 vars in 1522 bytes} [Tue Aug 26 15:02:17 2025] GET /placement/allocations/f887e619-8cbd-4d27-ba11-f82d9754ecc4 => generated 258 bytes in 7 msecs (HTTP/1.1 200) 8 headers in 296 bytes (1 switches on core 0)
Aug 26 15:02:27.012876 np0000032592 devstack@placement-api.service[73484]: DEBUG dbcounter [-] [73484] Writing DB stats placement:SELECT=3 {{(pid=73484) stat_writer /opt/stack/data/venv/lib/python3.10/site-packages/dbcounter.py:115}}
Aug 26 15:02:27.024932 np0000032592 devstack@placement-api.service[73483]: DEBUG dbcounter [-] [73483] Writing DB stats placement:SELECT=5 {{(pid=73483) stat_writer /opt/stack/data/venv/lib/python3.10/site-packages/dbcounter.py:115}}
Aug 26 15:03:17.020048 np0000032592 devstack@placement-api.service[73484]: DEBUG placement.requestlog [req-95e9cd98-5741-4608-a84a-845123adfa70 req-b295bef1-648f-4cef-ab83-9056f433b505 None None] Starting request: 192.168.1.119 "GET /placement/resource_providers/9f207a5d-b3df-4a8d-92a7-24d53361456e/allocations" {{(pid=73484) __call__ /opt/stack/placement/placement/requestlog.py:55}}
Aug 26 15:03:17.028650 np0000032592 devstack@placement-api.service[73484]: INFO placement.requestlog [req-95e9cd98-5741-4608-a84a-845123adfa70 req-b295bef1-648f-4cef-ab83-9056f433b505 service nova] 192.168.1.119 "GET /placement/resource_providers/9f207a5d-b3df-4a8d-92a7-24d53361456e/allocations" status: 200 len: 153 microversion: 1.0
Aug 26 15:03:17.028990 np0000032592 devstack@placement-api.service[73484]: [pid: 73484|app: 0|req: 83/166] 192.168.1.119 () {66 vars in 1535 bytes} [Tue Aug 26 15:03:17 2025] GET /placement/resource_providers/9f207a5d-b3df-4a8d-92a7-24d53361456e/allocations => generated 153 bytes in 9 msecs (HTTP/1.1 200) 6 headers in 224 bytes (1 switches on core 0)
Aug 26 15:03:17.036384 np0000032592 devstack@placement-api.service[73483]: DEBUG placement.requestlog [req-95e9cd98-5741-4608-a84a-845123adfa70 req-03c74d42-ba06-4be9-9158-a148eb71ece8 None None] Starting request: 192.168.1.119 "GET /placement/resource_providers/9f207a5d-b3df-4a8d-92a7-24d53361456e/allocations" {{(pid=73483) __call__ /opt/stack/placement/placement/requestlog.py:55}}
Aug 26 15:03:17.044649 np0000032592 devstack@placement-api.service[73483]: INFO placement.requestlog [req-95e9cd98-5741-4608-a84a-845123adfa70 req-03c74d42-ba06-4be9-9158-a148eb71ece8 service nova] 192.168.1.119 "GET /placement/resource_providers/9f207a5d-b3df-4a8d-92a7-24d53361456e/allocations" status: 200 len: 153 microversion: 1.0
Aug 26 15:03:17.044821 np0000032592 devstack@placement-api.service[73483]: [pid: 73483|app: 0|req: 84/167] 192.168.1.119 () {66 vars in 1535 bytes} [Tue Aug 26 15:03:17 2025] GET /placement/resource_providers/9f207a5d-b3df-4a8d-92a7-24d53361456e/allocations => generated 153 bytes in 8 msecs (HTTP/1.1 200) 6 headers in 224 bytes (1 switches on core 0)
Aug 26 15:03:17.050066 np0000032592 devstack@placement-api.service[73484]: DEBUG placement.requestlog [req-95e9cd98-5741-4608-a84a-845123adfa70 req-d5edd766-3318-41a0-84a2-f80d7f8d58bc None None] Starting request: 192.168.1.119 "GET /placement/allocations/f887e619-8cbd-4d27-ba11-f82d9754ecc4" {{(pid=73484) __call__ /opt/stack/placement/placement/requestlog.py:55}}
Aug 26 15:03:17.056090 np0000032592 devstack@placement-api.service[73484]: INFO placement.requestlog [req-95e9cd98-5741-4608-a84a-845123adfa70 req-d5edd766-3318-41a0-84a2-f80d7f8d58bc service nova] 192.168.1.119 "GET /placement/allocations/f887e619-8cbd-4d27-ba11-f82d9754ecc4" status: 200 len: 258 microversion: 1.28
Aug 26 15:03:17.056253 np0000032592 devstack@placement-api.service[73484]: [pid: 73484|app: 0|req: 84/168] 192.168.1.119 () {68 vars in 1522 bytes} [Tue Aug 26 15:03:17 2025] GET /placement/allocations/f887e619-8cbd-4d27-ba11-f82d9754ecc4 => generated 258 bytes in 6 msecs (HTTP/1.1 200) 8 headers in 296 bytes (1 switches on core 0)
Aug 26 15:03:27.044269 np0000032592 devstack@placement-api.service[73483]: DEBUG dbcounter [-] [73483] Writing DB stats placement:SELECT=3 {{(pid=73483) stat_writer /opt/stack/data/venv/lib/python3.10/site-packages/dbcounter.py:115}}
Aug 26 15:03:27.055255 np0000032592 devstack@placement-api.service[73484]: DEBUG dbcounter [-] [73484] Writing DB stats placement:SELECT=5 {{(pid=73484) stat_writer /opt/stack/data/venv/lib/python3.10/site-packages/dbcounter.py:115}}
Aug 26 15:03:29.839740 np0000032592 devstack@placement-api.service[73483]: DEBUG placement.requestlog [req-39ee4313-fe71-4f09-ad6e-556b64741888 req-2dc95b7c-f70a-4071-a37e-17a63f7f97c8 None None] Starting request: 192.168.1.119 "GET /placement/resource_providers/9f207a5d-b3df-4a8d-92a7-24d53361456e/allocations" {{(pid=73483) __call__ /opt/stack/placement/placement/requestlog.py:55}}
Aug 26 15:03:29.847735 np0000032592 devstack@placement-api.service[73483]: INFO placement.requestlog [req-39ee4313-fe71-4f09-ad6e-556b64741888 req-2dc95b7c-f70a-4071-a37e-17a63f7f97c8 service nova] 192.168.1.119 "GET /placement/resource_providers/9f207a5d-b3df-4a8d-92a7-24d53361456e/allocations" status: 200 len: 153 microversion: 1.0
Aug 26 15:03:29.847900 np0000032592 devstack@placement-api.service[73483]: [pid: 73483|app: 0|req: 85/169] 192.168.1.119 () {66 vars in 1535 bytes} [Tue Aug 26 15:03:29 2025] GET /placement/resource_providers/9f207a5d-b3df-4a8d-92a7-24d53361456e/allocations => generated 153 bytes in 8 msecs (HTTP/1.1 200) 6 headers in 224 bytes (1 switches on core 0)
Aug 26 15:03:29.853224 np0000032592 devstack@placement-api.service[73484]: DEBUG placement.requestlog [req-39ee4313-fe71-4f09-ad6e-556b64741888 req-841a7efc-6994-4dbd-993d-4c042ad5ad10 None None] Starting request: 192.168.1.119 "GET /placement/allocations/f887e619-8cbd-4d27-ba11-f82d9754ecc4" {{(pid=73484) __call__ /opt/stack/placement/placement/requestlog.py:55}}
Aug 26 15:03:29.859380 np0000032592 devstack@placement-api.service[73484]: INFO placement.requestlog [req-39ee4313-fe71-4f09-ad6e-556b64741888 req-841a7efc-6994-4dbd-993d-4c042ad5ad10 service nova] 192.168.1.119 "GET /placement/allocations/f887e619-8cbd-4d27-ba11-f82d9754ecc4" status: 200 len: 258 microversion: 1.28
Aug 26 15:03:29.859607 np0000032592 devstack@placement-api.service[73484]: [pid: 73484|app: 0|req: 85/170] 192.168.1.119 () {68 vars in 1522 bytes} [Tue Aug 26 15:03:29 2025] GET /placement/allocations/f887e619-8cbd-4d27-ba11-f82d9754ecc4 => generated 258 bytes in 6 msecs (HTTP/1.1 200) 8 headers in 296 bytes (1 switches on core 0)
Aug 26 15:03:30.875816 np0000032592 devstack@placement-api.service[73483]: DEBUG placement.requestlog [req-39ee4313-fe71-4f09-ad6e-556b64741888 req-72f41c91-5bc6-41fe-a16f-b4b3550c1a4d None None] Starting request: 192.168.1.119 "DELETE /placement/allocations/f887e619-8cbd-4d27-ba11-f82d9754ecc4" {{(pid=73483) __call__ /opt/stack/placement/placement/requestlog.py:55}}
Aug 26 15:03:30.889272 np0000032592 devstack@placement-api.service[73483]: DEBUG placement.handlers.allocation [req-39ee4313-fe71-4f09-ad6e-556b64741888 req-72f41c91-5bc6-41fe-a16f-b4b3550c1a4d service nova] Successfully deleted allocations [<placement.objects.allocation.Allocation object at 0x7f6748dde050>, <placement.objects.allocation.Allocation object at 0x7f6748ddc820>, <placement.objects.allocation.Allocation object at 0x7f6748ddcaf0>] {{(pid=73483) delete_allocations /opt/stack/placement/placement/handlers/allocation.py:627}}
Aug 26 15:03:30.889483 np0000032592 devstack@placement-api.service[73483]: INFO placement.requestlog [req-39ee4313-fe71-4f09-ad6e-556b64741888 req-72f41c91-5bc6-41fe-a16f-b4b3550c1a4d service nova] 192.168.1.119 "DELETE /placement/allocations/f887e619-8cbd-4d27-ba11-f82d9754ecc4" status: 204 len: 0 microversion: 1.0
Aug 26 15:03:30.894373 np0000032592 devstack@placement-api.service[73483]: [pid: 73483|app: 0|req: 86/171] 192.168.1.119 () {68 vars in 1500 bytes} [Tue Aug 26 15:03:30 2025] DELETE /placement/allocations/f887e619-8cbd-4d27-ba11-f82d9754ecc4 => generated 0 bytes in 14 msecs (HTTP/1.1 204) 5 headers in 198 bytes (1 switches on core 0)
