Aug 27 00:19:42.233625 np0000032594 devstack@n-api.service[70245]: DEBUG dbcounter [-] [70245] Writer thread running {{(pid=70245) stat_writer /opt/stack/data/venv/lib/python3.10/site-packages/dbcounter.py:102}}
Aug 27 00:19:42.235692 np0000032594 devstack@n-api.service[70245]: INFO dbcounter [None req-e62cb309-60a4-4358-abb8-831a2d0f236f None None] Registered counter for database nova_cell0
Aug 27 00:19:42.235953 np0000032594 devstack@n-api.service[70244]: DEBUG oslo_db.sqlalchemy.engines [None req-0a80b780-f38e-41dd-a488-fb4a3c7a4687 None None] MySQL server mode set to STRICT_TRANS_TABLES,STRICT_ALL_TABLES,NO_ZERO_IN_DATE,NO_ZERO_DATE,ERROR_FOR_DIVISION_BY_ZERO,TRADITIONAL,NO_ENGINE_SUBSTITUTION {{(pid=70244) _check_effective_sql_mode /opt/stack/data/venv/lib/python3.10/site-packages/oslo_db/sqlalchemy/engines.py:342}}
Aug 27 00:19:42.236356 np0000032594 devstack@n-api.service[70244]: DEBUG dbcounter [-] [70244] Writer thread running {{(pid=70244) stat_writer /opt/stack/data/venv/lib/python3.10/site-packages/dbcounter.py:102}}
Aug 27 00:19:42.239768 np0000032594 devstack@n-api.service[70245]: DEBUG oslo_db.sqlalchemy.engines [None req-e62cb309-60a4-4358-abb8-831a2d0f236f None None] MySQL server mode set to STRICT_TRANS_TABLES,STRICT_ALL_TABLES,NO_ZERO_IN_DATE,NO_ZERO_DATE,ERROR_FOR_DIVISION_BY_ZERO,TRADITIONAL,NO_ENGINE_SUBSTITUTION {{(pid=70245) _check_effective_sql_mode /opt/stack/data/venv/lib/python3.10/site-packages/oslo_db/sqlalchemy/engines.py:342}}
Aug 27 00:19:42.240402 np0000032594 devstack@n-api.service[70244]: DEBUG dbcounter [-] [70244] Writer thread running {{(pid=70244) stat_writer /opt/stack/data/venv/lib/python3.10/site-packages/dbcounter.py:102}}
Aug 27 00:19:42.242414 np0000032594 devstack@n-api.service[70244]: INFO dbcounter [None req-0a80b780-f38e-41dd-a488-fb4a3c7a4687 None None] Registered counter for database nova_cell0
Aug 27 00:19:42.243770 np0000032594 devstack@n-api.service[70245]: DEBUG dbcounter [-] [70245] Writer thread running {{(pid=70245) stat_writer /opt/stack/data/venv/lib/python3.10/site-packages/dbcounter.py:102}}
Aug 27 00:19:42.246286 np0000032594 devstack@n-api.service[70244]: DEBUG oslo_db.sqlalchemy.engines [None req-0a80b780-f38e-41dd-a488-fb4a3c7a4687 None None] MySQL server mode set to STRICT_TRANS_TABLES,STRICT_ALL_TABLES,NO_ZERO_IN_DATE,NO_ZERO_DATE,ERROR_FOR_DIVISION_BY_ZERO,TRADITIONAL,NO_ENGINE_SUBSTITUTION {{(pid=70244) _check_effective_sql_mode /opt/stack/data/venv/lib/python3.10/site-packages/oslo_db/sqlalchemy/engines.py:342}}
Aug 27 00:19:42.250301 np0000032594 devstack@n-api.service[70244]: DEBUG dbcounter [-] [70244] Writer thread running {{(pid=70244) stat_writer /opt/stack/data/venv/lib/python3.10/site-packages/dbcounter.py:102}}
Aug 27 00:19:42.550986 np0000032594 devstack@n-api.service[70244]: DEBUG oslo_concurrency.processutils [None req-0a80b780-f38e-41dd-a488-fb4a3c7a4687 None None] Running cmd (subprocess): grep -F node.session.scan /sbin/iscsiadm {{(pid=70244) execute /opt/stack/data/venv/lib/python3.10/site-packages/oslo_concurrency/processutils.py:390}}
Aug 27 00:19:42.557762 np0000032594 devstack@n-api.service[70245]: DEBUG oslo_concurrency.processutils [None req-e62cb309-60a4-4358-abb8-831a2d0f236f None None] Running cmd (subprocess): grep -F node.session.scan /sbin/iscsiadm {{(pid=70245) execute /opt/stack/data/venv/lib/python3.10/site-packages/oslo_concurrency/processutils.py:390}}
Aug 27 00:19:42.558029 np0000032594 devstack@n-api.service[70244]: DEBUG oslo_concurrency.processutils [None req-0a80b780-f38e-41dd-a488-fb4a3c7a4687 None None] CMD "grep -F node.session.scan /sbin/iscsiadm" returned: 0 in 0.007s {{(pid=70244) execute /opt/stack/data/venv/lib/python3.10/site-packages/oslo_concurrency/processutils.py:428}}
Aug 27 00:19:42.564116 np0000032594 devstack@n-api.service[70245]: DEBUG oslo_concurrency.processutils [None req-e62cb309-60a4-4358-abb8-831a2d0f236f None None] CMD "grep -F node.session.scan /sbin/iscsiadm" returned: 0 in 0.006s {{(pid=70245) execute /opt/stack/data/venv/lib/python3.10/site-packages/oslo_concurrency/processutils.py:428}}
Aug 27 00:19:42.881542 np0000032594 devstack@n-api.service[70245]: WARNING keystonemiddleware.auth_token [None req-e62cb309-60a4-4358-abb8-831a2d0f236f None None] AuthToken middleware is set with keystone_authtoken.service_token_roles_required set to False. This is backwards compatible but deprecated behaviour. Please set this to True.
Aug 27 00:19:42.884474 np0000032594 devstack@n-api.service[70244]: WARNING keystonemiddleware.auth_token [None req-0a80b780-f38e-41dd-a488-fb4a3c7a4687 None None] AuthToken middleware is set with keystone_authtoken.service_token_roles_required set to False. This is backwards compatible but deprecated behaviour. Please set this to True.
Aug 27 00:19:42.885133 np0000032594 devstack@n-api.service[70245]: WARNING keystonemiddleware.auth_token [None req-e62cb309-60a4-4358-abb8-831a2d0f236f None None] Configuring www_authenticate_uri to point to the public identity endpoint is required; clients may not be able to authenticate against an admin endpoint
Aug 27 00:19:42.888036 np0000032594 devstack@n-api.service[70244]: WARNING keystonemiddleware.auth_token [None req-0a80b780-f38e-41dd-a488-fb4a3c7a4687 None None] Configuring www_authenticate_uri to point to the public identity endpoint is required; clients may not be able to authenticate against an admin endpoint
Aug 27 00:19:42.957332 np0000032594 devstack@n-api.service[70245]: WARNING keystonemiddleware.auth_token [None req-e62cb309-60a4-4358-abb8-831a2d0f236f None None] AuthToken middleware is set with keystone_authtoken.service_token_roles_required set to False. This is backwards compatible but deprecated behaviour. Please set this to True.
Aug 27 00:19:42.958585 np0000032594 devstack@n-api.service[70244]: WARNING keystonemiddleware.auth_token [None req-0a80b780-f38e-41dd-a488-fb4a3c7a4687 None None] AuthToken middleware is set with keystone_authtoken.service_token_roles_required set to False. This is backwards compatible but deprecated behaviour. Please set this to True.
Aug 27 00:19:42.959714 np0000032594 devstack@n-api.service[70245]: WARNING keystonemiddleware.auth_token [None req-e62cb309-60a4-4358-abb8-831a2d0f236f None None] Configuring www_authenticate_uri to point to the public identity endpoint is required; clients may not be able to authenticate against an admin endpoint
Aug 27 00:19:42.960883 np0000032594 devstack@n-api.service[70244]: WARNING keystonemiddleware.auth_token [None req-0a80b780-f38e-41dd-a488-fb4a3c7a4687 None None] Configuring www_authenticate_uri to point to the public identity endpoint is required; clients may not be able to authenticate against an admin endpoint
Aug 27 00:19:42.961689 np0000032594 devstack@n-api.service[70245]: WSGI app 0 (mountpoint='') ready in 2 seconds on interpreter 0x564fe8404d70 pid: 70245 (default app)
Aug 27 00:19:42.962653 np0000032594 devstack@n-api.service[70245]: DEBUG nova.api.openstack.wsgi [None req-e62cb309-60a4-4358-abb8-831a2d0f236f None None] Calling method '<bound method VersionsV2.index of <nova.api.openstack.compute.versions.VersionsV2 object at 0x7f0701da3820>>' {{(pid=70245) _process_stack /opt/stack/nova/nova/api/openstack/wsgi.py:520}}
Aug 27 00:19:42.962809 np0000032594 devstack@n-api.service[70244]: WSGI app 0 (mountpoint='') ready in 2 seconds on interpreter 0x564fe8404d70 pid: 70244 (default app)
Aug 27 00:19:42.964375 np0000032594 devstack@n-api.service[70245]: INFO nova.api.openstack.requestlog [None req-e62cb309-60a4-4358-abb8-831a2d0f236f None None] 192.168.1.134 "GET /compute/v2.1/" status: 200 len: 390 microversion: 2.1 time: 0.001963
Aug 27 00:19:42.964557 np0000032594 devstack@n-api.service[70245]: [pid: 70245|app: 0|req: 1/1] 192.168.1.134 () {50 vars in 783 bytes} [Wed Aug 27 00:19:42 2025] GET /compute/v2.1/ => generated 390 bytes in 2 msecs (HTTP/1.1 200) 9 headers in 357 bytes (1 switches on core 0)
Aug 27 00:20:20.693552 np0000032594 devstack@n-api.service[70244]: DEBUG nova.api.openstack.wsgi [None req-0a80b780-f38e-41dd-a488-fb4a3c7a4687 None None] Calling method '<bound method VersionsV2.index of <nova.api.openstack.compute.versions.VersionsV2 object at 0x7f0701e02380>>' {{(pid=70244) _process_stack /opt/stack/nova/nova/api/openstack/wsgi.py:520}}
Aug 27 00:20:20.695513 np0000032594 devstack@n-api.service[70244]: INFO nova.api.openstack.requestlog [None req-0a80b780-f38e-41dd-a488-fb4a3c7a4687 None None] 192.168.1.134 "GET /compute/v2.1" status: 200 len: 391 microversion: 2.1 time: 0.002404
Aug 27 00:20:20.695699 np0000032594 devstack@n-api.service[70244]: [pid: 70244|app: 0|req: 1/2] 192.168.1.134 () {62 vars in 1067 bytes} [Wed Aug 27 00:20:20 2025] GET /compute/v2.1 => generated 391 bytes in 4 msecs (HTTP/1.1 200) 9 headers in 357 bytes (1 switches on core 0)
Aug 27 00:20:20.704776 np0000032594 devstack@n-api.service[70245]: DEBUG dbcounter [-] [70245] Writing DB stats nova_api:SELECT=1 {{(pid=70245) stat_writer /opt/stack/data/venv/lib/python3.10/site-packages/dbcounter.py:115}}
Aug 27 00:20:20.705335 np0000032594 devstack@n-api.service[70245]: DEBUG dbcounter [-] [70245] Writing DB stats nova_cell0:SELECT=1 {{(pid=70245) stat_writer /opt/stack/data/venv/lib/python3.10/site-packages/dbcounter.py:115}}
Aug 27 00:20:20.705710 np0000032594 devstack@n-api.service[70245]: DEBUG dbcounter [-] [70245] Writing DB stats nova_cell1:SELECT=1 {{(pid=70245) stat_writer /opt/stack/data/venv/lib/python3.10/site-packages/dbcounter.py:115}}
Aug 27 00:20:20.706209 np0000032594 devstack@n-api.service[70245]: DEBUG dbcounter [-] [70245] Writing DB stats nova_cell0:SELECT=2,nova_cell0:INSERT=1 {{(pid=70245) stat_writer /opt/stack/data/venv/lib/python3.10/site-packages/dbcounter.py:115}}
Aug 27 00:20:20.833296 np0000032594 devstack@n-api.service[70245]: DEBUG nova.api.openstack.wsgi [None req-85716a2c-1479-4ddc-aa5b-84d879518bee admin admin] Calling method '<bound method FlavorsController.detail of <nova.api.openstack.compute.flavors.FlavorsController object at 0x7f0701812050>>' {{(pid=70245) _process_stack /opt/stack/nova/nova/api/openstack/wsgi.py:520}}
Aug 27 00:20:20.847727 np0000032594 devstack@n-api.service[70245]: INFO nova.api.openstack.requestlog [None req-85716a2c-1479-4ddc-aa5b-84d879518bee admin admin] 192.168.1.134 "GET /compute/v2.1/flavors/detail?is_public=True" status: 200 len: 15 microversion: 2.61 time: 0.145875
Aug 27 00:20:20.847964 np0000032594 devstack@n-api.service[70245]: [pid: 70245|app: 0|req: 2/3] 192.168.1.134 () {68 vars in 1428 bytes} [Wed Aug 27 00:20:20 2025] GET /compute/v2.1/flavors/detail?is_public=True => generated 15 bytes in 146 msecs (HTTP/1.1 200) 9 headers in 358 bytes (1 switches on core 0)
Aug 27 00:20:20.940840 np0000032594 devstack@n-api.service[70244]: DEBUG nova.api.openstack.wsgi [None req-0a80b780-f38e-41dd-a488-fb4a3c7a4687 None None] Calling method '<bound method VersionsV2.index of <nova.api.openstack.compute.versions.VersionsV2 object at 0x7f0701e02380>>' {{(pid=70244) _process_stack /opt/stack/nova/nova/api/openstack/wsgi.py:520}}
Aug 27 00:20:20.942426 np0000032594 devstack@n-api.service[70244]: INFO nova.api.openstack.requestlog [None req-0a80b780-f38e-41dd-a488-fb4a3c7a4687 None None] 192.168.1.134 "GET /compute/v2.1" status: 200 len: 391 microversion: 2.1 time: 0.001769
Aug 27 00:20:20.942598 np0000032594 devstack@n-api.service[70244]: [pid: 70244|app: 0|req: 2/4] 192.168.1.134 () {62 vars in 1067 bytes} [Wed Aug 27 00:20:20 2025] GET /compute/v2.1 => generated 391 bytes in 2 msecs (HTTP/1.1 200) 9 headers in 357 bytes (1 switches on core 0)
Aug 27 00:20:20.968544 np0000032594 devstack@n-api.service[70245]: DEBUG nova.api.openstack.wsgi [None req-c8236cca-a91c-48a8-bf58-259b0fb6fcbe admin admin] Action: 'create', calling method: <bound method FlavorsController.create of <nova.api.openstack.compute.flavors.FlavorsController object at 0x7f0701811ab0>>, body: {"flavor": {"os-flavor-access:is_public": true, "ram": 256, "disk": 1, "vcpus": 1, "id": "c1", "OS-FLV-EXT-DATA:ephemeral": 0, "rxtx_factor": 1.0, "swap": 0, "name": "cirros256"}} {{(pid=70245) _process_stack /opt/stack/nova/nova/api/openstack/wsgi.py:518}}
Aug 27 00:20:20.989882 np0000032594 devstack@n-api.service[70245]: INFO nova.api.openstack.requestlog [None req-c8236cca-a91c-48a8-bf58-259b0fb6fcbe admin admin] 192.168.1.134 "POST /compute/v2.1/flavors" status: 200 len: 413 microversion: 2.61 time: 0.041379
Aug 27 00:20:20.990162 np0000032594 devstack@n-api.service[70245]: [pid: 70245|app: 0|req: 3/5] 192.168.1.134 () {72 vars in 1419 bytes} [Wed Aug 27 00:20:20 2025] POST /compute/v2.1/flavors => generated 413 bytes in 42 msecs (HTTP/1.1 200) 9 headers in 359 bytes (1 switches on core 0)
Aug 27 00:20:21.001626 np0000032594 devstack@n-api.service[70244]: DEBUG dbcounter [-] [70244] Writing DB stats nova_api:SELECT=1 {{(pid=70244) stat_writer /opt/stack/data/venv/lib/python3.10/site-packages/dbcounter.py:115}}
Aug 27 00:20:21.002384 np0000032594 devstack@n-api.service[70244]: DEBUG dbcounter [-] [70244] Writing DB stats nova_cell0:SELECT=1 {{(pid=70244) stat_writer /opt/stack/data/venv/lib/python3.10/site-packages/dbcounter.py:115}}
Aug 27 00:20:21.002760 np0000032594 devstack@n-api.service[70244]: DEBUG dbcounter [-] [70244] Writing DB stats nova_cell1:SELECT=1 {{(pid=70244) stat_writer /opt/stack/data/venv/lib/python3.10/site-packages/dbcounter.py:115}}
Aug 27 00:20:21.003092 np0000032594 devstack@n-api.service[70244]: DEBUG dbcounter [-] [70244] Writing DB stats nova_cell0:SELECT=2,nova_cell0:INSERT=1 {{(pid=70244) stat_writer /opt/stack/data/venv/lib/python3.10/site-packages/dbcounter.py:115}}
Aug 27 00:20:21.070494 np0000032594 devstack@n-api.service[70244]: DEBUG nova.api.openstack.wsgi [None req-e6f8e487-5836-489f-9fb6-7071f9feb698 admin admin] Action: 'create', calling method: <bound method FlavorExtraSpecsController.create of <nova.api.openstack.compute.flavors_extraspecs.FlavorExtraSpecsController object at 0x7f070180ef50>>, body: {"extra_specs": {"hw_rng:allowed": "True"}} {{(pid=70244) _process_stack /opt/stack/nova/nova/api/openstack/wsgi.py:518}}
Aug 27 00:20:21.099801 np0000032594 devstack@n-api.service[70244]: INFO nova.api.openstack.requestlog [None req-e6f8e487-5836-489f-9fb6-7071f9feb698 admin admin] 192.168.1.134 "POST /compute/v2.1/flavors/c1/os-extra_specs" status: 200 len: 43 microversion: 2.61 time: 0.100979
Aug 27 00:20:21.100070 np0000032594 devstack@n-api.service[70244]: [pid: 70244|app: 0|req: 3/6] 192.168.1.134 () {72 vars in 1472 bytes} [Wed Aug 27 00:20:20 2025] POST /compute/v2.1/flavors/c1/os-extra_specs => generated 43 bytes in 101 msecs (HTTP/1.1 200) 9 headers in 358 bytes (1 switches on core 0)
Aug 27 00:20:21.191921 np0000032594 devstack@n-api.service[70245]: DEBUG nova.api.openstack.wsgi [None req-c8236cca-a91c-48a8-bf58-259b0fb6fcbe admin admin] Calling method '<bound method VersionsV2.index of <nova.api.openstack.compute.versions.VersionsV2 object at 0x7f0701da3820>>' {{(pid=70245) _process_stack /opt/stack/nova/nova/api/openstack/wsgi.py:520}}
Aug 27 00:20:21.193494 np0000032594 devstack@n-api.service[70245]: INFO nova.api.openstack.requestlog [None req-c8236cca-a91c-48a8-bf58-259b0fb6fcbe admin admin] 192.168.1.134 "GET /compute/v2.1" status: 200 len: 391 microversion: 2.1 time: 0.001755
Aug 27 00:20:21.193670 np0000032594 devstack@n-api.service[70245]: [pid: 70245|app: 0|req: 4/7] 192.168.1.134 () {62 vars in 1067 bytes} [Wed Aug 27 00:20:21 2025] GET /compute/v2.1 => generated 391 bytes in 2 msecs (HTTP/1.1 200) 9 headers in 357 bytes (1 switches on core 0)
Aug 27 00:20:21.263608 np0000032594 devstack@n-api.service[70244]: DEBUG nova.api.openstack.wsgi [None req-74faf82b-19ee-4467-9731-88e1097fb573 admin admin] Action: 'create', calling method: <bound method FlavorsController.create of <nova.api.openstack.compute.flavors.FlavorsController object at 0x7f070180d930>>, body: {"flavor": {"os-flavor-access:is_public": true, "ram": 512, "disk": 5, "vcpus": 1, "id": "d1", "OS-FLV-EXT-DATA:ephemeral": 0, "rxtx_factor": 1.0, "swap": 0, "name": "ds512M"}} {{(pid=70244) _process_stack /opt/stack/nova/nova/api/openstack/wsgi.py:518}}
Aug 27 00:20:21.279893 np0000032594 devstack@n-api.service[70244]: INFO nova.api.openstack.requestlog [None req-74faf82b-19ee-4467-9731-88e1097fb573 admin admin] 192.168.1.134 "POST /compute/v2.1/flavors" status: 200 len: 410 microversion: 2.61 time: 0.080110
Aug 27 00:20:21.280140 np0000032594 devstack@n-api.service[70244]: [pid: 70244|app: 0|req: 4/8] 192.168.1.134 () {72 vars in 1419 bytes} [Wed Aug 27 00:20:21 2025] POST /compute/v2.1/flavors => generated 410 bytes in 80 msecs (HTTP/1.1 200) 9 headers in 359 bytes (1 switches on core 0)
Aug 27 00:20:21.289216 np0000032594 devstack@n-api.service[70245]: DEBUG nova.api.openstack.wsgi [None req-cd8b5e9a-0f66-4fc7-8a18-1fb4801f5712 admin admin] Action: 'create', calling method: <bound method FlavorExtraSpecsController.create of <nova.api.openstack.compute.flavors_extraspecs.FlavorExtraSpecsController object at 0x7f0701812d70>>, body: {"extra_specs": {"hw_rng:allowed": "True"}} {{(pid=70245) _process_stack /opt/stack/nova/nova/api/openstack/wsgi.py:518}}
Aug 27 00:20:21.305324 np0000032594 devstack@n-api.service[70245]: INFO nova.api.openstack.requestlog [None req-cd8b5e9a-0f66-4fc7-8a18-1fb4801f5712 admin admin] 192.168.1.134 "POST /compute/v2.1/flavors/d1/os-extra_specs" status: 200 len: 43 microversion: 2.61 time: 0.017810
Aug 27 00:20:21.308244 np0000032594 devstack@n-api.service[70245]: [pid: 70245|app: 0|req: 5/9] 192.168.1.134 () {72 vars in 1472 bytes} [Wed Aug 27 00:20:21 2025] POST /compute/v2.1/flavors/d1/os-extra_specs => generated 43 bytes in 18 msecs (HTTP/1.1 200) 9 headers in 358 bytes (1 switches on core 0)
Aug 27 00:20:21.400357 np0000032594 devstack@n-api.service[70244]: DEBUG nova.api.openstack.wsgi [None req-74faf82b-19ee-4467-9731-88e1097fb573 admin admin] Calling method '<bound method VersionsV2.index of <nova.api.openstack.compute.versions.VersionsV2 object at 0x7f0701e02380>>' {{(pid=70244) _process_stack /opt/stack/nova/nova/api/openstack/wsgi.py:520}}
Aug 27 00:20:21.401929 np0000032594 devstack@n-api.service[70244]: INFO nova.api.openstack.requestlog [None req-74faf82b-19ee-4467-9731-88e1097fb573 admin admin] 192.168.1.134 "GET /compute/v2.1" status: 200 len: 391 microversion: 2.1 time: 0.001765
Aug 27 00:20:21.402124 np0000032594 devstack@n-api.service[70244]: [pid: 70244|app: 0|req: 5/10] 192.168.1.134 () {62 vars in 1067 bytes} [Wed Aug 27 00:20:21 2025] GET /compute/v2.1 => generated 391 bytes in 2 msecs (HTTP/1.1 200) 9 headers in 357 bytes (1 switches on core 0)
Aug 27 00:20:21.428648 np0000032594 devstack@n-api.service[70245]: DEBUG nova.api.openstack.wsgi [None req-ca63edee-b121-4e56-857c-dda7f7ff9ba3 admin admin] Action: 'create', calling method: <bound method FlavorsController.create of <nova.api.openstack.compute.flavors.FlavorsController object at 0x7f0701811ab0>>, body: {"flavor": {"os-flavor-access:is_public": true, "ram": 1024, "disk": 10, "vcpus": 1, "id": "d2", "OS-FLV-EXT-DATA:ephemeral": 0, "rxtx_factor": 1.0, "swap": 0, "name": "ds1G"}} {{(pid=70245) _process_stack /opt/stack/nova/nova/api/openstack/wsgi.py:518}}
Aug 27 00:20:21.438143 np0000032594 devstack@n-api.service[70245]: INFO nova.api.openstack.requestlog [None req-ca63edee-b121-4e56-857c-dda7f7ff9ba3 admin admin] 192.168.1.134 "POST /compute/v2.1/flavors" status: 200 len: 410 microversion: 2.61 time: 0.030459
Aug 27 00:20:21.438423 np0000032594 devstack@n-api.service[70245]: [pid: 70245|app: 0|req: 6/11] 192.168.1.134 () {72 vars in 1419 bytes} [Wed Aug 27 00:20:21 2025] POST /compute/v2.1/flavors => generated 410 bytes in 31 msecs (HTTP/1.1 200) 9 headers in 359 bytes (1 switches on core 0)
Aug 27 00:20:21.447121 np0000032594 devstack@n-api.service[70244]: DEBUG nova.api.openstack.wsgi [None req-7bd95e20-9c2c-4603-b90f-07ae9c919a15 admin admin] Action: 'create', calling method: <bound method FlavorExtraSpecsController.create of <nova.api.openstack.compute.flavors_extraspecs.FlavorExtraSpecsController object at 0x7f070180ef50>>, body: {"extra_specs": {"hw_rng:allowed": "True"}} {{(pid=70244) _process_stack /opt/stack/nova/nova/api/openstack/wsgi.py:518}}
Aug 27 00:20:21.458947 np0000032594 devstack@n-api.service[70244]: INFO nova.api.openstack.requestlog [None req-7bd95e20-9c2c-4603-b90f-07ae9c919a15 admin admin] 192.168.1.134 "POST /compute/v2.1/flavors/d2/os-extra_specs" status: 200 len: 43 microversion: 2.61 time: 0.013529
Aug 27 00:20:21.459332 np0000032594 devstack@n-api.service[70244]: [pid: 70244|app: 0|req: 6/12] 192.168.1.134 () {72 vars in 1472 bytes} [Wed Aug 27 00:20:21 2025] POST /compute/v2.1/flavors/d2/os-extra_specs => generated 43 bytes in 14 msecs (HTTP/1.1 200) 9 headers in 358 bytes (1 switches on core 0)
Aug 27 00:20:21.549721 np0000032594 devstack@n-api.service[70245]: DEBUG nova.api.openstack.wsgi [None req-ca63edee-b121-4e56-857c-dda7f7ff9ba3 admin admin] Calling method '<bound method VersionsV2.index of <nova.api.openstack.compute.versions.VersionsV2 object at 0x7f0701da3820>>' {{(pid=70245) _process_stack /opt/stack/nova/nova/api/openstack/wsgi.py:520}}
Aug 27 00:20:21.551292 np0000032594 devstack@n-api.service[70245]: INFO nova.api.openstack.requestlog [None req-ca63edee-b121-4e56-857c-dda7f7ff9ba3 admin admin] 192.168.1.134 "GET /compute/v2.1" status: 200 len: 391 microversion: 2.1 time: 0.001741
Aug 27 00:20:21.551468 np0000032594 devstack@n-api.service[70245]: [pid: 70245|app: 0|req: 7/13] 192.168.1.134 () {62 vars in 1067 bytes} [Wed Aug 27 00:20:21 2025] GET /compute/v2.1 => generated 391 bytes in 2 msecs (HTTP/1.1 200) 9 headers in 357 bytes (1 switches on core 0)
Aug 27 00:20:21.579490 np0000032594 devstack@n-api.service[70244]: DEBUG nova.api.openstack.wsgi [None req-d3796b78-9216-455a-aac4-38bc3e470942 admin admin] Action: 'create', calling method: <bound method FlavorsController.create of <nova.api.openstack.compute.flavors.FlavorsController object at 0x7f070180d930>>, body: {"flavor": {"os-flavor-access:is_public": true, "ram": 2048, "disk": 10, "vcpus": 2, "id": "d3", "OS-FLV-EXT-DATA:ephemeral": 0, "rxtx_factor": 1.0, "swap": 0, "name": "ds2G"}} {{(pid=70244) _process_stack /opt/stack/nova/nova/api/openstack/wsgi.py:518}}
Aug 27 00:20:21.589853 np0000032594 devstack@n-api.service[70244]: INFO nova.api.openstack.requestlog [None req-d3796b78-9216-455a-aac4-38bc3e470942 admin admin] 192.168.1.134 "POST /compute/v2.1/flavors" status: 200 len: 410 microversion: 2.61 time: 0.031247
Aug 27 00:20:21.590189 np0000032594 devstack@n-api.service[70244]: [pid: 70244|app: 0|req: 7/14] 192.168.1.134 () {72 vars in 1419 bytes} [Wed Aug 27 00:20:21 2025] POST /compute/v2.1/flavors => generated 410 bytes in 32 msecs (HTTP/1.1 200) 9 headers in 359 bytes (1 switches on core 0)
Aug 27 00:20:21.599707 np0000032594 devstack@n-api.service[70245]: DEBUG nova.api.openstack.wsgi [None req-02767c76-4a4b-486a-839a-ae1dc3073def admin admin] Action: 'create', calling method: <bound method FlavorExtraSpecsController.create of <nova.api.openstack.compute.flavors_extraspecs.FlavorExtraSpecsController object at 0x7f0701812d70>>, body: {"extra_specs": {"hw_rng:allowed": "True"}} {{(pid=70245) _process_stack /opt/stack/nova/nova/api/openstack/wsgi.py:518}}
Aug 27 00:20:21.612283 np0000032594 devstack@n-api.service[70245]: INFO nova.api.openstack.requestlog [None req-02767c76-4a4b-486a-839a-ae1dc3073def admin admin] 192.168.1.134 "POST /compute/v2.1/flavors/d3/os-extra_specs" status: 200 len: 43 microversion: 2.61 time: 0.014313
Aug 27 00:20:21.612562 np0000032594 devstack@n-api.service[70245]: [pid: 70245|app: 0|req: 8/15] 192.168.1.134 () {72 vars in 1472 bytes} [Wed Aug 27 00:20:21 2025] POST /compute/v2.1/flavors/d3/os-extra_specs => generated 43 bytes in 15 msecs (HTTP/1.1 200) 9 headers in 358 bytes (1 switches on core 0)
Aug 27 00:20:21.714413 np0000032594 devstack@n-api.service[70244]: DEBUG nova.api.openstack.wsgi [None req-d3796b78-9216-455a-aac4-38bc3e470942 admin admin] Calling method '<bound method VersionsV2.index of <nova.api.openstack.compute.versions.VersionsV2 object at 0x7f0701e02380>>' {{(pid=70244) _process_stack /opt/stack/nova/nova/api/openstack/wsgi.py:520}}
Aug 27 00:20:21.715967 np0000032594 devstack@n-api.service[70244]: INFO nova.api.openstack.requestlog [None req-d3796b78-9216-455a-aac4-38bc3e470942 admin admin] 192.168.1.134 "GET /compute/v2.1" status: 200 len: 391 microversion: 2.1 time: 0.001771
Aug 27 00:20:21.716156 np0000032594 devstack@n-api.service[70244]: [pid: 70244|app: 0|req: 8/16] 192.168.1.134 () {62 vars in 1067 bytes} [Wed Aug 27 00:20:21 2025] GET /compute/v2.1 => generated 391 bytes in 2 msecs (HTTP/1.1 200) 9 headers in 357 bytes (1 switches on core 0)
Aug 27 00:20:21.741582 np0000032594 devstack@n-api.service[70245]: DEBUG nova.api.openstack.wsgi [None req-e492d553-0024-4da9-8bcc-17ae8c9bb8d2 admin admin] Action: 'create', calling method: <bound method FlavorsController.create of <nova.api.openstack.compute.flavors.FlavorsController object at 0x7f0701811ab0>>, body: {"flavor": {"os-flavor-access:is_public": true, "ram": 4096, "disk": 20, "vcpus": 4, "id": "d4", "OS-FLV-EXT-DATA:ephemeral": 0, "rxtx_factor": 1.0, "swap": 0, "name": "ds4G"}} {{(pid=70245) _process_stack /opt/stack/nova/nova/api/openstack/wsgi.py:518}}
Aug 27 00:20:21.751390 np0000032594 devstack@n-api.service[70245]: INFO nova.api.openstack.requestlog [None req-e492d553-0024-4da9-8bcc-17ae8c9bb8d2 admin admin] 192.168.1.134 "POST /compute/v2.1/flavors" status: 200 len: 410 microversion: 2.61 time: 0.029263
Aug 27 00:20:21.755185 np0000032594 devstack@n-api.service[70245]: [pid: 70245|app: 0|req: 9/17] 192.168.1.134 () {72 vars in 1419 bytes} [Wed Aug 27 00:20:21 2025] POST /compute/v2.1/flavors => generated 410 bytes in 30 msecs (HTTP/1.1 200) 9 headers in 359 bytes (1 switches on core 0)
Aug 27 00:20:21.760891 np0000032594 devstack@n-api.service[70244]: DEBUG nova.api.openstack.wsgi [None req-754c3595-8d68-4418-b0f6-109f89813057 admin admin] Action: 'create', calling method: <bound method FlavorExtraSpecsController.create of <nova.api.openstack.compute.flavors_extraspecs.FlavorExtraSpecsController object at 0x7f070180ef50>>, body: {"extra_specs": {"hw_rng:allowed": "True"}} {{(pid=70244) _process_stack /opt/stack/nova/nova/api/openstack/wsgi.py:518}}
Aug 27 00:20:21.773064 np0000032594 devstack@n-api.service[70244]: INFO nova.api.openstack.requestlog [None req-754c3595-8d68-4418-b0f6-109f89813057 admin admin] 192.168.1.134 "POST /compute/v2.1/flavors/d4/os-extra_specs" status: 200 len: 43 microversion: 2.61 time: 0.013986
Aug 27 00:20:21.773302 np0000032594 devstack@n-api.service[70244]: [pid: 70244|app: 0|req: 9/18] 192.168.1.134 () {72 vars in 1472 bytes} [Wed Aug 27 00:20:21 2025] POST /compute/v2.1/flavors/d4/os-extra_specs => generated 43 bytes in 14 msecs (HTTP/1.1 200) 9 headers in 358 bytes (1 switches on core 0)
Aug 27 00:20:21.864513 np0000032594 devstack@n-api.service[70245]: DEBUG nova.api.openstack.wsgi [None req-e492d553-0024-4da9-8bcc-17ae8c9bb8d2 admin admin] Calling method '<bound method VersionsV2.index of <nova.api.openstack.compute.versions.VersionsV2 object at 0x7f0701da3820>>' {{(pid=70245) _process_stack /opt/stack/nova/nova/api/openstack/wsgi.py:520}}
Aug 27 00:20:21.866092 np0000032594 devstack@n-api.service[70245]: INFO nova.api.openstack.requestlog [None req-e492d553-0024-4da9-8bcc-17ae8c9bb8d2 admin admin] 192.168.1.134 "GET /compute/v2.1" status: 200 len: 391 microversion: 2.1 time: 0.001772
Aug 27 00:20:21.866278 np0000032594 devstack@n-api.service[70245]: [pid: 70245|app: 0|req: 10/19] 192.168.1.134 () {62 vars in 1067 bytes} [Wed Aug 27 00:20:21 2025] GET /compute/v2.1 => generated 391 bytes in 2 msecs (HTTP/1.1 200) 9 headers in 357 bytes (1 switches on core 0)
Aug 27 00:20:21.891712 np0000032594 devstack@n-api.service[70244]: DEBUG nova.api.openstack.wsgi [None req-ccdf301f-8d13-4784-9262-a0cecd96adc2 admin admin] Calling method '<bound method FlavorsController.detail of <nova.api.openstack.compute.flavors.FlavorsController object at 0x7f070180dd80>>' {{(pid=70244) _process_stack /opt/stack/nova/nova/api/openstack/wsgi.py:520}}
Aug 27 00:20:21.902771 np0000032594 devstack@n-api.service[70244]: INFO nova.api.openstack.requestlog [None req-ccdf301f-8d13-4784-9262-a0cecd96adc2 admin admin] 192.168.1.134 "GET /compute/v2.1/flavors/detail?is_public=True" status: 200 len: 2136 microversion: 2.61 time: 0.030426
Aug 27 00:20:21.903208 np0000032594 devstack@n-api.service[70244]: [pid: 70244|app: 0|req: 10/20] 192.168.1.134 () {68 vars in 1428 bytes} [Wed Aug 27 00:20:21 2025] GET /compute/v2.1/flavors/detail?is_public=True => generated 2136 bytes in 31 msecs (HTTP/1.1 200) 9 headers in 360 bytes (1 switches on core 0)
Aug 27 00:20:21.991988 np0000032594 devstack@n-api.service[70245]: DEBUG nova.api.openstack.wsgi [None req-e492d553-0024-4da9-8bcc-17ae8c9bb8d2 admin admin] Calling method '<bound method VersionsV2.index of <nova.api.openstack.compute.versions.VersionsV2 object at 0x7f0701da3820>>' {{(pid=70245) _process_stack /opt/stack/nova/nova/api/openstack/wsgi.py:520}}
Aug 27 00:20:21.993533 np0000032594 devstack@n-api.service[70245]: INFO nova.api.openstack.requestlog [None req-e492d553-0024-4da9-8bcc-17ae8c9bb8d2 admin admin] 192.168.1.134 "GET /compute/v2.1" status: 200 len: 391 microversion: 2.1 time: 0.001736
Aug 27 00:20:21.993711 np0000032594 devstack@n-api.service[70245]: [pid: 70245|app: 0|req: 11/21] 192.168.1.134 () {62 vars in 1067 bytes} [Wed Aug 27 00:20:21 2025] GET /compute/v2.1 => generated 391 bytes in 2 msecs (HTTP/1.1 200) 9 headers in 357 bytes (1 switches on core 0)
Aug 27 00:20:22.018371 np0000032594 devstack@n-api.service[70244]: DEBUG nova.api.openstack.wsgi [None req-1e3945e6-4e46-4124-bcf6-01c2eda1edec admin admin] Action: 'create', calling method: <bound method FlavorsController.create of <nova.api.openstack.compute.flavors.FlavorsController object at 0x7f070180d930>>, body: {"flavor": {"os-flavor-access:is_public": true, "ram": 512, "disk": 1, "vcpus": 1, "id": "1", "OS-FLV-EXT-DATA:ephemeral": 0, "rxtx_factor": 1.0, "swap": 0, "name": "m1.tiny"}} {{(pid=70244) _process_stack /opt/stack/nova/nova/api/openstack/wsgi.py:518}}
Aug 27 00:20:22.028631 np0000032594 devstack@n-api.service[70244]: INFO nova.api.openstack.requestlog [None req-1e3945e6-4e46-4124-bcf6-01c2eda1edec admin admin] 192.168.1.134 "POST /compute/v2.1/flavors" status: 200 len: 408 microversion: 2.61 time: 0.029467
Aug 27 00:20:22.028873 np0000032594 devstack@n-api.service[70244]: [pid: 70244|app: 0|req: 11/22] 192.168.1.134 () {72 vars in 1419 bytes} [Wed Aug 27 00:20:21 2025] POST /compute/v2.1/flavors => generated 408 bytes in 30 msecs (HTTP/1.1 200) 9 headers in 359 bytes (1 switches on core 0)
Aug 27 00:20:22.037897 np0000032594 devstack@n-api.service[70245]: DEBUG nova.api.openstack.wsgi [None req-8ae4079b-214c-45b8-85de-12180c7727e6 admin admin] Action: 'create', calling method: <bound method FlavorExtraSpecsController.create of <nova.api.openstack.compute.flavors_extraspecs.FlavorExtraSpecsController object at 0x7f0701812d70>>, body: {"extra_specs": {"hw_rng:allowed": "True"}} {{(pid=70245) _process_stack /opt/stack/nova/nova/api/openstack/wsgi.py:518}}
Aug 27 00:20:22.049655 np0000032594 devstack@n-api.service[70245]: INFO nova.api.openstack.requestlog [None req-8ae4079b-214c-45b8-85de-12180c7727e6 admin admin] 192.168.1.134 "POST /compute/v2.1/flavors/1/os-extra_specs" status: 200 len: 43 microversion: 2.61 time: 0.013492
Aug 27 00:20:22.052688 np0000032594 devstack@n-api.service[70245]: [pid: 70245|app: 0|req: 12/23] 192.168.1.134 () {72 vars in 1469 bytes} [Wed Aug 27 00:20:22 2025] POST /compute/v2.1/flavors/1/os-extra_specs => generated 43 bytes in 14 msecs (HTTP/1.1 200) 9 headers in 358 bytes (1 switches on core 0)
Aug 27 00:20:22.138701 np0000032594 devstack@n-api.service[70244]: DEBUG nova.api.openstack.wsgi [None req-1e3945e6-4e46-4124-bcf6-01c2eda1edec admin admin] Calling method '<bound method VersionsV2.index of <nova.api.openstack.compute.versions.VersionsV2 object at 0x7f0701e02380>>' {{(pid=70244) _process_stack /opt/stack/nova/nova/api/openstack/wsgi.py:520}}
Aug 27 00:20:22.140286 np0000032594 devstack@n-api.service[70244]: INFO nova.api.openstack.requestlog [None req-1e3945e6-4e46-4124-bcf6-01c2eda1edec admin admin] 192.168.1.134 "GET /compute/v2.1" status: 200 len: 391 microversion: 2.1 time: 0.001762
Aug 27 00:20:22.140466 np0000032594 devstack@n-api.service[70244]: [pid: 70244|app: 0|req: 12/24] 192.168.1.134 () {62 vars in 1067 bytes} [Wed Aug 27 00:20:22 2025] GET /compute/v2.1 => generated 391 bytes in 2 msecs (HTTP/1.1 200) 9 headers in 357 bytes (1 switches on core 0)
Aug 27 00:20:22.165141 np0000032594 devstack@n-api.service[70245]: DEBUG nova.api.openstack.wsgi [None req-a85004fe-180c-4453-a51c-e7879113c1dc admin admin] Action: 'create', calling method: <bound method FlavorsController.create of <nova.api.openstack.compute.flavors.FlavorsController object at 0x7f0701811ab0>>, body: {"flavor": {"os-flavor-access:is_public": true, "ram": 2048, "disk": 20, "vcpus": 1, "id": "2", "OS-FLV-EXT-DATA:ephemeral": 0, "rxtx_factor": 1.0, "swap": 0, "name": "m1.small"}} {{(pid=70245) _process_stack /opt/stack/nova/nova/api/openstack/wsgi.py:518}}
Aug 27 00:20:22.175492 np0000032594 devstack@n-api.service[70245]: INFO nova.api.openstack.requestlog [None req-a85004fe-180c-4453-a51c-e7879113c1dc admin admin] 192.168.1.134 "POST /compute/v2.1/flavors" status: 200 len: 411 microversion: 2.61 time: 0.029268
Aug 27 00:20:22.175749 np0000032594 devstack@n-api.service[70245]: [pid: 70245|app: 0|req: 13/25] 192.168.1.134 () {72 vars in 1419 bytes} [Wed Aug 27 00:20:22 2025] POST /compute/v2.1/flavors => generated 411 bytes in 30 msecs (HTTP/1.1 200) 9 headers in 359 bytes (1 switches on core 0)
Aug 27 00:20:22.185546 np0000032594 devstack@n-api.service[70244]: DEBUG nova.api.openstack.wsgi [None req-b6564f9f-171b-40c6-bbf9-7a1b1a9d32d1 admin admin] Action: 'create', calling method: <bound method FlavorExtraSpecsController.create of <nova.api.openstack.compute.flavors_extraspecs.FlavorExtraSpecsController object at 0x7f070180ef50>>, body: {"extra_specs": {"hw_rng:allowed": "True"}} {{(pid=70244) _process_stack /opt/stack/nova/nova/api/openstack/wsgi.py:518}}
Aug 27 00:20:22.199703 np0000032594 devstack@n-api.service[70244]: INFO nova.api.openstack.requestlog [None req-b6564f9f-171b-40c6-bbf9-7a1b1a9d32d1 admin admin] 192.168.1.134 "POST /compute/v2.1/flavors/2/os-extra_specs" status: 200 len: 43 microversion: 2.61 time: 0.015884
Aug 27 00:20:22.200019 np0000032594 devstack@n-api.service[70244]: [pid: 70244|app: 0|req: 13/26] 192.168.1.134 () {72 vars in 1469 bytes} [Wed Aug 27 00:20:22 2025] POST /compute/v2.1/flavors/2/os-extra_specs => generated 43 bytes in 16 msecs (HTTP/1.1 200) 9 headers in 358 bytes (1 switches on core 0)
Aug 27 00:20:22.300969 np0000032594 devstack@n-api.service[70245]: DEBUG nova.api.openstack.wsgi [None req-a85004fe-180c-4453-a51c-e7879113c1dc admin admin] Calling method '<bound method VersionsV2.index of <nova.api.openstack.compute.versions.VersionsV2 object at 0x7f0701da3820>>' {{(pid=70245) _process_stack /opt/stack/nova/nova/api/openstack/wsgi.py:520}}
Aug 27 00:20:22.302594 np0000032594 devstack@n-api.service[70245]: INFO nova.api.openstack.requestlog [None req-a85004fe-180c-4453-a51c-e7879113c1dc admin admin] 192.168.1.134 "GET /compute/v2.1" status: 200 len: 391 microversion: 2.1 time: 0.001776
Aug 27 00:20:22.302702 np0000032594 devstack@n-api.service[70245]: [pid: 70245|app: 0|req: 14/27] 192.168.1.134 () {62 vars in 1067 bytes} [Wed Aug 27 00:20:22 2025] GET /compute/v2.1 => generated 391 bytes in 2 msecs (HTTP/1.1 200) 9 headers in 357 bytes (1 switches on core 0)
Aug 27 00:20:22.328729 np0000032594 devstack@n-api.service[70244]: DEBUG nova.api.openstack.wsgi [None req-00672a5b-21c9-44f6-b896-6cd522f7a004 admin admin] Action: 'create', calling method: <bound method FlavorsController.create of <nova.api.openstack.compute.flavors.FlavorsController object at 0x7f070180d930>>, body: {"flavor": {"os-flavor-access:is_public": true, "ram": 4096, "disk": 40, "vcpus": 2, "id": "3", "OS-FLV-EXT-DATA:ephemeral": 0, "rxtx_factor": 1.0, "swap": 0, "name": "m1.medium"}} {{(pid=70244) _process_stack /opt/stack/nova/nova/api/openstack/wsgi.py:518}}
Aug 27 00:20:22.338732 np0000032594 devstack@n-api.service[70244]: INFO nova.api.openstack.requestlog [None req-00672a5b-21c9-44f6-b896-6cd522f7a004 admin admin] 192.168.1.134 "POST /compute/v2.1/flavors" status: 200 len: 412 microversion: 2.61 time: 0.029800
Aug 27 00:20:22.338983 np0000032594 devstack@n-api.service[70244]: [pid: 70244|app: 0|req: 14/28] 192.168.1.134 () {72 vars in 1419 bytes} [Wed Aug 27 00:20:22 2025] POST /compute/v2.1/flavors => generated 412 bytes in 30 msecs (HTTP/1.1 200) 9 headers in 359 bytes (1 switches on core 0)
Aug 27 00:20:22.348618 np0000032594 devstack@n-api.service[70245]: DEBUG nova.api.openstack.wsgi [None req-bd71d257-aca2-40ba-ad7b-7ae982e767c8 admin admin] Action: 'create', calling method: <bound method FlavorExtraSpecsController.create of <nova.api.openstack.compute.flavors_extraspecs.FlavorExtraSpecsController object at 0x7f0701812d70>>, body: {"extra_specs": {"hw_rng:allowed": "True"}} {{(pid=70245) _process_stack /opt/stack/nova/nova/api/openstack/wsgi.py:518}}
Aug 27 00:20:22.361436 np0000032594 devstack@n-api.service[70245]: INFO nova.api.openstack.requestlog [None req-bd71d257-aca2-40ba-ad7b-7ae982e767c8 admin admin] 192.168.1.134 "POST /compute/v2.1/flavors/3/os-extra_specs" status: 200 len: 43 microversion: 2.61 time: 0.014555
Aug 27 00:20:22.361716 np0000032594 devstack@n-api.service[70245]: [pid: 70245|app: 0|req: 15/29] 192.168.1.134 () {72 vars in 1469 bytes} [Wed Aug 27 00:20:22 2025] POST /compute/v2.1/flavors/3/os-extra_specs => generated 43 bytes in 15 msecs (HTTP/1.1 200) 9 headers in 358 bytes (1 switches on core 0)
Aug 27 00:20:22.462806 np0000032594 devstack@n-api.service[70244]: DEBUG nova.api.openstack.wsgi [None req-00672a5b-21c9-44f6-b896-6cd522f7a004 admin admin] Calling method '<bound method VersionsV2.index of <nova.api.openstack.compute.versions.VersionsV2 object at 0x7f0701e02380>>' {{(pid=70244) _process_stack /opt/stack/nova/nova/api/openstack/wsgi.py:520}}
Aug 27 00:20:22.464367 np0000032594 devstack@n-api.service[70244]: INFO nova.api.openstack.requestlog [None req-00672a5b-21c9-44f6-b896-6cd522f7a004 admin admin] 192.168.1.134 "GET /compute/v2.1" status: 200 len: 391 microversion: 2.1 time: 0.001755
Aug 27 00:20:22.464547 np0000032594 devstack@n-api.service[70244]: [pid: 70244|app: 0|req: 15/30] 192.168.1.134 () {62 vars in 1067 bytes} [Wed Aug 27 00:20:22 2025] GET /compute/v2.1 => generated 391 bytes in 2 msecs (HTTP/1.1 200) 9 headers in 357 bytes (1 switches on core 0)
Aug 27 00:20:22.493440 np0000032594 devstack@n-api.service[70245]: DEBUG nova.api.openstack.wsgi [None req-c57a669f-d446-404e-b3c1-3298d16b1911 admin admin] Action: 'create', calling method: <bound method FlavorsController.create of <nova.api.openstack.compute.flavors.FlavorsController object at 0x7f0701811ab0>>, body: {"flavor": {"os-flavor-access:is_public": true, "ram": 8192, "disk": 80, "vcpus": 4, "id": "4", "OS-FLV-EXT-DATA:ephemeral": 0, "rxtx_factor": 1.0, "swap": 0, "name": "m1.large"}} {{(pid=70245) _process_stack /opt/stack/nova/nova/api/openstack/wsgi.py:518}}
Aug 27 00:20:22.504082 np0000032594 devstack@n-api.service[70245]: INFO nova.api.openstack.requestlog [None req-c57a669f-d446-404e-b3c1-3298d16b1911 admin admin] 192.168.1.134 "POST /compute/v2.1/flavors" status: 200 len: 411 microversion: 2.61 time: 0.033786
Aug 27 00:20:22.508720 np0000032594 devstack@n-api.service[70245]: [pid: 70245|app: 0|req: 16/31] 192.168.1.134 () {72 vars in 1419 bytes} [Wed Aug 27 00:20:22 2025] POST /compute/v2.1/flavors => generated 411 bytes in 34 msecs (HTTP/1.1 200) 9 headers in 359 bytes (1 switches on core 0)
Aug 27 00:20:22.513597 np0000032594 devstack@n-api.service[70244]: DEBUG nova.api.openstack.wsgi [None req-d0ddf247-fe20-449e-b06f-b07b5ad163cb admin admin] Action: 'create', calling method: <bound method FlavorExtraSpecsController.create of <nova.api.openstack.compute.flavors_extraspecs.FlavorExtraSpecsController object at 0x7f070180ef50>>, body: {"extra_specs": {"hw_rng:allowed": "True"}} {{(pid=70244) _process_stack /opt/stack/nova/nova/api/openstack/wsgi.py:518}}
Aug 27 00:20:22.526323 np0000032594 devstack@n-api.service[70244]: INFO nova.api.openstack.requestlog [None req-d0ddf247-fe20-449e-b06f-b07b5ad163cb admin admin] 192.168.1.134 "POST /compute/v2.1/flavors/4/os-extra_specs" status: 200 len: 43 microversion: 2.61 time: 0.014408
Aug 27 00:20:22.526582 np0000032594 devstack@n-api.service[70244]: [pid: 70244|app: 0|req: 16/32] 192.168.1.134 () {72 vars in 1469 bytes} [Wed Aug 27 00:20:22 2025] POST /compute/v2.1/flavors/4/os-extra_specs => generated 43 bytes in 15 msecs (HTTP/1.1 200) 9 headers in 358 bytes (1 switches on core 0)
Aug 27 00:20:22.620019 np0000032594 devstack@n-api.service[70245]: DEBUG nova.api.openstack.wsgi [None req-c57a669f-d446-404e-b3c1-3298d16b1911 admin admin] Calling method '<bound method VersionsV2.index of <nova.api.openstack.compute.versions.VersionsV2 object at 0x7f0701da3820>>' {{(pid=70245) _process_stack /opt/stack/nova/nova/api/openstack/wsgi.py:520}}
Aug 27 00:20:22.621626 np0000032594 devstack@n-api.service[70245]: INFO nova.api.openstack.requestlog [None req-c57a669f-d446-404e-b3c1-3298d16b1911 admin admin] 192.168.1.134 "GET /compute/v2.1" status: 200 len: 391 microversion: 2.1 time: 0.001799
Aug 27 00:20:22.621819 np0000032594 devstack@n-api.service[70245]: [pid: 70245|app: 0|req: 17/33] 192.168.1.134 () {62 vars in 1067 bytes} [Wed Aug 27 00:20:22 2025] GET /compute/v2.1 => generated 391 bytes in 2 msecs (HTTP/1.1 200) 9 headers in 357 bytes (1 switches on core 0)
Aug 27 00:20:22.650486 np0000032594 devstack@n-api.service[70244]: DEBUG nova.api.openstack.wsgi [None req-e0766daa-d039-495b-a0da-b1f6f6dbdbdc admin admin] Action: 'create', calling method: <bound method FlavorsController.create of <nova.api.openstack.compute.flavors.FlavorsController object at 0x7f070180d930>>, body: {"flavor": {"os-flavor-access:is_public": true, "ram": 16384, "disk": 160, "vcpus": 8, "id": "5", "OS-FLV-EXT-DATA:ephemeral": 0, "rxtx_factor": 1.0, "swap": 0, "name": "m1.xlarge"}} {{(pid=70244) _process_stack /opt/stack/nova/nova/api/openstack/wsgi.py:518}}
Aug 27 00:20:22.660553 np0000032594 devstack@n-api.service[70244]: INFO nova.api.openstack.requestlog [None req-e0766daa-d039-495b-a0da-b1f6f6dbdbdc admin admin] 192.168.1.134 "POST /compute/v2.1/flavors" status: 200 len: 414 microversion: 2.61 time: 0.031741
Aug 27 00:20:22.660873 np0000032594 devstack@n-api.service[70244]: [pid: 70244|app: 0|req: 17/34] 192.168.1.134 () {72 vars in 1419 bytes} [Wed Aug 27 00:20:22 2025] POST /compute/v2.1/flavors => generated 414 bytes in 32 msecs (HTTP/1.1 200) 9 headers in 359 bytes (1 switches on core 0)
Aug 27 00:20:22.669935 np0000032594 devstack@n-api.service[70245]: DEBUG nova.api.openstack.wsgi [None req-051b709e-4a00-4345-9396-22459062d7ad admin admin] Action: 'create', calling method: <bound method FlavorExtraSpecsController.create of <nova.api.openstack.compute.flavors_extraspecs.FlavorExtraSpecsController object at 0x7f0701812d70>>, body: {"extra_specs": {"hw_rng:allowed": "True"}} {{(pid=70245) _process_stack /opt/stack/nova/nova/api/openstack/wsgi.py:518}}
Aug 27 00:20:22.682232 np0000032594 devstack@n-api.service[70245]: INFO nova.api.openstack.requestlog [None req-051b709e-4a00-4345-9396-22459062d7ad admin admin] 192.168.1.134 "POST /compute/v2.1/flavors/5/os-extra_specs" status: 200 len: 43 microversion: 2.61 time: 0.014084
Aug 27 00:20:22.682486 np0000032594 devstack@n-api.service[70245]: [pid: 70245|app: 0|req: 18/35] 192.168.1.134 () {72 vars in 1469 bytes} [Wed Aug 27 00:20:22 2025] POST /compute/v2.1/flavors/5/os-extra_specs => generated 43 bytes in 14 msecs (HTTP/1.1 200) 9 headers in 358 bytes (1 switches on core 0)
Aug 27 00:20:26.899673 np0000032594 devstack@n-api.service[70244]: DEBUG nova.api.openstack.wsgi [None req-e0766daa-d039-495b-a0da-b1f6f6dbdbdc admin admin] Calling method '<bound method VersionsV2.index of <nova.api.openstack.compute.versions.VersionsV2 object at 0x7f0701e02380>>' {{(pid=70244) _process_stack /opt/stack/nova/nova/api/openstack/wsgi.py:520}}
Aug 27 00:20:26.901267 np0000032594 devstack@n-api.service[70244]: INFO nova.api.openstack.requestlog [None req-e0766daa-d039-495b-a0da-b1f6f6dbdbdc admin admin] 192.168.1.134 "GET /compute/v2.1" status: 200 len: 391 microversion: 2.1 time: 0.001776
Aug 27 00:20:26.901447 np0000032594 devstack@n-api.service[70244]: [pid: 70244|app: 0|req: 18/36] 192.168.1.134 () {62 vars in 1067 bytes} [Wed Aug 27 00:20:26 2025] GET /compute/v2.1 => generated 391 bytes in 2 msecs (HTTP/1.1 200) 9 headers in 357 bytes (1 switches on core 0)
Aug 27 00:20:26.925990 np0000032594 devstack@n-api.service[70245]: DEBUG nova.api.openstack.wsgi [None req-557bd332-4ec7-4c99-b0f3-c4398dbefbf0 admin admin] Calling method '<bound method FlavorsController.detail of <nova.api.openstack.compute.flavors.FlavorsController object at 0x7f0701812050>>' {{(pid=70245) _process_stack /opt/stack/nova/nova/api/openstack/wsgi.py:520}}
Aug 27 00:20:26.933790 np0000032594 devstack@n-api.service[70245]: INFO nova.api.openstack.requestlog [None req-557bd332-4ec7-4c99-b0f3-c4398dbefbf0 admin admin] 192.168.1.134 "GET /compute/v2.1/flavors/detail?is_public=True" status: 200 len: 4262 microversion: 2.61 time: 0.026838
Aug 27 00:20:26.934326 np0000032594 devstack@n-api.service[70245]: [pid: 70245|app: 0|req: 19/37] 192.168.1.134 () {68 vars in 1428 bytes} [Wed Aug 27 00:20:26 2025] GET /compute/v2.1/flavors/detail?is_public=True => generated 4262 bytes in 27 msecs (HTTP/1.1 200) 9 headers in 360 bytes (1 switches on core 0)
Aug 27 00:20:27.044254 np0000032594 devstack@n-api.service[70244]: DEBUG nova.api.openstack.wsgi [None req-e0766daa-d039-495b-a0da-b1f6f6dbdbdc admin admin] Calling method '<bound method VersionsV2.index of <nova.api.openstack.compute.versions.VersionsV2 object at 0x7f0701e02380>>' {{(pid=70244) _process_stack /opt/stack/nova/nova/api/openstack/wsgi.py:520}}
Aug 27 00:20:27.045781 np0000032594 devstack@n-api.service[70244]: INFO nova.api.openstack.requestlog [None req-e0766daa-d039-495b-a0da-b1f6f6dbdbdc admin admin] 192.168.1.134 "GET /compute/v2.1" status: 200 len: 391 microversion: 2.1 time: 0.001727
Aug 27 00:20:27.045962 np0000032594 devstack@n-api.service[70244]: [pid: 70244|app: 0|req: 19/38] 192.168.1.134 () {62 vars in 1067 bytes} [Wed Aug 27 00:20:27 2025] GET /compute/v2.1 => generated 391 bytes in 2 msecs (HTTP/1.1 200) 9 headers in 357 bytes (1 switches on core 0)
Aug 27 00:20:27.071390 np0000032594 devstack@n-api.service[70245]: DEBUG nova.api.openstack.wsgi [None req-b1abd25b-ef17-424e-b620-970be368f12b admin admin] Action: 'create', calling method: <bound method FlavorsController.create of <nova.api.openstack.compute.flavors.FlavorsController object at 0x7f0701811ab0>>, body: {"flavor": {"os-flavor-access:is_public": true, "ram": 1024, "disk": 5, "vcpus": 1, "id": "100", "OS-FLV-EXT-DATA:ephemeral": 0, "rxtx_factor": 1.0, "swap": 0, "name": "manila-service-flavor"}} {{(pid=70245) _process_stack /opt/stack/nova/nova/api/openstack/wsgi.py:518}}
Aug 27 00:20:27.081731 np0000032594 devstack@n-api.service[70245]: INFO nova.api.openstack.requestlog [None req-b1abd25b-ef17-424e-b620-970be368f12b admin admin] 192.168.1.134 "POST /compute/v2.1/flavors" status: 200 len: 429 microversion: 2.61 time: 0.030387
Aug 27 00:20:27.082029 np0000032594 devstack@n-api.service[70245]: [pid: 70245|app: 0|req: 20/39] 192.168.1.134 () {72 vars in 1419 bytes} [Wed Aug 27 00:20:27 2025] POST /compute/v2.1/flavors => generated 429 bytes in 31 msecs (HTTP/1.1 200) 9 headers in 359 bytes (1 switches on core 0)
Aug 27 00:20:54.260672 np0000032594 devstack@n-api.service[70244]: DEBUG nova.api.openstack.wsgi [None req-e0766daa-d039-495b-a0da-b1f6f6dbdbdc admin admin] Calling method '<bound method VersionsV2.index of <nova.api.openstack.compute.versions.VersionsV2 object at 0x7f0701e02380>>' {{(pid=70244) _process_stack /opt/stack/nova/nova/api/openstack/wsgi.py:520}}
Aug 27 00:20:54.262293 np0000032594 devstack@n-api.service[70244]: INFO nova.api.openstack.requestlog [None req-e0766daa-d039-495b-a0da-b1f6f6dbdbdc admin admin] 192.168.1.134 "GET /compute/v2.1" status: 200 len: 391 microversion: 2.1 time: 0.001791
Aug 27 00:20:54.262541 np0000032594 devstack@n-api.service[70244]: [pid: 70244|app: 0|req: 20/40] 192.168.1.134 () {62 vars in 1067 bytes} [Wed Aug 27 00:20:54 2025] GET /compute/v2.1 => generated 391 bytes in 2 msecs (HTTP/1.1 200) 9 headers in 357 bytes (1 switches on core 0)
Aug 27 00:20:54.270568 np0000032594 devstack@n-api.service[70245]: DEBUG dbcounter [-] [70245] Writing DB stats nova_api:SELECT=23,nova_api:INSERT=11,nova_api:SAVEPOINT=5,nova_api:RELEASE=5 {{(pid=70245) stat_writer /opt/stack/data/venv/lib/python3.10/site-packages/dbcounter.py:115}}
Aug 27 00:20:54.288772 np0000032594 devstack@n-api.service[70245]: DEBUG nova.api.openstack.wsgi [None req-84b42591-5ac3-41e7-a219-5415a9d8ba78 admin admin] Calling method '<function Controller.__getattribute__.<locals>.version_select at 0x7f070136ac20>' {{(pid=70245) _process_stack /opt/stack/nova/nova/api/openstack/wsgi.py:520}}
Aug 27 00:20:54.290783 np0000032594 devstack@n-api.service[70245]: WARNING oslo_db.sqlalchemy.utils [None req-84b42591-5ac3-41e7-a219-5415a9d8ba78 admin admin] Unique keys not in sort_keys. The sorting order may be unstable.
