Aug 08 16:23:02.199093 np0000032479 devstack@n-api.service[69069]: DEBUG oslo_concurrency.lockutils [None req-d53c569e-3138-403e-8f1f-0bd40cb3dd5e None None] Acquiring lock "00000000-0000-0000-0000-000000000000" by "nova.context.set_target_cell.<locals>.get_or_set_cached_cell_and_set_connections" {{(pid=69069) inner /opt/stack/data/venv/lib/python3.12/site-packages/oslo_concurrency/lockutils.py:405}}
Aug 08 16:23:02.199269 np0000032479 devstack@n-api.service[69069]: DEBUG oslo_concurrency.lockutils [None req-d53c569e-3138-403e-8f1f-0bd40cb3dd5e None None] Lock "00000000-0000-0000-0000-000000000000" acquired by "nova.context.set_target_cell.<locals>.get_or_set_cached_cell_and_set_connections" :: waited 0.000s {{(pid=69069) inner /opt/stack/data/venv/lib/python3.12/site-packages/oslo_concurrency/lockutils.py:410}}
Aug 08 16:23:02.199602 np0000032479 devstack@n-api.service[69069]: DEBUG oslo_concurrency.lockutils [None req-d53c569e-3138-403e-8f1f-0bd40cb3dd5e None None] Lock "00000000-0000-0000-0000-000000000000" "released" by "nova.context.set_target_cell.<locals>.get_or_set_cached_cell_and_set_connections" :: held 0.000s {{(pid=69069) inner /opt/stack/data/venv/lib/python3.12/site-packages/oslo_concurrency/lockutils.py:424}}
Aug 08 16:23:02.199927 np0000032479 devstack@n-api.service[69069]: DEBUG oslo_concurrency.lockutils [None req-d53c569e-3138-403e-8f1f-0bd40cb3dd5e None None] Acquiring lock "81be15a5-2482-45bb-81db-23e1f10bc5a7" by "nova.context.set_target_cell.<locals>.get_or_set_cached_cell_and_set_connections" {{(pid=69069) inner /opt/stack/data/venv/lib/python3.12/site-packages/oslo_concurrency/lockutils.py:405}}
Aug 08 16:23:02.200065 np0000032479 devstack@n-api.service[69069]: DEBUG oslo_concurrency.lockutils [None req-d53c569e-3138-403e-8f1f-0bd40cb3dd5e None None] Lock "81be15a5-2482-45bb-81db-23e1f10bc5a7" acquired by "nova.context.set_target_cell.<locals>.get_or_set_cached_cell_and_set_connections" :: waited 0.000s {{(pid=69069) inner /opt/stack/data/venv/lib/python3.12/site-packages/oslo_concurrency/lockutils.py:410}}
Aug 08 16:23:02.200346 np0000032479 devstack@n-api.service[69070]: DEBUG oslo_concurrency.lockutils [None req-8554d717-0c7c-4e61-b98c-25f19ed59732 None None] Acquiring lock "00000000-0000-0000-0000-000000000000" by "nova.context.set_target_cell.<locals>.get_or_set_cached_cell_and_set_connections" {{(pid=69070) inner /opt/stack/data/venv/lib/python3.12/site-packages/oslo_concurrency/lockutils.py:405}}
Aug 08 16:23:02.200533 np0000032479 devstack@n-api.service[69070]: DEBUG oslo_concurrency.lockutils [None req-8554d717-0c7c-4e61-b98c-25f19ed59732 None None] Lock "00000000-0000-0000-0000-000000000000" acquired by "nova.context.set_target_cell.<locals>.get_or_set_cached_cell_and_set_connections" :: waited 0.000s {{(pid=69070) inner /opt/stack/data/venv/lib/python3.12/site-packages/oslo_concurrency/lockutils.py:410}}
Aug 08 16:23:02.200736 np0000032479 devstack@n-api.service[69069]: DEBUG oslo_concurrency.lockutils [None req-d53c569e-3138-403e-8f1f-0bd40cb3dd5e None None] Lock "81be15a5-2482-45bb-81db-23e1f10bc5a7" "released" by "nova.context.set_target_cell.<locals>.get_or_set_cached_cell_and_set_connections" :: held 0.001s {{(pid=69069) inner /opt/stack/data/venv/lib/python3.12/site-packages/oslo_concurrency/lockutils.py:424}}
Aug 08 16:23:02.200853 np0000032479 devstack@n-api.service[69070]: DEBUG oslo_concurrency.lockutils [None req-8554d717-0c7c-4e61-b98c-25f19ed59732 None None] Lock "00000000-0000-0000-0000-000000000000" "released" by "nova.context.set_target_cell.<locals>.get_or_set_cached_cell_and_set_connections" :: held 0.000s {{(pid=69070) inner /opt/stack/data/venv/lib/python3.12/site-packages/oslo_concurrency/lockutils.py:424}}
Aug 08 16:23:02.201187 np0000032479 devstack@n-api.service[69070]: DEBUG oslo_concurrency.lockutils [None req-8554d717-0c7c-4e61-b98c-25f19ed59732 None None] Acquiring lock "81be15a5-2482-45bb-81db-23e1f10bc5a7" by "nova.context.set_target_cell.<locals>.get_or_set_cached_cell_and_set_connections" {{(pid=69070) inner /opt/stack/data/venv/lib/python3.12/site-packages/oslo_concurrency/lockutils.py:405}}
Aug 08 16:23:02.201312 np0000032479 devstack@n-api.service[69070]: DEBUG oslo_concurrency.lockutils [None req-8554d717-0c7c-4e61-b98c-25f19ed59732 None None] Lock "81be15a5-2482-45bb-81db-23e1f10bc5a7" acquired by "nova.context.set_target_cell.<locals>.get_or_set_cached_cell_and_set_connections" :: waited 0.000s {{(pid=69070) inner /opt/stack/data/venv/lib/python3.12/site-packages/oslo_concurrency/lockutils.py:410}}
Aug 08 16:23:02.201871 np0000032479 devstack@n-api.service[69069]: INFO dbcounter [None req-d53c569e-3138-403e-8f1f-0bd40cb3dd5e None None] Registered counter for database nova_cell0
Aug 08 16:23:02.201984 np0000032479 devstack@n-api.service[69070]: DEBUG oslo_concurrency.lockutils [None req-8554d717-0c7c-4e61-b98c-25f19ed59732 None None] Lock "81be15a5-2482-45bb-81db-23e1f10bc5a7" "released" by "nova.context.set_target_cell.<locals>.get_or_set_cached_cell_and_set_connections" :: held 0.001s {{(pid=69070) inner /opt/stack/data/venv/lib/python3.12/site-packages/oslo_concurrency/lockutils.py:424}}
Aug 08 16:23:02.203127 np0000032479 devstack@n-api.service[69070]: INFO dbcounter [None req-8554d717-0c7c-4e61-b98c-25f19ed59732 None None] Registered counter for database nova_cell0
Aug 08 16:23:02.203748 np0000032479 devstack@n-api.service[69069]: INFO dbcounter [None req-d53c569e-3138-403e-8f1f-0bd40cb3dd5e None None] Registered counter for database nova_cell1
Aug 08 16:23:02.204988 np0000032479 devstack@n-api.service[69070]: INFO dbcounter [None req-8554d717-0c7c-4e61-b98c-25f19ed59732 None None] Registered counter for database nova_cell1
Aug 08 16:23:02.206932 np0000032479 devstack@n-api.service[69069]: DEBUG oslo_db.sqlalchemy.engines [None req-d53c569e-3138-403e-8f1f-0bd40cb3dd5e None None] MySQL server mode set to STRICT_TRANS_TABLES,STRICT_ALL_TABLES,NO_ZERO_IN_DATE,NO_ZERO_DATE,ERROR_FOR_DIVISION_BY_ZERO,TRADITIONAL,NO_ENGINE_SUBSTITUTION {{(pid=69069) _check_effective_sql_mode /opt/stack/data/venv/lib/python3.12/site-packages/oslo_db/sqlalchemy/engines.py:397}}
Aug 08 16:23:02.210571 np0000032479 devstack@n-api.service[69070]: DEBUG oslo_db.sqlalchemy.engines [None req-8554d717-0c7c-4e61-b98c-25f19ed59732 None None] MySQL server mode set to STRICT_TRANS_TABLES,STRICT_ALL_TABLES,NO_ZERO_IN_DATE,NO_ZERO_DATE,ERROR_FOR_DIVISION_BY_ZERO,TRADITIONAL,NO_ENGINE_SUBSTITUTION {{(pid=69070) _check_effective_sql_mode /opt/stack/data/venv/lib/python3.12/site-packages/oslo_db/sqlalchemy/engines.py:397}}
Aug 08 16:23:02.213052 np0000032479 devstack@n-api.service[69070]: DEBUG oslo_db.sqlalchemy.engines [None req-8554d717-0c7c-4e61-b98c-25f19ed59732 None None] MySQL server mode set to STRICT_TRANS_TABLES,STRICT_ALL_TABLES,NO_ZERO_IN_DATE,NO_ZERO_DATE,ERROR_FOR_DIVISION_BY_ZERO,TRADITIONAL,NO_ENGINE_SUBSTITUTION {{(pid=69070) _check_effective_sql_mode /opt/stack/data/venv/lib/python3.12/site-packages/oslo_db/sqlalchemy/engines.py:397}}
Aug 08 16:23:02.267856 np0000032479 devstack@n-api.service[69069]: DEBUG oslo_db.sqlalchemy.engines [None req-d53c569e-3138-403e-8f1f-0bd40cb3dd5e None None] MySQL server mode set to STRICT_TRANS_TABLES,STRICT_ALL_TABLES,NO_ZERO_IN_DATE,NO_ZERO_DATE,ERROR_FOR_DIVISION_BY_ZERO,TRADITIONAL,NO_ENGINE_SUBSTITUTION {{(pid=69069) _check_effective_sql_mode /opt/stack/data/venv/lib/python3.12/site-packages/oslo_db/sqlalchemy/engines.py:397}}
Aug 08 16:23:02.268216 np0000032479 devstack@n-api.service[69069]: DEBUG dbcounter [-] [69069] Writer thread running {{(pid=69069) stat_writer /opt/stack/data/venv/lib/python3.12/site-packages/dbcounter.py:102}}
Aug 08 16:23:02.271620 np0000032479 devstack@n-api.service[69070]: DEBUG dbcounter [-] [69070] Writer thread running {{(pid=69070) stat_writer /opt/stack/data/venv/lib/python3.12/site-packages/dbcounter.py:102}}
Aug 08 16:23:02.271868 np0000032479 devstack@n-api.service[69069]: DEBUG dbcounter [-] [69069] Writer thread running {{(pid=69069) stat_writer /opt/stack/data/venv/lib/python3.12/site-packages/dbcounter.py:102}}
Aug 08 16:23:02.273792 np0000032479 devstack@n-api.service[69069]: INFO dbcounter [None req-d53c569e-3138-403e-8f1f-0bd40cb3dd5e None None] Registered counter for database nova_cell0
Aug 08 16:23:02.275342 np0000032479 devstack@n-api.service[69070]: DEBUG dbcounter [-] [69070] Writer thread running {{(pid=69070) stat_writer /opt/stack/data/venv/lib/python3.12/site-packages/dbcounter.py:102}}
Aug 08 16:23:02.277234 np0000032479 devstack@n-api.service[69070]: INFO dbcounter [None req-8554d717-0c7c-4e61-b98c-25f19ed59732 None None] Registered counter for database nova_cell0
Aug 08 16:23:02.277945 np0000032479 devstack@n-api.service[69069]: DEBUG oslo_db.sqlalchemy.engines [None req-d53c569e-3138-403e-8f1f-0bd40cb3dd5e None None] MySQL server mode set to STRICT_TRANS_TABLES,STRICT_ALL_TABLES,NO_ZERO_IN_DATE,NO_ZERO_DATE,ERROR_FOR_DIVISION_BY_ZERO,TRADITIONAL,NO_ENGINE_SUBSTITUTION {{(pid=69069) _check_effective_sql_mode /opt/stack/data/venv/lib/python3.12/site-packages/oslo_db/sqlalchemy/engines.py:397}}
Aug 08 16:23:02.281213 np0000032479 devstack@n-api.service[69070]: DEBUG oslo_db.sqlalchemy.engines [None req-8554d717-0c7c-4e61-b98c-25f19ed59732 None None] MySQL server mode set to STRICT_TRANS_TABLES,STRICT_ALL_TABLES,NO_ZERO_IN_DATE,NO_ZERO_DATE,ERROR_FOR_DIVISION_BY_ZERO,TRADITIONAL,NO_ENGINE_SUBSTITUTION {{(pid=69070) _check_effective_sql_mode /opt/stack/data/venv/lib/python3.12/site-packages/oslo_db/sqlalchemy/engines.py:397}}
Aug 08 16:23:02.281564 np0000032479 devstack@n-api.service[69069]: DEBUG dbcounter [-] [69069] Writer thread running {{(pid=69069) stat_writer /opt/stack/data/venv/lib/python3.12/site-packages/dbcounter.py:102}}
Aug 08 16:23:02.284882 np0000032479 devstack@n-api.service[69070]: DEBUG dbcounter [-] [69070] Writer thread running {{(pid=69070) stat_writer /opt/stack/data/venv/lib/python3.12/site-packages/dbcounter.py:102}}
Aug 08 16:23:02.634063 np0000032479 devstack@n-api.service[69070]: DEBUG oslo_concurrency.processutils [None req-8554d717-0c7c-4e61-b98c-25f19ed59732 None None] Running cmd (subprocess): grep -F node.session.scan /sbin/iscsiadm {{(pid=69070) execute /opt/stack/data/venv/lib/python3.12/site-packages/oslo_concurrency/processutils.py:349}}
Aug 08 16:23:02.636550 np0000032479 devstack@n-api.service[69069]: DEBUG oslo_concurrency.processutils [None req-d53c569e-3138-403e-8f1f-0bd40cb3dd5e None None] Running cmd (subprocess): grep -F node.session.scan /sbin/iscsiadm {{(pid=69069) execute /opt/stack/data/venv/lib/python3.12/site-packages/oslo_concurrency/processutils.py:349}}
Aug 08 16:23:02.641831 np0000032479 devstack@n-api.service[69070]: DEBUG oslo_concurrency.processutils [None req-8554d717-0c7c-4e61-b98c-25f19ed59732 None None] CMD "grep -F node.session.scan /sbin/iscsiadm" returned: 0 in 0.008s {{(pid=69070) execute /opt/stack/data/venv/lib/python3.12/site-packages/oslo_concurrency/processutils.py:372}}
Aug 08 16:23:02.643797 np0000032479 devstack@n-api.service[69069]: DEBUG oslo_concurrency.processutils [None req-d53c569e-3138-403e-8f1f-0bd40cb3dd5e None None] CMD "grep -F node.session.scan /sbin/iscsiadm" returned: 0 in 0.007s {{(pid=69069) execute /opt/stack/data/venv/lib/python3.12/site-packages/oslo_concurrency/processutils.py:372}}
Aug 08 16:23:02.933528 np0000032479 devstack@n-api.service[69070]: WARNING keystonemiddleware.auth_token [None req-8554d717-0c7c-4e61-b98c-25f19ed59732 None None] AuthToken middleware is set with keystone_authtoken.service_token_roles_required set to False. This is backwards compatible but deprecated behaviour. Please set this to True.
Aug 08 16:23:02.933626 np0000032479 devstack@n-api.service[69069]: WARNING keystonemiddleware.auth_token [None req-d53c569e-3138-403e-8f1f-0bd40cb3dd5e None None] AuthToken middleware is set with keystone_authtoken.service_token_roles_required set to False. This is backwards compatible but deprecated behaviour. Please set this to True.
Aug 08 16:23:02.936937 np0000032479 devstack@n-api.service[69070]: WARNING keystonemiddleware.auth_token [None req-8554d717-0c7c-4e61-b98c-25f19ed59732 None None] Configuring www_authenticate_uri to point to the public identity endpoint is required; clients may not be able to authenticate against an admin endpoint
Aug 08 16:23:02.937029 np0000032479 devstack@n-api.service[69069]: WARNING keystonemiddleware.auth_token [None req-d53c569e-3138-403e-8f1f-0bd40cb3dd5e None None] Configuring www_authenticate_uri to point to the public identity endpoint is required; clients may not be able to authenticate against an admin endpoint
Aug 08 16:23:03.095232 np0000032479 devstack@n-api.service[69069]: WARNING keystonemiddleware.auth_token [None req-d53c569e-3138-403e-8f1f-0bd40cb3dd5e None None] AuthToken middleware is set with keystone_authtoken.service_token_roles_required set to False. This is backwards compatible but deprecated behaviour. Please set this to True.
Aug 08 16:23:03.095832 np0000032479 devstack@n-api.service[69070]: WARNING keystonemiddleware.auth_token [None req-8554d717-0c7c-4e61-b98c-25f19ed59732 None None] AuthToken middleware is set with keystone_authtoken.service_token_roles_required set to False. This is backwards compatible but deprecated behaviour. Please set this to True.
Aug 08 16:23:03.097777 np0000032479 devstack@n-api.service[69069]: WARNING keystonemiddleware.auth_token [None req-d53c569e-3138-403e-8f1f-0bd40cb3dd5e None None] Configuring www_authenticate_uri to point to the public identity endpoint is required; clients may not be able to authenticate against an admin endpoint
Aug 08 16:23:03.098350 np0000032479 devstack@n-api.service[69070]: WARNING keystonemiddleware.auth_token [None req-8554d717-0c7c-4e61-b98c-25f19ed59732 None None] Configuring www_authenticate_uri to point to the public identity endpoint is required; clients may not be able to authenticate against an admin endpoint
Aug 08 16:23:03.100020 np0000032479 devstack@n-api.service[69069]: WSGI app 0 (mountpoint='') ready in 3 seconds on interpreter 0x725e674a39e8 pid: 69069 (default app)
Aug 08 16:23:03.100587 np0000032479 devstack@n-api.service[69070]: WSGI app 0 (mountpoint='') ready in 3 seconds on interpreter 0x725e674a39e8 pid: 69070 (default app)
Aug 08 16:23:03.100920 np0000032479 devstack@n-api.service[69069]: DEBUG nova.api.openstack.wsgi [None req-d53c569e-3138-403e-8f1f-0bd40cb3dd5e None None] Calling method '<bound method VersionsV2.index of <nova.api.openstack.compute.versions.VersionsV2 object at 0x725e60b92f60>>' {{(pid=69069) _process_stack /opt/stack/nova/nova/api/openstack/wsgi.py:552}}
Aug 08 16:23:03.103508 np0000032479 devstack@n-api.service[69069]: INFO nova.api.openstack.requestlog [None req-d53c569e-3138-403e-8f1f-0bd40cb3dd5e None None] 192.168.1.116 "GET /compute/v2.1/" status: 200 len: 391 microversion: 2.1 time: 0.002779
Aug 08 16:23:03.103698 np0000032479 devstack@n-api.service[69069]: [pid: 69069|app: 0|req: 1/1] 192.168.1.116 () {50 vars in 771 bytes} [Fri Aug  8 16:23:03 2025] GET /compute/v2.1/ => generated 391 bytes in 3 msecs (HTTP/1.1 200) 9 headers in 357 bytes (1 switches on core 0)
Aug 08 16:23:38.470014 np0000032479 devstack@n-api.service[69070]: DEBUG nova.api.openstack.wsgi [None req-8554d717-0c7c-4e61-b98c-25f19ed59732 None None] Calling method '<bound method VersionsV2.index of <nova.api.openstack.compute.versions.VersionsV2 object at 0x725e60d6be90>>' {{(pid=69070) _process_stack /opt/stack/nova/nova/api/openstack/wsgi.py:552}}
Aug 08 16:23:38.472030 np0000032479 devstack@n-api.service[69070]: INFO nova.api.openstack.requestlog [None req-8554d717-0c7c-4e61-b98c-25f19ed59732 None None] 192.168.1.116 "GET /compute/v2.1" status: 200 len: 392 microversion: 2.1 time: 0.003955
Aug 08 16:23:38.472285 np0000032479 devstack@n-api.service[69070]: [pid: 69070|app: 0|req: 1/2] 192.168.1.116 () {62 vars in 1056 bytes} [Fri Aug  8 16:23:38 2025] GET /compute/v2.1 => generated 392 bytes in 5 msecs (HTTP/1.1 200) 9 headers in 357 bytes (1 switches on core 0)
Aug 08 16:23:38.483880 np0000032479 devstack@n-api.service[69069]: DEBUG dbcounter [-] [69069] Writing DB stats nova_api:SELECT=1 {{(pid=69069) stat_writer /opt/stack/data/venv/lib/python3.12/site-packages/dbcounter.py:115}}
Aug 08 16:23:38.484573 np0000032479 devstack@n-api.service[69069]: DEBUG dbcounter [-] [69069] Writing DB stats nova_cell0:SELECT=1 {{(pid=69069) stat_writer /opt/stack/data/venv/lib/python3.12/site-packages/dbcounter.py:115}}
Aug 08 16:23:38.484897 np0000032479 devstack@n-api.service[69069]: DEBUG dbcounter [-] [69069] Writing DB stats nova_cell1:SELECT=1 {{(pid=69069) stat_writer /opt/stack/data/venv/lib/python3.12/site-packages/dbcounter.py:115}}
Aug 08 16:23:38.485206 np0000032479 devstack@n-api.service[69069]: DEBUG dbcounter [-] [69069] Writing DB stats nova_cell0:SELECT=2,nova_cell0:INSERT=1 {{(pid=69069) stat_writer /opt/stack/data/venv/lib/python3.12/site-packages/dbcounter.py:115}}
Aug 08 16:23:38.592563 np0000032479 devstack@n-api.service[69069]: DEBUG nova.api.openstack.wsgi [None req-5f8cad4a-a622-4f05-9bd7-84aa8a3924dd admin admin] Calling method '<bound method FlavorsController.detail of <nova.api.openstack.compute.flavors.FlavorsController object at 0x725e60427920>>' {{(pid=69069) _process_stack /opt/stack/nova/nova/api/openstack/wsgi.py:552}}
Aug 08 16:23:38.609170 np0000032479 devstack@n-api.service[69069]: INFO nova.api.openstack.requestlog [None req-5f8cad4a-a622-4f05-9bd7-84aa8a3924dd admin admin] 192.168.1.116 "GET /compute/v2.1/flavors/detail?is_public=True" status: 200 len: 15 microversion: 2.61 time: 0.131194
Aug 08 16:23:38.609421 np0000032479 devstack@n-api.service[69069]: [pid: 69069|app: 0|req: 2/3] 192.168.1.116 () {68 vars in 1417 bytes} [Fri Aug  8 16:23:38 2025] GET /compute/v2.1/flavors/detail?is_public=True => generated 15 bytes in 132 msecs (HTTP/1.1 200) 9 headers in 358 bytes (1 switches on core 0)
Aug 08 16:23:38.699692 np0000032479 devstack@n-api.service[69070]: DEBUG dbcounter [-] [69070] Writing DB stats nova_api:SELECT=1 {{(pid=69070) stat_writer /opt/stack/data/venv/lib/python3.12/site-packages/dbcounter.py:115}}
Aug 08 16:23:38.700379 np0000032479 devstack@n-api.service[69070]: DEBUG dbcounter [-] [69070] Writing DB stats nova_cell1:SELECT=1 {{(pid=69070) stat_writer /opt/stack/data/venv/lib/python3.12/site-packages/dbcounter.py:115}}
Aug 08 16:23:38.701321 np0000032479 devstack@n-api.service[69070]: DEBUG dbcounter [-] [69070] Writing DB stats nova_cell0:SELECT=1 {{(pid=69070) stat_writer /opt/stack/data/venv/lib/python3.12/site-packages/dbcounter.py:115}}
Aug 08 16:23:38.701662 np0000032479 devstack@n-api.service[69070]: DEBUG dbcounter [-] [69070] Writing DB stats nova_cell0:SELECT=2,nova_cell0:INSERT=1 {{(pid=69070) stat_writer /opt/stack/data/venv/lib/python3.12/site-packages/dbcounter.py:115}}
Aug 08 16:23:38.760902 np0000032479 devstack@n-api.service[69070]: DEBUG nova.api.openstack.wsgi [None req-4bcaccef-17f3-4989-95bd-afb22b32089d admin admin] Action: 'create', calling method: <bound method FlavorsController.create of <nova.api.openstack.compute.flavors.FlavorsController object at 0x725e6041f650>>, body: {"flavor": {"vcpus": 1, "OS-FLV-EXT-DATA:ephemeral": 0, "swap": 0, "os-flavor-access:is_public": true, "name": "cirros256", "disk": 1, "rxtx_factor": 1.0, "ram": 256, "id": "c1"}} {{(pid=69070) _process_stack /opt/stack/nova/nova/api/openstack/wsgi.py:550}}
Aug 08 16:23:38.791984 np0000032479 devstack@n-api.service[69070]: INFO nova.api.openstack.requestlog [None req-4bcaccef-17f3-4989-95bd-afb22b32089d admin admin] 192.168.1.116 "POST /compute/v2.1/flavors" status: 200 len: 413 microversion: 2.61 time: 0.098751
Aug 08 16:23:38.792298 np0000032479 devstack@n-api.service[69070]: [pid: 69070|app: 0|req: 2/4] 192.168.1.116 () {72 vars in 1408 bytes} [Fri Aug  8 16:23:38 2025] POST /compute/v2.1/flavors => generated 413 bytes in 99 msecs (HTTP/1.1 200) 9 headers in 359 bytes (2 switches on core 0)
Aug 08 16:23:38.803778 np0000032479 devstack@n-api.service[69069]: DEBUG nova.api.openstack.wsgi [None req-2120dc68-7aa4-4be0-af21-a3c6a7c35351 admin admin] Action: 'create', calling method: <bound method FlavorExtraSpecsController.create of <nova.api.openstack.compute.flavors_extraspecs.FlavorExtraSpecsController object at 0x725e604480b0>>, body: {"extra_specs": {"hw_rng:allowed": "True"}} {{(pid=69069) _process_stack /opt/stack/nova/nova/api/openstack/wsgi.py:550}}
Aug 08 16:23:38.838095 np0000032479 devstack@n-api.service[69069]: INFO nova.api.openstack.requestlog [None req-2120dc68-7aa4-4be0-af21-a3c6a7c35351 admin admin] 192.168.1.116 "POST /compute/v2.1/flavors/c1/os-extra_specs" status: 200 len: 43 microversion: 2.61 time: 0.036774
Aug 08 16:23:38.838332 np0000032479 devstack@n-api.service[69069]: [pid: 69069|app: 0|req: 3/5] 192.168.1.116 () {72 vars in 1461 bytes} [Fri Aug  8 16:23:38 2025] POST /compute/v2.1/flavors/c1/os-extra_specs => generated 43 bytes in 37 msecs (HTTP/1.1 200) 9 headers in 358 bytes (1 switches on core 0)
Aug 08 16:23:38.927795 np0000032479 devstack@n-api.service[69070]: DEBUG nova.api.openstack.wsgi [None req-a7611a9e-1113-405f-81fe-a236afb7fa39 admin admin] Action: 'create', calling method: <bound method FlavorsController.create of <nova.api.openstack.compute.flavors.FlavorsController object at 0x725e6041f650>>, body: {"flavor": {"vcpus": 1, "OS-FLV-EXT-DATA:ephemeral": 0, "swap": 0, "os-flavor-access:is_public": true, "name": "ds512M", "disk": 5, "rxtx_factor": 1.0, "ram": 512, "id": "d1"}} {{(pid=69070) _process_stack /opt/stack/nova/nova/api/openstack/wsgi.py:550}}
Aug 08 16:23:38.939597 np0000032479 devstack@n-api.service[69070]: INFO nova.api.openstack.requestlog [None req-a7611a9e-1113-405f-81fe-a236afb7fa39 admin admin] 192.168.1.116 "POST /compute/v2.1/flavors" status: 200 len: 410 microversion: 2.61 time: 0.013996
Aug 08 16:23:38.939830 np0000032479 devstack@n-api.service[69070]: [pid: 69070|app: 0|req: 3/6] 192.168.1.116 () {72 vars in 1408 bytes} [Fri Aug  8 16:23:38 2025] POST /compute/v2.1/flavors => generated 410 bytes in 14 msecs (HTTP/1.1 200) 9 headers in 359 bytes (1 switches on core 0)
Aug 08 16:23:38.947920 np0000032479 devstack@n-api.service[69069]: DEBUG nova.api.openstack.wsgi [None req-4175d0a5-ad6e-4118-aed8-e0b1374f3051 admin admin] Action: 'create', calling method: <bound method FlavorExtraSpecsController.create of <nova.api.openstack.compute.flavors_extraspecs.FlavorExtraSpecsController object at 0x725e604480b0>>, body: {"extra_specs": {"hw_rng:allowed": "True"}} {{(pid=69069) _process_stack /opt/stack/nova/nova/api/openstack/wsgi.py:550}}
Aug 08 16:23:38.964782 np0000032479 devstack@n-api.service[69069]: INFO nova.api.openstack.requestlog [None req-4175d0a5-ad6e-4118-aed8-e0b1374f3051 admin admin] 192.168.1.116 "POST /compute/v2.1/flavors/d1/os-extra_specs" status: 200 len: 43 microversion: 2.61 time: 0.018411
Aug 08 16:23:38.965074 np0000032479 devstack@n-api.service[69069]: [pid: 69069|app: 0|req: 4/7] 192.168.1.116 () {72 vars in 1461 bytes} [Fri Aug  8 16:23:38 2025] POST /compute/v2.1/flavors/d1/os-extra_specs => generated 43 bytes in 19 msecs (HTTP/1.1 200) 9 headers in 358 bytes (1 switches on core 0)
Aug 08 16:23:39.047391 np0000032479 devstack@n-api.service[69070]: DEBUG nova.api.openstack.wsgi [None req-e09952fa-da48-411e-8938-52e0ce9d5218 admin admin] Action: 'create', calling method: <bound method FlavorsController.create of <nova.api.openstack.compute.flavors.FlavorsController object at 0x725e6041f650>>, body: {"flavor": {"vcpus": 1, "OS-FLV-EXT-DATA:ephemeral": 0, "swap": 0, "os-flavor-access:is_public": true, "name": "ds1G", "disk": 10, "rxtx_factor": 1.0, "ram": 1024, "id": "d2"}} {{(pid=69070) _process_stack /opt/stack/nova/nova/api/openstack/wsgi.py:550}}
Aug 08 16:23:39.057960 np0000032479 devstack@n-api.service[69070]: INFO nova.api.openstack.requestlog [None req-e09952fa-da48-411e-8938-52e0ce9d5218 admin admin] 192.168.1.116 "POST /compute/v2.1/flavors" status: 200 len: 410 microversion: 2.61 time: 0.012078
Aug 08 16:23:39.058210 np0000032479 devstack@n-api.service[69070]: [pid: 69070|app: 0|req: 4/8] 192.168.1.116 () {72 vars in 1408 bytes} [Fri Aug  8 16:23:39 2025] POST /compute/v2.1/flavors => generated 410 bytes in 12 msecs (HTTP/1.1 200) 9 headers in 359 bytes (1 switches on core 0)
Aug 08 16:23:39.066430 np0000032479 devstack@n-api.service[69069]: DEBUG nova.api.openstack.wsgi [None req-58d878e0-2325-4bc5-8480-1a03c759cfeb admin admin] Action: 'create', calling method: <bound method FlavorExtraSpecsController.create of <nova.api.openstack.compute.flavors_extraspecs.FlavorExtraSpecsController object at 0x725e604480b0>>, body: {"extra_specs": {"hw_rng:allowed": "True"}} {{(pid=69069) _process_stack /opt/stack/nova/nova/api/openstack/wsgi.py:550}}
Aug 08 16:23:39.080876 np0000032479 devstack@n-api.service[69069]: INFO nova.api.openstack.requestlog [None req-58d878e0-2325-4bc5-8480-1a03c759cfeb admin admin] 192.168.1.116 "POST /compute/v2.1/flavors/d2/os-extra_specs" status: 200 len: 43 microversion: 2.61 time: 0.016151
Aug 08 16:23:39.081180 np0000032479 devstack@n-api.service[69069]: [pid: 69069|app: 0|req: 5/9] 192.168.1.116 () {72 vars in 1461 bytes} [Fri Aug  8 16:23:39 2025] POST /compute/v2.1/flavors/d2/os-extra_specs => generated 43 bytes in 16 msecs (HTTP/1.1 200) 9 headers in 358 bytes (1 switches on core 0)
Aug 08 16:23:39.168049 np0000032479 devstack@n-api.service[69070]: DEBUG nova.api.openstack.wsgi [None req-bc2dba3e-5e35-4860-bed6-1a7cc787983f admin admin] Action: 'create', calling method: <bound method FlavorsController.create of <nova.api.openstack.compute.flavors.FlavorsController object at 0x725e6041f650>>, body: {"flavor": {"vcpus": 2, "OS-FLV-EXT-DATA:ephemeral": 0, "swap": 0, "os-flavor-access:is_public": true, "name": "ds2G", "disk": 10, "rxtx_factor": 1.0, "ram": 2048, "id": "d3"}} {{(pid=69070) _process_stack /opt/stack/nova/nova/api/openstack/wsgi.py:550}}
Aug 08 16:23:39.179452 np0000032479 devstack@n-api.service[69070]: INFO nova.api.openstack.requestlog [None req-bc2dba3e-5e35-4860-bed6-1a7cc787983f admin admin] 192.168.1.116 "POST /compute/v2.1/flavors" status: 200 len: 410 microversion: 2.61 time: 0.012855
Aug 08 16:23:39.179637 np0000032479 devstack@n-api.service[69070]: [pid: 69070|app: 0|req: 5/10] 192.168.1.116 () {72 vars in 1408 bytes} [Fri Aug  8 16:23:39 2025] POST /compute/v2.1/flavors => generated 410 bytes in 13 msecs (HTTP/1.1 200) 9 headers in 359 bytes (1 switches on core 0)
Aug 08 16:23:39.186898 np0000032479 devstack@n-api.service[69069]: DEBUG nova.api.openstack.wsgi [None req-cbb8cc17-5a78-4852-9fce-749158ff212f admin admin] Action: 'create', calling method: <bound method FlavorExtraSpecsController.create of <nova.api.openstack.compute.flavors_extraspecs.FlavorExtraSpecsController object at 0x725e604480b0>>, body: {"extra_specs": {"hw_rng:allowed": "True"}} {{(pid=69069) _process_stack /opt/stack/nova/nova/api/openstack/wsgi.py:550}}
Aug 08 16:23:39.199057 np0000032479 devstack@n-api.service[69069]: INFO nova.api.openstack.requestlog [None req-cbb8cc17-5a78-4852-9fce-749158ff212f admin admin] 192.168.1.116 "POST /compute/v2.1/flavors/d3/os-extra_specs" status: 200 len: 43 microversion: 2.61 time: 0.013677
Aug 08 16:23:39.199317 np0000032479 devstack@n-api.service[69069]: [pid: 69069|app: 0|req: 6/11] 192.168.1.116 () {72 vars in 1461 bytes} [Fri Aug  8 16:23:39 2025] POST /compute/v2.1/flavors/d3/os-extra_specs => generated 43 bytes in 14 msecs (HTTP/1.1 200) 9 headers in 358 bytes (1 switches on core 0)
Aug 08 16:23:39.281113 np0000032479 devstack@n-api.service[69070]: DEBUG nova.api.openstack.wsgi [None req-2cb07dc5-6fea-4b87-91dd-a60977d9933f admin admin] Action: 'create', calling method: <bound method FlavorsController.create of <nova.api.openstack.compute.flavors.FlavorsController object at 0x725e6041f650>>, body: {"flavor": {"vcpus": 4, "OS-FLV-EXT-DATA:ephemeral": 0, "swap": 0, "os-flavor-access:is_public": true, "name": "ds4G", "disk": 20, "rxtx_factor": 1.0, "ram": 4096, "id": "d4"}} {{(pid=69070) _process_stack /opt/stack/nova/nova/api/openstack/wsgi.py:550}}
Aug 08 16:23:39.291456 np0000032479 devstack@n-api.service[69070]: INFO nova.api.openstack.requestlog [None req-2cb07dc5-6fea-4b87-91dd-a60977d9933f admin admin] 192.168.1.116 "POST /compute/v2.1/flavors" status: 200 len: 410 microversion: 2.61 time: 0.011863
Aug 08 16:23:39.291694 np0000032479 devstack@n-api.service[69070]: [pid: 69070|app: 0|req: 6/12] 192.168.1.116 () {72 vars in 1408 bytes} [Fri Aug  8 16:23:39 2025] POST /compute/v2.1/flavors => generated 410 bytes in 12 msecs (HTTP/1.1 200) 9 headers in 359 bytes (1 switches on core 0)
Aug 08 16:23:39.302173 np0000032479 devstack@n-api.service[69069]: DEBUG nova.api.openstack.wsgi [None req-1105b3ba-c6ec-4059-8334-dae7502386f3 admin admin] Action: 'create', calling method: <bound method FlavorExtraSpecsController.create of <nova.api.openstack.compute.flavors_extraspecs.FlavorExtraSpecsController object at 0x725e604480b0>>, body: {"extra_specs": {"hw_rng:allowed": "True"}} {{(pid=69069) _process_stack /opt/stack/nova/nova/api/openstack/wsgi.py:550}}
Aug 08 16:23:39.321284 np0000032479 devstack@n-api.service[69069]: INFO nova.api.openstack.requestlog [None req-1105b3ba-c6ec-4059-8334-dae7502386f3 admin admin] 192.168.1.116 "POST /compute/v2.1/flavors/d4/os-extra_specs" status: 200 len: 43 microversion: 2.61 time: 0.021240
Aug 08 16:23:39.321508 np0000032479 devstack@n-api.service[69069]: [pid: 69069|app: 0|req: 7/13] 192.168.1.116 () {72 vars in 1461 bytes} [Fri Aug  8 16:23:39 2025] POST /compute/v2.1/flavors/d4/os-extra_specs => generated 43 bytes in 22 msecs (HTTP/1.1 200) 9 headers in 358 bytes (1 switches on core 0)
Aug 08 16:23:39.414741 np0000032479 devstack@n-api.service[69070]: DEBUG nova.api.openstack.wsgi [None req-8af4272e-8a1b-490e-b85e-a66487fb0d97 admin admin] Calling method '<bound method FlavorsController.detail of <nova.api.openstack.compute.flavors.FlavorsController object at 0x725e6041f7a0>>' {{(pid=69070) _process_stack /opt/stack/nova/nova/api/openstack/wsgi.py:552}}
Aug 08 16:23:39.429003 np0000032479 devstack@n-api.service[69070]: INFO nova.api.openstack.requestlog [None req-8af4272e-8a1b-490e-b85e-a66487fb0d97 admin admin] 192.168.1.116 "GET /compute/v2.1/flavors/detail?is_public=True" status: 200 len: 2136 microversion: 2.61 time: 0.015705
Aug 08 16:23:39.429206 np0000032479 devstack@n-api.service[69070]: [pid: 69070|app: 0|req: 7/14] 192.168.1.116 () {68 vars in 1417 bytes} [Fri Aug  8 16:23:39 2025] GET /compute/v2.1/flavors/detail?is_public=True => generated 2136 bytes in 16 msecs (HTTP/1.1 200) 9 headers in 360 bytes (1 switches on core 0)
Aug 08 16:23:39.513790 np0000032479 devstack@n-api.service[69069]: DEBUG nova.api.openstack.wsgi [None req-2218d539-1db1-4eec-8e2b-1dd9f111d2d4 admin admin] Action: 'create', calling method: <bound method FlavorsController.create of <nova.api.openstack.compute.flavors.FlavorsController object at 0x725e604277d0>>, body: {"flavor": {"vcpus": 1, "OS-FLV-EXT-DATA:ephemeral": 0, "swap": 0, "os-flavor-access:is_public": true, "name": "m1.tiny", "disk": 1, "rxtx_factor": 1.0, "ram": 512, "id": "1"}} {{(pid=69069) _process_stack /opt/stack/nova/nova/api/openstack/wsgi.py:550}}
Aug 08 16:23:39.534337 np0000032479 devstack@n-api.service[69069]: INFO nova.api.openstack.requestlog [None req-2218d539-1db1-4eec-8e2b-1dd9f111d2d4 admin admin] 192.168.1.116 "POST /compute/v2.1/flavors" status: 200 len: 408 microversion: 2.61 time: 0.022113
Aug 08 16:23:39.534594 np0000032479 devstack@n-api.service[69069]: [pid: 69069|app: 0|req: 8/15] 192.168.1.116 () {72 vars in 1408 bytes} [Fri Aug  8 16:23:39 2025] POST /compute/v2.1/flavors => generated 408 bytes in 22 msecs (HTTP/1.1 200) 9 headers in 359 bytes (1 switches on core 0)
Aug 08 16:23:39.544012 np0000032479 devstack@n-api.service[69070]: DEBUG nova.api.openstack.wsgi [None req-e91380ce-7285-4106-90eb-055ca84230ea admin admin] Action: 'create', calling method: <bound method FlavorExtraSpecsController.create of <nova.api.openstack.compute.flavors_extraspecs.FlavorExtraSpecsController object at 0x725e6041fef0>>, body: {"extra_specs": {"hw_rng:allowed": "True"}} {{(pid=69070) _process_stack /opt/stack/nova/nova/api/openstack/wsgi.py:550}}
Aug 08 16:23:39.561731 np0000032479 devstack@n-api.service[69070]: INFO nova.api.openstack.requestlog [None req-e91380ce-7285-4106-90eb-055ca84230ea admin admin] 192.168.1.116 "POST /compute/v2.1/flavors/1/os-extra_specs" status: 200 len: 43 microversion: 2.61 time: 0.019173
Aug 08 16:23:39.561976 np0000032479 devstack@n-api.service[69070]: [pid: 69070|app: 0|req: 8/16] 192.168.1.116 () {72 vars in 1458 bytes} [Fri Aug  8 16:23:39 2025] POST /compute/v2.1/flavors/1/os-extra_specs => generated 43 bytes in 19 msecs (HTTP/1.1 200) 9 headers in 358 bytes (1 switches on core 0)
Aug 08 16:23:39.649176 np0000032479 devstack@n-api.service[69069]: DEBUG nova.api.openstack.wsgi [None req-8269f1d2-6c9a-49ad-b8d0-97252fe3c970 admin admin] Action: 'create', calling method: <bound method FlavorsController.create of <nova.api.openstack.compute.flavors.FlavorsController object at 0x725e604277d0>>, body: {"flavor": {"vcpus": 1, "OS-FLV-EXT-DATA:ephemeral": 0, "swap": 0, "os-flavor-access:is_public": true, "name": "m1.small", "disk": 20, "rxtx_factor": 1.0, "ram": 2048, "id": "2"}} {{(pid=69069) _process_stack /opt/stack/nova/nova/api/openstack/wsgi.py:550}}
Aug 08 16:23:39.666923 np0000032479 devstack@n-api.service[69069]: INFO nova.api.openstack.requestlog [None req-8269f1d2-6c9a-49ad-b8d0-97252fe3c970 admin admin] 192.168.1.116 "POST /compute/v2.1/flavors" status: 200 len: 411 microversion: 2.61 time: 0.019253
Aug 08 16:23:39.667173 np0000032479 devstack@n-api.service[69069]: [pid: 69069|app: 0|req: 9/17] 192.168.1.116 () {72 vars in 1408 bytes} [Fri Aug  8 16:23:39 2025] POST /compute/v2.1/flavors => generated 411 bytes in 20 msecs (HTTP/1.1 200) 9 headers in 359 bytes (1 switches on core 0)
Aug 08 16:23:39.674742 np0000032479 devstack@n-api.service[69070]: DEBUG nova.api.openstack.wsgi [None req-4a20a472-0b3c-4e29-b5ca-eeabe7e23ae5 admin admin] Action: 'create', calling method: <bound method FlavorExtraSpecsController.create of <nova.api.openstack.compute.flavors_extraspecs.FlavorExtraSpecsController object at 0x725e6041fef0>>, body: {"extra_specs": {"hw_rng:allowed": "True"}} {{(pid=69070) _process_stack /opt/stack/nova/nova/api/openstack/wsgi.py:550}}
Aug 08 16:23:39.686316 np0000032479 devstack@n-api.service[69070]: INFO nova.api.openstack.requestlog [None req-4a20a472-0b3c-4e29-b5ca-eeabe7e23ae5 admin admin] 192.168.1.116 "POST /compute/v2.1/flavors/2/os-extra_specs" status: 200 len: 43 microversion: 2.61 time: 0.013006
Aug 08 16:23:39.686555 np0000032479 devstack@n-api.service[69070]: [pid: 69070|app: 0|req: 9/18] 192.168.1.116 () {72 vars in 1458 bytes} [Fri Aug  8 16:23:39 2025] POST /compute/v2.1/flavors/2/os-extra_specs => generated 43 bytes in 13 msecs (HTTP/1.1 200) 9 headers in 358 bytes (1 switches on core 0)
Aug 08 16:23:39.763683 np0000032479 devstack@n-api.service[69069]: DEBUG nova.api.openstack.wsgi [None req-2c34c7b6-96eb-4b59-a733-d841ac787b31 admin admin] Action: 'create', calling method: <bound method FlavorsController.create of <nova.api.openstack.compute.flavors.FlavorsController object at 0x725e604277d0>>, body: {"flavor": {"vcpus": 2, "OS-FLV-EXT-DATA:ephemeral": 0, "swap": 0, "os-flavor-access:is_public": true, "name": "m1.medium", "disk": 40, "rxtx_factor": 1.0, "ram": 4096, "id": "3"}} {{(pid=69069) _process_stack /opt/stack/nova/nova/api/openstack/wsgi.py:550}}
Aug 08 16:23:39.774015 np0000032479 devstack@n-api.service[69069]: INFO nova.api.openstack.requestlog [None req-2c34c7b6-96eb-4b59-a733-d841ac787b31 admin admin] 192.168.1.116 "POST /compute/v2.1/flavors" status: 200 len: 412 microversion: 2.61 time: 0.011765
Aug 08 16:23:39.774262 np0000032479 devstack@n-api.service[69069]: [pid: 69069|app: 0|req: 10/19] 192.168.1.116 () {72 vars in 1408 bytes} [Fri Aug  8 16:23:39 2025] POST /compute/v2.1/flavors => generated 412 bytes in 12 msecs (HTTP/1.1 200) 9 headers in 359 bytes (1 switches on core 0)
Aug 08 16:23:39.781748 np0000032479 devstack@n-api.service[69070]: DEBUG nova.api.openstack.wsgi [None req-36c80d9b-ce0c-4973-b8a6-760bf9e5e9f2 admin admin] Action: 'create', calling method: <bound method FlavorExtraSpecsController.create of <nova.api.openstack.compute.flavors_extraspecs.FlavorExtraSpecsController object at 0x725e6041fef0>>, body: {"extra_specs": {"hw_rng:allowed": "True"}} {{(pid=69070) _process_stack /opt/stack/nova/nova/api/openstack/wsgi.py:550}}
Aug 08 16:23:39.794284 np0000032479 devstack@n-api.service[69070]: INFO nova.api.openstack.requestlog [None req-36c80d9b-ce0c-4973-b8a6-760bf9e5e9f2 admin admin] 192.168.1.116 "POST /compute/v2.1/flavors/3/os-extra_specs" status: 200 len: 43 microversion: 2.61 time: 0.013965
Aug 08 16:23:39.794536 np0000032479 devstack@n-api.service[69070]: [pid: 69070|app: 0|req: 10/20] 192.168.1.116 () {72 vars in 1458 bytes} [Fri Aug  8 16:23:39 2025] POST /compute/v2.1/flavors/3/os-extra_specs => generated 43 bytes in 14 msecs (HTTP/1.1 200) 9 headers in 358 bytes (1 switches on core 0)
Aug 08 16:23:39.871399 np0000032479 devstack@n-api.service[69069]: DEBUG nova.api.openstack.wsgi [None req-e11a2d40-ee11-4e3b-b9ff-dac38a25b2ee admin admin] Action: 'create', calling method: <bound method FlavorsController.create of <nova.api.openstack.compute.flavors.FlavorsController object at 0x725e604277d0>>, body: {"flavor": {"vcpus": 4, "OS-FLV-EXT-DATA:ephemeral": 0, "swap": 0, "os-flavor-access:is_public": true, "name": "m1.large", "disk": 80, "rxtx_factor": 1.0, "ram": 8192, "id": "4"}} {{(pid=69069) _process_stack /opt/stack/nova/nova/api/openstack/wsgi.py:550}}
Aug 08 16:23:39.881370 np0000032479 devstack@n-api.service[69069]: INFO nova.api.openstack.requestlog [None req-e11a2d40-ee11-4e3b-b9ff-dac38a25b2ee admin admin] 192.168.1.116 "POST /compute/v2.1/flavors" status: 200 len: 411 microversion: 2.61 time: 0.011502
Aug 08 16:23:39.881617 np0000032479 devstack@n-api.service[69069]: [pid: 69069|app: 0|req: 11/21] 192.168.1.116 () {72 vars in 1408 bytes} [Fri Aug  8 16:23:39 2025] POST /compute/v2.1/flavors => generated 411 bytes in 12 msecs (HTTP/1.1 200) 9 headers in 359 bytes (1 switches on core 0)
Aug 08 16:23:39.889722 np0000032479 devstack@n-api.service[69070]: DEBUG nova.api.openstack.wsgi [None req-1a067ae5-6798-484e-84d3-bf0cf3ced925 admin admin] Action: 'create', calling method: <bound method FlavorExtraSpecsController.create of <nova.api.openstack.compute.flavors_extraspecs.FlavorExtraSpecsController object at 0x725e6041fef0>>, body: {"extra_specs": {"hw_rng:allowed": "True"}} {{(pid=69070) _process_stack /opt/stack/nova/nova/api/openstack/wsgi.py:550}}
Aug 08 16:23:39.903274 np0000032479 devstack@n-api.service[69070]: INFO nova.api.openstack.requestlog [None req-1a067ae5-6798-484e-84d3-bf0cf3ced925 admin admin] 192.168.1.116 "POST /compute/v2.1/flavors/4/os-extra_specs" status: 200 len: 43 microversion: 2.61 time: 0.014991
Aug 08 16:23:39.903531 np0000032479 devstack@n-api.service[69070]: [pid: 69070|app: 0|req: 11/22] 192.168.1.116 () {72 vars in 1458 bytes} [Fri Aug  8 16:23:39 2025] POST /compute/v2.1/flavors/4/os-extra_specs => generated 43 bytes in 15 msecs (HTTP/1.1 200) 9 headers in 358 bytes (1 switches on core 0)
Aug 08 16:23:39.991518 np0000032479 devstack@n-api.service[69069]: DEBUG nova.api.openstack.wsgi [None req-67d5807f-b57e-4135-acda-17a417c83201 admin admin] Action: 'create', calling method: <bound method FlavorsController.create of <nova.api.openstack.compute.flavors.FlavorsController object at 0x725e604277d0>>, body: {"flavor": {"vcpus": 8, "OS-FLV-EXT-DATA:ephemeral": 0, "swap": 0, "os-flavor-access:is_public": true, "name": "m1.xlarge", "disk": 160, "rxtx_factor": 1.0, "ram": 16384, "id": "5"}} {{(pid=69069) _process_stack /opt/stack/nova/nova/api/openstack/wsgi.py:550}}
Aug 08 16:23:40.002845 np0000032479 devstack@n-api.service[69069]: INFO nova.api.openstack.requestlog [None req-67d5807f-b57e-4135-acda-17a417c83201 admin admin] 192.168.1.116 "POST /compute/v2.1/flavors" status: 200 len: 414 microversion: 2.61 time: 0.012796
Aug 08 16:23:40.003180 np0000032479 devstack@n-api.service[69069]: [pid: 69069|app: 0|req: 12/23] 192.168.1.116 () {72 vars in 1408 bytes} [Fri Aug  8 16:23:39 2025] POST /compute/v2.1/flavors => generated 414 bytes in 13 msecs (HTTP/1.1 200) 9 headers in 359 bytes (1 switches on core 0)
Aug 08 16:23:40.012059 np0000032479 devstack@n-api.service[69070]: DEBUG nova.api.openstack.wsgi [None req-81f169e5-64e8-49a7-82f5-ab6bcb31f2c3 admin admin] Action: 'create', calling method: <bound method FlavorExtraSpecsController.create of <nova.api.openstack.compute.flavors_extraspecs.FlavorExtraSpecsController object at 0x725e6041fef0>>, body: {"extra_specs": {"hw_rng:allowed": "True"}} {{(pid=69070) _process_stack /opt/stack/nova/nova/api/openstack/wsgi.py:550}}
Aug 08 16:23:40.024475 np0000032479 devstack@n-api.service[69070]: INFO nova.api.openstack.requestlog [None req-81f169e5-64e8-49a7-82f5-ab6bcb31f2c3 admin admin] 192.168.1.116 "POST /compute/v2.1/flavors/5/os-extra_specs" status: 200 len: 43 microversion: 2.61 time: 0.013842
Aug 08 16:23:40.024707 np0000032479 devstack@n-api.service[69070]: [pid: 69070|app: 0|req: 12/24] 192.168.1.116 () {72 vars in 1458 bytes} [Fri Aug  8 16:23:40 2025] POST /compute/v2.1/flavors/5/os-extra_specs => generated 43 bytes in 14 msecs (HTTP/1.1 200) 9 headers in 358 bytes (1 switches on core 0)
Aug 08 16:24:11.975696 np0000032479 devstack@n-api.service[69069]: DEBUG dbcounter [-] [69069] Writing DB stats nova_api:SELECT=21,nova_api:SAVEPOINT=5,nova_api:INSERT=10,nova_api:RELEASE=5 {{(pid=69069) stat_writer /opt/stack/data/venv/lib/python3.12/site-packages/dbcounter.py:115}}
Aug 08 16:24:11.977392 np0000032479 devstack@n-api.service[69069]: DEBUG nova.api.openstack.wsgi [None req-79fb5298-487f-43f3-a186-a638ff0186b5 admin admin] Calling method '<bound method FlavorsController.detail of <nova.api.openstack.compute.flavors.FlavorsController object at 0x725e60427920>>' {{(pid=69069) _process_stack /opt/stack/nova/nova/api/openstack/wsgi.py:552}}
Aug 08 16:24:11.988319 np0000032479 devstack@n-api.service[69069]: INFO nova.api.openstack.requestlog [None req-79fb5298-487f-43f3-a186-a638ff0186b5 admin admin] 192.168.1.116 "GET /compute/v2.1/flavors/detail?is_public=True" status: 200 len: 4262 microversion: 2.61 time: 0.013158
Aug 08 16:24:11.988541 np0000032479 devstack@n-api.service[69069]: [pid: 69069|app: 0|req: 13/25] 192.168.1.116 () {68 vars in 1417 bytes} [Fri Aug  8 16:24:11 2025] GET /compute/v2.1/flavors/detail?is_public=True => generated 4262 bytes in 13 msecs (HTTP/1.1 200) 9 headers in 360 bytes (1 switches on core 0)
Aug 08 16:24:12.091011 np0000032479 devstack@n-api.service[69070]: DEBUG nova.api.openstack.wsgi [None req-d24aa306-3143-44e8-ae7c-23c8fc43becc admin admin] Action: 'create', calling method: <bound method FlavorsController.create of <nova.api.openstack.compute.flavors.FlavorsController object at 0x725e6041f650>>, body: {"flavor": {"vcpus": 1, "OS-FLV-EXT-DATA:ephemeral": 0, "swap": 0, "os-flavor-access:is_public": true, "name": "manila-service-flavor", "disk": 5, "rxtx_factor": 1.0, "ram": 1024, "id": "100"}} {{(pid=69070) _process_stack /opt/stack/nova/nova/api/openstack/wsgi.py:550}}
Aug 08 16:24:12.093752 np0000032479 devstack@n-api.service[69070]: DEBUG dbcounter [-] [69070] Writing DB stats nova_api:INSERT=10,nova_api:SELECT=21,nova_api:SAVEPOINT=5,nova_api:RELEASE=5 {{(pid=69070) stat_writer /opt/stack/data/venv/lib/python3.12/site-packages/dbcounter.py:115}}
Aug 08 16:24:12.101981 np0000032479 devstack@n-api.service[69070]: INFO nova.api.openstack.requestlog [None req-d24aa306-3143-44e8-ae7c-23c8fc43becc admin admin] 192.168.1.116 "POST /compute/v2.1/flavors" status: 200 len: 429 microversion: 2.61 time: 0.012871
Aug 08 16:24:12.102223 np0000032479 devstack@n-api.service[69070]: [pid: 69070|app: 0|req: 13/26] 192.168.1.116 () {72 vars in 1408 bytes} [Fri Aug  8 16:24:12 2025] POST /compute/v2.1/flavors => generated 429 bytes in 13 msecs (HTTP/1.1 200) 9 headers in 359 bytes (1 switches on core 0)
Aug 08 16:24:42.276457 np0000032479 devstack@n-api.service[69069]: DEBUG nova.api.openstack.wsgi [None req-85ce3e7f-7e81-4bd1-8e80-9d4b7814f1ec admin admin] Calling method '<bound method KeypairController.index of <nova.api.openstack.compute.keypairs.KeypairController object at 0x725e604daba0>>' {{(pid=69069) _process_stack /opt/stack/nova/nova/api/openstack/wsgi.py:552}}
Aug 08 16:24:42.278390 np0000032479 devstack@n-api.service[69069]: WARNING oslo_db.sqlalchemy.utils [None req-85ce3e7f-7e81-4bd1-8e80-9d4b7814f1ec admin admin] Unique keys not in sort_keys. The sorting order may be unstable.
Aug 08 16:24:42.285201 np0000032479 devstack@n-api.service[69069]: INFO nova.api.openstack.requestlog [None req-85ce3e7f-7e81-4bd1-8e80-9d4b7814f1ec admin admin] 192.168.1.116 "GET /compute/v2.1/os-keypairs" status: 200 len: 16 microversion: 2.10 time: 0.010623
Aug 08 16:24:42.285426 np0000032479 devstack@n-api.service[69069]: [pid: 69069|app: 0|req: 14/27] 192.168.1.116 () {68 vars in 1379 bytes} [Fri Aug  8 16:24:42 2025] GET /compute/v2.1/os-keypairs => generated 16 bytes in 11 msecs (HTTP/1.1 200) 9 headers in 358 bytes (1 switches on core 0)
Aug 08 16:24:42.379017 np0000032479 devstack@n-api.service[69070]: DEBUG nova.api.openstack.wsgi [None req-3fac5174-4f19-41a7-ac38-4539c8b6337c admin admin] Action: 'create', calling method: <bound method KeypairController.create of <nova.api.openstack.compute.keypairs.KeypairController object at 0x725e604dac30>>, body: {"keypair": {"name": "manila-service", "public_key": "ecdsa-sha2-nistp256 AAAAE2VjZHNhLXNoYTItbmlzdHAyNTYAAAAIbmlzdHAyNTYAAABBBDLHE2Z105qFEennkZ3ERIh7Dk8QFmbn1D2uBnueHeI5WHwmvFXm0K4dAwBn56rXThwRrCLtZ8wrBCt2Ui1CvNY= stack@np0000032479\n"}} {{(pid=69070) _process_stack /opt/stack/nova/nova/api/openstack/wsgi.py:550}}
Aug 08 16:24:42.392312 np0000032479 devstack@n-api.service[69070]: DEBUG nova.quota [None req-3fac5174-4f19-41a7-ac38-4539c8b6337c admin admin] Getting quotas for project 990e178d71c344328fe2903d63ccb6f8. Resources: {'key_pairs'} {{(pid=69070) _get_quotas /opt/stack/nova/nova/quota.py:392}}
Aug 08 16:24:42.394851 np0000032479 devstack@n-api.service[69070]: DEBUG nova.quota [None req-3fac5174-4f19-41a7-ac38-4539c8b6337c admin admin] Getting quotas for user 2a6e2251c5ba4cd5a1a9e290126cfb4c and project 990e178d71c344328fe2903d63ccb6f8. Resources: {'key_pairs'} {{(pid=69070) _get_quotas /opt/stack/nova/nova/quota.py:382}}
Aug 08 16:24:42.417309 np0000032479 devstack@n-api.service[69070]: INFO nova.api.openstack.requestlog [None req-3fac5174-4f19-41a7-ac38-4539c8b6337c admin admin] 192.168.1.116 "POST /compute/v2.1/os-keypairs" status: 201 len: 366 microversion: 2.10 time: 0.039993
Aug 08 16:24:42.417573 np0000032479 devstack@n-api.service[69070]: [pid: 69070|app: 0|req: 14/28] 192.168.1.116 () {72 vars in 1420 bytes} [Fri Aug  8 16:24:42 2025] POST /compute/v2.1/os-keypairs => generated 366 bytes in 40 msecs (HTTP/1.1 201) 9 headers in 364 bytes (1 switches on core 0)
Aug 08 16:24:48.592908 np0000032479 devstack@n-api.service[69069]: DEBUG nova.api.openstack.wsgi [None req-1b171460-2705-4301-a0f2-f094c4864a7f admin admin] Calling method '<bound method ServiceController.index of <nova.api.openstack.compute.services.ServiceController object at 0x725e60a467e0>>' {{(pid=69069) _process_stack /opt/stack/nova/nova/api/openstack/wsgi.py:552}}
Aug 08 16:24:48.594631 np0000032479 devstack@n-api.service[69069]: DEBUG oslo_concurrency.lockutils [None req-1b171460-2705-4301-a0f2-f094c4864a7f admin admin] Acquiring lock "00000000-0000-0000-0000-000000000000" by "nova.context.set_target_cell.<locals>.get_or_set_cached_cell_and_set_connections" {{(pid=69069) inner /opt/stack/data/venv/lib/python3.12/site-packages/oslo_concurrency/lockutils.py:405}}
Aug 08 16:24:48.594797 np0000032479 devstack@n-api.service[69069]: DEBUG oslo_concurrency.lockutils [None req-1b171460-2705-4301-a0f2-f094c4864a7f admin admin] Lock "00000000-0000-0000-0000-000000000000" acquired by "nova.context.set_target_cell.<locals>.get_or_set_cached_cell_and_set_connections" :: waited 0.000s {{(pid=69069) inner /opt/stack/data/venv/lib/python3.12/site-packages/oslo_concurrency/lockutils.py:410}}
Aug 08 16:24:48.594916 np0000032479 devstack@n-api.service[69069]: DEBUG oslo_concurrency.lockutils [None req-1b171460-2705-4301-a0f2-f094c4864a7f admin admin] Lock "00000000-0000-0000-0000-000000000000" "released" by "nova.context.set_target_cell.<locals>.get_or_set_cached_cell_and_set_connections" :: held 0.000s {{(pid=69069) inner /opt/stack/data/venv/lib/python3.12/site-packages/oslo_concurrency/lockutils.py:424}}
Aug 08 16:24:48.595307 np0000032479 devstack@n-api.service[69069]: DEBUG oslo_concurrency.lockutils [None req-1b171460-2705-4301-a0f2-f094c4864a7f admin admin] Acquiring lock "81be15a5-2482-45bb-81db-23e1f10bc5a7" by "nova.context.set_target_cell.<locals>.get_or_set_cached_cell_and_set_connections" {{(pid=69069) inner /opt/stack/data/venv/lib/python3.12/site-packages/oslo_concurrency/lockutils.py:405}}
Aug 08 16:24:48.595433 np0000032479 devstack@n-api.service[69069]: DEBUG oslo_concurrency.lockutils [None req-1b171460-2705-4301-a0f2-f094c4864a7f admin admin] Lock "81be15a5-2482-45bb-81db-23e1f10bc5a7" acquired by "nova.context.set_target_cell.<locals>.get_or_set_cached_cell_and_set_connections" :: waited 0.000s {{(pid=69069) inner /opt/stack/data/venv/lib/python3.12/site-packages/oslo_concurrency/lockutils.py:410}}
