Aug 25 16:05:43.392636 np0000032576 devstack@n-api.service[69994]: DEBUG dbcounter [-] [69994] Writer thread running {{(pid=69994) stat_writer /opt/stack/data/venv/lib/python3.10/site-packages/dbcounter.py:102}}
Aug 25 16:05:43.393551 np0000032576 devstack@n-api.service[69995]: DEBUG dbcounter [-] [69995] Writer thread running {{(pid=69995) stat_writer /opt/stack/data/venv/lib/python3.10/site-packages/dbcounter.py:102}}
Aug 25 16:05:43.394744 np0000032576 devstack@n-api.service[69994]: INFO dbcounter [None req-b6a86f68-3ad3-4798-b6fb-c90813fa34cb None None] Registered counter for database nova_cell0
Aug 25 16:05:43.397682 np0000032576 devstack@n-api.service[69995]: DEBUG dbcounter [-] [69995] Writer thread running {{(pid=69995) stat_writer /opt/stack/data/venv/lib/python3.10/site-packages/dbcounter.py:102}}
Aug 25 16:05:43.399213 np0000032576 devstack@n-api.service[69994]: DEBUG oslo_db.sqlalchemy.engines [None req-b6a86f68-3ad3-4798-b6fb-c90813fa34cb None None] MySQL server mode set to STRICT_TRANS_TABLES,STRICT_ALL_TABLES,NO_ZERO_IN_DATE,NO_ZERO_DATE,ERROR_FOR_DIVISION_BY_ZERO,TRADITIONAL,NO_ENGINE_SUBSTITUTION {{(pid=69994) _check_effective_sql_mode /opt/stack/data/venv/lib/python3.10/site-packages/oslo_db/sqlalchemy/engines.py:342}}
Aug 25 16:05:43.399705 np0000032576 devstack@n-api.service[69995]: INFO dbcounter [None req-3eac88ab-3a98-4cdc-973e-9178b7a80fe7 None None] Registered counter for database nova_cell0
Aug 25 16:05:43.403592 np0000032576 devstack@n-api.service[69995]: DEBUG oslo_db.sqlalchemy.engines [None req-3eac88ab-3a98-4cdc-973e-9178b7a80fe7 None None] MySQL server mode set to STRICT_TRANS_TABLES,STRICT_ALL_TABLES,NO_ZERO_IN_DATE,NO_ZERO_DATE,ERROR_FOR_DIVISION_BY_ZERO,TRADITIONAL,NO_ENGINE_SUBSTITUTION {{(pid=69995) _check_effective_sql_mode /opt/stack/data/venv/lib/python3.10/site-packages/oslo_db/sqlalchemy/engines.py:342}}
Aug 25 16:05:43.403960 np0000032576 devstack@n-api.service[69994]: DEBUG dbcounter [-] [69994] Writer thread running {{(pid=69994) stat_writer /opt/stack/data/venv/lib/python3.10/site-packages/dbcounter.py:102}}
Aug 25 16:05:43.407664 np0000032576 devstack@n-api.service[69995]: DEBUG dbcounter [-] [69995] Writer thread running {{(pid=69995) stat_writer /opt/stack/data/venv/lib/python3.10/site-packages/dbcounter.py:102}}
Aug 25 16:05:43.709700 np0000032576 devstack@n-api.service[69995]: DEBUG oslo_concurrency.processutils [None req-3eac88ab-3a98-4cdc-973e-9178b7a80fe7 None None] Running cmd (subprocess): grep -F node.session.scan /sbin/iscsiadm {{(pid=69995) execute /opt/stack/data/venv/lib/python3.10/site-packages/oslo_concurrency/processutils.py:390}}
Aug 25 16:05:43.710063 np0000032576 devstack@n-api.service[69994]: DEBUG oslo_concurrency.processutils [None req-b6a86f68-3ad3-4798-b6fb-c90813fa34cb None None] Running cmd (subprocess): grep -F node.session.scan /sbin/iscsiadm {{(pid=69994) execute /opt/stack/data/venv/lib/python3.10/site-packages/oslo_concurrency/processutils.py:390}}
Aug 25 16:05:43.716405 np0000032576 devstack@n-api.service[69995]: DEBUG oslo_concurrency.processutils [None req-3eac88ab-3a98-4cdc-973e-9178b7a80fe7 None None] CMD "grep -F node.session.scan /sbin/iscsiadm" returned: 0 in 0.007s {{(pid=69995) execute /opt/stack/data/venv/lib/python3.10/site-packages/oslo_concurrency/processutils.py:428}}
Aug 25 16:05:43.716545 np0000032576 devstack@n-api.service[69994]: DEBUG oslo_concurrency.processutils [None req-b6a86f68-3ad3-4798-b6fb-c90813fa34cb None None] CMD "grep -F node.session.scan /sbin/iscsiadm" returned: 0 in 0.006s {{(pid=69994) execute /opt/stack/data/venv/lib/python3.10/site-packages/oslo_concurrency/processutils.py:428}}
Aug 25 16:05:44.040746 np0000032576 devstack@n-api.service[69994]: WARNING keystonemiddleware.auth_token [None req-b6a86f68-3ad3-4798-b6fb-c90813fa34cb None None] AuthToken middleware is set with keystone_authtoken.service_token_roles_required set to False. This is backwards compatible but deprecated behaviour. Please set this to True.
Aug 25 16:05:44.041877 np0000032576 devstack@n-api.service[69995]: WARNING keystonemiddleware.auth_token [None req-3eac88ab-3a98-4cdc-973e-9178b7a80fe7 None None] AuthToken middleware is set with keystone_authtoken.service_token_roles_required set to False. This is backwards compatible but deprecated behaviour. Please set this to True.
Aug 25 16:05:44.044268 np0000032576 devstack@n-api.service[69994]: WARNING keystonemiddleware.auth_token [None req-b6a86f68-3ad3-4798-b6fb-c90813fa34cb None None] Configuring www_authenticate_uri to point to the public identity endpoint is required; clients may not be able to authenticate against an admin endpoint
Aug 25 16:05:44.045209 np0000032576 devstack@n-api.service[69995]: WARNING keystonemiddleware.auth_token [None req-3eac88ab-3a98-4cdc-973e-9178b7a80fe7 None None] Configuring www_authenticate_uri to point to the public identity endpoint is required; clients may not be able to authenticate against an admin endpoint
Aug 25 16:05:44.115516 np0000032576 devstack@n-api.service[69994]: WARNING keystonemiddleware.auth_token [None req-b6a86f68-3ad3-4798-b6fb-c90813fa34cb None None] AuthToken middleware is set with keystone_authtoken.service_token_roles_required set to False. This is backwards compatible but deprecated behaviour. Please set this to True.
Aug 25 16:05:44.116929 np0000032576 devstack@n-api.service[69995]: WARNING keystonemiddleware.auth_token [None req-3eac88ab-3a98-4cdc-973e-9178b7a80fe7 None None] AuthToken middleware is set with keystone_authtoken.service_token_roles_required set to False. This is backwards compatible but deprecated behaviour. Please set this to True.
Aug 25 16:05:44.117705 np0000032576 devstack@n-api.service[69994]: WARNING keystonemiddleware.auth_token [None req-b6a86f68-3ad3-4798-b6fb-c90813fa34cb None None] Configuring www_authenticate_uri to point to the public identity endpoint is required; clients may not be able to authenticate against an admin endpoint
Aug 25 16:05:44.119106 np0000032576 devstack@n-api.service[69995]: WARNING keystonemiddleware.auth_token [None req-3eac88ab-3a98-4cdc-973e-9178b7a80fe7 None None] Configuring www_authenticate_uri to point to the public identity endpoint is required; clients may not be able to authenticate against an admin endpoint
Aug 25 16:05:44.119608 np0000032576 devstack@n-api.service[69994]: WSGI app 0 (mountpoint='') ready in 3 seconds on interpreter 0x55fd95c22d70 pid: 69994 (default app)
Aug 25 16:05:44.120551 np0000032576 devstack@n-api.service[69994]: DEBUG nova.api.openstack.wsgi [None req-b6a86f68-3ad3-4798-b6fb-c90813fa34cb None None] Calling method '<bound method VersionsV2.index of <nova.api.openstack.compute.versions.VersionsV2 object at 0x7f5e60bf0520>>' {{(pid=69994) _process_stack /opt/stack/nova/nova/api/openstack/wsgi.py:520}}
Aug 25 16:05:44.120996 np0000032576 devstack@n-api.service[69995]: WSGI app 0 (mountpoint='') ready in 3 seconds on interpreter 0x55fd95c22d70 pid: 69995 (default app)
Aug 25 16:05:44.122238 np0000032576 devstack@n-api.service[69994]: INFO nova.api.openstack.requestlog [None req-b6a86f68-3ad3-4798-b6fb-c90813fa34cb None None] 192.168.1.120 "GET /compute/v2.1/" status: 200 len: 390 microversion: 2.1 time: 0.001916
Aug 25 16:05:44.122424 np0000032576 devstack@n-api.service[69994]: [pid: 69994|app: 0|req: 1/1] 192.168.1.120 () {50 vars in 783 bytes} [Mon Aug 25 16:05:44 2025] GET /compute/v2.1/ => generated 390 bytes in 2 msecs (HTTP/1.1 200) 9 headers in 357 bytes (1 switches on core 0)
Aug 25 16:06:22.847680 np0000032576 devstack@n-api.service[69995]: DEBUG nova.api.openstack.wsgi [None req-3eac88ab-3a98-4cdc-973e-9178b7a80fe7 None None] Calling method '<bound method VersionsV2.index of <nova.api.openstack.compute.versions.VersionsV2 object at 0x7f5e60aabaf0>>' {{(pid=69995) _process_stack /opt/stack/nova/nova/api/openstack/wsgi.py:520}}
Aug 25 16:06:22.847680 np0000032576 devstack@n-api.service[69995]: INFO nova.api.openstack.requestlog [None req-3eac88ab-3a98-4cdc-973e-9178b7a80fe7 None None] 192.168.1.120 "GET /compute/v2.1" status: 200 len: 391 microversion: 2.1 time: 0.002371
Aug 25 16:06:22.847680 np0000032576 devstack@n-api.service[69995]: [pid: 69995|app: 0|req: 1/2] 192.168.1.120 () {62 vars in 1067 bytes} [Mon Aug 25 16:06:22 2025] GET /compute/v2.1 => generated 391 bytes in 3 msecs (HTTP/1.1 200) 9 headers in 357 bytes (1 switches on core 0)
Aug 25 16:06:22.856771 np0000032576 devstack@n-api.service[69994]: DEBUG dbcounter [-] [69994] Writing DB stats nova_api:SELECT=1 {{(pid=69994) stat_writer /opt/stack/data/venv/lib/python3.10/site-packages/dbcounter.py:115}}
Aug 25 16:06:22.857034 np0000032576 devstack@n-api.service[69994]: DEBUG dbcounter [-] [69994] Writing DB stats nova_cell0:SELECT=1 {{(pid=69994) stat_writer /opt/stack/data/venv/lib/python3.10/site-packages/dbcounter.py:115}}
Aug 25 16:06:22.857454 np0000032576 devstack@n-api.service[69994]: DEBUG dbcounter [-] [69994] Writing DB stats nova_cell1:SELECT=1 {{(pid=69994) stat_writer /opt/stack/data/venv/lib/python3.10/site-packages/dbcounter.py:115}}
Aug 25 16:06:22.857951 np0000032576 devstack@n-api.service[69994]: DEBUG dbcounter [-] [69994] Writing DB stats nova_cell0:SELECT=2,nova_cell0:INSERT=1 {{(pid=69994) stat_writer /opt/stack/data/venv/lib/python3.10/site-packages/dbcounter.py:115}}
Aug 25 16:06:22.980103 np0000032576 devstack@n-api.service[69994]: DEBUG nova.api.openstack.wsgi [None req-b3b16b75-95e7-423f-ab1d-e5fc7a06c06d admin admin] Calling method '<bound method FlavorsController.detail of <nova.api.openstack.compute.flavors.FlavorsController object at 0x7f5e6040e080>>' {{(pid=69994) _process_stack /opt/stack/nova/nova/api/openstack/wsgi.py:520}}
Aug 25 16:06:22.995049 np0000032576 devstack@n-api.service[69994]: INFO nova.api.openstack.requestlog [None req-b3b16b75-95e7-423f-ab1d-e5fc7a06c06d admin admin] 192.168.1.120 "GET /compute/v2.1/flavors/detail?is_public=True" status: 200 len: 15 microversion: 2.61 time: 0.141474
Aug 25 16:06:22.995528 np0000032576 devstack@n-api.service[69994]: [pid: 69994|app: 0|req: 2/3] 192.168.1.120 () {68 vars in 1428 bytes} [Mon Aug 25 16:06:22 2025] GET /compute/v2.1/flavors/detail?is_public=True => generated 15 bytes in 142 msecs (HTTP/1.1 200) 9 headers in 358 bytes (1 switches on core 0)
Aug 25 16:06:23.088235 np0000032576 devstack@n-api.service[69995]: DEBUG nova.api.openstack.wsgi [None req-3eac88ab-3a98-4cdc-973e-9178b7a80fe7 None None] Calling method '<bound method VersionsV2.index of <nova.api.openstack.compute.versions.VersionsV2 object at 0x7f5e60aabaf0>>' {{(pid=69995) _process_stack /opt/stack/nova/nova/api/openstack/wsgi.py:520}}
Aug 25 16:06:23.088235 np0000032576 devstack@n-api.service[69995]: INFO nova.api.openstack.requestlog [None req-3eac88ab-3a98-4cdc-973e-9178b7a80fe7 None None] 192.168.1.120 "GET /compute/v2.1" status: 200 len: 391 microversion: 2.1 time: 0.001750
Aug 25 16:06:23.088235 np0000032576 devstack@n-api.service[69995]: [pid: 69995|app: 0|req: 2/4] 192.168.1.120 () {62 vars in 1067 bytes} [Mon Aug 25 16:06:23 2025] GET /compute/v2.1 => generated 391 bytes in 2 msecs (HTTP/1.1 200) 9 headers in 357 bytes (1 switches on core 0)
Aug 25 16:06:23.114639 np0000032576 devstack@n-api.service[69994]: DEBUG nova.api.openstack.wsgi [None req-8da8ab8e-cd09-46ce-b067-2af0eee44069 admin admin] Action: 'create', calling method: <bound method FlavorsController.create of <nova.api.openstack.compute.flavors.FlavorsController object at 0x7f5e6040dae0>>, body: {"flavor": {"swap": 0, "id": "c1", "OS-FLV-EXT-DATA:ephemeral": 0, "rxtx_factor": 1.0, "ram": 256, "vcpus": 1, "name": "cirros256", "os-flavor-access:is_public": true, "disk": 1}} {{(pid=69994) _process_stack /opt/stack/nova/nova/api/openstack/wsgi.py:518}}
Aug 25 16:06:23.136128 np0000032576 devstack@n-api.service[69994]: INFO nova.api.openstack.requestlog [None req-8da8ab8e-cd09-46ce-b067-2af0eee44069 admin admin] 192.168.1.120 "POST /compute/v2.1/flavors" status: 200 len: 413 microversion: 2.61 time: 0.042453
Aug 25 16:06:23.136374 np0000032576 devstack@n-api.service[69994]: [pid: 69994|app: 0|req: 3/5] 192.168.1.120 () {72 vars in 1419 bytes} [Mon Aug 25 16:06:23 2025] POST /compute/v2.1/flavors => generated 413 bytes in 43 msecs (HTTP/1.1 200) 9 headers in 359 bytes (1 switches on core 0)
Aug 25 16:06:23.146869 np0000032576 devstack@n-api.service[69995]: DEBUG dbcounter [-] [69995] Writing DB stats nova_api:SELECT=1 {{(pid=69995) stat_writer /opt/stack/data/venv/lib/python3.10/site-packages/dbcounter.py:115}}
Aug 25 16:06:23.148302 np0000032576 devstack@n-api.service[69995]: DEBUG dbcounter [-] [69995] Writing DB stats nova_cell0:SELECT=1 {{(pid=69995) stat_writer /opt/stack/data/venv/lib/python3.10/site-packages/dbcounter.py:115}}
Aug 25 16:06:23.148863 np0000032576 devstack@n-api.service[69995]: DEBUG dbcounter [-] [69995] Writing DB stats nova_cell1:SELECT=1 {{(pid=69995) stat_writer /opt/stack/data/venv/lib/python3.10/site-packages/dbcounter.py:115}}
Aug 25 16:06:23.149331 np0000032576 devstack@n-api.service[69995]: DEBUG dbcounter [-] [69995] Writing DB stats nova_cell0:SELECT=2,nova_cell0:INSERT=1 {{(pid=69995) stat_writer /opt/stack/data/venv/lib/python3.10/site-packages/dbcounter.py:115}}
Aug 25 16:06:23.220965 np0000032576 devstack@n-api.service[69995]: DEBUG nova.api.openstack.wsgi [None req-04a755dd-e135-4282-90a1-889acb3ac086 admin admin] Action: 'create', calling method: <bound method FlavorExtraSpecsController.create of <nova.api.openstack.compute.flavors_extraspecs.FlavorExtraSpecsController object at 0x7f5e6040eb90>>, body: {"extra_specs": {"hw_rng:allowed": "True"}} {{(pid=69995) _process_stack /opt/stack/nova/nova/api/openstack/wsgi.py:518}}
Aug 25 16:06:23.253263 np0000032576 devstack@n-api.service[69995]: INFO nova.api.openstack.requestlog [None req-04a755dd-e135-4282-90a1-889acb3ac086 admin admin] 192.168.1.120 "POST /compute/v2.1/flavors/c1/os-extra_specs" status: 200 len: 43 microversion: 2.61 time: 0.109176
Aug 25 16:06:23.253662 np0000032576 devstack@n-api.service[69995]: [pid: 69995|app: 0|req: 3/6] 192.168.1.120 () {72 vars in 1472 bytes} [Mon Aug 25 16:06:23 2025] POST /compute/v2.1/flavors/c1/os-extra_specs => generated 43 bytes in 110 msecs (HTTP/1.1 200) 9 headers in 358 bytes (1 switches on core 0)
Aug 25 16:06:23.346719 np0000032576 devstack@n-api.service[69994]: DEBUG nova.api.openstack.wsgi [None req-8da8ab8e-cd09-46ce-b067-2af0eee44069 admin admin] Calling method '<bound method VersionsV2.index of <nova.api.openstack.compute.versions.VersionsV2 object at 0x7f5e60bf0520>>' {{(pid=69994) _process_stack /opt/stack/nova/nova/api/openstack/wsgi.py:520}}
Aug 25 16:06:23.348291 np0000032576 devstack@n-api.service[69994]: INFO nova.api.openstack.requestlog [None req-8da8ab8e-cd09-46ce-b067-2af0eee44069 admin admin] 192.168.1.120 "GET /compute/v2.1" status: 200 len: 391 microversion: 2.1 time: 0.001761
Aug 25 16:06:23.348468 np0000032576 devstack@n-api.service[69994]: [pid: 69994|app: 0|req: 4/7] 192.168.1.120 () {62 vars in 1067 bytes} [Mon Aug 25 16:06:23 2025] GET /compute/v2.1 => generated 391 bytes in 2 msecs (HTTP/1.1 200) 9 headers in 357 bytes (1 switches on core 0)
Aug 25 16:06:23.410430 np0000032576 devstack@n-api.service[69995]: DEBUG nova.api.openstack.wsgi [None req-0376c344-a1c1-42fd-a146-432da9e1d085 admin admin] Action: 'create', calling method: <bound method FlavorsController.create of <nova.api.openstack.compute.flavors.FlavorsController object at 0x7f5e6040d8d0>>, body: {"flavor": {"swap": 0, "id": "d1", "OS-FLV-EXT-DATA:ephemeral": 0, "rxtx_factor": 1.0, "ram": 512, "vcpus": 1, "name": "ds512M", "os-flavor-access:is_public": true, "disk": 5}} {{(pid=69995) _process_stack /opt/stack/nova/nova/api/openstack/wsgi.py:518}}
Aug 25 16:06:23.427875 np0000032576 devstack@n-api.service[69995]: INFO nova.api.openstack.requestlog [None req-0376c344-a1c1-42fd-a146-432da9e1d085 admin admin] 192.168.1.120 "POST /compute/v2.1/flavors" status: 200 len: 410 microversion: 2.61 time: 0.073968
Aug 25 16:06:23.428255 np0000032576 devstack@n-api.service[69995]: [pid: 69995|app: 0|req: 4/8] 192.168.1.120 () {72 vars in 1419 bytes} [Mon Aug 25 16:06:23 2025] POST /compute/v2.1/flavors => generated 410 bytes in 74 msecs (HTTP/1.1 200) 9 headers in 359 bytes (1 switches on core 0)
Aug 25 16:06:23.437283 np0000032576 devstack@n-api.service[69994]: DEBUG nova.api.openstack.wsgi [None req-fda4f490-857e-47d1-bbb5-f058d9c071dc admin admin] Action: 'create', calling method: <bound method FlavorExtraSpecsController.create of <nova.api.openstack.compute.flavors_extraspecs.FlavorExtraSpecsController object at 0x7f5e6040eda0>>, body: {"extra_specs": {"hw_rng:allowed": "True"}} {{(pid=69994) _process_stack /opt/stack/nova/nova/api/openstack/wsgi.py:518}}
Aug 25 16:06:23.454338 np0000032576 devstack@n-api.service[69994]: INFO nova.api.openstack.requestlog [None req-fda4f490-857e-47d1-bbb5-f058d9c071dc admin admin] 192.168.1.120 "POST /compute/v2.1/flavors/d1/os-extra_specs" status: 200 len: 43 microversion: 2.61 time: 0.018814
Aug 25 16:06:23.454579 np0000032576 devstack@n-api.service[69994]: [pid: 69994|app: 0|req: 5/9] 192.168.1.120 () {72 vars in 1472 bytes} [Mon Aug 25 16:06:23 2025] POST /compute/v2.1/flavors/d1/os-extra_specs => generated 43 bytes in 19 msecs (HTTP/1.1 200) 9 headers in 358 bytes (1 switches on core 0)
Aug 25 16:06:23.546704 np0000032576 devstack@n-api.service[69995]: DEBUG nova.api.openstack.wsgi [None req-0376c344-a1c1-42fd-a146-432da9e1d085 admin admin] Calling method '<bound method VersionsV2.index of <nova.api.openstack.compute.versions.VersionsV2 object at 0x7f5e60aabaf0>>' {{(pid=69995) _process_stack /opt/stack/nova/nova/api/openstack/wsgi.py:520}}
Aug 25 16:06:23.546704 np0000032576 devstack@n-api.service[69995]: INFO nova.api.openstack.requestlog [None req-0376c344-a1c1-42fd-a146-432da9e1d085 admin admin] 192.168.1.120 "GET /compute/v2.1" status: 200 len: 391 microversion: 2.1 time: 0.001747
Aug 25 16:06:23.546704 np0000032576 devstack@n-api.service[69995]: [pid: 69995|app: 0|req: 5/10] 192.168.1.120 () {62 vars in 1067 bytes} [Mon Aug 25 16:06:23 2025] GET /compute/v2.1 => generated 391 bytes in 2 msecs (HTTP/1.1 200) 9 headers in 357 bytes (1 switches on core 0)
Aug 25 16:06:23.575378 np0000032576 devstack@n-api.service[69994]: DEBUG nova.api.openstack.wsgi [None req-1a4beb32-9549-43aa-ae52-f41b1c19c4d2 admin admin] Action: 'create', calling method: <bound method FlavorsController.create of <nova.api.openstack.compute.flavors.FlavorsController object at 0x7f5e6040dae0>>, body: {"flavor": {"swap": 0, "id": "d2", "OS-FLV-EXT-DATA:ephemeral": 0, "rxtx_factor": 1.0, "ram": 1024, "vcpus": 1, "name": "ds1G", "os-flavor-access:is_public": true, "disk": 10}} {{(pid=69994) _process_stack /opt/stack/nova/nova/api/openstack/wsgi.py:518}}
Aug 25 16:06:23.585549 np0000032576 devstack@n-api.service[69994]: INFO nova.api.openstack.requestlog [None req-1a4beb32-9549-43aa-ae52-f41b1c19c4d2 admin admin] 192.168.1.120 "POST /compute/v2.1/flavors" status: 200 len: 410 microversion: 2.61 time: 0.033190
Aug 25 16:06:23.585797 np0000032576 devstack@n-api.service[69994]: [pid: 69994|app: 0|req: 6/11] 192.168.1.120 () {72 vars in 1419 bytes} [Mon Aug 25 16:06:23 2025] POST /compute/v2.1/flavors => generated 410 bytes in 34 msecs (HTTP/1.1 200) 9 headers in 359 bytes (1 switches on core 0)
Aug 25 16:06:23.597187 np0000032576 devstack@n-api.service[69995]: DEBUG nova.api.openstack.wsgi [None req-a1a47d34-18c5-4cac-ba36-3513765a3cfc admin admin] Action: 'create', calling method: <bound method FlavorExtraSpecsController.create of <nova.api.openstack.compute.flavors_extraspecs.FlavorExtraSpecsController object at 0x7f5e6040eb90>>, body: {"extra_specs": {"hw_rng:allowed": "True"}} {{(pid=69995) _process_stack /opt/stack/nova/nova/api/openstack/wsgi.py:518}}
Aug 25 16:06:23.606663 np0000032576 devstack@n-api.service[69995]: INFO nova.api.openstack.requestlog [None req-a1a47d34-18c5-4cac-ba36-3513765a3cfc admin admin] 192.168.1.120 "POST /compute/v2.1/flavors/d2/os-extra_specs" status: 200 len: 43 microversion: 2.61 time: 0.013836
Aug 25 16:06:23.606987 np0000032576 devstack@n-api.service[69995]: [pid: 69995|app: 0|req: 6/12] 192.168.1.120 () {72 vars in 1472 bytes} [Mon Aug 25 16:06:23 2025] POST /compute/v2.1/flavors/d2/os-extra_specs => generated 43 bytes in 14 msecs (HTTP/1.1 200) 9 headers in 358 bytes (1 switches on core 0)
Aug 25 16:06:23.701480 np0000032576 devstack@n-api.service[69994]: DEBUG nova.api.openstack.wsgi [None req-1a4beb32-9549-43aa-ae52-f41b1c19c4d2 admin admin] Calling method '<bound method VersionsV2.index of <nova.api.openstack.compute.versions.VersionsV2 object at 0x7f5e60bf0520>>' {{(pid=69994) _process_stack /opt/stack/nova/nova/api/openstack/wsgi.py:520}}
Aug 25 16:06:23.705120 np0000032576 devstack@n-api.service[69994]: INFO nova.api.openstack.requestlog [None req-1a4beb32-9549-43aa-ae52-f41b1c19c4d2 admin admin] 192.168.1.120 "GET /compute/v2.1" status: 200 len: 391 microversion: 2.1 time: 0.002069
Aug 25 16:06:23.705120 np0000032576 devstack@n-api.service[69994]: [pid: 69994|app: 0|req: 7/13] 192.168.1.120 () {62 vars in 1067 bytes} [Mon Aug 25 16:06:23 2025] GET /compute/v2.1 => generated 391 bytes in 2 msecs (HTTP/1.1 200) 9 headers in 357 bytes (1 switches on core 0)
Aug 25 16:06:23.733202 np0000032576 devstack@n-api.service[69995]: DEBUG nova.api.openstack.wsgi [None req-60fec15e-4eaa-4f7b-be22-30e7bfda0003 admin admin] Action: 'create', calling method: <bound method FlavorsController.create of <nova.api.openstack.compute.flavors.FlavorsController object at 0x7f5e6040d8d0>>, body: {"flavor": {"swap": 0, "id": "d3", "OS-FLV-EXT-DATA:ephemeral": 0, "rxtx_factor": 1.0, "ram": 2048, "vcpus": 2, "name": "ds2G", "os-flavor-access:is_public": true, "disk": 10}} {{(pid=69995) _process_stack /opt/stack/nova/nova/api/openstack/wsgi.py:518}}
Aug 25 16:06:23.745699 np0000032576 devstack@n-api.service[69995]: INFO nova.api.openstack.requestlog [None req-60fec15e-4eaa-4f7b-be22-30e7bfda0003 admin admin] 192.168.1.120 "POST /compute/v2.1/flavors" status: 200 len: 410 microversion: 2.61 time: 0.035619
Aug 25 16:06:23.746181 np0000032576 devstack@n-api.service[69995]: [pid: 69995|app: 0|req: 7/14] 192.168.1.120 () {72 vars in 1419 bytes} [Mon Aug 25 16:06:23 2025] POST /compute/v2.1/flavors => generated 410 bytes in 37 msecs (HTTP/1.1 200) 9 headers in 359 bytes (1 switches on core 0)
Aug 25 16:06:23.755552 np0000032576 devstack@n-api.service[69994]: DEBUG nova.api.openstack.wsgi [None req-e6a58f27-15b0-4413-a85a-cf89c04b2fdd admin admin] Action: 'create', calling method: <bound method FlavorExtraSpecsController.create of <nova.api.openstack.compute.flavors_extraspecs.FlavorExtraSpecsController object at 0x7f5e6040eda0>>, body: {"extra_specs": {"hw_rng:allowed": "True"}} {{(pid=69994) _process_stack /opt/stack/nova/nova/api/openstack/wsgi.py:518}}
Aug 25 16:06:23.769308 np0000032576 devstack@n-api.service[69994]: INFO nova.api.openstack.requestlog [None req-e6a58f27-15b0-4413-a85a-cf89c04b2fdd admin admin] 192.168.1.120 "POST /compute/v2.1/flavors/d3/os-extra_specs" status: 200 len: 43 microversion: 2.61 time: 0.015314
Aug 25 16:06:23.769624 np0000032576 devstack@n-api.service[69994]: [pid: 69994|app: 0|req: 8/15] 192.168.1.120 () {72 vars in 1472 bytes} [Mon Aug 25 16:06:23 2025] POST /compute/v2.1/flavors/d3/os-extra_specs => generated 43 bytes in 16 msecs (HTTP/1.1 200) 9 headers in 358 bytes (1 switches on core 0)
Aug 25 16:06:23.862384 np0000032576 devstack@n-api.service[69995]: DEBUG nova.api.openstack.wsgi [None req-60fec15e-4eaa-4f7b-be22-30e7bfda0003 admin admin] Calling method '<bound method VersionsV2.index of <nova.api.openstack.compute.versions.VersionsV2 object at 0x7f5e60aabaf0>>' {{(pid=69995) _process_stack /opt/stack/nova/nova/api/openstack/wsgi.py:520}}
Aug 25 16:06:23.862384 np0000032576 devstack@n-api.service[69995]: INFO nova.api.openstack.requestlog [None req-60fec15e-4eaa-4f7b-be22-30e7bfda0003 admin admin] 192.168.1.120 "GET /compute/v2.1" status: 200 len: 391 microversion: 2.1 time: 0.001733
Aug 25 16:06:23.862384 np0000032576 devstack@n-api.service[69995]: [pid: 69995|app: 0|req: 8/16] 192.168.1.120 () {62 vars in 1067 bytes} [Mon Aug 25 16:06:23 2025] GET /compute/v2.1 => generated 391 bytes in 2 msecs (HTTP/1.1 200) 9 headers in 357 bytes (1 switches on core 0)
Aug 25 16:06:23.891830 np0000032576 devstack@n-api.service[69994]: DEBUG nova.api.openstack.wsgi [None req-bbee9d09-3729-4fab-8368-3cf6718f4551 admin admin] Action: 'create', calling method: <bound method FlavorsController.create of <nova.api.openstack.compute.flavors.FlavorsController object at 0x7f5e6040dae0>>, body: {"flavor": {"swap": 0, "id": "d4", "OS-FLV-EXT-DATA:ephemeral": 0, "rxtx_factor": 1.0, "ram": 4096, "vcpus": 4, "name": "ds4G", "os-flavor-access:is_public": true, "disk": 20}} {{(pid=69994) _process_stack /opt/stack/nova/nova/api/openstack/wsgi.py:518}}
Aug 25 16:06:23.901251 np0000032576 devstack@n-api.service[69994]: INFO nova.api.openstack.requestlog [None req-bbee9d09-3729-4fab-8368-3cf6718f4551 admin admin] 192.168.1.120 "POST /compute/v2.1/flavors" status: 200 len: 410 microversion: 2.61 time: 0.033495
Aug 25 16:06:23.901523 np0000032576 devstack@n-api.service[69994]: [pid: 69994|app: 0|req: 9/17] 192.168.1.120 () {72 vars in 1419 bytes} [Mon Aug 25 16:06:23 2025] POST /compute/v2.1/flavors => generated 410 bytes in 34 msecs (HTTP/1.1 200) 9 headers in 359 bytes (1 switches on core 0)
Aug 25 16:06:23.912998 np0000032576 devstack@n-api.service[69995]: DEBUG nova.api.openstack.wsgi [None req-2171466c-273f-476c-98de-a05f9f4cf7b4 admin admin] Action: 'create', calling method: <bound method FlavorExtraSpecsController.create of <nova.api.openstack.compute.flavors_extraspecs.FlavorExtraSpecsController object at 0x7f5e6040eb90>>, body: {"extra_specs": {"hw_rng:allowed": "True"}} {{(pid=69995) _process_stack /opt/stack/nova/nova/api/openstack/wsgi.py:518}}
Aug 25 16:06:23.929984 np0000032576 devstack@n-api.service[69995]: INFO nova.api.openstack.requestlog [None req-2171466c-273f-476c-98de-a05f9f4cf7b4 admin admin] 192.168.1.120 "POST /compute/v2.1/flavors/d4/os-extra_specs" status: 200 len: 43 microversion: 2.61 time: 0.021482
Aug 25 16:06:23.930429 np0000032576 devstack@n-api.service[69995]: [pid: 69995|app: 0|req: 9/18] 192.168.1.120 () {72 vars in 1472 bytes} [Mon Aug 25 16:06:23 2025] POST /compute/v2.1/flavors/d4/os-extra_specs => generated 43 bytes in 22 msecs (HTTP/1.1 200) 9 headers in 358 bytes (1 switches on core 0)
Aug 25 16:06:24.020983 np0000032576 devstack@n-api.service[69994]: DEBUG nova.api.openstack.wsgi [None req-bbee9d09-3729-4fab-8368-3cf6718f4551 admin admin] Calling method '<bound method VersionsV2.index of <nova.api.openstack.compute.versions.VersionsV2 object at 0x7f5e60bf0520>>' {{(pid=69994) _process_stack /opt/stack/nova/nova/api/openstack/wsgi.py:520}}
Aug 25 16:06:24.022549 np0000032576 devstack@n-api.service[69994]: INFO nova.api.openstack.requestlog [None req-bbee9d09-3729-4fab-8368-3cf6718f4551 admin admin] 192.168.1.120 "GET /compute/v2.1" status: 200 len: 391 microversion: 2.1 time: 0.001768
Aug 25 16:06:24.022725 np0000032576 devstack@n-api.service[69994]: [pid: 69994|app: 0|req: 10/19] 192.168.1.120 () {62 vars in 1067 bytes} [Mon Aug 25 16:06:24 2025] GET /compute/v2.1 => generated 391 bytes in 2 msecs (HTTP/1.1 200) 9 headers in 357 bytes (1 switches on core 0)
Aug 25 16:06:24.047399 np0000032576 devstack@n-api.service[69995]: DEBUG nova.api.openstack.wsgi [None req-a24f4d6c-e7f7-459e-a45e-045fc4030b1f admin admin] Calling method '<bound method FlavorsController.detail of <nova.api.openstack.compute.flavors.FlavorsController object at 0x7f5e6040de70>>' {{(pid=69995) _process_stack /opt/stack/nova/nova/api/openstack/wsgi.py:520}}
Aug 25 16:06:24.058652 np0000032576 devstack@n-api.service[69995]: INFO nova.api.openstack.requestlog [None req-a24f4d6c-e7f7-459e-a45e-045fc4030b1f admin admin] 192.168.1.120 "GET /compute/v2.1/flavors/detail?is_public=True" status: 200 len: 2136 microversion: 2.61 time: 0.030452
Aug 25 16:06:24.058996 np0000032576 devstack@n-api.service[69995]: [pid: 69995|app: 0|req: 10/20] 192.168.1.120 () {68 vars in 1428 bytes} [Mon Aug 25 16:06:24 2025] GET /compute/v2.1/flavors/detail?is_public=True => generated 2136 bytes in 31 msecs (HTTP/1.1 200) 9 headers in 360 bytes (1 switches on core 0)
Aug 25 16:06:24.147080 np0000032576 devstack@n-api.service[69994]: DEBUG nova.api.openstack.wsgi [None req-bbee9d09-3729-4fab-8368-3cf6718f4551 admin admin] Calling method '<bound method VersionsV2.index of <nova.api.openstack.compute.versions.VersionsV2 object at 0x7f5e60bf0520>>' {{(pid=69994) _process_stack /opt/stack/nova/nova/api/openstack/wsgi.py:520}}
Aug 25 16:06:24.148612 np0000032576 devstack@n-api.service[69994]: INFO nova.api.openstack.requestlog [None req-bbee9d09-3729-4fab-8368-3cf6718f4551 admin admin] 192.168.1.120 "GET /compute/v2.1" status: 200 len: 391 microversion: 2.1 time: 0.001714
Aug 25 16:06:24.148798 np0000032576 devstack@n-api.service[69994]: [pid: 69994|app: 0|req: 11/21] 192.168.1.120 () {62 vars in 1067 bytes} [Mon Aug 25 16:06:24 2025] GET /compute/v2.1 => generated 391 bytes in 2 msecs (HTTP/1.1 200) 9 headers in 357 bytes (1 switches on core 0)
Aug 25 16:06:24.172995 np0000032576 devstack@n-api.service[69995]: DEBUG nova.api.openstack.wsgi [None req-1ea0d11b-dca1-4bc7-bd1a-2532bf832844 admin admin] Action: 'create', calling method: <bound method FlavorsController.create of <nova.api.openstack.compute.flavors.FlavorsController object at 0x7f5e6040d8d0>>, body: {"flavor": {"swap": 0, "id": "1", "OS-FLV-EXT-DATA:ephemeral": 0, "rxtx_factor": 1.0, "ram": 512, "vcpus": 1, "name": "m1.tiny", "os-flavor-access:is_public": true, "disk": 1}} {{(pid=69995) _process_stack /opt/stack/nova/nova/api/openstack/wsgi.py:518}}
Aug 25 16:06:24.182789 np0000032576 devstack@n-api.service[69995]: INFO nova.api.openstack.requestlog [None req-1ea0d11b-dca1-4bc7-bd1a-2532bf832844 admin admin] 192.168.1.120 "POST /compute/v2.1/flavors" status: 200 len: 408 microversion: 2.61 time: 0.028793
Aug 25 16:06:24.183129 np0000032576 devstack@n-api.service[69995]: [pid: 69995|app: 0|req: 11/22] 192.168.1.120 () {72 vars in 1419 bytes} [Mon Aug 25 16:06:24 2025] POST /compute/v2.1/flavors => generated 408 bytes in 29 msecs (HTTP/1.1 200) 9 headers in 359 bytes (1 switches on core 0)
Aug 25 16:06:24.191718 np0000032576 devstack@n-api.service[69994]: DEBUG nova.api.openstack.wsgi [None req-633617c7-4905-41ce-a358-2eb23d8e7a08 admin admin] Action: 'create', calling method: <bound method FlavorExtraSpecsController.create of <nova.api.openstack.compute.flavors_extraspecs.FlavorExtraSpecsController object at 0x7f5e6040eda0>>, body: {"extra_specs": {"hw_rng:allowed": "True"}} {{(pid=69994) _process_stack /opt/stack/nova/nova/api/openstack/wsgi.py:518}}
Aug 25 16:06:24.204760 np0000032576 devstack@n-api.service[69994]: INFO nova.api.openstack.requestlog [None req-633617c7-4905-41ce-a358-2eb23d8e7a08 admin admin] 192.168.1.120 "POST /compute/v2.1/flavors/1/os-extra_specs" status: 200 len: 43 microversion: 2.61 time: 0.014741
Aug 25 16:06:24.205079 np0000032576 devstack@n-api.service[69994]: [pid: 69994|app: 0|req: 12/23] 192.168.1.120 () {72 vars in 1469 bytes} [Mon Aug 25 16:06:24 2025] POST /compute/v2.1/flavors/1/os-extra_specs => generated 43 bytes in 15 msecs (HTTP/1.1 200) 9 headers in 358 bytes (1 switches on core 0)
Aug 25 16:06:24.293167 np0000032576 devstack@n-api.service[69995]: DEBUG nova.api.openstack.wsgi [None req-1ea0d11b-dca1-4bc7-bd1a-2532bf832844 admin admin] Calling method '<bound method VersionsV2.index of <nova.api.openstack.compute.versions.VersionsV2 object at 0x7f5e60aabaf0>>' {{(pid=69995) _process_stack /opt/stack/nova/nova/api/openstack/wsgi.py:520}}
Aug 25 16:06:24.294890 np0000032576 devstack@n-api.service[69995]: INFO nova.api.openstack.requestlog [None req-1ea0d11b-dca1-4bc7-bd1a-2532bf832844 admin admin] 192.168.1.120 "GET /compute/v2.1" status: 200 len: 391 microversion: 2.1 time: 0.001936
Aug 25 16:06:24.295181 np0000032576 devstack@n-api.service[69995]: [pid: 69995|app: 0|req: 12/24] 192.168.1.120 () {62 vars in 1067 bytes} [Mon Aug 25 16:06:24 2025] GET /compute/v2.1 => generated 391 bytes in 2 msecs (HTTP/1.1 200) 9 headers in 357 bytes (1 switches on core 0)
Aug 25 16:06:24.321975 np0000032576 devstack@n-api.service[69994]: DEBUG nova.api.openstack.wsgi [None req-726a9165-cdd1-4da8-b046-1497b56218ef admin admin] Action: 'create', calling method: <bound method FlavorsController.create of <nova.api.openstack.compute.flavors.FlavorsController object at 0x7f5e6040dae0>>, body: {"flavor": {"swap": 0, "id": "2", "OS-FLV-EXT-DATA:ephemeral": 0, "rxtx_factor": 1.0, "ram": 2048, "vcpus": 1, "name": "m1.small", "os-flavor-access:is_public": true, "disk": 20}} {{(pid=69994) _process_stack /opt/stack/nova/nova/api/openstack/wsgi.py:518}}
Aug 25 16:06:24.331931 np0000032576 devstack@n-api.service[69994]: INFO nova.api.openstack.requestlog [None req-726a9165-cdd1-4da8-b046-1497b56218ef admin admin] 192.168.1.120 "POST /compute/v2.1/flavors" status: 200 len: 411 microversion: 2.61 time: 0.030735
Aug 25 16:06:24.332251 np0000032576 devstack@n-api.service[69994]: [pid: 69994|app: 0|req: 13/25] 192.168.1.120 () {72 vars in 1419 bytes} [Mon Aug 25 16:06:24 2025] POST /compute/v2.1/flavors => generated 411 bytes in 31 msecs (HTTP/1.1 200) 9 headers in 359 bytes (1 switches on core 0)
Aug 25 16:06:24.341441 np0000032576 devstack@n-api.service[69995]: DEBUG nova.api.openstack.wsgi [None req-9c8032c4-6cd6-4895-ae76-9f2f53b15d9e admin admin] Action: 'create', calling method: <bound method FlavorExtraSpecsController.create of <nova.api.openstack.compute.flavors_extraspecs.FlavorExtraSpecsController object at 0x7f5e6040eb90>>, body: {"extra_specs": {"hw_rng:allowed": "True"}} {{(pid=69995) _process_stack /opt/stack/nova/nova/api/openstack/wsgi.py:518}}
Aug 25 16:06:24.354492 np0000032576 devstack@n-api.service[69995]: INFO nova.api.openstack.requestlog [None req-9c8032c4-6cd6-4895-ae76-9f2f53b15d9e admin admin] 192.168.1.120 "POST /compute/v2.1/flavors/2/os-extra_specs" status: 200 len: 43 microversion: 2.61 time: 0.014862
Aug 25 16:06:24.354906 np0000032576 devstack@n-api.service[69995]: [pid: 69995|app: 0|req: 13/26] 192.168.1.120 () {72 vars in 1469 bytes} [Mon Aug 25 16:06:24 2025] POST /compute/v2.1/flavors/2/os-extra_specs => generated 43 bytes in 15 msecs (HTTP/1.1 200) 9 headers in 358 bytes (1 switches on core 0)
Aug 25 16:06:24.449356 np0000032576 devstack@n-api.service[69994]: DEBUG nova.api.openstack.wsgi [None req-726a9165-cdd1-4da8-b046-1497b56218ef admin admin] Calling method '<bound method VersionsV2.index of <nova.api.openstack.compute.versions.VersionsV2 object at 0x7f5e60bf0520>>' {{(pid=69994) _process_stack /opt/stack/nova/nova/api/openstack/wsgi.py:520}}
Aug 25 16:06:24.450950 np0000032576 devstack@n-api.service[69994]: INFO nova.api.openstack.requestlog [None req-726a9165-cdd1-4da8-b046-1497b56218ef admin admin] 192.168.1.120 "GET /compute/v2.1" status: 200 len: 391 microversion: 2.1 time: 0.001833
Aug 25 16:06:24.451152 np0000032576 devstack@n-api.service[69994]: [pid: 69994|app: 0|req: 14/27] 192.168.1.120 () {62 vars in 1067 bytes} [Mon Aug 25 16:06:24 2025] GET /compute/v2.1 => generated 391 bytes in 2 msecs (HTTP/1.1 200) 9 headers in 357 bytes (1 switches on core 0)
Aug 25 16:06:24.477874 np0000032576 devstack@n-api.service[69995]: DEBUG nova.api.openstack.wsgi [None req-80af3221-cb7d-44bf-9b2b-9cd4ccd6925a admin admin] Action: 'create', calling method: <bound method FlavorsController.create of <nova.api.openstack.compute.flavors.FlavorsController object at 0x7f5e6040d8d0>>, body: {"flavor": {"swap": 0, "id": "3", "OS-FLV-EXT-DATA:ephemeral": 0, "rxtx_factor": 1.0, "ram": 4096, "vcpus": 2, "name": "m1.medium", "os-flavor-access:is_public": true, "disk": 40}} {{(pid=69995) _process_stack /opt/stack/nova/nova/api/openstack/wsgi.py:518}}
Aug 25 16:06:24.487757 np0000032576 devstack@n-api.service[69995]: INFO nova.api.openstack.requestlog [None req-80af3221-cb7d-44bf-9b2b-9cd4ccd6925a admin admin] 192.168.1.120 "POST /compute/v2.1/flavors" status: 200 len: 412 microversion: 2.61 time: 0.030392
Aug 25 16:06:24.488208 np0000032576 devstack@n-api.service[69995]: [pid: 69995|app: 0|req: 14/28] 192.168.1.120 () {72 vars in 1419 bytes} [Mon Aug 25 16:06:24 2025] POST /compute/v2.1/flavors => generated 412 bytes in 31 msecs (HTTP/1.1 200) 9 headers in 359 bytes (1 switches on core 0)
Aug 25 16:06:24.497341 np0000032576 devstack@n-api.service[69994]: DEBUG nova.api.openstack.wsgi [None req-5c63f602-2731-4b50-8a23-cbd76e39ef36 admin admin] Action: 'create', calling method: <bound method FlavorExtraSpecsController.create of <nova.api.openstack.compute.flavors_extraspecs.FlavorExtraSpecsController object at 0x7f5e6040eda0>>, body: {"extra_specs": {"hw_rng:allowed": "True"}} {{(pid=69994) _process_stack /opt/stack/nova/nova/api/openstack/wsgi.py:518}}
Aug 25 16:06:24.511040 np0000032576 devstack@n-api.service[69994]: INFO nova.api.openstack.requestlog [None req-5c63f602-2731-4b50-8a23-cbd76e39ef36 admin admin] 192.168.1.120 "POST /compute/v2.1/flavors/3/os-extra_specs" status: 200 len: 43 microversion: 2.61 time: 0.015438
Aug 25 16:06:24.511339 np0000032576 devstack@n-api.service[69994]: [pid: 69994|app: 0|req: 15/29] 192.168.1.120 () {72 vars in 1469 bytes} [Mon Aug 25 16:06:24 2025] POST /compute/v2.1/flavors/3/os-extra_specs => generated 43 bytes in 16 msecs (HTTP/1.1 200) 9 headers in 358 bytes (1 switches on core 0)
Aug 25 16:06:24.604098 np0000032576 devstack@n-api.service[69995]: DEBUG nova.api.openstack.wsgi [None req-80af3221-cb7d-44bf-9b2b-9cd4ccd6925a admin admin] Calling method '<bound method VersionsV2.index of <nova.api.openstack.compute.versions.VersionsV2 object at 0x7f5e60aabaf0>>' {{(pid=69995) _process_stack /opt/stack/nova/nova/api/openstack/wsgi.py:520}}
Aug 25 16:06:24.604098 np0000032576 devstack@n-api.service[69995]: INFO nova.api.openstack.requestlog [None req-80af3221-cb7d-44bf-9b2b-9cd4ccd6925a admin admin] 192.168.1.120 "GET /compute/v2.1" status: 200 len: 391 microversion: 2.1 time: 0.001747
Aug 25 16:06:24.604098 np0000032576 devstack@n-api.service[69995]: [pid: 69995|app: 0|req: 15/30] 192.168.1.120 () {62 vars in 1067 bytes} [Mon Aug 25 16:06:24 2025] GET /compute/v2.1 => generated 391 bytes in 2 msecs (HTTP/1.1 200) 9 headers in 357 bytes (1 switches on core 0)
Aug 25 16:06:24.630012 np0000032576 devstack@n-api.service[69994]: DEBUG nova.api.openstack.wsgi [None req-4d4cc499-18a3-47a2-a5fb-f317ebcf1178 admin admin] Action: 'create', calling method: <bound method FlavorsController.create of <nova.api.openstack.compute.flavors.FlavorsController object at 0x7f5e6040dae0>>, body: {"flavor": {"swap": 0, "id": "4", "OS-FLV-EXT-DATA:ephemeral": 0, "rxtx_factor": 1.0, "ram": 8192, "vcpus": 4, "name": "m1.large", "os-flavor-access:is_public": true, "disk": 80}} {{(pid=69994) _process_stack /opt/stack/nova/nova/api/openstack/wsgi.py:518}}
Aug 25 16:06:24.643838 np0000032576 devstack@n-api.service[69994]: INFO nova.api.openstack.requestlog [None req-4d4cc499-18a3-47a2-a5fb-f317ebcf1178 admin admin] 192.168.1.120 "POST /compute/v2.1/flavors" status: 200 len: 411 microversion: 2.61 time: 0.034045
Aug 25 16:06:24.644142 np0000032576 devstack@n-api.service[69994]: [pid: 69994|app: 0|req: 16/31] 192.168.1.120 () {72 vars in 1419 bytes} [Mon Aug 25 16:06:24 2025] POST /compute/v2.1/flavors => generated 411 bytes in 34 msecs (HTTP/1.1 200) 9 headers in 359 bytes (1 switches on core 0)
Aug 25 16:06:24.656952 np0000032576 devstack@n-api.service[69995]: DEBUG nova.api.openstack.wsgi [None req-f485054e-9c17-492e-97f0-90109e7e27e5 admin admin] Action: 'create', calling method: <bound method FlavorExtraSpecsController.create of <nova.api.openstack.compute.flavors_extraspecs.FlavorExtraSpecsController object at 0x7f5e6040eb90>>, body: {"extra_specs": {"hw_rng:allowed": "True"}} {{(pid=69995) _process_stack /opt/stack/nova/nova/api/openstack/wsgi.py:518}}
Aug 25 16:06:24.667340 np0000032576 devstack@n-api.service[69995]: INFO nova.api.openstack.requestlog [None req-f485054e-9c17-492e-97f0-90109e7e27e5 admin admin] 192.168.1.120 "POST /compute/v2.1/flavors/4/os-extra_specs" status: 200 len: 43 microversion: 2.61 time: 0.014906
Aug 25 16:06:24.667781 np0000032576 devstack@n-api.service[69995]: [pid: 69995|app: 0|req: 16/32] 192.168.1.120 () {72 vars in 1469 bytes} [Mon Aug 25 16:06:24 2025] POST /compute/v2.1/flavors/4/os-extra_specs => generated 43 bytes in 15 msecs (HTTP/1.1 200) 9 headers in 358 bytes (1 switches on core 0)
Aug 25 16:06:24.760739 np0000032576 devstack@n-api.service[69994]: DEBUG nova.api.openstack.wsgi [None req-4d4cc499-18a3-47a2-a5fb-f317ebcf1178 admin admin] Calling method '<bound method VersionsV2.index of <nova.api.openstack.compute.versions.VersionsV2 object at 0x7f5e60bf0520>>' {{(pid=69994) _process_stack /opt/stack/nova/nova/api/openstack/wsgi.py:520}}
Aug 25 16:06:24.762303 np0000032576 devstack@n-api.service[69994]: INFO nova.api.openstack.requestlog [None req-4d4cc499-18a3-47a2-a5fb-f317ebcf1178 admin admin] 192.168.1.120 "GET /compute/v2.1" status: 200 len: 391 microversion: 2.1 time: 0.001781
Aug 25 16:06:24.762484 np0000032576 devstack@n-api.service[69994]: [pid: 69994|app: 0|req: 17/33] 192.168.1.120 () {62 vars in 1067 bytes} [Mon Aug 25 16:06:24 2025] GET /compute/v2.1 => generated 391 bytes in 2 msecs (HTTP/1.1 200) 9 headers in 357 bytes (1 switches on core 0)
Aug 25 16:06:24.792518 np0000032576 devstack@n-api.service[69995]: DEBUG nova.api.openstack.wsgi [None req-f47d85be-7ac3-4dc2-a12a-e07d0ef94a70 admin admin] Action: 'create', calling method: <bound method FlavorsController.create of <nova.api.openstack.compute.flavors.FlavorsController object at 0x7f5e6040d8d0>>, body: {"flavor": {"swap": 0, "id": "5", "OS-FLV-EXT-DATA:ephemeral": 0, "rxtx_factor": 1.0, "ram": 16384, "vcpus": 8, "name": "m1.xlarge", "os-flavor-access:is_public": true, "disk": 160}} {{(pid=69995) _process_stack /opt/stack/nova/nova/api/openstack/wsgi.py:518}}
Aug 25 16:06:24.805857 np0000032576 devstack@n-api.service[69995]: INFO nova.api.openstack.requestlog [None req-f47d85be-7ac3-4dc2-a12a-e07d0ef94a70 admin admin] 192.168.1.120 "POST /compute/v2.1/flavors" status: 200 len: 414 microversion: 2.61 time: 0.037280
Aug 25 16:06:24.806287 np0000032576 devstack@n-api.service[69995]: [pid: 69995|app: 0|req: 17/34] 192.168.1.120 () {72 vars in 1419 bytes} [Mon Aug 25 16:06:24 2025] POST /compute/v2.1/flavors => generated 414 bytes in 38 msecs (HTTP/1.1 200) 9 headers in 359 bytes (1 switches on core 0)
Aug 25 16:06:24.816043 np0000032576 devstack@n-api.service[69994]: DEBUG nova.api.openstack.wsgi [None req-6fc8b8e8-2172-4d1b-af9f-fb57a2b97f4c admin admin] Action: 'create', calling method: <bound method FlavorExtraSpecsController.create of <nova.api.openstack.compute.flavors_extraspecs.FlavorExtraSpecsController object at 0x7f5e6040eda0>>, body: {"extra_specs": {"hw_rng:allowed": "True"}} {{(pid=69994) _process_stack /opt/stack/nova/nova/api/openstack/wsgi.py:518}}
Aug 25 16:06:24.828776 np0000032576 devstack@n-api.service[69994]: INFO nova.api.openstack.requestlog [None req-6fc8b8e8-2172-4d1b-af9f-fb57a2b97f4c admin admin] 192.168.1.120 "POST /compute/v2.1/flavors/5/os-extra_specs" status: 200 len: 43 microversion: 2.61 time: 0.014450
Aug 25 16:06:24.829101 np0000032576 devstack@n-api.service[69994]: [pid: 69994|app: 0|req: 18/35] 192.168.1.120 () {72 vars in 1469 bytes} [Mon Aug 25 16:06:24 2025] POST /compute/v2.1/flavors/5/os-extra_specs => generated 43 bytes in 15 msecs (HTTP/1.1 200) 9 headers in 358 bytes (1 switches on core 0)
Aug 25 16:06:29.064254 np0000032576 devstack@n-api.service[69995]: DEBUG nova.api.openstack.wsgi [None req-f47d85be-7ac3-4dc2-a12a-e07d0ef94a70 admin admin] Calling method '<bound method VersionsV2.index of <nova.api.openstack.compute.versions.VersionsV2 object at 0x7f5e60aabaf0>>' {{(pid=69995) _process_stack /opt/stack/nova/nova/api/openstack/wsgi.py:520}}
Aug 25 16:06:29.066039 np0000032576 devstack@n-api.service[69995]: INFO nova.api.openstack.requestlog [None req-f47d85be-7ac3-4dc2-a12a-e07d0ef94a70 admin admin] 192.168.1.120 "GET /compute/v2.1" status: 200 len: 391 microversion: 2.1 time: 0.002054
Aug 25 16:06:29.066251 np0000032576 devstack@n-api.service[69995]: [pid: 69995|app: 0|req: 18/36] 192.168.1.120 () {62 vars in 1067 bytes} [Mon Aug 25 16:06:29 2025] GET /compute/v2.1 => generated 391 bytes in 2 msecs (HTTP/1.1 200) 9 headers in 357 bytes (1 switches on core 0)
Aug 25 16:06:29.106389 np0000032576 devstack@n-api.service[69994]: DEBUG nova.api.openstack.wsgi [None req-011dba92-39f1-4a91-81fb-d66e3fa51eb1 admin admin] Calling method '<bound method FlavorsController.detail of <nova.api.openstack.compute.flavors.FlavorsController object at 0x7f5e6040e080>>' {{(pid=69994) _process_stack /opt/stack/nova/nova/api/openstack/wsgi.py:520}}
Aug 25 16:06:29.116128 np0000032576 devstack@n-api.service[69994]: INFO nova.api.openstack.requestlog [None req-011dba92-39f1-4a91-81fb-d66e3fa51eb1 admin admin] 192.168.1.120 "GET /compute/v2.1/flavors/detail?is_public=True" status: 200 len: 4262 microversion: 2.61 time: 0.043291
Aug 25 16:06:29.116432 np0000032576 devstack@n-api.service[69994]: [pid: 69994|app: 0|req: 19/37] 192.168.1.120 () {68 vars in 1428 bytes} [Mon Aug 25 16:06:29 2025] GET /compute/v2.1/flavors/detail?is_public=True => generated 4262 bytes in 44 msecs (HTTP/1.1 200) 9 headers in 360 bytes (1 switches on core 0)
Aug 25 16:06:29.241518 np0000032576 devstack@n-api.service[69995]: DEBUG nova.api.openstack.wsgi [None req-f47d85be-7ac3-4dc2-a12a-e07d0ef94a70 admin admin] Calling method '<bound method VersionsV2.index of <nova.api.openstack.compute.versions.VersionsV2 object at 0x7f5e60aabaf0>>' {{(pid=69995) _process_stack /opt/stack/nova/nova/api/openstack/wsgi.py:520}}
Aug 25 16:06:29.243053 np0000032576 devstack@n-api.service[69995]: INFO nova.api.openstack.requestlog [None req-f47d85be-7ac3-4dc2-a12a-e07d0ef94a70 admin admin] 192.168.1.120 "GET /compute/v2.1" status: 200 len: 391 microversion: 2.1 time: 0.001707
Aug 25 16:06:29.243248 np0000032576 devstack@n-api.service[69995]: [pid: 69995|app: 0|req: 19/38] 192.168.1.120 () {62 vars in 1067 bytes} [Mon Aug 25 16:06:29 2025] GET /compute/v2.1 => generated 391 bytes in 2 msecs (HTTP/1.1 200) 9 headers in 357 bytes (1 switches on core 0)
Aug 25 16:06:29.270423 np0000032576 devstack@n-api.service[69994]: DEBUG nova.api.openstack.wsgi [None req-63ed6e3c-f519-4e59-abca-83d7d7a561d5 admin admin] Action: 'create', calling method: <bound method FlavorsController.create of <nova.api.openstack.compute.flavors.FlavorsController object at 0x7f5e6040dae0>>, body: {"flavor": {"swap": 0, "id": "100", "OS-FLV-EXT-DATA:ephemeral": 0, "rxtx_factor": 1.0, "ram": 1024, "vcpus": 1, "name": "manila-service-flavor", "os-flavor-access:is_public": true, "disk": 5}} {{(pid=69994) _process_stack /opt/stack/nova/nova/api/openstack/wsgi.py:518}}
Aug 25 16:06:29.281972 np0000032576 devstack@n-api.service[69994]: INFO nova.api.openstack.requestlog [None req-63ed6e3c-f519-4e59-abca-83d7d7a561d5 admin admin] 192.168.1.120 "POST /compute/v2.1/flavors" status: 200 len: 429 microversion: 2.61 time: 0.032997
Aug 25 16:06:29.282188 np0000032576 devstack@n-api.service[69994]: [pid: 69994|app: 0|req: 20/39] 192.168.1.120 () {72 vars in 1419 bytes} [Mon Aug 25 16:06:29 2025] POST /compute/v2.1/flavors => generated 429 bytes in 33 msecs (HTTP/1.1 200) 9 headers in 359 bytes (1 switches on core 0)
Aug 25 16:07:12.064823 np0000032576 devstack@n-api.service[69995]: DEBUG nova.api.openstack.wsgi [None req-f47d85be-7ac3-4dc2-a12a-e07d0ef94a70 admin admin] Calling method '<bound method VersionsV2.index of <nova.api.openstack.compute.versions.VersionsV2 object at 0x7f5e60aabaf0>>' {{(pid=69995) _process_stack /opt/stack/nova/nova/api/openstack/wsgi.py:520}}
Aug 25 16:07:12.064823 np0000032576 devstack@n-api.service[69995]: INFO nova.api.openstack.requestlog [None req-f47d85be-7ac3-4dc2-a12a-e07d0ef94a70 admin admin] 192.168.1.120 "GET /compute/v2.1" status: 200 len: 391 microversion: 2.1 time: 0.001772
Aug 25 16:07:12.064823 np0000032576 devstack@n-api.service[69995]: [pid: 69995|app: 0|req: 20/40] 192.168.1.120 () {62 vars in 1067 bytes} [Mon Aug 25 16:07:12 2025] GET /compute/v2.1 => generated 391 bytes in 2 msecs (HTTP/1.1 200) 9 headers in 357 bytes (1 switches on core 0)
Aug 25 16:07:12.072844 np0000032576 devstack@n-api.service[69994]: DEBUG dbcounter [-] [69994] Writing DB stats nova_api:SELECT=23,nova_api:INSERT=11,nova_api:SAVEPOINT=5,nova_api:RELEASE=5 {{(pid=69994) stat_writer /opt/stack/data/venv/lib/python3.10/site-packages/dbcounter.py:115}}
Aug 25 16:07:12.091440 np0000032576 devstack@n-api.service[69994]: DEBUG nova.api.openstack.wsgi [None req-14dd09a7-1cc6-449b-99e6-63a27bdaa9b3 admin admin] Calling method '<function Controller.__getattribute__.<locals>.version_select at 0x7f5e5ff6ec20>' {{(pid=69994) _process_stack /opt/stack/nova/nova/api/openstack/wsgi.py:520}}
Aug 25 16:07:12.093600 np0000032576 devstack@n-api.service[69994]: WARNING oslo_db.sqlalchemy.utils [None req-14dd09a7-1cc6-449b-99e6-63a27bdaa9b3 admin admin] Unique keys not in sort_keys. The sorting order may be unstable.
Aug 25 16:07:12.099802 np0000032576 devstack@n-api.service[69994]: INFO nova.api.openstack.requestlog [None req-14dd09a7-1cc6-449b-99e6-63a27bdaa9b3 admin admin] 192.168.1.120 "GET /compute/v2.1/os-keypairs" status: 200 len: 16 microversion: 2.10 time: 0.029169
Aug 25 16:07:12.100157 np0000032576 devstack@n-api.service[69994]: [pid: 69994|app: 0|req: 21/41] 192.168.1.120 () {68 vars in 1390 bytes} [Mon Aug 25 16:07:12 2025] GET /compute/v2.1/os-keypairs => generated 16 bytes in 30 msecs (HTTP/1.1 200) 9 headers in 358 bytes (1 switches on core 0)
