Aug 29 07:49:08.813551 np0000032625 devstack@n-api-meta.service[75495]: DEBUG nova.api.openstack.wsgi_app [-] oslo_limit.split_loggers       = False {{(pid=75495) log_opt_values /opt/stack/data/venv/lib/python3.12/site-packages/oslo_config/cfg.py:2824}}
Aug 29 07:49:08.813551 np0000032625 devstack@n-api-meta.service[75495]: DEBUG nova.api.openstack.wsgi_app [-] oslo_limit.status_code_retries = None {{(pid=75495) log_opt_values /opt/stack/data/venv/lib/python3.12/site-packages/oslo_config/cfg.py:2824}}
Aug 29 07:49:08.813551 np0000032625 devstack@n-api-meta.service[75495]: DEBUG nova.api.openstack.wsgi_app [-] oslo_limit.status_code_retry_delay = None {{(pid=75495) log_opt_values /opt/stack/data/venv/lib/python3.12/site-packages/oslo_config/cfg.py:2824}}
Aug 29 07:49:08.813551 np0000032625 devstack@n-api-meta.service[75495]: DEBUG nova.api.openstack.wsgi_app [-] oslo_limit.timeout             = None {{(pid=75495) log_opt_values /opt/stack/data/venv/lib/python3.12/site-packages/oslo_config/cfg.py:2824}}
Aug 29 07:49:08.813701 np0000032625 devstack@n-api-meta.service[75495]: DEBUG nova.api.openstack.wsgi_app [-] oslo_limit.valid_interfaces    = None {{(pid=75495) log_opt_values /opt/stack/data/venv/lib/python3.12/site-packages/oslo_config/cfg.py:2824}}
Aug 29 07:49:08.813701 np0000032625 devstack@n-api-meta.service[75495]: DEBUG nova.api.openstack.wsgi_app [-] oslo_limit.version             = None {{(pid=75495) log_opt_values /opt/stack/data/venv/lib/python3.12/site-packages/oslo_config/cfg.py:2824}}
Aug 29 07:49:08.813701 np0000032625 devstack@n-api-meta.service[75495]: DEBUG nova.api.openstack.wsgi_app [-] oslo_messaging_rabbit.amqp_auto_delete = False {{(pid=75495) log_opt_values /opt/stack/data/venv/lib/python3.12/site-packages/oslo_config/cfg.py:2824}}
Aug 29 07:49:08.813701 np0000032625 devstack@n-api-meta.service[75495]: DEBUG nova.api.openstack.wsgi_app [-] oslo_messaging_rabbit.amqp_durable_queues = False {{(pid=75495) log_opt_values /opt/stack/data/venv/lib/python3.12/site-packages/oslo_config/cfg.py:2824}}
Aug 29 07:49:08.813787 np0000032625 devstack@n-api-meta.service[75495]: DEBUG nova.api.openstack.wsgi_app [-] oslo_messaging_rabbit.conn_pool_min_size = 2 {{(pid=75495) log_opt_values /opt/stack/data/venv/lib/python3.12/site-packages/oslo_config/cfg.py:2824}}
Aug 29 07:49:08.813875 np0000032625 devstack@n-api-meta.service[75495]: DEBUG nova.api.openstack.wsgi_app [-] oslo_messaging_rabbit.conn_pool_ttl = 1200 {{(pid=75495) log_opt_values /opt/stack/data/venv/lib/python3.12/site-packages/oslo_config/cfg.py:2824}}
Aug 29 07:49:08.813956 np0000032625 devstack@n-api-meta.service[75495]: DEBUG nova.api.openstack.wsgi_app [-] oslo_messaging_rabbit.direct_mandatory_flag = True {{(pid=75495) log_opt_values /opt/stack/data/venv/lib/python3.12/site-packages/oslo_config/cfg.py:2824}}
Aug 29 07:49:08.814036 np0000032625 devstack@n-api-meta.service[75495]: DEBUG nova.api.openstack.wsgi_app [-] oslo_messaging_rabbit.enable_cancel_on_failover = False {{(pid=75495) log_opt_values /opt/stack/data/venv/lib/python3.12/site-packages/oslo_config/cfg.py:2824}}
Aug 29 07:49:08.814118 np0000032625 devstack@n-api-meta.service[75495]: DEBUG nova.api.openstack.wsgi_app [-] oslo_messaging_rabbit.heartbeat_in_pthread = False {{(pid=75495) log_opt_values /opt/stack/data/venv/lib/python3.12/site-packages/oslo_config/cfg.py:2824}}
Aug 29 07:49:08.814199 np0000032625 devstack@n-api-meta.service[75495]: DEBUG nova.api.openstack.wsgi_app [-] oslo_messaging_rabbit.heartbeat_rate = 3 {{(pid=75495) log_opt_values /opt/stack/data/venv/lib/python3.12/site-packages/oslo_config/cfg.py:2824}}
Aug 29 07:49:08.814280 np0000032625 devstack@n-api-meta.service[75495]: DEBUG nova.api.openstack.wsgi_app [-] oslo_messaging_rabbit.heartbeat_timeout_threshold = 60 {{(pid=75495) log_opt_values /opt/stack/data/venv/lib/python3.12/site-packages/oslo_config/cfg.py:2824}}
Aug 29 07:49:08.814365 np0000032625 devstack@n-api-meta.service[75495]: DEBUG nova.api.openstack.wsgi_app [-] oslo_messaging_rabbit.hostname = np0000032625 {{(pid=75495) log_opt_values /opt/stack/data/venv/lib/python3.12/site-packages/oslo_config/cfg.py:2824}}
Aug 29 07:49:08.814445 np0000032625 devstack@n-api-meta.service[75495]: DEBUG nova.api.openstack.wsgi_app [-] oslo_messaging_rabbit.kombu_compression = None {{(pid=75495) log_opt_values /opt/stack/data/venv/lib/python3.12/site-packages/oslo_config/cfg.py:2824}}
Aug 29 07:49:08.814537 np0000032625 devstack@n-api-meta.service[75495]: DEBUG nova.api.openstack.wsgi_app [-] oslo_messaging_rabbit.kombu_failover_strategy = round-robin {{(pid=75495) log_opt_values /opt/stack/data/venv/lib/python3.12/site-packages/oslo_config/cfg.py:2824}}
Aug 29 07:49:08.814625 np0000032625 devstack@n-api-meta.service[75495]: DEBUG nova.api.openstack.wsgi_app [-] oslo_messaging_rabbit.kombu_missing_consumer_retry_timeout = 60 {{(pid=75495) log_opt_values /opt/stack/data/venv/lib/python3.12/site-packages/oslo_config/cfg.py:2824}}
Aug 29 07:49:08.814708 np0000032625 devstack@n-api-meta.service[75495]: DEBUG nova.api.openstack.wsgi_app [-] oslo_messaging_rabbit.kombu_reconnect_delay = 1.0 {{(pid=75495) log_opt_values /opt/stack/data/venv/lib/python3.12/site-packages/oslo_config/cfg.py:2824}}
Aug 29 07:49:08.814791 np0000032625 devstack@n-api-meta.service[75495]: DEBUG nova.api.openstack.wsgi_app [-] oslo_messaging_rabbit.kombu_reconnect_splay = 0.0 {{(pid=75495) log_opt_values /opt/stack/data/venv/lib/python3.12/site-packages/oslo_config/cfg.py:2824}}
Aug 29 07:49:08.814880 np0000032625 devstack@n-api-meta.service[75495]: DEBUG nova.api.openstack.wsgi_app [-] oslo_messaging_rabbit.processname = uwsgi {{(pid=75495) log_opt_values /opt/stack/data/venv/lib/python3.12/site-packages/oslo_config/cfg.py:2824}}
Aug 29 07:49:08.814962 np0000032625 devstack@n-api-meta.service[75495]: DEBUG nova.api.openstack.wsgi_app [-] oslo_messaging_rabbit.rabbit_ha_queues = False {{(pid=75495) log_opt_values /opt/stack/data/venv/lib/python3.12/site-packages/oslo_config/cfg.py:2824}}
Aug 29 07:49:08.815044 np0000032625 devstack@n-api-meta.service[75495]: DEBUG nova.api.openstack.wsgi_app [-] oslo_messaging_rabbit.rabbit_interval_max = 30 {{(pid=75495) log_opt_values /opt/stack/data/venv/lib/python3.12/site-packages/oslo_config/cfg.py:2824}}
Aug 29 07:49:08.815129 np0000032625 devstack@n-api-meta.service[75495]: DEBUG nova.api.openstack.wsgi_app [-] oslo_messaging_rabbit.rabbit_login_method = AMQPLAIN {{(pid=75495) log_opt_values /opt/stack/data/venv/lib/python3.12/site-packages/oslo_config/cfg.py:2824}}
Aug 29 07:49:08.815210 np0000032625 devstack@n-api-meta.service[75495]: DEBUG nova.api.openstack.wsgi_app [-] oslo_messaging_rabbit.rabbit_qos_prefetch_count = 0 {{(pid=75495) log_opt_values /opt/stack/data/venv/lib/python3.12/site-packages/oslo_config/cfg.py:2824}}
Aug 29 07:49:08.815291 np0000032625 devstack@n-api-meta.service[75495]: DEBUG nova.api.openstack.wsgi_app [-] oslo_messaging_rabbit.rabbit_quorum_delivery_limit = 0 {{(pid=75495) log_opt_values /opt/stack/data/venv/lib/python3.12/site-packages/oslo_config/cfg.py:2824}}
Aug 29 07:49:08.815374 np0000032625 devstack@n-api-meta.service[75495]: DEBUG nova.api.openstack.wsgi_app [-] oslo_messaging_rabbit.rabbit_quorum_max_memory_bytes = 0 {{(pid=75495) log_opt_values /opt/stack/data/venv/lib/python3.12/site-packages/oslo_config/cfg.py:2824}}
Aug 29 07:49:08.815457 np0000032625 devstack@n-api-meta.service[75495]: DEBUG nova.api.openstack.wsgi_app [-] oslo_messaging_rabbit.rabbit_quorum_max_memory_length = 0 {{(pid=75495) log_opt_values /opt/stack/data/venv/lib/python3.12/site-packages/oslo_config/cfg.py:2824}}
Aug 29 07:49:08.815546 np0000032625 devstack@n-api-meta.service[75495]: DEBUG nova.api.openstack.wsgi_app [-] oslo_messaging_rabbit.rabbit_quorum_queue = False {{(pid=75495) log_opt_values /opt/stack/data/venv/lib/python3.12/site-packages/oslo_config/cfg.py:2824}}
Aug 29 07:49:08.815628 np0000032625 devstack@n-api-meta.service[75495]: DEBUG nova.api.openstack.wsgi_app [-] oslo_messaging_rabbit.rabbit_retry_backoff = 2 {{(pid=75495) log_opt_values /opt/stack/data/venv/lib/python3.12/site-packages/oslo_config/cfg.py:2824}}
Aug 29 07:49:08.815709 np0000032625 devstack@n-api-meta.service[75495]: DEBUG nova.api.openstack.wsgi_app [-] oslo_messaging_rabbit.rabbit_retry_interval = 1 {{(pid=75495) log_opt_values /opt/stack/data/venv/lib/python3.12/site-packages/oslo_config/cfg.py:2824}}
Aug 29 07:49:08.815791 np0000032625 devstack@n-api-meta.service[75495]: DEBUG nova.api.openstack.wsgi_app [-] oslo_messaging_rabbit.rabbit_stream_fanout = False {{(pid=75495) log_opt_values /opt/stack/data/venv/lib/python3.12/site-packages/oslo_config/cfg.py:2824}}
Aug 29 07:49:08.815876 np0000032625 devstack@n-api-meta.service[75495]: DEBUG nova.api.openstack.wsgi_app [-] oslo_messaging_rabbit.rabbit_transient_queues_ttl = 1800 {{(pid=75495) log_opt_values /opt/stack/data/venv/lib/python3.12/site-packages/oslo_config/cfg.py:2824}}
Aug 29 07:49:08.815956 np0000032625 devstack@n-api-meta.service[75495]: DEBUG nova.api.openstack.wsgi_app [-] oslo_messaging_rabbit.rabbit_transient_quorum_queue = False {{(pid=75495) log_opt_values /opt/stack/data/venv/lib/python3.12/site-packages/oslo_config/cfg.py:2824}}
Aug 29 07:49:08.816037 np0000032625 devstack@n-api-meta.service[75495]: DEBUG nova.api.openstack.wsgi_app [-] oslo_messaging_rabbit.rpc_conn_pool_size = 30 {{(pid=75495) log_opt_values /opt/stack/data/venv/lib/python3.12/site-packages/oslo_config/cfg.py:2824}}
Aug 29 07:49:08.816564 np0000032625 devstack@n-api-meta.service[75495]: DEBUG nova.api.openstack.wsgi_app [-] oslo_messaging_rabbit.ssl      = False {{(pid=75495) log_opt_values /opt/stack/data/venv/lib/python3.12/site-packages/oslo_config/cfg.py:2824}}
Aug 29 07:49:08.816564 np0000032625 devstack@n-api-meta.service[75495]: DEBUG nova.api.openstack.wsgi_app [-] oslo_messaging_rabbit.ssl_ca_file =  {{(pid=75495) log_opt_values /opt/stack/data/venv/lib/python3.12/site-packages/oslo_config/cfg.py:2824}}
Aug 29 07:49:08.816564 np0000032625 devstack@n-api-meta.service[75495]: DEBUG nova.api.openstack.wsgi_app [-] oslo_messaging_rabbit.ssl_cert_file =  {{(pid=75495) log_opt_values /opt/stack/data/venv/lib/python3.12/site-packages/oslo_config/cfg.py:2824}}
Aug 29 07:49:08.816564 np0000032625 devstack@n-api-meta.service[75495]: DEBUG nova.api.openstack.wsgi_app [-] oslo_messaging_rabbit.ssl_enforce_fips_mode = False {{(pid=75495) log_opt_values /opt/stack/data/venv/lib/python3.12/site-packages/oslo_config/cfg.py:2824}}
Aug 29 07:49:08.816564 np0000032625 devstack@n-api-meta.service[75495]: DEBUG nova.api.openstack.wsgi_app [-] oslo_messaging_rabbit.ssl_key_file =  {{(pid=75495) log_opt_values /opt/stack/data/venv/lib/python3.12/site-packages/oslo_config/cfg.py:2824}}
Aug 29 07:49:08.816564 np0000032625 devstack@n-api-meta.service[75495]: DEBUG nova.api.openstack.wsgi_app [-] oslo_messaging_rabbit.ssl_version =  {{(pid=75495) log_opt_values /opt/stack/data/venv/lib/python3.12/site-packages/oslo_config/cfg.py:2824}}
Aug 29 07:49:08.816681 np0000032625 devstack@n-api-meta.service[75495]: DEBUG nova.api.openstack.wsgi_app [-] oslo_messaging_rabbit.use_queue_manager = False {{(pid=75495) log_opt_values /opt/stack/data/venv/lib/python3.12/site-packages/oslo_config/cfg.py:2824}}
Aug 29 07:49:08.816699 np0000032625 devstack@n-api-meta.service[75495]: DEBUG nova.api.openstack.wsgi_app [-] oslo_messaging_notifications.driver = ['messagingv2'] {{(pid=75495) log_opt_values /opt/stack/data/venv/lib/python3.12/site-packages/oslo_config/cfg.py:2824}}
Aug 29 07:49:08.818537 np0000032625 devstack@n-api-meta.service[75495]: DEBUG nova.api.openstack.wsgi_app [-] oslo_messaging_notifications.retry = -1 {{(pid=75495) log_opt_values /opt/stack/data/venv/lib/python3.12/site-packages/oslo_config/cfg.py:2824}}
Aug 29 07:49:08.818537 np0000032625 devstack@n-api-meta.service[75495]: DEBUG nova.api.openstack.wsgi_app [-] oslo_messaging_notifications.topics = ['notifications'] {{(pid=75495) log_opt_values /opt/stack/data/venv/lib/python3.12/site-packages/oslo_config/cfg.py:2824}}
Aug 29 07:49:08.818537 np0000032625 devstack@n-api-meta.service[75495]: DEBUG nova.api.openstack.wsgi_app [-] oslo_messaging_notifications.transport_url = **** {{(pid=75495) log_opt_values /opt/stack/data/venv/lib/python3.12/site-packages/oslo_config/cfg.py:2824}}
Aug 29 07:49:08.818537 np0000032625 devstack@n-api-meta.service[75495]: DEBUG nova.api.openstack.wsgi_app [-] oslo_reports.file_event_handler = None {{(pid=75495) log_opt_values /opt/stack/data/venv/lib/python3.12/site-packages/oslo_config/cfg.py:2824}}
Aug 29 07:49:08.818537 np0000032625 devstack@n-api-meta.service[75495]: DEBUG nova.api.openstack.wsgi_app [-] oslo_reports.file_event_handler_interval = 1 {{(pid=75495) log_opt_values /opt/stack/data/venv/lib/python3.12/site-packages/oslo_config/cfg.py:2824}}
Aug 29 07:49:08.818537 np0000032625 devstack@n-api-meta.service[75495]: DEBUG nova.api.openstack.wsgi_app [-] oslo_reports.log_dir           = None {{(pid=75495) log_opt_values /opt/stack/data/venv/lib/python3.12/site-packages/oslo_config/cfg.py:2824}}
Aug 29 07:49:08.818537 np0000032625 devstack@n-api-meta.service[75495]: DEBUG nova.api.openstack.wsgi_app [-] ******************************************************************************** {{(pid=75495) log_opt_values /opt/stack/data/venv/lib/python3.12/site-packages/oslo_config/cfg.py:2828}}
Aug 29 07:49:08.849105 np0000032625 devstack@n-api-meta.service[75496]: INFO dbcounter [None req-18e408d3-3da1-4314-a962-5348d84ea182 None None] Registered counter for database nova_api
Aug 29 07:49:08.851942 np0000032625 devstack@n-api-meta.service[75495]: INFO dbcounter [None req-961509b0-0396-4ee7-99de-0182ff2c1897 None None] Registered counter for database nova_api
Aug 29 07:49:08.864981 np0000032625 devstack@n-api-meta.service[75496]: DEBUG oslo_db.sqlalchemy.engines [None req-18e408d3-3da1-4314-a962-5348d84ea182 None None] MySQL server mode set to STRICT_TRANS_TABLES,STRICT_ALL_TABLES,NO_ZERO_IN_DATE,NO_ZERO_DATE,ERROR_FOR_DIVISION_BY_ZERO,TRADITIONAL,NO_ENGINE_SUBSTITUTION {{(pid=75496) _check_effective_sql_mode /opt/stack/data/venv/lib/python3.12/site-packages/oslo_db/sqlalchemy/engines.py:397}}
Aug 29 07:49:08.866564 np0000032625 devstack@n-api-meta.service[75495]: DEBUG oslo_db.sqlalchemy.engines [None req-961509b0-0396-4ee7-99de-0182ff2c1897 None None] MySQL server mode set to STRICT_TRANS_TABLES,STRICT_ALL_TABLES,NO_ZERO_IN_DATE,NO_ZERO_DATE,ERROR_FOR_DIVISION_BY_ZERO,TRADITIONAL,NO_ENGINE_SUBSTITUTION {{(pid=75495) _check_effective_sql_mode /opt/stack/data/venv/lib/python3.12/site-packages/oslo_db/sqlalchemy/engines.py:397}}
Aug 29 07:49:08.891067 np0000032625 devstack@n-api-meta.service[75495]: DEBUG dbcounter [-] [75495] Writer thread running {{(pid=75495) stat_writer /opt/stack/data/venv/lib/python3.12/site-packages/dbcounter.py:102}}
Aug 29 07:49:08.893118 np0000032625 devstack@n-api-meta.service[75495]: DEBUG nova.context [None req-961509b0-0396-4ee7-99de-0182ff2c1897 None None] Found 2 cells: 00000000-0000-0000-0000-000000000000(cell0),b594d52d-7bd4-4a25-b42b-992decfae3d3(cell1) {{(pid=75495) load_cells /opt/stack/nova/nova/context.py:464}}
Aug 29 07:49:08.893756 np0000032625 devstack@n-api-meta.service[75496]: DEBUG dbcounter [-] [75496] Writer thread running {{(pid=75496) stat_writer /opt/stack/data/venv/lib/python3.12/site-packages/dbcounter.py:102}}
Aug 29 07:49:08.894789 np0000032625 devstack@n-api-meta.service[75495]: DEBUG oslo_concurrency.lockutils [None req-961509b0-0396-4ee7-99de-0182ff2c1897 None None] Acquiring lock "00000000-0000-0000-0000-000000000000" by "nova.context.set_target_cell.<locals>.get_or_set_cached_cell_and_set_connections" {{(pid=75495) inner /opt/stack/data/venv/lib/python3.12/site-packages/oslo_concurrency/lockutils.py:405}}
Aug 29 07:49:08.894979 np0000032625 devstack@n-api-meta.service[75495]: DEBUG oslo_concurrency.lockutils [None req-961509b0-0396-4ee7-99de-0182ff2c1897 None None] Lock "00000000-0000-0000-0000-000000000000" acquired by "nova.context.set_target_cell.<locals>.get_or_set_cached_cell_and_set_connections" :: waited 0.000s {{(pid=75495) inner /opt/stack/data/venv/lib/python3.12/site-packages/oslo_concurrency/lockutils.py:410}}
Aug 29 07:49:08.895292 np0000032625 devstack@n-api-meta.service[75495]: DEBUG oslo_concurrency.lockutils [None req-961509b0-0396-4ee7-99de-0182ff2c1897 None None] Lock "00000000-0000-0000-0000-000000000000" "released" by "nova.context.set_target_cell.<locals>.get_or_set_cached_cell_and_set_connections" :: held 0.000s {{(pid=75495) inner /opt/stack/data/venv/lib/python3.12/site-packages/oslo_concurrency/lockutils.py:424}}
Aug 29 07:49:08.895642 np0000032625 devstack@n-api-meta.service[75495]: DEBUG oslo_concurrency.lockutils [None req-961509b0-0396-4ee7-99de-0182ff2c1897 None None] Acquiring lock "b594d52d-7bd4-4a25-b42b-992decfae3d3" by "nova.context.set_target_cell.<locals>.get_or_set_cached_cell_and_set_connections" {{(pid=75495) inner /opt/stack/data/venv/lib/python3.12/site-packages/oslo_concurrency/lockutils.py:405}}
Aug 29 07:49:08.895782 np0000032625 devstack@n-api-meta.service[75495]: DEBUG oslo_concurrency.lockutils [None req-961509b0-0396-4ee7-99de-0182ff2c1897 None None] Lock "b594d52d-7bd4-4a25-b42b-992decfae3d3" acquired by "nova.context.set_target_cell.<locals>.get_or_set_cached_cell_and_set_connections" :: waited 0.000s {{(pid=75495) inner /opt/stack/data/venv/lib/python3.12/site-packages/oslo_concurrency/lockutils.py:410}}
Aug 29 07:49:08.895804 np0000032625 devstack@n-api-meta.service[75496]: DEBUG nova.context [None req-18e408d3-3da1-4314-a962-5348d84ea182 None None] Found 2 cells: 00000000-0000-0000-0000-000000000000(cell0),b594d52d-7bd4-4a25-b42b-992decfae3d3(cell1) {{(pid=75496) load_cells /opt/stack/nova/nova/context.py:464}}
Aug 29 07:49:08.896833 np0000032625 devstack@n-api-meta.service[75495]: DEBUG oslo_concurrency.lockutils [None req-961509b0-0396-4ee7-99de-0182ff2c1897 None None] Lock "b594d52d-7bd4-4a25-b42b-992decfae3d3" "released" by "nova.context.set_target_cell.<locals>.get_or_set_cached_cell_and_set_connections" :: held 0.001s {{(pid=75495) inner /opt/stack/data/venv/lib/python3.12/site-packages/oslo_concurrency/lockutils.py:424}}
Aug 29 07:49:08.897361 np0000032625 devstack@n-api-meta.service[75496]: DEBUG oslo_concurrency.lockutils [None req-18e408d3-3da1-4314-a962-5348d84ea182 None None] Acquiring lock "00000000-0000-0000-0000-000000000000" by "nova.context.set_target_cell.<locals>.get_or_set_cached_cell_and_set_connections" {{(pid=75496) inner /opt/stack/data/venv/lib/python3.12/site-packages/oslo_concurrency/lockutils.py:405}}
Aug 29 07:49:08.897566 np0000032625 devstack@n-api-meta.service[75496]: DEBUG oslo_concurrency.lockutils [None req-18e408d3-3da1-4314-a962-5348d84ea182 None None] Lock "00000000-0000-0000-0000-000000000000" acquired by "nova.context.set_target_cell.<locals>.get_or_set_cached_cell_and_set_connections" :: waited 0.000s {{(pid=75496) inner /opt/stack/data/venv/lib/python3.12/site-packages/oslo_concurrency/lockutils.py:410}}
Aug 29 07:49:08.897588 np0000032625 devstack@n-api-meta.service[75495]: INFO dbcounter [None req-961509b0-0396-4ee7-99de-0182ff2c1897 None None] Registered counter for database nova_cell0
Aug 29 07:49:08.897919 np0000032625 devstack@n-api-meta.service[75496]: DEBUG oslo_concurrency.lockutils [None req-18e408d3-3da1-4314-a962-5348d84ea182 None None] Lock "00000000-0000-0000-0000-000000000000" "released" by "nova.context.set_target_cell.<locals>.get_or_set_cached_cell_and_set_connections" :: held 0.000s {{(pid=75496) inner /opt/stack/data/venv/lib/python3.12/site-packages/oslo_concurrency/lockutils.py:424}}
Aug 29 07:49:08.898252 np0000032625 devstack@n-api-meta.service[75496]: DEBUG oslo_concurrency.lockutils [None req-18e408d3-3da1-4314-a962-5348d84ea182 None None] Acquiring lock "b594d52d-7bd4-4a25-b42b-992decfae3d3" by "nova.context.set_target_cell.<locals>.get_or_set_cached_cell_and_set_connections" {{(pid=75496) inner /opt/stack/data/venv/lib/python3.12/site-packages/oslo_concurrency/lockutils.py:405}}
Aug 29 07:49:08.898388 np0000032625 devstack@n-api-meta.service[75496]: DEBUG oslo_concurrency.lockutils [None req-18e408d3-3da1-4314-a962-5348d84ea182 None None] Lock "b594d52d-7bd4-4a25-b42b-992decfae3d3" acquired by "nova.context.set_target_cell.<locals>.get_or_set_cached_cell_and_set_connections" :: waited 0.000s {{(pid=75496) inner /opt/stack/data/venv/lib/python3.12/site-packages/oslo_concurrency/lockutils.py:410}}
Aug 29 07:49:08.899294 np0000032625 devstack@n-api-meta.service[75496]: DEBUG oslo_concurrency.lockutils [None req-18e408d3-3da1-4314-a962-5348d84ea182 None None] Lock "b594d52d-7bd4-4a25-b42b-992decfae3d3" "released" by "nova.context.set_target_cell.<locals>.get_or_set_cached_cell_and_set_connections" :: held 0.001s {{(pid=75496) inner /opt/stack/data/venv/lib/python3.12/site-packages/oslo_concurrency/lockutils.py:424}}
Aug 29 07:49:08.899580 np0000032625 devstack@n-api-meta.service[75495]: INFO dbcounter [None req-961509b0-0396-4ee7-99de-0182ff2c1897 None None] Registered counter for database nova_cell1
Aug 29 07:49:08.900550 np0000032625 devstack@n-api-meta.service[75496]: INFO dbcounter [None req-18e408d3-3da1-4314-a962-5348d84ea182 None None] Registered counter for database nova_cell0
Aug 29 07:49:08.903665 np0000032625 devstack@n-api-meta.service[75496]: INFO dbcounter [None req-18e408d3-3da1-4314-a962-5348d84ea182 None None] Registered counter for database nova_cell1
Aug 29 07:49:08.903982 np0000032625 devstack@n-api-meta.service[75495]: DEBUG oslo_db.sqlalchemy.engines [None req-961509b0-0396-4ee7-99de-0182ff2c1897 None None] MySQL server mode set to STRICT_TRANS_TABLES,STRICT_ALL_TABLES,NO_ZERO_IN_DATE,NO_ZERO_DATE,ERROR_FOR_DIVISION_BY_ZERO,TRADITIONAL,NO_ENGINE_SUBSTITUTION {{(pid=75495) _check_effective_sql_mode /opt/stack/data/venv/lib/python3.12/site-packages/oslo_db/sqlalchemy/engines.py:397}}
Aug 29 07:49:08.907240 np0000032625 devstack@n-api-meta.service[75495]: DEBUG oslo_db.sqlalchemy.engines [None req-961509b0-0396-4ee7-99de-0182ff2c1897 None None] MySQL server mode set to STRICT_TRANS_TABLES,STRICT_ALL_TABLES,NO_ZERO_IN_DATE,NO_ZERO_DATE,ERROR_FOR_DIVISION_BY_ZERO,TRADITIONAL,NO_ENGINE_SUBSTITUTION {{(pid=75495) _check_effective_sql_mode /opt/stack/data/venv/lib/python3.12/site-packages/oslo_db/sqlalchemy/engines.py:397}}
Aug 29 07:49:08.908076 np0000032625 devstack@n-api-meta.service[75496]: DEBUG oslo_db.sqlalchemy.engines [None req-18e408d3-3da1-4314-a962-5348d84ea182 None None] MySQL server mode set to STRICT_TRANS_TABLES,STRICT_ALL_TABLES,NO_ZERO_IN_DATE,NO_ZERO_DATE,ERROR_FOR_DIVISION_BY_ZERO,TRADITIONAL,NO_ENGINE_SUBSTITUTION {{(pid=75496) _check_effective_sql_mode /opt/stack/data/venv/lib/python3.12/site-packages/oslo_db/sqlalchemy/engines.py:397}}
Aug 29 07:49:08.910791 np0000032625 devstack@n-api-meta.service[75496]: DEBUG oslo_db.sqlalchemy.engines [None req-18e408d3-3da1-4314-a962-5348d84ea182 None None] MySQL server mode set to STRICT_TRANS_TABLES,STRICT_ALL_TABLES,NO_ZERO_IN_DATE,NO_ZERO_DATE,ERROR_FOR_DIVISION_BY_ZERO,TRADITIONAL,NO_ENGINE_SUBSTITUTION {{(pid=75496) _check_effective_sql_mode /opt/stack/data/venv/lib/python3.12/site-packages/oslo_db/sqlalchemy/engines.py:397}}
Aug 29 07:49:08.967703 np0000032625 devstack@n-api-meta.service[75495]: DEBUG dbcounter [-] [75495] Writer thread running {{(pid=75495) stat_writer /opt/stack/data/venv/lib/python3.12/site-packages/dbcounter.py:102}}
Aug 29 07:49:08.971505 np0000032625 devstack@n-api-meta.service[75495]: DEBUG dbcounter [-] [75495] Writer thread running {{(pid=75495) stat_writer /opt/stack/data/venv/lib/python3.12/site-packages/dbcounter.py:102}}
Aug 29 07:49:08.972634 np0000032625 devstack@n-api-meta.service[75496]: DEBUG dbcounter [-] [75496] Writer thread running {{(pid=75496) stat_writer /opt/stack/data/venv/lib/python3.12/site-packages/dbcounter.py:102}}
Aug 29 07:49:08.973897 np0000032625 devstack@n-api-meta.service[75495]: INFO dbcounter [None req-961509b0-0396-4ee7-99de-0182ff2c1897 None None] Registered counter for database nova_cell0
Aug 29 07:49:08.976408 np0000032625 devstack@n-api-meta.service[75496]: DEBUG dbcounter [-] [75496] Writer thread running {{(pid=75496) stat_writer /opt/stack/data/venv/lib/python3.12/site-packages/dbcounter.py:102}}
Aug 29 07:49:08.978035 np0000032625 devstack@n-api-meta.service[75495]: DEBUG oslo_db.sqlalchemy.engines [None req-961509b0-0396-4ee7-99de-0182ff2c1897 None None] MySQL server mode set to STRICT_TRANS_TABLES,STRICT_ALL_TABLES,NO_ZERO_IN_DATE,NO_ZERO_DATE,ERROR_FOR_DIVISION_BY_ZERO,TRADITIONAL,NO_ENGINE_SUBSTITUTION {{(pid=75495) _check_effective_sql_mode /opt/stack/data/venv/lib/python3.12/site-packages/oslo_db/sqlalchemy/engines.py:397}}
Aug 29 07:49:08.978478 np0000032625 devstack@n-api-meta.service[75496]: INFO dbcounter [None req-18e408d3-3da1-4314-a962-5348d84ea182 None None] Registered counter for database nova_cell0
Aug 29 07:49:08.981612 np0000032625 devstack@n-api-meta.service[75496]: DEBUG oslo_db.sqlalchemy.engines [None req-18e408d3-3da1-4314-a962-5348d84ea182 None None] MySQL server mode set to STRICT_TRANS_TABLES,STRICT_ALL_TABLES,NO_ZERO_IN_DATE,NO_ZERO_DATE,ERROR_FOR_DIVISION_BY_ZERO,TRADITIONAL,NO_ENGINE_SUBSTITUTION {{(pid=75496) _check_effective_sql_mode /opt/stack/data/venv/lib/python3.12/site-packages/oslo_db/sqlalchemy/engines.py:397}}
Aug 29 07:49:08.981968 np0000032625 devstack@n-api-meta.service[75495]: DEBUG dbcounter [-] [75495] Writer thread running {{(pid=75495) stat_writer /opt/stack/data/venv/lib/python3.12/site-packages/dbcounter.py:102}}
Aug 29 07:49:08.985259 np0000032625 devstack@n-api-meta.service[75496]: DEBUG dbcounter [-] [75496] Writer thread running {{(pid=75496) stat_writer /opt/stack/data/venv/lib/python3.12/site-packages/dbcounter.py:102}}
Aug 29 07:49:09.013431 np0000032625 devstack@n-api-meta.service[75495]: WARNING nova.api.metadata.handler [None req-961509b0-0396-4ee7-99de-0182ff2c1897 None None] metadata_proxy_shared_secret is not configured, the metadata information returned by the proxy cannot be trusted
Aug 29 07:49:09.013522 np0000032625 devstack@n-api-meta.service[75496]: WARNING nova.api.metadata.handler [None req-18e408d3-3da1-4314-a962-5348d84ea182 None None] metadata_proxy_shared_secret is not configured, the metadata information returned by the proxy cannot be trusted
Aug 29 07:49:09.015118 np0000032625 devstack@n-api-meta.service[75495]: WSGI app 0 (mountpoint='') ready in 2 seconds on interpreter 0x7e0d35ca39e8 pid: 75495 (default app)
Aug 29 07:49:09.015149 np0000032625 devstack@n-api-meta.service[75496]: WSGI app 0 (mountpoint='') ready in 2 seconds on interpreter 0x7e0d35ca39e8 pid: 75496 (default app)
Aug 29 07:59:05.018964 np0000032625 devstack@n-api-meta.service[75495]: DEBUG nova.api.metadata.handler [None req-961509b0-0396-4ee7-99de-0182ff2c1897 None None] Metadata request headers: {'Host': '192.168.1.109:8775', 'User-Agent': 'python-requests/2.32.3', 'Accept-Encoding': 'gzip, deflate', 'Accept': '*/*', 'Connection': 'keep-alive', 'X-Forwarded-For': '10.1.0.20', 'X-Instance-Id': '4e103c60-1aeb-476a-b4b1-ff92d24949a1', 'X-Tenant-Id': '3448bf8df0ef4762b19dc22d7bd5c361', 'X-Instance-Id-Signature': 'cc8de0f68ed74c82eb143095350c7017920f0bccd79bb89866d11e97cf2f7c48'} {{(pid=75495) __call__ /opt/stack/nova/nova/api/metadata/handler.py:109}}
Aug 29 07:59:05.020965 np0000032625 devstack@n-api-meta.service[75495]: DEBUG dbcounter [-] [75495] Writing DB stats nova_api:SELECT=1 {{(pid=75495) stat_writer /opt/stack/data/venv/lib/python3.12/site-packages/dbcounter.py:115}}
Aug 29 07:59:05.021555 np0000032625 devstack@n-api-meta.service[75495]: DEBUG dbcounter [-] [75495] Writing DB stats nova_cell1:SELECT=1 {{(pid=75495) stat_writer /opt/stack/data/venv/lib/python3.12/site-packages/dbcounter.py:115}}
Aug 29 07:59:05.022071 np0000032625 devstack@n-api-meta.service[75495]: DEBUG dbcounter [-] [75495] Writing DB stats nova_cell0:SELECT=1 {{(pid=75495) stat_writer /opt/stack/data/venv/lib/python3.12/site-packages/dbcounter.py:115}}
Aug 29 07:59:05.022406 np0000032625 devstack@n-api-meta.service[75495]: DEBUG dbcounter [-] [75495] Writing DB stats nova_cell0:SELECT=2,nova_cell0:INSERT=1 {{(pid=75495) stat_writer /opt/stack/data/venv/lib/python3.12/site-packages/dbcounter.py:115}}
Aug 29 07:59:05.031112 np0000032625 devstack@n-api-meta.service[75495]: DEBUG oslo_concurrency.lockutils [None req-3b27adef-b510-4ef6-8b76-f3f2793785bf None None] Acquiring lock "b594d52d-7bd4-4a25-b42b-992decfae3d3" by "nova.context.set_target_cell.<locals>.get_or_set_cached_cell_and_set_connections" {{(pid=75495) inner /opt/stack/data/venv/lib/python3.12/site-packages/oslo_concurrency/lockutils.py:405}}
Aug 29 07:59:05.031281 np0000032625 devstack@n-api-meta.service[75495]: DEBUG oslo_concurrency.lockutils [None req-3b27adef-b510-4ef6-8b76-f3f2793785bf None None] Lock "b594d52d-7bd4-4a25-b42b-992decfae3d3" acquired by "nova.context.set_target_cell.<locals>.get_or_set_cached_cell_and_set_connections" :: waited 0.000s {{(pid=75495) inner /opt/stack/data/venv/lib/python3.12/site-packages/oslo_concurrency/lockutils.py:410}}
Aug 29 07:59:05.031408 np0000032625 devstack@n-api-meta.service[75495]: DEBUG oslo_concurrency.lockutils [None req-3b27adef-b510-4ef6-8b76-f3f2793785bf None None] Lock "b594d52d-7bd4-4a25-b42b-992decfae3d3" "released" by "nova.context.set_target_cell.<locals>.get_or_set_cached_cell_and_set_connections" :: held 0.000s {{(pid=75495) inner /opt/stack/data/venv/lib/python3.12/site-packages/oslo_concurrency/lockutils.py:424}}
Aug 29 07:59:05.458838 np0000032625 devstack@n-api-meta.service[75495]: [pid: 75495|app: 0|req: 1/1] 192.168.1.109 () {40 vars in 702 bytes} [Fri Aug 29 07:59:05 2025] GET /latest/meta-data/public-keys/0/openssh-key => generated 204 bytes in 441 msecs (HTTP/1.1 200) 3 headers in 100 bytes (1 switches on core 0)
Aug 29 07:59:53.660408 np0000032625 devstack@n-api-meta.service[75496]: DEBUG nova.api.metadata.handler [None req-18e408d3-3da1-4314-a962-5348d84ea182 None None] Metadata request headers: {'Host': '192.168.1.109:8775', 'User-Agent': 'python-requests/2.32.3', 'Accept-Encoding': 'gzip, deflate', 'Accept': '*/*', 'Connection': 'keep-alive', 'X-Forwarded-For': '10.1.0.20', 'X-Instance-Id': 'cd892988-8333-4c0e-b47a-fc09da9bf732', 'X-Tenant-Id': 'd6f94e50d16347958d45c75bc1105122', 'X-Instance-Id-Signature': 'd82f7172e9d99d8293c89d7baf97fb76bc556ced40c1b713d819d70e77d1e742'} {{(pid=75496) __call__ /opt/stack/nova/nova/api/metadata/handler.py:109}}
Aug 29 07:59:53.662361 np0000032625 devstack@n-api-meta.service[75496]: DEBUG dbcounter [-] [75496] Writing DB stats nova_api:SELECT=1 {{(pid=75496) stat_writer /opt/stack/data/venv/lib/python3.12/site-packages/dbcounter.py:115}}
Aug 29 07:59:53.662971 np0000032625 devstack@n-api-meta.service[75496]: DEBUG dbcounter [-] [75496] Writing DB stats nova_cell1:SELECT=1 {{(pid=75496) stat_writer /opt/stack/data/venv/lib/python3.12/site-packages/dbcounter.py:115}}
Aug 29 07:59:53.663487 np0000032625 devstack@n-api-meta.service[75496]: DEBUG dbcounter [-] [75496] Writing DB stats nova_cell0:SELECT=1 {{(pid=75496) stat_writer /opt/stack/data/venv/lib/python3.12/site-packages/dbcounter.py:115}}
Aug 29 07:59:53.663805 np0000032625 devstack@n-api-meta.service[75496]: DEBUG dbcounter [-] [75496] Writing DB stats nova_cell0:SELECT=2,nova_cell0:INSERT=1 {{(pid=75496) stat_writer /opt/stack/data/venv/lib/python3.12/site-packages/dbcounter.py:115}}
Aug 29 07:59:53.672473 np0000032625 devstack@n-api-meta.service[75496]: DEBUG oslo_concurrency.lockutils [None req-39c06753-1681-4a6d-a6a1-34ad605ce82c None None] Acquiring lock "b594d52d-7bd4-4a25-b42b-992decfae3d3" by "nova.context.set_target_cell.<locals>.get_or_set_cached_cell_and_set_connections" {{(pid=75496) inner /opt/stack/data/venv/lib/python3.12/site-packages/oslo_concurrency/lockutils.py:405}}
Aug 29 07:59:53.672672 np0000032625 devstack@n-api-meta.service[75496]: DEBUG oslo_concurrency.lockutils [None req-39c06753-1681-4a6d-a6a1-34ad605ce82c None None] Lock "b594d52d-7bd4-4a25-b42b-992decfae3d3" acquired by "nova.context.set_target_cell.<locals>.get_or_set_cached_cell_and_set_connections" :: waited 0.000s {{(pid=75496) inner /opt/stack/data/venv/lib/python3.12/site-packages/oslo_concurrency/lockutils.py:410}}
Aug 29 07:59:53.672799 np0000032625 devstack@n-api-meta.service[75496]: DEBUG oslo_concurrency.lockutils [None req-39c06753-1681-4a6d-a6a1-34ad605ce82c None None] Lock "b594d52d-7bd4-4a25-b42b-992decfae3d3" "released" by "nova.context.set_target_cell.<locals>.get_or_set_cached_cell_and_set_connections" :: held 0.000s {{(pid=75496) inner /opt/stack/data/venv/lib/python3.12/site-packages/oslo_concurrency/lockutils.py:424}}
Aug 29 07:59:53.950921 np0000032625 devstack@n-api-meta.service[75496]: [pid: 75496|app: 0|req: 1/2] 192.168.1.109 () {40 vars in 701 bytes} [Fri Aug 29 07:59:53 2025] GET /latest/meta-data/public-keys/0/openssh-key => generated 204 bytes in 291 msecs (HTTP/1.1 200) 3 headers in 100 bytes (1 switches on core 0)
Aug 29 08:02:18.676270 np0000032625 devstack@n-api-meta.service[75495]: DEBUG nova.api.metadata.handler [None req-3b27adef-b510-4ef6-8b76-f3f2793785bf None None] Metadata request headers: {'Host': '192.168.1.109:8775', 'User-Agent': 'python-requests/2.32.3', 'Accept-Encoding': 'gzip, deflate', 'Accept': '*/*', 'Connection': 'keep-alive', 'X-Forwarded-For': '10.1.0.30', 'X-Instance-Id': '782a6782-638c-4ec4-bc05-15b1a94fe4d4', 'X-Tenant-Id': 'd6f94e50d16347958d45c75bc1105122', 'X-Instance-Id-Signature': '373487d3d3535329db1a60b7cb55ab1d56ec8a5dd2b06220fb3d5afd7900a7c9'} {{(pid=75495) __call__ /opt/stack/nova/nova/api/metadata/handler.py:109}}
Aug 29 08:02:18.676825 np0000032625 devstack@n-api-meta.service[75495]: DEBUG dbcounter [-] [75495] Writing DB stats nova_api:SELECT=1 {{(pid=75495) stat_writer /opt/stack/data/venv/lib/python3.12/site-packages/dbcounter.py:115}}
Aug 29 08:02:18.677373 np0000032625 devstack@n-api-meta.service[75495]: DEBUG dbcounter [-] [75495] Writing DB stats nova_cell1:SELECT=4 {{(pid=75495) stat_writer /opt/stack/data/venv/lib/python3.12/site-packages/dbcounter.py:115}}
Aug 29 08:02:18.680520 np0000032625 devstack@n-api-meta.service[75495]: DEBUG oslo_concurrency.lockutils [None req-0ce563c5-6032-434e-a196-ee80e5dbaa75 None None] Acquiring lock "b594d52d-7bd4-4a25-b42b-992decfae3d3" by "nova.context.set_target_cell.<locals>.get_or_set_cached_cell_and_set_connections" {{(pid=75495) inner /opt/stack/data/venv/lib/python3.12/site-packages/oslo_concurrency/lockutils.py:405}}
Aug 29 08:02:18.680694 np0000032625 devstack@n-api-meta.service[75495]: DEBUG oslo_concurrency.lockutils [None req-0ce563c5-6032-434e-a196-ee80e5dbaa75 None None] Lock "b594d52d-7bd4-4a25-b42b-992decfae3d3" acquired by "nova.context.set_target_cell.<locals>.get_or_set_cached_cell_and_set_connections" :: waited 0.000s {{(pid=75495) inner /opt/stack/data/venv/lib/python3.12/site-packages/oslo_concurrency/lockutils.py:410}}
Aug 29 08:02:18.680821 np0000032625 devstack@n-api-meta.service[75495]: DEBUG oslo_concurrency.lockutils [None req-0ce563c5-6032-434e-a196-ee80e5dbaa75 None None] Lock "b594d52d-7bd4-4a25-b42b-992decfae3d3" "released" by "nova.context.set_target_cell.<locals>.get_or_set_cached_cell_and_set_connections" :: held 0.000s {{(pid=75495) inner /opt/stack/data/venv/lib/python3.12/site-packages/oslo_concurrency/lockutils.py:424}}
Aug 29 08:02:18.736549 np0000032625 devstack@n-api-meta.service[75495]: [pid: 75495|app: 0|req: 2/3] 192.168.1.109 () {40 vars in 702 bytes} [Fri Aug 29 08:02:18 2025] GET /latest/meta-data/public-keys/0/openssh-key => generated 204 bytes in 61 msecs (HTTP/1.1 200) 3 headers in 100 bytes (1 switches on core 0)
Aug 29 08:04:43.439350 np0000032625 devstack@n-api-meta.service[75496]: DEBUG nova.api.metadata.handler [None req-39c06753-1681-4a6d-a6a1-34ad605ce82c None None] Metadata request headers: {'Host': '192.168.1.109:8775', 'User-Agent': 'python-requests/2.32.3', 'Accept-Encoding': 'gzip, deflate', 'Accept': '*/*', 'Connection': 'keep-alive', 'X-Forwarded-For': '10.1.0.27', 'X-Instance-Id': 'e03137a2-74fc-48e3-9911-1d9528f5b0c6', 'X-Tenant-Id': 'd6f94e50d16347958d45c75bc1105122', 'X-Instance-Id-Signature': 'e0c2d8d754255511208d378b82fed66e35e76763dfaf67e3023fecf52a726027'} {{(pid=75496) __call__ /opt/stack/nova/nova/api/metadata/handler.py:109}}
Aug 29 08:04:43.439926 np0000032625 devstack@n-api-meta.service[75496]: DEBUG dbcounter [-] [75496] Writing DB stats nova_api:SELECT=1 {{(pid=75496) stat_writer /opt/stack/data/venv/lib/python3.12/site-packages/dbcounter.py:115}}
Aug 29 08:04:43.440447 np0000032625 devstack@n-api-meta.service[75496]: DEBUG dbcounter [-] [75496] Writing DB stats nova_cell1:SELECT=4 {{(pid=75496) stat_writer /opt/stack/data/venv/lib/python3.12/site-packages/dbcounter.py:115}}
Aug 29 08:04:43.443910 np0000032625 devstack@n-api-meta.service[75496]: DEBUG oslo_concurrency.lockutils [None req-71ff59a3-f3f9-432c-a454-3c201f54d08a None None] Acquiring lock "b594d52d-7bd4-4a25-b42b-992decfae3d3" by "nova.context.set_target_cell.<locals>.get_or_set_cached_cell_and_set_connections" {{(pid=75496) inner /opt/stack/data/venv/lib/python3.12/site-packages/oslo_concurrency/lockutils.py:405}}
Aug 29 08:04:43.444113 np0000032625 devstack@n-api-meta.service[75496]: DEBUG oslo_concurrency.lockutils [None req-71ff59a3-f3f9-432c-a454-3c201f54d08a None None] Lock "b594d52d-7bd4-4a25-b42b-992decfae3d3" acquired by "nova.context.set_target_cell.<locals>.get_or_set_cached_cell_and_set_connections" :: waited 0.000s {{(pid=75496) inner /opt/stack/data/venv/lib/python3.12/site-packages/oslo_concurrency/lockutils.py:410}}
Aug 29 08:04:43.444249 np0000032625 devstack@n-api-meta.service[75496]: DEBUG oslo_concurrency.lockutils [None req-71ff59a3-f3f9-432c-a454-3c201f54d08a None None] Lock "b594d52d-7bd4-4a25-b42b-992decfae3d3" "released" by "nova.context.set_target_cell.<locals>.get_or_set_cached_cell_and_set_connections" :: held 0.000s {{(pid=75496) inner /opt/stack/data/venv/lib/python3.12/site-packages/oslo_concurrency/lockutils.py:424}}
Aug 29 08:04:43.508882 np0000032625 devstack@n-api-meta.service[75496]: [pid: 75496|app: 0|req: 2/4] 192.168.1.109 () {40 vars in 702 bytes} [Fri Aug 29 08:04:43 2025] GET /latest/meta-data/public-keys/0/openssh-key => generated 204 bytes in 70 msecs (HTTP/1.1 200) 3 headers in 100 bytes (1 switches on core 0)
Aug 29 08:04:46.190367 np0000032625 devstack@n-api-meta.service[75495]: DEBUG nova.api.metadata.handler [None req-0ce563c5-6032-434e-a196-ee80e5dbaa75 None None] Metadata request headers: {'Host': '192.168.1.109:8775', 'User-Agent': 'python-requests/2.32.3', 'Accept-Encoding': 'gzip, deflate', 'Accept': '*/*', 'Connection': 'keep-alive', 'X-Forwarded-For': '10.1.0.21', 'X-Instance-Id': '85636345-4995-41ad-aba2-d533416ef635', 'X-Tenant-Id': 'd6f94e50d16347958d45c75bc1105122', 'X-Instance-Id-Signature': 'b2b3c72e093e3eb32b8d388546c7a0f1774ce33060cfd54f385c3a376ae0a5eb'} {{(pid=75495) __call__ /opt/stack/nova/nova/api/metadata/handler.py:109}}
Aug 29 08:04:46.190367 np0000032625 devstack@n-api-meta.service[75495]: DEBUG dbcounter [-] [75495] Writing DB stats nova_api:SELECT=1 {{(pid=75495) stat_writer /opt/stack/data/venv/lib/python3.12/site-packages/dbcounter.py:115}}
Aug 29 08:04:46.190367 np0000032625 devstack@n-api-meta.service[75495]: DEBUG dbcounter [-] [75495] Writing DB stats nova_cell1:SELECT=4 {{(pid=75495) stat_writer /opt/stack/data/venv/lib/python3.12/site-packages/dbcounter.py:115}}
Aug 29 08:04:46.193616 np0000032625 devstack@n-api-meta.service[75495]: DEBUG oslo_concurrency.lockutils [None req-2463908c-9679-4edd-bfe0-314fc42e9c6d None None] Acquiring lock "b594d52d-7bd4-4a25-b42b-992decfae3d3" by "nova.context.set_target_cell.<locals>.get_or_set_cached_cell_and_set_connections" {{(pid=75495) inner /opt/stack/data/venv/lib/python3.12/site-packages/oslo_concurrency/lockutils.py:405}}
Aug 29 08:04:46.194755 np0000032625 devstack@n-api-meta.service[75495]: DEBUG oslo_concurrency.lockutils [None req-2463908c-9679-4edd-bfe0-314fc42e9c6d None None] Lock "b594d52d-7bd4-4a25-b42b-992decfae3d3" acquired by "nova.context.set_target_cell.<locals>.get_or_set_cached_cell_and_set_connections" :: waited 0.000s {{(pid=75495) inner /opt/stack/data/venv/lib/python3.12/site-packages/oslo_concurrency/lockutils.py:410}}
Aug 29 08:04:46.194755 np0000032625 devstack@n-api-meta.service[75495]: DEBUG oslo_concurrency.lockutils [None req-2463908c-9679-4edd-bfe0-314fc42e9c6d None None] Lock "b594d52d-7bd4-4a25-b42b-992decfae3d3" "released" by "nova.context.set_target_cell.<locals>.get_or_set_cached_cell_and_set_connections" :: held 0.000s {{(pid=75495) inner /opt/stack/data/venv/lib/python3.12/site-packages/oslo_concurrency/lockutils.py:424}}
Aug 29 08:04:46.282926 np0000032625 devstack@n-api-meta.service[75495]: [pid: 75495|app: 0|req: 3/5] 192.168.1.109 () {40 vars in 702 bytes} [Fri Aug 29 08:04:46 2025] GET /latest/meta-data/public-keys/0/openssh-key => generated 204 bytes in 94 msecs (HTTP/1.1 200) 3 headers in 100 bytes (1 switches on core 0)
Aug 29 08:07:35.705450 np0000032625 devstack@n-api-meta.service[75496]: DEBUG nova.api.metadata.handler [None req-71ff59a3-f3f9-432c-a454-3c201f54d08a None None] Metadata request headers: {'Host': '192.168.1.109:8775', 'User-Agent': 'python-requests/2.32.3', 'Accept-Encoding': 'gzip, deflate', 'Accept': '*/*', 'Connection': 'keep-alive', 'X-Forwarded-For': '10.1.0.24', 'X-Instance-Id': '89b2716f-2028-4f5c-a69d-945be5494955', 'X-Tenant-Id': 'd6f94e50d16347958d45c75bc1105122', 'X-Instance-Id-Signature': 'fd5a98196db46958ea75da547566c6dbb3cc94c4a1c4e0507001d6e03f650473'} {{(pid=75496) __call__ /opt/stack/nova/nova/api/metadata/handler.py:109}}
Aug 29 08:07:35.705450 np0000032625 devstack@n-api-meta.service[75496]: DEBUG dbcounter [-] [75496] Writing DB stats nova_api:SELECT=1 {{(pid=75496) stat_writer /opt/stack/data/venv/lib/python3.12/site-packages/dbcounter.py:115}}
Aug 29 08:07:35.705450 np0000032625 devstack@n-api-meta.service[75496]: DEBUG dbcounter [-] [75496] Writing DB stats nova_cell1:SELECT=4 {{(pid=75496) stat_writer /opt/stack/data/venv/lib/python3.12/site-packages/dbcounter.py:115}}
Aug 29 08:07:35.708368 np0000032625 devstack@n-api-meta.service[75496]: DEBUG oslo_concurrency.lockutils [None req-7341790c-3d8a-409c-9649-2fc8ae4786dc None None] Acquiring lock "b594d52d-7bd4-4a25-b42b-992decfae3d3" by "nova.context.set_target_cell.<locals>.get_or_set_cached_cell_and_set_connections" {{(pid=75496) inner /opt/stack/data/venv/lib/python3.12/site-packages/oslo_concurrency/lockutils.py:405}}
Aug 29 08:07:35.708541 np0000032625 devstack@n-api-meta.service[75496]: DEBUG oslo_concurrency.lockutils [None req-7341790c-3d8a-409c-9649-2fc8ae4786dc None None] Lock "b594d52d-7bd4-4a25-b42b-992decfae3d3" acquired by "nova.context.set_target_cell.<locals>.get_or_set_cached_cell_and_set_connections" :: waited 0.000s {{(pid=75496) inner /opt/stack/data/venv/lib/python3.12/site-packages/oslo_concurrency/lockutils.py:410}}
Aug 29 08:07:35.708692 np0000032625 devstack@n-api-meta.service[75496]: DEBUG oslo_concurrency.lockutils [None req-7341790c-3d8a-409c-9649-2fc8ae4786dc None None] Lock "b594d52d-7bd4-4a25-b42b-992decfae3d3" "released" by "nova.context.set_target_cell.<locals>.get_or_set_cached_cell_and_set_connections" :: held 0.000s {{(pid=75496) inner /opt/stack/data/venv/lib/python3.12/site-packages/oslo_concurrency/lockutils.py:424}}
Aug 29 08:07:35.832075 np0000032625 devstack@n-api-meta.service[75496]: [pid: 75496|app: 0|req: 3/6] 192.168.1.109 () {40 vars in 702 bytes} [Fri Aug 29 08:07:35 2025] GET /latest/meta-data/public-keys/0/openssh-key => generated 204 bytes in 128 msecs (HTTP/1.1 200) 3 headers in 100 bytes (1 switches on core 0)
