Aug 29 07:48:39.725286 np0000032625 devstack@n-api.service[69036]: DEBUG nova.api.openstack.wsgi_app [-] oslo_messaging_notifications.transport_url = **** {{(pid=69036) log_opt_values /opt/stack/data/venv/lib/python3.12/site-packages/oslo_config/cfg.py:2824}}
Aug 29 07:48:39.725352 np0000032625 devstack@n-api.service[69036]: DEBUG nova.api.openstack.wsgi_app [-] oslo_reports.file_event_handler = None {{(pid=69036) log_opt_values /opt/stack/data/venv/lib/python3.12/site-packages/oslo_config/cfg.py:2824}}
Aug 29 07:48:39.725371 np0000032625 devstack@n-api.service[69037]: DEBUG nova.api.openstack.wsgi_app [-] oslo_messaging_rabbit.ssl_enforce_fips_mode = False {{(pid=69037) log_opt_values /opt/stack/data/venv/lib/python3.12/site-packages/oslo_config/cfg.py:2824}}
Aug 29 07:48:39.725435 np0000032625 devstack@n-api.service[69036]: DEBUG nova.api.openstack.wsgi_app [-] oslo_reports.file_event_handler_interval = 1 {{(pid=69036) log_opt_values /opt/stack/data/venv/lib/python3.12/site-packages/oslo_config/cfg.py:2824}}
Aug 29 07:48:39.725482 np0000032625 devstack@n-api.service[69037]: DEBUG nova.api.openstack.wsgi_app [-] oslo_messaging_rabbit.ssl_key_file =  {{(pid=69037) log_opt_values /opt/stack/data/venv/lib/python3.12/site-packages/oslo_config/cfg.py:2824}}
Aug 29 07:48:39.725543 np0000032625 devstack@n-api.service[69036]: DEBUG nova.api.openstack.wsgi_app [-] oslo_reports.log_dir           = None {{(pid=69036) log_opt_values /opt/stack/data/venv/lib/python3.12/site-packages/oslo_config/cfg.py:2824}}
Aug 29 07:48:39.725589 np0000032625 devstack@n-api.service[69036]: DEBUG nova.api.openstack.wsgi_app [-] ******************************************************************************** {{(pid=69036) log_opt_values /opt/stack/data/venv/lib/python3.12/site-packages/oslo_config/cfg.py:2828}}
Aug 29 07:48:39.725607 np0000032625 devstack@n-api.service[69037]: DEBUG nova.api.openstack.wsgi_app [-] oslo_messaging_rabbit.ssl_version =  {{(pid=69037) log_opt_values /opt/stack/data/venv/lib/python3.12/site-packages/oslo_config/cfg.py:2824}}
Aug 29 07:48:39.725688 np0000032625 devstack@n-api.service[69037]: DEBUG nova.api.openstack.wsgi_app [-] oslo_messaging_rabbit.use_queue_manager = False {{(pid=69037) log_opt_values /opt/stack/data/venv/lib/python3.12/site-packages/oslo_config/cfg.py:2824}}
Aug 29 07:48:39.725781 np0000032625 devstack@n-api.service[69037]: DEBUG nova.api.openstack.wsgi_app [-] oslo_messaging_notifications.driver = ['messagingv2'] {{(pid=69037) log_opt_values /opt/stack/data/venv/lib/python3.12/site-packages/oslo_config/cfg.py:2824}}
Aug 29 07:48:39.725872 np0000032625 devstack@n-api.service[69037]: DEBUG nova.api.openstack.wsgi_app [-] oslo_messaging_notifications.retry = -1 {{(pid=69037) log_opt_values /opt/stack/data/venv/lib/python3.12/site-packages/oslo_config/cfg.py:2824}}
Aug 29 07:48:39.725961 np0000032625 devstack@n-api.service[69037]: DEBUG nova.api.openstack.wsgi_app [-] oslo_messaging_notifications.topics = ['notifications'] {{(pid=69037) log_opt_values /opt/stack/data/venv/lib/python3.12/site-packages/oslo_config/cfg.py:2824}}
Aug 29 07:48:39.726047 np0000032625 devstack@n-api.service[69037]: DEBUG nova.api.openstack.wsgi_app [-] oslo_messaging_notifications.transport_url = **** {{(pid=69037) log_opt_values /opt/stack/data/venv/lib/python3.12/site-packages/oslo_config/cfg.py:2824}}
Aug 29 07:48:39.726131 np0000032625 devstack@n-api.service[69037]: DEBUG nova.api.openstack.wsgi_app [-] oslo_reports.file_event_handler = None {{(pid=69037) log_opt_values /opt/stack/data/venv/lib/python3.12/site-packages/oslo_config/cfg.py:2824}}
Aug 29 07:48:39.726214 np0000032625 devstack@n-api.service[69037]: DEBUG nova.api.openstack.wsgi_app [-] oslo_reports.file_event_handler_interval = 1 {{(pid=69037) log_opt_values /opt/stack/data/venv/lib/python3.12/site-packages/oslo_config/cfg.py:2824}}
Aug 29 07:48:39.726294 np0000032625 devstack@n-api.service[69037]: DEBUG nova.api.openstack.wsgi_app [-] oslo_reports.log_dir           = None {{(pid=69037) log_opt_values /opt/stack/data/venv/lib/python3.12/site-packages/oslo_config/cfg.py:2824}}
Aug 29 07:48:39.726360 np0000032625 devstack@n-api.service[69037]: DEBUG nova.api.openstack.wsgi_app [-] ******************************************************************************** {{(pid=69037) log_opt_values /opt/stack/data/venv/lib/python3.12/site-packages/oslo_config/cfg.py:2828}}
Aug 29 07:48:39.753937 np0000032625 devstack@n-api.service[69036]: INFO dbcounter [None req-f70707aa-0473-4950-8245-337d40224321 None None] Registered counter for database nova_api
Aug 29 07:48:39.754799 np0000032625 devstack@n-api.service[69037]: INFO dbcounter [None req-98f0c7d6-39ba-472e-b360-49c0435237db None None] Registered counter for database nova_api
Aug 29 07:48:39.763405 np0000032625 devstack@n-api.service[69036]: DEBUG oslo_db.sqlalchemy.engines [None req-f70707aa-0473-4950-8245-337d40224321 None None] MySQL server mode set to STRICT_TRANS_TABLES,STRICT_ALL_TABLES,NO_ZERO_IN_DATE,NO_ZERO_DATE,ERROR_FOR_DIVISION_BY_ZERO,TRADITIONAL,NO_ENGINE_SUBSTITUTION {{(pid=69036) _check_effective_sql_mode /opt/stack/data/venv/lib/python3.12/site-packages/oslo_db/sqlalchemy/engines.py:397}}
Aug 29 07:48:39.764158 np0000032625 devstack@n-api.service[69037]: DEBUG oslo_db.sqlalchemy.engines [None req-98f0c7d6-39ba-472e-b360-49c0435237db None None] MySQL server mode set to STRICT_TRANS_TABLES,STRICT_ALL_TABLES,NO_ZERO_IN_DATE,NO_ZERO_DATE,ERROR_FOR_DIVISION_BY_ZERO,TRADITIONAL,NO_ENGINE_SUBSTITUTION {{(pid=69037) _check_effective_sql_mode /opt/stack/data/venv/lib/python3.12/site-packages/oslo_db/sqlalchemy/engines.py:397}}
Aug 29 07:48:39.785766 np0000032625 devstack@n-api.service[69036]: DEBUG dbcounter [-] [69036] Writer thread running {{(pid=69036) stat_writer /opt/stack/data/venv/lib/python3.12/site-packages/dbcounter.py:102}}
Aug 29 07:48:39.786537 np0000032625 devstack@n-api.service[69037]: DEBUG dbcounter [-] [69037] Writer thread running {{(pid=69037) stat_writer /opt/stack/data/venv/lib/python3.12/site-packages/dbcounter.py:102}}
Aug 29 07:48:39.787374 np0000032625 devstack@n-api.service[69036]: DEBUG nova.context [None req-f70707aa-0473-4950-8245-337d40224321 None None] Found 2 cells: 00000000-0000-0000-0000-000000000000(cell0),b594d52d-7bd4-4a25-b42b-992decfae3d3(cell1) {{(pid=69036) load_cells /opt/stack/nova/nova/context.py:464}}
Aug 29 07:48:39.788119 np0000032625 devstack@n-api.service[69037]: DEBUG nova.context [None req-98f0c7d6-39ba-472e-b360-49c0435237db None None] Found 2 cells: 00000000-0000-0000-0000-000000000000(cell0),b594d52d-7bd4-4a25-b42b-992decfae3d3(cell1) {{(pid=69037) load_cells /opt/stack/nova/nova/context.py:464}}
Aug 29 07:48:39.788817 np0000032625 devstack@n-api.service[69036]: DEBUG oslo_concurrency.lockutils [None req-f70707aa-0473-4950-8245-337d40224321 None None] Acquiring lock "00000000-0000-0000-0000-000000000000" by "nova.context.set_target_cell.<locals>.get_or_set_cached_cell_and_set_connections" {{(pid=69036) inner /opt/stack/data/venv/lib/python3.12/site-packages/oslo_concurrency/lockutils.py:405}}
Aug 29 07:48:39.789008 np0000032625 devstack@n-api.service[69036]: DEBUG oslo_concurrency.lockutils [None req-f70707aa-0473-4950-8245-337d40224321 None None] Lock "00000000-0000-0000-0000-000000000000" acquired by "nova.context.set_target_cell.<locals>.get_or_set_cached_cell_and_set_connections" :: waited 0.000s {{(pid=69036) inner /opt/stack/data/venv/lib/python3.12/site-packages/oslo_concurrency/lockutils.py:410}}
Aug 29 07:48:39.789320 np0000032625 devstack@n-api.service[69036]: DEBUG oslo_concurrency.lockutils [None req-f70707aa-0473-4950-8245-337d40224321 None None] Lock "00000000-0000-0000-0000-000000000000" "released" by "nova.context.set_target_cell.<locals>.get_or_set_cached_cell_and_set_connections" :: held 0.000s {{(pid=69036) inner /opt/stack/data/venv/lib/python3.12/site-packages/oslo_concurrency/lockutils.py:424}}
Aug 29 07:48:39.789527 np0000032625 devstack@n-api.service[69037]: DEBUG oslo_concurrency.lockutils [None req-98f0c7d6-39ba-472e-b360-49c0435237db None None] Acquiring lock "00000000-0000-0000-0000-000000000000" by "nova.context.set_target_cell.<locals>.get_or_set_cached_cell_and_set_connections" {{(pid=69037) inner /opt/stack/data/venv/lib/python3.12/site-packages/oslo_concurrency/lockutils.py:405}}
Aug 29 07:48:39.789644 np0000032625 devstack@n-api.service[69036]: DEBUG oslo_concurrency.lockutils [None req-f70707aa-0473-4950-8245-337d40224321 None None] Acquiring lock "b594d52d-7bd4-4a25-b42b-992decfae3d3" by "nova.context.set_target_cell.<locals>.get_or_set_cached_cell_and_set_connections" {{(pid=69036) inner /opt/stack/data/venv/lib/python3.12/site-packages/oslo_concurrency/lockutils.py:405}}
Aug 29 07:48:39.789715 np0000032625 devstack@n-api.service[69037]: DEBUG oslo_concurrency.lockutils [None req-98f0c7d6-39ba-472e-b360-49c0435237db None None] Lock "00000000-0000-0000-0000-000000000000" acquired by "nova.context.set_target_cell.<locals>.get_or_set_cached_cell_and_set_connections" :: waited 0.000s {{(pid=69037) inner /opt/stack/data/venv/lib/python3.12/site-packages/oslo_concurrency/lockutils.py:410}}
Aug 29 07:48:39.789773 np0000032625 devstack@n-api.service[69036]: DEBUG oslo_concurrency.lockutils [None req-f70707aa-0473-4950-8245-337d40224321 None None] Lock "b594d52d-7bd4-4a25-b42b-992decfae3d3" acquired by "nova.context.set_target_cell.<locals>.get_or_set_cached_cell_and_set_connections" :: waited 0.000s {{(pid=69036) inner /opt/stack/data/venv/lib/python3.12/site-packages/oslo_concurrency/lockutils.py:410}}
Aug 29 07:48:39.790051 np0000032625 devstack@n-api.service[69037]: DEBUG oslo_concurrency.lockutils [None req-98f0c7d6-39ba-472e-b360-49c0435237db None None] Lock "00000000-0000-0000-0000-000000000000" "released" by "nova.context.set_target_cell.<locals>.get_or_set_cached_cell_and_set_connections" :: held 0.000s {{(pid=69037) inner /opt/stack/data/venv/lib/python3.12/site-packages/oslo_concurrency/lockutils.py:424}}
Aug 29 07:48:39.790385 np0000032625 devstack@n-api.service[69037]: DEBUG oslo_concurrency.lockutils [None req-98f0c7d6-39ba-472e-b360-49c0435237db None None] Acquiring lock "b594d52d-7bd4-4a25-b42b-992decfae3d3" by "nova.context.set_target_cell.<locals>.get_or_set_cached_cell_and_set_connections" {{(pid=69037) inner /opt/stack/data/venv/lib/python3.12/site-packages/oslo_concurrency/lockutils.py:405}}
Aug 29 07:48:39.790446 np0000032625 devstack@n-api.service[69036]: DEBUG oslo_concurrency.lockutils [None req-f70707aa-0473-4950-8245-337d40224321 None None] Lock "b594d52d-7bd4-4a25-b42b-992decfae3d3" "released" by "nova.context.set_target_cell.<locals>.get_or_set_cached_cell_and_set_connections" :: held 0.001s {{(pid=69036) inner /opt/stack/data/venv/lib/python3.12/site-packages/oslo_concurrency/lockutils.py:424}}
Aug 29 07:48:39.790525 np0000032625 devstack@n-api.service[69037]: DEBUG oslo_concurrency.lockutils [None req-98f0c7d6-39ba-472e-b360-49c0435237db None None] Lock "b594d52d-7bd4-4a25-b42b-992decfae3d3" acquired by "nova.context.set_target_cell.<locals>.get_or_set_cached_cell_and_set_connections" :: waited 0.000s {{(pid=69037) inner /opt/stack/data/venv/lib/python3.12/site-packages/oslo_concurrency/lockutils.py:410}}
Aug 29 07:48:39.791202 np0000032625 devstack@n-api.service[69037]: DEBUG oslo_concurrency.lockutils [None req-98f0c7d6-39ba-472e-b360-49c0435237db None None] Lock "b594d52d-7bd4-4a25-b42b-992decfae3d3" "released" by "nova.context.set_target_cell.<locals>.get_or_set_cached_cell_and_set_connections" :: held 0.001s {{(pid=69037) inner /opt/stack/data/venv/lib/python3.12/site-packages/oslo_concurrency/lockutils.py:424}}
Aug 29 07:48:39.791433 np0000032625 devstack@n-api.service[69036]: INFO dbcounter [None req-f70707aa-0473-4950-8245-337d40224321 None None] Registered counter for database nova_cell0
Aug 29 07:48:39.792194 np0000032625 devstack@n-api.service[69037]: INFO dbcounter [None req-98f0c7d6-39ba-472e-b360-49c0435237db None None] Registered counter for database nova_cell0
Aug 29 07:48:39.793959 np0000032625 devstack@n-api.service[69036]: INFO dbcounter [None req-f70707aa-0473-4950-8245-337d40224321 None None] Registered counter for database nova_cell1
Aug 29 07:48:39.794018 np0000032625 devstack@n-api.service[69037]: INFO dbcounter [None req-98f0c7d6-39ba-472e-b360-49c0435237db None None] Registered counter for database nova_cell1
Aug 29 07:48:39.796706 np0000032625 devstack@n-api.service[69036]: DEBUG oslo_db.sqlalchemy.engines [None req-f70707aa-0473-4950-8245-337d40224321 None None] MySQL server mode set to STRICT_TRANS_TABLES,STRICT_ALL_TABLES,NO_ZERO_IN_DATE,NO_ZERO_DATE,ERROR_FOR_DIVISION_BY_ZERO,TRADITIONAL,NO_ENGINE_SUBSTITUTION {{(pid=69036) _check_effective_sql_mode /opt/stack/data/venv/lib/python3.12/site-packages/oslo_db/sqlalchemy/engines.py:397}}
Aug 29 07:48:39.800251 np0000032625 devstack@n-api.service[69037]: DEBUG oslo_db.sqlalchemy.engines [None req-98f0c7d6-39ba-472e-b360-49c0435237db None None] MySQL server mode set to STRICT_TRANS_TABLES,STRICT_ALL_TABLES,NO_ZERO_IN_DATE,NO_ZERO_DATE,ERROR_FOR_DIVISION_BY_ZERO,TRADITIONAL,NO_ENGINE_SUBSTITUTION {{(pid=69037) _check_effective_sql_mode /opt/stack/data/venv/lib/python3.12/site-packages/oslo_db/sqlalchemy/engines.py:397}}
Aug 29 07:48:39.856081 np0000032625 devstack@n-api.service[69036]: DEBUG oslo_db.sqlalchemy.engines [None req-f70707aa-0473-4950-8245-337d40224321 None None] MySQL server mode set to STRICT_TRANS_TABLES,STRICT_ALL_TABLES,NO_ZERO_IN_DATE,NO_ZERO_DATE,ERROR_FOR_DIVISION_BY_ZERO,TRADITIONAL,NO_ENGINE_SUBSTITUTION {{(pid=69036) _check_effective_sql_mode /opt/stack/data/venv/lib/python3.12/site-packages/oslo_db/sqlalchemy/engines.py:397}}
Aug 29 07:48:39.856395 np0000032625 devstack@n-api.service[69036]: DEBUG dbcounter [-] [69036] Writer thread running {{(pid=69036) stat_writer /opt/stack/data/venv/lib/python3.12/site-packages/dbcounter.py:102}}
Aug 29 07:48:39.859864 np0000032625 devstack@n-api.service[69036]: DEBUG dbcounter [-] [69036] Writer thread running {{(pid=69036) stat_writer /opt/stack/data/venv/lib/python3.12/site-packages/dbcounter.py:102}}
Aug 29 07:48:39.860737 np0000032625 devstack@n-api.service[69037]: DEBUG oslo_db.sqlalchemy.engines [None req-98f0c7d6-39ba-472e-b360-49c0435237db None None] MySQL server mode set to STRICT_TRANS_TABLES,STRICT_ALL_TABLES,NO_ZERO_IN_DATE,NO_ZERO_DATE,ERROR_FOR_DIVISION_BY_ZERO,TRADITIONAL,NO_ENGINE_SUBSTITUTION {{(pid=69037) _check_effective_sql_mode /opt/stack/data/venv/lib/python3.12/site-packages/oslo_db/sqlalchemy/engines.py:397}}
Aug 29 07:48:39.861053 np0000032625 devstack@n-api.service[69037]: DEBUG dbcounter [-] [69037] Writer thread running {{(pid=69037) stat_writer /opt/stack/data/venv/lib/python3.12/site-packages/dbcounter.py:102}}
Aug 29 07:48:39.861690 np0000032625 devstack@n-api.service[69036]: INFO dbcounter [None req-f70707aa-0473-4950-8245-337d40224321 None None] Registered counter for database nova_cell0
Aug 29 07:48:39.864507 np0000032625 devstack@n-api.service[69037]: DEBUG dbcounter [-] [69037] Writer thread running {{(pid=69037) stat_writer /opt/stack/data/venv/lib/python3.12/site-packages/dbcounter.py:102}}
Aug 29 07:48:39.865607 np0000032625 devstack@n-api.service[69036]: DEBUG oslo_db.sqlalchemy.engines [None req-f70707aa-0473-4950-8245-337d40224321 None None] MySQL server mode set to STRICT_TRANS_TABLES,STRICT_ALL_TABLES,NO_ZERO_IN_DATE,NO_ZERO_DATE,ERROR_FOR_DIVISION_BY_ZERO,TRADITIONAL,NO_ENGINE_SUBSTITUTION {{(pid=69036) _check_effective_sql_mode /opt/stack/data/venv/lib/python3.12/site-packages/oslo_db/sqlalchemy/engines.py:397}}
Aug 29 07:48:39.866250 np0000032625 devstack@n-api.service[69037]: INFO dbcounter [None req-98f0c7d6-39ba-472e-b360-49c0435237db None None] Registered counter for database nova_cell0
Aug 29 07:48:39.869024 np0000032625 devstack@n-api.service[69036]: DEBUG dbcounter [-] [69036] Writer thread running {{(pid=69036) stat_writer /opt/stack/data/venv/lib/python3.12/site-packages/dbcounter.py:102}}
Aug 29 07:48:39.870200 np0000032625 devstack@n-api.service[69037]: DEBUG oslo_db.sqlalchemy.engines [None req-98f0c7d6-39ba-472e-b360-49c0435237db None None] MySQL server mode set to STRICT_TRANS_TABLES,STRICT_ALL_TABLES,NO_ZERO_IN_DATE,NO_ZERO_DATE,ERROR_FOR_DIVISION_BY_ZERO,TRADITIONAL,NO_ENGINE_SUBSTITUTION {{(pid=69037) _check_effective_sql_mode /opt/stack/data/venv/lib/python3.12/site-packages/oslo_db/sqlalchemy/engines.py:397}}
Aug 29 07:48:39.873681 np0000032625 devstack@n-api.service[69037]: DEBUG dbcounter [-] [69037] Writer thread running {{(pid=69037) stat_writer /opt/stack/data/venv/lib/python3.12/site-packages/dbcounter.py:102}}
Aug 29 07:48:40.215010 np0000032625 devstack@n-api.service[69036]: DEBUG oslo_concurrency.processutils [None req-f70707aa-0473-4950-8245-337d40224321 None None] Running cmd (subprocess): grep -F node.session.scan /sbin/iscsiadm {{(pid=69036) execute /opt/stack/data/venv/lib/python3.12/site-packages/oslo_concurrency/processutils.py:349}}
Aug 29 07:48:40.223541 np0000032625 devstack@n-api.service[69036]: DEBUG oslo_concurrency.processutils [None req-f70707aa-0473-4950-8245-337d40224321 None None] CMD "grep -F node.session.scan /sbin/iscsiadm" returned: 0 in 0.009s {{(pid=69036) execute /opt/stack/data/venv/lib/python3.12/site-packages/oslo_concurrency/processutils.py:372}}
Aug 29 07:48:40.233761 np0000032625 devstack@n-api.service[69037]: DEBUG oslo_concurrency.processutils [None req-98f0c7d6-39ba-472e-b360-49c0435237db None None] Running cmd (subprocess): grep -F node.session.scan /sbin/iscsiadm {{(pid=69037) execute /opt/stack/data/venv/lib/python3.12/site-packages/oslo_concurrency/processutils.py:349}}
Aug 29 07:48:40.241974 np0000032625 devstack@n-api.service[69037]: DEBUG oslo_concurrency.processutils [None req-98f0c7d6-39ba-472e-b360-49c0435237db None None] CMD "grep -F node.session.scan /sbin/iscsiadm" returned: 0 in 0.008s {{(pid=69037) execute /opt/stack/data/venv/lib/python3.12/site-packages/oslo_concurrency/processutils.py:372}}
Aug 29 07:48:40.505155 np0000032625 devstack@n-api.service[69036]: WARNING keystonemiddleware.auth_token [None req-f70707aa-0473-4950-8245-337d40224321 None None] AuthToken middleware is set with keystone_authtoken.service_token_roles_required set to False. This is backwards compatible but deprecated behaviour. Please set this to True.
Aug 29 07:48:40.505472 np0000032625 devstack@n-api.service[69037]: WARNING keystonemiddleware.auth_token [None req-98f0c7d6-39ba-472e-b360-49c0435237db None None] AuthToken middleware is set with keystone_authtoken.service_token_roles_required set to False. This is backwards compatible but deprecated behaviour. Please set this to True.
Aug 29 07:48:40.508354 np0000032625 devstack@n-api.service[69036]: WARNING keystonemiddleware.auth_token [None req-f70707aa-0473-4950-8245-337d40224321 None None] Configuring www_authenticate_uri to point to the public identity endpoint is required; clients may not be able to authenticate against an admin endpoint
Aug 29 07:48:40.508700 np0000032625 devstack@n-api.service[69037]: WARNING keystonemiddleware.auth_token [None req-98f0c7d6-39ba-472e-b360-49c0435237db None None] Configuring www_authenticate_uri to point to the public identity endpoint is required; clients may not be able to authenticate against an admin endpoint
Aug 29 07:48:40.667134 np0000032625 devstack@n-api.service[69036]: WARNING keystonemiddleware.auth_token [None req-f70707aa-0473-4950-8245-337d40224321 None None] AuthToken middleware is set with keystone_authtoken.service_token_roles_required set to False. This is backwards compatible but deprecated behaviour. Please set this to True.
Aug 29 07:48:40.669665 np0000032625 devstack@n-api.service[69036]: WARNING keystonemiddleware.auth_token [None req-f70707aa-0473-4950-8245-337d40224321 None None] Configuring www_authenticate_uri to point to the public identity endpoint is required; clients may not be able to authenticate against an admin endpoint
Aug 29 07:48:40.671240 np0000032625 devstack@n-api.service[69037]: WARNING keystonemiddleware.auth_token [None req-98f0c7d6-39ba-472e-b360-49c0435237db None None] AuthToken middleware is set with keystone_authtoken.service_token_roles_required set to False. This is backwards compatible but deprecated behaviour. Please set this to True.
Aug 29 07:48:40.671525 np0000032625 devstack@n-api.service[69036]: WSGI app 0 (mountpoint='') ready in 2 seconds on interpreter 0x7dc755ca39e8 pid: 69036 (default app)
Aug 29 07:48:40.672431 np0000032625 devstack@n-api.service[69036]: DEBUG nova.api.openstack.wsgi [None req-f70707aa-0473-4950-8245-337d40224321 None None] Calling method '<bound method VersionsV2.index of <nova.api.openstack.compute.versions.VersionsV2 object at 0x7dc74f3efe90>>' {{(pid=69036) _process_stack /opt/stack/nova/nova/api/openstack/wsgi.py:556}}
Aug 29 07:48:40.673711 np0000032625 devstack@n-api.service[69037]: WARNING keystonemiddleware.auth_token [None req-98f0c7d6-39ba-472e-b360-49c0435237db None None] Configuring www_authenticate_uri to point to the public identity endpoint is required; clients may not be able to authenticate against an admin endpoint
Aug 29 07:48:40.675422 np0000032625 devstack@n-api.service[69036]: INFO nova.api.openstack.requestlog [None req-f70707aa-0473-4950-8245-337d40224321 None None] 192.168.1.109 "GET /compute/v2.1/" status: 200 len: 391 microversion: 2.1 time: 0.003191
Aug 29 07:48:40.675540 np0000032625 devstack@n-api.service[69037]: WSGI app 0 (mountpoint='') ready in 2 seconds on interpreter 0x7dc755ca39e8 pid: 69037 (default app)
Aug 29 07:48:40.675616 np0000032625 devstack@n-api.service[69036]: [pid: 69036|app: 0|req: 1/1] 192.168.1.109 () {50 vars in 771 bytes} [Fri Aug 29 07:48:40 2025] GET /compute/v2.1/ => generated 391 bytes in 4 msecs (HTTP/1.1 200) 9 headers in 357 bytes (1 switches on core 0)
Aug 29 07:49:13.420190 np0000032625 devstack@n-api.service[69037]: DEBUG nova.api.openstack.wsgi [None req-98f0c7d6-39ba-472e-b360-49c0435237db None None] Calling method '<bound method VersionsV2.index of <nova.api.openstack.compute.versions.VersionsV2 object at 0x7dc74f670890>>' {{(pid=69037) _process_stack /opt/stack/nova/nova/api/openstack/wsgi.py:556}}
Aug 29 07:49:13.423800 np0000032625 devstack@n-api.service[69037]: INFO nova.api.openstack.requestlog [None req-98f0c7d6-39ba-472e-b360-49c0435237db None None] 192.168.1.109 "GET /compute/v2.1" status: 200 len: 392 microversion: 2.1 time: 0.004151
Aug 29 07:49:13.423996 np0000032625 devstack@n-api.service[69037]: [pid: 69037|app: 0|req: 1/2] 192.168.1.109 () {62 vars in 1056 bytes} [Fri Aug 29 07:49:13 2025] GET /compute/v2.1 => generated 392 bytes in 5 msecs (HTTP/1.1 200) 9 headers in 357 bytes (1 switches on core 0)
Aug 29 07:49:13.432938 np0000032625 devstack@n-api.service[69036]: DEBUG dbcounter [-] [69036] Writing DB stats nova_api:SELECT=1 {{(pid=69036) stat_writer /opt/stack/data/venv/lib/python3.12/site-packages/dbcounter.py:115}}
Aug 29 07:49:13.433577 np0000032625 devstack@n-api.service[69036]: DEBUG dbcounter [-] [69036] Writing DB stats nova_cell0:SELECT=1 {{(pid=69036) stat_writer /opt/stack/data/venv/lib/python3.12/site-packages/dbcounter.py:115}}
Aug 29 07:49:13.433906 np0000032625 devstack@n-api.service[69036]: DEBUG dbcounter [-] [69036] Writing DB stats nova_cell1:SELECT=1 {{(pid=69036) stat_writer /opt/stack/data/venv/lib/python3.12/site-packages/dbcounter.py:115}}
Aug 29 07:49:13.434203 np0000032625 devstack@n-api.service[69036]: DEBUG dbcounter [-] [69036] Writing DB stats nova_cell0:SELECT=2,nova_cell0:INSERT=1 {{(pid=69036) stat_writer /opt/stack/data/venv/lib/python3.12/site-packages/dbcounter.py:115}}
Aug 29 07:49:13.540797 np0000032625 devstack@n-api.service[69036]: DEBUG nova.api.openstack.wsgi [None req-287f02b5-ae84-4605-82a8-ccb0312236ea admin admin] Calling method '<bound method FlavorsController.detail of <nova.api.openstack.compute.flavors.FlavorsController object at 0x7dc74ed748f0>>' {{(pid=69036) _process_stack /opt/stack/nova/nova/api/openstack/wsgi.py:556}}
Aug 29 07:49:13.558021 np0000032625 devstack@n-api.service[69036]: INFO nova.api.openstack.requestlog [None req-287f02b5-ae84-4605-82a8-ccb0312236ea admin admin] 192.168.1.109 "GET /compute/v2.1/flavors/detail?is_public=True" status: 200 len: 15 microversion: 2.61 time: 0.128876
Aug 29 07:49:13.558382 np0000032625 devstack@n-api.service[69036]: [pid: 69036|app: 0|req: 2/3] 192.168.1.109 () {68 vars in 1417 bytes} [Fri Aug 29 07:49:13 2025] GET /compute/v2.1/flavors/detail?is_public=True => generated 15 bytes in 129 msecs (HTTP/1.1 200) 9 headers in 358 bytes (1 switches on core 0)
Aug 29 07:49:13.633768 np0000032625 devstack@n-api.service[69037]: DEBUG nova.api.openstack.wsgi [None req-98f0c7d6-39ba-472e-b360-49c0435237db None None] Calling method '<bound method VersionsV2.index of <nova.api.openstack.compute.versions.VersionsV2 object at 0x7dc74f670890>>' {{(pid=69037) _process_stack /opt/stack/nova/nova/api/openstack/wsgi.py:556}}
Aug 29 07:49:13.636953 np0000032625 devstack@n-api.service[69037]: INFO nova.api.openstack.requestlog [None req-98f0c7d6-39ba-472e-b360-49c0435237db None None] 192.168.1.109 "GET /compute/v2.1" status: 200 len: 392 microversion: 2.1 time: 0.003361
Aug 29 07:49:13.637120 np0000032625 devstack@n-api.service[69037]: [pid: 69037|app: 0|req: 2/4] 192.168.1.109 () {62 vars in 1056 bytes} [Fri Aug 29 07:49:13 2025] GET /compute/v2.1 => generated 392 bytes in 4 msecs (HTTP/1.1 200) 9 headers in 357 bytes (1 switches on core 0)
Aug 29 07:49:13.661913 np0000032625 devstack@n-api.service[69036]: DEBUG nova.api.openstack.wsgi [None req-2482186e-c6d6-4fa6-a869-469d0705f8ea admin admin] Action: 'create', calling method: <bound method FlavorsController.create of <nova.api.openstack.compute.flavors.FlavorsController object at 0x7dc74ed743b0>>, body: {"flavor": {"OS-FLV-EXT-DATA:ephemeral": 0, "swap": 0, "id": "c1", "rxtx_factor": 1.0, "disk": 1, "os-flavor-access:is_public": true, "name": "cirros256", "ram": 256, "vcpus": 1}} {{(pid=69036) _process_stack /opt/stack/nova/nova/api/openstack/wsgi.py:554}}
Aug 29 07:49:13.686092 np0000032625 devstack@n-api.service[69036]: INFO nova.api.openstack.requestlog [None req-2482186e-c6d6-4fa6-a869-469d0705f8ea admin admin] 192.168.1.109 "POST /compute/v2.1/flavors" status: 200 len: 413 microversion: 2.61 time: 0.044004
Aug 29 07:49:13.686312 np0000032625 devstack@n-api.service[69036]: [pid: 69036|app: 0|req: 3/5] 192.168.1.109 () {72 vars in 1408 bytes} [Fri Aug 29 07:49:13 2025] POST /compute/v2.1/flavors => generated 413 bytes in 44 msecs (HTTP/1.1 200) 9 headers in 359 bytes (1 switches on core 0)
Aug 29 07:49:13.695911 np0000032625 devstack@n-api.service[69037]: DEBUG dbcounter [-] [69037] Writing DB stats nova_api:SELECT=1 {{(pid=69037) stat_writer /opt/stack/data/venv/lib/python3.12/site-packages/dbcounter.py:115}}
Aug 29 07:49:13.696624 np0000032625 devstack@n-api.service[69037]: DEBUG dbcounter [-] [69037] Writing DB stats nova_cell0:SELECT=1 {{(pid=69037) stat_writer /opt/stack/data/venv/lib/python3.12/site-packages/dbcounter.py:115}}
Aug 29 07:49:13.696894 np0000032625 devstack@n-api.service[69037]: DEBUG dbcounter [-] [69037] Writing DB stats nova_cell1:SELECT=1 {{(pid=69037) stat_writer /opt/stack/data/venv/lib/python3.12/site-packages/dbcounter.py:115}}
Aug 29 07:49:13.697202 np0000032625 devstack@n-api.service[69037]: DEBUG dbcounter [-] [69037] Writing DB stats nova_cell0:SELECT=2,nova_cell0:INSERT=1 {{(pid=69037) stat_writer /opt/stack/data/venv/lib/python3.12/site-packages/dbcounter.py:115}}
Aug 29 07:49:13.757379 np0000032625 devstack@n-api.service[69037]: DEBUG nova.api.openstack.wsgi [None req-f2545c45-da55-42c6-b66d-1ffc228dbad9 admin admin] Action: 'create', calling method: <bound method FlavorExtraSpecsController.create of <nova.api.openstack.compute.flavors_extraspecs.FlavorExtraSpecsController object at 0x7dc74ed68a10>>, body: {"extra_specs": {"hw_rng:allowed": "True"}} {{(pid=69037) _process_stack /opt/stack/nova/nova/api/openstack/wsgi.py:554}}
Aug 29 07:49:13.786068 np0000032625 devstack@n-api.service[69037]: INFO nova.api.openstack.requestlog [None req-f2545c45-da55-42c6-b66d-1ffc228dbad9 admin admin] 192.168.1.109 "POST /compute/v2.1/flavors/c1/os-extra_specs" status: 200 len: 43 microversion: 2.61 time: 0.093325
Aug 29 07:49:13.786360 np0000032625 devstack@n-api.service[69037]: [pid: 69037|app: 0|req: 3/6] 192.168.1.109 () {72 vars in 1461 bytes} [Fri Aug 29 07:49:13 2025] POST /compute/v2.1/flavors/c1/os-extra_specs => generated 43 bytes in 94 msecs (HTTP/1.1 200) 9 headers in 358 bytes (1 switches on core 0)
Aug 29 07:49:13.953783 np0000032625 devstack@n-api.service[69036]: DEBUG nova.api.openstack.wsgi [None req-2482186e-c6d6-4fa6-a869-469d0705f8ea admin admin] Calling method '<bound method VersionsV2.index of <nova.api.openstack.compute.versions.VersionsV2 object at 0x7dc74f3efe90>>' {{(pid=69036) _process_stack /opt/stack/nova/nova/api/openstack/wsgi.py:556}}
Aug 29 07:49:13.956643 np0000032625 devstack@n-api.service[69036]: INFO nova.api.openstack.requestlog [None req-2482186e-c6d6-4fa6-a869-469d0705f8ea admin admin] 192.168.1.109 "GET /compute/v2.1" status: 200 len: 392 microversion: 2.1 time: 0.003015
Aug 29 07:49:13.956805 np0000032625 devstack@n-api.service[69036]: [pid: 69036|app: 0|req: 4/7] 192.168.1.109 () {62 vars in 1056 bytes} [Fri Aug 29 07:49:13 2025] GET /compute/v2.1 => generated 392 bytes in 3 msecs (HTTP/1.1 200) 9 headers in 357 bytes (1 switches on core 0)
Aug 29 07:49:14.017458 np0000032625 devstack@n-api.service[69037]: DEBUG nova.api.openstack.wsgi [None req-3c944139-0f41-4b18-8d1b-2110eaad6256 admin admin] Action: 'create', calling method: <bound method FlavorsController.create of <nova.api.openstack.compute.flavors.FlavorsController object at 0x7dc74ed68200>>, body: {"flavor": {"OS-FLV-EXT-DATA:ephemeral": 0, "swap": 0, "id": "d1", "rxtx_factor": 1.0, "disk": 5, "os-flavor-access:is_public": true, "name": "ds512M", "ram": 512, "vcpus": 1}} {{(pid=69037) _process_stack /opt/stack/nova/nova/api/openstack/wsgi.py:554}}
Aug 29 07:49:14.036672 np0000032625 devstack@n-api.service[69037]: INFO nova.api.openstack.requestlog [None req-3c944139-0f41-4b18-8d1b-2110eaad6256 admin admin] 192.168.1.109 "POST /compute/v2.1/flavors" status: 200 len: 410 microversion: 2.61 time: 0.074931
Aug 29 07:49:14.036905 np0000032625 devstack@n-api.service[69037]: [pid: 69037|app: 0|req: 4/8] 192.168.1.109 () {72 vars in 1408 bytes} [Fri Aug 29 07:49:13 2025] POST /compute/v2.1/flavors => generated 410 bytes in 75 msecs (HTTP/1.1 200) 9 headers in 359 bytes (1 switches on core 0)
Aug 29 07:49:14.044658 np0000032625 devstack@n-api.service[69036]: DEBUG nova.api.openstack.wsgi [None req-807698f8-318d-4199-81ce-c6333cf0e6d3 admin admin] Action: 'create', calling method: <bound method FlavorExtraSpecsController.create of <nova.api.openstack.compute.flavors_extraspecs.FlavorExtraSpecsController object at 0x7dc74ed74980>>, body: {"extra_specs": {"hw_rng:allowed": "True"}} {{(pid=69036) _process_stack /opt/stack/nova/nova/api/openstack/wsgi.py:554}}
Aug 29 07:49:14.063075 np0000032625 devstack@n-api.service[69036]: INFO nova.api.openstack.requestlog [None req-807698f8-318d-4199-81ce-c6333cf0e6d3 admin admin] 192.168.1.109 "POST /compute/v2.1/flavors/d1/os-extra_specs" status: 200 len: 43 microversion: 2.61 time: 0.019941
Aug 29 07:49:14.063299 np0000032625 devstack@n-api.service[69036]: [pid: 69036|app: 0|req: 5/9] 192.168.1.109 () {72 vars in 1461 bytes} [Fri Aug 29 07:49:14 2025] POST /compute/v2.1/flavors/d1/os-extra_specs => generated 43 bytes in 20 msecs (HTTP/1.1 200) 9 headers in 358 bytes (1 switches on core 0)
Aug 29 07:49:14.145478 np0000032625 devstack@n-api.service[69037]: DEBUG nova.api.openstack.wsgi [None req-3c944139-0f41-4b18-8d1b-2110eaad6256 admin admin] Calling method '<bound method VersionsV2.index of <nova.api.openstack.compute.versions.VersionsV2 object at 0x7dc74f670890>>' {{(pid=69037) _process_stack /opt/stack/nova/nova/api/openstack/wsgi.py:556}}
Aug 29 07:49:14.148323 np0000032625 devstack@n-api.service[69037]: INFO nova.api.openstack.requestlog [None req-3c944139-0f41-4b18-8d1b-2110eaad6256 admin admin] 192.168.1.109 "GET /compute/v2.1" status: 200 len: 392 microversion: 2.1 time: 0.002994
Aug 29 07:49:14.148493 np0000032625 devstack@n-api.service[69037]: [pid: 69037|app: 0|req: 5/10] 192.168.1.109 () {62 vars in 1056 bytes} [Fri Aug 29 07:49:14 2025] GET /compute/v2.1 => generated 392 bytes in 3 msecs (HTTP/1.1 200) 9 headers in 357 bytes (1 switches on core 0)
Aug 29 07:49:14.171925 np0000032625 devstack@n-api.service[69036]: DEBUG nova.api.openstack.wsgi [None req-3d5bbc96-38da-4c22-b953-4c86acdc582a admin admin] Action: 'create', calling method: <bound method FlavorsController.create of <nova.api.openstack.compute.flavors.FlavorsController object at 0x7dc74ed743b0>>, body: {"flavor": {"OS-FLV-EXT-DATA:ephemeral": 0, "swap": 0, "id": "d2", "rxtx_factor": 1.0, "disk": 10, "os-flavor-access:is_public": true, "name": "ds1G", "ram": 1024, "vcpus": 1}} {{(pid=69036) _process_stack /opt/stack/nova/nova/api/openstack/wsgi.py:554}}
Aug 29 07:49:14.184525 np0000032625 devstack@n-api.service[69036]: INFO nova.api.openstack.requestlog [None req-3d5bbc96-38da-4c22-b953-4c86acdc582a admin admin] 192.168.1.109 "POST /compute/v2.1/flavors" status: 200 len: 410 microversion: 2.61 time: 0.031364
Aug 29 07:49:14.184765 np0000032625 devstack@n-api.service[69036]: [pid: 69036|app: 0|req: 6/11] 192.168.1.109 () {72 vars in 1408 bytes} [Fri Aug 29 07:49:14 2025] POST /compute/v2.1/flavors => generated 410 bytes in 32 msecs (HTTP/1.1 200) 9 headers in 359 bytes (1 switches on core 0)
Aug 29 07:49:14.193149 np0000032625 devstack@n-api.service[69037]: DEBUG nova.api.openstack.wsgi [None req-035c93ca-1ad9-4cd2-a421-92083687944c admin admin] Action: 'create', calling method: <bound method FlavorExtraSpecsController.create of <nova.api.openstack.compute.flavors_extraspecs.FlavorExtraSpecsController object at 0x7dc74ed68a10>>, body: {"extra_specs": {"hw_rng:allowed": "True"}} {{(pid=69037) _process_stack /opt/stack/nova/nova/api/openstack/wsgi.py:554}}
Aug 29 07:49:14.206327 np0000032625 devstack@n-api.service[69037]: INFO nova.api.openstack.requestlog [None req-035c93ca-1ad9-4cd2-a421-92083687944c admin admin] 192.168.1.109 "POST /compute/v2.1/flavors/d2/os-extra_specs" status: 200 len: 43 microversion: 2.61 time: 0.014828
Aug 29 07:49:14.206584 np0000032625 devstack@n-api.service[69037]: [pid: 69037|app: 0|req: 6/12] 192.168.1.109 () {72 vars in 1461 bytes} [Fri Aug 29 07:49:14 2025] POST /compute/v2.1/flavors/d2/os-extra_specs => generated 43 bytes in 15 msecs (HTTP/1.1 200) 9 headers in 358 bytes (1 switches on core 0)
Aug 29 07:49:14.302789 np0000032625 devstack@n-api.service[69036]: DEBUG nova.api.openstack.wsgi [None req-3d5bbc96-38da-4c22-b953-4c86acdc582a admin admin] Calling method '<bound method VersionsV2.index of <nova.api.openstack.compute.versions.VersionsV2 object at 0x7dc74f3efe90>>' {{(pid=69036) _process_stack /opt/stack/nova/nova/api/openstack/wsgi.py:556}}
Aug 29 07:49:14.303914 np0000032625 devstack@n-api.service[69036]: INFO nova.api.openstack.requestlog [None req-3d5bbc96-38da-4c22-b953-4c86acdc582a admin admin] 192.168.1.109 "GET /compute/v2.1" status: 200 len: 392 microversion: 2.1 time: 0.003165
Aug 29 07:49:14.304080 np0000032625 devstack@n-api.service[69036]: [pid: 69036|app: 0|req: 7/13] 192.168.1.109 () {62 vars in 1056 bytes} [Fri Aug 29 07:49:14 2025] GET /compute/v2.1 => generated 392 bytes in 3 msecs (HTTP/1.1 200) 9 headers in 357 bytes (1 switches on core 0)
Aug 29 07:49:14.333189 np0000032625 devstack@n-api.service[69037]: DEBUG nova.api.openstack.wsgi [None req-ebd28eb6-da7f-4bdd-92e1-d0b86d647f07 admin admin] Action: 'create', calling method: <bound method FlavorsController.create of <nova.api.openstack.compute.flavors.FlavorsController object at 0x7dc74ed68200>>, body: {"flavor": {"OS-FLV-EXT-DATA:ephemeral": 0, "swap": 0, "id": "d3", "rxtx_factor": 1.0, "disk": 10, "os-flavor-access:is_public": true, "name": "ds2G", "ram": 2048, "vcpus": 2}} {{(pid=69037) _process_stack /opt/stack/nova/nova/api/openstack/wsgi.py:554}}
Aug 29 07:49:14.344421 np0000032625 devstack@n-api.service[69037]: INFO nova.api.openstack.requestlog [None req-ebd28eb6-da7f-4bdd-92e1-d0b86d647f07 admin admin] 192.168.1.109 "POST /compute/v2.1/flavors" status: 200 len: 410 microversion: 2.61 time: 0.032967
Aug 29 07:49:14.344694 np0000032625 devstack@n-api.service[69037]: [pid: 69037|app: 0|req: 7/14] 192.168.1.109 () {72 vars in 1408 bytes} [Fri Aug 29 07:49:14 2025] POST /compute/v2.1/flavors => generated 410 bytes in 33 msecs (HTTP/1.1 200) 9 headers in 359 bytes (1 switches on core 0)
Aug 29 07:49:14.354062 np0000032625 devstack@n-api.service[69036]: DEBUG nova.api.openstack.wsgi [None req-99651067-b772-4124-a9de-a8d55057cb3f admin admin] Action: 'create', calling method: <bound method FlavorExtraSpecsController.create of <nova.api.openstack.compute.flavors_extraspecs.FlavorExtraSpecsController object at 0x7dc74ed74980>>, body: {"extra_specs": {"hw_rng:allowed": "True"}} {{(pid=69036) _process_stack /opt/stack/nova/nova/api/openstack/wsgi.py:554}}
Aug 29 07:49:14.369903 np0000032625 devstack@n-api.service[69036]: INFO nova.api.openstack.requestlog [None req-99651067-b772-4124-a9de-a8d55057cb3f admin admin] 192.168.1.109 "POST /compute/v2.1/flavors/d3/os-extra_specs" status: 200 len: 43 microversion: 2.61 time: 0.017359
Aug 29 07:49:14.370246 np0000032625 devstack@n-api.service[69036]: [pid: 69036|app: 0|req: 8/15] 192.168.1.109 () {72 vars in 1461 bytes} [Fri Aug 29 07:49:14 2025] POST /compute/v2.1/flavors/d3/os-extra_specs => generated 43 bytes in 18 msecs (HTTP/1.1 200) 9 headers in 358 bytes (1 switches on core 0)
Aug 29 07:49:14.466317 np0000032625 devstack@n-api.service[69037]: DEBUG nova.api.openstack.wsgi [None req-ebd28eb6-da7f-4bdd-92e1-d0b86d647f07 admin admin] Calling method '<bound method VersionsV2.index of <nova.api.openstack.compute.versions.VersionsV2 object at 0x7dc74f670890>>' {{(pid=69037) _process_stack /opt/stack/nova/nova/api/openstack/wsgi.py:556}}
Aug 29 07:49:14.469559 np0000032625 devstack@n-api.service[69037]: INFO nova.api.openstack.requestlog [None req-ebd28eb6-da7f-4bdd-92e1-d0b86d647f07 admin admin] 192.168.1.109 "GET /compute/v2.1" status: 200 len: 392 microversion: 2.1 time: 0.003412
Aug 29 07:49:14.469751 np0000032625 devstack@n-api.service[69037]: [pid: 69037|app: 0|req: 8/16] 192.168.1.109 () {62 vars in 1056 bytes} [Fri Aug 29 07:49:14 2025] GET /compute/v2.1 => generated 392 bytes in 4 msecs (HTTP/1.1 200) 9 headers in 357 bytes (1 switches on core 0)
Aug 29 07:49:14.506228 np0000032625 devstack@n-api.service[69036]: DEBUG nova.api.openstack.wsgi [None req-1753fb75-6ceb-4f42-bdb7-ea5521db9fc0 admin admin] Action: 'create', calling method: <bound method FlavorsController.create of <nova.api.openstack.compute.flavors.FlavorsController object at 0x7dc74ed743b0>>, body: {"flavor": {"OS-FLV-EXT-DATA:ephemeral": 0, "swap": 0, "id": "d4", "rxtx_factor": 1.0, "disk": 20, "os-flavor-access:is_public": true, "name": "ds4G", "ram": 4096, "vcpus": 4}} {{(pid=69036) _process_stack /opt/stack/nova/nova/api/openstack/wsgi.py:554}}
Aug 29 07:49:14.519297 np0000032625 devstack@n-api.service[69036]: INFO nova.api.openstack.requestlog [None req-1753fb75-6ceb-4f42-bdb7-ea5521db9fc0 admin admin] 192.168.1.109 "POST /compute/v2.1/flavors" status: 200 len: 410 microversion: 2.61 time: 0.038865
Aug 29 07:49:14.519511 np0000032625 devstack@n-api.service[69036]: [pid: 69036|app: 0|req: 9/17] 192.168.1.109 () {72 vars in 1408 bytes} [Fri Aug 29 07:49:14 2025] POST /compute/v2.1/flavors => generated 410 bytes in 39 msecs (HTTP/1.1 200) 9 headers in 359 bytes (1 switches on core 0)
Aug 29 07:49:14.529192 np0000032625 devstack@n-api.service[69037]: DEBUG nova.api.openstack.wsgi [None req-c223cc79-e70c-4652-b024-ccc37bab9bf1 admin admin] Action: 'create', calling method: <bound method FlavorExtraSpecsController.create of <nova.api.openstack.compute.flavors_extraspecs.FlavorExtraSpecsController object at 0x7dc74ed68a10>>, body: {"extra_specs": {"hw_rng:allowed": "True"}} {{(pid=69037) _process_stack /opt/stack/nova/nova/api/openstack/wsgi.py:554}}
Aug 29 07:49:14.544651 np0000032625 devstack@n-api.service[69037]: INFO nova.api.openstack.requestlog [None req-c223cc79-e70c-4652-b024-ccc37bab9bf1 admin admin] 192.168.1.109 "POST /compute/v2.1/flavors/d4/os-extra_specs" status: 200 len: 43 microversion: 2.61 time: 0.017189
Aug 29 07:49:14.544972 np0000032625 devstack@n-api.service[69037]: [pid: 69037|app: 0|req: 9/18] 192.168.1.109 () {72 vars in 1461 bytes} [Fri Aug 29 07:49:14 2025] POST /compute/v2.1/flavors/d4/os-extra_specs => generated 43 bytes in 18 msecs (HTTP/1.1 200) 9 headers in 358 bytes (1 switches on core 0)
Aug 29 07:49:14.635342 np0000032625 devstack@n-api.service[69036]: DEBUG nova.api.openstack.wsgi [None req-1753fb75-6ceb-4f42-bdb7-ea5521db9fc0 admin admin] Calling method '<bound method VersionsV2.index of <nova.api.openstack.compute.versions.VersionsV2 object at 0x7dc74f3efe90>>' {{(pid=69036) _process_stack /opt/stack/nova/nova/api/openstack/wsgi.py:556}}
Aug 29 07:49:14.638803 np0000032625 devstack@n-api.service[69036]: INFO nova.api.openstack.requestlog [None req-1753fb75-6ceb-4f42-bdb7-ea5521db9fc0 admin admin] 192.168.1.109 "GET /compute/v2.1" status: 200 len: 392 microversion: 2.1 time: 0.003653
Aug 29 07:49:14.638973 np0000032625 devstack@n-api.service[69036]: [pid: 69036|app: 0|req: 10/19] 192.168.1.109 () {62 vars in 1056 bytes} [Fri Aug 29 07:49:14 2025] GET /compute/v2.1 => generated 392 bytes in 4 msecs (HTTP/1.1 200) 9 headers in 357 bytes (1 switches on core 0)
Aug 29 07:49:14.663434 np0000032625 devstack@n-api.service[69037]: DEBUG nova.api.openstack.wsgi [None req-07b90255-47dc-4bb3-aeb0-bac7bb143520 admin admin] Calling method '<bound method FlavorsController.detail of <nova.api.openstack.compute.flavors.FlavorsController object at 0x7dc74ed68740>>' {{(pid=69037) _process_stack /opt/stack/nova/nova/api/openstack/wsgi.py:556}}
Aug 29 07:49:14.678942 np0000032625 devstack@n-api.service[69037]: INFO nova.api.openstack.requestlog [None req-07b90255-47dc-4bb3-aeb0-bac7bb143520 admin admin] 192.168.1.109 "GET /compute/v2.1/flavors/detail?is_public=True" status: 200 len: 2136 microversion: 2.61 time: 0.034724
Aug 29 07:49:14.679269 np0000032625 devstack@n-api.service[69037]: [pid: 69037|app: 0|req: 10/20] 192.168.1.109 () {68 vars in 1417 bytes} [Fri Aug 29 07:49:14 2025] GET /compute/v2.1/flavors/detail?is_public=True => generated 2136 bytes in 35 msecs (HTTP/1.1 200) 9 headers in 360 bytes (1 switches on core 0)
Aug 29 07:49:14.760151 np0000032625 devstack@n-api.service[69036]: DEBUG nova.api.openstack.wsgi [None req-1753fb75-6ceb-4f42-bdb7-ea5521db9fc0 admin admin] Calling method '<bound method VersionsV2.index of <nova.api.openstack.compute.versions.VersionsV2 object at 0x7dc74f3efe90>>' {{(pid=69036) _process_stack /opt/stack/nova/nova/api/openstack/wsgi.py:556}}
Aug 29 07:49:14.763116 np0000032625 devstack@n-api.service[69036]: INFO nova.api.openstack.requestlog [None req-1753fb75-6ceb-4f42-bdb7-ea5521db9fc0 admin admin] 192.168.1.109 "GET /compute/v2.1" status: 200 len: 392 microversion: 2.1 time: 0.003105
Aug 29 07:49:14.763319 np0000032625 devstack@n-api.service[69036]: [pid: 69036|app: 0|req: 11/21] 192.168.1.109 () {62 vars in 1056 bytes} [Fri Aug 29 07:49:14 2025] GET /compute/v2.1 => generated 392 bytes in 3 msecs (HTTP/1.1 200) 9 headers in 357 bytes (1 switches on core 0)
Aug 29 07:49:14.787997 np0000032625 devstack@n-api.service[69037]: DEBUG nova.api.openstack.wsgi [None req-fcbcb02c-3115-4284-b987-e861737fea44 admin admin] Action: 'create', calling method: <bound method FlavorsController.create of <nova.api.openstack.compute.flavors.FlavorsController object at 0x7dc74ed68200>>, body: {"flavor": {"OS-FLV-EXT-DATA:ephemeral": 0, "swap": 0, "id": "1", "rxtx_factor": 1.0, "disk": 1, "os-flavor-access:is_public": true, "name": "m1.tiny", "ram": 512, "vcpus": 1}} {{(pid=69037) _process_stack /opt/stack/nova/nova/api/openstack/wsgi.py:554}}
Aug 29 07:49:14.800795 np0000032625 devstack@n-api.service[69037]: INFO nova.api.openstack.requestlog [None req-fcbcb02c-3115-4284-b987-e861737fea44 admin admin] 192.168.1.109 "POST /compute/v2.1/flavors" status: 200 len: 408 microversion: 2.61 time: 0.031129
Aug 29 07:49:14.801060 np0000032625 devstack@n-api.service[69037]: [pid: 69037|app: 0|req: 11/22] 192.168.1.109 () {72 vars in 1408 bytes} [Fri Aug 29 07:49:14 2025] POST /compute/v2.1/flavors => generated 408 bytes in 31 msecs (HTTP/1.1 200) 9 headers in 359 bytes (1 switches on core 0)
Aug 29 07:49:14.808720 np0000032625 devstack@n-api.service[69036]: DEBUG nova.api.openstack.wsgi [None req-6452fdc0-28bc-417e-a50c-57e4df75be02 admin admin] Action: 'create', calling method: <bound method FlavorExtraSpecsController.create of <nova.api.openstack.compute.flavors_extraspecs.FlavorExtraSpecsController object at 0x7dc74ed74980>>, body: {"extra_specs": {"hw_rng:allowed": "True"}} {{(pid=69036) _process_stack /opt/stack/nova/nova/api/openstack/wsgi.py:554}}
Aug 29 07:49:14.824333 np0000032625 devstack@n-api.service[69036]: INFO nova.api.openstack.requestlog [None req-6452fdc0-28bc-417e-a50c-57e4df75be02 admin admin] 192.168.1.109 "POST /compute/v2.1/flavors/1/os-extra_specs" status: 200 len: 43 microversion: 2.61 time: 0.017010
Aug 29 07:49:14.824678 np0000032625 devstack@n-api.service[69036]: [pid: 69036|app: 0|req: 12/23] 192.168.1.109 () {72 vars in 1458 bytes} [Fri Aug 29 07:49:14 2025] POST /compute/v2.1/flavors/1/os-extra_specs => generated 43 bytes in 17 msecs (HTTP/1.1 200) 9 headers in 358 bytes (1 switches on core 0)
Aug 29 07:49:14.910404 np0000032625 devstack@n-api.service[69037]: DEBUG nova.api.openstack.wsgi [None req-fcbcb02c-3115-4284-b987-e861737fea44 admin admin] Calling method '<bound method VersionsV2.index of <nova.api.openstack.compute.versions.VersionsV2 object at 0x7dc74f670890>>' {{(pid=69037) _process_stack /opt/stack/nova/nova/api/openstack/wsgi.py:556}}
Aug 29 07:49:14.913286 np0000032625 devstack@n-api.service[69037]: INFO nova.api.openstack.requestlog [None req-fcbcb02c-3115-4284-b987-e861737fea44 admin admin] 192.168.1.109 "GET /compute/v2.1" status: 200 len: 392 microversion: 2.1 time: 0.003058
Aug 29 07:49:14.913481 np0000032625 devstack@n-api.service[69037]: [pid: 69037|app: 0|req: 12/24] 192.168.1.109 () {62 vars in 1056 bytes} [Fri Aug 29 07:49:14 2025] GET /compute/v2.1 => generated 392 bytes in 3 msecs (HTTP/1.1 200) 9 headers in 357 bytes (1 switches on core 0)
Aug 29 07:49:14.936856 np0000032625 devstack@n-api.service[69036]: DEBUG nova.api.openstack.wsgi [None req-55eead93-7163-4b89-88a3-94f7067c7704 admin admin] Action: 'create', calling method: <bound method FlavorsController.create of <nova.api.openstack.compute.flavors.FlavorsController object at 0x7dc74ed743b0>>, body: {"flavor": {"OS-FLV-EXT-DATA:ephemeral": 0, "swap": 0, "id": "2", "rxtx_factor": 1.0, "disk": 20, "os-flavor-access:is_public": true, "name": "m1.small", "ram": 2048, "vcpus": 1}} {{(pid=69036) _process_stack /opt/stack/nova/nova/api/openstack/wsgi.py:554}}
Aug 29 07:49:14.949162 np0000032625 devstack@n-api.service[69036]: INFO nova.api.openstack.requestlog [None req-55eead93-7163-4b89-88a3-94f7067c7704 admin admin] 192.168.1.109 "POST /compute/v2.1/flavors" status: 200 len: 411 microversion: 2.61 time: 0.030813
Aug 29 07:49:14.949384 np0000032625 devstack@n-api.service[69036]: [pid: 69036|app: 0|req: 13/25] 192.168.1.109 () {72 vars in 1408 bytes} [Fri Aug 29 07:49:14 2025] POST /compute/v2.1/flavors => generated 411 bytes in 31 msecs (HTTP/1.1 200) 9 headers in 359 bytes (1 switches on core 0)
Aug 29 07:49:14.957401 np0000032625 devstack@n-api.service[69037]: DEBUG nova.api.openstack.wsgi [None req-4786edbf-c6d3-4582-888f-df4333112d74 admin admin] Action: 'create', calling method: <bound method FlavorExtraSpecsController.create of <nova.api.openstack.compute.flavors_extraspecs.FlavorExtraSpecsController object at 0x7dc74ed68a10>>, body: {"extra_specs": {"hw_rng:allowed": "True"}} {{(pid=69037) _process_stack /opt/stack/nova/nova/api/openstack/wsgi.py:554}}
Aug 29 07:49:14.972232 np0000032625 devstack@n-api.service[69037]: INFO nova.api.openstack.requestlog [None req-4786edbf-c6d3-4582-888f-df4333112d74 admin admin] 192.168.1.109 "POST /compute/v2.1/flavors/2/os-extra_specs" status: 200 len: 43 microversion: 2.61 time: 0.016297
Aug 29 07:49:14.972528 np0000032625 devstack@n-api.service[69037]: [pid: 69037|app: 0|req: 13/26] 192.168.1.109 () {72 vars in 1458 bytes} [Fri Aug 29 07:49:14 2025] POST /compute/v2.1/flavors/2/os-extra_specs => generated 43 bytes in 17 msecs (HTTP/1.1 200) 9 headers in 358 bytes (1 switches on core 0)
Aug 29 07:49:15.064489 np0000032625 devstack@n-api.service[69036]: DEBUG nova.api.openstack.wsgi [None req-55eead93-7163-4b89-88a3-94f7067c7704 admin admin] Calling method '<bound method VersionsV2.index of <nova.api.openstack.compute.versions.VersionsV2 object at 0x7dc74f3efe90>>' {{(pid=69036) _process_stack /opt/stack/nova/nova/api/openstack/wsgi.py:556}}
Aug 29 07:49:15.069103 np0000032625 devstack@n-api.service[69036]: INFO nova.api.openstack.requestlog [None req-55eead93-7163-4b89-88a3-94f7067c7704 admin admin] 192.168.1.109 "GET /compute/v2.1" status: 200 len: 392 microversion: 2.1 time: 0.004763
Aug 29 07:49:15.069380 np0000032625 devstack@n-api.service[69036]: [pid: 69036|app: 0|req: 14/27] 192.168.1.109 () {62 vars in 1056 bytes} [Fri Aug 29 07:49:15 2025] GET /compute/v2.1 => generated 392 bytes in 5 msecs (HTTP/1.1 200) 9 headers in 357 bytes (1 switches on core 0)
