Aug 26 09:45:06.988875 np0000032583 devstack@n-api.service[69994]: DEBUG oslo_db.sqlalchemy.engines [None req-759af372-f018-4b4b-8409-99d832b1f088 None None] MySQL server mode set to STRICT_TRANS_TABLES,STRICT_ALL_TABLES,NO_ZERO_IN_DATE,NO_ZERO_DATE,ERROR_FOR_DIVISION_BY_ZERO,TRADITIONAL,NO_ENGINE_SUBSTITUTION {{(pid=69994) _check_effective_sql_mode /opt/stack/data/venv/lib/python3.10/site-packages/oslo_db/sqlalchemy/engines.py:342}}
Aug 26 09:45:07.052050 np0000032583 devstack@n-api.service[69993]: DEBUG dbcounter [-] [69993] Writer thread running {{(pid=69993) stat_writer /opt/stack/data/venv/lib/python3.10/site-packages/dbcounter.py:102}}
Aug 26 09:45:07.055565 np0000032583 devstack@n-api.service[69993]: DEBUG dbcounter [-] [69993] Writer thread running {{(pid=69993) stat_writer /opt/stack/data/venv/lib/python3.10/site-packages/dbcounter.py:102}}
Aug 26 09:45:07.057638 np0000032583 devstack@n-api.service[69993]: INFO dbcounter [None req-70923e6e-be7d-4472-aa46-c8967aa8206a None None] Registered counter for database nova_cell0
Aug 26 09:45:07.060714 np0000032583 devstack@n-api.service[69994]: DEBUG dbcounter [-] [69994] Writer thread running {{(pid=69994) stat_writer /opt/stack/data/venv/lib/python3.10/site-packages/dbcounter.py:102}}
Aug 26 09:45:07.061890 np0000032583 devstack@n-api.service[69993]: DEBUG oslo_db.sqlalchemy.engines [None req-70923e6e-be7d-4472-aa46-c8967aa8206a None None] MySQL server mode set to STRICT_TRANS_TABLES,STRICT_ALL_TABLES,NO_ZERO_IN_DATE,NO_ZERO_DATE,ERROR_FOR_DIVISION_BY_ZERO,TRADITIONAL,NO_ENGINE_SUBSTITUTION {{(pid=69993) _check_effective_sql_mode /opt/stack/data/venv/lib/python3.10/site-packages/oslo_db/sqlalchemy/engines.py:342}}
Aug 26 09:45:07.065123 np0000032583 devstack@n-api.service[69994]: DEBUG dbcounter [-] [69994] Writer thread running {{(pid=69994) stat_writer /opt/stack/data/venv/lib/python3.10/site-packages/dbcounter.py:102}}
Aug 26 09:45:07.066618 np0000032583 devstack@n-api.service[69993]: DEBUG dbcounter [-] [69993] Writer thread running {{(pid=69993) stat_writer /opt/stack/data/venv/lib/python3.10/site-packages/dbcounter.py:102}}
Aug 26 09:45:07.067351 np0000032583 devstack@n-api.service[69994]: INFO dbcounter [None req-759af372-f018-4b4b-8409-99d832b1f088 None None] Registered counter for database nova_cell0
Aug 26 09:45:07.071417 np0000032583 devstack@n-api.service[69994]: DEBUG oslo_db.sqlalchemy.engines [None req-759af372-f018-4b4b-8409-99d832b1f088 None None] MySQL server mode set to STRICT_TRANS_TABLES,STRICT_ALL_TABLES,NO_ZERO_IN_DATE,NO_ZERO_DATE,ERROR_FOR_DIVISION_BY_ZERO,TRADITIONAL,NO_ENGINE_SUBSTITUTION {{(pid=69994) _check_effective_sql_mode /opt/stack/data/venv/lib/python3.10/site-packages/oslo_db/sqlalchemy/engines.py:342}}
Aug 26 09:45:07.075989 np0000032583 devstack@n-api.service[69994]: DEBUG dbcounter [-] [69994] Writer thread running {{(pid=69994) stat_writer /opt/stack/data/venv/lib/python3.10/site-packages/dbcounter.py:102}}
Aug 26 09:45:07.400078 np0000032583 devstack@n-api.service[69994]: DEBUG oslo_concurrency.processutils [None req-759af372-f018-4b4b-8409-99d832b1f088 None None] Running cmd (subprocess): grep -F node.session.scan /sbin/iscsiadm {{(pid=69994) execute /opt/stack/data/venv/lib/python3.10/site-packages/oslo_concurrency/processutils.py:390}}
Aug 26 09:45:07.400279 np0000032583 devstack@n-api.service[69993]: DEBUG oslo_concurrency.processutils [None req-70923e6e-be7d-4472-aa46-c8967aa8206a None None] Running cmd (subprocess): grep -F node.session.scan /sbin/iscsiadm {{(pid=69993) execute /opt/stack/data/venv/lib/python3.10/site-packages/oslo_concurrency/processutils.py:390}}
Aug 26 09:45:07.407155 np0000032583 devstack@n-api.service[69994]: DEBUG oslo_concurrency.processutils [None req-759af372-f018-4b4b-8409-99d832b1f088 None None] CMD "grep -F node.session.scan /sbin/iscsiadm" returned: 0 in 0.007s {{(pid=69994) execute /opt/stack/data/venv/lib/python3.10/site-packages/oslo_concurrency/processutils.py:428}}
Aug 26 09:45:07.408810 np0000032583 devstack@n-api.service[69993]: DEBUG oslo_concurrency.processutils [None req-70923e6e-be7d-4472-aa46-c8967aa8206a None None] CMD "grep -F node.session.scan /sbin/iscsiadm" returned: 0 in 0.009s {{(pid=69993) execute /opt/stack/data/venv/lib/python3.10/site-packages/oslo_concurrency/processutils.py:428}}
Aug 26 09:45:07.743931 np0000032583 devstack@n-api.service[69994]: WARNING keystonemiddleware.auth_token [None req-759af372-f018-4b4b-8409-99d832b1f088 None None] AuthToken middleware is set with keystone_authtoken.service_token_roles_required set to False. This is backwards compatible but deprecated behaviour. Please set this to True.
Aug 26 09:45:07.747820 np0000032583 devstack@n-api.service[69994]: WARNING keystonemiddleware.auth_token [None req-759af372-f018-4b4b-8409-99d832b1f088 None None] Configuring www_authenticate_uri to point to the public identity endpoint is required; clients may not be able to authenticate against an admin endpoint
Aug 26 09:45:07.825429 np0000032583 devstack@n-api.service[69994]: WARNING keystonemiddleware.auth_token [None req-759af372-f018-4b4b-8409-99d832b1f088 None None] AuthToken middleware is set with keystone_authtoken.service_token_roles_required set to False. This is backwards compatible but deprecated behaviour. Please set this to True.
Aug 26 09:45:07.827511 np0000032583 devstack@n-api.service[69993]: WARNING keystonemiddleware.auth_token [None req-70923e6e-be7d-4472-aa46-c8967aa8206a None None] AuthToken middleware is set with keystone_authtoken.service_token_roles_required set to False. This is backwards compatible but deprecated behaviour. Please set this to True.
Aug 26 09:45:07.827993 np0000032583 devstack@n-api.service[69994]: WARNING keystonemiddleware.auth_token [None req-759af372-f018-4b4b-8409-99d832b1f088 None None] Configuring www_authenticate_uri to point to the public identity endpoint is required; clients may not be able to authenticate against an admin endpoint
Aug 26 09:45:07.830113 np0000032583 devstack@n-api.service[69994]: WSGI app 0 (mountpoint='') ready in 2 seconds on interpreter 0x55e8b06d5d70 pid: 69994 (default app)
Aug 26 09:45:07.831209 np0000032583 devstack@n-api.service[69994]: DEBUG nova.api.openstack.wsgi [None req-759af372-f018-4b4b-8409-99d832b1f088 None None] Calling method '<bound method VersionsV2.index of <nova.api.openstack.compute.versions.VersionsV2 object at 0x7f80329dd090>>' {{(pid=69994) _process_stack /opt/stack/nova/nova/api/openstack/wsgi.py:520}}
Aug 26 09:45:07.832160 np0000032583 devstack@n-api.service[69993]: WARNING keystonemiddleware.auth_token [None req-70923e6e-be7d-4472-aa46-c8967aa8206a None None] Configuring www_authenticate_uri to point to the public identity endpoint is required; clients may not be able to authenticate against an admin endpoint
Aug 26 09:45:07.833004 np0000032583 devstack@n-api.service[69994]: INFO nova.api.openstack.requestlog [None req-759af372-f018-4b4b-8409-99d832b1f088 None None] 192.168.1.134 "GET /compute/v2.1/" status: 200 len: 390 microversion: 2.1 time: 0.002079
Aug 26 09:45:07.833239 np0000032583 devstack@n-api.service[69994]: [pid: 69994|app: 0|req: 1/1] 192.168.1.134 () {50 vars in 783 bytes} [Tue Aug 26 09:45:07 2025] GET /compute/v2.1/ => generated 390 bytes in 3 msecs (HTTP/1.1 200) 9 headers in 357 bytes (1 switches on core 0)
Aug 26 09:45:07.923860 np0000032583 devstack@n-api.service[69993]: WARNING keystonemiddleware.auth_token [None req-70923e6e-be7d-4472-aa46-c8967aa8206a None None] AuthToken middleware is set with keystone_authtoken.service_token_roles_required set to False. This is backwards compatible but deprecated behaviour. Please set this to True.
Aug 26 09:45:07.926342 np0000032583 devstack@n-api.service[69993]: WARNING keystonemiddleware.auth_token [None req-70923e6e-be7d-4472-aa46-c8967aa8206a None None] Configuring www_authenticate_uri to point to the public identity endpoint is required; clients may not be able to authenticate against an admin endpoint
Aug 26 09:45:07.928507 np0000032583 devstack@n-api.service[69993]: WSGI app 0 (mountpoint='') ready in 2 seconds on interpreter 0x55e8b06d5d70 pid: 69993 (default app)
Aug 26 09:45:45.361958 np0000032583 devstack@n-api.service[69994]: DEBUG nova.api.openstack.wsgi [None req-759af372-f018-4b4b-8409-99d832b1f088 None None] Calling method '<bound method VersionsV2.index of <nova.api.openstack.compute.versions.VersionsV2 object at 0x7f80329dd090>>' {{(pid=69994) _process_stack /opt/stack/nova/nova/api/openstack/wsgi.py:520}}
Aug 26 09:45:45.363539 np0000032583 devstack@n-api.service[69994]: INFO nova.api.openstack.requestlog [None req-759af372-f018-4b4b-8409-99d832b1f088 None None] 192.168.1.134 "GET /compute/v2.1" status: 200 len: 391 microversion: 2.1 time: 0.001837
Aug 26 09:45:45.363709 np0000032583 devstack@n-api.service[69994]: [pid: 69994|app: 0|req: 2/2] 192.168.1.134 () {62 vars in 1067 bytes} [Tue Aug 26 09:45:45 2025] GET /compute/v2.1 => generated 391 bytes in 2 msecs (HTTP/1.1 200) 9 headers in 357 bytes (1 switches on core 0)
Aug 26 09:45:45.372749 np0000032583 devstack@n-api.service[69993]: DEBUG dbcounter [-] [69993] Writing DB stats nova_api:SELECT=1 {{(pid=69993) stat_writer /opt/stack/data/venv/lib/python3.10/site-packages/dbcounter.py:115}}
Aug 26 09:45:45.373316 np0000032583 devstack@n-api.service[69993]: DEBUG dbcounter [-] [69993] Writing DB stats nova_cell0:SELECT=1 {{(pid=69993) stat_writer /opt/stack/data/venv/lib/python3.10/site-packages/dbcounter.py:115}}
Aug 26 09:45:45.373665 np0000032583 devstack@n-api.service[69993]: DEBUG dbcounter [-] [69993] Writing DB stats nova_cell1:SELECT=1 {{(pid=69993) stat_writer /opt/stack/data/venv/lib/python3.10/site-packages/dbcounter.py:115}}
Aug 26 09:45:45.374025 np0000032583 devstack@n-api.service[69993]: DEBUG dbcounter [-] [69993] Writing DB stats nova_cell0:SELECT=2,nova_cell0:INSERT=1 {{(pid=69993) stat_writer /opt/stack/data/venv/lib/python3.10/site-packages/dbcounter.py:115}}
Aug 26 09:45:45.495015 np0000032583 devstack@n-api.service[69993]: DEBUG nova.api.openstack.wsgi [None req-d8338cc5-9af7-4d28-9252-5536ae732ed7 admin admin] Calling method '<bound method FlavorsController.detail of <nova.api.openstack.compute.flavors.FlavorsController object at 0x7f803220e140>>' {{(pid=69993) _process_stack /opt/stack/nova/nova/api/openstack/wsgi.py:520}}
Aug 26 09:45:45.508909 np0000032583 devstack@n-api.service[69993]: INFO nova.api.openstack.requestlog [None req-d8338cc5-9af7-4d28-9252-5536ae732ed7 admin admin] 192.168.1.134 "GET /compute/v2.1/flavors/detail?is_public=True" status: 200 len: 15 microversion: 2.61 time: 0.139067
Aug 26 09:45:45.509202 np0000032583 devstack@n-api.service[69993]: [pid: 69993|app: 0|req: 1/3] 192.168.1.134 () {68 vars in 1428 bytes} [Tue Aug 26 09:45:45 2025] GET /compute/v2.1/flavors/detail?is_public=True => generated 15 bytes in 140 msecs (HTTP/1.1 200) 9 headers in 358 bytes (1 switches on core 0)
Aug 26 09:45:45.596412 np0000032583 devstack@n-api.service[69994]: DEBUG nova.api.openstack.wsgi [None req-759af372-f018-4b4b-8409-99d832b1f088 None None] Calling method '<bound method VersionsV2.index of <nova.api.openstack.compute.versions.VersionsV2 object at 0x7f80329dd090>>' {{(pid=69994) _process_stack /opt/stack/nova/nova/api/openstack/wsgi.py:520}}
Aug 26 09:45:45.597950 np0000032583 devstack@n-api.service[69994]: INFO nova.api.openstack.requestlog [None req-759af372-f018-4b4b-8409-99d832b1f088 None None] 192.168.1.134 "GET /compute/v2.1" status: 200 len: 391 microversion: 2.1 time: 0.001715
Aug 26 09:45:45.598528 np0000032583 devstack@n-api.service[69994]: [pid: 69994|app: 0|req: 3/4] 192.168.1.134 () {62 vars in 1067 bytes} [Tue Aug 26 09:45:45 2025] GET /compute/v2.1 => generated 391 bytes in 2 msecs (HTTP/1.1 200) 9 headers in 357 bytes (1 switches on core 0)
Aug 26 09:45:45.623509 np0000032583 devstack@n-api.service[69993]: DEBUG nova.api.openstack.wsgi [None req-322223e3-374a-48ed-bc4b-09da8b61a207 admin admin] Action: 'create', calling method: <bound method FlavorsController.create of <nova.api.openstack.compute.flavors.FlavorsController object at 0x7f803220dba0>>, body: {"flavor": {"vcpus": 1, "ram": 256, "disk": 1, "swap": 0, "OS-FLV-EXT-DATA:ephemeral": 0, "rxtx_factor": 1.0, "name": "cirros256", "os-flavor-access:is_public": true, "id": "c1"}} {{(pid=69993) _process_stack /opt/stack/nova/nova/api/openstack/wsgi.py:518}}
Aug 26 09:45:45.644219 np0000032583 devstack@n-api.service[69993]: INFO nova.api.openstack.requestlog [None req-322223e3-374a-48ed-bc4b-09da8b61a207 admin admin] 192.168.1.134 "POST /compute/v2.1/flavors" status: 200 len: 413 microversion: 2.61 time: 0.040493
Aug 26 09:45:45.644502 np0000032583 devstack@n-api.service[69993]: [pid: 69993|app: 0|req: 2/5] 192.168.1.134 () {72 vars in 1419 bytes} [Tue Aug 26 09:45:45 2025] POST /compute/v2.1/flavors => generated 413 bytes in 41 msecs (HTTP/1.1 200) 9 headers in 359 bytes (1 switches on core 0)
Aug 26 09:45:45.720516 np0000032583 devstack@n-api.service[69994]: DEBUG nova.api.openstack.wsgi [None req-41f62c84-c168-4432-9f92-5f4a16c5cf36 admin admin] Action: 'create', calling method: <bound method FlavorExtraSpecsController.create of <nova.api.openstack.compute.flavors_extraspecs.FlavorExtraSpecsController object at 0x7f80323f8490>>, body: {"extra_specs": {"hw_rng:allowed": "True"}} {{(pid=69994) _process_stack /opt/stack/nova/nova/api/openstack/wsgi.py:518}}
Aug 26 09:45:45.723929 np0000032583 devstack@n-api.service[69994]: DEBUG dbcounter [-] [69994] Writing DB stats nova_api:SELECT=1 {{(pid=69994) stat_writer /opt/stack/data/venv/lib/python3.10/site-packages/dbcounter.py:115}}
Aug 26 09:45:45.724437 np0000032583 devstack@n-api.service[69994]: DEBUG dbcounter [-] [69994] Writing DB stats nova_cell0:SELECT=1 {{(pid=69994) stat_writer /opt/stack/data/venv/lib/python3.10/site-packages/dbcounter.py:115}}
Aug 26 09:45:45.724778 np0000032583 devstack@n-api.service[69994]: DEBUG dbcounter [-] [69994] Writing DB stats nova_cell1:SELECT=1 {{(pid=69994) stat_writer /opt/stack/data/venv/lib/python3.10/site-packages/dbcounter.py:115}}
Aug 26 09:45:45.725104 np0000032583 devstack@n-api.service[69994]: DEBUG dbcounter [-] [69994] Writing DB stats nova_cell0:SELECT=1 {{(pid=69994) stat_writer /opt/stack/data/venv/lib/python3.10/site-packages/dbcounter.py:115}}
Aug 26 09:45:45.753285 np0000032583 devstack@n-api.service[69994]: INFO nova.api.openstack.requestlog [None req-41f62c84-c168-4432-9f92-5f4a16c5cf36 admin admin] 192.168.1.134 "POST /compute/v2.1/flavors/c1/os-extra_specs" status: 200 len: 43 microversion: 2.61 time: 0.101619
Aug 26 09:45:45.753547 np0000032583 devstack@n-api.service[69994]: [pid: 69994|app: 0|req: 4/6] 192.168.1.134 () {72 vars in 1472 bytes} [Tue Aug 26 09:45:45 2025] POST /compute/v2.1/flavors/c1/os-extra_specs => generated 43 bytes in 102 msecs (HTTP/1.1 200) 9 headers in 358 bytes (1 switches on core 0)
Aug 26 09:45:45.843543 np0000032583 devstack@n-api.service[69993]: DEBUG nova.api.openstack.wsgi [None req-322223e3-374a-48ed-bc4b-09da8b61a207 admin admin] Calling method '<bound method VersionsV2.index of <nova.api.openstack.compute.versions.VersionsV2 object at 0x7f80333ab610>>' {{(pid=69993) _process_stack /opt/stack/nova/nova/api/openstack/wsgi.py:520}}
Aug 26 09:45:45.845142 np0000032583 devstack@n-api.service[69993]: INFO nova.api.openstack.requestlog [None req-322223e3-374a-48ed-bc4b-09da8b61a207 admin admin] 192.168.1.134 "GET /compute/v2.1" status: 200 len: 391 microversion: 2.1 time: 0.001806
Aug 26 09:45:45.845316 np0000032583 devstack@n-api.service[69993]: [pid: 69993|app: 0|req: 3/7] 192.168.1.134 () {62 vars in 1067 bytes} [Tue Aug 26 09:45:45 2025] GET /compute/v2.1 => generated 391 bytes in 2 msecs (HTTP/1.1 200) 9 headers in 357 bytes (1 switches on core 0)
Aug 26 09:45:45.905756 np0000032583 devstack@n-api.service[69994]: DEBUG nova.api.openstack.wsgi [None req-09c38e57-55a5-4d9f-a57d-151592c5d1fa admin admin] Action: 'create', calling method: <bound method FlavorsController.create of <nova.api.openstack.compute.flavors.FlavorsController object at 0x7f80323f8d90>>, body: {"flavor": {"vcpus": 1, "ram": 512, "disk": 5, "swap": 0, "OS-FLV-EXT-DATA:ephemeral": 0, "rxtx_factor": 1.0, "name": "ds512M", "os-flavor-access:is_public": true, "id": "d1"}} {{(pid=69994) _process_stack /opt/stack/nova/nova/api/openstack/wsgi.py:518}}
Aug 26 09:45:45.922315 np0000032583 devstack@n-api.service[69994]: INFO nova.api.openstack.requestlog [None req-09c38e57-55a5-4d9f-a57d-151592c5d1fa admin admin] 192.168.1.134 "POST /compute/v2.1/flavors" status: 200 len: 410 microversion: 2.61 time: 0.071146
Aug 26 09:45:45.922544 np0000032583 devstack@n-api.service[69994]: [pid: 69994|app: 0|req: 5/8] 192.168.1.134 () {72 vars in 1419 bytes} [Tue Aug 26 09:45:45 2025] POST /compute/v2.1/flavors => generated 410 bytes in 71 msecs (HTTP/1.1 200) 9 headers in 359 bytes (1 switches on core 0)
Aug 26 09:45:45.931532 np0000032583 devstack@n-api.service[69993]: DEBUG nova.api.openstack.wsgi [None req-95fcbee8-a70a-4593-a5b8-dcd783cb7ce9 admin admin] Action: 'create', calling method: <bound method FlavorExtraSpecsController.create of <nova.api.openstack.compute.flavors_extraspecs.FlavorExtraSpecsController object at 0x7f803220edd0>>, body: {"extra_specs": {"hw_rng:allowed": "True"}} {{(pid=69993) _process_stack /opt/stack/nova/nova/api/openstack/wsgi.py:518}}
Aug 26 09:45:45.949446 np0000032583 devstack@n-api.service[69993]: INFO nova.api.openstack.requestlog [None req-95fcbee8-a70a-4593-a5b8-dcd783cb7ce9 admin admin] 192.168.1.134 "POST /compute/v2.1/flavors/d1/os-extra_specs" status: 200 len: 43 microversion: 2.61 time: 0.019622
Aug 26 09:45:45.949699 np0000032583 devstack@n-api.service[69993]: [pid: 69993|app: 0|req: 4/9] 192.168.1.134 () {72 vars in 1472 bytes} [Tue Aug 26 09:45:45 2025] POST /compute/v2.1/flavors/d1/os-extra_specs => generated 43 bytes in 20 msecs (HTTP/1.1 200) 9 headers in 358 bytes (1 switches on core 0)
Aug 26 09:45:46.040730 np0000032583 devstack@n-api.service[69994]: DEBUG nova.api.openstack.wsgi [None req-09c38e57-55a5-4d9f-a57d-151592c5d1fa admin admin] Calling method '<bound method VersionsV2.index of <nova.api.openstack.compute.versions.VersionsV2 object at 0x7f80329dd090>>' {{(pid=69994) _process_stack /opt/stack/nova/nova/api/openstack/wsgi.py:520}}
Aug 26 09:45:46.042261 np0000032583 devstack@n-api.service[69994]: INFO nova.api.openstack.requestlog [None req-09c38e57-55a5-4d9f-a57d-151592c5d1fa admin admin] 192.168.1.134 "GET /compute/v2.1" status: 200 len: 391 microversion: 2.1 time: 0.001740
Aug 26 09:45:46.042506 np0000032583 devstack@n-api.service[69994]: [pid: 69994|app: 0|req: 6/10] 192.168.1.134 () {62 vars in 1067 bytes} [Tue Aug 26 09:45:46 2025] GET /compute/v2.1 => generated 391 bytes in 2 msecs (HTTP/1.1 200) 9 headers in 357 bytes (1 switches on core 0)
Aug 26 09:45:46.071282 np0000032583 devstack@n-api.service[69993]: DEBUG nova.api.openstack.wsgi [None req-e300a4d0-1948-49e7-848c-968877e3945c admin admin] Action: 'create', calling method: <bound method FlavorsController.create of <nova.api.openstack.compute.flavors.FlavorsController object at 0x7f803220dba0>>, body: {"flavor": {"vcpus": 1, "ram": 1024, "disk": 10, "swap": 0, "OS-FLV-EXT-DATA:ephemeral": 0, "rxtx_factor": 1.0, "name": "ds1G", "os-flavor-access:is_public": true, "id": "d2"}} {{(pid=69993) _process_stack /opt/stack/nova/nova/api/openstack/wsgi.py:518}}
Aug 26 09:45:46.081354 np0000032583 devstack@n-api.service[69993]: INFO nova.api.openstack.requestlog [None req-e300a4d0-1948-49e7-848c-968877e3945c admin admin] 192.168.1.134 "POST /compute/v2.1/flavors" status: 200 len: 410 microversion: 2.61 time: 0.033657
Aug 26 09:45:46.081586 np0000032583 devstack@n-api.service[69993]: [pid: 69993|app: 0|req: 5/11] 192.168.1.134 () {72 vars in 1419 bytes} [Tue Aug 26 09:45:46 2025] POST /compute/v2.1/flavors => generated 410 bytes in 34 msecs (HTTP/1.1 200) 9 headers in 359 bytes (1 switches on core 0)
Aug 26 09:45:46.090439 np0000032583 devstack@n-api.service[69994]: DEBUG nova.api.openstack.wsgi [None req-d618b452-f457-4261-9cf1-36aa5d6a0a91 admin admin] Action: 'create', calling method: <bound method FlavorExtraSpecsController.create of <nova.api.openstack.compute.flavors_extraspecs.FlavorExtraSpecsController object at 0x7f80323f8490>>, body: {"extra_specs": {"hw_rng:allowed": "True"}} {{(pid=69994) _process_stack /opt/stack/nova/nova/api/openstack/wsgi.py:518}}
Aug 26 09:45:46.101775 np0000032583 devstack@n-api.service[69994]: INFO nova.api.openstack.requestlog [None req-d618b452-f457-4261-9cf1-36aa5d6a0a91 admin admin] 192.168.1.134 "POST /compute/v2.1/flavors/d2/os-extra_specs" status: 200 len: 43 microversion: 2.61 time: 0.013052
Aug 26 09:45:46.102012 np0000032583 devstack@n-api.service[69994]: [pid: 69994|app: 0|req: 7/12] 192.168.1.134 () {72 vars in 1472 bytes} [Tue Aug 26 09:45:46 2025] POST /compute/v2.1/flavors/d2/os-extra_specs => generated 43 bytes in 13 msecs (HTTP/1.1 200) 9 headers in 358 bytes (1 switches on core 0)
Aug 26 09:45:46.196839 np0000032583 devstack@n-api.service[69993]: DEBUG nova.api.openstack.wsgi [None req-e300a4d0-1948-49e7-848c-968877e3945c admin admin] Calling method '<bound method VersionsV2.index of <nova.api.openstack.compute.versions.VersionsV2 object at 0x7f80333ab610>>' {{(pid=69993) _process_stack /opt/stack/nova/nova/api/openstack/wsgi.py:520}}
Aug 26 09:45:46.198509 np0000032583 devstack@n-api.service[69993]: INFO nova.api.openstack.requestlog [None req-e300a4d0-1948-49e7-848c-968877e3945c admin admin] 192.168.1.134 "GET /compute/v2.1" status: 200 len: 391 microversion: 2.1 time: 0.001820
Aug 26 09:45:46.198692 np0000032583 devstack@n-api.service[69993]: [pid: 69993|app: 0|req: 6/13] 192.168.1.134 () {62 vars in 1067 bytes} [Tue Aug 26 09:45:46 2025] GET /compute/v2.1 => generated 391 bytes in 2 msecs (HTTP/1.1 200) 9 headers in 357 bytes (1 switches on core 0)
Aug 26 09:45:46.224936 np0000032583 devstack@n-api.service[69994]: DEBUG nova.api.openstack.wsgi [None req-78d0c544-9cae-49a0-b965-8e5b2a05c740 admin admin] Action: 'create', calling method: <bound method FlavorsController.create of <nova.api.openstack.compute.flavors.FlavorsController object at 0x7f80323f8d90>>, body: {"flavor": {"vcpus": 2, "ram": 2048, "disk": 10, "swap": 0, "OS-FLV-EXT-DATA:ephemeral": 0, "rxtx_factor": 1.0, "name": "ds2G", "os-flavor-access:is_public": true, "id": "d3"}} {{(pid=69994) _process_stack /opt/stack/nova/nova/api/openstack/wsgi.py:518}}
Aug 26 09:45:46.236377 np0000032583 devstack@n-api.service[69994]: INFO nova.api.openstack.requestlog [None req-78d0c544-9cae-49a0-b965-8e5b2a05c740 admin admin] 192.168.1.134 "POST /compute/v2.1/flavors" status: 200 len: 410 microversion: 2.61 time: 0.031543
Aug 26 09:45:46.236675 np0000032583 devstack@n-api.service[69994]: [pid: 69994|app: 0|req: 8/14] 192.168.1.134 () {72 vars in 1419 bytes} [Tue Aug 26 09:45:46 2025] POST /compute/v2.1/flavors => generated 410 bytes in 32 msecs (HTTP/1.1 200) 9 headers in 359 bytes (1 switches on core 0)
Aug 26 09:45:46.245604 np0000032583 devstack@n-api.service[69993]: DEBUG nova.api.openstack.wsgi [None req-70490cd6-8b8a-4a33-b05e-26f2e28932b3 admin admin] Action: 'create', calling method: <bound method FlavorExtraSpecsController.create of <nova.api.openstack.compute.flavors_extraspecs.FlavorExtraSpecsController object at 0x7f803220edd0>>, body: {"extra_specs": {"hw_rng:allowed": "True"}} {{(pid=69993) _process_stack /opt/stack/nova/nova/api/openstack/wsgi.py:518}}
Aug 26 09:45:46.258597 np0000032583 devstack@n-api.service[69993]: INFO nova.api.openstack.requestlog [None req-70490cd6-8b8a-4a33-b05e-26f2e28932b3 admin admin] 192.168.1.134 "POST /compute/v2.1/flavors/d3/os-extra_specs" status: 200 len: 43 microversion: 2.61 time: 0.014678
Aug 26 09:45:46.259011 np0000032583 devstack@n-api.service[69993]: [pid: 69993|app: 0|req: 7/15] 192.168.1.134 () {72 vars in 1472 bytes} [Tue Aug 26 09:45:46 2025] POST /compute/v2.1/flavors/d3/os-extra_specs => generated 43 bytes in 15 msecs (HTTP/1.1 200) 9 headers in 358 bytes (1 switches on core 0)
Aug 26 09:45:46.355444 np0000032583 devstack@n-api.service[69994]: DEBUG nova.api.openstack.wsgi [None req-78d0c544-9cae-49a0-b965-8e5b2a05c740 admin admin] Calling method '<bound method VersionsV2.index of <nova.api.openstack.compute.versions.VersionsV2 object at 0x7f80329dd090>>' {{(pid=69994) _process_stack /opt/stack/nova/nova/api/openstack/wsgi.py:520}}
Aug 26 09:45:46.356967 np0000032583 devstack@n-api.service[69994]: INFO nova.api.openstack.requestlog [None req-78d0c544-9cae-49a0-b965-8e5b2a05c740 admin admin] 192.168.1.134 "GET /compute/v2.1" status: 200 len: 391 microversion: 2.1 time: 0.001733
Aug 26 09:45:46.357149 np0000032583 devstack@n-api.service[69994]: [pid: 69994|app: 0|req: 9/16] 192.168.1.134 () {62 vars in 1067 bytes} [Tue Aug 26 09:45:46 2025] GET /compute/v2.1 => generated 391 bytes in 2 msecs (HTTP/1.1 200) 9 headers in 357 bytes (1 switches on core 0)
Aug 26 09:45:46.382930 np0000032583 devstack@n-api.service[69993]: DEBUG nova.api.openstack.wsgi [None req-b8003dc4-c7f5-4479-93d5-d83adc76aefc admin admin] Action: 'create', calling method: <bound method FlavorsController.create of <nova.api.openstack.compute.flavors.FlavorsController object at 0x7f803220dba0>>, body: {"flavor": {"vcpus": 4, "ram": 4096, "disk": 20, "swap": 0, "OS-FLV-EXT-DATA:ephemeral": 0, "rxtx_factor": 1.0, "name": "ds4G", "os-flavor-access:is_public": true, "id": "d4"}} {{(pid=69993) _process_stack /opt/stack/nova/nova/api/openstack/wsgi.py:518}}
Aug 26 09:45:46.392792 np0000032583 devstack@n-api.service[69993]: INFO nova.api.openstack.requestlog [None req-b8003dc4-c7f5-4479-93d5-d83adc76aefc admin admin] 192.168.1.134 "POST /compute/v2.1/flavors" status: 200 len: 410 microversion: 2.61 time: 0.030163
Aug 26 09:45:46.393039 np0000032583 devstack@n-api.service[69993]: [pid: 69993|app: 0|req: 8/17] 192.168.1.134 () {72 vars in 1419 bytes} [Tue Aug 26 09:45:46 2025] POST /compute/v2.1/flavors => generated 410 bytes in 30 msecs (HTTP/1.1 200) 9 headers in 359 bytes (1 switches on core 0)
Aug 26 09:45:46.401670 np0000032583 devstack@n-api.service[69994]: DEBUG nova.api.openstack.wsgi [None req-a069d83b-22c9-44f7-b6d1-882479139729 admin admin] Action: 'create', calling method: <bound method FlavorExtraSpecsController.create of <nova.api.openstack.compute.flavors_extraspecs.FlavorExtraSpecsController object at 0x7f80323f8490>>, body: {"extra_specs": {"hw_rng:allowed": "True"}} {{(pid=69994) _process_stack /opt/stack/nova/nova/api/openstack/wsgi.py:518}}
Aug 26 09:45:46.413955 np0000032583 devstack@n-api.service[69994]: INFO nova.api.openstack.requestlog [None req-a069d83b-22c9-44f7-b6d1-882479139729 admin admin] 192.168.1.134 "POST /compute/v2.1/flavors/d4/os-extra_specs" status: 200 len: 43 microversion: 2.61 time: 0.013975
Aug 26 09:45:46.414249 np0000032583 devstack@n-api.service[69994]: [pid: 69994|app: 0|req: 10/18] 192.168.1.134 () {72 vars in 1472 bytes} [Tue Aug 26 09:45:46 2025] POST /compute/v2.1/flavors/d4/os-extra_specs => generated 43 bytes in 14 msecs (HTTP/1.1 200) 9 headers in 358 bytes (1 switches on core 0)
Aug 26 09:45:46.503905 np0000032583 devstack@n-api.service[69993]: DEBUG nova.api.openstack.wsgi [None req-b8003dc4-c7f5-4479-93d5-d83adc76aefc admin admin] Calling method '<bound method VersionsV2.index of <nova.api.openstack.compute.versions.VersionsV2 object at 0x7f80333ab610>>' {{(pid=69993) _process_stack /opt/stack/nova/nova/api/openstack/wsgi.py:520}}
Aug 26 09:45:46.505486 np0000032583 devstack@n-api.service[69993]: INFO nova.api.openstack.requestlog [None req-b8003dc4-c7f5-4479-93d5-d83adc76aefc admin admin] 192.168.1.134 "GET /compute/v2.1" status: 200 len: 391 microversion: 2.1 time: 0.001788
Aug 26 09:45:46.505663 np0000032583 devstack@n-api.service[69993]: [pid: 69993|app: 0|req: 9/19] 192.168.1.134 () {62 vars in 1067 bytes} [Tue Aug 26 09:45:46 2025] GET /compute/v2.1 => generated 391 bytes in 2 msecs (HTTP/1.1 200) 9 headers in 357 bytes (1 switches on core 0)
Aug 26 09:45:46.546620 np0000032583 devstack@n-api.service[69994]: DEBUG nova.api.openstack.wsgi [None req-919c3af3-8823-464a-8535-dc2be0a284f4 admin admin] Calling method '<bound method FlavorsController.detail of <nova.api.openstack.compute.flavors.FlavorsController object at 0x7f80323f9330>>' {{(pid=69994) _process_stack /opt/stack/nova/nova/api/openstack/wsgi.py:520}}
Aug 26 09:45:46.557799 np0000032583 devstack@n-api.service[69994]: INFO nova.api.openstack.requestlog [None req-919c3af3-8823-464a-8535-dc2be0a284f4 admin admin] 192.168.1.134 "GET /compute/v2.1/flavors/detail?is_public=True" status: 200 len: 2136 microversion: 2.61 time: 0.030780
Aug 26 09:45:46.558105 np0000032583 devstack@n-api.service[69994]: [pid: 69994|app: 0|req: 11/20] 192.168.1.134 () {68 vars in 1428 bytes} [Tue Aug 26 09:45:46 2025] GET /compute/v2.1/flavors/detail?is_public=True => generated 2136 bytes in 31 msecs (HTTP/1.1 200) 9 headers in 360 bytes (1 switches on core 0)
Aug 26 09:45:46.646344 np0000032583 devstack@n-api.service[69993]: DEBUG nova.api.openstack.wsgi [None req-b8003dc4-c7f5-4479-93d5-d83adc76aefc admin admin] Calling method '<bound method VersionsV2.index of <nova.api.openstack.compute.versions.VersionsV2 object at 0x7f80333ab610>>' {{(pid=69993) _process_stack /opt/stack/nova/nova/api/openstack/wsgi.py:520}}
Aug 26 09:45:46.647874 np0000032583 devstack@n-api.service[69993]: INFO nova.api.openstack.requestlog [None req-b8003dc4-c7f5-4479-93d5-d83adc76aefc admin admin] 192.168.1.134 "GET /compute/v2.1" status: 200 len: 391 microversion: 2.1 time: 0.001722
Aug 26 09:45:46.648064 np0000032583 devstack@n-api.service[69993]: [pid: 69993|app: 0|req: 10/21] 192.168.1.134 () {62 vars in 1067 bytes} [Tue Aug 26 09:45:46 2025] GET /compute/v2.1 => generated 391 bytes in 2 msecs (HTTP/1.1 200) 9 headers in 357 bytes (1 switches on core 0)
Aug 26 09:45:46.671850 np0000032583 devstack@n-api.service[69994]: DEBUG nova.api.openstack.wsgi [None req-b5855ba2-673b-42dd-8618-a8170b6eb770 admin admin] Action: 'create', calling method: <bound method FlavorsController.create of <nova.api.openstack.compute.flavors.FlavorsController object at 0x7f80323f8d90>>, body: {"flavor": {"vcpus": 1, "ram": 512, "disk": 1, "swap": 0, "OS-FLV-EXT-DATA:ephemeral": 0, "rxtx_factor": 1.0, "name": "m1.tiny", "os-flavor-access:is_public": true, "id": "1"}} {{(pid=69994) _process_stack /opt/stack/nova/nova/api/openstack/wsgi.py:518}}
Aug 26 09:45:46.681788 np0000032583 devstack@n-api.service[69994]: INFO nova.api.openstack.requestlog [None req-b5855ba2-673b-42dd-8618-a8170b6eb770 admin admin] 192.168.1.134 "POST /compute/v2.1/flavors" status: 200 len: 408 microversion: 2.61 time: 0.028481
Aug 26 09:45:46.682082 np0000032583 devstack@n-api.service[69994]: [pid: 69994|app: 0|req: 12/22] 192.168.1.134 () {72 vars in 1419 bytes} [Tue Aug 26 09:45:46 2025] POST /compute/v2.1/flavors => generated 408 bytes in 29 msecs (HTTP/1.1 200) 9 headers in 359 bytes (1 switches on core 0)
Aug 26 09:45:46.690518 np0000032583 devstack@n-api.service[69993]: DEBUG nova.api.openstack.wsgi [None req-527107e6-c71b-4623-b56c-de8f5786e61e admin admin] Action: 'create', calling method: <bound method FlavorExtraSpecsController.create of <nova.api.openstack.compute.flavors_extraspecs.FlavorExtraSpecsController object at 0x7f803220edd0>>, body: {"extra_specs": {"hw_rng:allowed": "True"}} {{(pid=69993) _process_stack /opt/stack/nova/nova/api/openstack/wsgi.py:518}}
Aug 26 09:45:46.702268 np0000032583 devstack@n-api.service[69993]: INFO nova.api.openstack.requestlog [None req-527107e6-c71b-4623-b56c-de8f5786e61e admin admin] 192.168.1.134 "POST /compute/v2.1/flavors/1/os-extra_specs" status: 200 len: 43 microversion: 2.61 time: 0.013451
Aug 26 09:45:46.702538 np0000032583 devstack@n-api.service[69993]: [pid: 69993|app: 0|req: 11/23] 192.168.1.134 () {72 vars in 1469 bytes} [Tue Aug 26 09:45:46 2025] POST /compute/v2.1/flavors/1/os-extra_specs => generated 43 bytes in 14 msecs (HTTP/1.1 200) 9 headers in 358 bytes (1 switches on core 0)
Aug 26 09:45:46.789027 np0000032583 devstack@n-api.service[69994]: DEBUG nova.api.openstack.wsgi [None req-b5855ba2-673b-42dd-8618-a8170b6eb770 admin admin] Calling method '<bound method VersionsV2.index of <nova.api.openstack.compute.versions.VersionsV2 object at 0x7f80329dd090>>' {{(pid=69994) _process_stack /opt/stack/nova/nova/api/openstack/wsgi.py:520}}
Aug 26 09:45:46.790589 np0000032583 devstack@n-api.service[69994]: INFO nova.api.openstack.requestlog [None req-b5855ba2-673b-42dd-8618-a8170b6eb770 admin admin] 192.168.1.134 "GET /compute/v2.1" status: 200 len: 391 microversion: 2.1 time: 0.001774
Aug 26 09:45:46.790830 np0000032583 devstack@n-api.service[69994]: [pid: 69994|app: 0|req: 13/24] 192.168.1.134 () {62 vars in 1067 bytes} [Tue Aug 26 09:45:46 2025] GET /compute/v2.1 => generated 391 bytes in 2 msecs (HTTP/1.1 200) 9 headers in 357 bytes (1 switches on core 0)
Aug 26 09:45:46.816584 np0000032583 devstack@n-api.service[69993]: DEBUG nova.api.openstack.wsgi [None req-43b3e72f-fd14-4c8c-9c99-2fb50670d38e admin admin] Action: 'create', calling method: <bound method FlavorsController.create of <nova.api.openstack.compute.flavors.FlavorsController object at 0x7f803220dba0>>, body: {"flavor": {"vcpus": 1, "ram": 2048, "disk": 20, "swap": 0, "OS-FLV-EXT-DATA:ephemeral": 0, "rxtx_factor": 1.0, "name": "m1.small", "os-flavor-access:is_public": true, "id": "2"}} {{(pid=69993) _process_stack /opt/stack/nova/nova/api/openstack/wsgi.py:518}}
Aug 26 09:45:46.825966 np0000032583 devstack@n-api.service[69993]: INFO nova.api.openstack.requestlog [None req-43b3e72f-fd14-4c8c-9c99-2fb50670d38e admin admin] 192.168.1.134 "POST /compute/v2.1/flavors" status: 200 len: 411 microversion: 2.61 time: 0.028516
Aug 26 09:45:46.826191 np0000032583 devstack@n-api.service[69993]: [pid: 69993|app: 0|req: 12/25] 192.168.1.134 () {72 vars in 1419 bytes} [Tue Aug 26 09:45:46 2025] POST /compute/v2.1/flavors => generated 411 bytes in 29 msecs (HTTP/1.1 200) 9 headers in 359 bytes (1 switches on core 0)
Aug 26 09:45:46.834545 np0000032583 devstack@n-api.service[69994]: DEBUG nova.api.openstack.wsgi [None req-49ad8057-7022-4d16-b952-aa384dc9645c admin admin] Action: 'create', calling method: <bound method FlavorExtraSpecsController.create of <nova.api.openstack.compute.flavors_extraspecs.FlavorExtraSpecsController object at 0x7f80323f8490>>, body: {"extra_specs": {"hw_rng:allowed": "True"}} {{(pid=69994) _process_stack /opt/stack/nova/nova/api/openstack/wsgi.py:518}}
Aug 26 09:45:46.847466 np0000032583 devstack@n-api.service[69994]: INFO nova.api.openstack.requestlog [None req-49ad8057-7022-4d16-b952-aa384dc9645c admin admin] 192.168.1.134 "POST /compute/v2.1/flavors/2/os-extra_specs" status: 200 len: 43 microversion: 2.61 time: 0.014511
Aug 26 09:45:46.847766 np0000032583 devstack@n-api.service[69994]: [pid: 69994|app: 0|req: 14/26] 192.168.1.134 () {72 vars in 1469 bytes} [Tue Aug 26 09:45:46 2025] POST /compute/v2.1/flavors/2/os-extra_specs => generated 43 bytes in 15 msecs (HTTP/1.1 200) 9 headers in 358 bytes (1 switches on core 0)
Aug 26 09:45:46.942300 np0000032583 devstack@n-api.service[69993]: DEBUG nova.api.openstack.wsgi [None req-43b3e72f-fd14-4c8c-9c99-2fb50670d38e admin admin] Calling method '<bound method VersionsV2.index of <nova.api.openstack.compute.versions.VersionsV2 object at 0x7f80333ab610>>' {{(pid=69993) _process_stack /opt/stack/nova/nova/api/openstack/wsgi.py:520}}
Aug 26 09:45:46.943845 np0000032583 devstack@n-api.service[69993]: INFO nova.api.openstack.requestlog [None req-43b3e72f-fd14-4c8c-9c99-2fb50670d38e admin admin] 192.168.1.134 "GET /compute/v2.1" status: 200 len: 391 microversion: 2.1 time: 0.001809
Aug 26 09:45:46.944041 np0000032583 devstack@n-api.service[69993]: [pid: 69993|app: 0|req: 13/27] 192.168.1.134 () {62 vars in 1067 bytes} [Tue Aug 26 09:45:46 2025] GET /compute/v2.1 => generated 391 bytes in 2 msecs (HTTP/1.1 200) 9 headers in 357 bytes (1 switches on core 0)
Aug 26 09:45:46.977089 np0000032583 devstack@n-api.service[69994]: DEBUG nova.api.openstack.wsgi [None req-0b54065c-dcc5-4eb0-b809-658cf42db54f admin admin] Action: 'create', calling method: <bound method FlavorsController.create of <nova.api.openstack.compute.flavors.FlavorsController object at 0x7f80323f8d90>>, body: {"flavor": {"vcpus": 2, "ram": 4096, "disk": 40, "swap": 0, "OS-FLV-EXT-DATA:ephemeral": 0, "rxtx_factor": 1.0, "name": "m1.medium", "os-flavor-access:is_public": true, "id": "3"}} {{(pid=69994) _process_stack /opt/stack/nova/nova/api/openstack/wsgi.py:518}}
Aug 26 09:45:46.987183 np0000032583 devstack@n-api.service[69994]: INFO nova.api.openstack.requestlog [None req-0b54065c-dcc5-4eb0-b809-658cf42db54f admin admin] 192.168.1.134 "POST /compute/v2.1/flavors" status: 200 len: 412 microversion: 2.61 time: 0.036425
Aug 26 09:45:46.987502 np0000032583 devstack@n-api.service[69994]: [pid: 69994|app: 0|req: 15/28] 192.168.1.134 () {72 vars in 1419 bytes} [Tue Aug 26 09:45:46 2025] POST /compute/v2.1/flavors => generated 412 bytes in 37 msecs (HTTP/1.1 200) 9 headers in 359 bytes (1 switches on core 0)
Aug 26 09:45:46.996801 np0000032583 devstack@n-api.service[69993]: DEBUG nova.api.openstack.wsgi [None req-fc380822-e5a0-4af8-a3da-bec2fc2fceaa admin admin] Action: 'create', calling method: <bound method FlavorExtraSpecsController.create of <nova.api.openstack.compute.flavors_extraspecs.FlavorExtraSpecsController object at 0x7f803220edd0>>, body: {"extra_specs": {"hw_rng:allowed": "True"}} {{(pid=69993) _process_stack /opt/stack/nova/nova/api/openstack/wsgi.py:518}}
Aug 26 09:45:47.010651 np0000032583 devstack@n-api.service[69993]: INFO nova.api.openstack.requestlog [None req-fc380822-e5a0-4af8-a3da-bec2fc2fceaa admin admin] 192.168.1.134 "POST /compute/v2.1/flavors/3/os-extra_specs" status: 200 len: 43 microversion: 2.61 time: 0.015294
Aug 26 09:45:47.010651 np0000032583 devstack@n-api.service[69993]: [pid: 69993|app: 0|req: 14/29] 192.168.1.134 () {72 vars in 1469 bytes} [Tue Aug 26 09:45:46 2025] POST /compute/v2.1/flavors/3/os-extra_specs => generated 43 bytes in 16 msecs (HTTP/1.1 200) 9 headers in 358 bytes (1 switches on core 0)
Aug 26 09:45:47.104224 np0000032583 devstack@n-api.service[69994]: DEBUG nova.api.openstack.wsgi [None req-0b54065c-dcc5-4eb0-b809-658cf42db54f admin admin] Calling method '<bound method VersionsV2.index of <nova.api.openstack.compute.versions.VersionsV2 object at 0x7f80329dd090>>' {{(pid=69994) _process_stack /opt/stack/nova/nova/api/openstack/wsgi.py:520}}
Aug 26 09:45:47.105839 np0000032583 devstack@n-api.service[69994]: INFO nova.api.openstack.requestlog [None req-0b54065c-dcc5-4eb0-b809-658cf42db54f admin admin] 192.168.1.134 "GET /compute/v2.1" status: 200 len: 391 microversion: 2.1 time: 0.001831
Aug 26 09:45:47.106027 np0000032583 devstack@n-api.service[69994]: [pid: 69994|app: 0|req: 16/30] 192.168.1.134 () {62 vars in 1067 bytes} [Tue Aug 26 09:45:47 2025] GET /compute/v2.1 => generated 391 bytes in 2 msecs (HTTP/1.1 200) 9 headers in 357 bytes (1 switches on core 0)
Aug 26 09:45:47.132154 np0000032583 devstack@n-api.service[69993]: DEBUG nova.api.openstack.wsgi [None req-46f1cde1-d349-4d1d-9854-7f9984282692 admin admin] Action: 'create', calling method: <bound method FlavorsController.create of <nova.api.openstack.compute.flavors.FlavorsController object at 0x7f803220dba0>>, body: {"flavor": {"vcpus": 4, "ram": 8192, "disk": 80, "swap": 0, "OS-FLV-EXT-DATA:ephemeral": 0, "rxtx_factor": 1.0, "name": "m1.large", "os-flavor-access:is_public": true, "id": "4"}} {{(pid=69993) _process_stack /opt/stack/nova/nova/api/openstack/wsgi.py:518}}
Aug 26 09:45:47.142720 np0000032583 devstack@n-api.service[69993]: INFO nova.api.openstack.requestlog [None req-46f1cde1-d349-4d1d-9854-7f9984282692 admin admin] 192.168.1.134 "POST /compute/v2.1/flavors" status: 200 len: 411 microversion: 2.61 time: 0.030820
Aug 26 09:45:47.142975 np0000032583 devstack@n-api.service[69993]: [pid: 69993|app: 0|req: 15/31] 192.168.1.134 () {72 vars in 1419 bytes} [Tue Aug 26 09:45:47 2025] POST /compute/v2.1/flavors => generated 411 bytes in 31 msecs (HTTP/1.1 200) 9 headers in 359 bytes (1 switches on core 0)
Aug 26 09:45:47.152078 np0000032583 devstack@n-api.service[69994]: DEBUG nova.api.openstack.wsgi [None req-2826141a-08c3-4818-89c0-ac396cd93603 admin admin] Action: 'create', calling method: <bound method FlavorExtraSpecsController.create of <nova.api.openstack.compute.flavors_extraspecs.FlavorExtraSpecsController object at 0x7f80323f8490>>, body: {"extra_specs": {"hw_rng:allowed": "True"}} {{(pid=69994) _process_stack /opt/stack/nova/nova/api/openstack/wsgi.py:518}}
Aug 26 09:45:47.164328 np0000032583 devstack@n-api.service[69994]: INFO nova.api.openstack.requestlog [None req-2826141a-08c3-4818-89c0-ac396cd93603 admin admin] 192.168.1.134 "POST /compute/v2.1/flavors/4/os-extra_specs" status: 200 len: 43 microversion: 2.61 time: 0.014042
Aug 26 09:45:47.164836 np0000032583 devstack@n-api.service[69994]: [pid: 69994|app: 0|req: 17/32] 192.168.1.134 () {72 vars in 1469 bytes} [Tue Aug 26 09:45:47 2025] POST /compute/v2.1/flavors/4/os-extra_specs => generated 43 bytes in 15 msecs (HTTP/1.1 200) 9 headers in 358 bytes (1 switches on core 0)
Aug 26 09:45:47.255991 np0000032583 devstack@n-api.service[69993]: DEBUG nova.api.openstack.wsgi [None req-46f1cde1-d349-4d1d-9854-7f9984282692 admin admin] Calling method '<bound method VersionsV2.index of <nova.api.openstack.compute.versions.VersionsV2 object at 0x7f80333ab610>>' {{(pid=69993) _process_stack /opt/stack/nova/nova/api/openstack/wsgi.py:520}}
Aug 26 09:45:47.257555 np0000032583 devstack@n-api.service[69993]: INFO nova.api.openstack.requestlog [None req-46f1cde1-d349-4d1d-9854-7f9984282692 admin admin] 192.168.1.134 "GET /compute/v2.1" status: 200 len: 391 microversion: 2.1 time: 0.001803
Aug 26 09:45:47.257735 np0000032583 devstack@n-api.service[69993]: [pid: 69993|app: 0|req: 16/33] 192.168.1.134 () {62 vars in 1067 bytes} [Tue Aug 26 09:45:47 2025] GET /compute/v2.1 => generated 391 bytes in 2 msecs (HTTP/1.1 200) 9 headers in 357 bytes (1 switches on core 0)
Aug 26 09:45:47.284764 np0000032583 devstack@n-api.service[69994]: DEBUG nova.api.openstack.wsgi [None req-381a833a-95f2-4e19-85f6-0f66b04a3304 admin admin] Action: 'create', calling method: <bound method FlavorsController.create of <nova.api.openstack.compute.flavors.FlavorsController object at 0x7f80323f8d90>>, body: {"flavor": {"vcpus": 8, "ram": 16384, "disk": 160, "swap": 0, "OS-FLV-EXT-DATA:ephemeral": 0, "rxtx_factor": 1.0, "name": "m1.xlarge", "os-flavor-access:is_public": true, "id": "5"}} {{(pid=69994) _process_stack /opt/stack/nova/nova/api/openstack/wsgi.py:518}}
Aug 26 09:45:47.295115 np0000032583 devstack@n-api.service[69994]: INFO nova.api.openstack.requestlog [None req-381a833a-95f2-4e19-85f6-0f66b04a3304 admin admin] 192.168.1.134 "POST /compute/v2.1/flavors" status: 200 len: 414 microversion: 2.61 time: 0.031212
Aug 26 09:45:47.295437 np0000032583 devstack@n-api.service[69994]: [pid: 69994|app: 0|req: 18/34] 192.168.1.134 () {72 vars in 1419 bytes} [Tue Aug 26 09:45:47 2025] POST /compute/v2.1/flavors => generated 414 bytes in 32 msecs (HTTP/1.1 200) 9 headers in 359 bytes (1 switches on core 0)
Aug 26 09:45:47.304326 np0000032583 devstack@n-api.service[69993]: DEBUG nova.api.openstack.wsgi [None req-e369bc8f-8d65-4036-958c-b408cd0ea8a5 admin admin] Action: 'create', calling method: <bound method FlavorExtraSpecsController.create of <nova.api.openstack.compute.flavors_extraspecs.FlavorExtraSpecsController object at 0x7f803220edd0>>, body: {"extra_specs": {"hw_rng:allowed": "True"}} {{(pid=69993) _process_stack /opt/stack/nova/nova/api/openstack/wsgi.py:518}}
Aug 26 09:45:47.316805 np0000032583 devstack@n-api.service[69993]: INFO nova.api.openstack.requestlog [None req-e369bc8f-8d65-4036-958c-b408cd0ea8a5 admin admin] 192.168.1.134 "POST /compute/v2.1/flavors/5/os-extra_specs" status: 200 len: 43 microversion: 2.61 time: 0.014202
Aug 26 09:45:47.317106 np0000032583 devstack@n-api.service[69993]: [pid: 69993|app: 0|req: 17/35] 192.168.1.134 () {72 vars in 1469 bytes} [Tue Aug 26 09:45:47 2025] POST /compute/v2.1/flavors/5/os-extra_specs => generated 43 bytes in 15 msecs (HTTP/1.1 200) 9 headers in 358 bytes (1 switches on core 0)
Aug 26 09:45:51.694870 np0000032583 devstack@n-api.service[69994]: DEBUG nova.api.openstack.wsgi [None req-381a833a-95f2-4e19-85f6-0f66b04a3304 admin admin] Calling method '<bound method VersionsV2.index of <nova.api.openstack.compute.versions.VersionsV2 object at 0x7f80329dd090>>' {{(pid=69994) _process_stack /opt/stack/nova/nova/api/openstack/wsgi.py:520}}
Aug 26 09:45:51.696478 np0000032583 devstack@n-api.service[69994]: INFO nova.api.openstack.requestlog [None req-381a833a-95f2-4e19-85f6-0f66b04a3304 admin admin] 192.168.1.134 "GET /compute/v2.1" status: 200 len: 391 microversion: 2.1 time: 0.001806
Aug 26 09:45:51.696656 np0000032583 devstack@n-api.service[69994]: [pid: 69994|app: 0|req: 19/36] 192.168.1.134 () {62 vars in 1067 bytes} [Tue Aug 26 09:45:51 2025] GET /compute/v2.1 => generated 391 bytes in 2 msecs (HTTP/1.1 200) 9 headers in 357 bytes (1 switches on core 0)
Aug 26 09:45:51.720579 np0000032583 devstack@n-api.service[69993]: DEBUG nova.api.openstack.wsgi [None req-fc24749c-aac7-4748-9748-757572bfd5ae admin admin] Calling method '<bound method FlavorsController.detail of <nova.api.openstack.compute.flavors.FlavorsController object at 0x7f803220e140>>' {{(pid=69993) _process_stack /opt/stack/nova/nova/api/openstack/wsgi.py:520}}
Aug 26 09:45:51.728282 np0000032583 devstack@n-api.service[69993]: INFO nova.api.openstack.requestlog [None req-fc24749c-aac7-4748-9748-757572bfd5ae admin admin] 192.168.1.134 "GET /compute/v2.1/flavors/detail?is_public=True" status: 200 len: 4262 microversion: 2.61 time: 0.026314
Aug 26 09:45:51.728733 np0000032583 devstack@n-api.service[69993]: [pid: 69993|app: 0|req: 18/37] 192.168.1.134 () {68 vars in 1428 bytes} [Tue Aug 26 09:45:51 2025] GET /compute/v2.1/flavors/detail?is_public=True => generated 4262 bytes in 27 msecs (HTTP/1.1 200) 9 headers in 360 bytes (1 switches on core 0)
Aug 26 09:45:51.835578 np0000032583 devstack@n-api.service[69994]: DEBUG nova.api.openstack.wsgi [None req-381a833a-95f2-4e19-85f6-0f66b04a3304 admin admin] Calling method '<bound method VersionsV2.index of <nova.api.openstack.compute.versions.VersionsV2 object at 0x7f80329dd090>>' {{(pid=69994) _process_stack /opt/stack/nova/nova/api/openstack/wsgi.py:520}}
Aug 26 09:45:51.837092 np0000032583 devstack@n-api.service[69994]: INFO nova.api.openstack.requestlog [None req-381a833a-95f2-4e19-85f6-0f66b04a3304 admin admin] 192.168.1.134 "GET /compute/v2.1" status: 200 len: 391 microversion: 2.1 time: 0.001693
Aug 26 09:45:51.837280 np0000032583 devstack@n-api.service[69994]: [pid: 69994|app: 0|req: 20/38] 192.168.1.134 () {62 vars in 1067 bytes} [Tue Aug 26 09:45:51 2025] GET /compute/v2.1 => generated 391 bytes in 2 msecs (HTTP/1.1 200) 9 headers in 357 bytes (1 switches on core 0)
Aug 26 09:45:51.861533 np0000032583 devstack@n-api.service[69993]: DEBUG nova.api.openstack.wsgi [None req-f7580924-95b7-4baa-85a9-02bb816798a3 admin admin] Action: 'create', calling method: <bound method FlavorsController.create of <nova.api.openstack.compute.flavors.FlavorsController object at 0x7f803220dba0>>, body: {"flavor": {"vcpus": 1, "ram": 1024, "disk": 5, "swap": 0, "OS-FLV-EXT-DATA:ephemeral": 0, "rxtx_factor": 1.0, "name": "manila-service-flavor", "os-flavor-access:is_public": true, "id": "100"}} {{(pid=69993) _process_stack /opt/stack/nova/nova/api/openstack/wsgi.py:518}}
Aug 26 09:45:51.872231 np0000032583 devstack@n-api.service[69993]: INFO nova.api.openstack.requestlog [None req-f7580924-95b7-4baa-85a9-02bb816798a3 admin admin] 192.168.1.134 "POST /compute/v2.1/flavors" status: 200 len: 429 microversion: 2.61 time: 0.029519
Aug 26 09:45:51.872509 np0000032583 devstack@n-api.service[69993]: [pid: 69993|app: 0|req: 19/39] 192.168.1.134 () {72 vars in 1419 bytes} [Tue Aug 26 09:45:51 2025] POST /compute/v2.1/flavors => generated 429 bytes in 30 msecs (HTTP/1.1 200) 9 headers in 359 bytes (1 switches on core 0)
Aug 26 09:46:34.273865 np0000032583 devstack@n-api.service[69994]: DEBUG nova.api.openstack.wsgi [None req-381a833a-95f2-4e19-85f6-0f66b04a3304 admin admin] Calling method '<bound method VersionsV2.index of <nova.api.openstack.compute.versions.VersionsV2 object at 0x7f80329dd090>>' {{(pid=69994) _process_stack /opt/stack/nova/nova/api/openstack/wsgi.py:520}}
Aug 26 09:46:34.273865 np0000032583 devstack@n-api.service[69994]: INFO nova.api.openstack.requestlog [None req-381a833a-95f2-4e19-85f6-0f66b04a3304 admin admin] 192.168.1.134 "GET /compute/v2.1" status: 200 len: 391 microversion: 2.1 time: 0.002288
Aug 26 09:46:34.273865 np0000032583 devstack@n-api.service[69994]: [pid: 69994|app: 0|req: 21/40] 192.168.1.134 () {62 vars in 1067 bytes} [Tue Aug 26 09:46:34 2025] GET /compute/v2.1 => generated 391 bytes in 3 msecs (HTTP/1.1 200) 9 headers in 357 bytes (1 switches on core 0)
Aug 26 09:46:34.283154 np0000032583 devstack@n-api.service[69993]: DEBUG dbcounter [-] [69993] Writing DB stats nova_api:SELECT=23,nova_api:INSERT=11,nova_api:SAVEPOINT=5,nova_api:RELEASE=5 {{(pid=69993) stat_writer /opt/stack/data/venv/lib/python3.10/site-packages/dbcounter.py:115}}
Aug 26 09:46:34.300202 np0000032583 devstack@n-api.service[69993]: DEBUG nova.api.openstack.wsgi [None req-2a566f5f-34e6-4340-9d4a-faace17d699b admin admin] Calling method '<function Controller.__getattribute__.<locals>.version_select at 0x7f8031d6ecb0>' {{(pid=69993) _process_stack /opt/stack/nova/nova/api/openstack/wsgi.py:520}}
Aug 26 09:46:34.302315 np0000032583 devstack@n-api.service[69993]: WARNING oslo_db.sqlalchemy.utils [None req-2a566f5f-34e6-4340-9d4a-faace17d699b admin admin] Unique keys not in sort_keys. The sorting order may be unstable.
