Aug 25 15:41:09.610159 np0000032574 devstack@n-api.service[70004]: DEBUG dbcounter [-] [70004] Writer thread running {{(pid=70004) stat_writer /opt/stack/data/venv/lib/python3.10/site-packages/dbcounter.py:102}}
Aug 25 15:41:09.614078 np0000032574 devstack@n-api.service[70004]: DEBUG dbcounter [-] [70004] Writer thread running {{(pid=70004) stat_writer /opt/stack/data/venv/lib/python3.10/site-packages/dbcounter.py:102}}
Aug 25 15:41:09.614567 np0000032574 devstack@n-api.service[70003]: DEBUG dbcounter [-] [70003] Writer thread running {{(pid=70003) stat_writer /opt/stack/data/venv/lib/python3.10/site-packages/dbcounter.py:102}}
Aug 25 15:41:09.616133 np0000032574 devstack@n-api.service[70004]: INFO dbcounter [None req-0a85cf3d-c0e3-4b2a-a5ac-2b59afe6746e None None] Registered counter for database nova_cell0
Aug 25 15:41:09.618815 np0000032574 devstack@n-api.service[70003]: DEBUG dbcounter [-] [70003] Writer thread running {{(pid=70003) stat_writer /opt/stack/data/venv/lib/python3.10/site-packages/dbcounter.py:102}}
Aug 25 15:41:09.620438 np0000032574 devstack@n-api.service[70004]: DEBUG oslo_db.sqlalchemy.engines [None req-0a85cf3d-c0e3-4b2a-a5ac-2b59afe6746e None None] MySQL server mode set to STRICT_TRANS_TABLES,STRICT_ALL_TABLES,NO_ZERO_IN_DATE,NO_ZERO_DATE,ERROR_FOR_DIVISION_BY_ZERO,TRADITIONAL,NO_ENGINE_SUBSTITUTION {{(pid=70004) _check_effective_sql_mode /opt/stack/data/venv/lib/python3.10/site-packages/oslo_db/sqlalchemy/engines.py:342}}
Aug 25 15:41:09.621028 np0000032574 devstack@n-api.service[70003]: INFO dbcounter [None req-ddb0b421-4500-45f4-93a5-3a3d05f543de None None] Registered counter for database nova_cell0
Aug 25 15:41:09.624834 np0000032574 devstack@n-api.service[70003]: DEBUG oslo_db.sqlalchemy.engines [None req-ddb0b421-4500-45f4-93a5-3a3d05f543de None None] MySQL server mode set to STRICT_TRANS_TABLES,STRICT_ALL_TABLES,NO_ZERO_IN_DATE,NO_ZERO_DATE,ERROR_FOR_DIVISION_BY_ZERO,TRADITIONAL,NO_ENGINE_SUBSTITUTION {{(pid=70003) _check_effective_sql_mode /opt/stack/data/venv/lib/python3.10/site-packages/oslo_db/sqlalchemy/engines.py:342}}
Aug 25 15:41:09.625182 np0000032574 devstack@n-api.service[70004]: DEBUG dbcounter [-] [70004] Writer thread running {{(pid=70004) stat_writer /opt/stack/data/venv/lib/python3.10/site-packages/dbcounter.py:102}}
Aug 25 15:41:09.628852 np0000032574 devstack@n-api.service[70003]: DEBUG dbcounter [-] [70003] Writer thread running {{(pid=70003) stat_writer /opt/stack/data/venv/lib/python3.10/site-packages/dbcounter.py:102}}
Aug 25 15:41:09.938226 np0000032574 devstack@n-api.service[70003]: DEBUG oslo_concurrency.processutils [None req-ddb0b421-4500-45f4-93a5-3a3d05f543de None None] Running cmd (subprocess): grep -F node.session.scan /sbin/iscsiadm {{(pid=70003) execute /opt/stack/data/venv/lib/python3.10/site-packages/oslo_concurrency/processutils.py:390}}
Aug 25 15:41:09.939239 np0000032574 devstack@n-api.service[70004]: DEBUG oslo_concurrency.processutils [None req-0a85cf3d-c0e3-4b2a-a5ac-2b59afe6746e None None] Running cmd (subprocess): grep -F node.session.scan /sbin/iscsiadm {{(pid=70004) execute /opt/stack/data/venv/lib/python3.10/site-packages/oslo_concurrency/processutils.py:390}}
Aug 25 15:41:09.945040 np0000032574 devstack@n-api.service[70003]: DEBUG oslo_concurrency.processutils [None req-ddb0b421-4500-45f4-93a5-3a3d05f543de None None] CMD "grep -F node.session.scan /sbin/iscsiadm" returned: 0 in 0.007s {{(pid=70003) execute /opt/stack/data/venv/lib/python3.10/site-packages/oslo_concurrency/processutils.py:428}}
Aug 25 15:41:09.946228 np0000032574 devstack@n-api.service[70004]: DEBUG oslo_concurrency.processutils [None req-0a85cf3d-c0e3-4b2a-a5ac-2b59afe6746e None None] CMD "grep -F node.session.scan /sbin/iscsiadm" returned: 0 in 0.007s {{(pid=70004) execute /opt/stack/data/venv/lib/python3.10/site-packages/oslo_concurrency/processutils.py:428}}
Aug 25 15:41:10.267969 np0000032574 devstack@n-api.service[70004]: WARNING keystonemiddleware.auth_token [None req-0a85cf3d-c0e3-4b2a-a5ac-2b59afe6746e None None] AuthToken middleware is set with keystone_authtoken.service_token_roles_required set to False. This is backwards compatible but deprecated behaviour. Please set this to True.
Aug 25 15:41:10.268743 np0000032574 devstack@n-api.service[70003]: WARNING keystonemiddleware.auth_token [None req-ddb0b421-4500-45f4-93a5-3a3d05f543de None None] AuthToken middleware is set with keystone_authtoken.service_token_roles_required set to False. This is backwards compatible but deprecated behaviour. Please set this to True.
Aug 25 15:41:10.271411 np0000032574 devstack@n-api.service[70004]: WARNING keystonemiddleware.auth_token [None req-0a85cf3d-c0e3-4b2a-a5ac-2b59afe6746e None None] Configuring www_authenticate_uri to point to the public identity endpoint is required; clients may not be able to authenticate against an admin endpoint
Aug 25 15:41:10.272227 np0000032574 devstack@n-api.service[70003]: WARNING keystonemiddleware.auth_token [None req-ddb0b421-4500-45f4-93a5-3a3d05f543de None None] Configuring www_authenticate_uri to point to the public identity endpoint is required; clients may not be able to authenticate against an admin endpoint
Aug 25 15:41:10.341240 np0000032574 devstack@n-api.service[70004]: WARNING keystonemiddleware.auth_token [None req-0a85cf3d-c0e3-4b2a-a5ac-2b59afe6746e None None] AuthToken middleware is set with keystone_authtoken.service_token_roles_required set to False. This is backwards compatible but deprecated behaviour. Please set this to True.
Aug 25 15:41:10.342685 np0000032574 devstack@n-api.service[70003]: WARNING keystonemiddleware.auth_token [None req-ddb0b421-4500-45f4-93a5-3a3d05f543de None None] AuthToken middleware is set with keystone_authtoken.service_token_roles_required set to False. This is backwards compatible but deprecated behaviour. Please set this to True.
Aug 25 15:41:10.343316 np0000032574 devstack@n-api.service[70004]: WARNING keystonemiddleware.auth_token [None req-0a85cf3d-c0e3-4b2a-a5ac-2b59afe6746e None None] Configuring www_authenticate_uri to point to the public identity endpoint is required; clients may not be able to authenticate against an admin endpoint
Aug 25 15:41:10.344736 np0000032574 devstack@n-api.service[70003]: WARNING keystonemiddleware.auth_token [None req-ddb0b421-4500-45f4-93a5-3a3d05f543de None None] Configuring www_authenticate_uri to point to the public identity endpoint is required; clients may not be able to authenticate against an admin endpoint
Aug 25 15:41:10.345154 np0000032574 devstack@n-api.service[70004]: WSGI app 0 (mountpoint='') ready in 2 seconds on interpreter 0x564b21499d70 pid: 70004 (default app)
Aug 25 15:41:10.346079 np0000032574 devstack@n-api.service[70004]: DEBUG nova.api.openstack.wsgi [None req-0a85cf3d-c0e3-4b2a-a5ac-2b59afe6746e None None] Calling method '<bound method VersionsV2.index of <nova.api.openstack.compute.versions.VersionsV2 object at 0x7f604fc962c0>>' {{(pid=70004) _process_stack /opt/stack/nova/nova/api/openstack/wsgi.py:520}}
Aug 25 15:41:10.346609 np0000032574 devstack@n-api.service[70003]: WSGI app 0 (mountpoint='') ready in 2 seconds on interpreter 0x564b21499d70 pid: 70003 (default app)
Aug 25 15:41:10.347740 np0000032574 devstack@n-api.service[70004]: INFO nova.api.openstack.requestlog [None req-0a85cf3d-c0e3-4b2a-a5ac-2b59afe6746e None None] 192.168.1.132 "GET /compute/v2.1/" status: 200 len: 390 microversion: 2.1 time: 0.001889
Aug 25 15:41:10.347927 np0000032574 devstack@n-api.service[70004]: [pid: 70004|app: 0|req: 1/1] 192.168.1.132 () {50 vars in 783 bytes} [Mon Aug 25 15:41:10 2025] GET /compute/v2.1/ => generated 390 bytes in 2 msecs (HTTP/1.1 200) 9 headers in 357 bytes (1 switches on core 0)
Aug 25 15:41:49.198544 np0000032574 devstack@n-api.service[70003]: DEBUG nova.api.openstack.wsgi [None req-ddb0b421-4500-45f4-93a5-3a3d05f543de None None] Calling method '<bound method VersionsV2.index of <nova.api.openstack.compute.versions.VersionsV2 object at 0x7f604fcdbb50>>' {{(pid=70003) _process_stack /opt/stack/nova/nova/api/openstack/wsgi.py:520}}
Aug 25 15:41:49.200469 np0000032574 devstack@n-api.service[70003]: INFO nova.api.openstack.requestlog [None req-ddb0b421-4500-45f4-93a5-3a3d05f543de None None] 192.168.1.132 "GET /compute/v2.1" status: 200 len: 391 microversion: 2.1 time: 0.002352
Aug 25 15:41:49.200646 np0000032574 devstack@n-api.service[70003]: [pid: 70003|app: 0|req: 1/2] 192.168.1.132 () {62 vars in 1067 bytes} [Mon Aug 25 15:41:49 2025] GET /compute/v2.1 => generated 391 bytes in 4 msecs (HTTP/1.1 200) 9 headers in 357 bytes (1 switches on core 0)
Aug 25 15:41:49.209773 np0000032574 devstack@n-api.service[70004]: DEBUG dbcounter [-] [70004] Writing DB stats nova_api:SELECT=1 {{(pid=70004) stat_writer /opt/stack/data/venv/lib/python3.10/site-packages/dbcounter.py:115}}
Aug 25 15:41:49.210544 np0000032574 devstack@n-api.service[70004]: DEBUG dbcounter [-] [70004] Writing DB stats nova_cell0:SELECT=1 {{(pid=70004) stat_writer /opt/stack/data/venv/lib/python3.10/site-packages/dbcounter.py:115}}
Aug 25 15:41:49.210620 np0000032574 devstack@n-api.service[70004]: DEBUG dbcounter [-] [70004] Writing DB stats nova_cell1:SELECT=1 {{(pid=70004) stat_writer /opt/stack/data/venv/lib/python3.10/site-packages/dbcounter.py:115}}
Aug 25 15:41:49.211095 np0000032574 devstack@n-api.service[70004]: DEBUG dbcounter [-] [70004] Writing DB stats nova_cell0:SELECT=2,nova_cell0:INSERT=1 {{(pid=70004) stat_writer /opt/stack/data/venv/lib/python3.10/site-packages/dbcounter.py:115}}
Aug 25 15:41:49.333031 np0000032574 devstack@n-api.service[70004]: DEBUG nova.api.openstack.wsgi [None req-8df5ab54-d69b-4a71-9443-416dfb97cd4c admin admin] Calling method '<bound method FlavorsController.detail of <nova.api.openstack.compute.flavors.FlavorsController object at 0x7f604f63a0e0>>' {{(pid=70004) _process_stack /opt/stack/nova/nova/api/openstack/wsgi.py:520}}
Aug 25 15:41:49.347193 np0000032574 devstack@n-api.service[70004]: INFO nova.api.openstack.requestlog [None req-8df5ab54-d69b-4a71-9443-416dfb97cd4c admin admin] 192.168.1.132 "GET /compute/v2.1/flavors/detail?is_public=True" status: 200 len: 15 microversion: 2.61 time: 0.140874
Aug 25 15:41:49.347430 np0000032574 devstack@n-api.service[70004]: [pid: 70004|app: 0|req: 2/3] 192.168.1.132 () {68 vars in 1428 bytes} [Mon Aug 25 15:41:49 2025] GET /compute/v2.1/flavors/detail?is_public=True => generated 15 bytes in 141 msecs (HTTP/1.1 200) 9 headers in 358 bytes (1 switches on core 0)
Aug 25 15:41:49.433698 np0000032574 devstack@n-api.service[70003]: DEBUG nova.api.openstack.wsgi [None req-ddb0b421-4500-45f4-93a5-3a3d05f543de None None] Calling method '<bound method VersionsV2.index of <nova.api.openstack.compute.versions.VersionsV2 object at 0x7f604fcdbb50>>' {{(pid=70003) _process_stack /opt/stack/nova/nova/api/openstack/wsgi.py:520}}
Aug 25 15:41:49.435351 np0000032574 devstack@n-api.service[70003]: INFO nova.api.openstack.requestlog [None req-ddb0b421-4500-45f4-93a5-3a3d05f543de None None] 192.168.1.132 "GET /compute/v2.1" status: 200 len: 391 microversion: 2.1 time: 0.001840
Aug 25 15:41:49.435531 np0000032574 devstack@n-api.service[70003]: [pid: 70003|app: 0|req: 2/4] 192.168.1.132 () {62 vars in 1067 bytes} [Mon Aug 25 15:41:49 2025] GET /compute/v2.1 => generated 391 bytes in 2 msecs (HTTP/1.1 200) 9 headers in 357 bytes (1 switches on core 0)
Aug 25 15:41:49.460290 np0000032574 devstack@n-api.service[70004]: DEBUG nova.api.openstack.wsgi [None req-53222102-98f3-4464-8786-ea8375f393ac admin admin] Action: 'create', calling method: <bound method FlavorsController.create of <nova.api.openstack.compute.flavors.FlavorsController object at 0x7f604f639b40>>, body: {"flavor": {"name": "cirros256", "disk": 1, "os-flavor-access:is_public": true, "rxtx_factor": 1.0, "ram": 256, "id": "c1", "OS-FLV-EXT-DATA:ephemeral": 0, "vcpus": 1, "swap": 0}} {{(pid=70004) _process_stack /opt/stack/nova/nova/api/openstack/wsgi.py:518}}
Aug 25 15:41:49.480940 np0000032574 devstack@n-api.service[70004]: INFO nova.api.openstack.requestlog [None req-53222102-98f3-4464-8786-ea8375f393ac admin admin] 192.168.1.132 "POST /compute/v2.1/flavors" status: 200 len: 413 microversion: 2.61 time: 0.039802
Aug 25 15:41:49.481243 np0000032574 devstack@n-api.service[70004]: [pid: 70004|app: 0|req: 3/5] 192.168.1.132 () {72 vars in 1419 bytes} [Mon Aug 25 15:41:49 2025] POST /compute/v2.1/flavors => generated 413 bytes in 40 msecs (HTTP/1.1 200) 9 headers in 359 bytes (1 switches on core 0)
Aug 25 15:41:49.495960 np0000032574 devstack@n-api.service[70003]: DEBUG dbcounter [-] [70003] Writing DB stats nova_api:SELECT=1 {{(pid=70003) stat_writer /opt/stack/data/venv/lib/python3.10/site-packages/dbcounter.py:115}}
Aug 25 15:41:49.496732 np0000032574 devstack@n-api.service[70003]: DEBUG dbcounter [-] [70003] Writing DB stats nova_cell0:SELECT=1 {{(pid=70003) stat_writer /opt/stack/data/venv/lib/python3.10/site-packages/dbcounter.py:115}}
Aug 25 15:41:49.497116 np0000032574 devstack@n-api.service[70003]: DEBUG dbcounter [-] [70003] Writing DB stats nova_cell1:SELECT=1 {{(pid=70003) stat_writer /opt/stack/data/venv/lib/python3.10/site-packages/dbcounter.py:115}}
Aug 25 15:41:49.497449 np0000032574 devstack@n-api.service[70003]: DEBUG dbcounter [-] [70003] Writing DB stats nova_cell0:SELECT=2,nova_cell0:INSERT=1 {{(pid=70003) stat_writer /opt/stack/data/venv/lib/python3.10/site-packages/dbcounter.py:115}}
Aug 25 15:41:49.563654 np0000032574 devstack@n-api.service[70003]: DEBUG nova.api.openstack.wsgi [None req-dfb560cf-418f-482b-92d5-18e00b7794a8 admin admin] Action: 'create', calling method: <bound method FlavorExtraSpecsController.create of <nova.api.openstack.compute.flavors_extraspecs.FlavorExtraSpecsController object at 0x7f604f636c80>>, body: {"extra_specs": {"hw_rng:allowed": "True"}} {{(pid=70003) _process_stack /opt/stack/nova/nova/api/openstack/wsgi.py:518}}
Aug 25 15:41:49.592951 np0000032574 devstack@n-api.service[70003]: INFO nova.api.openstack.requestlog [None req-dfb560cf-418f-482b-92d5-18e00b7794a8 admin admin] 192.168.1.132 "POST /compute/v2.1/flavors/c1/os-extra_specs" status: 200 len: 43 microversion: 2.61 time: 0.099784
Aug 25 15:41:49.593213 np0000032574 devstack@n-api.service[70003]: [pid: 70003|app: 0|req: 3/6] 192.168.1.132 () {72 vars in 1472 bytes} [Mon Aug 25 15:41:49 2025] POST /compute/v2.1/flavors/c1/os-extra_specs => generated 43 bytes in 100 msecs (HTTP/1.1 200) 9 headers in 358 bytes (1 switches on core 0)
Aug 25 15:41:49.680355 np0000032574 devstack@n-api.service[70004]: DEBUG nova.api.openstack.wsgi [None req-53222102-98f3-4464-8786-ea8375f393ac admin admin] Calling method '<bound method VersionsV2.index of <nova.api.openstack.compute.versions.VersionsV2 object at 0x7f604fc962c0>>' {{(pid=70004) _process_stack /opt/stack/nova/nova/api/openstack/wsgi.py:520}}
Aug 25 15:41:49.681908 np0000032574 devstack@n-api.service[70004]: INFO nova.api.openstack.requestlog [None req-53222102-98f3-4464-8786-ea8375f393ac admin admin] 192.168.1.132 "GET /compute/v2.1" status: 200 len: 391 microversion: 2.1 time: 0.001752
Aug 25 15:41:49.682084 np0000032574 devstack@n-api.service[70004]: [pid: 70004|app: 0|req: 4/7] 192.168.1.132 () {62 vars in 1067 bytes} [Mon Aug 25 15:41:49 2025] GET /compute/v2.1 => generated 391 bytes in 2 msecs (HTTP/1.1 200) 9 headers in 357 bytes (1 switches on core 0)
Aug 25 15:41:49.744309 np0000032574 devstack@n-api.service[70003]: DEBUG nova.api.openstack.wsgi [None req-e634a708-a456-4514-884a-a9470d4194fc admin admin] Action: 'create', calling method: <bound method FlavorsController.create of <nova.api.openstack.compute.flavors.FlavorsController object at 0x7f604f6359c0>>, body: {"flavor": {"name": "ds512M", "disk": 5, "os-flavor-access:is_public": true, "rxtx_factor": 1.0, "ram": 512, "id": "d1", "OS-FLV-EXT-DATA:ephemeral": 0, "vcpus": 1, "swap": 0}} {{(pid=70003) _process_stack /opt/stack/nova/nova/api/openstack/wsgi.py:518}}
Aug 25 15:41:49.760482 np0000032574 devstack@n-api.service[70003]: INFO nova.api.openstack.requestlog [None req-e634a708-a456-4514-884a-a9470d4194fc admin admin] 192.168.1.132 "POST /compute/v2.1/flavors" status: 200 len: 410 microversion: 2.61 time: 0.072443
Aug 25 15:41:49.760715 np0000032574 devstack@n-api.service[70003]: [pid: 70003|app: 0|req: 4/8] 192.168.1.132 () {72 vars in 1419 bytes} [Mon Aug 25 15:41:49 2025] POST /compute/v2.1/flavors => generated 410 bytes in 73 msecs (HTTP/1.1 200) 9 headers in 359 bytes (1 switches on core 0)
Aug 25 15:41:49.769677 np0000032574 devstack@n-api.service[70004]: DEBUG nova.api.openstack.wsgi [None req-345d769b-6034-4f62-b04a-0b3394ec3c31 admin admin] Action: 'create', calling method: <bound method FlavorExtraSpecsController.create of <nova.api.openstack.compute.flavors_extraspecs.FlavorExtraSpecsController object at 0x7f604f63ae00>>, body: {"extra_specs": {"hw_rng:allowed": "True"}} {{(pid=70004) _process_stack /opt/stack/nova/nova/api/openstack/wsgi.py:518}}
Aug 25 15:41:49.785547 np0000032574 devstack@n-api.service[70004]: INFO nova.api.openstack.requestlog [None req-345d769b-6034-4f62-b04a-0b3394ec3c31 admin admin] 192.168.1.132 "POST /compute/v2.1/flavors/d1/os-extra_specs" status: 200 len: 43 microversion: 2.61 time: 0.017525
Aug 25 15:41:49.785775 np0000032574 devstack@n-api.service[70004]: [pid: 70004|app: 0|req: 5/9] 192.168.1.132 () {72 vars in 1472 bytes} [Mon Aug 25 15:41:49 2025] POST /compute/v2.1/flavors/d1/os-extra_specs => generated 43 bytes in 18 msecs (HTTP/1.1 200) 9 headers in 358 bytes (1 switches on core 0)
Aug 25 15:41:49.872056 np0000032574 devstack@n-api.service[70003]: DEBUG nova.api.openstack.wsgi [None req-e634a708-a456-4514-884a-a9470d4194fc admin admin] Calling method '<bound method VersionsV2.index of <nova.api.openstack.compute.versions.VersionsV2 object at 0x7f604fcdbb50>>' {{(pid=70003) _process_stack /opt/stack/nova/nova/api/openstack/wsgi.py:520}}
Aug 25 15:41:49.873579 np0000032574 devstack@n-api.service[70003]: INFO nova.api.openstack.requestlog [None req-e634a708-a456-4514-884a-a9470d4194fc admin admin] 192.168.1.132 "GET /compute/v2.1" status: 200 len: 391 microversion: 2.1 time: 0.001720
Aug 25 15:41:49.873756 np0000032574 devstack@n-api.service[70003]: [pid: 70003|app: 0|req: 5/10] 192.168.1.132 () {62 vars in 1067 bytes} [Mon Aug 25 15:41:49 2025] GET /compute/v2.1 => generated 391 bytes in 2 msecs (HTTP/1.1 200) 9 headers in 357 bytes (1 switches on core 0)
Aug 25 15:41:49.900514 np0000032574 devstack@n-api.service[70004]: DEBUG nova.api.openstack.wsgi [None req-2a72f10a-4414-42bc-9a3b-250b01109a05 admin admin] Action: 'create', calling method: <bound method FlavorsController.create of <nova.api.openstack.compute.flavors.FlavorsController object at 0x7f604f639b40>>, body: {"flavor": {"name": "ds1G", "disk": 10, "os-flavor-access:is_public": true, "rxtx_factor": 1.0, "ram": 1024, "id": "d2", "OS-FLV-EXT-DATA:ephemeral": 0, "vcpus": 1, "swap": 0}} {{(pid=70004) _process_stack /opt/stack/nova/nova/api/openstack/wsgi.py:518}}
Aug 25 15:41:49.909947 np0000032574 devstack@n-api.service[70004]: INFO nova.api.openstack.requestlog [None req-2a72f10a-4414-42bc-9a3b-250b01109a05 admin admin] 192.168.1.132 "POST /compute/v2.1/flavors" status: 200 len: 410 microversion: 2.61 time: 0.031020
Aug 25 15:41:49.910152 np0000032574 devstack@n-api.service[70004]: [pid: 70004|app: 0|req: 6/11] 192.168.1.132 () {72 vars in 1419 bytes} [Mon Aug 25 15:41:49 2025] POST /compute/v2.1/flavors => generated 410 bytes in 31 msecs (HTTP/1.1 200) 9 headers in 359 bytes (1 switches on core 0)
Aug 25 15:41:49.918952 np0000032574 devstack@n-api.service[70003]: DEBUG nova.api.openstack.wsgi [None req-11fcdaa4-5a58-4e48-aeb2-c3309530d709 admin admin] Action: 'create', calling method: <bound method FlavorExtraSpecsController.create of <nova.api.openstack.compute.flavors_extraspecs.FlavorExtraSpecsController object at 0x7f604f636c80>>, body: {"extra_specs": {"hw_rng:allowed": "True"}} {{(pid=70003) _process_stack /opt/stack/nova/nova/api/openstack/wsgi.py:518}}
Aug 25 15:41:49.930611 np0000032574 devstack@n-api.service[70003]: INFO nova.api.openstack.requestlog [None req-11fcdaa4-5a58-4e48-aeb2-c3309530d709 admin admin] 192.168.1.132 "POST /compute/v2.1/flavors/d2/os-extra_specs" status: 200 len: 43 microversion: 2.61 time: 0.013370
Aug 25 15:41:49.930904 np0000032574 devstack@n-api.service[70003]: [pid: 70003|app: 0|req: 6/12] 192.168.1.132 () {72 vars in 1472 bytes} [Mon Aug 25 15:41:49 2025] POST /compute/v2.1/flavors/d2/os-extra_specs => generated 43 bytes in 14 msecs (HTTP/1.1 200) 9 headers in 358 bytes (1 switches on core 0)
Aug 25 15:41:50.019756 np0000032574 devstack@n-api.service[70004]: DEBUG nova.api.openstack.wsgi [None req-2a72f10a-4414-42bc-9a3b-250b01109a05 admin admin] Calling method '<bound method VersionsV2.index of <nova.api.openstack.compute.versions.VersionsV2 object at 0x7f604fc962c0>>' {{(pid=70004) _process_stack /opt/stack/nova/nova/api/openstack/wsgi.py:520}}
Aug 25 15:41:50.021259 np0000032574 devstack@n-api.service[70004]: INFO nova.api.openstack.requestlog [None req-2a72f10a-4414-42bc-9a3b-250b01109a05 admin admin] 192.168.1.132 "GET /compute/v2.1" status: 200 len: 391 microversion: 2.1 time: 0.001698
Aug 25 15:41:50.021566 np0000032574 devstack@n-api.service[70004]: [pid: 70004|app: 0|req: 7/13] 192.168.1.132 () {62 vars in 1067 bytes} [Mon Aug 25 15:41:50 2025] GET /compute/v2.1 => generated 391 bytes in 2 msecs (HTTP/1.1 200) 9 headers in 357 bytes (1 switches on core 0)
Aug 25 15:41:50.048948 np0000032574 devstack@n-api.service[70003]: DEBUG nova.api.openstack.wsgi [None req-38740b0d-e26c-4f25-a1f9-31e5ed781b92 admin admin] Action: 'create', calling method: <bound method FlavorsController.create of <nova.api.openstack.compute.flavors.FlavorsController object at 0x7f604f6359c0>>, body: {"flavor": {"name": "ds2G", "disk": 10, "os-flavor-access:is_public": true, "rxtx_factor": 1.0, "ram": 2048, "id": "d3", "OS-FLV-EXT-DATA:ephemeral": 0, "vcpus": 2, "swap": 0}} {{(pid=70003) _process_stack /opt/stack/nova/nova/api/openstack/wsgi.py:518}}
Aug 25 15:41:50.058508 np0000032574 devstack@n-api.service[70003]: INFO nova.api.openstack.requestlog [None req-38740b0d-e26c-4f25-a1f9-31e5ed781b92 admin admin] 192.168.1.132 "POST /compute/v2.1/flavors" status: 200 len: 410 microversion: 2.61 time: 0.031637
Aug 25 15:41:50.058805 np0000032574 devstack@n-api.service[70003]: [pid: 70003|app: 0|req: 7/14] 192.168.1.132 () {72 vars in 1419 bytes} [Mon Aug 25 15:41:50 2025] POST /compute/v2.1/flavors => generated 410 bytes in 32 msecs (HTTP/1.1 200) 9 headers in 359 bytes (1 switches on core 0)
Aug 25 15:41:50.067793 np0000032574 devstack@n-api.service[70004]: DEBUG nova.api.openstack.wsgi [None req-80937576-9849-4d9f-8526-88c23ac00db9 admin admin] Action: 'create', calling method: <bound method FlavorExtraSpecsController.create of <nova.api.openstack.compute.flavors_extraspecs.FlavorExtraSpecsController object at 0x7f604f63ae00>>, body: {"extra_specs": {"hw_rng:allowed": "True"}} {{(pid=70004) _process_stack /opt/stack/nova/nova/api/openstack/wsgi.py:518}}
Aug 25 15:41:50.083866 np0000032574 devstack@n-api.service[70004]: INFO nova.api.openstack.requestlog [None req-80937576-9849-4d9f-8526-88c23ac00db9 admin admin] 192.168.1.132 "POST /compute/v2.1/flavors/d3/os-extra_specs" status: 200 len: 43 microversion: 2.61 time: 0.017739
Aug 25 15:41:50.084261 np0000032574 devstack@n-api.service[70004]: [pid: 70004|app: 0|req: 8/15] 192.168.1.132 () {72 vars in 1472 bytes} [Mon Aug 25 15:41:50 2025] POST /compute/v2.1/flavors/d3/os-extra_specs => generated 43 bytes in 18 msecs (HTTP/1.1 200) 9 headers in 358 bytes (1 switches on core 0)
Aug 25 15:41:50.176701 np0000032574 devstack@n-api.service[70003]: DEBUG nova.api.openstack.wsgi [None req-38740b0d-e26c-4f25-a1f9-31e5ed781b92 admin admin] Calling method '<bound method VersionsV2.index of <nova.api.openstack.compute.versions.VersionsV2 object at 0x7f604fcdbb50>>' {{(pid=70003) _process_stack /opt/stack/nova/nova/api/openstack/wsgi.py:520}}
Aug 25 15:41:50.178227 np0000032574 devstack@n-api.service[70003]: INFO nova.api.openstack.requestlog [None req-38740b0d-e26c-4f25-a1f9-31e5ed781b92 admin admin] 192.168.1.132 "GET /compute/v2.1" status: 200 len: 391 microversion: 2.1 time: 0.001722
Aug 25 15:41:50.178411 np0000032574 devstack@n-api.service[70003]: [pid: 70003|app: 0|req: 8/16] 192.168.1.132 () {62 vars in 1067 bytes} [Mon Aug 25 15:41:50 2025] GET /compute/v2.1 => generated 391 bytes in 2 msecs (HTTP/1.1 200) 9 headers in 357 bytes (1 switches on core 0)
Aug 25 15:41:50.208909 np0000032574 devstack@n-api.service[70004]: DEBUG nova.api.openstack.wsgi [None req-db50e9bf-fc76-418c-9476-bc80b8d5c3b4 admin admin] Action: 'create', calling method: <bound method FlavorsController.create of <nova.api.openstack.compute.flavors.FlavorsController object at 0x7f604f639b40>>, body: {"flavor": {"name": "ds4G", "disk": 20, "os-flavor-access:is_public": true, "rxtx_factor": 1.0, "ram": 4096, "id": "d4", "OS-FLV-EXT-DATA:ephemeral": 0, "vcpus": 4, "swap": 0}} {{(pid=70004) _process_stack /opt/stack/nova/nova/api/openstack/wsgi.py:518}}
Aug 25 15:41:50.218593 np0000032574 devstack@n-api.service[70004]: INFO nova.api.openstack.requestlog [None req-db50e9bf-fc76-418c-9476-bc80b8d5c3b4 admin admin] 192.168.1.132 "POST /compute/v2.1/flavors" status: 200 len: 410 microversion: 2.61 time: 0.029425
Aug 25 15:41:50.218920 np0000032574 devstack@n-api.service[70004]: [pid: 70004|app: 0|req: 9/17] 192.168.1.132 () {72 vars in 1419 bytes} [Mon Aug 25 15:41:50 2025] POST /compute/v2.1/flavors => generated 410 bytes in 30 msecs (HTTP/1.1 200) 9 headers in 359 bytes (1 switches on core 0)
Aug 25 15:41:50.227413 np0000032574 devstack@n-api.service[70003]: DEBUG nova.api.openstack.wsgi [None req-41570200-7afb-427f-b499-802ece14e575 admin admin] Action: 'create', calling method: <bound method FlavorExtraSpecsController.create of <nova.api.openstack.compute.flavors_extraspecs.FlavorExtraSpecsController object at 0x7f604f636c80>>, body: {"extra_specs": {"hw_rng:allowed": "True"}} {{(pid=70003) _process_stack /opt/stack/nova/nova/api/openstack/wsgi.py:518}}
Aug 25 15:41:50.238945 np0000032574 devstack@n-api.service[70003]: INFO nova.api.openstack.requestlog [None req-41570200-7afb-427f-b499-802ece14e575 admin admin] 192.168.1.132 "POST /compute/v2.1/flavors/d4/os-extra_specs" status: 200 len: 43 microversion: 2.61 time: 0.013190
Aug 25 15:41:50.239188 np0000032574 devstack@n-api.service[70003]: [pid: 70003|app: 0|req: 9/18] 192.168.1.132 () {72 vars in 1472 bytes} [Mon Aug 25 15:41:50 2025] POST /compute/v2.1/flavors/d4/os-extra_specs => generated 43 bytes in 13 msecs (HTTP/1.1 200) 9 headers in 358 bytes (1 switches on core 0)
Aug 25 15:41:50.328105 np0000032574 devstack@n-api.service[70004]: DEBUG nova.api.openstack.wsgi [None req-db50e9bf-fc76-418c-9476-bc80b8d5c3b4 admin admin] Calling method '<bound method VersionsV2.index of <nova.api.openstack.compute.versions.VersionsV2 object at 0x7f604fc962c0>>' {{(pid=70004) _process_stack /opt/stack/nova/nova/api/openstack/wsgi.py:520}}
Aug 25 15:41:50.329738 np0000032574 devstack@n-api.service[70004]: INFO nova.api.openstack.requestlog [None req-db50e9bf-fc76-418c-9476-bc80b8d5c3b4 admin admin] 192.168.1.132 "GET /compute/v2.1" status: 200 len: 391 microversion: 2.1 time: 0.001831
Aug 25 15:41:50.329930 np0000032574 devstack@n-api.service[70004]: [pid: 70004|app: 0|req: 10/19] 192.168.1.132 () {62 vars in 1067 bytes} [Mon Aug 25 15:41:50 2025] GET /compute/v2.1 => generated 391 bytes in 2 msecs (HTTP/1.1 200) 9 headers in 357 bytes (1 switches on core 0)
Aug 25 15:41:50.355454 np0000032574 devstack@n-api.service[70003]: DEBUG nova.api.openstack.wsgi [None req-77c1b8f8-a9aa-4bac-8aa6-9fad7e457d3f admin admin] Calling method '<bound method FlavorsController.detail of <nova.api.openstack.compute.flavors.FlavorsController object at 0x7f604f635f60>>' {{(pid=70003) _process_stack /opt/stack/nova/nova/api/openstack/wsgi.py:520}}
Aug 25 15:41:50.366730 np0000032574 devstack@n-api.service[70003]: INFO nova.api.openstack.requestlog [None req-77c1b8f8-a9aa-4bac-8aa6-9fad7e457d3f admin admin] 192.168.1.132 "GET /compute/v2.1/flavors/detail?is_public=True" status: 200 len: 2136 microversion: 2.61 time: 0.030794
Aug 25 15:41:50.366976 np0000032574 devstack@n-api.service[70003]: [pid: 70003|app: 0|req: 10/20] 192.168.1.132 () {68 vars in 1428 bytes} [Mon Aug 25 15:41:50 2025] GET /compute/v2.1/flavors/detail?is_public=True => generated 2136 bytes in 31 msecs (HTTP/1.1 200) 9 headers in 360 bytes (1 switches on core 0)
Aug 25 15:41:50.455621 np0000032574 devstack@n-api.service[70004]: DEBUG nova.api.openstack.wsgi [None req-db50e9bf-fc76-418c-9476-bc80b8d5c3b4 admin admin] Calling method '<bound method VersionsV2.index of <nova.api.openstack.compute.versions.VersionsV2 object at 0x7f604fc962c0>>' {{(pid=70004) _process_stack /opt/stack/nova/nova/api/openstack/wsgi.py:520}}
Aug 25 15:41:50.457126 np0000032574 devstack@n-api.service[70004]: INFO nova.api.openstack.requestlog [None req-db50e9bf-fc76-418c-9476-bc80b8d5c3b4 admin admin] 192.168.1.132 "GET /compute/v2.1" status: 200 len: 391 microversion: 2.1 time: 0.001702
Aug 25 15:41:50.457303 np0000032574 devstack@n-api.service[70004]: [pid: 70004|app: 0|req: 11/21] 192.168.1.132 () {62 vars in 1067 bytes} [Mon Aug 25 15:41:50 2025] GET /compute/v2.1 => generated 391 bytes in 2 msecs (HTTP/1.1 200) 9 headers in 357 bytes (1 switches on core 0)
Aug 25 15:41:50.481131 np0000032574 devstack@n-api.service[70003]: DEBUG nova.api.openstack.wsgi [None req-f5bd8338-ebbd-46e9-a6ba-ad719f6f64d0 admin admin] Action: 'create', calling method: <bound method FlavorsController.create of <nova.api.openstack.compute.flavors.FlavorsController object at 0x7f604f6359c0>>, body: {"flavor": {"name": "m1.tiny", "disk": 1, "os-flavor-access:is_public": true, "rxtx_factor": 1.0, "ram": 512, "id": "1", "OS-FLV-EXT-DATA:ephemeral": 0, "vcpus": 1, "swap": 0}} {{(pid=70003) _process_stack /opt/stack/nova/nova/api/openstack/wsgi.py:518}}
Aug 25 15:41:50.490854 np0000032574 devstack@n-api.service[70003]: INFO nova.api.openstack.requestlog [None req-f5bd8338-ebbd-46e9-a6ba-ad719f6f64d0 admin admin] 192.168.1.132 "POST /compute/v2.1/flavors" status: 200 len: 408 microversion: 2.61 time: 0.028231
Aug 25 15:41:50.491080 np0000032574 devstack@n-api.service[70003]: [pid: 70003|app: 0|req: 11/22] 192.168.1.132 () {72 vars in 1419 bytes} [Mon Aug 25 15:41:50 2025] POST /compute/v2.1/flavors => generated 408 bytes in 28 msecs (HTTP/1.1 200) 9 headers in 359 bytes (1 switches on core 0)
Aug 25 15:41:50.499132 np0000032574 devstack@n-api.service[70004]: DEBUG nova.api.openstack.wsgi [None req-8a249d1f-76bc-4833-939a-1011c13a5d55 admin admin] Action: 'create', calling method: <bound method FlavorExtraSpecsController.create of <nova.api.openstack.compute.flavors_extraspecs.FlavorExtraSpecsController object at 0x7f604f63ae00>>, body: {"extra_specs": {"hw_rng:allowed": "True"}} {{(pid=70004) _process_stack /opt/stack/nova/nova/api/openstack/wsgi.py:518}}
Aug 25 15:41:50.510806 np0000032574 devstack@n-api.service[70004]: INFO nova.api.openstack.requestlog [None req-8a249d1f-76bc-4833-939a-1011c13a5d55 admin admin] 192.168.1.132 "POST /compute/v2.1/flavors/1/os-extra_specs" status: 200 len: 43 microversion: 2.61 time: 0.013383
Aug 25 15:41:50.511035 np0000032574 devstack@n-api.service[70004]: [pid: 70004|app: 0|req: 12/23] 192.168.1.132 () {72 vars in 1469 bytes} [Mon Aug 25 15:41:50 2025] POST /compute/v2.1/flavors/1/os-extra_specs => generated 43 bytes in 14 msecs (HTTP/1.1 200) 9 headers in 358 bytes (1 switches on core 0)
Aug 25 15:41:50.597844 np0000032574 devstack@n-api.service[70003]: DEBUG nova.api.openstack.wsgi [None req-f5bd8338-ebbd-46e9-a6ba-ad719f6f64d0 admin admin] Calling method '<bound method VersionsV2.index of <nova.api.openstack.compute.versions.VersionsV2 object at 0x7f604fcdbb50>>' {{(pid=70003) _process_stack /opt/stack/nova/nova/api/openstack/wsgi.py:520}}
Aug 25 15:41:50.599364 np0000032574 devstack@n-api.service[70003]: INFO nova.api.openstack.requestlog [None req-f5bd8338-ebbd-46e9-a6ba-ad719f6f64d0 admin admin] 192.168.1.132 "GET /compute/v2.1" status: 200 len: 391 microversion: 2.1 time: 0.001707
Aug 25 15:41:50.599537 np0000032574 devstack@n-api.service[70003]: [pid: 70003|app: 0|req: 12/24] 192.168.1.132 () {62 vars in 1067 bytes} [Mon Aug 25 15:41:50 2025] GET /compute/v2.1 => generated 391 bytes in 2 msecs (HTTP/1.1 200) 9 headers in 357 bytes (1 switches on core 0)
Aug 25 15:41:50.623552 np0000032574 devstack@n-api.service[70004]: DEBUG nova.api.openstack.wsgi [None req-54b264f5-c52f-459f-8ffd-55ede74999fb admin admin] Action: 'create', calling method: <bound method FlavorsController.create of <nova.api.openstack.compute.flavors.FlavorsController object at 0x7f604f639b40>>, body: {"flavor": {"name": "m1.small", "disk": 20, "os-flavor-access:is_public": true, "rxtx_factor": 1.0, "ram": 2048, "id": "2", "OS-FLV-EXT-DATA:ephemeral": 0, "vcpus": 1, "swap": 0}} {{(pid=70004) _process_stack /opt/stack/nova/nova/api/openstack/wsgi.py:518}}
Aug 25 15:41:50.633099 np0000032574 devstack@n-api.service[70004]: INFO nova.api.openstack.requestlog [None req-54b264f5-c52f-459f-8ffd-55ede74999fb admin admin] 192.168.1.132 "POST /compute/v2.1/flavors" status: 200 len: 411 microversion: 2.61 time: 0.028193
Aug 25 15:41:50.633332 np0000032574 devstack@n-api.service[70004]: [pid: 70004|app: 0|req: 13/25] 192.168.1.132 () {72 vars in 1419 bytes} [Mon Aug 25 15:41:50 2025] POST /compute/v2.1/flavors => generated 411 bytes in 28 msecs (HTTP/1.1 200) 9 headers in 359 bytes (1 switches on core 0)
Aug 25 15:41:50.641754 np0000032574 devstack@n-api.service[70003]: DEBUG nova.api.openstack.wsgi [None req-fb1927f1-a145-4cc8-a57b-29db1658c5c6 admin admin] Action: 'create', calling method: <bound method FlavorExtraSpecsController.create of <nova.api.openstack.compute.flavors_extraspecs.FlavorExtraSpecsController object at 0x7f604f636c80>>, body: {"extra_specs": {"hw_rng:allowed": "True"}} {{(pid=70003) _process_stack /opt/stack/nova/nova/api/openstack/wsgi.py:518}}
Aug 25 15:41:50.653366 np0000032574 devstack@n-api.service[70003]: INFO nova.api.openstack.requestlog [None req-fb1927f1-a145-4cc8-a57b-29db1658c5c6 admin admin] 192.168.1.132 "POST /compute/v2.1/flavors/2/os-extra_specs" status: 200 len: 43 microversion: 2.61 time: 0.013212
Aug 25 15:41:50.653595 np0000032574 devstack@n-api.service[70003]: [pid: 70003|app: 0|req: 13/26] 192.168.1.132 () {72 vars in 1469 bytes} [Mon Aug 25 15:41:50 2025] POST /compute/v2.1/flavors/2/os-extra_specs => generated 43 bytes in 13 msecs (HTTP/1.1 200) 9 headers in 358 bytes (1 switches on core 0)
Aug 25 15:41:50.745678 np0000032574 devstack@n-api.service[70004]: DEBUG nova.api.openstack.wsgi [None req-54b264f5-c52f-459f-8ffd-55ede74999fb admin admin] Calling method '<bound method VersionsV2.index of <nova.api.openstack.compute.versions.VersionsV2 object at 0x7f604fc962c0>>' {{(pid=70004) _process_stack /opt/stack/nova/nova/api/openstack/wsgi.py:520}}
Aug 25 15:41:50.747307 np0000032574 devstack@n-api.service[70004]: INFO nova.api.openstack.requestlog [None req-54b264f5-c52f-459f-8ffd-55ede74999fb admin admin] 192.168.1.132 "GET /compute/v2.1" status: 200 len: 391 microversion: 2.1 time: 0.001829
Aug 25 15:41:50.747502 np0000032574 devstack@n-api.service[70004]: [pid: 70004|app: 0|req: 14/27] 192.168.1.132 () {62 vars in 1067 bytes} [Mon Aug 25 15:41:50 2025] GET /compute/v2.1 => generated 391 bytes in 2 msecs (HTTP/1.1 200) 9 headers in 357 bytes (1 switches on core 0)
Aug 25 15:41:50.776544 np0000032574 devstack@n-api.service[70003]: DEBUG nova.api.openstack.wsgi [None req-a4045e91-5d72-43b9-a5d9-a0059949127d admin admin] Action: 'create', calling method: <bound method FlavorsController.create of <nova.api.openstack.compute.flavors.FlavorsController object at 0x7f604f6359c0>>, body: {"flavor": {"name": "m1.medium", "disk": 40, "os-flavor-access:is_public": true, "rxtx_factor": 1.0, "ram": 4096, "id": "3", "OS-FLV-EXT-DATA:ephemeral": 0, "vcpus": 2, "swap": 0}} {{(pid=70003) _process_stack /opt/stack/nova/nova/api/openstack/wsgi.py:518}}
Aug 25 15:41:50.789077 np0000032574 devstack@n-api.service[70003]: INFO nova.api.openstack.requestlog [None req-a4045e91-5d72-43b9-a5d9-a0059949127d admin admin] 192.168.1.132 "POST /compute/v2.1/flavors" status: 200 len: 412 microversion: 2.61 time: 0.035324
Aug 25 15:41:50.789334 np0000032574 devstack@n-api.service[70003]: [pid: 70003|app: 0|req: 14/28] 192.168.1.132 () {72 vars in 1419 bytes} [Mon Aug 25 15:41:50 2025] POST /compute/v2.1/flavors => generated 412 bytes in 36 msecs (HTTP/1.1 200) 9 headers in 359 bytes (1 switches on core 0)
Aug 25 15:41:50.798741 np0000032574 devstack@n-api.service[70004]: DEBUG nova.api.openstack.wsgi [None req-5db8cfc5-ad1d-445a-97d3-a979e203dd3e admin admin] Action: 'create', calling method: <bound method FlavorExtraSpecsController.create of <nova.api.openstack.compute.flavors_extraspecs.FlavorExtraSpecsController object at 0x7f604f63ae00>>, body: {"extra_specs": {"hw_rng:allowed": "True"}} {{(pid=70004) _process_stack /opt/stack/nova/nova/api/openstack/wsgi.py:518}}
Aug 25 15:41:50.810916 np0000032574 devstack@n-api.service[70004]: INFO nova.api.openstack.requestlog [None req-5db8cfc5-ad1d-445a-97d3-a979e203dd3e admin admin] 192.168.1.132 "POST /compute/v2.1/flavors/3/os-extra_specs" status: 200 len: 43 microversion: 2.61 time: 0.013973
Aug 25 15:41:50.811176 np0000032574 devstack@n-api.service[70004]: [pid: 70004|app: 0|req: 15/29] 192.168.1.132 () {72 vars in 1469 bytes} [Mon Aug 25 15:41:50 2025] POST /compute/v2.1/flavors/3/os-extra_specs => generated 43 bytes in 14 msecs (HTTP/1.1 200) 9 headers in 358 bytes (1 switches on core 0)
Aug 25 15:41:50.900505 np0000032574 devstack@n-api.service[70003]: DEBUG nova.api.openstack.wsgi [None req-a4045e91-5d72-43b9-a5d9-a0059949127d admin admin] Calling method '<bound method VersionsV2.index of <nova.api.openstack.compute.versions.VersionsV2 object at 0x7f604fcdbb50>>' {{(pid=70003) _process_stack /opt/stack/nova/nova/api/openstack/wsgi.py:520}}
Aug 25 15:41:50.902030 np0000032574 devstack@n-api.service[70003]: INFO nova.api.openstack.requestlog [None req-a4045e91-5d72-43b9-a5d9-a0059949127d admin admin] 192.168.1.132 "GET /compute/v2.1" status: 200 len: 391 microversion: 2.1 time: 0.001745
Aug 25 15:41:50.902209 np0000032574 devstack@n-api.service[70003]: [pid: 70003|app: 0|req: 15/30] 192.168.1.132 () {62 vars in 1067 bytes} [Mon Aug 25 15:41:50 2025] GET /compute/v2.1 => generated 391 bytes in 2 msecs (HTTP/1.1 200) 9 headers in 357 bytes (1 switches on core 0)
Aug 25 15:41:50.935598 np0000032574 devstack@n-api.service[70004]: DEBUG nova.api.openstack.wsgi [None req-ae43292a-d570-4440-a875-8d9bb2cb4d91 admin admin] Action: 'create', calling method: <bound method FlavorsController.create of <nova.api.openstack.compute.flavors.FlavorsController object at 0x7f604f639b40>>, body: {"flavor": {"name": "m1.large", "disk": 80, "os-flavor-access:is_public": true, "rxtx_factor": 1.0, "ram": 8192, "id": "4", "OS-FLV-EXT-DATA:ephemeral": 0, "vcpus": 4, "swap": 0}} {{(pid=70004) _process_stack /opt/stack/nova/nova/api/openstack/wsgi.py:518}}
Aug 25 15:41:50.946294 np0000032574 devstack@n-api.service[70004]: INFO nova.api.openstack.requestlog [None req-ae43292a-d570-4440-a875-8d9bb2cb4d91 admin admin] 192.168.1.132 "POST /compute/v2.1/flavors" status: 200 len: 411 microversion: 2.61 time: 0.038259
Aug 25 15:41:50.946960 np0000032574 devstack@n-api.service[70004]: [pid: 70004|app: 0|req: 16/31] 192.168.1.132 () {72 vars in 1419 bytes} [Mon Aug 25 15:41:50 2025] POST /compute/v2.1/flavors => generated 411 bytes in 39 msecs (HTTP/1.1 200) 9 headers in 359 bytes (1 switches on core 0)
Aug 25 15:41:50.955407 np0000032574 devstack@n-api.service[70003]: DEBUG nova.api.openstack.wsgi [None req-eca5c3e7-c8bf-4b0e-970f-6dbcbead30cc admin admin] Action: 'create', calling method: <bound method FlavorExtraSpecsController.create of <nova.api.openstack.compute.flavors_extraspecs.FlavorExtraSpecsController object at 0x7f604f636c80>>, body: {"extra_specs": {"hw_rng:allowed": "True"}} {{(pid=70003) _process_stack /opt/stack/nova/nova/api/openstack/wsgi.py:518}}
Aug 25 15:41:50.968731 np0000032574 devstack@n-api.service[70003]: INFO nova.api.openstack.requestlog [None req-eca5c3e7-c8bf-4b0e-970f-6dbcbead30cc admin admin] 192.168.1.132 "POST /compute/v2.1/flavors/4/os-extra_specs" status: 200 len: 43 microversion: 2.61 time: 0.015047
Aug 25 15:41:50.969005 np0000032574 devstack@n-api.service[70003]: [pid: 70003|app: 0|req: 16/32] 192.168.1.132 () {72 vars in 1469 bytes} [Mon Aug 25 15:41:50 2025] POST /compute/v2.1/flavors/4/os-extra_specs => generated 43 bytes in 15 msecs (HTTP/1.1 200) 9 headers in 358 bytes (1 switches on core 0)
Aug 25 15:41:51.059991 np0000032574 devstack@n-api.service[70004]: DEBUG nova.api.openstack.wsgi [None req-ae43292a-d570-4440-a875-8d9bb2cb4d91 admin admin] Calling method '<bound method VersionsV2.index of <nova.api.openstack.compute.versions.VersionsV2 object at 0x7f604fc962c0>>' {{(pid=70004) _process_stack /opt/stack/nova/nova/api/openstack/wsgi.py:520}}
Aug 25 15:41:51.061535 np0000032574 devstack@n-api.service[70004]: INFO nova.api.openstack.requestlog [None req-ae43292a-d570-4440-a875-8d9bb2cb4d91 admin admin] 192.168.1.132 "GET /compute/v2.1" status: 200 len: 391 microversion: 2.1 time: 0.001725
Aug 25 15:41:51.061713 np0000032574 devstack@n-api.service[70004]: [pid: 70004|app: 0|req: 17/33] 192.168.1.132 () {62 vars in 1067 bytes} [Mon Aug 25 15:41:51 2025] GET /compute/v2.1 => generated 391 bytes in 2 msecs (HTTP/1.1 200) 9 headers in 357 bytes (1 switches on core 0)
Aug 25 15:41:51.092479 np0000032574 devstack@n-api.service[70003]: DEBUG nova.api.openstack.wsgi [None req-4c532e34-8622-454f-809f-8897e8f28e9b admin admin] Action: 'create', calling method: <bound method FlavorsController.create of <nova.api.openstack.compute.flavors.FlavorsController object at 0x7f604f6359c0>>, body: {"flavor": {"name": "m1.xlarge", "disk": 160, "os-flavor-access:is_public": true, "rxtx_factor": 1.0, "ram": 16384, "id": "5", "OS-FLV-EXT-DATA:ephemeral": 0, "vcpus": 8, "swap": 0}} {{(pid=70003) _process_stack /opt/stack/nova/nova/api/openstack/wsgi.py:518}}
Aug 25 15:41:51.103302 np0000032574 devstack@n-api.service[70003]: INFO nova.api.openstack.requestlog [None req-4c532e34-8622-454f-809f-8897e8f28e9b admin admin] 192.168.1.132 "POST /compute/v2.1/flavors" status: 200 len: 414 microversion: 2.61 time: 0.031616
Aug 25 15:41:51.103582 np0000032574 devstack@n-api.service[70003]: [pid: 70003|app: 0|req: 17/34] 192.168.1.132 () {72 vars in 1419 bytes} [Mon Aug 25 15:41:51 2025] POST /compute/v2.1/flavors => generated 414 bytes in 32 msecs (HTTP/1.1 200) 9 headers in 359 bytes (1 switches on core 0)
Aug 25 15:41:51.113603 np0000032574 devstack@n-api.service[70004]: DEBUG nova.api.openstack.wsgi [None req-8e71b25e-5708-474d-bf68-6315129f769b admin admin] Action: 'create', calling method: <bound method FlavorExtraSpecsController.create of <nova.api.openstack.compute.flavors_extraspecs.FlavorExtraSpecsController object at 0x7f604f63ae00>>, body: {"extra_specs": {"hw_rng:allowed": "True"}} {{(pid=70004) _process_stack /opt/stack/nova/nova/api/openstack/wsgi.py:518}}
Aug 25 15:41:51.127281 np0000032574 devstack@n-api.service[70004]: INFO nova.api.openstack.requestlog [None req-8e71b25e-5708-474d-bf68-6315129f769b admin admin] 192.168.1.132 "POST /compute/v2.1/flavors/5/os-extra_specs" status: 200 len: 43 microversion: 2.61 time: 0.015691
Aug 25 15:41:51.127567 np0000032574 devstack@n-api.service[70004]: [pid: 70004|app: 0|req: 18/35] 192.168.1.132 () {72 vars in 1469 bytes} [Mon Aug 25 15:41:51 2025] POST /compute/v2.1/flavors/5/os-extra_specs => generated 43 bytes in 16 msecs (HTTP/1.1 200) 9 headers in 358 bytes (1 switches on core 0)
Aug 25 15:41:55.482442 np0000032574 devstack@n-api.service[70003]: DEBUG nova.api.openstack.wsgi [None req-4c532e34-8622-454f-809f-8897e8f28e9b admin admin] Calling method '<bound method VersionsV2.index of <nova.api.openstack.compute.versions.VersionsV2 object at 0x7f604fcdbb50>>' {{(pid=70003) _process_stack /opt/stack/nova/nova/api/openstack/wsgi.py:520}}
Aug 25 15:41:55.484023 np0000032574 devstack@n-api.service[70003]: INFO nova.api.openstack.requestlog [None req-4c532e34-8622-454f-809f-8897e8f28e9b admin admin] 192.168.1.132 "GET /compute/v2.1" status: 200 len: 391 microversion: 2.1 time: 0.001796
Aug 25 15:41:55.484199 np0000032574 devstack@n-api.service[70003]: [pid: 70003|app: 0|req: 18/36] 192.168.1.132 () {62 vars in 1067 bytes} [Mon Aug 25 15:41:55 2025] GET /compute/v2.1 => generated 391 bytes in 2 msecs (HTTP/1.1 200) 9 headers in 357 bytes (1 switches on core 0)
Aug 25 15:41:55.508305 np0000032574 devstack@n-api.service[70004]: DEBUG nova.api.openstack.wsgi [None req-1a5d5660-8dec-4448-a92a-fa08ce62f261 admin admin] Calling method '<bound method FlavorsController.detail of <nova.api.openstack.compute.flavors.FlavorsController object at 0x7f604f63a0e0>>' {{(pid=70004) _process_stack /opt/stack/nova/nova/api/openstack/wsgi.py:520}}
Aug 25 15:41:55.515920 np0000032574 devstack@n-api.service[70004]: INFO nova.api.openstack.requestlog [None req-1a5d5660-8dec-4448-a92a-fa08ce62f261 admin admin] 192.168.1.132 "GET /compute/v2.1/flavors/detail?is_public=True" status: 200 len: 4262 microversion: 2.61 time: 0.026407
Aug 25 15:41:55.516133 np0000032574 devstack@n-api.service[70004]: [pid: 70004|app: 0|req: 19/37] 192.168.1.132 () {68 vars in 1428 bytes} [Mon Aug 25 15:41:55 2025] GET /compute/v2.1/flavors/detail?is_public=True => generated 4262 bytes in 27 msecs (HTTP/1.1 200) 9 headers in 360 bytes (1 switches on core 0)
Aug 25 15:41:55.623076 np0000032574 devstack@n-api.service[70003]: DEBUG nova.api.openstack.wsgi [None req-4c532e34-8622-454f-809f-8897e8f28e9b admin admin] Calling method '<bound method VersionsV2.index of <nova.api.openstack.compute.versions.VersionsV2 object at 0x7f604fcdbb50>>' {{(pid=70003) _process_stack /opt/stack/nova/nova/api/openstack/wsgi.py:520}}
Aug 25 15:41:55.624585 np0000032574 devstack@n-api.service[70003]: INFO nova.api.openstack.requestlog [None req-4c532e34-8622-454f-809f-8897e8f28e9b admin admin] 192.168.1.132 "GET /compute/v2.1" status: 200 len: 391 microversion: 2.1 time: 0.001673
Aug 25 15:41:55.624760 np0000032574 devstack@n-api.service[70003]: [pid: 70003|app: 0|req: 19/38] 192.168.1.132 () {62 vars in 1067 bytes} [Mon Aug 25 15:41:55 2025] GET /compute/v2.1 => generated 391 bytes in 2 msecs (HTTP/1.1 200) 9 headers in 357 bytes (1 switches on core 0)
Aug 25 15:41:55.649386 np0000032574 devstack@n-api.service[70004]: DEBUG nova.api.openstack.wsgi [None req-6dcabf98-a1c0-4000-bfbe-d053ac9255f6 admin admin] Action: 'create', calling method: <bound method FlavorsController.create of <nova.api.openstack.compute.flavors.FlavorsController object at 0x7f604f639b40>>, body: {"flavor": {"name": "manila-service-flavor", "disk": 5, "os-flavor-access:is_public": true, "rxtx_factor": 1.0, "ram": 1024, "id": "100", "OS-FLV-EXT-DATA:ephemeral": 0, "vcpus": 1, "swap": 0}} {{(pid=70004) _process_stack /opt/stack/nova/nova/api/openstack/wsgi.py:518}}
Aug 25 15:41:55.659274 np0000032574 devstack@n-api.service[70004]: INFO nova.api.openstack.requestlog [None req-6dcabf98-a1c0-4000-bfbe-d053ac9255f6 admin admin] 192.168.1.132 "POST /compute/v2.1/flavors" status: 200 len: 429 microversion: 2.61 time: 0.029347
Aug 25 15:41:55.659502 np0000032574 devstack@n-api.service[70004]: [pid: 70004|app: 0|req: 20/39] 192.168.1.132 () {72 vars in 1419 bytes} [Mon Aug 25 15:41:55 2025] POST /compute/v2.1/flavors => generated 429 bytes in 30 msecs (HTTP/1.1 200) 9 headers in 359 bytes (1 switches on core 0)
Aug 25 15:42:25.284004 np0000032574 devstack@n-api.service[70003]: DEBUG nova.api.openstack.wsgi [None req-4c532e34-8622-454f-809f-8897e8f28e9b admin admin] Calling method '<bound method VersionsV2.index of <nova.api.openstack.compute.versions.VersionsV2 object at 0x7f604fcdbb50>>' {{(pid=70003) _process_stack /opt/stack/nova/nova/api/openstack/wsgi.py:520}}
Aug 25 15:42:25.285538 np0000032574 devstack@n-api.service[70003]: INFO nova.api.openstack.requestlog [None req-4c532e34-8622-454f-809f-8897e8f28e9b admin admin] 192.168.1.132 "GET /compute/v2.1" status: 200 len: 391 microversion: 2.1 time: 0.002097
Aug 25 15:42:25.285716 np0000032574 devstack@n-api.service[70003]: [pid: 70003|app: 0|req: 20/40] 192.168.1.132 () {62 vars in 1067 bytes} [Mon Aug 25 15:42:25 2025] GET /compute/v2.1 => generated 391 bytes in 2 msecs (HTTP/1.1 200) 9 headers in 357 bytes (1 switches on core 0)
Aug 25 15:42:25.291929 np0000032574 devstack@n-api.service[70004]: DEBUG dbcounter [-] [70004] Writing DB stats nova_api:SELECT=23,nova_api:INSERT=11,nova_api:SAVEPOINT=5,nova_api:RELEASE=5 {{(pid=70004) stat_writer /opt/stack/data/venv/lib/python3.10/site-packages/dbcounter.py:115}}
Aug 25 15:42:25.311484 np0000032574 devstack@n-api.service[70004]: DEBUG nova.api.openstack.wsgi [None req-3fcf4f9b-d0cb-4b48-9daa-e11784dddd4f admin admin] Calling method '<function Controller.__getattribute__.<locals>.version_select at 0x7f604f199f30>' {{(pid=70004) _process_stack /opt/stack/nova/nova/api/openstack/wsgi.py:520}}
Aug 25 15:42:25.313472 np0000032574 devstack@n-api.service[70004]: WARNING oslo_db.sqlalchemy.utils [None req-3fcf4f9b-d0cb-4b48-9daa-e11784dddd4f admin admin] Unique keys not in sort_keys. The sorting order may be unstable.
Aug 25 15:42:25.319453 np0000032574 devstack@n-api.service[70004]: INFO nova.api.openstack.requestlog [None req-3fcf4f9b-d0cb-4b48-9daa-e11784dddd4f admin admin] 192.168.1.132 "GET /compute/v2.1/os-keypairs" status: 200 len: 16 microversion: 2.10 time: 0.028158
