Aug 26 00:24:03.978855 np0000032579 devstack@n-api.service[70211]: DEBUG dbcounter [-] [70211] Writer thread running {{(pid=70211) stat_writer /opt/stack/data/venv/lib/python3.10/site-packages/dbcounter.py:102}}
Aug 26 00:24:03.979286 np0000032579 devstack@n-api.service[70212]: DEBUG oslo_db.sqlalchemy.engines [None req-d20131ff-91e5-4e17-9288-b890bcc7f9b4 None None] MySQL server mode set to STRICT_TRANS_TABLES,STRICT_ALL_TABLES,NO_ZERO_IN_DATE,NO_ZERO_DATE,ERROR_FOR_DIVISION_BY_ZERO,TRADITIONAL,NO_ENGINE_SUBSTITUTION {{(pid=70212) _check_effective_sql_mode /opt/stack/data/venv/lib/python3.10/site-packages/oslo_db/sqlalchemy/engines.py:342}}
Aug 26 00:24:03.979626 np0000032579 devstack@n-api.service[70212]: DEBUG dbcounter [-] [70212] Writer thread running {{(pid=70212) stat_writer /opt/stack/data/venv/lib/python3.10/site-packages/dbcounter.py:102}}
Aug 26 00:24:03.980828 np0000032579 devstack@n-api.service[70211]: INFO dbcounter [None req-3965ab65-77fc-4e20-bb53-0a620e85dd09 None None] Registered counter for database nova_cell0
Aug 26 00:24:03.983497 np0000032579 devstack@n-api.service[70212]: DEBUG dbcounter [-] [70212] Writer thread running {{(pid=70212) stat_writer /opt/stack/data/venv/lib/python3.10/site-packages/dbcounter.py:102}}
Aug 26 00:24:03.984694 np0000032579 devstack@n-api.service[70211]: DEBUG oslo_db.sqlalchemy.engines [None req-3965ab65-77fc-4e20-bb53-0a620e85dd09 None None] MySQL server mode set to STRICT_TRANS_TABLES,STRICT_ALL_TABLES,NO_ZERO_IN_DATE,NO_ZERO_DATE,ERROR_FOR_DIVISION_BY_ZERO,TRADITIONAL,NO_ENGINE_SUBSTITUTION {{(pid=70211) _check_effective_sql_mode /opt/stack/data/venv/lib/python3.10/site-packages/oslo_db/sqlalchemy/engines.py:342}}
Aug 26 00:24:03.985442 np0000032579 devstack@n-api.service[70212]: INFO dbcounter [None req-d20131ff-91e5-4e17-9288-b890bcc7f9b4 None None] Registered counter for database nova_cell0
Aug 26 00:24:03.988935 np0000032579 devstack@n-api.service[70211]: DEBUG dbcounter [-] [70211] Writer thread running {{(pid=70211) stat_writer /opt/stack/data/venv/lib/python3.10/site-packages/dbcounter.py:102}}
Aug 26 00:24:03.989237 np0000032579 devstack@n-api.service[70212]: DEBUG oslo_db.sqlalchemy.engines [None req-d20131ff-91e5-4e17-9288-b890bcc7f9b4 None None] MySQL server mode set to STRICT_TRANS_TABLES,STRICT_ALL_TABLES,NO_ZERO_IN_DATE,NO_ZERO_DATE,ERROR_FOR_DIVISION_BY_ZERO,TRADITIONAL,NO_ENGINE_SUBSTITUTION {{(pid=70212) _check_effective_sql_mode /opt/stack/data/venv/lib/python3.10/site-packages/oslo_db/sqlalchemy/engines.py:342}}
Aug 26 00:24:03.993127 np0000032579 devstack@n-api.service[70212]: DEBUG dbcounter [-] [70212] Writer thread running {{(pid=70212) stat_writer /opt/stack/data/venv/lib/python3.10/site-packages/dbcounter.py:102}}
Aug 26 00:24:04.299603 np0000032579 devstack@n-api.service[70212]: DEBUG oslo_concurrency.processutils [None req-d20131ff-91e5-4e17-9288-b890bcc7f9b4 None None] Running cmd (subprocess): grep -F node.session.scan /sbin/iscsiadm {{(pid=70212) execute /opt/stack/data/venv/lib/python3.10/site-packages/oslo_concurrency/processutils.py:390}}
Aug 26 00:24:04.304720 np0000032579 devstack@n-api.service[70211]: DEBUG oslo_concurrency.processutils [None req-3965ab65-77fc-4e20-bb53-0a620e85dd09 None None] Running cmd (subprocess): grep -F node.session.scan /sbin/iscsiadm {{(pid=70211) execute /opt/stack/data/venv/lib/python3.10/site-packages/oslo_concurrency/processutils.py:390}}
Aug 26 00:24:04.306228 np0000032579 devstack@n-api.service[70212]: DEBUG oslo_concurrency.processutils [None req-d20131ff-91e5-4e17-9288-b890bcc7f9b4 None None] CMD "grep -F node.session.scan /sbin/iscsiadm" returned: 0 in 0.007s {{(pid=70212) execute /opt/stack/data/venv/lib/python3.10/site-packages/oslo_concurrency/processutils.py:428}}
Aug 26 00:24:04.310861 np0000032579 devstack@n-api.service[70211]: DEBUG oslo_concurrency.processutils [None req-3965ab65-77fc-4e20-bb53-0a620e85dd09 None None] CMD "grep -F node.session.scan /sbin/iscsiadm" returned: 0 in 0.006s {{(pid=70211) execute /opt/stack/data/venv/lib/python3.10/site-packages/oslo_concurrency/processutils.py:428}}
Aug 26 00:24:04.628262 np0000032579 devstack@n-api.service[70211]: WARNING keystonemiddleware.auth_token [None req-3965ab65-77fc-4e20-bb53-0a620e85dd09 None None] AuthToken middleware is set with keystone_authtoken.service_token_roles_required set to False. This is backwards compatible but deprecated behaviour. Please set this to True.
Aug 26 00:24:04.633967 np0000032579 devstack@n-api.service[70212]: WARNING keystonemiddleware.auth_token [None req-d20131ff-91e5-4e17-9288-b890bcc7f9b4 None None] AuthToken middleware is set with keystone_authtoken.service_token_roles_required set to False. This is backwards compatible but deprecated behaviour. Please set this to True.
Aug 26 00:24:04.633967 np0000032579 devstack@n-api.service[70212]: WARNING keystonemiddleware.auth_token [None req-d20131ff-91e5-4e17-9288-b890bcc7f9b4 None None] Configuring www_authenticate_uri to point to the public identity endpoint is required; clients may not be able to authenticate against an admin endpoint
Aug 26 00:24:04.634069 np0000032579 devstack@n-api.service[70211]: WARNING keystonemiddleware.auth_token [None req-3965ab65-77fc-4e20-bb53-0a620e85dd09 None None] Configuring www_authenticate_uri to point to the public identity endpoint is required; clients may not be able to authenticate against an admin endpoint
Aug 26 00:24:04.702661 np0000032579 devstack@n-api.service[70212]: WARNING keystonemiddleware.auth_token [None req-d20131ff-91e5-4e17-9288-b890bcc7f9b4 None None] AuthToken middleware is set with keystone_authtoken.service_token_roles_required set to False. This is backwards compatible but deprecated behaviour. Please set this to True.
Aug 26 00:24:04.703049 np0000032579 devstack@n-api.service[70211]: WARNING keystonemiddleware.auth_token [None req-3965ab65-77fc-4e20-bb53-0a620e85dd09 None None] AuthToken middleware is set with keystone_authtoken.service_token_roles_required set to False. This is backwards compatible but deprecated behaviour. Please set this to True.
Aug 26 00:24:04.704764 np0000032579 devstack@n-api.service[70212]: WARNING keystonemiddleware.auth_token [None req-d20131ff-91e5-4e17-9288-b890bcc7f9b4 None None] Configuring www_authenticate_uri to point to the public identity endpoint is required; clients may not be able to authenticate against an admin endpoint
Aug 26 00:24:04.705181 np0000032579 devstack@n-api.service[70211]: WARNING keystonemiddleware.auth_token [None req-3965ab65-77fc-4e20-bb53-0a620e85dd09 None None] Configuring www_authenticate_uri to point to the public identity endpoint is required; clients may not be able to authenticate against an admin endpoint
Aug 26 00:24:04.706613 np0000032579 devstack@n-api.service[70212]: WSGI app 0 (mountpoint='') ready in 2 seconds on interpreter 0x55acc8031d70 pid: 70212 (default app)
Aug 26 00:24:04.707092 np0000032579 devstack@n-api.service[70211]: WSGI app 0 (mountpoint='') ready in 2 seconds on interpreter 0x55acc8031d70 pid: 70211 (default app)
Aug 26 00:24:04.707555 np0000032579 devstack@n-api.service[70212]: DEBUG nova.api.openstack.wsgi [None req-d20131ff-91e5-4e17-9288-b890bcc7f9b4 None None] Calling method '<bound method VersionsV2.index of <nova.api.openstack.compute.versions.VersionsV2 object at 0x7f5abd44b8b0>>' {{(pid=70212) _process_stack /opt/stack/nova/nova/api/openstack/wsgi.py:520}}
Aug 26 00:24:04.709282 np0000032579 devstack@n-api.service[70212]: INFO nova.api.openstack.requestlog [None req-d20131ff-91e5-4e17-9288-b890bcc7f9b4 None None] 192.168.1.142 "GET /compute/v2.1/" status: 200 len: 390 microversion: 2.1 time: 0.001969
Aug 26 00:24:04.709487 np0000032579 devstack@n-api.service[70212]: [pid: 70212|app: 0|req: 1/1] 192.168.1.142 () {50 vars in 783 bytes} [Tue Aug 26 00:24:04 2025] GET /compute/v2.1/ => generated 390 bytes in 2 msecs (HTTP/1.1 200) 9 headers in 357 bytes (1 switches on core 0)
Aug 26 00:24:42.993929 np0000032579 devstack@n-api.service[70211]: DEBUG nova.api.openstack.wsgi [None req-3965ab65-77fc-4e20-bb53-0a620e85dd09 None None] Calling method '<bound method VersionsV2.index of <nova.api.openstack.compute.versions.VersionsV2 object at 0x7f5abd5bc820>>' {{(pid=70211) _process_stack /opt/stack/nova/nova/api/openstack/wsgi.py:520}}
Aug 26 00:24:42.995888 np0000032579 devstack@n-api.service[70211]: INFO nova.api.openstack.requestlog [None req-3965ab65-77fc-4e20-bb53-0a620e85dd09 None None] 192.168.1.142 "GET /compute/v2.1" status: 200 len: 391 microversion: 2.1 time: 0.002442
Aug 26 00:24:42.996068 np0000032579 devstack@n-api.service[70211]: [pid: 70211|app: 0|req: 1/2] 192.168.1.142 () {62 vars in 1067 bytes} [Tue Aug 26 00:24:42 2025] GET /compute/v2.1 => generated 391 bytes in 3 msecs (HTTP/1.1 200) 9 headers in 357 bytes (1 switches on core 0)
Aug 26 00:24:43.005158 np0000032579 devstack@n-api.service[70212]: DEBUG dbcounter [-] [70212] Writing DB stats nova_api:SELECT=1 {{(pid=70212) stat_writer /opt/stack/data/venv/lib/python3.10/site-packages/dbcounter.py:115}}
Aug 26 00:24:43.005357 np0000032579 devstack@n-api.service[70212]: DEBUG dbcounter [-] [70212] Writing DB stats nova_cell0:SELECT=1 {{(pid=70212) stat_writer /opt/stack/data/venv/lib/python3.10/site-packages/dbcounter.py:115}}
Aug 26 00:24:43.005652 np0000032579 devstack@n-api.service[70212]: DEBUG dbcounter [-] [70212] Writing DB stats nova_cell1:SELECT=1 {{(pid=70212) stat_writer /opt/stack/data/venv/lib/python3.10/site-packages/dbcounter.py:115}}
Aug 26 00:24:43.006201 np0000032579 devstack@n-api.service[70212]: DEBUG dbcounter [-] [70212] Writing DB stats nova_cell0:SELECT=2,nova_cell0:INSERT=1 {{(pid=70212) stat_writer /opt/stack/data/venv/lib/python3.10/site-packages/dbcounter.py:115}}
Aug 26 00:24:43.130284 np0000032579 devstack@n-api.service[70212]: DEBUG nova.api.openstack.wsgi [None req-6750a58d-1d43-4420-a38e-5fd733247e1c admin admin] Calling method '<bound method FlavorsController.detail of <nova.api.openstack.compute.flavors.FlavorsController object at 0x7f5abcf69f00>>' {{(pid=70212) _process_stack /opt/stack/nova/nova/api/openstack/wsgi.py:520}}
Aug 26 00:24:43.143993 np0000032579 devstack@n-api.service[70212]: INFO nova.api.openstack.requestlog [None req-6750a58d-1d43-4420-a38e-5fd733247e1c admin admin] 192.168.1.142 "GET /compute/v2.1/flavors/detail?is_public=True" status: 200 len: 15 microversion: 2.61 time: 0.142203
Aug 26 00:24:43.144232 np0000032579 devstack@n-api.service[70212]: [pid: 70212|app: 0|req: 2/3] 192.168.1.142 () {68 vars in 1428 bytes} [Tue Aug 26 00:24:43 2025] GET /compute/v2.1/flavors/detail?is_public=True => generated 15 bytes in 143 msecs (HTTP/1.1 200) 9 headers in 358 bytes (1 switches on core 0)
Aug 26 00:24:43.232627 np0000032579 devstack@n-api.service[70211]: DEBUG nova.api.openstack.wsgi [None req-3965ab65-77fc-4e20-bb53-0a620e85dd09 None None] Calling method '<bound method VersionsV2.index of <nova.api.openstack.compute.versions.VersionsV2 object at 0x7f5abd5bc820>>' {{(pid=70211) _process_stack /opt/stack/nova/nova/api/openstack/wsgi.py:520}}
Aug 26 00:24:43.234215 np0000032579 devstack@n-api.service[70211]: INFO nova.api.openstack.requestlog [None req-3965ab65-77fc-4e20-bb53-0a620e85dd09 None None] 192.168.1.142 "GET /compute/v2.1" status: 200 len: 391 microversion: 2.1 time: 0.001794
Aug 26 00:24:43.234402 np0000032579 devstack@n-api.service[70211]: [pid: 70211|app: 0|req: 2/4] 192.168.1.142 () {62 vars in 1067 bytes} [Tue Aug 26 00:24:43 2025] GET /compute/v2.1 => generated 391 bytes in 2 msecs (HTTP/1.1 200) 9 headers in 357 bytes (1 switches on core 0)
Aug 26 00:24:43.260503 np0000032579 devstack@n-api.service[70212]: DEBUG nova.api.openstack.wsgi [None req-b4e61e46-ceca-4a03-b9af-306c4e15bf20 admin admin] Action: 'create', calling method: <bound method FlavorsController.create of <nova.api.openstack.compute.flavors.FlavorsController object at 0x7f5abcf69960>>, body: {"flavor": {"swap": 0, "id": "c1", "name": "cirros256", "disk": 1, "os-flavor-access:is_public": true, "vcpus": 1, "ram": 256, "OS-FLV-EXT-DATA:ephemeral": 0, "rxtx_factor": 1.0}} {{(pid=70212) _process_stack /opt/stack/nova/nova/api/openstack/wsgi.py:518}}
Aug 26 00:24:43.283641 np0000032579 devstack@n-api.service[70212]: INFO nova.api.openstack.requestlog [None req-b4e61e46-ceca-4a03-b9af-306c4e15bf20 admin admin] 192.168.1.142 "POST /compute/v2.1/flavors" status: 200 len: 413 microversion: 2.61 time: 0.043141
Aug 26 00:24:43.283945 np0000032579 devstack@n-api.service[70212]: [pid: 70212|app: 0|req: 3/5] 192.168.1.142 () {72 vars in 1419 bytes} [Tue Aug 26 00:24:43 2025] POST /compute/v2.1/flavors => generated 413 bytes in 44 msecs (HTTP/1.1 200) 9 headers in 359 bytes (1 switches on core 0)
Aug 26 00:24:43.294654 np0000032579 devstack@n-api.service[70211]: DEBUG dbcounter [-] [70211] Writing DB stats nova_api:SELECT=1 {{(pid=70211) stat_writer /opt/stack/data/venv/lib/python3.10/site-packages/dbcounter.py:115}}
Aug 26 00:24:43.295153 np0000032579 devstack@n-api.service[70211]: DEBUG dbcounter [-] [70211] Writing DB stats nova_cell0:SELECT=1 {{(pid=70211) stat_writer /opt/stack/data/venv/lib/python3.10/site-packages/dbcounter.py:115}}
Aug 26 00:24:43.295514 np0000032579 devstack@n-api.service[70211]: DEBUG dbcounter [-] [70211] Writing DB stats nova_cell1:SELECT=1 {{(pid=70211) stat_writer /opt/stack/data/venv/lib/python3.10/site-packages/dbcounter.py:115}}
Aug 26 00:24:43.295845 np0000032579 devstack@n-api.service[70211]: DEBUG dbcounter [-] [70211] Writing DB stats nova_cell0:SELECT=2,nova_cell0:INSERT=1 {{(pid=70211) stat_writer /opt/stack/data/venv/lib/python3.10/site-packages/dbcounter.py:115}}
Aug 26 00:24:43.365610 np0000032579 devstack@n-api.service[70211]: DEBUG nova.api.openstack.wsgi [None req-715d2cf9-58a1-425e-9a51-c70ebf53d7b3 admin admin] Action: 'create', calling method: <bound method FlavorExtraSpecsController.create of <nova.api.openstack.compute.flavors_extraspecs.FlavorExtraSpecsController object at 0x7f5abcf76e30>>, body: {"extra_specs": {"hw_rng:allowed": "True"}} {{(pid=70211) _process_stack /opt/stack/nova/nova/api/openstack/wsgi.py:518}}
Aug 26 00:24:43.393212 np0000032579 devstack@n-api.service[70211]: INFO nova.api.openstack.requestlog [None req-715d2cf9-58a1-425e-9a51-c70ebf53d7b3 admin admin] 192.168.1.142 "POST /compute/v2.1/flavors/c1/os-extra_specs" status: 200 len: 43 microversion: 2.61 time: 0.101613
Aug 26 00:24:43.393518 np0000032579 devstack@n-api.service[70211]: [pid: 70211|app: 0|req: 3/6] 192.168.1.142 () {72 vars in 1472 bytes} [Tue Aug 26 00:24:43 2025] POST /compute/v2.1/flavors/c1/os-extra_specs => generated 43 bytes in 102 msecs (HTTP/1.1 200) 9 headers in 358 bytes (1 switches on core 0)
Aug 26 00:24:43.491030 np0000032579 devstack@n-api.service[70212]: DEBUG nova.api.openstack.wsgi [None req-b4e61e46-ceca-4a03-b9af-306c4e15bf20 admin admin] Calling method '<bound method VersionsV2.index of <nova.api.openstack.compute.versions.VersionsV2 object at 0x7f5abd44b8b0>>' {{(pid=70212) _process_stack /opt/stack/nova/nova/api/openstack/wsgi.py:520}}
Aug 26 00:24:43.492097 np0000032579 devstack@n-api.service[70212]: INFO nova.api.openstack.requestlog [None req-b4e61e46-ceca-4a03-b9af-306c4e15bf20 admin admin] 192.168.1.142 "GET /compute/v2.1" status: 200 len: 391 microversion: 2.1 time: 0.001828
Aug 26 00:24:43.492279 np0000032579 devstack@n-api.service[70212]: [pid: 70212|app: 0|req: 4/7] 192.168.1.142 () {62 vars in 1067 bytes} [Tue Aug 26 00:24:43 2025] GET /compute/v2.1 => generated 391 bytes in 2 msecs (HTTP/1.1 200) 9 headers in 357 bytes (1 switches on core 0)
Aug 26 00:24:43.549497 np0000032579 devstack@n-api.service[70211]: DEBUG nova.api.openstack.wsgi [None req-2849cf9b-8ae6-4a96-b34c-eae15783b95f admin admin] Action: 'create', calling method: <bound method FlavorsController.create of <nova.api.openstack.compute.flavors.FlavorsController object at 0x7f5abcf75b70>>, body: {"flavor": {"swap": 0, "id": "d1", "name": "ds512M", "disk": 5, "os-flavor-access:is_public": true, "vcpus": 1, "ram": 512, "OS-FLV-EXT-DATA:ephemeral": 0, "rxtx_factor": 1.0}} {{(pid=70211) _process_stack /opt/stack/nova/nova/api/openstack/wsgi.py:518}}
Aug 26 00:24:43.565933 np0000032579 devstack@n-api.service[70211]: INFO nova.api.openstack.requestlog [None req-2849cf9b-8ae6-4a96-b34c-eae15783b95f admin admin] 192.168.1.142 "POST /compute/v2.1/flavors" status: 200 len: 410 microversion: 2.61 time: 0.067501
Aug 26 00:24:43.566251 np0000032579 devstack@n-api.service[70211]: [pid: 70211|app: 0|req: 4/8] 192.168.1.142 () {72 vars in 1419 bytes} [Tue Aug 26 00:24:43 2025] POST /compute/v2.1/flavors => generated 410 bytes in 68 msecs (HTTP/1.1 200) 9 headers in 359 bytes (1 switches on core 0)
Aug 26 00:24:43.578376 np0000032579 devstack@n-api.service[70212]: DEBUG nova.api.openstack.wsgi [None req-920a58d8-5f64-4cca-ae54-31f52c822dd8 admin admin] Action: 'create', calling method: <bound method FlavorExtraSpecsController.create of <nova.api.openstack.compute.flavors_extraspecs.FlavorExtraSpecsController object at 0x7f5abcf6ac20>>, body: {"extra_specs": {"hw_rng:allowed": "True"}} {{(pid=70212) _process_stack /opt/stack/nova/nova/api/openstack/wsgi.py:518}}
Aug 26 00:24:43.597181 np0000032579 devstack@n-api.service[70212]: INFO nova.api.openstack.requestlog [None req-920a58d8-5f64-4cca-ae54-31f52c822dd8 admin admin] 192.168.1.142 "POST /compute/v2.1/flavors/d1/os-extra_specs" status: 200 len: 43 microversion: 2.61 time: 0.020496
Aug 26 00:24:43.601921 np0000032579 devstack@n-api.service[70212]: [pid: 70212|app: 0|req: 5/9] 192.168.1.142 () {72 vars in 1472 bytes} [Tue Aug 26 00:24:43 2025] POST /compute/v2.1/flavors/d1/os-extra_specs => generated 43 bytes in 21 msecs (HTTP/1.1 200) 9 headers in 358 bytes (1 switches on core 0)
Aug 26 00:24:43.687680 np0000032579 devstack@n-api.service[70211]: DEBUG nova.api.openstack.wsgi [None req-2849cf9b-8ae6-4a96-b34c-eae15783b95f admin admin] Calling method '<bound method VersionsV2.index of <nova.api.openstack.compute.versions.VersionsV2 object at 0x7f5abd5bc820>>' {{(pid=70211) _process_stack /opt/stack/nova/nova/api/openstack/wsgi.py:520}}
Aug 26 00:24:43.689008 np0000032579 devstack@n-api.service[70211]: INFO nova.api.openstack.requestlog [None req-2849cf9b-8ae6-4a96-b34c-eae15783b95f admin admin] 192.168.1.142 "GET /compute/v2.1" status: 200 len: 391 microversion: 2.1 time: 0.001763
Aug 26 00:24:43.689186 np0000032579 devstack@n-api.service[70211]: [pid: 70211|app: 0|req: 5/10] 192.168.1.142 () {62 vars in 1067 bytes} [Tue Aug 26 00:24:43 2025] GET /compute/v2.1 => generated 391 bytes in 2 msecs (HTTP/1.1 200) 9 headers in 357 bytes (1 switches on core 0)
Aug 26 00:24:43.713448 np0000032579 devstack@n-api.service[70212]: DEBUG nova.api.openstack.wsgi [None req-322a1f09-bc18-43f8-93d0-f3c3f9826f20 admin admin] Action: 'create', calling method: <bound method FlavorsController.create of <nova.api.openstack.compute.flavors.FlavorsController object at 0x7f5abcf69960>>, body: {"flavor": {"swap": 0, "id": "d2", "name": "ds1G", "disk": 10, "os-flavor-access:is_public": true, "vcpus": 1, "ram": 1024, "OS-FLV-EXT-DATA:ephemeral": 0, "rxtx_factor": 1.0}} {{(pid=70212) _process_stack /opt/stack/nova/nova/api/openstack/wsgi.py:518}}
Aug 26 00:24:43.723268 np0000032579 devstack@n-api.service[70212]: INFO nova.api.openstack.requestlog [None req-322a1f09-bc18-43f8-93d0-f3c3f9826f20 admin admin] 192.168.1.142 "POST /compute/v2.1/flavors" status: 200 len: 410 microversion: 2.61 time: 0.028607
Aug 26 00:24:43.723605 np0000032579 devstack@n-api.service[70212]: [pid: 70212|app: 0|req: 6/11] 192.168.1.142 () {72 vars in 1419 bytes} [Tue Aug 26 00:24:43 2025] POST /compute/v2.1/flavors => generated 410 bytes in 29 msecs (HTTP/1.1 200) 9 headers in 359 bytes (1 switches on core 0)
Aug 26 00:24:43.731754 np0000032579 devstack@n-api.service[70211]: DEBUG nova.api.openstack.wsgi [None req-1a99dbc4-f39a-4021-ba24-1d0d37b03178 admin admin] Action: 'create', calling method: <bound method FlavorExtraSpecsController.create of <nova.api.openstack.compute.flavors_extraspecs.FlavorExtraSpecsController object at 0x7f5abcf76e30>>, body: {"extra_specs": {"hw_rng:allowed": "True"}} {{(pid=70211) _process_stack /opt/stack/nova/nova/api/openstack/wsgi.py:518}}
Aug 26 00:24:43.743713 np0000032579 devstack@n-api.service[70211]: INFO nova.api.openstack.requestlog [None req-1a99dbc4-f39a-4021-ba24-1d0d37b03178 admin admin] 192.168.1.142 "POST /compute/v2.1/flavors/d2/os-extra_specs" status: 200 len: 43 microversion: 2.61 time: 0.013680
Aug 26 00:24:43.743946 np0000032579 devstack@n-api.service[70211]: [pid: 70211|app: 0|req: 6/12] 192.168.1.142 () {72 vars in 1472 bytes} [Tue Aug 26 00:24:43 2025] POST /compute/v2.1/flavors/d2/os-extra_specs => generated 43 bytes in 14 msecs (HTTP/1.1 200) 9 headers in 358 bytes (1 switches on core 0)
Aug 26 00:24:43.832686 np0000032579 devstack@n-api.service[70212]: DEBUG nova.api.openstack.wsgi [None req-322a1f09-bc18-43f8-93d0-f3c3f9826f20 admin admin] Calling method '<bound method VersionsV2.index of <nova.api.openstack.compute.versions.VersionsV2 object at 0x7f5abd44b8b0>>' {{(pid=70212) _process_stack /opt/stack/nova/nova/api/openstack/wsgi.py:520}}
Aug 26 00:24:43.834360 np0000032579 devstack@n-api.service[70212]: INFO nova.api.openstack.requestlog [None req-322a1f09-bc18-43f8-93d0-f3c3f9826f20 admin admin] 192.168.1.142 "GET /compute/v2.1" status: 200 len: 391 microversion: 2.1 time: 0.001865
Aug 26 00:24:43.834637 np0000032579 devstack@n-api.service[70212]: [pid: 70212|app: 0|req: 7/13] 192.168.1.142 () {62 vars in 1067 bytes} [Tue Aug 26 00:24:43 2025] GET /compute/v2.1 => generated 391 bytes in 2 msecs (HTTP/1.1 200) 9 headers in 357 bytes (1 switches on core 0)
Aug 26 00:24:43.871590 np0000032579 devstack@n-api.service[70211]: DEBUG nova.api.openstack.wsgi [None req-7da4beea-5639-436a-9f77-69b59a0584ce admin admin] Action: 'create', calling method: <bound method FlavorsController.create of <nova.api.openstack.compute.flavors.FlavorsController object at 0x7f5abcf75b70>>, body: {"flavor": {"swap": 0, "id": "d3", "name": "ds2G", "disk": 10, "os-flavor-access:is_public": true, "vcpus": 2, "ram": 2048, "OS-FLV-EXT-DATA:ephemeral": 0, "rxtx_factor": 1.0}} {{(pid=70211) _process_stack /opt/stack/nova/nova/api/openstack/wsgi.py:518}}
Aug 26 00:24:43.881422 np0000032579 devstack@n-api.service[70211]: INFO nova.api.openstack.requestlog [None req-7da4beea-5639-436a-9f77-69b59a0584ce admin admin] 192.168.1.142 "POST /compute/v2.1/flavors" status: 200 len: 410 microversion: 2.61 time: 0.040292
Aug 26 00:24:43.881782 np0000032579 devstack@n-api.service[70211]: [pid: 70211|app: 0|req: 7/14] 192.168.1.142 () {72 vars in 1419 bytes} [Tue Aug 26 00:24:43 2025] POST /compute/v2.1/flavors => generated 410 bytes in 41 msecs (HTTP/1.1 200) 9 headers in 359 bytes (1 switches on core 0)
Aug 26 00:24:43.893922 np0000032579 devstack@n-api.service[70212]: DEBUG nova.api.openstack.wsgi [None req-352ccc5b-2e48-4848-aa26-0243bc800978 admin admin] Action: 'create', calling method: <bound method FlavorExtraSpecsController.create of <nova.api.openstack.compute.flavors_extraspecs.FlavorExtraSpecsController object at 0x7f5abcf6ac20>>, body: {"extra_specs": {"hw_rng:allowed": "True"}} {{(pid=70212) _process_stack /opt/stack/nova/nova/api/openstack/wsgi.py:518}}
Aug 26 00:24:43.908073 np0000032579 devstack@n-api.service[70212]: INFO nova.api.openstack.requestlog [None req-352ccc5b-2e48-4848-aa26-0243bc800978 admin admin] 192.168.1.142 "POST /compute/v2.1/flavors/d3/os-extra_specs" status: 200 len: 43 microversion: 2.61 time: 0.019103
Aug 26 00:24:43.908940 np0000032579 devstack@n-api.service[70212]: [pid: 70212|app: 0|req: 8/15] 192.168.1.142 () {72 vars in 1472 bytes} [Tue Aug 26 00:24:43 2025] POST /compute/v2.1/flavors/d3/os-extra_specs => generated 43 bytes in 20 msecs (HTTP/1.1 200) 9 headers in 358 bytes (1 switches on core 0)
Aug 26 00:24:44.000455 np0000032579 devstack@n-api.service[70211]: DEBUG nova.api.openstack.wsgi [None req-7da4beea-5639-436a-9f77-69b59a0584ce admin admin] Calling method '<bound method VersionsV2.index of <nova.api.openstack.compute.versions.VersionsV2 object at 0x7f5abd5bc820>>' {{(pid=70211) _process_stack /opt/stack/nova/nova/api/openstack/wsgi.py:520}}
Aug 26 00:24:44.002045 np0000032579 devstack@n-api.service[70211]: INFO nova.api.openstack.requestlog [None req-7da4beea-5639-436a-9f77-69b59a0584ce admin admin] 192.168.1.142 "GET /compute/v2.1" status: 200 len: 391 microversion: 2.1 time: 0.001745
Aug 26 00:24:44.002229 np0000032579 devstack@n-api.service[70211]: [pid: 70211|app: 0|req: 8/16] 192.168.1.142 () {62 vars in 1067 bytes} [Tue Aug 26 00:24:43 2025] GET /compute/v2.1 => generated 391 bytes in 2 msecs (HTTP/1.1 200) 9 headers in 357 bytes (1 switches on core 0)
Aug 26 00:24:44.027347 np0000032579 devstack@n-api.service[70212]: DEBUG nova.api.openstack.wsgi [None req-46e2e3f6-8079-4418-ad6d-b30984df4c6b admin admin] Action: 'create', calling method: <bound method FlavorsController.create of <nova.api.openstack.compute.flavors.FlavorsController object at 0x7f5abcf69960>>, body: {"flavor": {"swap": 0, "id": "d4", "name": "ds4G", "disk": 20, "os-flavor-access:is_public": true, "vcpus": 4, "ram": 4096, "OS-FLV-EXT-DATA:ephemeral": 0, "rxtx_factor": 1.0}} {{(pid=70212) _process_stack /opt/stack/nova/nova/api/openstack/wsgi.py:518}}
Aug 26 00:24:44.037314 np0000032579 devstack@n-api.service[70212]: INFO nova.api.openstack.requestlog [None req-46e2e3f6-8079-4418-ad6d-b30984df4c6b admin admin] 192.168.1.142 "POST /compute/v2.1/flavors" status: 200 len: 410 microversion: 2.61 time: 0.029658
Aug 26 00:24:44.037666 np0000032579 devstack@n-api.service[70212]: [pid: 70212|app: 0|req: 9/17] 192.168.1.142 () {72 vars in 1419 bytes} [Tue Aug 26 00:24:44 2025] POST /compute/v2.1/flavors => generated 410 bytes in 30 msecs (HTTP/1.1 200) 9 headers in 359 bytes (1 switches on core 0)
Aug 26 00:24:44.046578 np0000032579 devstack@n-api.service[70211]: DEBUG nova.api.openstack.wsgi [None req-91319651-0e5c-48c2-881c-4a2c8cee67e6 admin admin] Action: 'create', calling method: <bound method FlavorExtraSpecsController.create of <nova.api.openstack.compute.flavors_extraspecs.FlavorExtraSpecsController object at 0x7f5abcf76e30>>, body: {"extra_specs": {"hw_rng:allowed": "True"}} {{(pid=70211) _process_stack /opt/stack/nova/nova/api/openstack/wsgi.py:518}}
Aug 26 00:24:44.058532 np0000032579 devstack@n-api.service[70211]: INFO nova.api.openstack.requestlog [None req-91319651-0e5c-48c2-881c-4a2c8cee67e6 admin admin] 192.168.1.142 "POST /compute/v2.1/flavors/d4/os-extra_specs" status: 200 len: 43 microversion: 2.61 time: 0.013717
Aug 26 00:24:44.058770 np0000032579 devstack@n-api.service[70211]: [pid: 70211|app: 0|req: 9/18] 192.168.1.142 () {72 vars in 1472 bytes} [Tue Aug 26 00:24:44 2025] POST /compute/v2.1/flavors/d4/os-extra_specs => generated 43 bytes in 14 msecs (HTTP/1.1 200) 9 headers in 358 bytes (2 switches on core 0)
Aug 26 00:24:44.147474 np0000032579 devstack@n-api.service[70212]: DEBUG nova.api.openstack.wsgi [None req-46e2e3f6-8079-4418-ad6d-b30984df4c6b admin admin] Calling method '<bound method VersionsV2.index of <nova.api.openstack.compute.versions.VersionsV2 object at 0x7f5abd44b8b0>>' {{(pid=70212) _process_stack /opt/stack/nova/nova/api/openstack/wsgi.py:520}}
Aug 26 00:24:44.149147 np0000032579 devstack@n-api.service[70212]: INFO nova.api.openstack.requestlog [None req-46e2e3f6-8079-4418-ad6d-b30984df4c6b admin admin] 192.168.1.142 "GET /compute/v2.1" status: 200 len: 391 microversion: 2.1 time: 0.001879
Aug 26 00:24:44.149586 np0000032579 devstack@n-api.service[70212]: [pid: 70212|app: 0|req: 10/19] 192.168.1.142 () {62 vars in 1067 bytes} [Tue Aug 26 00:24:44 2025] GET /compute/v2.1 => generated 391 bytes in 2 msecs (HTTP/1.1 200) 9 headers in 357 bytes (1 switches on core 0)
Aug 26 00:24:44.175156 np0000032579 devstack@n-api.service[70211]: DEBUG nova.api.openstack.wsgi [None req-5228df3e-45fe-4b25-9f49-a24fb4c68c5d admin admin] Calling method '<bound method FlavorsController.detail of <nova.api.openstack.compute.flavors.FlavorsController object at 0x7f5abcf76110>>' {{(pid=70211) _process_stack /opt/stack/nova/nova/api/openstack/wsgi.py:520}}
Aug 26 00:24:44.186242 np0000032579 devstack@n-api.service[70211]: INFO nova.api.openstack.requestlog [None req-5228df3e-45fe-4b25-9f49-a24fb4c68c5d admin admin] 192.168.1.142 "GET /compute/v2.1/flavors/detail?is_public=True" status: 200 len: 2136 microversion: 2.61 time: 0.031052
Aug 26 00:24:44.186482 np0000032579 devstack@n-api.service[70211]: [pid: 70211|app: 0|req: 10/20] 192.168.1.142 () {68 vars in 1428 bytes} [Tue Aug 26 00:24:44 2025] GET /compute/v2.1/flavors/detail?is_public=True => generated 2136 bytes in 31 msecs (HTTP/1.1 200) 9 headers in 360 bytes (1 switches on core 0)
Aug 26 00:24:44.277188 np0000032579 devstack@n-api.service[70212]: DEBUG nova.api.openstack.wsgi [None req-46e2e3f6-8079-4418-ad6d-b30984df4c6b admin admin] Calling method '<bound method VersionsV2.index of <nova.api.openstack.compute.versions.VersionsV2 object at 0x7f5abd44b8b0>>' {{(pid=70212) _process_stack /opt/stack/nova/nova/api/openstack/wsgi.py:520}}
Aug 26 00:24:44.277188 np0000032579 devstack@n-api.service[70212]: INFO nova.api.openstack.requestlog [None req-46e2e3f6-8079-4418-ad6d-b30984df4c6b admin admin] 192.168.1.142 "GET /compute/v2.1" status: 200 len: 391 microversion: 2.1 time: 0.001709
Aug 26 00:24:44.277188 np0000032579 devstack@n-api.service[70212]: [pid: 70212|app: 0|req: 11/21] 192.168.1.142 () {62 vars in 1067 bytes} [Tue Aug 26 00:24:44 2025] GET /compute/v2.1 => generated 391 bytes in 2 msecs (HTTP/1.1 200) 9 headers in 357 bytes (1 switches on core 0)
Aug 26 00:24:44.301540 np0000032579 devstack@n-api.service[70211]: DEBUG nova.api.openstack.wsgi [None req-e5810610-488e-485b-bcd6-23038fdc3482 admin admin] Action: 'create', calling method: <bound method FlavorsController.create of <nova.api.openstack.compute.flavors.FlavorsController object at 0x7f5abcf75b70>>, body: {"flavor": {"swap": 0, "id": "1", "name": "m1.tiny", "disk": 1, "os-flavor-access:is_public": true, "vcpus": 1, "ram": 512, "OS-FLV-EXT-DATA:ephemeral": 0, "rxtx_factor": 1.0}} {{(pid=70211) _process_stack /opt/stack/nova/nova/api/openstack/wsgi.py:518}}
Aug 26 00:24:44.310905 np0000032579 devstack@n-api.service[70211]: INFO nova.api.openstack.requestlog [None req-e5810610-488e-485b-bcd6-23038fdc3482 admin admin] 192.168.1.142 "POST /compute/v2.1/flavors" status: 200 len: 408 microversion: 2.61 time: 0.028282
Aug 26 00:24:44.311132 np0000032579 devstack@n-api.service[70211]: [pid: 70211|app: 0|req: 11/22] 192.168.1.142 () {72 vars in 1419 bytes} [Tue Aug 26 00:24:44 2025] POST /compute/v2.1/flavors => generated 408 bytes in 29 msecs (HTTP/1.1 200) 9 headers in 359 bytes (2 switches on core 0)
Aug 26 00:24:44.322052 np0000032579 devstack@n-api.service[70212]: DEBUG nova.api.openstack.wsgi [None req-f16ace78-c6d3-4a97-8b5a-499df8d918d0 admin admin] Action: 'create', calling method: <bound method FlavorExtraSpecsController.create of <nova.api.openstack.compute.flavors_extraspecs.FlavorExtraSpecsController object at 0x7f5abcf6ac20>>, body: {"extra_specs": {"hw_rng:allowed": "True"}} {{(pid=70212) _process_stack /opt/stack/nova/nova/api/openstack/wsgi.py:518}}
Aug 26 00:24:44.331586 np0000032579 devstack@n-api.service[70212]: INFO nova.api.openstack.requestlog [None req-f16ace78-c6d3-4a97-8b5a-499df8d918d0 admin admin] 192.168.1.142 "POST /compute/v2.1/flavors/1/os-extra_specs" status: 200 len: 43 microversion: 2.61 time: 0.013578
Aug 26 00:24:44.331931 np0000032579 devstack@n-api.service[70212]: [pid: 70212|app: 0|req: 12/23] 192.168.1.142 () {72 vars in 1469 bytes} [Tue Aug 26 00:24:44 2025] POST /compute/v2.1/flavors/1/os-extra_specs => generated 43 bytes in 14 msecs (HTTP/1.1 200) 9 headers in 358 bytes (1 switches on core 0)
Aug 26 00:24:44.417292 np0000032579 devstack@n-api.service[70211]: DEBUG nova.api.openstack.wsgi [None req-e5810610-488e-485b-bcd6-23038fdc3482 admin admin] Calling method '<bound method VersionsV2.index of <nova.api.openstack.compute.versions.VersionsV2 object at 0x7f5abd5bc820>>' {{(pid=70211) _process_stack /opt/stack/nova/nova/api/openstack/wsgi.py:520}}
Aug 26 00:24:44.418945 np0000032579 devstack@n-api.service[70211]: INFO nova.api.openstack.requestlog [None req-e5810610-488e-485b-bcd6-23038fdc3482 admin admin] 192.168.1.142 "GET /compute/v2.1" status: 200 len: 391 microversion: 2.1 time: 0.001753
Aug 26 00:24:44.419127 np0000032579 devstack@n-api.service[70211]: [pid: 70211|app: 0|req: 12/24] 192.168.1.142 () {62 vars in 1067 bytes} [Tue Aug 26 00:24:44 2025] GET /compute/v2.1 => generated 391 bytes in 2 msecs (HTTP/1.1 200) 9 headers in 357 bytes (1 switches on core 0)
Aug 26 00:24:44.445377 np0000032579 devstack@n-api.service[70212]: DEBUG nova.api.openstack.wsgi [None req-b64e9efa-aae2-4157-90ca-2c067403056f admin admin] Action: 'create', calling method: <bound method FlavorsController.create of <nova.api.openstack.compute.flavors.FlavorsController object at 0x7f5abcf69960>>, body: {"flavor": {"swap": 0, "id": "2", "name": "m1.small", "disk": 20, "os-flavor-access:is_public": true, "vcpus": 1, "ram": 2048, "OS-FLV-EXT-DATA:ephemeral": 0, "rxtx_factor": 1.0}} {{(pid=70212) _process_stack /opt/stack/nova/nova/api/openstack/wsgi.py:518}}
Aug 26 00:24:44.458783 np0000032579 devstack@n-api.service[70212]: INFO nova.api.openstack.requestlog [None req-b64e9efa-aae2-4157-90ca-2c067403056f admin admin] 192.168.1.142 "POST /compute/v2.1/flavors" status: 200 len: 411 microversion: 2.61 time: 0.034404
Aug 26 00:24:44.459140 np0000032579 devstack@n-api.service[70212]: [pid: 70212|app: 0|req: 13/25] 192.168.1.142 () {72 vars in 1419 bytes} [Tue Aug 26 00:24:44 2025] POST /compute/v2.1/flavors => generated 411 bytes in 35 msecs (HTTP/1.1 200) 9 headers in 359 bytes (1 switches on core 0)
Aug 26 00:24:44.468744 np0000032579 devstack@n-api.service[70211]: DEBUG nova.api.openstack.wsgi [None req-45376820-001a-4ad6-adc2-94f96b0ad628 admin admin] Action: 'create', calling method: <bound method FlavorExtraSpecsController.create of <nova.api.openstack.compute.flavors_extraspecs.FlavorExtraSpecsController object at 0x7f5abcf76e30>>, body: {"extra_specs": {"hw_rng:allowed": "True"}} {{(pid=70211) _process_stack /opt/stack/nova/nova/api/openstack/wsgi.py:518}}
Aug 26 00:24:44.481969 np0000032579 devstack@n-api.service[70211]: INFO nova.api.openstack.requestlog [None req-45376820-001a-4ad6-adc2-94f96b0ad628 admin admin] 192.168.1.142 "POST /compute/v2.1/flavors/2/os-extra_specs" status: 200 len: 43 microversion: 2.61 time: 0.014900
Aug 26 00:24:44.482327 np0000032579 devstack@n-api.service[70211]: [pid: 70211|app: 0|req: 13/26] 192.168.1.142 () {72 vars in 1469 bytes} [Tue Aug 26 00:24:44 2025] POST /compute/v2.1/flavors/2/os-extra_specs => generated 43 bytes in 15 msecs (HTTP/1.1 200) 9 headers in 358 bytes (1 switches on core 0)
Aug 26 00:24:44.577940 np0000032579 devstack@n-api.service[70212]: DEBUG nova.api.openstack.wsgi [None req-b64e9efa-aae2-4157-90ca-2c067403056f admin admin] Calling method '<bound method VersionsV2.index of <nova.api.openstack.compute.versions.VersionsV2 object at 0x7f5abd44b8b0>>' {{(pid=70212) _process_stack /opt/stack/nova/nova/api/openstack/wsgi.py:520}}
Aug 26 00:24:44.578486 np0000032579 devstack@n-api.service[70212]: INFO nova.api.openstack.requestlog [None req-b64e9efa-aae2-4157-90ca-2c067403056f admin admin] 192.168.1.142 "GET /compute/v2.1" status: 200 len: 391 microversion: 2.1 time: 0.001963
Aug 26 00:24:44.578735 np0000032579 devstack@n-api.service[70212]: [pid: 70212|app: 0|req: 14/27] 192.168.1.142 () {62 vars in 1067 bytes} [Tue Aug 26 00:24:44 2025] GET /compute/v2.1 => generated 391 bytes in 2 msecs (HTTP/1.1 200) 9 headers in 357 bytes (1 switches on core 0)
Aug 26 00:24:44.604353 np0000032579 devstack@n-api.service[70211]: DEBUG nova.api.openstack.wsgi [None req-bc7a7512-fd1c-4765-99ba-65a6dfeebcbd admin admin] Action: 'create', calling method: <bound method FlavorsController.create of <nova.api.openstack.compute.flavors.FlavorsController object at 0x7f5abcf75b70>>, body: {"flavor": {"swap": 0, "id": "3", "name": "m1.medium", "disk": 40, "os-flavor-access:is_public": true, "vcpus": 2, "ram": 4096, "OS-FLV-EXT-DATA:ephemeral": 0, "rxtx_factor": 1.0}} {{(pid=70211) _process_stack /opt/stack/nova/nova/api/openstack/wsgi.py:518}}
Aug 26 00:24:44.614984 np0000032579 devstack@n-api.service[70211]: INFO nova.api.openstack.requestlog [None req-bc7a7512-fd1c-4765-99ba-65a6dfeebcbd admin admin] 192.168.1.142 "POST /compute/v2.1/flavors" status: 200 len: 412 microversion: 2.61 time: 0.030265
Aug 26 00:24:44.615321 np0000032579 devstack@n-api.service[70211]: [pid: 70211|app: 0|req: 14/28] 192.168.1.142 () {72 vars in 1419 bytes} [Tue Aug 26 00:24:44 2025] POST /compute/v2.1/flavors => generated 412 bytes in 31 msecs (HTTP/1.1 200) 9 headers in 359 bytes (1 switches on core 0)
Aug 26 00:24:44.624488 np0000032579 devstack@n-api.service[70212]: DEBUG nova.api.openstack.wsgi [None req-f21f2c61-5ec9-40e4-9715-b5355ca5ea73 admin admin] Action: 'create', calling method: <bound method FlavorExtraSpecsController.create of <nova.api.openstack.compute.flavors_extraspecs.FlavorExtraSpecsController object at 0x7f5abcf6ac20>>, body: {"extra_specs": {"hw_rng:allowed": "True"}} {{(pid=70212) _process_stack /opt/stack/nova/nova/api/openstack/wsgi.py:518}}
Aug 26 00:24:44.636833 np0000032579 devstack@n-api.service[70212]: INFO nova.api.openstack.requestlog [None req-f21f2c61-5ec9-40e4-9715-b5355ca5ea73 admin admin] 192.168.1.142 "POST /compute/v2.1/flavors/3/os-extra_specs" status: 200 len: 43 microversion: 2.61 time: 0.014071
Aug 26 00:24:44.637249 np0000032579 devstack@n-api.service[70212]: [pid: 70212|app: 0|req: 15/29] 192.168.1.142 () {72 vars in 1469 bytes} [Tue Aug 26 00:24:44 2025] POST /compute/v2.1/flavors/3/os-extra_specs => generated 43 bytes in 15 msecs (HTTP/1.1 200) 9 headers in 358 bytes (1 switches on core 0)
Aug 26 00:24:44.726024 np0000032579 devstack@n-api.service[70211]: DEBUG nova.api.openstack.wsgi [None req-bc7a7512-fd1c-4765-99ba-65a6dfeebcbd admin admin] Calling method '<bound method VersionsV2.index of <nova.api.openstack.compute.versions.VersionsV2 object at 0x7f5abd5bc820>>' {{(pid=70211) _process_stack /opt/stack/nova/nova/api/openstack/wsgi.py:520}}
Aug 26 00:24:44.727577 np0000032579 devstack@n-api.service[70211]: INFO nova.api.openstack.requestlog [None req-bc7a7512-fd1c-4765-99ba-65a6dfeebcbd admin admin] 192.168.1.142 "GET /compute/v2.1" status: 200 len: 391 microversion: 2.1 time: 0.001757
Aug 26 00:24:44.728117 np0000032579 devstack@n-api.service[70211]: [pid: 70211|app: 0|req: 15/30] 192.168.1.142 () {62 vars in 1067 bytes} [Tue Aug 26 00:24:44 2025] GET /compute/v2.1 => generated 391 bytes in 2 msecs (HTTP/1.1 200) 9 headers in 357 bytes (1 switches on core 0)
Aug 26 00:24:44.754596 np0000032579 devstack@n-api.service[70212]: DEBUG nova.api.openstack.wsgi [None req-18d56998-4b92-4992-afe2-6a7341b49872 admin admin] Action: 'create', calling method: <bound method FlavorsController.create of <nova.api.openstack.compute.flavors.FlavorsController object at 0x7f5abcf69960>>, body: {"flavor": {"swap": 0, "id": "4", "name": "m1.large", "disk": 80, "os-flavor-access:is_public": true, "vcpus": 4, "ram": 8192, "OS-FLV-EXT-DATA:ephemeral": 0, "rxtx_factor": 1.0}} {{(pid=70212) _process_stack /opt/stack/nova/nova/api/openstack/wsgi.py:518}}
Aug 26 00:24:44.764526 np0000032579 devstack@n-api.service[70212]: INFO nova.api.openstack.requestlog [None req-18d56998-4b92-4992-afe2-6a7341b49872 admin admin] 192.168.1.142 "POST /compute/v2.1/flavors" status: 200 len: 411 microversion: 2.61 time: 0.030156
Aug 26 00:24:44.765127 np0000032579 devstack@n-api.service[70212]: [pid: 70212|app: 0|req: 16/31] 192.168.1.142 () {72 vars in 1419 bytes} [Tue Aug 26 00:24:44 2025] POST /compute/v2.1/flavors => generated 411 bytes in 31 msecs (HTTP/1.1 200) 9 headers in 359 bytes (1 switches on core 0)
Aug 26 00:24:44.774016 np0000032579 devstack@n-api.service[70211]: DEBUG nova.api.openstack.wsgi [None req-79d8c70a-aade-42e4-a9b5-476f0c136a70 admin admin] Action: 'create', calling method: <bound method FlavorExtraSpecsController.create of <nova.api.openstack.compute.flavors_extraspecs.FlavorExtraSpecsController object at 0x7f5abcf76e30>>, body: {"extra_specs": {"hw_rng:allowed": "True"}} {{(pid=70211) _process_stack /opt/stack/nova/nova/api/openstack/wsgi.py:518}}
Aug 26 00:24:44.790848 np0000032579 devstack@n-api.service[70211]: INFO nova.api.openstack.requestlog [None req-79d8c70a-aade-42e4-a9b5-476f0c136a70 admin admin] 192.168.1.142 "POST /compute/v2.1/flavors/4/os-extra_specs" status: 200 len: 43 microversion: 2.61 time: 0.018557
Aug 26 00:24:44.791193 np0000032579 devstack@n-api.service[70211]: [pid: 70211|app: 0|req: 16/32] 192.168.1.142 () {72 vars in 1469 bytes} [Tue Aug 26 00:24:44 2025] POST /compute/v2.1/flavors/4/os-extra_specs => generated 43 bytes in 19 msecs (HTTP/1.1 200) 9 headers in 358 bytes (1 switches on core 0)
Aug 26 00:24:44.890175 np0000032579 devstack@n-api.service[70212]: DEBUG nova.api.openstack.wsgi [None req-18d56998-4b92-4992-afe2-6a7341b49872 admin admin] Calling method '<bound method VersionsV2.index of <nova.api.openstack.compute.versions.VersionsV2 object at 0x7f5abd44b8b0>>' {{(pid=70212) _process_stack /opt/stack/nova/nova/api/openstack/wsgi.py:520}}
Aug 26 00:24:44.890175 np0000032579 devstack@n-api.service[70212]: INFO nova.api.openstack.requestlog [None req-18d56998-4b92-4992-afe2-6a7341b49872 admin admin] 192.168.1.142 "GET /compute/v2.1" status: 200 len: 391 microversion: 2.1 time: 0.001834
Aug 26 00:24:44.890175 np0000032579 devstack@n-api.service[70212]: [pid: 70212|app: 0|req: 17/33] 192.168.1.142 () {62 vars in 1067 bytes} [Tue Aug 26 00:24:44 2025] GET /compute/v2.1 => generated 391 bytes in 2 msecs (HTTP/1.1 200) 9 headers in 357 bytes (1 switches on core 0)
Aug 26 00:24:44.916667 np0000032579 devstack@n-api.service[70211]: DEBUG nova.api.openstack.wsgi [None req-3dbf1274-a130-4947-911c-153e5f67c340 admin admin] Action: 'create', calling method: <bound method FlavorsController.create of <nova.api.openstack.compute.flavors.FlavorsController object at 0x7f5abcf75b70>>, body: {"flavor": {"swap": 0, "id": "5", "name": "m1.xlarge", "disk": 160, "os-flavor-access:is_public": true, "vcpus": 8, "ram": 16384, "OS-FLV-EXT-DATA:ephemeral": 0, "rxtx_factor": 1.0}} {{(pid=70211) _process_stack /opt/stack/nova/nova/api/openstack/wsgi.py:518}}
Aug 26 00:24:44.926970 np0000032579 devstack@n-api.service[70211]: INFO nova.api.openstack.requestlog [None req-3dbf1274-a130-4947-911c-153e5f67c340 admin admin] 192.168.1.142 "POST /compute/v2.1/flavors" status: 200 len: 414 microversion: 2.61 time: 0.030087
Aug 26 00:24:44.927487 np0000032579 devstack@n-api.service[70211]: [pid: 70211|app: 0|req: 17/34] 192.168.1.142 () {72 vars in 1419 bytes} [Tue Aug 26 00:24:44 2025] POST /compute/v2.1/flavors => generated 414 bytes in 31 msecs (HTTP/1.1 200) 9 headers in 359 bytes (1 switches on core 0)
Aug 26 00:24:44.936244 np0000032579 devstack@n-api.service[70212]: DEBUG nova.api.openstack.wsgi [None req-13c2a2f1-f3cf-4e1a-a699-b440c89115de admin admin] Action: 'create', calling method: <bound method FlavorExtraSpecsController.create of <nova.api.openstack.compute.flavors_extraspecs.FlavorExtraSpecsController object at 0x7f5abcf6ac20>>, body: {"extra_specs": {"hw_rng:allowed": "True"}} {{(pid=70212) _process_stack /opt/stack/nova/nova/api/openstack/wsgi.py:518}}
Aug 26 00:24:44.948543 np0000032579 devstack@n-api.service[70212]: INFO nova.api.openstack.requestlog [None req-13c2a2f1-f3cf-4e1a-a699-b440c89115de admin admin] 192.168.1.142 "POST /compute/v2.1/flavors/5/os-extra_specs" status: 200 len: 43 microversion: 2.61 time: 0.013995
Aug 26 00:24:44.948919 np0000032579 devstack@n-api.service[70212]: [pid: 70212|app: 0|req: 18/35] 192.168.1.142 () {72 vars in 1469 bytes} [Tue Aug 26 00:24:44 2025] POST /compute/v2.1/flavors/5/os-extra_specs => generated 43 bytes in 14 msecs (HTTP/1.1 200) 9 headers in 358 bytes (1 switches on core 0)
Aug 26 00:24:49.264850 np0000032579 devstack@n-api.service[70211]: DEBUG nova.api.openstack.wsgi [None req-3dbf1274-a130-4947-911c-153e5f67c340 admin admin] Calling method '<bound method VersionsV2.index of <nova.api.openstack.compute.versions.VersionsV2 object at 0x7f5abd5bc820>>' {{(pid=70211) _process_stack /opt/stack/nova/nova/api/openstack/wsgi.py:520}}
Aug 26 00:24:49.266468 np0000032579 devstack@n-api.service[70211]: INFO nova.api.openstack.requestlog [None req-3dbf1274-a130-4947-911c-153e5f67c340 admin admin] 192.168.1.142 "GET /compute/v2.1" status: 200 len: 391 microversion: 2.1 time: 0.001797
Aug 26 00:24:49.266654 np0000032579 devstack@n-api.service[70211]: [pid: 70211|app: 0|req: 18/36] 192.168.1.142 () {62 vars in 1067 bytes} [Tue Aug 26 00:24:49 2025] GET /compute/v2.1 => generated 391 bytes in 2 msecs (HTTP/1.1 200) 9 headers in 357 bytes (1 switches on core 0)
Aug 26 00:24:49.290606 np0000032579 devstack@n-api.service[70212]: DEBUG nova.api.openstack.wsgi [None req-07b38dac-f5eb-44a6-8807-119244a26c11 admin admin] Calling method '<bound method FlavorsController.detail of <nova.api.openstack.compute.flavors.FlavorsController object at 0x7f5abcf69f00>>' {{(pid=70212) _process_stack /opt/stack/nova/nova/api/openstack/wsgi.py:520}}
Aug 26 00:24:49.298229 np0000032579 devstack@n-api.service[70212]: INFO nova.api.openstack.requestlog [None req-07b38dac-f5eb-44a6-8807-119244a26c11 admin admin] 192.168.1.142 "GET /compute/v2.1/flavors/detail?is_public=True" status: 200 len: 4262 microversion: 2.61 time: 0.026276
Aug 26 00:24:49.298579 np0000032579 devstack@n-api.service[70212]: [pid: 70212|app: 0|req: 19/37] 192.168.1.142 () {68 vars in 1428 bytes} [Tue Aug 26 00:24:49 2025] GET /compute/v2.1/flavors/detail?is_public=True => generated 4262 bytes in 27 msecs (HTTP/1.1 200) 9 headers in 360 bytes (1 switches on core 0)
Aug 26 00:24:49.404986 np0000032579 devstack@n-api.service[70211]: DEBUG nova.api.openstack.wsgi [None req-3dbf1274-a130-4947-911c-153e5f67c340 admin admin] Calling method '<bound method VersionsV2.index of <nova.api.openstack.compute.versions.VersionsV2 object at 0x7f5abd5bc820>>' {{(pid=70211) _process_stack /opt/stack/nova/nova/api/openstack/wsgi.py:520}}
Aug 26 00:24:49.406552 np0000032579 devstack@n-api.service[70211]: INFO nova.api.openstack.requestlog [None req-3dbf1274-a130-4947-911c-153e5f67c340 admin admin] 192.168.1.142 "GET /compute/v2.1" status: 200 len: 391 microversion: 2.1 time: 0.001726
Aug 26 00:24:49.406730 np0000032579 devstack@n-api.service[70211]: [pid: 70211|app: 0|req: 19/38] 192.168.1.142 () {62 vars in 1067 bytes} [Tue Aug 26 00:24:49 2025] GET /compute/v2.1 => generated 391 bytes in 2 msecs (HTTP/1.1 200) 9 headers in 357 bytes (1 switches on core 0)
Aug 26 00:24:49.430740 np0000032579 devstack@n-api.service[70212]: DEBUG nova.api.openstack.wsgi [None req-8243129f-4513-4e37-8935-232de8410a97 admin admin] Action: 'create', calling method: <bound method FlavorsController.create of <nova.api.openstack.compute.flavors.FlavorsController object at 0x7f5abcf69960>>, body: {"flavor": {"swap": 0, "id": "100", "name": "manila-service-flavor", "disk": 5, "os-flavor-access:is_public": true, "vcpus": 1, "ram": 1024, "OS-FLV-EXT-DATA:ephemeral": 0, "rxtx_factor": 1.0}} {{(pid=70212) _process_stack /opt/stack/nova/nova/api/openstack/wsgi.py:518}}
Aug 26 00:24:49.440189 np0000032579 devstack@n-api.service[70212]: INFO nova.api.openstack.requestlog [None req-8243129f-4513-4e37-8935-232de8410a97 admin admin] 192.168.1.142 "POST /compute/v2.1/flavors" status: 200 len: 429 microversion: 2.61 time: 0.028365
Aug 26 00:24:49.440488 np0000032579 devstack@n-api.service[70212]: [pid: 70212|app: 0|req: 20/39] 192.168.1.142 () {72 vars in 1419 bytes} [Tue Aug 26 00:24:49 2025] POST /compute/v2.1/flavors => generated 429 bytes in 29 msecs (HTTP/1.1 200) 9 headers in 359 bytes (1 switches on core 0)
Aug 26 00:25:16.620811 np0000032579 devstack@n-api.service[70211]: DEBUG nova.api.openstack.wsgi [None req-3dbf1274-a130-4947-911c-153e5f67c340 admin admin] Calling method '<bound method VersionsV2.index of <nova.api.openstack.compute.versions.VersionsV2 object at 0x7f5abd5bc820>>' {{(pid=70211) _process_stack /opt/stack/nova/nova/api/openstack/wsgi.py:520}}
Aug 26 00:25:16.620811 np0000032579 devstack@n-api.service[70211]: INFO nova.api.openstack.requestlog [None req-3dbf1274-a130-4947-911c-153e5f67c340 admin admin] 192.168.1.142 "GET /compute/v2.1" status: 200 len: 391 microversion: 2.1 time: 0.002214
Aug 26 00:25:16.620811 np0000032579 devstack@n-api.service[70211]: [pid: 70211|app: 0|req: 20/40] 192.168.1.142 () {62 vars in 1067 bytes} [Tue Aug 26 00:25:16 2025] GET /compute/v2.1 => generated 391 bytes in 2 msecs (HTTP/1.1 200) 9 headers in 357 bytes (1 switches on core 0)
Aug 26 00:25:16.629779 np0000032579 devstack@n-api.service[70212]: DEBUG dbcounter [-] [70212] Writing DB stats nova_api:SELECT=23,nova_api:INSERT=11,nova_api:SAVEPOINT=5,nova_api:RELEASE=5 {{(pid=70212) stat_writer /opt/stack/data/venv/lib/python3.10/site-packages/dbcounter.py:115}}
Aug 26 00:25:16.648906 np0000032579 devstack@n-api.service[70212]: DEBUG nova.api.openstack.wsgi [None req-0985112d-d8dc-4877-a5be-9f53c59fa517 admin admin] Calling method '<function Controller.__getattribute__.<locals>.version_select at 0x7f5abcac9ea0>' {{(pid=70212) _process_stack /opt/stack/nova/nova/api/openstack/wsgi.py:520}}
Aug 26 00:25:16.650799 np0000032579 devstack@n-api.service[70212]: WARNING oslo_db.sqlalchemy.utils [None req-0985112d-d8dc-4877-a5be-9f53c59fa517 admin admin] Unique keys not in sort_keys. The sorting order may be unstable.
