Aug 26 00:24:43.759697 np0000032579 systemd[1]: Starting Devstack devstack@g-api.service...
Aug 26 00:24:43.762954 np0000032579 devstack@g-api.service[80450]: [uWSGI] getting INI configuration from /etc/glance/glance-uwsgi.ini
Aug 26 00:24:43.763841 np0000032579 devstack@g-api.service[80450]: *** Starting uWSGI 2.0.20-debian (64bit) on [Tue Aug 26 00:24:43 2025] ***
Aug 26 00:24:43.763841 np0000032579 devstack@g-api.service[80450]: compiled with version: 11.2.0 on 21 March 2022 11:00:44
Aug 26 00:24:43.763841 np0000032579 devstack@g-api.service[80450]: os: Linux-5.15.0-152-generic #162-Ubuntu SMP Wed Jul 23 09:48:42 UTC 2025
Aug 26 00:24:43.763841 np0000032579 devstack@g-api.service[80450]: nodename: np0000032579
Aug 26 00:24:43.763841 np0000032579 devstack@g-api.service[80450]: machine: x86_64
Aug 26 00:24:43.763841 np0000032579 devstack@g-api.service[80450]: clock source: unix
Aug 26 00:24:43.763841 np0000032579 devstack@g-api.service[80450]: pcre jit disabled
Aug 26 00:24:43.763841 np0000032579 devstack@g-api.service[80450]: detected number of CPU cores: 8
Aug 26 00:24:43.763841 np0000032579 devstack@g-api.service[80450]: current working directory: /
Aug 26 00:24:43.763841 np0000032579 devstack@g-api.service[80450]: detected binary path: /usr/bin/uwsgi-core
Aug 26 00:24:43.764061 np0000032579 devstack@g-api.service[80450]: your processes number limit is 47515
Aug 26 00:24:43.764061 np0000032579 devstack@g-api.service[80450]: your memory page size is 4096 bytes
Aug 26 00:24:43.764061 np0000032579 devstack@g-api.service[80450]: detected max file descriptor number: 2048
Aug 26 00:24:43.764061 np0000032579 devstack@g-api.service[80450]: lock engine: pthread robust mutexes
Aug 26 00:24:43.764061 np0000032579 devstack@g-api.service[80450]: thunder lock: enabled
Aug 26 00:24:43.764061 np0000032579 devstack@g-api.service[80450]: uwsgi socket 0 bound to TCP address 127.0.0.1:60999 fd 4
Aug 26 00:24:43.764061 np0000032579 devstack@g-api.service[80450]: Python version: 3.10.12 (main, Aug 15 2025, 14:32:43) [GCC 11.4.0]
Aug 26 00:24:43.764061 np0000032579 devstack@g-api.service[80450]: PEP 405 virtualenv detected: /opt/stack/data/venv
Aug 26 00:24:43.764061 np0000032579 devstack@g-api.service[80450]: Set PythonHome to /opt/stack/data/venv
Aug 26 00:24:43.786614 np0000032579 devstack@g-api.service[80450]: Python main interpreter initialized at 0x55eb9d64de10
Aug 26 00:24:43.786614 np0000032579 devstack@g-api.service[80450]: python threads support enabled
Aug 26 00:24:43.786614 np0000032579 devstack@g-api.service[80450]: your server socket listen backlog is limited to 100 connections
Aug 26 00:24:43.786614 np0000032579 devstack@g-api.service[80450]: your mercy for graceful operations on workers is 80 seconds
Aug 26 00:24:43.786776 np0000032579 devstack@g-api.service[80450]: mapped 403077 bytes (393 KB) for 2 cores
Aug 26 00:24:43.786817 np0000032579 devstack@g-api.service[80450]: *** Operational MODE: preforking ***
Aug 26 00:24:43.786949 np0000032579 devstack@g-api.service[80450]: *** uWSGI is running in multiple interpreter mode ***
Aug 26 00:24:43.786949 np0000032579 devstack@g-api.service[80450]: spawned uWSGI master process (pid: 80450)
Aug 26 00:24:43.787012 np0000032579 systemd[1]: Started Devstack devstack@g-api.service.
Aug 26 00:24:43.787363 np0000032579 devstack@g-api.service[80450]: spawned uWSGI worker 1 (pid: 80451, cores: 1)
Aug 26 00:24:43.787363 np0000032579 devstack@g-api.service[80450]: spawned uWSGI worker 2 (pid: 80452, cores: 1)
Aug 26 00:24:43.787433 np0000032579 devstack@g-api.service[80450]: running "unix_signal:15 gracefully_kill_them_all" (master-start)...
Aug 26 00:24:44.485275 np0000032579 devstack@g-api.service[80451]: INFO glance.async_ [-] Threadpool model set to 'NativeThreadPoolModel'
Aug 26 00:24:44.488288 np0000032579 devstack@g-api.service[80452]: INFO glance.async_ [-] Threadpool model set to 'NativeThreadPoolModel'
Aug 26 00:24:44.559068 np0000032579 devstack@g-api.service[80451]: DEBUG oslo_concurrency.processutils [-] Running cmd (subprocess): grep -F node.session.scan /sbin/iscsiadm {{(pid=80451) execute /opt/stack/data/venv/lib/python3.10/site-packages/oslo_concurrency/processutils.py:390}}
Aug 26 00:24:44.559195 np0000032579 devstack@g-api.service[80452]: DEBUG oslo_concurrency.processutils [-] Running cmd (subprocess): grep -F node.session.scan /sbin/iscsiadm {{(pid=80452) execute /opt/stack/data/venv/lib/python3.10/site-packages/oslo_concurrency/processutils.py:390}}
Aug 26 00:24:44.563875 np0000032579 devstack@g-api.service[80452]: DEBUG oslo_concurrency.processutils [-] CMD "grep -F node.session.scan /sbin/iscsiadm" returned: 0 in 0.005s {{(pid=80452) execute /opt/stack/data/venv/lib/python3.10/site-packages/oslo_concurrency/processutils.py:428}}
Aug 26 00:24:44.564198 np0000032579 devstack@g-api.service[80451]: DEBUG oslo_concurrency.processutils [-] CMD "grep -F node.session.scan /sbin/iscsiadm" returned: 0 in 0.005s {{(pid=80451) execute /opt/stack/data/venv/lib/python3.10/site-packages/oslo_concurrency/processutils.py:428}}
Aug 26 00:24:44.582246 np0000032579 devstack@g-api.service[80452]: DEBUG glance_store.common.attachment_state_manager [-] Initialising _AttachmentStateManager {{(pid=80452) __init__ /opt/stack/data/venv/lib/python3.10/site-packages/glance_store/common/attachment_state_manager.py:86}}
Aug 26 00:24:44.582445 np0000032579 devstack@g-api.service[80451]: DEBUG glance_store.common.attachment_state_manager [-] Initialising _AttachmentStateManager {{(pid=80451) __init__ /opt/stack/data/venv/lib/python3.10/site-packages/glance_store/common/attachment_state_manager.py:86}}
Aug 26 00:24:44.656327 np0000032579 devstack@g-api.service[80452]: DEBUG glance_store.backend [-] Attempting to import store cinder {{(pid=80452) _load_store /opt/stack/data/venv/lib/python3.10/site-packages/glance_store/backend.py:216}}
Aug 26 00:24:44.656460 np0000032579 devstack@g-api.service[80452]: DEBUG glance_store.backend [-] Attempting to import store file {{(pid=80452) _load_store /opt/stack/data/venv/lib/python3.10/site-packages/glance_store/backend.py:216}}
Aug 26 00:24:44.656551 np0000032579 devstack@g-api.service[80452]: DEBUG glance_store.backend [-] Attempting to import store glance.store.cinder.Store {{(pid=80452) _load_store /opt/stack/data/venv/lib/python3.10/site-packages/glance_store/backend.py:216}}
Aug 26 00:24:44.656635 np0000032579 devstack@g-api.service[80452]: DEBUG glance_store.backend [-] Attempting to import store glance.store.filesystem.Store {{(pid=80452) _load_store /opt/stack/data/venv/lib/python3.10/site-packages/glance_store/backend.py:216}}
Aug 26 00:24:44.656716 np0000032579 devstack@g-api.service[80452]: DEBUG glance_store.backend [-] Attempting to import store glance.store.http.Store {{(pid=80452) _load_store /opt/stack/data/venv/lib/python3.10/site-packages/glance_store/backend.py:216}}
Aug 26 00:24:44.656795 np0000032579 devstack@g-api.service[80452]: DEBUG glance_store.backend [-] Attempting to import store glance.store.rbd.Store {{(pid=80452) _load_store /opt/stack/data/venv/lib/python3.10/site-packages/glance_store/backend.py:216}}
Aug 26 00:24:44.656876 np0000032579 devstack@g-api.service[80452]: DEBUG glance_store.backend [-] Attempting to import store glance.store.s3.Store {{(pid=80452) _load_store /opt/stack/data/venv/lib/python3.10/site-packages/glance_store/backend.py:216}}
Aug 26 00:24:44.656956 np0000032579 devstack@g-api.service[80452]: DEBUG glance_store.backend [-] Attempting to import store glance.store.swift.Store {{(pid=80452) _load_store /opt/stack/data/venv/lib/python3.10/site-packages/glance_store/backend.py:216}}
Aug 26 00:24:44.657036 np0000032579 devstack@g-api.service[80452]: DEBUG glance_store.backend [-] Attempting to import store glance.store.vmware_datastore.Store {{(pid=80452) _load_store /opt/stack/data/venv/lib/python3.10/site-packages/glance_store/backend.py:216}}
Aug 26 00:24:44.657117 np0000032579 devstack@g-api.service[80452]: DEBUG glance_store.backend [-] Attempting to import store http {{(pid=80452) _load_store /opt/stack/data/venv/lib/python3.10/site-packages/glance_store/backend.py:216}}
Aug 26 00:24:44.657194 np0000032579 devstack@g-api.service[80452]: DEBUG glance_store.backend [-] Attempting to import store no_conf {{(pid=80452) _load_store /opt/stack/data/venv/lib/python3.10/site-packages/glance_store/backend.py:216}}
Aug 26 00:24:44.657272 np0000032579 devstack@g-api.service[80452]: DEBUG glance_store.backend [-] Attempting to import store rbd {{(pid=80452) _load_store /opt/stack/data/venv/lib/python3.10/site-packages/glance_store/backend.py:216}}
Aug 26 00:24:44.657355 np0000032579 devstack@g-api.service[80452]: DEBUG glance_store.backend [-] Attempting to import store s3 {{(pid=80452) _load_store /opt/stack/data/venv/lib/python3.10/site-packages/glance_store/backend.py:216}}
Aug 26 00:24:44.657432 np0000032579 devstack@g-api.service[80452]: DEBUG glance_store.backend [-] Attempting to import store swift {{(pid=80452) _load_store /opt/stack/data/venv/lib/python3.10/site-packages/glance_store/backend.py:216}}
Aug 26 00:24:44.657509 np0000032579 devstack@g-api.service[80452]: DEBUG glance_store.backend [-] Attempting to import store vmware {{(pid=80452) _load_store /opt/stack/data/venv/lib/python3.10/site-packages/glance_store/backend.py:216}}
Aug 26 00:24:44.657593 np0000032579 devstack@g-api.service[80452]: DEBUG glance_store.backend [-] Registering options for group glance_store {{(pid=80452) register_opts /opt/stack/data/venv/lib/python3.10/site-packages/glance_store/backend.py:145}}
Aug 26 00:24:44.657713 np0000032579 devstack@g-api.service[80451]: DEBUG glance_store.backend [-] Attempting to import store cinder {{(pid=80451) _load_store /opt/stack/data/venv/lib/python3.10/site-packages/glance_store/backend.py:216}}
Aug 26 00:24:44.657780 np0000032579 devstack@g-api.service[80452]: DEBUG glance_store.backend [-] Registering options for group glance_store {{(pid=80452) register_opts /opt/stack/data/venv/lib/python3.10/site-packages/glance_store/backend.py:145}}
Aug 26 00:24:44.657835 np0000032579 devstack@g-api.service[80451]: DEBUG glance_store.backend [-] Attempting to import store file {{(pid=80451) _load_store /opt/stack/data/venv/lib/python3.10/site-packages/glance_store/backend.py:216}}
Aug 26 00:24:44.657941 np0000032579 devstack@g-api.service[80451]: DEBUG glance_store.backend [-] Attempting to import store glance.store.cinder.Store {{(pid=80451) _load_store /opt/stack/data/venv/lib/python3.10/site-packages/glance_store/backend.py:216}}
Aug 26 00:24:44.658025 np0000032579 devstack@g-api.service[80451]: DEBUG glance_store.backend [-] Attempting to import store glance.store.filesystem.Store {{(pid=80451) _load_store /opt/stack/data/venv/lib/python3.10/site-packages/glance_store/backend.py:216}}
Aug 26 00:24:44.658105 np0000032579 devstack@g-api.service[80451]: DEBUG glance_store.backend [-] Attempting to import store glance.store.http.Store {{(pid=80451) _load_store /opt/stack/data/venv/lib/python3.10/site-packages/glance_store/backend.py:216}}
Aug 26 00:24:44.658130 np0000032579 devstack@g-api.service[80452]: DEBUG glance_store.backend [-] Attempting to import store file {{(pid=80452) _load_store /opt/stack/data/venv/lib/python3.10/site-packages/glance_store/backend.py:216}}
Aug 26 00:24:44.658185 np0000032579 devstack@g-api.service[80451]: DEBUG glance_store.backend [-] Attempting to import store glance.store.rbd.Store {{(pid=80451) _load_store /opt/stack/data/venv/lib/python3.10/site-packages/glance_store/backend.py:216}}
Aug 26 00:24:44.658264 np0000032579 devstack@g-api.service[80451]: DEBUG glance_store.backend [-] Attempting to import store glance.store.s3.Store {{(pid=80451) _load_store /opt/stack/data/venv/lib/python3.10/site-packages/glance_store/backend.py:216}}
Aug 26 00:24:44.658351 np0000032579 devstack@g-api.service[80451]: DEBUG glance_store.backend [-] Attempting to import store glance.store.swift.Store {{(pid=80451) _load_store /opt/stack/data/venv/lib/python3.10/site-packages/glance_store/backend.py:216}}
Aug 26 00:24:44.658430 np0000032579 devstack@g-api.service[80451]: DEBUG glance_store.backend [-] Attempting to import store glance.store.vmware_datastore.Store {{(pid=80451) _load_store /opt/stack/data/venv/lib/python3.10/site-packages/glance_store/backend.py:216}}
Aug 26 00:24:44.658455 np0000032579 devstack@g-api.service[80452]: DEBUG glance_store.capabilities [-] Store glance_store._drivers.filesystem.Store doesn't support updating dynamic storage capabilities. Please overwrite 'update_capabilities' method of the store to implement updating logics if needed. {{(pid=80452) update_capabilities /opt/stack/data/venv/lib/python3.10/site-packages/glance_store/capabilities.py:91}}
Aug 26 00:24:44.658508 np0000032579 devstack@g-api.service[80452]: DEBUG glance_store.backend [-] Registering store file with schemes ('file', 'filesystem') {{(pid=80452) create_stores /opt/stack/data/venv/lib/python3.10/site-packages/glance_store/backend.py:262}}
Aug 26 00:24:44.658534 np0000032579 devstack@g-api.service[80451]: DEBUG glance_store.backend [-] Attempting to import store http {{(pid=80451) _load_store /opt/stack/data/venv/lib/python3.10/site-packages/glance_store/backend.py:216}}
Aug 26 00:24:44.658557 np0000032579 devstack@g-api.service[80452]: DEBUG glance_store.driver [-] Late loading location class glance_store._drivers.filesystem.StoreLocation {{(pid=80452) get_store_location_class /opt/stack/data/venv/lib/python3.10/site-packages/glance_store/driver.py:133}}
Aug 26 00:24:44.658581 np0000032579 devstack@g-api.service[80451]: DEBUG glance_store.backend [-] Attempting to import store no_conf {{(pid=80451) _load_store /opt/stack/data/venv/lib/python3.10/site-packages/glance_store/backend.py:216}}
Aug 26 00:24:44.658614 np0000032579 devstack@g-api.service[80452]: DEBUG glance_store.location [-] Registering scheme file with {'store': <glance_store._drivers.filesystem.Store object at 0x7f33863b6ec0>, 'location_class': <class 'glance_store._drivers.filesystem.StoreLocation'>, 'store_entry': 'file'} {{(pid=80452) register_scheme_map /opt/stack/data/venv/lib/python3.10/site-packages/glance_store/location.py:146}}
Aug 26 00:24:44.658658 np0000032579 devstack@g-api.service[80452]: DEBUG glance_store.location [-] Registering scheme filesystem with {'store': <glance_store._drivers.filesystem.Store object at 0x7f33863b6ec0>, 'location_class': <class 'glance_store._drivers.filesystem.StoreLocation'>, 'store_entry': 'file'} {{(pid=80452) register_scheme_map /opt/stack/data/venv/lib/python3.10/site-packages/glance_store/location.py:146}}
Aug 26 00:24:44.658685 np0000032579 devstack@g-api.service[80451]: DEBUG glance_store.backend [-] Attempting to import store rbd {{(pid=80451) _load_store /opt/stack/data/venv/lib/python3.10/site-packages/glance_store/backend.py:216}}
Aug 26 00:24:44.658708 np0000032579 devstack@g-api.service[80452]: DEBUG glance_store.backend [-] Attempting to import store http {{(pid=80452) _load_store /opt/stack/data/venv/lib/python3.10/site-packages/glance_store/backend.py:216}}
Aug 26 00:24:44.658755 np0000032579 devstack@g-api.service[80451]: DEBUG glance_store.backend [-] Attempting to import store s3 {{(pid=80451) _load_store /opt/stack/data/venv/lib/python3.10/site-packages/glance_store/backend.py:216}}
Aug 26 00:24:44.658837 np0000032579 devstack@g-api.service[80451]: DEBUG glance_store.backend [-] Attempting to import store swift {{(pid=80451) _load_store /opt/stack/data/venv/lib/python3.10/site-packages/glance_store/backend.py:216}}
Aug 26 00:24:44.658862 np0000032579 devstack@g-api.service[80452]: DEBUG glance_store.capabilities [-] Store glance_store._drivers.http.Store doesn't support updating dynamic storage capabilities. Please overwrite 'update_capabilities' method of the store to implement updating logics if needed. {{(pid=80452) update_capabilities /opt/stack/data/venv/lib/python3.10/site-packages/glance_store/capabilities.py:91}}
Aug 26 00:24:44.658901 np0000032579 devstack@g-api.service[80452]: DEBUG glance_store.backend [-] Registering store http with schemes ('http', 'https') {{(pid=80452) create_stores /opt/stack/data/venv/lib/python3.10/site-packages/glance_store/backend.py:262}}
Aug 26 00:24:44.658928 np0000032579 devstack@g-api.service[80451]: DEBUG glance_store.backend [-] Attempting to import store vmware {{(pid=80451) _load_store /opt/stack/data/venv/lib/python3.10/site-packages/glance_store/backend.py:216}}
Aug 26 00:24:44.658951 np0000032579 devstack@g-api.service[80452]: DEBUG glance_store.driver [-] Late loading location class glance_store._drivers.http.StoreLocation {{(pid=80452) get_store_location_class /opt/stack/data/venv/lib/python3.10/site-packages/glance_store/driver.py:133}}
Aug 26 00:24:44.658989 np0000032579 devstack@g-api.service[80452]: DEBUG glance_store.location [-] Registering scheme http with {'store': <glance_store._drivers.http.Store object at 0x7f33863b6b00>, 'location_class': <class 'glance_store._drivers.http.StoreLocation'>, 'store_entry': 'http'} {{(pid=80452) register_scheme_map /opt/stack/data/venv/lib/python3.10/site-packages/glance_store/location.py:146}}
Aug 26 00:24:44.659014 np0000032579 devstack@g-api.service[80451]: DEBUG glance_store.backend [-] Registering options for group glance_store {{(pid=80451) register_opts /opt/stack/data/venv/lib/python3.10/site-packages/glance_store/backend.py:145}}
Aug 26 00:24:44.659036 np0000032579 devstack@g-api.service[80452]: DEBUG glance_store.location [-] Registering scheme https with {'store': <glance_store._drivers.http.Store object at 0x7f33863b6b00>, 'location_class': <class 'glance_store._drivers.http.StoreLocation'>, 'store_entry': 'http'} {{(pid=80452) register_scheme_map /opt/stack/data/venv/lib/python3.10/site-packages/glance_store/location.py:146}}
Aug 26 00:24:44.659203 np0000032579 devstack@g-api.service[80451]: DEBUG glance_store.backend [-] Registering options for group glance_store {{(pid=80451) register_opts /opt/stack/data/venv/lib/python3.10/site-packages/glance_store/backend.py:145}}
Aug 26 00:24:44.659284 np0000032579 devstack@g-api.service[80452]: DEBUG glance.sqlite_migration [-] SQLite caching database not located, skipping migration {{(pid=80452) get_db_path /opt/stack/glance/glance/sqlite_migration.py:68}}
Aug 26 00:24:44.659449 np0000032579 devstack@g-api.service[80452]: WARNING glance.common.wsgi_app [-] Import methods are enabled but staging directory /tmp/staging/ does not exist; Imports will fail!
Aug 26 00:24:44.659532 np0000032579 devstack@g-api.service[80451]: DEBUG glance_store.backend [-] Attempting to import store file {{(pid=80451) _load_store /opt/stack/data/venv/lib/python3.10/site-packages/glance_store/backend.py:216}}
Aug 26 00:24:44.659881 np0000032579 devstack@g-api.service[80451]: DEBUG glance_store.capabilities [-] Store glance_store._drivers.filesystem.Store doesn't support updating dynamic storage capabilities. Please overwrite 'update_capabilities' method of the store to implement updating logics if needed. {{(pid=80451) update_capabilities /opt/stack/data/venv/lib/python3.10/site-packages/glance_store/capabilities.py:91}}
Aug 26 00:24:44.659936 np0000032579 devstack@g-api.service[80451]: DEBUG glance_store.backend [-] Registering store file with schemes ('file', 'filesystem') {{(pid=80451) create_stores /opt/stack/data/venv/lib/python3.10/site-packages/glance_store/backend.py:262}}
Aug 26 00:24:44.659991 np0000032579 devstack@g-api.service[80451]: DEBUG glance_store.driver [-] Late loading location class glance_store._drivers.filesystem.StoreLocation {{(pid=80451) get_store_location_class /opt/stack/data/venv/lib/python3.10/site-packages/glance_store/driver.py:133}}
Aug 26 00:24:44.660052 np0000032579 devstack@g-api.service[80451]: DEBUG glance_store.location [-] Registering scheme file with {'store': <glance_store._drivers.filesystem.Store object at 0x7f33863b7700>, 'location_class': <class 'glance_store._drivers.filesystem.StoreLocation'>, 'store_entry': 'file'} {{(pid=80451) register_scheme_map /opt/stack/data/venv/lib/python3.10/site-packages/glance_store/location.py:146}}
Aug 26 00:24:44.660092 np0000032579 devstack@g-api.service[80451]: DEBUG glance_store.location [-] Registering scheme filesystem with {'store': <glance_store._drivers.filesystem.Store object at 0x7f33863b7700>, 'location_class': <class 'glance_store._drivers.filesystem.StoreLocation'>, 'store_entry': 'file'} {{(pid=80451) register_scheme_map /opt/stack/data/venv/lib/python3.10/site-packages/glance_store/location.py:146}}
Aug 26 00:24:44.660138 np0000032579 devstack@g-api.service[80451]: DEBUG glance_store.backend [-] Attempting to import store http {{(pid=80451) _load_store /opt/stack/data/venv/lib/python3.10/site-packages/glance_store/backend.py:216}}
Aug 26 00:24:44.660309 np0000032579 devstack@g-api.service[80451]: DEBUG glance_store.capabilities [-] Store glance_store._drivers.http.Store doesn't support updating dynamic storage capabilities. Please overwrite 'update_capabilities' method of the store to implement updating logics if needed. {{(pid=80451) update_capabilities /opt/stack/data/venv/lib/python3.10/site-packages/glance_store/capabilities.py:91}}
Aug 26 00:24:44.660360 np0000032579 devstack@g-api.service[80451]: DEBUG glance_store.backend [-] Registering store http with schemes ('http', 'https') {{(pid=80451) create_stores /opt/stack/data/venv/lib/python3.10/site-packages/glance_store/backend.py:262}}
Aug 26 00:24:44.660419 np0000032579 devstack@g-api.service[80451]: DEBUG glance_store.driver [-] Late loading location class glance_store._drivers.http.StoreLocation {{(pid=80451) get_store_location_class /opt/stack/data/venv/lib/python3.10/site-packages/glance_store/driver.py:133}}
Aug 26 00:24:44.660451 np0000032579 devstack@g-api.service[80451]: DEBUG glance_store.location [-] Registering scheme http with {'store': <glance_store._drivers.http.Store object at 0x7f33863b5b70>, 'location_class': <class 'glance_store._drivers.http.StoreLocation'>, 'store_entry': 'http'} {{(pid=80451) register_scheme_map /opt/stack/data/venv/lib/python3.10/site-packages/glance_store/location.py:146}}
Aug 26 00:24:44.660495 np0000032579 devstack@g-api.service[80451]: DEBUG glance_store.location [-] Registering scheme https with {'store': <glance_store._drivers.http.Store object at 0x7f33863b5b70>, 'location_class': <class 'glance_store._drivers.http.StoreLocation'>, 'store_entry': 'http'} {{(pid=80451) register_scheme_map /opt/stack/data/venv/lib/python3.10/site-packages/glance_store/location.py:146}}
Aug 26 00:24:44.660751 np0000032579 devstack@g-api.service[80451]: DEBUG glance.sqlite_migration [-] SQLite caching database not located, skipping migration {{(pid=80451) get_db_path /opt/stack/glance/glance/sqlite_migration.py:68}}
Aug 26 00:24:44.660901 np0000032579 devstack@g-api.service[80451]: WARNING glance.common.wsgi_app [-] Import methods are enabled but staging directory /tmp/staging/ does not exist; Imports will fail!
Aug 26 00:24:44.917967 np0000032579 devstack@g-api.service[80452]: DEBUG glance.common.config [None req-9836461e-d437-4040-9cdb-b6a95da2b5ca None None] Loading glance-api-keystone+cachemanagement from /etc/glance/glance-api-paste.ini {{(pid=80452) load_paste_app /opt/stack/glance/glance/common/config.py:726}}
Aug 26 00:24:44.939588 np0000032579 devstack@g-api.service[80451]: DEBUG glance.common.config [None req-4838d29c-3ea7-4aa1-b316-e5dfd5e5bd77 None None] Loading glance-api-keystone+cachemanagement from /etc/glance/glance-api-paste.ini {{(pid=80451) load_paste_app /opt/stack/glance/glance/common/config.py:726}}
Aug 26 00:24:45.338013 np0000032579 devstack@g-api.service[80452]: INFO glance.image_cache [None req-9836461e-d437-4040-9cdb-b6a95da2b5ca None None] Image cache loaded driver 'centralized_db'.
Aug 26 00:24:45.338263 np0000032579 devstack@g-api.service[80451]: INFO glance.image_cache [None req-4838d29c-3ea7-4aa1-b316-e5dfd5e5bd77 None None] Image cache loaded driver 'centralized_db'.
Aug 26 00:24:45.368871 np0000032579 devstack@g-api.service[80452]: INFO dbcounter [None req-9836461e-d437-4040-9cdb-b6a95da2b5ca None None] Registered counter for database glance
Aug 26 00:24:45.370429 np0000032579 devstack@g-api.service[80451]: INFO dbcounter [None req-4838d29c-3ea7-4aa1-b316-e5dfd5e5bd77 None None] Registered counter for database glance
Aug 26 00:24:45.377971 np0000032579 devstack@g-api.service[80452]: DEBUG oslo_db.sqlalchemy.engines [None req-9836461e-d437-4040-9cdb-b6a95da2b5ca None None] MySQL server mode set to STRICT_TRANS_TABLES,STRICT_ALL_TABLES,NO_ZERO_IN_DATE,NO_ZERO_DATE,ERROR_FOR_DIVISION_BY_ZERO,TRADITIONAL,NO_ENGINE_SUBSTITUTION {{(pid=80452) _check_effective_sql_mode /opt/stack/data/venv/lib/python3.10/site-packages/oslo_db/sqlalchemy/engines.py:342}}
Aug 26 00:24:45.379630 np0000032579 devstack@g-api.service[80451]: DEBUG oslo_db.sqlalchemy.engines [None req-4838d29c-3ea7-4aa1-b316-e5dfd5e5bd77 None None] MySQL server mode set to STRICT_TRANS_TABLES,STRICT_ALL_TABLES,NO_ZERO_IN_DATE,NO_ZERO_DATE,ERROR_FOR_DIVISION_BY_ZERO,TRADITIONAL,NO_ENGINE_SUBSTITUTION {{(pid=80451) _check_effective_sql_mode /opt/stack/data/venv/lib/python3.10/site-packages/oslo_db/sqlalchemy/engines.py:342}}
Aug 26 00:24:45.395879 np0000032579 devstack@g-api.service[80452]: DEBUG dbcounter [-] [80452] Writer thread running {{(pid=80452) stat_writer /opt/stack/data/venv/lib/python3.10/site-packages/dbcounter.py:102}}
Aug 26 00:24:45.397302 np0000032579 devstack@g-api.service[80451]: DEBUG dbcounter [-] [80451] Writer thread running {{(pid=80451) stat_writer /opt/stack/data/venv/lib/python3.10/site-packages/dbcounter.py:102}}
Aug 26 00:24:45.408006 np0000032579 devstack@g-api.service[80451]: DEBUG glance.image_cache.drivers.centralized_db [None req-4838d29c-3ea7-4aa1-b316-e5dfd5e5bd77 None None] Node reference is already recorded, ignoring it {{(pid=80451) configure /opt/stack/glance/glance/image_cache/drivers/centralized_db.py:71}}
Aug 26 00:24:45.408107 np0000032579 devstack@g-api.service[80452]: INFO glance.image_cache [None req-9836461e-d437-4040-9cdb-b6a95da2b5ca None None] Image cache loaded driver 'centralized_db'.
Aug 26 00:24:45.412955 np0000032579 devstack@g-api.service[80451]: INFO glance.image_cache [None req-4838d29c-3ea7-4aa1-b316-e5dfd5e5bd77 None None] Image cache loaded driver 'centralized_db'.
Aug 26 00:24:45.414228 np0000032579 devstack@g-api.service[80452]: DEBUG glance.image_cache.drivers.centralized_db [None req-9836461e-d437-4040-9cdb-b6a95da2b5ca None None] Node reference is already recorded, ignoring it {{(pid=80452) configure /opt/stack/glance/glance/image_cache/drivers/centralized_db.py:71}}
Aug 26 00:24:45.418576 np0000032579 devstack@g-api.service[80452]: DEBUG glance.api.v2.cached_images [None req-9836461e-d437-4040-9cdb-b6a95da2b5ca None None] Started cache worker thread {{(pid=80452) __init__ /opt/stack/glance/glance/api/v2/cached_images.py:69}}
Aug 26 00:24:45.419023 np0000032579 devstack@g-api.service[80452]: INFO glance.image_cache [None req-9836461e-d437-4040-9cdb-b6a95da2b5ca None None] Image cache loaded driver 'centralized_db'.
Aug 26 00:24:45.419064 np0000032579 devstack@g-api.service[80451]: DEBUG glance.image_cache.drivers.centralized_db [None req-4838d29c-3ea7-4aa1-b316-e5dfd5e5bd77 None None] Node reference is already recorded, ignoring it {{(pid=80451) configure /opt/stack/glance/glance/image_cache/drivers/centralized_db.py:71}}
Aug 26 00:24:45.423389 np0000032579 devstack@g-api.service[80451]: DEBUG glance.api.v2.cached_images [None req-4838d29c-3ea7-4aa1-b316-e5dfd5e5bd77 None None] Started cache worker thread {{(pid=80451) __init__ /opt/stack/glance/glance/api/v2/cached_images.py:69}}
Aug 26 00:24:45.423875 np0000032579 devstack@g-api.service[80451]: INFO glance.image_cache [None req-4838d29c-3ea7-4aa1-b316-e5dfd5e5bd77 None None] Image cache loaded driver 'centralized_db'.
Aug 26 00:24:45.424848 np0000032579 devstack@g-api.service[80452]: DEBUG glance.image_cache.drivers.centralized_db [None req-9836461e-d437-4040-9cdb-b6a95da2b5ca None None] Node reference is already recorded, ignoring it {{(pid=80452) configure /opt/stack/glance/glance/image_cache/drivers/centralized_db.py:71}}
Aug 26 00:24:45.429240 np0000032579 devstack@g-api.service[80452]: INFO glance.api.middleware.cache_manage [None req-9836461e-d437-4040-9cdb-b6a95da2b5ca None None] Initialized image cache management middleware
Aug 26 00:24:45.429380 np0000032579 devstack@g-api.service[80452]: INFO glance.image_cache [None req-9836461e-d437-4040-9cdb-b6a95da2b5ca None None] Image cache loaded driver 'centralized_db'.
Aug 26 00:24:45.429569 np0000032579 devstack@g-api.service[80451]: DEBUG glance.image_cache.drivers.centralized_db [None req-4838d29c-3ea7-4aa1-b316-e5dfd5e5bd77 None None] Node reference is already recorded, ignoring it {{(pid=80451) configure /opt/stack/glance/glance/image_cache/drivers/centralized_db.py:71}}
Aug 26 00:24:45.433965 np0000032579 devstack@g-api.service[80451]: INFO glance.api.middleware.cache_manage [None req-4838d29c-3ea7-4aa1-b316-e5dfd5e5bd77 None None] Initialized image cache management middleware
Aug 26 00:24:45.434095 np0000032579 devstack@g-api.service[80451]: INFO glance.image_cache [None req-4838d29c-3ea7-4aa1-b316-e5dfd5e5bd77 None None] Image cache loaded driver 'centralized_db'.
Aug 26 00:24:45.435918 np0000032579 devstack@g-api.service[80452]: DEBUG glance.image_cache.drivers.centralized_db [None req-9836461e-d437-4040-9cdb-b6a95da2b5ca None None] Node reference is already recorded, ignoring it {{(pid=80452) configure /opt/stack/glance/glance/image_cache/drivers/centralized_db.py:71}}
Aug 26 00:24:45.439341 np0000032579 devstack@g-api.service[80452]: INFO glance.api.middleware.cache [None req-9836461e-d437-4040-9cdb-b6a95da2b5ca None None] Initialized image cache middleware
Aug 26 00:24:45.440715 np0000032579 devstack@g-api.service[80451]: DEBUG glance.image_cache.drivers.centralized_db [None req-4838d29c-3ea7-4aa1-b316-e5dfd5e5bd77 None None] Node reference is already recorded, ignoring it {{(pid=80451) configure /opt/stack/glance/glance/image_cache/drivers/centralized_db.py:71}}
Aug 26 00:24:45.444199 np0000032579 devstack@g-api.service[80451]: INFO glance.api.middleware.cache [None req-4838d29c-3ea7-4aa1-b316-e5dfd5e5bd77 None None] Initialized image cache middleware
Aug 26 00:24:45.444232 np0000032579 devstack@g-api.service[80452]: WARNING keystonemiddleware.auth_token [None req-9836461e-d437-4040-9cdb-b6a95da2b5ca None None] AuthToken middleware is set with keystone_authtoken.service_token_roles_required set to False. This is backwards compatible but deprecated behaviour. Please set this to True.
Aug 26 00:24:45.447888 np0000032579 devstack@g-api.service[80452]: WARNING keystonemiddleware.auth_token [None req-9836461e-d437-4040-9cdb-b6a95da2b5ca None None] Configuring www_authenticate_uri to point to the public identity endpoint is required; clients may not be able to authenticate against an admin endpoint
Aug 26 00:24:45.449055 np0000032579 devstack@g-api.service[80451]: WARNING keystonemiddleware.auth_token [None req-4838d29c-3ea7-4aa1-b316-e5dfd5e5bd77 None None] AuthToken middleware is set with keystone_authtoken.service_token_roles_required set to False. This is backwards compatible but deprecated behaviour. Please set this to True.
Aug 26 00:24:45.450657 np0000032579 devstack@g-api.service[80452]: DEBUG glance.common.config [None req-9836461e-d437-4040-9cdb-b6a95da2b5ca None None] ******************************************************************************** {{(pid=80452) log_opt_values /opt/stack/data/venv/lib/python3.10/site-packages/oslo_config/cfg.py:2806}}
Aug 26 00:24:45.450740 np0000032579 devstack@g-api.service[80452]: DEBUG glance.common.config [None req-9836461e-d437-4040-9cdb-b6a95da2b5ca None None] Configuration options gathered from: {{(pid=80452) log_opt_values /opt/stack/data/venv/lib/python3.10/site-packages/oslo_config/cfg.py:2807}}
Aug 26 00:24:45.450962 np0000032579 devstack@g-api.service[80452]: DEBUG glance.common.config [None req-9836461e-d437-4040-9cdb-b6a95da2b5ca None None] command line args: [] {{(pid=80452) log_opt_values /opt/stack/data/venv/lib/python3.10/site-packages/oslo_config/cfg.py:2808}}
Aug 26 00:24:45.451072 np0000032579 devstack@g-api.service[80452]: DEBUG glance.common.config [None req-9836461e-d437-4040-9cdb-b6a95da2b5ca None None] config files: ['/etc/glance/glance-image-import.conf', '/etc/glance/glance-api.conf'] {{(pid=80452) log_opt_values /opt/stack/data/venv/lib/python3.10/site-packages/oslo_config/cfg.py:2809}}
Aug 26 00:24:45.451136 np0000032579 devstack@g-api.service[80452]: DEBUG glance.common.config [None req-9836461e-d437-4040-9cdb-b6a95da2b5ca None None] ================================================================================ {{(pid=80452) log_opt_values /opt/stack/data/venv/lib/python3.10/site-packages/oslo_config/cfg.py:2811}}
Aug 26 00:24:45.451245 np0000032579 devstack@g-api.service[80452]: DEBUG glance.common.config [None req-9836461e-d437-4040-9cdb-b6a95da2b5ca None None] allow_anonymous_access         = False {{(pid=80452) log_opt_values /opt/stack/data/venv/lib/python3.10/site-packages/oslo_config/cfg.py:2819}}
Aug 26 00:24:45.451336 np0000032579 devstack@g-api.service[80452]: DEBUG glance.common.config [None req-9836461e-d437-4040-9cdb-b6a95da2b5ca None None] api_limit_max                  = 1000 {{(pid=80452) log_opt_values /opt/stack/data/venv/lib/python3.10/site-packages/oslo_config/cfg.py:2819}}
Aug 26 00:24:45.451426 np0000032579 devstack@g-api.service[80452]: DEBUG glance.common.config [None req-9836461e-d437-4040-9cdb-b6a95da2b5ca None None] backlog                        = 4096 {{(pid=80452) log_opt_values /opt/stack/data/venv/lib/python3.10/site-packages/oslo_config/cfg.py:2819}}
Aug 26 00:24:45.451534 np0000032579 devstack@g-api.service[80452]: DEBUG glance.common.config [None req-9836461e-d437-4040-9cdb-b6a95da2b5ca None None] bind_host                      = 0.0.0.0 {{(pid=80452) log_opt_values /opt/stack/data/venv/lib/python3.10/site-packages/oslo_config/cfg.py:2819}}
Aug 26 00:24:45.451640 np0000032579 devstack@g-api.service[80452]: DEBUG glance.common.config [None req-9836461e-d437-4040-9cdb-b6a95da2b5ca None None] bind_port                      = 19292 {{(pid=80452) log_opt_values /opt/stack/data/venv/lib/python3.10/site-packages/oslo_config/cfg.py:2819}}
Aug 26 00:24:45.451722 np0000032579 devstack@g-api.service[80452]: DEBUG glance.common.config [None req-9836461e-d437-4040-9cdb-b6a95da2b5ca None None] client_socket_timeout          = 900 {{(pid=80452) log_opt_values /opt/stack/data/venv/lib/python3.10/site-packages/oslo_config/cfg.py:2819}}
Aug 26 00:24:45.451814 np0000032579 devstack@g-api.service[80452]: DEBUG glance.common.config [None req-9836461e-d437-4040-9cdb-b6a95da2b5ca None None] config_dir                     = [] {{(pid=80452) log_opt_values /opt/stack/data/venv/lib/python3.10/site-packages/oslo_config/cfg.py:2819}}
Aug 26 00:24:45.451882 np0000032579 devstack@g-api.service[80452]: DEBUG glance.common.config [None req-9836461e-d437-4040-9cdb-b6a95da2b5ca None None] config_file                    = ['/etc/glance/glance-image-import.conf', '/etc/glance/glance-api.conf'] {{(pid=80452) log_opt_values /opt/stack/data/venv/lib/python3.10/site-packages/oslo_config/cfg.py:2819}}
Aug 26 00:24:45.451971 np0000032579 devstack@g-api.service[80452]: DEBUG glance.common.config [None req-9836461e-d437-4040-9cdb-b6a95da2b5ca None None] config_source                  = [] {{(pid=80452) log_opt_values /opt/stack/data/venv/lib/python3.10/site-packages/oslo_config/cfg.py:2819}}
Aug 26 00:24:45.452062 np0000032579 devstack@g-api.service[80452]: DEBUG glance.common.config [None req-9836461e-d437-4040-9cdb-b6a95da2b5ca None None] control_exchange               = glance {{(pid=80452) log_opt_values /opt/stack/data/venv/lib/python3.10/site-packages/oslo_config/cfg.py:2819}}
Aug 26 00:24:45.452130 np0000032579 devstack@g-api.service[80452]: DEBUG glance.common.config [None req-9836461e-d437-4040-9cdb-b6a95da2b5ca None None] debug                          = True {{(pid=80452) log_opt_values /opt/stack/data/venv/lib/python3.10/site-packages/oslo_config/cfg.py:2819}}
Aug 26 00:24:45.452283 np0000032579 devstack@g-api.service[80452]: DEBUG glance.common.config [None req-9836461e-d437-4040-9cdb-b6a95da2b5ca None None] default_log_levels             = ['amqp=WARN', 'amqplib=WARN', 'boto=WARN', 'qpid=WARN', 'sqlalchemy=WARN', 'suds=INFO', 'oslo.messaging=INFO', 'oslo_messaging=INFO', 'iso8601=WARN', 'requests.packages.urllib3.connectionpool=WARN', 'urllib3.connectionpool=WARN', 'websocket=WARN', 'requests.packages.urllib3.util.retry=WARN', 'urllib3.util.retry=WARN', 'keystonemiddleware=WARN', 'routes.middleware=WARN', 'stevedore=WARN', 'taskflow=WARN', 'keystoneauth=WARN', 'oslo.cache=INFO', 'oslo_policy=INFO', 'dogpile.core.dogpile=INFO'] {{(pid=80452) log_opt_values /opt/stack/data/venv/lib/python3.10/site-packages/oslo_config/cfg.py:2819}}
Aug 26 00:24:45.452376 np0000032579 devstack@g-api.service[80452]: DEBUG glance.common.config [None req-9836461e-d437-4040-9cdb-b6a95da2b5ca None None] default_publisher_id           = image.localhost {{(pid=80452) log_opt_values /opt/stack/data/venv/lib/python3.10/site-packages/oslo_config/cfg.py:2819}}
Aug 26 00:24:45.452463 np0000032579 devstack@g-api.service[80452]: DEBUG glance.common.config [None req-9836461e-d437-4040-9cdb-b6a95da2b5ca None None] delayed_delete                 = False {{(pid=80452) log_opt_values /opt/stack/data/venv/lib/python3.10/site-packages/oslo_config/cfg.py:2819}}
Aug 26 00:24:45.452504 np0000032579 devstack@g-api.service[80451]: WARNING keystonemiddleware.auth_token [None req-4838d29c-3ea7-4aa1-b316-e5dfd5e5bd77 None None] Configuring www_authenticate_uri to point to the public identity endpoint is required; clients may not be able to authenticate against an admin endpoint
Aug 26 00:24:45.452552 np0000032579 devstack@g-api.service[80452]: DEBUG glance.common.config [None req-9836461e-d437-4040-9cdb-b6a95da2b5ca None None] digest_algorithm               = sha256 {{(pid=80452) log_opt_values /opt/stack/data/venv/lib/python3.10/site-packages/oslo_config/cfg.py:2819}}
Aug 26 00:24:45.452638 np0000032579 devstack@g-api.service[80452]: DEBUG glance.common.config [None req-9836461e-d437-4040-9cdb-b6a95da2b5ca None None] disabled_notifications         = [] {{(pid=80452) log_opt_values /opt/stack/data/venv/lib/python3.10/site-packages/oslo_config/cfg.py:2819}}
Aug 26 00:24:45.452724 np0000032579 devstack@g-api.service[80452]: DEBUG glance.common.config [None req-9836461e-d437-4040-9cdb-b6a95da2b5ca None None] do_secure_hash                 = True {{(pid=80452) log_opt_values /opt/stack/data/venv/lib/python3.10/site-packages/oslo_config/cfg.py:2819}}
Aug 26 00:24:45.452810 np0000032579 devstack@g-api.service[80452]: DEBUG glance.common.config [None req-9836461e-d437-4040-9cdb-b6a95da2b5ca None None] enabled_backends               = None {{(pid=80452) log_opt_values /opt/stack/data/venv/lib/python3.10/site-packages/oslo_config/cfg.py:2819}}
Aug 26 00:24:45.452909 np0000032579 devstack@g-api.service[80452]: DEBUG glance.common.config [None req-9836461e-d437-4040-9cdb-b6a95da2b5ca None None] enabled_import_methods         = ['glance-direct', 'web-download', 'copy-image'] {{(pid=80452) log_opt_values /opt/stack/data/venv/lib/python3.10/site-packages/oslo_config/cfg.py:2819}}
Aug 26 00:24:45.453000 np0000032579 devstack@g-api.service[80452]: DEBUG glance.common.config [None req-9836461e-d437-4040-9cdb-b6a95da2b5ca None None] hashing_algorithm              = sha512 {{(pid=80452) log_opt_values /opt/stack/data/venv/lib/python3.10/site-packages/oslo_config/cfg.py:2819}}
Aug 26 00:24:45.453086 np0000032579 devstack@g-api.service[80452]: DEBUG glance.common.config [None req-9836461e-d437-4040-9cdb-b6a95da2b5ca None None] http_keepalive                 = True {{(pid=80452) log_opt_values /opt/stack/data/venv/lib/python3.10/site-packages/oslo_config/cfg.py:2819}}
Aug 26 00:24:45.453172 np0000032579 devstack@g-api.service[80452]: DEBUG glance.common.config [None req-9836461e-d437-4040-9cdb-b6a95da2b5ca None None] http_retries                   = 3 {{(pid=80452) log_opt_values /opt/stack/data/venv/lib/python3.10/site-packages/oslo_config/cfg.py:2819}}
Aug 26 00:24:45.453261 np0000032579 devstack@g-api.service[80452]: DEBUG glance.common.config [None req-9836461e-d437-4040-9cdb-b6a95da2b5ca None None] image_cache_dir                = /opt/stack/data/glance/cache/ {{(pid=80452) log_opt_values /opt/stack/data/venv/lib/python3.10/site-packages/oslo_config/cfg.py:2819}}
Aug 26 00:24:45.453355 np0000032579 devstack@g-api.service[80452]: DEBUG glance.common.config [None req-9836461e-d437-4040-9cdb-b6a95da2b5ca None None] image_cache_driver             = centralized_db {{(pid=80452) log_opt_values /opt/stack/data/venv/lib/python3.10/site-packages/oslo_config/cfg.py:2819}}
Aug 26 00:24:45.453442 np0000032579 devstack@g-api.service[80452]: DEBUG glance.common.config [None req-9836461e-d437-4040-9cdb-b6a95da2b5ca None None] image_cache_max_size           = 10737418240 {{(pid=80452) log_opt_values /opt/stack/data/venv/lib/python3.10/site-packages/oslo_config/cfg.py:2819}}
Aug 26 00:24:45.453532 np0000032579 devstack@g-api.service[80452]: DEBUG glance.common.config [None req-9836461e-d437-4040-9cdb-b6a95da2b5ca None None] image_cache_sqlite_db          = cache.db {{(pid=80452) log_opt_values /opt/stack/data/venv/lib/python3.10/site-packages/oslo_config/cfg.py:2819}}
Aug 26 00:24:45.453619 np0000032579 devstack@g-api.service[80452]: DEBUG glance.common.config [None req-9836461e-d437-4040-9cdb-b6a95da2b5ca None None] image_cache_stall_time         = 86400 {{(pid=80452) log_opt_values /opt/stack/data/venv/lib/python3.10/site-packages/oslo_config/cfg.py:2819}}
Aug 26 00:24:45.453705 np0000032579 devstack@g-api.service[80452]: DEBUG glance.common.config [None req-9836461e-d437-4040-9cdb-b6a95da2b5ca None None] image_location_quota           = 10 {{(pid=80452) log_opt_values /opt/stack/data/venv/lib/python3.10/site-packages/oslo_config/cfg.py:2819}}
Aug 26 00:24:45.453789 np0000032579 devstack@g-api.service[80452]: DEBUG glance.common.config [None req-9836461e-d437-4040-9cdb-b6a95da2b5ca None None] image_member_quota             = 128 {{(pid=80452) log_opt_values /opt/stack/data/venv/lib/python3.10/site-packages/oslo_config/cfg.py:2819}}
Aug 26 00:24:45.453887 np0000032579 devstack@g-api.service[80452]: DEBUG glance.common.config [None req-9836461e-d437-4040-9cdb-b6a95da2b5ca None None] image_property_quota           = 128 {{(pid=80452) log_opt_values /opt/stack/data/venv/lib/python3.10/site-packages/oslo_config/cfg.py:2819}}
Aug 26 00:24:45.453972 np0000032579 devstack@g-api.service[80452]: DEBUG glance.common.config [None req-9836461e-d437-4040-9cdb-b6a95da2b5ca None None] image_size_cap                 = 1099511627776 {{(pid=80452) log_opt_values /opt/stack/data/venv/lib/python3.10/site-packages/oslo_config/cfg.py:2819}}
Aug 26 00:24:45.454057 np0000032579 devstack@g-api.service[80452]: DEBUG glance.common.config [None req-9836461e-d437-4040-9cdb-b6a95da2b5ca None None] image_tag_quota                = 128 {{(pid=80452) log_opt_values /opt/stack/data/venv/lib/python3.10/site-packages/oslo_config/cfg.py:2819}}
Aug 26 00:24:45.454144 np0000032579 devstack@g-api.service[80452]: DEBUG glance.common.config [None req-9836461e-d437-4040-9cdb-b6a95da2b5ca None None] instance_format                = [instance: %(uuid)s]  {{(pid=80452) log_opt_values /opt/stack/data/venv/lib/python3.10/site-packages/oslo_config/cfg.py:2819}}
Aug 26 00:24:45.454233 np0000032579 devstack@g-api.service[80452]: DEBUG glance.common.config [None req-9836461e-d437-4040-9cdb-b6a95da2b5ca None None] instance_uuid_format           = [instance: %(uuid)s]  {{(pid=80452) log_opt_values /opt/stack/data/venv/lib/python3.10/site-packages/oslo_config/cfg.py:2819}}
Aug 26 00:24:45.454317 np0000032579 devstack@g-api.service[80452]: DEBUG glance.common.config [None req-9836461e-d437-4040-9cdb-b6a95da2b5ca None None] limit_param_default            = 25 {{(pid=80452) log_opt_values /opt/stack/data/venv/lib/python3.10/site-packages/oslo_config/cfg.py:2819}}
Aug 26 00:24:45.454414 np0000032579 devstack@g-api.service[80452]: DEBUG glance.common.config [None req-9836461e-d437-4040-9cdb-b6a95da2b5ca None None] log_color                      = False {{(pid=80452) log_opt_values /opt/stack/data/venv/lib/python3.10/site-packages/oslo_config/cfg.py:2819}}
Aug 26 00:24:45.454506 np0000032579 devstack@g-api.service[80452]: DEBUG glance.common.config [None req-9836461e-d437-4040-9cdb-b6a95da2b5ca None None] log_config_append              = None {{(pid=80452) log_opt_values /opt/stack/data/venv/lib/python3.10/site-packages/oslo_config/cfg.py:2819}}
Aug 26 00:24:45.454595 np0000032579 devstack@g-api.service[80452]: DEBUG glance.common.config [None req-9836461e-d437-4040-9cdb-b6a95da2b5ca None None] log_date_format                = %Y-%m-%d %H:%M:%S {{(pid=80452) log_opt_values /opt/stack/data/venv/lib/python3.10/site-packages/oslo_config/cfg.py:2819}}
Aug 26 00:24:45.454680 np0000032579 devstack@g-api.service[80452]: DEBUG glance.common.config [None req-9836461e-d437-4040-9cdb-b6a95da2b5ca None None] log_dir                        = None {{(pid=80452) log_opt_values /opt/stack/data/venv/lib/python3.10/site-packages/oslo_config/cfg.py:2819}}
Aug 26 00:24:45.454767 np0000032579 devstack@g-api.service[80452]: DEBUG glance.common.config [None req-9836461e-d437-4040-9cdb-b6a95da2b5ca None None] log_file                       = None {{(pid=80452) log_opt_values /opt/stack/data/venv/lib/python3.10/site-packages/oslo_config/cfg.py:2819}}
Aug 26 00:24:45.454853 np0000032579 devstack@g-api.service[80452]: DEBUG glance.common.config [None req-9836461e-d437-4040-9cdb-b6a95da2b5ca None None] log_rotate_interval            = 1 {{(pid=80452) log_opt_values /opt/stack/data/venv/lib/python3.10/site-packages/oslo_config/cfg.py:2819}}
Aug 26 00:24:45.454943 np0000032579 devstack@g-api.service[80452]: DEBUG glance.common.config [None req-9836461e-d437-4040-9cdb-b6a95da2b5ca None None] log_rotate_interval_type       = days {{(pid=80452) log_opt_values /opt/stack/data/venv/lib/python3.10/site-packages/oslo_config/cfg.py:2819}}
Aug 26 00:24:45.455033 np0000032579 devstack@g-api.service[80452]: DEBUG glance.common.config [None req-9836461e-d437-4040-9cdb-b6a95da2b5ca None None] log_rotation_type              = none {{(pid=80452) log_opt_values /opt/stack/data/venv/lib/python3.10/site-packages/oslo_config/cfg.py:2819}}
Aug 26 00:24:45.455099 np0000032579 devstack@g-api.service[80452]: DEBUG glance.common.config [None req-9836461e-d437-4040-9cdb-b6a95da2b5ca None None] logging_context_format_string  = %(color)s%(levelname)s %(name)s [%(global_request_id)s %(request_id)s %(project_name)s %(user_name)s%(color)s] %(instance)s%(color)s%(message)s {{(pid=80452) log_opt_values /opt/stack/data/venv/lib/python3.10/site-packages/oslo_config/cfg.py:2819}}
Aug 26 00:24:45.455158 np0000032579 devstack@g-api.service[80451]: DEBUG glance.common.config [None req-4838d29c-3ea7-4aa1-b316-e5dfd5e5bd77 None None] ******************************************************************************** {{(pid=80451) log_opt_values /opt/stack/data/venv/lib/python3.10/site-packages/oslo_config/cfg.py:2806}}
Aug 26 00:24:45.455181 np0000032579 devstack@g-api.service[80452]: DEBUG glance.common.config [None req-9836461e-d437-4040-9cdb-b6a95da2b5ca None None] logging_debug_format_suffix    = {{(pid=%(process)d) %(funcName)s %(pathname)s:%(lineno)d}} {{(pid=80452) log_opt_values /opt/stack/data/venv/lib/python3.10/site-packages/oslo_config/cfg.py:2819}}
Aug 26 00:24:45.455238 np0000032579 devstack@g-api.service[80451]: DEBUG glance.common.config [None req-4838d29c-3ea7-4aa1-b316-e5dfd5e5bd77 None None] Configuration options gathered from: {{(pid=80451) log_opt_values /opt/stack/data/venv/lib/python3.10/site-packages/oslo_config/cfg.py:2807}}
Aug 26 00:24:45.455264 np0000032579 devstack@g-api.service[80452]: DEBUG glance.common.config [None req-9836461e-d437-4040-9cdb-b6a95da2b5ca None None] logging_default_format_string  = %(color)s%(levelname)s %(name)s [-%(color)s] %(instance)s%(color)s%(message)s {{(pid=80452) log_opt_values /opt/stack/data/venv/lib/python3.10/site-packages/oslo_config/cfg.py:2819}}
Aug 26 00:24:45.455336 np0000032579 devstack@g-api.service[80452]: DEBUG glance.common.config [None req-9836461e-d437-4040-9cdb-b6a95da2b5ca None None] logging_exception_prefix       = ERROR %(name)s %(instance)s {{(pid=80452) log_opt_values /opt/stack/data/venv/lib/python3.10/site-packages/oslo_config/cfg.py:2819}}
Aug 26 00:24:45.455403 np0000032579 devstack@g-api.service[80452]: DEBUG glance.common.config [None req-9836461e-d437-4040-9cdb-b6a95da2b5ca None None] logging_user_identity_format   = %(user)s %(project)s %(domain)s %(system_scope)s %(user_domain)s %(project_domain)s {{(pid=80452) log_opt_values /opt/stack/data/venv/lib/python3.10/site-packages/oslo_config/cfg.py:2819}}
Aug 26 00:24:45.455488 np0000032579 devstack@g-api.service[80452]: DEBUG glance.common.config [None req-9836461e-d437-4040-9cdb-b6a95da2b5ca None None] max_header_line                = 16384 {{(pid=80452) log_opt_values /opt/stack/data/venv/lib/python3.10/site-packages/oslo_config/cfg.py:2819}}
Aug 26 00:24:45.455572 np0000032579 devstack@g-api.service[80452]: DEBUG glance.common.config [None req-9836461e-d437-4040-9cdb-b6a95da2b5ca None None] max_logfile_count              = 30 {{(pid=80452) log_opt_values /opt/stack/data/venv/lib/python3.10/site-packages/oslo_config/cfg.py:2819}}
Aug 26 00:24:45.455596 np0000032579 devstack@g-api.service[80451]: DEBUG glance.common.config [None req-4838d29c-3ea7-4aa1-b316-e5dfd5e5bd77 None None] command line args: [] {{(pid=80451) log_opt_values /opt/stack/data/venv/lib/python3.10/site-packages/oslo_config/cfg.py:2808}}
