Aug 22 07:22:06.318625 np0000032571 devstack@placement-api.service[75368]: DEBUG placement.requestlog [req-1f2fd3c2-de53-4254-adce-db07c63e38b3 req-8f3b2eec-7f75-4c87-98a2-9e9c78a252e7 None None] Starting request: 192.168.1.122 "GET /placement/allocation_candidates?limit=1000&resources=DISK_GB%3A5%2CMEMORY_MB%3A1024%2CVCPU%3A1&root_required=%21COMPUTE_STATUS_DISABLED" {{(pid=75368) __call__ /opt/stack/placement/placement/requestlog.py:55}}
Aug 22 07:22:06.425054 np0000032571 devstack@placement-api.service[75368]: DEBUG placement.objects.research_context [req-1f2fd3c2-de53-4254-adce-db07c63e38b3 req-8f3b2eec-7f75-4c87-98a2-9e9c78a252e7 service nova] getting providers with 5 DISK_GB {{(pid=75368) __init__ /opt/stack/placement/placement/objects/research_context.py:137}}
Aug 22 07:22:06.429689 np0000032571 devstack@placement-api.service[75368]: DEBUG placement.objects.research_context [req-1f2fd3c2-de53-4254-adce-db07c63e38b3 req-8f3b2eec-7f75-4c87-98a2-9e9c78a252e7 service nova] getting providers with 1024 MEMORY_MB {{(pid=75368) __init__ /opt/stack/placement/placement/objects/research_context.py:137}}
Aug 22 07:22:06.432348 np0000032571 devstack@placement-api.service[75368]: DEBUG placement.objects.research_context [req-1f2fd3c2-de53-4254-adce-db07c63e38b3 req-8f3b2eec-7f75-4c87-98a2-9e9c78a252e7 service nova] getting providers with 1 VCPU {{(pid=75368) __init__ /opt/stack/placement/placement/objects/research_context.py:137}}
Aug 22 07:22:06.434715 np0000032571 devstack@placement-api.service[75368]: DEBUG placement.objects.research_context [req-1f2fd3c2-de53-4254-adce-db07c63e38b3 req-8f3b2eec-7f75-4c87-98a2-9e9c78a252e7 service nova] found 1 providers with available 5 DISK_GB {{(pid=75368) get_provider_ids_matching /opt/stack/placement/placement/objects/research_context.py:569}}
Aug 22 07:22:06.434866 np0000032571 devstack@placement-api.service[75368]: DEBUG placement.objects.research_context [req-1f2fd3c2-de53-4254-adce-db07c63e38b3 req-8f3b2eec-7f75-4c87-98a2-9e9c78a252e7 service nova] found 1 providers with available 1024 MEMORY_MB {{(pid=75368) get_provider_ids_matching /opt/stack/placement/placement/objects/research_context.py:569}}
Aug 22 07:22:06.435124 np0000032571 devstack@placement-api.service[75368]: DEBUG placement.objects.research_context [req-1f2fd3c2-de53-4254-adce-db07c63e38b3 req-8f3b2eec-7f75-4c87-98a2-9e9c78a252e7 service nova] found 1 providers after filtering by previous result {{(pid=75368) get_provider_ids_matching /opt/stack/placement/placement/objects/research_context.py:600}}
Aug 22 07:22:06.435252 np0000032571 devstack@placement-api.service[75368]: DEBUG placement.objects.research_context [req-1f2fd3c2-de53-4254-adce-db07c63e38b3 req-8f3b2eec-7f75-4c87-98a2-9e9c78a252e7 service nova] found 1 providers with available 1 VCPU {{(pid=75368) get_provider_ids_matching /opt/stack/placement/placement/objects/research_context.py:569}}
Aug 22 07:22:06.435436 np0000032571 devstack@placement-api.service[75368]: DEBUG placement.objects.research_context [req-1f2fd3c2-de53-4254-adce-db07c63e38b3 req-8f3b2eec-7f75-4c87-98a2-9e9c78a252e7 service nova] found 1 providers after filtering by previous result {{(pid=75368) get_provider_ids_matching /opt/stack/placement/placement/objects/research_context.py:600}}
Aug 22 07:22:06.443273 np0000032571 devstack@placement-api.service[75368]: DEBUG placement.objects.allocation_candidate [req-1f2fd3c2-de53-4254-adce-db07c63e38b3 req-8f3b2eec-7f75-4c87-98a2-9e9c78a252e7 service nova] RequestGroup(use_same_provider=False, resources={DISK_GB:5, MEMORY_MB:1024, VCPU:1}, traits=(), aggregates=[]) (suffix '') returned 1 matches {{(pid=75368) _get_by_requests /opt/stack/placement/placement/objects/allocation_candidate.py:157}}
Aug 22 07:22:06.443664 np0000032571 devstack@placement-api.service[75368]: DEBUG placement.objects.allocation_candidate [req-1f2fd3c2-de53-4254-adce-db07c63e38b3 req-8f3b2eec-7f75-4c87-98a2-9e9c78a252e7 service nova] Merging candidates yields 1 allocation requests and 1 provider summaries {{(pid=75368) _merge_candidates /opt/stack/placement/placement/objects/allocation_candidate.py:841}}
Aug 22 07:22:06.444654 np0000032571 devstack@placement-api.service[75368]: INFO placement.requestlog [req-1f2fd3c2-de53-4254-adce-db07c63e38b3 req-8f3b2eec-7f75-4c87-98a2-9e9c78a252e7 service nova] 192.168.1.122 "GET /placement/allocation_candidates?limit=1000&resources=DISK_GB%3A5%2CMEMORY_MB%3A1024%2CVCPU%3A1&root_required=%21COMPUTE_STATUS_DISABLED" status: 200 len: 2086 microversion: 1.36
Aug 22 07:22:06.444965 np0000032571 devstack@placement-api.service[75368]: [pid: 75368|app: 0|req: 10/21] 192.168.1.122 () {68 vars in 1650 bytes} [Fri Aug 22 07:22:06 2025] GET /placement/allocation_candidates?limit=1000&resources=DISK_GB%3A5%2CMEMORY_MB%3A1024%2CVCPU%3A1&root_required=%21COMPUTE_STATUS_DISABLED => generated 2086 bytes in 126 msecs (HTTP/1.1 200) 8 headers in 297 bytes (1 switches on core 0)
Aug 22 07:22:06.502742 np0000032571 devstack@placement-api.service[75367]: DEBUG placement.requestlog [req-1f2fd3c2-de53-4254-adce-db07c63e38b3 req-34d243a9-056e-4188-bca6-6d7d76ad26bc None None] Starting request: 192.168.1.122 "GET /placement/allocations/b68d5dff-f6b4-44f4-b66c-5a9a5b5ab656" {{(pid=75367) __call__ /opt/stack/placement/placement/requestlog.py:55}}
Aug 22 07:22:06.509871 np0000032571 devstack@placement-api.service[75367]: INFO placement.requestlog [req-1f2fd3c2-de53-4254-adce-db07c63e38b3 req-34d243a9-056e-4188-bca6-6d7d76ad26bc service nova] 192.168.1.122 "GET /placement/allocations/b68d5dff-f6b4-44f4-b66c-5a9a5b5ab656" status: 200 len: 19 microversion: 1.28
Aug 22 07:22:06.510086 np0000032571 devstack@placement-api.service[75367]: [pid: 75367|app: 0|req: 12/22] 192.168.1.122 () {68 vars in 1524 bytes} [Fri Aug 22 07:22:06 2025] GET /placement/allocations/b68d5dff-f6b4-44f4-b66c-5a9a5b5ab656 => generated 19 bytes in 7 msecs (HTTP/1.1 200) 8 headers in 295 bytes (1 switches on core 0)
Aug 22 07:22:06.515695 np0000032571 devstack@placement-api.service[75368]: DEBUG placement.requestlog [req-1f2fd3c2-de53-4254-adce-db07c63e38b3 req-cded1aae-7601-45ae-a71f-9096aaab55b2 None None] Starting request: 192.168.1.122 "PUT /placement/allocations/b68d5dff-f6b4-44f4-b66c-5a9a5b5ab656" {{(pid=75368) __call__ /opt/stack/placement/placement/requestlog.py:55}}
Aug 22 07:22:06.575230 np0000032571 devstack@placement-api.service[75368]: DEBUG placement.handlers.allocation [req-1f2fd3c2-de53-4254-adce-db07c63e38b3 req-cded1aae-7601-45ae-a71f-9096aaab55b2 service nova] Successfully wrote allocations [<placement.objects.allocation.Allocation object at 0x7f6f1ccdfee0>, <placement.objects.allocation.Allocation object at 0x7f6f1ccdfeb0>, <placement.objects.allocation.Allocation object at 0x7f6f1ccdd780>] {{(pid=75368) _update_consumers_and_create_allocations /opt/stack/placement/placement/handlers/allocation.py:462}}
Aug 22 07:22:06.578002 np0000032571 devstack@placement-api.service[75368]: INFO placement.requestlog [req-1f2fd3c2-de53-4254-adce-db07c63e38b3 req-cded1aae-7601-45ae-a71f-9096aaab55b2 service nova] 192.168.1.122 "PUT /placement/allocations/b68d5dff-f6b4-44f4-b66c-5a9a5b5ab656" status: 204 len: 0 microversion: 1.36
Aug 22 07:22:06.578313 np0000032571 devstack@placement-api.service[75368]: [pid: 75368|app: 0|req: 11/23] 192.168.1.122 () {72 vars in 1577 bytes} [Fri Aug 22 07:22:06 2025] PUT /placement/allocations/b68d5dff-f6b4-44f4-b66c-5a9a5b5ab656 => generated 0 bytes in 63 msecs (HTTP/1.1 204) 5 headers in 199 bytes (1 switches on core 0)
Aug 22 07:22:07.977242 np0000032571 devstack@placement-api.service[75367]: DEBUG placement.requestlog [req-1f2fd3c2-de53-4254-adce-db07c63e38b3 req-2cfdc0ce-39be-47be-b174-0e1061e49d6c None None] Starting request: 192.168.1.122 "GET /placement/allocations/b68d5dff-f6b4-44f4-b66c-5a9a5b5ab656" {{(pid=75367) __call__ /opt/stack/placement/placement/requestlog.py:55}}
Aug 22 07:22:07.983913 np0000032571 devstack@placement-api.service[75367]: INFO placement.requestlog [req-1f2fd3c2-de53-4254-adce-db07c63e38b3 req-2cfdc0ce-39be-47be-b174-0e1061e49d6c service nova] 192.168.1.122 "GET /placement/allocations/b68d5dff-f6b4-44f4-b66c-5a9a5b5ab656" status: 200 len: 258 microversion: 1.28
Aug 22 07:22:07.984338 np0000032571 devstack@placement-api.service[75367]: [pid: 75367|app: 0|req: 13/24] 192.168.1.122 () {68 vars in 1522 bytes} [Fri Aug 22 07:22:07 2025] GET /placement/allocations/b68d5dff-f6b4-44f4-b66c-5a9a5b5ab656 => generated 258 bytes in 7 msecs (HTTP/1.1 200) 8 headers in 296 bytes (1 switches on core 0)
Aug 22 07:22:08.999246 np0000032571 devstack@placement-api.service[75368]: DEBUG placement.requestlog [req-1f2fd3c2-de53-4254-adce-db07c63e38b3 req-19032d07-7496-4d23-b70b-2eff6cde69e8 None None] Starting request: 192.168.1.122 "GET /placement/resource_providers/7fd5fe4e-7ad9-40ff-9e2e-fdd48a4ae2d3/allocations" {{(pid=75368) __call__ /opt/stack/placement/placement/requestlog.py:55}}
Aug 22 07:22:09.007003 np0000032571 devstack@placement-api.service[75368]: INFO placement.requestlog [req-1f2fd3c2-de53-4254-adce-db07c63e38b3 req-19032d07-7496-4d23-b70b-2eff6cde69e8 service nova] 192.168.1.122 "GET /placement/resource_providers/7fd5fe4e-7ad9-40ff-9e2e-fdd48a4ae2d3/allocations" status: 200 len: 153 microversion: 1.0
Aug 22 07:22:09.007159 np0000032571 devstack@placement-api.service[75368]: [pid: 75368|app: 0|req: 12/25] 192.168.1.122 () {66 vars in 1535 bytes} [Fri Aug 22 07:22:08 2025] GET /placement/resource_providers/7fd5fe4e-7ad9-40ff-9e2e-fdd48a4ae2d3/allocations => generated 153 bytes in 8 msecs (HTTP/1.1 200) 6 headers in 224 bytes (1 switches on core 0)
Aug 22 07:22:09.012184 np0000032571 devstack@placement-api.service[75367]: DEBUG placement.requestlog [req-1f2fd3c2-de53-4254-adce-db07c63e38b3 req-0be555ec-db2d-45bb-bf63-4c2ebcff17a2 None None] Starting request: 192.168.1.122 "GET /placement/allocations/b68d5dff-f6b4-44f4-b66c-5a9a5b5ab656" {{(pid=75367) __call__ /opt/stack/placement/placement/requestlog.py:55}}
Aug 22 07:22:09.018300 np0000032571 devstack@placement-api.service[75367]: INFO placement.requestlog [req-1f2fd3c2-de53-4254-adce-db07c63e38b3 req-0be555ec-db2d-45bb-bf63-4c2ebcff17a2 service nova] 192.168.1.122 "GET /placement/allocations/b68d5dff-f6b4-44f4-b66c-5a9a5b5ab656" status: 200 len: 258 microversion: 1.28
Aug 22 07:22:09.018523 np0000032571 devstack@placement-api.service[75367]: [pid: 75367|app: 0|req: 14/26] 192.168.1.122 () {68 vars in 1522 bytes} [Fri Aug 22 07:22:09 2025] GET /placement/allocations/b68d5dff-f6b4-44f4-b66c-5a9a5b5ab656 => generated 258 bytes in 6 msecs (HTTP/1.1 200) 8 headers in 296 bytes (1 switches on core 0)
Aug 22 07:22:18.695952 np0000032571 devstack@placement-api.service[75368]: DEBUG placement.requestlog [req-2f0c4dcb-fc3f-4578-a94c-5961bcb1b51f req-1bacc753-8eb8-4619-bda7-a9aa2f2b1e0f None None] Starting request: 192.168.1.122 "GET /placement/resource_providers/7fd5fe4e-7ad9-40ff-9e2e-fdd48a4ae2d3/allocations" {{(pid=75368) __call__ /opt/stack/placement/placement/requestlog.py:55}}
Aug 22 07:22:18.703612 np0000032571 devstack@placement-api.service[75368]: INFO placement.requestlog [req-2f0c4dcb-fc3f-4578-a94c-5961bcb1b51f req-1bacc753-8eb8-4619-bda7-a9aa2f2b1e0f service nova] 192.168.1.122 "GET /placement/resource_providers/7fd5fe4e-7ad9-40ff-9e2e-fdd48a4ae2d3/allocations" status: 200 len: 153 microversion: 1.0
Aug 22 07:22:18.703766 np0000032571 devstack@placement-api.service[75368]: [pid: 75368|app: 0|req: 13/27] 192.168.1.122 () {66 vars in 1535 bytes} [Fri Aug 22 07:22:18 2025] GET /placement/resource_providers/7fd5fe4e-7ad9-40ff-9e2e-fdd48a4ae2d3/allocations => generated 153 bytes in 8 msecs (HTTP/1.1 200) 6 headers in 224 bytes (1 switches on core 0)
Aug 22 07:22:18.710050 np0000032571 devstack@placement-api.service[75367]: DEBUG placement.requestlog [req-2f0c4dcb-fc3f-4578-a94c-5961bcb1b51f req-f53c64d5-eade-4c02-abc0-1bfab2c99c6e None None] Starting request: 192.168.1.122 "GET /placement/resource_providers/7fd5fe4e-7ad9-40ff-9e2e-fdd48a4ae2d3/allocations" {{(pid=75367) __call__ /opt/stack/placement/placement/requestlog.py:55}}
Aug 22 07:22:18.718324 np0000032571 devstack@placement-api.service[75367]: INFO placement.requestlog [req-2f0c4dcb-fc3f-4578-a94c-5961bcb1b51f req-f53c64d5-eade-4c02-abc0-1bfab2c99c6e service nova] 192.168.1.122 "GET /placement/resource_providers/7fd5fe4e-7ad9-40ff-9e2e-fdd48a4ae2d3/allocations" status: 200 len: 153 microversion: 1.0
Aug 22 07:22:18.718507 np0000032571 devstack@placement-api.service[75367]: [pid: 75367|app: 0|req: 15/28] 192.168.1.122 () {66 vars in 1535 bytes} [Fri Aug 22 07:22:18 2025] GET /placement/resource_providers/7fd5fe4e-7ad9-40ff-9e2e-fdd48a4ae2d3/allocations => generated 153 bytes in 8 msecs (HTTP/1.1 200) 6 headers in 224 bytes (1 switches on core 0)
Aug 22 07:22:18.723391 np0000032571 devstack@placement-api.service[75368]: DEBUG placement.requestlog [req-2f0c4dcb-fc3f-4578-a94c-5961bcb1b51f req-c5feda2c-8c4e-4f9e-8408-d968f2a599ce None None] Starting request: 192.168.1.122 "GET /placement/allocations/b68d5dff-f6b4-44f4-b66c-5a9a5b5ab656" {{(pid=75368) __call__ /opt/stack/placement/placement/requestlog.py:55}}
Aug 22 07:22:18.729422 np0000032571 devstack@placement-api.service[75368]: INFO placement.requestlog [req-2f0c4dcb-fc3f-4578-a94c-5961bcb1b51f req-c5feda2c-8c4e-4f9e-8408-d968f2a599ce service nova] 192.168.1.122 "GET /placement/allocations/b68d5dff-f6b4-44f4-b66c-5a9a5b5ab656" status: 200 len: 258 microversion: 1.28
Aug 22 07:22:18.729562 np0000032571 devstack@placement-api.service[75368]: [pid: 75368|app: 0|req: 14/29] 192.168.1.122 () {68 vars in 1522 bytes} [Fri Aug 22 07:22:18 2025] GET /placement/allocations/b68d5dff-f6b4-44f4-b66c-5a9a5b5ab656 => generated 258 bytes in 6 msecs (HTTP/1.1 200) 8 headers in 296 bytes (1 switches on core 0)
Aug 22 07:22:28.717490 np0000032571 devstack@placement-api.service[75367]: DEBUG dbcounter [-] [75367] Writing DB stats placement:SELECT=8 {{(pid=75367) stat_writer /opt/stack/data/venv/lib/python3.10/site-packages/dbcounter.py:115}}
Aug 22 07:22:28.728722 np0000032571 devstack@placement-api.service[75368]: DEBUG dbcounter [-] [75368] Writing DB stats placement:SELECT=26,placement:INSERT=6,placement:DELETE=2,placement:UPDATE=2 {{(pid=75368) stat_writer /opt/stack/data/venv/lib/python3.10/site-packages/dbcounter.py:115}}
Aug 22 07:23:17.601984 np0000032571 devstack@placement-api.service[75367]: DEBUG placement.requestlog [req-0fd20ab5-28a0-4837-bae3-2336c204c139 req-2e9e9792-994d-450e-8b63-ebad5d0e4381 None None] Starting request: 192.168.1.122 "GET /placement/resource_providers/7fd5fe4e-7ad9-40ff-9e2e-fdd48a4ae2d3/allocations" {{(pid=75367) __call__ /opt/stack/placement/placement/requestlog.py:55}}
Aug 22 07:23:17.694696 np0000032571 devstack@placement-api.service[75367]: INFO placement.requestlog [req-0fd20ab5-28a0-4837-bae3-2336c204c139 req-2e9e9792-994d-450e-8b63-ebad5d0e4381 service nova] 192.168.1.122 "GET /placement/resource_providers/7fd5fe4e-7ad9-40ff-9e2e-fdd48a4ae2d3/allocations" status: 200 len: 153 microversion: 1.0
Aug 22 07:23:17.695010 np0000032571 devstack@placement-api.service[75367]: [pid: 75367|app: 0|req: 16/30] 192.168.1.122 () {66 vars in 1535 bytes} [Fri Aug 22 07:23:17 2025] GET /placement/resource_providers/7fd5fe4e-7ad9-40ff-9e2e-fdd48a4ae2d3/allocations => generated 153 bytes in 93 msecs (HTTP/1.1 200) 6 headers in 224 bytes (1 switches on core 0)
Aug 22 07:23:17.702094 np0000032571 devstack@placement-api.service[75368]: DEBUG placement.requestlog [req-0fd20ab5-28a0-4837-bae3-2336c204c139 req-deed91ab-6a88-4181-be8f-df619696207b None None] Starting request: 192.168.1.122 "GET /placement/resource_providers?in_tree=7fd5fe4e-7ad9-40ff-9e2e-fdd48a4ae2d3" {{(pid=75368) __call__ /opt/stack/placement/placement/requestlog.py:55}}
Aug 22 07:23:17.711849 np0000032571 devstack@placement-api.service[75368]: INFO placement.requestlog [req-0fd20ab5-28a0-4837-bae3-2336c204c139 req-deed91ab-6a88-4181-be8f-df619696207b service nova] 192.168.1.122 "GET /placement/resource_providers?in_tree=7fd5fe4e-7ad9-40ff-9e2e-fdd48a4ae2d3" status: 200 len: 861 microversion: 1.14
Aug 22 07:23:17.712008 np0000032571 devstack@placement-api.service[75368]: [pid: 75368|app: 0|req: 15/31] 192.168.1.122 () {68 vars in 1521 bytes} [Fri Aug 22 07:23:17 2025] GET /placement/resource_providers?in_tree=7fd5fe4e-7ad9-40ff-9e2e-fdd48a4ae2d3 => generated 861 bytes in 10 msecs (HTTP/1.1 200) 6 headers in 225 bytes (1 switches on core 0)
Aug 22 07:23:17.717368 np0000032571 devstack@placement-api.service[75367]: DEBUG placement.requestlog [req-0fd20ab5-28a0-4837-bae3-2336c204c139 req-3e749974-7899-4b68-bb51-5b6a01b63695 None None] Starting request: 192.168.1.122 "GET /placement/resource_providers/7fd5fe4e-7ad9-40ff-9e2e-fdd48a4ae2d3/inventories" {{(pid=75367) __call__ /opt/stack/placement/placement/requestlog.py:55}}
Aug 22 07:23:17.725184 np0000032571 devstack@placement-api.service[75367]: INFO placement.requestlog [req-0fd20ab5-28a0-4837-bae3-2336c204c139 req-3e749974-7899-4b68-bb51-5b6a01b63695 service nova] 192.168.1.122 "GET /placement/resource_providers/7fd5fe4e-7ad9-40ff-9e2e-fdd48a4ae2d3/inventories" status: 200 len: 396 microversion: 1.0
Aug 22 07:23:17.725597 np0000032571 devstack@placement-api.service[75367]: [pid: 75367|app: 0|req: 17/32] 192.168.1.122 () {66 vars in 1535 bytes} [Fri Aug 22 07:23:17 2025] GET /placement/resource_providers/7fd5fe4e-7ad9-40ff-9e2e-fdd48a4ae2d3/inventories => generated 396 bytes in 8 msecs (HTTP/1.1 200) 6 headers in 224 bytes (1 switches on core 0)
Aug 22 07:23:17.731308 np0000032571 devstack@placement-api.service[75368]: DEBUG placement.requestlog [req-0fd20ab5-28a0-4837-bae3-2336c204c139 req-b6e843a5-84bf-4ca3-9e97-801e91ca5e06 None None] Starting request: 192.168.1.122 "GET /placement/resource_providers/7fd5fe4e-7ad9-40ff-9e2e-fdd48a4ae2d3/aggregates" {{(pid=75368) __call__ /opt/stack/placement/placement/requestlog.py:55}}
Aug 22 07:23:17.738822 np0000032571 devstack@placement-api.service[75368]: INFO placement.requestlog [req-0fd20ab5-28a0-4837-bae3-2336c204c139 req-b6e843a5-84bf-4ca3-9e97-801e91ca5e06 service nova] 192.168.1.122 "GET /placement/resource_providers/7fd5fe4e-7ad9-40ff-9e2e-fdd48a4ae2d3/aggregates" status: 200 len: 53 microversion: 1.19
Aug 22 07:23:17.738967 np0000032571 devstack@placement-api.service[75368]: [pid: 75368|app: 0|req: 16/33] 192.168.1.122 () {68 vars in 1576 bytes} [Fri Aug 22 07:23:17 2025] GET /placement/resource_providers/7fd5fe4e-7ad9-40ff-9e2e-fdd48a4ae2d3/aggregates => generated 53 bytes in 7 msecs (HTTP/1.1 200) 8 headers in 295 bytes (2 switches on core 0)
Aug 22 07:23:17.744096 np0000032571 devstack@placement-api.service[75367]: DEBUG placement.requestlog [req-0fd20ab5-28a0-4837-bae3-2336c204c139 req-6d06ce33-ddbb-46bc-a729-59ae03aaf302 None None] Starting request: 192.168.1.122 "GET /placement/resource_providers/7fd5fe4e-7ad9-40ff-9e2e-fdd48a4ae2d3/traits" {{(pid=75367) __call__ /opt/stack/placement/placement/requestlog.py:55}}
Aug 22 07:23:17.756011 np0000032571 devstack@placement-api.service[75367]: INFO placement.requestlog [req-0fd20ab5-28a0-4837-bae3-2336c204c139 req-6d06ce33-ddbb-46bc-a729-59ae03aaf302 service nova] 192.168.1.122 "GET /placement/resource_providers/7fd5fe4e-7ad9-40ff-9e2e-fdd48a4ae2d3/traits" status: 200 len: 1621 microversion: 1.6
Aug 22 07:23:17.756308 np0000032571 devstack@placement-api.service[75367]: [pid: 75367|app: 0|req: 18/34] 192.168.1.122 () {68 vars in 1563 bytes} [Fri Aug 22 07:23:17 2025] GET /placement/resource_providers/7fd5fe4e-7ad9-40ff-9e2e-fdd48a4ae2d3/traits => generated 1621 bytes in 12 msecs (HTTP/1.1 200) 6 headers in 225 bytes (1 switches on core 0)
Aug 22 07:23:17.761811 np0000032571 devstack@placement-api.service[75368]: DEBUG placement.requestlog [req-0fd20ab5-28a0-4837-bae3-2336c204c139 req-a634d20d-77a2-4af8-847f-2761627c59f9 None None] Starting request: 192.168.1.122 "GET /placement/resource_providers/7fd5fe4e-7ad9-40ff-9e2e-fdd48a4ae2d3/allocations" {{(pid=75368) __call__ /opt/stack/placement/placement/requestlog.py:55}}
Aug 22 07:23:17.770540 np0000032571 devstack@placement-api.service[75368]: INFO placement.requestlog [req-0fd20ab5-28a0-4837-bae3-2336c204c139 req-a634d20d-77a2-4af8-847f-2761627c59f9 service nova] 192.168.1.122 "GET /placement/resource_providers/7fd5fe4e-7ad9-40ff-9e2e-fdd48a4ae2d3/allocations" status: 200 len: 153 microversion: 1.0
Aug 22 07:23:17.770830 np0000032571 devstack@placement-api.service[75368]: [pid: 75368|app: 0|req: 17/35] 192.168.1.122 () {66 vars in 1535 bytes} [Fri Aug 22 07:23:17 2025] GET /placement/resource_providers/7fd5fe4e-7ad9-40ff-9e2e-fdd48a4ae2d3/allocations => generated 153 bytes in 9 msecs (HTTP/1.1 200) 6 headers in 224 bytes (1 switches on core 0)
Aug 22 07:23:17.775596 np0000032571 devstack@placement-api.service[75367]: DEBUG placement.requestlog [req-0fd20ab5-28a0-4837-bae3-2336c204c139 req-79f5e0ed-d104-4317-9e4e-2fe399e514e0 None None] Starting request: 192.168.1.122 "GET /placement/allocations/b68d5dff-f6b4-44f4-b66c-5a9a5b5ab656" {{(pid=75367) __call__ /opt/stack/placement/placement/requestlog.py:55}}
Aug 22 07:23:17.781542 np0000032571 devstack@placement-api.service[75367]: INFO placement.requestlog [req-0fd20ab5-28a0-4837-bae3-2336c204c139 req-79f5e0ed-d104-4317-9e4e-2fe399e514e0 service nova] 192.168.1.122 "GET /placement/allocations/b68d5dff-f6b4-44f4-b66c-5a9a5b5ab656" status: 200 len: 258 microversion: 1.28
Aug 22 07:23:17.781818 np0000032571 devstack@placement-api.service[75367]: [pid: 75367|app: 0|req: 19/36] 192.168.1.122 () {68 vars in 1522 bytes} [Fri Aug 22 07:23:17 2025] GET /placement/allocations/b68d5dff-f6b4-44f4-b66c-5a9a5b5ab656 => generated 258 bytes in 6 msecs (HTTP/1.1 200) 8 headers in 296 bytes (1 switches on core 0)
Aug 22 07:23:27.770248 np0000032571 devstack@placement-api.service[75368]: DEBUG dbcounter [-] [75368] Writing DB stats placement:SELECT=7 {{(pid=75368) stat_writer /opt/stack/data/venv/lib/python3.10/site-packages/dbcounter.py:115}}
Aug 22 07:23:27.780774 np0000032571 devstack@placement-api.service[75367]: DEBUG dbcounter [-] [75367] Writing DB stats placement:SELECT=11 {{(pid=75367) stat_writer /opt/stack/data/venv/lib/python3.10/site-packages/dbcounter.py:115}}
Aug 22 07:24:17.599078 np0000032571 devstack@placement-api.service[75368]: DEBUG placement.requestlog [req-9b870d64-d879-4190-9823-7a93157c5b13 req-6ba034df-6b6a-4733-b14e-b1fc8aa7d11a None None] Starting request: 192.168.1.122 "GET /placement/resource_providers/7fd5fe4e-7ad9-40ff-9e2e-fdd48a4ae2d3/allocations" {{(pid=75368) __call__ /opt/stack/placement/placement/requestlog.py:55}}
Aug 22 07:24:17.648480 np0000032571 devstack@placement-api.service[75368]: INFO placement.requestlog [req-9b870d64-d879-4190-9823-7a93157c5b13 req-6ba034df-6b6a-4733-b14e-b1fc8aa7d11a service nova] 192.168.1.122 "GET /placement/resource_providers/7fd5fe4e-7ad9-40ff-9e2e-fdd48a4ae2d3/allocations" status: 200 len: 153 microversion: 1.0
Aug 22 07:24:17.648686 np0000032571 devstack@placement-api.service[75368]: [pid: 75368|app: 0|req: 18/37] 192.168.1.122 () {66 vars in 1535 bytes} [Fri Aug 22 07:24:17 2025] GET /placement/resource_providers/7fd5fe4e-7ad9-40ff-9e2e-fdd48a4ae2d3/allocations => generated 153 bytes in 50 msecs (HTTP/1.1 200) 6 headers in 224 bytes (1 switches on core 0)
Aug 22 07:24:17.656248 np0000032571 devstack@placement-api.service[75367]: DEBUG placement.requestlog [req-9b870d64-d879-4190-9823-7a93157c5b13 req-76aab203-3cb5-4b58-bc2e-46b6498c2f06 None None] Starting request: 192.168.1.122 "GET /placement/resource_providers/7fd5fe4e-7ad9-40ff-9e2e-fdd48a4ae2d3/allocations" {{(pid=75367) __call__ /opt/stack/placement/placement/requestlog.py:55}}
Aug 22 07:24:17.664134 np0000032571 devstack@placement-api.service[75367]: INFO placement.requestlog [req-9b870d64-d879-4190-9823-7a93157c5b13 req-76aab203-3cb5-4b58-bc2e-46b6498c2f06 service nova] 192.168.1.122 "GET /placement/resource_providers/7fd5fe4e-7ad9-40ff-9e2e-fdd48a4ae2d3/allocations" status: 200 len: 153 microversion: 1.0
Aug 22 07:24:17.664422 np0000032571 devstack@placement-api.service[75367]: [pid: 75367|app: 0|req: 20/38] 192.168.1.122 () {66 vars in 1535 bytes} [Fri Aug 22 07:24:17 2025] GET /placement/resource_providers/7fd5fe4e-7ad9-40ff-9e2e-fdd48a4ae2d3/allocations => generated 153 bytes in 8 msecs (HTTP/1.1 200) 6 headers in 224 bytes (1 switches on core 0)
Aug 22 07:24:17.669134 np0000032571 devstack@placement-api.service[75368]: DEBUG placement.requestlog [req-9b870d64-d879-4190-9823-7a93157c5b13 req-34e4420d-953b-4d5c-9192-db146b5164fa None None] Starting request: 192.168.1.122 "GET /placement/allocations/b68d5dff-f6b4-44f4-b66c-5a9a5b5ab656" {{(pid=75368) __call__ /opt/stack/placement/placement/requestlog.py:55}}
Aug 22 07:24:17.674477 np0000032571 devstack@placement-api.service[75368]: INFO placement.requestlog [req-9b870d64-d879-4190-9823-7a93157c5b13 req-34e4420d-953b-4d5c-9192-db146b5164fa service nova] 192.168.1.122 "GET /placement/allocations/b68d5dff-f6b4-44f4-b66c-5a9a5b5ab656" status: 200 len: 258 microversion: 1.28
Aug 22 07:24:17.674763 np0000032571 devstack@placement-api.service[75368]: [pid: 75368|app: 0|req: 19/39] 192.168.1.122 () {68 vars in 1522 bytes} [Fri Aug 22 07:24:17 2025] GET /placement/allocations/b68d5dff-f6b4-44f4-b66c-5a9a5b5ab656 => generated 258 bytes in 5 msecs (HTTP/1.1 200) 8 headers in 296 bytes (1 switches on core 0)
Aug 22 07:24:27.663388 np0000032571 devstack@placement-api.service[75367]: DEBUG dbcounter [-] [75367] Writing DB stats placement:SELECT=3 {{(pid=75367) stat_writer /opt/stack/data/venv/lib/python3.10/site-packages/dbcounter.py:115}}
Aug 22 07:24:27.673741 np0000032571 devstack@placement-api.service[75368]: DEBUG dbcounter [-] [75368] Writing DB stats placement:SELECT=5 {{(pid=75368) stat_writer /opt/stack/data/venv/lib/python3.10/site-packages/dbcounter.py:115}}
Aug 22 07:25:11.522845 np0000032571 devstack@placement-api.service[75367]: DEBUG placement.requestlog [req-33727f3b-e019-46e9-a266-5d6f3a65ee05 req-0f494682-56aa-4077-8025-534572546197 None None] Starting request: 192.168.1.122 "GET /placement/resource_providers/7fd5fe4e-7ad9-40ff-9e2e-fdd48a4ae2d3/allocations" {{(pid=75367) __call__ /opt/stack/placement/placement/requestlog.py:55}}
Aug 22 07:25:11.530694 np0000032571 devstack@placement-api.service[75367]: INFO placement.requestlog [req-33727f3b-e019-46e9-a266-5d6f3a65ee05 req-0f494682-56aa-4077-8025-534572546197 service nova] 192.168.1.122 "GET /placement/resource_providers/7fd5fe4e-7ad9-40ff-9e2e-fdd48a4ae2d3/allocations" status: 200 len: 153 microversion: 1.0
Aug 22 07:25:11.530856 np0000032571 devstack@placement-api.service[75367]: [pid: 75367|app: 0|req: 21/40] 192.168.1.122 () {66 vars in 1535 bytes} [Fri Aug 22 07:25:11 2025] GET /placement/resource_providers/7fd5fe4e-7ad9-40ff-9e2e-fdd48a4ae2d3/allocations => generated 153 bytes in 8 msecs (HTTP/1.1 200) 6 headers in 224 bytes (1 switches on core 0)
Aug 22 07:25:11.535818 np0000032571 devstack@placement-api.service[75368]: DEBUG placement.requestlog [req-33727f3b-e019-46e9-a266-5d6f3a65ee05 req-16433f11-89ef-4e79-8283-0eca73676821 None None] Starting request: 192.168.1.122 "GET /placement/allocations/b68d5dff-f6b4-44f4-b66c-5a9a5b5ab656" {{(pid=75368) __call__ /opt/stack/placement/placement/requestlog.py:55}}
Aug 22 07:25:11.541934 np0000032571 devstack@placement-api.service[75368]: INFO placement.requestlog [req-33727f3b-e019-46e9-a266-5d6f3a65ee05 req-16433f11-89ef-4e79-8283-0eca73676821 service nova] 192.168.1.122 "GET /placement/allocations/b68d5dff-f6b4-44f4-b66c-5a9a5b5ab656" status: 200 len: 258 microversion: 1.28
Aug 22 07:25:11.541934 np0000032571 devstack@placement-api.service[75368]: [pid: 75368|app: 0|req: 20/41] 192.168.1.122 () {68 vars in 1522 bytes} [Fri Aug 22 07:25:11 2025] GET /placement/allocations/b68d5dff-f6b4-44f4-b66c-5a9a5b5ab656 => generated 258 bytes in 6 msecs (HTTP/1.1 200) 8 headers in 296 bytes (1 switches on core 0)
Aug 22 07:25:12.558496 np0000032571 devstack@placement-api.service[75367]: DEBUG placement.requestlog [req-33727f3b-e019-46e9-a266-5d6f3a65ee05 req-109da570-c50f-4e23-bee6-51dcf4004520 None None] Starting request: 192.168.1.122 "DELETE /placement/allocations/b68d5dff-f6b4-44f4-b66c-5a9a5b5ab656" {{(pid=75367) __call__ /opt/stack/placement/placement/requestlog.py:55}}
Aug 22 07:25:12.573778 np0000032571 devstack@placement-api.service[75367]: DEBUG placement.handlers.allocation [req-33727f3b-e019-46e9-a266-5d6f3a65ee05 req-109da570-c50f-4e23-bee6-51dcf4004520 service nova] Successfully deleted allocations [<placement.objects.allocation.Allocation object at 0x7f6f1cd406a0>, <placement.objects.allocation.Allocation object at 0x7f6f1cd40340>, <placement.objects.allocation.Allocation object at 0x7f6f1cd43ac0>] {{(pid=75367) delete_allocations /opt/stack/placement/placement/handlers/allocation.py:627}}
Aug 22 07:25:12.573970 np0000032571 devstack@placement-api.service[75367]: INFO placement.requestlog [req-33727f3b-e019-46e9-a266-5d6f3a65ee05 req-109da570-c50f-4e23-bee6-51dcf4004520 service nova] 192.168.1.122 "DELETE /placement/allocations/b68d5dff-f6b4-44f4-b66c-5a9a5b5ab656" status: 204 len: 0 microversion: 1.0
Aug 22 07:25:12.574243 np0000032571 devstack@placement-api.service[75367]: [pid: 75367|app: 0|req: 22/42] 192.168.1.122 () {68 vars in 1500 bytes} [Fri Aug 22 07:25:12 2025] DELETE /placement/allocations/b68d5dff-f6b4-44f4-b66c-5a9a5b5ab656 => generated 0 bytes in 16 msecs (HTTP/1.1 204) 5 headers in 198 bytes (1 switches on core 0)
Aug 22 07:25:15.544363 np0000032571 devstack@placement-api.service[75368]: DEBUG placement.requestlog [None req-8ec9c032-b386-4cc4-9639-b801fc2ef1e9 None None] Starting request: 192.168.1.122 "GET /placement/resource_providers/6f74c431-6434-425a-a2e8-aa10e385680f/aggregates" {{(pid=75368) __call__ /opt/stack/placement/placement/requestlog.py:55}}
Aug 22 07:25:15.588396 np0000032571 devstack@placement-api.service[75368]: INFO placement.requestlog [None req-8ec9c032-b386-4cc4-9639-b801fc2ef1e9 service placement] 192.168.1.122 "GET /placement/resource_providers/6f74c431-6434-425a-a2e8-aa10e385680f/aggregates" status: 404 len: 235 microversion: 1.1
Aug 22 07:25:15.588539 np0000032571 devstack@placement-api.service[75368]: [pid: 75368|app: 0|req: 21/43] 192.168.1.122 () {66 vars in 1506 bytes} [Fri Aug 22 07:25:15 2025] GET /placement/resource_providers/6f74c431-6434-425a-a2e8-aa10e385680f/aggregates => generated 235 bytes in 44 msecs (HTTP/1.1 404) 5 headers in 202 bytes (1 switches on core 0)
Aug 22 07:25:15.596006 np0000032571 devstack@placement-api.service[75367]: DEBUG placement.requestlog [None req-9b8aa6ad-9528-4533-a558-2f9bbee44f59 None None] Starting request: 192.168.1.122 "DELETE /placement/resource_providers/6f74c431-6434-425a-a2e8-aa10e385680f" {{(pid=75367) __call__ /opt/stack/placement/placement/requestlog.py:55}}
Aug 22 07:25:15.600618 np0000032571 devstack@placement-api.service[75367]: DEBUG placement.wsgi_wrapper [None req-9b8aa6ad-9528-4533-a558-2f9bbee44f59 service placement] Placement API returning an error response: No resource provider with uuid 6f74c431-6434-425a-a2e8-aa10e385680f found for delete {{(pid=75367) call_func /opt/stack/placement/placement/wsgi_wrapper.py:31}}
Aug 22 07:25:15.601011 np0000032571 devstack@placement-api.service[75367]: INFO placement.requestlog [None req-9b8aa6ad-9528-4533-a558-2f9bbee44f59 service placement] 192.168.1.122 "DELETE /placement/resource_providers/6f74c431-6434-425a-a2e8-aa10e385680f" status: 404 len: 246 microversion: 1.1
Aug 22 07:25:15.601087 np0000032571 devstack@placement-api.service[75367]: [pid: 75367|app: 0|req: 23/44] 192.168.1.122 () {68 vars in 1495 bytes} [Fri Aug 22 07:25:15 2025] DELETE /placement/resource_providers/6f74c431-6434-425a-a2e8-aa10e385680f => generated 246 bytes in 5 msecs (HTTP/1.1 404) 6 headers in 231 bytes (1 switches on core 0)
Aug 22 07:25:16.578295 np0000032571 devstack@placement-api.service[75368]: DEBUG placement.requestlog [req-cf2e4502-6444-47d9-bc6a-ec601f53fe0e req-01f47ead-0372-493c-be4c-844c383a9fae None None] Starting request: 192.168.1.122 "GET /placement/resource_providers/7fd5fe4e-7ad9-40ff-9e2e-fdd48a4ae2d3/allocations" {{(pid=75368) __call__ /opt/stack/placement/placement/requestlog.py:55}}
Aug 22 07:25:16.584866 np0000032571 devstack@placement-api.service[75368]: INFO placement.requestlog [req-cf2e4502-6444-47d9-bc6a-ec601f53fe0e req-01f47ead-0372-493c-be4c-844c383a9fae service nova] 192.168.1.122 "GET /placement/resource_providers/7fd5fe4e-7ad9-40ff-9e2e-fdd48a4ae2d3/allocations" status: 200 len: 54 microversion: 1.0
Aug 22 07:25:16.585024 np0000032571 devstack@placement-api.service[75368]: [pid: 75368|app: 0|req: 22/45] 192.168.1.122 () {66 vars in 1535 bytes} [Fri Aug 22 07:25:16 2025] GET /placement/resource_providers/7fd5fe4e-7ad9-40ff-9e2e-fdd48a4ae2d3/allocations => generated 54 bytes in 7 msecs (HTTP/1.1 200) 6 headers in 223 bytes (1 switches on core 0)
Aug 22 07:25:16.590971 np0000032571 devstack@placement-api.service[75367]: DEBUG placement.requestlog [req-cf2e4502-6444-47d9-bc6a-ec601f53fe0e req-9546257b-6200-4259-860a-acb100f69a3e None None] Starting request: 192.168.1.122 "GET /placement/resource_providers/7fd5fe4e-7ad9-40ff-9e2e-fdd48a4ae2d3/allocations" {{(pid=75367) __call__ /opt/stack/placement/placement/requestlog.py:55}}
Aug 22 07:25:16.597400 np0000032571 devstack@placement-api.service[75367]: INFO placement.requestlog [req-cf2e4502-6444-47d9-bc6a-ec601f53fe0e req-9546257b-6200-4259-860a-acb100f69a3e service nova] 192.168.1.122 "GET /placement/resource_providers/7fd5fe4e-7ad9-40ff-9e2e-fdd48a4ae2d3/allocations" status: 200 len: 54 microversion: 1.0
Aug 22 07:25:16.597591 np0000032571 devstack@placement-api.service[75367]: [pid: 75367|app: 0|req: 24/46] 192.168.1.122 () {66 vars in 1535 bytes} [Fri Aug 22 07:25:16 2025] GET /placement/resource_providers/7fd5fe4e-7ad9-40ff-9e2e-fdd48a4ae2d3/allocations => generated 54 bytes in 7 msecs (HTTP/1.1 200) 6 headers in 223 bytes (1 switches on core 0)
Aug 22 07:25:19.399547 np0000032571 devstack@placement-api.service[75368]: DEBUG placement.requestlog [req-2855f48b-134b-43f2-9876-cfe99290cbda req-cec593de-ad8e-4bdf-986c-e998c33fade5 None None] Starting request: 192.168.1.122 "GET /placement/allocation_candidates?limit=1000&resources=DISK_GB%3A5%2CMEMORY_MB%3A1024%2CVCPU%3A1&root_required=%21COMPUTE_STATUS_DISABLED" {{(pid=75368) __call__ /opt/stack/placement/placement/requestlog.py:55}}
Aug 22 07:25:19.422998 np0000032571 devstack@placement-api.service[75368]: DEBUG placement.objects.research_context [req-2855f48b-134b-43f2-9876-cfe99290cbda req-cec593de-ad8e-4bdf-986c-e998c33fade5 service nova] getting providers with 5 DISK_GB {{(pid=75368) __init__ /opt/stack/placement/placement/objects/research_context.py:137}}
Aug 22 07:25:19.425747 np0000032571 devstack@placement-api.service[75368]: DEBUG placement.objects.research_context [req-2855f48b-134b-43f2-9876-cfe99290cbda req-cec593de-ad8e-4bdf-986c-e998c33fade5 service nova] getting providers with 1024 MEMORY_MB {{(pid=75368) __init__ /opt/stack/placement/placement/objects/research_context.py:137}}
Aug 22 07:25:19.428026 np0000032571 devstack@placement-api.service[75368]: DEBUG placement.objects.research_context [req-2855f48b-134b-43f2-9876-cfe99290cbda req-cec593de-ad8e-4bdf-986c-e998c33fade5 service nova] getting providers with 1 VCPU {{(pid=75368) __init__ /opt/stack/placement/placement/objects/research_context.py:137}}
Aug 22 07:25:19.430747 np0000032571 devstack@placement-api.service[75368]: DEBUG placement.objects.research_context [req-2855f48b-134b-43f2-9876-cfe99290cbda req-cec593de-ad8e-4bdf-986c-e998c33fade5 service nova] found 1 providers with available 5 DISK_GB {{(pid=75368) get_provider_ids_matching /opt/stack/placement/placement/objects/research_context.py:569}}
Aug 22 07:25:19.430872 np0000032571 devstack@placement-api.service[75368]: DEBUG placement.objects.research_context [req-2855f48b-134b-43f2-9876-cfe99290cbda req-cec593de-ad8e-4bdf-986c-e998c33fade5 service nova] found 1 providers with available 1024 MEMORY_MB {{(pid=75368) get_provider_ids_matching /opt/stack/placement/placement/objects/research_context.py:569}}
Aug 22 07:25:19.430961 np0000032571 devstack@placement-api.service[75368]: DEBUG placement.objects.research_context [req-2855f48b-134b-43f2-9876-cfe99290cbda req-cec593de-ad8e-4bdf-986c-e998c33fade5 service nova] found 1 providers after filtering by previous result {{(pid=75368) get_provider_ids_matching /opt/stack/placement/placement/objects/research_context.py:600}}
Aug 22 07:25:19.431031 np0000032571 devstack@placement-api.service[75368]: DEBUG placement.objects.research_context [req-2855f48b-134b-43f2-9876-cfe99290cbda req-cec593de-ad8e-4bdf-986c-e998c33fade5 service nova] found 1 providers with available 1 VCPU {{(pid=75368) get_provider_ids_matching /opt/stack/placement/placement/objects/research_context.py:569}}
Aug 22 07:25:19.431106 np0000032571 devstack@placement-api.service[75368]: DEBUG placement.objects.research_context [req-2855f48b-134b-43f2-9876-cfe99290cbda req-cec593de-ad8e-4bdf-986c-e998c33fade5 service nova] found 1 providers after filtering by previous result {{(pid=75368) get_provider_ids_matching /opt/stack/placement/placement/objects/research_context.py:600}}
Aug 22 07:25:19.436012 np0000032571 devstack@placement-api.service[75368]: DEBUG placement.objects.allocation_candidate [req-2855f48b-134b-43f2-9876-cfe99290cbda req-cec593de-ad8e-4bdf-986c-e998c33fade5 service nova] RequestGroup(use_same_provider=False, resources={DISK_GB:5, MEMORY_MB:1024, VCPU:1}, traits=(), aggregates=[]) (suffix '') returned 1 matches {{(pid=75368) _get_by_requests /opt/stack/placement/placement/objects/allocation_candidate.py:157}}
Aug 22 07:25:19.436142 np0000032571 devstack@placement-api.service[75368]: DEBUG placement.objects.allocation_candidate [req-2855f48b-134b-43f2-9876-cfe99290cbda req-cec593de-ad8e-4bdf-986c-e998c33fade5 service nova] Merging candidates yields 1 allocation requests and 1 provider summaries {{(pid=75368) _merge_candidates /opt/stack/placement/placement/objects/allocation_candidate.py:841}}
Aug 22 07:25:19.436846 np0000032571 devstack@placement-api.service[75368]: INFO placement.requestlog [req-2855f48b-134b-43f2-9876-cfe99290cbda req-cec593de-ad8e-4bdf-986c-e998c33fade5 service nova] 192.168.1.122 "GET /placement/allocation_candidates?limit=1000&resources=DISK_GB%3A5%2CMEMORY_MB%3A1024%2CVCPU%3A1&root_required=%21COMPUTE_STATUS_DISABLED" status: 200 len: 2086 microversion: 1.36
Aug 22 07:25:19.437292 np0000032571 devstack@placement-api.service[75368]: [pid: 75368|app: 0|req: 23/47] 192.168.1.122 () {68 vars in 1650 bytes} [Fri Aug 22 07:25:19 2025] GET /placement/allocation_candidates?limit=1000&resources=DISK_GB%3A5%2CMEMORY_MB%3A1024%2CVCPU%3A1&root_required=%21COMPUTE_STATUS_DISABLED => generated 2086 bytes in 38 msecs (HTTP/1.1 200) 8 headers in 297 bytes (1 switches on core 0)
Aug 22 07:25:19.490693 np0000032571 devstack@placement-api.service[75367]: DEBUG placement.requestlog [req-2855f48b-134b-43f2-9876-cfe99290cbda req-7c36ffed-b847-436e-ae52-8776296d1c95 None None] Starting request: 192.168.1.122 "GET /placement/allocations/496ef4da-cfa1-40a9-91e9-6904172a06bb" {{(pid=75367) __call__ /opt/stack/placement/placement/requestlog.py:55}}
Aug 22 07:25:19.495479 np0000032571 devstack@placement-api.service[75367]: INFO placement.requestlog [req-2855f48b-134b-43f2-9876-cfe99290cbda req-7c36ffed-b847-436e-ae52-8776296d1c95 service nova] 192.168.1.122 "GET /placement/allocations/496ef4da-cfa1-40a9-91e9-6904172a06bb" status: 200 len: 19 microversion: 1.28
Aug 22 07:25:19.495636 np0000032571 devstack@placement-api.service[75367]: [pid: 75367|app: 0|req: 25/48] 192.168.1.122 () {68 vars in 1524 bytes} [Fri Aug 22 07:25:19 2025] GET /placement/allocations/496ef4da-cfa1-40a9-91e9-6904172a06bb => generated 19 bytes in 5 msecs (HTTP/1.1 200) 8 headers in 295 bytes (1 switches on core 0)
Aug 22 07:25:19.501080 np0000032571 devstack@placement-api.service[75368]: DEBUG placement.requestlog [req-2855f48b-134b-43f2-9876-cfe99290cbda req-43127d8d-0352-44b5-a970-2a2ee6de1f9f None None] Starting request: 192.168.1.122 "PUT /placement/allocations/496ef4da-cfa1-40a9-91e9-6904172a06bb" {{(pid=75368) __call__ /opt/stack/placement/placement/requestlog.py:55}}
Aug 22 07:25:19.528310 np0000032571 devstack@placement-api.service[75368]: DEBUG placement.handlers.allocation [req-2855f48b-134b-43f2-9876-cfe99290cbda req-43127d8d-0352-44b5-a970-2a2ee6de1f9f service nova] Successfully wrote allocations [<placement.objects.allocation.Allocation object at 0x7f6f1c25d180>, <placement.objects.allocation.Allocation object at 0x7f6f1c25dd80>, <placement.objects.allocation.Allocation object at 0x7f6f1c25ffd0>] {{(pid=75368) _update_consumers_and_create_allocations /opt/stack/placement/placement/handlers/allocation.py:462}}
Aug 22 07:25:19.536803 np0000032571 devstack@placement-api.service[75368]: INFO placement.requestlog [req-2855f48b-134b-43f2-9876-cfe99290cbda req-43127d8d-0352-44b5-a970-2a2ee6de1f9f service nova] 192.168.1.122 "PUT /placement/allocations/496ef4da-cfa1-40a9-91e9-6904172a06bb" status: 204 len: 0 microversion: 1.36
Aug 22 07:25:19.536993 np0000032571 devstack@placement-api.service[75368]: [pid: 75368|app: 0|req: 24/49] 192.168.1.122 () {72 vars in 1577 bytes} [Fri Aug 22 07:25:19 2025] PUT /placement/allocations/496ef4da-cfa1-40a9-91e9-6904172a06bb => generated 0 bytes in 36 msecs (HTTP/1.1 204) 5 headers in 199 bytes (1 switches on core 0)
Aug 22 07:25:21.036696 np0000032571 devstack@placement-api.service[75367]: DEBUG placement.requestlog [req-2855f48b-134b-43f2-9876-cfe99290cbda req-84b66e85-d91f-491d-9f12-641fa38d5284 None None] Starting request: 192.168.1.122 "GET /placement/allocations/496ef4da-cfa1-40a9-91e9-6904172a06bb" {{(pid=75367) __call__ /opt/stack/placement/placement/requestlog.py:55}}
Aug 22 07:25:21.043338 np0000032571 devstack@placement-api.service[75367]: INFO placement.requestlog [req-2855f48b-134b-43f2-9876-cfe99290cbda req-84b66e85-d91f-491d-9f12-641fa38d5284 service nova] 192.168.1.122 "GET /placement/allocations/496ef4da-cfa1-40a9-91e9-6904172a06bb" status: 200 len: 258 microversion: 1.28
Aug 22 07:25:21.043572 np0000032571 devstack@placement-api.service[75367]: [pid: 75367|app: 0|req: 26/50] 192.168.1.122 () {68 vars in 1522 bytes} [Fri Aug 22 07:25:21 2025] GET /placement/allocations/496ef4da-cfa1-40a9-91e9-6904172a06bb => generated 258 bytes in 7 msecs (HTTP/1.1 200) 8 headers in 296 bytes (1 switches on core 0)
Aug 22 07:25:22.059427 np0000032571 devstack@placement-api.service[75368]: DEBUG placement.requestlog [req-2855f48b-134b-43f2-9876-cfe99290cbda req-632e220c-d899-4780-9356-6e067c328c8a None None] Starting request: 192.168.1.122 "GET /placement/resource_providers/7fd5fe4e-7ad9-40ff-9e2e-fdd48a4ae2d3/allocations" {{(pid=75368) __call__ /opt/stack/placement/placement/requestlog.py:55}}
Aug 22 07:25:22.067012 np0000032571 devstack@placement-api.service[75368]: INFO placement.requestlog [req-2855f48b-134b-43f2-9876-cfe99290cbda req-632e220c-d899-4780-9356-6e067c328c8a service nova] 192.168.1.122 "GET /placement/resource_providers/7fd5fe4e-7ad9-40ff-9e2e-fdd48a4ae2d3/allocations" status: 200 len: 153 microversion: 1.0
Aug 22 07:25:22.067315 np0000032571 devstack@placement-api.service[75368]: [pid: 75368|app: 0|req: 25/51] 192.168.1.122 () {66 vars in 1535 bytes} [Fri Aug 22 07:25:22 2025] GET /placement/resource_providers/7fd5fe4e-7ad9-40ff-9e2e-fdd48a4ae2d3/allocations => generated 153 bytes in 8 msecs (HTTP/1.1 200) 6 headers in 224 bytes (1 switches on core 0)
Aug 22 07:25:22.071882 np0000032571 devstack@placement-api.service[75367]: DEBUG placement.requestlog [req-2855f48b-134b-43f2-9876-cfe99290cbda req-56dfdd64-d890-4ada-84a3-983741924815 None None] Starting request: 192.168.1.122 "GET /placement/allocations/496ef4da-cfa1-40a9-91e9-6904172a06bb" {{(pid=75367) __call__ /opt/stack/placement/placement/requestlog.py:55}}
Aug 22 07:25:22.077970 np0000032571 devstack@placement-api.service[75367]: INFO placement.requestlog [req-2855f48b-134b-43f2-9876-cfe99290cbda req-56dfdd64-d890-4ada-84a3-983741924815 service nova] 192.168.1.122 "GET /placement/allocations/496ef4da-cfa1-40a9-91e9-6904172a06bb" status: 200 len: 258 microversion: 1.28
Aug 22 07:25:22.077970 np0000032571 devstack@placement-api.service[75367]: [pid: 75367|app: 0|req: 27/52] 192.168.1.122 () {68 vars in 1522 bytes} [Fri Aug 22 07:25:22 2025] GET /placement/allocations/496ef4da-cfa1-40a9-91e9-6904172a06bb => generated 258 bytes in 6 msecs (HTTP/1.1 200) 8 headers in 296 bytes (1 switches on core 0)
Aug 22 07:25:32.066279 np0000032571 devstack@placement-api.service[75368]: DEBUG dbcounter [-] [75368] Writing DB stats placement:SELECT=26,placement:INSERT=4,placement:DELETE=2,placement:UPDATE=2 {{(pid=75368) stat_writer /opt/stack/data/venv/lib/python3.10/site-packages/dbcounter.py:115}}
Aug 22 07:25:32.077011 np0000032571 devstack@placement-api.service[75367]: DEBUG dbcounter [-] [75367] Writing DB stats placement:SELECT=14,placement:DELETE=2 {{(pid=75367) stat_writer /opt/stack/data/venv/lib/python3.10/site-packages/dbcounter.py:115}}
Aug 22 07:26:17.597127 np0000032571 devstack@placement-api.service[75368]: DEBUG placement.requestlog [req-4549746a-d302-4340-9ebd-82aaa2cb2a54 req-601e2684-1735-47d5-b461-d9027e944cf8 None None] Starting request: 192.168.1.122 "GET /placement/resource_providers/7fd5fe4e-7ad9-40ff-9e2e-fdd48a4ae2d3/allocations" {{(pid=75368) __call__ /opt/stack/placement/placement/requestlog.py:55}}
Aug 22 07:26:17.604952 np0000032571 devstack@placement-api.service[75368]: INFO placement.requestlog [req-4549746a-d302-4340-9ebd-82aaa2cb2a54 req-601e2684-1735-47d5-b461-d9027e944cf8 service nova] 192.168.1.122 "GET /placement/resource_providers/7fd5fe4e-7ad9-40ff-9e2e-fdd48a4ae2d3/allocations" status: 200 len: 153 microversion: 1.0
Aug 22 07:26:17.605123 np0000032571 devstack@placement-api.service[75368]: [pid: 75368|app: 0|req: 26/53] 192.168.1.122 () {66 vars in 1535 bytes} [Fri Aug 22 07:26:17 2025] GET /placement/resource_providers/7fd5fe4e-7ad9-40ff-9e2e-fdd48a4ae2d3/allocations => generated 153 bytes in 8 msecs (HTTP/1.1 200) 6 headers in 224 bytes (1 switches on core 0)
Aug 22 07:26:17.611689 np0000032571 devstack@placement-api.service[75367]: DEBUG placement.requestlog [req-4549746a-d302-4340-9ebd-82aaa2cb2a54 req-575b7419-338d-4aec-aa84-9f068e4f1ebf None None] Starting request: 192.168.1.122 "GET /placement/resource_providers/7fd5fe4e-7ad9-40ff-9e2e-fdd48a4ae2d3/allocations" {{(pid=75367) __call__ /opt/stack/placement/placement/requestlog.py:55}}
Aug 22 07:26:17.619569 np0000032571 devstack@placement-api.service[75367]: INFO placement.requestlog [req-4549746a-d302-4340-9ebd-82aaa2cb2a54 req-575b7419-338d-4aec-aa84-9f068e4f1ebf service nova] 192.168.1.122 "GET /placement/resource_providers/7fd5fe4e-7ad9-40ff-9e2e-fdd48a4ae2d3/allocations" status: 200 len: 153 microversion: 1.0
Aug 22 07:26:17.619733 np0000032571 devstack@placement-api.service[75367]: [pid: 75367|app: 0|req: 28/54] 192.168.1.122 () {66 vars in 1535 bytes} [Fri Aug 22 07:26:17 2025] GET /placement/resource_providers/7fd5fe4e-7ad9-40ff-9e2e-fdd48a4ae2d3/allocations => generated 153 bytes in 8 msecs (HTTP/1.1 200) 6 headers in 224 bytes (1 switches on core 0)
Aug 22 07:26:17.624780 np0000032571 devstack@placement-api.service[75368]: DEBUG placement.requestlog [req-4549746a-d302-4340-9ebd-82aaa2cb2a54 req-21d7aac0-804d-46a9-970e-2d793cf4152f None None] Starting request: 192.168.1.122 "GET /placement/allocations/496ef4da-cfa1-40a9-91e9-6904172a06bb" {{(pid=75368) __call__ /opt/stack/placement/placement/requestlog.py:55}}
Aug 22 07:26:17.631801 np0000032571 devstack@placement-api.service[75368]: INFO placement.requestlog [req-4549746a-d302-4340-9ebd-82aaa2cb2a54 req-21d7aac0-804d-46a9-970e-2d793cf4152f service nova] 192.168.1.122 "GET /placement/allocations/496ef4da-cfa1-40a9-91e9-6904172a06bb" status: 200 len: 258 microversion: 1.28
Aug 22 07:26:17.632031 np0000032571 devstack@placement-api.service[75368]: [pid: 75368|app: 0|req: 27/55] 192.168.1.122 () {68 vars in 1522 bytes} [Fri Aug 22 07:26:17 2025] GET /placement/allocations/496ef4da-cfa1-40a9-91e9-6904172a06bb => generated 258 bytes in 7 msecs (HTTP/1.1 200) 8 headers in 296 bytes (1 switches on core 0)
Aug 22 07:26:27.618822 np0000032571 devstack@placement-api.service[75367]: DEBUG dbcounter [-] [75367] Writing DB stats placement:SELECT=3 {{(pid=75367) stat_writer /opt/stack/data/venv/lib/python3.10/site-packages/dbcounter.py:115}}
Aug 22 07:26:27.631042 np0000032571 devstack@placement-api.service[75368]: DEBUG dbcounter [-] [75368] Writing DB stats placement:SELECT=5 {{(pid=75368) stat_writer /opt/stack/data/venv/lib/python3.10/site-packages/dbcounter.py:115}}
Aug 22 07:27:15.201191 np0000032571 devstack@placement-api.service[75367]: DEBUG placement.requestlog [None req-aec5d451-6d0e-4d17-a16a-d03b47d8662e None None] Starting request: 192.168.1.122 "GET /placement/resource_providers/7ca21592-7444-48b6-ba12-62a1f0b7906c/aggregates" {{(pid=75367) __call__ /opt/stack/placement/placement/requestlog.py:55}}
Aug 22 07:27:15.233625 np0000032571 devstack@placement-api.service[75367]: INFO placement.requestlog [None req-aec5d451-6d0e-4d17-a16a-d03b47d8662e service placement] 192.168.1.122 "GET /placement/resource_providers/7ca21592-7444-48b6-ba12-62a1f0b7906c/aggregates" status: 404 len: 235 microversion: 1.1
Aug 22 07:27:15.233810 np0000032571 devstack@placement-api.service[75367]: [pid: 75367|app: 0|req: 29/56] 192.168.1.122 () {66 vars in 1506 bytes} [Fri Aug 22 07:27:15 2025] GET /placement/resource_providers/7ca21592-7444-48b6-ba12-62a1f0b7906c/aggregates => generated 235 bytes in 33 msecs (HTTP/1.1 404) 5 headers in 202 bytes (1 switches on core 0)
