Aug 22 07:16:37.493287 np0000032571 devstack@n-api.service[71983]: DEBUG nova.api.openstack.wsgi_app [-] oslo_messaging_rabbit.rabbit_transient_quorum_queue = False {{(pid=71983) log_opt_values /opt/stack/data/venv/lib/python3.10/site-packages/oslo_config/cfg.py:2824}}
Aug 22 07:16:37.493448 np0000032571 devstack@n-api.service[71983]: DEBUG nova.api.openstack.wsgi_app [-] oslo_messaging_rabbit.rpc_conn_pool_size = 30 {{(pid=71983) log_opt_values /opt/stack/data/venv/lib/python3.10/site-packages/oslo_config/cfg.py:2824}}
Aug 22 07:16:37.493607 np0000032571 devstack@n-api.service[71983]: DEBUG nova.api.openstack.wsgi_app [-] oslo_messaging_rabbit.ssl      = False {{(pid=71983) log_opt_values /opt/stack/data/venv/lib/python3.10/site-packages/oslo_config/cfg.py:2824}}
Aug 22 07:16:37.493773 np0000032571 devstack@n-api.service[71983]: DEBUG nova.api.openstack.wsgi_app [-] oslo_messaging_rabbit.ssl_ca_file =  {{(pid=71983) log_opt_values /opt/stack/data/venv/lib/python3.10/site-packages/oslo_config/cfg.py:2824}}
Aug 22 07:16:37.493937 np0000032571 devstack@n-api.service[71983]: DEBUG nova.api.openstack.wsgi_app [-] oslo_messaging_rabbit.ssl_cert_file =  {{(pid=71983) log_opt_values /opt/stack/data/venv/lib/python3.10/site-packages/oslo_config/cfg.py:2824}}
Aug 22 07:16:37.494099 np0000032571 devstack@n-api.service[71983]: DEBUG nova.api.openstack.wsgi_app [-] oslo_messaging_rabbit.ssl_enforce_fips_mode = False {{(pid=71983) log_opt_values /opt/stack/data/venv/lib/python3.10/site-packages/oslo_config/cfg.py:2824}}
Aug 22 07:16:37.494270 np0000032571 devstack@n-api.service[71983]: DEBUG nova.api.openstack.wsgi_app [-] oslo_messaging_rabbit.ssl_key_file =  {{(pid=71983) log_opt_values /opt/stack/data/venv/lib/python3.10/site-packages/oslo_config/cfg.py:2824}}
Aug 22 07:16:37.494449 np0000032571 devstack@n-api.service[71983]: DEBUG nova.api.openstack.wsgi_app [-] oslo_messaging_rabbit.ssl_version =  {{(pid=71983) log_opt_values /opt/stack/data/venv/lib/python3.10/site-packages/oslo_config/cfg.py:2824}}
Aug 22 07:16:37.494612 np0000032571 devstack@n-api.service[71983]: DEBUG nova.api.openstack.wsgi_app [-] oslo_messaging_rabbit.use_queue_manager = False {{(pid=71983) log_opt_values /opt/stack/data/venv/lib/python3.10/site-packages/oslo_config/cfg.py:2824}}
Aug 22 07:16:37.494795 np0000032571 devstack@n-api.service[71983]: DEBUG nova.api.openstack.wsgi_app [-] oslo_messaging_notifications.driver = ['messagingv2'] {{(pid=71983) log_opt_values /opt/stack/data/venv/lib/python3.10/site-packages/oslo_config/cfg.py:2824}}
Aug 22 07:16:37.494955 np0000032571 devstack@n-api.service[71983]: DEBUG nova.api.openstack.wsgi_app [-] oslo_messaging_notifications.retry = -1 {{(pid=71983) log_opt_values /opt/stack/data/venv/lib/python3.10/site-packages/oslo_config/cfg.py:2824}}
Aug 22 07:16:37.495132 np0000032571 devstack@n-api.service[71983]: DEBUG nova.api.openstack.wsgi_app [-] oslo_messaging_notifications.topics = ['notifications'] {{(pid=71983) log_opt_values /opt/stack/data/venv/lib/python3.10/site-packages/oslo_config/cfg.py:2824}}
Aug 22 07:16:37.495310 np0000032571 devstack@n-api.service[71983]: DEBUG nova.api.openstack.wsgi_app [-] oslo_messaging_notifications.transport_url = **** {{(pid=71983) log_opt_values /opt/stack/data/venv/lib/python3.10/site-packages/oslo_config/cfg.py:2824}}
Aug 22 07:16:37.495476 np0000032571 devstack@n-api.service[71983]: DEBUG nova.api.openstack.wsgi_app [-] oslo_reports.file_event_handler = None {{(pid=71983) log_opt_values /opt/stack/data/venv/lib/python3.10/site-packages/oslo_config/cfg.py:2824}}
Aug 22 07:16:37.495642 np0000032571 devstack@n-api.service[71983]: DEBUG nova.api.openstack.wsgi_app [-] oslo_reports.file_event_handler_interval = 1 {{(pid=71983) log_opt_values /opt/stack/data/venv/lib/python3.10/site-packages/oslo_config/cfg.py:2824}}
Aug 22 07:16:37.495799 np0000032571 devstack@n-api.service[71983]: DEBUG nova.api.openstack.wsgi_app [-] oslo_reports.log_dir           = None {{(pid=71983) log_opt_values /opt/stack/data/venv/lib/python3.10/site-packages/oslo_config/cfg.py:2824}}
Aug 22 07:16:37.495925 np0000032571 devstack@n-api.service[71983]: DEBUG nova.api.openstack.wsgi_app [-] ******************************************************************************** {{(pid=71983) log_opt_values /opt/stack/data/venv/lib/python3.10/site-packages/oslo_config/cfg.py:2828}}
Aug 22 07:16:37.512713 np0000032571 devstack@n-api.service[71984]: DEBUG oslo_db.sqlalchemy.engines [None req-e411eea6-bfc3-4c97-8690-a32ae5e6bd20 None None] MySQL server mode set to STRICT_TRANS_TABLES,STRICT_ALL_TABLES,NO_ZERO_IN_DATE,NO_ZERO_DATE,ERROR_FOR_DIVISION_BY_ZERO,TRADITIONAL,NO_ENGINE_SUBSTITUTION {{(pid=71984) _check_effective_sql_mode /opt/stack/data/venv/lib/python3.10/site-packages/oslo_db/sqlalchemy/engines.py:397}}
Aug 22 07:16:37.519075 np0000032571 devstack@n-api.service[71983]: INFO dbcounter [None req-7b24aa3b-4e4e-47b2-b442-4542354c5230 None None] Registered counter for database nova_api
Aug 22 07:16:37.537891 np0000032571 devstack@n-api.service[71984]: DEBUG dbcounter [-] [71984] Writer thread running {{(pid=71984) stat_writer /opt/stack/data/venv/lib/python3.10/site-packages/dbcounter.py:102}}
Aug 22 07:16:37.539908 np0000032571 devstack@n-api.service[71984]: DEBUG nova.context [None req-e411eea6-bfc3-4c97-8690-a32ae5e6bd20 None None] Found 2 cells: 00000000-0000-0000-0000-000000000000(cell0),74ea0ea9-fcef-4cb3-9b67-34b2c780aeac(cell1) {{(pid=71984) load_cells /opt/stack/nova/nova/context.py:464}}
Aug 22 07:16:37.541534 np0000032571 devstack@n-api.service[71984]: DEBUG oslo_concurrency.lockutils [None req-e411eea6-bfc3-4c97-8690-a32ae5e6bd20 None None] Acquiring lock "00000000-0000-0000-0000-000000000000" by "nova.context.set_target_cell.<locals>.get_or_set_cached_cell_and_set_connections" {{(pid=71984) inner /opt/stack/data/venv/lib/python3.10/site-packages/oslo_concurrency/lockutils.py:405}}
Aug 22 07:16:37.541712 np0000032571 devstack@n-api.service[71984]: DEBUG oslo_concurrency.lockutils [None req-e411eea6-bfc3-4c97-8690-a32ae5e6bd20 None None] Lock "00000000-0000-0000-0000-000000000000" acquired by "nova.context.set_target_cell.<locals>.get_or_set_cached_cell_and_set_connections" :: waited 0.000s {{(pid=71984) inner /opt/stack/data/venv/lib/python3.10/site-packages/oslo_concurrency/lockutils.py:410}}
Aug 22 07:16:37.542083 np0000032571 devstack@n-api.service[71984]: DEBUG oslo_concurrency.lockutils [None req-e411eea6-bfc3-4c97-8690-a32ae5e6bd20 None None] Lock "00000000-0000-0000-0000-000000000000" "released" by "nova.context.set_target_cell.<locals>.get_or_set_cached_cell_and_set_connections" :: held 0.000s {{(pid=71984) inner /opt/stack/data/venv/lib/python3.10/site-packages/oslo_concurrency/lockutils.py:424}}
Aug 22 07:16:37.542423 np0000032571 devstack@n-api.service[71984]: DEBUG oslo_concurrency.lockutils [None req-e411eea6-bfc3-4c97-8690-a32ae5e6bd20 None None] Acquiring lock "74ea0ea9-fcef-4cb3-9b67-34b2c780aeac" by "nova.context.set_target_cell.<locals>.get_or_set_cached_cell_and_set_connections" {{(pid=71984) inner /opt/stack/data/venv/lib/python3.10/site-packages/oslo_concurrency/lockutils.py:405}}
Aug 22 07:16:37.542576 np0000032571 devstack@n-api.service[71984]: DEBUG oslo_concurrency.lockutils [None req-e411eea6-bfc3-4c97-8690-a32ae5e6bd20 None None] Lock "74ea0ea9-fcef-4cb3-9b67-34b2c780aeac" acquired by "nova.context.set_target_cell.<locals>.get_or_set_cached_cell_and_set_connections" :: waited 0.000s {{(pid=71984) inner /opt/stack/data/venv/lib/python3.10/site-packages/oslo_concurrency/lockutils.py:410}}
Aug 22 07:16:37.543521 np0000032571 devstack@n-api.service[71984]: DEBUG oslo_concurrency.lockutils [None req-e411eea6-bfc3-4c97-8690-a32ae5e6bd20 None None] Lock "74ea0ea9-fcef-4cb3-9b67-34b2c780aeac" "released" by "nova.context.set_target_cell.<locals>.get_or_set_cached_cell_and_set_connections" :: held 0.001s {{(pid=71984) inner /opt/stack/data/venv/lib/python3.10/site-packages/oslo_concurrency/lockutils.py:424}}
Aug 22 07:16:37.544714 np0000032571 devstack@n-api.service[71984]: INFO dbcounter [None req-e411eea6-bfc3-4c97-8690-a32ae5e6bd20 None None] Registered counter for database nova_cell0
Aug 22 07:16:37.546777 np0000032571 devstack@n-api.service[71984]: INFO dbcounter [None req-e411eea6-bfc3-4c97-8690-a32ae5e6bd20 None None] Registered counter for database nova_cell1
Aug 22 07:16:37.550123 np0000032571 devstack@n-api.service[71984]: DEBUG oslo_db.sqlalchemy.engines [None req-e411eea6-bfc3-4c97-8690-a32ae5e6bd20 None None] MySQL server mode set to STRICT_TRANS_TABLES,STRICT_ALL_TABLES,NO_ZERO_IN_DATE,NO_ZERO_DATE,ERROR_FOR_DIVISION_BY_ZERO,TRADITIONAL,NO_ENGINE_SUBSTITUTION {{(pid=71984) _check_effective_sql_mode /opt/stack/data/venv/lib/python3.10/site-packages/oslo_db/sqlalchemy/engines.py:397}}
Aug 22 07:16:37.551666 np0000032571 devstack@n-api.service[71984]: DEBUG oslo_db.sqlalchemy.engines [None req-e411eea6-bfc3-4c97-8690-a32ae5e6bd20 None None] MySQL server mode set to STRICT_TRANS_TABLES,STRICT_ALL_TABLES,NO_ZERO_IN_DATE,NO_ZERO_DATE,ERROR_FOR_DIVISION_BY_ZERO,TRADITIONAL,NO_ENGINE_SUBSTITUTION {{(pid=71984) _check_effective_sql_mode /opt/stack/data/venv/lib/python3.10/site-packages/oslo_db/sqlalchemy/engines.py:397}}
Aug 22 07:16:37.586485 np0000032571 devstack@n-api.service[71983]: DEBUG oslo_db.sqlalchemy.engines [None req-7b24aa3b-4e4e-47b2-b442-4542354c5230 None None] MySQL server mode set to STRICT_TRANS_TABLES,STRICT_ALL_TABLES,NO_ZERO_IN_DATE,NO_ZERO_DATE,ERROR_FOR_DIVISION_BY_ZERO,TRADITIONAL,NO_ENGINE_SUBSTITUTION {{(pid=71983) _check_effective_sql_mode /opt/stack/data/venv/lib/python3.10/site-packages/oslo_db/sqlalchemy/engines.py:397}}
Aug 22 07:16:37.611195 np0000032571 devstack@n-api.service[71983]: DEBUG dbcounter [-] [71983] Writer thread running {{(pid=71983) stat_writer /opt/stack/data/venv/lib/python3.10/site-packages/dbcounter.py:102}}
Aug 22 07:16:37.612996 np0000032571 devstack@n-api.service[71983]: DEBUG nova.context [None req-7b24aa3b-4e4e-47b2-b442-4542354c5230 None None] Found 2 cells: 00000000-0000-0000-0000-000000000000(cell0),74ea0ea9-fcef-4cb3-9b67-34b2c780aeac(cell1) {{(pid=71983) load_cells /opt/stack/nova/nova/context.py:464}}
Aug 22 07:16:37.614623 np0000032571 devstack@n-api.service[71983]: DEBUG oslo_concurrency.lockutils [None req-7b24aa3b-4e4e-47b2-b442-4542354c5230 None None] Acquiring lock "00000000-0000-0000-0000-000000000000" by "nova.context.set_target_cell.<locals>.get_or_set_cached_cell_and_set_connections" {{(pid=71983) inner /opt/stack/data/venv/lib/python3.10/site-packages/oslo_concurrency/lockutils.py:405}}
Aug 22 07:16:37.614879 np0000032571 devstack@n-api.service[71983]: DEBUG oslo_concurrency.lockutils [None req-7b24aa3b-4e4e-47b2-b442-4542354c5230 None None] Lock "00000000-0000-0000-0000-000000000000" acquired by "nova.context.set_target_cell.<locals>.get_or_set_cached_cell_and_set_connections" :: waited 0.000s {{(pid=71983) inner /opt/stack/data/venv/lib/python3.10/site-packages/oslo_concurrency/lockutils.py:410}}
Aug 22 07:16:37.615333 np0000032571 devstack@n-api.service[71983]: DEBUG oslo_concurrency.lockutils [None req-7b24aa3b-4e4e-47b2-b442-4542354c5230 None None] Lock "00000000-0000-0000-0000-000000000000" "released" by "nova.context.set_target_cell.<locals>.get_or_set_cached_cell_and_set_connections" :: held 0.000s {{(pid=71983) inner /opt/stack/data/venv/lib/python3.10/site-packages/oslo_concurrency/lockutils.py:424}}
Aug 22 07:16:37.615732 np0000032571 devstack@n-api.service[71983]: DEBUG oslo_concurrency.lockutils [None req-7b24aa3b-4e4e-47b2-b442-4542354c5230 None None] Acquiring lock "74ea0ea9-fcef-4cb3-9b67-34b2c780aeac" by "nova.context.set_target_cell.<locals>.get_or_set_cached_cell_and_set_connections" {{(pid=71983) inner /opt/stack/data/venv/lib/python3.10/site-packages/oslo_concurrency/lockutils.py:405}}
Aug 22 07:16:37.615951 np0000032571 devstack@n-api.service[71983]: DEBUG oslo_concurrency.lockutils [None req-7b24aa3b-4e4e-47b2-b442-4542354c5230 None None] Lock "74ea0ea9-fcef-4cb3-9b67-34b2c780aeac" acquired by "nova.context.set_target_cell.<locals>.get_or_set_cached_cell_and_set_connections" :: waited 0.000s {{(pid=71983) inner /opt/stack/data/venv/lib/python3.10/site-packages/oslo_concurrency/lockutils.py:410}}
Aug 22 07:16:37.616938 np0000032571 devstack@n-api.service[71983]: DEBUG oslo_concurrency.lockutils [None req-7b24aa3b-4e4e-47b2-b442-4542354c5230 None None] Lock "74ea0ea9-fcef-4cb3-9b67-34b2c780aeac" "released" by "nova.context.set_target_cell.<locals>.get_or_set_cached_cell_and_set_connections" :: held 0.001s {{(pid=71983) inner /opt/stack/data/venv/lib/python3.10/site-packages/oslo_concurrency/lockutils.py:424}}
Aug 22 07:16:37.618166 np0000032571 devstack@n-api.service[71983]: INFO dbcounter [None req-7b24aa3b-4e4e-47b2-b442-4542354c5230 None None] Registered counter for database nova_cell0
Aug 22 07:16:37.619018 np0000032571 devstack@n-api.service[71984]: DEBUG dbcounter [-] [71984] Writer thread running {{(pid=71984) stat_writer /opt/stack/data/venv/lib/python3.10/site-packages/dbcounter.py:102}}
Aug 22 07:16:37.620237 np0000032571 devstack@n-api.service[71983]: INFO dbcounter [None req-7b24aa3b-4e4e-47b2-b442-4542354c5230 None None] Registered counter for database nova_cell1
Aug 22 07:16:37.622717 np0000032571 devstack@n-api.service[71984]: DEBUG dbcounter [-] [71984] Writer thread running {{(pid=71984) stat_writer /opt/stack/data/venv/lib/python3.10/site-packages/dbcounter.py:102}}
Aug 22 07:16:37.624485 np0000032571 devstack@n-api.service[71983]: DEBUG oslo_db.sqlalchemy.engines [None req-7b24aa3b-4e4e-47b2-b442-4542354c5230 None None] MySQL server mode set to STRICT_TRANS_TABLES,STRICT_ALL_TABLES,NO_ZERO_IN_DATE,NO_ZERO_DATE,ERROR_FOR_DIVISION_BY_ZERO,TRADITIONAL,NO_ENGINE_SUBSTITUTION {{(pid=71983) _check_effective_sql_mode /opt/stack/data/venv/lib/python3.10/site-packages/oslo_db/sqlalchemy/engines.py:397}}
Aug 22 07:16:37.624796 np0000032571 devstack@n-api.service[71984]: INFO dbcounter [None req-e411eea6-bfc3-4c97-8690-a32ae5e6bd20 None None] Registered counter for database nova_cell0
Aug 22 07:16:37.626089 np0000032571 devstack@n-api.service[71983]: DEBUG oslo_db.sqlalchemy.engines [None req-7b24aa3b-4e4e-47b2-b442-4542354c5230 None None] MySQL server mode set to STRICT_TRANS_TABLES,STRICT_ALL_TABLES,NO_ZERO_IN_DATE,NO_ZERO_DATE,ERROR_FOR_DIVISION_BY_ZERO,TRADITIONAL,NO_ENGINE_SUBSTITUTION {{(pid=71983) _check_effective_sql_mode /opt/stack/data/venv/lib/python3.10/site-packages/oslo_db/sqlalchemy/engines.py:397}}
Aug 22 07:16:37.628797 np0000032571 devstack@n-api.service[71984]: DEBUG oslo_db.sqlalchemy.engines [None req-e411eea6-bfc3-4c97-8690-a32ae5e6bd20 None None] MySQL server mode set to STRICT_TRANS_TABLES,STRICT_ALL_TABLES,NO_ZERO_IN_DATE,NO_ZERO_DATE,ERROR_FOR_DIVISION_BY_ZERO,TRADITIONAL,NO_ENGINE_SUBSTITUTION {{(pid=71984) _check_effective_sql_mode /opt/stack/data/venv/lib/python3.10/site-packages/oslo_db/sqlalchemy/engines.py:397}}
Aug 22 07:16:37.632948 np0000032571 devstack@n-api.service[71984]: DEBUG dbcounter [-] [71984] Writer thread running {{(pid=71984) stat_writer /opt/stack/data/venv/lib/python3.10/site-packages/dbcounter.py:102}}
Aug 22 07:16:37.693202 np0000032571 devstack@n-api.service[71983]: DEBUG dbcounter [-] [71983] Writer thread running {{(pid=71983) stat_writer /opt/stack/data/venv/lib/python3.10/site-packages/dbcounter.py:102}}
Aug 22 07:16:37.697064 np0000032571 devstack@n-api.service[71983]: DEBUG dbcounter [-] [71983] Writer thread running {{(pid=71983) stat_writer /opt/stack/data/venv/lib/python3.10/site-packages/dbcounter.py:102}}
Aug 22 07:16:37.699201 np0000032571 devstack@n-api.service[71983]: INFO dbcounter [None req-7b24aa3b-4e4e-47b2-b442-4542354c5230 None None] Registered counter for database nova_cell0
Aug 22 07:16:37.703458 np0000032571 devstack@n-api.service[71983]: DEBUG oslo_db.sqlalchemy.engines [None req-7b24aa3b-4e4e-47b2-b442-4542354c5230 None None] MySQL server mode set to STRICT_TRANS_TABLES,STRICT_ALL_TABLES,NO_ZERO_IN_DATE,NO_ZERO_DATE,ERROR_FOR_DIVISION_BY_ZERO,TRADITIONAL,NO_ENGINE_SUBSTITUTION {{(pid=71983) _check_effective_sql_mode /opt/stack/data/venv/lib/python3.10/site-packages/oslo_db/sqlalchemy/engines.py:397}}
Aug 22 07:16:37.707500 np0000032571 devstack@n-api.service[71983]: DEBUG dbcounter [-] [71983] Writer thread running {{(pid=71983) stat_writer /opt/stack/data/venv/lib/python3.10/site-packages/dbcounter.py:102}}
Aug 22 07:16:37.948487 np0000032571 devstack@n-api.service[71984]: DEBUG oslo_concurrency.processutils [None req-e411eea6-bfc3-4c97-8690-a32ae5e6bd20 None None] Running cmd (subprocess): grep -F node.session.scan /sbin/iscsiadm {{(pid=71984) execute /opt/stack/data/venv/lib/python3.10/site-packages/oslo_concurrency/processutils.py:349}}
Aug 22 07:16:37.955378 np0000032571 devstack@n-api.service[71984]: DEBUG oslo_concurrency.processutils [None req-e411eea6-bfc3-4c97-8690-a32ae5e6bd20 None None] CMD "grep -F node.session.scan /sbin/iscsiadm" returned: 0 in 0.007s {{(pid=71984) execute /opt/stack/data/venv/lib/python3.10/site-packages/oslo_concurrency/processutils.py:372}}
Aug 22 07:16:38.004600 np0000032571 devstack@n-api.service[71983]: DEBUG oslo_concurrency.processutils [None req-7b24aa3b-4e4e-47b2-b442-4542354c5230 None None] Running cmd (subprocess): grep -F node.session.scan /sbin/iscsiadm {{(pid=71983) execute /opt/stack/data/venv/lib/python3.10/site-packages/oslo_concurrency/processutils.py:349}}
Aug 22 07:16:38.011557 np0000032571 devstack@n-api.service[71983]: DEBUG oslo_concurrency.processutils [None req-7b24aa3b-4e4e-47b2-b442-4542354c5230 None None] CMD "grep -F node.session.scan /sbin/iscsiadm" returned: 0 in 0.007s {{(pid=71983) execute /opt/stack/data/venv/lib/python3.10/site-packages/oslo_concurrency/processutils.py:372}}
Aug 22 07:16:38.300612 np0000032571 devstack@n-api.service[71983]: WARNING keystonemiddleware.auth_token [None req-7b24aa3b-4e4e-47b2-b442-4542354c5230 None None] AuthToken middleware is set with keystone_authtoken.service_token_roles_required set to False. This is backwards compatible but deprecated behaviour. Please set this to True.
Aug 22 07:16:38.301428 np0000032571 devstack@n-api.service[71984]: WARNING keystonemiddleware.auth_token [None req-e411eea6-bfc3-4c97-8690-a32ae5e6bd20 None None] AuthToken middleware is set with keystone_authtoken.service_token_roles_required set to False. This is backwards compatible but deprecated behaviour. Please set this to True.
Aug 22 07:16:38.304296 np0000032571 devstack@n-api.service[71983]: WARNING keystonemiddleware.auth_token [None req-7b24aa3b-4e4e-47b2-b442-4542354c5230 None None] Configuring www_authenticate_uri to point to the public identity endpoint is required; clients may not be able to authenticate against an admin endpoint
Aug 22 07:16:38.304885 np0000032571 devstack@n-api.service[71984]: WARNING keystonemiddleware.auth_token [None req-e411eea6-bfc3-4c97-8690-a32ae5e6bd20 None None] Configuring www_authenticate_uri to point to the public identity endpoint is required; clients may not be able to authenticate against an admin endpoint
Aug 22 07:16:38.380175 np0000032571 devstack@n-api.service[71983]: WARNING keystonemiddleware.auth_token [None req-7b24aa3b-4e4e-47b2-b442-4542354c5230 None None] AuthToken middleware is set with keystone_authtoken.service_token_roles_required set to False. This is backwards compatible but deprecated behaviour. Please set this to True.
Aug 22 07:16:38.380681 np0000032571 devstack@n-api.service[71984]: WARNING keystonemiddleware.auth_token [None req-e411eea6-bfc3-4c97-8690-a32ae5e6bd20 None None] AuthToken middleware is set with keystone_authtoken.service_token_roles_required set to False. This is backwards compatible but deprecated behaviour. Please set this to True.
Aug 22 07:16:38.383256 np0000032571 devstack@n-api.service[71983]: WARNING keystonemiddleware.auth_token [None req-7b24aa3b-4e4e-47b2-b442-4542354c5230 None None] Configuring www_authenticate_uri to point to the public identity endpoint is required; clients may not be able to authenticate against an admin endpoint
Aug 22 07:16:38.383409 np0000032571 devstack@n-api.service[71984]: WARNING keystonemiddleware.auth_token [None req-e411eea6-bfc3-4c97-8690-a32ae5e6bd20 None None] Configuring www_authenticate_uri to point to the public identity endpoint is required; clients may not be able to authenticate against an admin endpoint
Aug 22 07:16:38.385318 np0000032571 devstack@n-api.service[71984]: WSGI app 0 (mountpoint='') ready in 2 seconds on interpreter 0x563a82f5bd70 pid: 71984 (default app)
Aug 22 07:16:38.385432 np0000032571 devstack@n-api.service[71983]: WSGI app 0 (mountpoint='') ready in 2 seconds on interpreter 0x563a82f5bd70 pid: 71983 (default app)
Aug 22 07:16:38.386250 np0000032571 devstack@n-api.service[71984]: DEBUG nova.api.openstack.wsgi [None req-e411eea6-bfc3-4c97-8690-a32ae5e6bd20 None None] Calling method '<bound method VersionsV2.index of <nova.api.openstack.compute.versions.VersionsV2 object at 0x7f65cd6a5ab0>>' {{(pid=71984) _process_stack /opt/stack/nova/nova/api/openstack/wsgi.py:556}}
Aug 22 07:16:38.389116 np0000032571 devstack@n-api.service[71984]: INFO nova.api.openstack.requestlog [None req-e411eea6-bfc3-4c97-8690-a32ae5e6bd20 None None] 192.168.1.122 "GET /compute/v2.1/" status: 200 len: 391 microversion: 2.1 time: 0.003083
Aug 22 07:16:38.389307 np0000032571 devstack@n-api.service[71984]: [pid: 71984|app: 0|req: 1/1] 192.168.1.122 () {50 vars in 783 bytes} [Fri Aug 22 07:16:38 2025] GET /compute/v2.1/ => generated 391 bytes in 3 msecs (HTTP/1.1 200) 9 headers in 357 bytes (1 switches on core 0)
Aug 22 07:17:11.223712 np0000032571 devstack@n-api.service[71983]: DEBUG nova.api.openstack.wsgi [None req-7b24aa3b-4e4e-47b2-b442-4542354c5230 None None] Calling method '<bound method VersionsV2.index of <nova.api.openstack.compute.versions.VersionsV2 object at 0x7f65ce73dea0>>' {{(pid=71983) _process_stack /opt/stack/nova/nova/api/openstack/wsgi.py:556}}
Aug 22 07:17:11.227366 np0000032571 devstack@n-api.service[71983]: INFO nova.api.openstack.requestlog [None req-7b24aa3b-4e4e-47b2-b442-4542354c5230 None None] 192.168.1.122 "GET /compute/v2.1" status: 200 len: 392 microversion: 2.1 time: 0.004043
Aug 22 07:17:11.227710 np0000032571 devstack@n-api.service[71983]: [pid: 71983|app: 0|req: 1/2] 192.168.1.122 () {62 vars in 1068 bytes} [Fri Aug 22 07:17:11 2025] GET /compute/v2.1 => generated 392 bytes in 5 msecs (HTTP/1.1 200) 9 headers in 357 bytes (1 switches on core 0)
Aug 22 07:17:11.237455 np0000032571 devstack@n-api.service[71984]: DEBUG dbcounter [-] [71984] Writing DB stats nova_api:SELECT=1 {{(pid=71984) stat_writer /opt/stack/data/venv/lib/python3.10/site-packages/dbcounter.py:115}}
Aug 22 07:17:11.238535 np0000032571 devstack@n-api.service[71984]: DEBUG dbcounter [-] [71984] Writing DB stats nova_cell1:SELECT=1 {{(pid=71984) stat_writer /opt/stack/data/venv/lib/python3.10/site-packages/dbcounter.py:115}}
Aug 22 07:17:11.239081 np0000032571 devstack@n-api.service[71984]: DEBUG dbcounter [-] [71984] Writing DB stats nova_cell0:SELECT=1 {{(pid=71984) stat_writer /opt/stack/data/venv/lib/python3.10/site-packages/dbcounter.py:115}}
Aug 22 07:17:11.239523 np0000032571 devstack@n-api.service[71984]: DEBUG dbcounter [-] [71984] Writing DB stats nova_cell0:SELECT=2,nova_cell0:INSERT=1 {{(pid=71984) stat_writer /opt/stack/data/venv/lib/python3.10/site-packages/dbcounter.py:115}}
Aug 22 07:17:11.398953 np0000032571 devstack@n-api.service[71984]: DEBUG nova.api.openstack.wsgi [None req-0fbdc15d-e3b1-4c64-b22b-914c83c35c82 admin admin] Calling method '<bound method FlavorsController.detail of <nova.api.openstack.compute.flavors.FlavorsController object at 0x7f65cc11f040>>' {{(pid=71984) _process_stack /opt/stack/nova/nova/api/openstack/wsgi.py:556}}
Aug 22 07:17:11.417998 np0000032571 devstack@n-api.service[71984]: INFO nova.api.openstack.requestlog [None req-0fbdc15d-e3b1-4c64-b22b-914c83c35c82 admin admin] 192.168.1.122 "GET /compute/v2.1/flavors/detail?is_public=True" status: 200 len: 15 microversion: 2.61 time: 0.184190
Aug 22 07:17:11.418297 np0000032571 devstack@n-api.service[71984]: [pid: 71984|app: 0|req: 2/3] 192.168.1.122 () {68 vars in 1429 bytes} [Fri Aug 22 07:17:11 2025] GET /compute/v2.1/flavors/detail?is_public=True => generated 15 bytes in 185 msecs (HTTP/1.1 200) 9 headers in 358 bytes (1 switches on core 0)
Aug 22 07:17:11.508058 np0000032571 devstack@n-api.service[71983]: DEBUG nova.api.openstack.wsgi [None req-7b24aa3b-4e4e-47b2-b442-4542354c5230 None None] Calling method '<bound method VersionsV2.index of <nova.api.openstack.compute.versions.VersionsV2 object at 0x7f65ce73dea0>>' {{(pid=71983) _process_stack /opt/stack/nova/nova/api/openstack/wsgi.py:556}}
Aug 22 07:17:11.510772 np0000032571 devstack@n-api.service[71983]: INFO nova.api.openstack.requestlog [None req-7b24aa3b-4e4e-47b2-b442-4542354c5230 None None] 192.168.1.122 "GET /compute/v2.1" status: 200 len: 392 microversion: 2.1 time: 0.002910
Aug 22 07:17:11.510961 np0000032571 devstack@n-api.service[71983]: [pid: 71983|app: 0|req: 2/4] 192.168.1.122 () {62 vars in 1068 bytes} [Fri Aug 22 07:17:11 2025] GET /compute/v2.1 => generated 392 bytes in 3 msecs (HTTP/1.1 200) 9 headers in 357 bytes (1 switches on core 0)
Aug 22 07:17:11.539313 np0000032571 devstack@n-api.service[71984]: DEBUG nova.api.openstack.wsgi [None req-4095c105-d2e0-48d8-be31-a50501e63d95 admin admin] Action: 'create', calling method: <bound method FlavorsController.create of <nova.api.openstack.compute.flavors.FlavorsController object at 0x7f65cc11dea0>>, body: {"flavor": {"name": "cirros256", "rxtx_factor": 1.0, "vcpus": 1, "id": "c1", "ram": 256, "OS-FLV-EXT-DATA:ephemeral": 0, "swap": 0, "os-flavor-access:is_public": true, "disk": 1}} {{(pid=71984) _process_stack /opt/stack/nova/nova/api/openstack/wsgi.py:554}}
Aug 22 07:17:11.568886 np0000032571 devstack@n-api.service[71984]: INFO nova.api.openstack.requestlog [None req-4095c105-d2e0-48d8-be31-a50501e63d95 admin admin] 192.168.1.122 "POST /compute/v2.1/flavors" status: 200 len: 413 microversion: 2.61 time: 0.051792
Aug 22 07:17:11.569202 np0000032571 devstack@n-api.service[71984]: [pid: 71984|app: 0|req: 3/5] 192.168.1.122 () {72 vars in 1420 bytes} [Fri Aug 22 07:17:11 2025] POST /compute/v2.1/flavors => generated 413 bytes in 52 msecs (HTTP/1.1 200) 9 headers in 359 bytes (1 switches on core 0)
Aug 22 07:17:11.647600 np0000032571 devstack@n-api.service[71983]: DEBUG nova.api.openstack.wsgi [None req-9576c1b0-b366-4622-ad42-d4c02ede84f3 admin admin] Action: 'create', calling method: <bound method FlavorExtraSpecsController.create of <nova.api.openstack.compute.flavors_extraspecs.FlavorExtraSpecsController object at 0x7f65cc130070>>, body: {"extra_specs": {"hw_rng:allowed": "True"}} {{(pid=71983) _process_stack /opt/stack/nova/nova/api/openstack/wsgi.py:554}}
Aug 22 07:17:11.650998 np0000032571 devstack@n-api.service[71983]: DEBUG dbcounter [-] [71983] Writing DB stats nova_api:SELECT=1 {{(pid=71983) stat_writer /opt/stack/data/venv/lib/python3.10/site-packages/dbcounter.py:115}}
Aug 22 07:17:11.651479 np0000032571 devstack@n-api.service[71983]: DEBUG dbcounter [-] [71983] Writing DB stats nova_cell0:SELECT=1 {{(pid=71983) stat_writer /opt/stack/data/venv/lib/python3.10/site-packages/dbcounter.py:115}}
Aug 22 07:17:11.651829 np0000032571 devstack@n-api.service[71983]: DEBUG dbcounter [-] [71983] Writing DB stats nova_cell1:SELECT=1 {{(pid=71983) stat_writer /opt/stack/data/venv/lib/python3.10/site-packages/dbcounter.py:115}}
Aug 22 07:17:11.652143 np0000032571 devstack@n-api.service[71983]: DEBUG dbcounter [-] [71983] Writing DB stats nova_cell0:SELECT=1 {{(pid=71983) stat_writer /opt/stack/data/venv/lib/python3.10/site-packages/dbcounter.py:115}}
Aug 22 07:17:11.680290 np0000032571 devstack@n-api.service[71983]: INFO nova.api.openstack.requestlog [None req-9576c1b0-b366-4622-ad42-d4c02ede84f3 admin admin] 192.168.1.122 "POST /compute/v2.1/flavors/c1/os-extra_specs" status: 200 len: 43 microversion: 2.61 time: 0.103218
Aug 22 07:17:11.680561 np0000032571 devstack@n-api.service[71983]: [pid: 71983|app: 0|req: 3/6] 192.168.1.122 () {72 vars in 1473 bytes} [Fri Aug 22 07:17:11 2025] POST /compute/v2.1/flavors/c1/os-extra_specs => generated 43 bytes in 104 msecs (HTTP/1.1 200) 9 headers in 358 bytes (1 switches on core 0)
Aug 22 07:17:11.788224 np0000032571 devstack@n-api.service[71984]: DEBUG nova.api.openstack.wsgi [None req-4095c105-d2e0-48d8-be31-a50501e63d95 admin admin] Calling method '<bound method VersionsV2.index of <nova.api.openstack.compute.versions.VersionsV2 object at 0x7f65cd6a5ab0>>' {{(pid=71984) _process_stack /opt/stack/nova/nova/api/openstack/wsgi.py:556}}
Aug 22 07:17:11.792089 np0000032571 devstack@n-api.service[71984]: INFO nova.api.openstack.requestlog [None req-4095c105-d2e0-48d8-be31-a50501e63d95 admin admin] 192.168.1.122 "GET /compute/v2.1" status: 200 len: 392 microversion: 2.1 time: 0.004137
Aug 22 07:17:11.792609 np0000032571 devstack@n-api.service[71984]: [pid: 71984|app: 0|req: 4/7] 192.168.1.122 () {62 vars in 1068 bytes} [Fri Aug 22 07:17:11 2025] GET /compute/v2.1 => generated 392 bytes in 5 msecs (HTTP/1.1 200) 9 headers in 357 bytes (1 switches on core 0)
Aug 22 07:17:11.851842 np0000032571 devstack@n-api.service[71983]: DEBUG nova.api.openstack.wsgi [None req-2ae4e044-d11f-4c6d-9e36-fe967acd833d admin admin] Action: 'create', calling method: <bound method FlavorsController.create of <nova.api.openstack.compute.flavors.FlavorsController object at 0x7f65cc105000>>, body: {"flavor": {"name": "ds512M", "rxtx_factor": 1.0, "vcpus": 1, "id": "d1", "ram": 512, "OS-FLV-EXT-DATA:ephemeral": 0, "swap": 0, "os-flavor-access:is_public": true, "disk": 5}} {{(pid=71983) _process_stack /opt/stack/nova/nova/api/openstack/wsgi.py:554}}
Aug 22 07:17:11.870506 np0000032571 devstack@n-api.service[71983]: INFO nova.api.openstack.requestlog [None req-2ae4e044-d11f-4c6d-9e36-fe967acd833d admin admin] 192.168.1.122 "POST /compute/v2.1/flavors" status: 200 len: 410 microversion: 2.61 time: 0.071630
Aug 22 07:17:11.871027 np0000032571 devstack@n-api.service[71983]: [pid: 71983|app: 0|req: 4/8] 192.168.1.122 () {72 vars in 1420 bytes} [Fri Aug 22 07:17:11 2025] POST /compute/v2.1/flavors => generated 410 bytes in 72 msecs (HTTP/1.1 200) 9 headers in 359 bytes (1 switches on core 0)
Aug 22 07:17:11.884484 np0000032571 devstack@n-api.service[71984]: DEBUG nova.api.openstack.wsgi [None req-3fe3831c-6b04-4a14-b76c-f49edfabce92 admin admin] Action: 'create', calling method: <bound method FlavorExtraSpecsController.create of <nova.api.openstack.compute.flavors_extraspecs.FlavorExtraSpecsController object at 0x7f65cc144f10>>, body: {"extra_specs": {"hw_rng:allowed": "True"}} {{(pid=71984) _process_stack /opt/stack/nova/nova/api/openstack/wsgi.py:554}}
Aug 22 07:17:11.907645 np0000032571 devstack@n-api.service[71984]: INFO nova.api.openstack.requestlog [None req-3fe3831c-6b04-4a14-b76c-f49edfabce92 admin admin] 192.168.1.122 "POST /compute/v2.1/flavors/d1/os-extra_specs" status: 200 len: 43 microversion: 2.61 time: 0.025470
Aug 22 07:17:11.907964 np0000032571 devstack@n-api.service[71984]: [pid: 71984|app: 0|req: 5/9] 192.168.1.122 () {72 vars in 1473 bytes} [Fri Aug 22 07:17:11 2025] POST /compute/v2.1/flavors/d1/os-extra_specs => generated 43 bytes in 26 msecs (HTTP/1.1 200) 9 headers in 358 bytes (1 switches on core 0)
Aug 22 07:17:11.998945 np0000032571 devstack@n-api.service[71983]: DEBUG nova.api.openstack.wsgi [None req-2ae4e044-d11f-4c6d-9e36-fe967acd833d admin admin] Calling method '<bound method VersionsV2.index of <nova.api.openstack.compute.versions.VersionsV2 object at 0x7f65ce73dea0>>' {{(pid=71983) _process_stack /opt/stack/nova/nova/api/openstack/wsgi.py:556}}
Aug 22 07:17:12.001590 np0000032571 devstack@n-api.service[71983]: INFO nova.api.openstack.requestlog [None req-2ae4e044-d11f-4c6d-9e36-fe967acd833d admin admin] 192.168.1.122 "GET /compute/v2.1" status: 200 len: 392 microversion: 2.1 time: 0.002842
Aug 22 07:17:12.001830 np0000032571 devstack@n-api.service[71983]: [pid: 71983|app: 0|req: 5/10] 192.168.1.122 () {62 vars in 1068 bytes} [Fri Aug 22 07:17:11 2025] GET /compute/v2.1 => generated 392 bytes in 3 msecs (HTTP/1.1 200) 9 headers in 357 bytes (1 switches on core 0)
Aug 22 07:17:12.028524 np0000032571 devstack@n-api.service[71984]: DEBUG nova.api.openstack.wsgi [None req-ce5ea99f-8dc5-4ee8-bbfe-769868bc9169 admin admin] Action: 'create', calling method: <bound method FlavorsController.create of <nova.api.openstack.compute.flavors.FlavorsController object at 0x7f65cc11dea0>>, body: {"flavor": {"name": "ds1G", "rxtx_factor": 1.0, "vcpus": 1, "id": "d2", "ram": 1024, "OS-FLV-EXT-DATA:ephemeral": 0, "swap": 0, "os-flavor-access:is_public": true, "disk": 10}} {{(pid=71984) _process_stack /opt/stack/nova/nova/api/openstack/wsgi.py:554}}
Aug 22 07:17:12.042448 np0000032571 devstack@n-api.service[71984]: INFO nova.api.openstack.requestlog [None req-ce5ea99f-8dc5-4ee8-bbfe-769868bc9169 admin admin] 192.168.1.122 "POST /compute/v2.1/flavors" status: 200 len: 410 microversion: 2.61 time: 0.034931
Aug 22 07:17:12.042765 np0000032571 devstack@n-api.service[71984]: [pid: 71984|app: 0|req: 6/11] 192.168.1.122 () {72 vars in 1420 bytes} [Fri Aug 22 07:17:12 2025] POST /compute/v2.1/flavors => generated 410 bytes in 35 msecs (HTTP/1.1 200) 9 headers in 359 bytes (1 switches on core 0)
Aug 22 07:17:12.054956 np0000032571 devstack@n-api.service[71983]: DEBUG nova.api.openstack.wsgi [None req-6a58fb44-4f95-4e3c-944f-8587e8d60196 admin admin] Action: 'create', calling method: <bound method FlavorExtraSpecsController.create of <nova.api.openstack.compute.flavors_extraspecs.FlavorExtraSpecsController object at 0x7f65cc130070>>, body: {"extra_specs": {"hw_rng:allowed": "True"}} {{(pid=71983) _process_stack /opt/stack/nova/nova/api/openstack/wsgi.py:554}}
Aug 22 07:17:12.068810 np0000032571 devstack@n-api.service[71983]: INFO nova.api.openstack.requestlog [None req-6a58fb44-4f95-4e3c-944f-8587e8d60196 admin admin] 192.168.1.122 "POST /compute/v2.1/flavors/d2/os-extra_specs" status: 200 len: 43 microversion: 2.61 time: 0.015738
Aug 22 07:17:12.069072 np0000032571 devstack@n-api.service[71983]: [pid: 71983|app: 0|req: 6/12] 192.168.1.122 () {72 vars in 1473 bytes} [Fri Aug 22 07:17:12 2025] POST /compute/v2.1/flavors/d2/os-extra_specs => generated 43 bytes in 16 msecs (HTTP/1.1 200) 9 headers in 358 bytes (1 switches on core 0)
Aug 22 07:17:12.160508 np0000032571 devstack@n-api.service[71984]: DEBUG nova.api.openstack.wsgi [None req-ce5ea99f-8dc5-4ee8-bbfe-769868bc9169 admin admin] Calling method '<bound method VersionsV2.index of <nova.api.openstack.compute.versions.VersionsV2 object at 0x7f65cd6a5ab0>>' {{(pid=71984) _process_stack /opt/stack/nova/nova/api/openstack/wsgi.py:556}}
Aug 22 07:17:12.164238 np0000032571 devstack@n-api.service[71984]: INFO nova.api.openstack.requestlog [None req-ce5ea99f-8dc5-4ee8-bbfe-769868bc9169 admin admin] 192.168.1.122 "GET /compute/v2.1" status: 200 len: 392 microversion: 2.1 time: 0.003992
Aug 22 07:17:12.164652 np0000032571 devstack@n-api.service[71984]: [pid: 71984|app: 0|req: 7/13] 192.168.1.122 () {62 vars in 1068 bytes} [Fri Aug 22 07:17:12 2025] GET /compute/v2.1 => generated 392 bytes in 4 msecs (HTTP/1.1 200) 9 headers in 357 bytes (1 switches on core 0)
Aug 22 07:17:12.194863 np0000032571 devstack@n-api.service[71983]: DEBUG nova.api.openstack.wsgi [None req-18f77a44-de76-4f40-afea-f244c7a80f3a admin admin] Action: 'create', calling method: <bound method FlavorsController.create of <nova.api.openstack.compute.flavors.FlavorsController object at 0x7f65cc105000>>, body: {"flavor": {"name": "ds2G", "rxtx_factor": 1.0, "vcpus": 2, "id": "d3", "ram": 2048, "OS-FLV-EXT-DATA:ephemeral": 0, "swap": 0, "os-flavor-access:is_public": true, "disk": 10}} {{(pid=71983) _process_stack /opt/stack/nova/nova/api/openstack/wsgi.py:554}}
Aug 22 07:17:12.212378 np0000032571 devstack@n-api.service[71983]: INFO nova.api.openstack.requestlog [None req-18f77a44-de76-4f40-afea-f244c7a80f3a admin admin] 192.168.1.122 "POST /compute/v2.1/flavors" status: 200 len: 410 microversion: 2.61 time: 0.041916
Aug 22 07:17:12.213157 np0000032571 devstack@n-api.service[71983]: [pid: 71983|app: 0|req: 7/14] 192.168.1.122 () {72 vars in 1420 bytes} [Fri Aug 22 07:17:12 2025] POST /compute/v2.1/flavors => generated 410 bytes in 43 msecs (HTTP/1.1 200) 9 headers in 359 bytes (1 switches on core 0)
Aug 22 07:17:12.226465 np0000032571 devstack@n-api.service[71984]: DEBUG nova.api.openstack.wsgi [None req-7440bb34-aca7-496a-8267-8db90be03d46 admin admin] Action: 'create', calling method: <bound method FlavorExtraSpecsController.create of <nova.api.openstack.compute.flavors_extraspecs.FlavorExtraSpecsController object at 0x7f65cc144f10>>, body: {"extra_specs": {"hw_rng:allowed": "True"}} {{(pid=71984) _process_stack /opt/stack/nova/nova/api/openstack/wsgi.py:554}}
Aug 22 07:17:12.238974 np0000032571 devstack@n-api.service[71984]: INFO nova.api.openstack.requestlog [None req-7440bb34-aca7-496a-8267-8db90be03d46 admin admin] 192.168.1.122 "POST /compute/v2.1/flavors/d3/os-extra_specs" status: 200 len: 43 microversion: 2.61 time: 0.014279
Aug 22 07:17:12.239337 np0000032571 devstack@n-api.service[71984]: [pid: 71984|app: 0|req: 8/15] 192.168.1.122 () {72 vars in 1473 bytes} [Fri Aug 22 07:17:12 2025] POST /compute/v2.1/flavors/d3/os-extra_specs => generated 43 bytes in 15 msecs (HTTP/1.1 200) 9 headers in 358 bytes (1 switches on core 0)
Aug 22 07:17:12.331853 np0000032571 devstack@n-api.service[71983]: DEBUG nova.api.openstack.wsgi [None req-18f77a44-de76-4f40-afea-f244c7a80f3a admin admin] Calling method '<bound method VersionsV2.index of <nova.api.openstack.compute.versions.VersionsV2 object at 0x7f65ce73dea0>>' {{(pid=71983) _process_stack /opt/stack/nova/nova/api/openstack/wsgi.py:556}}
Aug 22 07:17:12.334485 np0000032571 devstack@n-api.service[71983]: INFO nova.api.openstack.requestlog [None req-18f77a44-de76-4f40-afea-f244c7a80f3a admin admin] 192.168.1.122 "GET /compute/v2.1" status: 200 len: 392 microversion: 2.1 time: 0.002815
Aug 22 07:17:12.334668 np0000032571 devstack@n-api.service[71983]: [pid: 71983|app: 0|req: 8/16] 192.168.1.122 () {62 vars in 1068 bytes} [Fri Aug 22 07:17:12 2025] GET /compute/v2.1 => generated 392 bytes in 3 msecs (HTTP/1.1 200) 9 headers in 357 bytes (1 switches on core 0)
Aug 22 07:17:12.366860 np0000032571 devstack@n-api.service[71984]: DEBUG nova.api.openstack.wsgi [None req-b1925f61-0844-48f3-9684-c96409e26f6e admin admin] Action: 'create', calling method: <bound method FlavorsController.create of <nova.api.openstack.compute.flavors.FlavorsController object at 0x7f65cc11dea0>>, body: {"flavor": {"name": "ds4G", "rxtx_factor": 1.0, "vcpus": 4, "id": "d4", "ram": 4096, "OS-FLV-EXT-DATA:ephemeral": 0, "swap": 0, "os-flavor-access:is_public": true, "disk": 20}} {{(pid=71984) _process_stack /opt/stack/nova/nova/api/openstack/wsgi.py:554}}
Aug 22 07:17:12.380618 np0000032571 devstack@n-api.service[71984]: INFO nova.api.openstack.requestlog [None req-b1925f61-0844-48f3-9684-c96409e26f6e admin admin] 192.168.1.122 "POST /compute/v2.1/flavors" status: 200 len: 410 microversion: 2.61 time: 0.040363
Aug 22 07:17:12.380874 np0000032571 devstack@n-api.service[71984]: [pid: 71984|app: 0|req: 9/17] 192.168.1.122 () {72 vars in 1420 bytes} [Fri Aug 22 07:17:12 2025] POST /compute/v2.1/flavors => generated 410 bytes in 41 msecs (HTTP/1.1 200) 9 headers in 359 bytes (1 switches on core 0)
Aug 22 07:17:12.390438 np0000032571 devstack@n-api.service[71983]: DEBUG nova.api.openstack.wsgi [None req-bcca049a-5646-4081-af19-d51cf4ac27a6 admin admin] Action: 'create', calling method: <bound method FlavorExtraSpecsController.create of <nova.api.openstack.compute.flavors_extraspecs.FlavorExtraSpecsController object at 0x7f65cc130070>>, body: {"extra_specs": {"hw_rng:allowed": "True"}} {{(pid=71983) _process_stack /opt/stack/nova/nova/api/openstack/wsgi.py:554}}
Aug 22 07:17:12.405003 np0000032571 devstack@n-api.service[71983]: INFO nova.api.openstack.requestlog [None req-bcca049a-5646-4081-af19-d51cf4ac27a6 admin admin] 192.168.1.122 "POST /compute/v2.1/flavors/d4/os-extra_specs" status: 200 len: 43 microversion: 2.61 time: 0.016518
Aug 22 07:17:12.405448 np0000032571 devstack@n-api.service[71983]: [pid: 71983|app: 0|req: 9/18] 192.168.1.122 () {72 vars in 1473 bytes} [Fri Aug 22 07:17:12 2025] POST /compute/v2.1/flavors/d4/os-extra_specs => generated 43 bytes in 17 msecs (HTTP/1.1 200) 9 headers in 358 bytes (1 switches on core 0)
Aug 22 07:17:12.501520 np0000032571 devstack@n-api.service[71984]: DEBUG nova.api.openstack.wsgi [None req-b1925f61-0844-48f3-9684-c96409e26f6e admin admin] Calling method '<bound method VersionsV2.index of <nova.api.openstack.compute.versions.VersionsV2 object at 0x7f65cd6a5ab0>>' {{(pid=71984) _process_stack /opt/stack/nova/nova/api/openstack/wsgi.py:556}}
Aug 22 07:17:12.504110 np0000032571 devstack@n-api.service[71984]: INFO nova.api.openstack.requestlog [None req-b1925f61-0844-48f3-9684-c96409e26f6e admin admin] 192.168.1.122 "GET /compute/v2.1" status: 200 len: 392 microversion: 2.1 time: 0.002787
Aug 22 07:17:12.504300 np0000032571 devstack@n-api.service[71984]: [pid: 71984|app: 0|req: 10/19] 192.168.1.122 () {62 vars in 1068 bytes} [Fri Aug 22 07:17:12 2025] GET /compute/v2.1 => generated 392 bytes in 3 msecs (HTTP/1.1 200) 9 headers in 357 bytes (1 switches on core 0)
Aug 22 07:17:12.529625 np0000032571 devstack@n-api.service[71983]: DEBUG nova.api.openstack.wsgi [None req-a7c3524e-e16e-4c34-890c-263d652f92dd admin admin] Calling method '<bound method FlavorsController.detail of <nova.api.openstack.compute.flavors.FlavorsController object at 0x7f65cc1061a0>>' {{(pid=71983) _process_stack /opt/stack/nova/nova/api/openstack/wsgi.py:556}}
Aug 22 07:17:12.544266 np0000032571 devstack@n-api.service[71983]: INFO nova.api.openstack.requestlog [None req-a7c3524e-e16e-4c34-890c-263d652f92dd admin admin] 192.168.1.122 "GET /compute/v2.1/flavors/detail?is_public=True" status: 200 len: 2136 microversion: 2.61 time: 0.034220
Aug 22 07:17:12.544590 np0000032571 devstack@n-api.service[71983]: [pid: 71983|app: 0|req: 10/20] 192.168.1.122 () {68 vars in 1429 bytes} [Fri Aug 22 07:17:12 2025] GET /compute/v2.1/flavors/detail?is_public=True => generated 2136 bytes in 35 msecs (HTTP/1.1 200) 9 headers in 360 bytes (1 switches on core 0)
Aug 22 07:17:12.635920 np0000032571 devstack@n-api.service[71984]: DEBUG nova.api.openstack.wsgi [None req-b1925f61-0844-48f3-9684-c96409e26f6e admin admin] Calling method '<bound method VersionsV2.index of <nova.api.openstack.compute.versions.VersionsV2 object at 0x7f65cd6a5ab0>>' {{(pid=71984) _process_stack /opt/stack/nova/nova/api/openstack/wsgi.py:556}}
Aug 22 07:17:12.638521 np0000032571 devstack@n-api.service[71984]: INFO nova.api.openstack.requestlog [None req-b1925f61-0844-48f3-9684-c96409e26f6e admin admin] 192.168.1.122 "GET /compute/v2.1" status: 200 len: 392 microversion: 2.1 time: 0.002739
Aug 22 07:17:12.638702 np0000032571 devstack@n-api.service[71984]: [pid: 71984|app: 0|req: 11/21] 192.168.1.122 () {62 vars in 1068 bytes} [Fri Aug 22 07:17:12 2025] GET /compute/v2.1 => generated 392 bytes in 3 msecs (HTTP/1.1 200) 9 headers in 357 bytes (1 switches on core 0)
Aug 22 07:17:12.675195 np0000032571 devstack@n-api.service[71983]: DEBUG nova.api.openstack.wsgi [None req-953076fb-c71e-4624-98b3-37b54e5c6001 admin admin] Action: 'create', calling method: <bound method FlavorsController.create of <nova.api.openstack.compute.flavors.FlavorsController object at 0x7f65cc105000>>, body: {"flavor": {"name": "m1.tiny", "rxtx_factor": 1.0, "vcpus": 1, "id": "1", "ram": 512, "OS-FLV-EXT-DATA:ephemeral": 0, "swap": 0, "os-flavor-access:is_public": true, "disk": 1}} {{(pid=71983) _process_stack /opt/stack/nova/nova/api/openstack/wsgi.py:554}}
Aug 22 07:17:12.692255 np0000032571 devstack@n-api.service[71983]: INFO nova.api.openstack.requestlog [None req-953076fb-c71e-4624-98b3-37b54e5c6001 admin admin] 192.168.1.122 "POST /compute/v2.1/flavors" status: 200 len: 408 microversion: 2.61 time: 0.047426
Aug 22 07:17:12.692527 np0000032571 devstack@n-api.service[71983]: [pid: 71983|app: 0|req: 11/22] 192.168.1.122 () {72 vars in 1420 bytes} [Fri Aug 22 07:17:12 2025] POST /compute/v2.1/flavors => generated 408 bytes in 48 msecs (HTTP/1.1 200) 9 headers in 359 bytes (1 switches on core 0)
Aug 22 07:17:12.702738 np0000032571 devstack@n-api.service[71984]: DEBUG nova.api.openstack.wsgi [None req-e7495cbe-70f2-488e-9f30-853ca86ec47b admin admin] Action: 'create', calling method: <bound method FlavorExtraSpecsController.create of <nova.api.openstack.compute.flavors_extraspecs.FlavorExtraSpecsController object at 0x7f65cc144f10>>, body: {"extra_specs": {"hw_rng:allowed": "True"}} {{(pid=71984) _process_stack /opt/stack/nova/nova/api/openstack/wsgi.py:554}}
Aug 22 07:17:12.716717 np0000032571 devstack@n-api.service[71984]: INFO nova.api.openstack.requestlog [None req-e7495cbe-70f2-488e-9f30-853ca86ec47b admin admin] 192.168.1.122 "POST /compute/v2.1/flavors/1/os-extra_specs" status: 200 len: 43 microversion: 2.61 time: 0.015793
Aug 22 07:17:12.716983 np0000032571 devstack@n-api.service[71984]: [pid: 71984|app: 0|req: 12/23] 192.168.1.122 () {72 vars in 1470 bytes} [Fri Aug 22 07:17:12 2025] POST /compute/v2.1/flavors/1/os-extra_specs => generated 43 bytes in 16 msecs (HTTP/1.1 200) 9 headers in 358 bytes (1 switches on core 0)
Aug 22 07:17:12.831441 np0000032571 devstack@n-api.service[71983]: DEBUG nova.api.openstack.wsgi [None req-953076fb-c71e-4624-98b3-37b54e5c6001 admin admin] Calling method '<bound method VersionsV2.index of <nova.api.openstack.compute.versions.VersionsV2 object at 0x7f65ce73dea0>>' {{(pid=71983) _process_stack /opt/stack/nova/nova/api/openstack/wsgi.py:556}}
Aug 22 07:17:12.834368 np0000032571 devstack@n-api.service[71983]: INFO nova.api.openstack.requestlog [None req-953076fb-c71e-4624-98b3-37b54e5c6001 admin admin] 192.168.1.122 "GET /compute/v2.1" status: 200 len: 392 microversion: 2.1 time: 0.003123
Aug 22 07:17:12.834573 np0000032571 devstack@n-api.service[71983]: [pid: 71983|app: 0|req: 12/24] 192.168.1.122 () {62 vars in 1068 bytes} [Fri Aug 22 07:17:12 2025] GET /compute/v2.1 => generated 392 bytes in 3 msecs (HTTP/1.1 200) 9 headers in 357 bytes (1 switches on core 0)
Aug 22 07:17:12.864314 np0000032571 devstack@n-api.service[71984]: DEBUG nova.api.openstack.wsgi [None req-bf5017a8-e839-40c4-af4c-1e30566d5d6f admin admin] Action: 'create', calling method: <bound method FlavorsController.create of <nova.api.openstack.compute.flavors.FlavorsController object at 0x7f65cc11dea0>>, body: {"flavor": {"name": "m1.small", "rxtx_factor": 1.0, "vcpus": 1, "id": "2", "ram": 2048, "OS-FLV-EXT-DATA:ephemeral": 0, "swap": 0, "os-flavor-access:is_public": true, "disk": 20}} {{(pid=71984) _process_stack /opt/stack/nova/nova/api/openstack/wsgi.py:554}}
Aug 22 07:17:12.878123 np0000032571 devstack@n-api.service[71984]: INFO nova.api.openstack.requestlog [None req-bf5017a8-e839-40c4-af4c-1e30566d5d6f admin admin] 192.168.1.122 "POST /compute/v2.1/flavors" status: 200 len: 411 microversion: 2.61 time: 0.037174
Aug 22 07:17:12.878426 np0000032571 devstack@n-api.service[71984]: [pid: 71984|app: 0|req: 13/25] 192.168.1.122 () {72 vars in 1420 bytes} [Fri Aug 22 07:17:12 2025] POST /compute/v2.1/flavors => generated 411 bytes in 38 msecs (HTTP/1.1 200) 9 headers in 359 bytes (1 switches on core 0)
Aug 22 07:17:12.887829 np0000032571 devstack@n-api.service[71983]: DEBUG nova.api.openstack.wsgi [None req-c13b19b0-72d1-4c2c-bff1-281638ad87f6 admin admin] Action: 'create', calling method: <bound method FlavorExtraSpecsController.create of <nova.api.openstack.compute.flavors_extraspecs.FlavorExtraSpecsController object at 0x7f65cc130070>>, body: {"extra_specs": {"hw_rng:allowed": "True"}} {{(pid=71983) _process_stack /opt/stack/nova/nova/api/openstack/wsgi.py:554}}
Aug 22 07:17:12.905939 np0000032571 devstack@n-api.service[71983]: INFO nova.api.openstack.requestlog [None req-c13b19b0-72d1-4c2c-bff1-281638ad87f6 admin admin] 192.168.1.122 "POST /compute/v2.1/flavors/2/os-extra_specs" status: 200 len: 43 microversion: 2.61 time: 0.019941
Aug 22 07:17:12.906213 np0000032571 devstack@n-api.service[71983]: [pid: 71983|app: 0|req: 13/26] 192.168.1.122 () {72 vars in 1470 bytes} [Fri Aug 22 07:17:12 2025] POST /compute/v2.1/flavors/2/os-extra_specs => generated 43 bytes in 20 msecs (HTTP/1.1 200) 9 headers in 358 bytes (1 switches on core 0)
Aug 22 07:17:13.000060 np0000032571 devstack@n-api.service[71984]: DEBUG nova.api.openstack.wsgi [None req-bf5017a8-e839-40c4-af4c-1e30566d5d6f admin admin] Calling method '<bound method VersionsV2.index of <nova.api.openstack.compute.versions.VersionsV2 object at 0x7f65cd6a5ab0>>' {{(pid=71984) _process_stack /opt/stack/nova/nova/api/openstack/wsgi.py:556}}
Aug 22 07:17:13.002990 np0000032571 devstack@n-api.service[71984]: INFO nova.api.openstack.requestlog [None req-bf5017a8-e839-40c4-af4c-1e30566d5d6f admin admin] 192.168.1.122 "GET /compute/v2.1" status: 200 len: 392 microversion: 2.1 time: 0.003116
Aug 22 07:17:13.003174 np0000032571 devstack@n-api.service[71984]: [pid: 71984|app: 0|req: 14/27] 192.168.1.122 () {62 vars in 1068 bytes} [Fri Aug 22 07:17:12 2025] GET /compute/v2.1 => generated 392 bytes in 3 msecs (HTTP/1.1 200) 9 headers in 357 bytes (1 switches on core 0)
