Aug 26 08:25:58.961731 np0000032584 devstack@n-api.service[69968]: DEBUG oslo_db.sqlalchemy.engines [None req-50a3ed38-d471-4330-a962-01d4b3bfbaa0 None None] MySQL server mode set to STRICT_TRANS_TABLES,STRICT_ALL_TABLES,NO_ZERO_IN_DATE,NO_ZERO_DATE,ERROR_FOR_DIVISION_BY_ZERO,TRADITIONAL,NO_ENGINE_SUBSTITUTION {{(pid=69968) _check_effective_sql_mode /opt/stack/data/venv/lib/python3.10/site-packages/oslo_db/sqlalchemy/engines.py:342}}
Aug 26 08:25:58.962071 np0000032584 devstack@n-api.service[69968]: DEBUG dbcounter [-] [69968] Writer thread running {{(pid=69968) stat_writer /opt/stack/data/venv/lib/python3.10/site-packages/dbcounter.py:102}}
Aug 26 08:25:58.962206 np0000032584 devstack@n-api.service[69967]: DEBUG dbcounter [-] [69967] Writer thread running {{(pid=69967) stat_writer /opt/stack/data/venv/lib/python3.10/site-packages/dbcounter.py:102}}
Aug 26 08:25:58.964236 np0000032584 devstack@n-api.service[69967]: INFO dbcounter [None req-14c61c7d-3c9b-4fa7-b073-33290176be69 None None] Registered counter for database nova_cell0
Aug 26 08:25:58.965954 np0000032584 devstack@n-api.service[69968]: DEBUG dbcounter [-] [69968] Writer thread running {{(pid=69968) stat_writer /opt/stack/data/venv/lib/python3.10/site-packages/dbcounter.py:102}}
Aug 26 08:25:58.967934 np0000032584 devstack@n-api.service[69968]: INFO dbcounter [None req-50a3ed38-d471-4330-a962-01d4b3bfbaa0 None None] Registered counter for database nova_cell0
Aug 26 08:25:58.968069 np0000032584 devstack@n-api.service[69967]: DEBUG oslo_db.sqlalchemy.engines [None req-14c61c7d-3c9b-4fa7-b073-33290176be69 None None] MySQL server mode set to STRICT_TRANS_TABLES,STRICT_ALL_TABLES,NO_ZERO_IN_DATE,NO_ZERO_DATE,ERROR_FOR_DIVISION_BY_ZERO,TRADITIONAL,NO_ENGINE_SUBSTITUTION {{(pid=69967) _check_effective_sql_mode /opt/stack/data/venv/lib/python3.10/site-packages/oslo_db/sqlalchemy/engines.py:342}}
Aug 26 08:25:58.971719 np0000032584 devstack@n-api.service[69968]: DEBUG oslo_db.sqlalchemy.engines [None req-50a3ed38-d471-4330-a962-01d4b3bfbaa0 None None] MySQL server mode set to STRICT_TRANS_TABLES,STRICT_ALL_TABLES,NO_ZERO_IN_DATE,NO_ZERO_DATE,ERROR_FOR_DIVISION_BY_ZERO,TRADITIONAL,NO_ENGINE_SUBSTITUTION {{(pid=69968) _check_effective_sql_mode /opt/stack/data/venv/lib/python3.10/site-packages/oslo_db/sqlalchemy/engines.py:342}}
Aug 26 08:25:58.972068 np0000032584 devstack@n-api.service[69967]: DEBUG dbcounter [-] [69967] Writer thread running {{(pid=69967) stat_writer /opt/stack/data/venv/lib/python3.10/site-packages/dbcounter.py:102}}
Aug 26 08:25:58.975774 np0000032584 devstack@n-api.service[69968]: DEBUG dbcounter [-] [69968] Writer thread running {{(pid=69968) stat_writer /opt/stack/data/venv/lib/python3.10/site-packages/dbcounter.py:102}}
Aug 26 08:25:59.284566 np0000032584 devstack@n-api.service[69967]: DEBUG oslo_concurrency.processutils [None req-14c61c7d-3c9b-4fa7-b073-33290176be69 None None] Running cmd (subprocess): grep -F node.session.scan /sbin/iscsiadm {{(pid=69967) execute /opt/stack/data/venv/lib/python3.10/site-packages/oslo_concurrency/processutils.py:390}}
Aug 26 08:25:59.286160 np0000032584 devstack@n-api.service[69968]: DEBUG oslo_concurrency.processutils [None req-50a3ed38-d471-4330-a962-01d4b3bfbaa0 None None] Running cmd (subprocess): grep -F node.session.scan /sbin/iscsiadm {{(pid=69968) execute /opt/stack/data/venv/lib/python3.10/site-packages/oslo_concurrency/processutils.py:390}}
Aug 26 08:25:59.291296 np0000032584 devstack@n-api.service[69967]: DEBUG oslo_concurrency.processutils [None req-14c61c7d-3c9b-4fa7-b073-33290176be69 None None] CMD "grep -F node.session.scan /sbin/iscsiadm" returned: 0 in 0.007s {{(pid=69967) execute /opt/stack/data/venv/lib/python3.10/site-packages/oslo_concurrency/processutils.py:428}}
Aug 26 08:25:59.292606 np0000032584 devstack@n-api.service[69968]: DEBUG oslo_concurrency.processutils [None req-50a3ed38-d471-4330-a962-01d4b3bfbaa0 None None] CMD "grep -F node.session.scan /sbin/iscsiadm" returned: 0 in 0.006s {{(pid=69968) execute /opt/stack/data/venv/lib/python3.10/site-packages/oslo_concurrency/processutils.py:428}}
Aug 26 08:25:59.611720 np0000032584 devstack@n-api.service[69967]: WARNING keystonemiddleware.auth_token [None req-14c61c7d-3c9b-4fa7-b073-33290176be69 None None] AuthToken middleware is set with keystone_authtoken.service_token_roles_required set to False. This is backwards compatible but deprecated behaviour. Please set this to True.
Aug 26 08:25:59.615712 np0000032584 devstack@n-api.service[69967]: WARNING keystonemiddleware.auth_token [None req-14c61c7d-3c9b-4fa7-b073-33290176be69 None None] Configuring www_authenticate_uri to point to the public identity endpoint is required; clients may not be able to authenticate against an admin endpoint
Aug 26 08:25:59.618816 np0000032584 devstack@n-api.service[69968]: WARNING keystonemiddleware.auth_token [None req-50a3ed38-d471-4330-a962-01d4b3bfbaa0 None None] AuthToken middleware is set with keystone_authtoken.service_token_roles_required set to False. This is backwards compatible but deprecated behaviour. Please set this to True.
Aug 26 08:25:59.622261 np0000032584 devstack@n-api.service[69968]: WARNING keystonemiddleware.auth_token [None req-50a3ed38-d471-4330-a962-01d4b3bfbaa0 None None] Configuring www_authenticate_uri to point to the public identity endpoint is required; clients may not be able to authenticate against an admin endpoint
Aug 26 08:25:59.685923 np0000032584 devstack@n-api.service[69967]: WARNING keystonemiddleware.auth_token [None req-14c61c7d-3c9b-4fa7-b073-33290176be69 None None] AuthToken middleware is set with keystone_authtoken.service_token_roles_required set to False. This is backwards compatible but deprecated behaviour. Please set this to True.
Aug 26 08:25:59.687979 np0000032584 devstack@n-api.service[69967]: WARNING keystonemiddleware.auth_token [None req-14c61c7d-3c9b-4fa7-b073-33290176be69 None None] Configuring www_authenticate_uri to point to the public identity endpoint is required; clients may not be able to authenticate against an admin endpoint
Aug 26 08:25:59.689822 np0000032584 devstack@n-api.service[69967]: WSGI app 0 (mountpoint='') ready in 2 seconds on interpreter 0x55f4b8a01d70 pid: 69967 (default app)
Aug 26 08:25:59.690734 np0000032584 devstack@n-api.service[69967]: DEBUG nova.api.openstack.wsgi [None req-14c61c7d-3c9b-4fa7-b073-33290176be69 None None] Calling method '<bound method VersionsV2.index of <nova.api.openstack.compute.versions.VersionsV2 object at 0x7f72317f6aa0>>' {{(pid=69967) _process_stack /opt/stack/nova/nova/api/openstack/wsgi.py:520}}
Aug 26 08:25:59.692389 np0000032584 devstack@n-api.service[69967]: INFO nova.api.openstack.requestlog [None req-14c61c7d-3c9b-4fa7-b073-33290176be69 None None] 192.168.1.102 "GET /compute/v2.1/" status: 200 len: 390 microversion: 2.1 time: 0.001877
Aug 26 08:25:59.692432 np0000032584 devstack@n-api.service[69968]: WARNING keystonemiddleware.auth_token [None req-50a3ed38-d471-4330-a962-01d4b3bfbaa0 None None] AuthToken middleware is set with keystone_authtoken.service_token_roles_required set to False. This is backwards compatible but deprecated behaviour. Please set this to True.
Aug 26 08:25:59.692575 np0000032584 devstack@n-api.service[69967]: [pid: 69967|app: 0|req: 1/1] 192.168.1.102 () {50 vars in 783 bytes} [Tue Aug 26 08:25:59 2025] GET /compute/v2.1/ => generated 390 bytes in 2 msecs (HTTP/1.1 200) 9 headers in 357 bytes (1 switches on core 0)
Aug 26 08:25:59.694992 np0000032584 devstack@n-api.service[69968]: WARNING keystonemiddleware.auth_token [None req-50a3ed38-d471-4330-a962-01d4b3bfbaa0 None None] Configuring www_authenticate_uri to point to the public identity endpoint is required; clients may not be able to authenticate against an admin endpoint
Aug 26 08:25:59.696850 np0000032584 devstack@n-api.service[69968]: WSGI app 0 (mountpoint='') ready in 2 seconds on interpreter 0x55f4b8a01d70 pid: 69968 (default app)
Aug 26 08:26:37.385992 np0000032584 devstack@n-api.service[69967]: DEBUG nova.api.openstack.wsgi [None req-14c61c7d-3c9b-4fa7-b073-33290176be69 None None] Calling method '<bound method VersionsV2.index of <nova.api.openstack.compute.versions.VersionsV2 object at 0x7f72317f6aa0>>' {{(pid=69967) _process_stack /opt/stack/nova/nova/api/openstack/wsgi.py:520}}
Aug 26 08:26:37.387621 np0000032584 devstack@n-api.service[69967]: INFO nova.api.openstack.requestlog [None req-14c61c7d-3c9b-4fa7-b073-33290176be69 None None] 192.168.1.102 "GET /compute/v2.1" status: 200 len: 391 microversion: 2.1 time: 0.001889
Aug 26 08:26:37.387794 np0000032584 devstack@n-api.service[69967]: [pid: 69967|app: 0|req: 2/2] 192.168.1.102 () {62 vars in 1067 bytes} [Tue Aug 26 08:26:37 2025] GET /compute/v2.1 => generated 391 bytes in 2 msecs (HTTP/1.1 200) 9 headers in 357 bytes (1 switches on core 0)
Aug 26 08:26:37.396953 np0000032584 devstack@n-api.service[69968]: DEBUG dbcounter [-] [69968] Writing DB stats nova_api:SELECT=1 {{(pid=69968) stat_writer /opt/stack/data/venv/lib/python3.10/site-packages/dbcounter.py:115}}
Aug 26 08:26:37.397675 np0000032584 devstack@n-api.service[69968]: DEBUG dbcounter [-] [69968] Writing DB stats nova_cell1:SELECT=1 {{(pid=69968) stat_writer /opt/stack/data/venv/lib/python3.10/site-packages/dbcounter.py:115}}
Aug 26 08:26:37.398068 np0000032584 devstack@n-api.service[69968]: DEBUG dbcounter [-] [69968] Writing DB stats nova_cell0:SELECT=1 {{(pid=69968) stat_writer /opt/stack/data/venv/lib/python3.10/site-packages/dbcounter.py:115}}
Aug 26 08:26:37.398373 np0000032584 devstack@n-api.service[69968]: DEBUG dbcounter [-] [69968] Writing DB stats nova_cell0:SELECT=2,nova_cell0:INSERT=1 {{(pid=69968) stat_writer /opt/stack/data/venv/lib/python3.10/site-packages/dbcounter.py:115}}
Aug 26 08:26:37.519077 np0000032584 devstack@n-api.service[69968]: DEBUG nova.api.openstack.wsgi [None req-bbdbb429-abc2-47ba-8627-e769975752cf admin admin] Calling method '<bound method FlavorsController.detail of <nova.api.openstack.compute.flavors.FlavorsController object at 0x7f7231239ea0>>' {{(pid=69968) _process_stack /opt/stack/nova/nova/api/openstack/wsgi.py:520}}
Aug 26 08:26:37.533028 np0000032584 devstack@n-api.service[69968]: INFO nova.api.openstack.requestlog [None req-bbdbb429-abc2-47ba-8627-e769975752cf admin admin] 192.168.1.102 "GET /compute/v2.1/flavors/detail?is_public=True" status: 200 len: 15 microversion: 2.61 time: 0.138973
Aug 26 08:26:37.533276 np0000032584 devstack@n-api.service[69968]: [pid: 69968|app: 0|req: 1/3] 192.168.1.102 () {68 vars in 1428 bytes} [Tue Aug 26 08:26:37 2025] GET /compute/v2.1/flavors/detail?is_public=True => generated 15 bytes in 140 msecs (HTTP/1.1 200) 9 headers in 358 bytes (1 switches on core 0)
Aug 26 08:26:37.620293 np0000032584 devstack@n-api.service[69967]: DEBUG nova.api.openstack.wsgi [None req-14c61c7d-3c9b-4fa7-b073-33290176be69 None None] Calling method '<bound method VersionsV2.index of <nova.api.openstack.compute.versions.VersionsV2 object at 0x7f72317f6aa0>>' {{(pid=69967) _process_stack /opt/stack/nova/nova/api/openstack/wsgi.py:520}}
Aug 26 08:26:37.621809 np0000032584 devstack@n-api.service[69967]: INFO nova.api.openstack.requestlog [None req-14c61c7d-3c9b-4fa7-b073-33290176be69 None None] 192.168.1.102 "GET /compute/v2.1" status: 200 len: 391 microversion: 2.1 time: 0.001697
Aug 26 08:26:37.621984 np0000032584 devstack@n-api.service[69967]: [pid: 69967|app: 0|req: 3/4] 192.168.1.102 () {62 vars in 1067 bytes} [Tue Aug 26 08:26:37 2025] GET /compute/v2.1 => generated 391 bytes in 2 msecs (HTTP/1.1 200) 9 headers in 357 bytes (1 switches on core 0)
Aug 26 08:26:37.652881 np0000032584 devstack@n-api.service[69968]: DEBUG nova.api.openstack.wsgi [None req-bbadb8eb-2ba1-449d-a919-d7a35dc29e80 admin admin] Action: 'create', calling method: <bound method FlavorsController.create of <nova.api.openstack.compute.flavors.FlavorsController object at 0x7f7231239900>>, body: {"flavor": {"vcpus": 1, "swap": 0, "os-flavor-access:is_public": true, "id": "c1", "name": "cirros256", "disk": 1, "rxtx_factor": 1.0, "ram": 256, "OS-FLV-EXT-DATA:ephemeral": 0}} {{(pid=69968) _process_stack /opt/stack/nova/nova/api/openstack/wsgi.py:518}}
Aug 26 08:26:37.673935 np0000032584 devstack@n-api.service[69968]: INFO nova.api.openstack.requestlog [None req-bbadb8eb-2ba1-449d-a919-d7a35dc29e80 admin admin] 192.168.1.102 "POST /compute/v2.1/flavors" status: 200 len: 413 microversion: 2.61 time: 0.045842
Aug 26 08:26:37.674452 np0000032584 devstack@n-api.service[69968]: [pid: 69968|app: 0|req: 2/5] 192.168.1.102 () {72 vars in 1419 bytes} [Tue Aug 26 08:26:37 2025] POST /compute/v2.1/flavors => generated 413 bytes in 46 msecs (HTTP/1.1 200) 9 headers in 359 bytes (1 switches on core 0)
Aug 26 08:26:37.684575 np0000032584 devstack@n-api.service[69967]: DEBUG dbcounter [-] [69967] Writing DB stats nova_api:SELECT=1 {{(pid=69967) stat_writer /opt/stack/data/venv/lib/python3.10/site-packages/dbcounter.py:115}}
Aug 26 08:26:37.685115 np0000032584 devstack@n-api.service[69967]: DEBUG dbcounter [-] [69967] Writing DB stats nova_cell0:SELECT=1 {{(pid=69967) stat_writer /opt/stack/data/venv/lib/python3.10/site-packages/dbcounter.py:115}}
Aug 26 08:26:37.685536 np0000032584 devstack@n-api.service[69967]: DEBUG dbcounter [-] [69967] Writing DB stats nova_cell1:SELECT=1 {{(pid=69967) stat_writer /opt/stack/data/venv/lib/python3.10/site-packages/dbcounter.py:115}}
Aug 26 08:26:37.685834 np0000032584 devstack@n-api.service[69967]: DEBUG dbcounter [-] [69967] Writing DB stats nova_cell0:SELECT=2,nova_cell0:INSERT=1 {{(pid=69967) stat_writer /opt/stack/data/venv/lib/python3.10/site-packages/dbcounter.py:115}}
Aug 26 08:26:37.753615 np0000032584 devstack@n-api.service[69967]: DEBUG nova.api.openstack.wsgi [None req-e3b42538-3d15-47af-b38a-75103c49837b admin admin] Action: 'create', calling method: <bound method FlavorExtraSpecsController.create of <nova.api.openstack.compute.flavors_extraspecs.FlavorExtraSpecsController object at 0x7f723123ee60>>, body: {"extra_specs": {"hw_rng:allowed": "True"}} {{(pid=69967) _process_stack /opt/stack/nova/nova/api/openstack/wsgi.py:518}}
Aug 26 08:26:37.781656 np0000032584 devstack@n-api.service[69967]: INFO nova.api.openstack.requestlog [None req-e3b42538-3d15-47af-b38a-75103c49837b admin admin] 192.168.1.102 "POST /compute/v2.1/flavors/c1/os-extra_specs" status: 200 len: 43 microversion: 2.61 time: 0.100277
Aug 26 08:26:37.781915 np0000032584 devstack@n-api.service[69967]: [pid: 69967|app: 0|req: 4/6] 192.168.1.102 () {72 vars in 1472 bytes} [Tue Aug 26 08:26:37 2025] POST /compute/v2.1/flavors/c1/os-extra_specs => generated 43 bytes in 101 msecs (HTTP/1.1 200) 9 headers in 358 bytes (1 switches on core 0)
Aug 26 08:26:37.871527 np0000032584 devstack@n-api.service[69968]: DEBUG nova.api.openstack.wsgi [None req-bbadb8eb-2ba1-449d-a919-d7a35dc29e80 admin admin] Calling method '<bound method VersionsV2.index of <nova.api.openstack.compute.versions.VersionsV2 object at 0x7f72319383a0>>' {{(pid=69968) _process_stack /opt/stack/nova/nova/api/openstack/wsgi.py:520}}
Aug 26 08:26:37.873089 np0000032584 devstack@n-api.service[69968]: INFO nova.api.openstack.requestlog [None req-bbadb8eb-2ba1-449d-a919-d7a35dc29e80 admin admin] 192.168.1.102 "GET /compute/v2.1" status: 200 len: 391 microversion: 2.1 time: 0.001752
Aug 26 08:26:37.873260 np0000032584 devstack@n-api.service[69968]: [pid: 69968|app: 0|req: 3/7] 192.168.1.102 () {62 vars in 1067 bytes} [Tue Aug 26 08:26:37 2025] GET /compute/v2.1 => generated 391 bytes in 2 msecs (HTTP/1.1 200) 9 headers in 357 bytes (1 switches on core 0)
Aug 26 08:26:37.930983 np0000032584 devstack@n-api.service[69967]: DEBUG nova.api.openstack.wsgi [None req-d240aad4-0513-4fdf-84ad-b6b0943a2c0a admin admin] Action: 'create', calling method: <bound method FlavorsController.create of <nova.api.openstack.compute.flavors.FlavorsController object at 0x7f723123dba0>>, body: {"flavor": {"vcpus": 1, "swap": 0, "os-flavor-access:is_public": true, "id": "d1", "name": "ds512M", "disk": 5, "rxtx_factor": 1.0, "ram": 512, "OS-FLV-EXT-DATA:ephemeral": 0}} {{(pid=69967) _process_stack /opt/stack/nova/nova/api/openstack/wsgi.py:518}}
Aug 26 08:26:37.947225 np0000032584 devstack@n-api.service[69967]: INFO nova.api.openstack.requestlog [None req-d240aad4-0513-4fdf-84ad-b6b0943a2c0a admin admin] 192.168.1.102 "POST /compute/v2.1/flavors" status: 200 len: 410 microversion: 2.61 time: 0.068436
Aug 26 08:26:37.947509 np0000032584 devstack@n-api.service[69967]: [pid: 69967|app: 0|req: 5/8] 192.168.1.102 () {72 vars in 1419 bytes} [Tue Aug 26 08:26:37 2025] POST /compute/v2.1/flavors => generated 410 bytes in 69 msecs (HTTP/1.1 200) 9 headers in 359 bytes (1 switches on core 0)
Aug 26 08:26:37.956693 np0000032584 devstack@n-api.service[69968]: DEBUG nova.api.openstack.wsgi [None req-188b42bd-7664-428e-b6af-3cbdde84287c admin admin] Action: 'create', calling method: <bound method FlavorExtraSpecsController.create of <nova.api.openstack.compute.flavors_extraspecs.FlavorExtraSpecsController object at 0x7f723123ab30>>, body: {"extra_specs": {"hw_rng:allowed": "True"}} {{(pid=69968) _process_stack /opt/stack/nova/nova/api/openstack/wsgi.py:518}}
Aug 26 08:26:37.972533 np0000032584 devstack@n-api.service[69968]: INFO nova.api.openstack.requestlog [None req-188b42bd-7664-428e-b6af-3cbdde84287c admin admin] 192.168.1.102 "POST /compute/v2.1/flavors/d1/os-extra_specs" status: 200 len: 43 microversion: 2.61 time: 0.017503
Aug 26 08:26:37.972770 np0000032584 devstack@n-api.service[69968]: [pid: 69968|app: 0|req: 4/9] 192.168.1.102 () {72 vars in 1472 bytes} [Tue Aug 26 08:26:37 2025] POST /compute/v2.1/flavors/d1/os-extra_specs => generated 43 bytes in 18 msecs (HTTP/1.1 200) 9 headers in 358 bytes (1 switches on core 0)
Aug 26 08:26:38.064795 np0000032584 devstack@n-api.service[69967]: DEBUG nova.api.openstack.wsgi [None req-d240aad4-0513-4fdf-84ad-b6b0943a2c0a admin admin] Calling method '<bound method VersionsV2.index of <nova.api.openstack.compute.versions.VersionsV2 object at 0x7f72317f6aa0>>' {{(pid=69967) _process_stack /opt/stack/nova/nova/api/openstack/wsgi.py:520}}
Aug 26 08:26:38.066383 np0000032584 devstack@n-api.service[69967]: INFO nova.api.openstack.requestlog [None req-d240aad4-0513-4fdf-84ad-b6b0943a2c0a admin admin] 192.168.1.102 "GET /compute/v2.1" status: 200 len: 391 microversion: 2.1 time: 0.001783
Aug 26 08:26:38.066573 np0000032584 devstack@n-api.service[69967]: [pid: 69967|app: 0|req: 6/10] 192.168.1.102 () {62 vars in 1067 bytes} [Tue Aug 26 08:26:38 2025] GET /compute/v2.1 => generated 391 bytes in 2 msecs (HTTP/1.1 200) 9 headers in 357 bytes (1 switches on core 0)
Aug 26 08:26:38.094893 np0000032584 devstack@n-api.service[69968]: DEBUG nova.api.openstack.wsgi [None req-941f4474-e66f-49b8-82ca-d2d1c2b13e05 admin admin] Action: 'create', calling method: <bound method FlavorsController.create of <nova.api.openstack.compute.flavors.FlavorsController object at 0x7f7231239900>>, body: {"flavor": {"vcpus": 1, "swap": 0, "os-flavor-access:is_public": true, "id": "d2", "name": "ds1G", "disk": 10, "rxtx_factor": 1.0, "ram": 1024, "OS-FLV-EXT-DATA:ephemeral": 0}} {{(pid=69968) _process_stack /opt/stack/nova/nova/api/openstack/wsgi.py:518}}
Aug 26 08:26:38.104559 np0000032584 devstack@n-api.service[69968]: INFO nova.api.openstack.requestlog [None req-941f4474-e66f-49b8-82ca-d2d1c2b13e05 admin admin] 192.168.1.102 "POST /compute/v2.1/flavors" status: 200 len: 410 microversion: 2.61 time: 0.032590
Aug 26 08:26:38.104762 np0000032584 devstack@n-api.service[69968]: [pid: 69968|app: 0|req: 5/11] 192.168.1.102 () {72 vars in 1419 bytes} [Tue Aug 26 08:26:38 2025] POST /compute/v2.1/flavors => generated 410 bytes in 33 msecs (HTTP/1.1 200) 9 headers in 359 bytes (1 switches on core 0)
Aug 26 08:26:38.113725 np0000032584 devstack@n-api.service[69967]: DEBUG nova.api.openstack.wsgi [None req-34558666-7faa-4ccd-89e8-ae49aabf8ad3 admin admin] Action: 'create', calling method: <bound method FlavorExtraSpecsController.create of <nova.api.openstack.compute.flavors_extraspecs.FlavorExtraSpecsController object at 0x7f723123ee60>>, body: {"extra_specs": {"hw_rng:allowed": "True"}} {{(pid=69967) _process_stack /opt/stack/nova/nova/api/openstack/wsgi.py:518}}
Aug 26 08:26:38.124674 np0000032584 devstack@n-api.service[69967]: INFO nova.api.openstack.requestlog [None req-34558666-7faa-4ccd-89e8-ae49aabf8ad3 admin admin] 192.168.1.102 "POST /compute/v2.1/flavors/d2/os-extra_specs" status: 200 len: 43 microversion: 2.61 time: 0.012686
Aug 26 08:26:38.124900 np0000032584 devstack@n-api.service[69967]: [pid: 69967|app: 0|req: 7/12] 192.168.1.102 () {72 vars in 1472 bytes} [Tue Aug 26 08:26:38 2025] POST /compute/v2.1/flavors/d2/os-extra_specs => generated 43 bytes in 13 msecs (HTTP/1.1 200) 9 headers in 358 bytes (1 switches on core 0)
Aug 26 08:26:38.216124 np0000032584 devstack@n-api.service[69968]: DEBUG nova.api.openstack.wsgi [None req-941f4474-e66f-49b8-82ca-d2d1c2b13e05 admin admin] Calling method '<bound method VersionsV2.index of <nova.api.openstack.compute.versions.VersionsV2 object at 0x7f72319383a0>>' {{(pid=69968) _process_stack /opt/stack/nova/nova/api/openstack/wsgi.py:520}}
Aug 26 08:26:38.216124 np0000032584 devstack@n-api.service[69968]: INFO nova.api.openstack.requestlog [None req-941f4474-e66f-49b8-82ca-d2d1c2b13e05 admin admin] 192.168.1.102 "GET /compute/v2.1" status: 200 len: 391 microversion: 2.1 time: 0.001734
Aug 26 08:26:38.216124 np0000032584 devstack@n-api.service[69968]: [pid: 69968|app: 0|req: 6/13] 192.168.1.102 () {62 vars in 1067 bytes} [Tue Aug 26 08:26:38 2025] GET /compute/v2.1 => generated 391 bytes in 2 msecs (HTTP/1.1 200) 9 headers in 357 bytes (1 switches on core 0)
Aug 26 08:26:38.246751 np0000032584 devstack@n-api.service[69967]: DEBUG nova.api.openstack.wsgi [None req-d1495bc0-bfac-497a-8ff8-c1498822355b admin admin] Action: 'create', calling method: <bound method FlavorsController.create of <nova.api.openstack.compute.flavors.FlavorsController object at 0x7f723123dba0>>, body: {"flavor": {"vcpus": 2, "swap": 0, "os-flavor-access:is_public": true, "id": "d3", "name": "ds2G", "disk": 10, "rxtx_factor": 1.0, "ram": 2048, "OS-FLV-EXT-DATA:ephemeral": 0}} {{(pid=69967) _process_stack /opt/stack/nova/nova/api/openstack/wsgi.py:518}}
Aug 26 08:26:38.257039 np0000032584 devstack@n-api.service[69967]: INFO nova.api.openstack.requestlog [None req-d1495bc0-bfac-497a-8ff8-c1498822355b admin admin] 192.168.1.102 "POST /compute/v2.1/flavors" status: 200 len: 410 microversion: 2.61 time: 0.035297
Aug 26 08:26:38.257521 np0000032584 devstack@n-api.service[69967]: [pid: 69967|app: 0|req: 8/14] 192.168.1.102 () {72 vars in 1419 bytes} [Tue Aug 26 08:26:38 2025] POST /compute/v2.1/flavors => generated 410 bytes in 36 msecs (HTTP/1.1 200) 9 headers in 359 bytes (1 switches on core 0)
Aug 26 08:26:38.268048 np0000032584 devstack@n-api.service[69968]: DEBUG nova.api.openstack.wsgi [None req-cb46d491-6f86-454e-b648-89cda5de1894 admin admin] Action: 'create', calling method: <bound method FlavorExtraSpecsController.create of <nova.api.openstack.compute.flavors_extraspecs.FlavorExtraSpecsController object at 0x7f723123ab30>>, body: {"extra_specs": {"hw_rng:allowed": "True"}} {{(pid=69968) _process_stack /opt/stack/nova/nova/api/openstack/wsgi.py:518}}
Aug 26 08:26:38.290510 np0000032584 devstack@n-api.service[69968]: INFO nova.api.openstack.requestlog [None req-cb46d491-6f86-454e-b648-89cda5de1894 admin admin] 192.168.1.102 "POST /compute/v2.1/flavors/d3/os-extra_specs" status: 200 len: 43 microversion: 2.61 time: 0.025387
Aug 26 08:26:38.290969 np0000032584 devstack@n-api.service[69968]: [pid: 69968|app: 0|req: 7/15] 192.168.1.102 () {72 vars in 1472 bytes} [Tue Aug 26 08:26:38 2025] POST /compute/v2.1/flavors/d3/os-extra_specs => generated 43 bytes in 26 msecs (HTTP/1.1 200) 9 headers in 358 bytes (1 switches on core 0)
Aug 26 08:26:38.385572 np0000032584 devstack@n-api.service[69967]: DEBUG nova.api.openstack.wsgi [None req-d1495bc0-bfac-497a-8ff8-c1498822355b admin admin] Calling method '<bound method VersionsV2.index of <nova.api.openstack.compute.versions.VersionsV2 object at 0x7f72317f6aa0>>' {{(pid=69967) _process_stack /opt/stack/nova/nova/api/openstack/wsgi.py:520}}
Aug 26 08:26:38.387072 np0000032584 devstack@n-api.service[69967]: INFO nova.api.openstack.requestlog [None req-d1495bc0-bfac-497a-8ff8-c1498822355b admin admin] 192.168.1.102 "GET /compute/v2.1" status: 200 len: 391 microversion: 2.1 time: 0.001714
Aug 26 08:26:38.387239 np0000032584 devstack@n-api.service[69967]: [pid: 69967|app: 0|req: 9/16] 192.168.1.102 () {62 vars in 1067 bytes} [Tue Aug 26 08:26:38 2025] GET /compute/v2.1 => generated 391 bytes in 2 msecs (HTTP/1.1 200) 9 headers in 357 bytes (1 switches on core 0)
Aug 26 08:26:38.414424 np0000032584 devstack@n-api.service[69968]: DEBUG nova.api.openstack.wsgi [None req-c6d3bd86-e81a-4eb6-b6a1-e2a42fee784c admin admin] Action: 'create', calling method: <bound method FlavorsController.create of <nova.api.openstack.compute.flavors.FlavorsController object at 0x7f7231239900>>, body: {"flavor": {"vcpus": 4, "swap": 0, "os-flavor-access:is_public": true, "id": "d4", "name": "ds4G", "disk": 20, "rxtx_factor": 1.0, "ram": 4096, "OS-FLV-EXT-DATA:ephemeral": 0}} {{(pid=69968) _process_stack /opt/stack/nova/nova/api/openstack/wsgi.py:518}}
Aug 26 08:26:38.421624 np0000032584 devstack@n-api.service[69968]: INFO nova.api.openstack.requestlog [None req-c6d3bd86-e81a-4eb6-b6a1-e2a42fee784c admin admin] 192.168.1.102 "POST /compute/v2.1/flavors" status: 200 len: 410 microversion: 2.61 time: 0.028891
Aug 26 08:26:38.421970 np0000032584 devstack@n-api.service[69968]: [pid: 69968|app: 0|req: 8/17] 192.168.1.102 () {72 vars in 1419 bytes} [Tue Aug 26 08:26:38 2025] POST /compute/v2.1/flavors => generated 410 bytes in 29 msecs (HTTP/1.1 200) 9 headers in 359 bytes (1 switches on core 0)
Aug 26 08:26:38.430956 np0000032584 devstack@n-api.service[69967]: DEBUG nova.api.openstack.wsgi [None req-12ddc908-f225-4bbb-a712-aa3bb1ae61f8 admin admin] Action: 'create', calling method: <bound method FlavorExtraSpecsController.create of <nova.api.openstack.compute.flavors_extraspecs.FlavorExtraSpecsController object at 0x7f723123ee60>>, body: {"extra_specs": {"hw_rng:allowed": "True"}} {{(pid=69967) _process_stack /opt/stack/nova/nova/api/openstack/wsgi.py:518}}
Aug 26 08:26:38.442918 np0000032584 devstack@n-api.service[69967]: INFO nova.api.openstack.requestlog [None req-12ddc908-f225-4bbb-a712-aa3bb1ae61f8 admin admin] 192.168.1.102 "POST /compute/v2.1/flavors/d4/os-extra_specs" status: 200 len: 43 microversion: 2.61 time: 0.013723
Aug 26 08:26:38.443130 np0000032584 devstack@n-api.service[69967]: [pid: 69967|app: 0|req: 10/18] 192.168.1.102 () {72 vars in 1472 bytes} [Tue Aug 26 08:26:38 2025] POST /compute/v2.1/flavors/d4/os-extra_specs => generated 43 bytes in 14 msecs (HTTP/1.1 200) 9 headers in 358 bytes (1 switches on core 0)
Aug 26 08:26:38.535347 np0000032584 devstack@n-api.service[69968]: DEBUG nova.api.openstack.wsgi [None req-c6d3bd86-e81a-4eb6-b6a1-e2a42fee784c admin admin] Calling method '<bound method VersionsV2.index of <nova.api.openstack.compute.versions.VersionsV2 object at 0x7f72319383a0>>' {{(pid=69968) _process_stack /opt/stack/nova/nova/api/openstack/wsgi.py:520}}
Aug 26 08:26:38.537078 np0000032584 devstack@n-api.service[69968]: INFO nova.api.openstack.requestlog [None req-c6d3bd86-e81a-4eb6-b6a1-e2a42fee784c admin admin] 192.168.1.102 "GET /compute/v2.1" status: 200 len: 391 microversion: 2.1 time: 0.001958
Aug 26 08:26:38.537428 np0000032584 devstack@n-api.service[69968]: [pid: 69968|app: 0|req: 9/19] 192.168.1.102 () {62 vars in 1067 bytes} [Tue Aug 26 08:26:38 2025] GET /compute/v2.1 => generated 391 bytes in 2 msecs (HTTP/1.1 200) 9 headers in 357 bytes (1 switches on core 0)
Aug 26 08:26:38.567558 np0000032584 devstack@n-api.service[69967]: DEBUG nova.api.openstack.wsgi [None req-fe924c8a-3774-4b48-9a61-486b14af3710 admin admin] Calling method '<bound method FlavorsController.detail of <nova.api.openstack.compute.flavors.FlavorsController object at 0x7f723123e140>>' {{(pid=69967) _process_stack /opt/stack/nova/nova/api/openstack/wsgi.py:520}}
Aug 26 08:26:38.578803 np0000032584 devstack@n-api.service[69967]: INFO nova.api.openstack.requestlog [None req-fe924c8a-3774-4b48-9a61-486b14af3710 admin admin] 192.168.1.102 "GET /compute/v2.1/flavors/detail?is_public=True" status: 200 len: 2136 microversion: 2.61 time: 0.031179
Aug 26 08:26:38.579157 np0000032584 devstack@n-api.service[69967]: [pid: 69967|app: 0|req: 11/20] 192.168.1.102 () {68 vars in 1428 bytes} [Tue Aug 26 08:26:38 2025] GET /compute/v2.1/flavors/detail?is_public=True => generated 2136 bytes in 32 msecs (HTTP/1.1 200) 9 headers in 360 bytes (1 switches on core 0)
Aug 26 08:26:38.667400 np0000032584 devstack@n-api.service[69968]: DEBUG nova.api.openstack.wsgi [None req-c6d3bd86-e81a-4eb6-b6a1-e2a42fee784c admin admin] Calling method '<bound method VersionsV2.index of <nova.api.openstack.compute.versions.VersionsV2 object at 0x7f72319383a0>>' {{(pid=69968) _process_stack /opt/stack/nova/nova/api/openstack/wsgi.py:520}}
Aug 26 08:26:38.668988 np0000032584 devstack@n-api.service[69968]: INFO nova.api.openstack.requestlog [None req-c6d3bd86-e81a-4eb6-b6a1-e2a42fee784c admin admin] 192.168.1.102 "GET /compute/v2.1" status: 200 len: 391 microversion: 2.1 time: 0.001776
Aug 26 08:26:38.669273 np0000032584 devstack@n-api.service[69968]: [pid: 69968|app: 0|req: 10/21] 192.168.1.102 () {62 vars in 1067 bytes} [Tue Aug 26 08:26:38 2025] GET /compute/v2.1 => generated 391 bytes in 2 msecs (HTTP/1.1 200) 9 headers in 357 bytes (1 switches on core 0)
Aug 26 08:26:38.693322 np0000032584 devstack@n-api.service[69967]: DEBUG nova.api.openstack.wsgi [None req-647a50cb-5990-4800-8300-93cfdf429654 admin admin] Action: 'create', calling method: <bound method FlavorsController.create of <nova.api.openstack.compute.flavors.FlavorsController object at 0x7f723123dba0>>, body: {"flavor": {"vcpus": 1, "swap": 0, "os-flavor-access:is_public": true, "id": "1", "name": "m1.tiny", "disk": 1, "rxtx_factor": 1.0, "ram": 512, "OS-FLV-EXT-DATA:ephemeral": 0}} {{(pid=69967) _process_stack /opt/stack/nova/nova/api/openstack/wsgi.py:518}}
Aug 26 08:26:38.704294 np0000032584 devstack@n-api.service[69967]: INFO nova.api.openstack.requestlog [None req-647a50cb-5990-4800-8300-93cfdf429654 admin admin] 192.168.1.102 "POST /compute/v2.1/flavors" status: 200 len: 408 microversion: 2.61 time: 0.029641
Aug 26 08:26:38.704599 np0000032584 devstack@n-api.service[69967]: [pid: 69967|app: 0|req: 12/22] 192.168.1.102 () {72 vars in 1419 bytes} [Tue Aug 26 08:26:38 2025] POST /compute/v2.1/flavors => generated 408 bytes in 30 msecs (HTTP/1.1 200) 9 headers in 359 bytes (1 switches on core 0)
Aug 26 08:26:38.713460 np0000032584 devstack@n-api.service[69968]: DEBUG nova.api.openstack.wsgi [None req-8b626449-6834-43e3-9530-a50efc950357 admin admin] Action: 'create', calling method: <bound method FlavorExtraSpecsController.create of <nova.api.openstack.compute.flavors_extraspecs.FlavorExtraSpecsController object at 0x7f723123ab30>>, body: {"extra_specs": {"hw_rng:allowed": "True"}} {{(pid=69968) _process_stack /opt/stack/nova/nova/api/openstack/wsgi.py:518}}
Aug 26 08:26:38.724845 np0000032584 devstack@n-api.service[69968]: INFO nova.api.openstack.requestlog [None req-8b626449-6834-43e3-9530-a50efc950357 admin admin] 192.168.1.102 "POST /compute/v2.1/flavors/1/os-extra_specs" status: 200 len: 43 microversion: 2.61 time: 0.013218
Aug 26 08:26:38.725206 np0000032584 devstack@n-api.service[69968]: [pid: 69968|app: 0|req: 11/23] 192.168.1.102 () {72 vars in 1469 bytes} [Tue Aug 26 08:26:38 2025] POST /compute/v2.1/flavors/1/os-extra_specs => generated 43 bytes in 14 msecs (HTTP/1.1 200) 9 headers in 358 bytes (1 switches on core 0)
Aug 26 08:26:38.811499 np0000032584 devstack@n-api.service[69967]: DEBUG nova.api.openstack.wsgi [None req-647a50cb-5990-4800-8300-93cfdf429654 admin admin] Calling method '<bound method VersionsV2.index of <nova.api.openstack.compute.versions.VersionsV2 object at 0x7f72317f6aa0>>' {{(pid=69967) _process_stack /opt/stack/nova/nova/api/openstack/wsgi.py:520}}
Aug 26 08:26:38.813035 np0000032584 devstack@n-api.service[69967]: INFO nova.api.openstack.requestlog [None req-647a50cb-5990-4800-8300-93cfdf429654 admin admin] 192.168.1.102 "GET /compute/v2.1" status: 200 len: 391 microversion: 2.1 time: 0.001722
Aug 26 08:26:38.813210 np0000032584 devstack@n-api.service[69967]: [pid: 69967|app: 0|req: 13/24] 192.168.1.102 () {62 vars in 1067 bytes} [Tue Aug 26 08:26:38 2025] GET /compute/v2.1 => generated 391 bytes in 2 msecs (HTTP/1.1 200) 9 headers in 357 bytes (1 switches on core 0)
Aug 26 08:26:38.837176 np0000032584 devstack@n-api.service[69968]: DEBUG nova.api.openstack.wsgi [None req-9476fd43-0541-486e-8d0e-52a6a96e4a78 admin admin] Action: 'create', calling method: <bound method FlavorsController.create of <nova.api.openstack.compute.flavors.FlavorsController object at 0x7f7231239900>>, body: {"flavor": {"vcpus": 1, "swap": 0, "os-flavor-access:is_public": true, "id": "2", "name": "m1.small", "disk": 20, "rxtx_factor": 1.0, "ram": 2048, "OS-FLV-EXT-DATA:ephemeral": 0}} {{(pid=69968) _process_stack /opt/stack/nova/nova/api/openstack/wsgi.py:518}}
Aug 26 08:26:38.846982 np0000032584 devstack@n-api.service[69968]: INFO nova.api.openstack.requestlog [None req-9476fd43-0541-486e-8d0e-52a6a96e4a78 admin admin] 192.168.1.102 "POST /compute/v2.1/flavors" status: 200 len: 411 microversion: 2.61 time: 0.028459
Aug 26 08:26:38.847320 np0000032584 devstack@n-api.service[69968]: [pid: 69968|app: 0|req: 12/25] 192.168.1.102 () {72 vars in 1419 bytes} [Tue Aug 26 08:26:38 2025] POST /compute/v2.1/flavors => generated 411 bytes in 29 msecs (HTTP/1.1 200) 9 headers in 359 bytes (1 switches on core 0)
Aug 26 08:26:38.856505 np0000032584 devstack@n-api.service[69967]: DEBUG nova.api.openstack.wsgi [None req-77f36017-846b-4dd6-a1d0-b2682e6c9219 admin admin] Action: 'create', calling method: <bound method FlavorExtraSpecsController.create of <nova.api.openstack.compute.flavors_extraspecs.FlavorExtraSpecsController object at 0x7f723123ee60>>, body: {"extra_specs": {"hw_rng:allowed": "True"}} {{(pid=69967) _process_stack /opt/stack/nova/nova/api/openstack/wsgi.py:518}}
Aug 26 08:26:38.869606 np0000032584 devstack@n-api.service[69967]: INFO nova.api.openstack.requestlog [None req-77f36017-846b-4dd6-a1d0-b2682e6c9219 admin admin] 192.168.1.102 "POST /compute/v2.1/flavors/2/os-extra_specs" status: 200 len: 43 microversion: 2.61 time: 0.014710
Aug 26 08:26:38.869880 np0000032584 devstack@n-api.service[69967]: [pid: 69967|app: 0|req: 14/26] 192.168.1.102 () {72 vars in 1469 bytes} [Tue Aug 26 08:26:38 2025] POST /compute/v2.1/flavors/2/os-extra_specs => generated 43 bytes in 15 msecs (HTTP/1.1 200) 9 headers in 358 bytes (1 switches on core 0)
Aug 26 08:26:38.972887 np0000032584 devstack@n-api.service[69968]: DEBUG nova.api.openstack.wsgi [None req-9476fd43-0541-486e-8d0e-52a6a96e4a78 admin admin] Calling method '<bound method VersionsV2.index of <nova.api.openstack.compute.versions.VersionsV2 object at 0x7f72319383a0>>' {{(pid=69968) _process_stack /opt/stack/nova/nova/api/openstack/wsgi.py:520}}
Aug 26 08:26:38.972887 np0000032584 devstack@n-api.service[69968]: INFO nova.api.openstack.requestlog [None req-9476fd43-0541-486e-8d0e-52a6a96e4a78 admin admin] 192.168.1.102 "GET /compute/v2.1" status: 200 len: 391 microversion: 2.1 time: 0.002011
Aug 26 08:26:38.972887 np0000032584 devstack@n-api.service[69968]: [pid: 69968|app: 0|req: 13/27] 192.168.1.102 () {62 vars in 1067 bytes} [Tue Aug 26 08:26:38 2025] GET /compute/v2.1 => generated 391 bytes in 2 msecs (HTTP/1.1 200) 9 headers in 357 bytes (1 switches on core 0)
Aug 26 08:26:38.998936 np0000032584 devstack@n-api.service[69967]: DEBUG nova.api.openstack.wsgi [None req-46ffd5b1-85b8-49ac-8628-ce1259de6d71 admin admin] Action: 'create', calling method: <bound method FlavorsController.create of <nova.api.openstack.compute.flavors.FlavorsController object at 0x7f723123dba0>>, body: {"flavor": {"vcpus": 2, "swap": 0, "os-flavor-access:is_public": true, "id": "3", "name": "m1.medium", "disk": 40, "rxtx_factor": 1.0, "ram": 4096, "OS-FLV-EXT-DATA:ephemeral": 0}} {{(pid=69967) _process_stack /opt/stack/nova/nova/api/openstack/wsgi.py:518}}
Aug 26 08:26:39.010536 np0000032584 devstack@n-api.service[69967]: INFO nova.api.openstack.requestlog [None req-46ffd5b1-85b8-49ac-8628-ce1259de6d71 admin admin] 192.168.1.102 "POST /compute/v2.1/flavors" status: 200 len: 412 microversion: 2.61 time: 0.031000
Aug 26 08:26:39.011054 np0000032584 devstack@n-api.service[69967]: [pid: 69967|app: 0|req: 15/28] 192.168.1.102 () {72 vars in 1419 bytes} [Tue Aug 26 08:26:38 2025] POST /compute/v2.1/flavors => generated 412 bytes in 32 msecs (HTTP/1.1 200) 9 headers in 359 bytes (1 switches on core 0)
Aug 26 08:26:39.025399 np0000032584 devstack@n-api.service[69968]: DEBUG nova.api.openstack.wsgi [None req-1ba12b70-f48f-44a1-857f-5f10a7bc7633 admin admin] Action: 'create', calling method: <bound method FlavorExtraSpecsController.create of <nova.api.openstack.compute.flavors_extraspecs.FlavorExtraSpecsController object at 0x7f723123ab30>>, body: {"extra_specs": {"hw_rng:allowed": "True"}} {{(pid=69968) _process_stack /opt/stack/nova/nova/api/openstack/wsgi.py:518}}
Aug 26 08:26:39.037990 np0000032584 devstack@n-api.service[69968]: INFO nova.api.openstack.requestlog [None req-1ba12b70-f48f-44a1-857f-5f10a7bc7633 admin admin] 192.168.1.102 "POST /compute/v2.1/flavors/3/os-extra_specs" status: 200 len: 43 microversion: 2.61 time: 0.014474
Aug 26 08:26:39.038286 np0000032584 devstack@n-api.service[69968]: [pid: 69968|app: 0|req: 14/29] 192.168.1.102 () {72 vars in 1469 bytes} [Tue Aug 26 08:26:39 2025] POST /compute/v2.1/flavors/3/os-extra_specs => generated 43 bytes in 15 msecs (HTTP/1.1 200) 9 headers in 358 bytes (1 switches on core 0)
Aug 26 08:26:39.138160 np0000032584 devstack@n-api.service[69967]: DEBUG nova.api.openstack.wsgi [None req-46ffd5b1-85b8-49ac-8628-ce1259de6d71 admin admin] Calling method '<bound method VersionsV2.index of <nova.api.openstack.compute.versions.VersionsV2 object at 0x7f72317f6aa0>>' {{(pid=69967) _process_stack /opt/stack/nova/nova/api/openstack/wsgi.py:520}}
Aug 26 08:26:39.139707 np0000032584 devstack@n-api.service[69967]: INFO nova.api.openstack.requestlog [None req-46ffd5b1-85b8-49ac-8628-ce1259de6d71 admin admin] 192.168.1.102 "GET /compute/v2.1" status: 200 len: 391 microversion: 2.1 time: 0.001728
Aug 26 08:26:39.139885 np0000032584 devstack@n-api.service[69967]: [pid: 69967|app: 0|req: 16/30] 192.168.1.102 () {62 vars in 1067 bytes} [Tue Aug 26 08:26:39 2025] GET /compute/v2.1 => generated 391 bytes in 2 msecs (HTTP/1.1 200) 9 headers in 357 bytes (1 switches on core 0)
Aug 26 08:26:39.167475 np0000032584 devstack@n-api.service[69968]: DEBUG nova.api.openstack.wsgi [None req-f0597423-96fd-4276-905b-54b12e8d0967 admin admin] Action: 'create', calling method: <bound method FlavorsController.create of <nova.api.openstack.compute.flavors.FlavorsController object at 0x7f7231239900>>, body: {"flavor": {"vcpus": 4, "swap": 0, "os-flavor-access:is_public": true, "id": "4", "name": "m1.large", "disk": 80, "rxtx_factor": 1.0, "ram": 8192, "OS-FLV-EXT-DATA:ephemeral": 0}} {{(pid=69968) _process_stack /opt/stack/nova/nova/api/openstack/wsgi.py:518}}
Aug 26 08:26:39.180388 np0000032584 devstack@n-api.service[69968]: INFO nova.api.openstack.requestlog [None req-f0597423-96fd-4276-905b-54b12e8d0967 admin admin] 192.168.1.102 "POST /compute/v2.1/flavors" status: 200 len: 411 microversion: 2.61 time: 0.034777
Aug 26 08:26:39.180653 np0000032584 devstack@n-api.service[69968]: [pid: 69968|app: 0|req: 15/31] 192.168.1.102 () {72 vars in 1419 bytes} [Tue Aug 26 08:26:39 2025] POST /compute/v2.1/flavors => generated 411 bytes in 35 msecs (HTTP/1.1 200) 9 headers in 359 bytes (1 switches on core 0)
Aug 26 08:26:39.192276 np0000032584 devstack@n-api.service[69967]: DEBUG nova.api.openstack.wsgi [None req-07381849-4392-4ffb-bc9e-a68132bd8b32 admin admin] Action: 'create', calling method: <bound method FlavorExtraSpecsController.create of <nova.api.openstack.compute.flavors_extraspecs.FlavorExtraSpecsController object at 0x7f723123ee60>>, body: {"extra_specs": {"hw_rng:allowed": "True"}} {{(pid=69967) _process_stack /opt/stack/nova/nova/api/openstack/wsgi.py:518}}
Aug 26 08:26:39.204814 np0000032584 devstack@n-api.service[69967]: INFO nova.api.openstack.requestlog [None req-07381849-4392-4ffb-bc9e-a68132bd8b32 admin admin] 192.168.1.102 "POST /compute/v2.1/flavors/4/os-extra_specs" status: 200 len: 43 microversion: 2.61 time: 0.014238
Aug 26 08:26:39.205520 np0000032584 devstack@n-api.service[69967]: [pid: 69967|app: 0|req: 17/32] 192.168.1.102 () {72 vars in 1469 bytes} [Tue Aug 26 08:26:39 2025] POST /compute/v2.1/flavors/4/os-extra_specs => generated 43 bytes in 15 msecs (HTTP/1.1 200) 9 headers in 358 bytes (1 switches on core 0)
Aug 26 08:26:39.333749 np0000032584 devstack@n-api.service[69968]: DEBUG nova.api.openstack.wsgi [None req-f0597423-96fd-4276-905b-54b12e8d0967 admin admin] Calling method '<bound method VersionsV2.index of <nova.api.openstack.compute.versions.VersionsV2 object at 0x7f72319383a0>>' {{(pid=69968) _process_stack /opt/stack/nova/nova/api/openstack/wsgi.py:520}}
Aug 26 08:26:39.335298 np0000032584 devstack@n-api.service[69968]: INFO nova.api.openstack.requestlog [None req-f0597423-96fd-4276-905b-54b12e8d0967 admin admin] 192.168.1.102 "GET /compute/v2.1" status: 200 len: 391 microversion: 2.1 time: 0.001772
Aug 26 08:26:39.335490 np0000032584 devstack@n-api.service[69968]: [pid: 69968|app: 0|req: 16/33] 192.168.1.102 () {62 vars in 1067 bytes} [Tue Aug 26 08:26:39 2025] GET /compute/v2.1 => generated 391 bytes in 2 msecs (HTTP/1.1 200) 9 headers in 357 bytes (1 switches on core 0)
Aug 26 08:26:39.365370 np0000032584 devstack@n-api.service[69967]: DEBUG nova.api.openstack.wsgi [None req-897b93a4-1c45-4735-8b89-a51c46ce730a admin admin] Action: 'create', calling method: <bound method FlavorsController.create of <nova.api.openstack.compute.flavors.FlavorsController object at 0x7f723123dba0>>, body: {"flavor": {"vcpus": 8, "swap": 0, "os-flavor-access:is_public": true, "id": "5", "name": "m1.xlarge", "disk": 160, "rxtx_factor": 1.0, "ram": 16384, "OS-FLV-EXT-DATA:ephemeral": 0}} {{(pid=69967) _process_stack /opt/stack/nova/nova/api/openstack/wsgi.py:518}}
Aug 26 08:26:39.375644 np0000032584 devstack@n-api.service[69967]: INFO nova.api.openstack.requestlog [None req-897b93a4-1c45-4735-8b89-a51c46ce730a admin admin] 192.168.1.102 "POST /compute/v2.1/flavors" status: 200 len: 414 microversion: 2.61 time: 0.031785
Aug 26 08:26:39.375881 np0000032584 devstack@n-api.service[69967]: [pid: 69967|app: 0|req: 18/34] 192.168.1.102 () {72 vars in 1419 bytes} [Tue Aug 26 08:26:39 2025] POST /compute/v2.1/flavors => generated 414 bytes in 32 msecs (HTTP/1.1 200) 9 headers in 359 bytes (1 switches on core 0)
Aug 26 08:26:39.384807 np0000032584 devstack@n-api.service[69968]: DEBUG nova.api.openstack.wsgi [None req-dafa7098-6bcb-481b-baf3-3b75700204cb admin admin] Action: 'create', calling method: <bound method FlavorExtraSpecsController.create of <nova.api.openstack.compute.flavors_extraspecs.FlavorExtraSpecsController object at 0x7f723123ab30>>, body: {"extra_specs": {"hw_rng:allowed": "True"}} {{(pid=69968) _process_stack /opt/stack/nova/nova/api/openstack/wsgi.py:518}}
Aug 26 08:26:39.398054 np0000032584 devstack@n-api.service[69968]: INFO nova.api.openstack.requestlog [None req-dafa7098-6bcb-481b-baf3-3b75700204cb admin admin] 192.168.1.102 "POST /compute/v2.1/flavors/5/os-extra_specs" status: 200 len: 43 microversion: 2.61 time: 0.014946
Aug 26 08:26:39.398374 np0000032584 devstack@n-api.service[69968]: [pid: 69968|app: 0|req: 17/35] 192.168.1.102 () {72 vars in 1469 bytes} [Tue Aug 26 08:26:39 2025] POST /compute/v2.1/flavors/5/os-extra_specs => generated 43 bytes in 15 msecs (HTTP/1.1 200) 9 headers in 358 bytes (1 switches on core 0)
Aug 26 08:26:43.392028 np0000032584 devstack@n-api.service[69967]: DEBUG nova.api.openstack.wsgi [None req-897b93a4-1c45-4735-8b89-a51c46ce730a admin admin] Calling method '<bound method VersionsV2.index of <nova.api.openstack.compute.versions.VersionsV2 object at 0x7f72317f6aa0>>' {{(pid=69967) _process_stack /opt/stack/nova/nova/api/openstack/wsgi.py:520}}
Aug 26 08:26:43.393599 np0000032584 devstack@n-api.service[69967]: INFO nova.api.openstack.requestlog [None req-897b93a4-1c45-4735-8b89-a51c46ce730a admin admin] 192.168.1.102 "GET /compute/v2.1" status: 200 len: 391 microversion: 2.1 time: 0.001754
Aug 26 08:26:43.393788 np0000032584 devstack@n-api.service[69967]: [pid: 69967|app: 0|req: 19/36] 192.168.1.102 () {62 vars in 1067 bytes} [Tue Aug 26 08:26:43 2025] GET /compute/v2.1 => generated 391 bytes in 2 msecs (HTTP/1.1 200) 9 headers in 357 bytes (1 switches on core 0)
Aug 26 08:26:43.417806 np0000032584 devstack@n-api.service[69968]: DEBUG nova.api.openstack.wsgi [None req-6f5cea83-f7d5-4ccb-9762-2276809f8cdb admin admin] Calling method '<bound method FlavorsController.detail of <nova.api.openstack.compute.flavors.FlavorsController object at 0x7f7231239ea0>>' {{(pid=69968) _process_stack /opt/stack/nova/nova/api/openstack/wsgi.py:520}}
Aug 26 08:26:43.425583 np0000032584 devstack@n-api.service[69968]: INFO nova.api.openstack.requestlog [None req-6f5cea83-f7d5-4ccb-9762-2276809f8cdb admin admin] 192.168.1.102 "GET /compute/v2.1/flavors/detail?is_public=True" status: 200 len: 4262 microversion: 2.61 time: 0.026413
Aug 26 08:26:43.425807 np0000032584 devstack@n-api.service[69968]: [pid: 69968|app: 0|req: 18/37] 192.168.1.102 () {68 vars in 1428 bytes} [Tue Aug 26 08:26:43 2025] GET /compute/v2.1/flavors/detail?is_public=True => generated 4262 bytes in 27 msecs (HTTP/1.1 200) 9 headers in 360 bytes (1 switches on core 0)
Aug 26 08:26:43.533724 np0000032584 devstack@n-api.service[69967]: DEBUG nova.api.openstack.wsgi [None req-897b93a4-1c45-4735-8b89-a51c46ce730a admin admin] Calling method '<bound method VersionsV2.index of <nova.api.openstack.compute.versions.VersionsV2 object at 0x7f72317f6aa0>>' {{(pid=69967) _process_stack /opt/stack/nova/nova/api/openstack/wsgi.py:520}}
Aug 26 08:26:43.535237 np0000032584 devstack@n-api.service[69967]: INFO nova.api.openstack.requestlog [None req-897b93a4-1c45-4735-8b89-a51c46ce730a admin admin] 192.168.1.102 "GET /compute/v2.1" status: 200 len: 391 microversion: 2.1 time: 0.001706
Aug 26 08:26:43.535419 np0000032584 devstack@n-api.service[69967]: [pid: 69967|app: 0|req: 20/38] 192.168.1.102 () {62 vars in 1067 bytes} [Tue Aug 26 08:26:43 2025] GET /compute/v2.1 => generated 391 bytes in 2 msecs (HTTP/1.1 200) 9 headers in 357 bytes (1 switches on core 0)
Aug 26 08:26:43.559268 np0000032584 devstack@n-api.service[69968]: DEBUG nova.api.openstack.wsgi [None req-5788fbfa-9ff7-4e63-a999-0ce37f640e6d admin admin] Action: 'create', calling method: <bound method FlavorsController.create of <nova.api.openstack.compute.flavors.FlavorsController object at 0x7f7231239900>>, body: {"flavor": {"vcpus": 1, "swap": 0, "os-flavor-access:is_public": true, "id": "100", "name": "manila-service-flavor", "disk": 5, "rxtx_factor": 1.0, "ram": 1024, "OS-FLV-EXT-DATA:ephemeral": 0}} {{(pid=69968) _process_stack /opt/stack/nova/nova/api/openstack/wsgi.py:518}}
Aug 26 08:26:43.569218 np0000032584 devstack@n-api.service[69968]: INFO nova.api.openstack.requestlog [None req-5788fbfa-9ff7-4e63-a999-0ce37f640e6d admin admin] 192.168.1.102 "POST /compute/v2.1/flavors" status: 200 len: 429 microversion: 2.61 time: 0.028641
Aug 26 08:26:43.569479 np0000032584 devstack@n-api.service[69968]: [pid: 69968|app: 0|req: 19/39] 192.168.1.102 () {72 vars in 1419 bytes} [Tue Aug 26 08:26:43 2025] POST /compute/v2.1/flavors => generated 429 bytes in 29 msecs (HTTP/1.1 200) 9 headers in 359 bytes (1 switches on core 0)
Aug 26 08:27:21.436740 np0000032584 devstack@n-api.service[69967]: DEBUG nova.api.openstack.wsgi [None req-897b93a4-1c45-4735-8b89-a51c46ce730a admin admin] Calling method '<bound method VersionsV2.index of <nova.api.openstack.compute.versions.VersionsV2 object at 0x7f72317f6aa0>>' {{(pid=69967) _process_stack /opt/stack/nova/nova/api/openstack/wsgi.py:520}}
Aug 26 08:27:21.436740 np0000032584 devstack@n-api.service[69967]: INFO nova.api.openstack.requestlog [None req-897b93a4-1c45-4735-8b89-a51c46ce730a admin admin] 192.168.1.102 "GET /compute/v2.1" status: 200 len: 391 microversion: 2.1 time: 0.001773
Aug 26 08:27:21.436740 np0000032584 devstack@n-api.service[69967]: [pid: 69967|app: 0|req: 21/40] 192.168.1.102 () {62 vars in 1067 bytes} [Tue Aug 26 08:27:21 2025] GET /compute/v2.1 => generated 391 bytes in 2 msecs (HTTP/1.1 200) 9 headers in 357 bytes (1 switches on core 0)
Aug 26 08:27:21.445146 np0000032584 devstack@n-api.service[69968]: DEBUG dbcounter [-] [69968] Writing DB stats nova_api:SELECT=23,nova_api:INSERT=11,nova_api:SAVEPOINT=5,nova_api:RELEASE=5 {{(pid=69968) stat_writer /opt/stack/data/venv/lib/python3.10/site-packages/dbcounter.py:115}}
Aug 26 08:27:21.464024 np0000032584 devstack@n-api.service[69968]: DEBUG nova.api.openstack.wsgi [None req-2ac638f4-cfac-4dc3-a0cc-162e581f6e0f admin admin] Calling method '<function Controller.__getattribute__.<locals>.version_select at 0x7f7230da0af0>' {{(pid=69968) _process_stack /opt/stack/nova/nova/api/openstack/wsgi.py:520}}
Aug 26 08:27:21.466130 np0000032584 devstack@n-api.service[69968]: WARNING oslo_db.sqlalchemy.utils [None req-2ac638f4-cfac-4dc3-a0cc-162e581f6e0f admin admin] Unique keys not in sort_keys. The sorting order may be unstable.
