Aug 08 08:59:38.078064 np0000032472 devstack@n-api.service[69849]: DEBUG dbcounter [-] [69849] Writer thread running {{(pid=69849) stat_writer /opt/stack/data/venv/lib/python3.10/site-packages/dbcounter.py:102}}
Aug 08 08:59:38.080231 np0000032472 devstack@n-api.service[69849]: INFO dbcounter [None req-02094713-8343-4e91-98a0-e78d2a5d86bb None None] Registered counter for database nova_cell0
Aug 08 08:59:38.084173 np0000032472 devstack@n-api.service[69849]: DEBUG oslo_db.sqlalchemy.engines [None req-02094713-8343-4e91-98a0-e78d2a5d86bb None None] MySQL server mode set to STRICT_TRANS_TABLES,STRICT_ALL_TABLES,NO_ZERO_IN_DATE,NO_ZERO_DATE,ERROR_FOR_DIVISION_BY_ZERO,TRADITIONAL,NO_ENGINE_SUBSTITUTION {{(pid=69849) _check_effective_sql_mode /opt/stack/data/venv/lib/python3.10/site-packages/oslo_db/sqlalchemy/engines.py:342}}
Aug 08 08:59:38.088288 np0000032472 devstack@n-api.service[69849]: DEBUG dbcounter [-] [69849] Writer thread running {{(pid=69849) stat_writer /opt/stack/data/venv/lib/python3.10/site-packages/dbcounter.py:102}}
Aug 08 08:59:38.127753 np0000032472 devstack@n-api.service[69850]: DEBUG dbcounter [-] [69850] Writer thread running {{(pid=69850) stat_writer /opt/stack/data/venv/lib/python3.10/site-packages/dbcounter.py:102}}
Aug 08 08:59:38.131679 np0000032472 devstack@n-api.service[69850]: DEBUG dbcounter [-] [69850] Writer thread running {{(pid=69850) stat_writer /opt/stack/data/venv/lib/python3.10/site-packages/dbcounter.py:102}}
Aug 08 08:59:38.133765 np0000032472 devstack@n-api.service[69850]: INFO dbcounter [None req-1053b654-9204-4933-90ae-a0fbf2f60091 None None] Registered counter for database nova_cell0
Aug 08 08:59:38.137842 np0000032472 devstack@n-api.service[69850]: DEBUG oslo_db.sqlalchemy.engines [None req-1053b654-9204-4933-90ae-a0fbf2f60091 None None] MySQL server mode set to STRICT_TRANS_TABLES,STRICT_ALL_TABLES,NO_ZERO_IN_DATE,NO_ZERO_DATE,ERROR_FOR_DIVISION_BY_ZERO,TRADITIONAL,NO_ENGINE_SUBSTITUTION {{(pid=69850) _check_effective_sql_mode /opt/stack/data/venv/lib/python3.10/site-packages/oslo_db/sqlalchemy/engines.py:342}}
Aug 08 08:59:38.141865 np0000032472 devstack@n-api.service[69850]: DEBUG dbcounter [-] [69850] Writer thread running {{(pid=69850) stat_writer /opt/stack/data/venv/lib/python3.10/site-packages/dbcounter.py:102}}
Aug 08 08:59:38.438453 np0000032472 devstack@n-api.service[69850]: DEBUG oslo_concurrency.processutils [None req-1053b654-9204-4933-90ae-a0fbf2f60091 None None] Running cmd (subprocess): grep -F node.session.scan /sbin/iscsiadm {{(pid=69850) execute /opt/stack/data/venv/lib/python3.10/site-packages/oslo_concurrency/processutils.py:390}}
Aug 08 08:59:38.441865 np0000032472 devstack@n-api.service[69849]: DEBUG oslo_concurrency.processutils [None req-02094713-8343-4e91-98a0-e78d2a5d86bb None None] Running cmd (subprocess): grep -F node.session.scan /sbin/iscsiadm {{(pid=69849) execute /opt/stack/data/venv/lib/python3.10/site-packages/oslo_concurrency/processutils.py:390}}
Aug 08 08:59:38.445433 np0000032472 devstack@n-api.service[69850]: DEBUG oslo_concurrency.processutils [None req-1053b654-9204-4933-90ae-a0fbf2f60091 None None] CMD "grep -F node.session.scan /sbin/iscsiadm" returned: 0 in 0.007s {{(pid=69850) execute /opt/stack/data/venv/lib/python3.10/site-packages/oslo_concurrency/processutils.py:428}}
Aug 08 08:59:38.448579 np0000032472 devstack@n-api.service[69849]: DEBUG oslo_concurrency.processutils [None req-02094713-8343-4e91-98a0-e78d2a5d86bb None None] CMD "grep -F node.session.scan /sbin/iscsiadm" returned: 0 in 0.007s {{(pid=69849) execute /opt/stack/data/venv/lib/python3.10/site-packages/oslo_concurrency/processutils.py:428}}
Aug 08 08:59:38.776312 np0000032472 devstack@n-api.service[69849]: WARNING keystonemiddleware.auth_token [None req-02094713-8343-4e91-98a0-e78d2a5d86bb None None] AuthToken middleware is set with keystone_authtoken.service_token_roles_required set to False. This is backwards compatible but deprecated behaviour. Please set this to True.
Aug 08 08:59:38.776523 np0000032472 devstack@n-api.service[69850]: WARNING keystonemiddleware.auth_token [None req-1053b654-9204-4933-90ae-a0fbf2f60091 None None] AuthToken middleware is set with keystone_authtoken.service_token_roles_required set to False. This is backwards compatible but deprecated behaviour. Please set this to True.
Aug 08 08:59:38.779900 np0000032472 devstack@n-api.service[69849]: WARNING keystonemiddleware.auth_token [None req-02094713-8343-4e91-98a0-e78d2a5d86bb None None] Configuring www_authenticate_uri to point to the public identity endpoint is required; clients may not be able to authenticate against an admin endpoint
Aug 08 08:59:38.780123 np0000032472 devstack@n-api.service[69850]: WARNING keystonemiddleware.auth_token [None req-1053b654-9204-4933-90ae-a0fbf2f60091 None None] Configuring www_authenticate_uri to point to the public identity endpoint is required; clients may not be able to authenticate against an admin endpoint
Aug 08 08:59:38.851062 np0000032472 devstack@n-api.service[69849]: WARNING keystonemiddleware.auth_token [None req-02094713-8343-4e91-98a0-e78d2a5d86bb None None] AuthToken middleware is set with keystone_authtoken.service_token_roles_required set to False. This is backwards compatible but deprecated behaviour. Please set this to True.
Aug 08 08:59:38.851955 np0000032472 devstack@n-api.service[69850]: WARNING keystonemiddleware.auth_token [None req-1053b654-9204-4933-90ae-a0fbf2f60091 None None] AuthToken middleware is set with keystone_authtoken.service_token_roles_required set to False. This is backwards compatible but deprecated behaviour. Please set this to True.
Aug 08 08:59:38.853345 np0000032472 devstack@n-api.service[69849]: WARNING keystonemiddleware.auth_token [None req-02094713-8343-4e91-98a0-e78d2a5d86bb None None] Configuring www_authenticate_uri to point to the public identity endpoint is required; clients may not be able to authenticate against an admin endpoint
Aug 08 08:59:38.854442 np0000032472 devstack@n-api.service[69850]: WARNING keystonemiddleware.auth_token [None req-1053b654-9204-4933-90ae-a0fbf2f60091 None None] Configuring www_authenticate_uri to point to the public identity endpoint is required; clients may not be able to authenticate against an admin endpoint
Aug 08 08:59:38.855285 np0000032472 devstack@n-api.service[69849]: WSGI app 0 (mountpoint='') ready in 2 seconds on interpreter 0x557711a9ed70 pid: 69849 (default app)
Aug 08 08:59:38.856231 np0000032472 devstack@n-api.service[69849]: DEBUG nova.api.openstack.wsgi [None req-02094713-8343-4e91-98a0-e78d2a5d86bb None None] Calling method '<bound method VersionsV2.index of <nova.api.openstack.compute.versions.VersionsV2 object at 0x7fb79bd46380>>' {{(pid=69849) _process_stack /opt/stack/nova/nova/api/openstack/wsgi.py:520}}
Aug 08 08:59:38.856564 np0000032472 devstack@n-api.service[69850]: WSGI app 0 (mountpoint='') ready in 2 seconds on interpreter 0x557711a9ed70 pid: 69850 (default app)
Aug 08 08:59:38.857877 np0000032472 devstack@n-api.service[69849]: INFO nova.api.openstack.requestlog [None req-02094713-8343-4e91-98a0-e78d2a5d86bb None None] 192.168.1.105 "GET /compute/v2.1/" status: 200 len: 390 microversion: 2.1 time: 0.001900
Aug 08 08:59:38.858056 np0000032472 devstack@n-api.service[69849]: [pid: 69849|app: 0|req: 1/1] 192.168.1.105 () {50 vars in 783 bytes} [Fri Aug  8 08:59:38 2025] GET /compute/v2.1/ => generated 390 bytes in 2 msecs (HTTP/1.1 200) 9 headers in 357 bytes (1 switches on core 0)
Aug 08 09:00:17.944747 np0000032472 devstack@n-api.service[69850]: DEBUG nova.api.openstack.wsgi [None req-1053b654-9204-4933-90ae-a0fbf2f60091 None None] Calling method '<bound method VersionsV2.index of <nova.api.openstack.compute.versions.VersionsV2 object at 0x7fb79be0de10>>' {{(pid=69850) _process_stack /opt/stack/nova/nova/api/openstack/wsgi.py:520}}
Aug 08 09:00:17.946741 np0000032472 devstack@n-api.service[69850]: INFO nova.api.openstack.requestlog [None req-1053b654-9204-4933-90ae-a0fbf2f60091 None None] 192.168.1.105 "GET /compute/v2.1" status: 200 len: 391 microversion: 2.1 time: 0.002462
Aug 08 09:00:17.947106 np0000032472 devstack@n-api.service[69850]: [pid: 69850|app: 0|req: 1/2] 192.168.1.105 () {62 vars in 1067 bytes} [Fri Aug  8 09:00:17 2025] GET /compute/v2.1 => generated 391 bytes in 4 msecs (HTTP/1.1 200) 9 headers in 357 bytes (1 switches on core 0)
Aug 08 09:00:17.957126 np0000032472 devstack@n-api.service[69849]: DEBUG dbcounter [-] [69849] Writing DB stats nova_api:SELECT=1 {{(pid=69849) stat_writer /opt/stack/data/venv/lib/python3.10/site-packages/dbcounter.py:115}}
Aug 08 09:00:17.957749 np0000032472 devstack@n-api.service[69849]: DEBUG dbcounter [-] [69849] Writing DB stats nova_cell0:SELECT=1 {{(pid=69849) stat_writer /opt/stack/data/venv/lib/python3.10/site-packages/dbcounter.py:115}}
Aug 08 09:00:17.958272 np0000032472 devstack@n-api.service[69849]: DEBUG dbcounter [-] [69849] Writing DB stats nova_cell1:SELECT=1 {{(pid=69849) stat_writer /opt/stack/data/venv/lib/python3.10/site-packages/dbcounter.py:115}}
Aug 08 09:00:17.958633 np0000032472 devstack@n-api.service[69849]: DEBUG dbcounter [-] [69849] Writing DB stats nova_cell0:SELECT=2,nova_cell0:INSERT=1 {{(pid=69849) stat_writer /opt/stack/data/venv/lib/python3.10/site-packages/dbcounter.py:115}}
Aug 08 09:00:18.083173 np0000032472 devstack@n-api.service[69849]: DEBUG nova.api.openstack.wsgi [None req-404f6578-84f0-4a9e-a1d1-a3e948bd48ec admin admin] Calling method '<bound method FlavorsController.detail of <nova.api.openstack.compute.flavors.FlavorsController object at 0x7fb79b84a1d0>>' {{(pid=69849) _process_stack /opt/stack/nova/nova/api/openstack/wsgi.py:520}}
Aug 08 09:00:18.098286 np0000032472 devstack@n-api.service[69849]: INFO nova.api.openstack.requestlog [None req-404f6578-84f0-4a9e-a1d1-a3e948bd48ec admin admin] 192.168.1.105 "GET /compute/v2.1/flavors/detail?is_public=True" status: 200 len: 15 microversion: 2.61 time: 0.144394
Aug 08 09:00:18.098667 np0000032472 devstack@n-api.service[69849]: [pid: 69849|app: 0|req: 2/3] 192.168.1.105 () {68 vars in 1428 bytes} [Fri Aug  8 09:00:17 2025] GET /compute/v2.1/flavors/detail?is_public=True => generated 15 bytes in 145 msecs (HTTP/1.1 200) 9 headers in 358 bytes (1 switches on core 0)
Aug 08 09:00:18.201789 np0000032472 devstack@n-api.service[69850]: DEBUG nova.api.openstack.wsgi [None req-1053b654-9204-4933-90ae-a0fbf2f60091 None None] Calling method '<bound method VersionsV2.index of <nova.api.openstack.compute.versions.VersionsV2 object at 0x7fb79be0de10>>' {{(pid=69850) _process_stack /opt/stack/nova/nova/api/openstack/wsgi.py:520}}
Aug 08 09:00:18.203337 np0000032472 devstack@n-api.service[69850]: INFO nova.api.openstack.requestlog [None req-1053b654-9204-4933-90ae-a0fbf2f60091 None None] 192.168.1.105 "GET /compute/v2.1" status: 200 len: 391 microversion: 2.1 time: 0.001751
Aug 08 09:00:18.203516 np0000032472 devstack@n-api.service[69850]: [pid: 69850|app: 0|req: 2/4] 192.168.1.105 () {62 vars in 1067 bytes} [Fri Aug  8 09:00:18 2025] GET /compute/v2.1 => generated 391 bytes in 2 msecs (HTTP/1.1 200) 9 headers in 357 bytes (1 switches on core 0)
Aug 08 09:00:18.229746 np0000032472 devstack@n-api.service[69849]: DEBUG nova.api.openstack.wsgi [None req-0a1fda83-93ae-4111-9deb-d0e2df487b32 admin admin] Action: 'create', calling method: <bound method FlavorsController.create of <nova.api.openstack.compute.flavors.FlavorsController object at 0x7fb79b849c30>>, body: {"flavor": {"swap": 0, "ram": 256, "vcpus": 1, "rxtx_factor": 1.0, "id": "c1", "os-flavor-access:is_public": true, "name": "cirros256", "disk": 1, "OS-FLV-EXT-DATA:ephemeral": 0}} {{(pid=69849) _process_stack /opt/stack/nova/nova/api/openstack/wsgi.py:518}}
Aug 08 09:00:18.251903 np0000032472 devstack@n-api.service[69849]: INFO nova.api.openstack.requestlog [None req-0a1fda83-93ae-4111-9deb-d0e2df487b32 admin admin] 192.168.1.105 "POST /compute/v2.1/flavors" status: 200 len: 413 microversion: 2.61 time: 0.041339
Aug 08 09:00:18.252158 np0000032472 devstack@n-api.service[69849]: [pid: 69849|app: 0|req: 3/5] 192.168.1.105 () {72 vars in 1419 bytes} [Fri Aug  8 09:00:18 2025] POST /compute/v2.1/flavors => generated 413 bytes in 42 msecs (HTTP/1.1 200) 9 headers in 359 bytes (1 switches on core 0)
Aug 08 09:00:18.263816 np0000032472 devstack@n-api.service[69850]: DEBUG dbcounter [-] [69850] Writing DB stats nova_api:SELECT=1 {{(pid=69850) stat_writer /opt/stack/data/venv/lib/python3.10/site-packages/dbcounter.py:115}}
Aug 08 09:00:18.264580 np0000032472 devstack@n-api.service[69850]: DEBUG dbcounter [-] [69850] Writing DB stats nova_cell0:SELECT=1 {{(pid=69850) stat_writer /opt/stack/data/venv/lib/python3.10/site-packages/dbcounter.py:115}}
Aug 08 09:00:18.264953 np0000032472 devstack@n-api.service[69850]: DEBUG dbcounter [-] [69850] Writing DB stats nova_cell1:SELECT=1 {{(pid=69850) stat_writer /opt/stack/data/venv/lib/python3.10/site-packages/dbcounter.py:115}}
Aug 08 09:00:18.265301 np0000032472 devstack@n-api.service[69850]: DEBUG dbcounter [-] [69850] Writing DB stats nova_cell0:SELECT=1 {{(pid=69850) stat_writer /opt/stack/data/venv/lib/python3.10/site-packages/dbcounter.py:115}}
Aug 08 09:00:18.331957 np0000032472 devstack@n-api.service[69850]: DEBUG nova.api.openstack.wsgi [None req-5c91c95f-7244-486b-9609-d6d60c1377c2 admin admin] Action: 'create', calling method: <bound method FlavorExtraSpecsController.create of <nova.api.openstack.compute.flavors_extraspecs.FlavorExtraSpecsController object at 0x7fb79b83c550>>, body: {"extra_specs": {"hw_rng:allowed": "True"}} {{(pid=69850) _process_stack /opt/stack/nova/nova/api/openstack/wsgi.py:518}}
Aug 08 09:00:18.367680 np0000032472 devstack@n-api.service[69850]: INFO nova.api.openstack.requestlog [None req-5c91c95f-7244-486b-9609-d6d60c1377c2 admin admin] 192.168.1.105 "POST /compute/v2.1/flavors/c1/os-extra_specs" status: 200 len: 43 microversion: 2.61 time: 0.106662
Aug 08 09:00:18.368217 np0000032472 devstack@n-api.service[69850]: [pid: 69850|app: 0|req: 3/6] 192.168.1.105 () {72 vars in 1472 bytes} [Fri Aug  8 09:00:18 2025] POST /compute/v2.1/flavors/c1/os-extra_specs => generated 43 bytes in 107 msecs (HTTP/1.1 200) 9 headers in 358 bytes (1 switches on core 0)
Aug 08 09:00:18.460703 np0000032472 devstack@n-api.service[69849]: DEBUG nova.api.openstack.wsgi [None req-0a1fda83-93ae-4111-9deb-d0e2df487b32 admin admin] Calling method '<bound method VersionsV2.index of <nova.api.openstack.compute.versions.VersionsV2 object at 0x7fb79bd46380>>' {{(pid=69849) _process_stack /opt/stack/nova/nova/api/openstack/wsgi.py:520}}
Aug 08 09:00:18.462318 np0000032472 devstack@n-api.service[69849]: INFO nova.api.openstack.requestlog [None req-0a1fda83-93ae-4111-9deb-d0e2df487b32 admin admin] 192.168.1.105 "GET /compute/v2.1" status: 200 len: 391 microversion: 2.1 time: 0.001793
Aug 08 09:00:18.462497 np0000032472 devstack@n-api.service[69849]: [pid: 69849|app: 0|req: 4/7] 192.168.1.105 () {62 vars in 1067 bytes} [Fri Aug  8 09:00:18 2025] GET /compute/v2.1 => generated 391 bytes in 2 msecs (HTTP/1.1 200) 9 headers in 357 bytes (1 switches on core 0)
Aug 08 09:00:18.523232 np0000032472 devstack@n-api.service[69850]: DEBUG nova.api.openstack.wsgi [None req-b8a604f1-5d75-45a3-bfb6-d6c710cf312b admin admin] Action: 'create', calling method: <bound method FlavorsController.create of <nova.api.openstack.compute.flavors.FlavorsController object at 0x7fb79b83cd00>>, body: {"flavor": {"swap": 0, "ram": 512, "vcpus": 1, "rxtx_factor": 1.0, "id": "d1", "os-flavor-access:is_public": true, "name": "ds512M", "disk": 5, "OS-FLV-EXT-DATA:ephemeral": 0}} {{(pid=69850) _process_stack /opt/stack/nova/nova/api/openstack/wsgi.py:518}}
Aug 08 09:00:18.539822 np0000032472 devstack@n-api.service[69850]: INFO nova.api.openstack.requestlog [None req-b8a604f1-5d75-45a3-bfb6-d6c710cf312b admin admin] 192.168.1.105 "POST /compute/v2.1/flavors" status: 200 len: 410 microversion: 2.61 time: 0.069571
Aug 08 09:00:18.540062 np0000032472 devstack@n-api.service[69850]: [pid: 69850|app: 0|req: 4/8] 192.168.1.105 () {72 vars in 1419 bytes} [Fri Aug  8 09:00:18 2025] POST /compute/v2.1/flavors => generated 410 bytes in 70 msecs (HTTP/1.1 200) 9 headers in 359 bytes (1 switches on core 0)
Aug 08 09:00:18.549135 np0000032472 devstack@n-api.service[69849]: DEBUG nova.api.openstack.wsgi [None req-40fdd0b8-49cb-4edb-98f0-100e530faeb5 admin admin] Action: 'create', calling method: <bound method FlavorExtraSpecsController.create of <nova.api.openstack.compute.flavors_extraspecs.FlavorExtraSpecsController object at 0x7fb79b84b250>>, body: {"extra_specs": {"hw_rng:allowed": "True"}} {{(pid=69849) _process_stack /opt/stack/nova/nova/api/openstack/wsgi.py:518}}
Aug 08 09:00:18.574328 np0000032472 devstack@n-api.service[69849]: INFO nova.api.openstack.requestlog [None req-40fdd0b8-49cb-4edb-98f0-100e530faeb5 admin admin] 192.168.1.105 "POST /compute/v2.1/flavors/d1/os-extra_specs" status: 200 len: 43 microversion: 2.61 time: 0.026914
Aug 08 09:00:18.574590 np0000032472 devstack@n-api.service[69849]: [pid: 69849|app: 0|req: 5/9] 192.168.1.105 () {72 vars in 1472 bytes} [Fri Aug  8 09:00:18 2025] POST /compute/v2.1/flavors/d1/os-extra_specs => generated 43 bytes in 27 msecs (HTTP/1.1 200) 9 headers in 358 bytes (1 switches on core 0)
Aug 08 09:00:18.674925 np0000032472 devstack@n-api.service[69850]: DEBUG nova.api.openstack.wsgi [None req-b8a604f1-5d75-45a3-bfb6-d6c710cf312b admin admin] Calling method '<bound method VersionsV2.index of <nova.api.openstack.compute.versions.VersionsV2 object at 0x7fb79be0de10>>' {{(pid=69850) _process_stack /opt/stack/nova/nova/api/openstack/wsgi.py:520}}
Aug 08 09:00:18.676490 np0000032472 devstack@n-api.service[69850]: INFO nova.api.openstack.requestlog [None req-b8a604f1-5d75-45a3-bfb6-d6c710cf312b admin admin] 192.168.1.105 "GET /compute/v2.1" status: 200 len: 391 microversion: 2.1 time: 0.001746
Aug 08 09:00:18.676678 np0000032472 devstack@n-api.service[69850]: [pid: 69850|app: 0|req: 5/10] 192.168.1.105 () {62 vars in 1067 bytes} [Fri Aug  8 09:00:18 2025] GET /compute/v2.1 => generated 391 bytes in 2 msecs (HTTP/1.1 200) 9 headers in 357 bytes (1 switches on core 0)
Aug 08 09:00:18.702047 np0000032472 devstack@n-api.service[69849]: DEBUG nova.api.openstack.wsgi [None req-18ee0321-5333-43dc-9021-20708bd5670a admin admin] Action: 'create', calling method: <bound method FlavorsController.create of <nova.api.openstack.compute.flavors.FlavorsController object at 0x7fb79b849c30>>, body: {"flavor": {"swap": 0, "ram": 1024, "vcpus": 1, "rxtx_factor": 1.0, "id": "d2", "os-flavor-access:is_public": true, "name": "ds1G", "disk": 10, "OS-FLV-EXT-DATA:ephemeral": 0}} {{(pid=69849) _process_stack /opt/stack/nova/nova/api/openstack/wsgi.py:518}}
Aug 08 09:00:18.711353 np0000032472 devstack@n-api.service[69849]: INFO nova.api.openstack.requestlog [None req-18ee0321-5333-43dc-9021-20708bd5670a admin admin] 192.168.1.105 "POST /compute/v2.1/flavors" status: 200 len: 410 microversion: 2.61 time: 0.029242
Aug 08 09:00:18.711577 np0000032472 devstack@n-api.service[69849]: [pid: 69849|app: 0|req: 6/11] 192.168.1.105 () {72 vars in 1419 bytes} [Fri Aug  8 09:00:18 2025] POST /compute/v2.1/flavors => generated 410 bytes in 30 msecs (HTTP/1.1 200) 9 headers in 359 bytes (1 switches on core 0)
Aug 08 09:00:18.719904 np0000032472 devstack@n-api.service[69850]: DEBUG nova.api.openstack.wsgi [None req-5a44c9ed-93e3-4f6c-ab45-2c77789bb8be admin admin] Action: 'create', calling method: <bound method FlavorExtraSpecsController.create of <nova.api.openstack.compute.flavors_extraspecs.FlavorExtraSpecsController object at 0x7fb79b83c550>>, body: {"extra_specs": {"hw_rng:allowed": "True"}} {{(pid=69850) _process_stack /opt/stack/nova/nova/api/openstack/wsgi.py:518}}
Aug 08 09:00:18.731638 np0000032472 devstack@n-api.service[69850]: INFO nova.api.openstack.requestlog [None req-5a44c9ed-93e3-4f6c-ab45-2c77789bb8be admin admin] 192.168.1.105 "POST /compute/v2.1/flavors/d2/os-extra_specs" status: 200 len: 43 microversion: 2.61 time: 0.013406
Aug 08 09:00:18.731879 np0000032472 devstack@n-api.service[69850]: [pid: 69850|app: 0|req: 6/12] 192.168.1.105 () {72 vars in 1472 bytes} [Fri Aug  8 09:00:18 2025] POST /compute/v2.1/flavors/d2/os-extra_specs => generated 43 bytes in 14 msecs (HTTP/1.1 200) 9 headers in 358 bytes (1 switches on core 0)
Aug 08 09:00:18.854621 np0000032472 devstack@n-api.service[69849]: DEBUG nova.api.openstack.wsgi [None req-18ee0321-5333-43dc-9021-20708bd5670a admin admin] Calling method '<bound method VersionsV2.index of <nova.api.openstack.compute.versions.VersionsV2 object at 0x7fb79bd46380>>' {{(pid=69849) _process_stack /opt/stack/nova/nova/api/openstack/wsgi.py:520}}
Aug 08 09:00:18.856158 np0000032472 devstack@n-api.service[69849]: INFO nova.api.openstack.requestlog [None req-18ee0321-5333-43dc-9021-20708bd5670a admin admin] 192.168.1.105 "GET /compute/v2.1" status: 200 len: 391 microversion: 2.1 time: 0.001747
Aug 08 09:00:18.856523 np0000032472 devstack@n-api.service[69849]: [pid: 69849|app: 0|req: 7/13] 192.168.1.105 () {62 vars in 1067 bytes} [Fri Aug  8 09:00:18 2025] GET /compute/v2.1 => generated 391 bytes in 2 msecs (HTTP/1.1 200) 9 headers in 357 bytes (1 switches on core 0)
Aug 08 09:00:18.887952 np0000032472 devstack@n-api.service[69850]: DEBUG nova.api.openstack.wsgi [None req-43d97235-f464-400a-be64-a1ef91f95863 admin admin] Action: 'create', calling method: <bound method FlavorsController.create of <nova.api.openstack.compute.flavors.FlavorsController object at 0x7fb79b83cd00>>, body: {"flavor": {"swap": 0, "ram": 2048, "vcpus": 2, "rxtx_factor": 1.0, "id": "d3", "os-flavor-access:is_public": true, "name": "ds2G", "disk": 10, "OS-FLV-EXT-DATA:ephemeral": 0}} {{(pid=69850) _process_stack /opt/stack/nova/nova/api/openstack/wsgi.py:518}}
Aug 08 09:00:18.897584 np0000032472 devstack@n-api.service[69850]: INFO nova.api.openstack.requestlog [None req-43d97235-f464-400a-be64-a1ef91f95863 admin admin] 192.168.1.105 "POST /compute/v2.1/flavors" status: 200 len: 410 microversion: 2.61 time: 0.029595
Aug 08 09:00:18.897852 np0000032472 devstack@n-api.service[69850]: [pid: 69850|app: 0|req: 7/14] 192.168.1.105 () {72 vars in 1419 bytes} [Fri Aug  8 09:00:18 2025] POST /compute/v2.1/flavors => generated 410 bytes in 30 msecs (HTTP/1.1 200) 9 headers in 359 bytes (1 switches on core 0)
Aug 08 09:00:18.907103 np0000032472 devstack@n-api.service[69849]: DEBUG nova.api.openstack.wsgi [None req-36de5642-8be0-4c7a-aa46-27e358483141 admin admin] Action: 'create', calling method: <bound method FlavorExtraSpecsController.create of <nova.api.openstack.compute.flavors_extraspecs.FlavorExtraSpecsController object at 0x7fb79b84b250>>, body: {"extra_specs": {"hw_rng:allowed": "True"}} {{(pid=69849) _process_stack /opt/stack/nova/nova/api/openstack/wsgi.py:518}}
Aug 08 09:00:18.918616 np0000032472 devstack@n-api.service[69849]: INFO nova.api.openstack.requestlog [None req-36de5642-8be0-4c7a-aa46-27e358483141 admin admin] 192.168.1.105 "POST /compute/v2.1/flavors/d3/os-extra_specs" status: 200 len: 43 microversion: 2.61 time: 0.013232
Aug 08 09:00:18.919124 np0000032472 devstack@n-api.service[69849]: [pid: 69849|app: 0|req: 8/15] 192.168.1.105 () {72 vars in 1472 bytes} [Fri Aug  8 09:00:18 2025] POST /compute/v2.1/flavors/d3/os-extra_specs => generated 43 bytes in 14 msecs (HTTP/1.1 200) 9 headers in 358 bytes (1 switches on core 0)
Aug 08 09:00:19.012873 np0000032472 devstack@n-api.service[69850]: DEBUG nova.api.openstack.wsgi [None req-43d97235-f464-400a-be64-a1ef91f95863 admin admin] Calling method '<bound method VersionsV2.index of <nova.api.openstack.compute.versions.VersionsV2 object at 0x7fb79be0de10>>' {{(pid=69850) _process_stack /opt/stack/nova/nova/api/openstack/wsgi.py:520}}
Aug 08 09:00:19.014527 np0000032472 devstack@n-api.service[69850]: INFO nova.api.openstack.requestlog [None req-43d97235-f464-400a-be64-a1ef91f95863 admin admin] 192.168.1.105 "GET /compute/v2.1" status: 200 len: 391 microversion: 2.1 time: 0.001846
Aug 08 09:00:19.014712 np0000032472 devstack@n-api.service[69850]: [pid: 69850|app: 0|req: 8/16] 192.168.1.105 () {62 vars in 1067 bytes} [Fri Aug  8 09:00:19 2025] GET /compute/v2.1 => generated 391 bytes in 2 msecs (HTTP/1.1 200) 9 headers in 357 bytes (1 switches on core 0)
Aug 08 09:00:19.045983 np0000032472 devstack@n-api.service[69849]: DEBUG nova.api.openstack.wsgi [None req-e12394f8-2b60-4419-b478-e12db42e7d94 admin admin] Action: 'create', calling method: <bound method FlavorsController.create of <nova.api.openstack.compute.flavors.FlavorsController object at 0x7fb79b849c30>>, body: {"flavor": {"swap": 0, "ram": 4096, "vcpus": 4, "rxtx_factor": 1.0, "id": "d4", "os-flavor-access:is_public": true, "name": "ds4G", "disk": 20, "OS-FLV-EXT-DATA:ephemeral": 0}} {{(pid=69849) _process_stack /opt/stack/nova/nova/api/openstack/wsgi.py:518}}
Aug 08 09:00:19.055736 np0000032472 devstack@n-api.service[69849]: INFO nova.api.openstack.requestlog [None req-e12394f8-2b60-4419-b478-e12db42e7d94 admin admin] 192.168.1.105 "POST /compute/v2.1/flavors" status: 200 len: 410 microversion: 2.61 time: 0.034974
Aug 08 09:00:19.055985 np0000032472 devstack@n-api.service[69849]: [pid: 69849|app: 0|req: 9/17] 192.168.1.105 () {72 vars in 1419 bytes} [Fri Aug  8 09:00:19 2025] POST /compute/v2.1/flavors => generated 410 bytes in 35 msecs (HTTP/1.1 200) 9 headers in 359 bytes (1 switches on core 0)
Aug 08 09:00:19.065188 np0000032472 devstack@n-api.service[69850]: DEBUG nova.api.openstack.wsgi [None req-ecbad419-5c4f-4601-9d65-efb434bfc5ca admin admin] Action: 'create', calling method: <bound method FlavorExtraSpecsController.create of <nova.api.openstack.compute.flavors_extraspecs.FlavorExtraSpecsController object at 0x7fb79b83c550>>, body: {"extra_specs": {"hw_rng:allowed": "True"}} {{(pid=69850) _process_stack /opt/stack/nova/nova/api/openstack/wsgi.py:518}}
Aug 08 09:00:19.077542 np0000032472 devstack@n-api.service[69850]: INFO nova.api.openstack.requestlog [None req-ecbad419-5c4f-4601-9d65-efb434bfc5ca admin admin] 192.168.1.105 "POST /compute/v2.1/flavors/d4/os-extra_specs" status: 200 len: 43 microversion: 2.61 time: 0.014061
Aug 08 09:00:19.077831 np0000032472 devstack@n-api.service[69850]: [pid: 69850|app: 0|req: 9/18] 192.168.1.105 () {72 vars in 1472 bytes} [Fri Aug  8 09:00:19 2025] POST /compute/v2.1/flavors/d4/os-extra_specs => generated 43 bytes in 14 msecs (HTTP/1.1 200) 9 headers in 358 bytes (1 switches on core 0)
Aug 08 09:00:19.170931 np0000032472 devstack@n-api.service[69849]: DEBUG nova.api.openstack.wsgi [None req-e12394f8-2b60-4419-b478-e12db42e7d94 admin admin] Calling method '<bound method VersionsV2.index of <nova.api.openstack.compute.versions.VersionsV2 object at 0x7fb79bd46380>>' {{(pid=69849) _process_stack /opt/stack/nova/nova/api/openstack/wsgi.py:520}}
Aug 08 09:00:19.172518 np0000032472 devstack@n-api.service[69849]: INFO nova.api.openstack.requestlog [None req-e12394f8-2b60-4419-b478-e12db42e7d94 admin admin] 192.168.1.105 "GET /compute/v2.1" status: 200 len: 391 microversion: 2.1 time: 0.001757
Aug 08 09:00:19.172935 np0000032472 devstack@n-api.service[69849]: [pid: 69849|app: 0|req: 10/19] 192.168.1.105 () {62 vars in 1067 bytes} [Fri Aug  8 09:00:19 2025] GET /compute/v2.1 => generated 391 bytes in 2 msecs (HTTP/1.1 200) 9 headers in 357 bytes (1 switches on core 0)
Aug 08 09:00:19.197681 np0000032472 devstack@n-api.service[69850]: DEBUG nova.api.openstack.wsgi [None req-1c4fee17-71b5-425b-aec2-587dfd4a115b admin admin] Calling method '<bound method FlavorsController.detail of <nova.api.openstack.compute.flavors.FlavorsController object at 0x7fb79b83d2a0>>' {{(pid=69850) _process_stack /opt/stack/nova/nova/api/openstack/wsgi.py:520}}
Aug 08 09:00:19.208827 np0000032472 devstack@n-api.service[69850]: INFO nova.api.openstack.requestlog [None req-1c4fee17-71b5-425b-aec2-587dfd4a115b admin admin] 192.168.1.105 "GET /compute/v2.1/flavors/detail?is_public=True" status: 200 len: 2136 microversion: 2.61 time: 0.030379
Aug 08 09:00:19.209223 np0000032472 devstack@n-api.service[69850]: [pid: 69850|app: 0|req: 10/20] 192.168.1.105 () {68 vars in 1428 bytes} [Fri Aug  8 09:00:19 2025] GET /compute/v2.1/flavors/detail?is_public=True => generated 2136 bytes in 31 msecs (HTTP/1.1 200) 9 headers in 360 bytes (2 switches on core 0)
Aug 08 09:00:19.309336 np0000032472 devstack@n-api.service[69849]: DEBUG nova.api.openstack.wsgi [None req-e12394f8-2b60-4419-b478-e12db42e7d94 admin admin] Calling method '<bound method VersionsV2.index of <nova.api.openstack.compute.versions.VersionsV2 object at 0x7fb79bd46380>>' {{(pid=69849) _process_stack /opt/stack/nova/nova/api/openstack/wsgi.py:520}}
Aug 08 09:00:19.310908 np0000032472 devstack@n-api.service[69849]: INFO nova.api.openstack.requestlog [None req-e12394f8-2b60-4419-b478-e12db42e7d94 admin admin] 192.168.1.105 "GET /compute/v2.1" status: 200 len: 391 microversion: 2.1 time: 0.001761
Aug 08 09:00:19.311085 np0000032472 devstack@n-api.service[69849]: [pid: 69849|app: 0|req: 11/21] 192.168.1.105 () {62 vars in 1067 bytes} [Fri Aug  8 09:00:19 2025] GET /compute/v2.1 => generated 391 bytes in 2 msecs (HTTP/1.1 200) 9 headers in 357 bytes (1 switches on core 0)
Aug 08 09:00:19.336378 np0000032472 devstack@n-api.service[69850]: DEBUG nova.api.openstack.wsgi [None req-3d302a21-aa51-454f-8fa0-bf3dcac64b31 admin admin] Action: 'create', calling method: <bound method FlavorsController.create of <nova.api.openstack.compute.flavors.FlavorsController object at 0x7fb79b83cd00>>, body: {"flavor": {"swap": 0, "ram": 512, "vcpus": 1, "rxtx_factor": 1.0, "id": "1", "os-flavor-access:is_public": true, "name": "m1.tiny", "disk": 1, "OS-FLV-EXT-DATA:ephemeral": 0}} {{(pid=69850) _process_stack /opt/stack/nova/nova/api/openstack/wsgi.py:518}}
Aug 08 09:00:19.346153 np0000032472 devstack@n-api.service[69850]: INFO nova.api.openstack.requestlog [None req-3d302a21-aa51-454f-8fa0-bf3dcac64b31 admin admin] 192.168.1.105 "POST /compute/v2.1/flavors" status: 200 len: 408 microversion: 2.61 time: 0.029469
Aug 08 09:00:19.346469 np0000032472 devstack@n-api.service[69850]: [pid: 69850|app: 0|req: 11/22] 192.168.1.105 () {72 vars in 1419 bytes} [Fri Aug  8 09:00:19 2025] POST /compute/v2.1/flavors => generated 408 bytes in 30 msecs (HTTP/1.1 200) 9 headers in 359 bytes (1 switches on core 0)
Aug 08 09:00:19.355405 np0000032472 devstack@n-api.service[69849]: DEBUG nova.api.openstack.wsgi [None req-f747132b-c41a-439b-8118-b84d98a03af5 admin admin] Action: 'create', calling method: <bound method FlavorExtraSpecsController.create of <nova.api.openstack.compute.flavors_extraspecs.FlavorExtraSpecsController object at 0x7fb79b84b250>>, body: {"extra_specs": {"hw_rng:allowed": "True"}} {{(pid=69849) _process_stack /opt/stack/nova/nova/api/openstack/wsgi.py:518}}
Aug 08 09:00:19.367659 np0000032472 devstack@n-api.service[69849]: INFO nova.api.openstack.requestlog [None req-f747132b-c41a-439b-8118-b84d98a03af5 admin admin] 192.168.1.105 "POST /compute/v2.1/flavors/1/os-extra_specs" status: 200 len: 43 microversion: 2.61 time: 0.014000
Aug 08 09:00:19.367918 np0000032472 devstack@n-api.service[69849]: [pid: 69849|app: 0|req: 12/23] 192.168.1.105 () {72 vars in 1469 bytes} [Fri Aug  8 09:00:19 2025] POST /compute/v2.1/flavors/1/os-extra_specs => generated 43 bytes in 14 msecs (HTTP/1.1 200) 9 headers in 358 bytes (1 switches on core 0)
Aug 08 09:00:19.484986 np0000032472 devstack@n-api.service[69850]: DEBUG nova.api.openstack.wsgi [None req-3d302a21-aa51-454f-8fa0-bf3dcac64b31 admin admin] Calling method '<bound method VersionsV2.index of <nova.api.openstack.compute.versions.VersionsV2 object at 0x7fb79be0de10>>' {{(pid=69850) _process_stack /opt/stack/nova/nova/api/openstack/wsgi.py:520}}
Aug 08 09:00:19.486697 np0000032472 devstack@n-api.service[69850]: INFO nova.api.openstack.requestlog [None req-3d302a21-aa51-454f-8fa0-bf3dcac64b31 admin admin] 192.168.1.105 "GET /compute/v2.1" status: 200 len: 391 microversion: 2.1 time: 0.001901
Aug 08 09:00:19.486952 np0000032472 devstack@n-api.service[69850]: [pid: 69850|app: 0|req: 12/24] 192.168.1.105 () {62 vars in 1067 bytes} [Fri Aug  8 09:00:19 2025] GET /compute/v2.1 => generated 391 bytes in 2 msecs (HTTP/1.1 200) 9 headers in 357 bytes (1 switches on core 0)
Aug 08 09:00:19.513375 np0000032472 devstack@n-api.service[69849]: DEBUG nova.api.openstack.wsgi [None req-5d60b7c4-57de-41ca-bcb1-2b784d50ed34 admin admin] Action: 'create', calling method: <bound method FlavorsController.create of <nova.api.openstack.compute.flavors.FlavorsController object at 0x7fb79b849c30>>, body: {"flavor": {"swap": 0, "ram": 2048, "vcpus": 1, "rxtx_factor": 1.0, "id": "2", "os-flavor-access:is_public": true, "name": "m1.small", "disk": 20, "OS-FLV-EXT-DATA:ephemeral": 0}} {{(pid=69849) _process_stack /opt/stack/nova/nova/api/openstack/wsgi.py:518}}
Aug 08 09:00:19.527184 np0000032472 devstack@n-api.service[69849]: INFO nova.api.openstack.requestlog [None req-5d60b7c4-57de-41ca-bcb1-2b784d50ed34 admin admin] 192.168.1.105 "POST /compute/v2.1/flavors" status: 200 len: 411 microversion: 2.61 time: 0.034133
Aug 08 09:00:19.527446 np0000032472 devstack@n-api.service[69849]: [pid: 69849|app: 0|req: 13/25] 192.168.1.105 () {72 vars in 1419 bytes} [Fri Aug  8 09:00:19 2025] POST /compute/v2.1/flavors => generated 411 bytes in 35 msecs (HTTP/1.1 200) 9 headers in 359 bytes (1 switches on core 0)
Aug 08 09:00:19.536901 np0000032472 devstack@n-api.service[69850]: DEBUG nova.api.openstack.wsgi [None req-fa22872c-2a55-48a8-9fa2-7087a271a02b admin admin] Action: 'create', calling method: <bound method FlavorExtraSpecsController.create of <nova.api.openstack.compute.flavors_extraspecs.FlavorExtraSpecsController object at 0x7fb79b83c550>>, body: {"extra_specs": {"hw_rng:allowed": "True"}} {{(pid=69850) _process_stack /opt/stack/nova/nova/api/openstack/wsgi.py:518}}
Aug 08 09:00:19.556367 np0000032472 devstack@n-api.service[69850]: INFO nova.api.openstack.requestlog [None req-fa22872c-2a55-48a8-9fa2-7087a271a02b admin admin] 192.168.1.105 "POST /compute/v2.1/flavors/2/os-extra_specs" status: 200 len: 43 microversion: 2.61 time: 0.021202
Aug 08 09:00:19.556668 np0000032472 devstack@n-api.service[69850]: [pid: 69850|app: 0|req: 13/26] 192.168.1.105 () {72 vars in 1469 bytes} [Fri Aug  8 09:00:19 2025] POST /compute/v2.1/flavors/2/os-extra_specs => generated 43 bytes in 22 msecs (HTTP/1.1 200) 9 headers in 358 bytes (1 switches on core 0)
Aug 08 09:00:19.688009 np0000032472 devstack@n-api.service[69849]: DEBUG nova.api.openstack.wsgi [None req-5d60b7c4-57de-41ca-bcb1-2b784d50ed34 admin admin] Calling method '<bound method VersionsV2.index of <nova.api.openstack.compute.versions.VersionsV2 object at 0x7fb79bd46380>>' {{(pid=69849) _process_stack /opt/stack/nova/nova/api/openstack/wsgi.py:520}}
Aug 08 09:00:19.689584 np0000032472 devstack@n-api.service[69849]: INFO nova.api.openstack.requestlog [None req-5d60b7c4-57de-41ca-bcb1-2b784d50ed34 admin admin] 192.168.1.105 "GET /compute/v2.1" status: 200 len: 391 microversion: 2.1 time: 0.001740
Aug 08 09:00:19.689762 np0000032472 devstack@n-api.service[69849]: [pid: 69849|app: 0|req: 14/27] 192.168.1.105 () {62 vars in 1067 bytes} [Fri Aug  8 09:00:19 2025] GET /compute/v2.1 => generated 391 bytes in 2 msecs (HTTP/1.1 200) 9 headers in 357 bytes (1 switches on core 0)
Aug 08 09:00:19.716765 np0000032472 devstack@n-api.service[69850]: DEBUG nova.api.openstack.wsgi [None req-250aa41f-a5fc-47b8-8585-f5d74a818c23 admin admin] Action: 'create', calling method: <bound method FlavorsController.create of <nova.api.openstack.compute.flavors.FlavorsController object at 0x7fb79b83cd00>>, body: {"flavor": {"swap": 0, "ram": 4096, "vcpus": 2, "rxtx_factor": 1.0, "id": "3", "os-flavor-access:is_public": true, "name": "m1.medium", "disk": 40, "OS-FLV-EXT-DATA:ephemeral": 0}} {{(pid=69850) _process_stack /opt/stack/nova/nova/api/openstack/wsgi.py:518}}
Aug 08 09:00:19.727793 np0000032472 devstack@n-api.service[69850]: INFO nova.api.openstack.requestlog [None req-250aa41f-a5fc-47b8-8585-f5d74a818c23 admin admin] 192.168.1.105 "POST /compute/v2.1/flavors" status: 200 len: 412 microversion: 2.61 time: 0.032057
Aug 08 09:00:19.728252 np0000032472 devstack@n-api.service[69850]: [pid: 69850|app: 0|req: 14/28] 192.168.1.105 () {72 vars in 1419 bytes} [Fri Aug  8 09:00:19 2025] POST /compute/v2.1/flavors => generated 412 bytes in 33 msecs (HTTP/1.1 200) 9 headers in 359 bytes (1 switches on core 0)
Aug 08 09:00:19.737692 np0000032472 devstack@n-api.service[69849]: DEBUG nova.api.openstack.wsgi [None req-e9688fdd-3812-45fc-9e09-fc0e09cae9e5 admin admin] Action: 'create', calling method: <bound method FlavorExtraSpecsController.create of <nova.api.openstack.compute.flavors_extraspecs.FlavorExtraSpecsController object at 0x7fb79b84b250>>, body: {"extra_specs": {"hw_rng:allowed": "True"}} {{(pid=69849) _process_stack /opt/stack/nova/nova/api/openstack/wsgi.py:518}}
Aug 08 09:00:19.750344 np0000032472 devstack@n-api.service[69849]: INFO nova.api.openstack.requestlog [None req-e9688fdd-3812-45fc-9e09-fc0e09cae9e5 admin admin] 192.168.1.105 "POST /compute/v2.1/flavors/3/os-extra_specs" status: 200 len: 43 microversion: 2.61 time: 0.014419
Aug 08 09:00:19.750844 np0000032472 devstack@n-api.service[69849]: [pid: 69849|app: 0|req: 15/29] 192.168.1.105 () {72 vars in 1469 bytes} [Fri Aug  8 09:00:19 2025] POST /compute/v2.1/flavors/3/os-extra_specs => generated 43 bytes in 15 msecs (HTTP/1.1 200) 9 headers in 358 bytes (1 switches on core 0)
Aug 08 09:00:19.859352 np0000032472 devstack@n-api.service[69850]: DEBUG nova.api.openstack.wsgi [None req-250aa41f-a5fc-47b8-8585-f5d74a818c23 admin admin] Calling method '<bound method VersionsV2.index of <nova.api.openstack.compute.versions.VersionsV2 object at 0x7fb79be0de10>>' {{(pid=69850) _process_stack /opt/stack/nova/nova/api/openstack/wsgi.py:520}}
Aug 08 09:00:19.861031 np0000032472 devstack@n-api.service[69850]: INFO nova.api.openstack.requestlog [None req-250aa41f-a5fc-47b8-8585-f5d74a818c23 admin admin] 192.168.1.105 "GET /compute/v2.1" status: 200 len: 391 microversion: 2.1 time: 0.002056
Aug 08 09:00:19.861217 np0000032472 devstack@n-api.service[69850]: [pid: 69850|app: 0|req: 15/30] 192.168.1.105 () {62 vars in 1067 bytes} [Fri Aug  8 09:00:19 2025] GET /compute/v2.1 => generated 391 bytes in 2 msecs (HTTP/1.1 200) 9 headers in 357 bytes (1 switches on core 0)
Aug 08 09:00:19.887132 np0000032472 devstack@n-api.service[69849]: DEBUG nova.api.openstack.wsgi [None req-71f73fe2-29ac-4ba3-bdca-4f69ff9eac7c admin admin] Action: 'create', calling method: <bound method FlavorsController.create of <nova.api.openstack.compute.flavors.FlavorsController object at 0x7fb79b849c30>>, body: {"flavor": {"swap": 0, "ram": 8192, "vcpus": 4, "rxtx_factor": 1.0, "id": "4", "os-flavor-access:is_public": true, "name": "m1.large", "disk": 80, "OS-FLV-EXT-DATA:ephemeral": 0}} {{(pid=69849) _process_stack /opt/stack/nova/nova/api/openstack/wsgi.py:518}}
Aug 08 09:00:19.896931 np0000032472 devstack@n-api.service[69849]: INFO nova.api.openstack.requestlog [None req-71f73fe2-29ac-4ba3-bdca-4f69ff9eac7c admin admin] 192.168.1.105 "POST /compute/v2.1/flavors" status: 200 len: 411 microversion: 2.61 time: 0.029866
Aug 08 09:00:19.897276 np0000032472 devstack@n-api.service[69849]: [pid: 69849|app: 0|req: 16/31] 192.168.1.105 () {72 vars in 1419 bytes} [Fri Aug  8 09:00:19 2025] POST /compute/v2.1/flavors => generated 411 bytes in 30 msecs (HTTP/1.1 200) 9 headers in 359 bytes (1 switches on core 0)
Aug 08 09:00:19.908370 np0000032472 devstack@n-api.service[69850]: DEBUG nova.api.openstack.wsgi [None req-95ea04aa-671a-4bc5-8818-a01613ac1bb9 admin admin] Action: 'create', calling method: <bound method FlavorExtraSpecsController.create of <nova.api.openstack.compute.flavors_extraspecs.FlavorExtraSpecsController object at 0x7fb79b83c550>>, body: {"extra_specs": {"hw_rng:allowed": "True"}} {{(pid=69850) _process_stack /opt/stack/nova/nova/api/openstack/wsgi.py:518}}
Aug 08 09:00:19.922895 np0000032472 devstack@n-api.service[69850]: INFO nova.api.openstack.requestlog [None req-95ea04aa-671a-4bc5-8818-a01613ac1bb9 admin admin] 192.168.1.105 "POST /compute/v2.1/flavors/4/os-extra_specs" status: 200 len: 43 microversion: 2.61 time: 0.016180
Aug 08 09:00:19.923442 np0000032472 devstack@n-api.service[69850]: [pid: 69850|app: 0|req: 16/32] 192.168.1.105 () {72 vars in 1469 bytes} [Fri Aug  8 09:00:19 2025] POST /compute/v2.1/flavors/4/os-extra_specs => generated 43 bytes in 17 msecs (HTTP/1.1 200) 9 headers in 358 bytes (1 switches on core 0)
Aug 08 09:00:20.017981 np0000032472 devstack@n-api.service[69849]: DEBUG nova.api.openstack.wsgi [None req-71f73fe2-29ac-4ba3-bdca-4f69ff9eac7c admin admin] Calling method '<bound method VersionsV2.index of <nova.api.openstack.compute.versions.VersionsV2 object at 0x7fb79bd46380>>' {{(pid=69849) _process_stack /opt/stack/nova/nova/api/openstack/wsgi.py:520}}
Aug 08 09:00:20.019526 np0000032472 devstack@n-api.service[69849]: INFO nova.api.openstack.requestlog [None req-71f73fe2-29ac-4ba3-bdca-4f69ff9eac7c admin admin] 192.168.1.105 "GET /compute/v2.1" status: 200 len: 391 microversion: 2.1 time: 0.001752
Aug 08 09:00:20.019710 np0000032472 devstack@n-api.service[69849]: [pid: 69849|app: 0|req: 17/33] 192.168.1.105 () {62 vars in 1067 bytes} [Fri Aug  8 09:00:20 2025] GET /compute/v2.1 => generated 391 bytes in 2 msecs (HTTP/1.1 200) 9 headers in 357 bytes (1 switches on core 0)
Aug 08 09:00:20.047020 np0000032472 devstack@n-api.service[69850]: DEBUG nova.api.openstack.wsgi [None req-40f4aa3d-aec8-4070-8d69-e2d1332bf03f admin admin] Action: 'create', calling method: <bound method FlavorsController.create of <nova.api.openstack.compute.flavors.FlavorsController object at 0x7fb79b83cd00>>, body: {"flavor": {"swap": 0, "ram": 16384, "vcpus": 8, "rxtx_factor": 1.0, "id": "5", "os-flavor-access:is_public": true, "name": "m1.xlarge", "disk": 160, "OS-FLV-EXT-DATA:ephemeral": 0}} {{(pid=69850) _process_stack /opt/stack/nova/nova/api/openstack/wsgi.py:518}}
Aug 08 09:00:20.057424 np0000032472 devstack@n-api.service[69850]: INFO nova.api.openstack.requestlog [None req-40f4aa3d-aec8-4070-8d69-e2d1332bf03f admin admin] 192.168.1.105 "POST /compute/v2.1/flavors" status: 200 len: 414 microversion: 2.61 time: 0.031445
Aug 08 09:00:20.057832 np0000032472 devstack@n-api.service[69850]: [pid: 69850|app: 0|req: 17/34] 192.168.1.105 () {72 vars in 1419 bytes} [Fri Aug  8 09:00:20 2025] POST /compute/v2.1/flavors => generated 414 bytes in 32 msecs (HTTP/1.1 200) 9 headers in 359 bytes (1 switches on core 0)
Aug 08 09:00:20.067060 np0000032472 devstack@n-api.service[69849]: DEBUG nova.api.openstack.wsgi [None req-c4930a3c-6fcc-4b37-bc1d-61636e521257 admin admin] Action: 'create', calling method: <bound method FlavorExtraSpecsController.create of <nova.api.openstack.compute.flavors_extraspecs.FlavorExtraSpecsController object at 0x7fb79b84b250>>, body: {"extra_specs": {"hw_rng:allowed": "True"}} {{(pid=69849) _process_stack /opt/stack/nova/nova/api/openstack/wsgi.py:518}}
Aug 08 09:00:20.082083 np0000032472 devstack@n-api.service[69849]: INFO nova.api.openstack.requestlog [None req-c4930a3c-6fcc-4b37-bc1d-61636e521257 admin admin] 192.168.1.105 "POST /compute/v2.1/flavors/5/os-extra_specs" status: 200 len: 43 microversion: 2.61 time: 0.016676
Aug 08 09:00:20.082290 np0000032472 devstack@n-api.service[69849]: [pid: 69849|app: 0|req: 18/35] 192.168.1.105 () {72 vars in 1469 bytes} [Fri Aug  8 09:00:20 2025] POST /compute/v2.1/flavors/5/os-extra_specs => generated 43 bytes in 17 msecs (HTTP/1.1 200) 9 headers in 358 bytes (1 switches on core 0)
Aug 08 09:00:26.397982 np0000032472 devstack@n-api.service[69850]: DEBUG nova.api.openstack.wsgi [None req-40f4aa3d-aec8-4070-8d69-e2d1332bf03f admin admin] Calling method '<bound method VersionsV2.index of <nova.api.openstack.compute.versions.VersionsV2 object at 0x7fb79be0de10>>' {{(pid=69850) _process_stack /opt/stack/nova/nova/api/openstack/wsgi.py:520}}
Aug 08 09:00:26.399570 np0000032472 devstack@n-api.service[69850]: INFO nova.api.openstack.requestlog [None req-40f4aa3d-aec8-4070-8d69-e2d1332bf03f admin admin] 192.168.1.105 "GET /compute/v2.1" status: 200 len: 391 microversion: 2.1 time: 0.001808
Aug 08 09:00:26.399755 np0000032472 devstack@n-api.service[69850]: [pid: 69850|app: 0|req: 18/36] 192.168.1.105 () {62 vars in 1067 bytes} [Fri Aug  8 09:00:26 2025] GET /compute/v2.1 => generated 391 bytes in 2 msecs (HTTP/1.1 200) 9 headers in 357 bytes (1 switches on core 0)
Aug 08 09:00:26.426951 np0000032472 devstack@n-api.service[69849]: DEBUG nova.api.openstack.wsgi [None req-d39bf1d0-9657-48fc-a0a3-7f17e72b9061 admin admin] Calling method '<bound method FlavorsController.detail of <nova.api.openstack.compute.flavors.FlavorsController object at 0x7fb79b84a1d0>>' {{(pid=69849) _process_stack /opt/stack/nova/nova/api/openstack/wsgi.py:520}}
Aug 08 09:00:26.435125 np0000032472 devstack@n-api.service[69849]: INFO nova.api.openstack.requestlog [None req-d39bf1d0-9657-48fc-a0a3-7f17e72b9061 admin admin] 192.168.1.105 "GET /compute/v2.1/flavors/detail?is_public=True" status: 200 len: 4262 microversion: 2.61 time: 0.029424
Aug 08 09:00:26.435524 np0000032472 devstack@n-api.service[69849]: [pid: 69849|app: 0|req: 19/37] 192.168.1.105 () {68 vars in 1428 bytes} [Fri Aug  8 09:00:26 2025] GET /compute/v2.1/flavors/detail?is_public=True => generated 4262 bytes in 30 msecs (HTTP/1.1 200) 9 headers in 360 bytes (1 switches on core 0)
Aug 08 09:00:26.559481 np0000032472 devstack@n-api.service[69850]: DEBUG nova.api.openstack.wsgi [None req-40f4aa3d-aec8-4070-8d69-e2d1332bf03f admin admin] Calling method '<bound method VersionsV2.index of <nova.api.openstack.compute.versions.VersionsV2 object at 0x7fb79be0de10>>' {{(pid=69850) _process_stack /opt/stack/nova/nova/api/openstack/wsgi.py:520}}
Aug 08 09:00:26.561193 np0000032472 devstack@n-api.service[69850]: INFO nova.api.openstack.requestlog [None req-40f4aa3d-aec8-4070-8d69-e2d1332bf03f admin admin] 192.168.1.105 "GET /compute/v2.1" status: 200 len: 391 microversion: 2.1 time: 0.001863
Aug 08 09:00:26.561376 np0000032472 devstack@n-api.service[69850]: [pid: 69850|app: 0|req: 19/38] 192.168.1.105 () {62 vars in 1067 bytes} [Fri Aug  8 09:00:26 2025] GET /compute/v2.1 => generated 391 bytes in 2 msecs (HTTP/1.1 200) 9 headers in 357 bytes (1 switches on core 0)
Aug 08 09:00:26.590170 np0000032472 devstack@n-api.service[69849]: DEBUG nova.api.openstack.wsgi [None req-a4e9e641-5260-4cd0-8da7-87aad38cbb4b admin admin] Action: 'create', calling method: <bound method FlavorsController.create of <nova.api.openstack.compute.flavors.FlavorsController object at 0x7fb79b849c30>>, body: {"flavor": {"swap": 0, "ram": 1024, "vcpus": 1, "rxtx_factor": 1.0, "id": "100", "os-flavor-access:is_public": true, "name": "manila-service-flavor", "disk": 5, "OS-FLV-EXT-DATA:ephemeral": 0}} {{(pid=69849) _process_stack /opt/stack/nova/nova/api/openstack/wsgi.py:518}}
Aug 08 09:00:26.600817 np0000032472 devstack@n-api.service[69849]: INFO nova.api.openstack.requestlog [None req-a4e9e641-5260-4cd0-8da7-87aad38cbb4b admin admin] 192.168.1.105 "POST /compute/v2.1/flavors" status: 200 len: 429 microversion: 2.61 time: 0.033294
Aug 08 09:00:26.601124 np0000032472 devstack@n-api.service[69849]: [pid: 69849|app: 0|req: 20/39] 192.168.1.105 () {72 vars in 1419 bytes} [Fri Aug  8 09:00:26 2025] POST /compute/v2.1/flavors => generated 429 bytes in 34 msecs (HTTP/1.1 200) 9 headers in 359 bytes (1 switches on core 0)
Aug 08 09:01:03.756092 np0000032472 devstack@n-api.service[69850]: DEBUG nova.api.openstack.wsgi [None req-40f4aa3d-aec8-4070-8d69-e2d1332bf03f admin admin] Calling method '<bound method VersionsV2.index of <nova.api.openstack.compute.versions.VersionsV2 object at 0x7fb79be0de10>>' {{(pid=69850) _process_stack /opt/stack/nova/nova/api/openstack/wsgi.py:520}}
Aug 08 09:01:03.756092 np0000032472 devstack@n-api.service[69850]: INFO nova.api.openstack.requestlog [None req-40f4aa3d-aec8-4070-8d69-e2d1332bf03f admin admin] 192.168.1.105 "GET /compute/v2.1" status: 200 len: 391 microversion: 2.1 time: 0.002099
Aug 08 09:01:03.756092 np0000032472 devstack@n-api.service[69850]: [pid: 69850|app: 0|req: 20/40] 192.168.1.105 () {62 vars in 1067 bytes} [Fri Aug  8 09:01:03 2025] GET /compute/v2.1 => generated 391 bytes in 2 msecs (HTTP/1.1 200) 9 headers in 357 bytes (1 switches on core 0)
Aug 08 09:01:03.762618 np0000032472 devstack@n-api.service[69849]: DEBUG dbcounter [-] [69849] Writing DB stats nova_api:SELECT=23,nova_api:INSERT=11,nova_api:SAVEPOINT=5,nova_api:RELEASE=5 {{(pid=69849) stat_writer /opt/stack/data/venv/lib/python3.10/site-packages/dbcounter.py:115}}
Aug 08 09:01:03.783271 np0000032472 devstack@n-api.service[69849]: DEBUG nova.api.openstack.wsgi [None req-d67597b1-98b9-4327-9161-f5c67e6700b4 admin admin] Calling method '<function Controller.__getattribute__.<locals>.version_select at 0x7fb79b3aec20>' {{(pid=69849) _process_stack /opt/stack/nova/nova/api/openstack/wsgi.py:520}}
Aug 08 09:01:03.785464 np0000032472 devstack@n-api.service[69849]: WARNING oslo_db.sqlalchemy.utils [None req-d67597b1-98b9-4327-9161-f5c67e6700b4 admin admin] Unique keys not in sort_keys. The sorting order may be unstable.
Aug 08 09:01:03.791748 np0000032472 devstack@n-api.service[69849]: INFO nova.api.openstack.requestlog [None req-d67597b1-98b9-4327-9161-f5c67e6700b4 admin admin] 192.168.1.105 "GET /compute/v2.1/os-keypairs" status: 200 len: 16 microversion: 2.10 time: 0.029794
Aug 08 09:01:03.792088 np0000032472 devstack@n-api.service[69849]: [pid: 69849|app: 0|req: 21/41] 192.168.1.105 () {68 vars in 1390 bytes} [Fri Aug  8 09:01:03 2025] GET /compute/v2.1/os-keypairs => generated 16 bytes in 30 msecs (HTTP/1.1 200) 9 headers in 358 bytes (1 switches on core 0)
