Jul 30 08:46:16.135977 np0000031991 devstack@n-api.service[68908]: DEBUG oslo_concurrency.lockutils [None req-6f0615c6-934c-41b1-9d01-25cf8258fc39 None None] Lock "00000000-0000-0000-0000-000000000000" "released" by "nova.context.set_target_cell.<locals>.get_or_set_cached_cell_and_set_connections" :: held 0.000s {{(pid=68908) inner /opt/stack/data/venv/lib/python3.12/site-packages/oslo_concurrency/lockutils.py:424}}
Jul 30 08:46:16.136299 np0000031991 devstack@n-api.service[68908]: DEBUG oslo_concurrency.lockutils [None req-6f0615c6-934c-41b1-9d01-25cf8258fc39 None None] Acquiring lock "4c528392-a69e-42a6-a176-1601886fb8ed" by "nova.context.set_target_cell.<locals>.get_or_set_cached_cell_and_set_connections" {{(pid=68908) inner /opt/stack/data/venv/lib/python3.12/site-packages/oslo_concurrency/lockutils.py:405}}
Jul 30 08:46:16.136423 np0000031991 devstack@n-api.service[68908]: DEBUG oslo_concurrency.lockutils [None req-6f0615c6-934c-41b1-9d01-25cf8258fc39 None None] Lock "4c528392-a69e-42a6-a176-1601886fb8ed" acquired by "nova.context.set_target_cell.<locals>.get_or_set_cached_cell_and_set_connections" :: waited 0.000s {{(pid=68908) inner /opt/stack/data/venv/lib/python3.12/site-packages/oslo_concurrency/lockutils.py:410}}
Jul 30 08:46:16.137107 np0000031991 devstack@n-api.service[68908]: DEBUG oslo_concurrency.lockutils [None req-6f0615c6-934c-41b1-9d01-25cf8258fc39 None None] Lock "4c528392-a69e-42a6-a176-1601886fb8ed" "released" by "nova.context.set_target_cell.<locals>.get_or_set_cached_cell_and_set_connections" :: held 0.001s {{(pid=68908) inner /opt/stack/data/venv/lib/python3.12/site-packages/oslo_concurrency/lockutils.py:424}}
Jul 30 08:46:16.137817 np0000031991 devstack@n-api.service[68907]: DEBUG nova.context [None req-a506a06b-2186-40c1-a29d-42c0ab4099f1 None None] Found 2 cells: 00000000-0000-0000-0000-000000000000(cell0),4c528392-a69e-42a6-a176-1601886fb8ed(cell1) {{(pid=68907) load_cells /opt/stack/nova/nova/context.py:472}}
Jul 30 08:46:16.138141 np0000031991 devstack@n-api.service[68907]: INFO nova.utils [None req-a506a06b-2186-40c1-a29d-42c0ab4099f1 None None] The cell worker thread pool MainProcess.cell_worker is initialized
Jul 30 08:46:16.138203 np0000031991 devstack@n-api.service[68908]: INFO dbcounter [None req-6f0615c6-934c-41b1-9d01-25cf8258fc39 None None] Registered counter for database nova_cell0
Jul 30 08:46:16.140004 np0000031991 devstack@n-api.service[68908]: INFO dbcounter [None req-6f0615c6-934c-41b1-9d01-25cf8258fc39 None None] Registered counter for database nova_cell1
Jul 30 08:46:16.140340 np0000031991 devstack@n-api.service[68907]: DEBUG oslo_concurrency.lockutils [None req-a506a06b-2186-40c1-a29d-42c0ab4099f1 None None] Acquiring lock "00000000-0000-0000-0000-000000000000" by "nova.context.set_target_cell.<locals>.get_or_set_cached_cell_and_set_connections" {{(pid=68907) inner /opt/stack/data/venv/lib/python3.12/site-packages/oslo_concurrency/lockutils.py:405}}
Jul 30 08:46:16.140580 np0000031991 devstack@n-api.service[68907]: DEBUG oslo_concurrency.lockutils [None req-a506a06b-2186-40c1-a29d-42c0ab4099f1 None None] Lock "00000000-0000-0000-0000-000000000000" acquired by "nova.context.set_target_cell.<locals>.get_or_set_cached_cell_and_set_connections" :: waited 0.000s {{(pid=68907) inner /opt/stack/data/venv/lib/python3.12/site-packages/oslo_concurrency/lockutils.py:410}}
Jul 30 08:46:16.141058 np0000031991 devstack@n-api.service[68907]: DEBUG oslo_concurrency.lockutils [None req-a506a06b-2186-40c1-a29d-42c0ab4099f1 None None] Lock "00000000-0000-0000-0000-000000000000" "released" by "nova.context.set_target_cell.<locals>.get_or_set_cached_cell_and_set_connections" :: held 0.000s {{(pid=68907) inner /opt/stack/data/venv/lib/python3.12/site-packages/oslo_concurrency/lockutils.py:424}}
Jul 30 08:46:16.141529 np0000031991 devstack@n-api.service[68907]: DEBUG oslo_concurrency.lockutils [None req-a506a06b-2186-40c1-a29d-42c0ab4099f1 None None] Acquiring lock "4c528392-a69e-42a6-a176-1601886fb8ed" by "nova.context.set_target_cell.<locals>.get_or_set_cached_cell_and_set_connections" {{(pid=68907) inner /opt/stack/data/venv/lib/python3.12/site-packages/oslo_concurrency/lockutils.py:405}}
Jul 30 08:46:16.141738 np0000031991 devstack@n-api.service[68907]: DEBUG oslo_concurrency.lockutils [None req-a506a06b-2186-40c1-a29d-42c0ab4099f1 None None] Lock "4c528392-a69e-42a6-a176-1601886fb8ed" acquired by "nova.context.set_target_cell.<locals>.get_or_set_cached_cell_and_set_connections" :: waited 0.000s {{(pid=68907) inner /opt/stack/data/venv/lib/python3.12/site-packages/oslo_concurrency/lockutils.py:410}}
Jul 30 08:46:16.142813 np0000031991 devstack@n-api.service[68907]: DEBUG oslo_concurrency.lockutils [None req-a506a06b-2186-40c1-a29d-42c0ab4099f1 None None] Lock "4c528392-a69e-42a6-a176-1601886fb8ed" "released" by "nova.context.set_target_cell.<locals>.get_or_set_cached_cell_and_set_connections" :: held 0.001s {{(pid=68907) inner /opt/stack/data/venv/lib/python3.12/site-packages/oslo_concurrency/lockutils.py:424}}
Jul 30 08:46:16.142841 np0000031991 devstack@n-api.service[68908]: DEBUG oslo_db.sqlalchemy.engines [None req-6f0615c6-934c-41b1-9d01-25cf8258fc39 None None] MySQL server mode set to STRICT_TRANS_TABLES,STRICT_ALL_TABLES,NO_ZERO_IN_DATE,NO_ZERO_DATE,ERROR_FOR_DIVISION_BY_ZERO,TRADITIONAL,NO_ENGINE_SUBSTITUTION {{(pid=68908) _check_effective_sql_mode /opt/stack/data/venv/lib/python3.12/site-packages/oslo_db/sqlalchemy/engines.py:397}}
Jul 30 08:46:16.144048 np0000031991 devstack@n-api.service[68907]: INFO dbcounter [None req-a506a06b-2186-40c1-a29d-42c0ab4099f1 None None] Registered counter for database nova_cell0
Jul 30 08:46:16.145355 np0000031991 devstack@n-api.service[68908]: DEBUG oslo_db.sqlalchemy.engines [None req-6f0615c6-934c-41b1-9d01-25cf8258fc39 None None] MySQL server mode set to STRICT_TRANS_TABLES,STRICT_ALL_TABLES,NO_ZERO_IN_DATE,NO_ZERO_DATE,ERROR_FOR_DIVISION_BY_ZERO,TRADITIONAL,NO_ENGINE_SUBSTITUTION {{(pid=68908) _check_effective_sql_mode /opt/stack/data/venv/lib/python3.12/site-packages/oslo_db/sqlalchemy/engines.py:397}}
Jul 30 08:46:16.146902 np0000031991 devstack@n-api.service[68907]: INFO dbcounter [None req-a506a06b-2186-40c1-a29d-42c0ab4099f1 None None] Registered counter for database nova_cell1
Jul 30 08:46:16.151814 np0000031991 devstack@n-api.service[68907]: DEBUG oslo_db.sqlalchemy.engines [None req-a506a06b-2186-40c1-a29d-42c0ab4099f1 None None] MySQL server mode set to STRICT_TRANS_TABLES,STRICT_ALL_TABLES,NO_ZERO_IN_DATE,NO_ZERO_DATE,ERROR_FOR_DIVISION_BY_ZERO,TRADITIONAL,NO_ENGINE_SUBSTITUTION {{(pid=68907) _check_effective_sql_mode /opt/stack/data/venv/lib/python3.12/site-packages/oslo_db/sqlalchemy/engines.py:397}}
Jul 30 08:46:16.153446 np0000031991 devstack@n-api.service[68907]: DEBUG oslo_db.sqlalchemy.engines [None req-a506a06b-2186-40c1-a29d-42c0ab4099f1 None None] MySQL server mode set to STRICT_TRANS_TABLES,STRICT_ALL_TABLES,NO_ZERO_IN_DATE,NO_ZERO_DATE,ERROR_FOR_DIVISION_BY_ZERO,TRADITIONAL,NO_ENGINE_SUBSTITUTION {{(pid=68907) _check_effective_sql_mode /opt/stack/data/venv/lib/python3.12/site-packages/oslo_db/sqlalchemy/engines.py:397}}
Jul 30 08:46:16.202707 np0000031991 devstack@n-api.service[68908]: DEBUG dbcounter [-] [68908] Writer thread running {{(pid=68908) stat_writer /opt/stack/data/venv/lib/python3.12/site-packages/dbcounter.py:102}}
Jul 30 08:46:16.206255 np0000031991 devstack@n-api.service[68908]: DEBUG dbcounter [-] [68908] Writer thread running {{(pid=68908) stat_writer /opt/stack/data/venv/lib/python3.12/site-packages/dbcounter.py:102}}
Jul 30 08:46:16.208114 np0000031991 devstack@n-api.service[68908]: INFO dbcounter [None req-6f0615c6-934c-41b1-9d01-25cf8258fc39 None None] Registered counter for database nova_cell0
Jul 30 08:46:16.212902 np0000031991 devstack@n-api.service[68908]: DEBUG oslo_db.sqlalchemy.engines [None req-6f0615c6-934c-41b1-9d01-25cf8258fc39 None None] MySQL server mode set to STRICT_TRANS_TABLES,STRICT_ALL_TABLES,NO_ZERO_IN_DATE,NO_ZERO_DATE,ERROR_FOR_DIVISION_BY_ZERO,TRADITIONAL,NO_ENGINE_SUBSTITUTION {{(pid=68908) _check_effective_sql_mode /opt/stack/data/venv/lib/python3.12/site-packages/oslo_db/sqlalchemy/engines.py:397}}
Jul 30 08:46:16.216322 np0000031991 devstack@n-api.service[68908]: DEBUG dbcounter [-] [68908] Writer thread running {{(pid=68908) stat_writer /opt/stack/data/venv/lib/python3.12/site-packages/dbcounter.py:102}}
Jul 30 08:46:16.250896 np0000031991 devstack@n-api.service[68907]: DEBUG dbcounter [-] [68907] Writer thread running {{(pid=68907) stat_writer /opt/stack/data/venv/lib/python3.12/site-packages/dbcounter.py:102}}
Jul 30 08:46:16.254042 np0000031991 devstack@n-api.service[68907]: DEBUG dbcounter [-] [68907] Writer thread running {{(pid=68907) stat_writer /opt/stack/data/venv/lib/python3.12/site-packages/dbcounter.py:102}}
Jul 30 08:46:16.255830 np0000031991 devstack@n-api.service[68907]: INFO dbcounter [None req-a506a06b-2186-40c1-a29d-42c0ab4099f1 None None] Registered counter for database nova_cell0
Jul 30 08:46:16.260681 np0000031991 devstack@n-api.service[68907]: DEBUG oslo_db.sqlalchemy.engines [None req-a506a06b-2186-40c1-a29d-42c0ab4099f1 None None] MySQL server mode set to STRICT_TRANS_TABLES,STRICT_ALL_TABLES,NO_ZERO_IN_DATE,NO_ZERO_DATE,ERROR_FOR_DIVISION_BY_ZERO,TRADITIONAL,NO_ENGINE_SUBSTITUTION {{(pid=68907) _check_effective_sql_mode /opt/stack/data/venv/lib/python3.12/site-packages/oslo_db/sqlalchemy/engines.py:397}}
Jul 30 08:46:16.264117 np0000031991 devstack@n-api.service[68907]: DEBUG dbcounter [-] [68907] Writer thread running {{(pid=68907) stat_writer /opt/stack/data/venv/lib/python3.12/site-packages/dbcounter.py:102}}
Jul 30 08:46:16.563772 np0000031991 devstack@n-api.service[68908]: DEBUG oslo_concurrency.processutils [None req-6f0615c6-934c-41b1-9d01-25cf8258fc39 None None] Running cmd (subprocess): grep -F node.session.scan /sbin/iscsiadm {{(pid=68908) execute /opt/stack/data/venv/lib/python3.12/site-packages/oslo_concurrency/processutils.py:349}}
Jul 30 08:46:16.570714 np0000031991 devstack@n-api.service[68908]: DEBUG oslo_concurrency.processutils [None req-6f0615c6-934c-41b1-9d01-25cf8258fc39 None None] CMD "grep -F node.session.scan /sbin/iscsiadm" returned: 0 in 0.007s {{(pid=68908) execute /opt/stack/data/venv/lib/python3.12/site-packages/oslo_concurrency/processutils.py:372}}
Jul 30 08:46:16.590142 np0000031991 devstack@n-api.service[68907]: DEBUG oslo_concurrency.processutils [None req-a506a06b-2186-40c1-a29d-42c0ab4099f1 None None] Running cmd (subprocess): grep -F node.session.scan /sbin/iscsiadm {{(pid=68907) execute /opt/stack/data/venv/lib/python3.12/site-packages/oslo_concurrency/processutils.py:349}}
Jul 30 08:46:16.596676 np0000031991 devstack@n-api.service[68907]: DEBUG oslo_concurrency.processutils [None req-a506a06b-2186-40c1-a29d-42c0ab4099f1 None None] CMD "grep -F node.session.scan /sbin/iscsiadm" returned: 0 in 0.007s {{(pid=68907) execute /opt/stack/data/venv/lib/python3.12/site-packages/oslo_concurrency/processutils.py:372}}
Jul 30 08:46:16.858061 np0000031991 devstack@n-api.service[68908]: WARNING keystonemiddleware.auth_token [None req-6f0615c6-934c-41b1-9d01-25cf8258fc39 None None] AuthToken middleware is set with keystone_authtoken.service_token_roles_required set to False. This is backwards compatible but deprecated behaviour. Please set this to True.
Jul 30 08:46:16.858540 np0000031991 devstack@n-api.service[68907]: WARNING keystonemiddleware.auth_token [None req-a506a06b-2186-40c1-a29d-42c0ab4099f1 None None] AuthToken middleware is set with keystone_authtoken.service_token_roles_required set to False. This is backwards compatible but deprecated behaviour. Please set this to True.
Jul 30 08:46:16.861300 np0000031991 devstack@n-api.service[68908]: WARNING keystonemiddleware.auth_token [None req-6f0615c6-934c-41b1-9d01-25cf8258fc39 None None] Configuring www_authenticate_uri to point to the public identity endpoint is required; clients may not be able to authenticate against an admin endpoint
Jul 30 08:46:16.861806 np0000031991 devstack@n-api.service[68907]: WARNING keystonemiddleware.auth_token [None req-a506a06b-2186-40c1-a29d-42c0ab4099f1 None None] Configuring www_authenticate_uri to point to the public identity endpoint is required; clients may not be able to authenticate against an admin endpoint
Jul 30 08:46:17.013726 np0000031991 devstack@n-api.service[68908]: WARNING keystonemiddleware.auth_token [None req-6f0615c6-934c-41b1-9d01-25cf8258fc39 None None] AuthToken middleware is set with keystone_authtoken.service_token_roles_required set to False. This is backwards compatible but deprecated behaviour. Please set this to True.
Jul 30 08:46:17.013925 np0000031991 devstack@n-api.service[68907]: WARNING keystonemiddleware.auth_token [None req-a506a06b-2186-40c1-a29d-42c0ab4099f1 None None] AuthToken middleware is set with keystone_authtoken.service_token_roles_required set to False. This is backwards compatible but deprecated behaviour. Please set this to True.
Jul 30 08:46:17.016185 np0000031991 devstack@n-api.service[68908]: WARNING keystonemiddleware.auth_token [None req-6f0615c6-934c-41b1-9d01-25cf8258fc39 None None] Configuring www_authenticate_uri to point to the public identity endpoint is required; clients may not be able to authenticate against an admin endpoint
Jul 30 08:46:17.016314 np0000031991 devstack@n-api.service[68907]: WARNING keystonemiddleware.auth_token [None req-a506a06b-2186-40c1-a29d-42c0ab4099f1 None None] Configuring www_authenticate_uri to point to the public identity endpoint is required; clients may not be able to authenticate against an admin endpoint
Jul 30 08:46:17.018011 np0000031991 devstack@n-api.service[68908]: WSGI app 0 (mountpoint='') ready in 3 seconds on interpreter 0x7db044aa39e8 pid: 68908 (default app)
Jul 30 08:46:17.018134 np0000031991 devstack@n-api.service[68907]: WSGI app 0 (mountpoint='') ready in 3 seconds on interpreter 0x7db044aa39e8 pid: 68907 (default app)
Jul 30 08:46:17.018903 np0000031991 devstack@n-api.service[68908]: DEBUG nova.api.openstack.wsgi [None req-6f0615c6-934c-41b1-9d01-25cf8258fc39 None None] Calling method '<bound method VersionsV2.index of <nova.api.openstack.compute.versions.VersionsV2 object at 0x7db03e1d41a0>>' {{(pid=68908) _process_stack /opt/stack/nova/nova/api/openstack/wsgi.py:552}}
Jul 30 08:46:17.021494 np0000031991 devstack@n-api.service[68908]: INFO nova.api.openstack.requestlog [None req-6f0615c6-934c-41b1-9d01-25cf8258fc39 None None] 192.168.1.114 "GET /compute/v2.1/" status: 200 len: 391 microversion: 2.1 time: 0.002807
Jul 30 08:46:17.021683 np0000031991 devstack@n-api.service[68908]: [pid: 68908|app: 0|req: 1/1] 192.168.1.114 () {50 vars in 771 bytes} [Wed Jul 30 08:46:17 2025] GET /compute/v2.1/ => generated 391 bytes in 3 msecs (HTTP/1.1 200) 9 headers in 357 bytes (1 switches on core 0)
Jul 30 08:46:51.261237 np0000031991 devstack@n-api.service[68907]: DEBUG nova.api.openstack.wsgi [None req-a506a06b-2186-40c1-a29d-42c0ab4099f1 None None] Calling method '<bound method VersionsV2.index of <nova.api.openstack.compute.versions.VersionsV2 object at 0x7db03e2943b0>>' {{(pid=68907) _process_stack /opt/stack/nova/nova/api/openstack/wsgi.py:552}}
Jul 30 08:46:51.263915 np0000031991 devstack@n-api.service[68907]: INFO nova.api.openstack.requestlog [None req-a506a06b-2186-40c1-a29d-42c0ab4099f1 None None] 192.168.1.114 "GET /compute/v2.1" status: 200 len: 392 microversion: 2.1 time: 0.003018
Jul 30 08:46:51.264103 np0000031991 devstack@n-api.service[68907]: [pid: 68907|app: 0|req: 1/2] 192.168.1.114 () {62 vars in 1056 bytes} [Wed Jul 30 08:46:51 2025] GET /compute/v2.1 => generated 392 bytes in 3 msecs (HTTP/1.1 200) 9 headers in 357 bytes (1 switches on core 0)
Jul 30 08:46:51.273761 np0000031991 devstack@n-api.service[68908]: DEBUG dbcounter [-] [68908] Writing DB stats nova_api:SELECT=1 {{(pid=68908) stat_writer /opt/stack/data/venv/lib/python3.12/site-packages/dbcounter.py:115}}
Jul 30 08:46:51.274289 np0000031991 devstack@n-api.service[68908]: DEBUG dbcounter [-] [68908] Writing DB stats nova_cell0:SELECT=1 {{(pid=68908) stat_writer /opt/stack/data/venv/lib/python3.12/site-packages/dbcounter.py:115}}
Jul 30 08:46:51.274598 np0000031991 devstack@n-api.service[68908]: DEBUG dbcounter [-] [68908] Writing DB stats nova_cell1:SELECT=1 {{(pid=68908) stat_writer /opt/stack/data/venv/lib/python3.12/site-packages/dbcounter.py:115}}
Jul 30 08:46:51.274911 np0000031991 devstack@n-api.service[68908]: DEBUG dbcounter [-] [68908] Writing DB stats nova_cell0:SELECT=2,nova_cell0:INSERT=1 {{(pid=68908) stat_writer /opt/stack/data/venv/lib/python3.12/site-packages/dbcounter.py:115}}
Jul 30 08:46:51.378750 np0000031991 devstack@n-api.service[68908]: DEBUG nova.api.openstack.wsgi [None req-953f7b59-6c59-4a65-b921-f1a3bd3fa8ad admin admin] Calling method '<bound method FlavorsController.detail of <nova.api.openstack.compute.flavors.FlavorsController object at 0x7db03db5db20>>' {{(pid=68908) _process_stack /opt/stack/nova/nova/api/openstack/wsgi.py:552}}
Jul 30 08:46:51.394215 np0000031991 devstack@n-api.service[68908]: INFO nova.api.openstack.requestlog [None req-953f7b59-6c59-4a65-b921-f1a3bd3fa8ad admin admin] 192.168.1.114 "GET /compute/v2.1/flavors/detail?is_public=True" status: 200 len: 15 microversion: 2.61 time: 0.125228
Jul 30 08:46:51.394440 np0000031991 devstack@n-api.service[68908]: [pid: 68908|app: 0|req: 2/3] 192.168.1.114 () {68 vars in 1417 bytes} [Wed Jul 30 08:46:51 2025] GET /compute/v2.1/flavors/detail?is_public=True => generated 15 bytes in 125 msecs (HTTP/1.1 200) 9 headers in 358 bytes (1 switches on core 0)
Jul 30 08:46:51.535720 np0000031991 devstack@n-api.service[68907]: DEBUG nova.api.openstack.wsgi [None req-968e5b7e-5115-40bd-880c-8427143fa6bf admin admin] Action: 'create', calling method: <bound method FlavorsController.create of <nova.api.openstack.compute.flavors.FlavorsController object at 0x7db03db54890>>, body: {"flavor": {"id": "c1", "vcpus": 1, "swap": 0, "name": "cirros256", "os-flavor-access:is_public": true, "disk": 1, "OS-FLV-EXT-DATA:ephemeral": 0, "rxtx_factor": 1.0, "ram": 256}} {{(pid=68907) _process_stack /opt/stack/nova/nova/api/openstack/wsgi.py:550}}
Jul 30 08:46:51.543984 np0000031991 devstack@n-api.service[68907]: DEBUG dbcounter [-] [68907] Writing DB stats nova_api:SELECT=1 {{(pid=68907) stat_writer /opt/stack/data/venv/lib/python3.12/site-packages/dbcounter.py:115}}
Jul 30 08:46:51.544460 np0000031991 devstack@n-api.service[68907]: DEBUG dbcounter [-] [68907] Writing DB stats nova_cell0:SELECT=1 {{(pid=68907) stat_writer /opt/stack/data/venv/lib/python3.12/site-packages/dbcounter.py:115}}
Jul 30 08:46:51.544776 np0000031991 devstack@n-api.service[68907]: DEBUG dbcounter [-] [68907] Writing DB stats nova_cell1:SELECT=1 {{(pid=68907) stat_writer /opt/stack/data/venv/lib/python3.12/site-packages/dbcounter.py:115}}
Jul 30 08:46:51.545062 np0000031991 devstack@n-api.service[68907]: DEBUG dbcounter [-] [68907] Writing DB stats nova_cell0:SELECT=1 {{(pid=68907) stat_writer /opt/stack/data/venv/lib/python3.12/site-packages/dbcounter.py:115}}
Jul 30 08:46:51.566887 np0000031991 devstack@n-api.service[68907]: INFO nova.api.openstack.requestlog [None req-968e5b7e-5115-40bd-880c-8427143fa6bf admin admin] 192.168.1.114 "POST /compute/v2.1/flavors" status: 200 len: 413 microversion: 2.61 time: 0.089471
Jul 30 08:46:51.567125 np0000031991 devstack@n-api.service[68907]: [pid: 68907|app: 0|req: 2/4] 192.168.1.114 () {72 vars in 1408 bytes} [Wed Jul 30 08:46:51 2025] POST /compute/v2.1/flavors => generated 413 bytes in 90 msecs (HTTP/1.1 200) 9 headers in 359 bytes (1 switches on core 0)
Jul 30 08:46:51.575877 np0000031991 devstack@n-api.service[68908]: DEBUG nova.api.openstack.wsgi [None req-2e53ae9b-f41d-46a5-934d-53b7d079b3f3 admin admin] Action: 'create', calling method: <bound method FlavorExtraSpecsController.create of <nova.api.openstack.compute.flavors_extraspecs.FlavorExtraSpecsController object at 0x7db03db5e270>>, body: {"extra_specs": {"hw_rng:allowed": "True"}} {{(pid=68908) _process_stack /opt/stack/nova/nova/api/openstack/wsgi.py:550}}
Jul 30 08:46:51.597897 np0000031991 devstack@n-api.service[68908]: INFO nova.api.openstack.requestlog [None req-2e53ae9b-f41d-46a5-934d-53b7d079b3f3 admin admin] 192.168.1.114 "POST /compute/v2.1/flavors/c1/os-extra_specs" status: 200 len: 43 microversion: 2.61 time: 0.023936
Jul 30 08:46:51.598140 np0000031991 devstack@n-api.service[68908]: [pid: 68908|app: 0|req: 3/5] 192.168.1.114 () {72 vars in 1461 bytes} [Wed Jul 30 08:46:51 2025] POST /compute/v2.1/flavors/c1/os-extra_specs => generated 43 bytes in 24 msecs (HTTP/1.1 200) 9 headers in 358 bytes (1 switches on core 0)
Jul 30 08:46:51.679347 np0000031991 devstack@n-api.service[68907]: DEBUG nova.api.openstack.wsgi [None req-ec3fe440-46f0-4a59-bc17-f8d4db878377 admin admin] Action: 'create', calling method: <bound method FlavorsController.create of <nova.api.openstack.compute.flavors.FlavorsController object at 0x7db03db54890>>, body: {"flavor": {"id": "d1", "vcpus": 1, "swap": 0, "name": "ds512M", "os-flavor-access:is_public": true, "disk": 5, "OS-FLV-EXT-DATA:ephemeral": 0, "rxtx_factor": 1.0, "ram": 512}} {{(pid=68907) _process_stack /opt/stack/nova/nova/api/openstack/wsgi.py:550}}
Jul 30 08:46:51.691014 np0000031991 devstack@n-api.service[68907]: INFO nova.api.openstack.requestlog [None req-ec3fe440-46f0-4a59-bc17-f8d4db878377 admin admin] 192.168.1.114 "POST /compute/v2.1/flavors" status: 200 len: 410 microversion: 2.61 time: 0.013593
Jul 30 08:46:51.691345 np0000031991 devstack@n-api.service[68907]: [pid: 68907|app: 0|req: 3/6] 192.168.1.114 () {72 vars in 1408 bytes} [Wed Jul 30 08:46:51 2025] POST /compute/v2.1/flavors => generated 410 bytes in 14 msecs (HTTP/1.1 200) 9 headers in 359 bytes (1 switches on core 0)
Jul 30 08:46:51.699534 np0000031991 devstack@n-api.service[68908]: DEBUG nova.api.openstack.wsgi [None req-eaf9efa8-1077-49ab-bde6-dd98ffb1814a admin admin] Action: 'create', calling method: <bound method FlavorExtraSpecsController.create of <nova.api.openstack.compute.flavors_extraspecs.FlavorExtraSpecsController object at 0x7db03db5e270>>, body: {"extra_specs": {"hw_rng:allowed": "True"}} {{(pid=68908) _process_stack /opt/stack/nova/nova/api/openstack/wsgi.py:550}}
Jul 30 08:46:51.712936 np0000031991 devstack@n-api.service[68908]: INFO nova.api.openstack.requestlog [None req-eaf9efa8-1077-49ab-bde6-dd98ffb1814a admin admin] 192.168.1.114 "POST /compute/v2.1/flavors/d1/os-extra_specs" status: 200 len: 43 microversion: 2.61 time: 0.015146
Jul 30 08:46:51.713249 np0000031991 devstack@n-api.service[68908]: [pid: 68908|app: 0|req: 4/7] 192.168.1.114 () {72 vars in 1461 bytes} [Wed Jul 30 08:46:51 2025] POST /compute/v2.1/flavors/d1/os-extra_specs => generated 43 bytes in 15 msecs (HTTP/1.1 200) 9 headers in 358 bytes (1 switches on core 0)
Jul 30 08:46:51.790264 np0000031991 devstack@n-api.service[68907]: DEBUG nova.api.openstack.wsgi [None req-ecb7996b-64df-42c3-8c7e-3bbad529241d admin admin] Action: 'create', calling method: <bound method FlavorsController.create of <nova.api.openstack.compute.flavors.FlavorsController object at 0x7db03db54890>>, body: {"flavor": {"id": "d2", "vcpus": 1, "swap": 0, "name": "ds1G", "os-flavor-access:is_public": true, "disk": 10, "OS-FLV-EXT-DATA:ephemeral": 0, "rxtx_factor": 1.0, "ram": 1024}} {{(pid=68907) _process_stack /opt/stack/nova/nova/api/openstack/wsgi.py:550}}
Jul 30 08:46:51.800870 np0000031991 devstack@n-api.service[68907]: INFO nova.api.openstack.requestlog [None req-ecb7996b-64df-42c3-8c7e-3bbad529241d admin admin] 192.168.1.114 "POST /compute/v2.1/flavors" status: 200 len: 410 microversion: 2.61 time: 0.012106
Jul 30 08:46:51.801068 np0000031991 devstack@n-api.service[68907]: [pid: 68907|app: 0|req: 4/8] 192.168.1.114 () {72 vars in 1408 bytes} [Wed Jul 30 08:46:51 2025] POST /compute/v2.1/flavors => generated 410 bytes in 12 msecs (HTTP/1.1 200) 9 headers in 359 bytes (1 switches on core 0)
Jul 30 08:46:51.809680 np0000031991 devstack@n-api.service[68908]: DEBUG nova.api.openstack.wsgi [None req-4fd9e9be-20ae-4fb9-bf3e-fa1e86d8a276 admin admin] Action: 'create', calling method: <bound method FlavorExtraSpecsController.create of <nova.api.openstack.compute.flavors_extraspecs.FlavorExtraSpecsController object at 0x7db03db5e270>>, body: {"extra_specs": {"hw_rng:allowed": "True"}} {{(pid=68908) _process_stack /opt/stack/nova/nova/api/openstack/wsgi.py:550}}
Jul 30 08:46:51.820697 np0000031991 devstack@n-api.service[68908]: INFO nova.api.openstack.requestlog [None req-4fd9e9be-20ae-4fb9-bf3e-fa1e86d8a276 admin admin] 192.168.1.114 "POST /compute/v2.1/flavors/d2/os-extra_specs" status: 200 len: 43 microversion: 2.61 time: 0.013790
Jul 30 08:46:51.820932 np0000031991 devstack@n-api.service[68908]: [pid: 68908|app: 0|req: 5/9] 192.168.1.114 () {72 vars in 1461 bytes} [Wed Jul 30 08:46:51 2025] POST /compute/v2.1/flavors/d2/os-extra_specs => generated 43 bytes in 14 msecs (HTTP/1.1 200) 9 headers in 358 bytes (2 switches on core 0)
Jul 30 08:46:51.907667 np0000031991 devstack@n-api.service[68907]: DEBUG nova.api.openstack.wsgi [None req-98f9f374-107a-477c-a492-3fe0c9029c36 admin admin] Action: 'create', calling method: <bound method FlavorsController.create of <nova.api.openstack.compute.flavors.FlavorsController object at 0x7db03db54890>>, body: {"flavor": {"id": "d3", "vcpus": 2, "swap": 0, "name": "ds2G", "os-flavor-access:is_public": true, "disk": 10, "OS-FLV-EXT-DATA:ephemeral": 0, "rxtx_factor": 1.0, "ram": 2048}} {{(pid=68907) _process_stack /opt/stack/nova/nova/api/openstack/wsgi.py:550}}
Jul 30 08:46:51.919643 np0000031991 devstack@n-api.service[68907]: INFO nova.api.openstack.requestlog [None req-98f9f374-107a-477c-a492-3fe0c9029c36 admin admin] 192.168.1.114 "POST /compute/v2.1/flavors" status: 200 len: 410 microversion: 2.61 time: 0.013555
Jul 30 08:46:51.919969 np0000031991 devstack@n-api.service[68907]: [pid: 68907|app: 0|req: 5/10] 192.168.1.114 () {72 vars in 1408 bytes} [Wed Jul 30 08:46:51 2025] POST /compute/v2.1/flavors => generated 410 bytes in 14 msecs (HTTP/1.1 200) 9 headers in 359 bytes (1 switches on core 0)
Jul 30 08:46:51.927961 np0000031991 devstack@n-api.service[68908]: DEBUG nova.api.openstack.wsgi [None req-c640fcbe-787c-448f-b8ce-7940efbcd832 admin admin] Action: 'create', calling method: <bound method FlavorExtraSpecsController.create of <nova.api.openstack.compute.flavors_extraspecs.FlavorExtraSpecsController object at 0x7db03db5e270>>, body: {"extra_specs": {"hw_rng:allowed": "True"}} {{(pid=68908) _process_stack /opt/stack/nova/nova/api/openstack/wsgi.py:550}}
Jul 30 08:46:51.939771 np0000031991 devstack@n-api.service[68908]: INFO nova.api.openstack.requestlog [None req-c640fcbe-787c-448f-b8ce-7940efbcd832 admin admin] 192.168.1.114 "POST /compute/v2.1/flavors/d3/os-extra_specs" status: 200 len: 43 microversion: 2.61 time: 0.013246
Jul 30 08:46:51.940006 np0000031991 devstack@n-api.service[68908]: [pid: 68908|app: 0|req: 6/11] 192.168.1.114 () {72 vars in 1461 bytes} [Wed Jul 30 08:46:51 2025] POST /compute/v2.1/flavors/d3/os-extra_specs => generated 43 bytes in 13 msecs (HTTP/1.1 200) 9 headers in 358 bytes (1 switches on core 0)
Jul 30 08:46:52.035041 np0000031991 devstack@n-api.service[68907]: DEBUG nova.api.openstack.wsgi [None req-b6168453-1ebe-4ef7-9346-01be7d41bf62 admin admin] Action: 'create', calling method: <bound method FlavorsController.create of <nova.api.openstack.compute.flavors.FlavorsController object at 0x7db03db54890>>, body: {"flavor": {"id": "d4", "vcpus": 4, "swap": 0, "name": "ds4G", "os-flavor-access:is_public": true, "disk": 20, "OS-FLV-EXT-DATA:ephemeral": 0, "rxtx_factor": 1.0, "ram": 4096}} {{(pid=68907) _process_stack /opt/stack/nova/nova/api/openstack/wsgi.py:550}}
Jul 30 08:46:52.046542 np0000031991 devstack@n-api.service[68907]: INFO nova.api.openstack.requestlog [None req-b6168453-1ebe-4ef7-9346-01be7d41bf62 admin admin] 192.168.1.114 "POST /compute/v2.1/flavors" status: 200 len: 410 microversion: 2.61 time: 0.012972
Jul 30 08:46:52.046793 np0000031991 devstack@n-api.service[68907]: [pid: 68907|app: 0|req: 6/12] 192.168.1.114 () {72 vars in 1408 bytes} [Wed Jul 30 08:46:52 2025] POST /compute/v2.1/flavors => generated 410 bytes in 13 msecs (HTTP/1.1 200) 9 headers in 359 bytes (1 switches on core 0)
Jul 30 08:46:52.062671 np0000031991 devstack@n-api.service[68908]: DEBUG nova.api.openstack.wsgi [None req-10319af1-62c4-402e-b01c-402c032c9962 admin admin] Action: 'create', calling method: <bound method FlavorExtraSpecsController.create of <nova.api.openstack.compute.flavors_extraspecs.FlavorExtraSpecsController object at 0x7db03db5e270>>, body: {"extra_specs": {"hw_rng:allowed": "True"}} {{(pid=68908) _process_stack /opt/stack/nova/nova/api/openstack/wsgi.py:550}}
Jul 30 08:46:52.081474 np0000031991 devstack@n-api.service[68908]: INFO nova.api.openstack.requestlog [None req-10319af1-62c4-402e-b01c-402c032c9962 admin admin] 192.168.1.114 "POST /compute/v2.1/flavors/d4/os-extra_specs" status: 200 len: 43 microversion: 2.61 time: 0.023747
Jul 30 08:46:52.081716 np0000031991 devstack@n-api.service[68908]: [pid: 68908|app: 0|req: 7/13] 192.168.1.114 () {72 vars in 1461 bytes} [Wed Jul 30 08:46:52 2025] POST /compute/v2.1/flavors/d4/os-extra_specs => generated 43 bytes in 24 msecs (HTTP/1.1 200) 9 headers in 358 bytes (1 switches on core 0)
Jul 30 08:46:52.179236 np0000031991 devstack@n-api.service[68907]: DEBUG nova.api.openstack.wsgi [None req-e60ca259-4045-4c29-9295-4ac9fb093da4 admin admin] Calling method '<bound method FlavorsController.detail of <nova.api.openstack.compute.flavors.FlavorsController object at 0x7db03db549e0>>' {{(pid=68907) _process_stack /opt/stack/nova/nova/api/openstack/wsgi.py:552}}
Jul 30 08:46:52.193859 np0000031991 devstack@n-api.service[68907]: INFO nova.api.openstack.requestlog [None req-e60ca259-4045-4c29-9295-4ac9fb093da4 admin admin] 192.168.1.114 "GET /compute/v2.1/flavors/detail?is_public=True" status: 200 len: 2136 microversion: 2.61 time: 0.016065
Jul 30 08:46:52.194098 np0000031991 devstack@n-api.service[68907]: [pid: 68907|app: 0|req: 7/14] 192.168.1.114 () {68 vars in 1417 bytes} [Wed Jul 30 08:46:52 2025] GET /compute/v2.1/flavors/detail?is_public=True => generated 2136 bytes in 16 msecs (HTTP/1.1 200) 9 headers in 360 bytes (1 switches on core 0)
Jul 30 08:46:52.282749 np0000031991 devstack@n-api.service[68908]: DEBUG nova.api.openstack.wsgi [None req-f5b16324-2480-4fad-83c6-43c13b54f120 admin admin] Action: 'create', calling method: <bound method FlavorsController.create of <nova.api.openstack.compute.flavors.FlavorsController object at 0x7db03db5d9d0>>, body: {"flavor": {"id": "1", "vcpus": 1, "swap": 0, "name": "m1.tiny", "os-flavor-access:is_public": true, "disk": 1, "OS-FLV-EXT-DATA:ephemeral": 0, "rxtx_factor": 1.0, "ram": 512}} {{(pid=68908) _process_stack /opt/stack/nova/nova/api/openstack/wsgi.py:550}}
Jul 30 08:46:52.300304 np0000031991 devstack@n-api.service[68908]: INFO nova.api.openstack.requestlog [None req-f5b16324-2480-4fad-83c6-43c13b54f120 admin admin] 192.168.1.114 "POST /compute/v2.1/flavors" status: 200 len: 408 microversion: 2.61 time: 0.019154
Jul 30 08:46:52.300619 np0000031991 devstack@n-api.service[68908]: [pid: 68908|app: 0|req: 8/15] 192.168.1.114 () {72 vars in 1408 bytes} [Wed Jul 30 08:46:52 2025] POST /compute/v2.1/flavors => generated 408 bytes in 19 msecs (HTTP/1.1 200) 9 headers in 359 bytes (1 switches on core 0)
Jul 30 08:46:52.308359 np0000031991 devstack@n-api.service[68907]: DEBUG nova.api.openstack.wsgi [None req-422b0aea-784e-4e0f-a388-0697e302fa2f admin admin] Action: 'create', calling method: <bound method FlavorExtraSpecsController.create of <nova.api.openstack.compute.flavors_extraspecs.FlavorExtraSpecsController object at 0x7db03db55130>>, body: {"extra_specs": {"hw_rng:allowed": "True"}} {{(pid=68907) _process_stack /opt/stack/nova/nova/api/openstack/wsgi.py:550}}
Jul 30 08:46:52.331029 np0000031991 devstack@n-api.service[68907]: INFO nova.api.openstack.requestlog [None req-422b0aea-784e-4e0f-a388-0697e302fa2f admin admin] 192.168.1.114 "POST /compute/v2.1/flavors/1/os-extra_specs" status: 200 len: 43 microversion: 2.61 time: 0.024162
Jul 30 08:46:52.331270 np0000031991 devstack@n-api.service[68907]: [pid: 68907|app: 0|req: 8/16] 192.168.1.114 () {72 vars in 1458 bytes} [Wed Jul 30 08:46:52 2025] POST /compute/v2.1/flavors/1/os-extra_specs => generated 43 bytes in 24 msecs (HTTP/1.1 200) 9 headers in 358 bytes (1 switches on core 0)
Jul 30 08:46:52.422568 np0000031991 devstack@n-api.service[68908]: DEBUG nova.api.openstack.wsgi [None req-de464463-7b69-45f1-8aee-72b7c528288d admin admin] Action: 'create', calling method: <bound method FlavorsController.create of <nova.api.openstack.compute.flavors.FlavorsController object at 0x7db03db5d9d0>>, body: {"flavor": {"id": "2", "vcpus": 1, "swap": 0, "name": "m1.small", "os-flavor-access:is_public": true, "disk": 20, "OS-FLV-EXT-DATA:ephemeral": 0, "rxtx_factor": 1.0, "ram": 2048}} {{(pid=68908) _process_stack /opt/stack/nova/nova/api/openstack/wsgi.py:550}}
Jul 30 08:46:52.433027 np0000031991 devstack@n-api.service[68908]: INFO nova.api.openstack.requestlog [None req-de464463-7b69-45f1-8aee-72b7c528288d admin admin] 192.168.1.114 "POST /compute/v2.1/flavors" status: 200 len: 411 microversion: 2.61 time: 0.011923
Jul 30 08:46:52.433322 np0000031991 devstack@n-api.service[68908]: [pid: 68908|app: 0|req: 9/17] 192.168.1.114 () {72 vars in 1408 bytes} [Wed Jul 30 08:46:52 2025] POST /compute/v2.1/flavors => generated 411 bytes in 12 msecs (HTTP/1.1 200) 9 headers in 359 bytes (1 switches on core 0)
Jul 30 08:46:52.440797 np0000031991 devstack@n-api.service[68907]: DEBUG nova.api.openstack.wsgi [None req-88696401-1a2f-4a46-a598-3aa69f796b7d admin admin] Action: 'create', calling method: <bound method FlavorExtraSpecsController.create of <nova.api.openstack.compute.flavors_extraspecs.FlavorExtraSpecsController object at 0x7db03db55130>>, body: {"extra_specs": {"hw_rng:allowed": "True"}} {{(pid=68907) _process_stack /opt/stack/nova/nova/api/openstack/wsgi.py:550}}
Jul 30 08:46:52.452921 np0000031991 devstack@n-api.service[68907]: INFO nova.api.openstack.requestlog [None req-88696401-1a2f-4a46-a598-3aa69f796b7d admin admin] 192.168.1.114 "POST /compute/v2.1/flavors/2/os-extra_specs" status: 200 len: 43 microversion: 2.61 time: 0.013618
Jul 30 08:46:52.453158 np0000031991 devstack@n-api.service[68907]: [pid: 68907|app: 0|req: 9/18] 192.168.1.114 () {72 vars in 1458 bytes} [Wed Jul 30 08:46:52 2025] POST /compute/v2.1/flavors/2/os-extra_specs => generated 43 bytes in 14 msecs (HTTP/1.1 200) 9 headers in 358 bytes (1 switches on core 0)
Jul 30 08:46:52.539700 np0000031991 devstack@n-api.service[68908]: DEBUG nova.api.openstack.wsgi [None req-7f93a063-fc2d-482c-a5f9-fb344aa932e3 admin admin] Action: 'create', calling method: <bound method FlavorsController.create of <nova.api.openstack.compute.flavors.FlavorsController object at 0x7db03db5d9d0>>, body: {"flavor": {"id": "3", "vcpus": 2, "swap": 0, "name": "m1.medium", "os-flavor-access:is_public": true, "disk": 40, "OS-FLV-EXT-DATA:ephemeral": 0, "rxtx_factor": 1.0, "ram": 4096}} {{(pid=68908) _process_stack /opt/stack/nova/nova/api/openstack/wsgi.py:550}}
Jul 30 08:46:52.550350 np0000031991 devstack@n-api.service[68908]: INFO nova.api.openstack.requestlog [None req-7f93a063-fc2d-482c-a5f9-fb344aa932e3 admin admin] 192.168.1.114 "POST /compute/v2.1/flavors" status: 200 len: 412 microversion: 2.61 time: 0.012073
Jul 30 08:46:52.550775 np0000031991 devstack@n-api.service[68908]: [pid: 68908|app: 0|req: 10/19] 192.168.1.114 () {72 vars in 1408 bytes} [Wed Jul 30 08:46:52 2025] POST /compute/v2.1/flavors => generated 412 bytes in 12 msecs (HTTP/1.1 200) 9 headers in 359 bytes (1 switches on core 0)
Jul 30 08:46:52.559741 np0000031991 devstack@n-api.service[68907]: DEBUG nova.api.openstack.wsgi [None req-f019f7ec-1696-4540-b425-de14d8b638c5 admin admin] Action: 'create', calling method: <bound method FlavorExtraSpecsController.create of <nova.api.openstack.compute.flavors_extraspecs.FlavorExtraSpecsController object at 0x7db03db55130>>, body: {"extra_specs": {"hw_rng:allowed": "True"}} {{(pid=68907) _process_stack /opt/stack/nova/nova/api/openstack/wsgi.py:550}}
Jul 30 08:46:52.572211 np0000031991 devstack@n-api.service[68907]: INFO nova.api.openstack.requestlog [None req-f019f7ec-1696-4540-b425-de14d8b638c5 admin admin] 192.168.1.114 "POST /compute/v2.1/flavors/3/os-extra_specs" status: 200 len: 43 microversion: 2.61 time: 0.013929
Jul 30 08:46:52.572436 np0000031991 devstack@n-api.service[68907]: [pid: 68907|app: 0|req: 10/20] 192.168.1.114 () {72 vars in 1458 bytes} [Wed Jul 30 08:46:52 2025] POST /compute/v2.1/flavors/3/os-extra_specs => generated 43 bytes in 14 msecs (HTTP/1.1 200) 9 headers in 358 bytes (1 switches on core 0)
Jul 30 08:46:52.649461 np0000031991 devstack@n-api.service[68908]: DEBUG nova.api.openstack.wsgi [None req-bef98282-3798-4d62-94cc-25de771b5753 admin admin] Action: 'create', calling method: <bound method FlavorsController.create of <nova.api.openstack.compute.flavors.FlavorsController object at 0x7db03db5d9d0>>, body: {"flavor": {"id": "4", "vcpus": 4, "swap": 0, "name": "m1.large", "os-flavor-access:is_public": true, "disk": 80, "OS-FLV-EXT-DATA:ephemeral": 0, "rxtx_factor": 1.0, "ram": 8192}} {{(pid=68908) _process_stack /opt/stack/nova/nova/api/openstack/wsgi.py:550}}
Jul 30 08:46:52.659832 np0000031991 devstack@n-api.service[68908]: INFO nova.api.openstack.requestlog [None req-bef98282-3798-4d62-94cc-25de771b5753 admin admin] 192.168.1.114 "POST /compute/v2.1/flavors" status: 200 len: 411 microversion: 2.61 time: 0.011853
Jul 30 08:46:52.660135 np0000031991 devstack@n-api.service[68908]: [pid: 68908|app: 0|req: 11/21] 192.168.1.114 () {72 vars in 1408 bytes} [Wed Jul 30 08:46:52 2025] POST /compute/v2.1/flavors => generated 411 bytes in 12 msecs (HTTP/1.1 200) 9 headers in 359 bytes (1 switches on core 0)
Jul 30 08:46:52.667520 np0000031991 devstack@n-api.service[68907]: DEBUG nova.api.openstack.wsgi [None req-1ab9802c-e82e-47ed-a96d-72dc5610cb50 admin admin] Action: 'create', calling method: <bound method FlavorExtraSpecsController.create of <nova.api.openstack.compute.flavors_extraspecs.FlavorExtraSpecsController object at 0x7db03db55130>>, body: {"extra_specs": {"hw_rng:allowed": "True"}} {{(pid=68907) _process_stack /opt/stack/nova/nova/api/openstack/wsgi.py:550}}
Jul 30 08:46:52.684217 np0000031991 devstack@n-api.service[68907]: INFO nova.api.openstack.requestlog [None req-1ab9802c-e82e-47ed-a96d-72dc5610cb50 admin admin] 192.168.1.114 "POST /compute/v2.1/flavors/4/os-extra_specs" status: 200 len: 43 microversion: 2.61 time: 0.018001
Jul 30 08:46:52.684322 np0000031991 devstack@n-api.service[68907]: [pid: 68907|app: 0|req: 11/22] 192.168.1.114 () {72 vars in 1458 bytes} [Wed Jul 30 08:46:52 2025] POST /compute/v2.1/flavors/4/os-extra_specs => generated 43 bytes in 18 msecs (HTTP/1.1 200) 9 headers in 358 bytes (1 switches on core 0)
Jul 30 08:46:52.764676 np0000031991 devstack@n-api.service[68908]: DEBUG nova.api.openstack.wsgi [None req-337ade94-6d97-4b9e-85d1-e45f0b411785 admin admin] Action: 'create', calling method: <bound method FlavorsController.create of <nova.api.openstack.compute.flavors.FlavorsController object at 0x7db03db5d9d0>>, body: {"flavor": {"id": "5", "vcpus": 8, "swap": 0, "name": "m1.xlarge", "os-flavor-access:is_public": true, "disk": 160, "OS-FLV-EXT-DATA:ephemeral": 0, "rxtx_factor": 1.0, "ram": 16384}} {{(pid=68908) _process_stack /opt/stack/nova/nova/api/openstack/wsgi.py:550}}
Jul 30 08:46:52.775290 np0000031991 devstack@n-api.service[68908]: INFO nova.api.openstack.requestlog [None req-337ade94-6d97-4b9e-85d1-e45f0b411785 admin admin] 192.168.1.114 "POST /compute/v2.1/flavors" status: 200 len: 414 microversion: 2.61 time: 0.012114
Jul 30 08:46:52.775607 np0000031991 devstack@n-api.service[68908]: [pid: 68908|app: 0|req: 12/23] 192.168.1.114 () {72 vars in 1408 bytes} [Wed Jul 30 08:46:52 2025] POST /compute/v2.1/flavors => generated 414 bytes in 12 msecs (HTTP/1.1 200) 9 headers in 359 bytes (1 switches on core 0)
Jul 30 08:46:52.783018 np0000031991 devstack@n-api.service[68907]: DEBUG nova.api.openstack.wsgi [None req-f1b348f4-a591-4559-851c-d5ba891efaf6 admin admin] Action: 'create', calling method: <bound method FlavorExtraSpecsController.create of <nova.api.openstack.compute.flavors_extraspecs.FlavorExtraSpecsController object at 0x7db03db55130>>, body: {"extra_specs": {"hw_rng:allowed": "True"}} {{(pid=68907) _process_stack /opt/stack/nova/nova/api/openstack/wsgi.py:550}}
Jul 30 08:46:52.797612 np0000031991 devstack@n-api.service[68907]: INFO nova.api.openstack.requestlog [None req-f1b348f4-a591-4559-851c-d5ba891efaf6 admin admin] 192.168.1.114 "POST /compute/v2.1/flavors/5/os-extra_specs" status: 200 len: 43 microversion: 2.61 time: 0.016077
Jul 30 08:46:52.797848 np0000031991 devstack@n-api.service[68907]: [pid: 68907|app: 0|req: 12/24] 192.168.1.114 () {72 vars in 1458 bytes} [Wed Jul 30 08:46:52 2025] POST /compute/v2.1/flavors/5/os-extra_specs => generated 43 bytes in 16 msecs (HTTP/1.1 200) 9 headers in 358 bytes (1 switches on core 0)
Jul 30 08:47:11.600672 np0000031991 devstack@n-api.service[68908]: DEBUG nova.api.openstack.wsgi [None req-c16c61d3-88f6-492b-9f98-ff1f0f6fd9b3 admin admin] Calling method '<bound method FlavorsController.detail of <nova.api.openstack.compute.flavors.FlavorsController object at 0x7db03db5db20>>' {{(pid=68908) _process_stack /opt/stack/nova/nova/api/openstack/wsgi.py:552}}
Jul 30 08:47:11.602150 np0000031991 devstack@n-api.service[68908]: DEBUG dbcounter [-] [68908] Writing DB stats nova_api:SELECT=21,nova_api:SAVEPOINT=5,nova_api:INSERT=10,nova_api:RELEASE=5 {{(pid=68908) stat_writer /opt/stack/data/venv/lib/python3.12/site-packages/dbcounter.py:115}}
Jul 30 08:47:11.611407 np0000031991 devstack@n-api.service[68908]: INFO nova.api.openstack.requestlog [None req-c16c61d3-88f6-492b-9f98-ff1f0f6fd9b3 admin admin] 192.168.1.114 "GET /compute/v2.1/flavors/detail?is_public=True" status: 200 len: 4262 microversion: 2.61 time: 0.013485
Jul 30 08:47:11.611713 np0000031991 devstack@n-api.service[68908]: [pid: 68908|app: 0|req: 13/25] 192.168.1.114 () {68 vars in 1417 bytes} [Wed Jul 30 08:47:11 2025] GET /compute/v2.1/flavors/detail?is_public=True => generated 4262 bytes in 14 msecs (HTTP/1.1 200) 9 headers in 360 bytes (1 switches on core 0)
Jul 30 08:47:11.711432 np0000031991 devstack@n-api.service[68907]: DEBUG nova.api.openstack.wsgi [None req-70690841-a533-4c6c-9be8-9b25e78dce97 admin admin] Action: 'create', calling method: <bound method FlavorsController.create of <nova.api.openstack.compute.flavors.FlavorsController object at 0x7db03db54890>>, body: {"flavor": {"id": "100", "vcpus": 1, "swap": 0, "name": "manila-service-flavor", "os-flavor-access:is_public": true, "disk": 5, "OS-FLV-EXT-DATA:ephemeral": 0, "rxtx_factor": 1.0, "ram": 1024}} {{(pid=68907) _process_stack /opt/stack/nova/nova/api/openstack/wsgi.py:550}}
Jul 30 08:47:11.713939 np0000031991 devstack@n-api.service[68907]: DEBUG dbcounter [-] [68907] Writing DB stats nova_api:INSERT=10,nova_api:SELECT=21,nova_api:SAVEPOINT=5,nova_api:RELEASE=5 {{(pid=68907) stat_writer /opt/stack/data/venv/lib/python3.12/site-packages/dbcounter.py:115}}
Jul 30 08:47:11.721641 np0000031991 devstack@n-api.service[68907]: INFO nova.api.openstack.requestlog [None req-70690841-a533-4c6c-9be8-9b25e78dce97 admin admin] 192.168.1.114 "POST /compute/v2.1/flavors" status: 200 len: 429 microversion: 2.61 time: 0.011688
Jul 30 08:47:11.721929 np0000031991 devstack@n-api.service[68907]: [pid: 68907|app: 0|req: 13/26] 192.168.1.114 () {72 vars in 1408 bytes} [Wed Jul 30 08:47:11 2025] POST /compute/v2.1/flavors => generated 429 bytes in 12 msecs (HTTP/1.1 200) 9 headers in 359 bytes (1 switches on core 0)
Jul 30 08:48:44.278436 np0000031991 devstack@n-api.service[68908]: DEBUG nova.api.openstack.wsgi [None req-27d5e4b5-3aa9-41ce-88ac-c4ad63a5e988 admin admin] Calling method '<bound method KeypairController.index of <nova.api.openstack.compute.keypairs.KeypairController object at 0x7db03da0cdd0>>' {{(pid=68908) _process_stack /opt/stack/nova/nova/api/openstack/wsgi.py:552}}
Jul 30 08:48:44.280235 np0000031991 devstack@n-api.service[68908]: WARNING oslo_db.sqlalchemy.utils [None req-27d5e4b5-3aa9-41ce-88ac-c4ad63a5e988 admin admin] Unique keys not in sort_keys. The sorting order may be unstable.
Jul 30 08:48:44.286007 np0000031991 devstack@n-api.service[68908]: INFO nova.api.openstack.requestlog [None req-27d5e4b5-3aa9-41ce-88ac-c4ad63a5e988 admin admin] 192.168.1.114 "GET /compute/v2.1/os-keypairs" status: 200 len: 16 microversion: 2.10 time: 0.009939
Jul 30 08:48:44.286221 np0000031991 devstack@n-api.service[68908]: [pid: 68908|app: 0|req: 14/27] 192.168.1.114 () {68 vars in 1379 bytes} [Wed Jul 30 08:48:44 2025] GET /compute/v2.1/os-keypairs => generated 16 bytes in 10 msecs (HTTP/1.1 200) 9 headers in 358 bytes (1 switches on core 0)
Jul 30 08:48:44.386308 np0000031991 devstack@n-api.service[68907]: DEBUG nova.api.openstack.wsgi [None req-72e65762-2a5a-4a7a-864b-5374324bd289 admin admin] Action: 'create', calling method: <bound method KeypairController.create of <nova.api.openstack.compute.keypairs.KeypairController object at 0x7db03dbd7e00>>, body: {"keypair": {"name": "manila-service", "public_key": "ecdsa-sha2-nistp256 AAAAE2VjZHNhLXNoYTItbmlzdHAyNTYAAAAIbmlzdHAyNTYAAABBBPoMISnE+2kIodRjIsBnlsV0FXE1EevsOlGI3QOuqyrSo2WgHzca+LWCMmcbasj/ateAtak2K8W1HubLOQFrzlk= stack@np0000031991\n"}} {{(pid=68907) _process_stack /opt/stack/nova/nova/api/openstack/wsgi.py:550}}
Jul 30 08:48:44.399434 np0000031991 devstack@n-api.service[68907]: DEBUG nova.quota [None req-72e65762-2a5a-4a7a-864b-5374324bd289 admin admin] Getting quotas for project caab7714728c47e2a986c6613acc2647. Resources: {'key_pairs'} {{(pid=68907) _get_quotas /opt/stack/nova/nova/quota.py:392}}
Jul 30 08:48:44.401942 np0000031991 devstack@n-api.service[68907]: DEBUG nova.quota [None req-72e65762-2a5a-4a7a-864b-5374324bd289 admin admin] Getting quotas for user fff08c59fac74976b2f12b1374a8d63d and project caab7714728c47e2a986c6613acc2647. Resources: {'key_pairs'} {{(pid=68907) _get_quotas /opt/stack/nova/nova/quota.py:382}}
Jul 30 08:48:44.427021 np0000031991 devstack@n-api.service[68907]: INFO nova.api.openstack.requestlog [None req-72e65762-2a5a-4a7a-864b-5374324bd289 admin admin] 192.168.1.114 "POST /compute/v2.1/os-keypairs" status: 201 len: 366 microversion: 2.10 time: 0.042950
Jul 30 08:48:44.427324 np0000031991 devstack@n-api.service[68907]: [pid: 68907|app: 0|req: 14/28] 192.168.1.114 () {72 vars in 1420 bytes} [Wed Jul 30 08:48:44 2025] POST /compute/v2.1/os-keypairs => generated 366 bytes in 43 msecs (HTTP/1.1 201) 9 headers in 364 bytes (1 switches on core 0)
Jul 30 08:48:50.562365 np0000031991 devstack@n-api.service[68908]: DEBUG nova.api.openstack.wsgi [None req-2d783d9a-626c-4a3e-8de7-d89858855151 admin admin] Calling method '<bound method ServiceController.index of <nova.api.openstack.compute.services.ServiceController object at 0x7db03da4c740>>' {{(pid=68908) _process_stack /opt/stack/nova/nova/api/openstack/wsgi.py:552}}
Jul 30 08:48:50.563990 np0000031991 devstack@n-api.service[68908]: DEBUG oslo_concurrency.lockutils [None req-2d783d9a-626c-4a3e-8de7-d89858855151 admin admin] Acquiring lock "00000000-0000-0000-0000-000000000000" by "nova.context.set_target_cell.<locals>.get_or_set_cached_cell_and_set_connections" {{(pid=68908) inner /opt/stack/data/venv/lib/python3.12/site-packages/oslo_concurrency/lockutils.py:405}}
Jul 30 08:48:50.564153 np0000031991 devstack@n-api.service[68908]: DEBUG oslo_concurrency.lockutils [None req-2d783d9a-626c-4a3e-8de7-d89858855151 admin admin] Lock "00000000-0000-0000-0000-000000000000" acquired by "nova.context.set_target_cell.<locals>.get_or_set_cached_cell_and_set_connections" :: waited 0.000s {{(pid=68908) inner /opt/stack/data/venv/lib/python3.12/site-packages/oslo_concurrency/lockutils.py:410}}
Jul 30 08:48:50.564276 np0000031991 devstack@n-api.service[68908]: DEBUG oslo_concurrency.lockutils [None req-2d783d9a-626c-4a3e-8de7-d89858855151 admin admin] Lock "00000000-0000-0000-0000-000000000000" "released" by "nova.context.set_target_cell.<locals>.get_or_set_cached_cell_and_set_connections" :: held 0.000s {{(pid=68908) inner /opt/stack/data/venv/lib/python3.12/site-packages/oslo_concurrency/lockutils.py:424}}
Jul 30 08:48:50.564616 np0000031991 devstack@n-api.service[68908]: DEBUG oslo_concurrency.lockutils [None req-2d783d9a-626c-4a3e-8de7-d89858855151 admin admin] Acquiring lock "4c528392-a69e-42a6-a176-1601886fb8ed" by "nova.context.set_target_cell.<locals>.get_or_set_cached_cell_and_set_connections" {{(pid=68908) inner /opt/stack/data/venv/lib/python3.12/site-packages/oslo_concurrency/lockutils.py:405}}
Jul 30 08:48:50.564749 np0000031991 devstack@n-api.service[68908]: DEBUG oslo_concurrency.lockutils [None req-2d783d9a-626c-4a3e-8de7-d89858855151 admin admin] Lock "4c528392-a69e-42a6-a176-1601886fb8ed" acquired by "nova.context.set_target_cell.<locals>.get_or_set_cached_cell_and_set_connections" :: waited 0.000s {{(pid=68908) inner /opt/stack/data/venv/lib/python3.12/site-packages/oslo_concurrency/lockutils.py:410}}
Jul 30 08:48:50.564855 np0000031991 devstack@n-api.service[68908]: DEBUG oslo_concurrency.lockutils [None req-2d783d9a-626c-4a3e-8de7-d89858855151 admin admin] Lock "4c528392-a69e-42a6-a176-1601886fb8ed" "released" by "nova.context.set_target_cell.<locals>.get_or_set_cached_cell_and_set_connections" :: held 0.000s {{(pid=68908) inner /opt/stack/data/venv/lib/python3.12/site-packages/oslo_concurrency/lockutils.py:424}}
