Aug 27 22:42:53.922718 np0000032596 devstack@n-api.service[70537]: DEBUG oslo_db.sqlalchemy.engines [None req-33d9ad3e-3cc6-4a48-addf-ebc8cbbf796f None None] MySQL server mode set to STRICT_TRANS_TABLES,STRICT_ALL_TABLES,NO_ZERO_IN_DATE,NO_ZERO_DATE,ERROR_FOR_DIVISION_BY_ZERO,TRADITIONAL,NO_ENGINE_SUBSTITUTION {{(pid=70537) _check_effective_sql_mode /opt/stack/data/venv/lib/python3.10/site-packages/oslo_db/sqlalchemy/engines.py:342}}
Aug 27 22:42:53.923894 np0000032596 devstack@n-api.service[70538]: INFO dbcounter [None req-69488393-5b4f-435d-8d2b-f514b801fd69 None None] Registered counter for database nova_cell1
Aug 27 22:42:53.926711 np0000032596 devstack@n-api.service[70537]: DEBUG dbcounter [-] [70537] Writer thread running {{(pid=70537) stat_writer /opt/stack/data/venv/lib/python3.10/site-packages/dbcounter.py:102}}
Aug 27 22:42:53.927756 np0000032596 devstack@n-api.service[70538]: DEBUG oslo_db.sqlalchemy.engines [None req-69488393-5b4f-435d-8d2b-f514b801fd69 None None] MySQL server mode set to STRICT_TRANS_TABLES,STRICT_ALL_TABLES,NO_ZERO_IN_DATE,NO_ZERO_DATE,ERROR_FOR_DIVISION_BY_ZERO,TRADITIONAL,NO_ENGINE_SUBSTITUTION {{(pid=70538) _check_effective_sql_mode /opt/stack/data/venv/lib/python3.10/site-packages/oslo_db/sqlalchemy/engines.py:342}}
Aug 27 22:42:53.929262 np0000032596 devstack@n-api.service[70538]: DEBUG oslo_db.sqlalchemy.engines [None req-69488393-5b4f-435d-8d2b-f514b801fd69 None None] MySQL server mode set to STRICT_TRANS_TABLES,STRICT_ALL_TABLES,NO_ZERO_IN_DATE,NO_ZERO_DATE,ERROR_FOR_DIVISION_BY_ZERO,TRADITIONAL,NO_ENGINE_SUBSTITUTION {{(pid=70538) _check_effective_sql_mode /opt/stack/data/venv/lib/python3.10/site-packages/oslo_db/sqlalchemy/engines.py:342}}
Aug 27 22:42:53.995862 np0000032596 devstack@n-api.service[70538]: DEBUG dbcounter [-] [70538] Writer thread running {{(pid=70538) stat_writer /opt/stack/data/venv/lib/python3.10/site-packages/dbcounter.py:102}}
Aug 27 22:42:53.999582 np0000032596 devstack@n-api.service[70538]: DEBUG dbcounter [-] [70538] Writer thread running {{(pid=70538) stat_writer /opt/stack/data/venv/lib/python3.10/site-packages/dbcounter.py:102}}
Aug 27 22:42:54.001608 np0000032596 devstack@n-api.service[70538]: INFO dbcounter [None req-69488393-5b4f-435d-8d2b-f514b801fd69 None None] Registered counter for database nova_cell0
Aug 27 22:42:54.005943 np0000032596 devstack@n-api.service[70538]: DEBUG oslo_db.sqlalchemy.engines [None req-69488393-5b4f-435d-8d2b-f514b801fd69 None None] MySQL server mode set to STRICT_TRANS_TABLES,STRICT_ALL_TABLES,NO_ZERO_IN_DATE,NO_ZERO_DATE,ERROR_FOR_DIVISION_BY_ZERO,TRADITIONAL,NO_ENGINE_SUBSTITUTION {{(pid=70538) _check_effective_sql_mode /opt/stack/data/venv/lib/python3.10/site-packages/oslo_db/sqlalchemy/engines.py:342}}
Aug 27 22:42:54.010654 np0000032596 devstack@n-api.service[70538]: DEBUG dbcounter [-] [70538] Writer thread running {{(pid=70538) stat_writer /opt/stack/data/venv/lib/python3.10/site-packages/dbcounter.py:102}}
Aug 27 22:42:54.238951 np0000032596 devstack@n-api.service[70537]: DEBUG oslo_concurrency.processutils [None req-33d9ad3e-3cc6-4a48-addf-ebc8cbbf796f None None] Running cmd (subprocess): grep -F node.session.scan /sbin/iscsiadm {{(pid=70537) execute /opt/stack/data/venv/lib/python3.10/site-packages/oslo_concurrency/processutils.py:390}}
Aug 27 22:42:54.245447 np0000032596 devstack@n-api.service[70537]: DEBUG oslo_concurrency.processutils [None req-33d9ad3e-3cc6-4a48-addf-ebc8cbbf796f None None] CMD "grep -F node.session.scan /sbin/iscsiadm" returned: 0 in 0.006s {{(pid=70537) execute /opt/stack/data/venv/lib/python3.10/site-packages/oslo_concurrency/processutils.py:428}}
Aug 27 22:42:54.304057 np0000032596 devstack@n-api.service[70538]: DEBUG oslo_concurrency.processutils [None req-69488393-5b4f-435d-8d2b-f514b801fd69 None None] Running cmd (subprocess): grep -F node.session.scan /sbin/iscsiadm {{(pid=70538) execute /opt/stack/data/venv/lib/python3.10/site-packages/oslo_concurrency/processutils.py:390}}
Aug 27 22:42:54.310531 np0000032596 devstack@n-api.service[70538]: DEBUG oslo_concurrency.processutils [None req-69488393-5b4f-435d-8d2b-f514b801fd69 None None] CMD "grep -F node.session.scan /sbin/iscsiadm" returned: 0 in 0.006s {{(pid=70538) execute /opt/stack/data/venv/lib/python3.10/site-packages/oslo_concurrency/processutils.py:428}}
Aug 27 22:42:54.563667 np0000032596 devstack@n-api.service[70537]: WARNING keystonemiddleware.auth_token [None req-33d9ad3e-3cc6-4a48-addf-ebc8cbbf796f None None] AuthToken middleware is set with keystone_authtoken.service_token_roles_required set to False. This is backwards compatible but deprecated behaviour. Please set this to True.
Aug 27 22:42:54.564068 np0000032596 devstack@n-api.service[70538]: WARNING keystonemiddleware.auth_token [None req-69488393-5b4f-435d-8d2b-f514b801fd69 None None] AuthToken middleware is set with keystone_authtoken.service_token_roles_required set to False. This is backwards compatible but deprecated behaviour. Please set this to True.
Aug 27 22:42:54.567064 np0000032596 devstack@n-api.service[70537]: WARNING keystonemiddleware.auth_token [None req-33d9ad3e-3cc6-4a48-addf-ebc8cbbf796f None None] Configuring www_authenticate_uri to point to the public identity endpoint is required; clients may not be able to authenticate against an admin endpoint
Aug 27 22:42:54.567824 np0000032596 devstack@n-api.service[70538]: WARNING keystonemiddleware.auth_token [None req-69488393-5b4f-435d-8d2b-f514b801fd69 None None] Configuring www_authenticate_uri to point to the public identity endpoint is required; clients may not be able to authenticate against an admin endpoint
Aug 27 22:42:54.638722 np0000032596 devstack@n-api.service[70538]: WARNING keystonemiddleware.auth_token [None req-69488393-5b4f-435d-8d2b-f514b801fd69 None None] AuthToken middleware is set with keystone_authtoken.service_token_roles_required set to False. This is backwards compatible but deprecated behaviour. Please set this to True.
Aug 27 22:42:54.641074 np0000032596 devstack@n-api.service[70538]: WARNING keystonemiddleware.auth_token [None req-69488393-5b4f-435d-8d2b-f514b801fd69 None None] Configuring www_authenticate_uri to point to the public identity endpoint is required; clients may not be able to authenticate against an admin endpoint
Aug 27 22:42:54.643088 np0000032596 devstack@n-api.service[70538]: WSGI app 0 (mountpoint='') ready in 2 seconds on interpreter 0x560f64cced70 pid: 70538 (default app)
Aug 27 22:42:54.644080 np0000032596 devstack@n-api.service[70538]: DEBUG nova.api.openstack.wsgi [None req-69488393-5b4f-435d-8d2b-f514b801fd69 None None] Calling method '<bound method VersionsV2.index of <nova.api.openstack.compute.versions.VersionsV2 object at 0x7fd6f43170d0>>' {{(pid=70538) _process_stack /opt/stack/nova/nova/api/openstack/wsgi.py:520}}
Aug 27 22:42:54.645843 np0000032596 devstack@n-api.service[70538]: INFO nova.api.openstack.requestlog [None req-69488393-5b4f-435d-8d2b-f514b801fd69 None None] 192.168.1.143 "GET /compute/v2.1/" status: 200 len: 390 microversion: 2.1 time: 0.001984
Aug 27 22:42:54.646081 np0000032596 devstack@n-api.service[70538]: [pid: 70538|app: 0|req: 1/1] 192.168.1.143 () {50 vars in 783 bytes} [Wed Aug 27 22:42:54 2025] GET /compute/v2.1/ => generated 390 bytes in 2 msecs (HTTP/1.1 200) 9 headers in 357 bytes (1 switches on core 0)
Aug 27 22:42:54.647581 np0000032596 devstack@n-api.service[70537]: WARNING keystonemiddleware.auth_token [None req-33d9ad3e-3cc6-4a48-addf-ebc8cbbf796f None None] AuthToken middleware is set with keystone_authtoken.service_token_roles_required set to False. This is backwards compatible but deprecated behaviour. Please set this to True.
Aug 27 22:42:54.649857 np0000032596 devstack@n-api.service[70537]: WARNING keystonemiddleware.auth_token [None req-33d9ad3e-3cc6-4a48-addf-ebc8cbbf796f None None] Configuring www_authenticate_uri to point to the public identity endpoint is required; clients may not be able to authenticate against an admin endpoint
Aug 27 22:42:54.651762 np0000032596 devstack@n-api.service[70537]: WSGI app 0 (mountpoint='') ready in 2 seconds on interpreter 0x560f64cced70 pid: 70537 (default app)
Aug 27 22:43:33.568111 np0000032596 devstack@n-api.service[70538]: DEBUG nova.api.openstack.wsgi [None req-69488393-5b4f-435d-8d2b-f514b801fd69 None None] Calling method '<bound method VersionsV2.index of <nova.api.openstack.compute.versions.VersionsV2 object at 0x7fd6f43170d0>>' {{(pid=70538) _process_stack /opt/stack/nova/nova/api/openstack/wsgi.py:520}}
Aug 27 22:43:33.569740 np0000032596 devstack@n-api.service[70538]: INFO nova.api.openstack.requestlog [None req-69488393-5b4f-435d-8d2b-f514b801fd69 None None] 192.168.1.143 "GET /compute/v2.1" status: 200 len: 391 microversion: 2.1 time: 0.001901
Aug 27 22:43:33.569917 np0000032596 devstack@n-api.service[70538]: [pid: 70538|app: 0|req: 2/2] 192.168.1.143 () {62 vars in 1067 bytes} [Wed Aug 27 22:43:33 2025] GET /compute/v2.1 => generated 391 bytes in 2 msecs (HTTP/1.1 200) 9 headers in 357 bytes (1 switches on core 0)
Aug 27 22:43:33.579002 np0000032596 devstack@n-api.service[70537]: DEBUG dbcounter [-] [70537] Writing DB stats nova_api:SELECT=1 {{(pid=70537) stat_writer /opt/stack/data/venv/lib/python3.10/site-packages/dbcounter.py:115}}
Aug 27 22:43:33.579550 np0000032596 devstack@n-api.service[70537]: DEBUG dbcounter [-] [70537] Writing DB stats nova_cell0:SELECT=1 {{(pid=70537) stat_writer /opt/stack/data/venv/lib/python3.10/site-packages/dbcounter.py:115}}
Aug 27 22:43:33.579899 np0000032596 devstack@n-api.service[70537]: DEBUG dbcounter [-] [70537] Writing DB stats nova_cell1:SELECT=1 {{(pid=70537) stat_writer /opt/stack/data/venv/lib/python3.10/site-packages/dbcounter.py:115}}
Aug 27 22:43:33.580210 np0000032596 devstack@n-api.service[70537]: DEBUG dbcounter [-] [70537] Writing DB stats nova_cell0:SELECT=2,nova_cell0:INSERT=1 {{(pid=70537) stat_writer /opt/stack/data/venv/lib/python3.10/site-packages/dbcounter.py:115}}
Aug 27 22:43:33.699308 np0000032596 devstack@n-api.service[70537]: DEBUG nova.api.openstack.wsgi [None req-0ecd8bdc-dccb-4f29-9d22-0c16dfc156a2 admin admin] Calling method '<bound method FlavorsController.detail of <nova.api.openstack.compute.flavors.FlavorsController object at 0x7fd6f3e0a410>>' {{(pid=70537) _process_stack /opt/stack/nova/nova/api/openstack/wsgi.py:520}}
Aug 27 22:43:33.713769 np0000032596 devstack@n-api.service[70537]: INFO nova.api.openstack.requestlog [None req-0ecd8bdc-dccb-4f29-9d22-0c16dfc156a2 admin admin] 192.168.1.143 "GET /compute/v2.1/flavors/detail?is_public=True" status: 200 len: 15 microversion: 2.61 time: 0.137688
Aug 27 22:43:33.714039 np0000032596 devstack@n-api.service[70537]: [pid: 70537|app: 0|req: 1/3] 192.168.1.143 () {68 vars in 1428 bytes} [Wed Aug 27 22:43:33 2025] GET /compute/v2.1/flavors/detail?is_public=True => generated 15 bytes in 139 msecs (HTTP/1.1 200) 9 headers in 358 bytes (1 switches on core 0)
Aug 27 22:43:33.800615 np0000032596 devstack@n-api.service[70538]: DEBUG nova.api.openstack.wsgi [None req-69488393-5b4f-435d-8d2b-f514b801fd69 None None] Calling method '<bound method VersionsV2.index of <nova.api.openstack.compute.versions.VersionsV2 object at 0x7fd6f43170d0>>' {{(pid=70538) _process_stack /opt/stack/nova/nova/api/openstack/wsgi.py:520}}
Aug 27 22:43:33.802778 np0000032596 devstack@n-api.service[70538]: INFO nova.api.openstack.requestlog [None req-69488393-5b4f-435d-8d2b-f514b801fd69 None None] 192.168.1.143 "GET /compute/v2.1" status: 200 len: 391 microversion: 2.1 time: 0.002279
Aug 27 22:43:33.802960 np0000032596 devstack@n-api.service[70538]: [pid: 70538|app: 0|req: 3/4] 192.168.1.143 () {62 vars in 1067 bytes} [Wed Aug 27 22:43:33 2025] GET /compute/v2.1 => generated 391 bytes in 3 msecs (HTTP/1.1 200) 9 headers in 357 bytes (1 switches on core 0)
Aug 27 22:43:33.836082 np0000032596 devstack@n-api.service[70537]: DEBUG nova.api.openstack.wsgi [None req-7a23d4a2-0b4c-4107-a0d9-f5916d1ff053 admin admin] Action: 'create', calling method: <bound method FlavorsController.create of <nova.api.openstack.compute.flavors.FlavorsController object at 0x7fd6f3e09e70>>, body: {"flavor": {"vcpus": 1, "disk": 1, "name": "cirros256", "OS-FLV-EXT-DATA:ephemeral": 0, "rxtx_factor": 1.0, "os-flavor-access:is_public": true, "id": "c1", "swap": 0, "ram": 256}} {{(pid=70537) _process_stack /opt/stack/nova/nova/api/openstack/wsgi.py:518}}
Aug 27 22:43:33.862599 np0000032596 devstack@n-api.service[70537]: INFO nova.api.openstack.requestlog [None req-7a23d4a2-0b4c-4107-a0d9-f5916d1ff053 admin admin] 192.168.1.143 "POST /compute/v2.1/flavors" status: 200 len: 413 microversion: 2.61 time: 0.049362
Aug 27 22:43:33.862864 np0000032596 devstack@n-api.service[70537]: [pid: 70537|app: 0|req: 2/5] 192.168.1.143 () {72 vars in 1419 bytes} [Wed Aug 27 22:43:33 2025] POST /compute/v2.1/flavors => generated 413 bytes in 50 msecs (HTTP/1.1 200) 9 headers in 359 bytes (1 switches on core 0)
Aug 27 22:43:33.873128 np0000032596 devstack@n-api.service[70538]: DEBUG dbcounter [-] [70538] Writing DB stats nova_api:SELECT=1 {{(pid=70538) stat_writer /opt/stack/data/venv/lib/python3.10/site-packages/dbcounter.py:115}}
Aug 27 22:43:33.873755 np0000032596 devstack@n-api.service[70538]: DEBUG dbcounter [-] [70538] Writing DB stats nova_cell0:SELECT=1 {{(pid=70538) stat_writer /opt/stack/data/venv/lib/python3.10/site-packages/dbcounter.py:115}}
Aug 27 22:43:33.874156 np0000032596 devstack@n-api.service[70538]: DEBUG dbcounter [-] [70538] Writing DB stats nova_cell1:SELECT=1 {{(pid=70538) stat_writer /opt/stack/data/venv/lib/python3.10/site-packages/dbcounter.py:115}}
Aug 27 22:43:33.874545 np0000032596 devstack@n-api.service[70538]: DEBUG dbcounter [-] [70538] Writing DB stats nova_cell0:SELECT=1 {{(pid=70538) stat_writer /opt/stack/data/venv/lib/python3.10/site-packages/dbcounter.py:115}}
Aug 27 22:43:33.950669 np0000032596 devstack@n-api.service[70538]: DEBUG nova.api.openstack.wsgi [None req-1e9190c8-6883-49f5-bf16-5909b4ae5944 admin admin] Action: 'create', calling method: <bound method FlavorExtraSpecsController.create of <nova.api.openstack.compute.flavors_extraspecs.FlavorExtraSpecsController object at 0x7fd6f3ff45e0>>, body: {"extra_specs": {"hw_rng:allowed": "True"}} {{(pid=70538) _process_stack /opt/stack/nova/nova/api/openstack/wsgi.py:518}}
Aug 27 22:43:33.984911 np0000032596 devstack@n-api.service[70538]: INFO nova.api.openstack.requestlog [None req-1e9190c8-6883-49f5-bf16-5909b4ae5944 admin admin] 192.168.1.143 "POST /compute/v2.1/flavors/c1/os-extra_specs" status: 200 len: 43 microversion: 2.61 time: 0.114761
Aug 27 22:43:33.985166 np0000032596 devstack@n-api.service[70538]: [pid: 70538|app: 0|req: 4/6] 192.168.1.143 () {72 vars in 1472 bytes} [Wed Aug 27 22:43:33 2025] POST /compute/v2.1/flavors/c1/os-extra_specs => generated 43 bytes in 115 msecs (HTTP/1.1 200) 9 headers in 358 bytes (1 switches on core 0)
Aug 27 22:43:34.074945 np0000032596 devstack@n-api.service[70537]: DEBUG nova.api.openstack.wsgi [None req-7a23d4a2-0b4c-4107-a0d9-f5916d1ff053 admin admin] Calling method '<bound method VersionsV2.index of <nova.api.openstack.compute.versions.VersionsV2 object at 0x7fd6f4461b10>>' {{(pid=70537) _process_stack /opt/stack/nova/nova/api/openstack/wsgi.py:520}}
Aug 27 22:43:34.076507 np0000032596 devstack@n-api.service[70537]: INFO nova.api.openstack.requestlog [None req-7a23d4a2-0b4c-4107-a0d9-f5916d1ff053 admin admin] 192.168.1.143 "GET /compute/v2.1" status: 200 len: 391 microversion: 2.1 time: 0.001749
Aug 27 22:43:34.076689 np0000032596 devstack@n-api.service[70537]: [pid: 70537|app: 0|req: 3/7] 192.168.1.143 () {62 vars in 1067 bytes} [Wed Aug 27 22:43:34 2025] GET /compute/v2.1 => generated 391 bytes in 2 msecs (HTTP/1.1 200) 9 headers in 357 bytes (1 switches on core 0)
Aug 27 22:43:34.137161 np0000032596 devstack@n-api.service[70538]: DEBUG nova.api.openstack.wsgi [None req-c5cbdb26-c0fb-4df9-966b-4b3e0356c16c admin admin] Action: 'create', calling method: <bound method FlavorsController.create of <nova.api.openstack.compute.flavors.FlavorsController object at 0x7fd6f3ff4fd0>>, body: {"flavor": {"vcpus": 1, "disk": 5, "name": "ds512M", "OS-FLV-EXT-DATA:ephemeral": 0, "rxtx_factor": 1.0, "os-flavor-access:is_public": true, "id": "d1", "swap": 0, "ram": 512}} {{(pid=70538) _process_stack /opt/stack/nova/nova/api/openstack/wsgi.py:518}}
Aug 27 22:43:34.161524 np0000032596 devstack@n-api.service[70538]: INFO nova.api.openstack.requestlog [None req-c5cbdb26-c0fb-4df9-966b-4b3e0356c16c admin admin] 192.168.1.143 "POST /compute/v2.1/flavors" status: 200 len: 410 microversion: 2.61 time: 0.079487
Aug 27 22:43:34.161767 np0000032596 devstack@n-api.service[70538]: [pid: 70538|app: 0|req: 5/8] 192.168.1.143 () {72 vars in 1419 bytes} [Wed Aug 27 22:43:34 2025] POST /compute/v2.1/flavors => generated 410 bytes in 80 msecs (HTTP/1.1 200) 9 headers in 359 bytes (1 switches on core 0)
Aug 27 22:43:34.170571 np0000032596 devstack@n-api.service[70537]: DEBUG nova.api.openstack.wsgi [None req-ebbc49f3-6837-4f0c-998c-e9760955e300 admin admin] Action: 'create', calling method: <bound method FlavorExtraSpecsController.create of <nova.api.openstack.compute.flavors_extraspecs.FlavorExtraSpecsController object at 0x7fd6f3e0b130>>, body: {"extra_specs": {"hw_rng:allowed": "True"}} {{(pid=70537) _process_stack /opt/stack/nova/nova/api/openstack/wsgi.py:518}}
Aug 27 22:43:34.187225 np0000032596 devstack@n-api.service[70537]: INFO nova.api.openstack.requestlog [None req-ebbc49f3-6837-4f0c-998c-e9760955e300 admin admin] 192.168.1.143 "POST /compute/v2.1/flavors/d1/os-extra_specs" status: 200 len: 43 microversion: 2.61 time: 0.018398
Aug 27 22:43:34.187473 np0000032596 devstack@n-api.service[70537]: [pid: 70537|app: 0|req: 4/9] 192.168.1.143 () {72 vars in 1472 bytes} [Wed Aug 27 22:43:34 2025] POST /compute/v2.1/flavors/d1/os-extra_specs => generated 43 bytes in 19 msecs (HTTP/1.1 200) 9 headers in 358 bytes (1 switches on core 0)
Aug 27 22:43:34.287288 np0000032596 devstack@n-api.service[70538]: DEBUG nova.api.openstack.wsgi [None req-c5cbdb26-c0fb-4df9-966b-4b3e0356c16c admin admin] Calling method '<bound method VersionsV2.index of <nova.api.openstack.compute.versions.VersionsV2 object at 0x7fd6f43170d0>>' {{(pid=70538) _process_stack /opt/stack/nova/nova/api/openstack/wsgi.py:520}}
Aug 27 22:43:34.288840 np0000032596 devstack@n-api.service[70538]: INFO nova.api.openstack.requestlog [None req-c5cbdb26-c0fb-4df9-966b-4b3e0356c16c admin admin] 192.168.1.143 "GET /compute/v2.1" status: 200 len: 391 microversion: 2.1 time: 0.001739
Aug 27 22:43:34.289039 np0000032596 devstack@n-api.service[70538]: [pid: 70538|app: 0|req: 6/10] 192.168.1.143 () {62 vars in 1067 bytes} [Wed Aug 27 22:43:34 2025] GET /compute/v2.1 => generated 391 bytes in 2 msecs (HTTP/1.1 200) 9 headers in 357 bytes (1 switches on core 0)
Aug 27 22:43:34.315969 np0000032596 devstack@n-api.service[70537]: DEBUG nova.api.openstack.wsgi [None req-e1b9bad0-7e55-435f-a3b1-2bbb9a48946b admin admin] Action: 'create', calling method: <bound method FlavorsController.create of <nova.api.openstack.compute.flavors.FlavorsController object at 0x7fd6f3e09e70>>, body: {"flavor": {"vcpus": 1, "disk": 10, "name": "ds1G", "OS-FLV-EXT-DATA:ephemeral": 0, "rxtx_factor": 1.0, "os-flavor-access:is_public": true, "id": "d2", "swap": 0, "ram": 1024}} {{(pid=70537) _process_stack /opt/stack/nova/nova/api/openstack/wsgi.py:518}}
Aug 27 22:43:34.328600 np0000032596 devstack@n-api.service[70537]: INFO nova.api.openstack.requestlog [None req-e1b9bad0-7e55-435f-a3b1-2bbb9a48946b admin admin] 192.168.1.143 "POST /compute/v2.1/flavors" status: 200 len: 410 microversion: 2.61 time: 0.034328
Aug 27 22:43:34.328840 np0000032596 devstack@n-api.service[70537]: [pid: 70537|app: 0|req: 5/11] 192.168.1.143 () {72 vars in 1419 bytes} [Wed Aug 27 22:43:34 2025] POST /compute/v2.1/flavors => generated 410 bytes in 35 msecs (HTTP/1.1 200) 9 headers in 359 bytes (1 switches on core 0)
Aug 27 22:43:34.338112 np0000032596 devstack@n-api.service[70538]: DEBUG nova.api.openstack.wsgi [None req-cafeb852-a64b-44f1-b862-0f0161b2e279 admin admin] Action: 'create', calling method: <bound method FlavorExtraSpecsController.create of <nova.api.openstack.compute.flavors_extraspecs.FlavorExtraSpecsController object at 0x7fd6f3ff45e0>>, body: {"extra_specs": {"hw_rng:allowed": "True"}} {{(pid=70538) _process_stack /opt/stack/nova/nova/api/openstack/wsgi.py:518}}
Aug 27 22:43:34.350554 np0000032596 devstack@n-api.service[70538]: INFO nova.api.openstack.requestlog [None req-cafeb852-a64b-44f1-b862-0f0161b2e279 admin admin] 192.168.1.143 "POST /compute/v2.1/flavors/d2/os-extra_specs" status: 200 len: 43 microversion: 2.61 time: 0.014192
Aug 27 22:43:34.351010 np0000032596 devstack@n-api.service[70538]: [pid: 70538|app: 0|req: 7/12] 192.168.1.143 () {72 vars in 1472 bytes} [Wed Aug 27 22:43:34 2025] POST /compute/v2.1/flavors/d2/os-extra_specs => generated 43 bytes in 14 msecs (HTTP/1.1 200) 9 headers in 358 bytes (1 switches on core 0)
Aug 27 22:43:34.447549 np0000032596 devstack@n-api.service[70537]: DEBUG nova.api.openstack.wsgi [None req-e1b9bad0-7e55-435f-a3b1-2bbb9a48946b admin admin] Calling method '<bound method VersionsV2.index of <nova.api.openstack.compute.versions.VersionsV2 object at 0x7fd6f4461b10>>' {{(pid=70537) _process_stack /opt/stack/nova/nova/api/openstack/wsgi.py:520}}
Aug 27 22:43:34.449207 np0000032596 devstack@n-api.service[70537]: INFO nova.api.openstack.requestlog [None req-e1b9bad0-7e55-435f-a3b1-2bbb9a48946b admin admin] 192.168.1.143 "GET /compute/v2.1" status: 200 len: 391 microversion: 2.1 time: 0.001823
Aug 27 22:43:34.449414 np0000032596 devstack@n-api.service[70537]: [pid: 70537|app: 0|req: 6/13] 192.168.1.143 () {62 vars in 1067 bytes} [Wed Aug 27 22:43:34 2025] GET /compute/v2.1 => generated 391 bytes in 2 msecs (HTTP/1.1 200) 9 headers in 357 bytes (1 switches on core 0)
Aug 27 22:43:34.474432 np0000032596 devstack@n-api.service[70538]: DEBUG nova.api.openstack.wsgi [None req-0f7caf9a-0041-4030-b194-3d54753c9b62 admin admin] Action: 'create', calling method: <bound method FlavorsController.create of <nova.api.openstack.compute.flavors.FlavorsController object at 0x7fd6f3ff4fd0>>, body: {"flavor": {"vcpus": 2, "disk": 10, "name": "ds2G", "OS-FLV-EXT-DATA:ephemeral": 0, "rxtx_factor": 1.0, "os-flavor-access:is_public": true, "id": "d3", "swap": 0, "ram": 2048}} {{(pid=70538) _process_stack /opt/stack/nova/nova/api/openstack/wsgi.py:518}}
Aug 27 22:43:34.483949 np0000032596 devstack@n-api.service[70538]: INFO nova.api.openstack.requestlog [None req-0f7caf9a-0041-4030-b194-3d54753c9b62 admin admin] 192.168.1.143 "POST /compute/v2.1/flavors" status: 200 len: 410 microversion: 2.61 time: 0.028959
Aug 27 22:43:34.484279 np0000032596 devstack@n-api.service[70538]: [pid: 70538|app: 0|req: 8/14] 192.168.1.143 () {72 vars in 1419 bytes} [Wed Aug 27 22:43:34 2025] POST /compute/v2.1/flavors => generated 410 bytes in 29 msecs (HTTP/1.1 200) 9 headers in 359 bytes (1 switches on core 0)
Aug 27 22:43:34.492566 np0000032596 devstack@n-api.service[70537]: DEBUG nova.api.openstack.wsgi [None req-2cd71bdd-aa9d-4bb1-9fa5-dd1fad9db609 admin admin] Action: 'create', calling method: <bound method FlavorExtraSpecsController.create of <nova.api.openstack.compute.flavors_extraspecs.FlavorExtraSpecsController object at 0x7fd6f3e0b130>>, body: {"extra_specs": {"hw_rng:allowed": "True"}} {{(pid=70537) _process_stack /opt/stack/nova/nova/api/openstack/wsgi.py:518}}
Aug 27 22:43:34.511575 np0000032596 devstack@n-api.service[70537]: INFO nova.api.openstack.requestlog [None req-2cd71bdd-aa9d-4bb1-9fa5-dd1fad9db609 admin admin] 192.168.1.143 "POST /compute/v2.1/flavors/d3/os-extra_specs" status: 200 len: 43 microversion: 2.61 time: 0.020607
Aug 27 22:43:34.511936 np0000032596 devstack@n-api.service[70537]: [pid: 70537|app: 0|req: 7/15] 192.168.1.143 () {72 vars in 1472 bytes} [Wed Aug 27 22:43:34 2025] POST /compute/v2.1/flavors/d3/os-extra_specs => generated 43 bytes in 21 msecs (HTTP/1.1 200) 9 headers in 358 bytes (1 switches on core 0)
Aug 27 22:43:34.607337 np0000032596 devstack@n-api.service[70538]: DEBUG nova.api.openstack.wsgi [None req-0f7caf9a-0041-4030-b194-3d54753c9b62 admin admin] Calling method '<bound method VersionsV2.index of <nova.api.openstack.compute.versions.VersionsV2 object at 0x7fd6f43170d0>>' {{(pid=70538) _process_stack /opt/stack/nova/nova/api/openstack/wsgi.py:520}}
Aug 27 22:43:34.608873 np0000032596 devstack@n-api.service[70538]: INFO nova.api.openstack.requestlog [None req-0f7caf9a-0041-4030-b194-3d54753c9b62 admin admin] 192.168.1.143 "GET /compute/v2.1" status: 200 len: 391 microversion: 2.1 time: 0.001731
Aug 27 22:43:34.609045 np0000032596 devstack@n-api.service[70538]: [pid: 70538|app: 0|req: 9/16] 192.168.1.143 () {62 vars in 1067 bytes} [Wed Aug 27 22:43:34 2025] GET /compute/v2.1 => generated 391 bytes in 2 msecs (HTTP/1.1 200) 9 headers in 357 bytes (1 switches on core 0)
Aug 27 22:43:34.637524 np0000032596 devstack@n-api.service[70537]: DEBUG nova.api.openstack.wsgi [None req-fccf3816-ea12-48a1-90f4-61abaa4960ba admin admin] Action: 'create', calling method: <bound method FlavorsController.create of <nova.api.openstack.compute.flavors.FlavorsController object at 0x7fd6f3e09e70>>, body: {"flavor": {"vcpus": 4, "disk": 20, "name": "ds4G", "OS-FLV-EXT-DATA:ephemeral": 0, "rxtx_factor": 1.0, "os-flavor-access:is_public": true, "id": "d4", "swap": 0, "ram": 4096}} {{(pid=70537) _process_stack /opt/stack/nova/nova/api/openstack/wsgi.py:518}}
Aug 27 22:43:34.647017 np0000032596 devstack@n-api.service[70537]: INFO nova.api.openstack.requestlog [None req-fccf3816-ea12-48a1-90f4-61abaa4960ba admin admin] 192.168.1.143 "POST /compute/v2.1/flavors" status: 200 len: 410 microversion: 2.61 time: 0.032443
Aug 27 22:43:34.647250 np0000032596 devstack@n-api.service[70537]: [pid: 70537|app: 0|req: 8/17] 192.168.1.143 () {72 vars in 1419 bytes} [Wed Aug 27 22:43:34 2025] POST /compute/v2.1/flavors => generated 410 bytes in 33 msecs (HTTP/1.1 200) 9 headers in 359 bytes (1 switches on core 0)
Aug 27 22:43:34.656244 np0000032596 devstack@n-api.service[70538]: DEBUG nova.api.openstack.wsgi [None req-64c021d5-8a4b-47da-a806-8b8d789bd4c0 admin admin] Action: 'create', calling method: <bound method FlavorExtraSpecsController.create of <nova.api.openstack.compute.flavors_extraspecs.FlavorExtraSpecsController object at 0x7fd6f3ff45e0>>, body: {"extra_specs": {"hw_rng:allowed": "True"}} {{(pid=70538) _process_stack /opt/stack/nova/nova/api/openstack/wsgi.py:518}}
Aug 27 22:43:34.668312 np0000032596 devstack@n-api.service[70538]: INFO nova.api.openstack.requestlog [None req-64c021d5-8a4b-47da-a806-8b8d789bd4c0 admin admin] 192.168.1.143 "POST /compute/v2.1/flavors/d4/os-extra_specs" status: 200 len: 43 microversion: 2.61 time: 0.013929
Aug 27 22:43:34.668739 np0000032596 devstack@n-api.service[70538]: [pid: 70538|app: 0|req: 10/18] 192.168.1.143 () {72 vars in 1472 bytes} [Wed Aug 27 22:43:34 2025] POST /compute/v2.1/flavors/d4/os-extra_specs => generated 43 bytes in 14 msecs (HTTP/1.1 200) 9 headers in 358 bytes (1 switches on core 0)
Aug 27 22:43:34.757607 np0000032596 devstack@n-api.service[70537]: DEBUG nova.api.openstack.wsgi [None req-fccf3816-ea12-48a1-90f4-61abaa4960ba admin admin] Calling method '<bound method VersionsV2.index of <nova.api.openstack.compute.versions.VersionsV2 object at 0x7fd6f4461b10>>' {{(pid=70537) _process_stack /opt/stack/nova/nova/api/openstack/wsgi.py:520}}
Aug 27 22:43:34.759116 np0000032596 devstack@n-api.service[70537]: INFO nova.api.openstack.requestlog [None req-fccf3816-ea12-48a1-90f4-61abaa4960ba admin admin] 192.168.1.143 "GET /compute/v2.1" status: 200 len: 391 microversion: 2.1 time: 0.001748
Aug 27 22:43:34.759292 np0000032596 devstack@n-api.service[70537]: [pid: 70537|app: 0|req: 9/19] 192.168.1.143 () {62 vars in 1067 bytes} [Wed Aug 27 22:43:34 2025] GET /compute/v2.1 => generated 391 bytes in 2 msecs (HTTP/1.1 200) 9 headers in 357 bytes (1 switches on core 0)
Aug 27 22:43:34.788576 np0000032596 devstack@n-api.service[70538]: DEBUG nova.api.openstack.wsgi [None req-43eb7f55-2cfa-46a9-8a40-c857bd280c29 admin admin] Calling method '<bound method FlavorsController.detail of <nova.api.openstack.compute.flavors.FlavorsController object at 0x7fd6f3ff5570>>' {{(pid=70538) _process_stack /opt/stack/nova/nova/api/openstack/wsgi.py:520}}
Aug 27 22:43:34.799941 np0000032596 devstack@n-api.service[70538]: INFO nova.api.openstack.requestlog [None req-43eb7f55-2cfa-46a9-8a40-c857bd280c29 admin admin] 192.168.1.143 "GET /compute/v2.1/flavors/detail?is_public=True" status: 200 len: 2136 microversion: 2.61 time: 0.035138
Aug 27 22:43:34.800171 np0000032596 devstack@n-api.service[70538]: [pid: 70538|app: 0|req: 11/20] 192.168.1.143 () {68 vars in 1428 bytes} [Wed Aug 27 22:43:34 2025] GET /compute/v2.1/flavors/detail?is_public=True => generated 2136 bytes in 35 msecs (HTTP/1.1 200) 9 headers in 360 bytes (1 switches on core 0)
Aug 27 22:43:34.890058 np0000032596 devstack@n-api.service[70537]: DEBUG nova.api.openstack.wsgi [None req-fccf3816-ea12-48a1-90f4-61abaa4960ba admin admin] Calling method '<bound method VersionsV2.index of <nova.api.openstack.compute.versions.VersionsV2 object at 0x7fd6f4461b10>>' {{(pid=70537) _process_stack /opt/stack/nova/nova/api/openstack/wsgi.py:520}}
Aug 27 22:43:34.891548 np0000032596 devstack@n-api.service[70537]: INFO nova.api.openstack.requestlog [None req-fccf3816-ea12-48a1-90f4-61abaa4960ba admin admin] 192.168.1.143 "GET /compute/v2.1" status: 200 len: 391 microversion: 2.1 time: 0.001684
Aug 27 22:43:34.891729 np0000032596 devstack@n-api.service[70537]: [pid: 70537|app: 0|req: 10/21] 192.168.1.143 () {62 vars in 1067 bytes} [Wed Aug 27 22:43:34 2025] GET /compute/v2.1 => generated 391 bytes in 2 msecs (HTTP/1.1 200) 9 headers in 357 bytes (1 switches on core 0)
Aug 27 22:43:34.916333 np0000032596 devstack@n-api.service[70538]: DEBUG nova.api.openstack.wsgi [None req-07123a57-53ff-42e7-919e-add5fdd580ce admin admin] Action: 'create', calling method: <bound method FlavorsController.create of <nova.api.openstack.compute.flavors.FlavorsController object at 0x7fd6f3ff4fd0>>, body: {"flavor": {"vcpus": 1, "disk": 1, "name": "m1.tiny", "OS-FLV-EXT-DATA:ephemeral": 0, "rxtx_factor": 1.0, "os-flavor-access:is_public": true, "id": "1", "swap": 0, "ram": 512}} {{(pid=70538) _process_stack /opt/stack/nova/nova/api/openstack/wsgi.py:518}}
Aug 27 22:43:34.926478 np0000032596 devstack@n-api.service[70538]: INFO nova.api.openstack.requestlog [None req-07123a57-53ff-42e7-919e-add5fdd580ce admin admin] 192.168.1.143 "POST /compute/v2.1/flavors" status: 200 len: 408 microversion: 2.61 time: 0.029317
Aug 27 22:43:34.926707 np0000032596 devstack@n-api.service[70538]: [pid: 70538|app: 0|req: 12/22] 192.168.1.143 () {72 vars in 1419 bytes} [Wed Aug 27 22:43:34 2025] POST /compute/v2.1/flavors => generated 408 bytes in 30 msecs (HTTP/1.1 200) 9 headers in 359 bytes (1 switches on core 0)
Aug 27 22:43:34.935332 np0000032596 devstack@n-api.service[70537]: DEBUG nova.api.openstack.wsgi [None req-5de2de2c-e599-40ed-839b-c43c23c9c9c5 admin admin] Action: 'create', calling method: <bound method FlavorExtraSpecsController.create of <nova.api.openstack.compute.flavors_extraspecs.FlavorExtraSpecsController object at 0x7fd6f3e0b130>>, body: {"extra_specs": {"hw_rng:allowed": "True"}} {{(pid=70537) _process_stack /opt/stack/nova/nova/api/openstack/wsgi.py:518}}
Aug 27 22:43:34.947130 np0000032596 devstack@n-api.service[70537]: INFO nova.api.openstack.requestlog [None req-5de2de2c-e599-40ed-839b-c43c23c9c9c5 admin admin] 192.168.1.143 "POST /compute/v2.1/flavors/1/os-extra_specs" status: 200 len: 43 microversion: 2.61 time: 0.013551
Aug 27 22:43:34.947364 np0000032596 devstack@n-api.service[70537]: [pid: 70537|app: 0|req: 11/23] 192.168.1.143 () {72 vars in 1469 bytes} [Wed Aug 27 22:43:34 2025] POST /compute/v2.1/flavors/1/os-extra_specs => generated 43 bytes in 14 msecs (HTTP/1.1 200) 9 headers in 358 bytes (1 switches on core 0)
Aug 27 22:43:35.034907 np0000032596 devstack@n-api.service[70538]: DEBUG nova.api.openstack.wsgi [None req-07123a57-53ff-42e7-919e-add5fdd580ce admin admin] Calling method '<bound method VersionsV2.index of <nova.api.openstack.compute.versions.VersionsV2 object at 0x7fd6f43170d0>>' {{(pid=70538) _process_stack /opt/stack/nova/nova/api/openstack/wsgi.py:520}}
Aug 27 22:43:35.037029 np0000032596 devstack@n-api.service[70538]: INFO nova.api.openstack.requestlog [None req-07123a57-53ff-42e7-919e-add5fdd580ce admin admin] 192.168.1.143 "GET /compute/v2.1" status: 200 len: 391 microversion: 2.1 time: 0.002277
Aug 27 22:43:35.037284 np0000032596 devstack@n-api.service[70538]: [pid: 70538|app: 0|req: 13/24] 192.168.1.143 () {62 vars in 1067 bytes} [Wed Aug 27 22:43:35 2025] GET /compute/v2.1 => generated 391 bytes in 3 msecs (HTTP/1.1 200) 9 headers in 357 bytes (1 switches on core 0)
Aug 27 22:43:35.068117 np0000032596 devstack@n-api.service[70537]: DEBUG nova.api.openstack.wsgi [None req-ab153e41-6103-422c-a209-ae28426dcc42 admin admin] Action: 'create', calling method: <bound method FlavorsController.create of <nova.api.openstack.compute.flavors.FlavorsController object at 0x7fd6f3e09e70>>, body: {"flavor": {"vcpus": 1, "disk": 20, "name": "m1.small", "OS-FLV-EXT-DATA:ephemeral": 0, "rxtx_factor": 1.0, "os-flavor-access:is_public": true, "id": "2", "swap": 0, "ram": 2048}} {{(pid=70537) _process_stack /opt/stack/nova/nova/api/openstack/wsgi.py:518}}
Aug 27 22:43:35.078598 np0000032596 devstack@n-api.service[70537]: INFO nova.api.openstack.requestlog [None req-ab153e41-6103-422c-a209-ae28426dcc42 admin admin] 192.168.1.143 "POST /compute/v2.1/flavors" status: 200 len: 411 microversion: 2.61 time: 0.035354
Aug 27 22:43:35.078849 np0000032596 devstack@n-api.service[70537]: [pid: 70537|app: 0|req: 12/25] 192.168.1.143 () {72 vars in 1419 bytes} [Wed Aug 27 22:43:35 2025] POST /compute/v2.1/flavors => generated 411 bytes in 36 msecs (HTTP/1.1 200) 9 headers in 359 bytes (1 switches on core 0)
Aug 27 22:43:35.091834 np0000032596 devstack@n-api.service[70538]: DEBUG nova.api.openstack.wsgi [None req-763eea05-483d-427a-9397-3ca1d13ea99f admin admin] Action: 'create', calling method: <bound method FlavorExtraSpecsController.create of <nova.api.openstack.compute.flavors_extraspecs.FlavorExtraSpecsController object at 0x7fd6f3ff45e0>>, body: {"extra_specs": {"hw_rng:allowed": "True"}} {{(pid=70538) _process_stack /opt/stack/nova/nova/api/openstack/wsgi.py:518}}
Aug 27 22:43:35.104106 np0000032596 devstack@n-api.service[70538]: INFO nova.api.openstack.requestlog [None req-763eea05-483d-427a-9397-3ca1d13ea99f admin admin] 192.168.1.143 "POST /compute/v2.1/flavors/2/os-extra_specs" status: 200 len: 43 microversion: 2.61 time: 0.014160
Aug 27 22:43:35.104514 np0000032596 devstack@n-api.service[70538]: [pid: 70538|app: 0|req: 14/26] 192.168.1.143 () {72 vars in 1469 bytes} [Wed Aug 27 22:43:35 2025] POST /compute/v2.1/flavors/2/os-extra_specs => generated 43 bytes in 15 msecs (HTTP/1.1 200) 9 headers in 358 bytes (1 switches on core 0)
Aug 27 22:43:35.198389 np0000032596 devstack@n-api.service[70537]: DEBUG nova.api.openstack.wsgi [None req-ab153e41-6103-422c-a209-ae28426dcc42 admin admin] Calling method '<bound method VersionsV2.index of <nova.api.openstack.compute.versions.VersionsV2 object at 0x7fd6f4461b10>>' {{(pid=70537) _process_stack /opt/stack/nova/nova/api/openstack/wsgi.py:520}}
Aug 27 22:43:35.199953 np0000032596 devstack@n-api.service[70537]: INFO nova.api.openstack.requestlog [None req-ab153e41-6103-422c-a209-ae28426dcc42 admin admin] 192.168.1.143 "GET /compute/v2.1" status: 200 len: 391 microversion: 2.1 time: 0.001745
Aug 27 22:43:35.200131 np0000032596 devstack@n-api.service[70537]: [pid: 70537|app: 0|req: 13/27] 192.168.1.143 () {62 vars in 1067 bytes} [Wed Aug 27 22:43:35 2025] GET /compute/v2.1 => generated 391 bytes in 2 msecs (HTTP/1.1 200) 9 headers in 357 bytes (1 switches on core 0)
Aug 27 22:43:35.234475 np0000032596 devstack@n-api.service[70538]: DEBUG nova.api.openstack.wsgi [None req-fd33df2a-bdb9-4431-b379-bd1dfe962711 admin admin] Action: 'create', calling method: <bound method FlavorsController.create of <nova.api.openstack.compute.flavors.FlavorsController object at 0x7fd6f3ff4fd0>>, body: {"flavor": {"vcpus": 2, "disk": 40, "name": "m1.medium", "OS-FLV-EXT-DATA:ephemeral": 0, "rxtx_factor": 1.0, "os-flavor-access:is_public": true, "id": "3", "swap": 0, "ram": 4096}} {{(pid=70538) _process_stack /opt/stack/nova/nova/api/openstack/wsgi.py:518}}
Aug 27 22:43:35.245630 np0000032596 devstack@n-api.service[70538]: INFO nova.api.openstack.requestlog [None req-fd33df2a-bdb9-4431-b379-bd1dfe962711 admin admin] 192.168.1.143 "POST /compute/v2.1/flavors" status: 200 len: 412 microversion: 2.61 time: 0.039570
Aug 27 22:43:35.245900 np0000032596 devstack@n-api.service[70538]: [pid: 70538|app: 0|req: 15/28] 192.168.1.143 () {72 vars in 1419 bytes} [Wed Aug 27 22:43:35 2025] POST /compute/v2.1/flavors => generated 412 bytes in 40 msecs (HTTP/1.1 200) 9 headers in 359 bytes (1 switches on core 0)
Aug 27 22:43:35.255143 np0000032596 devstack@n-api.service[70537]: DEBUG nova.api.openstack.wsgi [None req-917d2c6a-76a7-494b-9204-1e5e4e8a211a admin admin] Action: 'create', calling method: <bound method FlavorExtraSpecsController.create of <nova.api.openstack.compute.flavors_extraspecs.FlavorExtraSpecsController object at 0x7fd6f3e0b130>>, body: {"extra_specs": {"hw_rng:allowed": "True"}} {{(pid=70537) _process_stack /opt/stack/nova/nova/api/openstack/wsgi.py:518}}
Aug 27 22:43:35.268001 np0000032596 devstack@n-api.service[70537]: INFO nova.api.openstack.requestlog [None req-917d2c6a-76a7-494b-9204-1e5e4e8a211a admin admin] 192.168.1.143 "POST /compute/v2.1/flavors/3/os-extra_specs" status: 200 len: 43 microversion: 2.61 time: 0.014654
Aug 27 22:43:35.268265 np0000032596 devstack@n-api.service[70537]: [pid: 70537|app: 0|req: 14/29] 192.168.1.143 () {72 vars in 1469 bytes} [Wed Aug 27 22:43:35 2025] POST /compute/v2.1/flavors/3/os-extra_specs => generated 43 bytes in 15 msecs (HTTP/1.1 200) 9 headers in 358 bytes (1 switches on core 0)
Aug 27 22:43:35.360384 np0000032596 devstack@n-api.service[70538]: DEBUG nova.api.openstack.wsgi [None req-fd33df2a-bdb9-4431-b379-bd1dfe962711 admin admin] Calling method '<bound method VersionsV2.index of <nova.api.openstack.compute.versions.VersionsV2 object at 0x7fd6f43170d0>>' {{(pid=70538) _process_stack /opt/stack/nova/nova/api/openstack/wsgi.py:520}}
Aug 27 22:43:35.362024 np0000032596 devstack@n-api.service[70538]: INFO nova.api.openstack.requestlog [None req-fd33df2a-bdb9-4431-b379-bd1dfe962711 admin admin] 192.168.1.143 "GET /compute/v2.1" status: 200 len: 391 microversion: 2.1 time: 0.001808
Aug 27 22:43:35.362206 np0000032596 devstack@n-api.service[70538]: [pid: 70538|app: 0|req: 16/30] 192.168.1.143 () {62 vars in 1067 bytes} [Wed Aug 27 22:43:35 2025] GET /compute/v2.1 => generated 391 bytes in 2 msecs (HTTP/1.1 200) 9 headers in 357 bytes (1 switches on core 0)
Aug 27 22:43:35.390471 np0000032596 devstack@n-api.service[70537]: DEBUG nova.api.openstack.wsgi [None req-4453e5d4-4da3-4d68-9ee2-9186ad56ea6b admin admin] Action: 'create', calling method: <bound method FlavorsController.create of <nova.api.openstack.compute.flavors.FlavorsController object at 0x7fd6f3e09e70>>, body: {"flavor": {"vcpus": 4, "disk": 80, "name": "m1.large", "OS-FLV-EXT-DATA:ephemeral": 0, "rxtx_factor": 1.0, "os-flavor-access:is_public": true, "id": "4", "swap": 0, "ram": 8192}} {{(pid=70537) _process_stack /opt/stack/nova/nova/api/openstack/wsgi.py:518}}
Aug 27 22:43:35.403067 np0000032596 devstack@n-api.service[70537]: INFO nova.api.openstack.requestlog [None req-4453e5d4-4da3-4d68-9ee2-9186ad56ea6b admin admin] 192.168.1.143 "POST /compute/v2.1/flavors" status: 200 len: 411 microversion: 2.61 time: 0.034800
Aug 27 22:43:35.403300 np0000032596 devstack@n-api.service[70537]: [pid: 70537|app: 0|req: 15/31] 192.168.1.143 () {72 vars in 1419 bytes} [Wed Aug 27 22:43:35 2025] POST /compute/v2.1/flavors => generated 411 bytes in 35 msecs (HTTP/1.1 200) 9 headers in 359 bytes (1 switches on core 0)
Aug 27 22:43:35.413132 np0000032596 devstack@n-api.service[70538]: DEBUG nova.api.openstack.wsgi [None req-8892e956-5d76-4744-b099-776082ca47e9 admin admin] Action: 'create', calling method: <bound method FlavorExtraSpecsController.create of <nova.api.openstack.compute.flavors_extraspecs.FlavorExtraSpecsController object at 0x7fd6f3ff45e0>>, body: {"extra_specs": {"hw_rng:allowed": "True"}} {{(pid=70538) _process_stack /opt/stack/nova/nova/api/openstack/wsgi.py:518}}
Aug 27 22:43:35.428106 np0000032596 devstack@n-api.service[70538]: INFO nova.api.openstack.requestlog [None req-8892e956-5d76-4744-b099-776082ca47e9 admin admin] 192.168.1.143 "POST /compute/v2.1/flavors/4/os-extra_specs" status: 200 len: 43 microversion: 2.61 time: 0.016999
Aug 27 22:43:35.428370 np0000032596 devstack@n-api.service[70538]: [pid: 70538|app: 0|req: 17/32] 192.168.1.143 () {72 vars in 1469 bytes} [Wed Aug 27 22:43:35 2025] POST /compute/v2.1/flavors/4/os-extra_specs => generated 43 bytes in 17 msecs (HTTP/1.1 200) 9 headers in 358 bytes (1 switches on core 0)
Aug 27 22:43:35.521219 np0000032596 devstack@n-api.service[70537]: DEBUG nova.api.openstack.wsgi [None req-4453e5d4-4da3-4d68-9ee2-9186ad56ea6b admin admin] Calling method '<bound method VersionsV2.index of <nova.api.openstack.compute.versions.VersionsV2 object at 0x7fd6f4461b10>>' {{(pid=70537) _process_stack /opt/stack/nova/nova/api/openstack/wsgi.py:520}}
Aug 27 22:43:35.522789 np0000032596 devstack@n-api.service[70537]: INFO nova.api.openstack.requestlog [None req-4453e5d4-4da3-4d68-9ee2-9186ad56ea6b admin admin] 192.168.1.143 "GET /compute/v2.1" status: 200 len: 391 microversion: 2.1 time: 0.001750
Aug 27 22:43:35.522968 np0000032596 devstack@n-api.service[70537]: [pid: 70537|app: 0|req: 16/33] 192.168.1.143 () {62 vars in 1067 bytes} [Wed Aug 27 22:43:35 2025] GET /compute/v2.1 => generated 391 bytes in 2 msecs (HTTP/1.1 200) 9 headers in 357 bytes (1 switches on core 0)
Aug 27 22:43:35.553129 np0000032596 devstack@n-api.service[70538]: DEBUG nova.api.openstack.wsgi [None req-87c26109-f9cc-40af-bdea-16a788d75428 admin admin] Action: 'create', calling method: <bound method FlavorsController.create of <nova.api.openstack.compute.flavors.FlavorsController object at 0x7fd6f3ff4fd0>>, body: {"flavor": {"vcpus": 8, "disk": 160, "name": "m1.xlarge", "OS-FLV-EXT-DATA:ephemeral": 0, "rxtx_factor": 1.0, "os-flavor-access:is_public": true, "id": "5", "swap": 0, "ram": 16384}} {{(pid=70538) _process_stack /opt/stack/nova/nova/api/openstack/wsgi.py:518}}
Aug 27 22:43:35.567921 np0000032596 devstack@n-api.service[70538]: INFO nova.api.openstack.requestlog [None req-87c26109-f9cc-40af-bdea-16a788d75428 admin admin] 192.168.1.143 "POST /compute/v2.1/flavors" status: 200 len: 414 microversion: 2.61 time: 0.039311
Aug 27 22:43:35.568170 np0000032596 devstack@n-api.service[70538]: [pid: 70538|app: 0|req: 18/34] 192.168.1.143 () {72 vars in 1419 bytes} [Wed Aug 27 22:43:35 2025] POST /compute/v2.1/flavors => generated 414 bytes in 40 msecs (HTTP/1.1 200) 9 headers in 359 bytes (1 switches on core 0)
Aug 27 22:43:35.578215 np0000032596 devstack@n-api.service[70537]: DEBUG nova.api.openstack.wsgi [None req-d9d66693-1feb-4bd4-a022-d7c3452d7038 admin admin] Action: 'create', calling method: <bound method FlavorExtraSpecsController.create of <nova.api.openstack.compute.flavors_extraspecs.FlavorExtraSpecsController object at 0x7fd6f3e0b130>>, body: {"extra_specs": {"hw_rng:allowed": "True"}} {{(pid=70537) _process_stack /opt/stack/nova/nova/api/openstack/wsgi.py:518}}
Aug 27 22:43:35.595651 np0000032596 devstack@n-api.service[70537]: INFO nova.api.openstack.requestlog [None req-d9d66693-1feb-4bd4-a022-d7c3452d7038 admin admin] 192.168.1.143 "POST /compute/v2.1/flavors/5/os-extra_specs" status: 200 len: 43 microversion: 2.61 time: 0.019921
Aug 27 22:43:35.595780 np0000032596 devstack@n-api.service[70537]: [pid: 70537|app: 0|req: 17/35] 192.168.1.143 () {72 vars in 1469 bytes} [Wed Aug 27 22:43:35 2025] POST /compute/v2.1/flavors/5/os-extra_specs => generated 43 bytes in 20 msecs (HTTP/1.1 200) 9 headers in 358 bytes (1 switches on core 0)
Aug 27 22:43:39.948334 np0000032596 devstack@n-api.service[70538]: DEBUG nova.api.openstack.wsgi [None req-87c26109-f9cc-40af-bdea-16a788d75428 admin admin] Calling method '<bound method VersionsV2.index of <nova.api.openstack.compute.versions.VersionsV2 object at 0x7fd6f43170d0>>' {{(pid=70538) _process_stack /opt/stack/nova/nova/api/openstack/wsgi.py:520}}
Aug 27 22:43:39.949920 np0000032596 devstack@n-api.service[70538]: INFO nova.api.openstack.requestlog [None req-87c26109-f9cc-40af-bdea-16a788d75428 admin admin] 192.168.1.143 "GET /compute/v2.1" status: 200 len: 391 microversion: 2.1 time: 0.002201
Aug 27 22:43:39.950094 np0000032596 devstack@n-api.service[70538]: [pid: 70538|app: 0|req: 19/36] 192.168.1.143 () {62 vars in 1067 bytes} [Wed Aug 27 22:43:39 2025] GET /compute/v2.1 => generated 391 bytes in 2 msecs (HTTP/1.1 200) 9 headers in 357 bytes (1 switches on core 0)
Aug 27 22:43:39.974550 np0000032596 devstack@n-api.service[70537]: DEBUG nova.api.openstack.wsgi [None req-ea80bb78-c9dd-45f1-b1cb-8275de6c507c admin admin] Calling method '<bound method FlavorsController.detail of <nova.api.openstack.compute.flavors.FlavorsController object at 0x7fd6f3e0a410>>' {{(pid=70537) _process_stack /opt/stack/nova/nova/api/openstack/wsgi.py:520}}
Aug 27 22:43:39.982623 np0000032596 devstack@n-api.service[70537]: INFO nova.api.openstack.requestlog [None req-ea80bb78-c9dd-45f1-b1cb-8275de6c507c admin admin] 192.168.1.143 "GET /compute/v2.1/flavors/detail?is_public=True" status: 200 len: 4262 microversion: 2.61 time: 0.027073
Aug 27 22:43:39.982951 np0000032596 devstack@n-api.service[70537]: [pid: 70537|app: 0|req: 18/37] 192.168.1.143 () {68 vars in 1428 bytes} [Wed Aug 27 22:43:39 2025] GET /compute/v2.1/flavors/detail?is_public=True => generated 4262 bytes in 28 msecs (HTTP/1.1 200) 9 headers in 360 bytes (1 switches on core 0)
Aug 27 22:43:40.090973 np0000032596 devstack@n-api.service[70538]: DEBUG nova.api.openstack.wsgi [None req-87c26109-f9cc-40af-bdea-16a788d75428 admin admin] Calling method '<bound method VersionsV2.index of <nova.api.openstack.compute.versions.VersionsV2 object at 0x7fd6f43170d0>>' {{(pid=70538) _process_stack /opt/stack/nova/nova/api/openstack/wsgi.py:520}}
Aug 27 22:43:40.092496 np0000032596 devstack@n-api.service[70538]: INFO nova.api.openstack.requestlog [None req-87c26109-f9cc-40af-bdea-16a788d75428 admin admin] 192.168.1.143 "GET /compute/v2.1" status: 200 len: 391 microversion: 2.1 time: 0.001690
Aug 27 22:43:40.092812 np0000032596 devstack@n-api.service[70538]: [pid: 70538|app: 0|req: 20/38] 192.168.1.143 () {62 vars in 1067 bytes} [Wed Aug 27 22:43:40 2025] GET /compute/v2.1 => generated 391 bytes in 2 msecs (HTTP/1.1 200) 9 headers in 357 bytes (1 switches on core 0)
Aug 27 22:43:40.118193 np0000032596 devstack@n-api.service[70537]: DEBUG nova.api.openstack.wsgi [None req-c96a6d89-95f1-4937-b98f-64707626cbd8 admin admin] Action: 'create', calling method: <bound method FlavorsController.create of <nova.api.openstack.compute.flavors.FlavorsController object at 0x7fd6f3e09e70>>, body: {"flavor": {"vcpus": 1, "disk": 5, "name": "manila-service-flavor", "OS-FLV-EXT-DATA:ephemeral": 0, "rxtx_factor": 1.0, "os-flavor-access:is_public": true, "id": "100", "swap": 0, "ram": 1024}} {{(pid=70537) _process_stack /opt/stack/nova/nova/api/openstack/wsgi.py:518}}
Aug 27 22:43:40.129652 np0000032596 devstack@n-api.service[70537]: INFO nova.api.openstack.requestlog [None req-c96a6d89-95f1-4937-b98f-64707626cbd8 admin admin] 192.168.1.143 "POST /compute/v2.1/flavors" status: 200 len: 429 microversion: 2.61 time: 0.031643
Aug 27 22:43:40.129989 np0000032596 devstack@n-api.service[70537]: [pid: 70537|app: 0|req: 19/39] 192.168.1.143 () {72 vars in 1419 bytes} [Wed Aug 27 22:43:40 2025] POST /compute/v2.1/flavors => generated 429 bytes in 32 msecs (HTTP/1.1 200) 9 headers in 359 bytes (1 switches on core 0)
Aug 27 22:44:18.463969 np0000032596 devstack@n-api.service[70538]: DEBUG nova.api.openstack.wsgi [None req-87c26109-f9cc-40af-bdea-16a788d75428 admin admin] Calling method '<bound method VersionsV2.index of <nova.api.openstack.compute.versions.VersionsV2 object at 0x7fd6f43170d0>>' {{(pid=70538) _process_stack /opt/stack/nova/nova/api/openstack/wsgi.py:520}}
Aug 27 22:44:18.463969 np0000032596 devstack@n-api.service[70538]: INFO nova.api.openstack.requestlog [None req-87c26109-f9cc-40af-bdea-16a788d75428 admin admin] 192.168.1.143 "GET /compute/v2.1" status: 200 len: 391 microversion: 2.1 time: 0.001745
Aug 27 22:44:18.463969 np0000032596 devstack@n-api.service[70538]: [pid: 70538|app: 0|req: 21/40] 192.168.1.143 () {62 vars in 1067 bytes} [Wed Aug 27 22:44:18 2025] GET /compute/v2.1 => generated 391 bytes in 2 msecs (HTTP/1.1 200) 9 headers in 357 bytes (1 switches on core 0)
Aug 27 22:44:18.472300 np0000032596 devstack@n-api.service[70537]: DEBUG dbcounter [-] [70537] Writing DB stats nova_api:SELECT=23,nova_api:INSERT=11,nova_api:SAVEPOINT=5,nova_api:RELEASE=5 {{(pid=70537) stat_writer /opt/stack/data/venv/lib/python3.10/site-packages/dbcounter.py:115}}
Aug 27 22:44:18.490612 np0000032596 devstack@n-api.service[70537]: DEBUG nova.api.openstack.wsgi [None req-705c7a9f-1ee3-407b-90e6-0ee7ffef19f2 admin admin] Calling method '<function Controller.__getattribute__.<locals>.version_select at 0x7fd6f39739a0>' {{(pid=70537) _process_stack /opt/stack/nova/nova/api/openstack/wsgi.py:520}}
