Aug 19 10:43:49.871319 np0000032567 devstack@n-api.service[70320]: DEBUG oslo_db.sqlalchemy.engines [None req-6b189db8-5a86-475e-84fe-4190d39df4ef None None] MySQL server mode set to STRICT_TRANS_TABLES,STRICT_ALL_TABLES,NO_ZERO_IN_DATE,NO_ZERO_DATE,ERROR_FOR_DIVISION_BY_ZERO,TRADITIONAL,NO_ENGINE_SUBSTITUTION {{(pid=70320) _check_effective_sql_mode /opt/stack/data/venv/lib/python3.10/site-packages/oslo_db/sqlalchemy/engines.py:342}}
Aug 19 10:43:49.871662 np0000032567 devstack@n-api.service[70320]: DEBUG dbcounter [-] [70320] Writer thread running {{(pid=70320) stat_writer /opt/stack/data/venv/lib/python3.10/site-packages/dbcounter.py:102}}
Aug 19 10:43:49.872298 np0000032567 devstack@n-api.service[70319]: INFO dbcounter [None req-f659b51b-ece4-4296-9b73-c38763fafd32 None None] Registered counter for database nova_cell0
Aug 19 10:43:49.875631 np0000032567 devstack@n-api.service[70320]: DEBUG dbcounter [-] [70320] Writer thread running {{(pid=70320) stat_writer /opt/stack/data/venv/lib/python3.10/site-packages/dbcounter.py:102}}
Aug 19 10:43:49.876206 np0000032567 devstack@n-api.service[70319]: DEBUG oslo_db.sqlalchemy.engines [None req-f659b51b-ece4-4296-9b73-c38763fafd32 None None] MySQL server mode set to STRICT_TRANS_TABLES,STRICT_ALL_TABLES,NO_ZERO_IN_DATE,NO_ZERO_DATE,ERROR_FOR_DIVISION_BY_ZERO,TRADITIONAL,NO_ENGINE_SUBSTITUTION {{(pid=70319) _check_effective_sql_mode /opt/stack/data/venv/lib/python3.10/site-packages/oslo_db/sqlalchemy/engines.py:342}}
Aug 19 10:43:49.877662 np0000032567 devstack@n-api.service[70320]: INFO dbcounter [None req-6b189db8-5a86-475e-84fe-4190d39df4ef None None] Registered counter for database nova_cell0
Aug 19 10:43:49.880193 np0000032567 devstack@n-api.service[70319]: DEBUG dbcounter [-] [70319] Writer thread running {{(pid=70319) stat_writer /opt/stack/data/venv/lib/python3.10/site-packages/dbcounter.py:102}}
Aug 19 10:43:49.881447 np0000032567 devstack@n-api.service[70320]: DEBUG oslo_db.sqlalchemy.engines [None req-6b189db8-5a86-475e-84fe-4190d39df4ef None None] MySQL server mode set to STRICT_TRANS_TABLES,STRICT_ALL_TABLES,NO_ZERO_IN_DATE,NO_ZERO_DATE,ERROR_FOR_DIVISION_BY_ZERO,TRADITIONAL,NO_ENGINE_SUBSTITUTION {{(pid=70320) _check_effective_sql_mode /opt/stack/data/venv/lib/python3.10/site-packages/oslo_db/sqlalchemy/engines.py:342}}
Aug 19 10:43:49.885452 np0000032567 devstack@n-api.service[70320]: DEBUG dbcounter [-] [70320] Writer thread running {{(pid=70320) stat_writer /opt/stack/data/venv/lib/python3.10/site-packages/dbcounter.py:102}}
Aug 19 10:43:50.180378 np0000032567 devstack@n-api.service[70320]: DEBUG oslo_concurrency.processutils [None req-6b189db8-5a86-475e-84fe-4190d39df4ef None None] Running cmd (subprocess): grep -F node.session.scan /sbin/iscsiadm {{(pid=70320) execute /opt/stack/data/venv/lib/python3.10/site-packages/oslo_concurrency/processutils.py:390}}
Aug 19 10:43:50.188806 np0000032567 devstack@n-api.service[70320]: DEBUG oslo_concurrency.processutils [None req-6b189db8-5a86-475e-84fe-4190d39df4ef None None] CMD "grep -F node.session.scan /sbin/iscsiadm" returned: 0 in 0.008s {{(pid=70320) execute /opt/stack/data/venv/lib/python3.10/site-packages/oslo_concurrency/processutils.py:428}}
Aug 19 10:43:50.189544 np0000032567 devstack@n-api.service[70319]: DEBUG oslo_concurrency.processutils [None req-f659b51b-ece4-4296-9b73-c38763fafd32 None None] Running cmd (subprocess): grep -F node.session.scan /sbin/iscsiadm {{(pid=70319) execute /opt/stack/data/venv/lib/python3.10/site-packages/oslo_concurrency/processutils.py:390}}
Aug 19 10:43:50.195961 np0000032567 devstack@n-api.service[70319]: DEBUG oslo_concurrency.processutils [None req-f659b51b-ece4-4296-9b73-c38763fafd32 None None] CMD "grep -F node.session.scan /sbin/iscsiadm" returned: 0 in 0.006s {{(pid=70319) execute /opt/stack/data/venv/lib/python3.10/site-packages/oslo_concurrency/processutils.py:428}}
Aug 19 10:43:50.509214 np0000032567 devstack@n-api.service[70319]: WARNING keystonemiddleware.auth_token [None req-f659b51b-ece4-4296-9b73-c38763fafd32 None None] AuthToken middleware is set with keystone_authtoken.service_token_roles_required set to False. This is backwards compatible but deprecated behaviour. Please set this to True.
Aug 19 10:43:50.509592 np0000032567 devstack@n-api.service[70320]: WARNING keystonemiddleware.auth_token [None req-6b189db8-5a86-475e-84fe-4190d39df4ef None None] AuthToken middleware is set with keystone_authtoken.service_token_roles_required set to False. This is backwards compatible but deprecated behaviour. Please set this to True.
Aug 19 10:43:50.512709 np0000032567 devstack@n-api.service[70319]: WARNING keystonemiddleware.auth_token [None req-f659b51b-ece4-4296-9b73-c38763fafd32 None None] Configuring www_authenticate_uri to point to the public identity endpoint is required; clients may not be able to authenticate against an admin endpoint
Aug 19 10:43:50.513022 np0000032567 devstack@n-api.service[70320]: WARNING keystonemiddleware.auth_token [None req-6b189db8-5a86-475e-84fe-4190d39df4ef None None] Configuring www_authenticate_uri to point to the public identity endpoint is required; clients may not be able to authenticate against an admin endpoint
Aug 19 10:43:50.583705 np0000032567 devstack@n-api.service[70319]: WARNING keystonemiddleware.auth_token [None req-f659b51b-ece4-4296-9b73-c38763fafd32 None None] AuthToken middleware is set with keystone_authtoken.service_token_roles_required set to False. This is backwards compatible but deprecated behaviour. Please set this to True.
Aug 19 10:43:50.584161 np0000032567 devstack@n-api.service[70320]: WARNING keystonemiddleware.auth_token [None req-6b189db8-5a86-475e-84fe-4190d39df4ef None None] AuthToken middleware is set with keystone_authtoken.service_token_roles_required set to False. This is backwards compatible but deprecated behaviour. Please set this to True.
Aug 19 10:43:50.585782 np0000032567 devstack@n-api.service[70319]: WARNING keystonemiddleware.auth_token [None req-f659b51b-ece4-4296-9b73-c38763fafd32 None None] Configuring www_authenticate_uri to point to the public identity endpoint is required; clients may not be able to authenticate against an admin endpoint
Aug 19 10:43:50.586235 np0000032567 devstack@n-api.service[70320]: WARNING keystonemiddleware.auth_token [None req-6b189db8-5a86-475e-84fe-4190d39df4ef None None] Configuring www_authenticate_uri to point to the public identity endpoint is required; clients may not be able to authenticate against an admin endpoint
Aug 19 10:43:50.587607 np0000032567 devstack@n-api.service[70319]: WSGI app 0 (mountpoint='') ready in 2 seconds on interpreter 0x5595bc344d70 pid: 70319 (default app)
Aug 19 10:43:50.588052 np0000032567 devstack@n-api.service[70320]: WSGI app 0 (mountpoint='') ready in 2 seconds on interpreter 0x5595bc344d70 pid: 70320 (default app)
Aug 19 10:43:50.588525 np0000032567 devstack@n-api.service[70319]: DEBUG nova.api.openstack.wsgi [None req-f659b51b-ece4-4296-9b73-c38763fafd32 None None] Calling method '<bound method VersionsV2.index of <nova.api.openstack.compute.versions.VersionsV2 object at 0x7f12a1649c60>>' {{(pid=70319) _process_stack /opt/stack/nova/nova/api/openstack/wsgi.py:520}}
Aug 19 10:43:50.590159 np0000032567 devstack@n-api.service[70319]: INFO nova.api.openstack.requestlog [None req-f659b51b-ece4-4296-9b73-c38763fafd32 None None] 192.168.1.121 "GET /compute/v2.1/" status: 200 len: 390 microversion: 2.1 time: 0.001859
Aug 19 10:43:50.590482 np0000032567 devstack@n-api.service[70319]: [pid: 70319|app: 0|req: 1/1] 192.168.1.121 () {50 vars in 783 bytes} [Tue Aug 19 10:43:50 2025] GET /compute/v2.1/ => generated 390 bytes in 2 msecs (HTTP/1.1 200) 9 headers in 357 bytes (1 switches on core 0)
Aug 19 10:44:29.293787 np0000032567 devstack@n-api.service[70320]: DEBUG nova.api.openstack.wsgi [None req-6b189db8-5a86-475e-84fe-4190d39df4ef None None] Calling method '<bound method VersionsV2.index of <nova.api.openstack.compute.versions.VersionsV2 object at 0x7f12a16120b0>>' {{(pid=70320) _process_stack /opt/stack/nova/nova/api/openstack/wsgi.py:520}}
Aug 19 10:44:29.295708 np0000032567 devstack@n-api.service[70320]: INFO nova.api.openstack.requestlog [None req-6b189db8-5a86-475e-84fe-4190d39df4ef None None] 192.168.1.121 "GET /compute/v2.1" status: 200 len: 391 microversion: 2.1 time: 0.002843
Aug 19 10:44:29.295888 np0000032567 devstack@n-api.service[70320]: [pid: 70320|app: 0|req: 1/2] 192.168.1.121 () {62 vars in 1067 bytes} [Tue Aug 19 10:44:29 2025] GET /compute/v2.1 => generated 391 bytes in 4 msecs (HTTP/1.1 200) 9 headers in 357 bytes (1 switches on core 0)
Aug 19 10:44:29.306721 np0000032567 devstack@n-api.service[70319]: DEBUG dbcounter [-] [70319] Writing DB stats nova_api:SELECT=1 {{(pid=70319) stat_writer /opt/stack/data/venv/lib/python3.10/site-packages/dbcounter.py:115}}
Aug 19 10:44:29.307299 np0000032567 devstack@n-api.service[70319]: DEBUG dbcounter [-] [70319] Writing DB stats nova_cell0:SELECT=1 {{(pid=70319) stat_writer /opt/stack/data/venv/lib/python3.10/site-packages/dbcounter.py:115}}
Aug 19 10:44:29.307656 np0000032567 devstack@n-api.service[70319]: DEBUG dbcounter [-] [70319] Writing DB stats nova_cell1:SELECT=1 {{(pid=70319) stat_writer /opt/stack/data/venv/lib/python3.10/site-packages/dbcounter.py:115}}
Aug 19 10:44:29.308163 np0000032567 devstack@n-api.service[70319]: DEBUG dbcounter [-] [70319] Writing DB stats nova_cell0:SELECT=2,nova_cell0:INSERT=1 {{(pid=70319) stat_writer /opt/stack/data/venv/lib/python3.10/site-packages/dbcounter.py:115}}
Aug 19 10:44:29.438135 np0000032567 devstack@n-api.service[70319]: DEBUG nova.api.openstack.wsgi [None req-55f27cb5-2af2-44ac-b88d-1ac91b6996ba admin admin] Calling method '<bound method FlavorsController.detail of <nova.api.openstack.compute.flavors.FlavorsController object at 0x7f12a116a080>>' {{(pid=70319) _process_stack /opt/stack/nova/nova/api/openstack/wsgi.py:520}}
Aug 19 10:44:29.453151 np0000032567 devstack@n-api.service[70319]: INFO nova.api.openstack.requestlog [None req-55f27cb5-2af2-44ac-b88d-1ac91b6996ba admin admin] 192.168.1.121 "GET /compute/v2.1/flavors/detail?is_public=True" status: 200 len: 15 microversion: 2.61 time: 0.151250
Aug 19 10:44:29.453604 np0000032567 devstack@n-api.service[70319]: [pid: 70319|app: 0|req: 2/3] 192.168.1.121 () {68 vars in 1428 bytes} [Tue Aug 19 10:44:29 2025] GET /compute/v2.1/flavors/detail?is_public=True => generated 15 bytes in 152 msecs (HTTP/1.1 200) 9 headers in 358 bytes (1 switches on core 0)
Aug 19 10:44:29.556379 np0000032567 devstack@n-api.service[70320]: DEBUG nova.api.openstack.wsgi [None req-6b189db8-5a86-475e-84fe-4190d39df4ef None None] Calling method '<bound method VersionsV2.index of <nova.api.openstack.compute.versions.VersionsV2 object at 0x7f12a16120b0>>' {{(pid=70320) _process_stack /opt/stack/nova/nova/api/openstack/wsgi.py:520}}
Aug 19 10:44:29.557955 np0000032567 devstack@n-api.service[70320]: INFO nova.api.openstack.requestlog [None req-6b189db8-5a86-475e-84fe-4190d39df4ef None None] 192.168.1.121 "GET /compute/v2.1" status: 200 len: 391 microversion: 2.1 time: 0.001780
Aug 19 10:44:29.558130 np0000032567 devstack@n-api.service[70320]: [pid: 70320|app: 0|req: 2/4] 192.168.1.121 () {62 vars in 1067 bytes} [Tue Aug 19 10:44:29 2025] GET /compute/v2.1 => generated 391 bytes in 2 msecs (HTTP/1.1 200) 9 headers in 357 bytes (1 switches on core 0)
Aug 19 10:44:29.587895 np0000032567 devstack@n-api.service[70319]: DEBUG nova.api.openstack.wsgi [None req-3ee288ee-4e5a-4fd3-b4e6-18a8fc2e752e admin admin] Action: 'create', calling method: <bound method FlavorsController.create of <nova.api.openstack.compute.flavors.FlavorsController object at 0x7f12a1169ae0>>, body: {"flavor": {"name": "cirros256", "OS-FLV-EXT-DATA:ephemeral": 0, "rxtx_factor": 1.0, "vcpus": 1, "os-flavor-access:is_public": true, "disk": 1, "id": "c1", "ram": 256, "swap": 0}} {{(pid=70319) _process_stack /opt/stack/nova/nova/api/openstack/wsgi.py:518}}
Aug 19 10:44:29.612460 np0000032567 devstack@n-api.service[70319]: INFO nova.api.openstack.requestlog [None req-3ee288ee-4e5a-4fd3-b4e6-18a8fc2e752e admin admin] 192.168.1.121 "POST /compute/v2.1/flavors" status: 200 len: 413 microversion: 2.61 time: 0.048175
Aug 19 10:44:29.612826 np0000032567 devstack@n-api.service[70319]: [pid: 70319|app: 0|req: 3/5] 192.168.1.121 () {72 vars in 1419 bytes} [Tue Aug 19 10:44:29 2025] POST /compute/v2.1/flavors => generated 413 bytes in 49 msecs (HTTP/1.1 200) 9 headers in 359 bytes (1 switches on core 0)
Aug 19 10:44:29.625562 np0000032567 devstack@n-api.service[70320]: DEBUG dbcounter [-] [70320] Writing DB stats nova_api:SELECT=1 {{(pid=70320) stat_writer /opt/stack/data/venv/lib/python3.10/site-packages/dbcounter.py:115}}
Aug 19 10:44:29.626335 np0000032567 devstack@n-api.service[70320]: DEBUG dbcounter [-] [70320] Writing DB stats nova_cell1:SELECT=1 {{(pid=70320) stat_writer /opt/stack/data/venv/lib/python3.10/site-packages/dbcounter.py:115}}
Aug 19 10:44:29.626702 np0000032567 devstack@n-api.service[70320]: DEBUG dbcounter [-] [70320] Writing DB stats nova_cell0:SELECT=1 {{(pid=70320) stat_writer /opt/stack/data/venv/lib/python3.10/site-packages/dbcounter.py:115}}
Aug 19 10:44:29.627042 np0000032567 devstack@n-api.service[70320]: DEBUG dbcounter [-] [70320] Writing DB stats nova_cell0:SELECT=2,nova_cell0:INSERT=1 {{(pid=70320) stat_writer /opt/stack/data/venv/lib/python3.10/site-packages/dbcounter.py:115}}
Aug 19 10:44:29.694787 np0000032567 devstack@n-api.service[70320]: DEBUG nova.api.openstack.wsgi [None req-5a39f64b-39c5-49f8-8558-4aed66da58b2 admin admin] Action: 'create', calling method: <bound method FlavorExtraSpecsController.create of <nova.api.openstack.compute.flavors_extraspecs.FlavorExtraSpecsController object at 0x7f12a1166b00>>, body: {"extra_specs": {"hw_rng:allowed": "True"}} {{(pid=70320) _process_stack /opt/stack/nova/nova/api/openstack/wsgi.py:518}}
Aug 19 10:44:29.723926 np0000032567 devstack@n-api.service[70320]: INFO nova.api.openstack.requestlog [None req-5a39f64b-39c5-49f8-8558-4aed66da58b2 admin admin] 192.168.1.121 "POST /compute/v2.1/flavors/c1/os-extra_specs" status: 200 len: 43 microversion: 2.61 time: 0.101288
Aug 19 10:44:29.724191 np0000032567 devstack@n-api.service[70320]: [pid: 70320|app: 0|req: 3/6] 192.168.1.121 () {72 vars in 1472 bytes} [Tue Aug 19 10:44:29 2025] POST /compute/v2.1/flavors/c1/os-extra_specs => generated 43 bytes in 102 msecs (HTTP/1.1 200) 9 headers in 358 bytes (1 switches on core 0)
Aug 19 10:44:29.822287 np0000032567 devstack@n-api.service[70319]: DEBUG nova.api.openstack.wsgi [None req-3ee288ee-4e5a-4fd3-b4e6-18a8fc2e752e admin admin] Calling method '<bound method VersionsV2.index of <nova.api.openstack.compute.versions.VersionsV2 object at 0x7f12a1649c60>>' {{(pid=70319) _process_stack /opt/stack/nova/nova/api/openstack/wsgi.py:520}}
Aug 19 10:44:29.823889 np0000032567 devstack@n-api.service[70319]: INFO nova.api.openstack.requestlog [None req-3ee288ee-4e5a-4fd3-b4e6-18a8fc2e752e admin admin] 192.168.1.121 "GET /compute/v2.1" status: 200 len: 391 microversion: 2.1 time: 0.001792
Aug 19 10:44:29.824126 np0000032567 devstack@n-api.service[70319]: [pid: 70319|app: 0|req: 4/7] 192.168.1.121 () {62 vars in 1067 bytes} [Tue Aug 19 10:44:29 2025] GET /compute/v2.1 => generated 391 bytes in 2 msecs (HTTP/1.1 200) 9 headers in 357 bytes (1 switches on core 0)
Aug 19 10:44:29.879889 np0000032567 devstack@n-api.service[70320]: DEBUG nova.api.openstack.wsgi [None req-a1cec62c-8491-4291-b603-4d3d29d5e247 admin admin] Action: 'create', calling method: <bound method FlavorsController.create of <nova.api.openstack.compute.flavors.FlavorsController object at 0x7f12a11658d0>>, body: {"flavor": {"name": "ds512M", "OS-FLV-EXT-DATA:ephemeral": 0, "rxtx_factor": 1.0, "vcpus": 1, "os-flavor-access:is_public": true, "disk": 5, "id": "d1", "ram": 512, "swap": 0}} {{(pid=70320) _process_stack /opt/stack/nova/nova/api/openstack/wsgi.py:518}}
Aug 19 10:44:29.896199 np0000032567 devstack@n-api.service[70320]: INFO nova.api.openstack.requestlog [None req-a1cec62c-8491-4291-b603-4d3d29d5e247 admin admin] 192.168.1.121 "POST /compute/v2.1/flavors" status: 200 len: 410 microversion: 2.61 time: 0.066539
Aug 19 10:44:29.896624 np0000032567 devstack@n-api.service[70320]: [pid: 70320|app: 0|req: 4/8] 192.168.1.121 () {72 vars in 1419 bytes} [Tue Aug 19 10:44:29 2025] POST /compute/v2.1/flavors => generated 410 bytes in 67 msecs (HTTP/1.1 200) 9 headers in 359 bytes (1 switches on core 0)
Aug 19 10:44:29.908730 np0000032567 devstack@n-api.service[70319]: DEBUG nova.api.openstack.wsgi [None req-24a24646-4069-4478-982f-90ada2db13d4 admin admin] Action: 'create', calling method: <bound method FlavorExtraSpecsController.create of <nova.api.openstack.compute.flavors_extraspecs.FlavorExtraSpecsController object at 0x7f12a116ada0>>, body: {"extra_specs": {"hw_rng:allowed": "True"}} {{(pid=70319) _process_stack /opt/stack/nova/nova/api/openstack/wsgi.py:518}}
Aug 19 10:44:29.927796 np0000032567 devstack@n-api.service[70319]: INFO nova.api.openstack.requestlog [None req-24a24646-4069-4478-982f-90ada2db13d4 admin admin] 192.168.1.121 "POST /compute/v2.1/flavors/d1/os-extra_specs" status: 200 len: 43 microversion: 2.61 time: 0.020667
Aug 19 10:44:29.928149 np0000032567 devstack@n-api.service[70319]: [pid: 70319|app: 0|req: 5/9] 192.168.1.121 () {72 vars in 1472 bytes} [Tue Aug 19 10:44:29 2025] POST /compute/v2.1/flavors/d1/os-extra_specs => generated 43 bytes in 21 msecs (HTTP/1.1 200) 9 headers in 358 bytes (1 switches on core 0)
Aug 19 10:44:30.019884 np0000032567 devstack@n-api.service[70320]: DEBUG nova.api.openstack.wsgi [None req-a1cec62c-8491-4291-b603-4d3d29d5e247 admin admin] Calling method '<bound method VersionsV2.index of <nova.api.openstack.compute.versions.VersionsV2 object at 0x7f12a16120b0>>' {{(pid=70320) _process_stack /opt/stack/nova/nova/api/openstack/wsgi.py:520}}
Aug 19 10:44:30.021495 np0000032567 devstack@n-api.service[70320]: INFO nova.api.openstack.requestlog [None req-a1cec62c-8491-4291-b603-4d3d29d5e247 admin admin] 192.168.1.121 "GET /compute/v2.1" status: 200 len: 391 microversion: 2.1 time: 0.001799
Aug 19 10:44:30.021681 np0000032567 devstack@n-api.service[70320]: [pid: 70320|app: 0|req: 5/10] 192.168.1.121 () {62 vars in 1067 bytes} [Tue Aug 19 10:44:30 2025] GET /compute/v2.1 => generated 391 bytes in 2 msecs (HTTP/1.1 200) 9 headers in 357 bytes (1 switches on core 0)
Aug 19 10:44:30.045710 np0000032567 devstack@n-api.service[70319]: DEBUG nova.api.openstack.wsgi [None req-f7ce7534-bc86-4e38-a7d0-08eb01f2880e admin admin] Action: 'create', calling method: <bound method FlavorsController.create of <nova.api.openstack.compute.flavors.FlavorsController object at 0x7f12a1169ae0>>, body: {"flavor": {"name": "ds1G", "OS-FLV-EXT-DATA:ephemeral": 0, "rxtx_factor": 1.0, "vcpus": 1, "os-flavor-access:is_public": true, "disk": 10, "id": "d2", "ram": 1024, "swap": 0}} {{(pid=70319) _process_stack /opt/stack/nova/nova/api/openstack/wsgi.py:518}}
Aug 19 10:44:30.055158 np0000032567 devstack@n-api.service[70319]: INFO nova.api.openstack.requestlog [None req-f7ce7534-bc86-4e38-a7d0-08eb01f2880e admin admin] 192.168.1.121 "POST /compute/v2.1/flavors" status: 200 len: 410 microversion: 2.61 time: 0.028114
Aug 19 10:44:30.055607 np0000032567 devstack@n-api.service[70319]: [pid: 70319|app: 0|req: 6/11] 192.168.1.121 () {72 vars in 1419 bytes} [Tue Aug 19 10:44:30 2025] POST /compute/v2.1/flavors => generated 410 bytes in 28 msecs (HTTP/1.1 200) 9 headers in 359 bytes (1 switches on core 0)
Aug 19 10:44:30.063870 np0000032567 devstack@n-api.service[70320]: DEBUG nova.api.openstack.wsgi [None req-3fee1527-3d63-413d-99ee-a787ea819c85 admin admin] Action: 'create', calling method: <bound method FlavorExtraSpecsController.create of <nova.api.openstack.compute.flavors_extraspecs.FlavorExtraSpecsController object at 0x7f12a1166b00>>, body: {"extra_specs": {"hw_rng:allowed": "True"}} {{(pid=70320) _process_stack /opt/stack/nova/nova/api/openstack/wsgi.py:518}}
Aug 19 10:44:30.075737 np0000032567 devstack@n-api.service[70320]: INFO nova.api.openstack.requestlog [None req-3fee1527-3d63-413d-99ee-a787ea819c85 admin admin] 192.168.1.121 "POST /compute/v2.1/flavors/d2/os-extra_specs" status: 200 len: 43 microversion: 2.61 time: 0.013572
Aug 19 10:44:30.076048 np0000032567 devstack@n-api.service[70320]: [pid: 70320|app: 0|req: 6/12] 192.168.1.121 () {72 vars in 1472 bytes} [Tue Aug 19 10:44:30 2025] POST /compute/v2.1/flavors/d2/os-extra_specs => generated 43 bytes in 14 msecs (HTTP/1.1 200) 9 headers in 358 bytes (1 switches on core 0)
Aug 19 10:44:30.170031 np0000032567 devstack@n-api.service[70319]: DEBUG nova.api.openstack.wsgi [None req-f7ce7534-bc86-4e38-a7d0-08eb01f2880e admin admin] Calling method '<bound method VersionsV2.index of <nova.api.openstack.compute.versions.VersionsV2 object at 0x7f12a1649c60>>' {{(pid=70319) _process_stack /opt/stack/nova/nova/api/openstack/wsgi.py:520}}
Aug 19 10:44:30.171561 np0000032567 devstack@n-api.service[70319]: INFO nova.api.openstack.requestlog [None req-f7ce7534-bc86-4e38-a7d0-08eb01f2880e admin admin] 192.168.1.121 "GET /compute/v2.1" status: 200 len: 391 microversion: 2.1 time: 0.001744
Aug 19 10:44:30.171739 np0000032567 devstack@n-api.service[70319]: [pid: 70319|app: 0|req: 7/13] 192.168.1.121 () {62 vars in 1067 bytes} [Tue Aug 19 10:44:30 2025] GET /compute/v2.1 => generated 391 bytes in 2 msecs (HTTP/1.1 200) 9 headers in 357 bytes (1 switches on core 0)
Aug 19 10:44:30.200755 np0000032567 devstack@n-api.service[70320]: DEBUG nova.api.openstack.wsgi [None req-ccf3a9f4-03f7-4739-93bd-5b97f70c014e admin admin] Action: 'create', calling method: <bound method FlavorsController.create of <nova.api.openstack.compute.flavors.FlavorsController object at 0x7f12a11658d0>>, body: {"flavor": {"name": "ds2G", "OS-FLV-EXT-DATA:ephemeral": 0, "rxtx_factor": 1.0, "vcpus": 2, "os-flavor-access:is_public": true, "disk": 10, "id": "d3", "ram": 2048, "swap": 0}} {{(pid=70320) _process_stack /opt/stack/nova/nova/api/openstack/wsgi.py:518}}
Aug 19 10:44:30.210723 np0000032567 devstack@n-api.service[70320]: INFO nova.api.openstack.requestlog [None req-ccf3a9f4-03f7-4739-93bd-5b97f70c014e admin admin] 192.168.1.121 "POST /compute/v2.1/flavors" status: 200 len: 410 microversion: 2.61 time: 0.029655
Aug 19 10:44:30.210962 np0000032567 devstack@n-api.service[70320]: [pid: 70320|app: 0|req: 7/14] 192.168.1.121 () {72 vars in 1419 bytes} [Tue Aug 19 10:44:30 2025] POST /compute/v2.1/flavors => generated 410 bytes in 30 msecs (HTTP/1.1 200) 9 headers in 359 bytes (1 switches on core 0)
Aug 19 10:44:30.223808 np0000032567 devstack@n-api.service[70319]: DEBUG nova.api.openstack.wsgi [None req-858c4dfe-fd39-47d1-8cd5-68e1956e0ab1 admin admin] Action: 'create', calling method: <bound method FlavorExtraSpecsController.create of <nova.api.openstack.compute.flavors_extraspecs.FlavorExtraSpecsController object at 0x7f12a116ada0>>, body: {"extra_specs": {"hw_rng:allowed": "True"}} {{(pid=70319) _process_stack /opt/stack/nova/nova/api/openstack/wsgi.py:518}}
Aug 19 10:44:30.236116 np0000032567 devstack@n-api.service[70319]: INFO nova.api.openstack.requestlog [None req-858c4dfe-fd39-47d1-8cd5-68e1956e0ab1 admin admin] 192.168.1.121 "POST /compute/v2.1/flavors/d3/os-extra_specs" status: 200 len: 43 microversion: 2.61 time: 0.013962
Aug 19 10:44:30.236520 np0000032567 devstack@n-api.service[70319]: [pid: 70319|app: 0|req: 8/15] 192.168.1.121 () {72 vars in 1472 bytes} [Tue Aug 19 10:44:30 2025] POST /compute/v2.1/flavors/d3/os-extra_specs => generated 43 bytes in 14 msecs (HTTP/1.1 200) 9 headers in 358 bytes (1 switches on core 0)
Aug 19 10:44:30.343390 np0000032567 devstack@n-api.service[70320]: DEBUG nova.api.openstack.wsgi [None req-ccf3a9f4-03f7-4739-93bd-5b97f70c014e admin admin] Calling method '<bound method VersionsV2.index of <nova.api.openstack.compute.versions.VersionsV2 object at 0x7f12a16120b0>>' {{(pid=70320) _process_stack /opt/stack/nova/nova/api/openstack/wsgi.py:520}}
Aug 19 10:44:30.344980 np0000032567 devstack@n-api.service[70320]: INFO nova.api.openstack.requestlog [None req-ccf3a9f4-03f7-4739-93bd-5b97f70c014e admin admin] 192.168.1.121 "GET /compute/v2.1" status: 200 len: 391 microversion: 2.1 time: 0.001730
Aug 19 10:44:30.345177 np0000032567 devstack@n-api.service[70320]: [pid: 70320|app: 0|req: 8/16] 192.168.1.121 () {62 vars in 1067 bytes} [Tue Aug 19 10:44:30 2025] GET /compute/v2.1 => generated 391 bytes in 2 msecs (HTTP/1.1 200) 9 headers in 357 bytes (1 switches on core 0)
Aug 19 10:44:30.370147 np0000032567 devstack@n-api.service[70319]: DEBUG nova.api.openstack.wsgi [None req-2708ffbb-57e5-41ae-85a0-66274f5902ee admin admin] Action: 'create', calling method: <bound method FlavorsController.create of <nova.api.openstack.compute.flavors.FlavorsController object at 0x7f12a1169ae0>>, body: {"flavor": {"name": "ds4G", "OS-FLV-EXT-DATA:ephemeral": 0, "rxtx_factor": 1.0, "vcpus": 4, "os-flavor-access:is_public": true, "disk": 20, "id": "d4", "ram": 4096, "swap": 0}} {{(pid=70319) _process_stack /opt/stack/nova/nova/api/openstack/wsgi.py:518}}
Aug 19 10:44:30.380140 np0000032567 devstack@n-api.service[70319]: INFO nova.api.openstack.requestlog [None req-2708ffbb-57e5-41ae-85a0-66274f5902ee admin admin] 192.168.1.121 "POST /compute/v2.1/flavors" status: 200 len: 410 microversion: 2.61 time: 0.029393
Aug 19 10:44:30.380380 np0000032567 devstack@n-api.service[70319]: [pid: 70319|app: 0|req: 9/17] 192.168.1.121 () {72 vars in 1419 bytes} [Tue Aug 19 10:44:30 2025] POST /compute/v2.1/flavors => generated 410 bytes in 30 msecs (HTTP/1.1 200) 9 headers in 359 bytes (1 switches on core 0)
Aug 19 10:44:30.389300 np0000032567 devstack@n-api.service[70320]: DEBUG nova.api.openstack.wsgi [None req-0bc8079c-1d24-47a6-b3b0-e0f1dc8436fe admin admin] Action: 'create', calling method: <bound method FlavorExtraSpecsController.create of <nova.api.openstack.compute.flavors_extraspecs.FlavorExtraSpecsController object at 0x7f12a1166b00>>, body: {"extra_specs": {"hw_rng:allowed": "True"}} {{(pid=70320) _process_stack /opt/stack/nova/nova/api/openstack/wsgi.py:518}}
Aug 19 10:44:30.401538 np0000032567 devstack@n-api.service[70320]: INFO nova.api.openstack.requestlog [None req-0bc8079c-1d24-47a6-b3b0-e0f1dc8436fe admin admin] 192.168.1.121 "POST /compute/v2.1/flavors/d4/os-extra_specs" status: 200 len: 43 microversion: 2.61 time: 0.013925
Aug 19 10:44:30.401790 np0000032567 devstack@n-api.service[70320]: [pid: 70320|app: 0|req: 9/18] 192.168.1.121 () {72 vars in 1472 bytes} [Tue Aug 19 10:44:30 2025] POST /compute/v2.1/flavors/d4/os-extra_specs => generated 43 bytes in 14 msecs (HTTP/1.1 200) 9 headers in 358 bytes (1 switches on core 0)
Aug 19 10:44:30.502648 np0000032567 devstack@n-api.service[70319]: DEBUG nova.api.openstack.wsgi [None req-2708ffbb-57e5-41ae-85a0-66274f5902ee admin admin] Calling method '<bound method VersionsV2.index of <nova.api.openstack.compute.versions.VersionsV2 object at 0x7f12a1649c60>>' {{(pid=70319) _process_stack /opt/stack/nova/nova/api/openstack/wsgi.py:520}}
Aug 19 10:44:30.504164 np0000032567 devstack@n-api.service[70319]: INFO nova.api.openstack.requestlog [None req-2708ffbb-57e5-41ae-85a0-66274f5902ee admin admin] 192.168.1.121 "GET /compute/v2.1" status: 200 len: 391 microversion: 2.1 time: 0.001749
Aug 19 10:44:30.504350 np0000032567 devstack@n-api.service[70319]: [pid: 70319|app: 0|req: 10/19] 192.168.1.121 () {62 vars in 1067 bytes} [Tue Aug 19 10:44:30 2025] GET /compute/v2.1 => generated 391 bytes in 2 msecs (HTTP/1.1 200) 9 headers in 357 bytes (1 switches on core 0)
Aug 19 10:44:30.529525 np0000032567 devstack@n-api.service[70320]: DEBUG nova.api.openstack.wsgi [None req-3848589a-7b2d-4a09-b985-91dd4b9c099b admin admin] Calling method '<bound method FlavorsController.detail of <nova.api.openstack.compute.flavors.FlavorsController object at 0x7f12a1165e70>>' {{(pid=70320) _process_stack /opt/stack/nova/nova/api/openstack/wsgi.py:520}}
Aug 19 10:44:30.540428 np0000032567 devstack@n-api.service[70320]: INFO nova.api.openstack.requestlog [None req-3848589a-7b2d-4a09-b985-91dd4b9c099b admin admin] 192.168.1.121 "GET /compute/v2.1/flavors/detail?is_public=True" status: 200 len: 2136 microversion: 2.61 time: 0.030470
Aug 19 10:44:30.540656 np0000032567 devstack@n-api.service[70320]: [pid: 70320|app: 0|req: 10/20] 192.168.1.121 () {68 vars in 1428 bytes} [Tue Aug 19 10:44:30 2025] GET /compute/v2.1/flavors/detail?is_public=True => generated 2136 bytes in 31 msecs (HTTP/1.1 200) 9 headers in 360 bytes (1 switches on core 0)
Aug 19 10:44:30.640333 np0000032567 devstack@n-api.service[70319]: DEBUG nova.api.openstack.wsgi [None req-2708ffbb-57e5-41ae-85a0-66274f5902ee admin admin] Calling method '<bound method VersionsV2.index of <nova.api.openstack.compute.versions.VersionsV2 object at 0x7f12a1649c60>>' {{(pid=70319) _process_stack /opt/stack/nova/nova/api/openstack/wsgi.py:520}}
Aug 19 10:44:30.641855 np0000032567 devstack@n-api.service[70319]: INFO nova.api.openstack.requestlog [None req-2708ffbb-57e5-41ae-85a0-66274f5902ee admin admin] 192.168.1.121 "GET /compute/v2.1" status: 200 len: 391 microversion: 2.1 time: 0.001711
Aug 19 10:44:30.642034 np0000032567 devstack@n-api.service[70319]: [pid: 70319|app: 0|req: 11/21] 192.168.1.121 () {62 vars in 1067 bytes} [Tue Aug 19 10:44:30 2025] GET /compute/v2.1 => generated 391 bytes in 2 msecs (HTTP/1.1 200) 9 headers in 357 bytes (1 switches on core 0)
Aug 19 10:44:30.666487 np0000032567 devstack@n-api.service[70320]: DEBUG nova.api.openstack.wsgi [None req-1c281eda-030a-4f08-9fcd-42b8b7906425 admin admin] Action: 'create', calling method: <bound method FlavorsController.create of <nova.api.openstack.compute.flavors.FlavorsController object at 0x7f12a11658d0>>, body: {"flavor": {"name": "m1.tiny", "OS-FLV-EXT-DATA:ephemeral": 0, "rxtx_factor": 1.0, "vcpus": 1, "os-flavor-access:is_public": true, "disk": 1, "id": "1", "ram": 512, "swap": 0}} {{(pid=70320) _process_stack /opt/stack/nova/nova/api/openstack/wsgi.py:518}}
Aug 19 10:44:30.675975 np0000032567 devstack@n-api.service[70320]: INFO nova.api.openstack.requestlog [None req-1c281eda-030a-4f08-9fcd-42b8b7906425 admin admin] 192.168.1.121 "POST /compute/v2.1/flavors" status: 200 len: 408 microversion: 2.61 time: 0.028581
Aug 19 10:44:30.676216 np0000032567 devstack@n-api.service[70320]: [pid: 70320|app: 0|req: 11/22] 192.168.1.121 () {72 vars in 1419 bytes} [Tue Aug 19 10:44:30 2025] POST /compute/v2.1/flavors => generated 408 bytes in 29 msecs (HTTP/1.1 200) 9 headers in 359 bytes (1 switches on core 0)
Aug 19 10:44:30.685025 np0000032567 devstack@n-api.service[70319]: DEBUG nova.api.openstack.wsgi [None req-6612cacb-a0b8-40fd-ae85-349562d93a7c admin admin] Action: 'create', calling method: <bound method FlavorExtraSpecsController.create of <nova.api.openstack.compute.flavors_extraspecs.FlavorExtraSpecsController object at 0x7f12a116ada0>>, body: {"extra_specs": {"hw_rng:allowed": "True"}} {{(pid=70319) _process_stack /opt/stack/nova/nova/api/openstack/wsgi.py:518}}
Aug 19 10:44:30.696628 np0000032567 devstack@n-api.service[70319]: INFO nova.api.openstack.requestlog [None req-6612cacb-a0b8-40fd-ae85-349562d93a7c admin admin] 192.168.1.121 "POST /compute/v2.1/flavors/1/os-extra_specs" status: 200 len: 43 microversion: 2.61 time: 0.013335
Aug 19 10:44:30.696861 np0000032567 devstack@n-api.service[70319]: [pid: 70319|app: 0|req: 12/23] 192.168.1.121 () {72 vars in 1469 bytes} [Tue Aug 19 10:44:30 2025] POST /compute/v2.1/flavors/1/os-extra_specs => generated 43 bytes in 14 msecs (HTTP/1.1 200) 9 headers in 358 bytes (1 switches on core 0)
Aug 19 10:44:30.796557 np0000032567 devstack@n-api.service[70320]: DEBUG nova.api.openstack.wsgi [None req-1c281eda-030a-4f08-9fcd-42b8b7906425 admin admin] Calling method '<bound method VersionsV2.index of <nova.api.openstack.compute.versions.VersionsV2 object at 0x7f12a16120b0>>' {{(pid=70320) _process_stack /opt/stack/nova/nova/api/openstack/wsgi.py:520}}
Aug 19 10:44:30.798173 np0000032567 devstack@n-api.service[70320]: INFO nova.api.openstack.requestlog [None req-1c281eda-030a-4f08-9fcd-42b8b7906425 admin admin] 192.168.1.121 "GET /compute/v2.1" status: 200 len: 391 microversion: 2.1 time: 0.001817
Aug 19 10:44:30.798368 np0000032567 devstack@n-api.service[70320]: [pid: 70320|app: 0|req: 12/24] 192.168.1.121 () {62 vars in 1067 bytes} [Tue Aug 19 10:44:30 2025] GET /compute/v2.1 => generated 391 bytes in 2 msecs (HTTP/1.1 200) 9 headers in 357 bytes (1 switches on core 0)
Aug 19 10:44:30.828501 np0000032567 devstack@n-api.service[70319]: DEBUG nova.api.openstack.wsgi [None req-c73a5907-a42f-4655-8dc9-797a3eaced74 admin admin] Action: 'create', calling method: <bound method FlavorsController.create of <nova.api.openstack.compute.flavors.FlavorsController object at 0x7f12a1169ae0>>, body: {"flavor": {"name": "m1.small", "OS-FLV-EXT-DATA:ephemeral": 0, "rxtx_factor": 1.0, "vcpus": 1, "os-flavor-access:is_public": true, "disk": 20, "id": "2", "ram": 2048, "swap": 0}} {{(pid=70319) _process_stack /opt/stack/nova/nova/api/openstack/wsgi.py:518}}
Aug 19 10:44:30.841190 np0000032567 devstack@n-api.service[70319]: INFO nova.api.openstack.requestlog [None req-c73a5907-a42f-4655-8dc9-797a3eaced74 admin admin] 192.168.1.121 "POST /compute/v2.1/flavors" status: 200 len: 411 microversion: 2.61 time: 0.032341
Aug 19 10:44:30.841453 np0000032567 devstack@n-api.service[70319]: [pid: 70319|app: 0|req: 13/25] 192.168.1.121 () {72 vars in 1419 bytes} [Tue Aug 19 10:44:30 2025] POST /compute/v2.1/flavors => generated 411 bytes in 33 msecs (HTTP/1.1 200) 9 headers in 359 bytes (1 switches on core 0)
Aug 19 10:44:30.850628 np0000032567 devstack@n-api.service[70320]: DEBUG nova.api.openstack.wsgi [None req-377d57f5-20a5-4584-8316-bd6554237b76 admin admin] Action: 'create', calling method: <bound method FlavorExtraSpecsController.create of <nova.api.openstack.compute.flavors_extraspecs.FlavorExtraSpecsController object at 0x7f12a1166b00>>, body: {"extra_specs": {"hw_rng:allowed": "True"}} {{(pid=70320) _process_stack /opt/stack/nova/nova/api/openstack/wsgi.py:518}}
Aug 19 10:44:30.863378 np0000032567 devstack@n-api.service[70320]: INFO nova.api.openstack.requestlog [None req-377d57f5-20a5-4584-8316-bd6554237b76 admin admin] 192.168.1.121 "POST /compute/v2.1/flavors/2/os-extra_specs" status: 200 len: 43 microversion: 2.61 time: 0.014407
Aug 19 10:44:30.863687 np0000032567 devstack@n-api.service[70320]: [pid: 70320|app: 0|req: 13/26] 192.168.1.121 () {72 vars in 1469 bytes} [Tue Aug 19 10:44:30 2025] POST /compute/v2.1/flavors/2/os-extra_specs => generated 43 bytes in 15 msecs (HTTP/1.1 200) 9 headers in 358 bytes (1 switches on core 0)
Aug 19 10:44:30.968817 np0000032567 devstack@n-api.service[70319]: DEBUG nova.api.openstack.wsgi [None req-c73a5907-a42f-4655-8dc9-797a3eaced74 admin admin] Calling method '<bound method VersionsV2.index of <nova.api.openstack.compute.versions.VersionsV2 object at 0x7f12a1649c60>>' {{(pid=70319) _process_stack /opt/stack/nova/nova/api/openstack/wsgi.py:520}}
Aug 19 10:44:30.970432 np0000032567 devstack@n-api.service[70319]: INFO nova.api.openstack.requestlog [None req-c73a5907-a42f-4655-8dc9-797a3eaced74 admin admin] 192.168.1.121 "GET /compute/v2.1" status: 200 len: 391 microversion: 2.1 time: 0.001808
Aug 19 10:44:30.970620 np0000032567 devstack@n-api.service[70319]: [pid: 70319|app: 0|req: 14/27] 192.168.1.121 () {62 vars in 1067 bytes} [Tue Aug 19 10:44:30 2025] GET /compute/v2.1 => generated 391 bytes in 2 msecs (HTTP/1.1 200) 9 headers in 357 bytes (1 switches on core 0)
Aug 19 10:44:30.998287 np0000032567 devstack@n-api.service[70320]: DEBUG nova.api.openstack.wsgi [None req-bb7cdc64-018e-4269-9dc8-83deba1a733d admin admin] Action: 'create', calling method: <bound method FlavorsController.create of <nova.api.openstack.compute.flavors.FlavorsController object at 0x7f12a11658d0>>, body: {"flavor": {"name": "m1.medium", "OS-FLV-EXT-DATA:ephemeral": 0, "rxtx_factor": 1.0, "vcpus": 2, "os-flavor-access:is_public": true, "disk": 40, "id": "3", "ram": 4096, "swap": 0}} {{(pid=70320) _process_stack /opt/stack/nova/nova/api/openstack/wsgi.py:518}}
Aug 19 10:44:31.010951 np0000032567 devstack@n-api.service[70320]: INFO nova.api.openstack.requestlog [None req-bb7cdc64-018e-4269-9dc8-83deba1a733d admin admin] 192.168.1.121 "POST /compute/v2.1/flavors" status: 200 len: 412 microversion: 2.61 time: 0.033445
Aug 19 10:44:31.011184 np0000032567 devstack@n-api.service[70320]: [pid: 70320|app: 0|req: 14/28] 192.168.1.121 () {72 vars in 1419 bytes} [Tue Aug 19 10:44:30 2025] POST /compute/v2.1/flavors => generated 412 bytes in 34 msecs (HTTP/1.1 200) 9 headers in 359 bytes (1 switches on core 0)
Aug 19 10:44:31.021018 np0000032567 devstack@n-api.service[70319]: DEBUG nova.api.openstack.wsgi [None req-1572aeb1-b500-42a8-92a5-b108dbc3a127 admin admin] Action: 'create', calling method: <bound method FlavorExtraSpecsController.create of <nova.api.openstack.compute.flavors_extraspecs.FlavorExtraSpecsController object at 0x7f12a116ada0>>, body: {"extra_specs": {"hw_rng:allowed": "True"}} {{(pid=70319) _process_stack /opt/stack/nova/nova/api/openstack/wsgi.py:518}}
Aug 19 10:44:31.033870 np0000032567 devstack@n-api.service[70319]: INFO nova.api.openstack.requestlog [None req-1572aeb1-b500-42a8-92a5-b108dbc3a127 admin admin] 192.168.1.121 "POST /compute/v2.1/flavors/3/os-extra_specs" status: 200 len: 43 microversion: 2.61 time: 0.014529
Aug 19 10:44:31.034202 np0000032567 devstack@n-api.service[70319]: [pid: 70319|app: 0|req: 15/29] 192.168.1.121 () {72 vars in 1469 bytes} [Tue Aug 19 10:44:31 2025] POST /compute/v2.1/flavors/3/os-extra_specs => generated 43 bytes in 15 msecs (HTTP/1.1 200) 9 headers in 358 bytes (1 switches on core 0)
Aug 19 10:44:31.127878 np0000032567 devstack@n-api.service[70320]: DEBUG nova.api.openstack.wsgi [None req-bb7cdc64-018e-4269-9dc8-83deba1a733d admin admin] Calling method '<bound method VersionsV2.index of <nova.api.openstack.compute.versions.VersionsV2 object at 0x7f12a16120b0>>' {{(pid=70320) _process_stack /opt/stack/nova/nova/api/openstack/wsgi.py:520}}
Aug 19 10:44:31.129426 np0000032567 devstack@n-api.service[70320]: INFO nova.api.openstack.requestlog [None req-bb7cdc64-018e-4269-9dc8-83deba1a733d admin admin] 192.168.1.121 "GET /compute/v2.1" status: 200 len: 391 microversion: 2.1 time: 0.001735
Aug 19 10:44:31.129605 np0000032567 devstack@n-api.service[70320]: [pid: 70320|app: 0|req: 15/30] 192.168.1.121 () {62 vars in 1067 bytes} [Tue Aug 19 10:44:31 2025] GET /compute/v2.1 => generated 391 bytes in 2 msecs (HTTP/1.1 200) 9 headers in 357 bytes (1 switches on core 0)
Aug 19 10:44:31.155567 np0000032567 devstack@n-api.service[70319]: DEBUG nova.api.openstack.wsgi [None req-eee817b6-3387-4950-9bd6-8fe07c107c52 admin admin] Action: 'create', calling method: <bound method FlavorsController.create of <nova.api.openstack.compute.flavors.FlavorsController object at 0x7f12a1169ae0>>, body: {"flavor": {"name": "m1.large", "OS-FLV-EXT-DATA:ephemeral": 0, "rxtx_factor": 1.0, "vcpus": 4, "os-flavor-access:is_public": true, "disk": 80, "id": "4", "ram": 8192, "swap": 0}} {{(pid=70319) _process_stack /opt/stack/nova/nova/api/openstack/wsgi.py:518}}
Aug 19 10:44:31.165394 np0000032567 devstack@n-api.service[70319]: INFO nova.api.openstack.requestlog [None req-eee817b6-3387-4950-9bd6-8fe07c107c52 admin admin] 192.168.1.121 "POST /compute/v2.1/flavors" status: 200 len: 411 microversion: 2.61 time: 0.029369
Aug 19 10:44:31.165656 np0000032567 devstack@n-api.service[70319]: [pid: 70319|app: 0|req: 16/31] 192.168.1.121 () {72 vars in 1419 bytes} [Tue Aug 19 10:44:31 2025] POST /compute/v2.1/flavors => generated 411 bytes in 30 msecs (HTTP/1.1 200) 9 headers in 359 bytes (1 switches on core 0)
Aug 19 10:44:31.175987 np0000032567 devstack@n-api.service[70320]: DEBUG nova.api.openstack.wsgi [None req-49d36dee-5cb5-4294-bcec-d5feb26c5105 admin admin] Action: 'create', calling method: <bound method FlavorExtraSpecsController.create of <nova.api.openstack.compute.flavors_extraspecs.FlavorExtraSpecsController object at 0x7f12a1166b00>>, body: {"extra_specs": {"hw_rng:allowed": "True"}} {{(pid=70320) _process_stack /opt/stack/nova/nova/api/openstack/wsgi.py:518}}
Aug 19 10:44:31.188407 np0000032567 devstack@n-api.service[70320]: INFO nova.api.openstack.requestlog [None req-49d36dee-5cb5-4294-bcec-d5feb26c5105 admin admin] 192.168.1.121 "POST /compute/v2.1/flavors/4/os-extra_specs" status: 200 len: 43 microversion: 2.61 time: 0.014118
Aug 19 10:44:31.188667 np0000032567 devstack@n-api.service[70320]: [pid: 70320|app: 0|req: 16/32] 192.168.1.121 () {72 vars in 1469 bytes} [Tue Aug 19 10:44:31 2025] POST /compute/v2.1/flavors/4/os-extra_specs => generated 43 bytes in 14 msecs (HTTP/1.1 200) 9 headers in 358 bytes (1 switches on core 0)
Aug 19 10:44:31.296385 np0000032567 devstack@n-api.service[70319]: DEBUG nova.api.openstack.wsgi [None req-eee817b6-3387-4950-9bd6-8fe07c107c52 admin admin] Calling method '<bound method VersionsV2.index of <nova.api.openstack.compute.versions.VersionsV2 object at 0x7f12a1649c60>>' {{(pid=70319) _process_stack /opt/stack/nova/nova/api/openstack/wsgi.py:520}}
Aug 19 10:44:31.296385 np0000032567 devstack@n-api.service[70319]: INFO nova.api.openstack.requestlog [None req-eee817b6-3387-4950-9bd6-8fe07c107c52 admin admin] 192.168.1.121 "GET /compute/v2.1" status: 200 len: 391 microversion: 2.1 time: 0.001736
Aug 19 10:44:31.296385 np0000032567 devstack@n-api.service[70319]: [pid: 70319|app: 0|req: 17/33] 192.168.1.121 () {62 vars in 1067 bytes} [Tue Aug 19 10:44:31 2025] GET /compute/v2.1 => generated 391 bytes in 2 msecs (HTTP/1.1 200) 9 headers in 357 bytes (1 switches on core 0)
Aug 19 10:44:31.327861 np0000032567 devstack@n-api.service[70320]: DEBUG nova.api.openstack.wsgi [None req-a6798d68-4dc5-47c8-a6b8-13ed505b203e admin admin] Action: 'create', calling method: <bound method FlavorsController.create of <nova.api.openstack.compute.flavors.FlavorsController object at 0x7f12a11658d0>>, body: {"flavor": {"name": "m1.xlarge", "OS-FLV-EXT-DATA:ephemeral": 0, "rxtx_factor": 1.0, "vcpus": 8, "os-flavor-access:is_public": true, "disk": 160, "id": "5", "ram": 16384, "swap": 0}} {{(pid=70320) _process_stack /opt/stack/nova/nova/api/openstack/wsgi.py:518}}
Aug 19 10:44:31.341387 np0000032567 devstack@n-api.service[70320]: INFO nova.api.openstack.requestlog [None req-a6798d68-4dc5-47c8-a6b8-13ed505b203e admin admin] 192.168.1.121 "POST /compute/v2.1/flavors" status: 200 len: 414 microversion: 2.61 time: 0.036993
Aug 19 10:44:31.342045 np0000032567 devstack@n-api.service[70320]: [pid: 70320|app: 0|req: 17/34] 192.168.1.121 () {72 vars in 1419 bytes} [Tue Aug 19 10:44:31 2025] POST /compute/v2.1/flavors => generated 414 bytes in 38 msecs (HTTP/1.1 200) 9 headers in 359 bytes (1 switches on core 0)
Aug 19 10:44:31.354744 np0000032567 devstack@n-api.service[70319]: DEBUG nova.api.openstack.wsgi [None req-ccd6a047-fc9d-48bc-a4fd-d81fd8875c3d admin admin] Action: 'create', calling method: <bound method FlavorExtraSpecsController.create of <nova.api.openstack.compute.flavors_extraspecs.FlavorExtraSpecsController object at 0x7f12a116ada0>>, body: {"extra_specs": {"hw_rng:allowed": "True"}} {{(pid=70319) _process_stack /opt/stack/nova/nova/api/openstack/wsgi.py:518}}
Aug 19 10:44:31.366778 np0000032567 devstack@n-api.service[70319]: INFO nova.api.openstack.requestlog [None req-ccd6a047-fc9d-48bc-a4fd-d81fd8875c3d admin admin] 192.168.1.121 "POST /compute/v2.1/flavors/5/os-extra_specs" status: 200 len: 43 microversion: 2.61 time: 0.016750
Aug 19 10:44:31.367265 np0000032567 devstack@n-api.service[70319]: [pid: 70319|app: 0|req: 18/35] 192.168.1.121 () {72 vars in 1469 bytes} [Tue Aug 19 10:44:31 2025] POST /compute/v2.1/flavors/5/os-extra_specs => generated 43 bytes in 17 msecs (HTTP/1.1 200) 9 headers in 358 bytes (1 switches on core 0)
Aug 19 10:44:35.491417 np0000032567 devstack@n-api.service[70320]: DEBUG nova.api.openstack.wsgi [None req-a6798d68-4dc5-47c8-a6b8-13ed505b203e admin admin] Calling method '<bound method VersionsV2.index of <nova.api.openstack.compute.versions.VersionsV2 object at 0x7f12a16120b0>>' {{(pid=70320) _process_stack /opt/stack/nova/nova/api/openstack/wsgi.py:520}}
Aug 19 10:44:35.493006 np0000032567 devstack@n-api.service[70320]: INFO nova.api.openstack.requestlog [None req-a6798d68-4dc5-47c8-a6b8-13ed505b203e admin admin] 192.168.1.121 "GET /compute/v2.1" status: 200 len: 391 microversion: 2.1 time: 0.001779
Aug 19 10:44:35.493199 np0000032567 devstack@n-api.service[70320]: [pid: 70320|app: 0|req: 18/36] 192.168.1.121 () {62 vars in 1067 bytes} [Tue Aug 19 10:44:35 2025] GET /compute/v2.1 => generated 391 bytes in 2 msecs (HTTP/1.1 200) 9 headers in 357 bytes (1 switches on core 0)
Aug 19 10:44:35.517308 np0000032567 devstack@n-api.service[70319]: DEBUG nova.api.openstack.wsgi [None req-4f33c69e-6a5d-4e40-a46c-a2c4d4e64571 admin admin] Calling method '<bound method FlavorsController.detail of <nova.api.openstack.compute.flavors.FlavorsController object at 0x7f12a116a080>>' {{(pid=70319) _process_stack /opt/stack/nova/nova/api/openstack/wsgi.py:520}}
Aug 19 10:44:35.524998 np0000032567 devstack@n-api.service[70319]: INFO nova.api.openstack.requestlog [None req-4f33c69e-6a5d-4e40-a46c-a2c4d4e64571 admin admin] 192.168.1.121 "GET /compute/v2.1/flavors/detail?is_public=True" status: 200 len: 4262 microversion: 2.61 time: 0.026389
Aug 19 10:44:35.525258 np0000032567 devstack@n-api.service[70319]: [pid: 70319|app: 0|req: 19/37] 192.168.1.121 () {68 vars in 1428 bytes} [Tue Aug 19 10:44:35 2025] GET /compute/v2.1/flavors/detail?is_public=True => generated 4262 bytes in 27 msecs (HTTP/1.1 200) 9 headers in 360 bytes (1 switches on core 0)
Aug 19 10:44:35.633027 np0000032567 devstack@n-api.service[70320]: DEBUG nova.api.openstack.wsgi [None req-a6798d68-4dc5-47c8-a6b8-13ed505b203e admin admin] Calling method '<bound method VersionsV2.index of <nova.api.openstack.compute.versions.VersionsV2 object at 0x7f12a16120b0>>' {{(pid=70320) _process_stack /opt/stack/nova/nova/api/openstack/wsgi.py:520}}
Aug 19 10:44:35.634558 np0000032567 devstack@n-api.service[70320]: INFO nova.api.openstack.requestlog [None req-a6798d68-4dc5-47c8-a6b8-13ed505b203e admin admin] 192.168.1.121 "GET /compute/v2.1" status: 200 len: 391 microversion: 2.1 time: 0.001733
Aug 19 10:44:35.634739 np0000032567 devstack@n-api.service[70320]: [pid: 70320|app: 0|req: 19/38] 192.168.1.121 () {62 vars in 1067 bytes} [Tue Aug 19 10:44:35 2025] GET /compute/v2.1 => generated 391 bytes in 2 msecs (HTTP/1.1 200) 9 headers in 357 bytes (1 switches on core 0)
Aug 19 10:44:35.658514 np0000032567 devstack@n-api.service[70319]: DEBUG nova.api.openstack.wsgi [None req-f1c29864-c01b-4b6e-8309-88fd300277dd admin admin] Action: 'create', calling method: <bound method FlavorsController.create of <nova.api.openstack.compute.flavors.FlavorsController object at 0x7f12a1169ae0>>, body: {"flavor": {"name": "manila-service-flavor", "OS-FLV-EXT-DATA:ephemeral": 0, "rxtx_factor": 1.0, "vcpus": 1, "os-flavor-access:is_public": true, "disk": 5, "id": "100", "ram": 1024, "swap": 0}} {{(pid=70319) _process_stack /opt/stack/nova/nova/api/openstack/wsgi.py:518}}
Aug 19 10:44:35.668260 np0000032567 devstack@n-api.service[70319]: INFO nova.api.openstack.requestlog [None req-f1c29864-c01b-4b6e-8309-88fd300277dd admin admin] 192.168.1.121 "POST /compute/v2.1/flavors" status: 200 len: 429 microversion: 2.61 time: 0.028224
Aug 19 10:44:35.668556 np0000032567 devstack@n-api.service[70319]: [pid: 70319|app: 0|req: 20/39] 192.168.1.121 () {72 vars in 1419 bytes} [Tue Aug 19 10:44:35 2025] POST /compute/v2.1/flavors => generated 429 bytes in 29 msecs (HTTP/1.1 200) 9 headers in 359 bytes (1 switches on core 0)
Aug 19 10:45:31.721415 np0000032567 devstack@n-api.service[70320]: DEBUG nova.api.openstack.wsgi [None req-a6798d68-4dc5-47c8-a6b8-13ed505b203e admin admin] Calling method '<bound method VersionsV2.index of <nova.api.openstack.compute.versions.VersionsV2 object at 0x7f12a16120b0>>' {{(pid=70320) _process_stack /opt/stack/nova/nova/api/openstack/wsgi.py:520}}
Aug 19 10:45:31.723033 np0000032567 devstack@n-api.service[70320]: INFO nova.api.openstack.requestlog [None req-a6798d68-4dc5-47c8-a6b8-13ed505b203e admin admin] 192.168.1.121 "GET /compute/v2.1" status: 200 len: 391 microversion: 2.1 time: 0.001900
Aug 19 10:45:31.723235 np0000032567 devstack@n-api.service[70320]: [pid: 70320|app: 0|req: 20/40] 192.168.1.121 () {62 vars in 1067 bytes} [Tue Aug 19 10:45:31 2025] GET /compute/v2.1 => generated 391 bytes in 2 msecs (HTTP/1.1 200) 9 headers in 357 bytes (1 switches on core 0)
Aug 19 10:45:31.732656 np0000032567 devstack@n-api.service[70319]: DEBUG dbcounter [-] [70319] Writing DB stats nova_api:SELECT=23,nova_api:INSERT=11,nova_api:SAVEPOINT=5,nova_api:RELEASE=5 {{(pid=70319) stat_writer /opt/stack/data/venv/lib/python3.10/site-packages/dbcounter.py:115}}
Aug 19 10:45:31.750615 np0000032567 devstack@n-api.service[70319]: DEBUG nova.api.openstack.wsgi [None req-2dded14f-ecc9-4dff-bae5-e00fff69e0e2 admin admin] Calling method '<function Controller.__getattribute__.<locals>.version_select at 0x7f12a0ccdab0>' {{(pid=70319) _process_stack /opt/stack/nova/nova/api/openstack/wsgi.py:520}}
Aug 19 10:45:31.752730 np0000032567 devstack@n-api.service[70319]: WARNING oslo_db.sqlalchemy.utils [None req-2dded14f-ecc9-4dff-bae5-e00fff69e0e2 admin admin] Unique keys not in sort_keys. The sorting order may be unstable.
Aug 19 10:45:31.758434 np0000032567 devstack@n-api.service[70319]: INFO nova.api.openstack.requestlog [None req-2dded14f-ecc9-4dff-bae5-e00fff69e0e2 admin admin] 192.168.1.121 "GET /compute/v2.1/os-keypairs" status: 200 len: 16 microversion: 2.10 time: 0.029467
