Aug 04 11:19:42.754988 np0000032176 devstack@n-api.service[68944]: DEBUG oslo_concurrency.lockutils [None req-fb00302b-6bcc-4b91-ae80-65065c9d1eb4 None None] Acquiring lock "00000000-0000-0000-0000-000000000000" by "nova.context.set_target_cell.<locals>.get_or_set_cached_cell_and_set_connections" {{(pid=68944) inner /opt/stack/data/venv/lib/python3.12/site-packages/oslo_concurrency/lockutils.py:405}}
Aug 04 11:19:42.755012 np0000032176 devstack@n-api.service[68945]: DEBUG oslo_concurrency.lockutils [None req-e2403d3e-6288-43d2-b4ba-a9dbf6a71daa None None] Acquiring lock "00000000-0000-0000-0000-000000000000" by "nova.context.set_target_cell.<locals>.get_or_set_cached_cell_and_set_connections" {{(pid=68945) inner /opt/stack/data/venv/lib/python3.12/site-packages/oslo_concurrency/lockutils.py:405}}
Aug 04 11:19:42.755156 np0000032176 devstack@n-api.service[68944]: DEBUG oslo_concurrency.lockutils [None req-fb00302b-6bcc-4b91-ae80-65065c9d1eb4 None None] Lock "00000000-0000-0000-0000-000000000000" acquired by "nova.context.set_target_cell.<locals>.get_or_set_cached_cell_and_set_connections" :: waited 0.000s {{(pid=68944) inner /opt/stack/data/venv/lib/python3.12/site-packages/oslo_concurrency/lockutils.py:410}}
Aug 04 11:19:42.755175 np0000032176 devstack@n-api.service[68945]: DEBUG oslo_concurrency.lockutils [None req-e2403d3e-6288-43d2-b4ba-a9dbf6a71daa None None] Lock "00000000-0000-0000-0000-000000000000" acquired by "nova.context.set_target_cell.<locals>.get_or_set_cached_cell_and_set_connections" :: waited 0.000s {{(pid=68945) inner /opt/stack/data/venv/lib/python3.12/site-packages/oslo_concurrency/lockutils.py:410}}
Aug 04 11:19:42.755476 np0000032176 devstack@n-api.service[68945]: DEBUG oslo_concurrency.lockutils [None req-e2403d3e-6288-43d2-b4ba-a9dbf6a71daa None None] Lock "00000000-0000-0000-0000-000000000000" "released" by "nova.context.set_target_cell.<locals>.get_or_set_cached_cell_and_set_connections" :: held 0.000s {{(pid=68945) inner /opt/stack/data/venv/lib/python3.12/site-packages/oslo_concurrency/lockutils.py:424}}
Aug 04 11:19:42.755499 np0000032176 devstack@n-api.service[68944]: DEBUG oslo_concurrency.lockutils [None req-fb00302b-6bcc-4b91-ae80-65065c9d1eb4 None None] Lock "00000000-0000-0000-0000-000000000000" "released" by "nova.context.set_target_cell.<locals>.get_or_set_cached_cell_and_set_connections" :: held 0.000s {{(pid=68944) inner /opt/stack/data/venv/lib/python3.12/site-packages/oslo_concurrency/lockutils.py:424}}
Aug 04 11:19:42.755784 np0000032176 devstack@n-api.service[68945]: DEBUG oslo_concurrency.lockutils [None req-e2403d3e-6288-43d2-b4ba-a9dbf6a71daa None None] Acquiring lock "bbaddc48-0c35-4a4a-b6ca-32d32908ea75" by "nova.context.set_target_cell.<locals>.get_or_set_cached_cell_and_set_connections" {{(pid=68945) inner /opt/stack/data/venv/lib/python3.12/site-packages/oslo_concurrency/lockutils.py:405}}
Aug 04 11:19:42.755803 np0000032176 devstack@n-api.service[68944]: DEBUG oslo_concurrency.lockutils [None req-fb00302b-6bcc-4b91-ae80-65065c9d1eb4 None None] Acquiring lock "bbaddc48-0c35-4a4a-b6ca-32d32908ea75" by "nova.context.set_target_cell.<locals>.get_or_set_cached_cell_and_set_connections" {{(pid=68944) inner /opt/stack/data/venv/lib/python3.12/site-packages/oslo_concurrency/lockutils.py:405}}
Aug 04 11:19:42.755919 np0000032176 devstack@n-api.service[68945]: DEBUG oslo_concurrency.lockutils [None req-e2403d3e-6288-43d2-b4ba-a9dbf6a71daa None None] Lock "bbaddc48-0c35-4a4a-b6ca-32d32908ea75" acquired by "nova.context.set_target_cell.<locals>.get_or_set_cached_cell_and_set_connections" :: waited 0.000s {{(pid=68945) inner /opt/stack/data/venv/lib/python3.12/site-packages/oslo_concurrency/lockutils.py:410}}
Aug 04 11:19:42.755939 np0000032176 devstack@n-api.service[68944]: DEBUG oslo_concurrency.lockutils [None req-fb00302b-6bcc-4b91-ae80-65065c9d1eb4 None None] Lock "bbaddc48-0c35-4a4a-b6ca-32d32908ea75" acquired by "nova.context.set_target_cell.<locals>.get_or_set_cached_cell_and_set_connections" :: waited 0.000s {{(pid=68944) inner /opt/stack/data/venv/lib/python3.12/site-packages/oslo_concurrency/lockutils.py:410}}
Aug 04 11:19:42.756582 np0000032176 devstack@n-api.service[68944]: DEBUG oslo_concurrency.lockutils [None req-fb00302b-6bcc-4b91-ae80-65065c9d1eb4 None None] Lock "bbaddc48-0c35-4a4a-b6ca-32d32908ea75" "released" by "nova.context.set_target_cell.<locals>.get_or_set_cached_cell_and_set_connections" :: held 0.001s {{(pid=68944) inner /opt/stack/data/venv/lib/python3.12/site-packages/oslo_concurrency/lockutils.py:424}}
Aug 04 11:19:42.756601 np0000032176 devstack@n-api.service[68945]: DEBUG oslo_concurrency.lockutils [None req-e2403d3e-6288-43d2-b4ba-a9dbf6a71daa None None] Lock "bbaddc48-0c35-4a4a-b6ca-32d32908ea75" "released" by "nova.context.set_target_cell.<locals>.get_or_set_cached_cell_and_set_connections" :: held 0.001s {{(pid=68945) inner /opt/stack/data/venv/lib/python3.12/site-packages/oslo_concurrency/lockutils.py:424}}
Aug 04 11:19:42.757654 np0000032176 devstack@n-api.service[68945]: INFO dbcounter [None req-e2403d3e-6288-43d2-b4ba-a9dbf6a71daa None None] Registered counter for database nova_cell0
Aug 04 11:19:42.757677 np0000032176 devstack@n-api.service[68944]: INFO dbcounter [None req-fb00302b-6bcc-4b91-ae80-65065c9d1eb4 None None] Registered counter for database nova_cell0
Aug 04 11:19:42.759440 np0000032176 devstack@n-api.service[68945]: INFO dbcounter [None req-e2403d3e-6288-43d2-b4ba-a9dbf6a71daa None None] Registered counter for database nova_cell1
Aug 04 11:19:42.759608 np0000032176 devstack@n-api.service[68944]: INFO dbcounter [None req-fb00302b-6bcc-4b91-ae80-65065c9d1eb4 None None] Registered counter for database nova_cell1
Aug 04 11:19:42.762372 np0000032176 devstack@n-api.service[68945]: DEBUG oslo_db.sqlalchemy.engines [None req-e2403d3e-6288-43d2-b4ba-a9dbf6a71daa None None] MySQL server mode set to STRICT_TRANS_TABLES,STRICT_ALL_TABLES,NO_ZERO_IN_DATE,NO_ZERO_DATE,ERROR_FOR_DIVISION_BY_ZERO,TRADITIONAL,NO_ENGINE_SUBSTITUTION {{(pid=68945) _check_effective_sql_mode /opt/stack/data/venv/lib/python3.12/site-packages/oslo_db/sqlalchemy/engines.py:397}}
Aug 04 11:19:42.766327 np0000032176 devstack@n-api.service[68944]: DEBUG oslo_db.sqlalchemy.engines [None req-fb00302b-6bcc-4b91-ae80-65065c9d1eb4 None None] MySQL server mode set to STRICT_TRANS_TABLES,STRICT_ALL_TABLES,NO_ZERO_IN_DATE,NO_ZERO_DATE,ERROR_FOR_DIVISION_BY_ZERO,TRADITIONAL,NO_ENGINE_SUBSTITUTION {{(pid=68944) _check_effective_sql_mode /opt/stack/data/venv/lib/python3.12/site-packages/oslo_db/sqlalchemy/engines.py:397}}
Aug 04 11:19:42.822330 np0000032176 devstack@n-api.service[68945]: DEBUG oslo_db.sqlalchemy.engines [None req-e2403d3e-6288-43d2-b4ba-a9dbf6a71daa None None] MySQL server mode set to STRICT_TRANS_TABLES,STRICT_ALL_TABLES,NO_ZERO_IN_DATE,NO_ZERO_DATE,ERROR_FOR_DIVISION_BY_ZERO,TRADITIONAL,NO_ENGINE_SUBSTITUTION {{(pid=68945) _check_effective_sql_mode /opt/stack/data/venv/lib/python3.12/site-packages/oslo_db/sqlalchemy/engines.py:397}}
Aug 04 11:19:42.822621 np0000032176 devstack@n-api.service[68945]: DEBUG dbcounter [-] [68945] Writer thread running {{(pid=68945) stat_writer /opt/stack/data/venv/lib/python3.12/site-packages/dbcounter.py:102}}
Aug 04 11:19:42.825363 np0000032176 devstack@n-api.service[68944]: DEBUG oslo_db.sqlalchemy.engines [None req-fb00302b-6bcc-4b91-ae80-65065c9d1eb4 None None] MySQL server mode set to STRICT_TRANS_TABLES,STRICT_ALL_TABLES,NO_ZERO_IN_DATE,NO_ZERO_DATE,ERROR_FOR_DIVISION_BY_ZERO,TRADITIONAL,NO_ENGINE_SUBSTITUTION {{(pid=68944) _check_effective_sql_mode /opt/stack/data/venv/lib/python3.12/site-packages/oslo_db/sqlalchemy/engines.py:397}}
Aug 04 11:19:42.825648 np0000032176 devstack@n-api.service[68944]: DEBUG dbcounter [-] [68944] Writer thread running {{(pid=68944) stat_writer /opt/stack/data/venv/lib/python3.12/site-packages/dbcounter.py:102}}
Aug 04 11:19:42.826022 np0000032176 devstack@n-api.service[68945]: DEBUG dbcounter [-] [68945] Writer thread running {{(pid=68945) stat_writer /opt/stack/data/venv/lib/python3.12/site-packages/dbcounter.py:102}}
Aug 04 11:19:42.827768 np0000032176 devstack@n-api.service[68945]: INFO dbcounter [None req-e2403d3e-6288-43d2-b4ba-a9dbf6a71daa None None] Registered counter for database nova_cell0
Aug 04 11:19:42.829036 np0000032176 devstack@n-api.service[68944]: DEBUG dbcounter [-] [68944] Writer thread running {{(pid=68944) stat_writer /opt/stack/data/venv/lib/python3.12/site-packages/dbcounter.py:102}}
Aug 04 11:19:42.830746 np0000032176 devstack@n-api.service[68944]: INFO dbcounter [None req-fb00302b-6bcc-4b91-ae80-65065c9d1eb4 None None] Registered counter for database nova_cell0
Aug 04 11:19:42.832573 np0000032176 devstack@n-api.service[68945]: DEBUG oslo_db.sqlalchemy.engines [None req-e2403d3e-6288-43d2-b4ba-a9dbf6a71daa None None] MySQL server mode set to STRICT_TRANS_TABLES,STRICT_ALL_TABLES,NO_ZERO_IN_DATE,NO_ZERO_DATE,ERROR_FOR_DIVISION_BY_ZERO,TRADITIONAL,NO_ENGINE_SUBSTITUTION {{(pid=68945) _check_effective_sql_mode /opt/stack/data/venv/lib/python3.12/site-packages/oslo_db/sqlalchemy/engines.py:397}}
Aug 04 11:19:42.835527 np0000032176 devstack@n-api.service[68944]: DEBUG oslo_db.sqlalchemy.engines [None req-fb00302b-6bcc-4b91-ae80-65065c9d1eb4 None None] MySQL server mode set to STRICT_TRANS_TABLES,STRICT_ALL_TABLES,NO_ZERO_IN_DATE,NO_ZERO_DATE,ERROR_FOR_DIVISION_BY_ZERO,TRADITIONAL,NO_ENGINE_SUBSTITUTION {{(pid=68944) _check_effective_sql_mode /opt/stack/data/venv/lib/python3.12/site-packages/oslo_db/sqlalchemy/engines.py:397}}
Aug 04 11:19:42.836092 np0000032176 devstack@n-api.service[68945]: DEBUG dbcounter [-] [68945] Writer thread running {{(pid=68945) stat_writer /opt/stack/data/venv/lib/python3.12/site-packages/dbcounter.py:102}}
Aug 04 11:19:42.839082 np0000032176 devstack@n-api.service[68944]: DEBUG dbcounter [-] [68944] Writer thread running {{(pid=68944) stat_writer /opt/stack/data/venv/lib/python3.12/site-packages/dbcounter.py:102}}
Aug 04 11:19:43.180013 np0000032176 devstack@n-api.service[68944]: DEBUG oslo_concurrency.processutils [None req-fb00302b-6bcc-4b91-ae80-65065c9d1eb4 None None] Running cmd (subprocess): grep -F node.session.scan /sbin/iscsiadm {{(pid=68944) execute /opt/stack/data/venv/lib/python3.12/site-packages/oslo_concurrency/processutils.py:349}}
Aug 04 11:19:43.181080 np0000032176 devstack@n-api.service[68945]: DEBUG oslo_concurrency.processutils [None req-e2403d3e-6288-43d2-b4ba-a9dbf6a71daa None None] Running cmd (subprocess): grep -F node.session.scan /sbin/iscsiadm {{(pid=68945) execute /opt/stack/data/venv/lib/python3.12/site-packages/oslo_concurrency/processutils.py:349}}
Aug 04 11:19:43.187200 np0000032176 devstack@n-api.service[68944]: DEBUG oslo_concurrency.processutils [None req-fb00302b-6bcc-4b91-ae80-65065c9d1eb4 None None] CMD "grep -F node.session.scan /sbin/iscsiadm" returned: 0 in 0.007s {{(pid=68944) execute /opt/stack/data/venv/lib/python3.12/site-packages/oslo_concurrency/processutils.py:372}}
Aug 04 11:19:43.187911 np0000032176 devstack@n-api.service[68945]: DEBUG oslo_concurrency.processutils [None req-e2403d3e-6288-43d2-b4ba-a9dbf6a71daa None None] CMD "grep -F node.session.scan /sbin/iscsiadm" returned: 0 in 0.007s {{(pid=68945) execute /opt/stack/data/venv/lib/python3.12/site-packages/oslo_concurrency/processutils.py:372}}
Aug 04 11:19:43.474276 np0000032176 devstack@n-api.service[68945]: WARNING keystonemiddleware.auth_token [None req-e2403d3e-6288-43d2-b4ba-a9dbf6a71daa None None] AuthToken middleware is set with keystone_authtoken.service_token_roles_required set to False. This is backwards compatible but deprecated behaviour. Please set this to True.
Aug 04 11:19:43.474355 np0000032176 devstack@n-api.service[68944]: WARNING keystonemiddleware.auth_token [None req-fb00302b-6bcc-4b91-ae80-65065c9d1eb4 None None] AuthToken middleware is set with keystone_authtoken.service_token_roles_required set to False. This is backwards compatible but deprecated behaviour. Please set this to True.
Aug 04 11:19:43.477484 np0000032176 devstack@n-api.service[68945]: WARNING keystonemiddleware.auth_token [None req-e2403d3e-6288-43d2-b4ba-a9dbf6a71daa None None] Configuring www_authenticate_uri to point to the public identity endpoint is required; clients may not be able to authenticate against an admin endpoint
Aug 04 11:19:43.477511 np0000032176 devstack@n-api.service[68944]: WARNING keystonemiddleware.auth_token [None req-fb00302b-6bcc-4b91-ae80-65065c9d1eb4 None None] Configuring www_authenticate_uri to point to the public identity endpoint is required; clients may not be able to authenticate against an admin endpoint
Aug 04 11:19:43.631188 np0000032176 devstack@n-api.service[68944]: WARNING keystonemiddleware.auth_token [None req-fb00302b-6bcc-4b91-ae80-65065c9d1eb4 None None] AuthToken middleware is set with keystone_authtoken.service_token_roles_required set to False. This is backwards compatible but deprecated behaviour. Please set this to True.
Aug 04 11:19:43.631412 np0000032176 devstack@n-api.service[68945]: WARNING keystonemiddleware.auth_token [None req-e2403d3e-6288-43d2-b4ba-a9dbf6a71daa None None] AuthToken middleware is set with keystone_authtoken.service_token_roles_required set to False. This is backwards compatible but deprecated behaviour. Please set this to True.
Aug 04 11:19:43.633672 np0000032176 devstack@n-api.service[68944]: WARNING keystonemiddleware.auth_token [None req-fb00302b-6bcc-4b91-ae80-65065c9d1eb4 None None] Configuring www_authenticate_uri to point to the public identity endpoint is required; clients may not be able to authenticate against an admin endpoint
Aug 04 11:19:43.633750 np0000032176 devstack@n-api.service[68945]: WARNING keystonemiddleware.auth_token [None req-e2403d3e-6288-43d2-b4ba-a9dbf6a71daa None None] Configuring www_authenticate_uri to point to the public identity endpoint is required; clients may not be able to authenticate against an admin endpoint
Aug 04 11:19:43.635524 np0000032176 devstack@n-api.service[68944]: WSGI app 0 (mountpoint='') ready in 2 seconds on interpreter 0x7f986e4a39e8 pid: 68944 (default app)
Aug 04 11:19:43.635578 np0000032176 devstack@n-api.service[68945]: WSGI app 0 (mountpoint='') ready in 2 seconds on interpreter 0x7f986e4a39e8 pid: 68945 (default app)
Aug 04 11:19:43.636426 np0000032176 devstack@n-api.service[68944]: DEBUG nova.api.openstack.wsgi [None req-fb00302b-6bcc-4b91-ae80-65065c9d1eb4 None None] Calling method '<bound method VersionsV2.index of <nova.api.openstack.compute.versions.VersionsV2 object at 0x7f98687c3b60>>' {{(pid=68944) _process_stack /opt/stack/nova/nova/api/openstack/wsgi.py:552}}
Aug 04 11:19:43.638957 np0000032176 devstack@n-api.service[68944]: INFO nova.api.openstack.requestlog [None req-fb00302b-6bcc-4b91-ae80-65065c9d1eb4 None None] 192.168.1.140 "GET /compute/v2.1/" status: 200 len: 391 microversion: 2.1 time: 0.002733
Aug 04 11:19:43.639134 np0000032176 devstack@n-api.service[68944]: [pid: 68944|app: 0|req: 1/1] 192.168.1.140 () {50 vars in 771 bytes} [Mon Aug  4 11:19:43 2025] GET /compute/v2.1/ => generated 391 bytes in 3 msecs (HTTP/1.1 200) 9 headers in 357 bytes (1 switches on core 0)
Aug 04 11:20:17.134840 np0000032176 devstack@n-api.service[68945]: DEBUG nova.api.openstack.wsgi [None req-e2403d3e-6288-43d2-b4ba-a9dbf6a71daa None None] Calling method '<bound method VersionsV2.index of <nova.api.openstack.compute.versions.VersionsV2 object at 0x7f9867a01460>>' {{(pid=68945) _process_stack /opt/stack/nova/nova/api/openstack/wsgi.py:552}}
Aug 04 11:20:17.137925 np0000032176 devstack@n-api.service[68945]: INFO nova.api.openstack.requestlog [None req-e2403d3e-6288-43d2-b4ba-a9dbf6a71daa None None] 192.168.1.140 "GET /compute/v2.1" status: 200 len: 392 microversion: 2.1 time: 0.003643
Aug 04 11:20:17.138104 np0000032176 devstack@n-api.service[68945]: [pid: 68945|app: 0|req: 1/2] 192.168.1.140 () {62 vars in 1056 bytes} [Mon Aug  4 11:20:17 2025] GET /compute/v2.1 => generated 392 bytes in 4 msecs (HTTP/1.1 200) 9 headers in 357 bytes (1 switches on core 0)
Aug 04 11:20:17.148224 np0000032176 devstack@n-api.service[68944]: DEBUG dbcounter [-] [68944] Writing DB stats nova_api:SELECT=1 {{(pid=68944) stat_writer /opt/stack/data/venv/lib/python3.12/site-packages/dbcounter.py:115}}
Aug 04 11:20:17.148911 np0000032176 devstack@n-api.service[68944]: DEBUG dbcounter [-] [68944] Writing DB stats nova_cell1:SELECT=1 {{(pid=68944) stat_writer /opt/stack/data/venv/lib/python3.12/site-packages/dbcounter.py:115}}
Aug 04 11:20:17.149230 np0000032176 devstack@n-api.service[68944]: DEBUG dbcounter [-] [68944] Writing DB stats nova_cell0:SELECT=1 {{(pid=68944) stat_writer /opt/stack/data/venv/lib/python3.12/site-packages/dbcounter.py:115}}
Aug 04 11:20:17.149534 np0000032176 devstack@n-api.service[68944]: DEBUG dbcounter [-] [68944] Writing DB stats nova_cell0:SELECT=2,nova_cell0:INSERT=1 {{(pid=68944) stat_writer /opt/stack/data/venv/lib/python3.12/site-packages/dbcounter.py:115}}
Aug 04 11:20:17.255233 np0000032176 devstack@n-api.service[68944]: DEBUG nova.api.openstack.wsgi [None req-db245433-7eb7-472a-8e75-b4fe445381d2 admin admin] Calling method '<bound method FlavorsController.detail of <nova.api.openstack.compute.flavors.FlavorsController object at 0x7f98675f29f0>>' {{(pid=68944) _process_stack /opt/stack/nova/nova/api/openstack/wsgi.py:552}}
Aug 04 11:20:17.271620 np0000032176 devstack@n-api.service[68944]: INFO nova.api.openstack.requestlog [None req-db245433-7eb7-472a-8e75-b4fe445381d2 admin admin] 192.168.1.140 "GET /compute/v2.1/flavors/detail?is_public=True" status: 200 len: 15 microversion: 2.61 time: 0.128177
Aug 04 11:20:17.272397 np0000032176 devstack@n-api.service[68944]: [pid: 68944|app: 0|req: 2/3] 192.168.1.140 () {68 vars in 1417 bytes} [Mon Aug  4 11:20:17 2025] GET /compute/v2.1/flavors/detail?is_public=True => generated 15 bytes in 129 msecs (HTTP/1.1 200) 9 headers in 358 bytes (1 switches on core 0)
Aug 04 11:20:17.408315 np0000032176 devstack@n-api.service[68945]: DEBUG nova.api.openstack.wsgi [None req-32efaa67-7b03-4b96-8107-0684da1ab333 admin admin] Action: 'create', calling method: <bound method FlavorsController.create of <nova.api.openstack.compute.flavors.FlavorsController object at 0x7f98675ee9c0>>, body: {"flavor": {"swap": 0, "vcpus": 1, "ram": 256, "os-flavor-access:is_public": true, "rxtx_factor": 1.0, "OS-FLV-EXT-DATA:ephemeral": 0, "name": "cirros256", "disk": 1, "id": "c1"}} {{(pid=68945) _process_stack /opt/stack/nova/nova/api/openstack/wsgi.py:550}}
Aug 04 11:20:17.419154 np0000032176 devstack@n-api.service[68945]: DEBUG dbcounter [-] [68945] Writing DB stats nova_api:SELECT=1 {{(pid=68945) stat_writer /opt/stack/data/venv/lib/python3.12/site-packages/dbcounter.py:115}}
Aug 04 11:20:17.419709 np0000032176 devstack@n-api.service[68945]: DEBUG dbcounter [-] [68945] Writing DB stats nova_cell0:SELECT=1 {{(pid=68945) stat_writer /opt/stack/data/venv/lib/python3.12/site-packages/dbcounter.py:115}}
Aug 04 11:20:17.420007 np0000032176 devstack@n-api.service[68945]: DEBUG dbcounter [-] [68945] Writing DB stats nova_cell1:SELECT=1 {{(pid=68945) stat_writer /opt/stack/data/venv/lib/python3.12/site-packages/dbcounter.py:115}}
Aug 04 11:20:17.420543 np0000032176 devstack@n-api.service[68945]: DEBUG dbcounter [-] [68945] Writing DB stats nova_cell0:SELECT=2,nova_cell0:INSERT=1 {{(pid=68945) stat_writer /opt/stack/data/venv/lib/python3.12/site-packages/dbcounter.py:115}}
Aug 04 11:20:17.438988 np0000032176 devstack@n-api.service[68945]: INFO nova.api.openstack.requestlog [None req-32efaa67-7b03-4b96-8107-0684da1ab333 admin admin] 192.168.1.140 "POST /compute/v2.1/flavors" status: 200 len: 413 microversion: 2.61 time: 0.089470
Aug 04 11:20:17.439208 np0000032176 devstack@n-api.service[68945]: [pid: 68945|app: 0|req: 2/4] 192.168.1.140 () {72 vars in 1408 bytes} [Mon Aug  4 11:20:17 2025] POST /compute/v2.1/flavors => generated 413 bytes in 90 msecs (HTTP/1.1 200) 9 headers in 359 bytes (1 switches on core 0)
Aug 04 11:20:17.447689 np0000032176 devstack@n-api.service[68944]: DEBUG nova.api.openstack.wsgi [None req-39d890b2-fed8-445a-943a-dd37480dc506 admin admin] Action: 'create', calling method: <bound method FlavorExtraSpecsController.create of <nova.api.openstack.compute.flavors_extraspecs.FlavorExtraSpecsController object at 0x7f98675f3140>>, body: {"extra_specs": {"hw_rng:allowed": "True"}} {{(pid=68944) _process_stack /opt/stack/nova/nova/api/openstack/wsgi.py:550}}
Aug 04 11:20:17.470343 np0000032176 devstack@n-api.service[68944]: INFO nova.api.openstack.requestlog [None req-39d890b2-fed8-445a-943a-dd37480dc506 admin admin] 192.168.1.140 "POST /compute/v2.1/flavors/c1/os-extra_specs" status: 200 len: 43 microversion: 2.61 time: 0.024185
Aug 04 11:20:17.470575 np0000032176 devstack@n-api.service[68944]: [pid: 68944|app: 0|req: 3/5] 192.168.1.140 () {72 vars in 1461 bytes} [Mon Aug  4 11:20:17 2025] POST /compute/v2.1/flavors/c1/os-extra_specs => generated 43 bytes in 25 msecs (HTTP/1.1 200) 9 headers in 358 bytes (1 switches on core 0)
Aug 04 11:20:17.549232 np0000032176 devstack@n-api.service[68945]: DEBUG nova.api.openstack.wsgi [None req-83f336f7-780d-4d09-bb25-bc7ed0721231 admin admin] Action: 'create', calling method: <bound method FlavorsController.create of <nova.api.openstack.compute.flavors.FlavorsController object at 0x7f98675ee9c0>>, body: {"flavor": {"swap": 0, "vcpus": 1, "ram": 512, "os-flavor-access:is_public": true, "rxtx_factor": 1.0, "OS-FLV-EXT-DATA:ephemeral": 0, "name": "ds512M", "disk": 5, "id": "d1"}} {{(pid=68945) _process_stack /opt/stack/nova/nova/api/openstack/wsgi.py:550}}
Aug 04 11:20:17.560288 np0000032176 devstack@n-api.service[68945]: INFO nova.api.openstack.requestlog [None req-83f336f7-780d-4d09-bb25-bc7ed0721231 admin admin] 192.168.1.140 "POST /compute/v2.1/flavors" status: 200 len: 410 microversion: 2.61 time: 0.013158
Aug 04 11:20:17.560516 np0000032176 devstack@n-api.service[68945]: [pid: 68945|app: 0|req: 3/6] 192.168.1.140 () {72 vars in 1408 bytes} [Mon Aug  4 11:20:17 2025] POST /compute/v2.1/flavors => generated 410 bytes in 13 msecs (HTTP/1.1 200) 9 headers in 359 bytes (1 switches on core 0)
Aug 04 11:20:17.568147 np0000032176 devstack@n-api.service[68944]: DEBUG nova.api.openstack.wsgi [None req-bfd7b335-2ca5-48e9-b74d-12ed3a97f40c admin admin] Action: 'create', calling method: <bound method FlavorExtraSpecsController.create of <nova.api.openstack.compute.flavors_extraspecs.FlavorExtraSpecsController object at 0x7f98675f3140>>, body: {"extra_specs": {"hw_rng:allowed": "True"}} {{(pid=68944) _process_stack /opt/stack/nova/nova/api/openstack/wsgi.py:550}}
Aug 04 11:20:17.582217 np0000032176 devstack@n-api.service[68944]: INFO nova.api.openstack.requestlog [None req-bfd7b335-2ca5-48e9-b74d-12ed3a97f40c admin admin] 192.168.1.140 "POST /compute/v2.1/flavors/d1/os-extra_specs" status: 200 len: 43 microversion: 2.61 time: 0.015497
Aug 04 11:20:17.582571 np0000032176 devstack@n-api.service[68944]: [pid: 68944|app: 0|req: 4/7] 192.168.1.140 () {72 vars in 1461 bytes} [Mon Aug  4 11:20:17 2025] POST /compute/v2.1/flavors/d1/os-extra_specs => generated 43 bytes in 16 msecs (HTTP/1.1 200) 9 headers in 358 bytes (1 switches on core 0)
Aug 04 11:20:17.659285 np0000032176 devstack@n-api.service[68945]: DEBUG nova.api.openstack.wsgi [None req-637fdf94-96cb-4c90-9e53-4c7c660b5193 admin admin] Action: 'create', calling method: <bound method FlavorsController.create of <nova.api.openstack.compute.flavors.FlavorsController object at 0x7f98675ee9c0>>, body: {"flavor": {"swap": 0, "vcpus": 1, "ram": 1024, "os-flavor-access:is_public": true, "rxtx_factor": 1.0, "OS-FLV-EXT-DATA:ephemeral": 0, "name": "ds1G", "disk": 10, "id": "d2"}} {{(pid=68945) _process_stack /opt/stack/nova/nova/api/openstack/wsgi.py:550}}
Aug 04 11:20:17.670480 np0000032176 devstack@n-api.service[68945]: INFO nova.api.openstack.requestlog [None req-637fdf94-96cb-4c90-9e53-4c7c660b5193 admin admin] 192.168.1.140 "POST /compute/v2.1/flavors" status: 200 len: 410 microversion: 2.61 time: 0.012730
Aug 04 11:20:17.670736 np0000032176 devstack@n-api.service[68945]: [pid: 68945|app: 0|req: 4/8] 192.168.1.140 () {72 vars in 1408 bytes} [Mon Aug  4 11:20:17 2025] POST /compute/v2.1/flavors => generated 410 bytes in 13 msecs (HTTP/1.1 200) 9 headers in 359 bytes (1 switches on core 0)
Aug 04 11:20:17.678518 np0000032176 devstack@n-api.service[68944]: DEBUG nova.api.openstack.wsgi [None req-be137886-919c-444a-a168-ed41e0e7006d admin admin] Action: 'create', calling method: <bound method FlavorExtraSpecsController.create of <nova.api.openstack.compute.flavors_extraspecs.FlavorExtraSpecsController object at 0x7f98675f3140>>, body: {"extra_specs": {"hw_rng:allowed": "True"}} {{(pid=68944) _process_stack /opt/stack/nova/nova/api/openstack/wsgi.py:550}}
Aug 04 11:20:17.689971 np0000032176 devstack@n-api.service[68944]: INFO nova.api.openstack.requestlog [None req-be137886-919c-444a-a168-ed41e0e7006d admin admin] 192.168.1.140 "POST /compute/v2.1/flavors/d2/os-extra_specs" status: 200 len: 43 microversion: 2.61 time: 0.012906
Aug 04 11:20:17.690192 np0000032176 devstack@n-api.service[68944]: [pid: 68944|app: 0|req: 5/9] 192.168.1.140 () {72 vars in 1461 bytes} [Mon Aug  4 11:20:17 2025] POST /compute/v2.1/flavors/d2/os-extra_specs => generated 43 bytes in 13 msecs (HTTP/1.1 200) 9 headers in 358 bytes (1 switches on core 0)
Aug 04 11:20:17.767596 np0000032176 devstack@n-api.service[68945]: DEBUG nova.api.openstack.wsgi [None req-a5850e10-199c-4a43-b9af-f3fed3eae8db admin admin] Action: 'create', calling method: <bound method FlavorsController.create of <nova.api.openstack.compute.flavors.FlavorsController object at 0x7f98675ee9c0>>, body: {"flavor": {"swap": 0, "vcpus": 2, "ram": 2048, "os-flavor-access:is_public": true, "rxtx_factor": 1.0, "OS-FLV-EXT-DATA:ephemeral": 0, "name": "ds2G", "disk": 10, "id": "d3"}} {{(pid=68945) _process_stack /opt/stack/nova/nova/api/openstack/wsgi.py:550}}
Aug 04 11:20:17.777667 np0000032176 devstack@n-api.service[68945]: INFO nova.api.openstack.requestlog [None req-a5850e10-199c-4a43-b9af-f3fed3eae8db admin admin] 192.168.1.140 "POST /compute/v2.1/flavors" status: 200 len: 410 microversion: 2.61 time: 0.011553
Aug 04 11:20:17.777893 np0000032176 devstack@n-api.service[68945]: [pid: 68945|app: 0|req: 5/10] 192.168.1.140 () {72 vars in 1408 bytes} [Mon Aug  4 11:20:17 2025] POST /compute/v2.1/flavors => generated 410 bytes in 12 msecs (HTTP/1.1 200) 9 headers in 359 bytes (1 switches on core 0)
Aug 04 11:20:17.784957 np0000032176 devstack@n-api.service[68944]: DEBUG nova.api.openstack.wsgi [None req-488779df-8774-4a3e-b6f4-0840a7709207 admin admin] Action: 'create', calling method: <bound method FlavorExtraSpecsController.create of <nova.api.openstack.compute.flavors_extraspecs.FlavorExtraSpecsController object at 0x7f98675f3140>>, body: {"extra_specs": {"hw_rng:allowed": "True"}} {{(pid=68944) _process_stack /opt/stack/nova/nova/api/openstack/wsgi.py:550}}
Aug 04 11:20:17.796775 np0000032176 devstack@n-api.service[68944]: INFO nova.api.openstack.requestlog [None req-488779df-8774-4a3e-b6f4-0840a7709207 admin admin] 192.168.1.140 "POST /compute/v2.1/flavors/d3/os-extra_specs" status: 200 len: 43 microversion: 2.61 time: 0.013201
Aug 04 11:20:17.797005 np0000032176 devstack@n-api.service[68944]: [pid: 68944|app: 0|req: 6/11] 192.168.1.140 () {72 vars in 1461 bytes} [Mon Aug  4 11:20:17 2025] POST /compute/v2.1/flavors/d3/os-extra_specs => generated 43 bytes in 13 msecs (HTTP/1.1 200) 9 headers in 358 bytes (1 switches on core 0)
Aug 04 11:20:17.873022 np0000032176 devstack@n-api.service[68945]: DEBUG nova.api.openstack.wsgi [None req-a1cdbc6b-23e9-4ea2-a77e-3fe809dbcb34 admin admin] Action: 'create', calling method: <bound method FlavorsController.create of <nova.api.openstack.compute.flavors.FlavorsController object at 0x7f98675ee9c0>>, body: {"flavor": {"swap": 0, "vcpus": 4, "ram": 4096, "os-flavor-access:is_public": true, "rxtx_factor": 1.0, "OS-FLV-EXT-DATA:ephemeral": 0, "name": "ds4G", "disk": 20, "id": "d4"}} {{(pid=68945) _process_stack /opt/stack/nova/nova/api/openstack/wsgi.py:550}}
Aug 04 11:20:17.883751 np0000032176 devstack@n-api.service[68945]: INFO nova.api.openstack.requestlog [None req-a1cdbc6b-23e9-4ea2-a77e-3fe809dbcb34 admin admin] 192.168.1.140 "POST /compute/v2.1/flavors" status: 200 len: 410 microversion: 2.61 time: 0.011835
Aug 04 11:20:17.883751 np0000032176 devstack@n-api.service[68945]: [pid: 68945|app: 0|req: 6/12] 192.168.1.140 () {72 vars in 1408 bytes} [Mon Aug  4 11:20:17 2025] POST /compute/v2.1/flavors => generated 410 bytes in 12 msecs (HTTP/1.1 200) 9 headers in 359 bytes (1 switches on core 0)
Aug 04 11:20:17.892253 np0000032176 devstack@n-api.service[68944]: DEBUG nova.api.openstack.wsgi [None req-6dc9dca7-ded8-4018-9ba6-52666defc9b3 admin admin] Action: 'create', calling method: <bound method FlavorExtraSpecsController.create of <nova.api.openstack.compute.flavors_extraspecs.FlavorExtraSpecsController object at 0x7f98675f3140>>, body: {"extra_specs": {"hw_rng:allowed": "True"}} {{(pid=68944) _process_stack /opt/stack/nova/nova/api/openstack/wsgi.py:550}}
Aug 04 11:20:17.902836 np0000032176 devstack@n-api.service[68944]: INFO nova.api.openstack.requestlog [None req-6dc9dca7-ded8-4018-9ba6-52666defc9b3 admin admin] 192.168.1.140 "POST /compute/v2.1/flavors/d4/os-extra_specs" status: 200 len: 43 microversion: 2.61 time: 0.013448
Aug 04 11:20:17.903147 np0000032176 devstack@n-api.service[68944]: [pid: 68944|app: 0|req: 7/13] 192.168.1.140 () {72 vars in 1461 bytes} [Mon Aug  4 11:20:17 2025] POST /compute/v2.1/flavors/d4/os-extra_specs => generated 43 bytes in 14 msecs (HTTP/1.1 200) 9 headers in 358 bytes (2 switches on core 0)
Aug 04 11:20:17.979398 np0000032176 devstack@n-api.service[68945]: DEBUG nova.api.openstack.wsgi [None req-6d296d0c-92f1-47bf-9e3d-6d90bbf3fa08 admin admin] Calling method '<bound method FlavorsController.detail of <nova.api.openstack.compute.flavors.FlavorsController object at 0x7f98675eeb10>>' {{(pid=68945) _process_stack /opt/stack/nova/nova/api/openstack/wsgi.py:552}}
Aug 04 11:20:18.003156 np0000032176 devstack@n-api.service[68945]: INFO nova.api.openstack.requestlog [None req-6d296d0c-92f1-47bf-9e3d-6d90bbf3fa08 admin admin] 192.168.1.140 "GET /compute/v2.1/flavors/detail?is_public=True" status: 200 len: 2136 microversion: 2.61 time: 0.026394
Aug 04 11:20:18.003476 np0000032176 devstack@n-api.service[68945]: [pid: 68945|app: 0|req: 7/14] 192.168.1.140 () {68 vars in 1417 bytes} [Mon Aug  4 11:20:17 2025] GET /compute/v2.1/flavors/detail?is_public=True => generated 2136 bytes in 27 msecs (HTTP/1.1 200) 9 headers in 360 bytes (1 switches on core 0)
Aug 04 11:20:18.084354 np0000032176 devstack@n-api.service[68944]: DEBUG nova.api.openstack.wsgi [None req-ece3fde3-d7d6-4081-a137-68e3edd0013b admin admin] Action: 'create', calling method: <bound method FlavorsController.create of <nova.api.openstack.compute.flavors.FlavorsController object at 0x7f98675f28a0>>, body: {"flavor": {"swap": 0, "vcpus": 1, "ram": 512, "os-flavor-access:is_public": true, "rxtx_factor": 1.0, "OS-FLV-EXT-DATA:ephemeral": 0, "name": "m1.tiny", "disk": 1, "id": "1"}} {{(pid=68944) _process_stack /opt/stack/nova/nova/api/openstack/wsgi.py:550}}
Aug 04 11:20:18.102592 np0000032176 devstack@n-api.service[68944]: INFO nova.api.openstack.requestlog [None req-ece3fde3-d7d6-4081-a137-68e3edd0013b admin admin] 192.168.1.140 "POST /compute/v2.1/flavors" status: 200 len: 408 microversion: 2.61 time: 0.019658
Aug 04 11:20:18.102891 np0000032176 devstack@n-api.service[68944]: [pid: 68944|app: 0|req: 8/15] 192.168.1.140 () {72 vars in 1408 bytes} [Mon Aug  4 11:20:18 2025] POST /compute/v2.1/flavors => generated 408 bytes in 20 msecs (HTTP/1.1 200) 9 headers in 359 bytes (1 switches on core 0)
Aug 04 11:20:18.111990 np0000032176 devstack@n-api.service[68945]: DEBUG nova.api.openstack.wsgi [None req-a9c13a8e-1154-4441-9718-5894fdb511fb admin admin] Action: 'create', calling method: <bound method FlavorExtraSpecsController.create of <nova.api.openstack.compute.flavors_extraspecs.FlavorExtraSpecsController object at 0x7f98675ef260>>, body: {"extra_specs": {"hw_rng:allowed": "True"}} {{(pid=68945) _process_stack /opt/stack/nova/nova/api/openstack/wsgi.py:550}}
Aug 04 11:20:18.131738 np0000032176 devstack@n-api.service[68945]: INFO nova.api.openstack.requestlog [None req-a9c13a8e-1154-4441-9718-5894fdb511fb admin admin] 192.168.1.140 "POST /compute/v2.1/flavors/1/os-extra_specs" status: 200 len: 43 microversion: 2.61 time: 0.021568
Aug 04 11:20:18.132005 np0000032176 devstack@n-api.service[68945]: [pid: 68945|app: 0|req: 8/16] 192.168.1.140 () {72 vars in 1458 bytes} [Mon Aug  4 11:20:18 2025] POST /compute/v2.1/flavors/1/os-extra_specs => generated 43 bytes in 22 msecs (HTTP/1.1 200) 9 headers in 358 bytes (1 switches on core 0)
Aug 04 11:20:18.211899 np0000032176 devstack@n-api.service[68944]: DEBUG nova.api.openstack.wsgi [None req-1c56fe77-6e29-42e4-acdd-e007cd18fcd4 admin admin] Action: 'create', calling method: <bound method FlavorsController.create of <nova.api.openstack.compute.flavors.FlavorsController object at 0x7f98675f28a0>>, body: {"flavor": {"swap": 0, "vcpus": 1, "ram": 2048, "os-flavor-access:is_public": true, "rxtx_factor": 1.0, "OS-FLV-EXT-DATA:ephemeral": 0, "name": "m1.small", "disk": 20, "id": "2"}} {{(pid=68944) _process_stack /opt/stack/nova/nova/api/openstack/wsgi.py:550}}
Aug 04 11:20:18.222913 np0000032176 devstack@n-api.service[68944]: INFO nova.api.openstack.requestlog [None req-1c56fe77-6e29-42e4-acdd-e007cd18fcd4 admin admin] 192.168.1.140 "POST /compute/v2.1/flavors" status: 200 len: 411 microversion: 2.61 time: 0.012496
Aug 04 11:20:18.223249 np0000032176 devstack@n-api.service[68944]: [pid: 68944|app: 0|req: 9/17] 192.168.1.140 () {72 vars in 1408 bytes} [Mon Aug  4 11:20:18 2025] POST /compute/v2.1/flavors => generated 411 bytes in 13 msecs (HTTP/1.1 200) 9 headers in 359 bytes (1 switches on core 0)
Aug 04 11:20:18.230759 np0000032176 devstack@n-api.service[68945]: DEBUG nova.api.openstack.wsgi [None req-02cdea94-9989-417e-8704-52c5a402bb94 admin admin] Action: 'create', calling method: <bound method FlavorExtraSpecsController.create of <nova.api.openstack.compute.flavors_extraspecs.FlavorExtraSpecsController object at 0x7f98675ef260>>, body: {"extra_specs": {"hw_rng:allowed": "True"}} {{(pid=68945) _process_stack /opt/stack/nova/nova/api/openstack/wsgi.py:550}}
Aug 04 11:20:18.242209 np0000032176 devstack@n-api.service[68945]: INFO nova.api.openstack.requestlog [None req-02cdea94-9989-417e-8704-52c5a402bb94 admin admin] 192.168.1.140 "POST /compute/v2.1/flavors/2/os-extra_specs" status: 200 len: 43 microversion: 2.61 time: 0.012885
Aug 04 11:20:18.242457 np0000032176 devstack@n-api.service[68945]: [pid: 68945|app: 0|req: 9/18] 192.168.1.140 () {72 vars in 1458 bytes} [Mon Aug  4 11:20:18 2025] POST /compute/v2.1/flavors/2/os-extra_specs => generated 43 bytes in 13 msecs (HTTP/1.1 200) 9 headers in 358 bytes (1 switches on core 0)
Aug 04 11:20:18.318173 np0000032176 devstack@n-api.service[68944]: DEBUG nova.api.openstack.wsgi [None req-65b4bacf-e0d2-4ccc-8801-d65b45c05afc admin admin] Action: 'create', calling method: <bound method FlavorsController.create of <nova.api.openstack.compute.flavors.FlavorsController object at 0x7f98675f28a0>>, body: {"flavor": {"swap": 0, "vcpus": 2, "ram": 4096, "os-flavor-access:is_public": true, "rxtx_factor": 1.0, "OS-FLV-EXT-DATA:ephemeral": 0, "name": "m1.medium", "disk": 40, "id": "3"}} {{(pid=68944) _process_stack /opt/stack/nova/nova/api/openstack/wsgi.py:550}}
Aug 04 11:20:18.328572 np0000032176 devstack@n-api.service[68944]: INFO nova.api.openstack.requestlog [None req-65b4bacf-e0d2-4ccc-8801-d65b45c05afc admin admin] 192.168.1.140 "POST /compute/v2.1/flavors" status: 200 len: 412 microversion: 2.61 time: 0.011831
Aug 04 11:20:18.328871 np0000032176 devstack@n-api.service[68944]: [pid: 68944|app: 0|req: 10/19] 192.168.1.140 () {72 vars in 1408 bytes} [Mon Aug  4 11:20:18 2025] POST /compute/v2.1/flavors => generated 412 bytes in 12 msecs (HTTP/1.1 200) 9 headers in 359 bytes (1 switches on core 0)
Aug 04 11:20:18.335978 np0000032176 devstack@n-api.service[68945]: DEBUG nova.api.openstack.wsgi [None req-3b525052-9b29-4150-9b46-12d5aca1ab5b admin admin] Action: 'create', calling method: <bound method FlavorExtraSpecsController.create of <nova.api.openstack.compute.flavors_extraspecs.FlavorExtraSpecsController object at 0x7f98675ef260>>, body: {"extra_specs": {"hw_rng:allowed": "True"}} {{(pid=68945) _process_stack /opt/stack/nova/nova/api/openstack/wsgi.py:550}}
Aug 04 11:20:18.347650 np0000032176 devstack@n-api.service[68945]: INFO nova.api.openstack.requestlog [None req-3b525052-9b29-4150-9b46-12d5aca1ab5b admin admin] 192.168.1.140 "POST /compute/v2.1/flavors/3/os-extra_specs" status: 200 len: 43 microversion: 2.61 time: 0.013092
Aug 04 11:20:18.347895 np0000032176 devstack@n-api.service[68945]: [pid: 68945|app: 0|req: 10/20] 192.168.1.140 () {72 vars in 1458 bytes} [Mon Aug  4 11:20:18 2025] POST /compute/v2.1/flavors/3/os-extra_specs => generated 43 bytes in 13 msecs (HTTP/1.1 200) 9 headers in 358 bytes (1 switches on core 0)
Aug 04 11:20:18.439180 np0000032176 devstack@n-api.service[68944]: DEBUG nova.api.openstack.wsgi [None req-50d8457b-4a38-4bc0-968c-d44c6f3b598e admin admin] Action: 'create', calling method: <bound method FlavorsController.create of <nova.api.openstack.compute.flavors.FlavorsController object at 0x7f98675f28a0>>, body: {"flavor": {"swap": 0, "vcpus": 4, "ram": 8192, "os-flavor-access:is_public": true, "rxtx_factor": 1.0, "OS-FLV-EXT-DATA:ephemeral": 0, "name": "m1.large", "disk": 80, "id": "4"}} {{(pid=68944) _process_stack /opt/stack/nova/nova/api/openstack/wsgi.py:550}}
Aug 04 11:20:18.450760 np0000032176 devstack@n-api.service[68944]: INFO nova.api.openstack.requestlog [None req-50d8457b-4a38-4bc0-968c-d44c6f3b598e admin admin] 192.168.1.140 "POST /compute/v2.1/flavors" status: 200 len: 411 microversion: 2.61 time: 0.012951
Aug 04 11:20:18.450978 np0000032176 devstack@n-api.service[68944]: [pid: 68944|app: 0|req: 11/21] 192.168.1.140 () {72 vars in 1408 bytes} [Mon Aug  4 11:20:18 2025] POST /compute/v2.1/flavors => generated 411 bytes in 13 msecs (HTTP/1.1 200) 9 headers in 359 bytes (1 switches on core 0)
Aug 04 11:20:18.458514 np0000032176 devstack@n-api.service[68945]: DEBUG nova.api.openstack.wsgi [None req-1eff3247-b6bc-4d22-882b-79178f80d0e2 admin admin] Action: 'create', calling method: <bound method FlavorExtraSpecsController.create of <nova.api.openstack.compute.flavors_extraspecs.FlavorExtraSpecsController object at 0x7f98675ef260>>, body: {"extra_specs": {"hw_rng:allowed": "True"}} {{(pid=68945) _process_stack /opt/stack/nova/nova/api/openstack/wsgi.py:550}}
Aug 04 11:20:18.473407 np0000032176 devstack@n-api.service[68945]: INFO nova.api.openstack.requestlog [None req-1eff3247-b6bc-4d22-882b-79178f80d0e2 admin admin] 192.168.1.140 "POST /compute/v2.1/flavors/4/os-extra_specs" status: 200 len: 43 microversion: 2.61 time: 0.016309
Aug 04 11:20:18.473675 np0000032176 devstack@n-api.service[68945]: [pid: 68945|app: 0|req: 11/22] 192.168.1.140 () {72 vars in 1458 bytes} [Mon Aug  4 11:20:18 2025] POST /compute/v2.1/flavors/4/os-extra_specs => generated 43 bytes in 17 msecs (HTTP/1.1 200) 9 headers in 358 bytes (1 switches on core 0)
Aug 04 11:20:18.568384 np0000032176 devstack@n-api.service[68944]: DEBUG nova.api.openstack.wsgi [None req-39b33649-f7ab-4579-b61e-90fc1d972cf0 admin admin] Action: 'create', calling method: <bound method FlavorsController.create of <nova.api.openstack.compute.flavors.FlavorsController object at 0x7f98675f28a0>>, body: {"flavor": {"swap": 0, "vcpus": 8, "ram": 16384, "os-flavor-access:is_public": true, "rxtx_factor": 1.0, "OS-FLV-EXT-DATA:ephemeral": 0, "name": "m1.xlarge", "disk": 160, "id": "5"}} {{(pid=68944) _process_stack /opt/stack/nova/nova/api/openstack/wsgi.py:550}}
Aug 04 11:20:18.579918 np0000032176 devstack@n-api.service[68944]: INFO nova.api.openstack.requestlog [None req-39b33649-f7ab-4579-b61e-90fc1d972cf0 admin admin] 192.168.1.140 "POST /compute/v2.1/flavors" status: 200 len: 414 microversion: 2.61 time: 0.013099
Aug 04 11:20:18.580233 np0000032176 devstack@n-api.service[68944]: [pid: 68944|app: 0|req: 12/23] 192.168.1.140 () {72 vars in 1408 bytes} [Mon Aug  4 11:20:18 2025] POST /compute/v2.1/flavors => generated 414 bytes in 13 msecs (HTTP/1.1 200) 9 headers in 359 bytes (1 switches on core 0)
Aug 04 11:20:18.588981 np0000032176 devstack@n-api.service[68945]: DEBUG nova.api.openstack.wsgi [None req-1ccfff03-fe5b-4fec-917a-d4b23d33c8b1 admin admin] Action: 'create', calling method: <bound method FlavorExtraSpecsController.create of <nova.api.openstack.compute.flavors_extraspecs.FlavorExtraSpecsController object at 0x7f98675ef260>>, body: {"extra_specs": {"hw_rng:allowed": "True"}} {{(pid=68945) _process_stack /opt/stack/nova/nova/api/openstack/wsgi.py:550}}
Aug 04 11:20:18.604150 np0000032176 devstack@n-api.service[68945]: INFO nova.api.openstack.requestlog [None req-1ccfff03-fe5b-4fec-917a-d4b23d33c8b1 admin admin] 192.168.1.140 "POST /compute/v2.1/flavors/5/os-extra_specs" status: 200 len: 43 microversion: 2.61 time: 0.016657
Aug 04 11:20:18.604386 np0000032176 devstack@n-api.service[68945]: [pid: 68945|app: 0|req: 12/24] 192.168.1.140 () {72 vars in 1458 bytes} [Mon Aug  4 11:20:18 2025] POST /compute/v2.1/flavors/5/os-extra_specs => generated 43 bytes in 17 msecs (HTTP/1.1 200) 9 headers in 358 bytes (1 switches on core 0)
Aug 04 11:20:49.393712 np0000032176 devstack@n-api.service[68944]: DEBUG nova.api.openstack.wsgi [None req-bce2f82c-9d06-4d97-9927-90eccc8fd523 admin admin] Calling method '<bound method FlavorsController.detail of <nova.api.openstack.compute.flavors.FlavorsController object at 0x7f98675f29f0>>' {{(pid=68944) _process_stack /opt/stack/nova/nova/api/openstack/wsgi.py:552}}
Aug 04 11:20:49.396171 np0000032176 devstack@n-api.service[68944]: DEBUG dbcounter [-] [68944] Writing DB stats nova_api:SELECT=21,nova_api:SAVEPOINT=5,nova_api:INSERT=10,nova_api:RELEASE=5 {{(pid=68944) stat_writer /opt/stack/data/venv/lib/python3.12/site-packages/dbcounter.py:115}}
Aug 04 11:20:49.405089 np0000032176 devstack@n-api.service[68944]: INFO nova.api.openstack.requestlog [None req-bce2f82c-9d06-4d97-9927-90eccc8fd523 admin admin] 192.168.1.140 "GET /compute/v2.1/flavors/detail?is_public=True" status: 200 len: 4262 microversion: 2.61 time: 0.012861
Aug 04 11:20:49.405316 np0000032176 devstack@n-api.service[68944]: [pid: 68944|app: 0|req: 13/25] 192.168.1.140 () {68 vars in 1417 bytes} [Mon Aug  4 11:20:49 2025] GET /compute/v2.1/flavors/detail?is_public=True => generated 4262 bytes in 13 msecs (HTTP/1.1 200) 9 headers in 360 bytes (1 switches on core 0)
Aug 04 11:20:49.504753 np0000032176 devstack@n-api.service[68945]: DEBUG nova.api.openstack.wsgi [None req-cc1027cf-d28d-4942-84de-4c4906513ade admin admin] Action: 'create', calling method: <bound method FlavorsController.create of <nova.api.openstack.compute.flavors.FlavorsController object at 0x7f98675ee9c0>>, body: {"flavor": {"swap": 0, "vcpus": 1, "ram": 1024, "os-flavor-access:is_public": true, "rxtx_factor": 1.0, "OS-FLV-EXT-DATA:ephemeral": 0, "name": "manila-service-flavor", "disk": 5, "id": "100"}} {{(pid=68945) _process_stack /opt/stack/nova/nova/api/openstack/wsgi.py:550}}
Aug 04 11:20:49.507663 np0000032176 devstack@n-api.service[68945]: DEBUG dbcounter [-] [68945] Writing DB stats nova_api:INSERT=10,nova_api:SELECT=21,nova_api:SAVEPOINT=5,nova_api:RELEASE=5 {{(pid=68945) stat_writer /opt/stack/data/venv/lib/python3.12/site-packages/dbcounter.py:115}}
Aug 04 11:20:49.516231 np0000032176 devstack@n-api.service[68945]: INFO nova.api.openstack.requestlog [None req-cc1027cf-d28d-4942-84de-4c4906513ade admin admin] 192.168.1.140 "POST /compute/v2.1/flavors" status: 200 len: 429 microversion: 2.61 time: 0.012973
Aug 04 11:20:49.516463 np0000032176 devstack@n-api.service[68945]: [pid: 68945|app: 0|req: 13/26] 192.168.1.140 () {72 vars in 1408 bytes} [Mon Aug  4 11:20:49 2025] POST /compute/v2.1/flavors => generated 429 bytes in 13 msecs (HTTP/1.1 200) 9 headers in 359 bytes (1 switches on core 0)
Aug 04 11:22:38.791315 np0000032176 devstack@n-api.service[68944]: DEBUG nova.api.openstack.wsgi [None req-0403109e-070c-4923-8c4c-2b4059cf7bbd admin admin] Calling method '<bound method KeypairController.index of <nova.api.openstack.compute.keypairs.KeypairController object at 0x7f986749dbe0>>' {{(pid=68944) _process_stack /opt/stack/nova/nova/api/openstack/wsgi.py:552}}
Aug 04 11:22:38.793153 np0000032176 devstack@n-api.service[68944]: WARNING oslo_db.sqlalchemy.utils [None req-0403109e-070c-4923-8c4c-2b4059cf7bbd admin admin] Unique keys not in sort_keys. The sorting order may be unstable.
Aug 04 11:22:38.798515 np0000032176 devstack@n-api.service[68944]: INFO nova.api.openstack.requestlog [None req-0403109e-070c-4923-8c4c-2b4059cf7bbd admin admin] 192.168.1.140 "GET /compute/v2.1/os-keypairs" status: 200 len: 16 microversion: 2.10 time: 0.009613
Aug 04 11:22:38.798723 np0000032176 devstack@n-api.service[68944]: [pid: 68944|app: 0|req: 14/27] 192.168.1.140 () {68 vars in 1379 bytes} [Mon Aug  4 11:22:38 2025] GET /compute/v2.1/os-keypairs => generated 16 bytes in 10 msecs (HTTP/1.1 200) 9 headers in 358 bytes (1 switches on core 0)
Aug 04 11:22:38.891292 np0000032176 devstack@n-api.service[68945]: DEBUG nova.api.openstack.wsgi [None req-cc200198-28fc-4854-821d-5248850fbf46 admin admin] Action: 'create', calling method: <bound method KeypairController.create of <nova.api.openstack.compute.keypairs.KeypairController object at 0x7f9867495f40>>, body: {"keypair": {"public_key": "ecdsa-sha2-nistp256 AAAAE2VjZHNhLXNoYTItbmlzdHAyNTYAAAAIbmlzdHAyNTYAAABBBEXjJ4t0KsRSWpboONqSZPtuwejJwbiggIz8pDGclKcmrc4fiCanfCPMJaHNB8eyG/7A8tEGaPNxbGAIWj8uE0M= stack@np0000032176\n", "name": "manila-service"}} {{(pid=68945) _process_stack /opt/stack/nova/nova/api/openstack/wsgi.py:550}}
Aug 04 11:22:38.904330 np0000032176 devstack@n-api.service[68945]: DEBUG nova.quota [None req-cc200198-28fc-4854-821d-5248850fbf46 admin admin] Getting quotas for project 5a0163045fef4016a711219135cc35ee. Resources: {'key_pairs'} {{(pid=68945) _get_quotas /opt/stack/nova/nova/quota.py:392}}
Aug 04 11:22:38.906852 np0000032176 devstack@n-api.service[68945]: DEBUG nova.quota [None req-cc200198-28fc-4854-821d-5248850fbf46 admin admin] Getting quotas for user 9220f4432f774b8c95437d80b24274b9 and project 5a0163045fef4016a711219135cc35ee. Resources: {'key_pairs'} {{(pid=68945) _get_quotas /opt/stack/nova/nova/quota.py:382}}
Aug 04 11:22:38.929570 np0000032176 devstack@n-api.service[68945]: INFO nova.api.openstack.requestlog [None req-cc200198-28fc-4854-821d-5248850fbf46 admin admin] 192.168.1.140 "POST /compute/v2.1/os-keypairs" status: 201 len: 366 microversion: 2.10 time: 0.040525
Aug 04 11:22:38.929824 np0000032176 devstack@n-api.service[68945]: [pid: 68945|app: 0|req: 14/28] 192.168.1.140 () {72 vars in 1420 bytes} [Mon Aug  4 11:22:38 2025] POST /compute/v2.1/os-keypairs => generated 366 bytes in 41 msecs (HTTP/1.1 201) 9 headers in 364 bytes (1 switches on core 0)
Aug 04 11:22:44.956254 np0000032176 devstack@n-api.service[68944]: DEBUG nova.api.openstack.wsgi [None req-0c7b95da-39aa-46a8-983f-65579d4957ca admin admin] Calling method '<bound method ServiceController.index of <nova.api.openstack.compute.services.ServiceController object at 0x7f98674d2c60>>' {{(pid=68944) _process_stack /opt/stack/nova/nova/api/openstack/wsgi.py:552}}
Aug 04 11:22:44.956254 np0000032176 devstack@n-api.service[68944]: DEBUG oslo_concurrency.lockutils [None req-0c7b95da-39aa-46a8-983f-65579d4957ca admin admin] Acquiring lock "00000000-0000-0000-0000-000000000000" by "nova.context.set_target_cell.<locals>.get_or_set_cached_cell_and_set_connections" {{(pid=68944) inner /opt/stack/data/venv/lib/python3.12/site-packages/oslo_concurrency/lockutils.py:405}}
Aug 04 11:22:44.956656 np0000032176 devstack@n-api.service[68944]: DEBUG oslo_concurrency.lockutils [None req-0c7b95da-39aa-46a8-983f-65579d4957ca admin admin] Lock "00000000-0000-0000-0000-000000000000" acquired by "nova.context.set_target_cell.<locals>.get_or_set_cached_cell_and_set_connections" :: waited 0.000s {{(pid=68944) inner /opt/stack/data/venv/lib/python3.12/site-packages/oslo_concurrency/lockutils.py:410}}
Aug 04 11:22:44.956898 np0000032176 devstack@n-api.service[68944]: DEBUG oslo_concurrency.lockutils [None req-0c7b95da-39aa-46a8-983f-65579d4957ca admin admin] Lock "00000000-0000-0000-0000-000000000000" "released" by "nova.context.set_target_cell.<locals>.get_or_set_cached_cell_and_set_connections" :: held 0.001s {{(pid=68944) inner /opt/stack/data/venv/lib/python3.12/site-packages/oslo_concurrency/lockutils.py:424}}
Aug 04 11:22:44.957370 np0000032176 devstack@n-api.service[68944]: DEBUG oslo_concurrency.lockutils [None req-0c7b95da-39aa-46a8-983f-65579d4957ca admin admin] Acquiring lock "bbaddc48-0c35-4a4a-b6ca-32d32908ea75" by "nova.context.set_target_cell.<locals>.get_or_set_cached_cell_and_set_connections" {{(pid=68944) inner /opt/stack/data/venv/lib/python3.12/site-packages/oslo_concurrency/lockutils.py:405}}
Aug 04 11:22:44.957595 np0000032176 devstack@n-api.service[68944]: DEBUG oslo_concurrency.lockutils [None req-0c7b95da-39aa-46a8-983f-65579d4957ca admin admin] Lock "bbaddc48-0c35-4a4a-b6ca-32d32908ea75" acquired by "nova.context.set_target_cell.<locals>.get_or_set_cached_cell_and_set_connections" :: waited 0.000s {{(pid=68944) inner /opt/stack/data/venv/lib/python3.12/site-packages/oslo_concurrency/lockutils.py:410}}
