Aug 25 14:28:01.435104 np0000032572 devstack@n-api.service[71489]: DEBUG nova.api.openstack.wsgi_app [-] oslo_messaging_rabbit.use_queue_manager = False {{(pid=71489) log_opt_values /opt/stack/data/venv/lib/python3.12/site-packages/oslo_config/cfg.py:2824}}
Aug 25 14:28:01.435122 np0000032572 devstack@n-api.service[71488]: DEBUG nova.api.openstack.wsgi_app [-] oslo_messaging_notifications.driver = ['messagingv2'] {{(pid=71488) log_opt_values /opt/stack/data/venv/lib/python3.12/site-packages/oslo_config/cfg.py:2824}}
Aug 25 14:28:01.435195 np0000032572 devstack@n-api.service[71488]: DEBUG nova.api.openstack.wsgi_app [-] oslo_messaging_notifications.retry = -1 {{(pid=71488) log_opt_values /opt/stack/data/venv/lib/python3.12/site-packages/oslo_config/cfg.py:2824}}
Aug 25 14:28:01.435213 np0000032572 devstack@n-api.service[71489]: DEBUG nova.api.openstack.wsgi_app [-] oslo_messaging_notifications.driver = ['messagingv2'] {{(pid=71489) log_opt_values /opt/stack/data/venv/lib/python3.12/site-packages/oslo_config/cfg.py:2824}}
Aug 25 14:28:01.435280 np0000032572 devstack@n-api.service[71489]: DEBUG nova.api.openstack.wsgi_app [-] oslo_messaging_notifications.retry = -1 {{(pid=71489) log_opt_values /opt/stack/data/venv/lib/python3.12/site-packages/oslo_config/cfg.py:2824}}
Aug 25 14:28:01.435299 np0000032572 devstack@n-api.service[71488]: DEBUG nova.api.openstack.wsgi_app [-] oslo_messaging_notifications.topics = ['notifications'] {{(pid=71488) log_opt_values /opt/stack/data/venv/lib/python3.12/site-packages/oslo_config/cfg.py:2824}}
Aug 25 14:28:01.435373 np0000032572 devstack@n-api.service[71489]: DEBUG nova.api.openstack.wsgi_app [-] oslo_messaging_notifications.topics = ['notifications'] {{(pid=71489) log_opt_values /opt/stack/data/venv/lib/python3.12/site-packages/oslo_config/cfg.py:2824}}
Aug 25 14:28:01.435392 np0000032572 devstack@n-api.service[71488]: DEBUG nova.api.openstack.wsgi_app [-] oslo_messaging_notifications.transport_url = **** {{(pid=71488) log_opt_values /opt/stack/data/venv/lib/python3.12/site-packages/oslo_config/cfg.py:2824}}
Aug 25 14:28:01.435455 np0000032572 devstack@n-api.service[71488]: DEBUG nova.api.openstack.wsgi_app [-] oslo_reports.file_event_handler = None {{(pid=71488) log_opt_values /opt/stack/data/venv/lib/python3.12/site-packages/oslo_config/cfg.py:2824}}
Aug 25 14:28:01.435473 np0000032572 devstack@n-api.service[71489]: DEBUG nova.api.openstack.wsgi_app [-] oslo_messaging_notifications.transport_url = **** {{(pid=71489) log_opt_values /opt/stack/data/venv/lib/python3.12/site-packages/oslo_config/cfg.py:2824}}
Aug 25 14:28:01.435537 np0000032572 devstack@n-api.service[71488]: DEBUG nova.api.openstack.wsgi_app [-] oslo_reports.file_event_handler_interval = 1 {{(pid=71488) log_opt_values /opt/stack/data/venv/lib/python3.12/site-packages/oslo_config/cfg.py:2824}}
Aug 25 14:28:01.435555 np0000032572 devstack@n-api.service[71489]: DEBUG nova.api.openstack.wsgi_app [-] oslo_reports.file_event_handler = None {{(pid=71489) log_opt_values /opt/stack/data/venv/lib/python3.12/site-packages/oslo_config/cfg.py:2824}}
Aug 25 14:28:01.435617 np0000032572 devstack@n-api.service[71488]: DEBUG nova.api.openstack.wsgi_app [-] oslo_reports.log_dir           = None {{(pid=71488) log_opt_values /opt/stack/data/venv/lib/python3.12/site-packages/oslo_config/cfg.py:2824}}
Aug 25 14:28:01.435635 np0000032572 devstack@n-api.service[71489]: DEBUG nova.api.openstack.wsgi_app [-] oslo_reports.file_event_handler_interval = 1 {{(pid=71489) log_opt_values /opt/stack/data/venv/lib/python3.12/site-packages/oslo_config/cfg.py:2824}}
Aug 25 14:28:01.435683 np0000032572 devstack@n-api.service[71488]: DEBUG nova.api.openstack.wsgi_app [-] ******************************************************************************** {{(pid=71488) log_opt_values /opt/stack/data/venv/lib/python3.12/site-packages/oslo_config/cfg.py:2828}}
Aug 25 14:28:01.435704 np0000032572 devstack@n-api.service[71489]: DEBUG nova.api.openstack.wsgi_app [-] oslo_reports.log_dir           = None {{(pid=71489) log_opt_values /opt/stack/data/venv/lib/python3.12/site-packages/oslo_config/cfg.py:2824}}
Aug 25 14:28:01.435757 np0000032572 devstack@n-api.service[71489]: DEBUG nova.api.openstack.wsgi_app [-] ******************************************************************************** {{(pid=71489) log_opt_values /opt/stack/data/venv/lib/python3.12/site-packages/oslo_config/cfg.py:2828}}
Aug 25 14:28:01.463967 np0000032572 devstack@n-api.service[71488]: INFO dbcounter [None req-fbfaf39a-4d4e-4e44-bef3-e2fc31e9c087 None None] Registered counter for database nova_api
Aug 25 14:28:01.464425 np0000032572 devstack@n-api.service[71489]: INFO dbcounter [None req-2890fc75-4eac-4fb4-b230-36c10a03f269 None None] Registered counter for database nova_api
Aug 25 14:28:01.473564 np0000032572 devstack@n-api.service[71488]: DEBUG oslo_db.sqlalchemy.engines [None req-fbfaf39a-4d4e-4e44-bef3-e2fc31e9c087 None None] MySQL server mode set to STRICT_TRANS_TABLES,STRICT_ALL_TABLES,NO_ZERO_IN_DATE,NO_ZERO_DATE,ERROR_FOR_DIVISION_BY_ZERO,TRADITIONAL,NO_ENGINE_SUBSTITUTION {{(pid=71488) _check_effective_sql_mode /opt/stack/data/venv/lib/python3.12/site-packages/oslo_db/sqlalchemy/engines.py:397}}
Aug 25 14:28:01.475195 np0000032572 devstack@n-api.service[71489]: DEBUG oslo_db.sqlalchemy.engines [None req-2890fc75-4eac-4fb4-b230-36c10a03f269 None None] MySQL server mode set to STRICT_TRANS_TABLES,STRICT_ALL_TABLES,NO_ZERO_IN_DATE,NO_ZERO_DATE,ERROR_FOR_DIVISION_BY_ZERO,TRADITIONAL,NO_ENGINE_SUBSTITUTION {{(pid=71489) _check_effective_sql_mode /opt/stack/data/venv/lib/python3.12/site-packages/oslo_db/sqlalchemy/engines.py:397}}
Aug 25 14:28:01.496070 np0000032572 devstack@n-api.service[71488]: DEBUG dbcounter [-] [71488] Writer thread running {{(pid=71488) stat_writer /opt/stack/data/venv/lib/python3.12/site-packages/dbcounter.py:102}}
Aug 25 14:28:01.497652 np0000032572 devstack@n-api.service[71489]: DEBUG dbcounter [-] [71489] Writer thread running {{(pid=71489) stat_writer /opt/stack/data/venv/lib/python3.12/site-packages/dbcounter.py:102}}
Aug 25 14:28:01.497742 np0000032572 devstack@n-api.service[71488]: DEBUG nova.context [None req-fbfaf39a-4d4e-4e44-bef3-e2fc31e9c087 None None] Found 2 cells: 00000000-0000-0000-0000-000000000000(cell0),12c77581-1549-4ccc-a1e0-c9c952bf971f(cell1) {{(pid=71488) load_cells /opt/stack/nova/nova/context.py:464}}
Aug 25 14:28:01.499189 np0000032572 devstack@n-api.service[71488]: DEBUG oslo_concurrency.lockutils [None req-fbfaf39a-4d4e-4e44-bef3-e2fc31e9c087 None None] Acquiring lock "00000000-0000-0000-0000-000000000000" by "nova.context.set_target_cell.<locals>.get_or_set_cached_cell_and_set_connections" {{(pid=71488) inner /opt/stack/data/venv/lib/python3.12/site-packages/oslo_concurrency/lockutils.py:405}}
Aug 25 14:28:01.499248 np0000032572 devstack@n-api.service[71489]: DEBUG nova.context [None req-2890fc75-4eac-4fb4-b230-36c10a03f269 None None] Found 2 cells: 00000000-0000-0000-0000-000000000000(cell0),12c77581-1549-4ccc-a1e0-c9c952bf971f(cell1) {{(pid=71489) load_cells /opt/stack/nova/nova/context.py:464}}
Aug 25 14:28:01.499371 np0000032572 devstack@n-api.service[71488]: DEBUG oslo_concurrency.lockutils [None req-fbfaf39a-4d4e-4e44-bef3-e2fc31e9c087 None None] Lock "00000000-0000-0000-0000-000000000000" acquired by "nova.context.set_target_cell.<locals>.get_or_set_cached_cell_and_set_connections" :: waited 0.000s {{(pid=71488) inner /opt/stack/data/venv/lib/python3.12/site-packages/oslo_concurrency/lockutils.py:410}}
Aug 25 14:28:01.499687 np0000032572 devstack@n-api.service[71488]: DEBUG oslo_concurrency.lockutils [None req-fbfaf39a-4d4e-4e44-bef3-e2fc31e9c087 None None] Lock "00000000-0000-0000-0000-000000000000" "released" by "nova.context.set_target_cell.<locals>.get_or_set_cached_cell_and_set_connections" :: held 0.000s {{(pid=71488) inner /opt/stack/data/venv/lib/python3.12/site-packages/oslo_concurrency/lockutils.py:424}}
Aug 25 14:28:01.500004 np0000032572 devstack@n-api.service[71488]: DEBUG oslo_concurrency.lockutils [None req-fbfaf39a-4d4e-4e44-bef3-e2fc31e9c087 None None] Acquiring lock "12c77581-1549-4ccc-a1e0-c9c952bf971f" by "nova.context.set_target_cell.<locals>.get_or_set_cached_cell_and_set_connections" {{(pid=71488) inner /opt/stack/data/venv/lib/python3.12/site-packages/oslo_concurrency/lockutils.py:405}}
Aug 25 14:28:01.500155 np0000032572 devstack@n-api.service[71488]: DEBUG oslo_concurrency.lockutils [None req-fbfaf39a-4d4e-4e44-bef3-e2fc31e9c087 None None] Lock "12c77581-1549-4ccc-a1e0-c9c952bf971f" acquired by "nova.context.set_target_cell.<locals>.get_or_set_cached_cell_and_set_connections" :: waited 0.000s {{(pid=71488) inner /opt/stack/data/venv/lib/python3.12/site-packages/oslo_concurrency/lockutils.py:410}}
Aug 25 14:28:01.500660 np0000032572 devstack@n-api.service[71489]: DEBUG oslo_concurrency.lockutils [None req-2890fc75-4eac-4fb4-b230-36c10a03f269 None None] Acquiring lock "00000000-0000-0000-0000-000000000000" by "nova.context.set_target_cell.<locals>.get_or_set_cached_cell_and_set_connections" {{(pid=71489) inner /opt/stack/data/venv/lib/python3.12/site-packages/oslo_concurrency/lockutils.py:405}}
Aug 25 14:28:01.500831 np0000032572 devstack@n-api.service[71489]: DEBUG oslo_concurrency.lockutils [None req-2890fc75-4eac-4fb4-b230-36c10a03f269 None None] Lock "00000000-0000-0000-0000-000000000000" acquired by "nova.context.set_target_cell.<locals>.get_or_set_cached_cell_and_set_connections" :: waited 0.000s {{(pid=71489) inner /opt/stack/data/venv/lib/python3.12/site-packages/oslo_concurrency/lockutils.py:410}}
Aug 25 14:28:01.500855 np0000032572 devstack@n-api.service[71488]: DEBUG oslo_concurrency.lockutils [None req-fbfaf39a-4d4e-4e44-bef3-e2fc31e9c087 None None] Lock "12c77581-1549-4ccc-a1e0-c9c952bf971f" "released" by "nova.context.set_target_cell.<locals>.get_or_set_cached_cell_and_set_connections" :: held 0.001s {{(pid=71488) inner /opt/stack/data/venv/lib/python3.12/site-packages/oslo_concurrency/lockutils.py:424}}
Aug 25 14:28:01.501157 np0000032572 devstack@n-api.service[71489]: DEBUG oslo_concurrency.lockutils [None req-2890fc75-4eac-4fb4-b230-36c10a03f269 None None] Lock "00000000-0000-0000-0000-000000000000" "released" by "nova.context.set_target_cell.<locals>.get_or_set_cached_cell_and_set_connections" :: held 0.000s {{(pid=71489) inner /opt/stack/data/venv/lib/python3.12/site-packages/oslo_concurrency/lockutils.py:424}}
Aug 25 14:28:01.501482 np0000032572 devstack@n-api.service[71489]: DEBUG oslo_concurrency.lockutils [None req-2890fc75-4eac-4fb4-b230-36c10a03f269 None None] Acquiring lock "12c77581-1549-4ccc-a1e0-c9c952bf971f" by "nova.context.set_target_cell.<locals>.get_or_set_cached_cell_and_set_connections" {{(pid=71489) inner /opt/stack/data/venv/lib/python3.12/site-packages/oslo_concurrency/lockutils.py:405}}
Aug 25 14:28:01.501616 np0000032572 devstack@n-api.service[71489]: DEBUG oslo_concurrency.lockutils [None req-2890fc75-4eac-4fb4-b230-36c10a03f269 None None] Lock "12c77581-1549-4ccc-a1e0-c9c952bf971f" acquired by "nova.context.set_target_cell.<locals>.get_or_set_cached_cell_and_set_connections" :: waited 0.000s {{(pid=71489) inner /opt/stack/data/venv/lib/python3.12/site-packages/oslo_concurrency/lockutils.py:410}}
Aug 25 14:28:01.501818 np0000032572 devstack@n-api.service[71488]: INFO dbcounter [None req-fbfaf39a-4d4e-4e44-bef3-e2fc31e9c087 None None] Registered counter for database nova_cell0
Aug 25 14:28:01.502303 np0000032572 devstack@n-api.service[71489]: DEBUG oslo_concurrency.lockutils [None req-2890fc75-4eac-4fb4-b230-36c10a03f269 None None] Lock "12c77581-1549-4ccc-a1e0-c9c952bf971f" "released" by "nova.context.set_target_cell.<locals>.get_or_set_cached_cell_and_set_connections" :: held 0.001s {{(pid=71489) inner /opt/stack/data/venv/lib/python3.12/site-packages/oslo_concurrency/lockutils.py:424}}
Aug 25 14:28:01.503268 np0000032572 devstack@n-api.service[71489]: INFO dbcounter [None req-2890fc75-4eac-4fb4-b230-36c10a03f269 None None] Registered counter for database nova_cell0
Aug 25 14:28:01.504350 np0000032572 devstack@n-api.service[71488]: INFO dbcounter [None req-fbfaf39a-4d4e-4e44-bef3-e2fc31e9c087 None None] Registered counter for database nova_cell1
Aug 25 14:28:01.505818 np0000032572 devstack@n-api.service[71489]: INFO dbcounter [None req-2890fc75-4eac-4fb4-b230-36c10a03f269 None None] Registered counter for database nova_cell1
Aug 25 14:28:01.507067 np0000032572 devstack@n-api.service[71488]: DEBUG oslo_db.sqlalchemy.engines [None req-fbfaf39a-4d4e-4e44-bef3-e2fc31e9c087 None None] MySQL server mode set to STRICT_TRANS_TABLES,STRICT_ALL_TABLES,NO_ZERO_IN_DATE,NO_ZERO_DATE,ERROR_FOR_DIVISION_BY_ZERO,TRADITIONAL,NO_ENGINE_SUBSTITUTION {{(pid=71488) _check_effective_sql_mode /opt/stack/data/venv/lib/python3.12/site-packages/oslo_db/sqlalchemy/engines.py:397}}
Aug 25 14:28:01.510709 np0000032572 devstack@n-api.service[71489]: DEBUG oslo_db.sqlalchemy.engines [None req-2890fc75-4eac-4fb4-b230-36c10a03f269 None None] MySQL server mode set to STRICT_TRANS_TABLES,STRICT_ALL_TABLES,NO_ZERO_IN_DATE,NO_ZERO_DATE,ERROR_FOR_DIVISION_BY_ZERO,TRADITIONAL,NO_ENGINE_SUBSTITUTION {{(pid=71489) _check_effective_sql_mode /opt/stack/data/venv/lib/python3.12/site-packages/oslo_db/sqlalchemy/engines.py:397}}
Aug 25 14:28:01.566352 np0000032572 devstack@n-api.service[71488]: DEBUG oslo_db.sqlalchemy.engines [None req-fbfaf39a-4d4e-4e44-bef3-e2fc31e9c087 None None] MySQL server mode set to STRICT_TRANS_TABLES,STRICT_ALL_TABLES,NO_ZERO_IN_DATE,NO_ZERO_DATE,ERROR_FOR_DIVISION_BY_ZERO,TRADITIONAL,NO_ENGINE_SUBSTITUTION {{(pid=71488) _check_effective_sql_mode /opt/stack/data/venv/lib/python3.12/site-packages/oslo_db/sqlalchemy/engines.py:397}}
Aug 25 14:28:01.566664 np0000032572 devstack@n-api.service[71488]: DEBUG dbcounter [-] [71488] Writer thread running {{(pid=71488) stat_writer /opt/stack/data/venv/lib/python3.12/site-packages/dbcounter.py:102}}
Aug 25 14:28:01.569873 np0000032572 devstack@n-api.service[71489]: DEBUG oslo_db.sqlalchemy.engines [None req-2890fc75-4eac-4fb4-b230-36c10a03f269 None None] MySQL server mode set to STRICT_TRANS_TABLES,STRICT_ALL_TABLES,NO_ZERO_IN_DATE,NO_ZERO_DATE,ERROR_FOR_DIVISION_BY_ZERO,TRADITIONAL,NO_ENGINE_SUBSTITUTION {{(pid=71489) _check_effective_sql_mode /opt/stack/data/venv/lib/python3.12/site-packages/oslo_db/sqlalchemy/engines.py:397}}
Aug 25 14:28:01.570045 np0000032572 devstack@n-api.service[71488]: DEBUG dbcounter [-] [71488] Writer thread running {{(pid=71488) stat_writer /opt/stack/data/venv/lib/python3.12/site-packages/dbcounter.py:102}}
Aug 25 14:28:01.570186 np0000032572 devstack@n-api.service[71489]: DEBUG dbcounter [-] [71489] Writer thread running {{(pid=71489) stat_writer /opt/stack/data/venv/lib/python3.12/site-packages/dbcounter.py:102}}
Aug 25 14:28:01.571835 np0000032572 devstack@n-api.service[71488]: INFO dbcounter [None req-fbfaf39a-4d4e-4e44-bef3-e2fc31e9c087 None None] Registered counter for database nova_cell0
Aug 25 14:28:01.573595 np0000032572 devstack@n-api.service[71489]: DEBUG dbcounter [-] [71489] Writer thread running {{(pid=71489) stat_writer /opt/stack/data/venv/lib/python3.12/site-packages/dbcounter.py:102}}
Aug 25 14:28:01.575348 np0000032572 devstack@n-api.service[71489]: INFO dbcounter [None req-2890fc75-4eac-4fb4-b230-36c10a03f269 None None] Registered counter for database nova_cell0
Aug 25 14:28:01.575722 np0000032572 devstack@n-api.service[71488]: DEBUG oslo_db.sqlalchemy.engines [None req-fbfaf39a-4d4e-4e44-bef3-e2fc31e9c087 None None] MySQL server mode set to STRICT_TRANS_TABLES,STRICT_ALL_TABLES,NO_ZERO_IN_DATE,NO_ZERO_DATE,ERROR_FOR_DIVISION_BY_ZERO,TRADITIONAL,NO_ENGINE_SUBSTITUTION {{(pid=71488) _check_effective_sql_mode /opt/stack/data/venv/lib/python3.12/site-packages/oslo_db/sqlalchemy/engines.py:397}}
Aug 25 14:28:01.579149 np0000032572 devstack@n-api.service[71489]: DEBUG oslo_db.sqlalchemy.engines [None req-2890fc75-4eac-4fb4-b230-36c10a03f269 None None] MySQL server mode set to STRICT_TRANS_TABLES,STRICT_ALL_TABLES,NO_ZERO_IN_DATE,NO_ZERO_DATE,ERROR_FOR_DIVISION_BY_ZERO,TRADITIONAL,NO_ENGINE_SUBSTITUTION {{(pid=71489) _check_effective_sql_mode /opt/stack/data/venv/lib/python3.12/site-packages/oslo_db/sqlalchemy/engines.py:397}}
Aug 25 14:28:01.579225 np0000032572 devstack@n-api.service[71488]: DEBUG dbcounter [-] [71488] Writer thread running {{(pid=71488) stat_writer /opt/stack/data/venv/lib/python3.12/site-packages/dbcounter.py:102}}
Aug 25 14:28:01.582597 np0000032572 devstack@n-api.service[71489]: DEBUG dbcounter [-] [71489] Writer thread running {{(pid=71489) stat_writer /opt/stack/data/venv/lib/python3.12/site-packages/dbcounter.py:102}}
Aug 25 14:28:01.923230 np0000032572 devstack@n-api.service[71488]: DEBUG oslo_concurrency.processutils [None req-fbfaf39a-4d4e-4e44-bef3-e2fc31e9c087 None None] Running cmd (subprocess): grep -F node.session.scan /sbin/iscsiadm {{(pid=71488) execute /opt/stack/data/venv/lib/python3.12/site-packages/oslo_concurrency/processutils.py:349}}
Aug 25 14:28:01.924284 np0000032572 devstack@n-api.service[71489]: DEBUG oslo_concurrency.processutils [None req-2890fc75-4eac-4fb4-b230-36c10a03f269 None None] Running cmd (subprocess): grep -F node.session.scan /sbin/iscsiadm {{(pid=71489) execute /opt/stack/data/venv/lib/python3.12/site-packages/oslo_concurrency/processutils.py:349}}
Aug 25 14:28:01.930901 np0000032572 devstack@n-api.service[71488]: DEBUG oslo_concurrency.processutils [None req-fbfaf39a-4d4e-4e44-bef3-e2fc31e9c087 None None] CMD "grep -F node.session.scan /sbin/iscsiadm" returned: 0 in 0.008s {{(pid=71488) execute /opt/stack/data/venv/lib/python3.12/site-packages/oslo_concurrency/processutils.py:372}}
Aug 25 14:28:01.931610 np0000032572 devstack@n-api.service[71489]: DEBUG oslo_concurrency.processutils [None req-2890fc75-4eac-4fb4-b230-36c10a03f269 None None] CMD "grep -F node.session.scan /sbin/iscsiadm" returned: 0 in 0.008s {{(pid=71489) execute /opt/stack/data/venv/lib/python3.12/site-packages/oslo_concurrency/processutils.py:372}}
Aug 25 14:28:02.211479 np0000032572 devstack@n-api.service[71489]: WARNING keystonemiddleware.auth_token [None req-2890fc75-4eac-4fb4-b230-36c10a03f269 None None] AuthToken middleware is set with keystone_authtoken.service_token_roles_required set to False. This is backwards compatible but deprecated behaviour. Please set this to True.
Aug 25 14:28:02.211555 np0000032572 devstack@n-api.service[71488]: WARNING keystonemiddleware.auth_token [None req-fbfaf39a-4d4e-4e44-bef3-e2fc31e9c087 None None] AuthToken middleware is set with keystone_authtoken.service_token_roles_required set to False. This is backwards compatible but deprecated behaviour. Please set this to True.
Aug 25 14:28:02.214694 np0000032572 devstack@n-api.service[71489]: WARNING keystonemiddleware.auth_token [None req-2890fc75-4eac-4fb4-b230-36c10a03f269 None None] Configuring www_authenticate_uri to point to the public identity endpoint is required; clients may not be able to authenticate against an admin endpoint
Aug 25 14:28:02.214727 np0000032572 devstack@n-api.service[71488]: WARNING keystonemiddleware.auth_token [None req-fbfaf39a-4d4e-4e44-bef3-e2fc31e9c087 None None] Configuring www_authenticate_uri to point to the public identity endpoint is required; clients may not be able to authenticate against an admin endpoint
Aug 25 14:28:02.373059 np0000032572 devstack@n-api.service[71488]: WARNING keystonemiddleware.auth_token [None req-fbfaf39a-4d4e-4e44-bef3-e2fc31e9c087 None None] AuthToken middleware is set with keystone_authtoken.service_token_roles_required set to False. This is backwards compatible but deprecated behaviour. Please set this to True.
Aug 25 14:28:02.373300 np0000032572 devstack@n-api.service[71489]: WARNING keystonemiddleware.auth_token [None req-2890fc75-4eac-4fb4-b230-36c10a03f269 None None] AuthToken middleware is set with keystone_authtoken.service_token_roles_required set to False. This is backwards compatible but deprecated behaviour. Please set this to True.
Aug 25 14:28:02.375544 np0000032572 devstack@n-api.service[71488]: WARNING keystonemiddleware.auth_token [None req-fbfaf39a-4d4e-4e44-bef3-e2fc31e9c087 None None] Configuring www_authenticate_uri to point to the public identity endpoint is required; clients may not be able to authenticate against an admin endpoint
Aug 25 14:28:02.375640 np0000032572 devstack@n-api.service[71489]: WARNING keystonemiddleware.auth_token [None req-2890fc75-4eac-4fb4-b230-36c10a03f269 None None] Configuring www_authenticate_uri to point to the public identity endpoint is required; clients may not be able to authenticate against an admin endpoint
Aug 25 14:28:02.377389 np0000032572 devstack@n-api.service[71488]: WSGI app 0 (mountpoint='') ready in 3 seconds on interpreter 0x7ca60c4a39e8 pid: 71488 (default app)
Aug 25 14:28:02.377478 np0000032572 devstack@n-api.service[71489]: WSGI app 0 (mountpoint='') ready in 3 seconds on interpreter 0x7ca60c4a39e8 pid: 71489 (default app)
Aug 25 14:28:02.378276 np0000032572 devstack@n-api.service[71488]: DEBUG nova.api.openstack.wsgi [None req-fbfaf39a-4d4e-4e44-bef3-e2fc31e9c087 None None] Calling method '<bound method VersionsV2.index of <nova.api.openstack.compute.versions.VersionsV2 object at 0x7ca605b3a270>>' {{(pid=71488) _process_stack /opt/stack/nova/nova/api/openstack/wsgi.py:556}}
Aug 25 14:28:02.381266 np0000032572 devstack@n-api.service[71488]: INFO nova.api.openstack.requestlog [None req-fbfaf39a-4d4e-4e44-bef3-e2fc31e9c087 None None] 192.168.1.146 "GET /compute/v2.1/" status: 200 len: 391 microversion: 2.1 time: 0.003208
Aug 25 14:28:02.381452 np0000032572 devstack@n-api.service[71488]: [pid: 71488|app: 0|req: 1/1] 192.168.1.146 () {50 vars in 771 bytes} [Mon Aug 25 14:28:02 2025] GET /compute/v2.1/ => generated 391 bytes in 4 msecs (HTTP/1.1 200) 9 headers in 357 bytes (1 switches on core 0)
Aug 25 14:28:35.030972 np0000032572 devstack@n-api.service[71489]: DEBUG nova.api.openstack.wsgi [None req-2890fc75-4eac-4fb4-b230-36c10a03f269 None None] Calling method '<bound method VersionsV2.index of <nova.api.openstack.compute.versions.VersionsV2 object at 0x7ca605cc86e0>>' {{(pid=71489) _process_stack /opt/stack/nova/nova/api/openstack/wsgi.py:556}}
Aug 25 14:28:35.034545 np0000032572 devstack@n-api.service[71489]: INFO nova.api.openstack.requestlog [None req-2890fc75-4eac-4fb4-b230-36c10a03f269 None None] 192.168.1.146 "GET /compute/v2.1" status: 200 len: 392 microversion: 2.1 time: 0.004122
Aug 25 14:28:35.034724 np0000032572 devstack@n-api.service[71489]: [pid: 71489|app: 0|req: 1/2] 192.168.1.146 () {62 vars in 1056 bytes} [Mon Aug 25 14:28:35 2025] GET /compute/v2.1 => generated 392 bytes in 5 msecs (HTTP/1.1 200) 9 headers in 357 bytes (1 switches on core 0)
Aug 25 14:28:35.046036 np0000032572 devstack@n-api.service[71488]: DEBUG dbcounter [-] [71488] Writing DB stats nova_api:SELECT=1 {{(pid=71488) stat_writer /opt/stack/data/venv/lib/python3.12/site-packages/dbcounter.py:115}}
Aug 25 14:28:35.046886 np0000032572 devstack@n-api.service[71488]: DEBUG dbcounter [-] [71488] Writing DB stats nova_cell0:SELECT=1 {{(pid=71488) stat_writer /opt/stack/data/venv/lib/python3.12/site-packages/dbcounter.py:115}}
Aug 25 14:28:35.046933 np0000032572 devstack@n-api.service[71488]: DEBUG dbcounter [-] [71488] Writing DB stats nova_cell1:SELECT=1 {{(pid=71488) stat_writer /opt/stack/data/venv/lib/python3.12/site-packages/dbcounter.py:115}}
Aug 25 14:28:35.047232 np0000032572 devstack@n-api.service[71488]: DEBUG dbcounter [-] [71488] Writing DB stats nova_cell0:SELECT=2,nova_cell0:INSERT=1 {{(pid=71488) stat_writer /opt/stack/data/venv/lib/python3.12/site-packages/dbcounter.py:115}}
Aug 25 14:28:35.153791 np0000032572 devstack@n-api.service[71488]: DEBUG nova.api.openstack.wsgi [None req-5db65968-efe5-4bfd-83af-6691fc044bda admin admin] Calling method '<bound method FlavorsController.detail of <nova.api.openstack.compute.flavors.FlavorsController object at 0x7ca605508a40>>' {{(pid=71488) _process_stack /opt/stack/nova/nova/api/openstack/wsgi.py:556}}
Aug 25 14:28:35.171404 np0000032572 devstack@n-api.service[71488]: INFO nova.api.openstack.requestlog [None req-5db65968-efe5-4bfd-83af-6691fc044bda admin admin] 192.168.1.146 "GET /compute/v2.1/flavors/detail?is_public=True" status: 200 len: 15 microversion: 2.61 time: 0.131158
Aug 25 14:28:35.171464 np0000032572 devstack@n-api.service[71488]: [pid: 71488|app: 0|req: 2/3] 192.168.1.146 () {68 vars in 1417 bytes} [Mon Aug 25 14:28:35 2025] GET /compute/v2.1/flavors/detail?is_public=True => generated 15 bytes in 132 msecs (HTTP/1.1 200) 9 headers in 358 bytes (1 switches on core 0)
Aug 25 14:28:35.253442 np0000032572 devstack@n-api.service[71489]: DEBUG nova.api.openstack.wsgi [None req-2890fc75-4eac-4fb4-b230-36c10a03f269 None None] Calling method '<bound method VersionsV2.index of <nova.api.openstack.compute.versions.VersionsV2 object at 0x7ca605cc86e0>>' {{(pid=71489) _process_stack /opt/stack/nova/nova/api/openstack/wsgi.py:556}}
Aug 25 14:28:35.256604 np0000032572 devstack@n-api.service[71489]: INFO nova.api.openstack.requestlog [None req-2890fc75-4eac-4fb4-b230-36c10a03f269 None None] 192.168.1.146 "GET /compute/v2.1" status: 200 len: 392 microversion: 2.1 time: 0.003275
Aug 25 14:28:35.256863 np0000032572 devstack@n-api.service[71489]: [pid: 71489|app: 0|req: 2/4] 192.168.1.146 () {62 vars in 1056 bytes} [Mon Aug 25 14:28:35 2025] GET /compute/v2.1 => generated 392 bytes in 4 msecs (HTTP/1.1 200) 9 headers in 357 bytes (1 switches on core 0)
Aug 25 14:28:35.283898 np0000032572 devstack@n-api.service[71488]: DEBUG nova.api.openstack.wsgi [None req-45c4b051-de51-452e-917a-306284fbde11 admin admin] Action: 'create', calling method: <bound method FlavorsController.create of <nova.api.openstack.compute.flavors.FlavorsController object at 0x7ca605508500>>, body: {"flavor": {"id": "c1", "name": "cirros256", "swap": 0, "disk": 1, "os-flavor-access:is_public": true, "vcpus": 1, "ram": 256, "OS-FLV-EXT-DATA:ephemeral": 0, "rxtx_factor": 1.0}} {{(pid=71488) _process_stack /opt/stack/nova/nova/api/openstack/wsgi.py:554}}
Aug 25 14:28:35.309027 np0000032572 devstack@n-api.service[71488]: INFO nova.api.openstack.requestlog [None req-45c4b051-de51-452e-917a-306284fbde11 admin admin] 192.168.1.146 "POST /compute/v2.1/flavors" status: 200 len: 413 microversion: 2.61 time: 0.046922
Aug 25 14:28:35.309158 np0000032572 devstack@n-api.service[71488]: [pid: 71488|app: 0|req: 3/5] 192.168.1.146 () {72 vars in 1408 bytes} [Mon Aug 25 14:28:35 2025] POST /compute/v2.1/flavors => generated 413 bytes in 47 msecs (HTTP/1.1 200) 9 headers in 359 bytes (1 switches on core 0)
Aug 25 14:28:35.319815 np0000032572 devstack@n-api.service[71489]: DEBUG dbcounter [-] [71489] Writing DB stats nova_api:SELECT=1 {{(pid=71489) stat_writer /opt/stack/data/venv/lib/python3.12/site-packages/dbcounter.py:115}}
Aug 25 14:28:35.320481 np0000032572 devstack@n-api.service[71489]: DEBUG dbcounter [-] [71489] Writing DB stats nova_cell0:SELECT=1 {{(pid=71489) stat_writer /opt/stack/data/venv/lib/python3.12/site-packages/dbcounter.py:115}}
Aug 25 14:28:35.320858 np0000032572 devstack@n-api.service[71489]: DEBUG dbcounter [-] [71489] Writing DB stats nova_cell1:SELECT=1 {{(pid=71489) stat_writer /opt/stack/data/venv/lib/python3.12/site-packages/dbcounter.py:115}}
Aug 25 14:28:35.321106 np0000032572 devstack@n-api.service[71489]: DEBUG dbcounter [-] [71489] Writing DB stats nova_cell0:SELECT=2,nova_cell0:INSERT=1 {{(pid=71489) stat_writer /opt/stack/data/venv/lib/python3.12/site-packages/dbcounter.py:115}}
Aug 25 14:28:35.378854 np0000032572 devstack@n-api.service[71489]: DEBUG nova.api.openstack.wsgi [None req-4aef7f9d-90ff-473f-b624-6e5fe84ff7b3 admin admin] Action: 'create', calling method: <bound method FlavorExtraSpecsController.create of <nova.api.openstack.compute.flavors_extraspecs.FlavorExtraSpecsController object at 0x7ca6055089e0>>, body: {"extra_specs": {"hw_rng:allowed": "True"}} {{(pid=71489) _process_stack /opt/stack/nova/nova/api/openstack/wsgi.py:554}}
Aug 25 14:28:35.407577 np0000032572 devstack@n-api.service[71489]: INFO nova.api.openstack.requestlog [None req-4aef7f9d-90ff-473f-b624-6e5fe84ff7b3 admin admin] 192.168.1.146 "POST /compute/v2.1/flavors/c1/os-extra_specs" status: 200 len: 43 microversion: 2.61 time: 0.090894
Aug 25 14:28:35.407816 np0000032572 devstack@n-api.service[71489]: [pid: 71489|app: 0|req: 3/6] 192.168.1.146 () {72 vars in 1461 bytes} [Mon Aug 25 14:28:35 2025] POST /compute/v2.1/flavors/c1/os-extra_specs => generated 43 bytes in 91 msecs (HTTP/1.1 200) 9 headers in 358 bytes (1 switches on core 0)
Aug 25 14:28:35.586439 np0000032572 devstack@n-api.service[71488]: DEBUG nova.api.openstack.wsgi [None req-45c4b051-de51-452e-917a-306284fbde11 admin admin] Calling method '<bound method VersionsV2.index of <nova.api.openstack.compute.versions.VersionsV2 object at 0x7ca605b3a270>>' {{(pid=71488) _process_stack /opt/stack/nova/nova/api/openstack/wsgi.py:556}}
Aug 25 14:28:35.589224 np0000032572 devstack@n-api.service[71488]: INFO nova.api.openstack.requestlog [None req-45c4b051-de51-452e-917a-306284fbde11 admin admin] 192.168.1.146 "GET /compute/v2.1" status: 200 len: 392 microversion: 2.1 time: 0.003041
Aug 25 14:28:35.589442 np0000032572 devstack@n-api.service[71488]: [pid: 71488|app: 0|req: 4/7] 192.168.1.146 () {62 vars in 1056 bytes} [Mon Aug 25 14:28:35 2025] GET /compute/v2.1 => generated 392 bytes in 3 msecs (HTTP/1.1 200) 9 headers in 357 bytes (1 switches on core 0)
Aug 25 14:28:35.652915 np0000032572 devstack@n-api.service[71489]: DEBUG nova.api.openstack.wsgi [None req-1be12f99-98a7-4278-bf0e-3aba69ee468f admin admin] Action: 'create', calling method: <bound method FlavorsController.create of <nova.api.openstack.compute.flavors.FlavorsController object at 0x7ca605508440>>, body: {"flavor": {"id": "d1", "name": "ds512M", "swap": 0, "disk": 5, "os-flavor-access:is_public": true, "vcpus": 1, "ram": 512, "OS-FLV-EXT-DATA:ephemeral": 0, "rxtx_factor": 1.0}} {{(pid=71489) _process_stack /opt/stack/nova/nova/api/openstack/wsgi.py:554}}
Aug 25 14:28:35.672681 np0000032572 devstack@n-api.service[71489]: INFO nova.api.openstack.requestlog [None req-1be12f99-98a7-4278-bf0e-3aba69ee468f admin admin] 192.168.1.146 "POST /compute/v2.1/flavors" status: 200 len: 410 microversion: 2.61 time: 0.078159
Aug 25 14:28:35.672913 np0000032572 devstack@n-api.service[71489]: [pid: 71489|app: 0|req: 4/8] 192.168.1.146 () {72 vars in 1408 bytes} [Mon Aug 25 14:28:35 2025] POST /compute/v2.1/flavors => generated 410 bytes in 79 msecs (HTTP/1.1 200) 9 headers in 359 bytes (1 switches on core 0)
Aug 25 14:28:35.684845 np0000032572 devstack@n-api.service[71488]: DEBUG nova.api.openstack.wsgi [None req-51ad37f5-91ed-474b-9bd5-d1bd450cb2cd admin admin] Action: 'create', calling method: <bound method FlavorExtraSpecsController.create of <nova.api.openstack.compute.flavors_extraspecs.FlavorExtraSpecsController object at 0x7ca6055089b0>>, body: {"extra_specs": {"hw_rng:allowed": "True"}} {{(pid=71488) _process_stack /opt/stack/nova/nova/api/openstack/wsgi.py:554}}
Aug 25 14:28:35.709699 np0000032572 devstack@n-api.service[71488]: INFO nova.api.openstack.requestlog [None req-51ad37f5-91ed-474b-9bd5-d1bd450cb2cd admin admin] 192.168.1.146 "POST /compute/v2.1/flavors/d1/os-extra_specs" status: 200 len: 43 microversion: 2.61 time: 0.028129
Aug 25 14:28:35.711183 np0000032572 devstack@n-api.service[71488]: [pid: 71488|app: 0|req: 5/9] 192.168.1.146 () {72 vars in 1461 bytes} [Mon Aug 25 14:28:35 2025] POST /compute/v2.1/flavors/d1/os-extra_specs => generated 43 bytes in 30 msecs (HTTP/1.1 200) 9 headers in 358 bytes (1 switches on core 0)
Aug 25 14:28:35.823735 np0000032572 devstack@n-api.service[71489]: DEBUG nova.api.openstack.wsgi [None req-1be12f99-98a7-4278-bf0e-3aba69ee468f admin admin] Calling method '<bound method VersionsV2.index of <nova.api.openstack.compute.versions.VersionsV2 object at 0x7ca605cc86e0>>' {{(pid=71489) _process_stack /opt/stack/nova/nova/api/openstack/wsgi.py:556}}
Aug 25 14:28:35.827037 np0000032572 devstack@n-api.service[71489]: INFO nova.api.openstack.requestlog [None req-1be12f99-98a7-4278-bf0e-3aba69ee468f admin admin] 192.168.1.146 "GET /compute/v2.1" status: 200 len: 392 microversion: 2.1 time: 0.003376
Aug 25 14:28:35.827299 np0000032572 devstack@n-api.service[71489]: [pid: 71489|app: 0|req: 5/10] 192.168.1.146 () {62 vars in 1056 bytes} [Mon Aug 25 14:28:35 2025] GET /compute/v2.1 => generated 392 bytes in 4 msecs (HTTP/1.1 200) 9 headers in 357 bytes (1 switches on core 0)
Aug 25 14:28:35.861600 np0000032572 devstack@n-api.service[71488]: DEBUG nova.api.openstack.wsgi [None req-579979bb-3f3d-4b4e-bb45-01a8796f1206 admin admin] Action: 'create', calling method: <bound method FlavorsController.create of <nova.api.openstack.compute.flavors.FlavorsController object at 0x7ca605508500>>, body: {"flavor": {"id": "d2", "name": "ds1G", "swap": 0, "disk": 10, "os-flavor-access:is_public": true, "vcpus": 1, "ram": 1024, "OS-FLV-EXT-DATA:ephemeral": 0, "rxtx_factor": 1.0}} {{(pid=71488) _process_stack /opt/stack/nova/nova/api/openstack/wsgi.py:554}}
Aug 25 14:28:35.875066 np0000032572 devstack@n-api.service[71488]: INFO nova.api.openstack.requestlog [None req-579979bb-3f3d-4b4e-bb45-01a8796f1206 admin admin] 192.168.1.146 "POST /compute/v2.1/flavors" status: 200 len: 410 microversion: 2.61 time: 0.039990
Aug 25 14:28:35.875298 np0000032572 devstack@n-api.service[71488]: [pid: 71488|app: 0|req: 6/11] 192.168.1.146 () {72 vars in 1408 bytes} [Mon Aug 25 14:28:35 2025] POST /compute/v2.1/flavors => generated 410 bytes in 40 msecs (HTTP/1.1 200) 9 headers in 359 bytes (1 switches on core 0)
Aug 25 14:28:35.883128 np0000032572 devstack@n-api.service[71489]: DEBUG nova.api.openstack.wsgi [None req-321ada6f-0c95-40c2-8e53-ac62d9421010 admin admin] Action: 'create', calling method: <bound method FlavorExtraSpecsController.create of <nova.api.openstack.compute.flavors_extraspecs.FlavorExtraSpecsController object at 0x7ca6055089e0>>, body: {"extra_specs": {"hw_rng:allowed": "True"}} {{(pid=71489) _process_stack /opt/stack/nova/nova/api/openstack/wsgi.py:554}}
Aug 25 14:28:35.897175 np0000032572 devstack@n-api.service[71489]: INFO nova.api.openstack.requestlog [None req-321ada6f-0c95-40c2-8e53-ac62d9421010 admin admin] 192.168.1.146 "POST /compute/v2.1/flavors/d2/os-extra_specs" status: 200 len: 43 microversion: 2.61 time: 0.015484
Aug 25 14:28:35.897441 np0000032572 devstack@n-api.service[71489]: [pid: 71489|app: 0|req: 6/12] 192.168.1.146 () {72 vars in 1461 bytes} [Mon Aug 25 14:28:35 2025] POST /compute/v2.1/flavors/d2/os-extra_specs => generated 43 bytes in 16 msecs (HTTP/1.1 200) 9 headers in 358 bytes (1 switches on core 0)
Aug 25 14:28:35.993011 np0000032572 devstack@n-api.service[71488]: DEBUG nova.api.openstack.wsgi [None req-579979bb-3f3d-4b4e-bb45-01a8796f1206 admin admin] Calling method '<bound method VersionsV2.index of <nova.api.openstack.compute.versions.VersionsV2 object at 0x7ca605b3a270>>' {{(pid=71488) _process_stack /opt/stack/nova/nova/api/openstack/wsgi.py:556}}
Aug 25 14:28:35.997390 np0000032572 devstack@n-api.service[71488]: INFO nova.api.openstack.requestlog [None req-579979bb-3f3d-4b4e-bb45-01a8796f1206 admin admin] 192.168.1.146 "GET /compute/v2.1" status: 200 len: 392 microversion: 2.1 time: 0.003116
Aug 25 14:28:35.997390 np0000032572 devstack@n-api.service[71488]: [pid: 71488|app: 0|req: 7/13] 192.168.1.146 () {62 vars in 1056 bytes} [Mon Aug 25 14:28:35 2025] GET /compute/v2.1 => generated 392 bytes in 3 msecs (HTTP/1.1 200) 9 headers in 357 bytes (1 switches on core 0)
Aug 25 14:28:36.033610 np0000032572 devstack@n-api.service[71489]: DEBUG nova.api.openstack.wsgi [None req-03410d77-ebdb-4b77-8a3a-1330bd3e4031 admin admin] Action: 'create', calling method: <bound method FlavorsController.create of <nova.api.openstack.compute.flavors.FlavorsController object at 0x7ca605508440>>, body: {"flavor": {"id": "d3", "name": "ds2G", "swap": 0, "disk": 10, "os-flavor-access:is_public": true, "vcpus": 2, "ram": 2048, "OS-FLV-EXT-DATA:ephemeral": 0, "rxtx_factor": 1.0}} {{(pid=71489) _process_stack /opt/stack/nova/nova/api/openstack/wsgi.py:554}}
Aug 25 14:28:36.048397 np0000032572 devstack@n-api.service[71489]: INFO nova.api.openstack.requestlog [None req-03410d77-ebdb-4b77-8a3a-1330bd3e4031 admin admin] 192.168.1.146 "POST /compute/v2.1/flavors" status: 200 len: 410 microversion: 2.61 time: 0.045313
Aug 25 14:28:36.048688 np0000032572 devstack@n-api.service[71489]: [pid: 71489|app: 0|req: 7/14] 192.168.1.146 () {72 vars in 1408 bytes} [Mon Aug 25 14:28:36 2025] POST /compute/v2.1/flavors => generated 410 bytes in 46 msecs (HTTP/1.1 200) 9 headers in 359 bytes (1 switches on core 0)
Aug 25 14:28:36.060045 np0000032572 devstack@n-api.service[71488]: DEBUG nova.api.openstack.wsgi [None req-5555d3ac-fda6-4df1-8b4b-fdff801fed59 admin admin] Action: 'create', calling method: <bound method FlavorExtraSpecsController.create of <nova.api.openstack.compute.flavors_extraspecs.FlavorExtraSpecsController object at 0x7ca6055089b0>>, body: {"extra_specs": {"hw_rng:allowed": "True"}} {{(pid=71488) _process_stack /opt/stack/nova/nova/api/openstack/wsgi.py:554}}
Aug 25 14:28:36.075027 np0000032572 devstack@n-api.service[71488]: INFO nova.api.openstack.requestlog [None req-5555d3ac-fda6-4df1-8b4b-fdff801fed59 admin admin] 192.168.1.146 "POST /compute/v2.1/flavors/d3/os-extra_specs" status: 200 len: 43 microversion: 2.61 time: 0.018281
Aug 25 14:28:36.075382 np0000032572 devstack@n-api.service[71488]: [pid: 71488|app: 0|req: 8/15] 192.168.1.146 () {72 vars in 1461 bytes} [Mon Aug 25 14:28:36 2025] POST /compute/v2.1/flavors/d3/os-extra_specs => generated 43 bytes in 19 msecs (HTTP/1.1 200) 9 headers in 358 bytes (1 switches on core 0)
Aug 25 14:28:36.155791 np0000032572 devstack@n-api.service[71489]: DEBUG nova.api.openstack.wsgi [None req-03410d77-ebdb-4b77-8a3a-1330bd3e4031 admin admin] Calling method '<bound method VersionsV2.index of <nova.api.openstack.compute.versions.VersionsV2 object at 0x7ca605cc86e0>>' {{(pid=71489) _process_stack /opt/stack/nova/nova/api/openstack/wsgi.py:556}}
Aug 25 14:28:36.158854 np0000032572 devstack@n-api.service[71489]: INFO nova.api.openstack.requestlog [None req-03410d77-ebdb-4b77-8a3a-1330bd3e4031 admin admin] 192.168.1.146 "GET /compute/v2.1" status: 200 len: 392 microversion: 2.1 time: 0.003236
Aug 25 14:28:36.159072 np0000032572 devstack@n-api.service[71489]: [pid: 71489|app: 0|req: 8/16] 192.168.1.146 () {62 vars in 1056 bytes} [Mon Aug 25 14:28:36 2025] GET /compute/v2.1 => generated 392 bytes in 3 msecs (HTTP/1.1 200) 9 headers in 357 bytes (1 switches on core 0)
Aug 25 14:28:36.187013 np0000032572 devstack@n-api.service[71488]: DEBUG nova.api.openstack.wsgi [None req-9ef2157d-c066-4787-b2fe-3348b01eb956 admin admin] Action: 'create', calling method: <bound method FlavorsController.create of <nova.api.openstack.compute.flavors.FlavorsController object at 0x7ca605508500>>, body: {"flavor": {"id": "d4", "name": "ds4G", "swap": 0, "disk": 20, "os-flavor-access:is_public": true, "vcpus": 4, "ram": 4096, "OS-FLV-EXT-DATA:ephemeral": 0, "rxtx_factor": 1.0}} {{(pid=71488) _process_stack /opt/stack/nova/nova/api/openstack/wsgi.py:554}}
Aug 25 14:28:36.197529 np0000032572 devstack@n-api.service[71488]: INFO nova.api.openstack.requestlog [None req-9ef2157d-c066-4787-b2fe-3348b01eb956 admin admin] 192.168.1.146 "POST /compute/v2.1/flavors" status: 200 len: 410 microversion: 2.61 time: 0.033705
Aug 25 14:28:36.197881 np0000032572 devstack@n-api.service[71488]: [pid: 71488|app: 0|req: 9/17] 192.168.1.146 () {72 vars in 1408 bytes} [Mon Aug 25 14:28:36 2025] POST /compute/v2.1/flavors => generated 410 bytes in 34 msecs (HTTP/1.1 200) 9 headers in 359 bytes (2 switches on core 0)
Aug 25 14:28:36.205761 np0000032572 devstack@n-api.service[71489]: DEBUG nova.api.openstack.wsgi [None req-e784623f-cfb5-4c34-b9ce-506c30a3141e admin admin] Action: 'create', calling method: <bound method FlavorExtraSpecsController.create of <nova.api.openstack.compute.flavors_extraspecs.FlavorExtraSpecsController object at 0x7ca6055089e0>>, body: {"extra_specs": {"hw_rng:allowed": "True"}} {{(pid=71489) _process_stack /opt/stack/nova/nova/api/openstack/wsgi.py:554}}
Aug 25 14:28:36.220071 np0000032572 devstack@n-api.service[71489]: INFO nova.api.openstack.requestlog [None req-e784623f-cfb5-4c34-b9ce-506c30a3141e admin admin] 192.168.1.146 "POST /compute/v2.1/flavors/d4/os-extra_specs" status: 200 len: 43 microversion: 2.61 time: 0.015738
Aug 25 14:28:36.220374 np0000032572 devstack@n-api.service[71489]: [pid: 71489|app: 0|req: 9/18] 192.168.1.146 () {72 vars in 1461 bytes} [Mon Aug 25 14:28:36 2025] POST /compute/v2.1/flavors/d4/os-extra_specs => generated 43 bytes in 16 msecs (HTTP/1.1 200) 9 headers in 358 bytes (1 switches on core 0)
Aug 25 14:28:36.307410 np0000032572 devstack@n-api.service[71488]: DEBUG nova.api.openstack.wsgi [None req-9ef2157d-c066-4787-b2fe-3348b01eb956 admin admin] Calling method '<bound method VersionsV2.index of <nova.api.openstack.compute.versions.VersionsV2 object at 0x7ca605b3a270>>' {{(pid=71488) _process_stack /opt/stack/nova/nova/api/openstack/wsgi.py:556}}
Aug 25 14:28:36.310788 np0000032572 devstack@n-api.service[71488]: INFO nova.api.openstack.requestlog [None req-9ef2157d-c066-4787-b2fe-3348b01eb956 admin admin] 192.168.1.146 "GET /compute/v2.1" status: 200 len: 392 microversion: 2.1 time: 0.003394
Aug 25 14:28:36.310788 np0000032572 devstack@n-api.service[71488]: [pid: 71488|app: 0|req: 10/19] 192.168.1.146 () {62 vars in 1056 bytes} [Mon Aug 25 14:28:36 2025] GET /compute/v2.1 => generated 392 bytes in 4 msecs (HTTP/1.1 200) 9 headers in 357 bytes (1 switches on core 0)
Aug 25 14:28:36.335331 np0000032572 devstack@n-api.service[71489]: DEBUG nova.api.openstack.wsgi [None req-44a8ebeb-8840-4e9a-96cd-3fe9b9b0404f admin admin] Calling method '<bound method FlavorsController.detail of <nova.api.openstack.compute.flavors.FlavorsController object at 0x7ca605508980>>' {{(pid=71489) _process_stack /opt/stack/nova/nova/api/openstack/wsgi.py:556}}
Aug 25 14:28:36.352392 np0000032572 devstack@n-api.service[71489]: INFO nova.api.openstack.requestlog [None req-44a8ebeb-8840-4e9a-96cd-3fe9b9b0404f admin admin] 192.168.1.146 "GET /compute/v2.1/flavors/detail?is_public=True" status: 200 len: 2136 microversion: 2.61 time: 0.036192
Aug 25 14:28:36.352735 np0000032572 devstack@n-api.service[71489]: [pid: 71489|app: 0|req: 10/20] 192.168.1.146 () {68 vars in 1417 bytes} [Mon Aug 25 14:28:36 2025] GET /compute/v2.1/flavors/detail?is_public=True => generated 2136 bytes in 37 msecs (HTTP/1.1 200) 9 headers in 360 bytes (1 switches on core 0)
Aug 25 14:28:36.441108 np0000032572 devstack@n-api.service[71488]: DEBUG nova.api.openstack.wsgi [None req-9ef2157d-c066-4787-b2fe-3348b01eb956 admin admin] Calling method '<bound method VersionsV2.index of <nova.api.openstack.compute.versions.VersionsV2 object at 0x7ca605b3a270>>' {{(pid=71488) _process_stack /opt/stack/nova/nova/api/openstack/wsgi.py:556}}
Aug 25 14:28:36.444154 np0000032572 devstack@n-api.service[71488]: INFO nova.api.openstack.requestlog [None req-9ef2157d-c066-4787-b2fe-3348b01eb956 admin admin] 192.168.1.146 "GET /compute/v2.1" status: 200 len: 392 microversion: 2.1 time: 0.003125
Aug 25 14:28:36.444473 np0000032572 devstack@n-api.service[71488]: [pid: 71488|app: 0|req: 11/21] 192.168.1.146 () {62 vars in 1056 bytes} [Mon Aug 25 14:28:36 2025] GET /compute/v2.1 => generated 392 bytes in 3 msecs (HTTP/1.1 200) 9 headers in 357 bytes (1 switches on core 0)
Aug 25 14:28:36.469937 np0000032572 devstack@n-api.service[71489]: DEBUG nova.api.openstack.wsgi [None req-b7bb9f9f-289a-4466-9837-60eabf5e6116 admin admin] Action: 'create', calling method: <bound method FlavorsController.create of <nova.api.openstack.compute.flavors.FlavorsController object at 0x7ca605508440>>, body: {"flavor": {"id": "1", "name": "m1.tiny", "swap": 0, "disk": 1, "os-flavor-access:is_public": true, "vcpus": 1, "ram": 512, "OS-FLV-EXT-DATA:ephemeral": 0, "rxtx_factor": 1.0}} {{(pid=71489) _process_stack /opt/stack/nova/nova/api/openstack/wsgi.py:554}}
Aug 25 14:28:36.484224 np0000032572 devstack@n-api.service[71489]: INFO nova.api.openstack.requestlog [None req-b7bb9f9f-289a-4466-9837-60eabf5e6116 admin admin] 192.168.1.146 "POST /compute/v2.1/flavors" status: 200 len: 408 microversion: 2.61 time: 0.034950
Aug 25 14:28:36.484718 np0000032572 devstack@n-api.service[71489]: [pid: 71489|app: 0|req: 11/22] 192.168.1.146 () {72 vars in 1408 bytes} [Mon Aug 25 14:28:36 2025] POST /compute/v2.1/flavors => generated 408 bytes in 35 msecs (HTTP/1.1 200) 9 headers in 359 bytes (1 switches on core 0)
Aug 25 14:28:36.497013 np0000032572 devstack@n-api.service[71488]: DEBUG nova.api.openstack.wsgi [None req-7eb02297-15eb-4d6b-a421-de789e731ebf admin admin] Action: 'create', calling method: <bound method FlavorExtraSpecsController.create of <nova.api.openstack.compute.flavors_extraspecs.FlavorExtraSpecsController object at 0x7ca6055089b0>>, body: {"extra_specs": {"hw_rng:allowed": "True"}} {{(pid=71488) _process_stack /opt/stack/nova/nova/api/openstack/wsgi.py:554}}
Aug 25 14:28:36.512062 np0000032572 devstack@n-api.service[71488]: INFO nova.api.openstack.requestlog [None req-7eb02297-15eb-4d6b-a421-de789e731ebf admin admin] 192.168.1.146 "POST /compute/v2.1/flavors/1/os-extra_specs" status: 200 len: 43 microversion: 2.61 time: 0.018376
Aug 25 14:28:36.512455 np0000032572 devstack@n-api.service[71488]: [pid: 71488|app: 0|req: 12/23] 192.168.1.146 () {72 vars in 1458 bytes} [Mon Aug 25 14:28:36 2025] POST /compute/v2.1/flavors/1/os-extra_specs => generated 43 bytes in 19 msecs (HTTP/1.1 200) 9 headers in 358 bytes (1 switches on core 0)
Aug 25 14:28:36.594781 np0000032572 devstack@n-api.service[71489]: DEBUG nova.api.openstack.wsgi [None req-b7bb9f9f-289a-4466-9837-60eabf5e6116 admin admin] Calling method '<bound method VersionsV2.index of <nova.api.openstack.compute.versions.VersionsV2 object at 0x7ca605cc86e0>>' {{(pid=71489) _process_stack /opt/stack/nova/nova/api/openstack/wsgi.py:556}}
Aug 25 14:28:36.597602 np0000032572 devstack@n-api.service[71489]: INFO nova.api.openstack.requestlog [None req-b7bb9f9f-289a-4466-9837-60eabf5e6116 admin admin] 192.168.1.146 "GET /compute/v2.1" status: 200 len: 392 microversion: 2.1 time: 0.002986
Aug 25 14:28:36.597761 np0000032572 devstack@n-api.service[71489]: [pid: 71489|app: 0|req: 12/24] 192.168.1.146 () {62 vars in 1056 bytes} [Mon Aug 25 14:28:36 2025] GET /compute/v2.1 => generated 392 bytes in 3 msecs (HTTP/1.1 200) 9 headers in 357 bytes (1 switches on core 0)
Aug 25 14:28:36.625975 np0000032572 devstack@n-api.service[71488]: DEBUG nova.api.openstack.wsgi [None req-4a5c2209-33f9-49b6-8288-c535d864ef9c admin admin] Action: 'create', calling method: <bound method FlavorsController.create of <nova.api.openstack.compute.flavors.FlavorsController object at 0x7ca605508500>>, body: {"flavor": {"id": "2", "name": "m1.small", "swap": 0, "disk": 20, "os-flavor-access:is_public": true, "vcpus": 1, "ram": 2048, "OS-FLV-EXT-DATA:ephemeral": 0, "rxtx_factor": 1.0}} {{(pid=71488) _process_stack /opt/stack/nova/nova/api/openstack/wsgi.py:554}}
Aug 25 14:28:36.639726 np0000032572 devstack@n-api.service[71488]: INFO nova.api.openstack.requestlog [None req-4a5c2209-33f9-49b6-8288-c535d864ef9c admin admin] 192.168.1.146 "POST /compute/v2.1/flavors" status: 200 len: 411 microversion: 2.61 time: 0.036490
Aug 25 14:28:36.639726 np0000032572 devstack@n-api.service[71488]: [pid: 71488|app: 0|req: 13/25] 192.168.1.146 () {72 vars in 1408 bytes} [Mon Aug 25 14:28:36 2025] POST /compute/v2.1/flavors => generated 411 bytes in 37 msecs (HTTP/1.1 200) 9 headers in 359 bytes (1 switches on core 0)
Aug 25 14:28:36.648466 np0000032572 devstack@n-api.service[71489]: DEBUG nova.api.openstack.wsgi [None req-93aa2662-bcde-4513-92bd-6e28c0ad0a12 admin admin] Action: 'create', calling method: <bound method FlavorExtraSpecsController.create of <nova.api.openstack.compute.flavors_extraspecs.FlavorExtraSpecsController object at 0x7ca6055089e0>>, body: {"extra_specs": {"hw_rng:allowed": "True"}} {{(pid=71489) _process_stack /opt/stack/nova/nova/api/openstack/wsgi.py:554}}
Aug 25 14:28:36.664150 np0000032572 devstack@n-api.service[71489]: INFO nova.api.openstack.requestlog [None req-93aa2662-bcde-4513-92bd-6e28c0ad0a12 admin admin] 192.168.1.146 "POST /compute/v2.1/flavors/2/os-extra_specs" status: 200 len: 43 microversion: 2.61 time: 0.017436
Aug 25 14:28:36.664427 np0000032572 devstack@n-api.service[71489]: [pid: 71489|app: 0|req: 13/26] 192.168.1.146 () {72 vars in 1458 bytes} [Mon Aug 25 14:28:36 2025] POST /compute/v2.1/flavors/2/os-extra_specs => generated 43 bytes in 18 msecs (HTTP/1.1 200) 9 headers in 358 bytes (1 switches on core 0)
Aug 25 14:28:36.748807 np0000032572 devstack@n-api.service[71488]: DEBUG nova.api.openstack.wsgi [None req-4a5c2209-33f9-49b6-8288-c535d864ef9c admin admin] Calling method '<bound method VersionsV2.index of <nova.api.openstack.compute.versions.VersionsV2 object at 0x7ca605b3a270>>' {{(pid=71488) _process_stack /opt/stack/nova/nova/api/openstack/wsgi.py:556}}
Aug 25 14:28:36.753135 np0000032572 devstack@n-api.service[71488]: INFO nova.api.openstack.requestlog [None req-4a5c2209-33f9-49b6-8288-c535d864ef9c admin admin] 192.168.1.146 "GET /compute/v2.1" status: 200 len: 392 microversion: 2.1 time: 0.004455
Aug 25 14:28:36.753435 np0000032572 devstack@n-api.service[71488]: [pid: 71488|app: 0|req: 14/27] 192.168.1.146 () {62 vars in 1056 bytes} [Mon Aug 25 14:28:36 2025] GET /compute/v2.1 => generated 392 bytes in 5 msecs (HTTP/1.1 200) 9 headers in 357 bytes (1 switches on core 0)
