Aug 10 14:31:14.694952 np0000032517 devstack@n-api.service[70268]: DEBUG nova.api.openstack.wsgi_app [-] oslo_messaging_rabbit.rpc_conn_pool_size = 30 {{(pid=70268) log_opt_values /opt/stack/data/venv/lib/python3.12/site-packages/oslo_config/cfg.py:2824}}
Aug 10 14:31:14.695040 np0000032517 devstack@n-api.service[70268]: DEBUG nova.api.openstack.wsgi_app [-] oslo_messaging_rabbit.ssl      = False {{(pid=70268) log_opt_values /opt/stack/data/venv/lib/python3.12/site-packages/oslo_config/cfg.py:2824}}
Aug 10 14:31:14.695124 np0000032517 devstack@n-api.service[70268]: DEBUG nova.api.openstack.wsgi_app [-] oslo_messaging_rabbit.ssl_ca_file =  {{(pid=70268) log_opt_values /opt/stack/data/venv/lib/python3.12/site-packages/oslo_config/cfg.py:2824}}
Aug 10 14:31:14.695209 np0000032517 devstack@n-api.service[70268]: DEBUG nova.api.openstack.wsgi_app [-] oslo_messaging_rabbit.ssl_cert_file =  {{(pid=70268) log_opt_values /opt/stack/data/venv/lib/python3.12/site-packages/oslo_config/cfg.py:2824}}
Aug 10 14:31:14.695291 np0000032517 devstack@n-api.service[70268]: DEBUG nova.api.openstack.wsgi_app [-] oslo_messaging_rabbit.ssl_enforce_fips_mode = False {{(pid=70268) log_opt_values /opt/stack/data/venv/lib/python3.12/site-packages/oslo_config/cfg.py:2824}}
Aug 10 14:31:14.695374 np0000032517 devstack@n-api.service[70268]: DEBUG nova.api.openstack.wsgi_app [-] oslo_messaging_rabbit.ssl_key_file =  {{(pid=70268) log_opt_values /opt/stack/data/venv/lib/python3.12/site-packages/oslo_config/cfg.py:2824}}
Aug 10 14:31:14.695458 np0000032517 devstack@n-api.service[70268]: DEBUG nova.api.openstack.wsgi_app [-] oslo_messaging_rabbit.ssl_version =  {{(pid=70268) log_opt_values /opt/stack/data/venv/lib/python3.12/site-packages/oslo_config/cfg.py:2824}}
Aug 10 14:31:14.695540 np0000032517 devstack@n-api.service[70268]: DEBUG nova.api.openstack.wsgi_app [-] oslo_messaging_rabbit.use_queue_manager = False {{(pid=70268) log_opt_values /opt/stack/data/venv/lib/python3.12/site-packages/oslo_config/cfg.py:2824}}
Aug 10 14:31:14.695635 np0000032517 devstack@n-api.service[70268]: DEBUG nova.api.openstack.wsgi_app [-] oslo_messaging_notifications.driver = ['messagingv2'] {{(pid=70268) log_opt_values /opt/stack/data/venv/lib/python3.12/site-packages/oslo_config/cfg.py:2824}}
Aug 10 14:31:14.695729 np0000032517 devstack@n-api.service[70268]: DEBUG nova.api.openstack.wsgi_app [-] oslo_messaging_notifications.retry = -1 {{(pid=70268) log_opt_values /opt/stack/data/venv/lib/python3.12/site-packages/oslo_config/cfg.py:2824}}
Aug 10 14:31:14.695820 np0000032517 devstack@n-api.service[70268]: DEBUG nova.api.openstack.wsgi_app [-] oslo_messaging_notifications.topics = ['notifications'] {{(pid=70268) log_opt_values /opt/stack/data/venv/lib/python3.12/site-packages/oslo_config/cfg.py:2824}}
Aug 10 14:31:14.695906 np0000032517 devstack@n-api.service[70268]: DEBUG nova.api.openstack.wsgi_app [-] oslo_messaging_notifications.transport_url = **** {{(pid=70268) log_opt_values /opt/stack/data/venv/lib/python3.12/site-packages/oslo_config/cfg.py:2824}}
Aug 10 14:31:14.695990 np0000032517 devstack@n-api.service[70268]: DEBUG nova.api.openstack.wsgi_app [-] oslo_reports.file_event_handler = None {{(pid=70268) log_opt_values /opt/stack/data/venv/lib/python3.12/site-packages/oslo_config/cfg.py:2824}}
Aug 10 14:31:14.696080 np0000032517 devstack@n-api.service[70268]: DEBUG nova.api.openstack.wsgi_app [-] oslo_reports.file_event_handler_interval = 1 {{(pid=70268) log_opt_values /opt/stack/data/venv/lib/python3.12/site-packages/oslo_config/cfg.py:2824}}
Aug 10 14:31:14.696161 np0000032517 devstack@n-api.service[70268]: DEBUG nova.api.openstack.wsgi_app [-] oslo_reports.log_dir           = None {{(pid=70268) log_opt_values /opt/stack/data/venv/lib/python3.12/site-packages/oslo_config/cfg.py:2824}}
Aug 10 14:31:14.696227 np0000032517 devstack@n-api.service[70268]: DEBUG nova.api.openstack.wsgi_app [-] ******************************************************************************** {{(pid=70268) log_opt_values /opt/stack/data/venv/lib/python3.12/site-packages/oslo_config/cfg.py:2828}}
Aug 10 14:31:14.720315 np0000032517 devstack@n-api.service[70267]: INFO dbcounter [None req-232406d6-81c6-45bd-bf90-9f7238c2409b None None] Registered counter for database nova_api
Aug 10 14:31:14.724771 np0000032517 devstack@n-api.service[70268]: INFO dbcounter [None req-aa47396b-8cad-4959-bab8-9e844ad1b68c None None] Registered counter for database nova_api
Aug 10 14:31:14.730306 np0000032517 devstack@n-api.service[70267]: DEBUG oslo_db.sqlalchemy.engines [None req-232406d6-81c6-45bd-bf90-9f7238c2409b None None] MySQL server mode set to STRICT_TRANS_TABLES,STRICT_ALL_TABLES,NO_ZERO_IN_DATE,NO_ZERO_DATE,ERROR_FOR_DIVISION_BY_ZERO,TRADITIONAL,NO_ENGINE_SUBSTITUTION {{(pid=70267) _check_effective_sql_mode /opt/stack/data/venv/lib/python3.12/site-packages/oslo_db/sqlalchemy/engines.py:397}}
Aug 10 14:31:14.733667 np0000032517 devstack@n-api.service[70268]: DEBUG oslo_db.sqlalchemy.engines [None req-aa47396b-8cad-4959-bab8-9e844ad1b68c None None] MySQL server mode set to STRICT_TRANS_TABLES,STRICT_ALL_TABLES,NO_ZERO_IN_DATE,NO_ZERO_DATE,ERROR_FOR_DIVISION_BY_ZERO,TRADITIONAL,NO_ENGINE_SUBSTITUTION {{(pid=70268) _check_effective_sql_mode /opt/stack/data/venv/lib/python3.12/site-packages/oslo_db/sqlalchemy/engines.py:397}}
Aug 10 14:31:14.753294 np0000032517 devstack@n-api.service[70267]: DEBUG dbcounter [-] [70267] Writer thread running {{(pid=70267) stat_writer /opt/stack/data/venv/lib/python3.12/site-packages/dbcounter.py:102}}
Aug 10 14:31:14.755115 np0000032517 devstack@n-api.service[70267]: DEBUG nova.context [None req-232406d6-81c6-45bd-bf90-9f7238c2409b None None] Found 2 cells: 00000000-0000-0000-0000-000000000000(cell0),32b62597-c159-4a0e-853a-7ba4bdadd6e9(cell1) {{(pid=70267) load_cells /opt/stack/nova/nova/context.py:464}}
Aug 10 14:31:14.756489 np0000032517 devstack@n-api.service[70268]: DEBUG dbcounter [-] [70268] Writer thread running {{(pid=70268) stat_writer /opt/stack/data/venv/lib/python3.12/site-packages/dbcounter.py:102}}
Aug 10 14:31:14.756558 np0000032517 devstack@n-api.service[70267]: DEBUG oslo_concurrency.lockutils [None req-232406d6-81c6-45bd-bf90-9f7238c2409b None None] Acquiring lock "00000000-0000-0000-0000-000000000000" by "nova.context.set_target_cell.<locals>.get_or_set_cached_cell_and_set_connections" {{(pid=70267) inner /opt/stack/data/venv/lib/python3.12/site-packages/oslo_concurrency/lockutils.py:405}}
Aug 10 14:31:14.756756 np0000032517 devstack@n-api.service[70267]: DEBUG oslo_concurrency.lockutils [None req-232406d6-81c6-45bd-bf90-9f7238c2409b None None] Lock "00000000-0000-0000-0000-000000000000" acquired by "nova.context.set_target_cell.<locals>.get_or_set_cached_cell_and_set_connections" :: waited 0.000s {{(pid=70267) inner /opt/stack/data/venv/lib/python3.12/site-packages/oslo_concurrency/lockutils.py:410}}
Aug 10 14:31:14.757088 np0000032517 devstack@n-api.service[70267]: DEBUG oslo_concurrency.lockutils [None req-232406d6-81c6-45bd-bf90-9f7238c2409b None None] Lock "00000000-0000-0000-0000-000000000000" "released" by "nova.context.set_target_cell.<locals>.get_or_set_cached_cell_and_set_connections" :: held 0.000s {{(pid=70267) inner /opt/stack/data/venv/lib/python3.12/site-packages/oslo_concurrency/lockutils.py:424}}
Aug 10 14:31:14.757403 np0000032517 devstack@n-api.service[70267]: DEBUG oslo_concurrency.lockutils [None req-232406d6-81c6-45bd-bf90-9f7238c2409b None None] Acquiring lock "32b62597-c159-4a0e-853a-7ba4bdadd6e9" by "nova.context.set_target_cell.<locals>.get_or_set_cached_cell_and_set_connections" {{(pid=70267) inner /opt/stack/data/venv/lib/python3.12/site-packages/oslo_concurrency/lockutils.py:405}}
Aug 10 14:31:14.757538 np0000032517 devstack@n-api.service[70267]: DEBUG oslo_concurrency.lockutils [None req-232406d6-81c6-45bd-bf90-9f7238c2409b None None] Lock "32b62597-c159-4a0e-853a-7ba4bdadd6e9" acquired by "nova.context.set_target_cell.<locals>.get_or_set_cached_cell_and_set_connections" :: waited 0.000s {{(pid=70267) inner /opt/stack/data/venv/lib/python3.12/site-packages/oslo_concurrency/lockutils.py:410}}
Aug 10 14:31:14.758162 np0000032517 devstack@n-api.service[70268]: DEBUG nova.context [None req-aa47396b-8cad-4959-bab8-9e844ad1b68c None None] Found 2 cells: 00000000-0000-0000-0000-000000000000(cell0),32b62597-c159-4a0e-853a-7ba4bdadd6e9(cell1) {{(pid=70268) load_cells /opt/stack/nova/nova/context.py:464}}
Aug 10 14:31:14.758240 np0000032517 devstack@n-api.service[70267]: DEBUG oslo_concurrency.lockutils [None req-232406d6-81c6-45bd-bf90-9f7238c2409b None None] Lock "32b62597-c159-4a0e-853a-7ba4bdadd6e9" "released" by "nova.context.set_target_cell.<locals>.get_or_set_cached_cell_and_set_connections" :: held 0.001s {{(pid=70267) inner /opt/stack/data/venv/lib/python3.12/site-packages/oslo_concurrency/lockutils.py:424}}
Aug 10 14:31:14.759242 np0000032517 devstack@n-api.service[70267]: INFO dbcounter [None req-232406d6-81c6-45bd-bf90-9f7238c2409b None None] Registered counter for database nova_cell0
Aug 10 14:31:14.759579 np0000032517 devstack@n-api.service[70268]: DEBUG oslo_concurrency.lockutils [None req-aa47396b-8cad-4959-bab8-9e844ad1b68c None None] Acquiring lock "00000000-0000-0000-0000-000000000000" by "nova.context.set_target_cell.<locals>.get_or_set_cached_cell_and_set_connections" {{(pid=70268) inner /opt/stack/data/venv/lib/python3.12/site-packages/oslo_concurrency/lockutils.py:405}}
Aug 10 14:31:14.759768 np0000032517 devstack@n-api.service[70268]: DEBUG oslo_concurrency.lockutils [None req-aa47396b-8cad-4959-bab8-9e844ad1b68c None None] Lock "00000000-0000-0000-0000-000000000000" acquired by "nova.context.set_target_cell.<locals>.get_or_set_cached_cell_and_set_connections" :: waited 0.000s {{(pid=70268) inner /opt/stack/data/venv/lib/python3.12/site-packages/oslo_concurrency/lockutils.py:410}}
Aug 10 14:31:14.760131 np0000032517 devstack@n-api.service[70268]: DEBUG oslo_concurrency.lockutils [None req-aa47396b-8cad-4959-bab8-9e844ad1b68c None None] Lock "00000000-0000-0000-0000-000000000000" "released" by "nova.context.set_target_cell.<locals>.get_or_set_cached_cell_and_set_connections" :: held 0.000s {{(pid=70268) inner /opt/stack/data/venv/lib/python3.12/site-packages/oslo_concurrency/lockutils.py:424}}
Aug 10 14:31:14.760456 np0000032517 devstack@n-api.service[70268]: DEBUG oslo_concurrency.lockutils [None req-aa47396b-8cad-4959-bab8-9e844ad1b68c None None] Acquiring lock "32b62597-c159-4a0e-853a-7ba4bdadd6e9" by "nova.context.set_target_cell.<locals>.get_or_set_cached_cell_and_set_connections" {{(pid=70268) inner /opt/stack/data/venv/lib/python3.12/site-packages/oslo_concurrency/lockutils.py:405}}
Aug 10 14:31:14.760599 np0000032517 devstack@n-api.service[70268]: DEBUG oslo_concurrency.lockutils [None req-aa47396b-8cad-4959-bab8-9e844ad1b68c None None] Lock "32b62597-c159-4a0e-853a-7ba4bdadd6e9" acquired by "nova.context.set_target_cell.<locals>.get_or_set_cached_cell_and_set_connections" :: waited 0.000s {{(pid=70268) inner /opt/stack/data/venv/lib/python3.12/site-packages/oslo_concurrency/lockutils.py:410}}
Aug 10 14:31:14.761291 np0000032517 devstack@n-api.service[70268]: DEBUG oslo_concurrency.lockutils [None req-aa47396b-8cad-4959-bab8-9e844ad1b68c None None] Lock "32b62597-c159-4a0e-853a-7ba4bdadd6e9" "released" by "nova.context.set_target_cell.<locals>.get_or_set_cached_cell_and_set_connections" :: held 0.001s {{(pid=70268) inner /opt/stack/data/venv/lib/python3.12/site-packages/oslo_concurrency/lockutils.py:424}}
Aug 10 14:31:14.761816 np0000032517 devstack@n-api.service[70267]: INFO dbcounter [None req-232406d6-81c6-45bd-bf90-9f7238c2409b None None] Registered counter for database nova_cell1
Aug 10 14:31:14.762280 np0000032517 devstack@n-api.service[70268]: INFO dbcounter [None req-aa47396b-8cad-4959-bab8-9e844ad1b68c None None] Registered counter for database nova_cell0
Aug 10 14:31:14.764830 np0000032517 devstack@n-api.service[70268]: INFO dbcounter [None req-aa47396b-8cad-4959-bab8-9e844ad1b68c None None] Registered counter for database nova_cell1
Aug 10 14:31:14.765775 np0000032517 devstack@n-api.service[70267]: DEBUG oslo_db.sqlalchemy.engines [None req-232406d6-81c6-45bd-bf90-9f7238c2409b None None] MySQL server mode set to STRICT_TRANS_TABLES,STRICT_ALL_TABLES,NO_ZERO_IN_DATE,NO_ZERO_DATE,ERROR_FOR_DIVISION_BY_ZERO,TRADITIONAL,NO_ENGINE_SUBSTITUTION {{(pid=70267) _check_effective_sql_mode /opt/stack/data/venv/lib/python3.12/site-packages/oslo_db/sqlalchemy/engines.py:397}}
Aug 10 14:31:14.766755 np0000032517 devstack@n-api.service[70267]: DEBUG oslo_db.sqlalchemy.engines [None req-232406d6-81c6-45bd-bf90-9f7238c2409b None None] MySQL server mode set to STRICT_TRANS_TABLES,STRICT_ALL_TABLES,NO_ZERO_IN_DATE,NO_ZERO_DATE,ERROR_FOR_DIVISION_BY_ZERO,TRADITIONAL,NO_ENGINE_SUBSTITUTION {{(pid=70267) _check_effective_sql_mode /opt/stack/data/venv/lib/python3.12/site-packages/oslo_db/sqlalchemy/engines.py:397}}
Aug 10 14:31:14.768735 np0000032517 devstack@n-api.service[70268]: DEBUG oslo_db.sqlalchemy.engines [None req-aa47396b-8cad-4959-bab8-9e844ad1b68c None None] MySQL server mode set to STRICT_TRANS_TABLES,STRICT_ALL_TABLES,NO_ZERO_IN_DATE,NO_ZERO_DATE,ERROR_FOR_DIVISION_BY_ZERO,TRADITIONAL,NO_ENGINE_SUBSTITUTION {{(pid=70268) _check_effective_sql_mode /opt/stack/data/venv/lib/python3.12/site-packages/oslo_db/sqlalchemy/engines.py:397}}
Aug 10 14:31:14.829409 np0000032517 devstack@n-api.service[70268]: DEBUG oslo_db.sqlalchemy.engines [None req-aa47396b-8cad-4959-bab8-9e844ad1b68c None None] MySQL server mode set to STRICT_TRANS_TABLES,STRICT_ALL_TABLES,NO_ZERO_IN_DATE,NO_ZERO_DATE,ERROR_FOR_DIVISION_BY_ZERO,TRADITIONAL,NO_ENGINE_SUBSTITUTION {{(pid=70268) _check_effective_sql_mode /opt/stack/data/venv/lib/python3.12/site-packages/oslo_db/sqlalchemy/engines.py:397}}
Aug 10 14:31:14.829747 np0000032517 devstack@n-api.service[70268]: DEBUG dbcounter [-] [70268] Writer thread running {{(pid=70268) stat_writer /opt/stack/data/venv/lib/python3.12/site-packages/dbcounter.py:102}}
Aug 10 14:31:14.829842 np0000032517 devstack@n-api.service[70267]: DEBUG dbcounter [-] [70267] Writer thread running {{(pid=70267) stat_writer /opt/stack/data/venv/lib/python3.12/site-packages/dbcounter.py:102}}
Aug 10 14:31:14.829983 np0000032517 devstack@n-api.service[70267]: DEBUG dbcounter [-] [70267] Writer thread running {{(pid=70267) stat_writer /opt/stack/data/venv/lib/python3.12/site-packages/dbcounter.py:102}}
Aug 10 14:31:14.832538 np0000032517 devstack@n-api.service[70267]: INFO dbcounter [None req-232406d6-81c6-45bd-bf90-9f7238c2409b None None] Registered counter for database nova_cell0
Aug 10 14:31:14.833700 np0000032517 devstack@n-api.service[70268]: DEBUG dbcounter [-] [70268] Writer thread running {{(pid=70268) stat_writer /opt/stack/data/venv/lib/python3.12/site-packages/dbcounter.py:102}}
Aug 10 14:31:14.835512 np0000032517 devstack@n-api.service[70268]: INFO dbcounter [None req-aa47396b-8cad-4959-bab8-9e844ad1b68c None None] Registered counter for database nova_cell0
Aug 10 14:31:14.836761 np0000032517 devstack@n-api.service[70267]: DEBUG oslo_db.sqlalchemy.engines [None req-232406d6-81c6-45bd-bf90-9f7238c2409b None None] MySQL server mode set to STRICT_TRANS_TABLES,STRICT_ALL_TABLES,NO_ZERO_IN_DATE,NO_ZERO_DATE,ERROR_FOR_DIVISION_BY_ZERO,TRADITIONAL,NO_ENGINE_SUBSTITUTION {{(pid=70267) _check_effective_sql_mode /opt/stack/data/venv/lib/python3.12/site-packages/oslo_db/sqlalchemy/engines.py:397}}
Aug 10 14:31:14.839356 np0000032517 devstack@n-api.service[70268]: DEBUG oslo_db.sqlalchemy.engines [None req-aa47396b-8cad-4959-bab8-9e844ad1b68c None None] MySQL server mode set to STRICT_TRANS_TABLES,STRICT_ALL_TABLES,NO_ZERO_IN_DATE,NO_ZERO_DATE,ERROR_FOR_DIVISION_BY_ZERO,TRADITIONAL,NO_ENGINE_SUBSTITUTION {{(pid=70268) _check_effective_sql_mode /opt/stack/data/venv/lib/python3.12/site-packages/oslo_db/sqlalchemy/engines.py:397}}
Aug 10 14:31:14.840367 np0000032517 devstack@n-api.service[70267]: DEBUG dbcounter [-] [70267] Writer thread running {{(pid=70267) stat_writer /opt/stack/data/venv/lib/python3.12/site-packages/dbcounter.py:102}}
Aug 10 14:31:14.842878 np0000032517 devstack@n-api.service[70268]: DEBUG dbcounter [-] [70268] Writer thread running {{(pid=70268) stat_writer /opt/stack/data/venv/lib/python3.12/site-packages/dbcounter.py:102}}
Aug 10 14:31:15.191134 np0000032517 devstack@n-api.service[70267]: DEBUG oslo_concurrency.processutils [None req-232406d6-81c6-45bd-bf90-9f7238c2409b None None] Running cmd (subprocess): grep -F node.session.scan /sbin/iscsiadm {{(pid=70267) execute /opt/stack/data/venv/lib/python3.12/site-packages/oslo_concurrency/processutils.py:349}}
Aug 10 14:31:15.191264 np0000032517 devstack@n-api.service[70268]: DEBUG oslo_concurrency.processutils [None req-aa47396b-8cad-4959-bab8-9e844ad1b68c None None] Running cmd (subprocess): grep -F node.session.scan /sbin/iscsiadm {{(pid=70268) execute /opt/stack/data/venv/lib/python3.12/site-packages/oslo_concurrency/processutils.py:349}}
Aug 10 14:31:15.199543 np0000032517 devstack@n-api.service[70267]: DEBUG oslo_concurrency.processutils [None req-232406d6-81c6-45bd-bf90-9f7238c2409b None None] CMD "grep -F node.session.scan /sbin/iscsiadm" returned: 0 in 0.009s {{(pid=70267) execute /opt/stack/data/venv/lib/python3.12/site-packages/oslo_concurrency/processutils.py:372}}
Aug 10 14:31:15.199610 np0000032517 devstack@n-api.service[70268]: DEBUG oslo_concurrency.processutils [None req-aa47396b-8cad-4959-bab8-9e844ad1b68c None None] CMD "grep -F node.session.scan /sbin/iscsiadm" returned: 0 in 0.008s {{(pid=70268) execute /opt/stack/data/venv/lib/python3.12/site-packages/oslo_concurrency/processutils.py:372}}
Aug 10 14:31:15.481377 np0000032517 devstack@n-api.service[70268]: WARNING keystonemiddleware.auth_token [None req-aa47396b-8cad-4959-bab8-9e844ad1b68c None None] AuthToken middleware is set with keystone_authtoken.service_token_roles_required set to False. This is backwards compatible but deprecated behaviour. Please set this to True.
Aug 10 14:31:15.481659 np0000032517 devstack@n-api.service[70267]: WARNING keystonemiddleware.auth_token [None req-232406d6-81c6-45bd-bf90-9f7238c2409b None None] AuthToken middleware is set with keystone_authtoken.service_token_roles_required set to False. This is backwards compatible but deprecated behaviour. Please set this to True.
Aug 10 14:31:15.484589 np0000032517 devstack@n-api.service[70268]: WARNING keystonemiddleware.auth_token [None req-aa47396b-8cad-4959-bab8-9e844ad1b68c None None] Configuring www_authenticate_uri to point to the public identity endpoint is required; clients may not be able to authenticate against an admin endpoint
Aug 10 14:31:15.484900 np0000032517 devstack@n-api.service[70267]: WARNING keystonemiddleware.auth_token [None req-232406d6-81c6-45bd-bf90-9f7238c2409b None None] Configuring www_authenticate_uri to point to the public identity endpoint is required; clients may not be able to authenticate against an admin endpoint
Aug 10 14:31:15.641878 np0000032517 devstack@n-api.service[70268]: WARNING keystonemiddleware.auth_token [None req-aa47396b-8cad-4959-bab8-9e844ad1b68c None None] AuthToken middleware is set with keystone_authtoken.service_token_roles_required set to False. This is backwards compatible but deprecated behaviour. Please set this to True.
Aug 10 14:31:15.642761 np0000032517 devstack@n-api.service[70267]: WARNING keystonemiddleware.auth_token [None req-232406d6-81c6-45bd-bf90-9f7238c2409b None None] AuthToken middleware is set with keystone_authtoken.service_token_roles_required set to False. This is backwards compatible but deprecated behaviour. Please set this to True.
Aug 10 14:31:15.644359 np0000032517 devstack@n-api.service[70268]: WARNING keystonemiddleware.auth_token [None req-aa47396b-8cad-4959-bab8-9e844ad1b68c None None] Configuring www_authenticate_uri to point to the public identity endpoint is required; clients may not be able to authenticate against an admin endpoint
Aug 10 14:31:15.645256 np0000032517 devstack@n-api.service[70267]: WARNING keystonemiddleware.auth_token [None req-232406d6-81c6-45bd-bf90-9f7238c2409b None None] Configuring www_authenticate_uri to point to the public identity endpoint is required; clients may not be able to authenticate against an admin endpoint
Aug 10 14:31:15.646205 np0000032517 devstack@n-api.service[70268]: WSGI app 0 (mountpoint='') ready in 2 seconds on interpreter 0x71f20a6a39e8 pid: 70268 (default app)
Aug 10 14:31:15.647097 np0000032517 devstack@n-api.service[70267]: WSGI app 0 (mountpoint='') ready in 2 seconds on interpreter 0x71f20a6a39e8 pid: 70267 (default app)
Aug 10 14:31:15.647135 np0000032517 devstack@n-api.service[70268]: DEBUG nova.api.openstack.wsgi [None req-aa47396b-8cad-4959-bab8-9e844ad1b68c None None] Calling method '<bound method VersionsV2.index of <nova.api.openstack.compute.versions.VersionsV2 object at 0x71f203c99550>>' {{(pid=70268) _process_stack /opt/stack/nova/nova/api/openstack/wsgi.py:556}}
Aug 10 14:31:15.650113 np0000032517 devstack@n-api.service[70268]: INFO nova.api.openstack.requestlog [None req-aa47396b-8cad-4959-bab8-9e844ad1b68c None None] 192.168.1.146 "GET /compute/v2.1/" status: 200 len: 391 microversion: 2.1 time: 0.003211
Aug 10 14:31:15.650286 np0000032517 devstack@n-api.service[70268]: [pid: 70268|app: 0|req: 1/1] 192.168.1.146 () {50 vars in 771 bytes} [Sun Aug 10 14:31:15 2025] GET /compute/v2.1/ => generated 391 bytes in 4 msecs (HTTP/1.1 200) 9 headers in 357 bytes (1 switches on core 0)
Aug 10 14:31:48.783434 np0000032517 devstack@n-api.service[70267]: DEBUG nova.api.openstack.wsgi [None req-232406d6-81c6-45bd-bf90-9f7238c2409b None None] Calling method '<bound method VersionsV2.index of <nova.api.openstack.compute.versions.VersionsV2 object at 0x71f2052ac9b0>>' {{(pid=70267) _process_stack /opt/stack/nova/nova/api/openstack/wsgi.py:556}}
Aug 10 14:31:48.786965 np0000032517 devstack@n-api.service[70267]: INFO nova.api.openstack.requestlog [None req-232406d6-81c6-45bd-bf90-9f7238c2409b None None] 192.168.1.146 "GET /compute/v2.1" status: 200 len: 392 microversion: 2.1 time: 0.003572
Aug 10 14:31:48.786965 np0000032517 devstack@n-api.service[70267]: [pid: 70267|app: 0|req: 1/2] 192.168.1.146 () {62 vars in 1056 bytes} [Sun Aug 10 14:31:48 2025] GET /compute/v2.1 => generated 392 bytes in 4 msecs (HTTP/1.1 200) 9 headers in 357 bytes (1 switches on core 0)
Aug 10 14:31:48.795718 np0000032517 devstack@n-api.service[70268]: DEBUG dbcounter [-] [70268] Writing DB stats nova_api:SELECT=1 {{(pid=70268) stat_writer /opt/stack/data/venv/lib/python3.12/site-packages/dbcounter.py:115}}
Aug 10 14:31:48.796255 np0000032517 devstack@n-api.service[70268]: DEBUG dbcounter [-] [70268] Writing DB stats nova_cell0:SELECT=1 {{(pid=70268) stat_writer /opt/stack/data/venv/lib/python3.12/site-packages/dbcounter.py:115}}
Aug 10 14:31:48.796592 np0000032517 devstack@n-api.service[70268]: DEBUG dbcounter [-] [70268] Writing DB stats nova_cell1:SELECT=1 {{(pid=70268) stat_writer /opt/stack/data/venv/lib/python3.12/site-packages/dbcounter.py:115}}
Aug 10 14:31:48.796893 np0000032517 devstack@n-api.service[70268]: DEBUG dbcounter [-] [70268] Writing DB stats nova_cell0:SELECT=2,nova_cell0:INSERT=1 {{(pid=70268) stat_writer /opt/stack/data/venv/lib/python3.12/site-packages/dbcounter.py:115}}
Aug 10 14:31:48.902711 np0000032517 devstack@n-api.service[70268]: DEBUG nova.api.openstack.wsgi [None req-ef0d3a1e-1122-473f-9e4a-29ebe9bdcad8 admin admin] Calling method '<bound method FlavorsController.detail of <nova.api.openstack.compute.flavors.FlavorsController object at 0x71f203644830>>' {{(pid=70268) _process_stack /opt/stack/nova/nova/api/openstack/wsgi.py:556}}
Aug 10 14:31:48.919012 np0000032517 devstack@n-api.service[70268]: INFO nova.api.openstack.requestlog [None req-ef0d3a1e-1122-473f-9e4a-29ebe9bdcad8 admin admin] 192.168.1.146 "GET /compute/v2.1/flavors/detail?is_public=True" status: 200 len: 15 microversion: 2.61 time: 0.126614
Aug 10 14:31:48.919240 np0000032517 devstack@n-api.service[70268]: [pid: 70268|app: 0|req: 2/3] 192.168.1.146 () {68 vars in 1417 bytes} [Sun Aug 10 14:31:48 2025] GET /compute/v2.1/flavors/detail?is_public=True => generated 15 bytes in 127 msecs (HTTP/1.1 200) 9 headers in 358 bytes (1 switches on core 0)
Aug 10 14:31:48.997709 np0000032517 devstack@n-api.service[70267]: DEBUG nova.api.openstack.wsgi [None req-232406d6-81c6-45bd-bf90-9f7238c2409b None None] Calling method '<bound method VersionsV2.index of <nova.api.openstack.compute.versions.VersionsV2 object at 0x71f2052ac9b0>>' {{(pid=70267) _process_stack /opt/stack/nova/nova/api/openstack/wsgi.py:556}}
Aug 10 14:31:49.001055 np0000032517 devstack@n-api.service[70267]: INFO nova.api.openstack.requestlog [None req-232406d6-81c6-45bd-bf90-9f7238c2409b None None] 192.168.1.146 "GET /compute/v2.1" status: 200 len: 392 microversion: 2.1 time: 0.003524
Aug 10 14:31:49.001784 np0000032517 devstack@n-api.service[70267]: [pid: 70267|app: 0|req: 2/4] 192.168.1.146 () {62 vars in 1056 bytes} [Sun Aug 10 14:31:48 2025] GET /compute/v2.1 => generated 392 bytes in 4 msecs (HTTP/1.1 200) 9 headers in 357 bytes (1 switches on core 0)
Aug 10 14:31:49.027110 np0000032517 devstack@n-api.service[70268]: DEBUG nova.api.openstack.wsgi [None req-09980986-59ea-4599-87a8-b896f721a645 admin admin] Action: 'create', calling method: <bound method FlavorsController.create of <nova.api.openstack.compute.flavors.FlavorsController object at 0x71f2036442f0>>, body: {"flavor": {"OS-FLV-EXT-DATA:ephemeral": 0, "disk": 1, "os-flavor-access:is_public": true, "vcpus": 1, "name": "cirros256", "id": "c1", "swap": 0, "rxtx_factor": 1.0, "ram": 256}} {{(pid=70268) _process_stack /opt/stack/nova/nova/api/openstack/wsgi.py:554}}
Aug 10 14:31:49.051615 np0000032517 devstack@n-api.service[70268]: INFO nova.api.openstack.requestlog [None req-09980986-59ea-4599-87a8-b896f721a645 admin admin] 192.168.1.146 "POST /compute/v2.1/flavors" status: 200 len: 413 microversion: 2.61 time: 0.043949
Aug 10 14:31:49.051984 np0000032517 devstack@n-api.service[70268]: [pid: 70268|app: 0|req: 3/5] 192.168.1.146 () {72 vars in 1408 bytes} [Sun Aug 10 14:31:49 2025] POST /compute/v2.1/flavors => generated 413 bytes in 44 msecs (HTTP/1.1 200) 9 headers in 359 bytes (1 switches on core 0)
Aug 10 14:31:49.061424 np0000032517 devstack@n-api.service[70267]: DEBUG dbcounter [-] [70267] Writing DB stats nova_api:SELECT=1 {{(pid=70267) stat_writer /opt/stack/data/venv/lib/python3.12/site-packages/dbcounter.py:115}}
Aug 10 14:31:49.061912 np0000032517 devstack@n-api.service[70267]: DEBUG dbcounter [-] [70267] Writing DB stats nova_cell0:SELECT=1 {{(pid=70267) stat_writer /opt/stack/data/venv/lib/python3.12/site-packages/dbcounter.py:115}}
Aug 10 14:31:49.062259 np0000032517 devstack@n-api.service[70267]: DEBUG dbcounter [-] [70267] Writing DB stats nova_cell1:SELECT=1 {{(pid=70267) stat_writer /opt/stack/data/venv/lib/python3.12/site-packages/dbcounter.py:115}}
Aug 10 14:31:49.062558 np0000032517 devstack@n-api.service[70267]: DEBUG dbcounter [-] [70267] Writing DB stats nova_cell0:SELECT=2,nova_cell0:INSERT=1 {{(pid=70267) stat_writer /opt/stack/data/venv/lib/python3.12/site-packages/dbcounter.py:115}}
Aug 10 14:31:49.117959 np0000032517 devstack@n-api.service[70267]: DEBUG nova.api.openstack.wsgi [None req-b91ecf9c-aee8-4738-b91d-2bc6fde38f4a admin admin] Action: 'create', calling method: <bound method FlavorExtraSpecsController.create of <nova.api.openstack.compute.flavors_extraspecs.FlavorExtraSpecsController object at 0x71f2036449b0>>, body: {"extra_specs": {"hw_rng:allowed": "True"}} {{(pid=70267) _process_stack /opt/stack/nova/nova/api/openstack/wsgi.py:554}}
Aug 10 14:31:49.147509 np0000032517 devstack@n-api.service[70267]: INFO nova.api.openstack.requestlog [None req-b91ecf9c-aee8-4738-b91d-2bc6fde38f4a admin admin] 192.168.1.146 "POST /compute/v2.1/flavors/c1/os-extra_specs" status: 200 len: 43 microversion: 2.61 time: 0.088796
Aug 10 14:31:49.147750 np0000032517 devstack@n-api.service[70267]: [pid: 70267|app: 0|req: 3/6] 192.168.1.146 () {72 vars in 1461 bytes} [Sun Aug 10 14:31:49 2025] POST /compute/v2.1/flavors/c1/os-extra_specs => generated 43 bytes in 89 msecs (HTTP/1.1 200) 9 headers in 358 bytes (1 switches on core 0)
Aug 10 14:31:49.226023 np0000032517 devstack@n-api.service[70268]: DEBUG nova.api.openstack.wsgi [None req-09980986-59ea-4599-87a8-b896f721a645 admin admin] Calling method '<bound method VersionsV2.index of <nova.api.openstack.compute.versions.VersionsV2 object at 0x71f203c99550>>' {{(pid=70268) _process_stack /opt/stack/nova/nova/api/openstack/wsgi.py:556}}
Aug 10 14:31:49.229066 np0000032517 devstack@n-api.service[70268]: INFO nova.api.openstack.requestlog [None req-09980986-59ea-4599-87a8-b896f721a645 admin admin] 192.168.1.146 "GET /compute/v2.1" status: 200 len: 392 microversion: 2.1 time: 0.003214
Aug 10 14:31:49.229231 np0000032517 devstack@n-api.service[70268]: [pid: 70268|app: 0|req: 4/7] 192.168.1.146 () {62 vars in 1056 bytes} [Sun Aug 10 14:31:49 2025] GET /compute/v2.1 => generated 392 bytes in 3 msecs (HTTP/1.1 200) 9 headers in 357 bytes (1 switches on core 0)
Aug 10 14:31:49.283777 np0000032517 devstack@n-api.service[70267]: DEBUG nova.api.openstack.wsgi [None req-eb4c006c-95ba-4ec2-8c96-5d894c595bb8 admin admin] Action: 'create', calling method: <bound method FlavorsController.create of <nova.api.openstack.compute.flavors.FlavorsController object at 0x71f203644500>>, body: {"flavor": {"OS-FLV-EXT-DATA:ephemeral": 0, "disk": 5, "os-flavor-access:is_public": true, "vcpus": 1, "name": "ds512M", "id": "d1", "swap": 0, "rxtx_factor": 1.0, "ram": 512}} {{(pid=70267) _process_stack /opt/stack/nova/nova/api/openstack/wsgi.py:554}}
Aug 10 14:31:49.302434 np0000032517 devstack@n-api.service[70267]: INFO nova.api.openstack.requestlog [None req-eb4c006c-95ba-4ec2-8c96-5d894c595bb8 admin admin] 192.168.1.146 "POST /compute/v2.1/flavors" status: 200 len: 410 microversion: 2.61 time: 0.067945
Aug 10 14:31:49.302661 np0000032517 devstack@n-api.service[70267]: [pid: 70267|app: 0|req: 4/8] 192.168.1.146 () {72 vars in 1408 bytes} [Sun Aug 10 14:31:49 2025] POST /compute/v2.1/flavors => generated 410 bytes in 68 msecs (HTTP/1.1 200) 9 headers in 359 bytes (1 switches on core 0)
Aug 10 14:31:49.310887 np0000032517 devstack@n-api.service[70268]: DEBUG nova.api.openstack.wsgi [None req-36c8a9f2-7002-441e-9615-ff54a5c20d14 admin admin] Action: 'create', calling method: <bound method FlavorExtraSpecsController.create of <nova.api.openstack.compute.flavors_extraspecs.FlavorExtraSpecsController object at 0x71f203644920>>, body: {"extra_specs": {"hw_rng:allowed": "True"}} {{(pid=70268) _process_stack /opt/stack/nova/nova/api/openstack/wsgi.py:554}}
Aug 10 14:31:49.330455 np0000032517 devstack@n-api.service[70268]: INFO nova.api.openstack.requestlog [None req-36c8a9f2-7002-441e-9615-ff54a5c20d14 admin admin] 192.168.1.146 "POST /compute/v2.1/flavors/d1/os-extra_specs" status: 200 len: 43 microversion: 2.61 time: 0.021088
Aug 10 14:31:49.330677 np0000032517 devstack@n-api.service[70268]: [pid: 70268|app: 0|req: 5/9] 192.168.1.146 () {72 vars in 1461 bytes} [Sun Aug 10 14:31:49 2025] POST /compute/v2.1/flavors/d1/os-extra_specs => generated 43 bytes in 21 msecs (HTTP/1.1 200) 9 headers in 358 bytes (1 switches on core 0)
Aug 10 14:31:49.410344 np0000032517 devstack@n-api.service[70267]: DEBUG nova.api.openstack.wsgi [None req-eb4c006c-95ba-4ec2-8c96-5d894c595bb8 admin admin] Calling method '<bound method VersionsV2.index of <nova.api.openstack.compute.versions.VersionsV2 object at 0x71f2052ac9b0>>' {{(pid=70267) _process_stack /opt/stack/nova/nova/api/openstack/wsgi.py:556}}
Aug 10 14:31:49.413401 np0000032517 devstack@n-api.service[70267]: INFO nova.api.openstack.requestlog [None req-eb4c006c-95ba-4ec2-8c96-5d894c595bb8 admin admin] 192.168.1.146 "GET /compute/v2.1" status: 200 len: 392 microversion: 2.1 time: 0.003220
Aug 10 14:31:49.413565 np0000032517 devstack@n-api.service[70267]: [pid: 70267|app: 0|req: 5/10] 192.168.1.146 () {62 vars in 1056 bytes} [Sun Aug 10 14:31:49 2025] GET /compute/v2.1 => generated 392 bytes in 3 msecs (HTTP/1.1 200) 9 headers in 357 bytes (1 switches on core 0)
Aug 10 14:31:49.435644 np0000032517 devstack@n-api.service[70268]: DEBUG nova.api.openstack.wsgi [None req-13bdfe4d-7ee0-4238-a48e-278fdbef14a2 admin admin] Action: 'create', calling method: <bound method FlavorsController.create of <nova.api.openstack.compute.flavors.FlavorsController object at 0x71f2036442f0>>, body: {"flavor": {"OS-FLV-EXT-DATA:ephemeral": 0, "disk": 10, "os-flavor-access:is_public": true, "vcpus": 1, "name": "ds1G", "id": "d2", "swap": 0, "rxtx_factor": 1.0, "ram": 1024}} {{(pid=70268) _process_stack /opt/stack/nova/nova/api/openstack/wsgi.py:554}}
Aug 10 14:31:49.446667 np0000032517 devstack@n-api.service[70268]: INFO nova.api.openstack.requestlog [None req-13bdfe4d-7ee0-4238-a48e-278fdbef14a2 admin admin] 192.168.1.146 "POST /compute/v2.1/flavors" status: 200 len: 410 microversion: 2.61 time: 0.028609
Aug 10 14:31:49.446964 np0000032517 devstack@n-api.service[70268]: [pid: 70268|app: 0|req: 6/11] 192.168.1.146 () {72 vars in 1408 bytes} [Sun Aug 10 14:31:49 2025] POST /compute/v2.1/flavors => generated 410 bytes in 29 msecs (HTTP/1.1 200) 9 headers in 359 bytes (1 switches on core 0)
Aug 10 14:31:49.455486 np0000032517 devstack@n-api.service[70267]: DEBUG nova.api.openstack.wsgi [None req-d878a5d9-3e24-48bf-a502-fd4844406573 admin admin] Action: 'create', calling method: <bound method FlavorExtraSpecsController.create of <nova.api.openstack.compute.flavors_extraspecs.FlavorExtraSpecsController object at 0x71f2036449b0>>, body: {"extra_specs": {"hw_rng:allowed": "True"}} {{(pid=70267) _process_stack /opt/stack/nova/nova/api/openstack/wsgi.py:554}}
Aug 10 14:31:49.468021 np0000032517 devstack@n-api.service[70267]: INFO nova.api.openstack.requestlog [None req-d878a5d9-3e24-48bf-a502-fd4844406573 admin admin] 192.168.1.146 "POST /compute/v2.1/flavors/d2/os-extra_specs" status: 200 len: 43 microversion: 2.61 time: 0.014039
Aug 10 14:31:49.468245 np0000032517 devstack@n-api.service[70267]: [pid: 70267|app: 0|req: 6/12] 192.168.1.146 () {72 vars in 1461 bytes} [Sun Aug 10 14:31:49 2025] POST /compute/v2.1/flavors/d2/os-extra_specs => generated 43 bytes in 14 msecs (HTTP/1.1 200) 9 headers in 358 bytes (1 switches on core 0)
Aug 10 14:31:49.550706 np0000032517 devstack@n-api.service[70268]: DEBUG nova.api.openstack.wsgi [None req-13bdfe4d-7ee0-4238-a48e-278fdbef14a2 admin admin] Calling method '<bound method VersionsV2.index of <nova.api.openstack.compute.versions.VersionsV2 object at 0x71f203c99550>>' {{(pid=70268) _process_stack /opt/stack/nova/nova/api/openstack/wsgi.py:556}}
Aug 10 14:31:49.553503 np0000032517 devstack@n-api.service[70268]: INFO nova.api.openstack.requestlog [None req-13bdfe4d-7ee0-4238-a48e-278fdbef14a2 admin admin] 192.168.1.146 "GET /compute/v2.1" status: 200 len: 392 microversion: 2.1 time: 0.002973
Aug 10 14:31:49.553661 np0000032517 devstack@n-api.service[70268]: [pid: 70268|app: 0|req: 7/13] 192.168.1.146 () {62 vars in 1056 bytes} [Sun Aug 10 14:31:49 2025] GET /compute/v2.1 => generated 392 bytes in 3 msecs (HTTP/1.1 200) 9 headers in 357 bytes (1 switches on core 0)
Aug 10 14:31:49.583089 np0000032517 devstack@n-api.service[70267]: DEBUG nova.api.openstack.wsgi [None req-fe228e37-ad89-4fc6-99b7-ef6024ab7b9d admin admin] Action: 'create', calling method: <bound method FlavorsController.create of <nova.api.openstack.compute.flavors.FlavorsController object at 0x71f203644500>>, body: {"flavor": {"OS-FLV-EXT-DATA:ephemeral": 0, "disk": 10, "os-flavor-access:is_public": true, "vcpus": 2, "name": "ds2G", "id": "d3", "swap": 0, "rxtx_factor": 1.0, "ram": 2048}} {{(pid=70267) _process_stack /opt/stack/nova/nova/api/openstack/wsgi.py:554}}
Aug 10 14:31:49.597025 np0000032517 devstack@n-api.service[70267]: INFO nova.api.openstack.requestlog [None req-fe228e37-ad89-4fc6-99b7-ef6024ab7b9d admin admin] 192.168.1.146 "POST /compute/v2.1/flavors" status: 200 len: 410 microversion: 2.61 time: 0.036988
Aug 10 14:31:49.597254 np0000032517 devstack@n-api.service[70267]: [pid: 70267|app: 0|req: 7/14] 192.168.1.146 () {72 vars in 1408 bytes} [Sun Aug 10 14:31:49 2025] POST /compute/v2.1/flavors => generated 410 bytes in 37 msecs (HTTP/1.1 200) 9 headers in 359 bytes (1 switches on core 0)
Aug 10 14:31:49.608117 np0000032517 devstack@n-api.service[70268]: DEBUG nova.api.openstack.wsgi [None req-529ebed7-e0ad-4b0c-8db7-9bc16c3a8725 admin admin] Action: 'create', calling method: <bound method FlavorExtraSpecsController.create of <nova.api.openstack.compute.flavors_extraspecs.FlavorExtraSpecsController object at 0x71f203644920>>, body: {"extra_specs": {"hw_rng:allowed": "True"}} {{(pid=70268) _process_stack /opt/stack/nova/nova/api/openstack/wsgi.py:554}}
Aug 10 14:31:49.620742 np0000032517 devstack@n-api.service[70268]: INFO nova.api.openstack.requestlog [None req-529ebed7-e0ad-4b0c-8db7-9bc16c3a8725 admin admin] 192.168.1.146 "POST /compute/v2.1/flavors/d3/os-extra_specs" status: 200 len: 43 microversion: 2.61 time: 0.014108
Aug 10 14:31:49.621027 np0000032517 devstack@n-api.service[70268]: [pid: 70268|app: 0|req: 8/15] 192.168.1.146 () {72 vars in 1461 bytes} [Sun Aug 10 14:31:49 2025] POST /compute/v2.1/flavors/d3/os-extra_specs => generated 43 bytes in 14 msecs (HTTP/1.1 200) 9 headers in 358 bytes (1 switches on core 0)
Aug 10 14:31:49.702674 np0000032517 devstack@n-api.service[70267]: DEBUG nova.api.openstack.wsgi [None req-fe228e37-ad89-4fc6-99b7-ef6024ab7b9d admin admin] Calling method '<bound method VersionsV2.index of <nova.api.openstack.compute.versions.VersionsV2 object at 0x71f2052ac9b0>>' {{(pid=70267) _process_stack /opt/stack/nova/nova/api/openstack/wsgi.py:556}}
Aug 10 14:31:49.705542 np0000032517 devstack@n-api.service[70267]: INFO nova.api.openstack.requestlog [None req-fe228e37-ad89-4fc6-99b7-ef6024ab7b9d admin admin] 192.168.1.146 "GET /compute/v2.1" status: 200 len: 392 microversion: 2.1 time: 0.003014
Aug 10 14:31:49.705719 np0000032517 devstack@n-api.service[70267]: [pid: 70267|app: 0|req: 8/16] 192.168.1.146 () {62 vars in 1056 bytes} [Sun Aug 10 14:31:49 2025] GET /compute/v2.1 => generated 392 bytes in 3 msecs (HTTP/1.1 200) 9 headers in 357 bytes (1 switches on core 0)
Aug 10 14:31:49.733303 np0000032517 devstack@n-api.service[70268]: DEBUG nova.api.openstack.wsgi [None req-1447b537-076b-48ad-bdfa-2c37433f837e admin admin] Action: 'create', calling method: <bound method FlavorsController.create of <nova.api.openstack.compute.flavors.FlavorsController object at 0x71f2036442f0>>, body: {"flavor": {"OS-FLV-EXT-DATA:ephemeral": 0, "disk": 20, "os-flavor-access:is_public": true, "vcpus": 4, "name": "ds4G", "id": "d4", "swap": 0, "rxtx_factor": 1.0, "ram": 4096}} {{(pid=70268) _process_stack /opt/stack/nova/nova/api/openstack/wsgi.py:554}}
Aug 10 14:31:49.744885 np0000032517 devstack@n-api.service[70268]: INFO nova.api.openstack.requestlog [None req-1447b537-076b-48ad-bdfa-2c37433f837e admin admin] 192.168.1.146 "POST /compute/v2.1/flavors" status: 200 len: 410 microversion: 2.61 time: 0.034682
Aug 10 14:31:49.745230 np0000032517 devstack@n-api.service[70268]: [pid: 70268|app: 0|req: 9/17] 192.168.1.146 () {72 vars in 1408 bytes} [Sun Aug 10 14:31:49 2025] POST /compute/v2.1/flavors => generated 410 bytes in 35 msecs (HTTP/1.1 200) 9 headers in 359 bytes (1 switches on core 0)
Aug 10 14:31:49.753143 np0000032517 devstack@n-api.service[70267]: DEBUG nova.api.openstack.wsgi [None req-1b1c0f67-90e2-4322-9011-8770fa1485aa admin admin] Action: 'create', calling method: <bound method FlavorExtraSpecsController.create of <nova.api.openstack.compute.flavors_extraspecs.FlavorExtraSpecsController object at 0x71f2036449b0>>, body: {"extra_specs": {"hw_rng:allowed": "True"}} {{(pid=70267) _process_stack /opt/stack/nova/nova/api/openstack/wsgi.py:554}}
Aug 10 14:31:49.766231 np0000032517 devstack@n-api.service[70267]: INFO nova.api.openstack.requestlog [None req-1b1c0f67-90e2-4322-9011-8770fa1485aa admin admin] 192.168.1.146 "POST /compute/v2.1/flavors/d4/os-extra_specs" status: 200 len: 43 microversion: 2.61 time: 0.014639
Aug 10 14:31:49.766448 np0000032517 devstack@n-api.service[70267]: [pid: 70267|app: 0|req: 9/18] 192.168.1.146 () {72 vars in 1461 bytes} [Sun Aug 10 14:31:49 2025] POST /compute/v2.1/flavors/d4/os-extra_specs => generated 43 bytes in 15 msecs (HTTP/1.1 200) 9 headers in 358 bytes (1 switches on core 0)
Aug 10 14:31:49.852680 np0000032517 devstack@n-api.service[70268]: DEBUG nova.api.openstack.wsgi [None req-1447b537-076b-48ad-bdfa-2c37433f837e admin admin] Calling method '<bound method VersionsV2.index of <nova.api.openstack.compute.versions.VersionsV2 object at 0x71f203c99550>>' {{(pid=70268) _process_stack /opt/stack/nova/nova/api/openstack/wsgi.py:556}}
Aug 10 14:31:49.858758 np0000032517 devstack@n-api.service[70268]: INFO nova.api.openstack.requestlog [None req-1447b537-076b-48ad-bdfa-2c37433f837e admin admin] 192.168.1.146 "GET /compute/v2.1" status: 200 len: 392 microversion: 2.1 time: 0.005543
Aug 10 14:31:49.858758 np0000032517 devstack@n-api.service[70268]: [pid: 70268|app: 0|req: 10/19] 192.168.1.146 () {62 vars in 1056 bytes} [Sun Aug 10 14:31:49 2025] GET /compute/v2.1 => generated 392 bytes in 6 msecs (HTTP/1.1 200) 9 headers in 357 bytes (1 switches on core 0)
Aug 10 14:31:49.885214 np0000032517 devstack@n-api.service[70267]: DEBUG nova.api.openstack.wsgi [None req-613893fb-1ebc-4fca-801f-dcb492446d04 admin admin] Calling method '<bound method FlavorsController.detail of <nova.api.openstack.compute.flavors.FlavorsController object at 0x71f203644a40>>' {{(pid=70267) _process_stack /opt/stack/nova/nova/api/openstack/wsgi.py:556}}
Aug 10 14:31:49.899510 np0000032517 devstack@n-api.service[70267]: INFO nova.api.openstack.requestlog [None req-613893fb-1ebc-4fca-801f-dcb492446d04 admin admin] 192.168.1.146 "GET /compute/v2.1/flavors/detail?is_public=True" status: 200 len: 2136 microversion: 2.61 time: 0.033450
Aug 10 14:31:49.899856 np0000032517 devstack@n-api.service[70267]: [pid: 70267|app: 0|req: 10/20] 192.168.1.146 () {68 vars in 1417 bytes} [Sun Aug 10 14:31:49 2025] GET /compute/v2.1/flavors/detail?is_public=True => generated 2136 bytes in 34 msecs (HTTP/1.1 200) 9 headers in 360 bytes (1 switches on core 0)
Aug 10 14:31:49.985714 np0000032517 devstack@n-api.service[70268]: DEBUG nova.api.openstack.wsgi [None req-1447b537-076b-48ad-bdfa-2c37433f837e admin admin] Calling method '<bound method VersionsV2.index of <nova.api.openstack.compute.versions.VersionsV2 object at 0x71f203c99550>>' {{(pid=70268) _process_stack /opt/stack/nova/nova/api/openstack/wsgi.py:556}}
Aug 10 14:31:49.987594 np0000032517 devstack@n-api.service[70268]: INFO nova.api.openstack.requestlog [None req-1447b537-076b-48ad-bdfa-2c37433f837e admin admin] 192.168.1.146 "GET /compute/v2.1" status: 200 len: 392 microversion: 2.1 time: 0.005112
Aug 10 14:31:49.987972 np0000032517 devstack@n-api.service[70268]: [pid: 70268|app: 0|req: 11/21] 192.168.1.146 () {62 vars in 1056 bytes} [Sun Aug 10 14:31:49 2025] GET /compute/v2.1 => generated 392 bytes in 6 msecs (HTTP/1.1 200) 9 headers in 357 bytes (1 switches on core 0)
Aug 10 14:31:50.012617 np0000032517 devstack@n-api.service[70267]: DEBUG nova.api.openstack.wsgi [None req-9151bca9-7fa7-4f80-8117-98d30814372a admin admin] Action: 'create', calling method: <bound method FlavorsController.create of <nova.api.openstack.compute.flavors.FlavorsController object at 0x71f203644500>>, body: {"flavor": {"OS-FLV-EXT-DATA:ephemeral": 0, "disk": 1, "os-flavor-access:is_public": true, "vcpus": 1, "name": "m1.tiny", "id": "1", "swap": 0, "rxtx_factor": 1.0, "ram": 512}} {{(pid=70267) _process_stack /opt/stack/nova/nova/api/openstack/wsgi.py:554}}
Aug 10 14:31:50.023892 np0000032517 devstack@n-api.service[70267]: INFO nova.api.openstack.requestlog [None req-9151bca9-7fa7-4f80-8117-98d30814372a admin admin] 192.168.1.146 "POST /compute/v2.1/flavors" status: 200 len: 408 microversion: 2.61 time: 0.031216
Aug 10 14:31:50.024149 np0000032517 devstack@n-api.service[70267]: [pid: 70267|app: 0|req: 11/22] 192.168.1.146 () {72 vars in 1408 bytes} [Sun Aug 10 14:31:49 2025] POST /compute/v2.1/flavors => generated 408 bytes in 31 msecs (HTTP/1.1 200) 9 headers in 359 bytes (1 switches on core 0)
Aug 10 14:31:50.032920 np0000032517 devstack@n-api.service[70268]: DEBUG nova.api.openstack.wsgi [None req-c397311d-29ad-4d41-8746-f9f5c80be84a admin admin] Action: 'create', calling method: <bound method FlavorExtraSpecsController.create of <nova.api.openstack.compute.flavors_extraspecs.FlavorExtraSpecsController object at 0x71f203644920>>, body: {"extra_specs": {"hw_rng:allowed": "True"}} {{(pid=70268) _process_stack /opt/stack/nova/nova/api/openstack/wsgi.py:554}}
Aug 10 14:31:50.051251 np0000032517 devstack@n-api.service[70268]: INFO nova.api.openstack.requestlog [None req-c397311d-29ad-4d41-8746-f9f5c80be84a admin admin] 192.168.1.146 "POST /compute/v2.1/flavors/1/os-extra_specs" status: 200 len: 43 microversion: 2.61 time: 0.020256
Aug 10 14:31:50.051251 np0000032517 devstack@n-api.service[70268]: [pid: 70268|app: 0|req: 12/23] 192.168.1.146 () {72 vars in 1458 bytes} [Sun Aug 10 14:31:50 2025] POST /compute/v2.1/flavors/1/os-extra_specs => generated 43 bytes in 21 msecs (HTTP/1.1 200) 9 headers in 358 bytes (1 switches on core 0)
Aug 10 14:31:50.130641 np0000032517 devstack@n-api.service[70267]: DEBUG nova.api.openstack.wsgi [None req-9151bca9-7fa7-4f80-8117-98d30814372a admin admin] Calling method '<bound method VersionsV2.index of <nova.api.openstack.compute.versions.VersionsV2 object at 0x71f2052ac9b0>>' {{(pid=70267) _process_stack /opt/stack/nova/nova/api/openstack/wsgi.py:556}}
Aug 10 14:31:50.133574 np0000032517 devstack@n-api.service[70267]: INFO nova.api.openstack.requestlog [None req-9151bca9-7fa7-4f80-8117-98d30814372a admin admin] 192.168.1.146 "GET /compute/v2.1" status: 200 len: 392 microversion: 2.1 time: 0.003083
Aug 10 14:31:50.133750 np0000032517 devstack@n-api.service[70267]: [pid: 70267|app: 0|req: 12/24] 192.168.1.146 () {62 vars in 1056 bytes} [Sun Aug 10 14:31:50 2025] GET /compute/v2.1 => generated 392 bytes in 3 msecs (HTTP/1.1 200) 9 headers in 357 bytes (1 switches on core 0)
Aug 10 14:31:50.162723 np0000032517 devstack@n-api.service[70268]: DEBUG nova.api.openstack.wsgi [None req-66d4a2a9-d32e-4728-bb08-bb6571d2b022 admin admin] Action: 'create', calling method: <bound method FlavorsController.create of <nova.api.openstack.compute.flavors.FlavorsController object at 0x71f2036442f0>>, body: {"flavor": {"OS-FLV-EXT-DATA:ephemeral": 0, "disk": 20, "os-flavor-access:is_public": true, "vcpus": 1, "name": "m1.small", "id": "2", "swap": 0, "rxtx_factor": 1.0, "ram": 2048}} {{(pid=70268) _process_stack /opt/stack/nova/nova/api/openstack/wsgi.py:554}}
Aug 10 14:31:50.176404 np0000032517 devstack@n-api.service[70268]: INFO nova.api.openstack.requestlog [None req-66d4a2a9-d32e-4728-bb08-bb6571d2b022 admin admin] 192.168.1.146 "POST /compute/v2.1/flavors" status: 200 len: 411 microversion: 2.61 time: 0.037140
Aug 10 14:31:50.176893 np0000032517 devstack@n-api.service[70268]: [pid: 70268|app: 0|req: 13/25] 192.168.1.146 () {72 vars in 1408 bytes} [Sun Aug 10 14:31:50 2025] POST /compute/v2.1/flavors => generated 411 bytes in 38 msecs (HTTP/1.1 200) 9 headers in 359 bytes (1 switches on core 0)
Aug 10 14:31:50.184842 np0000032517 devstack@n-api.service[70267]: DEBUG nova.api.openstack.wsgi [None req-858fdcb6-fffd-43c6-a42f-1a3ad897ca50 admin admin] Action: 'create', calling method: <bound method FlavorExtraSpecsController.create of <nova.api.openstack.compute.flavors_extraspecs.FlavorExtraSpecsController object at 0x71f2036449b0>>, body: {"extra_specs": {"hw_rng:allowed": "True"}} {{(pid=70267) _process_stack /opt/stack/nova/nova/api/openstack/wsgi.py:554}}
Aug 10 14:31:50.198205 np0000032517 devstack@n-api.service[70267]: INFO nova.api.openstack.requestlog [None req-858fdcb6-fffd-43c6-a42f-1a3ad897ca50 admin admin] 192.168.1.146 "POST /compute/v2.1/flavors/2/os-extra_specs" status: 200 len: 43 microversion: 2.61 time: 0.014828
Aug 10 14:31:50.198565 np0000032517 devstack@n-api.service[70267]: [pid: 70267|app: 0|req: 13/26] 192.168.1.146 () {72 vars in 1458 bytes} [Sun Aug 10 14:31:50 2025] POST /compute/v2.1/flavors/2/os-extra_specs => generated 43 bytes in 15 msecs (HTTP/1.1 200) 9 headers in 358 bytes (1 switches on core 0)
Aug 10 14:31:50.292713 np0000032517 devstack@n-api.service[70268]: DEBUG nova.api.openstack.wsgi [None req-66d4a2a9-d32e-4728-bb08-bb6571d2b022 admin admin] Calling method '<bound method VersionsV2.index of <nova.api.openstack.compute.versions.VersionsV2 object at 0x71f203c99550>>' {{(pid=70268) _process_stack /opt/stack/nova/nova/api/openstack/wsgi.py:556}}
Aug 10 14:31:50.295908 np0000032517 devstack@n-api.service[70268]: INFO nova.api.openstack.requestlog [None req-66d4a2a9-d32e-4728-bb08-bb6571d2b022 admin admin] 192.168.1.146 "GET /compute/v2.1" status: 200 len: 392 microversion: 2.1 time: 0.006414
Aug 10 14:31:50.296261 np0000032517 devstack@n-api.service[70268]: [pid: 70268|app: 0|req: 14/27] 192.168.1.146 () {62 vars in 1056 bytes} [Sun Aug 10 14:31:50 2025] GET /compute/v2.1 => generated 392 bytes in 7 msecs (HTTP/1.1 200) 9 headers in 357 bytes (1 switches on core 0)
