Aug 29 07:48:07.962728 np0000032626 devstack@n-api.service[70082]: DEBUG nova.api.openstack.wsgi_app [-] oslo_messaging_rabbit.rabbit_transient_quorum_queue = False {{(pid=70082) log_opt_values /opt/stack/data/venv/lib/python3.10/site-packages/oslo_config/cfg.py:2824}}
Aug 29 07:48:07.962822 np0000032626 devstack@n-api.service[70082]: DEBUG nova.api.openstack.wsgi_app [-] oslo_messaging_rabbit.rpc_conn_pool_size = 30 {{(pid=70082) log_opt_values /opt/stack/data/venv/lib/python3.10/site-packages/oslo_config/cfg.py:2824}}
Aug 29 07:48:07.962914 np0000032626 devstack@n-api.service[70082]: DEBUG nova.api.openstack.wsgi_app [-] oslo_messaging_rabbit.ssl      = False {{(pid=70082) log_opt_values /opt/stack/data/venv/lib/python3.10/site-packages/oslo_config/cfg.py:2824}}
Aug 29 07:48:07.963010 np0000032626 devstack@n-api.service[70082]: DEBUG nova.api.openstack.wsgi_app [-] oslo_messaging_rabbit.ssl_ca_file =  {{(pid=70082) log_opt_values /opt/stack/data/venv/lib/python3.10/site-packages/oslo_config/cfg.py:2824}}
Aug 29 07:48:07.963108 np0000032626 devstack@n-api.service[70082]: DEBUG nova.api.openstack.wsgi_app [-] oslo_messaging_rabbit.ssl_cert_file =  {{(pid=70082) log_opt_values /opt/stack/data/venv/lib/python3.10/site-packages/oslo_config/cfg.py:2824}}
Aug 29 07:48:07.963199 np0000032626 devstack@n-api.service[70082]: DEBUG nova.api.openstack.wsgi_app [-] oslo_messaging_rabbit.ssl_enforce_fips_mode = False {{(pid=70082) log_opt_values /opt/stack/data/venv/lib/python3.10/site-packages/oslo_config/cfg.py:2824}}
Aug 29 07:48:07.963295 np0000032626 devstack@n-api.service[70082]: DEBUG nova.api.openstack.wsgi_app [-] oslo_messaging_rabbit.ssl_key_file =  {{(pid=70082) log_opt_values /opt/stack/data/venv/lib/python3.10/site-packages/oslo_config/cfg.py:2824}}
Aug 29 07:48:07.963393 np0000032626 devstack@n-api.service[70082]: DEBUG nova.api.openstack.wsgi_app [-] oslo_messaging_rabbit.ssl_version =  {{(pid=70082) log_opt_values /opt/stack/data/venv/lib/python3.10/site-packages/oslo_config/cfg.py:2824}}
Aug 29 07:48:07.963485 np0000032626 devstack@n-api.service[70082]: DEBUG nova.api.openstack.wsgi_app [-] oslo_messaging_rabbit.use_queue_manager = False {{(pid=70082) log_opt_values /opt/stack/data/venv/lib/python3.10/site-packages/oslo_config/cfg.py:2824}}
Aug 29 07:48:07.963598 np0000032626 devstack@n-api.service[70082]: DEBUG nova.api.openstack.wsgi_app [-] oslo_messaging_notifications.driver = ['messagingv2'] {{(pid=70082) log_opt_values /opt/stack/data/venv/lib/python3.10/site-packages/oslo_config/cfg.py:2824}}
Aug 29 07:48:07.963692 np0000032626 devstack@n-api.service[70082]: DEBUG nova.api.openstack.wsgi_app [-] oslo_messaging_notifications.retry = -1 {{(pid=70082) log_opt_values /opt/stack/data/venv/lib/python3.10/site-packages/oslo_config/cfg.py:2824}}
Aug 29 07:48:07.963794 np0000032626 devstack@n-api.service[70082]: DEBUG nova.api.openstack.wsgi_app [-] oslo_messaging_notifications.topics = ['notifications'] {{(pid=70082) log_opt_values /opt/stack/data/venv/lib/python3.10/site-packages/oslo_config/cfg.py:2824}}
Aug 29 07:48:07.963890 np0000032626 devstack@n-api.service[70082]: DEBUG nova.api.openstack.wsgi_app [-] oslo_messaging_notifications.transport_url = **** {{(pid=70082) log_opt_values /opt/stack/data/venv/lib/python3.10/site-packages/oslo_config/cfg.py:2824}}
Aug 29 07:48:07.963985 np0000032626 devstack@n-api.service[70082]: DEBUG nova.api.openstack.wsgi_app [-] oslo_reports.file_event_handler = None {{(pid=70082) log_opt_values /opt/stack/data/venv/lib/python3.10/site-packages/oslo_config/cfg.py:2824}}
Aug 29 07:48:07.964078 np0000032626 devstack@n-api.service[70082]: DEBUG nova.api.openstack.wsgi_app [-] oslo_reports.file_event_handler_interval = 1 {{(pid=70082) log_opt_values /opt/stack/data/venv/lib/python3.10/site-packages/oslo_config/cfg.py:2824}}
Aug 29 07:48:07.964170 np0000032626 devstack@n-api.service[70082]: DEBUG nova.api.openstack.wsgi_app [-] oslo_reports.log_dir           = None {{(pid=70082) log_opt_values /opt/stack/data/venv/lib/python3.10/site-packages/oslo_config/cfg.py:2824}}
Aug 29 07:48:07.964243 np0000032626 devstack@n-api.service[70082]: DEBUG nova.api.openstack.wsgi_app [-] ******************************************************************************** {{(pid=70082) log_opt_values /opt/stack/data/venv/lib/python3.10/site-packages/oslo_config/cfg.py:2828}}
Aug 29 07:48:07.967933 np0000032626 devstack@n-api.service[70081]: INFO dbcounter [None req-7dc920b2-580a-4dbe-925e-b046a1780ede None None] Registered counter for database nova_api
Aug 29 07:48:07.988404 np0000032626 devstack@n-api.service[70082]: INFO dbcounter [None req-88b6479e-e851-43f2-95b0-01e38ff39b4c None None] Registered counter for database nova_api
Aug 29 07:48:08.038982 np0000032626 devstack@n-api.service[70081]: DEBUG oslo_db.sqlalchemy.engines [None req-7dc920b2-580a-4dbe-925e-b046a1780ede None None] MySQL server mode set to STRICT_TRANS_TABLES,STRICT_ALL_TABLES,NO_ZERO_IN_DATE,NO_ZERO_DATE,ERROR_FOR_DIVISION_BY_ZERO,TRADITIONAL,NO_ENGINE_SUBSTITUTION {{(pid=70081) _check_effective_sql_mode /opt/stack/data/venv/lib/python3.10/site-packages/oslo_db/sqlalchemy/engines.py:397}}
Aug 29 07:48:08.060013 np0000032626 devstack@n-api.service[70082]: DEBUG oslo_db.sqlalchemy.engines [None req-88b6479e-e851-43f2-95b0-01e38ff39b4c None None] MySQL server mode set to STRICT_TRANS_TABLES,STRICT_ALL_TABLES,NO_ZERO_IN_DATE,NO_ZERO_DATE,ERROR_FOR_DIVISION_BY_ZERO,TRADITIONAL,NO_ENGINE_SUBSTITUTION {{(pid=70082) _check_effective_sql_mode /opt/stack/data/venv/lib/python3.10/site-packages/oslo_db/sqlalchemy/engines.py:397}}
Aug 29 07:48:08.068646 np0000032626 devstack@n-api.service[70081]: DEBUG dbcounter [-] [70081] Writer thread running {{(pid=70081) stat_writer /opt/stack/data/venv/lib/python3.10/site-packages/dbcounter.py:102}}
Aug 29 07:48:08.070610 np0000032626 devstack@n-api.service[70081]: DEBUG nova.context [None req-7dc920b2-580a-4dbe-925e-b046a1780ede None None] Found 2 cells: 00000000-0000-0000-0000-000000000000(cell0),9683054c-1994-4213-a6c8-733e115e3ba4(cell1) {{(pid=70081) load_cells /opt/stack/nova/nova/context.py:464}}
Aug 29 07:48:08.072225 np0000032626 devstack@n-api.service[70081]: DEBUG oslo_concurrency.lockutils [None req-7dc920b2-580a-4dbe-925e-b046a1780ede None None] Acquiring lock "00000000-0000-0000-0000-000000000000" by "nova.context.set_target_cell.<locals>.get_or_set_cached_cell_and_set_connections" {{(pid=70081) inner /opt/stack/data/venv/lib/python3.10/site-packages/oslo_concurrency/lockutils.py:405}}
Aug 29 07:48:08.072434 np0000032626 devstack@n-api.service[70081]: DEBUG oslo_concurrency.lockutils [None req-7dc920b2-580a-4dbe-925e-b046a1780ede None None] Lock "00000000-0000-0000-0000-000000000000" acquired by "nova.context.set_target_cell.<locals>.get_or_set_cached_cell_and_set_connections" :: waited 0.000s {{(pid=70081) inner /opt/stack/data/venv/lib/python3.10/site-packages/oslo_concurrency/lockutils.py:410}}
Aug 29 07:48:08.072816 np0000032626 devstack@n-api.service[70081]: DEBUG oslo_concurrency.lockutils [None req-7dc920b2-580a-4dbe-925e-b046a1780ede None None] Lock "00000000-0000-0000-0000-000000000000" "released" by "nova.context.set_target_cell.<locals>.get_or_set_cached_cell_and_set_connections" :: held 0.000s {{(pid=70081) inner /opt/stack/data/venv/lib/python3.10/site-packages/oslo_concurrency/lockutils.py:424}}
Aug 29 07:48:08.073142 np0000032626 devstack@n-api.service[70081]: DEBUG oslo_concurrency.lockutils [None req-7dc920b2-580a-4dbe-925e-b046a1780ede None None] Acquiring lock "9683054c-1994-4213-a6c8-733e115e3ba4" by "nova.context.set_target_cell.<locals>.get_or_set_cached_cell_and_set_connections" {{(pid=70081) inner /opt/stack/data/venv/lib/python3.10/site-packages/oslo_concurrency/lockutils.py:405}}
Aug 29 07:48:08.073296 np0000032626 devstack@n-api.service[70081]: DEBUG oslo_concurrency.lockutils [None req-7dc920b2-580a-4dbe-925e-b046a1780ede None None] Lock "9683054c-1994-4213-a6c8-733e115e3ba4" acquired by "nova.context.set_target_cell.<locals>.get_or_set_cached_cell_and_set_connections" :: waited 0.000s {{(pid=70081) inner /opt/stack/data/venv/lib/python3.10/site-packages/oslo_concurrency/lockutils.py:410}}
Aug 29 07:48:08.074212 np0000032626 devstack@n-api.service[70081]: DEBUG oslo_concurrency.lockutils [None req-7dc920b2-580a-4dbe-925e-b046a1780ede None None] Lock "9683054c-1994-4213-a6c8-733e115e3ba4" "released" by "nova.context.set_target_cell.<locals>.get_or_set_cached_cell_and_set_connections" :: held 0.001s {{(pid=70081) inner /opt/stack/data/venv/lib/python3.10/site-packages/oslo_concurrency/lockutils.py:424}}
Aug 29 07:48:08.075400 np0000032626 devstack@n-api.service[70081]: INFO dbcounter [None req-7dc920b2-580a-4dbe-925e-b046a1780ede None None] Registered counter for database nova_cell0
Aug 29 07:48:08.077519 np0000032626 devstack@n-api.service[70081]: INFO dbcounter [None req-7dc920b2-580a-4dbe-925e-b046a1780ede None None] Registered counter for database nova_cell1
Aug 29 07:48:08.080553 np0000032626 devstack@n-api.service[70081]: DEBUG oslo_db.sqlalchemy.engines [None req-7dc920b2-580a-4dbe-925e-b046a1780ede None None] MySQL server mode set to STRICT_TRANS_TABLES,STRICT_ALL_TABLES,NO_ZERO_IN_DATE,NO_ZERO_DATE,ERROR_FOR_DIVISION_BY_ZERO,TRADITIONAL,NO_ENGINE_SUBSTITUTION {{(pid=70081) _check_effective_sql_mode /opt/stack/data/venv/lib/python3.10/site-packages/oslo_db/sqlalchemy/engines.py:397}}
Aug 29 07:48:08.086126 np0000032626 devstack@n-api.service[70082]: DEBUG dbcounter [-] [70082] Writer thread running {{(pid=70082) stat_writer /opt/stack/data/venv/lib/python3.10/site-packages/dbcounter.py:102}}
Aug 29 07:48:08.088023 np0000032626 devstack@n-api.service[70082]: DEBUG nova.context [None req-88b6479e-e851-43f2-95b0-01e38ff39b4c None None] Found 2 cells: 00000000-0000-0000-0000-000000000000(cell0),9683054c-1994-4213-a6c8-733e115e3ba4(cell1) {{(pid=70082) load_cells /opt/stack/nova/nova/context.py:464}}
Aug 29 07:48:08.089702 np0000032626 devstack@n-api.service[70082]: DEBUG oslo_concurrency.lockutils [None req-88b6479e-e851-43f2-95b0-01e38ff39b4c None None] Acquiring lock "00000000-0000-0000-0000-000000000000" by "nova.context.set_target_cell.<locals>.get_or_set_cached_cell_and_set_connections" {{(pid=70082) inner /opt/stack/data/venv/lib/python3.10/site-packages/oslo_concurrency/lockutils.py:405}}
Aug 29 07:48:08.089884 np0000032626 devstack@n-api.service[70082]: DEBUG oslo_concurrency.lockutils [None req-88b6479e-e851-43f2-95b0-01e38ff39b4c None None] Lock "00000000-0000-0000-0000-000000000000" acquired by "nova.context.set_target_cell.<locals>.get_or_set_cached_cell_and_set_connections" :: waited 0.000s {{(pid=70082) inner /opt/stack/data/venv/lib/python3.10/site-packages/oslo_concurrency/lockutils.py:410}}
Aug 29 07:48:08.090270 np0000032626 devstack@n-api.service[70082]: DEBUG oslo_concurrency.lockutils [None req-88b6479e-e851-43f2-95b0-01e38ff39b4c None None] Lock "00000000-0000-0000-0000-000000000000" "released" by "nova.context.set_target_cell.<locals>.get_or_set_cached_cell_and_set_connections" :: held 0.000s {{(pid=70082) inner /opt/stack/data/venv/lib/python3.10/site-packages/oslo_concurrency/lockutils.py:424}}
Aug 29 07:48:08.090635 np0000032626 devstack@n-api.service[70082]: DEBUG oslo_concurrency.lockutils [None req-88b6479e-e851-43f2-95b0-01e38ff39b4c None None] Acquiring lock "9683054c-1994-4213-a6c8-733e115e3ba4" by "nova.context.set_target_cell.<locals>.get_or_set_cached_cell_and_set_connections" {{(pid=70082) inner /opt/stack/data/venv/lib/python3.10/site-packages/oslo_concurrency/lockutils.py:405}}
Aug 29 07:48:08.090783 np0000032626 devstack@n-api.service[70082]: DEBUG oslo_concurrency.lockutils [None req-88b6479e-e851-43f2-95b0-01e38ff39b4c None None] Lock "9683054c-1994-4213-a6c8-733e115e3ba4" acquired by "nova.context.set_target_cell.<locals>.get_or_set_cached_cell_and_set_connections" :: waited 0.000s {{(pid=70082) inner /opt/stack/data/venv/lib/python3.10/site-packages/oslo_concurrency/lockutils.py:410}}
Aug 29 07:48:08.091691 np0000032626 devstack@n-api.service[70082]: DEBUG oslo_concurrency.lockutils [None req-88b6479e-e851-43f2-95b0-01e38ff39b4c None None] Lock "9683054c-1994-4213-a6c8-733e115e3ba4" "released" by "nova.context.set_target_cell.<locals>.get_or_set_cached_cell_and_set_connections" :: held 0.001s {{(pid=70082) inner /opt/stack/data/venv/lib/python3.10/site-packages/oslo_concurrency/lockutils.py:424}}
Aug 29 07:48:08.092874 np0000032626 devstack@n-api.service[70082]: INFO dbcounter [None req-88b6479e-e851-43f2-95b0-01e38ff39b4c None None] Registered counter for database nova_cell0
Aug 29 07:48:08.094950 np0000032626 devstack@n-api.service[70082]: INFO dbcounter [None req-88b6479e-e851-43f2-95b0-01e38ff39b4c None None] Registered counter for database nova_cell1
Aug 29 07:48:08.099220 np0000032626 devstack@n-api.service[70082]: DEBUG oslo_db.sqlalchemy.engines [None req-88b6479e-e851-43f2-95b0-01e38ff39b4c None None] MySQL server mode set to STRICT_TRANS_TABLES,STRICT_ALL_TABLES,NO_ZERO_IN_DATE,NO_ZERO_DATE,ERROR_FOR_DIVISION_BY_ZERO,TRADITIONAL,NO_ENGINE_SUBSTITUTION {{(pid=70082) _check_effective_sql_mode /opt/stack/data/venv/lib/python3.10/site-packages/oslo_db/sqlalchemy/engines.py:397}}
Aug 29 07:48:08.100684 np0000032626 devstack@n-api.service[70082]: DEBUG oslo_db.sqlalchemy.engines [None req-88b6479e-e851-43f2-95b0-01e38ff39b4c None None] MySQL server mode set to STRICT_TRANS_TABLES,STRICT_ALL_TABLES,NO_ZERO_IN_DATE,NO_ZERO_DATE,ERROR_FOR_DIVISION_BY_ZERO,TRADITIONAL,NO_ENGINE_SUBSTITUTION {{(pid=70082) _check_effective_sql_mode /opt/stack/data/venv/lib/python3.10/site-packages/oslo_db/sqlalchemy/engines.py:397}}
Aug 29 07:48:08.151590 np0000032626 devstack@n-api.service[70081]: DEBUG dbcounter [-] [70081] Writer thread running {{(pid=70081) stat_writer /opt/stack/data/venv/lib/python3.10/site-packages/dbcounter.py:102}}
Aug 29 07:48:08.155654 np0000032626 devstack@n-api.service[70081]: DEBUG oslo_db.sqlalchemy.engines [None req-7dc920b2-580a-4dbe-925e-b046a1780ede None None] MySQL server mode set to STRICT_TRANS_TABLES,STRICT_ALL_TABLES,NO_ZERO_IN_DATE,NO_ZERO_DATE,ERROR_FOR_DIVISION_BY_ZERO,TRADITIONAL,NO_ENGINE_SUBSTITUTION {{(pid=70081) _check_effective_sql_mode /opt/stack/data/venv/lib/python3.10/site-packages/oslo_db/sqlalchemy/engines.py:397}}
Aug 29 07:48:08.159182 np0000032626 devstack@n-api.service[70081]: DEBUG dbcounter [-] [70081] Writer thread running {{(pid=70081) stat_writer /opt/stack/data/venv/lib/python3.10/site-packages/dbcounter.py:102}}
Aug 29 07:48:08.161479 np0000032626 devstack@n-api.service[70081]: INFO dbcounter [None req-7dc920b2-580a-4dbe-925e-b046a1780ede None None] Registered counter for database nova_cell0
Aug 29 07:48:08.166021 np0000032626 devstack@n-api.service[70081]: DEBUG oslo_db.sqlalchemy.engines [None req-7dc920b2-580a-4dbe-925e-b046a1780ede None None] MySQL server mode set to STRICT_TRANS_TABLES,STRICT_ALL_TABLES,NO_ZERO_IN_DATE,NO_ZERO_DATE,ERROR_FOR_DIVISION_BY_ZERO,TRADITIONAL,NO_ENGINE_SUBSTITUTION {{(pid=70081) _check_effective_sql_mode /opt/stack/data/venv/lib/python3.10/site-packages/oslo_db/sqlalchemy/engines.py:397}}
Aug 29 07:48:08.170432 np0000032626 devstack@n-api.service[70081]: DEBUG dbcounter [-] [70081] Writer thread running {{(pid=70081) stat_writer /opt/stack/data/venv/lib/python3.10/site-packages/dbcounter.py:102}}
Aug 29 07:48:08.171666 np0000032626 devstack@n-api.service[70082]: DEBUG dbcounter [-] [70082] Writer thread running {{(pid=70082) stat_writer /opt/stack/data/venv/lib/python3.10/site-packages/dbcounter.py:102}}
Aug 29 07:48:08.175894 np0000032626 devstack@n-api.service[70082]: DEBUG dbcounter [-] [70082] Writer thread running {{(pid=70082) stat_writer /opt/stack/data/venv/lib/python3.10/site-packages/dbcounter.py:102}}
Aug 29 07:48:08.179013 np0000032626 devstack@n-api.service[70082]: INFO dbcounter [None req-88b6479e-e851-43f2-95b0-01e38ff39b4c None None] Registered counter for database nova_cell0
Aug 29 07:48:08.183667 np0000032626 devstack@n-api.service[70082]: DEBUG oslo_db.sqlalchemy.engines [None req-88b6479e-e851-43f2-95b0-01e38ff39b4c None None] MySQL server mode set to STRICT_TRANS_TABLES,STRICT_ALL_TABLES,NO_ZERO_IN_DATE,NO_ZERO_DATE,ERROR_FOR_DIVISION_BY_ZERO,TRADITIONAL,NO_ENGINE_SUBSTITUTION {{(pid=70082) _check_effective_sql_mode /opt/stack/data/venv/lib/python3.10/site-packages/oslo_db/sqlalchemy/engines.py:397}}
Aug 29 07:48:08.188453 np0000032626 devstack@n-api.service[70082]: DEBUG dbcounter [-] [70082] Writer thread running {{(pid=70082) stat_writer /opt/stack/data/venv/lib/python3.10/site-packages/dbcounter.py:102}}
Aug 29 07:48:08.501424 np0000032626 devstack@n-api.service[70082]: DEBUG oslo_concurrency.processutils [None req-88b6479e-e851-43f2-95b0-01e38ff39b4c None None] Running cmd (subprocess): grep -F node.session.scan /sbin/iscsiadm {{(pid=70082) execute /opt/stack/data/venv/lib/python3.10/site-packages/oslo_concurrency/processutils.py:349}}
Aug 29 07:48:08.501979 np0000032626 devstack@n-api.service[70081]: DEBUG oslo_concurrency.processutils [None req-7dc920b2-580a-4dbe-925e-b046a1780ede None None] Running cmd (subprocess): grep -F node.session.scan /sbin/iscsiadm {{(pid=70081) execute /opt/stack/data/venv/lib/python3.10/site-packages/oslo_concurrency/processutils.py:349}}
Aug 29 07:48:08.508195 np0000032626 devstack@n-api.service[70082]: DEBUG oslo_concurrency.processutils [None req-88b6479e-e851-43f2-95b0-01e38ff39b4c None None] CMD "grep -F node.session.scan /sbin/iscsiadm" returned: 0 in 0.007s {{(pid=70082) execute /opt/stack/data/venv/lib/python3.10/site-packages/oslo_concurrency/processutils.py:372}}
Aug 29 07:48:08.508529 np0000032626 devstack@n-api.service[70081]: DEBUG oslo_concurrency.processutils [None req-7dc920b2-580a-4dbe-925e-b046a1780ede None None] CMD "grep -F node.session.scan /sbin/iscsiadm" returned: 0 in 0.007s {{(pid=70081) execute /opt/stack/data/venv/lib/python3.10/site-packages/oslo_concurrency/processutils.py:372}}
Aug 29 07:48:08.851153 np0000032626 devstack@n-api.service[70082]: WARNING keystonemiddleware.auth_token [None req-88b6479e-e851-43f2-95b0-01e38ff39b4c None None] AuthToken middleware is set with keystone_authtoken.service_token_roles_required set to False. This is backwards compatible but deprecated behaviour. Please set this to True.
Aug 29 07:48:08.851546 np0000032626 devstack@n-api.service[70081]: WARNING keystonemiddleware.auth_token [None req-7dc920b2-580a-4dbe-925e-b046a1780ede None None] AuthToken middleware is set with keystone_authtoken.service_token_roles_required set to False. This is backwards compatible but deprecated behaviour. Please set this to True.
Aug 29 07:48:08.854602 np0000032626 devstack@n-api.service[70082]: WARNING keystonemiddleware.auth_token [None req-88b6479e-e851-43f2-95b0-01e38ff39b4c None None] Configuring www_authenticate_uri to point to the public identity endpoint is required; clients may not be able to authenticate against an admin endpoint
Aug 29 07:48:08.854978 np0000032626 devstack@n-api.service[70081]: WARNING keystonemiddleware.auth_token [None req-7dc920b2-580a-4dbe-925e-b046a1780ede None None] Configuring www_authenticate_uri to point to the public identity endpoint is required; clients may not be able to authenticate against an admin endpoint
Aug 29 07:48:08.929856 np0000032626 devstack@n-api.service[70081]: WARNING keystonemiddleware.auth_token [None req-7dc920b2-580a-4dbe-925e-b046a1780ede None None] AuthToken middleware is set with keystone_authtoken.service_token_roles_required set to False. This is backwards compatible but deprecated behaviour. Please set this to True.
Aug 29 07:48:08.931929 np0000032626 devstack@n-api.service[70082]: WARNING keystonemiddleware.auth_token [None req-88b6479e-e851-43f2-95b0-01e38ff39b4c None None] AuthToken middleware is set with keystone_authtoken.service_token_roles_required set to False. This is backwards compatible but deprecated behaviour. Please set this to True.
Aug 29 07:48:08.932421 np0000032626 devstack@n-api.service[70081]: WARNING keystonemiddleware.auth_token [None req-7dc920b2-580a-4dbe-925e-b046a1780ede None None] Configuring www_authenticate_uri to point to the public identity endpoint is required; clients may not be able to authenticate against an admin endpoint
Aug 29 07:48:08.934357 np0000032626 devstack@n-api.service[70081]: WSGI app 0 (mountpoint='') ready in 2 seconds on interpreter 0x564d37f51d70 pid: 70081 (default app)
Aug 29 07:48:08.934489 np0000032626 devstack@n-api.service[70082]: WARNING keystonemiddleware.auth_token [None req-88b6479e-e851-43f2-95b0-01e38ff39b4c None None] Configuring www_authenticate_uri to point to the public identity endpoint is required; clients may not be able to authenticate against an admin endpoint
Aug 29 07:48:08.935268 np0000032626 devstack@n-api.service[70081]: DEBUG nova.api.openstack.wsgi [None req-7dc920b2-580a-4dbe-925e-b046a1780ede None None] Calling method '<bound method VersionsV2.index of <nova.api.openstack.compute.versions.VersionsV2 object at 0x7f17ed7babf0>>' {{(pid=70081) _process_stack /opt/stack/nova/nova/api/openstack/wsgi.py:556}}
Aug 29 07:48:08.936422 np0000032626 devstack@n-api.service[70082]: WSGI app 0 (mountpoint='') ready in 2 seconds on interpreter 0x564d37f51d70 pid: 70082 (default app)
Aug 29 07:48:08.938083 np0000032626 devstack@n-api.service[70081]: INFO nova.api.openstack.requestlog [None req-7dc920b2-580a-4dbe-925e-b046a1780ede None None] 192.168.1.112 "GET /compute/v2.1/" status: 200 len: 391 microversion: 2.1 time: 0.003019
Aug 29 07:48:08.938273 np0000032626 devstack@n-api.service[70081]: [pid: 70081|app: 0|req: 1/1] 192.168.1.112 () {50 vars in 783 bytes} [Fri Aug 29 07:48:08 2025] GET /compute/v2.1/ => generated 391 bytes in 3 msecs (HTTP/1.1 200) 9 headers in 357 bytes (1 switches on core 0)
Aug 29 07:48:40.256517 np0000032626 devstack@n-api.service[70082]: DEBUG nova.api.openstack.wsgi [None req-88b6479e-e851-43f2-95b0-01e38ff39b4c None None] Calling method '<bound method VersionsV2.index of <nova.api.openstack.compute.versions.VersionsV2 object at 0x7f17ee6e9ed0>>' {{(pid=70082) _process_stack /opt/stack/nova/nova/api/openstack/wsgi.py:556}}
Aug 29 07:48:40.260076 np0000032626 devstack@n-api.service[70082]: INFO nova.api.openstack.requestlog [None req-88b6479e-e851-43f2-95b0-01e38ff39b4c None None] 192.168.1.112 "GET /compute/v2.1" status: 200 len: 392 microversion: 2.1 time: 0.004018
Aug 29 07:48:40.260252 np0000032626 devstack@n-api.service[70082]: [pid: 70082|app: 0|req: 1/2] 192.168.1.112 () {62 vars in 1068 bytes} [Fri Aug 29 07:48:40 2025] GET /compute/v2.1 => generated 392 bytes in 5 msecs (HTTP/1.1 200) 9 headers in 357 bytes (1 switches on core 0)
Aug 29 07:48:40.269387 np0000032626 devstack@n-api.service[70081]: DEBUG dbcounter [-] [70081] Writing DB stats nova_api:SELECT=1 {{(pid=70081) stat_writer /opt/stack/data/venv/lib/python3.10/site-packages/dbcounter.py:115}}
Aug 29 07:48:40.270326 np0000032626 devstack@n-api.service[70081]: DEBUG dbcounter [-] [70081] Writing DB stats nova_cell0:SELECT=1 {{(pid=70081) stat_writer /opt/stack/data/venv/lib/python3.10/site-packages/dbcounter.py:115}}
Aug 29 07:48:40.270789 np0000032626 devstack@n-api.service[70081]: DEBUG dbcounter [-] [70081] Writing DB stats nova_cell1:SELECT=1 {{(pid=70081) stat_writer /opt/stack/data/venv/lib/python3.10/site-packages/dbcounter.py:115}}
Aug 29 07:48:40.271174 np0000032626 devstack@n-api.service[70081]: DEBUG dbcounter [-] [70081] Writing DB stats nova_cell0:SELECT=2,nova_cell0:INSERT=1 {{(pid=70081) stat_writer /opt/stack/data/venv/lib/python3.10/site-packages/dbcounter.py:115}}
Aug 29 07:48:40.407766 np0000032626 devstack@n-api.service[70081]: DEBUG nova.api.openstack.wsgi [None req-5cd28913-e89e-4556-ba0f-42783e8d7a74 admin admin] Calling method '<bound method FlavorsController.detail of <nova.api.openstack.compute.flavors.FlavorsController object at 0x7f17ec11b040>>' {{(pid=70081) _process_stack /opt/stack/nova/nova/api/openstack/wsgi.py:556}}
Aug 29 07:48:40.425114 np0000032626 devstack@n-api.service[70081]: INFO nova.api.openstack.requestlog [None req-5cd28913-e89e-4556-ba0f-42783e8d7a74 admin admin] 192.168.1.112 "GET /compute/v2.1/flavors/detail?is_public=True" status: 200 len: 15 microversion: 2.61 time: 0.158682
Aug 29 07:48:40.425364 np0000032626 devstack@n-api.service[70081]: [pid: 70081|app: 0|req: 2/3] 192.168.1.112 () {68 vars in 1429 bytes} [Fri Aug 29 07:48:40 2025] GET /compute/v2.1/flavors/detail?is_public=True => generated 15 bytes in 159 msecs (HTTP/1.1 200) 9 headers in 358 bytes (1 switches on core 0)
Aug 29 07:48:40.534186 np0000032626 devstack@n-api.service[70082]: DEBUG nova.api.openstack.wsgi [None req-88b6479e-e851-43f2-95b0-01e38ff39b4c None None] Calling method '<bound method VersionsV2.index of <nova.api.openstack.compute.versions.VersionsV2 object at 0x7f17ee6e9ed0>>' {{(pid=70082) _process_stack /opt/stack/nova/nova/api/openstack/wsgi.py:556}}
Aug 29 07:48:40.534493 np0000032626 devstack@n-api.service[70082]: INFO nova.api.openstack.requestlog [None req-88b6479e-e851-43f2-95b0-01e38ff39b4c None None] 192.168.1.112 "GET /compute/v2.1" status: 200 len: 392 microversion: 2.1 time: 0.002994
Aug 29 07:48:40.534673 np0000032626 devstack@n-api.service[70082]: [pid: 70082|app: 0|req: 2/4] 192.168.1.112 () {62 vars in 1068 bytes} [Fri Aug 29 07:48:40 2025] GET /compute/v2.1 => generated 392 bytes in 3 msecs (HTTP/1.1 200) 9 headers in 357 bytes (1 switches on core 0)
Aug 29 07:48:40.564785 np0000032626 devstack@n-api.service[70081]: DEBUG nova.api.openstack.wsgi [None req-afbd34f7-4821-4736-9752-6b56ba578901 admin admin] Action: 'create', calling method: <bound method FlavorsController.create of <nova.api.openstack.compute.flavors.FlavorsController object at 0x7f17ec119ea0>>, body: {"flavor": {"OS-FLV-EXT-DATA:ephemeral": 0, "vcpus": 1, "rxtx_factor": 1.0, "ram": 256, "id": "c1", "name": "cirros256", "swap": 0, "os-flavor-access:is_public": true, "disk": 1}} {{(pid=70081) _process_stack /opt/stack/nova/nova/api/openstack/wsgi.py:554}}
Aug 29 07:48:40.589414 np0000032626 devstack@n-api.service[70081]: INFO nova.api.openstack.requestlog [None req-afbd34f7-4821-4736-9752-6b56ba578901 admin admin] 192.168.1.112 "POST /compute/v2.1/flavors" status: 200 len: 413 microversion: 2.61 time: 0.048377
Aug 29 07:48:40.589651 np0000032626 devstack@n-api.service[70081]: [pid: 70081|app: 0|req: 3/5] 192.168.1.112 () {72 vars in 1420 bytes} [Fri Aug 29 07:48:40 2025] POST /compute/v2.1/flavors => generated 413 bytes in 49 msecs (HTTP/1.1 200) 9 headers in 359 bytes (1 switches on core 0)
Aug 29 07:48:40.600252 np0000032626 devstack@n-api.service[70082]: DEBUG dbcounter [-] [70082] Writing DB stats nova_api:SELECT=1 {{(pid=70082) stat_writer /opt/stack/data/venv/lib/python3.10/site-packages/dbcounter.py:115}}
Aug 29 07:48:40.600857 np0000032626 devstack@n-api.service[70082]: DEBUG dbcounter [-] [70082] Writing DB stats nova_cell1:SELECT=1 {{(pid=70082) stat_writer /opt/stack/data/venv/lib/python3.10/site-packages/dbcounter.py:115}}
Aug 29 07:48:40.601218 np0000032626 devstack@n-api.service[70082]: DEBUG dbcounter [-] [70082] Writing DB stats nova_cell0:SELECT=1 {{(pid=70082) stat_writer /opt/stack/data/venv/lib/python3.10/site-packages/dbcounter.py:115}}
Aug 29 07:48:40.601552 np0000032626 devstack@n-api.service[70082]: DEBUG dbcounter [-] [70082] Writing DB stats nova_cell0:SELECT=1 {{(pid=70082) stat_writer /opt/stack/data/venv/lib/python3.10/site-packages/dbcounter.py:115}}
Aug 29 07:48:40.668941 np0000032626 devstack@n-api.service[70082]: DEBUG nova.api.openstack.wsgi [None req-56ad8892-cffa-401e-8d67-08795136d1cb admin admin] Action: 'create', calling method: <bound method FlavorExtraSpecsController.create of <nova.api.openstack.compute.flavors_extraspecs.FlavorExtraSpecsController object at 0x7f17ec12c100>>, body: {"extra_specs": {"hw_rng:allowed": "True"}} {{(pid=70082) _process_stack /opt/stack/nova/nova/api/openstack/wsgi.py:554}}
Aug 29 07:48:40.700087 np0000032626 devstack@n-api.service[70082]: INFO nova.api.openstack.requestlog [None req-56ad8892-cffa-401e-8d67-08795136d1cb admin admin] 192.168.1.112 "POST /compute/v2.1/flavors/c1/os-extra_specs" status: 200 len: 43 microversion: 2.61 time: 0.102791
Aug 29 07:48:40.700744 np0000032626 devstack@n-api.service[70082]: [pid: 70082|app: 0|req: 3/6] 192.168.1.112 () {72 vars in 1473 bytes} [Fri Aug 29 07:48:40 2025] POST /compute/v2.1/flavors/c1/os-extra_specs => generated 43 bytes in 104 msecs (HTTP/1.1 200) 9 headers in 358 bytes (1 switches on core 0)
Aug 29 07:48:40.799231 np0000032626 devstack@n-api.service[70081]: DEBUG nova.api.openstack.wsgi [None req-afbd34f7-4821-4736-9752-6b56ba578901 admin admin] Calling method '<bound method VersionsV2.index of <nova.api.openstack.compute.versions.VersionsV2 object at 0x7f17ed7babf0>>' {{(pid=70081) _process_stack /opt/stack/nova/nova/api/openstack/wsgi.py:556}}
Aug 29 07:48:40.802132 np0000032626 devstack@n-api.service[70081]: INFO nova.api.openstack.requestlog [None req-afbd34f7-4821-4736-9752-6b56ba578901 admin admin] 192.168.1.112 "GET /compute/v2.1" status: 200 len: 392 microversion: 2.1 time: 0.003086
Aug 29 07:48:40.802325 np0000032626 devstack@n-api.service[70081]: [pid: 70081|app: 0|req: 4/7] 192.168.1.112 () {62 vars in 1068 bytes} [Fri Aug 29 07:48:40 2025] GET /compute/v2.1 => generated 392 bytes in 3 msecs (HTTP/1.1 200) 9 headers in 357 bytes (1 switches on core 0)
Aug 29 07:48:40.866484 np0000032626 devstack@n-api.service[70082]: DEBUG nova.api.openstack.wsgi [None req-702aa04b-dafc-4ba5-bafa-d7c7738a06c8 admin admin] Action: 'create', calling method: <bound method FlavorsController.create of <nova.api.openstack.compute.flavors.FlavorsController object at 0x7f17ec101090>>, body: {"flavor": {"OS-FLV-EXT-DATA:ephemeral": 0, "vcpus": 1, "rxtx_factor": 1.0, "ram": 512, "id": "d1", "name": "ds512M", "swap": 0, "os-flavor-access:is_public": true, "disk": 5}} {{(pid=70082) _process_stack /opt/stack/nova/nova/api/openstack/wsgi.py:554}}
Aug 29 07:48:40.886785 np0000032626 devstack@n-api.service[70082]: INFO nova.api.openstack.requestlog [None req-702aa04b-dafc-4ba5-bafa-d7c7738a06c8 admin admin] 192.168.1.112 "POST /compute/v2.1/flavors" status: 200 len: 410 microversion: 2.61 time: 0.079000
Aug 29 07:48:40.887017 np0000032626 devstack@n-api.service[70082]: [pid: 70082|app: 0|req: 4/8] 192.168.1.112 () {72 vars in 1420 bytes} [Fri Aug 29 07:48:40 2025] POST /compute/v2.1/flavors => generated 410 bytes in 79 msecs (HTTP/1.1 200) 9 headers in 359 bytes (1 switches on core 0)
Aug 29 07:48:40.897211 np0000032626 devstack@n-api.service[70081]: DEBUG nova.api.openstack.wsgi [None req-bda72334-6441-4213-be8f-25c3ab1feac6 admin admin] Action: 'create', calling method: <bound method FlavorExtraSpecsController.create of <nova.api.openstack.compute.flavors_extraspecs.FlavorExtraSpecsController object at 0x7f17ec140f10>>, body: {"extra_specs": {"hw_rng:allowed": "True"}} {{(pid=70081) _process_stack /opt/stack/nova/nova/api/openstack/wsgi.py:554}}
Aug 29 07:48:40.917558 np0000032626 devstack@n-api.service[70081]: INFO nova.api.openstack.requestlog [None req-bda72334-6441-4213-be8f-25c3ab1feac6 admin admin] 192.168.1.112 "POST /compute/v2.1/flavors/d1/os-extra_specs" status: 200 len: 43 microversion: 2.61 time: 0.022315
Aug 29 07:48:40.917807 np0000032626 devstack@n-api.service[70081]: [pid: 70081|app: 0|req: 5/9] 192.168.1.112 () {72 vars in 1473 bytes} [Fri Aug 29 07:48:40 2025] POST /compute/v2.1/flavors/d1/os-extra_specs => generated 43 bytes in 23 msecs (HTTP/1.1 200) 9 headers in 358 bytes (1 switches on core 0)
Aug 29 07:48:41.031079 np0000032626 devstack@n-api.service[70082]: DEBUG nova.api.openstack.wsgi [None req-702aa04b-dafc-4ba5-bafa-d7c7738a06c8 admin admin] Calling method '<bound method VersionsV2.index of <nova.api.openstack.compute.versions.VersionsV2 object at 0x7f17ee6e9ed0>>' {{(pid=70082) _process_stack /opt/stack/nova/nova/api/openstack/wsgi.py:556}}
Aug 29 07:48:41.033945 np0000032626 devstack@n-api.service[70082]: INFO nova.api.openstack.requestlog [None req-702aa04b-dafc-4ba5-bafa-d7c7738a06c8 admin admin] 192.168.1.112 "GET /compute/v2.1" status: 200 len: 392 microversion: 2.1 time: 0.003098
Aug 29 07:48:41.034120 np0000032626 devstack@n-api.service[70082]: [pid: 70082|app: 0|req: 5/10] 192.168.1.112 () {62 vars in 1068 bytes} [Fri Aug 29 07:48:41 2025] GET /compute/v2.1 => generated 392 bytes in 3 msecs (HTTP/1.1 200) 9 headers in 357 bytes (1 switches on core 0)
Aug 29 07:48:41.065470 np0000032626 devstack@n-api.service[70081]: DEBUG nova.api.openstack.wsgi [None req-25c67809-3217-4b00-9996-7f94fde2ab2d admin admin] Action: 'create', calling method: <bound method FlavorsController.create of <nova.api.openstack.compute.flavors.FlavorsController object at 0x7f17ec119ea0>>, body: {"flavor": {"OS-FLV-EXT-DATA:ephemeral": 0, "vcpus": 1, "rxtx_factor": 1.0, "ram": 1024, "id": "d2", "name": "ds1G", "swap": 0, "os-flavor-access:is_public": true, "disk": 10}} {{(pid=70081) _process_stack /opt/stack/nova/nova/api/openstack/wsgi.py:554}}
Aug 29 07:48:41.077201 np0000032626 devstack@n-api.service[70081]: INFO nova.api.openstack.requestlog [None req-25c67809-3217-4b00-9996-7f94fde2ab2d admin admin] 192.168.1.112 "POST /compute/v2.1/flavors" status: 200 len: 410 microversion: 2.61 time: 0.036154
Aug 29 07:48:41.077470 np0000032626 devstack@n-api.service[70081]: [pid: 70081|app: 0|req: 6/11] 192.168.1.112 () {72 vars in 1420 bytes} [Fri Aug 29 07:48:41 2025] POST /compute/v2.1/flavors => generated 410 bytes in 37 msecs (HTTP/1.1 200) 9 headers in 359 bytes (1 switches on core 0)
Aug 29 07:48:41.090862 np0000032626 devstack@n-api.service[70082]: DEBUG nova.api.openstack.wsgi [None req-51083566-cb7c-4d18-b880-9222a1548bfd admin admin] Action: 'create', calling method: <bound method FlavorExtraSpecsController.create of <nova.api.openstack.compute.flavors_extraspecs.FlavorExtraSpecsController object at 0x7f17ec12c100>>, body: {"extra_specs": {"hw_rng:allowed": "True"}} {{(pid=70082) _process_stack /opt/stack/nova/nova/api/openstack/wsgi.py:554}}
Aug 29 07:48:41.105937 np0000032626 devstack@n-api.service[70082]: INFO nova.api.openstack.requestlog [None req-51083566-cb7c-4d18-b880-9222a1548bfd admin admin] 192.168.1.112 "POST /compute/v2.1/flavors/d2/os-extra_specs" status: 200 len: 43 microversion: 2.61 time: 0.018044
Aug 29 07:48:41.106268 np0000032626 devstack@n-api.service[70082]: [pid: 70082|app: 0|req: 6/12] 192.168.1.112 () {72 vars in 1473 bytes} [Fri Aug 29 07:48:41 2025] POST /compute/v2.1/flavors/d2/os-extra_specs => generated 43 bytes in 19 msecs (HTTP/1.1 200) 9 headers in 358 bytes (1 switches on core 0)
Aug 29 07:48:41.202248 np0000032626 devstack@n-api.service[70081]: DEBUG nova.api.openstack.wsgi [None req-25c67809-3217-4b00-9996-7f94fde2ab2d admin admin] Calling method '<bound method VersionsV2.index of <nova.api.openstack.compute.versions.VersionsV2 object at 0x7f17ed7babf0>>' {{(pid=70081) _process_stack /opt/stack/nova/nova/api/openstack/wsgi.py:556}}
Aug 29 07:48:41.205210 np0000032626 devstack@n-api.service[70081]: INFO nova.api.openstack.requestlog [None req-25c67809-3217-4b00-9996-7f94fde2ab2d admin admin] 192.168.1.112 "GET /compute/v2.1" status: 200 len: 392 microversion: 2.1 time: 0.003208
Aug 29 07:48:41.205387 np0000032626 devstack@n-api.service[70081]: [pid: 70081|app: 0|req: 7/13] 192.168.1.112 () {62 vars in 1068 bytes} [Fri Aug 29 07:48:41 2025] GET /compute/v2.1 => generated 392 bytes in 3 msecs (HTTP/1.1 200) 9 headers in 357 bytes (1 switches on core 0)
Aug 29 07:48:41.234350 np0000032626 devstack@n-api.service[70082]: DEBUG nova.api.openstack.wsgi [None req-03f5bef5-1b2e-4394-bc81-4ec93f6eefd7 admin admin] Action: 'create', calling method: <bound method FlavorsController.create of <nova.api.openstack.compute.flavors.FlavorsController object at 0x7f17ec101090>>, body: {"flavor": {"OS-FLV-EXT-DATA:ephemeral": 0, "vcpus": 2, "rxtx_factor": 1.0, "ram": 2048, "id": "d3", "name": "ds2G", "swap": 0, "os-flavor-access:is_public": true, "disk": 10}} {{(pid=70082) _process_stack /opt/stack/nova/nova/api/openstack/wsgi.py:554}}
Aug 29 07:48:41.247020 np0000032626 devstack@n-api.service[70082]: INFO nova.api.openstack.requestlog [None req-03f5bef5-1b2e-4394-bc81-4ec93f6eefd7 admin admin] 192.168.1.112 "POST /compute/v2.1/flavors" status: 200 len: 410 microversion: 2.61 time: 0.035366
Aug 29 07:48:41.247272 np0000032626 devstack@n-api.service[70082]: [pid: 70082|app: 0|req: 7/14] 192.168.1.112 () {72 vars in 1420 bytes} [Fri Aug 29 07:48:41 2025] POST /compute/v2.1/flavors => generated 410 bytes in 36 msecs (HTTP/1.1 200) 9 headers in 359 bytes (1 switches on core 0)
Aug 29 07:48:41.257700 np0000032626 devstack@n-api.service[70081]: DEBUG nova.api.openstack.wsgi [None req-d769c4d9-9521-4c38-b821-bae9e3e1ea89 admin admin] Action: 'create', calling method: <bound method FlavorExtraSpecsController.create of <nova.api.openstack.compute.flavors_extraspecs.FlavorExtraSpecsController object at 0x7f17ec140f10>>, body: {"extra_specs": {"hw_rng:allowed": "True"}} {{(pid=70081) _process_stack /opt/stack/nova/nova/api/openstack/wsgi.py:554}}
Aug 29 07:48:41.271850 np0000032626 devstack@n-api.service[70081]: INFO nova.api.openstack.requestlog [None req-d769c4d9-9521-4c38-b821-bae9e3e1ea89 admin admin] 192.168.1.112 "POST /compute/v2.1/flavors/d3/os-extra_specs" status: 200 len: 43 microversion: 2.61 time: 0.016056
Aug 29 07:48:41.272124 np0000032626 devstack@n-api.service[70081]: [pid: 70081|app: 0|req: 8/15] 192.168.1.112 () {72 vars in 1473 bytes} [Fri Aug 29 07:48:41 2025] POST /compute/v2.1/flavors/d3/os-extra_specs => generated 43 bytes in 16 msecs (HTTP/1.1 200) 9 headers in 358 bytes (1 switches on core 0)
Aug 29 07:48:41.367271 np0000032626 devstack@n-api.service[70082]: DEBUG nova.api.openstack.wsgi [None req-03f5bef5-1b2e-4394-bc81-4ec93f6eefd7 admin admin] Calling method '<bound method VersionsV2.index of <nova.api.openstack.compute.versions.VersionsV2 object at 0x7f17ee6e9ed0>>' {{(pid=70082) _process_stack /opt/stack/nova/nova/api/openstack/wsgi.py:556}}
Aug 29 07:48:41.373075 np0000032626 devstack@n-api.service[70082]: INFO nova.api.openstack.requestlog [None req-03f5bef5-1b2e-4394-bc81-4ec93f6eefd7 admin admin] 192.168.1.112 "GET /compute/v2.1" status: 200 len: 392 microversion: 2.1 time: 0.006105
Aug 29 07:48:41.373383 np0000032626 devstack@n-api.service[70082]: [pid: 70082|app: 0|req: 8/16] 192.168.1.112 () {62 vars in 1068 bytes} [Fri Aug 29 07:48:41 2025] GET /compute/v2.1 => generated 392 bytes in 7 msecs (HTTP/1.1 200) 9 headers in 357 bytes (1 switches on core 0)
Aug 29 07:48:41.400963 np0000032626 devstack@n-api.service[70081]: DEBUG nova.api.openstack.wsgi [None req-5e45a91c-3595-417d-87e6-79caa97dfbe2 admin admin] Action: 'create', calling method: <bound method FlavorsController.create of <nova.api.openstack.compute.flavors.FlavorsController object at 0x7f17ec119ea0>>, body: {"flavor": {"OS-FLV-EXT-DATA:ephemeral": 0, "vcpus": 4, "rxtx_factor": 1.0, "ram": 4096, "id": "d4", "name": "ds4G", "swap": 0, "os-flavor-access:is_public": true, "disk": 20}} {{(pid=70081) _process_stack /opt/stack/nova/nova/api/openstack/wsgi.py:554}}
Aug 29 07:48:41.413477 np0000032626 devstack@n-api.service[70081]: INFO nova.api.openstack.requestlog [None req-5e45a91c-3595-417d-87e6-79caa97dfbe2 admin admin] 192.168.1.112 "POST /compute/v2.1/flavors" status: 200 len: 410 microversion: 2.61 time: 0.033855
Aug 29 07:48:41.413721 np0000032626 devstack@n-api.service[70081]: [pid: 70081|app: 0|req: 9/17] 192.168.1.112 () {72 vars in 1420 bytes} [Fri Aug 29 07:48:41 2025] POST /compute/v2.1/flavors => generated 410 bytes in 34 msecs (HTTP/1.1 200) 9 headers in 359 bytes (1 switches on core 0)
Aug 29 07:48:41.423926 np0000032626 devstack@n-api.service[70082]: DEBUG nova.api.openstack.wsgi [None req-69061c73-2ee9-4732-8d19-343e5d073fa8 admin admin] Action: 'create', calling method: <bound method FlavorExtraSpecsController.create of <nova.api.openstack.compute.flavors_extraspecs.FlavorExtraSpecsController object at 0x7f17ec12c100>>, body: {"extra_specs": {"hw_rng:allowed": "True"}} {{(pid=70082) _process_stack /opt/stack/nova/nova/api/openstack/wsgi.py:554}}
Aug 29 07:48:41.439520 np0000032626 devstack@n-api.service[70082]: INFO nova.api.openstack.requestlog [None req-69061c73-2ee9-4732-8d19-343e5d073fa8 admin admin] 192.168.1.112 "POST /compute/v2.1/flavors/d4/os-extra_specs" status: 200 len: 43 microversion: 2.61 time: 0.017508
Aug 29 07:48:41.439894 np0000032626 devstack@n-api.service[70082]: [pid: 70082|app: 0|req: 9/18] 192.168.1.112 () {72 vars in 1473 bytes} [Fri Aug 29 07:48:41 2025] POST /compute/v2.1/flavors/d4/os-extra_specs => generated 43 bytes in 18 msecs (HTTP/1.1 200) 9 headers in 358 bytes (1 switches on core 0)
Aug 29 07:48:41.546808 np0000032626 devstack@n-api.service[70081]: DEBUG nova.api.openstack.wsgi [None req-5e45a91c-3595-417d-87e6-79caa97dfbe2 admin admin] Calling method '<bound method VersionsV2.index of <nova.api.openstack.compute.versions.VersionsV2 object at 0x7f17ed7babf0>>' {{(pid=70081) _process_stack /opt/stack/nova/nova/api/openstack/wsgi.py:556}}
Aug 29 07:48:41.549799 np0000032626 devstack@n-api.service[70081]: INFO nova.api.openstack.requestlog [None req-5e45a91c-3595-417d-87e6-79caa97dfbe2 admin admin] 192.168.1.112 "GET /compute/v2.1" status: 200 len: 392 microversion: 2.1 time: 0.003211
Aug 29 07:48:41.550056 np0000032626 devstack@n-api.service[70081]: [pid: 70081|app: 0|req: 10/19] 192.168.1.112 () {62 vars in 1068 bytes} [Fri Aug 29 07:48:41 2025] GET /compute/v2.1 => generated 392 bytes in 4 msecs (HTTP/1.1 200) 9 headers in 357 bytes (1 switches on core 0)
Aug 29 07:48:41.576923 np0000032626 devstack@n-api.service[70082]: DEBUG nova.api.openstack.wsgi [None req-8a8c5212-07e5-48e5-9b64-f713647f5764 admin admin] Calling method '<bound method FlavorsController.detail of <nova.api.openstack.compute.flavors.FlavorsController object at 0x7f17ec102230>>' {{(pid=70082) _process_stack /opt/stack/nova/nova/api/openstack/wsgi.py:556}}
Aug 29 07:48:41.591602 np0000032626 devstack@n-api.service[70082]: INFO nova.api.openstack.requestlog [None req-8a8c5212-07e5-48e5-9b64-f713647f5764 admin admin] 192.168.1.112 "GET /compute/v2.1/flavors/detail?is_public=True" status: 200 len: 2136 microversion: 2.61 time: 0.035352
Aug 29 07:48:41.591887 np0000032626 devstack@n-api.service[70082]: [pid: 70082|app: 0|req: 10/20] 192.168.1.112 () {68 vars in 1429 bytes} [Fri Aug 29 07:48:41 2025] GET /compute/v2.1/flavors/detail?is_public=True => generated 2136 bytes in 36 msecs (HTTP/1.1 200) 9 headers in 360 bytes (1 switches on core 0)
Aug 29 07:48:41.683006 np0000032626 devstack@n-api.service[70081]: DEBUG nova.api.openstack.wsgi [None req-5e45a91c-3595-417d-87e6-79caa97dfbe2 admin admin] Calling method '<bound method VersionsV2.index of <nova.api.openstack.compute.versions.VersionsV2 object at 0x7f17ed7babf0>>' {{(pid=70081) _process_stack /opt/stack/nova/nova/api/openstack/wsgi.py:556}}
Aug 29 07:48:41.685647 np0000032626 devstack@n-api.service[70081]: INFO nova.api.openstack.requestlog [None req-5e45a91c-3595-417d-87e6-79caa97dfbe2 admin admin] 192.168.1.112 "GET /compute/v2.1" status: 200 len: 392 microversion: 2.1 time: 0.002833
Aug 29 07:48:41.685839 np0000032626 devstack@n-api.service[70081]: [pid: 70081|app: 0|req: 11/21] 192.168.1.112 () {62 vars in 1068 bytes} [Fri Aug 29 07:48:41 2025] GET /compute/v2.1 => generated 392 bytes in 3 msecs (HTTP/1.1 200) 9 headers in 357 bytes (1 switches on core 0)
Aug 29 07:48:41.712626 np0000032626 devstack@n-api.service[70082]: DEBUG nova.api.openstack.wsgi [None req-73b92efd-c83a-4a44-9ad9-2a090aa02c9b admin admin] Action: 'create', calling method: <bound method FlavorsController.create of <nova.api.openstack.compute.flavors.FlavorsController object at 0x7f17ec101090>>, body: {"flavor": {"OS-FLV-EXT-DATA:ephemeral": 0, "vcpus": 1, "rxtx_factor": 1.0, "ram": 512, "id": "1", "name": "m1.tiny", "swap": 0, "os-flavor-access:is_public": true, "disk": 1}} {{(pid=70082) _process_stack /opt/stack/nova/nova/api/openstack/wsgi.py:554}}
Aug 29 07:48:41.727811 np0000032626 devstack@n-api.service[70082]: INFO nova.api.openstack.requestlog [None req-73b92efd-c83a-4a44-9ad9-2a090aa02c9b admin admin] 192.168.1.112 "POST /compute/v2.1/flavors" status: 200 len: 408 microversion: 2.61 time: 0.034796
Aug 29 07:48:41.728030 np0000032626 devstack@n-api.service[70082]: [pid: 70082|app: 0|req: 11/22] 192.168.1.112 () {72 vars in 1420 bytes} [Fri Aug 29 07:48:41 2025] POST /compute/v2.1/flavors => generated 408 bytes in 35 msecs (HTTP/1.1 200) 9 headers in 359 bytes (1 switches on core 0)
Aug 29 07:48:41.737457 np0000032626 devstack@n-api.service[70081]: DEBUG nova.api.openstack.wsgi [None req-c8ffd32e-ab02-4de6-bcf2-6ee39165c4ea admin admin] Action: 'create', calling method: <bound method FlavorExtraSpecsController.create of <nova.api.openstack.compute.flavors_extraspecs.FlavorExtraSpecsController object at 0x7f17ec140f10>>, body: {"extra_specs": {"hw_rng:allowed": "True"}} {{(pid=70081) _process_stack /opt/stack/nova/nova/api/openstack/wsgi.py:554}}
Aug 29 07:48:41.754461 np0000032626 devstack@n-api.service[70081]: INFO nova.api.openstack.requestlog [None req-c8ffd32e-ab02-4de6-bcf2-6ee39165c4ea admin admin] 192.168.1.112 "POST /compute/v2.1/flavors/1/os-extra_specs" status: 200 len: 43 microversion: 2.61 time: 0.018739
Aug 29 07:48:41.754811 np0000032626 devstack@n-api.service[70081]: [pid: 70081|app: 0|req: 12/23] 192.168.1.112 () {72 vars in 1470 bytes} [Fri Aug 29 07:48:41 2025] POST /compute/v2.1/flavors/1/os-extra_specs => generated 43 bytes in 19 msecs (HTTP/1.1 200) 9 headers in 358 bytes (1 switches on core 0)
Aug 29 07:48:41.855223 np0000032626 devstack@n-api.service[70082]: DEBUG nova.api.openstack.wsgi [None req-73b92efd-c83a-4a44-9ad9-2a090aa02c9b admin admin] Calling method '<bound method VersionsV2.index of <nova.api.openstack.compute.versions.VersionsV2 object at 0x7f17ee6e9ed0>>' {{(pid=70082) _process_stack /opt/stack/nova/nova/api/openstack/wsgi.py:556}}
Aug 29 07:48:41.857814 np0000032626 devstack@n-api.service[70082]: INFO nova.api.openstack.requestlog [None req-73b92efd-c83a-4a44-9ad9-2a090aa02c9b admin admin] 192.168.1.112 "GET /compute/v2.1" status: 200 len: 392 microversion: 2.1 time: 0.002758
Aug 29 07:48:41.857991 np0000032626 devstack@n-api.service[70082]: [pid: 70082|app: 0|req: 12/24] 192.168.1.112 () {62 vars in 1068 bytes} [Fri Aug 29 07:48:41 2025] GET /compute/v2.1 => generated 392 bytes in 3 msecs (HTTP/1.1 200) 9 headers in 357 bytes (1 switches on core 0)
Aug 29 07:48:41.884120 np0000032626 devstack@n-api.service[70081]: DEBUG nova.api.openstack.wsgi [None req-b0896755-36fe-4a35-a8f5-974113e39d97 admin admin] Action: 'create', calling method: <bound method FlavorsController.create of <nova.api.openstack.compute.flavors.FlavorsController object at 0x7f17ec119ea0>>, body: {"flavor": {"OS-FLV-EXT-DATA:ephemeral": 0, "vcpus": 1, "rxtx_factor": 1.0, "ram": 2048, "id": "2", "name": "m1.small", "swap": 0, "os-flavor-access:is_public": true, "disk": 20}} {{(pid=70081) _process_stack /opt/stack/nova/nova/api/openstack/wsgi.py:554}}
Aug 29 07:48:41.899360 np0000032626 devstack@n-api.service[70081]: INFO nova.api.openstack.requestlog [None req-b0896755-36fe-4a35-a8f5-974113e39d97 admin admin] 192.168.1.112 "POST /compute/v2.1/flavors" status: 200 len: 411 microversion: 2.61 time: 0.034842
Aug 29 07:48:41.899688 np0000032626 devstack@n-api.service[70081]: [pid: 70081|app: 0|req: 13/25] 192.168.1.112 () {72 vars in 1420 bytes} [Fri Aug 29 07:48:41 2025] POST /compute/v2.1/flavors => generated 411 bytes in 35 msecs (HTTP/1.1 200) 9 headers in 359 bytes (1 switches on core 0)
Aug 29 07:48:41.909846 np0000032626 devstack@n-api.service[70082]: DEBUG nova.api.openstack.wsgi [None req-4ad10ea7-536e-4131-9ea2-50c63df8a310 admin admin] Action: 'create', calling method: <bound method FlavorExtraSpecsController.create of <nova.api.openstack.compute.flavors_extraspecs.FlavorExtraSpecsController object at 0x7f17ec12c100>>, body: {"extra_specs": {"hw_rng:allowed": "True"}} {{(pid=70082) _process_stack /opt/stack/nova/nova/api/openstack/wsgi.py:554}}
Aug 29 07:48:41.926152 np0000032626 devstack@n-api.service[70082]: INFO nova.api.openstack.requestlog [None req-4ad10ea7-536e-4131-9ea2-50c63df8a310 admin admin] 192.168.1.112 "POST /compute/v2.1/flavors/2/os-extra_specs" status: 200 len: 43 microversion: 2.61 time: 0.018135
Aug 29 07:48:41.926430 np0000032626 devstack@n-api.service[70082]: [pid: 70082|app: 0|req: 13/26] 192.168.1.112 () {72 vars in 1470 bytes} [Fri Aug 29 07:48:41 2025] POST /compute/v2.1/flavors/2/os-extra_specs => generated 43 bytes in 19 msecs (HTTP/1.1 200) 9 headers in 358 bytes (1 switches on core 0)
Aug 29 07:48:42.020753 np0000032626 devstack@n-api.service[70081]: DEBUG nova.api.openstack.wsgi [None req-b0896755-36fe-4a35-a8f5-974113e39d97 admin admin] Calling method '<bound method VersionsV2.index of <nova.api.openstack.compute.versions.VersionsV2 object at 0x7f17ed7babf0>>' {{(pid=70081) _process_stack /opt/stack/nova/nova/api/openstack/wsgi.py:556}}
Aug 29 07:48:42.023734 np0000032626 devstack@n-api.service[70081]: INFO nova.api.openstack.requestlog [None req-b0896755-36fe-4a35-a8f5-974113e39d97 admin admin] 192.168.1.112 "GET /compute/v2.1" status: 200 len: 392 microversion: 2.1 time: 0.003163
Aug 29 07:48:42.023924 np0000032626 devstack@n-api.service[70081]: [pid: 70081|app: 0|req: 14/27] 192.168.1.112 () {62 vars in 1068 bytes} [Fri Aug 29 07:48:42 2025] GET /compute/v2.1 => generated 392 bytes in 3 msecs (HTTP/1.1 200) 9 headers in 357 bytes (1 switches on core 0)
