Aug 29 07:48:41.145237 np0000032626 systemd[1]: Starting Devstack devstack@g-api.service...
Aug 29 07:48:41.148536 np0000032626 devstack@g-api.service[79446]: [uWSGI] getting INI configuration from /etc/glance/glance-uwsgi.ini
Aug 29 07:48:41.149420 np0000032626 devstack@g-api.service[79446]: *** Starting uWSGI 2.0.20-debian (64bit) on [Fri Aug 29 07:48:41 2025] ***
Aug 29 07:48:41.149420 np0000032626 devstack@g-api.service[79446]: compiled with version: 11.2.0 on 21 March 2022 11:00:44
Aug 29 07:48:41.149420 np0000032626 devstack@g-api.service[79446]: os: Linux-5.15.0-152-generic #162-Ubuntu SMP Wed Jul 23 09:48:42 UTC 2025
Aug 29 07:48:41.149525 np0000032626 devstack@g-api.service[79446]: nodename: np0000032626
Aug 29 07:48:41.149525 np0000032626 devstack@g-api.service[79446]: machine: x86_64
Aug 29 07:48:41.149525 np0000032626 devstack@g-api.service[79446]: clock source: unix
Aug 29 07:48:41.149525 np0000032626 devstack@g-api.service[79446]: pcre jit disabled
Aug 29 07:48:41.149525 np0000032626 devstack@g-api.service[79446]: detected number of CPU cores: 8
Aug 29 07:48:41.149525 np0000032626 devstack@g-api.service[79446]: current working directory: /
Aug 29 07:48:41.149525 np0000032626 devstack@g-api.service[79446]: detected binary path: /usr/bin/uwsgi-core
Aug 29 07:48:41.149525 np0000032626 devstack@g-api.service[79446]: your processes number limit is 47515
Aug 29 07:48:41.149525 np0000032626 devstack@g-api.service[79446]: your memory page size is 4096 bytes
Aug 29 07:48:41.149525 np0000032626 devstack@g-api.service[79446]: detected max file descriptor number: 2048
Aug 29 07:48:41.149525 np0000032626 devstack@g-api.service[79446]: lock engine: pthread robust mutexes
Aug 29 07:48:41.149525 np0000032626 devstack@g-api.service[79446]: thunder lock: enabled
Aug 29 07:48:41.150119 np0000032626 devstack@g-api.service[79446]: uwsgi socket 0 bound to TCP address 127.0.0.1:60999 fd 4
Aug 29 07:48:41.150119 np0000032626 devstack@g-api.service[79446]: Python version: 3.10.12 (main, Aug 15 2025, 14:32:43) [GCC 11.4.0]
Aug 29 07:48:41.150119 np0000032626 devstack@g-api.service[79446]: PEP 405 virtualenv detected: /opt/stack/data/venv
Aug 29 07:48:41.150119 np0000032626 devstack@g-api.service[79446]: Set PythonHome to /opt/stack/data/venv
Aug 29 07:48:41.176859 np0000032626 devstack@g-api.service[79446]: Python main interpreter initialized at 0x56194510e290
Aug 29 07:48:41.176859 np0000032626 devstack@g-api.service[79446]: python threads support enabled
Aug 29 07:48:41.176859 np0000032626 devstack@g-api.service[79446]: your server socket listen backlog is limited to 100 connections
Aug 29 07:48:41.176859 np0000032626 devstack@g-api.service[79446]: your mercy for graceful operations on workers is 80 seconds
Aug 29 07:48:41.177091 np0000032626 devstack@g-api.service[79446]: mapped 403077 bytes (393 KB) for 2 cores
Aug 29 07:48:41.177091 np0000032626 devstack@g-api.service[79446]: *** Operational MODE: preforking ***
Aug 29 07:48:41.177198 np0000032626 devstack@g-api.service[79446]: *** uWSGI is running in multiple interpreter mode ***
Aug 29 07:48:41.177198 np0000032626 devstack@g-api.service[79446]: spawned uWSGI master process (pid: 79446)
Aug 29 07:48:41.177292 np0000032626 systemd[1]: Started Devstack devstack@g-api.service.
Aug 29 07:48:41.177488 np0000032626 devstack@g-api.service[79446]: spawned uWSGI worker 1 (pid: 79447, cores: 1)
Aug 29 07:48:41.183960 np0000032626 devstack@g-api.service[79446]: spawned uWSGI worker 2 (pid: 79448, cores: 1)
Aug 29 07:48:41.183960 np0000032626 devstack@g-api.service[79446]: running "unix_signal:15 gracefully_kill_them_all" (master-start)...
Aug 29 07:48:41.824884 np0000032626 devstack@g-api.service[79448]: INFO glance.async_ [-] Threadpool model set to 'NativeThreadPoolModel'
Aug 29 07:48:41.840186 np0000032626 devstack@g-api.service[79447]: INFO glance.async_ [-] Threadpool model set to 'NativeThreadPoolModel'
Aug 29 07:48:41.877521 np0000032626 devstack@g-api.service[79448]: DEBUG oslo_concurrency.processutils [-] Running cmd (subprocess): grep -F node.session.scan /sbin/iscsiadm {{(pid=79448) execute /opt/stack/data/venv/lib/python3.10/site-packages/oslo_concurrency/processutils.py:349}}
Aug 29 07:48:41.882443 np0000032626 devstack@g-api.service[79448]: DEBUG oslo_concurrency.processutils [-] CMD "grep -F node.session.scan /sbin/iscsiadm" returned: 0 in 0.005s {{(pid=79448) execute /opt/stack/data/venv/lib/python3.10/site-packages/oslo_concurrency/processutils.py:372}}
Aug 29 07:48:41.889999 np0000032626 devstack@g-api.service[79447]: DEBUG oslo_concurrency.processutils [-] Running cmd (subprocess): grep -F node.session.scan /sbin/iscsiadm {{(pid=79447) execute /opt/stack/data/venv/lib/python3.10/site-packages/oslo_concurrency/processutils.py:349}}
Aug 29 07:48:41.894491 np0000032626 devstack@g-api.service[79447]: DEBUG oslo_concurrency.processutils [-] CMD "grep -F node.session.scan /sbin/iscsiadm" returned: 0 in 0.005s {{(pid=79447) execute /opt/stack/data/venv/lib/python3.10/site-packages/oslo_concurrency/processutils.py:372}}
Aug 29 07:48:41.925996 np0000032626 devstack@g-api.service[79448]: DEBUG glance_store.common.attachment_state_manager [-] Initialising _AttachmentStateManager {{(pid=79448) __init__ /opt/stack/data/venv/lib/python3.10/site-packages/glance_store/common/attachment_state_manager.py:86}}
Aug 29 07:48:41.937393 np0000032626 devstack@g-api.service[79447]: DEBUG glance_store.common.attachment_state_manager [-] Initialising _AttachmentStateManager {{(pid=79447) __init__ /opt/stack/data/venv/lib/python3.10/site-packages/glance_store/common/attachment_state_manager.py:86}}
Aug 29 07:48:42.011502 np0000032626 devstack@g-api.service[79448]: DEBUG glance_store.backend [-] Attempting to import store cinder {{(pid=79448) _load_store /opt/stack/data/venv/lib/python3.10/site-packages/glance_store/backend.py:216}}
Aug 29 07:48:42.011768 np0000032626 devstack@g-api.service[79448]: DEBUG glance_store.backend [-] Attempting to import store file {{(pid=79448) _load_store /opt/stack/data/venv/lib/python3.10/site-packages/glance_store/backend.py:216}}
Aug 29 07:48:42.011923 np0000032626 devstack@g-api.service[79448]: DEBUG glance_store.backend [-] Attempting to import store glance.store.cinder.Store {{(pid=79448) _load_store /opt/stack/data/venv/lib/python3.10/site-packages/glance_store/backend.py:216}}
Aug 29 07:48:42.012066 np0000032626 devstack@g-api.service[79448]: DEBUG glance_store.backend [-] Attempting to import store glance.store.filesystem.Store {{(pid=79448) _load_store /opt/stack/data/venv/lib/python3.10/site-packages/glance_store/backend.py:216}}
Aug 29 07:48:42.012201 np0000032626 devstack@g-api.service[79448]: DEBUG glance_store.backend [-] Attempting to import store glance.store.http.Store {{(pid=79448) _load_store /opt/stack/data/venv/lib/python3.10/site-packages/glance_store/backend.py:216}}
Aug 29 07:48:42.012329 np0000032626 devstack@g-api.service[79448]: DEBUG glance_store.backend [-] Attempting to import store glance.store.rbd.Store {{(pid=79448) _load_store /opt/stack/data/venv/lib/python3.10/site-packages/glance_store/backend.py:216}}
Aug 29 07:48:42.012456 np0000032626 devstack@g-api.service[79448]: DEBUG glance_store.backend [-] Attempting to import store glance.store.s3.Store {{(pid=79448) _load_store /opt/stack/data/venv/lib/python3.10/site-packages/glance_store/backend.py:216}}
Aug 29 07:48:42.012585 np0000032626 devstack@g-api.service[79448]: DEBUG glance_store.backend [-] Attempting to import store glance.store.swift.Store {{(pid=79448) _load_store /opt/stack/data/venv/lib/python3.10/site-packages/glance_store/backend.py:216}}
Aug 29 07:48:42.012710 np0000032626 devstack@g-api.service[79448]: DEBUG glance_store.backend [-] Attempting to import store glance.store.vmware_datastore.Store {{(pid=79448) _load_store /opt/stack/data/venv/lib/python3.10/site-packages/glance_store/backend.py:216}}
Aug 29 07:48:42.012849 np0000032626 devstack@g-api.service[79447]: DEBUG glance_store.backend [-] Attempting to import store cinder {{(pid=79447) _load_store /opt/stack/data/venv/lib/python3.10/site-packages/glance_store/backend.py:216}}
Aug 29 07:48:42.012902 np0000032626 devstack@g-api.service[79448]: DEBUG glance_store.backend [-] Attempting to import store http {{(pid=79448) _load_store /opt/stack/data/venv/lib/python3.10/site-packages/glance_store/backend.py:216}}
Aug 29 07:48:42.012977 np0000032626 devstack@g-api.service[79447]: DEBUG glance_store.backend [-] Attempting to import store file {{(pid=79447) _load_store /opt/stack/data/venv/lib/python3.10/site-packages/glance_store/backend.py:216}}
Aug 29 07:48:42.013076 np0000032626 devstack@g-api.service[79447]: DEBUG glance_store.backend [-] Attempting to import store glance.store.cinder.Store {{(pid=79447) _load_store /opt/stack/data/venv/lib/python3.10/site-packages/glance_store/backend.py:216}}
Aug 29 07:48:42.013150 np0000032626 devstack@g-api.service[79447]: DEBUG glance_store.backend [-] Attempting to import store glance.store.filesystem.Store {{(pid=79447) _load_store /opt/stack/data/venv/lib/python3.10/site-packages/glance_store/backend.py:216}}
Aug 29 07:48:42.013184 np0000032626 devstack@g-api.service[79448]: DEBUG glance_store.backend [-] Attempting to import store no_conf {{(pid=79448) _load_store /opt/stack/data/venv/lib/python3.10/site-packages/glance_store/backend.py:216}}
Aug 29 07:48:42.013226 np0000032626 devstack@g-api.service[79447]: DEBUG glance_store.backend [-] Attempting to import store glance.store.http.Store {{(pid=79447) _load_store /opt/stack/data/venv/lib/python3.10/site-packages/glance_store/backend.py:216}}
Aug 29 07:48:42.013305 np0000032626 devstack@g-api.service[79447]: DEBUG glance_store.backend [-] Attempting to import store glance.store.rbd.Store {{(pid=79447) _load_store /opt/stack/data/venv/lib/python3.10/site-packages/glance_store/backend.py:216}}
Aug 29 07:48:42.013384 np0000032626 devstack@g-api.service[79447]: DEBUG glance_store.backend [-] Attempting to import store glance.store.s3.Store {{(pid=79447) _load_store /opt/stack/data/venv/lib/python3.10/site-packages/glance_store/backend.py:216}}
Aug 29 07:48:42.013427 np0000032626 devstack@g-api.service[79448]: DEBUG glance_store.backend [-] Attempting to import store rbd {{(pid=79448) _load_store /opt/stack/data/venv/lib/python3.10/site-packages/glance_store/backend.py:216}}
Aug 29 07:48:42.013458 np0000032626 devstack@g-api.service[79447]: DEBUG glance_store.backend [-] Attempting to import store glance.store.swift.Store {{(pid=79447) _load_store /opt/stack/data/venv/lib/python3.10/site-packages/glance_store/backend.py:216}}
Aug 29 07:48:42.013537 np0000032626 devstack@g-api.service[79447]: DEBUG glance_store.backend [-] Attempting to import store glance.store.vmware_datastore.Store {{(pid=79447) _load_store /opt/stack/data/venv/lib/python3.10/site-packages/glance_store/backend.py:216}}
Aug 29 07:48:42.013615 np0000032626 devstack@g-api.service[79447]: DEBUG glance_store.backend [-] Attempting to import store http {{(pid=79447) _load_store /opt/stack/data/venv/lib/python3.10/site-packages/glance_store/backend.py:216}}
Aug 29 07:48:42.013657 np0000032626 devstack@g-api.service[79448]: DEBUG glance_store.backend [-] Attempting to import store s3 {{(pid=79448) _load_store /opt/stack/data/venv/lib/python3.10/site-packages/glance_store/backend.py:216}}
Aug 29 07:48:42.013691 np0000032626 devstack@g-api.service[79447]: DEBUG glance_store.backend [-] Attempting to import store no_conf {{(pid=79447) _load_store /opt/stack/data/venv/lib/python3.10/site-packages/glance_store/backend.py:216}}
Aug 29 07:48:42.013776 np0000032626 devstack@g-api.service[79447]: DEBUG glance_store.backend [-] Attempting to import store rbd {{(pid=79447) _load_store /opt/stack/data/venv/lib/python3.10/site-packages/glance_store/backend.py:216}}
Aug 29 07:48:42.013852 np0000032626 devstack@g-api.service[79447]: DEBUG glance_store.backend [-] Attempting to import store s3 {{(pid=79447) _load_store /opt/stack/data/venv/lib/python3.10/site-packages/glance_store/backend.py:216}}
Aug 29 07:48:42.013895 np0000032626 devstack@g-api.service[79448]: DEBUG glance_store.backend [-] Attempting to import store swift {{(pid=79448) _load_store /opt/stack/data/venv/lib/python3.10/site-packages/glance_store/backend.py:216}}
Aug 29 07:48:42.013928 np0000032626 devstack@g-api.service[79447]: DEBUG glance_store.backend [-] Attempting to import store swift {{(pid=79447) _load_store /opt/stack/data/venv/lib/python3.10/site-packages/glance_store/backend.py:216}}
Aug 29 07:48:42.014004 np0000032626 devstack@g-api.service[79447]: DEBUG glance_store.backend [-] Attempting to import store vmware {{(pid=79447) _load_store /opt/stack/data/venv/lib/python3.10/site-packages/glance_store/backend.py:216}}
Aug 29 07:48:42.014089 np0000032626 devstack@g-api.service[79447]: DEBUG glance_store.backend [-] Registering options for group glance_store {{(pid=79447) register_opts /opt/stack/data/venv/lib/python3.10/site-packages/glance_store/backend.py:145}}
Aug 29 07:48:42.014119 np0000032626 devstack@g-api.service[79448]: DEBUG glance_store.backend [-] Attempting to import store vmware {{(pid=79448) _load_store /opt/stack/data/venv/lib/python3.10/site-packages/glance_store/backend.py:216}}
Aug 29 07:48:42.014290 np0000032626 devstack@g-api.service[79447]: DEBUG glance_store.backend [-] Registering options for group glance_store {{(pid=79447) register_opts /opt/stack/data/venv/lib/python3.10/site-packages/glance_store/backend.py:145}}
Aug 29 07:48:42.014359 np0000032626 devstack@g-api.service[79448]: DEBUG glance_store.backend [-] Registering options for group glance_store {{(pid=79448) register_opts /opt/stack/data/venv/lib/python3.10/site-packages/glance_store/backend.py:145}}
Aug 29 07:48:42.014582 np0000032626 devstack@g-api.service[79448]: DEBUG glance_store.backend [-] Registering options for group glance_store {{(pid=79448) register_opts /opt/stack/data/venv/lib/python3.10/site-packages/glance_store/backend.py:145}}
Aug 29 07:48:42.014695 np0000032626 devstack@g-api.service[79447]: DEBUG glance_store.backend [-] Attempting to import store http {{(pid=79447) _load_store /opt/stack/data/venv/lib/python3.10/site-packages/glance_store/backend.py:216}}
Aug 29 07:48:42.014880 np0000032626 devstack@g-api.service[79447]: DEBUG glance_store.capabilities [-] Store glance_store._drivers.http.Store doesn't support updating dynamic storage capabilities. Please overwrite 'update_capabilities' method of the store to implement updating logics if needed. {{(pid=79447) update_capabilities /opt/stack/data/venv/lib/python3.10/site-packages/glance_store/capabilities.py:91}}
Aug 29 07:48:42.014928 np0000032626 devstack@g-api.service[79447]: DEBUG glance_store.backend [-] Registering store http with schemes ('http', 'https') {{(pid=79447) create_stores /opt/stack/data/venv/lib/python3.10/site-packages/glance_store/backend.py:262}}
Aug 29 07:48:42.014976 np0000032626 devstack@g-api.service[79447]: DEBUG glance_store.driver [-] Late loading location class glance_store._drivers.http.StoreLocation {{(pid=79447) get_store_location_class /opt/stack/data/venv/lib/python3.10/site-packages/glance_store/driver.py:133}}
Aug 29 07:48:42.015031 np0000032626 devstack@g-api.service[79447]: DEBUG glance_store.location [-] Registering scheme http with {'store': <glance_store._drivers.http.Store object at 0x7feb382bb610>, 'location_class': <class 'glance_store._drivers.http.StoreLocation'>, 'store_entry': 'http'} {{(pid=79447) register_scheme_map /opt/stack/data/venv/lib/python3.10/site-packages/glance_store/location.py:146}}
Aug 29 07:48:42.015074 np0000032626 devstack@g-api.service[79447]: DEBUG glance_store.location [-] Registering scheme https with {'store': <glance_store._drivers.http.Store object at 0x7feb382bb610>, 'location_class': <class 'glance_store._drivers.http.StoreLocation'>, 'store_entry': 'http'} {{(pid=79447) register_scheme_map /opt/stack/data/venv/lib/python3.10/site-packages/glance_store/location.py:146}}
Aug 29 07:48:42.015119 np0000032626 devstack@g-api.service[79447]: DEBUG glance_store.backend [-] Attempting to import store file {{(pid=79447) _load_store /opt/stack/data/venv/lib/python3.10/site-packages/glance_store/backend.py:216}}
Aug 29 07:48:42.015394 np0000032626 devstack@g-api.service[79448]: DEBUG glance_store.backend [-] Attempting to import store http {{(pid=79448) _load_store /opt/stack/data/venv/lib/python3.10/site-packages/glance_store/backend.py:216}}
Aug 29 07:48:42.015438 np0000032626 devstack@g-api.service[79447]: DEBUG glance_store.capabilities [-] Store glance_store._drivers.filesystem.Store doesn't support updating dynamic storage capabilities. Please overwrite 'update_capabilities' method of the store to implement updating logics if needed. {{(pid=79447) update_capabilities /opt/stack/data/venv/lib/python3.10/site-packages/glance_store/capabilities.py:91}}
Aug 29 07:48:42.015470 np0000032626 devstack@g-api.service[79447]: DEBUG glance_store.backend [-] Registering store file with schemes ('file', 'filesystem') {{(pid=79447) create_stores /opt/stack/data/venv/lib/python3.10/site-packages/glance_store/backend.py:262}}
Aug 29 07:48:42.015502 np0000032626 devstack@g-api.service[79447]: DEBUG glance_store.driver [-] Late loading location class glance_store._drivers.filesystem.StoreLocation {{(pid=79447) get_store_location_class /opt/stack/data/venv/lib/python3.10/site-packages/glance_store/driver.py:133}}
Aug 29 07:48:42.015551 np0000032626 devstack@g-api.service[79447]: DEBUG glance_store.location [-] Registering scheme file with {'store': <glance_store._drivers.filesystem.Store object at 0x7feb382bb400>, 'location_class': <class 'glance_store._drivers.filesystem.StoreLocation'>, 'store_entry': 'file'} {{(pid=79447) register_scheme_map /opt/stack/data/venv/lib/python3.10/site-packages/glance_store/location.py:146}}
Aug 29 07:48:42.015593 np0000032626 devstack@g-api.service[79447]: DEBUG glance_store.location [-] Registering scheme filesystem with {'store': <glance_store._drivers.filesystem.Store object at 0x7feb382bb400>, 'location_class': <class 'glance_store._drivers.filesystem.StoreLocation'>, 'store_entry': 'file'} {{(pid=79447) register_scheme_map /opt/stack/data/venv/lib/python3.10/site-packages/glance_store/location.py:146}}
Aug 29 07:48:42.015825 np0000032626 devstack@g-api.service[79448]: DEBUG glance_store.capabilities [-] Store glance_store._drivers.http.Store doesn't support updating dynamic storage capabilities. Please overwrite 'update_capabilities' method of the store to implement updating logics if needed. {{(pid=79448) update_capabilities /opt/stack/data/venv/lib/python3.10/site-packages/glance_store/capabilities.py:91}}
Aug 29 07:48:42.015867 np0000032626 devstack@g-api.service[79447]: DEBUG glance.sqlite_migration [-] SQLite caching database not located, skipping migration {{(pid=79447) get_db_path /opt/stack/glance/glance/sqlite_migration.py:68}}
Aug 29 07:48:42.015964 np0000032626 devstack@g-api.service[79448]: DEBUG glance_store.backend [-] Registering store http with schemes ('http', 'https') {{(pid=79448) create_stores /opt/stack/data/venv/lib/python3.10/site-packages/glance_store/backend.py:262}}
Aug 29 07:48:42.015995 np0000032626 devstack@g-api.service[79447]: WARNING glance.common.wsgi_app [-] Import methods are enabled but staging directory /tmp/staging/ does not exist; Imports will fail!
Aug 29 07:48:42.016082 np0000032626 devstack@g-api.service[79448]: DEBUG glance_store.driver [-] Late loading location class glance_store._drivers.http.StoreLocation {{(pid=79448) get_store_location_class /opt/stack/data/venv/lib/python3.10/site-packages/glance_store/driver.py:133}}
Aug 29 07:48:42.016186 np0000032626 devstack@g-api.service[79448]: DEBUG glance_store.location [-] Registering scheme http with {'store': <glance_store._drivers.http.Store object at 0x7feb382babf0>, 'location_class': <class 'glance_store._drivers.http.StoreLocation'>, 'store_entry': 'http'} {{(pid=79448) register_scheme_map /opt/stack/data/venv/lib/python3.10/site-packages/glance_store/location.py:146}}
Aug 29 07:48:42.016313 np0000032626 devstack@g-api.service[79448]: DEBUG glance_store.location [-] Registering scheme https with {'store': <glance_store._drivers.http.Store object at 0x7feb382babf0>, 'location_class': <class 'glance_store._drivers.http.StoreLocation'>, 'store_entry': 'http'} {{(pid=79448) register_scheme_map /opt/stack/data/venv/lib/python3.10/site-packages/glance_store/location.py:146}}
Aug 29 07:48:42.016449 np0000032626 devstack@g-api.service[79448]: DEBUG glance_store.backend [-] Attempting to import store file {{(pid=79448) _load_store /opt/stack/data/venv/lib/python3.10/site-packages/glance_store/backend.py:216}}
Aug 29 07:48:42.016851 np0000032626 devstack@g-api.service[79448]: DEBUG glance_store.capabilities [-] Store glance_store._drivers.filesystem.Store doesn't support updating dynamic storage capabilities. Please overwrite 'update_capabilities' method of the store to implement updating logics if needed. {{(pid=79448) update_capabilities /opt/stack/data/venv/lib/python3.10/site-packages/glance_store/capabilities.py:91}}
Aug 29 07:48:42.016961 np0000032626 devstack@g-api.service[79448]: DEBUG glance_store.backend [-] Registering store file with schemes ('file', 'filesystem') {{(pid=79448) create_stores /opt/stack/data/venv/lib/python3.10/site-packages/glance_store/backend.py:262}}
Aug 29 07:48:42.017050 np0000032626 devstack@g-api.service[79448]: DEBUG glance_store.driver [-] Late loading location class glance_store._drivers.filesystem.StoreLocation {{(pid=79448) get_store_location_class /opt/stack/data/venv/lib/python3.10/site-packages/glance_store/driver.py:133}}
Aug 29 07:48:42.017154 np0000032626 devstack@g-api.service[79448]: DEBUG glance_store.location [-] Registering scheme file with {'store': <glance_store._drivers.filesystem.Store object at 0x7feb382b9480>, 'location_class': <class 'glance_store._drivers.filesystem.StoreLocation'>, 'store_entry': 'file'} {{(pid=79448) register_scheme_map /opt/stack/data/venv/lib/python3.10/site-packages/glance_store/location.py:146}}
Aug 29 07:48:42.017239 np0000032626 devstack@g-api.service[79448]: DEBUG glance_store.location [-] Registering scheme filesystem with {'store': <glance_store._drivers.filesystem.Store object at 0x7feb382b9480>, 'location_class': <class 'glance_store._drivers.filesystem.StoreLocation'>, 'store_entry': 'file'} {{(pid=79448) register_scheme_map /opt/stack/data/venv/lib/python3.10/site-packages/glance_store/location.py:146}}
Aug 29 07:48:42.017528 np0000032626 devstack@g-api.service[79448]: DEBUG glance.sqlite_migration [-] SQLite caching database not located, skipping migration {{(pid=79448) get_db_path /opt/stack/glance/glance/sqlite_migration.py:68}}
Aug 29 07:48:42.017743 np0000032626 devstack@g-api.service[79448]: WARNING glance.common.wsgi_app [-] Import methods are enabled but staging directory /tmp/staging/ does not exist; Imports will fail!
Aug 29 07:48:42.226889 np0000032626 devstack@g-api.service[79447]: DEBUG glance.common.config [None req-8f631353-3437-4c7a-9319-34dadadbe965 None None] Loading glance-api-keystone+cachemanagement from /etc/glance/glance-api-paste.ini {{(pid=79447) load_paste_app /opt/stack/glance/glance/common/config.py:750}}
Aug 29 07:48:42.234129 np0000032626 devstack@g-api.service[79448]: DEBUG glance.common.config [None req-60e05557-1f58-4dd7-932c-52ffe27546b5 None None] Loading glance-api-keystone+cachemanagement from /etc/glance/glance-api-paste.ini {{(pid=79448) load_paste_app /opt/stack/glance/glance/common/config.py:750}}
Aug 29 07:48:42.693966 np0000032626 devstack@g-api.service[79447]: INFO glance.image_cache [None req-8f631353-3437-4c7a-9319-34dadadbe965 None None] Image cache loaded driver 'centralized_db'.
Aug 29 07:48:42.699982 np0000032626 devstack@g-api.service[79448]: INFO glance.image_cache [None req-60e05557-1f58-4dd7-932c-52ffe27546b5 None None] Image cache loaded driver 'centralized_db'.
Aug 29 07:48:42.719793 np0000032626 devstack@g-api.service[79447]: INFO dbcounter [None req-8f631353-3437-4c7a-9319-34dadadbe965 None None] Registered counter for database glance
Aug 29 07:48:42.726802 np0000032626 devstack@g-api.service[79448]: INFO dbcounter [None req-60e05557-1f58-4dd7-932c-52ffe27546b5 None None] Registered counter for database glance
Aug 29 07:48:42.728857 np0000032626 devstack@g-api.service[79447]: DEBUG oslo_db.sqlalchemy.engines [None req-8f631353-3437-4c7a-9319-34dadadbe965 None None] MySQL server mode set to STRICT_TRANS_TABLES,STRICT_ALL_TABLES,NO_ZERO_IN_DATE,NO_ZERO_DATE,ERROR_FOR_DIVISION_BY_ZERO,TRADITIONAL,NO_ENGINE_SUBSTITUTION {{(pid=79447) _check_effective_sql_mode /opt/stack/data/venv/lib/python3.10/site-packages/oslo_db/sqlalchemy/engines.py:397}}
Aug 29 07:48:42.735143 np0000032626 devstack@g-api.service[79448]: DEBUG oslo_db.sqlalchemy.engines [None req-60e05557-1f58-4dd7-932c-52ffe27546b5 None None] MySQL server mode set to STRICT_TRANS_TABLES,STRICT_ALL_TABLES,NO_ZERO_IN_DATE,NO_ZERO_DATE,ERROR_FOR_DIVISION_BY_ZERO,TRADITIONAL,NO_ENGINE_SUBSTITUTION {{(pid=79448) _check_effective_sql_mode /opt/stack/data/venv/lib/python3.10/site-packages/oslo_db/sqlalchemy/engines.py:397}}
Aug 29 07:48:42.747008 np0000032626 devstack@g-api.service[79447]: DEBUG dbcounter [-] [79447] Writer thread running {{(pid=79447) stat_writer /opt/stack/data/venv/lib/python3.10/site-packages/dbcounter.py:102}}
Aug 29 07:48:42.753685 np0000032626 devstack@g-api.service[79448]: DEBUG dbcounter [-] [79448] Writer thread running {{(pid=79448) stat_writer /opt/stack/data/venv/lib/python3.10/site-packages/dbcounter.py:102}}
Aug 29 07:48:42.755708 np0000032626 devstack@g-api.service[79448]: DEBUG glance.image_cache.drivers.centralized_db [None req-60e05557-1f58-4dd7-932c-52ffe27546b5 None None] Node reference is already recorded, ignoring it {{(pid=79448) configure /opt/stack/glance/glance/image_cache/drivers/centralized_db.py:71}}
Aug 29 07:48:42.761372 np0000032626 devstack@g-api.service[79448]: INFO glance.image_cache [None req-60e05557-1f58-4dd7-932c-52ffe27546b5 None None] Image cache loaded driver 'centralized_db'.
Aug 29 07:48:42.761661 np0000032626 devstack@g-api.service[79447]: INFO glance.image_cache [None req-8f631353-3437-4c7a-9319-34dadadbe965 None None] Image cache loaded driver 'centralized_db'.
Aug 29 07:48:42.767454 np0000032626 devstack@g-api.service[79448]: DEBUG glance.image_cache.drivers.centralized_db [None req-60e05557-1f58-4dd7-932c-52ffe27546b5 None None] Node reference is already recorded, ignoring it {{(pid=79448) configure /opt/stack/glance/glance/image_cache/drivers/centralized_db.py:71}}
Aug 29 07:48:42.770081 np0000032626 devstack@g-api.service[79447]: DEBUG glance.image_cache.drivers.centralized_db [None req-8f631353-3437-4c7a-9319-34dadadbe965 None None] Node reference is already recorded, ignoring it {{(pid=79447) configure /opt/stack/glance/glance/image_cache/drivers/centralized_db.py:71}}
Aug 29 07:48:42.771853 np0000032626 devstack@g-api.service[79448]: DEBUG glance.api.v2.cached_images [None req-60e05557-1f58-4dd7-932c-52ffe27546b5 None None] Started cache worker thread {{(pid=79448) __init__ /opt/stack/glance/glance/api/v2/cached_images.py:69}}
Aug 29 07:48:42.772424 np0000032626 devstack@g-api.service[79448]: INFO glance.image_cache [None req-60e05557-1f58-4dd7-932c-52ffe27546b5 None None] Image cache loaded driver 'centralized_db'.
Aug 29 07:48:42.778603 np0000032626 devstack@g-api.service[79448]: DEBUG glance.image_cache.drivers.centralized_db [None req-60e05557-1f58-4dd7-932c-52ffe27546b5 None None] Node reference is already recorded, ignoring it {{(pid=79448) configure /opt/stack/glance/glance/image_cache/drivers/centralized_db.py:71}}
Aug 29 07:48:42.778893 np0000032626 devstack@g-api.service[79447]: DEBUG glance.api.v2.cached_images [None req-8f631353-3437-4c7a-9319-34dadadbe965 None None] Started cache worker thread {{(pid=79447) __init__ /opt/stack/glance/glance/api/v2/cached_images.py:69}}
Aug 29 07:48:42.779038 np0000032626 devstack@g-api.service[79447]: INFO glance.image_cache [None req-8f631353-3437-4c7a-9319-34dadadbe965 None None] Image cache loaded driver 'centralized_db'.
Aug 29 07:48:42.783618 np0000032626 devstack@g-api.service[79448]: INFO glance.api.middleware.cache_manage [None req-60e05557-1f58-4dd7-932c-52ffe27546b5 None None] Initialized image cache management middleware
Aug 29 07:48:42.783755 np0000032626 devstack@g-api.service[79448]: INFO glance.image_cache [None req-60e05557-1f58-4dd7-932c-52ffe27546b5 None None] Image cache loaded driver 'centralized_db'.
Aug 29 07:48:42.785431 np0000032626 devstack@g-api.service[79447]: DEBUG glance.image_cache.drivers.centralized_db [None req-8f631353-3437-4c7a-9319-34dadadbe965 None None] Node reference is already recorded, ignoring it {{(pid=79447) configure /opt/stack/glance/glance/image_cache/drivers/centralized_db.py:71}}
Aug 29 07:48:42.789656 np0000032626 devstack@g-api.service[79448]: DEBUG glance.image_cache.drivers.centralized_db [None req-60e05557-1f58-4dd7-932c-52ffe27546b5 None None] Node reference is already recorded, ignoring it {{(pid=79448) configure /opt/stack/glance/glance/image_cache/drivers/centralized_db.py:71}}
Aug 29 07:48:42.791062 np0000032626 devstack@g-api.service[79447]: INFO glance.api.middleware.cache_manage [None req-8f631353-3437-4c7a-9319-34dadadbe965 None None] Initialized image cache management middleware
Aug 29 07:48:42.791209 np0000032626 devstack@g-api.service[79447]: INFO glance.image_cache [None req-8f631353-3437-4c7a-9319-34dadadbe965 None None] Image cache loaded driver 'centralized_db'.
Aug 29 07:48:42.793215 np0000032626 devstack@g-api.service[79448]: INFO glance.api.middleware.cache [None req-60e05557-1f58-4dd7-932c-52ffe27546b5 None None] Initialized image cache middleware
Aug 29 07:48:42.797413 np0000032626 devstack@g-api.service[79447]: DEBUG glance.image_cache.drivers.centralized_db [None req-8f631353-3437-4c7a-9319-34dadadbe965 None None] Node reference is already recorded, ignoring it {{(pid=79447) configure /opt/stack/glance/glance/image_cache/drivers/centralized_db.py:71}}
Aug 29 07:48:42.798208 np0000032626 devstack@g-api.service[79448]: WARNING keystonemiddleware.auth_token [None req-60e05557-1f58-4dd7-932c-52ffe27546b5 None None] AuthToken middleware is set with keystone_authtoken.service_token_roles_required set to False. This is backwards compatible but deprecated behaviour. Please set this to True.
Aug 29 07:48:42.800861 np0000032626 devstack@g-api.service[79447]: INFO glance.api.middleware.cache [None req-8f631353-3437-4c7a-9319-34dadadbe965 None None] Initialized image cache middleware
Aug 29 07:48:42.801339 np0000032626 devstack@g-api.service[79448]: WARNING keystonemiddleware.auth_token [None req-60e05557-1f58-4dd7-932c-52ffe27546b5 None None] Configuring www_authenticate_uri to point to the public identity endpoint is required; clients may not be able to authenticate against an admin endpoint
Aug 29 07:48:42.804173 np0000032626 devstack@g-api.service[79448]: DEBUG glance.common.config [None req-60e05557-1f58-4dd7-932c-52ffe27546b5 None None] ******************************************************************************** {{(pid=79448) log_opt_values /opt/stack/data/venv/lib/python3.10/site-packages/oslo_config/cfg.py:2804}}
Aug 29 07:48:42.804248 np0000032626 devstack@g-api.service[79448]: DEBUG glance.common.config [None req-60e05557-1f58-4dd7-932c-52ffe27546b5 None None] Configuration options gathered from: {{(pid=79448) log_opt_values /opt/stack/data/venv/lib/python3.10/site-packages/oslo_config/cfg.py:2805}}
Aug 29 07:48:42.804589 np0000032626 devstack@g-api.service[79448]: DEBUG glance.common.config [None req-60e05557-1f58-4dd7-932c-52ffe27546b5 None None] command line args: [] {{(pid=79448) log_opt_values /opt/stack/data/venv/lib/python3.10/site-packages/oslo_config/cfg.py:2806}}
Aug 29 07:48:42.804710 np0000032626 devstack@g-api.service[79448]: DEBUG glance.common.config [None req-60e05557-1f58-4dd7-932c-52ffe27546b5 None None] config files: ['/etc/glance/glance-image-import.conf', '/etc/glance/glance-api.conf'] {{(pid=79448) log_opt_values /opt/stack/data/venv/lib/python3.10/site-packages/oslo_config/cfg.py:2807}}
Aug 29 07:48:42.804785 np0000032626 devstack@g-api.service[79448]: DEBUG glance.common.config [None req-60e05557-1f58-4dd7-932c-52ffe27546b5 None None] ================================================================================ {{(pid=79448) log_opt_values /opt/stack/data/venv/lib/python3.10/site-packages/oslo_config/cfg.py:2809}}
Aug 29 07:48:42.804893 np0000032626 devstack@g-api.service[79448]: DEBUG glance.common.config [None req-60e05557-1f58-4dd7-932c-52ffe27546b5 None None] allow_anonymous_access         = False {{(pid=79448) log_opt_values /opt/stack/data/venv/lib/python3.10/site-packages/oslo_config/cfg.py:2817}}
Aug 29 07:48:42.804982 np0000032626 devstack@g-api.service[79448]: DEBUG glance.common.config [None req-60e05557-1f58-4dd7-932c-52ffe27546b5 None None] api_limit_max                  = 1000 {{(pid=79448) log_opt_values /opt/stack/data/venv/lib/python3.10/site-packages/oslo_config/cfg.py:2817}}
Aug 29 07:48:42.805073 np0000032626 devstack@g-api.service[79448]: DEBUG glance.common.config [None req-60e05557-1f58-4dd7-932c-52ffe27546b5 None None] backlog                        = 4096 {{(pid=79448) log_opt_values /opt/stack/data/venv/lib/python3.10/site-packages/oslo_config/cfg.py:2817}}
Aug 29 07:48:42.805191 np0000032626 devstack@g-api.service[79448]: DEBUG glance.common.config [None req-60e05557-1f58-4dd7-932c-52ffe27546b5 None None] bind_host                      = 0.0.0.0 {{(pid=79448) log_opt_values /opt/stack/data/venv/lib/python3.10/site-packages/oslo_config/cfg.py:2817}}
Aug 29 07:48:42.805287 np0000032626 devstack@g-api.service[79448]: DEBUG glance.common.config [None req-60e05557-1f58-4dd7-932c-52ffe27546b5 None None] bind_port                      = 19292 {{(pid=79448) log_opt_values /opt/stack/data/venv/lib/python3.10/site-packages/oslo_config/cfg.py:2817}}
Aug 29 07:48:42.805373 np0000032626 devstack@g-api.service[79448]: DEBUG glance.common.config [None req-60e05557-1f58-4dd7-932c-52ffe27546b5 None None] client_socket_timeout          = 900 {{(pid=79448) log_opt_values /opt/stack/data/venv/lib/python3.10/site-packages/oslo_config/cfg.py:2817}}
Aug 29 07:48:42.805461 np0000032626 devstack@g-api.service[79448]: DEBUG glance.common.config [None req-60e05557-1f58-4dd7-932c-52ffe27546b5 None None] config_dir                     = [] {{(pid=79448) log_opt_values /opt/stack/data/venv/lib/python3.10/site-packages/oslo_config/cfg.py:2817}}
Aug 29 07:48:42.805529 np0000032626 devstack@g-api.service[79448]: DEBUG glance.common.config [None req-60e05557-1f58-4dd7-932c-52ffe27546b5 None None] config_file                    = ['/etc/glance/glance-image-import.conf', '/etc/glance/glance-api.conf'] {{(pid=79448) log_opt_values /opt/stack/data/venv/lib/python3.10/site-packages/oslo_config/cfg.py:2817}}
Aug 29 07:48:42.805615 np0000032626 devstack@g-api.service[79448]: DEBUG glance.common.config [None req-60e05557-1f58-4dd7-932c-52ffe27546b5 None None] config_source                  = [] {{(pid=79448) log_opt_values /opt/stack/data/venv/lib/python3.10/site-packages/oslo_config/cfg.py:2817}}
Aug 29 07:48:42.805704 np0000032626 devstack@g-api.service[79448]: DEBUG glance.common.config [None req-60e05557-1f58-4dd7-932c-52ffe27546b5 None None] control_exchange               = glance {{(pid=79448) log_opt_values /opt/stack/data/venv/lib/python3.10/site-packages/oslo_config/cfg.py:2817}}
Aug 29 07:48:42.805756 np0000032626 devstack@g-api.service[79447]: WARNING keystonemiddleware.auth_token [None req-8f631353-3437-4c7a-9319-34dadadbe965 None None] AuthToken middleware is set with keystone_authtoken.service_token_roles_required set to False. This is backwards compatible but deprecated behaviour. Please set this to True.
Aug 29 07:48:42.805784 np0000032626 devstack@g-api.service[79448]: DEBUG glance.common.config [None req-60e05557-1f58-4dd7-932c-52ffe27546b5 None None] debug                          = True {{(pid=79448) log_opt_values /opt/stack/data/venv/lib/python3.10/site-packages/oslo_config/cfg.py:2817}}
Aug 29 07:48:42.805923 np0000032626 devstack@g-api.service[79448]: DEBUG glance.common.config [None req-60e05557-1f58-4dd7-932c-52ffe27546b5 None None] default_log_levels             = ['amqp=WARN', 'amqplib=WARN', 'boto=WARN', 'qpid=WARN', 'sqlalchemy=WARN', 'suds=INFO', 'oslo.messaging=INFO', 'oslo_messaging=INFO', 'iso8601=WARN', 'requests.packages.urllib3.connectionpool=WARN', 'urllib3.connectionpool=WARN', 'websocket=WARN', 'requests.packages.urllib3.util.retry=WARN', 'urllib3.util.retry=WARN', 'keystonemiddleware=WARN', 'routes.middleware=WARN', 'stevedore=WARN', 'taskflow=WARN', 'keystoneauth=WARN', 'oslo.cache=INFO', 'oslo_policy=INFO', 'dogpile.core.dogpile=INFO'] {{(pid=79448) log_opt_values /opt/stack/data/venv/lib/python3.10/site-packages/oslo_config/cfg.py:2817}}
Aug 29 07:48:42.806014 np0000032626 devstack@g-api.service[79448]: DEBUG glance.common.config [None req-60e05557-1f58-4dd7-932c-52ffe27546b5 None None] default_publisher_id           = image.localhost {{(pid=79448) log_opt_values /opt/stack/data/venv/lib/python3.10/site-packages/oslo_config/cfg.py:2817}}
Aug 29 07:48:42.806101 np0000032626 devstack@g-api.service[79448]: DEBUG glance.common.config [None req-60e05557-1f58-4dd7-932c-52ffe27546b5 None None] delayed_delete                 = False {{(pid=79448) log_opt_values /opt/stack/data/venv/lib/python3.10/site-packages/oslo_config/cfg.py:2817}}
Aug 29 07:48:42.806200 np0000032626 devstack@g-api.service[79448]: DEBUG glance.common.config [None req-60e05557-1f58-4dd7-932c-52ffe27546b5 None None] digest_algorithm               = sha256 {{(pid=79448) log_opt_values /opt/stack/data/venv/lib/python3.10/site-packages/oslo_config/cfg.py:2817}}
Aug 29 07:48:42.806289 np0000032626 devstack@g-api.service[79448]: DEBUG glance.common.config [None req-60e05557-1f58-4dd7-932c-52ffe27546b5 None None] disabled_notifications         = [] {{(pid=79448) log_opt_values /opt/stack/data/venv/lib/python3.10/site-packages/oslo_config/cfg.py:2817}}
Aug 29 07:48:42.806373 np0000032626 devstack@g-api.service[79448]: DEBUG glance.common.config [None req-60e05557-1f58-4dd7-932c-52ffe27546b5 None None] do_secure_hash                 = True {{(pid=79448) log_opt_values /opt/stack/data/venv/lib/python3.10/site-packages/oslo_config/cfg.py:2817}}
Aug 29 07:48:42.806458 np0000032626 devstack@g-api.service[79448]: DEBUG glance.common.config [None req-60e05557-1f58-4dd7-932c-52ffe27546b5 None None] enabled_backends               = None {{(pid=79448) log_opt_values /opt/stack/data/venv/lib/python3.10/site-packages/oslo_config/cfg.py:2817}}
Aug 29 07:48:42.806556 np0000032626 devstack@g-api.service[79448]: DEBUG glance.common.config [None req-60e05557-1f58-4dd7-932c-52ffe27546b5 None None] enabled_import_methods         = ['glance-direct', 'web-download', 'copy-image'] {{(pid=79448) log_opt_values /opt/stack/data/venv/lib/python3.10/site-packages/oslo_config/cfg.py:2817}}
Aug 29 07:48:42.806644 np0000032626 devstack@g-api.service[79448]: DEBUG glance.common.config [None req-60e05557-1f58-4dd7-932c-52ffe27546b5 None None] hashing_algorithm              = sha512 {{(pid=79448) log_opt_values /opt/stack/data/venv/lib/python3.10/site-packages/oslo_config/cfg.py:2817}}
Aug 29 07:48:42.806728 np0000032626 devstack@g-api.service[79448]: DEBUG glance.common.config [None req-60e05557-1f58-4dd7-932c-52ffe27546b5 None None] http_keepalive                 = True {{(pid=79448) log_opt_values /opt/stack/data/venv/lib/python3.10/site-packages/oslo_config/cfg.py:2817}}
Aug 29 07:48:42.806822 np0000032626 devstack@g-api.service[79448]: DEBUG glance.common.config [None req-60e05557-1f58-4dd7-932c-52ffe27546b5 None None] http_retries                   = 3 {{(pid=79448) log_opt_values /opt/stack/data/venv/lib/python3.10/site-packages/oslo_config/cfg.py:2817}}
Aug 29 07:48:42.806911 np0000032626 devstack@g-api.service[79448]: DEBUG glance.common.config [None req-60e05557-1f58-4dd7-932c-52ffe27546b5 None None] image_cache_dir                = /opt/stack/data/glance/cache/ {{(pid=79448) log_opt_values /opt/stack/data/venv/lib/python3.10/site-packages/oslo_config/cfg.py:2817}}
Aug 29 07:48:42.806998 np0000032626 devstack@g-api.service[79448]: DEBUG glance.common.config [None req-60e05557-1f58-4dd7-932c-52ffe27546b5 None None] image_cache_driver             = centralized_db {{(pid=79448) log_opt_values /opt/stack/data/venv/lib/python3.10/site-packages/oslo_config/cfg.py:2817}}
Aug 29 07:48:42.807083 np0000032626 devstack@g-api.service[79448]: DEBUG glance.common.config [None req-60e05557-1f58-4dd7-932c-52ffe27546b5 None None] image_cache_max_size           = 10737418240 {{(pid=79448) log_opt_values /opt/stack/data/venv/lib/python3.10/site-packages/oslo_config/cfg.py:2817}}
Aug 29 07:48:42.807171 np0000032626 devstack@g-api.service[79448]: DEBUG glance.common.config [None req-60e05557-1f58-4dd7-932c-52ffe27546b5 None None] image_cache_sqlite_db          = cache.db {{(pid=79448) log_opt_values /opt/stack/data/venv/lib/python3.10/site-packages/oslo_config/cfg.py:2817}}
Aug 29 07:48:42.807254 np0000032626 devstack@g-api.service[79448]: DEBUG glance.common.config [None req-60e05557-1f58-4dd7-932c-52ffe27546b5 None None] image_cache_stall_time         = 86400 {{(pid=79448) log_opt_values /opt/stack/data/venv/lib/python3.10/site-packages/oslo_config/cfg.py:2817}}
Aug 29 07:48:42.807338 np0000032626 devstack@g-api.service[79448]: DEBUG glance.common.config [None req-60e05557-1f58-4dd7-932c-52ffe27546b5 None None] image_location_quota           = 10 {{(pid=79448) log_opt_values /opt/stack/data/venv/lib/python3.10/site-packages/oslo_config/cfg.py:2817}}
Aug 29 07:48:42.807422 np0000032626 devstack@g-api.service[79448]: DEBUG glance.common.config [None req-60e05557-1f58-4dd7-932c-52ffe27546b5 None None] image_member_quota             = 128 {{(pid=79448) log_opt_values /opt/stack/data/venv/lib/python3.10/site-packages/oslo_config/cfg.py:2817}}
Aug 29 07:48:42.807504 np0000032626 devstack@g-api.service[79448]: DEBUG glance.common.config [None req-60e05557-1f58-4dd7-932c-52ffe27546b5 None None] image_property_quota           = 128 {{(pid=79448) log_opt_values /opt/stack/data/venv/lib/python3.10/site-packages/oslo_config/cfg.py:2817}}
Aug 29 07:48:42.807588 np0000032626 devstack@g-api.service[79448]: DEBUG glance.common.config [None req-60e05557-1f58-4dd7-932c-52ffe27546b5 None None] image_size_cap                 = 1099511627776 {{(pid=79448) log_opt_values /opt/stack/data/venv/lib/python3.10/site-packages/oslo_config/cfg.py:2817}}
Aug 29 07:48:42.807671 np0000032626 devstack@g-api.service[79448]: DEBUG glance.common.config [None req-60e05557-1f58-4dd7-932c-52ffe27546b5 None None] image_tag_quota                = 128 {{(pid=79448) log_opt_values /opt/stack/data/venv/lib/python3.10/site-packages/oslo_config/cfg.py:2817}}
Aug 29 07:48:42.807762 np0000032626 devstack@g-api.service[79448]: DEBUG glance.common.config [None req-60e05557-1f58-4dd7-932c-52ffe27546b5 None None] instance_format                = [instance: %(uuid)s]  {{(pid=79448) log_opt_values /opt/stack/data/venv/lib/python3.10/site-packages/oslo_config/cfg.py:2817}}
Aug 29 07:48:42.807849 np0000032626 devstack@g-api.service[79448]: DEBUG glance.common.config [None req-60e05557-1f58-4dd7-932c-52ffe27546b5 None None] instance_uuid_format           = [instance: %(uuid)s]  {{(pid=79448) log_opt_values /opt/stack/data/venv/lib/python3.10/site-packages/oslo_config/cfg.py:2817}}
Aug 29 07:48:42.807931 np0000032626 devstack@g-api.service[79448]: DEBUG glance.common.config [None req-60e05557-1f58-4dd7-932c-52ffe27546b5 None None] limit_param_default            = 25 {{(pid=79448) log_opt_values /opt/stack/data/venv/lib/python3.10/site-packages/oslo_config/cfg.py:2817}}
Aug 29 07:48:42.808020 np0000032626 devstack@g-api.service[79448]: DEBUG glance.common.config [None req-60e05557-1f58-4dd7-932c-52ffe27546b5 None None] log_color                      = False {{(pid=79448) log_opt_values /opt/stack/data/venv/lib/python3.10/site-packages/oslo_config/cfg.py:2817}}
Aug 29 07:48:42.808108 np0000032626 devstack@g-api.service[79448]: DEBUG glance.common.config [None req-60e05557-1f58-4dd7-932c-52ffe27546b5 None None] log_config_append              = None {{(pid=79448) log_opt_values /opt/stack/data/venv/lib/python3.10/site-packages/oslo_config/cfg.py:2817}}
Aug 29 07:48:42.808194 np0000032626 devstack@g-api.service[79448]: DEBUG glance.common.config [None req-60e05557-1f58-4dd7-932c-52ffe27546b5 None None] log_date_format                = %Y-%m-%d %H:%M:%S {{(pid=79448) log_opt_values /opt/stack/data/venv/lib/python3.10/site-packages/oslo_config/cfg.py:2817}}
Aug 29 07:48:42.808279 np0000032626 devstack@g-api.service[79448]: DEBUG glance.common.config [None req-60e05557-1f58-4dd7-932c-52ffe27546b5 None None] log_dir                        = None {{(pid=79448) log_opt_values /opt/stack/data/venv/lib/python3.10/site-packages/oslo_config/cfg.py:2817}}
Aug 29 07:48:42.808362 np0000032626 devstack@g-api.service[79448]: DEBUG glance.common.config [None req-60e05557-1f58-4dd7-932c-52ffe27546b5 None None] log_file                       = None {{(pid=79448) log_opt_values /opt/stack/data/venv/lib/python3.10/site-packages/oslo_config/cfg.py:2817}}
Aug 29 07:48:42.808445 np0000032626 devstack@g-api.service[79448]: DEBUG glance.common.config [None req-60e05557-1f58-4dd7-932c-52ffe27546b5 None None] log_rotate_interval            = 1 {{(pid=79448) log_opt_values /opt/stack/data/venv/lib/python3.10/site-packages/oslo_config/cfg.py:2817}}
Aug 29 07:48:42.808534 np0000032626 devstack@g-api.service[79448]: DEBUG glance.common.config [None req-60e05557-1f58-4dd7-932c-52ffe27546b5 None None] log_rotate_interval_type       = days {{(pid=79448) log_opt_values /opt/stack/data/venv/lib/python3.10/site-packages/oslo_config/cfg.py:2817}}
Aug 29 07:48:42.808620 np0000032626 devstack@g-api.service[79448]: DEBUG glance.common.config [None req-60e05557-1f58-4dd7-932c-52ffe27546b5 None None] log_rotation_type              = none {{(pid=79448) log_opt_values /opt/stack/data/venv/lib/python3.10/site-packages/oslo_config/cfg.py:2817}}
Aug 29 07:48:42.808686 np0000032626 devstack@g-api.service[79448]: DEBUG glance.common.config [None req-60e05557-1f58-4dd7-932c-52ffe27546b5 None None] logging_context_format_string  = %(color)s%(levelname)s %(name)s [%(global_request_id)s %(request_id)s %(project_name)s %(user_name)s%(color)s] %(instance)s%(color)s%(message)s {{(pid=79448) log_opt_values /opt/stack/data/venv/lib/python3.10/site-packages/oslo_config/cfg.py:2817}}
Aug 29 07:48:42.808755 np0000032626 devstack@g-api.service[79448]: DEBUG glance.common.config [None req-60e05557-1f58-4dd7-932c-52ffe27546b5 None None] logging_debug_format_suffix    = {{(pid=%(process)d) %(funcName)s %(pathname)s:%(lineno)d}} {{(pid=79448) log_opt_values /opt/stack/data/venv/lib/python3.10/site-packages/oslo_config/cfg.py:2817}}
Aug 29 07:48:42.808791 np0000032626 devstack@g-api.service[79447]: WARNING keystonemiddleware.auth_token [None req-8f631353-3437-4c7a-9319-34dadadbe965 None None] Configuring www_authenticate_uri to point to the public identity endpoint is required; clients may not be able to authenticate against an admin endpoint
Aug 29 07:48:42.808843 np0000032626 devstack@g-api.service[79448]: DEBUG glance.common.config [None req-60e05557-1f58-4dd7-932c-52ffe27546b5 None None] logging_default_format_string  = %(color)s%(levelname)s %(name)s [-%(color)s] %(instance)s%(color)s%(message)s {{(pid=79448) log_opt_values /opt/stack/data/venv/lib/python3.10/site-packages/oslo_config/cfg.py:2817}}
Aug 29 07:48:42.808930 np0000032626 devstack@g-api.service[79448]: DEBUG glance.common.config [None req-60e05557-1f58-4dd7-932c-52ffe27546b5 None None] logging_exception_prefix       = ERROR %(name)s %(instance)s {{(pid=79448) log_opt_values /opt/stack/data/venv/lib/python3.10/site-packages/oslo_config/cfg.py:2817}}
Aug 29 07:48:42.808995 np0000032626 devstack@g-api.service[79448]: DEBUG glance.common.config [None req-60e05557-1f58-4dd7-932c-52ffe27546b5 None None] logging_user_identity_format   = %(user)s %(project)s %(domain)s %(system_scope)s %(user_domain)s %(project_domain)s {{(pid=79448) log_opt_values /opt/stack/data/venv/lib/python3.10/site-packages/oslo_config/cfg.py:2817}}
Aug 29 07:48:42.809079 np0000032626 devstack@g-api.service[79448]: DEBUG glance.common.config [None req-60e05557-1f58-4dd7-932c-52ffe27546b5 None None] max_header_line                = 16384 {{(pid=79448) log_opt_values /opt/stack/data/venv/lib/python3.10/site-packages/oslo_config/cfg.py:2817}}
Aug 29 07:48:42.809162 np0000032626 devstack@g-api.service[79448]: DEBUG glance.common.config [None req-60e05557-1f58-4dd7-932c-52ffe27546b5 None None] max_logfile_count              = 30 {{(pid=79448) log_opt_values /opt/stack/data/venv/lib/python3.10/site-packages/oslo_config/cfg.py:2817}}
Aug 29 07:48:42.809245 np0000032626 devstack@g-api.service[79448]: DEBUG glance.common.config [None req-60e05557-1f58-4dd7-932c-52ffe27546b5 None None] max_logfile_size_mb            = 200 {{(pid=79448) log_opt_values /opt/stack/data/venv/lib/python3.10/site-packages/oslo_config/cfg.py:2817}}
Aug 29 07:48:42.809330 np0000032626 devstack@g-api.service[79448]: DEBUG glance.common.config [None req-60e05557-1f58-4dd7-932c-52ffe27546b5 None None] max_request_id_length          = 64 {{(pid=79448) log_opt_values /opt/stack/data/venv/lib/python3.10/site-packages/oslo_config/cfg.py:2817}}
Aug 29 07:48:42.809411 np0000032626 devstack@g-api.service[79448]: DEBUG glance.common.config [None req-60e05557-1f58-4dd7-932c-52ffe27546b5 None None] metadata_encryption_key        = **** {{(pid=79448) log_opt_values /opt/stack/data/venv/lib/python3.10/site-packages/oslo_config/cfg.py:2817}}
