Aug 08 05:44:20.143389 np0000032461 devstack@n-api.service[68866]: DEBUG oslo_concurrency.lockutils [None req-041440ac-5f82-44e9-a550-93ab5412c400 None None] Acquiring lock "00000000-0000-0000-0000-000000000000" by "nova.context.set_target_cell.<locals>.get_or_set_cached_cell_and_set_connections" {{(pid=68866) inner /opt/stack/data/venv/lib/python3.12/site-packages/oslo_concurrency/lockutils.py:405}}
Aug 08 05:44:20.143562 np0000032461 devstack@n-api.service[68866]: DEBUG oslo_concurrency.lockutils [None req-041440ac-5f82-44e9-a550-93ab5412c400 None None] Lock "00000000-0000-0000-0000-000000000000" acquired by "nova.context.set_target_cell.<locals>.get_or_set_cached_cell_and_set_connections" :: waited 0.000s {{(pid=68866) inner /opt/stack/data/venv/lib/python3.12/site-packages/oslo_concurrency/lockutils.py:410}}
Aug 08 05:44:20.143686 np0000032461 devstack@n-api.service[68865]: DEBUG oslo_concurrency.lockutils [None req-b1383999-b6f0-45c3-b2f6-e3240a2b4288 None None] Acquiring lock "00000000-0000-0000-0000-000000000000" by "nova.context.set_target_cell.<locals>.get_or_set_cached_cell_and_set_connections" {{(pid=68865) inner /opt/stack/data/venv/lib/python3.12/site-packages/oslo_concurrency/lockutils.py:405}}
Aug 08 05:44:20.143854 np0000032461 devstack@n-api.service[68865]: DEBUG oslo_concurrency.lockutils [None req-b1383999-b6f0-45c3-b2f6-e3240a2b4288 None None] Lock "00000000-0000-0000-0000-000000000000" acquired by "nova.context.set_target_cell.<locals>.get_or_set_cached_cell_and_set_connections" :: waited 0.000s {{(pid=68865) inner /opt/stack/data/venv/lib/python3.12/site-packages/oslo_concurrency/lockutils.py:410}}
Aug 08 05:44:20.143875 np0000032461 devstack@n-api.service[68866]: DEBUG oslo_concurrency.lockutils [None req-041440ac-5f82-44e9-a550-93ab5412c400 None None] Lock "00000000-0000-0000-0000-000000000000" "released" by "nova.context.set_target_cell.<locals>.get_or_set_cached_cell_and_set_connections" :: held 0.000s {{(pid=68866) inner /opt/stack/data/venv/lib/python3.12/site-packages/oslo_concurrency/lockutils.py:424}}
Aug 08 05:44:20.144177 np0000032461 devstack@n-api.service[68865]: DEBUG oslo_concurrency.lockutils [None req-b1383999-b6f0-45c3-b2f6-e3240a2b4288 None None] Lock "00000000-0000-0000-0000-000000000000" "released" by "nova.context.set_target_cell.<locals>.get_or_set_cached_cell_and_set_connections" :: held 0.000s {{(pid=68865) inner /opt/stack/data/venv/lib/python3.12/site-packages/oslo_concurrency/lockutils.py:424}}
Aug 08 05:44:20.144204 np0000032461 devstack@n-api.service[68866]: DEBUG oslo_concurrency.lockutils [None req-041440ac-5f82-44e9-a550-93ab5412c400 None None] Acquiring lock "b459f79b-68f1-4cd7-ace7-2079c38085db" by "nova.context.set_target_cell.<locals>.get_or_set_cached_cell_and_set_connections" {{(pid=68866) inner /opt/stack/data/venv/lib/python3.12/site-packages/oslo_concurrency/lockutils.py:405}}
Aug 08 05:44:20.144338 np0000032461 devstack@n-api.service[68866]: DEBUG oslo_concurrency.lockutils [None req-041440ac-5f82-44e9-a550-93ab5412c400 None None] Lock "b459f79b-68f1-4cd7-ace7-2079c38085db" acquired by "nova.context.set_target_cell.<locals>.get_or_set_cached_cell_and_set_connections" :: waited 0.000s {{(pid=68866) inner /opt/stack/data/venv/lib/python3.12/site-packages/oslo_concurrency/lockutils.py:410}}
Aug 08 05:44:20.144503 np0000032461 devstack@n-api.service[68865]: DEBUG oslo_concurrency.lockutils [None req-b1383999-b6f0-45c3-b2f6-e3240a2b4288 None None] Acquiring lock "b459f79b-68f1-4cd7-ace7-2079c38085db" by "nova.context.set_target_cell.<locals>.get_or_set_cached_cell_and_set_connections" {{(pid=68865) inner /opt/stack/data/venv/lib/python3.12/site-packages/oslo_concurrency/lockutils.py:405}}
Aug 08 05:44:20.144634 np0000032461 devstack@n-api.service[68865]: DEBUG oslo_concurrency.lockutils [None req-b1383999-b6f0-45c3-b2f6-e3240a2b4288 None None] Lock "b459f79b-68f1-4cd7-ace7-2079c38085db" acquired by "nova.context.set_target_cell.<locals>.get_or_set_cached_cell_and_set_connections" :: waited 0.000s {{(pid=68865) inner /opt/stack/data/venv/lib/python3.12/site-packages/oslo_concurrency/lockutils.py:410}}
Aug 08 05:44:20.144988 np0000032461 devstack@n-api.service[68866]: DEBUG oslo_concurrency.lockutils [None req-041440ac-5f82-44e9-a550-93ab5412c400 None None] Lock "b459f79b-68f1-4cd7-ace7-2079c38085db" "released" by "nova.context.set_target_cell.<locals>.get_or_set_cached_cell_and_set_connections" :: held 0.001s {{(pid=68866) inner /opt/stack/data/venv/lib/python3.12/site-packages/oslo_concurrency/lockutils.py:424}}
Aug 08 05:44:20.145285 np0000032461 devstack@n-api.service[68865]: DEBUG oslo_concurrency.lockutils [None req-b1383999-b6f0-45c3-b2f6-e3240a2b4288 None None] Lock "b459f79b-68f1-4cd7-ace7-2079c38085db" "released" by "nova.context.set_target_cell.<locals>.get_or_set_cached_cell_and_set_connections" :: held 0.001s {{(pid=68865) inner /opt/stack/data/venv/lib/python3.12/site-packages/oslo_concurrency/lockutils.py:424}}
Aug 08 05:44:20.146076 np0000032461 devstack@n-api.service[68866]: INFO dbcounter [None req-041440ac-5f82-44e9-a550-93ab5412c400 None None] Registered counter for database nova_cell0
Aug 08 05:44:20.146386 np0000032461 devstack@n-api.service[68865]: INFO dbcounter [None req-b1383999-b6f0-45c3-b2f6-e3240a2b4288 None None] Registered counter for database nova_cell0
Aug 08 05:44:20.147861 np0000032461 devstack@n-api.service[68866]: INFO dbcounter [None req-041440ac-5f82-44e9-a550-93ab5412c400 None None] Registered counter for database nova_cell1
Aug 08 05:44:20.148163 np0000032461 devstack@n-api.service[68865]: INFO dbcounter [None req-b1383999-b6f0-45c3-b2f6-e3240a2b4288 None None] Registered counter for database nova_cell1
Aug 08 05:44:20.150651 np0000032461 devstack@n-api.service[68866]: DEBUG oslo_db.sqlalchemy.engines [None req-041440ac-5f82-44e9-a550-93ab5412c400 None None] MySQL server mode set to STRICT_TRANS_TABLES,STRICT_ALL_TABLES,NO_ZERO_IN_DATE,NO_ZERO_DATE,ERROR_FOR_DIVISION_BY_ZERO,TRADITIONAL,NO_ENGINE_SUBSTITUTION {{(pid=68866) _check_effective_sql_mode /opt/stack/data/venv/lib/python3.12/site-packages/oslo_db/sqlalchemy/engines.py:397}}
Aug 08 05:44:20.152460 np0000032461 devstack@n-api.service[68865]: DEBUG oslo_db.sqlalchemy.engines [None req-b1383999-b6f0-45c3-b2f6-e3240a2b4288 None None] MySQL server mode set to STRICT_TRANS_TABLES,STRICT_ALL_TABLES,NO_ZERO_IN_DATE,NO_ZERO_DATE,ERROR_FOR_DIVISION_BY_ZERO,TRADITIONAL,NO_ENGINE_SUBSTITUTION {{(pid=68865) _check_effective_sql_mode /opt/stack/data/venv/lib/python3.12/site-packages/oslo_db/sqlalchemy/engines.py:397}}
Aug 08 05:44:20.211320 np0000032461 devstack@n-api.service[68866]: DEBUG oslo_db.sqlalchemy.engines [None req-041440ac-5f82-44e9-a550-93ab5412c400 None None] MySQL server mode set to STRICT_TRANS_TABLES,STRICT_ALL_TABLES,NO_ZERO_IN_DATE,NO_ZERO_DATE,ERROR_FOR_DIVISION_BY_ZERO,TRADITIONAL,NO_ENGINE_SUBSTITUTION {{(pid=68866) _check_effective_sql_mode /opt/stack/data/venv/lib/python3.12/site-packages/oslo_db/sqlalchemy/engines.py:397}}
Aug 08 05:44:20.211647 np0000032461 devstack@n-api.service[68866]: DEBUG dbcounter [-] [68866] Writer thread running {{(pid=68866) stat_writer /opt/stack/data/venv/lib/python3.12/site-packages/dbcounter.py:102}}
Aug 08 05:44:20.212968 np0000032461 devstack@n-api.service[68865]: DEBUG dbcounter [-] [68865] Writer thread running {{(pid=68865) stat_writer /opt/stack/data/venv/lib/python3.12/site-packages/dbcounter.py:102}}
Aug 08 05:44:20.213273 np0000032461 devstack@n-api.service[68865]: DEBUG oslo_db.sqlalchemy.engines [None req-b1383999-b6f0-45c3-b2f6-e3240a2b4288 None None] MySQL server mode set to STRICT_TRANS_TABLES,STRICT_ALL_TABLES,NO_ZERO_IN_DATE,NO_ZERO_DATE,ERROR_FOR_DIVISION_BY_ZERO,TRADITIONAL,NO_ENGINE_SUBSTITUTION {{(pid=68865) _check_effective_sql_mode /opt/stack/data/venv/lib/python3.12/site-packages/oslo_db/sqlalchemy/engines.py:397}}
Aug 08 05:44:20.215172 np0000032461 devstack@n-api.service[68866]: DEBUG dbcounter [-] [68866] Writer thread running {{(pid=68866) stat_writer /opt/stack/data/venv/lib/python3.12/site-packages/dbcounter.py:102}}
Aug 08 05:44:20.216836 np0000032461 devstack@n-api.service[68865]: DEBUG dbcounter [-] [68865] Writer thread running {{(pid=68865) stat_writer /opt/stack/data/venv/lib/python3.12/site-packages/dbcounter.py:102}}
Aug 08 05:44:20.216997 np0000032461 devstack@n-api.service[68866]: INFO dbcounter [None req-041440ac-5f82-44e9-a550-93ab5412c400 None None] Registered counter for database nova_cell0
Aug 08 05:44:20.218658 np0000032461 devstack@n-api.service[68865]: INFO dbcounter [None req-b1383999-b6f0-45c3-b2f6-e3240a2b4288 None None] Registered counter for database nova_cell0
Aug 08 05:44:20.221009 np0000032461 devstack@n-api.service[68866]: DEBUG oslo_db.sqlalchemy.engines [None req-041440ac-5f82-44e9-a550-93ab5412c400 None None] MySQL server mode set to STRICT_TRANS_TABLES,STRICT_ALL_TABLES,NO_ZERO_IN_DATE,NO_ZERO_DATE,ERROR_FOR_DIVISION_BY_ZERO,TRADITIONAL,NO_ENGINE_SUBSTITUTION {{(pid=68866) _check_effective_sql_mode /opt/stack/data/venv/lib/python3.12/site-packages/oslo_db/sqlalchemy/engines.py:397}}
Aug 08 05:44:20.222770 np0000032461 devstack@n-api.service[68865]: DEBUG oslo_db.sqlalchemy.engines [None req-b1383999-b6f0-45c3-b2f6-e3240a2b4288 None None] MySQL server mode set to STRICT_TRANS_TABLES,STRICT_ALL_TABLES,NO_ZERO_IN_DATE,NO_ZERO_DATE,ERROR_FOR_DIVISION_BY_ZERO,TRADITIONAL,NO_ENGINE_SUBSTITUTION {{(pid=68865) _check_effective_sql_mode /opt/stack/data/venv/lib/python3.12/site-packages/oslo_db/sqlalchemy/engines.py:397}}
Aug 08 05:44:20.224516 np0000032461 devstack@n-api.service[68866]: DEBUG dbcounter [-] [68866] Writer thread running {{(pid=68866) stat_writer /opt/stack/data/venv/lib/python3.12/site-packages/dbcounter.py:102}}
Aug 08 05:44:20.226279 np0000032461 devstack@n-api.service[68865]: DEBUG dbcounter [-] [68865] Writer thread running {{(pid=68865) stat_writer /opt/stack/data/venv/lib/python3.12/site-packages/dbcounter.py:102}}
Aug 08 05:44:20.600523 np0000032461 devstack@n-api.service[68865]: DEBUG oslo_concurrency.processutils [None req-b1383999-b6f0-45c3-b2f6-e3240a2b4288 None None] Running cmd (subprocess): grep -F node.session.scan /sbin/iscsiadm {{(pid=68865) execute /opt/stack/data/venv/lib/python3.12/site-packages/oslo_concurrency/processutils.py:349}}
Aug 08 05:44:20.605308 np0000032461 devstack@n-api.service[68866]: DEBUG oslo_concurrency.processutils [None req-041440ac-5f82-44e9-a550-93ab5412c400 None None] Running cmd (subprocess): grep -F node.session.scan /sbin/iscsiadm {{(pid=68866) execute /opt/stack/data/venv/lib/python3.12/site-packages/oslo_concurrency/processutils.py:349}}
Aug 08 05:44:20.607335 np0000032461 devstack@n-api.service[68865]: DEBUG oslo_concurrency.processutils [None req-b1383999-b6f0-45c3-b2f6-e3240a2b4288 None None] CMD "grep -F node.session.scan /sbin/iscsiadm" returned: 0 in 0.007s {{(pid=68865) execute /opt/stack/data/venv/lib/python3.12/site-packages/oslo_concurrency/processutils.py:372}}
Aug 08 05:44:20.611640 np0000032461 devstack@n-api.service[68866]: DEBUG oslo_concurrency.processutils [None req-041440ac-5f82-44e9-a550-93ab5412c400 None None] CMD "grep -F node.session.scan /sbin/iscsiadm" returned: 0 in 0.007s {{(pid=68866) execute /opt/stack/data/venv/lib/python3.12/site-packages/oslo_concurrency/processutils.py:372}}
Aug 08 05:44:20.901320 np0000032461 devstack@n-api.service[68865]: WARNING keystonemiddleware.auth_token [None req-b1383999-b6f0-45c3-b2f6-e3240a2b4288 None None] AuthToken middleware is set with keystone_authtoken.service_token_roles_required set to False. This is backwards compatible but deprecated behaviour. Please set this to True.
Aug 08 05:44:20.901428 np0000032461 devstack@n-api.service[68866]: WARNING keystonemiddleware.auth_token [None req-041440ac-5f82-44e9-a550-93ab5412c400 None None] AuthToken middleware is set with keystone_authtoken.service_token_roles_required set to False. This is backwards compatible but deprecated behaviour. Please set this to True.
Aug 08 05:44:20.904727 np0000032461 devstack@n-api.service[68865]: WARNING keystonemiddleware.auth_token [None req-b1383999-b6f0-45c3-b2f6-e3240a2b4288 None None] Configuring www_authenticate_uri to point to the public identity endpoint is required; clients may not be able to authenticate against an admin endpoint
Aug 08 05:44:20.906093 np0000032461 devstack@n-api.service[68866]: WARNING keystonemiddleware.auth_token [None req-041440ac-5f82-44e9-a550-93ab5412c400 None None] Configuring www_authenticate_uri to point to the public identity endpoint is required; clients may not be able to authenticate against an admin endpoint
Aug 08 05:44:21.059113 np0000032461 devstack@n-api.service[68865]: WARNING keystonemiddleware.auth_token [None req-b1383999-b6f0-45c3-b2f6-e3240a2b4288 None None] AuthToken middleware is set with keystone_authtoken.service_token_roles_required set to False. This is backwards compatible but deprecated behaviour. Please set this to True.
Aug 08 05:44:21.060521 np0000032461 devstack@n-api.service[68866]: WARNING keystonemiddleware.auth_token [None req-041440ac-5f82-44e9-a550-93ab5412c400 None None] AuthToken middleware is set with keystone_authtoken.service_token_roles_required set to False. This is backwards compatible but deprecated behaviour. Please set this to True.
Aug 08 05:44:21.061587 np0000032461 devstack@n-api.service[68865]: WARNING keystonemiddleware.auth_token [None req-b1383999-b6f0-45c3-b2f6-e3240a2b4288 None None] Configuring www_authenticate_uri to point to the public identity endpoint is required; clients may not be able to authenticate against an admin endpoint
Aug 08 05:44:21.062928 np0000032461 devstack@n-api.service[68866]: WARNING keystonemiddleware.auth_token [None req-041440ac-5f82-44e9-a550-93ab5412c400 None None] Configuring www_authenticate_uri to point to the public identity endpoint is required; clients may not be able to authenticate against an admin endpoint
Aug 08 05:44:21.063789 np0000032461 devstack@n-api.service[68865]: WSGI app 0 (mountpoint='') ready in 3 seconds on interpreter 0x7ef2370a39e8 pid: 68865 (default app)
Aug 08 05:44:21.064679 np0000032461 devstack@n-api.service[68865]: DEBUG nova.api.openstack.wsgi [None req-b1383999-b6f0-45c3-b2f6-e3240a2b4288 None None] Calling method '<bound method VersionsV2.index of <nova.api.openstack.compute.versions.VersionsV2 object at 0x7ef2317cd1f0>>' {{(pid=68865) _process_stack /opt/stack/nova/nova/api/openstack/wsgi.py:552}}
Aug 08 05:44:21.065107 np0000032461 devstack@n-api.service[68866]: WSGI app 0 (mountpoint='') ready in 3 seconds on interpreter 0x7ef2370a39e8 pid: 68866 (default app)
Aug 08 05:44:21.067221 np0000032461 devstack@n-api.service[68865]: INFO nova.api.openstack.requestlog [None req-b1383999-b6f0-45c3-b2f6-e3240a2b4288 None None] 192.168.1.136 "GET /compute/v2.1/" status: 200 len: 391 microversion: 2.1 time: 0.002741
Aug 08 05:44:21.067610 np0000032461 devstack@n-api.service[68865]: [pid: 68865|app: 0|req: 1/1] 192.168.1.136 () {50 vars in 771 bytes} [Fri Aug  8 05:44:21 2025] GET /compute/v2.1/ => generated 391 bytes in 3 msecs (HTTP/1.1 200) 9 headers in 357 bytes (1 switches on core 0)
Aug 08 05:44:55.458813 np0000032461 devstack@n-api.service[68866]: DEBUG nova.api.openstack.wsgi [None req-041440ac-5f82-44e9-a550-93ab5412c400 None None] Calling method '<bound method VersionsV2.index of <nova.api.openstack.compute.versions.VersionsV2 object at 0x7ef23065b1a0>>' {{(pid=68866) _process_stack /opt/stack/nova/nova/api/openstack/wsgi.py:552}}
Aug 08 05:44:55.461781 np0000032461 devstack@n-api.service[68866]: INFO nova.api.openstack.requestlog [None req-041440ac-5f82-44e9-a550-93ab5412c400 None None] 192.168.1.136 "GET /compute/v2.1" status: 200 len: 392 microversion: 2.1 time: 0.003620
Aug 08 05:44:55.462021 np0000032461 devstack@n-api.service[68866]: [pid: 68866|app: 0|req: 1/2] 192.168.1.136 () {62 vars in 1056 bytes} [Fri Aug  8 05:44:55 2025] GET /compute/v2.1 => generated 392 bytes in 5 msecs (HTTP/1.1 200) 9 headers in 357 bytes (1 switches on core 0)
Aug 08 05:44:55.471160 np0000032461 devstack@n-api.service[68865]: DEBUG dbcounter [-] [68865] Writing DB stats nova_api:SELECT=1 {{(pid=68865) stat_writer /opt/stack/data/venv/lib/python3.12/site-packages/dbcounter.py:115}}
Aug 08 05:44:55.471786 np0000032461 devstack@n-api.service[68865]: DEBUG dbcounter [-] [68865] Writing DB stats nova_cell1:SELECT=1 {{(pid=68865) stat_writer /opt/stack/data/venv/lib/python3.12/site-packages/dbcounter.py:115}}
Aug 08 05:44:55.472110 np0000032461 devstack@n-api.service[68865]: DEBUG dbcounter [-] [68865] Writing DB stats nova_cell0:SELECT=1 {{(pid=68865) stat_writer /opt/stack/data/venv/lib/python3.12/site-packages/dbcounter.py:115}}
Aug 08 05:44:55.472674 np0000032461 devstack@n-api.service[68865]: DEBUG dbcounter [-] [68865] Writing DB stats nova_cell0:SELECT=2,nova_cell0:INSERT=1 {{(pid=68865) stat_writer /opt/stack/data/venv/lib/python3.12/site-packages/dbcounter.py:115}}
Aug 08 05:44:55.582031 np0000032461 devstack@n-api.service[68865]: DEBUG nova.api.openstack.wsgi [None req-90563f87-2f5f-4dca-935f-a5eb8e945022 admin admin] Calling method '<bound method FlavorsController.detail of <nova.api.openstack.compute.flavors.FlavorsController object at 0x7ef23001f6b0>>' {{(pid=68865) _process_stack /opt/stack/nova/nova/api/openstack/wsgi.py:552}}
Aug 08 05:44:55.597827 np0000032461 devstack@n-api.service[68865]: INFO nova.api.openstack.requestlog [None req-90563f87-2f5f-4dca-935f-a5eb8e945022 admin admin] 192.168.1.136 "GET /compute/v2.1/flavors/detail?is_public=True" status: 200 len: 15 microversion: 2.61 time: 0.130670
Aug 08 05:44:55.598147 np0000032461 devstack@n-api.service[68865]: [pid: 68865|app: 0|req: 2/3] 192.168.1.136 () {68 vars in 1417 bytes} [Fri Aug  8 05:44:55 2025] GET /compute/v2.1/flavors/detail?is_public=True => generated 15 bytes in 131 msecs (HTTP/1.1 200) 9 headers in 358 bytes (1 switches on core 0)
Aug 08 05:44:55.678520 np0000032461 devstack@n-api.service[68866]: DEBUG dbcounter [-] [68866] Writing DB stats nova_api:SELECT=1 {{(pid=68866) stat_writer /opt/stack/data/venv/lib/python3.12/site-packages/dbcounter.py:115}}
Aug 08 05:44:55.679566 np0000032461 devstack@n-api.service[68866]: DEBUG dbcounter [-] [68866] Writing DB stats nova_cell0:SELECT=1 {{(pid=68866) stat_writer /opt/stack/data/venv/lib/python3.12/site-packages/dbcounter.py:115}}
Aug 08 05:44:55.679964 np0000032461 devstack@n-api.service[68866]: DEBUG dbcounter [-] [68866] Writing DB stats nova_cell1:SELECT=1 {{(pid=68866) stat_writer /opt/stack/data/venv/lib/python3.12/site-packages/dbcounter.py:115}}
Aug 08 05:44:55.680413 np0000032461 devstack@n-api.service[68866]: DEBUG dbcounter [-] [68866] Writing DB stats nova_cell0:SELECT=2,nova_cell0:INSERT=1 {{(pid=68866) stat_writer /opt/stack/data/venv/lib/python3.12/site-packages/dbcounter.py:115}}
Aug 08 05:44:55.742136 np0000032461 devstack@n-api.service[68866]: DEBUG nova.api.openstack.wsgi [None req-64de6d95-01bf-410c-af42-fd66de784f17 admin admin] Action: 'create', calling method: <bound method FlavorsController.create of <nova.api.openstack.compute.flavors.FlavorsController object at 0x7ef23001f7d0>>, body: {"flavor": {"OS-FLV-EXT-DATA:ephemeral": 0, "swap": 0, "name": "cirros256", "disk": 1, "ram": 256, "vcpus": 1, "rxtx_factor": 1.0, "os-flavor-access:is_public": true, "id": "c1"}} {{(pid=68866) _process_stack /opt/stack/nova/nova/api/openstack/wsgi.py:550}}
Aug 08 05:44:55.774174 np0000032461 devstack@n-api.service[68866]: INFO nova.api.openstack.requestlog [None req-64de6d95-01bf-410c-af42-fd66de784f17 admin admin] 192.168.1.136 "POST /compute/v2.1/flavors" status: 200 len: 413 microversion: 2.61 time: 0.099083
Aug 08 05:44:55.774498 np0000032461 devstack@n-api.service[68866]: [pid: 68866|app: 0|req: 2/4] 192.168.1.136 () {72 vars in 1408 bytes} [Fri Aug  8 05:44:55 2025] POST /compute/v2.1/flavors => generated 413 bytes in 100 msecs (HTTP/1.1 200) 9 headers in 359 bytes (1 switches on core 0)
Aug 08 05:44:55.787027 np0000032461 devstack@n-api.service[68865]: DEBUG nova.api.openstack.wsgi [None req-fdd6b16c-cb43-4f85-82ad-96f57e2304fa admin admin] Action: 'create', calling method: <bound method FlavorExtraSpecsController.create of <nova.api.openstack.compute.flavors_extraspecs.FlavorExtraSpecsController object at 0x7ef23001fe00>>, body: {"extra_specs": {"hw_rng:allowed": "True"}} {{(pid=68865) _process_stack /opt/stack/nova/nova/api/openstack/wsgi.py:550}}
Aug 08 05:44:55.812993 np0000032461 devstack@n-api.service[68865]: INFO nova.api.openstack.requestlog [None req-fdd6b16c-cb43-4f85-82ad-96f57e2304fa admin admin] 192.168.1.136 "POST /compute/v2.1/flavors/c1/os-extra_specs" status: 200 len: 43 microversion: 2.61 time: 0.027561
Aug 08 05:44:55.813315 np0000032461 devstack@n-api.service[68865]: [pid: 68865|app: 0|req: 3/5] 192.168.1.136 () {72 vars in 1461 bytes} [Fri Aug  8 05:44:55 2025] POST /compute/v2.1/flavors/c1/os-extra_specs => generated 43 bytes in 28 msecs (HTTP/1.1 200) 9 headers in 358 bytes (1 switches on core 0)
Aug 08 05:44:55.900951 np0000032461 devstack@n-api.service[68866]: DEBUG nova.api.openstack.wsgi [None req-4ba94994-b73c-4634-9d88-bcd50cab8c3d admin admin] Action: 'create', calling method: <bound method FlavorsController.create of <nova.api.openstack.compute.flavors.FlavorsController object at 0x7ef23001f7d0>>, body: {"flavor": {"OS-FLV-EXT-DATA:ephemeral": 0, "swap": 0, "name": "ds512M", "disk": 5, "ram": 512, "vcpus": 1, "rxtx_factor": 1.0, "os-flavor-access:is_public": true, "id": "d1"}} {{(pid=68866) _process_stack /opt/stack/nova/nova/api/openstack/wsgi.py:550}}
Aug 08 05:44:55.913586 np0000032461 devstack@n-api.service[68866]: INFO nova.api.openstack.requestlog [None req-4ba94994-b73c-4634-9d88-bcd50cab8c3d admin admin] 192.168.1.136 "POST /compute/v2.1/flavors" status: 200 len: 410 microversion: 2.61 time: 0.014490
Aug 08 05:44:55.913791 np0000032461 devstack@n-api.service[68866]: [pid: 68866|app: 0|req: 3/6] 192.168.1.136 () {72 vars in 1408 bytes} [Fri Aug  8 05:44:55 2025] POST /compute/v2.1/flavors => generated 410 bytes in 15 msecs (HTTP/1.1 200) 9 headers in 359 bytes (1 switches on core 0)
Aug 08 05:44:55.922820 np0000032461 devstack@n-api.service[68865]: DEBUG nova.api.openstack.wsgi [None req-1397d197-4f50-4756-85c7-35c417a472fd admin admin] Action: 'create', calling method: <bound method FlavorExtraSpecsController.create of <nova.api.openstack.compute.flavors_extraspecs.FlavorExtraSpecsController object at 0x7ef23001fe00>>, body: {"extra_specs": {"hw_rng:allowed": "True"}} {{(pid=68865) _process_stack /opt/stack/nova/nova/api/openstack/wsgi.py:550}}
Aug 08 05:44:55.936286 np0000032461 devstack@n-api.service[68865]: INFO nova.api.openstack.requestlog [None req-1397d197-4f50-4756-85c7-35c417a472fd admin admin] 192.168.1.136 "POST /compute/v2.1/flavors/d1/os-extra_specs" status: 200 len: 43 microversion: 2.61 time: 0.014910
Aug 08 05:44:55.936546 np0000032461 devstack@n-api.service[68865]: [pid: 68865|app: 0|req: 4/7] 192.168.1.136 () {72 vars in 1461 bytes} [Fri Aug  8 05:44:55 2025] POST /compute/v2.1/flavors/d1/os-extra_specs => generated 43 bytes in 15 msecs (HTTP/1.1 200) 9 headers in 358 bytes (1 switches on core 0)
Aug 08 05:44:56.022519 np0000032461 devstack@n-api.service[68866]: DEBUG nova.api.openstack.wsgi [None req-27328743-9463-4b06-8339-3ff36134bbdf admin admin] Action: 'create', calling method: <bound method FlavorsController.create of <nova.api.openstack.compute.flavors.FlavorsController object at 0x7ef23001f7d0>>, body: {"flavor": {"OS-FLV-EXT-DATA:ephemeral": 0, "swap": 0, "name": "ds1G", "disk": 10, "ram": 1024, "vcpus": 1, "rxtx_factor": 1.0, "os-flavor-access:is_public": true, "id": "d2"}} {{(pid=68866) _process_stack /opt/stack/nova/nova/api/openstack/wsgi.py:550}}
Aug 08 05:44:56.032994 np0000032461 devstack@n-api.service[68866]: INFO nova.api.openstack.requestlog [None req-27328743-9463-4b06-8339-3ff36134bbdf admin admin] 192.168.1.136 "POST /compute/v2.1/flavors" status: 200 len: 410 microversion: 2.61 time: 0.012846
Aug 08 05:44:56.033241 np0000032461 devstack@n-api.service[68866]: [pid: 68866|app: 0|req: 4/8] 192.168.1.136 () {72 vars in 1408 bytes} [Fri Aug  8 05:44:56 2025] POST /compute/v2.1/flavors => generated 410 bytes in 13 msecs (HTTP/1.1 200) 9 headers in 359 bytes (1 switches on core 0)
Aug 08 05:44:56.043259 np0000032461 devstack@n-api.service[68865]: DEBUG nova.api.openstack.wsgi [None req-4e952590-dc4d-4922-aa99-b2724a11285e admin admin] Action: 'create', calling method: <bound method FlavorExtraSpecsController.create of <nova.api.openstack.compute.flavors_extraspecs.FlavorExtraSpecsController object at 0x7ef23001fe00>>, body: {"extra_specs": {"hw_rng:allowed": "True"}} {{(pid=68865) _process_stack /opt/stack/nova/nova/api/openstack/wsgi.py:550}}
Aug 08 05:44:56.059573 np0000032461 devstack@n-api.service[68865]: INFO nova.api.openstack.requestlog [None req-4e952590-dc4d-4922-aa99-b2724a11285e admin admin] 192.168.1.136 "POST /compute/v2.1/flavors/d2/os-extra_specs" status: 200 len: 43 microversion: 2.61 time: 0.017804
Aug 08 05:44:56.059811 np0000032461 devstack@n-api.service[68865]: [pid: 68865|app: 0|req: 5/9] 192.168.1.136 () {72 vars in 1461 bytes} [Fri Aug  8 05:44:56 2025] POST /compute/v2.1/flavors/d2/os-extra_specs => generated 43 bytes in 18 msecs (HTTP/1.1 200) 9 headers in 358 bytes (1 switches on core 0)
Aug 08 05:44:56.138683 np0000032461 devstack@n-api.service[68866]: DEBUG nova.api.openstack.wsgi [None req-93ba1126-aadb-41a3-b87e-ceacb5d19060 admin admin] Action: 'create', calling method: <bound method FlavorsController.create of <nova.api.openstack.compute.flavors.FlavorsController object at 0x7ef23001f7d0>>, body: {"flavor": {"OS-FLV-EXT-DATA:ephemeral": 0, "swap": 0, "name": "ds2G", "disk": 10, "ram": 2048, "vcpus": 2, "rxtx_factor": 1.0, "os-flavor-access:is_public": true, "id": "d3"}} {{(pid=68866) _process_stack /opt/stack/nova/nova/api/openstack/wsgi.py:550}}
Aug 08 05:44:56.149317 np0000032461 devstack@n-api.service[68866]: INFO nova.api.openstack.requestlog [None req-93ba1126-aadb-41a3-b87e-ceacb5d19060 admin admin] 192.168.1.136 "POST /compute/v2.1/flavors" status: 200 len: 410 microversion: 2.61 time: 0.012113
Aug 08 05:44:56.149539 np0000032461 devstack@n-api.service[68866]: [pid: 68866|app: 0|req: 5/10] 192.168.1.136 () {72 vars in 1408 bytes} [Fri Aug  8 05:44:56 2025] POST /compute/v2.1/flavors => generated 410 bytes in 12 msecs (HTTP/1.1 200) 9 headers in 359 bytes (1 switches on core 0)
Aug 08 05:44:56.157590 np0000032461 devstack@n-api.service[68865]: DEBUG nova.api.openstack.wsgi [None req-c5197798-b702-4032-94e3-ea50c1b19cd1 admin admin] Action: 'create', calling method: <bound method FlavorExtraSpecsController.create of <nova.api.openstack.compute.flavors_extraspecs.FlavorExtraSpecsController object at 0x7ef23001fe00>>, body: {"extra_specs": {"hw_rng:allowed": "True"}} {{(pid=68865) _process_stack /opt/stack/nova/nova/api/openstack/wsgi.py:550}}
Aug 08 05:44:56.171230 np0000032461 devstack@n-api.service[68865]: INFO nova.api.openstack.requestlog [None req-c5197798-b702-4032-94e3-ea50c1b19cd1 admin admin] 192.168.1.136 "POST /compute/v2.1/flavors/d3/os-extra_specs" status: 200 len: 43 microversion: 2.61 time: 0.015107
Aug 08 05:44:56.171429 np0000032461 devstack@n-api.service[68865]: [pid: 68865|app: 0|req: 6/11] 192.168.1.136 () {72 vars in 1461 bytes} [Fri Aug  8 05:44:56 2025] POST /compute/v2.1/flavors/d3/os-extra_specs => generated 43 bytes in 15 msecs (HTTP/1.1 200) 9 headers in 358 bytes (1 switches on core 0)
Aug 08 05:44:56.252499 np0000032461 devstack@n-api.service[68866]: DEBUG nova.api.openstack.wsgi [None req-4e2dfa04-8add-4e97-b7f8-3884d06e4a92 admin admin] Action: 'create', calling method: <bound method FlavorsController.create of <nova.api.openstack.compute.flavors.FlavorsController object at 0x7ef23001f7d0>>, body: {"flavor": {"OS-FLV-EXT-DATA:ephemeral": 0, "swap": 0, "name": "ds4G", "disk": 20, "ram": 4096, "vcpus": 4, "rxtx_factor": 1.0, "os-flavor-access:is_public": true, "id": "d4"}} {{(pid=68866) _process_stack /opt/stack/nova/nova/api/openstack/wsgi.py:550}}
Aug 08 05:44:56.266882 np0000032461 devstack@n-api.service[68866]: INFO nova.api.openstack.requestlog [None req-4e2dfa04-8add-4e97-b7f8-3884d06e4a92 admin admin] 192.168.1.136 "POST /compute/v2.1/flavors" status: 200 len: 410 microversion: 2.61 time: 0.015884
Aug 08 05:44:56.267127 np0000032461 devstack@n-api.service[68866]: [pid: 68866|app: 0|req: 6/12] 192.168.1.136 () {72 vars in 1408 bytes} [Fri Aug  8 05:44:56 2025] POST /compute/v2.1/flavors => generated 410 bytes in 16 msecs (HTTP/1.1 200) 9 headers in 359 bytes (1 switches on core 0)
Aug 08 05:44:56.280144 np0000032461 devstack@n-api.service[68865]: DEBUG nova.api.openstack.wsgi [None req-741e0d95-0bf9-46c8-8548-a71d408947c0 admin admin] Action: 'create', calling method: <bound method FlavorExtraSpecsController.create of <nova.api.openstack.compute.flavors_extraspecs.FlavorExtraSpecsController object at 0x7ef23001fe00>>, body: {"extra_specs": {"hw_rng:allowed": "True"}} {{(pid=68865) _process_stack /opt/stack/nova/nova/api/openstack/wsgi.py:550}}
Aug 08 05:44:56.293809 np0000032461 devstack@n-api.service[68865]: INFO nova.api.openstack.requestlog [None req-741e0d95-0bf9-46c8-8548-a71d408947c0 admin admin] 192.168.1.136 "POST /compute/v2.1/flavors/d4/os-extra_specs" status: 200 len: 43 microversion: 2.61 time: 0.015455
Aug 08 05:44:56.294029 np0000032461 devstack@n-api.service[68865]: [pid: 68865|app: 0|req: 7/13] 192.168.1.136 () {72 vars in 1461 bytes} [Fri Aug  8 05:44:56 2025] POST /compute/v2.1/flavors/d4/os-extra_specs => generated 43 bytes in 16 msecs (HTTP/1.1 200) 9 headers in 358 bytes (1 switches on core 0)
Aug 08 05:44:56.375592 np0000032461 devstack@n-api.service[68866]: DEBUG nova.api.openstack.wsgi [None req-18289a7e-c4c5-45fa-98ee-51b9873a4281 admin admin] Calling method '<bound method FlavorsController.detail of <nova.api.openstack.compute.flavors.FlavorsController object at 0x7ef23001f920>>' {{(pid=68866) _process_stack /opt/stack/nova/nova/api/openstack/wsgi.py:552}}
Aug 08 05:44:56.391196 np0000032461 devstack@n-api.service[68866]: INFO nova.api.openstack.requestlog [None req-18289a7e-c4c5-45fa-98ee-51b9873a4281 admin admin] 192.168.1.136 "GET /compute/v2.1/flavors/detail?is_public=True" status: 200 len: 2136 microversion: 2.61 time: 0.017039
Aug 08 05:44:56.391594 np0000032461 devstack@n-api.service[68866]: [pid: 68866|app: 0|req: 7/14] 192.168.1.136 () {68 vars in 1417 bytes} [Fri Aug  8 05:44:56 2025] GET /compute/v2.1/flavors/detail?is_public=True => generated 2136 bytes in 17 msecs (HTTP/1.1 200) 9 headers in 360 bytes (2 switches on core 0)
Aug 08 05:44:56.475671 np0000032461 devstack@n-api.service[68865]: DEBUG nova.api.openstack.wsgi [None req-6d118752-1e7b-4a41-82e0-54a2445699e5 admin admin] Action: 'create', calling method: <bound method FlavorsController.create of <nova.api.openstack.compute.flavors.FlavorsController object at 0x7ef23001f560>>, body: {"flavor": {"OS-FLV-EXT-DATA:ephemeral": 0, "swap": 0, "name": "m1.tiny", "disk": 1, "ram": 512, "vcpus": 1, "rxtx_factor": 1.0, "os-flavor-access:is_public": true, "id": "1"}} {{(pid=68865) _process_stack /opt/stack/nova/nova/api/openstack/wsgi.py:550}}
Aug 08 05:44:56.496640 np0000032461 devstack@n-api.service[68865]: INFO nova.api.openstack.requestlog [None req-6d118752-1e7b-4a41-82e0-54a2445699e5 admin admin] 192.168.1.136 "POST /compute/v2.1/flavors" status: 200 len: 408 microversion: 2.61 time: 0.022431
Aug 08 05:44:56.496963 np0000032461 devstack@n-api.service[68865]: [pid: 68865|app: 0|req: 8/15] 192.168.1.136 () {72 vars in 1408 bytes} [Fri Aug  8 05:44:56 2025] POST /compute/v2.1/flavors => generated 408 bytes in 23 msecs (HTTP/1.1 200) 9 headers in 359 bytes (1 switches on core 0)
Aug 08 05:44:56.504667 np0000032461 devstack@n-api.service[68866]: DEBUG nova.api.openstack.wsgi [None req-0510c1fb-3ff6-44ed-8691-440712084f54 admin admin] Action: 'create', calling method: <bound method FlavorExtraSpecsController.create of <nova.api.openstack.compute.flavors_extraspecs.FlavorExtraSpecsController object at 0x7ef2300400b0>>, body: {"extra_specs": {"hw_rng:allowed": "True"}} {{(pid=68866) _process_stack /opt/stack/nova/nova/api/openstack/wsgi.py:550}}
Aug 08 05:44:56.522644 np0000032461 devstack@n-api.service[68866]: INFO nova.api.openstack.requestlog [None req-0510c1fb-3ff6-44ed-8691-440712084f54 admin admin] 192.168.1.136 "POST /compute/v2.1/flavors/1/os-extra_specs" status: 200 len: 43 microversion: 2.61 time: 0.019453
Aug 08 05:44:56.522970 np0000032461 devstack@n-api.service[68866]: [pid: 68866|app: 0|req: 8/16] 192.168.1.136 () {72 vars in 1458 bytes} [Fri Aug  8 05:44:56 2025] POST /compute/v2.1/flavors/1/os-extra_specs => generated 43 bytes in 20 msecs (HTTP/1.1 200) 9 headers in 358 bytes (1 switches on core 0)
Aug 08 05:44:56.604169 np0000032461 devstack@n-api.service[68865]: DEBUG nova.api.openstack.wsgi [None req-ff12eb9b-890b-49a9-9eec-d9b41fd9208f admin admin] Action: 'create', calling method: <bound method FlavorsController.create of <nova.api.openstack.compute.flavors.FlavorsController object at 0x7ef23001f560>>, body: {"flavor": {"OS-FLV-EXT-DATA:ephemeral": 0, "swap": 0, "name": "m1.small", "disk": 20, "ram": 2048, "vcpus": 1, "rxtx_factor": 1.0, "os-flavor-access:is_public": true, "id": "2"}} {{(pid=68865) _process_stack /opt/stack/nova/nova/api/openstack/wsgi.py:550}}
Aug 08 05:44:56.615074 np0000032461 devstack@n-api.service[68865]: INFO nova.api.openstack.requestlog [None req-ff12eb9b-890b-49a9-9eec-d9b41fd9208f admin admin] 192.168.1.136 "POST /compute/v2.1/flavors" status: 200 len: 411 microversion: 2.61 time: 0.012393
Aug 08 05:44:56.615311 np0000032461 devstack@n-api.service[68865]: [pid: 68865|app: 0|req: 9/17] 192.168.1.136 () {72 vars in 1408 bytes} [Fri Aug  8 05:44:56 2025] POST /compute/v2.1/flavors => generated 411 bytes in 13 msecs (HTTP/1.1 200) 9 headers in 359 bytes (1 switches on core 0)
Aug 08 05:44:56.623807 np0000032461 devstack@n-api.service[68866]: DEBUG nova.api.openstack.wsgi [None req-0656dbc8-0d48-4e66-a0b7-040ab2f2f4de admin admin] Action: 'create', calling method: <bound method FlavorExtraSpecsController.create of <nova.api.openstack.compute.flavors_extraspecs.FlavorExtraSpecsController object at 0x7ef2300400b0>>, body: {"extra_specs": {"hw_rng:allowed": "True"}} {{(pid=68866) _process_stack /opt/stack/nova/nova/api/openstack/wsgi.py:550}}
Aug 08 05:44:56.636079 np0000032461 devstack@n-api.service[68866]: INFO nova.api.openstack.requestlog [None req-0656dbc8-0d48-4e66-a0b7-040ab2f2f4de admin admin] 192.168.1.136 "POST /compute/v2.1/flavors/2/os-extra_specs" status: 200 len: 43 microversion: 2.61 time: 0.013699
Aug 08 05:44:56.636334 np0000032461 devstack@n-api.service[68866]: [pid: 68866|app: 0|req: 9/18] 192.168.1.136 () {72 vars in 1458 bytes} [Fri Aug  8 05:44:56 2025] POST /compute/v2.1/flavors/2/os-extra_specs => generated 43 bytes in 14 msecs (HTTP/1.1 200) 9 headers in 358 bytes (1 switches on core 0)
Aug 08 05:44:56.711994 np0000032461 devstack@n-api.service[68865]: DEBUG nova.api.openstack.wsgi [None req-e91ea81c-d99d-471f-ad91-cf24de784816 admin admin] Action: 'create', calling method: <bound method FlavorsController.create of <nova.api.openstack.compute.flavors.FlavorsController object at 0x7ef23001f560>>, body: {"flavor": {"OS-FLV-EXT-DATA:ephemeral": 0, "swap": 0, "name": "m1.medium", "disk": 40, "ram": 4096, "vcpus": 2, "rxtx_factor": 1.0, "os-flavor-access:is_public": true, "id": "3"}} {{(pid=68865) _process_stack /opt/stack/nova/nova/api/openstack/wsgi.py:550}}
Aug 08 05:44:56.722632 np0000032461 devstack@n-api.service[68865]: INFO nova.api.openstack.requestlog [None req-e91ea81c-d99d-471f-ad91-cf24de784816 admin admin] 192.168.1.136 "POST /compute/v2.1/flavors" status: 200 len: 412 microversion: 2.61 time: 0.012131
Aug 08 05:44:56.722857 np0000032461 devstack@n-api.service[68865]: [pid: 68865|app: 0|req: 10/19] 192.168.1.136 () {72 vars in 1408 bytes} [Fri Aug  8 05:44:56 2025] POST /compute/v2.1/flavors => generated 412 bytes in 12 msecs (HTTP/1.1 200) 9 headers in 359 bytes (1 switches on core 0)
Aug 08 05:44:56.730253 np0000032461 devstack@n-api.service[68866]: DEBUG nova.api.openstack.wsgi [None req-8b15bc7f-c395-421c-8fb9-d07baeffabb9 admin admin] Action: 'create', calling method: <bound method FlavorExtraSpecsController.create of <nova.api.openstack.compute.flavors_extraspecs.FlavorExtraSpecsController object at 0x7ef2300400b0>>, body: {"extra_specs": {"hw_rng:allowed": "True"}} {{(pid=68866) _process_stack /opt/stack/nova/nova/api/openstack/wsgi.py:550}}
Aug 08 05:44:56.744685 np0000032461 devstack@n-api.service[68866]: INFO nova.api.openstack.requestlog [None req-8b15bc7f-c395-421c-8fb9-d07baeffabb9 admin admin] 192.168.1.136 "POST /compute/v2.1/flavors/3/os-extra_specs" status: 200 len: 43 microversion: 2.61 time: 0.015928
Aug 08 05:44:56.744915 np0000032461 devstack@n-api.service[68866]: [pid: 68866|app: 0|req: 10/20] 192.168.1.136 () {72 vars in 1458 bytes} [Fri Aug  8 05:44:56 2025] POST /compute/v2.1/flavors/3/os-extra_specs => generated 43 bytes in 16 msecs (HTTP/1.1 200) 9 headers in 358 bytes (1 switches on core 0)
Aug 08 05:44:56.821747 np0000032461 devstack@n-api.service[68865]: DEBUG nova.api.openstack.wsgi [None req-f57e342e-df91-4115-94e8-83996a0f3c92 admin admin] Action: 'create', calling method: <bound method FlavorsController.create of <nova.api.openstack.compute.flavors.FlavorsController object at 0x7ef23001f560>>, body: {"flavor": {"OS-FLV-EXT-DATA:ephemeral": 0, "swap": 0, "name": "m1.large", "disk": 80, "ram": 8192, "vcpus": 4, "rxtx_factor": 1.0, "os-flavor-access:is_public": true, "id": "4"}} {{(pid=68865) _process_stack /opt/stack/nova/nova/api/openstack/wsgi.py:550}}
Aug 08 05:44:56.831912 np0000032461 devstack@n-api.service[68865]: INFO nova.api.openstack.requestlog [None req-f57e342e-df91-4115-94e8-83996a0f3c92 admin admin] 192.168.1.136 "POST /compute/v2.1/flavors" status: 200 len: 411 microversion: 2.61 time: 0.011638
Aug 08 05:44:56.832153 np0000032461 devstack@n-api.service[68865]: [pid: 68865|app: 0|req: 11/21] 192.168.1.136 () {72 vars in 1408 bytes} [Fri Aug  8 05:44:56 2025] POST /compute/v2.1/flavors => generated 411 bytes in 12 msecs (HTTP/1.1 200) 9 headers in 359 bytes (1 switches on core 0)
Aug 08 05:44:56.839682 np0000032461 devstack@n-api.service[68866]: DEBUG nova.api.openstack.wsgi [None req-5c4c7837-cf5e-47c9-a762-dd9286d6a832 admin admin] Action: 'create', calling method: <bound method FlavorExtraSpecsController.create of <nova.api.openstack.compute.flavors_extraspecs.FlavorExtraSpecsController object at 0x7ef2300400b0>>, body: {"extra_specs": {"hw_rng:allowed": "True"}} {{(pid=68866) _process_stack /opt/stack/nova/nova/api/openstack/wsgi.py:550}}
Aug 08 05:44:56.851733 np0000032461 devstack@n-api.service[68866]: INFO nova.api.openstack.requestlog [None req-5c4c7837-cf5e-47c9-a762-dd9286d6a832 admin admin] 192.168.1.136 "POST /compute/v2.1/flavors/4/os-extra_specs" status: 200 len: 43 microversion: 2.61 time: 0.013514
Aug 08 05:44:56.851968 np0000032461 devstack@n-api.service[68866]: [pid: 68866|app: 0|req: 11/22] 192.168.1.136 () {72 vars in 1458 bytes} [Fri Aug  8 05:44:56 2025] POST /compute/v2.1/flavors/4/os-extra_specs => generated 43 bytes in 14 msecs (HTTP/1.1 200) 9 headers in 358 bytes (1 switches on core 0)
Aug 08 05:44:56.938114 np0000032461 devstack@n-api.service[68865]: DEBUG nova.api.openstack.wsgi [None req-6078d7d0-1ebb-47a1-9f36-ac1293ca2290 admin admin] Action: 'create', calling method: <bound method FlavorsController.create of <nova.api.openstack.compute.flavors.FlavorsController object at 0x7ef23001f560>>, body: {"flavor": {"OS-FLV-EXT-DATA:ephemeral": 0, "swap": 0, "name": "m1.xlarge", "disk": 160, "ram": 16384, "vcpus": 8, "rxtx_factor": 1.0, "os-flavor-access:is_public": true, "id": "5"}} {{(pid=68865) _process_stack /opt/stack/nova/nova/api/openstack/wsgi.py:550}}
Aug 08 05:44:56.949208 np0000032461 devstack@n-api.service[68865]: INFO nova.api.openstack.requestlog [None req-6078d7d0-1ebb-47a1-9f36-ac1293ca2290 admin admin] 192.168.1.136 "POST /compute/v2.1/flavors" status: 200 len: 414 microversion: 2.61 time: 0.012572
Aug 08 05:44:56.949429 np0000032461 devstack@n-api.service[68865]: [pid: 68865|app: 0|req: 12/23] 192.168.1.136 () {72 vars in 1408 bytes} [Fri Aug  8 05:44:56 2025] POST /compute/v2.1/flavors => generated 414 bytes in 13 msecs (HTTP/1.1 200) 9 headers in 359 bytes (1 switches on core 0)
Aug 08 05:44:56.957357 np0000032461 devstack@n-api.service[68866]: DEBUG nova.api.openstack.wsgi [None req-a52848e7-1455-47b1-a84b-e8e48fa3d07c admin admin] Action: 'create', calling method: <bound method FlavorExtraSpecsController.create of <nova.api.openstack.compute.flavors_extraspecs.FlavorExtraSpecsController object at 0x7ef2300400b0>>, body: {"extra_specs": {"hw_rng:allowed": "True"}} {{(pid=68866) _process_stack /opt/stack/nova/nova/api/openstack/wsgi.py:550}}
Aug 08 05:44:56.970495 np0000032461 devstack@n-api.service[68866]: INFO nova.api.openstack.requestlog [None req-a52848e7-1455-47b1-a84b-e8e48fa3d07c admin admin] 192.168.1.136 "POST /compute/v2.1/flavors/5/os-extra_specs" status: 200 len: 43 microversion: 2.61 time: 0.014597
Aug 08 05:44:56.970733 np0000032461 devstack@n-api.service[68866]: [pid: 68866|app: 0|req: 12/24] 192.168.1.136 () {72 vars in 1458 bytes} [Fri Aug  8 05:44:56 2025] POST /compute/v2.1/flavors/5/os-extra_specs => generated 43 bytes in 15 msecs (HTTP/1.1 200) 9 headers in 358 bytes (1 switches on core 0)
Aug 08 05:45:21.594770 np0000032461 devstack@n-api.service[68865]: DEBUG nova.api.openstack.wsgi [None req-38d073b6-69dc-4dd3-9099-ec714e63d356 admin admin] Calling method '<bound method FlavorsController.detail of <nova.api.openstack.compute.flavors.FlavorsController object at 0x7ef23001f6b0>>' {{(pid=68865) _process_stack /opt/stack/nova/nova/api/openstack/wsgi.py:552}}
Aug 08 05:45:21.597381 np0000032461 devstack@n-api.service[68865]: DEBUG dbcounter [-] [68865] Writing DB stats nova_api:SELECT=21,nova_api:SAVEPOINT=5,nova_api:INSERT=10,nova_api:RELEASE=5 {{(pid=68865) stat_writer /opt/stack/data/venv/lib/python3.12/site-packages/dbcounter.py:115}}
Aug 08 05:45:21.606483 np0000032461 devstack@n-api.service[68865]: INFO nova.api.openstack.requestlog [None req-38d073b6-69dc-4dd3-9099-ec714e63d356 admin admin] 192.168.1.136 "GET /compute/v2.1/flavors/detail?is_public=True" status: 200 len: 4262 microversion: 2.61 time: 0.013186
Aug 08 05:45:21.606702 np0000032461 devstack@n-api.service[68865]: [pid: 68865|app: 0|req: 13/25] 192.168.1.136 () {68 vars in 1417 bytes} [Fri Aug  8 05:45:21 2025] GET /compute/v2.1/flavors/detail?is_public=True => generated 4262 bytes in 13 msecs (HTTP/1.1 200) 9 headers in 360 bytes (1 switches on core 0)
Aug 08 05:45:21.707012 np0000032461 devstack@n-api.service[68866]: DEBUG nova.api.openstack.wsgi [None req-266adb41-908a-4858-a0ab-55479a04e689 admin admin] Action: 'create', calling method: <bound method FlavorsController.create of <nova.api.openstack.compute.flavors.FlavorsController object at 0x7ef23001f7d0>>, body: {"flavor": {"OS-FLV-EXT-DATA:ephemeral": 0, "swap": 0, "name": "manila-service-flavor", "disk": 5, "ram": 1024, "vcpus": 1, "rxtx_factor": 1.0, "os-flavor-access:is_public": true, "id": "100"}} {{(pid=68866) _process_stack /opt/stack/nova/nova/api/openstack/wsgi.py:550}}
Aug 08 05:45:21.709577 np0000032461 devstack@n-api.service[68866]: DEBUG dbcounter [-] [68866] Writing DB stats nova_api:INSERT=10,nova_api:SELECT=21,nova_api:SAVEPOINT=5,nova_api:RELEASE=5 {{(pid=68866) stat_writer /opt/stack/data/venv/lib/python3.12/site-packages/dbcounter.py:115}}
Aug 08 05:45:21.717593 np0000032461 devstack@n-api.service[68866]: INFO nova.api.openstack.requestlog [None req-266adb41-908a-4858-a0ab-55479a04e689 admin admin] 192.168.1.136 "POST /compute/v2.1/flavors" status: 200 len: 429 microversion: 2.61 time: 0.012105
Aug 08 05:45:21.717810 np0000032461 devstack@n-api.service[68866]: [pid: 68866|app: 0|req: 13/26] 192.168.1.136 () {72 vars in 1408 bytes} [Fri Aug  8 05:45:21 2025] POST /compute/v2.1/flavors => generated 429 bytes in 12 msecs (HTTP/1.1 200) 9 headers in 359 bytes (1 switches on core 0)
Aug 08 05:46:08.511640 np0000032461 devstack@n-api.service[68865]: DEBUG nova.api.openstack.wsgi [None req-c06c832f-ff7f-4a1c-b74f-ff196c2ea6e2 admin admin] Calling method '<bound method KeypairController.index of <nova.api.openstack.compute.keypairs.KeypairController object at 0x7ef2300d2930>>' {{(pid=68865) _process_stack /opt/stack/nova/nova/api/openstack/wsgi.py:552}}
Aug 08 05:46:08.513800 np0000032461 devstack@n-api.service[68865]: WARNING oslo_db.sqlalchemy.utils [None req-c06c832f-ff7f-4a1c-b74f-ff196c2ea6e2 admin admin] Unique keys not in sort_keys. The sorting order may be unstable.
Aug 08 05:46:08.520188 np0000032461 devstack@n-api.service[68865]: INFO nova.api.openstack.requestlog [None req-c06c832f-ff7f-4a1c-b74f-ff196c2ea6e2 admin admin] 192.168.1.136 "GET /compute/v2.1/os-keypairs" status: 200 len: 16 microversion: 2.10 time: 0.009916
Aug 08 05:46:08.520489 np0000032461 devstack@n-api.service[68865]: [pid: 68865|app: 0|req: 14/27] 192.168.1.136 () {68 vars in 1379 bytes} [Fri Aug  8 05:46:08 2025] GET /compute/v2.1/os-keypairs => generated 16 bytes in 10 msecs (HTTP/1.1 200) 9 headers in 358 bytes (1 switches on core 0)
Aug 08 05:46:08.613393 np0000032461 devstack@n-api.service[68866]: DEBUG nova.api.openstack.wsgi [None req-a8c60d6f-56ea-4af0-89f7-204f88973204 admin admin] Action: 'create', calling method: <bound method KeypairController.create of <nova.api.openstack.compute.keypairs.KeypairController object at 0x7ef2300d2d80>>, body: {"keypair": {"public_key": "ecdsa-sha2-nistp256 AAAAE2VjZHNhLXNoYTItbmlzdHAyNTYAAAAIbmlzdHAyNTYAAABBBET4YItexO9yUc21/gWd121CyEyIWthyVXBi+pmuciCUU+v2zEDVLuyDSf8CwXlZnoogbzr8fwzhgjoRclT3axA= stack@np0000032461\n", "name": "manila-service"}} {{(pid=68866) _process_stack /opt/stack/nova/nova/api/openstack/wsgi.py:550}}
Aug 08 05:46:08.628017 np0000032461 devstack@n-api.service[68866]: DEBUG nova.quota [None req-a8c60d6f-56ea-4af0-89f7-204f88973204 admin admin] Getting quotas for project 20b93be37bef4850a3009298e6fd2832. Resources: {'key_pairs'} {{(pid=68866) _get_quotas /opt/stack/nova/nova/quota.py:392}}
Aug 08 05:46:08.631162 np0000032461 devstack@n-api.service[68866]: DEBUG nova.quota [None req-a8c60d6f-56ea-4af0-89f7-204f88973204 admin admin] Getting quotas for user d1987fbdf9ec42efb34f4d708bd3643f and project 20b93be37bef4850a3009298e6fd2832. Resources: {'key_pairs'} {{(pid=68866) _get_quotas /opt/stack/nova/nova/quota.py:382}}
Aug 08 05:46:08.653024 np0000032461 devstack@n-api.service[68866]: INFO nova.api.openstack.requestlog [None req-a8c60d6f-56ea-4af0-89f7-204f88973204 admin admin] 192.168.1.136 "POST /compute/v2.1/os-keypairs" status: 201 len: 366 microversion: 2.10 time: 0.040898
Aug 08 05:46:08.653127 np0000032461 devstack@n-api.service[68866]: [pid: 68866|app: 0|req: 14/28] 192.168.1.136 () {72 vars in 1420 bytes} [Fri Aug  8 05:46:08 2025] POST /compute/v2.1/os-keypairs => generated 366 bytes in 41 msecs (HTTP/1.1 201) 9 headers in 364 bytes (1 switches on core 0)
Aug 08 05:46:14.770531 np0000032461 devstack@n-api.service[68865]: DEBUG nova.api.openstack.wsgi [None req-715debea-874c-48cb-9684-c5a4c15b8a4c admin admin] Calling method '<bound method ServiceController.index of <nova.api.openstack.compute.services.ServiceController object at 0x7ef23067b530>>' {{(pid=68865) _process_stack /opt/stack/nova/nova/api/openstack/wsgi.py:552}}
Aug 08 05:46:14.772208 np0000032461 devstack@n-api.service[68865]: DEBUG oslo_concurrency.lockutils [None req-715debea-874c-48cb-9684-c5a4c15b8a4c admin admin] Acquiring lock "00000000-0000-0000-0000-000000000000" by "nova.context.set_target_cell.<locals>.get_or_set_cached_cell_and_set_connections" {{(pid=68865) inner /opt/stack/data/venv/lib/python3.12/site-packages/oslo_concurrency/lockutils.py:405}}
Aug 08 05:46:14.772373 np0000032461 devstack@n-api.service[68865]: DEBUG oslo_concurrency.lockutils [None req-715debea-874c-48cb-9684-c5a4c15b8a4c admin admin] Lock "00000000-0000-0000-0000-000000000000" acquired by "nova.context.set_target_cell.<locals>.get_or_set_cached_cell_and_set_connections" :: waited 0.000s {{(pid=68865) inner /opt/stack/data/venv/lib/python3.12/site-packages/oslo_concurrency/lockutils.py:410}}
Aug 08 05:46:14.772487 np0000032461 devstack@n-api.service[68865]: DEBUG oslo_concurrency.lockutils [None req-715debea-874c-48cb-9684-c5a4c15b8a4c admin admin] Lock "00000000-0000-0000-0000-000000000000" "released" by "nova.context.set_target_cell.<locals>.get_or_set_cached_cell_and_set_connections" :: held 0.000s {{(pid=68865) inner /opt/stack/data/venv/lib/python3.12/site-packages/oslo_concurrency/lockutils.py:424}}
Aug 08 05:46:14.772849 np0000032461 devstack@n-api.service[68865]: DEBUG oslo_concurrency.lockutils [None req-715debea-874c-48cb-9684-c5a4c15b8a4c admin admin] Acquiring lock "b459f79b-68f1-4cd7-ace7-2079c38085db" by "nova.context.set_target_cell.<locals>.get_or_set_cached_cell_and_set_connections" {{(pid=68865) inner /opt/stack/data/venv/lib/python3.12/site-packages/oslo_concurrency/lockutils.py:405}}
Aug 08 05:46:14.772967 np0000032461 devstack@n-api.service[68865]: DEBUG oslo_concurrency.lockutils [None req-715debea-874c-48cb-9684-c5a4c15b8a4c admin admin] Lock "b459f79b-68f1-4cd7-ace7-2079c38085db" acquired by "nova.context.set_target_cell.<locals>.get_or_set_cached_cell_and_set_connections" :: waited 0.000s {{(pid=68865) inner /opt/stack/data/venv/lib/python3.12/site-packages/oslo_concurrency/lockutils.py:410}}
