Jul 29 16:10:07.413284 np0000031961 devstack@n-api.service[69079]: DEBUG oslo_concurrency.lockutils [None req-258ab328-2d10-457a-892b-6f4262ebee52 None None] Lock "00000000-0000-0000-0000-000000000000" "released" by "nova.context.set_target_cell.<locals>.get_or_set_cached_cell_and_set_connections" :: held 0.000s {{(pid=69079) inner /opt/stack/data/venv/lib/python3.12/site-packages/oslo_concurrency/lockutils.py:424}}
Jul 29 16:10:07.413305 np0000031961 devstack@n-api.service[69078]: DEBUG oslo_concurrency.lockutils [None req-f7e380df-2f3d-4303-beaa-5e3149bb40b3 None None] Acquiring lock "00000000-0000-0000-0000-000000000000" by "nova.context.set_target_cell.<locals>.get_or_set_cached_cell_and_set_connections" {{(pid=69078) inner /opt/stack/data/venv/lib/python3.12/site-packages/oslo_concurrency/lockutils.py:405}}
Jul 29 16:10:07.413476 np0000031961 devstack@n-api.service[69078]: DEBUG oslo_concurrency.lockutils [None req-f7e380df-2f3d-4303-beaa-5e3149bb40b3 None None] Lock "00000000-0000-0000-0000-000000000000" acquired by "nova.context.set_target_cell.<locals>.get_or_set_cached_cell_and_set_connections" :: waited 0.000s {{(pid=69078) inner /opt/stack/data/venv/lib/python3.12/site-packages/oslo_concurrency/lockutils.py:410}}
Jul 29 16:10:07.413588 np0000031961 devstack@n-api.service[69079]: DEBUG oslo_concurrency.lockutils [None req-258ab328-2d10-457a-892b-6f4262ebee52 None None] Acquiring lock "2cdb8b21-0da9-41dc-8f69-ef6c3f25b92a" by "nova.context.set_target_cell.<locals>.get_or_set_cached_cell_and_set_connections" {{(pid=69079) inner /opt/stack/data/venv/lib/python3.12/site-packages/oslo_concurrency/lockutils.py:405}}
Jul 29 16:10:07.413714 np0000031961 devstack@n-api.service[69079]: DEBUG oslo_concurrency.lockutils [None req-258ab328-2d10-457a-892b-6f4262ebee52 None None] Lock "2cdb8b21-0da9-41dc-8f69-ef6c3f25b92a" acquired by "nova.context.set_target_cell.<locals>.get_or_set_cached_cell_and_set_connections" :: waited 0.000s {{(pid=69079) inner /opt/stack/data/venv/lib/python3.12/site-packages/oslo_concurrency/lockutils.py:410}}
Jul 29 16:10:07.413786 np0000031961 devstack@n-api.service[69078]: DEBUG oslo_concurrency.lockutils [None req-f7e380df-2f3d-4303-beaa-5e3149bb40b3 None None] Lock "00000000-0000-0000-0000-000000000000" "released" by "nova.context.set_target_cell.<locals>.get_or_set_cached_cell_and_set_connections" :: held 0.000s {{(pid=69078) inner /opt/stack/data/venv/lib/python3.12/site-packages/oslo_concurrency/lockutils.py:424}}
Jul 29 16:10:07.414098 np0000031961 devstack@n-api.service[69078]: DEBUG oslo_concurrency.lockutils [None req-f7e380df-2f3d-4303-beaa-5e3149bb40b3 None None] Acquiring lock "2cdb8b21-0da9-41dc-8f69-ef6c3f25b92a" by "nova.context.set_target_cell.<locals>.get_or_set_cached_cell_and_set_connections" {{(pid=69078) inner /opt/stack/data/venv/lib/python3.12/site-packages/oslo_concurrency/lockutils.py:405}}
Jul 29 16:10:07.414225 np0000031961 devstack@n-api.service[69078]: DEBUG oslo_concurrency.lockutils [None req-f7e380df-2f3d-4303-beaa-5e3149bb40b3 None None] Lock "2cdb8b21-0da9-41dc-8f69-ef6c3f25b92a" acquired by "nova.context.set_target_cell.<locals>.get_or_set_cached_cell_and_set_connections" :: waited 0.000s {{(pid=69078) inner /opt/stack/data/venv/lib/python3.12/site-packages/oslo_concurrency/lockutils.py:410}}
Jul 29 16:10:07.414392 np0000031961 devstack@n-api.service[69079]: DEBUG oslo_concurrency.lockutils [None req-258ab328-2d10-457a-892b-6f4262ebee52 None None] Lock "2cdb8b21-0da9-41dc-8f69-ef6c3f25b92a" "released" by "nova.context.set_target_cell.<locals>.get_or_set_cached_cell_and_set_connections" :: held 0.001s {{(pid=69079) inner /opt/stack/data/venv/lib/python3.12/site-packages/oslo_concurrency/lockutils.py:424}}
Jul 29 16:10:07.414886 np0000031961 devstack@n-api.service[69078]: DEBUG oslo_concurrency.lockutils [None req-f7e380df-2f3d-4303-beaa-5e3149bb40b3 None None] Lock "2cdb8b21-0da9-41dc-8f69-ef6c3f25b92a" "released" by "nova.context.set_target_cell.<locals>.get_or_set_cached_cell_and_set_connections" :: held 0.001s {{(pid=69078) inner /opt/stack/data/venv/lib/python3.12/site-packages/oslo_concurrency/lockutils.py:424}}
Jul 29 16:10:07.415463 np0000031961 devstack@n-api.service[69079]: INFO dbcounter [None req-258ab328-2d10-457a-892b-6f4262ebee52 None None] Registered counter for database nova_cell0
Jul 29 16:10:07.415948 np0000031961 devstack@n-api.service[69078]: INFO dbcounter [None req-f7e380df-2f3d-4303-beaa-5e3149bb40b3 None None] Registered counter for database nova_cell0
Jul 29 16:10:07.417269 np0000031961 devstack@n-api.service[69079]: INFO dbcounter [None req-258ab328-2d10-457a-892b-6f4262ebee52 None None] Registered counter for database nova_cell1
Jul 29 16:10:07.417744 np0000031961 devstack@n-api.service[69078]: INFO dbcounter [None req-f7e380df-2f3d-4303-beaa-5e3149bb40b3 None None] Registered counter for database nova_cell1
Jul 29 16:10:07.420319 np0000031961 devstack@n-api.service[69079]: DEBUG oslo_db.sqlalchemy.engines [None req-258ab328-2d10-457a-892b-6f4262ebee52 None None] MySQL server mode set to STRICT_TRANS_TABLES,STRICT_ALL_TABLES,NO_ZERO_IN_DATE,NO_ZERO_DATE,ERROR_FOR_DIVISION_BY_ZERO,TRADITIONAL,NO_ENGINE_SUBSTITUTION {{(pid=69079) _check_effective_sql_mode /opt/stack/data/venv/lib/python3.12/site-packages/oslo_db/sqlalchemy/engines.py:397}}
Jul 29 16:10:07.422072 np0000031961 devstack@n-api.service[69078]: DEBUG oslo_db.sqlalchemy.engines [None req-f7e380df-2f3d-4303-beaa-5e3149bb40b3 None None] MySQL server mode set to STRICT_TRANS_TABLES,STRICT_ALL_TABLES,NO_ZERO_IN_DATE,NO_ZERO_DATE,ERROR_FOR_DIVISION_BY_ZERO,TRADITIONAL,NO_ENGINE_SUBSTITUTION {{(pid=69078) _check_effective_sql_mode /opt/stack/data/venv/lib/python3.12/site-packages/oslo_db/sqlalchemy/engines.py:397}}
Jul 29 16:10:07.479521 np0000031961 devstack@n-api.service[69079]: DEBUG dbcounter [-] [69079] Writer thread running {{(pid=69079) stat_writer /opt/stack/data/venv/lib/python3.12/site-packages/dbcounter.py:102}}
Jul 29 16:10:07.479781 np0000031961 devstack@n-api.service[69079]: DEBUG oslo_db.sqlalchemy.engines [None req-258ab328-2d10-457a-892b-6f4262ebee52 None None] MySQL server mode set to STRICT_TRANS_TABLES,STRICT_ALL_TABLES,NO_ZERO_IN_DATE,NO_ZERO_DATE,ERROR_FOR_DIVISION_BY_ZERO,TRADITIONAL,NO_ENGINE_SUBSTITUTION {{(pid=69079) _check_effective_sql_mode /opt/stack/data/venv/lib/python3.12/site-packages/oslo_db/sqlalchemy/engines.py:397}}
Jul 29 16:10:07.481556 np0000031961 devstack@n-api.service[69078]: DEBUG oslo_db.sqlalchemy.engines [None req-f7e380df-2f3d-4303-beaa-5e3149bb40b3 None None] MySQL server mode set to STRICT_TRANS_TABLES,STRICT_ALL_TABLES,NO_ZERO_IN_DATE,NO_ZERO_DATE,ERROR_FOR_DIVISION_BY_ZERO,TRADITIONAL,NO_ENGINE_SUBSTITUTION {{(pid=69078) _check_effective_sql_mode /opt/stack/data/venv/lib/python3.12/site-packages/oslo_db/sqlalchemy/engines.py:397}}
Jul 29 16:10:07.481850 np0000031961 devstack@n-api.service[69078]: DEBUG dbcounter [-] [69078] Writer thread running {{(pid=69078) stat_writer /opt/stack/data/venv/lib/python3.12/site-packages/dbcounter.py:102}}
Jul 29 16:10:07.483277 np0000031961 devstack@n-api.service[69079]: DEBUG dbcounter [-] [69079] Writer thread running {{(pid=69079) stat_writer /opt/stack/data/venv/lib/python3.12/site-packages/dbcounter.py:102}}
Jul 29 16:10:07.485039 np0000031961 devstack@n-api.service[69079]: INFO dbcounter [None req-258ab328-2d10-457a-892b-6f4262ebee52 None None] Registered counter for database nova_cell0
Jul 29 16:10:07.485453 np0000031961 devstack@n-api.service[69078]: DEBUG dbcounter [-] [69078] Writer thread running {{(pid=69078) stat_writer /opt/stack/data/venv/lib/python3.12/site-packages/dbcounter.py:102}}
Jul 29 16:10:07.487215 np0000031961 devstack@n-api.service[69078]: INFO dbcounter [None req-f7e380df-2f3d-4303-beaa-5e3149bb40b3 None None] Registered counter for database nova_cell0
Jul 29 16:10:07.489959 np0000031961 devstack@n-api.service[69079]: DEBUG oslo_db.sqlalchemy.engines [None req-258ab328-2d10-457a-892b-6f4262ebee52 None None] MySQL server mode set to STRICT_TRANS_TABLES,STRICT_ALL_TABLES,NO_ZERO_IN_DATE,NO_ZERO_DATE,ERROR_FOR_DIVISION_BY_ZERO,TRADITIONAL,NO_ENGINE_SUBSTITUTION {{(pid=69079) _check_effective_sql_mode /opt/stack/data/venv/lib/python3.12/site-packages/oslo_db/sqlalchemy/engines.py:397}}
Jul 29 16:10:07.491889 np0000031961 devstack@n-api.service[69078]: DEBUG oslo_db.sqlalchemy.engines [None req-f7e380df-2f3d-4303-beaa-5e3149bb40b3 None None] MySQL server mode set to STRICT_TRANS_TABLES,STRICT_ALL_TABLES,NO_ZERO_IN_DATE,NO_ZERO_DATE,ERROR_FOR_DIVISION_BY_ZERO,TRADITIONAL,NO_ENGINE_SUBSTITUTION {{(pid=69078) _check_effective_sql_mode /opt/stack/data/venv/lib/python3.12/site-packages/oslo_db/sqlalchemy/engines.py:397}}
Jul 29 16:10:07.493467 np0000031961 devstack@n-api.service[69079]: DEBUG dbcounter [-] [69079] Writer thread running {{(pid=69079) stat_writer /opt/stack/data/venv/lib/python3.12/site-packages/dbcounter.py:102}}
Jul 29 16:10:07.495394 np0000031961 devstack@n-api.service[69078]: DEBUG dbcounter [-] [69078] Writer thread running {{(pid=69078) stat_writer /opt/stack/data/venv/lib/python3.12/site-packages/dbcounter.py:102}}
Jul 29 16:10:07.815978 np0000031961 devstack@n-api.service[69079]: DEBUG oslo_concurrency.processutils [None req-258ab328-2d10-457a-892b-6f4262ebee52 None None] Running cmd (subprocess): grep -F node.session.scan /sbin/iscsiadm {{(pid=69079) execute /opt/stack/data/venv/lib/python3.12/site-packages/oslo_concurrency/processutils.py:349}}
Jul 29 16:10:07.817278 np0000031961 devstack@n-api.service[69078]: DEBUG oslo_concurrency.processutils [None req-f7e380df-2f3d-4303-beaa-5e3149bb40b3 None None] Running cmd (subprocess): grep -F node.session.scan /sbin/iscsiadm {{(pid=69078) execute /opt/stack/data/venv/lib/python3.12/site-packages/oslo_concurrency/processutils.py:349}}
Jul 29 16:10:07.823212 np0000031961 devstack@n-api.service[69079]: DEBUG oslo_concurrency.processutils [None req-258ab328-2d10-457a-892b-6f4262ebee52 None None] CMD "grep -F node.session.scan /sbin/iscsiadm" returned: 0 in 0.007s {{(pid=69079) execute /opt/stack/data/venv/lib/python3.12/site-packages/oslo_concurrency/processutils.py:372}}
Jul 29 16:10:07.824075 np0000031961 devstack@n-api.service[69078]: DEBUG oslo_concurrency.processutils [None req-f7e380df-2f3d-4303-beaa-5e3149bb40b3 None None] CMD "grep -F node.session.scan /sbin/iscsiadm" returned: 0 in 0.007s {{(pid=69078) execute /opt/stack/data/venv/lib/python3.12/site-packages/oslo_concurrency/processutils.py:372}}
Jul 29 16:10:08.108872 np0000031961 devstack@n-api.service[69079]: WARNING keystonemiddleware.auth_token [None req-258ab328-2d10-457a-892b-6f4262ebee52 None None] AuthToken middleware is set with keystone_authtoken.service_token_roles_required set to False. This is backwards compatible but deprecated behaviour. Please set this to True.
Jul 29 16:10:08.109688 np0000031961 devstack@n-api.service[69078]: WARNING keystonemiddleware.auth_token [None req-f7e380df-2f3d-4303-beaa-5e3149bb40b3 None None] AuthToken middleware is set with keystone_authtoken.service_token_roles_required set to False. This is backwards compatible but deprecated behaviour. Please set this to True.
Jul 29 16:10:08.112160 np0000031961 devstack@n-api.service[69079]: WARNING keystonemiddleware.auth_token [None req-258ab328-2d10-457a-892b-6f4262ebee52 None None] Configuring www_authenticate_uri to point to the public identity endpoint is required; clients may not be able to authenticate against an admin endpoint
Jul 29 16:10:08.112959 np0000031961 devstack@n-api.service[69078]: WARNING keystonemiddleware.auth_token [None req-f7e380df-2f3d-4303-beaa-5e3149bb40b3 None None] Configuring www_authenticate_uri to point to the public identity endpoint is required; clients may not be able to authenticate against an admin endpoint
Jul 29 16:10:08.264725 np0000031961 devstack@n-api.service[69079]: WARNING keystonemiddleware.auth_token [None req-258ab328-2d10-457a-892b-6f4262ebee52 None None] AuthToken middleware is set with keystone_authtoken.service_token_roles_required set to False. This is backwards compatible but deprecated behaviour. Please set this to True.
Jul 29 16:10:08.265216 np0000031961 devstack@n-api.service[69078]: WARNING keystonemiddleware.auth_token [None req-f7e380df-2f3d-4303-beaa-5e3149bb40b3 None None] AuthToken middleware is set with keystone_authtoken.service_token_roles_required set to False. This is backwards compatible but deprecated behaviour. Please set this to True.
Jul 29 16:10:08.267190 np0000031961 devstack@n-api.service[69079]: WARNING keystonemiddleware.auth_token [None req-258ab328-2d10-457a-892b-6f4262ebee52 None None] Configuring www_authenticate_uri to point to the public identity endpoint is required; clients may not be able to authenticate against an admin endpoint
Jul 29 16:10:08.267633 np0000031961 devstack@n-api.service[69078]: WARNING keystonemiddleware.auth_token [None req-f7e380df-2f3d-4303-beaa-5e3149bb40b3 None None] Configuring www_authenticate_uri to point to the public identity endpoint is required; clients may not be able to authenticate against an admin endpoint
Jul 29 16:10:08.269018 np0000031961 devstack@n-api.service[69079]: WSGI app 0 (mountpoint='') ready in 3 seconds on interpreter 0x70ae138a39e8 pid: 69079 (default app)
Jul 29 16:10:08.269467 np0000031961 devstack@n-api.service[69078]: WSGI app 0 (mountpoint='') ready in 3 seconds on interpreter 0x70ae138a39e8 pid: 69078 (default app)
Jul 29 16:10:08.269906 np0000031961 devstack@n-api.service[69079]: DEBUG nova.api.openstack.wsgi [None req-258ab328-2d10-457a-892b-6f4262ebee52 None None] Calling method '<bound method VersionsV2.index of <nova.api.openstack.compute.versions.VersionsV2 object at 0x70ae0d1b43b0>>' {{(pid=69079) _process_stack /opt/stack/nova/nova/api/openstack/wsgi.py:552}}
Jul 29 16:10:08.272454 np0000031961 devstack@n-api.service[69079]: INFO nova.api.openstack.requestlog [None req-258ab328-2d10-457a-892b-6f4262ebee52 None None] 192.168.1.147 "GET /compute/v2.1/" status: 200 len: 391 microversion: 2.1 time: 0.002751
Jul 29 16:10:08.272628 np0000031961 devstack@n-api.service[69079]: [pid: 69079|app: 0|req: 1/1] 192.168.1.147 () {50 vars in 771 bytes} [Tue Jul 29 16:10:08 2025] GET /compute/v2.1/ => generated 391 bytes in 3 msecs (HTTP/1.1 200) 9 headers in 357 bytes (1 switches on core 0)
Jul 29 16:10:42.432161 np0000031961 devstack@n-api.service[69078]: DEBUG nova.api.openstack.wsgi [None req-f7e380df-2f3d-4303-beaa-5e3149bb40b3 None None] Calling method '<bound method VersionsV2.index of <nova.api.openstack.compute.versions.VersionsV2 object at 0x70ae0d3f8200>>' {{(pid=69078) _process_stack /opt/stack/nova/nova/api/openstack/wsgi.py:552}}
Jul 29 16:10:42.434606 np0000031961 devstack@n-api.service[69078]: INFO nova.api.openstack.requestlog [None req-f7e380df-2f3d-4303-beaa-5e3149bb40b3 None None] 192.168.1.147 "GET /compute/v2.1" status: 200 len: 392 microversion: 2.1 time: 0.003045
Jul 29 16:10:42.434786 np0000031961 devstack@n-api.service[69078]: [pid: 69078|app: 0|req: 1/2] 192.168.1.147 () {62 vars in 1056 bytes} [Tue Jul 29 16:10:42 2025] GET /compute/v2.1 => generated 392 bytes in 4 msecs (HTTP/1.1 200) 9 headers in 357 bytes (1 switches on core 0)
Jul 29 16:10:42.444824 np0000031961 devstack@n-api.service[69079]: DEBUG dbcounter [-] [69079] Writing DB stats nova_api:SELECT=1 {{(pid=69079) stat_writer /opt/stack/data/venv/lib/python3.12/site-packages/dbcounter.py:115}}
Jul 29 16:10:42.445184 np0000031961 devstack@n-api.service[69079]: DEBUG dbcounter [-] [69079] Writing DB stats nova_cell0:SELECT=1 {{(pid=69079) stat_writer /opt/stack/data/venv/lib/python3.12/site-packages/dbcounter.py:115}}
Jul 29 16:10:42.445570 np0000031961 devstack@n-api.service[69079]: DEBUG dbcounter [-] [69079] Writing DB stats nova_cell1:SELECT=1 {{(pid=69079) stat_writer /opt/stack/data/venv/lib/python3.12/site-packages/dbcounter.py:115}}
Jul 29 16:10:42.445941 np0000031961 devstack@n-api.service[69079]: DEBUG dbcounter [-] [69079] Writing DB stats nova_cell0:SELECT=2,nova_cell0:INSERT=1 {{(pid=69079) stat_writer /opt/stack/data/venv/lib/python3.12/site-packages/dbcounter.py:115}}
Jul 29 16:10:42.550854 np0000031961 devstack@n-api.service[69079]: DEBUG nova.api.openstack.wsgi [None req-fce029a2-46b7-4668-b96c-27dfa8c74ed1 admin admin] Calling method '<bound method FlavorsController.detail of <nova.api.openstack.compute.flavors.FlavorsController object at 0x70ae0cb6d490>>' {{(pid=69079) _process_stack /opt/stack/nova/nova/api/openstack/wsgi.py:552}}
Jul 29 16:10:42.567848 np0000031961 devstack@n-api.service[69079]: INFO nova.api.openstack.requestlog [None req-fce029a2-46b7-4668-b96c-27dfa8c74ed1 admin admin] 192.168.1.147 "GET /compute/v2.1/flavors/detail?is_public=True" status: 200 len: 15 microversion: 2.61 time: 0.128275
Jul 29 16:10:42.568140 np0000031961 devstack@n-api.service[69079]: [pid: 69079|app: 0|req: 2/3] 192.168.1.147 () {68 vars in 1417 bytes} [Tue Jul 29 16:10:42 2025] GET /compute/v2.1/flavors/detail?is_public=True => generated 15 bytes in 129 msecs (HTTP/1.1 200) 9 headers in 358 bytes (1 switches on core 0)
Jul 29 16:10:42.649498 np0000031961 devstack@n-api.service[69078]: DEBUG dbcounter [-] [69078] Writing DB stats nova_api:SELECT=1 {{(pid=69078) stat_writer /opt/stack/data/venv/lib/python3.12/site-packages/dbcounter.py:115}}
Jul 29 16:10:42.649966 np0000031961 devstack@n-api.service[69078]: DEBUG dbcounter [-] [69078] Writing DB stats nova_cell1:SELECT=1 {{(pid=69078) stat_writer /opt/stack/data/venv/lib/python3.12/site-packages/dbcounter.py:115}}
Jul 29 16:10:42.650296 np0000031961 devstack@n-api.service[69078]: DEBUG dbcounter [-] [69078] Writing DB stats nova_cell0:SELECT=1 {{(pid=69078) stat_writer /opt/stack/data/venv/lib/python3.12/site-packages/dbcounter.py:115}}
Jul 29 16:10:42.650591 np0000031961 devstack@n-api.service[69078]: DEBUG dbcounter [-] [69078] Writing DB stats nova_cell0:SELECT=2,nova_cell0:INSERT=1 {{(pid=69078) stat_writer /opt/stack/data/venv/lib/python3.12/site-packages/dbcounter.py:115}}
Jul 29 16:10:42.709596 np0000031961 devstack@n-api.service[69078]: DEBUG nova.api.openstack.wsgi [None req-0a8e01c7-b426-4034-84d1-e0d8d9f22551 admin admin] Action: 'create', calling method: <bound method FlavorsController.create of <nova.api.openstack.compute.flavors.FlavorsController object at 0x70ae0cb70fe0>>, body: {"flavor": {"disk": 1, "ram": 256, "OS-FLV-EXT-DATA:ephemeral": 0, "id": "c1", "swap": 0, "os-flavor-access:is_public": true, "rxtx_factor": 1.0, "vcpus": 1, "name": "cirros256"}} {{(pid=69078) _process_stack /opt/stack/nova/nova/api/openstack/wsgi.py:550}}
Jul 29 16:10:42.739629 np0000031961 devstack@n-api.service[69078]: INFO nova.api.openstack.requestlog [None req-0a8e01c7-b426-4034-84d1-e0d8d9f22551 admin admin] 192.168.1.147 "POST /compute/v2.1/flavors" status: 200 len: 413 microversion: 2.61 time: 0.093154
Jul 29 16:10:42.739868 np0000031961 devstack@n-api.service[69078]: [pid: 69078|app: 0|req: 2/4] 192.168.1.147 () {72 vars in 1408 bytes} [Tue Jul 29 16:10:42 2025] POST /compute/v2.1/flavors => generated 413 bytes in 93 msecs (HTTP/1.1 200) 9 headers in 359 bytes (1 switches on core 0)
Jul 29 16:10:42.749047 np0000031961 devstack@n-api.service[69079]: DEBUG nova.api.openstack.wsgi [None req-4d41a525-4128-4435-9809-584877bb413b admin admin] Action: 'create', calling method: <bound method FlavorExtraSpecsController.create of <nova.api.openstack.compute.flavors_extraspecs.FlavorExtraSpecsController object at 0x70ae0cb6dbe0>>, body: {"extra_specs": {"hw_rng:allowed": "True"}} {{(pid=69079) _process_stack /opt/stack/nova/nova/api/openstack/wsgi.py:550}}
Jul 29 16:10:42.775568 np0000031961 devstack@n-api.service[69079]: INFO nova.api.openstack.requestlog [None req-4d41a525-4128-4435-9809-584877bb413b admin admin] 192.168.1.147 "POST /compute/v2.1/flavors/c1/os-extra_specs" status: 200 len: 43 microversion: 2.61 time: 0.028752
Jul 29 16:10:42.775678 np0000031961 devstack@n-api.service[69079]: [pid: 69079|app: 0|req: 3/5] 192.168.1.147 () {72 vars in 1461 bytes} [Tue Jul 29 16:10:42 2025] POST /compute/v2.1/flavors/c1/os-extra_specs => generated 43 bytes in 29 msecs (HTTP/1.1 200) 9 headers in 358 bytes (1 switches on core 0)
Jul 29 16:10:42.853229 np0000031961 devstack@n-api.service[69078]: DEBUG nova.api.openstack.wsgi [None req-2df7c604-1f1c-4e56-b26b-a7f21aac3c34 admin admin] Action: 'create', calling method: <bound method FlavorsController.create of <nova.api.openstack.compute.flavors.FlavorsController object at 0x70ae0cb70fe0>>, body: {"flavor": {"disk": 5, "ram": 512, "OS-FLV-EXT-DATA:ephemeral": 0, "id": "d1", "swap": 0, "os-flavor-access:is_public": true, "rxtx_factor": 1.0, "vcpus": 1, "name": "ds512M"}} {{(pid=69078) _process_stack /opt/stack/nova/nova/api/openstack/wsgi.py:550}}
Jul 29 16:10:42.864242 np0000031961 devstack@n-api.service[69078]: INFO nova.api.openstack.requestlog [None req-2df7c604-1f1c-4e56-b26b-a7f21aac3c34 admin admin] 192.168.1.147 "POST /compute/v2.1/flavors" status: 200 len: 410 microversion: 2.61 time: 0.012887
Jul 29 16:10:42.864474 np0000031961 devstack@n-api.service[69078]: [pid: 69078|app: 0|req: 3/6] 192.168.1.147 () {72 vars in 1408 bytes} [Tue Jul 29 16:10:42 2025] POST /compute/v2.1/flavors => generated 410 bytes in 13 msecs (HTTP/1.1 200) 9 headers in 359 bytes (1 switches on core 0)
Jul 29 16:10:42.871929 np0000031961 devstack@n-api.service[69079]: DEBUG nova.api.openstack.wsgi [None req-6af9aef1-cb66-4595-9b2f-fda60907d2fa admin admin] Action: 'create', calling method: <bound method FlavorExtraSpecsController.create of <nova.api.openstack.compute.flavors_extraspecs.FlavorExtraSpecsController object at 0x70ae0cb6dbe0>>, body: {"extra_specs": {"hw_rng:allowed": "True"}} {{(pid=69079) _process_stack /opt/stack/nova/nova/api/openstack/wsgi.py:550}}
Jul 29 16:10:42.885310 np0000031961 devstack@n-api.service[69079]: INFO nova.api.openstack.requestlog [None req-6af9aef1-cb66-4595-9b2f-fda60907d2fa admin admin] 192.168.1.147 "POST /compute/v2.1/flavors/d1/os-extra_specs" status: 200 len: 43 microversion: 2.61 time: 0.014782
Jul 29 16:10:42.885517 np0000031961 devstack@n-api.service[69079]: [pid: 69079|app: 0|req: 4/7] 192.168.1.147 () {72 vars in 1461 bytes} [Tue Jul 29 16:10:42 2025] POST /compute/v2.1/flavors/d1/os-extra_specs => generated 43 bytes in 15 msecs (HTTP/1.1 200) 9 headers in 358 bytes (1 switches on core 0)
Jul 29 16:10:42.975087 np0000031961 devstack@n-api.service[69078]: DEBUG nova.api.openstack.wsgi [None req-c97f3741-2927-458f-af9d-28a0957f8501 admin admin] Action: 'create', calling method: <bound method FlavorsController.create of <nova.api.openstack.compute.flavors.FlavorsController object at 0x70ae0cb70fe0>>, body: {"flavor": {"disk": 10, "ram": 1024, "OS-FLV-EXT-DATA:ephemeral": 0, "id": "d2", "swap": 0, "os-flavor-access:is_public": true, "rxtx_factor": 1.0, "vcpus": 1, "name": "ds1G"}} {{(pid=69078) _process_stack /opt/stack/nova/nova/api/openstack/wsgi.py:550}}
Jul 29 16:10:42.984705 np0000031961 devstack@n-api.service[69078]: INFO nova.api.openstack.requestlog [None req-c97f3741-2927-458f-af9d-28a0957f8501 admin admin] 192.168.1.147 "POST /compute/v2.1/flavors" status: 200 len: 410 microversion: 2.61 time: 0.011175
Jul 29 16:10:42.984935 np0000031961 devstack@n-api.service[69078]: [pid: 69078|app: 0|req: 4/8] 192.168.1.147 () {72 vars in 1408 bytes} [Tue Jul 29 16:10:42 2025] POST /compute/v2.1/flavors => generated 410 bytes in 11 msecs (HTTP/1.1 200) 9 headers in 359 bytes (1 switches on core 0)
Jul 29 16:10:42.992069 np0000031961 devstack@n-api.service[69079]: DEBUG nova.api.openstack.wsgi [None req-dc4a15ed-a786-4787-a8c1-4999f6788c25 admin admin] Action: 'create', calling method: <bound method FlavorExtraSpecsController.create of <nova.api.openstack.compute.flavors_extraspecs.FlavorExtraSpecsController object at 0x70ae0cb6dbe0>>, body: {"extra_specs": {"hw_rng:allowed": "True"}} {{(pid=69079) _process_stack /opt/stack/nova/nova/api/openstack/wsgi.py:550}}
Jul 29 16:10:43.003450 np0000031961 devstack@n-api.service[69079]: INFO nova.api.openstack.requestlog [None req-dc4a15ed-a786-4787-a8c1-4999f6788c25 admin admin] 192.168.1.147 "POST /compute/v2.1/flavors/d2/os-extra_specs" status: 200 len: 43 microversion: 2.61 time: 0.012820
Jul 29 16:10:43.003667 np0000031961 devstack@n-api.service[69079]: [pid: 69079|app: 0|req: 5/9] 192.168.1.147 () {72 vars in 1461 bytes} [Tue Jul 29 16:10:42 2025] POST /compute/v2.1/flavors/d2/os-extra_specs => generated 43 bytes in 13 msecs (HTTP/1.1 200) 9 headers in 358 bytes (1 switches on core 0)
Jul 29 16:10:43.077528 np0000031961 devstack@n-api.service[69078]: DEBUG nova.api.openstack.wsgi [None req-7097c15c-5553-486c-a18a-79352e32e504 admin admin] Action: 'create', calling method: <bound method FlavorsController.create of <nova.api.openstack.compute.flavors.FlavorsController object at 0x70ae0cb70fe0>>, body: {"flavor": {"disk": 10, "ram": 2048, "OS-FLV-EXT-DATA:ephemeral": 0, "id": "d3", "swap": 0, "os-flavor-access:is_public": true, "rxtx_factor": 1.0, "vcpus": 2, "name": "ds2G"}} {{(pid=69078) _process_stack /opt/stack/nova/nova/api/openstack/wsgi.py:550}}
Jul 29 16:10:43.087548 np0000031961 devstack@n-api.service[69078]: INFO nova.api.openstack.requestlog [None req-7097c15c-5553-486c-a18a-79352e32e504 admin admin] 192.168.1.147 "POST /compute/v2.1/flavors" status: 200 len: 410 microversion: 2.61 time: 0.011541
Jul 29 16:10:43.087761 np0000031961 devstack@n-api.service[69078]: [pid: 69078|app: 0|req: 5/10] 192.168.1.147 () {72 vars in 1408 bytes} [Tue Jul 29 16:10:43 2025] POST /compute/v2.1/flavors => generated 410 bytes in 12 msecs (HTTP/1.1 200) 9 headers in 359 bytes (1 switches on core 0)
Jul 29 16:10:43.095943 np0000031961 devstack@n-api.service[69079]: DEBUG nova.api.openstack.wsgi [None req-f548ec91-9a8c-4cad-acf8-3a986940955b admin admin] Action: 'create', calling method: <bound method FlavorExtraSpecsController.create of <nova.api.openstack.compute.flavors_extraspecs.FlavorExtraSpecsController object at 0x70ae0cb6dbe0>>, body: {"extra_specs": {"hw_rng:allowed": "True"}} {{(pid=69079) _process_stack /opt/stack/nova/nova/api/openstack/wsgi.py:550}}
Jul 29 16:10:43.111270 np0000031961 devstack@n-api.service[69079]: INFO nova.api.openstack.requestlog [None req-f548ec91-9a8c-4cad-acf8-3a986940955b admin admin] 192.168.1.147 "POST /compute/v2.1/flavors/d3/os-extra_specs" status: 200 len: 43 microversion: 2.61 time: 0.016629
Jul 29 16:10:43.111509 np0000031961 devstack@n-api.service[69079]: [pid: 69079|app: 0|req: 6/11] 192.168.1.147 () {72 vars in 1461 bytes} [Tue Jul 29 16:10:43 2025] POST /compute/v2.1/flavors/d3/os-extra_specs => generated 43 bytes in 17 msecs (HTTP/1.1 200) 9 headers in 358 bytes (1 switches on core 0)
Jul 29 16:10:43.198430 np0000031961 devstack@n-api.service[69078]: DEBUG nova.api.openstack.wsgi [None req-e8abee3e-d44c-4dc6-97f9-e5a6ee041725 admin admin] Action: 'create', calling method: <bound method FlavorsController.create of <nova.api.openstack.compute.flavors.FlavorsController object at 0x70ae0cb70fe0>>, body: {"flavor": {"disk": 20, "ram": 4096, "OS-FLV-EXT-DATA:ephemeral": 0, "id": "d4", "swap": 0, "os-flavor-access:is_public": true, "rxtx_factor": 1.0, "vcpus": 4, "name": "ds4G"}} {{(pid=69078) _process_stack /opt/stack/nova/nova/api/openstack/wsgi.py:550}}
Jul 29 16:10:43.214870 np0000031961 devstack@n-api.service[69078]: INFO nova.api.openstack.requestlog [None req-e8abee3e-d44c-4dc6-97f9-e5a6ee041725 admin admin] 192.168.1.147 "POST /compute/v2.1/flavors" status: 200 len: 410 microversion: 2.61 time: 0.018473
Jul 29 16:10:43.215281 np0000031961 devstack@n-api.service[69078]: [pid: 69078|app: 0|req: 6/12] 192.168.1.147 () {72 vars in 1408 bytes} [Tue Jul 29 16:10:43 2025] POST /compute/v2.1/flavors => generated 410 bytes in 19 msecs (HTTP/1.1 200) 9 headers in 359 bytes (1 switches on core 0)
Jul 29 16:10:43.222931 np0000031961 devstack@n-api.service[69079]: DEBUG nova.api.openstack.wsgi [None req-7a04fffa-7441-4559-9383-2fbc6ab551a5 admin admin] Action: 'create', calling method: <bound method FlavorExtraSpecsController.create of <nova.api.openstack.compute.flavors_extraspecs.FlavorExtraSpecsController object at 0x70ae0cb6dbe0>>, body: {"extra_specs": {"hw_rng:allowed": "True"}} {{(pid=69079) _process_stack /opt/stack/nova/nova/api/openstack/wsgi.py:550}}
Jul 29 16:10:43.234509 np0000031961 devstack@n-api.service[69079]: INFO nova.api.openstack.requestlog [None req-7a04fffa-7441-4559-9383-2fbc6ab551a5 admin admin] 192.168.1.147 "POST /compute/v2.1/flavors/d4/os-extra_specs" status: 200 len: 43 microversion: 2.61 time: 0.013044
Jul 29 16:10:43.234731 np0000031961 devstack@n-api.service[69079]: [pid: 69079|app: 0|req: 7/13] 192.168.1.147 () {72 vars in 1461 bytes} [Tue Jul 29 16:10:43 2025] POST /compute/v2.1/flavors/d4/os-extra_specs => generated 43 bytes in 13 msecs (HTTP/1.1 200) 9 headers in 358 bytes (1 switches on core 0)
Jul 29 16:10:43.342636 np0000031961 devstack@n-api.service[69078]: DEBUG nova.api.openstack.wsgi [None req-730c9c8e-d873-4234-85f1-639fee72a65a admin admin] Calling method '<bound method FlavorsController.detail of <nova.api.openstack.compute.flavors.FlavorsController object at 0x70ae0cb71130>>' {{(pid=69078) _process_stack /opt/stack/nova/nova/api/openstack/wsgi.py:552}}
Jul 29 16:10:43.366466 np0000031961 devstack@n-api.service[69078]: INFO nova.api.openstack.requestlog [None req-730c9c8e-d873-4234-85f1-639fee72a65a admin admin] 192.168.1.147 "GET /compute/v2.1/flavors/detail?is_public=True" status: 200 len: 2136 microversion: 2.61 time: 0.023593
Jul 29 16:10:43.366466 np0000031961 devstack@n-api.service[69078]: [pid: 69078|app: 0|req: 7/14] 192.168.1.147 () {68 vars in 1417 bytes} [Tue Jul 29 16:10:43 2025] GET /compute/v2.1/flavors/detail?is_public=True => generated 2136 bytes in 25 msecs (HTTP/1.1 200) 9 headers in 360 bytes (1 switches on core 0)
Jul 29 16:10:43.468965 np0000031961 devstack@n-api.service[69079]: DEBUG nova.api.openstack.wsgi [None req-e1c5ce10-7327-476a-bbe0-d6b5735c0c6e admin admin] Action: 'create', calling method: <bound method FlavorsController.create of <nova.api.openstack.compute.flavors.FlavorsController object at 0x70ae0cb6d340>>, body: {"flavor": {"disk": 1, "ram": 512, "OS-FLV-EXT-DATA:ephemeral": 0, "id": "1", "swap": 0, "os-flavor-access:is_public": true, "rxtx_factor": 1.0, "vcpus": 1, "name": "m1.tiny"}} {{(pid=69079) _process_stack /opt/stack/nova/nova/api/openstack/wsgi.py:550}}
Jul 29 16:10:43.486872 np0000031961 devstack@n-api.service[69079]: INFO nova.api.openstack.requestlog [None req-e1c5ce10-7327-476a-bbe0-d6b5735c0c6e admin admin] 192.168.1.147 "POST /compute/v2.1/flavors" status: 200 len: 408 microversion: 2.61 time: 0.019321
Jul 29 16:10:43.487151 np0000031961 devstack@n-api.service[69079]: [pid: 69079|app: 0|req: 8/15] 192.168.1.147 () {72 vars in 1408 bytes} [Tue Jul 29 16:10:43 2025] POST /compute/v2.1/flavors => generated 408 bytes in 20 msecs (HTTP/1.1 200) 9 headers in 359 bytes (1 switches on core 0)
Jul 29 16:10:43.495335 np0000031961 devstack@n-api.service[69078]: DEBUG nova.api.openstack.wsgi [None req-e3af9144-a435-4403-a773-d4b05972f417 admin admin] Action: 'create', calling method: <bound method FlavorExtraSpecsController.create of <nova.api.openstack.compute.flavors_extraspecs.FlavorExtraSpecsController object at 0x70ae0cb71880>>, body: {"extra_specs": {"hw_rng:allowed": "True"}} {{(pid=69078) _process_stack /opt/stack/nova/nova/api/openstack/wsgi.py:550}}
Jul 29 16:10:43.517666 np0000031961 devstack@n-api.service[69078]: INFO nova.api.openstack.requestlog [None req-e3af9144-a435-4403-a773-d4b05972f417 admin admin] 192.168.1.147 "POST /compute/v2.1/flavors/1/os-extra_specs" status: 200 len: 43 microversion: 2.61 time: 0.023912
Jul 29 16:10:43.517938 np0000031961 devstack@n-api.service[69078]: [pid: 69078|app: 0|req: 8/16] 192.168.1.147 () {72 vars in 1458 bytes} [Tue Jul 29 16:10:43 2025] POST /compute/v2.1/flavors/1/os-extra_specs => generated 43 bytes in 24 msecs (HTTP/1.1 200) 9 headers in 358 bytes (1 switches on core 0)
Jul 29 16:10:43.601651 np0000031961 devstack@n-api.service[69079]: DEBUG nova.api.openstack.wsgi [None req-d4145061-3e52-4e71-86cf-1d90c31d1561 admin admin] Action: 'create', calling method: <bound method FlavorsController.create of <nova.api.openstack.compute.flavors.FlavorsController object at 0x70ae0cb6d340>>, body: {"flavor": {"disk": 20, "ram": 2048, "OS-FLV-EXT-DATA:ephemeral": 0, "id": "2", "swap": 0, "os-flavor-access:is_public": true, "rxtx_factor": 1.0, "vcpus": 1, "name": "m1.small"}} {{(pid=69079) _process_stack /opt/stack/nova/nova/api/openstack/wsgi.py:550}}
Jul 29 16:10:43.615132 np0000031961 devstack@n-api.service[69079]: INFO nova.api.openstack.requestlog [None req-d4145061-3e52-4e71-86cf-1d90c31d1561 admin admin] 192.168.1.147 "POST /compute/v2.1/flavors" status: 200 len: 411 microversion: 2.61 time: 0.014838
Jul 29 16:10:43.615375 np0000031961 devstack@n-api.service[69079]: [pid: 69079|app: 0|req: 9/17] 192.168.1.147 () {72 vars in 1408 bytes} [Tue Jul 29 16:10:43 2025] POST /compute/v2.1/flavors => generated 411 bytes in 15 msecs (HTTP/1.1 200) 9 headers in 359 bytes (1 switches on core 0)
Jul 29 16:10:43.623465 np0000031961 devstack@n-api.service[69078]: DEBUG nova.api.openstack.wsgi [None req-1a214315-a357-4079-823f-a275ad7d032e admin admin] Action: 'create', calling method: <bound method FlavorExtraSpecsController.create of <nova.api.openstack.compute.flavors_extraspecs.FlavorExtraSpecsController object at 0x70ae0cb71880>>, body: {"extra_specs": {"hw_rng:allowed": "True"}} {{(pid=69078) _process_stack /opt/stack/nova/nova/api/openstack/wsgi.py:550}}
Jul 29 16:10:43.635462 np0000031961 devstack@n-api.service[69078]: INFO nova.api.openstack.requestlog [None req-1a214315-a357-4079-823f-a275ad7d032e admin admin] 192.168.1.147 "POST /compute/v2.1/flavors/2/os-extra_specs" status: 200 len: 43 microversion: 2.61 time: 0.013331
Jul 29 16:10:43.636475 np0000031961 devstack@n-api.service[69078]: [pid: 69078|app: 0|req: 9/18] 192.168.1.147 () {72 vars in 1458 bytes} [Tue Jul 29 16:10:43 2025] POST /compute/v2.1/flavors/2/os-extra_specs => generated 43 bytes in 14 msecs (HTTP/1.1 200) 9 headers in 358 bytes (1 switches on core 0)
Jul 29 16:10:43.717952 np0000031961 devstack@n-api.service[69079]: DEBUG nova.api.openstack.wsgi [None req-854ac55a-fe11-4485-82d1-8f525655b0e4 admin admin] Action: 'create', calling method: <bound method FlavorsController.create of <nova.api.openstack.compute.flavors.FlavorsController object at 0x70ae0cb6d340>>, body: {"flavor": {"disk": 40, "ram": 4096, "OS-FLV-EXT-DATA:ephemeral": 0, "id": "3", "swap": 0, "os-flavor-access:is_public": true, "rxtx_factor": 1.0, "vcpus": 2, "name": "m1.medium"}} {{(pid=69079) _process_stack /opt/stack/nova/nova/api/openstack/wsgi.py:550}}
Jul 29 16:10:43.730713 np0000031961 devstack@n-api.service[69079]: INFO nova.api.openstack.requestlog [None req-854ac55a-fe11-4485-82d1-8f525655b0e4 admin admin] 192.168.1.147 "POST /compute/v2.1/flavors" status: 200 len: 412 microversion: 2.61 time: 0.014939
Jul 29 16:10:43.731126 np0000031961 devstack@n-api.service[69079]: [pid: 69079|app: 0|req: 10/19] 192.168.1.147 () {72 vars in 1408 bytes} [Tue Jul 29 16:10:43 2025] POST /compute/v2.1/flavors => generated 412 bytes in 15 msecs (HTTP/1.1 200) 9 headers in 359 bytes (2 switches on core 0)
Jul 29 16:10:43.741142 np0000031961 devstack@n-api.service[69078]: DEBUG nova.api.openstack.wsgi [None req-bdf019f9-82a4-435d-98d9-b013fd01556c admin admin] Action: 'create', calling method: <bound method FlavorExtraSpecsController.create of <nova.api.openstack.compute.flavors_extraspecs.FlavorExtraSpecsController object at 0x70ae0cb71880>>, body: {"extra_specs": {"hw_rng:allowed": "True"}} {{(pid=69078) _process_stack /opt/stack/nova/nova/api/openstack/wsgi.py:550}}
Jul 29 16:10:43.753424 np0000031961 devstack@n-api.service[69078]: INFO nova.api.openstack.requestlog [None req-bdf019f9-82a4-435d-98d9-b013fd01556c admin admin] 192.168.1.147 "POST /compute/v2.1/flavors/3/os-extra_specs" status: 200 len: 43 microversion: 2.61 time: 0.013719
Jul 29 16:10:43.753681 np0000031961 devstack@n-api.service[69078]: [pid: 69078|app: 0|req: 10/20] 192.168.1.147 () {72 vars in 1458 bytes} [Tue Jul 29 16:10:43 2025] POST /compute/v2.1/flavors/3/os-extra_specs => generated 43 bytes in 14 msecs (HTTP/1.1 200) 9 headers in 358 bytes (1 switches on core 0)
Jul 29 16:10:43.829768 np0000031961 devstack@n-api.service[69079]: DEBUG nova.api.openstack.wsgi [None req-86a7ca6a-2eb5-4a07-8677-e21134a57948 admin admin] Action: 'create', calling method: <bound method FlavorsController.create of <nova.api.openstack.compute.flavors.FlavorsController object at 0x70ae0cb6d340>>, body: {"flavor": {"disk": 80, "ram": 8192, "OS-FLV-EXT-DATA:ephemeral": 0, "id": "4", "swap": 0, "os-flavor-access:is_public": true, "rxtx_factor": 1.0, "vcpus": 4, "name": "m1.large"}} {{(pid=69079) _process_stack /opt/stack/nova/nova/api/openstack/wsgi.py:550}}
Jul 29 16:10:43.839632 np0000031961 devstack@n-api.service[69079]: INFO nova.api.openstack.requestlog [None req-86a7ca6a-2eb5-4a07-8677-e21134a57948 admin admin] 192.168.1.147 "POST /compute/v2.1/flavors" status: 200 len: 411 microversion: 2.61 time: 0.011300
Jul 29 16:10:43.839844 np0000031961 devstack@n-api.service[69079]: [pid: 69079|app: 0|req: 11/21] 192.168.1.147 () {72 vars in 1408 bytes} [Tue Jul 29 16:10:43 2025] POST /compute/v2.1/flavors => generated 411 bytes in 12 msecs (HTTP/1.1 200) 9 headers in 359 bytes (1 switches on core 0)
Jul 29 16:10:43.847285 np0000031961 devstack@n-api.service[69078]: DEBUG nova.api.openstack.wsgi [None req-600ba528-6170-44d3-9e35-27134689b016 admin admin] Action: 'create', calling method: <bound method FlavorExtraSpecsController.create of <nova.api.openstack.compute.flavors_extraspecs.FlavorExtraSpecsController object at 0x70ae0cb71880>>, body: {"extra_specs": {"hw_rng:allowed": "True"}} {{(pid=69078) _process_stack /opt/stack/nova/nova/api/openstack/wsgi.py:550}}
Jul 29 16:10:43.858662 np0000031961 devstack@n-api.service[69078]: INFO nova.api.openstack.requestlog [None req-600ba528-6170-44d3-9e35-27134689b016 admin admin] 192.168.1.147 "POST /compute/v2.1/flavors/4/os-extra_specs" status: 200 len: 43 microversion: 2.61 time: 0.012859
Jul 29 16:10:43.858893 np0000031961 devstack@n-api.service[69078]: [pid: 69078|app: 0|req: 11/22] 192.168.1.147 () {72 vars in 1458 bytes} [Tue Jul 29 16:10:43 2025] POST /compute/v2.1/flavors/4/os-extra_specs => generated 43 bytes in 13 msecs (HTTP/1.1 200) 9 headers in 358 bytes (1 switches on core 0)
Jul 29 16:10:43.937851 np0000031961 devstack@n-api.service[69079]: DEBUG nova.api.openstack.wsgi [None req-5808ec26-193a-4a4c-99da-b7b93def2c6e admin admin] Action: 'create', calling method: <bound method FlavorsController.create of <nova.api.openstack.compute.flavors.FlavorsController object at 0x70ae0cb6d340>>, body: {"flavor": {"disk": 160, "ram": 16384, "OS-FLV-EXT-DATA:ephemeral": 0, "id": "5", "swap": 0, "os-flavor-access:is_public": true, "rxtx_factor": 1.0, "vcpus": 8, "name": "m1.xlarge"}} {{(pid=69079) _process_stack /opt/stack/nova/nova/api/openstack/wsgi.py:550}}
Jul 29 16:10:43.948917 np0000031961 devstack@n-api.service[69079]: INFO nova.api.openstack.requestlog [None req-5808ec26-193a-4a4c-99da-b7b93def2c6e admin admin] 192.168.1.147 "POST /compute/v2.1/flavors" status: 200 len: 414 microversion: 2.61 time: 0.012443
Jul 29 16:10:43.949206 np0000031961 devstack@n-api.service[69079]: [pid: 69079|app: 0|req: 12/23] 192.168.1.147 () {72 vars in 1408 bytes} [Tue Jul 29 16:10:43 2025] POST /compute/v2.1/flavors => generated 414 bytes in 13 msecs (HTTP/1.1 200) 9 headers in 359 bytes (1 switches on core 0)
Jul 29 16:10:43.957159 np0000031961 devstack@n-api.service[69078]: DEBUG nova.api.openstack.wsgi [None req-ea6a3f58-c340-4f53-b70d-fe0ff6636f96 admin admin] Action: 'create', calling method: <bound method FlavorExtraSpecsController.create of <nova.api.openstack.compute.flavors_extraspecs.FlavorExtraSpecsController object at 0x70ae0cb71880>>, body: {"extra_specs": {"hw_rng:allowed": "True"}} {{(pid=69078) _process_stack /opt/stack/nova/nova/api/openstack/wsgi.py:550}}
Jul 29 16:10:43.971421 np0000031961 devstack@n-api.service[69078]: INFO nova.api.openstack.requestlog [None req-ea6a3f58-c340-4f53-b70d-fe0ff6636f96 admin admin] 192.168.1.147 "POST /compute/v2.1/flavors/5/os-extra_specs" status: 200 len: 43 microversion: 2.61 time: 0.015750
Jul 29 16:10:43.971660 np0000031961 devstack@n-api.service[69078]: [pid: 69078|app: 0|req: 12/24] 192.168.1.147 () {72 vars in 1458 bytes} [Tue Jul 29 16:10:43 2025] POST /compute/v2.1/flavors/5/os-extra_specs => generated 43 bytes in 16 msecs (HTTP/1.1 200) 9 headers in 358 bytes (1 switches on core 0)
Jul 29 16:11:15.299061 np0000031961 devstack@n-api.service[69079]: DEBUG nova.api.openstack.wsgi [None req-72bde87a-5b25-4237-830e-ad42d0e0149f admin admin] Calling method '<bound method FlavorsController.detail of <nova.api.openstack.compute.flavors.FlavorsController object at 0x70ae0cb6d490>>' {{(pid=69079) _process_stack /opt/stack/nova/nova/api/openstack/wsgi.py:552}}
Jul 29 16:11:15.301971 np0000031961 devstack@n-api.service[69079]: DEBUG dbcounter [-] [69079] Writing DB stats nova_api:SELECT=21,nova_api:SAVEPOINT=5,nova_api:INSERT=10,nova_api:RELEASE=5 {{(pid=69079) stat_writer /opt/stack/data/venv/lib/python3.12/site-packages/dbcounter.py:115}}
Jul 29 16:11:15.310315 np0000031961 devstack@n-api.service[69079]: INFO nova.api.openstack.requestlog [None req-72bde87a-5b25-4237-830e-ad42d0e0149f admin admin] 192.168.1.147 "GET /compute/v2.1/flavors/detail?is_public=True" status: 200 len: 4262 microversion: 2.61 time: 0.013119
Jul 29 16:11:15.310605 np0000031961 devstack@n-api.service[69079]: [pid: 69079|app: 0|req: 13/25] 192.168.1.147 () {68 vars in 1417 bytes} [Tue Jul 29 16:11:15 2025] GET /compute/v2.1/flavors/detail?is_public=True => generated 4262 bytes in 13 msecs (HTTP/1.1 200) 9 headers in 360 bytes (1 switches on core 0)
Jul 29 16:11:15.408225 np0000031961 devstack@n-api.service[69078]: DEBUG nova.api.openstack.wsgi [None req-63ceae3d-3f0c-458f-a8ea-9dbfcf4476b0 admin admin] Action: 'create', calling method: <bound method FlavorsController.create of <nova.api.openstack.compute.flavors.FlavorsController object at 0x70ae0cb70fe0>>, body: {"flavor": {"disk": 5, "ram": 1024, "OS-FLV-EXT-DATA:ephemeral": 0, "id": "100", "swap": 0, "os-flavor-access:is_public": true, "rxtx_factor": 1.0, "vcpus": 1, "name": "manila-service-flavor"}} {{(pid=69078) _process_stack /opt/stack/nova/nova/api/openstack/wsgi.py:550}}
Jul 29 16:11:15.411300 np0000031961 devstack@n-api.service[69078]: DEBUG dbcounter [-] [69078] Writing DB stats nova_api:INSERT=10,nova_api:SELECT=21,nova_api:SAVEPOINT=5,nova_api:RELEASE=5 {{(pid=69078) stat_writer /opt/stack/data/venv/lib/python3.12/site-packages/dbcounter.py:115}}
Jul 29 16:11:15.421059 np0000031961 devstack@n-api.service[69078]: INFO nova.api.openstack.requestlog [None req-63ceae3d-3f0c-458f-a8ea-9dbfcf4476b0 admin admin] 192.168.1.147 "POST /compute/v2.1/flavors" status: 200 len: 429 microversion: 2.61 time: 0.014315
Jul 29 16:11:15.421243 np0000031961 devstack@n-api.service[69078]: [pid: 69078|app: 0|req: 13/26] 192.168.1.147 () {72 vars in 1408 bytes} [Tue Jul 29 16:11:15 2025] POST /compute/v2.1/flavors => generated 429 bytes in 15 msecs (HTTP/1.1 200) 9 headers in 359 bytes (1 switches on core 0)
Jul 29 16:11:44.006091 np0000031961 devstack@n-api.service[69079]: DEBUG nova.api.openstack.wsgi [None req-b58f3bc7-eb20-4f58-b9e6-64e8c4e529c4 admin admin] Calling method '<bound method KeypairController.index of <nova.api.openstack.compute.keypairs.KeypairController object at 0x70ae0ca246e0>>' {{(pid=69079) _process_stack /opt/stack/nova/nova/api/openstack/wsgi.py:552}}
Jul 29 16:11:44.008183 np0000031961 devstack@n-api.service[69079]: WARNING oslo_db.sqlalchemy.utils [None req-b58f3bc7-eb20-4f58-b9e6-64e8c4e529c4 admin admin] Unique keys not in sort_keys. The sorting order may be unstable.
Jul 29 16:11:44.013767 np0000031961 devstack@n-api.service[69079]: INFO nova.api.openstack.requestlog [None req-b58f3bc7-eb20-4f58-b9e6-64e8c4e529c4 admin admin] 192.168.1.147 "GET /compute/v2.1/os-keypairs" status: 200 len: 16 microversion: 2.10 time: 0.009073
Jul 29 16:11:44.014069 np0000031961 devstack@n-api.service[69079]: [pid: 69079|app: 0|req: 14/27] 192.168.1.147 () {68 vars in 1379 bytes} [Tue Jul 29 16:11:44 2025] GET /compute/v2.1/os-keypairs => generated 16 bytes in 9 msecs (HTTP/1.1 200) 9 headers in 358 bytes (1 switches on core 0)
Jul 29 16:11:44.105246 np0000031961 devstack@n-api.service[69078]: DEBUG nova.api.openstack.wsgi [None req-c8d40710-b6c4-49d4-b99c-ae402c82e81d admin admin] Action: 'create', calling method: <bound method KeypairController.create of <nova.api.openstack.compute.keypairs.KeypairController object at 0x70ae0ca2c5c0>>, body: {"keypair": {"public_key": "ecdsa-sha2-nistp256 AAAAE2VjZHNhLXNoYTItbmlzdHAyNTYAAAAIbmlzdHAyNTYAAABBBFUMgZdoQI+xYHPbnh/jgXcJ9mf71sX4aOnO748MgHWHz9J/oNj5hNMiJXP+KKy6oNeJ4sqt2EO+LmND1cK0qfc= stack@np0000031961\n", "name": "manila-service"}} {{(pid=69078) _process_stack /opt/stack/nova/nova/api/openstack/wsgi.py:550}}
Jul 29 16:11:44.119066 np0000031961 devstack@n-api.service[69078]: DEBUG nova.quota [None req-c8d40710-b6c4-49d4-b99c-ae402c82e81d admin admin] Getting quotas for project fba785dd155e48fe8a58e93a8736c1c0. Resources: {'key_pairs'} {{(pid=69078) _get_quotas /opt/stack/nova/nova/quota.py:392}}
Jul 29 16:11:44.122657 np0000031961 devstack@n-api.service[69078]: DEBUG nova.quota [None req-c8d40710-b6c4-49d4-b99c-ae402c82e81d admin admin] Getting quotas for user 4331705ff9af4bd290aac26f46b22e36 and project fba785dd155e48fe8a58e93a8736c1c0. Resources: {'key_pairs'} {{(pid=69078) _get_quotas /opt/stack/nova/nova/quota.py:382}}
Jul 29 16:11:44.143777 np0000031961 devstack@n-api.service[69078]: INFO nova.api.openstack.requestlog [None req-c8d40710-b6c4-49d4-b99c-ae402c82e81d admin admin] 192.168.1.147 "POST /compute/v2.1/os-keypairs" status: 201 len: 366 microversion: 2.10 time: 0.039958
Jul 29 16:11:44.143777 np0000031961 devstack@n-api.service[69078]: [pid: 69078|app: 0|req: 14/28] 192.168.1.147 () {72 vars in 1420 bytes} [Tue Jul 29 16:11:44 2025] POST /compute/v2.1/os-keypairs => generated 366 bytes in 40 msecs (HTTP/1.1 201) 9 headers in 364 bytes (1 switches on core 0)
Jul 29 16:11:50.109103 np0000031961 devstack@n-api.service[69079]: DEBUG nova.api.openstack.wsgi [None req-9d88658b-94ea-43cc-b2d1-af3d4ec6b3f0 admin admin] Calling method '<bound method ServiceController.index of <nova.api.openstack.compute.services.ServiceController object at 0x70ae0ca5c620>>' {{(pid=69079) _process_stack /opt/stack/nova/nova/api/openstack/wsgi.py:552}}
Jul 29 16:11:50.110741 np0000031961 devstack@n-api.service[69079]: DEBUG oslo_concurrency.lockutils [None req-9d88658b-94ea-43cc-b2d1-af3d4ec6b3f0 admin admin] Acquiring lock "00000000-0000-0000-0000-000000000000" by "nova.context.set_target_cell.<locals>.get_or_set_cached_cell_and_set_connections" {{(pid=69079) inner /opt/stack/data/venv/lib/python3.12/site-packages/oslo_concurrency/lockutils.py:405}}
Jul 29 16:11:50.110911 np0000031961 devstack@n-api.service[69079]: DEBUG oslo_concurrency.lockutils [None req-9d88658b-94ea-43cc-b2d1-af3d4ec6b3f0 admin admin] Lock "00000000-0000-0000-0000-000000000000" acquired by "nova.context.set_target_cell.<locals>.get_or_set_cached_cell_and_set_connections" :: waited 0.000s {{(pid=69079) inner /opt/stack/data/venv/lib/python3.12/site-packages/oslo_concurrency/lockutils.py:410}}
Jul 29 16:11:50.111036 np0000031961 devstack@n-api.service[69079]: DEBUG oslo_concurrency.lockutils [None req-9d88658b-94ea-43cc-b2d1-af3d4ec6b3f0 admin admin] Lock "00000000-0000-0000-0000-000000000000" "released" by "nova.context.set_target_cell.<locals>.get_or_set_cached_cell_and_set_connections" :: held 0.000s {{(pid=69079) inner /opt/stack/data/venv/lib/python3.12/site-packages/oslo_concurrency/lockutils.py:424}}
Jul 29 16:11:50.111345 np0000031961 devstack@n-api.service[69079]: DEBUG oslo_concurrency.lockutils [None req-9d88658b-94ea-43cc-b2d1-af3d4ec6b3f0 admin admin] Acquiring lock "2cdb8b21-0da9-41dc-8f69-ef6c3f25b92a" by "nova.context.set_target_cell.<locals>.get_or_set_cached_cell_and_set_connections" {{(pid=69079) inner /opt/stack/data/venv/lib/python3.12/site-packages/oslo_concurrency/lockutils.py:405}}
Jul 29 16:11:50.111464 np0000031961 devstack@n-api.service[69079]: DEBUG oslo_concurrency.lockutils [None req-9d88658b-94ea-43cc-b2d1-af3d4ec6b3f0 admin admin] Lock "2cdb8b21-0da9-41dc-8f69-ef6c3f25b92a" acquired by "nova.context.set_target_cell.<locals>.get_or_set_cached_cell_and_set_connections" :: waited 0.000s {{(pid=69079) inner /opt/stack/data/venv/lib/python3.12/site-packages/oslo_concurrency/lockutils.py:410}}
Jul 29 16:11:50.111569 np0000031961 devstack@n-api.service[69079]: DEBUG oslo_concurrency.lockutils [None req-9d88658b-94ea-43cc-b2d1-af3d4ec6b3f0 admin admin] Lock "2cdb8b21-0da9-41dc-8f69-ef6c3f25b92a" "released" by "nova.context.set_target_cell.<locals>.get_or_set_cached_cell_and_set_connections" :: held 0.000s {{(pid=69079) inner /opt/stack/data/venv/lib/python3.12/site-packages/oslo_concurrency/lockutils.py:424}}
Jul 29 16:11:50.126748 np0000031961 devstack@n-api.service[69079]: INFO nova.api.openstack.requestlog [None req-9d88658b-94ea-43cc-b2d1-af3d4ec6b3f0 admin admin] 192.168.1.147 "GET /compute/v2.1/os-services?binary=nova-compute&host=np0000031961" status: 200 len: 255 microversion: 2.69 time: 0.019031
Jul 29 16:11:50.126976 np0000031961 devstack@n-api.service[69079]: [pid: 69079|app: 0|req: 15/29] 192.168.1.147 () {68 vars in 1454 bytes} [Tue Jul 29 16:11:50 2025] GET /compute/v2.1/os-services?binary=nova-compute&host=np0000031961 => generated 255 bytes in 19 msecs (HTTP/1.1 200) 9 headers in 359 bytes (1 switches on core 0)
