Aug 26 04:29:42.047252 np0000032578 devstack@n-api-meta.service[75867]: DEBUG nova.api.openstack.wsgi_app [-] oslo_limit.service_type        = None {{(pid=75867) log_opt_values /opt/stack/data/venv/lib/python3.12/site-packages/oslo_config/cfg.py:2824}}
Aug 26 04:29:42.047332 np0000032578 devstack@n-api-meta.service[75867]: DEBUG nova.api.openstack.wsgi_app [-] oslo_limit.split_loggers       = False {{(pid=75867) log_opt_values /opt/stack/data/venv/lib/python3.12/site-packages/oslo_config/cfg.py:2824}}
Aug 26 04:29:42.047410 np0000032578 devstack@n-api-meta.service[75867]: DEBUG nova.api.openstack.wsgi_app [-] oslo_limit.status_code_retries = None {{(pid=75867) log_opt_values /opt/stack/data/venv/lib/python3.12/site-packages/oslo_config/cfg.py:2824}}
Aug 26 04:29:42.047488 np0000032578 devstack@n-api-meta.service[75867]: DEBUG nova.api.openstack.wsgi_app [-] oslo_limit.status_code_retry_delay = None {{(pid=75867) log_opt_values /opt/stack/data/venv/lib/python3.12/site-packages/oslo_config/cfg.py:2824}}
Aug 26 04:29:42.047567 np0000032578 devstack@n-api-meta.service[75867]: DEBUG nova.api.openstack.wsgi_app [-] oslo_limit.timeout             = None {{(pid=75867) log_opt_values /opt/stack/data/venv/lib/python3.12/site-packages/oslo_config/cfg.py:2824}}
Aug 26 04:29:42.047710 np0000032578 devstack@n-api-meta.service[75867]: DEBUG nova.api.openstack.wsgi_app [-] oslo_limit.valid_interfaces    = None {{(pid=75867) log_opt_values /opt/stack/data/venv/lib/python3.12/site-packages/oslo_config/cfg.py:2824}}
Aug 26 04:29:42.047790 np0000032578 devstack@n-api-meta.service[75867]: DEBUG nova.api.openstack.wsgi_app [-] oslo_limit.version             = None {{(pid=75867) log_opt_values /opt/stack/data/venv/lib/python3.12/site-packages/oslo_config/cfg.py:2824}}
Aug 26 04:29:42.047889 np0000032578 devstack@n-api-meta.service[75867]: DEBUG nova.api.openstack.wsgi_app [-] oslo_messaging_rabbit.amqp_auto_delete = False {{(pid=75867) log_opt_values /opt/stack/data/venv/lib/python3.12/site-packages/oslo_config/cfg.py:2824}}
Aug 26 04:29:42.047975 np0000032578 devstack@n-api-meta.service[75867]: DEBUG nova.api.openstack.wsgi_app [-] oslo_messaging_rabbit.amqp_durable_queues = False {{(pid=75867) log_opt_values /opt/stack/data/venv/lib/python3.12/site-packages/oslo_config/cfg.py:2824}}
Aug 26 04:29:42.048057 np0000032578 devstack@n-api-meta.service[75867]: DEBUG nova.api.openstack.wsgi_app [-] oslo_messaging_rabbit.conn_pool_min_size = 2 {{(pid=75867) log_opt_values /opt/stack/data/venv/lib/python3.12/site-packages/oslo_config/cfg.py:2824}}
Aug 26 04:29:42.048139 np0000032578 devstack@n-api-meta.service[75867]: DEBUG nova.api.openstack.wsgi_app [-] oslo_messaging_rabbit.conn_pool_ttl = 1200 {{(pid=75867) log_opt_values /opt/stack/data/venv/lib/python3.12/site-packages/oslo_config/cfg.py:2824}}
Aug 26 04:29:42.048219 np0000032578 devstack@n-api-meta.service[75867]: DEBUG nova.api.openstack.wsgi_app [-] oslo_messaging_rabbit.direct_mandatory_flag = True {{(pid=75867) log_opt_values /opt/stack/data/venv/lib/python3.12/site-packages/oslo_config/cfg.py:2824}}
Aug 26 04:29:42.048300 np0000032578 devstack@n-api-meta.service[75867]: DEBUG nova.api.openstack.wsgi_app [-] oslo_messaging_rabbit.enable_cancel_on_failover = False {{(pid=75867) log_opt_values /opt/stack/data/venv/lib/python3.12/site-packages/oslo_config/cfg.py:2824}}
Aug 26 04:29:42.048379 np0000032578 devstack@n-api-meta.service[75867]: DEBUG nova.api.openstack.wsgi_app [-] oslo_messaging_rabbit.heartbeat_in_pthread = False {{(pid=75867) log_opt_values /opt/stack/data/venv/lib/python3.12/site-packages/oslo_config/cfg.py:2824}}
Aug 26 04:29:42.048459 np0000032578 devstack@n-api-meta.service[75867]: DEBUG nova.api.openstack.wsgi_app [-] oslo_messaging_rabbit.heartbeat_rate = 3 {{(pid=75867) log_opt_values /opt/stack/data/venv/lib/python3.12/site-packages/oslo_config/cfg.py:2824}}
Aug 26 04:29:42.048540 np0000032578 devstack@n-api-meta.service[75867]: DEBUG nova.api.openstack.wsgi_app [-] oslo_messaging_rabbit.heartbeat_timeout_threshold = 60 {{(pid=75867) log_opt_values /opt/stack/data/venv/lib/python3.12/site-packages/oslo_config/cfg.py:2824}}
Aug 26 04:29:42.048638 np0000032578 devstack@n-api-meta.service[75867]: DEBUG nova.api.openstack.wsgi_app [-] oslo_messaging_rabbit.hostname = np0000032578 {{(pid=75867) log_opt_values /opt/stack/data/venv/lib/python3.12/site-packages/oslo_config/cfg.py:2824}}
Aug 26 04:29:42.048718 np0000032578 devstack@n-api-meta.service[75867]: DEBUG nova.api.openstack.wsgi_app [-] oslo_messaging_rabbit.kombu_compression = None {{(pid=75867) log_opt_values /opt/stack/data/venv/lib/python3.12/site-packages/oslo_config/cfg.py:2824}}
Aug 26 04:29:42.048817 np0000032578 devstack@n-api-meta.service[75867]: DEBUG nova.api.openstack.wsgi_app [-] oslo_messaging_rabbit.kombu_failover_strategy = round-robin {{(pid=75867) log_opt_values /opt/stack/data/venv/lib/python3.12/site-packages/oslo_config/cfg.py:2824}}
Aug 26 04:29:42.048929 np0000032578 devstack@n-api-meta.service[75867]: DEBUG nova.api.openstack.wsgi_app [-] oslo_messaging_rabbit.kombu_missing_consumer_retry_timeout = 60 {{(pid=75867) log_opt_values /opt/stack/data/venv/lib/python3.12/site-packages/oslo_config/cfg.py:2824}}
Aug 26 04:29:42.049414 np0000032578 devstack@n-api-meta.service[75867]: DEBUG nova.api.openstack.wsgi_app [-] oslo_messaging_rabbit.kombu_reconnect_delay = 1.0 {{(pid=75867) log_opt_values /opt/stack/data/venv/lib/python3.12/site-packages/oslo_config/cfg.py:2824}}
Aug 26 04:29:42.049414 np0000032578 devstack@n-api-meta.service[75867]: DEBUG nova.api.openstack.wsgi_app [-] oslo_messaging_rabbit.kombu_reconnect_splay = 0.0 {{(pid=75867) log_opt_values /opt/stack/data/venv/lib/python3.12/site-packages/oslo_config/cfg.py:2824}}
Aug 26 04:29:42.049414 np0000032578 devstack@n-api-meta.service[75867]: DEBUG nova.api.openstack.wsgi_app [-] oslo_messaging_rabbit.processname = uwsgi {{(pid=75867) log_opt_values /opt/stack/data/venv/lib/python3.12/site-packages/oslo_config/cfg.py:2824}}
Aug 26 04:29:42.049414 np0000032578 devstack@n-api-meta.service[75867]: DEBUG nova.api.openstack.wsgi_app [-] oslo_messaging_rabbit.rabbit_ha_queues = False {{(pid=75867) log_opt_values /opt/stack/data/venv/lib/python3.12/site-packages/oslo_config/cfg.py:2824}}
Aug 26 04:29:42.049414 np0000032578 devstack@n-api-meta.service[75867]: DEBUG nova.api.openstack.wsgi_app [-] oslo_messaging_rabbit.rabbit_interval_max = 30 {{(pid=75867) log_opt_values /opt/stack/data/venv/lib/python3.12/site-packages/oslo_config/cfg.py:2824}}
Aug 26 04:29:42.049497 np0000032578 devstack@n-api-meta.service[75867]: DEBUG nova.api.openstack.wsgi_app [-] oslo_messaging_rabbit.rabbit_login_method = AMQPLAIN {{(pid=75867) log_opt_values /opt/stack/data/venv/lib/python3.12/site-packages/oslo_config/cfg.py:2824}}
Aug 26 04:29:42.049577 np0000032578 devstack@n-api-meta.service[75867]: DEBUG nova.api.openstack.wsgi_app [-] oslo_messaging_rabbit.rabbit_qos_prefetch_count = 0 {{(pid=75867) log_opt_values /opt/stack/data/venv/lib/python3.12/site-packages/oslo_config/cfg.py:2824}}
Aug 26 04:29:42.049669 np0000032578 devstack@n-api-meta.service[75867]: DEBUG nova.api.openstack.wsgi_app [-] oslo_messaging_rabbit.rabbit_quorum_delivery_limit = 0 {{(pid=75867) log_opt_values /opt/stack/data/venv/lib/python3.12/site-packages/oslo_config/cfg.py:2824}}
Aug 26 04:29:42.049751 np0000032578 devstack@n-api-meta.service[75867]: DEBUG nova.api.openstack.wsgi_app [-] oslo_messaging_rabbit.rabbit_quorum_max_memory_bytes = 0 {{(pid=75867) log_opt_values /opt/stack/data/venv/lib/python3.12/site-packages/oslo_config/cfg.py:2824}}
Aug 26 04:29:42.049841 np0000032578 devstack@n-api-meta.service[75867]: DEBUG nova.api.openstack.wsgi_app [-] oslo_messaging_rabbit.rabbit_quorum_max_memory_length = 0 {{(pid=75867) log_opt_values /opt/stack/data/venv/lib/python3.12/site-packages/oslo_config/cfg.py:2824}}
Aug 26 04:29:42.049926 np0000032578 devstack@n-api-meta.service[75867]: DEBUG nova.api.openstack.wsgi_app [-] oslo_messaging_rabbit.rabbit_quorum_queue = False {{(pid=75867) log_opt_values /opt/stack/data/venv/lib/python3.12/site-packages/oslo_config/cfg.py:2824}}
Aug 26 04:29:42.050007 np0000032578 devstack@n-api-meta.service[75867]: DEBUG nova.api.openstack.wsgi_app [-] oslo_messaging_rabbit.rabbit_retry_backoff = 2 {{(pid=75867) log_opt_values /opt/stack/data/venv/lib/python3.12/site-packages/oslo_config/cfg.py:2824}}
Aug 26 04:29:42.050088 np0000032578 devstack@n-api-meta.service[75867]: DEBUG nova.api.openstack.wsgi_app [-] oslo_messaging_rabbit.rabbit_retry_interval = 1 {{(pid=75867) log_opt_values /opt/stack/data/venv/lib/python3.12/site-packages/oslo_config/cfg.py:2824}}
Aug 26 04:29:42.050168 np0000032578 devstack@n-api-meta.service[75867]: DEBUG nova.api.openstack.wsgi_app [-] oslo_messaging_rabbit.rabbit_stream_fanout = False {{(pid=75867) log_opt_values /opt/stack/data/venv/lib/python3.12/site-packages/oslo_config/cfg.py:2824}}
Aug 26 04:29:42.050249 np0000032578 devstack@n-api-meta.service[75867]: DEBUG nova.api.openstack.wsgi_app [-] oslo_messaging_rabbit.rabbit_transient_queues_ttl = 1800 {{(pid=75867) log_opt_values /opt/stack/data/venv/lib/python3.12/site-packages/oslo_config/cfg.py:2824}}
Aug 26 04:29:42.050330 np0000032578 devstack@n-api-meta.service[75867]: DEBUG nova.api.openstack.wsgi_app [-] oslo_messaging_rabbit.rabbit_transient_quorum_queue = False {{(pid=75867) log_opt_values /opt/stack/data/venv/lib/python3.12/site-packages/oslo_config/cfg.py:2824}}
Aug 26 04:29:42.050759 np0000032578 devstack@n-api-meta.service[75867]: DEBUG nova.api.openstack.wsgi_app [-] oslo_messaging_rabbit.rpc_conn_pool_size = 30 {{(pid=75867) log_opt_values /opt/stack/data/venv/lib/python3.12/site-packages/oslo_config/cfg.py:2824}}
Aug 26 04:29:42.050759 np0000032578 devstack@n-api-meta.service[75867]: DEBUG nova.api.openstack.wsgi_app [-] oslo_messaging_rabbit.ssl      = False {{(pid=75867) log_opt_values /opt/stack/data/venv/lib/python3.12/site-packages/oslo_config/cfg.py:2824}}
Aug 26 04:29:42.050759 np0000032578 devstack@n-api-meta.service[75867]: DEBUG nova.api.openstack.wsgi_app [-] oslo_messaging_rabbit.ssl_ca_file =  {{(pid=75867) log_opt_values /opt/stack/data/venv/lib/python3.12/site-packages/oslo_config/cfg.py:2824}}
Aug 26 04:29:42.050759 np0000032578 devstack@n-api-meta.service[75867]: DEBUG nova.api.openstack.wsgi_app [-] oslo_messaging_rabbit.ssl_cert_file =  {{(pid=75867) log_opt_values /opt/stack/data/venv/lib/python3.12/site-packages/oslo_config/cfg.py:2824}}
Aug 26 04:29:42.050759 np0000032578 devstack@n-api-meta.service[75867]: DEBUG nova.api.openstack.wsgi_app [-] oslo_messaging_rabbit.ssl_enforce_fips_mode = False {{(pid=75867) log_opt_values /opt/stack/data/venv/lib/python3.12/site-packages/oslo_config/cfg.py:2824}}
Aug 26 04:29:42.050851 np0000032578 devstack@n-api-meta.service[75867]: DEBUG nova.api.openstack.wsgi_app [-] oslo_messaging_rabbit.ssl_key_file =  {{(pid=75867) log_opt_values /opt/stack/data/venv/lib/python3.12/site-packages/oslo_config/cfg.py:2824}}
Aug 26 04:29:42.050909 np0000032578 devstack@n-api-meta.service[75867]: DEBUG nova.api.openstack.wsgi_app [-] oslo_messaging_rabbit.ssl_version =  {{(pid=75867) log_opt_values /opt/stack/data/venv/lib/python3.12/site-packages/oslo_config/cfg.py:2824}}
Aug 26 04:29:42.050989 np0000032578 devstack@n-api-meta.service[75867]: DEBUG nova.api.openstack.wsgi_app [-] oslo_messaging_rabbit.use_queue_manager = False {{(pid=75867) log_opt_values /opt/stack/data/venv/lib/python3.12/site-packages/oslo_config/cfg.py:2824}}
Aug 26 04:29:42.051087 np0000032578 devstack@n-api-meta.service[75867]: DEBUG nova.api.openstack.wsgi_app [-] oslo_messaging_notifications.driver = ['messagingv2'] {{(pid=75867) log_opt_values /opt/stack/data/venv/lib/python3.12/site-packages/oslo_config/cfg.py:2824}}
Aug 26 04:29:42.051169 np0000032578 devstack@n-api-meta.service[75867]: DEBUG nova.api.openstack.wsgi_app [-] oslo_messaging_notifications.retry = -1 {{(pid=75867) log_opt_values /opt/stack/data/venv/lib/python3.12/site-packages/oslo_config/cfg.py:2824}}
Aug 26 04:29:42.051265 np0000032578 devstack@n-api-meta.service[75867]: DEBUG nova.api.openstack.wsgi_app [-] oslo_messaging_notifications.topics = ['notifications'] {{(pid=75867) log_opt_values /opt/stack/data/venv/lib/python3.12/site-packages/oslo_config/cfg.py:2824}}
Aug 26 04:29:42.051354 np0000032578 devstack@n-api-meta.service[75867]: DEBUG nova.api.openstack.wsgi_app [-] oslo_messaging_notifications.transport_url = **** {{(pid=75867) log_opt_values /opt/stack/data/venv/lib/python3.12/site-packages/oslo_config/cfg.py:2824}}
Aug 26 04:29:42.051437 np0000032578 devstack@n-api-meta.service[75867]: DEBUG nova.api.openstack.wsgi_app [-] oslo_reports.file_event_handler = None {{(pid=75867) log_opt_values /opt/stack/data/venv/lib/python3.12/site-packages/oslo_config/cfg.py:2824}}
Aug 26 04:29:42.051522 np0000032578 devstack@n-api-meta.service[75867]: DEBUG nova.api.openstack.wsgi_app [-] oslo_reports.file_event_handler_interval = 1 {{(pid=75867) log_opt_values /opt/stack/data/venv/lib/python3.12/site-packages/oslo_config/cfg.py:2824}}
Aug 26 04:29:42.051612 np0000032578 devstack@n-api-meta.service[75867]: DEBUG nova.api.openstack.wsgi_app [-] oslo_reports.log_dir           = None {{(pid=75867) log_opt_values /opt/stack/data/venv/lib/python3.12/site-packages/oslo_config/cfg.py:2824}}
Aug 26 04:29:42.051679 np0000032578 devstack@n-api-meta.service[75867]: DEBUG nova.api.openstack.wsgi_app [-] ******************************************************************************** {{(pid=75867) log_opt_values /opt/stack/data/venv/lib/python3.12/site-packages/oslo_config/cfg.py:2828}}
Aug 26 04:29:42.071456 np0000032578 devstack@n-api-meta.service[75866]: INFO dbcounter [None req-7a7cfce0-b013-4a6e-9f57-9a51344c6ef4 None None] Registered counter for database nova_api
Aug 26 04:29:42.080860 np0000032578 devstack@n-api-meta.service[75867]: INFO dbcounter [None req-cd22820a-7b00-4793-b7ed-2cbd6e7aab4a None None] Registered counter for database nova_api
Aug 26 04:29:42.083671 np0000032578 devstack@n-api-meta.service[75866]: DEBUG oslo_db.sqlalchemy.engines [None req-7a7cfce0-b013-4a6e-9f57-9a51344c6ef4 None None] MySQL server mode set to STRICT_TRANS_TABLES,STRICT_ALL_TABLES,NO_ZERO_IN_DATE,NO_ZERO_DATE,ERROR_FOR_DIVISION_BY_ZERO,TRADITIONAL,NO_ENGINE_SUBSTITUTION {{(pid=75866) _check_effective_sql_mode /opt/stack/data/venv/lib/python3.12/site-packages/oslo_db/sqlalchemy/engines.py:397}}
Aug 26 04:29:42.091346 np0000032578 devstack@n-api-meta.service[75867]: DEBUG oslo_db.sqlalchemy.engines [None req-cd22820a-7b00-4793-b7ed-2cbd6e7aab4a None None] MySQL server mode set to STRICT_TRANS_TABLES,STRICT_ALL_TABLES,NO_ZERO_IN_DATE,NO_ZERO_DATE,ERROR_FOR_DIVISION_BY_ZERO,TRADITIONAL,NO_ENGINE_SUBSTITUTION {{(pid=75867) _check_effective_sql_mode /opt/stack/data/venv/lib/python3.12/site-packages/oslo_db/sqlalchemy/engines.py:397}}
Aug 26 04:29:42.107344 np0000032578 devstack@n-api-meta.service[75866]: DEBUG dbcounter [-] [75866] Writer thread running {{(pid=75866) stat_writer /opt/stack/data/venv/lib/python3.12/site-packages/dbcounter.py:102}}
Aug 26 04:29:42.109232 np0000032578 devstack@n-api-meta.service[75866]: DEBUG nova.context [None req-7a7cfce0-b013-4a6e-9f57-9a51344c6ef4 None None] Found 2 cells: 00000000-0000-0000-0000-000000000000(cell0),e877a1ac-e382-42cd-9f8a-044d5af417ce(cell1) {{(pid=75866) load_cells /opt/stack/nova/nova/context.py:464}}
Aug 26 04:29:42.110822 np0000032578 devstack@n-api-meta.service[75866]: DEBUG oslo_concurrency.lockutils [None req-7a7cfce0-b013-4a6e-9f57-9a51344c6ef4 None None] Acquiring lock "00000000-0000-0000-0000-000000000000" by "nova.context.set_target_cell.<locals>.get_or_set_cached_cell_and_set_connections" {{(pid=75866) inner /opt/stack/data/venv/lib/python3.12/site-packages/oslo_concurrency/lockutils.py:405}}
Aug 26 04:29:42.111020 np0000032578 devstack@n-api-meta.service[75866]: DEBUG oslo_concurrency.lockutils [None req-7a7cfce0-b013-4a6e-9f57-9a51344c6ef4 None None] Lock "00000000-0000-0000-0000-000000000000" acquired by "nova.context.set_target_cell.<locals>.get_or_set_cached_cell_and_set_connections" :: waited 0.000s {{(pid=75866) inner /opt/stack/data/venv/lib/python3.12/site-packages/oslo_concurrency/lockutils.py:410}}
Aug 26 04:29:42.111359 np0000032578 devstack@n-api-meta.service[75866]: DEBUG oslo_concurrency.lockutils [None req-7a7cfce0-b013-4a6e-9f57-9a51344c6ef4 None None] Lock "00000000-0000-0000-0000-000000000000" "released" by "nova.context.set_target_cell.<locals>.get_or_set_cached_cell_and_set_connections" :: held 0.000s {{(pid=75866) inner /opt/stack/data/venv/lib/python3.12/site-packages/oslo_concurrency/lockutils.py:424}}
Aug 26 04:29:42.111702 np0000032578 devstack@n-api-meta.service[75866]: DEBUG oslo_concurrency.lockutils [None req-7a7cfce0-b013-4a6e-9f57-9a51344c6ef4 None None] Acquiring lock "e877a1ac-e382-42cd-9f8a-044d5af417ce" by "nova.context.set_target_cell.<locals>.get_or_set_cached_cell_and_set_connections" {{(pid=75866) inner /opt/stack/data/venv/lib/python3.12/site-packages/oslo_concurrency/lockutils.py:405}}
Aug 26 04:29:42.111839 np0000032578 devstack@n-api-meta.service[75866]: DEBUG oslo_concurrency.lockutils [None req-7a7cfce0-b013-4a6e-9f57-9a51344c6ef4 None None] Lock "e877a1ac-e382-42cd-9f8a-044d5af417ce" acquired by "nova.context.set_target_cell.<locals>.get_or_set_cached_cell_and_set_connections" :: waited 0.000s {{(pid=75866) inner /opt/stack/data/venv/lib/python3.12/site-packages/oslo_concurrency/lockutils.py:410}}
Aug 26 04:29:42.112530 np0000032578 devstack@n-api-meta.service[75866]: DEBUG oslo_concurrency.lockutils [None req-7a7cfce0-b013-4a6e-9f57-9a51344c6ef4 None None] Lock "e877a1ac-e382-42cd-9f8a-044d5af417ce" "released" by "nova.context.set_target_cell.<locals>.get_or_set_cached_cell_and_set_connections" :: held 0.001s {{(pid=75866) inner /opt/stack/data/venv/lib/python3.12/site-packages/oslo_concurrency/lockutils.py:424}}
Aug 26 04:29:42.113585 np0000032578 devstack@n-api-meta.service[75866]: INFO dbcounter [None req-7a7cfce0-b013-4a6e-9f57-9a51344c6ef4 None None] Registered counter for database nova_cell0
Aug 26 04:29:42.115080 np0000032578 devstack@n-api-meta.service[75867]: DEBUG dbcounter [-] [75867] Writer thread running {{(pid=75867) stat_writer /opt/stack/data/venv/lib/python3.12/site-packages/dbcounter.py:102}}
Aug 26 04:29:42.115487 np0000032578 devstack@n-api-meta.service[75866]: INFO dbcounter [None req-7a7cfce0-b013-4a6e-9f57-9a51344c6ef4 None None] Registered counter for database nova_cell1
Aug 26 04:29:42.116670 np0000032578 devstack@n-api-meta.service[75867]: DEBUG nova.context [None req-cd22820a-7b00-4793-b7ed-2cbd6e7aab4a None None] Found 2 cells: 00000000-0000-0000-0000-000000000000(cell0),e877a1ac-e382-42cd-9f8a-044d5af417ce(cell1) {{(pid=75867) load_cells /opt/stack/nova/nova/context.py:464}}
Aug 26 04:29:42.118178 np0000032578 devstack@n-api-meta.service[75867]: DEBUG oslo_concurrency.lockutils [None req-cd22820a-7b00-4793-b7ed-2cbd6e7aab4a None None] Acquiring lock "00000000-0000-0000-0000-000000000000" by "nova.context.set_target_cell.<locals>.get_or_set_cached_cell_and_set_connections" {{(pid=75867) inner /opt/stack/data/venv/lib/python3.12/site-packages/oslo_concurrency/lockutils.py:405}}
Aug 26 04:29:42.118355 np0000032578 devstack@n-api-meta.service[75867]: DEBUG oslo_concurrency.lockutils [None req-cd22820a-7b00-4793-b7ed-2cbd6e7aab4a None None] Lock "00000000-0000-0000-0000-000000000000" acquired by "nova.context.set_target_cell.<locals>.get_or_set_cached_cell_and_set_connections" :: waited 0.000s {{(pid=75867) inner /opt/stack/data/venv/lib/python3.12/site-packages/oslo_concurrency/lockutils.py:410}}
Aug 26 04:29:42.118696 np0000032578 devstack@n-api-meta.service[75867]: DEBUG oslo_concurrency.lockutils [None req-cd22820a-7b00-4793-b7ed-2cbd6e7aab4a None None] Lock "00000000-0000-0000-0000-000000000000" "released" by "nova.context.set_target_cell.<locals>.get_or_set_cached_cell_and_set_connections" :: held 0.000s {{(pid=75867) inner /opt/stack/data/venv/lib/python3.12/site-packages/oslo_concurrency/lockutils.py:424}}
Aug 26 04:29:42.119036 np0000032578 devstack@n-api-meta.service[75867]: DEBUG oslo_concurrency.lockutils [None req-cd22820a-7b00-4793-b7ed-2cbd6e7aab4a None None] Acquiring lock "e877a1ac-e382-42cd-9f8a-044d5af417ce" by "nova.context.set_target_cell.<locals>.get_or_set_cached_cell_and_set_connections" {{(pid=75867) inner /opt/stack/data/venv/lib/python3.12/site-packages/oslo_concurrency/lockutils.py:405}}
Aug 26 04:29:42.120594 np0000032578 devstack@n-api-meta.service[75867]: DEBUG oslo_concurrency.lockutils [None req-cd22820a-7b00-4793-b7ed-2cbd6e7aab4a None None] Lock "e877a1ac-e382-42cd-9f8a-044d5af417ce" acquired by "nova.context.set_target_cell.<locals>.get_or_set_cached_cell_and_set_connections" :: waited 0.000s {{(pid=75867) inner /opt/stack/data/venv/lib/python3.12/site-packages/oslo_concurrency/lockutils.py:410}}
Aug 26 04:29:42.120861 np0000032578 devstack@n-api-meta.service[75866]: DEBUG oslo_db.sqlalchemy.engines [None req-7a7cfce0-b013-4a6e-9f57-9a51344c6ef4 None None] MySQL server mode set to STRICT_TRANS_TABLES,STRICT_ALL_TABLES,NO_ZERO_IN_DATE,NO_ZERO_DATE,ERROR_FOR_DIVISION_BY_ZERO,TRADITIONAL,NO_ENGINE_SUBSTITUTION {{(pid=75866) _check_effective_sql_mode /opt/stack/data/venv/lib/python3.12/site-packages/oslo_db/sqlalchemy/engines.py:397}}
Aug 26 04:29:42.120981 np0000032578 devstack@n-api-meta.service[75867]: DEBUG oslo_concurrency.lockutils [None req-cd22820a-7b00-4793-b7ed-2cbd6e7aab4a None None] Lock "e877a1ac-e382-42cd-9f8a-044d5af417ce" "released" by "nova.context.set_target_cell.<locals>.get_or_set_cached_cell_and_set_connections" :: held 0.001s {{(pid=75867) inner /opt/stack/data/venv/lib/python3.12/site-packages/oslo_concurrency/lockutils.py:424}}
Aug 26 04:29:42.120981 np0000032578 devstack@n-api-meta.service[75867]: INFO dbcounter [None req-cd22820a-7b00-4793-b7ed-2cbd6e7aab4a None None] Registered counter for database nova_cell0
Aug 26 04:29:42.121307 np0000032578 devstack@n-api-meta.service[75866]: DEBUG oslo_db.sqlalchemy.engines [None req-7a7cfce0-b013-4a6e-9f57-9a51344c6ef4 None None] MySQL server mode set to STRICT_TRANS_TABLES,STRICT_ALL_TABLES,NO_ZERO_IN_DATE,NO_ZERO_DATE,ERROR_FOR_DIVISION_BY_ZERO,TRADITIONAL,NO_ENGINE_SUBSTITUTION {{(pid=75866) _check_effective_sql_mode /opt/stack/data/venv/lib/python3.12/site-packages/oslo_db/sqlalchemy/engines.py:397}}
Aug 26 04:29:42.122913 np0000032578 devstack@n-api-meta.service[75867]: INFO dbcounter [None req-cd22820a-7b00-4793-b7ed-2cbd6e7aab4a None None] Registered counter for database nova_cell1
Aug 26 04:29:42.126885 np0000032578 devstack@n-api-meta.service[75867]: DEBUG oslo_db.sqlalchemy.engines [None req-cd22820a-7b00-4793-b7ed-2cbd6e7aab4a None None] MySQL server mode set to STRICT_TRANS_TABLES,STRICT_ALL_TABLES,NO_ZERO_IN_DATE,NO_ZERO_DATE,ERROR_FOR_DIVISION_BY_ZERO,TRADITIONAL,NO_ENGINE_SUBSTITUTION {{(pid=75867) _check_effective_sql_mode /opt/stack/data/venv/lib/python3.12/site-packages/oslo_db/sqlalchemy/engines.py:397}}
Aug 26 04:29:42.184465 np0000032578 devstack@n-api-meta.service[75866]: DEBUG dbcounter [-] [75866] Writer thread running {{(pid=75866) stat_writer /opt/stack/data/venv/lib/python3.12/site-packages/dbcounter.py:102}}
Aug 26 04:29:42.185218 np0000032578 devstack@n-api-meta.service[75866]: DEBUG dbcounter [-] [75866] Writer thread running {{(pid=75866) stat_writer /opt/stack/data/venv/lib/python3.12/site-packages/dbcounter.py:102}}
Aug 26 04:29:42.189217 np0000032578 devstack@n-api-meta.service[75867]: DEBUG oslo_db.sqlalchemy.engines [None req-cd22820a-7b00-4793-b7ed-2cbd6e7aab4a None None] MySQL server mode set to STRICT_TRANS_TABLES,STRICT_ALL_TABLES,NO_ZERO_IN_DATE,NO_ZERO_DATE,ERROR_FOR_DIVISION_BY_ZERO,TRADITIONAL,NO_ENGINE_SUBSTITUTION {{(pid=75867) _check_effective_sql_mode /opt/stack/data/venv/lib/python3.12/site-packages/oslo_db/sqlalchemy/engines.py:397}}
Aug 26 04:29:42.190424 np0000032578 devstack@n-api-meta.service[75866]: INFO dbcounter [None req-7a7cfce0-b013-4a6e-9f57-9a51344c6ef4 None None] Registered counter for database nova_cell0
Aug 26 04:29:42.190482 np0000032578 devstack@n-api-meta.service[75867]: DEBUG dbcounter [-] [75867] Writer thread running {{(pid=75867) stat_writer /opt/stack/data/venv/lib/python3.12/site-packages/dbcounter.py:102}}
Aug 26 04:29:42.194695 np0000032578 devstack@n-api-meta.service[75866]: DEBUG oslo_db.sqlalchemy.engines [None req-7a7cfce0-b013-4a6e-9f57-9a51344c6ef4 None None] MySQL server mode set to STRICT_TRANS_TABLES,STRICT_ALL_TABLES,NO_ZERO_IN_DATE,NO_ZERO_DATE,ERROR_FOR_DIVISION_BY_ZERO,TRADITIONAL,NO_ENGINE_SUBSTITUTION {{(pid=75866) _check_effective_sql_mode /opt/stack/data/venv/lib/python3.12/site-packages/oslo_db/sqlalchemy/engines.py:397}}
Aug 26 04:29:42.196246 np0000032578 devstack@n-api-meta.service[75867]: DEBUG dbcounter [-] [75867] Writer thread running {{(pid=75867) stat_writer /opt/stack/data/venv/lib/python3.12/site-packages/dbcounter.py:102}}
Aug 26 04:29:42.198089 np0000032578 devstack@n-api-meta.service[75867]: INFO dbcounter [None req-cd22820a-7b00-4793-b7ed-2cbd6e7aab4a None None] Registered counter for database nova_cell0
Aug 26 04:29:42.198627 np0000032578 devstack@n-api-meta.service[75866]: DEBUG dbcounter [-] [75866] Writer thread running {{(pid=75866) stat_writer /opt/stack/data/venv/lib/python3.12/site-packages/dbcounter.py:102}}
Aug 26 04:29:42.201180 np0000032578 devstack@n-api-meta.service[75867]: DEBUG oslo_db.sqlalchemy.engines [None req-cd22820a-7b00-4793-b7ed-2cbd6e7aab4a None None] MySQL server mode set to STRICT_TRANS_TABLES,STRICT_ALL_TABLES,NO_ZERO_IN_DATE,NO_ZERO_DATE,ERROR_FOR_DIVISION_BY_ZERO,TRADITIONAL,NO_ENGINE_SUBSTITUTION {{(pid=75867) _check_effective_sql_mode /opt/stack/data/venv/lib/python3.12/site-packages/oslo_db/sqlalchemy/engines.py:397}}
Aug 26 04:29:42.205032 np0000032578 devstack@n-api-meta.service[75867]: DEBUG dbcounter [-] [75867] Writer thread running {{(pid=75867) stat_writer /opt/stack/data/venv/lib/python3.12/site-packages/dbcounter.py:102}}
Aug 26 04:29:42.229055 np0000032578 devstack@n-api-meta.service[75866]: WARNING nova.api.metadata.handler [None req-7a7cfce0-b013-4a6e-9f57-9a51344c6ef4 None None] metadata_proxy_shared_secret is not configured, the metadata information returned by the proxy cannot be trusted
Aug 26 04:29:42.230669 np0000032578 devstack@n-api-meta.service[75866]: WSGI app 0 (mountpoint='') ready in 2 seconds on interpreter 0x75cf388a39e8 pid: 75866 (default app)
Aug 26 04:29:42.230860 np0000032578 devstack@n-api-meta.service[75867]: WARNING nova.api.metadata.handler [None req-cd22820a-7b00-4793-b7ed-2cbd6e7aab4a None None] metadata_proxy_shared_secret is not configured, the metadata information returned by the proxy cannot be trusted
Aug 26 04:29:42.232449 np0000032578 devstack@n-api-meta.service[75867]: WSGI app 0 (mountpoint='') ready in 2 seconds on interpreter 0x75cf388a39e8 pid: 75867 (default app)
Aug 26 04:38:25.700071 np0000032578 devstack@n-api-meta.service[75866]: DEBUG nova.api.metadata.handler [None req-7a7cfce0-b013-4a6e-9f57-9a51344c6ef4 None None] Metadata request headers: {'Host': '192.168.1.117:8775', 'User-Agent': 'python-requests/2.32.3', 'Accept-Encoding': 'gzip, deflate', 'Accept': '*/*', 'Connection': 'keep-alive', 'X-Forwarded-For': '10.1.0.20', 'X-Instance-Id': '927a49ba-f9a9-40c3-85c2-37bd75d4898f', 'X-Tenant-Id': '2c51c91cb7f8464cbdc10fa14c5ad693', 'X-Instance-Id-Signature': '0ac3f83ec967a3fc707fa5f537bbc6c1f76c71d60b5a4bea43622213072ed07e'} {{(pid=75866) __call__ /opt/stack/nova/nova/api/metadata/handler.py:109}}
Aug 26 04:38:25.701757 np0000032578 devstack@n-api-meta.service[75866]: DEBUG dbcounter [-] [75866] Writing DB stats nova_api:SELECT=1 {{(pid=75866) stat_writer /opt/stack/data/venv/lib/python3.12/site-packages/dbcounter.py:115}}
Aug 26 04:38:25.702201 np0000032578 devstack@n-api-meta.service[75866]: DEBUG dbcounter [-] [75866] Writing DB stats nova_cell0:SELECT=1 {{(pid=75866) stat_writer /opt/stack/data/venv/lib/python3.12/site-packages/dbcounter.py:115}}
Aug 26 04:38:25.702662 np0000032578 devstack@n-api-meta.service[75866]: DEBUG dbcounter [-] [75866] Writing DB stats nova_cell1:SELECT=1 {{(pid=75866) stat_writer /opt/stack/data/venv/lib/python3.12/site-packages/dbcounter.py:115}}
Aug 26 04:38:25.702981 np0000032578 devstack@n-api-meta.service[75866]: DEBUG dbcounter [-] [75866] Writing DB stats nova_cell0:SELECT=2,nova_cell0:INSERT=1 {{(pid=75866) stat_writer /opt/stack/data/venv/lib/python3.12/site-packages/dbcounter.py:115}}
Aug 26 04:38:25.713502 np0000032578 devstack@n-api-meta.service[75866]: DEBUG oslo_concurrency.lockutils [None req-4746a601-d23f-4398-ad08-3ece4e05879d None None] Acquiring lock "e877a1ac-e382-42cd-9f8a-044d5af417ce" by "nova.context.set_target_cell.<locals>.get_or_set_cached_cell_and_set_connections" {{(pid=75866) inner /opt/stack/data/venv/lib/python3.12/site-packages/oslo_concurrency/lockutils.py:405}}
Aug 26 04:38:25.713682 np0000032578 devstack@n-api-meta.service[75866]: DEBUG oslo_concurrency.lockutils [None req-4746a601-d23f-4398-ad08-3ece4e05879d None None] Lock "e877a1ac-e382-42cd-9f8a-044d5af417ce" acquired by "nova.context.set_target_cell.<locals>.get_or_set_cached_cell_and_set_connections" :: waited 0.000s {{(pid=75866) inner /opt/stack/data/venv/lib/python3.12/site-packages/oslo_concurrency/lockutils.py:410}}
Aug 26 04:38:25.713809 np0000032578 devstack@n-api-meta.service[75866]: DEBUG oslo_concurrency.lockutils [None req-4746a601-d23f-4398-ad08-3ece4e05879d None None] Lock "e877a1ac-e382-42cd-9f8a-044d5af417ce" "released" by "nova.context.set_target_cell.<locals>.get_or_set_cached_cell_and_set_connections" :: held 0.000s {{(pid=75866) inner /opt/stack/data/venv/lib/python3.12/site-packages/oslo_concurrency/lockutils.py:424}}
Aug 26 04:38:26.119349 np0000032578 devstack@n-api-meta.service[75866]: [pid: 75866|app: 0|req: 1/1] 192.168.1.117 () {40 vars in 702 bytes} [Tue Aug 26 04:38:25 2025] GET /latest/meta-data/public-keys/0/openssh-key => generated 204 bytes in 420 msecs (HTTP/1.1 200) 3 headers in 100 bytes (1 switches on core 0)
Aug 26 04:41:00.319551 np0000032578 devstack@n-api-meta.service[75867]: DEBUG nova.api.metadata.handler [None req-cd22820a-7b00-4793-b7ed-2cbd6e7aab4a None None] Metadata request headers: {'Host': '192.168.1.117:8775', 'User-Agent': 'python-requests/2.32.3', 'Accept-Encoding': 'gzip, deflate', 'Accept': '*/*', 'Connection': 'keep-alive', 'X-Forwarded-For': '10.1.0.25', 'X-Instance-Id': '6aa240b7-fee5-42b4-9a00-a2f0b0e0bc21', 'X-Tenant-Id': '2c51c91cb7f8464cbdc10fa14c5ad693', 'X-Instance-Id-Signature': 'b1e3430ae74277fa05945a33fd2336ac05bc382fe2712068e9fbce545983393d'} {{(pid=75867) __call__ /opt/stack/nova/nova/api/metadata/handler.py:109}}
Aug 26 04:41:00.321414 np0000032578 devstack@n-api-meta.service[75867]: DEBUG dbcounter [-] [75867] Writing DB stats nova_api:SELECT=1 {{(pid=75867) stat_writer /opt/stack/data/venv/lib/python3.12/site-packages/dbcounter.py:115}}
Aug 26 04:41:00.321612 np0000032578 devstack@n-api-meta.service[75867]: DEBUG dbcounter [-] [75867] Writing DB stats nova_cell0:SELECT=1 {{(pid=75867) stat_writer /opt/stack/data/venv/lib/python3.12/site-packages/dbcounter.py:115}}
Aug 26 04:41:00.322136 np0000032578 devstack@n-api-meta.service[75867]: DEBUG dbcounter [-] [75867] Writing DB stats nova_cell1:SELECT=1 {{(pid=75867) stat_writer /opt/stack/data/venv/lib/python3.12/site-packages/dbcounter.py:115}}
Aug 26 04:41:00.322483 np0000032578 devstack@n-api-meta.service[75867]: DEBUG dbcounter [-] [75867] Writing DB stats nova_cell0:SELECT=2,nova_cell0:INSERT=1 {{(pid=75867) stat_writer /opt/stack/data/venv/lib/python3.12/site-packages/dbcounter.py:115}}
Aug 26 04:41:00.330590 np0000032578 devstack@n-api-meta.service[75867]: DEBUG oslo_concurrency.lockutils [None req-84a1eedc-dc9f-4da1-a821-b0550733e002 None None] Acquiring lock "e877a1ac-e382-42cd-9f8a-044d5af417ce" by "nova.context.set_target_cell.<locals>.get_or_set_cached_cell_and_set_connections" {{(pid=75867) inner /opt/stack/data/venv/lib/python3.12/site-packages/oslo_concurrency/lockutils.py:405}}
Aug 26 04:41:00.330590 np0000032578 devstack@n-api-meta.service[75867]: DEBUG oslo_concurrency.lockutils [None req-84a1eedc-dc9f-4da1-a821-b0550733e002 None None] Lock "e877a1ac-e382-42cd-9f8a-044d5af417ce" acquired by "nova.context.set_target_cell.<locals>.get_or_set_cached_cell_and_set_connections" :: waited 0.000s {{(pid=75867) inner /opt/stack/data/venv/lib/python3.12/site-packages/oslo_concurrency/lockutils.py:410}}
Aug 26 04:41:00.330590 np0000032578 devstack@n-api-meta.service[75867]: DEBUG oslo_concurrency.lockutils [None req-84a1eedc-dc9f-4da1-a821-b0550733e002 None None] Lock "e877a1ac-e382-42cd-9f8a-044d5af417ce" "released" by "nova.context.set_target_cell.<locals>.get_or_set_cached_cell_and_set_connections" :: held 0.000s {{(pid=75867) inner /opt/stack/data/venv/lib/python3.12/site-packages/oslo_concurrency/lockutils.py:424}}
Aug 26 04:41:00.587207 np0000032578 devstack@n-api-meta.service[75867]: [pid: 75867|app: 0|req: 1/2] 192.168.1.117 () {40 vars in 702 bytes} [Tue Aug 26 04:41:00 2025] GET /latest/meta-data/public-keys/0/openssh-key => generated 204 bytes in 268 msecs (HTTP/1.1 200) 3 headers in 100 bytes (1 switches on core 0)
Aug 26 04:43:23.968317 np0000032578 devstack@n-api-meta.service[75866]: DEBUG nova.api.metadata.handler [None req-4746a601-d23f-4398-ad08-3ece4e05879d None None] Metadata request headers: {'Host': '192.168.1.117:8775', 'User-Agent': 'python-requests/2.32.3', 'Accept-Encoding': 'gzip, deflate', 'Accept': '*/*', 'Connection': 'keep-alive', 'X-Forwarded-For': '10.1.0.28', 'X-Instance-Id': '7fb7252a-5216-4004-8b01-d68f982b92e2', 'X-Tenant-Id': '2c51c91cb7f8464cbdc10fa14c5ad693', 'X-Instance-Id-Signature': '6fca619dc04957fbd01b617ca58c2e38508b0829b92b3b81d2e3c7b1389c9645'} {{(pid=75866) __call__ /opt/stack/nova/nova/api/metadata/handler.py:109}}
Aug 26 04:43:23.968886 np0000032578 devstack@n-api-meta.service[75866]: DEBUG dbcounter [-] [75866] Writing DB stats nova_api:SELECT=1 {{(pid=75866) stat_writer /opt/stack/data/venv/lib/python3.12/site-packages/dbcounter.py:115}}
Aug 26 04:43:23.969390 np0000032578 devstack@n-api-meta.service[75866]: DEBUG dbcounter [-] [75866] Writing DB stats nova_cell1:SELECT=4 {{(pid=75866) stat_writer /opt/stack/data/venv/lib/python3.12/site-packages/dbcounter.py:115}}
Aug 26 04:43:23.972512 np0000032578 devstack@n-api-meta.service[75866]: DEBUG oslo_concurrency.lockutils [None req-b9baf05c-d126-4569-bbb5-12bf49fc8dab None None] Acquiring lock "e877a1ac-e382-42cd-9f8a-044d5af417ce" by "nova.context.set_target_cell.<locals>.get_or_set_cached_cell_and_set_connections" {{(pid=75866) inner /opt/stack/data/venv/lib/python3.12/site-packages/oslo_concurrency/lockutils.py:405}}
Aug 26 04:43:23.972689 np0000032578 devstack@n-api-meta.service[75866]: DEBUG oslo_concurrency.lockutils [None req-b9baf05c-d126-4569-bbb5-12bf49fc8dab None None] Lock "e877a1ac-e382-42cd-9f8a-044d5af417ce" acquired by "nova.context.set_target_cell.<locals>.get_or_set_cached_cell_and_set_connections" :: waited 0.000s {{(pid=75866) inner /opt/stack/data/venv/lib/python3.12/site-packages/oslo_concurrency/lockutils.py:410}}
Aug 26 04:43:23.972817 np0000032578 devstack@n-api-meta.service[75866]: DEBUG oslo_concurrency.lockutils [None req-b9baf05c-d126-4569-bbb5-12bf49fc8dab None None] Lock "e877a1ac-e382-42cd-9f8a-044d5af417ce" "released" by "nova.context.set_target_cell.<locals>.get_or_set_cached_cell_and_set_connections" :: held 0.000s {{(pid=75866) inner /opt/stack/data/venv/lib/python3.12/site-packages/oslo_concurrency/lockutils.py:424}}
Aug 26 04:43:24.051526 np0000032578 devstack@n-api-meta.service[75866]: [pid: 75866|app: 0|req: 2/3] 192.168.1.117 () {40 vars in 702 bytes} [Tue Aug 26 04:43:23 2025] GET /latest/meta-data/public-keys/0/openssh-key => generated 204 bytes in 84 msecs (HTTP/1.1 200) 3 headers in 100 bytes (1 switches on core 0)
Aug 26 04:43:26.505387 np0000032578 devstack@n-api-meta.service[75867]: DEBUG nova.api.metadata.handler [None req-84a1eedc-dc9f-4da1-a821-b0550733e002 None None] Metadata request headers: {'Host': '192.168.1.117:8775', 'User-Agent': 'python-requests/2.32.3', 'Accept-Encoding': 'gzip, deflate', 'Accept': '*/*', 'Connection': 'keep-alive', 'X-Forwarded-For': '10.1.0.24', 'X-Instance-Id': 'c65f6db2-7925-4844-be98-f9998f7be53c', 'X-Tenant-Id': '2c51c91cb7f8464cbdc10fa14c5ad693', 'X-Instance-Id-Signature': '2537c3321b85cc1fcc0799cffceb6b46a0444b6b4b6c84ae638a1ba88e60031b'} {{(pid=75867) __call__ /opt/stack/nova/nova/api/metadata/handler.py:109}}
Aug 26 04:43:26.505651 np0000032578 devstack@n-api-meta.service[75867]: DEBUG dbcounter [-] [75867] Writing DB stats nova_api:SELECT=1 {{(pid=75867) stat_writer /opt/stack/data/venv/lib/python3.12/site-packages/dbcounter.py:115}}
Aug 26 04:43:26.506429 np0000032578 devstack@n-api-meta.service[75867]: DEBUG dbcounter [-] [75867] Writing DB stats nova_cell1:SELECT=4 {{(pid=75867) stat_writer /opt/stack/data/venv/lib/python3.12/site-packages/dbcounter.py:115}}
Aug 26 04:43:26.509328 np0000032578 devstack@n-api-meta.service[75867]: DEBUG oslo_concurrency.lockutils [None req-5bb79a7d-1402-4355-bc87-74e26dd64e84 None None] Acquiring lock "e877a1ac-e382-42cd-9f8a-044d5af417ce" by "nova.context.set_target_cell.<locals>.get_or_set_cached_cell_and_set_connections" {{(pid=75867) inner /opt/stack/data/venv/lib/python3.12/site-packages/oslo_concurrency/lockutils.py:405}}
Aug 26 04:43:26.510526 np0000032578 devstack@n-api-meta.service[75867]: DEBUG oslo_concurrency.lockutils [None req-5bb79a7d-1402-4355-bc87-74e26dd64e84 None None] Lock "e877a1ac-e382-42cd-9f8a-044d5af417ce" acquired by "nova.context.set_target_cell.<locals>.get_or_set_cached_cell_and_set_connections" :: waited 0.000s {{(pid=75867) inner /opt/stack/data/venv/lib/python3.12/site-packages/oslo_concurrency/lockutils.py:410}}
Aug 26 04:43:26.510526 np0000032578 devstack@n-api-meta.service[75867]: DEBUG oslo_concurrency.lockutils [None req-5bb79a7d-1402-4355-bc87-74e26dd64e84 None None] Lock "e877a1ac-e382-42cd-9f8a-044d5af417ce" "released" by "nova.context.set_target_cell.<locals>.get_or_set_cached_cell_and_set_connections" :: held 0.000s {{(pid=75867) inner /opt/stack/data/venv/lib/python3.12/site-packages/oslo_concurrency/lockutils.py:424}}
Aug 26 04:43:26.564485 np0000032578 devstack@n-api-meta.service[75867]: [pid: 75867|app: 0|req: 2/4] 192.168.1.117 () {40 vars in 702 bytes} [Tue Aug 26 04:43:26 2025] GET /latest/meta-data/public-keys/0/openssh-key => generated 204 bytes in 60 msecs (HTTP/1.1 200) 3 headers in 100 bytes (1 switches on core 0)
Aug 26 04:46:13.727129 np0000032578 devstack@n-api-meta.service[75866]: DEBUG nova.api.metadata.handler [None req-b9baf05c-d126-4569-bbb5-12bf49fc8dab None None] Metadata request headers: {'Host': '192.168.1.117:8775', 'User-Agent': 'python-requests/2.32.3', 'Accept-Encoding': 'gzip, deflate', 'Accept': '*/*', 'Connection': 'keep-alive', 'X-Forwarded-For': '10.1.0.28', 'X-Instance-Id': 'f9dbcfd2-0434-4028-90f1-fab02c5cf210', 'X-Tenant-Id': '2c51c91cb7f8464cbdc10fa14c5ad693', 'X-Instance-Id-Signature': '2e23f942402e0b91c6c940c6e16a133f0f61f96003eb9445e886a6f78f640ca7'} {{(pid=75866) __call__ /opt/stack/nova/nova/api/metadata/handler.py:109}}
Aug 26 04:46:13.727593 np0000032578 devstack@n-api-meta.service[75866]: DEBUG dbcounter [-] [75866] Writing DB stats nova_api:SELECT=1 {{(pid=75866) stat_writer /opt/stack/data/venv/lib/python3.12/site-packages/dbcounter.py:115}}
Aug 26 04:46:13.728090 np0000032578 devstack@n-api-meta.service[75866]: DEBUG dbcounter [-] [75866] Writing DB stats nova_cell1:SELECT=4 {{(pid=75866) stat_writer /opt/stack/data/venv/lib/python3.12/site-packages/dbcounter.py:115}}
Aug 26 04:46:13.730988 np0000032578 devstack@n-api-meta.service[75866]: DEBUG oslo_concurrency.lockutils [None req-5a2cfb22-6ea8-4f03-8406-5ab13954e419 None None] Acquiring lock "e877a1ac-e382-42cd-9f8a-044d5af417ce" by "nova.context.set_target_cell.<locals>.get_or_set_cached_cell_and_set_connections" {{(pid=75866) inner /opt/stack/data/venv/lib/python3.12/site-packages/oslo_concurrency/lockutils.py:405}}
Aug 26 04:46:13.731158 np0000032578 devstack@n-api-meta.service[75866]: DEBUG oslo_concurrency.lockutils [None req-5a2cfb22-6ea8-4f03-8406-5ab13954e419 None None] Lock "e877a1ac-e382-42cd-9f8a-044d5af417ce" acquired by "nova.context.set_target_cell.<locals>.get_or_set_cached_cell_and_set_connections" :: waited 0.000s {{(pid=75866) inner /opt/stack/data/venv/lib/python3.12/site-packages/oslo_concurrency/lockutils.py:410}}
Aug 26 04:46:13.731281 np0000032578 devstack@n-api-meta.service[75866]: DEBUG oslo_concurrency.lockutils [None req-5a2cfb22-6ea8-4f03-8406-5ab13954e419 None None] Lock "e877a1ac-e382-42cd-9f8a-044d5af417ce" "released" by "nova.context.set_target_cell.<locals>.get_or_set_cached_cell_and_set_connections" :: held 0.000s {{(pid=75866) inner /opt/stack/data/venv/lib/python3.12/site-packages/oslo_concurrency/lockutils.py:424}}
Aug 26 04:46:13.820451 np0000032578 devstack@n-api-meta.service[75866]: [pid: 75866|app: 0|req: 3/5] 192.168.1.117 () {40 vars in 702 bytes} [Tue Aug 26 04:46:13 2025] GET /latest/meta-data/public-keys/0/openssh-key => generated 204 bytes in 93 msecs (HTTP/1.1 200) 3 headers in 100 bytes (1 switches on core 0)
Aug 26 04:49:00.354483 np0000032578 devstack@n-api-meta.service[75867]: DEBUG nova.api.metadata.handler [None req-5bb79a7d-1402-4355-bc87-74e26dd64e84 None None] Metadata request headers: {'Host': '192.168.1.117:8775', 'User-Agent': 'python-requests/2.32.3', 'Accept-Encoding': 'gzip, deflate', 'Accept': '*/*', 'Connection': 'keep-alive', 'X-Forwarded-For': '10.1.0.21', 'X-Instance-Id': '87fb997a-51b3-4395-8cfd-a6e90d8fe3a0', 'X-Tenant-Id': 'a2e69ecefab743b89e9731790a525952', 'X-Instance-Id-Signature': 'ad9533dd6c50ae67dccc4f2946c164a34232a7eaf070fef21ac08ff0ab722bbd'} {{(pid=75867) __call__ /opt/stack/nova/nova/api/metadata/handler.py:109}}
Aug 26 04:49:00.354958 np0000032578 devstack@n-api-meta.service[75867]: DEBUG dbcounter [-] [75867] Writing DB stats nova_api:SELECT=1 {{(pid=75867) stat_writer /opt/stack/data/venv/lib/python3.12/site-packages/dbcounter.py:115}}
Aug 26 04:49:00.355458 np0000032578 devstack@n-api-meta.service[75867]: DEBUG dbcounter [-] [75867] Writing DB stats nova_cell1:SELECT=4 {{(pid=75867) stat_writer /opt/stack/data/venv/lib/python3.12/site-packages/dbcounter.py:115}}
Aug 26 04:49:00.358719 np0000032578 devstack@n-api-meta.service[75867]: DEBUG oslo_concurrency.lockutils [None req-0fd2d27f-61fa-48ad-8ec4-f826c4e21678 None None] Acquiring lock "e877a1ac-e382-42cd-9f8a-044d5af417ce" by "nova.context.set_target_cell.<locals>.get_or_set_cached_cell_and_set_connections" {{(pid=75867) inner /opt/stack/data/venv/lib/python3.12/site-packages/oslo_concurrency/lockutils.py:405}}
Aug 26 04:49:00.358856 np0000032578 devstack@n-api-meta.service[75867]: DEBUG oslo_concurrency.lockutils [None req-0fd2d27f-61fa-48ad-8ec4-f826c4e21678 None None] Lock "e877a1ac-e382-42cd-9f8a-044d5af417ce" acquired by "nova.context.set_target_cell.<locals>.get_or_set_cached_cell_and_set_connections" :: waited 0.000s {{(pid=75867) inner /opt/stack/data/venv/lib/python3.12/site-packages/oslo_concurrency/lockutils.py:410}}
Aug 26 04:49:00.358983 np0000032578 devstack@n-api-meta.service[75867]: DEBUG oslo_concurrency.lockutils [None req-0fd2d27f-61fa-48ad-8ec4-f826c4e21678 None None] Lock "e877a1ac-e382-42cd-9f8a-044d5af417ce" "released" by "nova.context.set_target_cell.<locals>.get_or_set_cached_cell_and_set_connections" :: held 0.000s {{(pid=75867) inner /opt/stack/data/venv/lib/python3.12/site-packages/oslo_concurrency/lockutils.py:424}}
Aug 26 04:49:00.478677 np0000032578 devstack@n-api-meta.service[75867]: [pid: 75867|app: 0|req: 3/6] 192.168.1.117 () {40 vars in 702 bytes} [Tue Aug 26 04:49:00 2025] GET /latest/meta-data/public-keys/0/openssh-key => generated 204 bytes in 124 msecs (HTTP/1.1 200) 3 headers in 100 bytes (1 switches on core 0)
