Aug 26 04:29:13.168054 np0000032578 devstack@n-api.service[69415]: DEBUG nova.api.openstack.wsgi_app [-] oslo_messaging_rabbit.rpc_conn_pool_size = 30 {{(pid=69415) log_opt_values /opt/stack/data/venv/lib/python3.12/site-packages/oslo_config/cfg.py:2824}}
Aug 26 04:29:13.168134 np0000032578 devstack@n-api.service[69415]: DEBUG nova.api.openstack.wsgi_app [-] oslo_messaging_rabbit.ssl      = False {{(pid=69415) log_opt_values /opt/stack/data/venv/lib/python3.12/site-packages/oslo_config/cfg.py:2824}}
Aug 26 04:29:13.168216 np0000032578 devstack@n-api.service[69415]: DEBUG nova.api.openstack.wsgi_app [-] oslo_messaging_rabbit.ssl_ca_file =  {{(pid=69415) log_opt_values /opt/stack/data/venv/lib/python3.12/site-packages/oslo_config/cfg.py:2824}}
Aug 26 04:29:13.168298 np0000032578 devstack@n-api.service[69415]: DEBUG nova.api.openstack.wsgi_app [-] oslo_messaging_rabbit.ssl_cert_file =  {{(pid=69415) log_opt_values /opt/stack/data/venv/lib/python3.12/site-packages/oslo_config/cfg.py:2824}}
Aug 26 04:29:13.168377 np0000032578 devstack@n-api.service[69415]: DEBUG nova.api.openstack.wsgi_app [-] oslo_messaging_rabbit.ssl_enforce_fips_mode = False {{(pid=69415) log_opt_values /opt/stack/data/venv/lib/python3.12/site-packages/oslo_config/cfg.py:2824}}
Aug 26 04:29:13.168459 np0000032578 devstack@n-api.service[69415]: DEBUG nova.api.openstack.wsgi_app [-] oslo_messaging_rabbit.ssl_key_file =  {{(pid=69415) log_opt_values /opt/stack/data/venv/lib/python3.12/site-packages/oslo_config/cfg.py:2824}}
Aug 26 04:29:13.168541 np0000032578 devstack@n-api.service[69415]: DEBUG nova.api.openstack.wsgi_app [-] oslo_messaging_rabbit.ssl_version =  {{(pid=69415) log_opt_values /opt/stack/data/venv/lib/python3.12/site-packages/oslo_config/cfg.py:2824}}
Aug 26 04:29:13.168629 np0000032578 devstack@n-api.service[69415]: DEBUG nova.api.openstack.wsgi_app [-] oslo_messaging_rabbit.use_queue_manager = False {{(pid=69415) log_opt_values /opt/stack/data/venv/lib/python3.12/site-packages/oslo_config/cfg.py:2824}}
Aug 26 04:29:13.168726 np0000032578 devstack@n-api.service[69415]: DEBUG nova.api.openstack.wsgi_app [-] oslo_messaging_notifications.driver = ['messagingv2'] {{(pid=69415) log_opt_values /opt/stack/data/venv/lib/python3.12/site-packages/oslo_config/cfg.py:2824}}
Aug 26 04:29:13.168811 np0000032578 devstack@n-api.service[69415]: DEBUG nova.api.openstack.wsgi_app [-] oslo_messaging_notifications.retry = -1 {{(pid=69415) log_opt_values /opt/stack/data/venv/lib/python3.12/site-packages/oslo_config/cfg.py:2824}}
Aug 26 04:29:13.168907 np0000032578 devstack@n-api.service[69415]: DEBUG nova.api.openstack.wsgi_app [-] oslo_messaging_notifications.topics = ['notifications'] {{(pid=69415) log_opt_values /opt/stack/data/venv/lib/python3.12/site-packages/oslo_config/cfg.py:2824}}
Aug 26 04:29:13.168994 np0000032578 devstack@n-api.service[69415]: DEBUG nova.api.openstack.wsgi_app [-] oslo_messaging_notifications.transport_url = **** {{(pid=69415) log_opt_values /opt/stack/data/venv/lib/python3.12/site-packages/oslo_config/cfg.py:2824}}
Aug 26 04:29:13.169078 np0000032578 devstack@n-api.service[69415]: DEBUG nova.api.openstack.wsgi_app [-] oslo_reports.file_event_handler = None {{(pid=69415) log_opt_values /opt/stack/data/venv/lib/python3.12/site-packages/oslo_config/cfg.py:2824}}
Aug 26 04:29:13.169163 np0000032578 devstack@n-api.service[69415]: DEBUG nova.api.openstack.wsgi_app [-] oslo_reports.file_event_handler_interval = 1 {{(pid=69415) log_opt_values /opt/stack/data/venv/lib/python3.12/site-packages/oslo_config/cfg.py:2824}}
Aug 26 04:29:13.169242 np0000032578 devstack@n-api.service[69415]: DEBUG nova.api.openstack.wsgi_app [-] oslo_reports.log_dir           = None {{(pid=69415) log_opt_values /opt/stack/data/venv/lib/python3.12/site-packages/oslo_config/cfg.py:2824}}
Aug 26 04:29:13.169307 np0000032578 devstack@n-api.service[69415]: DEBUG nova.api.openstack.wsgi_app [-] ******************************************************************************** {{(pid=69415) log_opt_values /opt/stack/data/venv/lib/python3.12/site-packages/oslo_config/cfg.py:2828}}
Aug 26 04:29:13.193130 np0000032578 devstack@n-api.service[69414]: INFO dbcounter [None req-edad6770-7948-4a15-a305-c6509337f13d None None] Registered counter for database nova_api
Aug 26 04:29:13.197461 np0000032578 devstack@n-api.service[69415]: INFO dbcounter [None req-a801adb0-0c86-49c3-b181-81ab816d1c72 None None] Registered counter for database nova_api
Aug 26 04:29:13.202566 np0000032578 devstack@n-api.service[69414]: DEBUG oslo_db.sqlalchemy.engines [None req-edad6770-7948-4a15-a305-c6509337f13d None None] MySQL server mode set to STRICT_TRANS_TABLES,STRICT_ALL_TABLES,NO_ZERO_IN_DATE,NO_ZERO_DATE,ERROR_FOR_DIVISION_BY_ZERO,TRADITIONAL,NO_ENGINE_SUBSTITUTION {{(pid=69414) _check_effective_sql_mode /opt/stack/data/venv/lib/python3.12/site-packages/oslo_db/sqlalchemy/engines.py:397}}
Aug 26 04:29:13.205848 np0000032578 devstack@n-api.service[69415]: DEBUG oslo_db.sqlalchemy.engines [None req-a801adb0-0c86-49c3-b181-81ab816d1c72 None None] MySQL server mode set to STRICT_TRANS_TABLES,STRICT_ALL_TABLES,NO_ZERO_IN_DATE,NO_ZERO_DATE,ERROR_FOR_DIVISION_BY_ZERO,TRADITIONAL,NO_ENGINE_SUBSTITUTION {{(pid=69415) _check_effective_sql_mode /opt/stack/data/venv/lib/python3.12/site-packages/oslo_db/sqlalchemy/engines.py:397}}
Aug 26 04:29:13.224858 np0000032578 devstack@n-api.service[69414]: DEBUG dbcounter [-] [69414] Writer thread running {{(pid=69414) stat_writer /opt/stack/data/venv/lib/python3.12/site-packages/dbcounter.py:102}}
Aug 26 04:29:13.226497 np0000032578 devstack@n-api.service[69414]: DEBUG nova.context [None req-edad6770-7948-4a15-a305-c6509337f13d None None] Found 2 cells: 00000000-0000-0000-0000-000000000000(cell0),e877a1ac-e382-42cd-9f8a-044d5af417ce(cell1) {{(pid=69414) load_cells /opt/stack/nova/nova/context.py:464}}
Aug 26 04:29:13.227921 np0000032578 devstack@n-api.service[69414]: DEBUG oslo_concurrency.lockutils [None req-edad6770-7948-4a15-a305-c6509337f13d None None] Acquiring lock "00000000-0000-0000-0000-000000000000" by "nova.context.set_target_cell.<locals>.get_or_set_cached_cell_and_set_connections" {{(pid=69414) inner /opt/stack/data/venv/lib/python3.12/site-packages/oslo_concurrency/lockutils.py:405}}
Aug 26 04:29:13.228097 np0000032578 devstack@n-api.service[69414]: DEBUG oslo_concurrency.lockutils [None req-edad6770-7948-4a15-a305-c6509337f13d None None] Lock "00000000-0000-0000-0000-000000000000" acquired by "nova.context.set_target_cell.<locals>.get_or_set_cached_cell_and_set_connections" :: waited 0.000s {{(pid=69414) inner /opt/stack/data/venv/lib/python3.12/site-packages/oslo_concurrency/lockutils.py:410}}
Aug 26 04:29:13.228193 np0000032578 devstack@n-api.service[69415]: DEBUG dbcounter [-] [69415] Writer thread running {{(pid=69415) stat_writer /opt/stack/data/venv/lib/python3.12/site-packages/dbcounter.py:102}}
Aug 26 04:29:13.228492 np0000032578 devstack@n-api.service[69414]: DEBUG oslo_concurrency.lockutils [None req-edad6770-7948-4a15-a305-c6509337f13d None None] Lock "00000000-0000-0000-0000-000000000000" "released" by "nova.context.set_target_cell.<locals>.get_or_set_cached_cell_and_set_connections" :: held 0.000s {{(pid=69414) inner /opt/stack/data/venv/lib/python3.12/site-packages/oslo_concurrency/lockutils.py:424}}
Aug 26 04:29:13.228757 np0000032578 devstack@n-api.service[69414]: DEBUG oslo_concurrency.lockutils [None req-edad6770-7948-4a15-a305-c6509337f13d None None] Acquiring lock "e877a1ac-e382-42cd-9f8a-044d5af417ce" by "nova.context.set_target_cell.<locals>.get_or_set_cached_cell_and_set_connections" {{(pid=69414) inner /opt/stack/data/venv/lib/python3.12/site-packages/oslo_concurrency/lockutils.py:405}}
Aug 26 04:29:13.228896 np0000032578 devstack@n-api.service[69414]: DEBUG oslo_concurrency.lockutils [None req-edad6770-7948-4a15-a305-c6509337f13d None None] Lock "e877a1ac-e382-42cd-9f8a-044d5af417ce" acquired by "nova.context.set_target_cell.<locals>.get_or_set_cached_cell_and_set_connections" :: waited 0.000s {{(pid=69414) inner /opt/stack/data/venv/lib/python3.12/site-packages/oslo_concurrency/lockutils.py:410}}
Aug 26 04:29:13.229560 np0000032578 devstack@n-api.service[69414]: DEBUG oslo_concurrency.lockutils [None req-edad6770-7948-4a15-a305-c6509337f13d None None] Lock "e877a1ac-e382-42cd-9f8a-044d5af417ce" "released" by "nova.context.set_target_cell.<locals>.get_or_set_cached_cell_and_set_connections" :: held 0.001s {{(pid=69414) inner /opt/stack/data/venv/lib/python3.12/site-packages/oslo_concurrency/lockutils.py:424}}
Aug 26 04:29:13.235950 np0000032578 devstack@n-api.service[69415]: DEBUG nova.context [None req-a801adb0-0c86-49c3-b181-81ab816d1c72 None None] Found 2 cells: 00000000-0000-0000-0000-000000000000(cell0),e877a1ac-e382-42cd-9f8a-044d5af417ce(cell1) {{(pid=69415) load_cells /opt/stack/nova/nova/context.py:464}}
Aug 26 04:29:13.235982 np0000032578 devstack@n-api.service[69414]: INFO dbcounter [None req-edad6770-7948-4a15-a305-c6509337f13d None None] Registered counter for database nova_cell0
Aug 26 04:29:13.236009 np0000032578 devstack@n-api.service[69415]: DEBUG oslo_concurrency.lockutils [None req-a801adb0-0c86-49c3-b181-81ab816d1c72 None None] Acquiring lock "00000000-0000-0000-0000-000000000000" by "nova.context.set_target_cell.<locals>.get_or_set_cached_cell_and_set_connections" {{(pid=69415) inner /opt/stack/data/venv/lib/python3.12/site-packages/oslo_concurrency/lockutils.py:405}}
Aug 26 04:29:13.236009 np0000032578 devstack@n-api.service[69415]: DEBUG oslo_concurrency.lockutils [None req-a801adb0-0c86-49c3-b181-81ab816d1c72 None None] Lock "00000000-0000-0000-0000-000000000000" acquired by "nova.context.set_target_cell.<locals>.get_or_set_cached_cell_and_set_connections" :: waited 0.000s {{(pid=69415) inner /opt/stack/data/venv/lib/python3.12/site-packages/oslo_concurrency/lockutils.py:410}}
Aug 26 04:29:13.236009 np0000032578 devstack@n-api.service[69415]: DEBUG oslo_concurrency.lockutils [None req-a801adb0-0c86-49c3-b181-81ab816d1c72 None None] Lock "00000000-0000-0000-0000-000000000000" "released" by "nova.context.set_target_cell.<locals>.get_or_set_cached_cell_and_set_connections" :: held 0.000s {{(pid=69415) inner /opt/stack/data/venv/lib/python3.12/site-packages/oslo_concurrency/lockutils.py:424}}
Aug 26 04:29:13.236009 np0000032578 devstack@n-api.service[69415]: DEBUG oslo_concurrency.lockutils [None req-a801adb0-0c86-49c3-b181-81ab816d1c72 None None] Acquiring lock "e877a1ac-e382-42cd-9f8a-044d5af417ce" by "nova.context.set_target_cell.<locals>.get_or_set_cached_cell_and_set_connections" {{(pid=69415) inner /opt/stack/data/venv/lib/python3.12/site-packages/oslo_concurrency/lockutils.py:405}}
Aug 26 04:29:13.236009 np0000032578 devstack@n-api.service[69415]: DEBUG oslo_concurrency.lockutils [None req-a801adb0-0c86-49c3-b181-81ab816d1c72 None None] Lock "e877a1ac-e382-42cd-9f8a-044d5af417ce" acquired by "nova.context.set_target_cell.<locals>.get_or_set_cached_cell_and_set_connections" :: waited 0.000s {{(pid=69415) inner /opt/stack/data/venv/lib/python3.12/site-packages/oslo_concurrency/lockutils.py:410}}
Aug 26 04:29:13.236087 np0000032578 devstack@n-api.service[69415]: DEBUG oslo_concurrency.lockutils [None req-a801adb0-0c86-49c3-b181-81ab816d1c72 None None] Lock "e877a1ac-e382-42cd-9f8a-044d5af417ce" "released" by "nova.context.set_target_cell.<locals>.get_or_set_cached_cell_and_set_connections" :: held 0.001s {{(pid=69415) inner /opt/stack/data/venv/lib/python3.12/site-packages/oslo_concurrency/lockutils.py:424}}
Aug 26 04:29:13.236105 np0000032578 devstack@n-api.service[69414]: INFO dbcounter [None req-edad6770-7948-4a15-a305-c6509337f13d None None] Registered counter for database nova_cell1
Aug 26 04:29:13.236122 np0000032578 devstack@n-api.service[69415]: INFO dbcounter [None req-a801adb0-0c86-49c3-b181-81ab816d1c72 None None] Registered counter for database nova_cell0
Aug 26 04:29:13.236396 np0000032578 devstack@n-api.service[69415]: INFO dbcounter [None req-a801adb0-0c86-49c3-b181-81ab816d1c72 None None] Registered counter for database nova_cell1
Aug 26 04:29:13.236906 np0000032578 devstack@n-api.service[69414]: DEBUG oslo_db.sqlalchemy.engines [None req-edad6770-7948-4a15-a305-c6509337f13d None None] MySQL server mode set to STRICT_TRANS_TABLES,STRICT_ALL_TABLES,NO_ZERO_IN_DATE,NO_ZERO_DATE,ERROR_FOR_DIVISION_BY_ZERO,TRADITIONAL,NO_ENGINE_SUBSTITUTION {{(pid=69414) _check_effective_sql_mode /opt/stack/data/venv/lib/python3.12/site-packages/oslo_db/sqlalchemy/engines.py:397}}
Aug 26 04:29:13.237808 np0000032578 devstack@n-api.service[69414]: DEBUG oslo_db.sqlalchemy.engines [None req-edad6770-7948-4a15-a305-c6509337f13d None None] MySQL server mode set to STRICT_TRANS_TABLES,STRICT_ALL_TABLES,NO_ZERO_IN_DATE,NO_ZERO_DATE,ERROR_FOR_DIVISION_BY_ZERO,TRADITIONAL,NO_ENGINE_SUBSTITUTION {{(pid=69414) _check_effective_sql_mode /opt/stack/data/venv/lib/python3.12/site-packages/oslo_db/sqlalchemy/engines.py:397}}
Aug 26 04:29:13.240525 np0000032578 devstack@n-api.service[69415]: DEBUG oslo_db.sqlalchemy.engines [None req-a801adb0-0c86-49c3-b181-81ab816d1c72 None None] MySQL server mode set to STRICT_TRANS_TABLES,STRICT_ALL_TABLES,NO_ZERO_IN_DATE,NO_ZERO_DATE,ERROR_FOR_DIVISION_BY_ZERO,TRADITIONAL,NO_ENGINE_SUBSTITUTION {{(pid=69415) _check_effective_sql_mode /opt/stack/data/venv/lib/python3.12/site-packages/oslo_db/sqlalchemy/engines.py:397}}
Aug 26 04:29:13.299345 np0000032578 devstack@n-api.service[69414]: DEBUG dbcounter [-] [69414] Writer thread running {{(pid=69414) stat_writer /opt/stack/data/venv/lib/python3.12/site-packages/dbcounter.py:102}}
Aug 26 04:29:13.299474 np0000032578 devstack@n-api.service[69414]: DEBUG dbcounter [-] [69414] Writer thread running {{(pid=69414) stat_writer /opt/stack/data/venv/lib/python3.12/site-packages/dbcounter.py:102}}
Aug 26 04:29:13.301708 np0000032578 devstack@n-api.service[69415]: DEBUG oslo_db.sqlalchemy.engines [None req-a801adb0-0c86-49c3-b181-81ab816d1c72 None None] MySQL server mode set to STRICT_TRANS_TABLES,STRICT_ALL_TABLES,NO_ZERO_IN_DATE,NO_ZERO_DATE,ERROR_FOR_DIVISION_BY_ZERO,TRADITIONAL,NO_ENGINE_SUBSTITUTION {{(pid=69415) _check_effective_sql_mode /opt/stack/data/venv/lib/python3.12/site-packages/oslo_db/sqlalchemy/engines.py:397}}
Aug 26 04:29:13.301820 np0000032578 devstack@n-api.service[69414]: INFO dbcounter [None req-edad6770-7948-4a15-a305-c6509337f13d None None] Registered counter for database nova_cell0
Aug 26 04:29:13.302064 np0000032578 devstack@n-api.service[69415]: DEBUG dbcounter [-] [69415] Writer thread running {{(pid=69415) stat_writer /opt/stack/data/venv/lib/python3.12/site-packages/dbcounter.py:102}}
Aug 26 04:29:13.305745 np0000032578 devstack@n-api.service[69414]: DEBUG oslo_db.sqlalchemy.engines [None req-edad6770-7948-4a15-a305-c6509337f13d None None] MySQL server mode set to STRICT_TRANS_TABLES,STRICT_ALL_TABLES,NO_ZERO_IN_DATE,NO_ZERO_DATE,ERROR_FOR_DIVISION_BY_ZERO,TRADITIONAL,NO_ENGINE_SUBSTITUTION {{(pid=69414) _check_effective_sql_mode /opt/stack/data/venv/lib/python3.12/site-packages/oslo_db/sqlalchemy/engines.py:397}}
Aug 26 04:29:13.305986 np0000032578 devstack@n-api.service[69415]: DEBUG dbcounter [-] [69415] Writer thread running {{(pid=69415) stat_writer /opt/stack/data/venv/lib/python3.12/site-packages/dbcounter.py:102}}
Aug 26 04:29:13.307957 np0000032578 devstack@n-api.service[69415]: INFO dbcounter [None req-a801adb0-0c86-49c3-b181-81ab816d1c72 None None] Registered counter for database nova_cell0
Aug 26 04:29:13.309372 np0000032578 devstack@n-api.service[69414]: DEBUG dbcounter [-] [69414] Writer thread running {{(pid=69414) stat_writer /opt/stack/data/venv/lib/python3.12/site-packages/dbcounter.py:102}}
Aug 26 04:29:13.311822 np0000032578 devstack@n-api.service[69415]: DEBUG oslo_db.sqlalchemy.engines [None req-a801adb0-0c86-49c3-b181-81ab816d1c72 None None] MySQL server mode set to STRICT_TRANS_TABLES,STRICT_ALL_TABLES,NO_ZERO_IN_DATE,NO_ZERO_DATE,ERROR_FOR_DIVISION_BY_ZERO,TRADITIONAL,NO_ENGINE_SUBSTITUTION {{(pid=69415) _check_effective_sql_mode /opt/stack/data/venv/lib/python3.12/site-packages/oslo_db/sqlalchemy/engines.py:397}}
Aug 26 04:29:13.315290 np0000032578 devstack@n-api.service[69415]: DEBUG dbcounter [-] [69415] Writer thread running {{(pid=69415) stat_writer /opt/stack/data/venv/lib/python3.12/site-packages/dbcounter.py:102}}
Aug 26 04:29:13.654797 np0000032578 devstack@n-api.service[69414]: DEBUG oslo_concurrency.processutils [None req-edad6770-7948-4a15-a305-c6509337f13d None None] Running cmd (subprocess): grep -F node.session.scan /sbin/iscsiadm {{(pid=69414) execute /opt/stack/data/venv/lib/python3.12/site-packages/oslo_concurrency/processutils.py:349}}
Aug 26 04:29:13.656763 np0000032578 devstack@n-api.service[69415]: DEBUG oslo_concurrency.processutils [None req-a801adb0-0c86-49c3-b181-81ab816d1c72 None None] Running cmd (subprocess): grep -F node.session.scan /sbin/iscsiadm {{(pid=69415) execute /opt/stack/data/venv/lib/python3.12/site-packages/oslo_concurrency/processutils.py:349}}
Aug 26 04:29:13.662889 np0000032578 devstack@n-api.service[69414]: DEBUG oslo_concurrency.processutils [None req-edad6770-7948-4a15-a305-c6509337f13d None None] CMD "grep -F node.session.scan /sbin/iscsiadm" returned: 0 in 0.008s {{(pid=69414) execute /opt/stack/data/venv/lib/python3.12/site-packages/oslo_concurrency/processutils.py:372}}
Aug 26 04:29:13.664516 np0000032578 devstack@n-api.service[69415]: DEBUG oslo_concurrency.processutils [None req-a801adb0-0c86-49c3-b181-81ab816d1c72 None None] CMD "grep -F node.session.scan /sbin/iscsiadm" returned: 0 in 0.008s {{(pid=69415) execute /opt/stack/data/venv/lib/python3.12/site-packages/oslo_concurrency/processutils.py:372}}
Aug 26 04:29:13.947469 np0000032578 devstack@n-api.service[69414]: WARNING keystonemiddleware.auth_token [None req-edad6770-7948-4a15-a305-c6509337f13d None None] AuthToken middleware is set with keystone_authtoken.service_token_roles_required set to False. This is backwards compatible but deprecated behaviour. Please set this to True.
Aug 26 04:29:13.947839 np0000032578 devstack@n-api.service[69415]: WARNING keystonemiddleware.auth_token [None req-a801adb0-0c86-49c3-b181-81ab816d1c72 None None] AuthToken middleware is set with keystone_authtoken.service_token_roles_required set to False. This is backwards compatible but deprecated behaviour. Please set this to True.
Aug 26 04:29:13.950673 np0000032578 devstack@n-api.service[69414]: WARNING keystonemiddleware.auth_token [None req-edad6770-7948-4a15-a305-c6509337f13d None None] Configuring www_authenticate_uri to point to the public identity endpoint is required; clients may not be able to authenticate against an admin endpoint
Aug 26 04:29:13.951080 np0000032578 devstack@n-api.service[69415]: WARNING keystonemiddleware.auth_token [None req-a801adb0-0c86-49c3-b181-81ab816d1c72 None None] Configuring www_authenticate_uri to point to the public identity endpoint is required; clients may not be able to authenticate against an admin endpoint
Aug 26 04:29:14.108021 np0000032578 devstack@n-api.service[69414]: WARNING keystonemiddleware.auth_token [None req-edad6770-7948-4a15-a305-c6509337f13d None None] AuthToken middleware is set with keystone_authtoken.service_token_roles_required set to False. This is backwards compatible but deprecated behaviour. Please set this to True.
Aug 26 04:29:14.108220 np0000032578 devstack@n-api.service[69415]: WARNING keystonemiddleware.auth_token [None req-a801adb0-0c86-49c3-b181-81ab816d1c72 None None] AuthToken middleware is set with keystone_authtoken.service_token_roles_required set to False. This is backwards compatible but deprecated behaviour. Please set this to True.
Aug 26 04:29:14.110490 np0000032578 devstack@n-api.service[69414]: WARNING keystonemiddleware.auth_token [None req-edad6770-7948-4a15-a305-c6509337f13d None None] Configuring www_authenticate_uri to point to the public identity endpoint is required; clients may not be able to authenticate against an admin endpoint
Aug 26 04:29:14.110614 np0000032578 devstack@n-api.service[69415]: WARNING keystonemiddleware.auth_token [None req-a801adb0-0c86-49c3-b181-81ab816d1c72 None None] Configuring www_authenticate_uri to point to the public identity endpoint is required; clients may not be able to authenticate against an admin endpoint
Aug 26 04:29:14.112338 np0000032578 devstack@n-api.service[69414]: WSGI app 0 (mountpoint='') ready in 3 seconds on interpreter 0x7916b0aa39e8 pid: 69414 (default app)
Aug 26 04:29:14.112441 np0000032578 devstack@n-api.service[69415]: WSGI app 0 (mountpoint='') ready in 3 seconds on interpreter 0x7916b0aa39e8 pid: 69415 (default app)
Aug 26 04:29:14.113250 np0000032578 devstack@n-api.service[69414]: DEBUG nova.api.openstack.wsgi [None req-edad6770-7948-4a15-a305-c6509337f13d None None] Calling method '<bound method VersionsV2.index of <nova.api.openstack.compute.versions.VersionsV2 object at 0x7916aac3d130>>' {{(pid=69414) _process_stack /opt/stack/nova/nova/api/openstack/wsgi.py:556}}
Aug 26 04:29:14.116235 np0000032578 devstack@n-api.service[69414]: INFO nova.api.openstack.requestlog [None req-edad6770-7948-4a15-a305-c6509337f13d None None] 192.168.1.117 "GET /compute/v2.1/" status: 200 len: 391 microversion: 2.1 time: 0.003192
Aug 26 04:29:14.116411 np0000032578 devstack@n-api.service[69414]: [pid: 69414|app: 0|req: 1/1] 192.168.1.117 () {50 vars in 771 bytes} [Tue Aug 26 04:29:14 2025] GET /compute/v2.1/ => generated 391 bytes in 4 msecs (HTTP/1.1 200) 9 headers in 357 bytes (1 switches on core 0)
Aug 26 04:29:46.589087 np0000032578 devstack@n-api.service[69415]: DEBUG nova.api.openstack.wsgi [None req-a801adb0-0c86-49c3-b181-81ab816d1c72 None None] Calling method '<bound method VersionsV2.index of <nova.api.openstack.compute.versions.VersionsV2 object at 0x7916aa2e8230>>' {{(pid=69415) _process_stack /opt/stack/nova/nova/api/openstack/wsgi.py:556}}
Aug 26 04:29:46.592673 np0000032578 devstack@n-api.service[69415]: INFO nova.api.openstack.requestlog [None req-a801adb0-0c86-49c3-b181-81ab816d1c72 None None] 192.168.1.117 "GET /compute/v2.1" status: 200 len: 392 microversion: 2.1 time: 0.004120
Aug 26 04:29:46.592866 np0000032578 devstack@n-api.service[69415]: [pid: 69415|app: 0|req: 1/2] 192.168.1.117 () {62 vars in 1056 bytes} [Tue Aug 26 04:29:46 2025] GET /compute/v2.1 => generated 392 bytes in 5 msecs (HTTP/1.1 200) 9 headers in 357 bytes (1 switches on core 0)
Aug 26 04:29:46.601681 np0000032578 devstack@n-api.service[69414]: DEBUG dbcounter [-] [69414] Writing DB stats nova_api:SELECT=1 {{(pid=69414) stat_writer /opt/stack/data/venv/lib/python3.12/site-packages/dbcounter.py:115}}
Aug 26 04:29:46.602336 np0000032578 devstack@n-api.service[69414]: DEBUG dbcounter [-] [69414] Writing DB stats nova_cell0:SELECT=1 {{(pid=69414) stat_writer /opt/stack/data/venv/lib/python3.12/site-packages/dbcounter.py:115}}
Aug 26 04:29:46.602662 np0000032578 devstack@n-api.service[69414]: DEBUG dbcounter [-] [69414] Writing DB stats nova_cell1:SELECT=1 {{(pid=69414) stat_writer /opt/stack/data/venv/lib/python3.12/site-packages/dbcounter.py:115}}
Aug 26 04:29:46.602966 np0000032578 devstack@n-api.service[69414]: DEBUG dbcounter [-] [69414] Writing DB stats nova_cell0:SELECT=2,nova_cell0:INSERT=1 {{(pid=69414) stat_writer /opt/stack/data/venv/lib/python3.12/site-packages/dbcounter.py:115}}
Aug 26 04:29:46.708303 np0000032578 devstack@n-api.service[69414]: DEBUG nova.api.openstack.wsgi [None req-a671f8ff-c893-4f9a-bf08-d1233463e984 admin admin] Calling method '<bound method FlavorsController.detail of <nova.api.openstack.compute.flavors.FlavorsController object at 0x7916a9a3cb00>>' {{(pid=69414) _process_stack /opt/stack/nova/nova/api/openstack/wsgi.py:556}}
Aug 26 04:29:46.725565 np0000032578 devstack@n-api.service[69414]: INFO nova.api.openstack.requestlog [None req-a671f8ff-c893-4f9a-bf08-d1233463e984 admin admin] 192.168.1.117 "GET /compute/v2.1/flavors/detail?is_public=True" status: 200 len: 15 microversion: 2.61 time: 0.127682
Aug 26 04:29:46.725870 np0000032578 devstack@n-api.service[69414]: [pid: 69414|app: 0|req: 2/3] 192.168.1.117 () {68 vars in 1417 bytes} [Tue Aug 26 04:29:46 2025] GET /compute/v2.1/flavors/detail?is_public=True => generated 15 bytes in 128 msecs (HTTP/1.1 200) 9 headers in 358 bytes (1 switches on core 0)
Aug 26 04:29:46.801840 np0000032578 devstack@n-api.service[69415]: DEBUG nova.api.openstack.wsgi [None req-a801adb0-0c86-49c3-b181-81ab816d1c72 None None] Calling method '<bound method VersionsV2.index of <nova.api.openstack.compute.versions.VersionsV2 object at 0x7916aa2e8230>>' {{(pid=69415) _process_stack /opt/stack/nova/nova/api/openstack/wsgi.py:556}}
Aug 26 04:29:46.804951 np0000032578 devstack@n-api.service[69415]: INFO nova.api.openstack.requestlog [None req-a801adb0-0c86-49c3-b181-81ab816d1c72 None None] 192.168.1.117 "GET /compute/v2.1" status: 200 len: 392 microversion: 2.1 time: 0.003288
Aug 26 04:29:46.805113 np0000032578 devstack@n-api.service[69415]: [pid: 69415|app: 0|req: 2/4] 192.168.1.117 () {62 vars in 1056 bytes} [Tue Aug 26 04:29:46 2025] GET /compute/v2.1 => generated 392 bytes in 3 msecs (HTTP/1.1 200) 9 headers in 357 bytes (1 switches on core 0)
Aug 26 04:29:46.828855 np0000032578 devstack@n-api.service[69414]: DEBUG nova.api.openstack.wsgi [None req-c5269e96-e6c9-4ada-936b-7549733902eb admin admin] Action: 'create', calling method: <bound method FlavorsController.create of <nova.api.openstack.compute.flavors.FlavorsController object at 0x7916a9a3c5c0>>, body: {"flavor": {"id": "c1", "os-flavor-access:is_public": true, "rxtx_factor": 1.0, "swap": 0, "disk": 1, "name": "cirros256", "OS-FLV-EXT-DATA:ephemeral": 0, "ram": 256, "vcpus": 1}} {{(pid=69414) _process_stack /opt/stack/nova/nova/api/openstack/wsgi.py:554}}
Aug 26 04:29:46.853690 np0000032578 devstack@n-api.service[69414]: INFO nova.api.openstack.requestlog [None req-c5269e96-e6c9-4ada-936b-7549733902eb admin admin] 192.168.1.117 "POST /compute/v2.1/flavors" status: 200 len: 413 microversion: 2.61 time: 0.043734
Aug 26 04:29:46.853917 np0000032578 devstack@n-api.service[69414]: [pid: 69414|app: 0|req: 3/5] 192.168.1.117 () {72 vars in 1408 bytes} [Tue Aug 26 04:29:46 2025] POST /compute/v2.1/flavors => generated 413 bytes in 44 msecs (HTTP/1.1 200) 9 headers in 359 bytes (1 switches on core 0)
Aug 26 04:29:46.863031 np0000032578 devstack@n-api.service[69415]: DEBUG dbcounter [-] [69415] Writing DB stats nova_api:SELECT=1 {{(pid=69415) stat_writer /opt/stack/data/venv/lib/python3.12/site-packages/dbcounter.py:115}}
Aug 26 04:29:46.863677 np0000032578 devstack@n-api.service[69415]: DEBUG dbcounter [-] [69415] Writing DB stats nova_cell1:SELECT=1 {{(pid=69415) stat_writer /opt/stack/data/venv/lib/python3.12/site-packages/dbcounter.py:115}}
Aug 26 04:29:46.864011 np0000032578 devstack@n-api.service[69415]: DEBUG dbcounter [-] [69415] Writing DB stats nova_cell0:SELECT=1 {{(pid=69415) stat_writer /opt/stack/data/venv/lib/python3.12/site-packages/dbcounter.py:115}}
Aug 26 04:29:46.864301 np0000032578 devstack@n-api.service[69415]: DEBUG dbcounter [-] [69415] Writing DB stats nova_cell0:SELECT=2,nova_cell0:INSERT=1 {{(pid=69415) stat_writer /opt/stack/data/venv/lib/python3.12/site-packages/dbcounter.py:115}}
Aug 26 04:29:46.920295 np0000032578 devstack@n-api.service[69415]: DEBUG nova.api.openstack.wsgi [None req-0f7af7aa-1ae5-408f-8eaf-fdb00c1fc38a admin admin] Action: 'create', calling method: <bound method FlavorExtraSpecsController.create of <nova.api.openstack.compute.flavors_extraspecs.FlavorExtraSpecsController object at 0x7916a9a34a10>>, body: {"extra_specs": {"hw_rng:allowed": "True"}} {{(pid=69415) _process_stack /opt/stack/nova/nova/api/openstack/wsgi.py:554}}
Aug 26 04:29:46.951649 np0000032578 devstack@n-api.service[69415]: INFO nova.api.openstack.requestlog [None req-0f7af7aa-1ae5-408f-8eaf-fdb00c1fc38a admin admin] 192.168.1.117 "POST /compute/v2.1/flavors/c1/os-extra_specs" status: 200 len: 43 microversion: 2.61 time: 0.091624
Aug 26 04:29:46.952031 np0000032578 devstack@n-api.service[69415]: [pid: 69415|app: 0|req: 3/6] 192.168.1.117 () {72 vars in 1461 bytes} [Tue Aug 26 04:29:46 2025] POST /compute/v2.1/flavors/c1/os-extra_specs => generated 43 bytes in 92 msecs (HTTP/1.1 200) 9 headers in 358 bytes (1 switches on core 0)
Aug 26 04:29:47.119810 np0000032578 devstack@n-api.service[69414]: DEBUG nova.api.openstack.wsgi [None req-c5269e96-e6c9-4ada-936b-7549733902eb admin admin] Calling method '<bound method VersionsV2.index of <nova.api.openstack.compute.versions.VersionsV2 object at 0x7916aac3d130>>' {{(pid=69414) _process_stack /opt/stack/nova/nova/api/openstack/wsgi.py:556}}
Aug 26 04:29:47.123415 np0000032578 devstack@n-api.service[69414]: INFO nova.api.openstack.requestlog [None req-c5269e96-e6c9-4ada-936b-7549733902eb admin admin] 192.168.1.117 "GET /compute/v2.1" status: 200 len: 392 microversion: 2.1 time: 0.003958
Aug 26 04:29:47.123640 np0000032578 devstack@n-api.service[69414]: [pid: 69414|app: 0|req: 4/7] 192.168.1.117 () {62 vars in 1056 bytes} [Tue Aug 26 04:29:47 2025] GET /compute/v2.1 => generated 392 bytes in 4 msecs (HTTP/1.1 200) 9 headers in 357 bytes (1 switches on core 0)
Aug 26 04:29:47.185387 np0000032578 devstack@n-api.service[69415]: DEBUG nova.api.openstack.wsgi [None req-0b59c709-1867-4210-adbe-4cdfe68cfee3 admin admin] Action: 'create', calling method: <bound method FlavorsController.create of <nova.api.openstack.compute.flavors.FlavorsController object at 0x7916a9a344a0>>, body: {"flavor": {"id": "d1", "os-flavor-access:is_public": true, "rxtx_factor": 1.0, "swap": 0, "disk": 5, "name": "ds512M", "OS-FLV-EXT-DATA:ephemeral": 0, "ram": 512, "vcpus": 1}} {{(pid=69415) _process_stack /opt/stack/nova/nova/api/openstack/wsgi.py:554}}
Aug 26 04:29:47.203586 np0000032578 devstack@n-api.service[69415]: INFO nova.api.openstack.requestlog [None req-0b59c709-1867-4210-adbe-4cdfe68cfee3 admin admin] 192.168.1.117 "POST /compute/v2.1/flavors" status: 200 len: 410 microversion: 2.61 time: 0.075351
Aug 26 04:29:47.203813 np0000032578 devstack@n-api.service[69415]: [pid: 69415|app: 0|req: 4/8] 192.168.1.117 () {72 vars in 1408 bytes} [Tue Aug 26 04:29:47 2025] POST /compute/v2.1/flavors => generated 410 bytes in 76 msecs (HTTP/1.1 200) 9 headers in 359 bytes (1 switches on core 0)
Aug 26 04:29:47.212826 np0000032578 devstack@n-api.service[69414]: DEBUG nova.api.openstack.wsgi [None req-41e374ff-d6c9-444e-b2c0-c0fa750ab16a admin admin] Action: 'create', calling method: <bound method FlavorExtraSpecsController.create of <nova.api.openstack.compute.flavors_extraspecs.FlavorExtraSpecsController object at 0x7916a9a3ca10>>, body: {"extra_specs": {"hw_rng:allowed": "True"}} {{(pid=69414) _process_stack /opt/stack/nova/nova/api/openstack/wsgi.py:554}}
Aug 26 04:29:47.237700 np0000032578 devstack@n-api.service[69414]: INFO nova.api.openstack.requestlog [None req-41e374ff-d6c9-444e-b2c0-c0fa750ab16a admin admin] 192.168.1.117 "POST /compute/v2.1/flavors/d1/os-extra_specs" status: 200 len: 43 microversion: 2.61 time: 0.027195
Aug 26 04:29:47.238052 np0000032578 devstack@n-api.service[69414]: [pid: 69414|app: 0|req: 5/9] 192.168.1.117 () {72 vars in 1461 bytes} [Tue Aug 26 04:29:47 2025] POST /compute/v2.1/flavors/d1/os-extra_specs => generated 43 bytes in 28 msecs (HTTP/1.1 200) 9 headers in 358 bytes (1 switches on core 0)
Aug 26 04:29:47.323985 np0000032578 devstack@n-api.service[69415]: DEBUG nova.api.openstack.wsgi [None req-0b59c709-1867-4210-adbe-4cdfe68cfee3 admin admin] Calling method '<bound method VersionsV2.index of <nova.api.openstack.compute.versions.VersionsV2 object at 0x7916aa2e8230>>' {{(pid=69415) _process_stack /opt/stack/nova/nova/api/openstack/wsgi.py:556}}
Aug 26 04:29:47.326821 np0000032578 devstack@n-api.service[69415]: INFO nova.api.openstack.requestlog [None req-0b59c709-1867-4210-adbe-4cdfe68cfee3 admin admin] 192.168.1.117 "GET /compute/v2.1" status: 200 len: 392 microversion: 2.1 time: 0.002942
Aug 26 04:29:47.326942 np0000032578 devstack@n-api.service[69415]: [pid: 69415|app: 0|req: 5/10] 192.168.1.117 () {62 vars in 1056 bytes} [Tue Aug 26 04:29:47 2025] GET /compute/v2.1 => generated 392 bytes in 3 msecs (HTTP/1.1 200) 9 headers in 357 bytes (1 switches on core 0)
Aug 26 04:29:47.352865 np0000032578 devstack@n-api.service[69414]: DEBUG nova.api.openstack.wsgi [None req-8125a310-5c9a-43d7-b15f-07296361434e admin admin] Action: 'create', calling method: <bound method FlavorsController.create of <nova.api.openstack.compute.flavors.FlavorsController object at 0x7916a9a3c5c0>>, body: {"flavor": {"id": "d2", "os-flavor-access:is_public": true, "rxtx_factor": 1.0, "swap": 0, "disk": 10, "name": "ds1G", "OS-FLV-EXT-DATA:ephemeral": 0, "ram": 1024, "vcpus": 1}} {{(pid=69414) _process_stack /opt/stack/nova/nova/api/openstack/wsgi.py:554}}
Aug 26 04:29:47.364266 np0000032578 devstack@n-api.service[69414]: INFO nova.api.openstack.requestlog [None req-8125a310-5c9a-43d7-b15f-07296361434e admin admin] 192.168.1.117 "POST /compute/v2.1/flavors" status: 200 len: 410 microversion: 2.61 time: 0.032698
Aug 26 04:29:47.364499 np0000032578 devstack@n-api.service[69414]: [pid: 69414|app: 0|req: 6/11] 192.168.1.117 () {72 vars in 1408 bytes} [Tue Aug 26 04:29:47 2025] POST /compute/v2.1/flavors => generated 410 bytes in 33 msecs (HTTP/1.1 200) 9 headers in 359 bytes (1 switches on core 0)
Aug 26 04:29:47.373825 np0000032578 devstack@n-api.service[69415]: DEBUG nova.api.openstack.wsgi [None req-d00c6762-9c1c-4e0e-bc8e-acd0bc47b05f admin admin] Action: 'create', calling method: <bound method FlavorExtraSpecsController.create of <nova.api.openstack.compute.flavors_extraspecs.FlavorExtraSpecsController object at 0x7916a9a34a10>>, body: {"extra_specs": {"hw_rng:allowed": "True"}} {{(pid=69415) _process_stack /opt/stack/nova/nova/api/openstack/wsgi.py:554}}
Aug 26 04:29:47.386376 np0000032578 devstack@n-api.service[69415]: INFO nova.api.openstack.requestlog [None req-d00c6762-9c1c-4e0e-bc8e-acd0bc47b05f admin admin] 192.168.1.117 "POST /compute/v2.1/flavors/d2/os-extra_specs" status: 200 len: 43 microversion: 2.61 time: 0.015637
Aug 26 04:29:47.386628 np0000032578 devstack@n-api.service[69415]: [pid: 69415|app: 0|req: 6/12] 192.168.1.117 () {72 vars in 1461 bytes} [Tue Aug 26 04:29:47 2025] POST /compute/v2.1/flavors/d2/os-extra_specs => generated 43 bytes in 16 msecs (HTTP/1.1 200) 9 headers in 358 bytes (1 switches on core 0)
Aug 26 04:29:47.467206 np0000032578 devstack@n-api.service[69414]: DEBUG nova.api.openstack.wsgi [None req-8125a310-5c9a-43d7-b15f-07296361434e admin admin] Calling method '<bound method VersionsV2.index of <nova.api.openstack.compute.versions.VersionsV2 object at 0x7916aac3d130>>' {{(pid=69414) _process_stack /opt/stack/nova/nova/api/openstack/wsgi.py:556}}
Aug 26 04:29:47.472372 np0000032578 devstack@n-api.service[69414]: INFO nova.api.openstack.requestlog [None req-8125a310-5c9a-43d7-b15f-07296361434e admin admin] 192.168.1.117 "GET /compute/v2.1" status: 200 len: 392 microversion: 2.1 time: 0.005322
Aug 26 04:29:47.472672 np0000032578 devstack@n-api.service[69414]: [pid: 69414|app: 0|req: 7/13] 192.168.1.117 () {62 vars in 1056 bytes} [Tue Aug 26 04:29:47 2025] GET /compute/v2.1 => generated 392 bytes in 6 msecs (HTTP/1.1 200) 9 headers in 357 bytes (1 switches on core 0)
Aug 26 04:29:47.499531 np0000032578 devstack@n-api.service[69415]: DEBUG nova.api.openstack.wsgi [None req-2e43721c-3639-485a-99d0-8a43296bd268 admin admin] Action: 'create', calling method: <bound method FlavorsController.create of <nova.api.openstack.compute.flavors.FlavorsController object at 0x7916a9a344a0>>, body: {"flavor": {"id": "d3", "os-flavor-access:is_public": true, "rxtx_factor": 1.0, "swap": 0, "disk": 10, "name": "ds2G", "OS-FLV-EXT-DATA:ephemeral": 0, "ram": 2048, "vcpus": 2}} {{(pid=69415) _process_stack /opt/stack/nova/nova/api/openstack/wsgi.py:554}}
Aug 26 04:29:47.510051 np0000032578 devstack@n-api.service[69415]: INFO nova.api.openstack.requestlog [None req-2e43721c-3639-485a-99d0-8a43296bd268 admin admin] 192.168.1.117 "POST /compute/v2.1/flavors" status: 200 len: 410 microversion: 2.61 time: 0.030876
Aug 26 04:29:47.510262 np0000032578 devstack@n-api.service[69415]: [pid: 69415|app: 0|req: 7/14] 192.168.1.117 () {72 vars in 1408 bytes} [Tue Aug 26 04:29:47 2025] POST /compute/v2.1/flavors => generated 410 bytes in 31 msecs (HTTP/1.1 200) 9 headers in 359 bytes (1 switches on core 0)
Aug 26 04:29:47.518387 np0000032578 devstack@n-api.service[69414]: DEBUG nova.api.openstack.wsgi [None req-a5bf7fd3-c50b-41ea-9b7e-8e11e2fc6c7e admin admin] Action: 'create', calling method: <bound method FlavorExtraSpecsController.create of <nova.api.openstack.compute.flavors_extraspecs.FlavorExtraSpecsController object at 0x7916a9a3ca10>>, body: {"extra_specs": {"hw_rng:allowed": "True"}} {{(pid=69414) _process_stack /opt/stack/nova/nova/api/openstack/wsgi.py:554}}
Aug 26 04:29:47.535440 np0000032578 devstack@n-api.service[69414]: INFO nova.api.openstack.requestlog [None req-a5bf7fd3-c50b-41ea-9b7e-8e11e2fc6c7e admin admin] 192.168.1.117 "POST /compute/v2.1/flavors/d3/os-extra_specs" status: 200 len: 43 microversion: 2.61 time: 0.019218
Aug 26 04:29:47.535794 np0000032578 devstack@n-api.service[69414]: [pid: 69414|app: 0|req: 8/15] 192.168.1.117 () {72 vars in 1461 bytes} [Tue Aug 26 04:29:47 2025] POST /compute/v2.1/flavors/d3/os-extra_specs => generated 43 bytes in 20 msecs (HTTP/1.1 200) 9 headers in 358 bytes (1 switches on core 0)
Aug 26 04:29:47.611137 np0000032578 devstack@n-api.service[69415]: DEBUG nova.api.openstack.wsgi [None req-2e43721c-3639-485a-99d0-8a43296bd268 admin admin] Calling method '<bound method VersionsV2.index of <nova.api.openstack.compute.versions.VersionsV2 object at 0x7916aa2e8230>>' {{(pid=69415) _process_stack /opt/stack/nova/nova/api/openstack/wsgi.py:556}}
Aug 26 04:29:47.614180 np0000032578 devstack@n-api.service[69415]: INFO nova.api.openstack.requestlog [None req-2e43721c-3639-485a-99d0-8a43296bd268 admin admin] 192.168.1.117 "GET /compute/v2.1" status: 200 len: 392 microversion: 2.1 time: 0.003230
Aug 26 04:29:47.614337 np0000032578 devstack@n-api.service[69415]: [pid: 69415|app: 0|req: 8/16] 192.168.1.117 () {62 vars in 1056 bytes} [Tue Aug 26 04:29:47 2025] GET /compute/v2.1 => generated 392 bytes in 3 msecs (HTTP/1.1 200) 9 headers in 357 bytes (1 switches on core 0)
Aug 26 04:29:47.643490 np0000032578 devstack@n-api.service[69414]: DEBUG nova.api.openstack.wsgi [None req-d1ec21cb-1bd0-472b-9122-03eba8d39bf6 admin admin] Action: 'create', calling method: <bound method FlavorsController.create of <nova.api.openstack.compute.flavors.FlavorsController object at 0x7916a9a3c5c0>>, body: {"flavor": {"id": "d4", "os-flavor-access:is_public": true, "rxtx_factor": 1.0, "swap": 0, "disk": 20, "name": "ds4G", "OS-FLV-EXT-DATA:ephemeral": 0, "ram": 4096, "vcpus": 4}} {{(pid=69414) _process_stack /opt/stack/nova/nova/api/openstack/wsgi.py:554}}
Aug 26 04:29:47.657267 np0000032578 devstack@n-api.service[69414]: INFO nova.api.openstack.requestlog [None req-d1ec21cb-1bd0-472b-9122-03eba8d39bf6 admin admin] 192.168.1.117 "POST /compute/v2.1/flavors" status: 200 len: 410 microversion: 2.61 time: 0.038321
Aug 26 04:29:47.657537 np0000032578 devstack@n-api.service[69414]: [pid: 69414|app: 0|req: 9/17] 192.168.1.117 () {72 vars in 1408 bytes} [Tue Aug 26 04:29:47 2025] POST /compute/v2.1/flavors => generated 410 bytes in 39 msecs (HTTP/1.1 200) 9 headers in 359 bytes (1 switches on core 0)
Aug 26 04:29:47.670596 np0000032578 devstack@n-api.service[69415]: DEBUG nova.api.openstack.wsgi [None req-b7d601ba-7a40-4194-a7a3-03eed00687d3 admin admin] Action: 'create', calling method: <bound method FlavorExtraSpecsController.create of <nova.api.openstack.compute.flavors_extraspecs.FlavorExtraSpecsController object at 0x7916a9a34a10>>, body: {"extra_specs": {"hw_rng:allowed": "True"}} {{(pid=69415) _process_stack /opt/stack/nova/nova/api/openstack/wsgi.py:554}}
Aug 26 04:29:47.682830 np0000032578 devstack@n-api.service[69415]: INFO nova.api.openstack.requestlog [None req-b7d601ba-7a40-4194-a7a3-03eed00687d3 admin admin] 192.168.1.117 "POST /compute/v2.1/flavors/d4/os-extra_specs" status: 200 len: 43 microversion: 2.61 time: 0.014114
Aug 26 04:29:47.683069 np0000032578 devstack@n-api.service[69415]: [pid: 69415|app: 0|req: 9/18] 192.168.1.117 () {72 vars in 1461 bytes} [Tue Aug 26 04:29:47 2025] POST /compute/v2.1/flavors/d4/os-extra_specs => generated 43 bytes in 14 msecs (HTTP/1.1 200) 9 headers in 358 bytes (1 switches on core 0)
Aug 26 04:29:47.765111 np0000032578 devstack@n-api.service[69414]: DEBUG nova.api.openstack.wsgi [None req-d1ec21cb-1bd0-472b-9122-03eba8d39bf6 admin admin] Calling method '<bound method VersionsV2.index of <nova.api.openstack.compute.versions.VersionsV2 object at 0x7916aac3d130>>' {{(pid=69414) _process_stack /opt/stack/nova/nova/api/openstack/wsgi.py:556}}
Aug 26 04:29:47.768272 np0000032578 devstack@n-api.service[69414]: INFO nova.api.openstack.requestlog [None req-d1ec21cb-1bd0-472b-9122-03eba8d39bf6 admin admin] 192.168.1.117 "GET /compute/v2.1" status: 200 len: 392 microversion: 2.1 time: 0.003326
Aug 26 04:29:47.768530 np0000032578 devstack@n-api.service[69414]: [pid: 69414|app: 0|req: 10/19] 192.168.1.117 () {62 vars in 1056 bytes} [Tue Aug 26 04:29:47 2025] GET /compute/v2.1 => generated 392 bytes in 4 msecs (HTTP/1.1 200) 9 headers in 357 bytes (1 switches on core 0)
Aug 26 04:29:47.790920 np0000032578 devstack@n-api.service[69415]: DEBUG nova.api.openstack.wsgi [None req-a8f1c9ac-a3c3-45f9-8697-d1eb252f82ba admin admin] Calling method '<bound method FlavorsController.detail of <nova.api.openstack.compute.flavors.FlavorsController object at 0x7916a9a349e0>>' {{(pid=69415) _process_stack /opt/stack/nova/nova/api/openstack/wsgi.py:556}}
Aug 26 04:29:47.805004 np0000032578 devstack@n-api.service[69415]: INFO nova.api.openstack.requestlog [None req-a8f1c9ac-a3c3-45f9-8697-d1eb252f82ba admin admin] 192.168.1.117 "GET /compute/v2.1/flavors/detail?is_public=True" status: 200 len: 2136 microversion: 2.61 time: 0.031772
Aug 26 04:29:47.805211 np0000032578 devstack@n-api.service[69415]: [pid: 69415|app: 0|req: 10/20] 192.168.1.117 () {68 vars in 1417 bytes} [Tue Aug 26 04:29:47 2025] GET /compute/v2.1/flavors/detail?is_public=True => generated 2136 bytes in 32 msecs (HTTP/1.1 200) 9 headers in 360 bytes (1 switches on core 0)
Aug 26 04:29:47.883874 np0000032578 devstack@n-api.service[69414]: DEBUG nova.api.openstack.wsgi [None req-d1ec21cb-1bd0-472b-9122-03eba8d39bf6 admin admin] Calling method '<bound method VersionsV2.index of <nova.api.openstack.compute.versions.VersionsV2 object at 0x7916aac3d130>>' {{(pid=69414) _process_stack /opt/stack/nova/nova/api/openstack/wsgi.py:556}}
Aug 26 04:29:47.886725 np0000032578 devstack@n-api.service[69414]: INFO nova.api.openstack.requestlog [None req-d1ec21cb-1bd0-472b-9122-03eba8d39bf6 admin admin] 192.168.1.117 "GET /compute/v2.1" status: 200 len: 392 microversion: 2.1 time: 0.003026
Aug 26 04:29:47.886924 np0000032578 devstack@n-api.service[69414]: [pid: 69414|app: 0|req: 11/21] 192.168.1.117 () {62 vars in 1056 bytes} [Tue Aug 26 04:29:47 2025] GET /compute/v2.1 => generated 392 bytes in 3 msecs (HTTP/1.1 200) 9 headers in 357 bytes (1 switches on core 0)
Aug 26 04:29:47.908713 np0000032578 devstack@n-api.service[69415]: DEBUG nova.api.openstack.wsgi [None req-35333b74-74a5-4c49-9200-c74300ba8d5a admin admin] Action: 'create', calling method: <bound method FlavorsController.create of <nova.api.openstack.compute.flavors.FlavorsController object at 0x7916a9a344a0>>, body: {"flavor": {"id": "1", "os-flavor-access:is_public": true, "rxtx_factor": 1.0, "swap": 0, "disk": 1, "name": "m1.tiny", "OS-FLV-EXT-DATA:ephemeral": 0, "ram": 512, "vcpus": 1}} {{(pid=69415) _process_stack /opt/stack/nova/nova/api/openstack/wsgi.py:554}}
Aug 26 04:29:47.919642 np0000032578 devstack@n-api.service[69415]: INFO nova.api.openstack.requestlog [None req-35333b74-74a5-4c49-9200-c74300ba8d5a admin admin] 192.168.1.117 "POST /compute/v2.1/flavors" status: 200 len: 408 microversion: 2.61 time: 0.027982
Aug 26 04:29:47.919861 np0000032578 devstack@n-api.service[69415]: [pid: 69415|app: 0|req: 11/22] 192.168.1.117 () {72 vars in 1408 bytes} [Tue Aug 26 04:29:47 2025] POST /compute/v2.1/flavors => generated 408 bytes in 28 msecs (HTTP/1.1 200) 9 headers in 359 bytes (1 switches on core 0)
Aug 26 04:29:47.927473 np0000032578 devstack@n-api.service[69414]: DEBUG nova.api.openstack.wsgi [None req-d637c413-6dc8-47bd-8869-94b5e63169bf admin admin] Action: 'create', calling method: <bound method FlavorExtraSpecsController.create of <nova.api.openstack.compute.flavors_extraspecs.FlavorExtraSpecsController object at 0x7916a9a3ca10>>, body: {"extra_specs": {"hw_rng:allowed": "True"}} {{(pid=69414) _process_stack /opt/stack/nova/nova/api/openstack/wsgi.py:554}}
Aug 26 04:29:47.942036 np0000032578 devstack@n-api.service[69414]: INFO nova.api.openstack.requestlog [None req-d637c413-6dc8-47bd-8869-94b5e63169bf admin admin] 192.168.1.117 "POST /compute/v2.1/flavors/1/os-extra_specs" status: 200 len: 43 microversion: 2.61 time: 0.016026
Aug 26 04:29:47.942309 np0000032578 devstack@n-api.service[69414]: [pid: 69414|app: 0|req: 12/23] 192.168.1.117 () {72 vars in 1458 bytes} [Tue Aug 26 04:29:47 2025] POST /compute/v2.1/flavors/1/os-extra_specs => generated 43 bytes in 16 msecs (HTTP/1.1 200) 9 headers in 358 bytes (1 switches on core 0)
Aug 26 04:29:48.024057 np0000032578 devstack@n-api.service[69415]: DEBUG nova.api.openstack.wsgi [None req-35333b74-74a5-4c49-9200-c74300ba8d5a admin admin] Calling method '<bound method VersionsV2.index of <nova.api.openstack.compute.versions.VersionsV2 object at 0x7916aa2e8230>>' {{(pid=69415) _process_stack /opt/stack/nova/nova/api/openstack/wsgi.py:556}}
Aug 26 04:29:48.027618 np0000032578 devstack@n-api.service[69415]: INFO nova.api.openstack.requestlog [None req-35333b74-74a5-4c49-9200-c74300ba8d5a admin admin] 192.168.1.117 "GET /compute/v2.1" status: 200 len: 392 microversion: 2.1 time: 0.002939
Aug 26 04:29:48.027618 np0000032578 devstack@n-api.service[69415]: [pid: 69415|app: 0|req: 12/24] 192.168.1.117 () {62 vars in 1056 bytes} [Tue Aug 26 04:29:48 2025] GET /compute/v2.1 => generated 392 bytes in 3 msecs (HTTP/1.1 200) 9 headers in 357 bytes (1 switches on core 0)
Aug 26 04:29:48.054590 np0000032578 devstack@n-api.service[69414]: DEBUG nova.api.openstack.wsgi [None req-dd8cbada-cba9-4ba1-b72c-44c93915da5c admin admin] Action: 'create', calling method: <bound method FlavorsController.create of <nova.api.openstack.compute.flavors.FlavorsController object at 0x7916a9a3c5c0>>, body: {"flavor": {"id": "2", "os-flavor-access:is_public": true, "rxtx_factor": 1.0, "swap": 0, "disk": 20, "name": "m1.small", "OS-FLV-EXT-DATA:ephemeral": 0, "ram": 2048, "vcpus": 1}} {{(pid=69414) _process_stack /opt/stack/nova/nova/api/openstack/wsgi.py:554}}
Aug 26 04:29:48.066893 np0000032578 devstack@n-api.service[69414]: INFO nova.api.openstack.requestlog [None req-dd8cbada-cba9-4ba1-b72c-44c93915da5c admin admin] 192.168.1.117 "POST /compute/v2.1/flavors" status: 200 len: 411 microversion: 2.61 time: 0.034674
Aug 26 04:29:48.067183 np0000032578 devstack@n-api.service[69414]: [pid: 69414|app: 0|req: 13/25] 192.168.1.117 () {72 vars in 1408 bytes} [Tue Aug 26 04:29:48 2025] POST /compute/v2.1/flavors => generated 411 bytes in 35 msecs (HTTP/1.1 200) 9 headers in 359 bytes (1 switches on core 0)
Aug 26 04:29:48.075293 np0000032578 devstack@n-api.service[69415]: DEBUG nova.api.openstack.wsgi [None req-c361c041-0140-4314-a40e-ba33a7e72b36 admin admin] Action: 'create', calling method: <bound method FlavorExtraSpecsController.create of <nova.api.openstack.compute.flavors_extraspecs.FlavorExtraSpecsController object at 0x7916a9a34a10>>, body: {"extra_specs": {"hw_rng:allowed": "True"}} {{(pid=69415) _process_stack /opt/stack/nova/nova/api/openstack/wsgi.py:554}}
Aug 26 04:29:48.087608 np0000032578 devstack@n-api.service[69415]: INFO nova.api.openstack.requestlog [None req-c361c041-0140-4314-a40e-ba33a7e72b36 admin admin] 192.168.1.117 "POST /compute/v2.1/flavors/2/os-extra_specs" status: 200 len: 43 microversion: 2.61 time: 0.013757
Aug 26 04:29:48.087877 np0000032578 devstack@n-api.service[69415]: [pid: 69415|app: 0|req: 13/26] 192.168.1.117 () {72 vars in 1458 bytes} [Tue Aug 26 04:29:48 2025] POST /compute/v2.1/flavors/2/os-extra_specs => generated 43 bytes in 14 msecs (HTTP/1.1 200) 9 headers in 358 bytes (1 switches on core 0)
Aug 26 04:29:48.166147 np0000032578 devstack@n-api.service[69414]: DEBUG nova.api.openstack.wsgi [None req-dd8cbada-cba9-4ba1-b72c-44c93915da5c admin admin] Calling method '<bound method VersionsV2.index of <nova.api.openstack.compute.versions.VersionsV2 object at 0x7916aac3d130>>' {{(pid=69414) _process_stack /opt/stack/nova/nova/api/openstack/wsgi.py:556}}
Aug 26 04:29:48.170337 np0000032578 devstack@n-api.service[69414]: INFO nova.api.openstack.requestlog [None req-dd8cbada-cba9-4ba1-b72c-44c93915da5c admin admin] 192.168.1.117 "GET /compute/v2.1" status: 200 len: 392 microversion: 2.1 time: 0.004359
Aug 26 04:29:48.170558 np0000032578 devstack@n-api.service[69414]: [pid: 69414|app: 0|req: 14/27] 192.168.1.117 () {62 vars in 1056 bytes} [Tue Aug 26 04:29:48 2025] GET /compute/v2.1 => generated 392 bytes in 5 msecs (HTTP/1.1 200) 9 headers in 357 bytes (1 switches on core 0)
