Aug 25 16:13:00.858486 np0000032575 devstack@n-api.service[69046]: DEBUG nova.api.openstack.wsgi_app [-] oslo_messaging_rabbit.rpc_conn_pool_size = 30 {{(pid=69046) log_opt_values /opt/stack/data/venv/lib/python3.12/site-packages/oslo_config/cfg.py:2824}}
Aug 25 16:13:00.858567 np0000032575 devstack@n-api.service[69046]: DEBUG nova.api.openstack.wsgi_app [-] oslo_messaging_rabbit.ssl      = False {{(pid=69046) log_opt_values /opt/stack/data/venv/lib/python3.12/site-packages/oslo_config/cfg.py:2824}}
Aug 25 16:13:00.858649 np0000032575 devstack@n-api.service[69046]: DEBUG nova.api.openstack.wsgi_app [-] oslo_messaging_rabbit.ssl_ca_file =  {{(pid=69046) log_opt_values /opt/stack/data/venv/lib/python3.12/site-packages/oslo_config/cfg.py:2824}}
Aug 25 16:13:00.858732 np0000032575 devstack@n-api.service[69046]: DEBUG nova.api.openstack.wsgi_app [-] oslo_messaging_rabbit.ssl_cert_file =  {{(pid=69046) log_opt_values /opt/stack/data/venv/lib/python3.12/site-packages/oslo_config/cfg.py:2824}}
Aug 25 16:13:00.858813 np0000032575 devstack@n-api.service[69046]: DEBUG nova.api.openstack.wsgi_app [-] oslo_messaging_rabbit.ssl_enforce_fips_mode = False {{(pid=69046) log_opt_values /opt/stack/data/venv/lib/python3.12/site-packages/oslo_config/cfg.py:2824}}
Aug 25 16:13:00.858894 np0000032575 devstack@n-api.service[69046]: DEBUG nova.api.openstack.wsgi_app [-] oslo_messaging_rabbit.ssl_key_file =  {{(pid=69046) log_opt_values /opt/stack/data/venv/lib/python3.12/site-packages/oslo_config/cfg.py:2824}}
Aug 25 16:13:00.858977 np0000032575 devstack@n-api.service[69046]: DEBUG nova.api.openstack.wsgi_app [-] oslo_messaging_rabbit.ssl_version =  {{(pid=69046) log_opt_values /opt/stack/data/venv/lib/python3.12/site-packages/oslo_config/cfg.py:2824}}
Aug 25 16:13:00.859056 np0000032575 devstack@n-api.service[69046]: DEBUG nova.api.openstack.wsgi_app [-] oslo_messaging_rabbit.use_queue_manager = False {{(pid=69046) log_opt_values /opt/stack/data/venv/lib/python3.12/site-packages/oslo_config/cfg.py:2824}}
Aug 25 16:13:00.859155 np0000032575 devstack@n-api.service[69046]: DEBUG nova.api.openstack.wsgi_app [-] oslo_messaging_notifications.driver = ['messagingv2'] {{(pid=69046) log_opt_values /opt/stack/data/venv/lib/python3.12/site-packages/oslo_config/cfg.py:2824}}
Aug 25 16:13:00.859236 np0000032575 devstack@n-api.service[69046]: DEBUG nova.api.openstack.wsgi_app [-] oslo_messaging_notifications.retry = -1 {{(pid=69046) log_opt_values /opt/stack/data/venv/lib/python3.12/site-packages/oslo_config/cfg.py:2824}}
Aug 25 16:13:00.859329 np0000032575 devstack@n-api.service[69046]: DEBUG nova.api.openstack.wsgi_app [-] oslo_messaging_notifications.topics = ['notifications'] {{(pid=69046) log_opt_values /opt/stack/data/venv/lib/python3.12/site-packages/oslo_config/cfg.py:2824}}
Aug 25 16:13:00.859414 np0000032575 devstack@n-api.service[69046]: DEBUG nova.api.openstack.wsgi_app [-] oslo_messaging_notifications.transport_url = **** {{(pid=69046) log_opt_values /opt/stack/data/venv/lib/python3.12/site-packages/oslo_config/cfg.py:2824}}
Aug 25 16:13:00.859497 np0000032575 devstack@n-api.service[69046]: DEBUG nova.api.openstack.wsgi_app [-] oslo_reports.file_event_handler = None {{(pid=69046) log_opt_values /opt/stack/data/venv/lib/python3.12/site-packages/oslo_config/cfg.py:2824}}
Aug 25 16:13:00.859579 np0000032575 devstack@n-api.service[69046]: DEBUG nova.api.openstack.wsgi_app [-] oslo_reports.file_event_handler_interval = 1 {{(pid=69046) log_opt_values /opt/stack/data/venv/lib/python3.12/site-packages/oslo_config/cfg.py:2824}}
Aug 25 16:13:00.859659 np0000032575 devstack@n-api.service[69046]: DEBUG nova.api.openstack.wsgi_app [-] oslo_reports.log_dir           = None {{(pid=69046) log_opt_values /opt/stack/data/venv/lib/python3.12/site-packages/oslo_config/cfg.py:2824}}
Aug 25 16:13:00.859725 np0000032575 devstack@n-api.service[69046]: DEBUG nova.api.openstack.wsgi_app [-] ******************************************************************************** {{(pid=69046) log_opt_values /opt/stack/data/venv/lib/python3.12/site-packages/oslo_config/cfg.py:2828}}
Aug 25 16:13:00.883670 np0000032575 devstack@n-api.service[69047]: INFO dbcounter [None req-04c9afed-4d6c-47ec-83a0-88f29241e078 None None] Registered counter for database nova_api
Aug 25 16:13:00.887838 np0000032575 devstack@n-api.service[69046]: INFO dbcounter [None req-80059629-3de5-46d4-b185-8b28ec055eea None None] Registered counter for database nova_api
Aug 25 16:13:00.893356 np0000032575 devstack@n-api.service[69047]: DEBUG oslo_db.sqlalchemy.engines [None req-04c9afed-4d6c-47ec-83a0-88f29241e078 None None] MySQL server mode set to STRICT_TRANS_TABLES,STRICT_ALL_TABLES,NO_ZERO_IN_DATE,NO_ZERO_DATE,ERROR_FOR_DIVISION_BY_ZERO,TRADITIONAL,NO_ENGINE_SUBSTITUTION {{(pid=69047) _check_effective_sql_mode /opt/stack/data/venv/lib/python3.12/site-packages/oslo_db/sqlalchemy/engines.py:397}}
Aug 25 16:13:00.896269 np0000032575 devstack@n-api.service[69046]: DEBUG oslo_db.sqlalchemy.engines [None req-80059629-3de5-46d4-b185-8b28ec055eea None None] MySQL server mode set to STRICT_TRANS_TABLES,STRICT_ALL_TABLES,NO_ZERO_IN_DATE,NO_ZERO_DATE,ERROR_FOR_DIVISION_BY_ZERO,TRADITIONAL,NO_ENGINE_SUBSTITUTION {{(pid=69046) _check_effective_sql_mode /opt/stack/data/venv/lib/python3.12/site-packages/oslo_db/sqlalchemy/engines.py:397}}
Aug 25 16:13:00.915573 np0000032575 devstack@n-api.service[69047]: DEBUG dbcounter [-] [69047] Writer thread running {{(pid=69047) stat_writer /opt/stack/data/venv/lib/python3.12/site-packages/dbcounter.py:102}}
Aug 25 16:13:00.917200 np0000032575 devstack@n-api.service[69047]: DEBUG nova.context [None req-04c9afed-4d6c-47ec-83a0-88f29241e078 None None] Found 2 cells: 00000000-0000-0000-0000-000000000000(cell0),d604c590-5d40-4681-aee4-d10cb40b2d81(cell1) {{(pid=69047) load_cells /opt/stack/nova/nova/context.py:464}}
Aug 25 16:13:00.918637 np0000032575 devstack@n-api.service[69047]: DEBUG oslo_concurrency.lockutils [None req-04c9afed-4d6c-47ec-83a0-88f29241e078 None None] Acquiring lock "00000000-0000-0000-0000-000000000000" by "nova.context.set_target_cell.<locals>.get_or_set_cached_cell_and_set_connections" {{(pid=69047) inner /opt/stack/data/venv/lib/python3.12/site-packages/oslo_concurrency/lockutils.py:405}}
Aug 25 16:13:00.918815 np0000032575 devstack@n-api.service[69047]: DEBUG oslo_concurrency.lockutils [None req-04c9afed-4d6c-47ec-83a0-88f29241e078 None None] Lock "00000000-0000-0000-0000-000000000000" acquired by "nova.context.set_target_cell.<locals>.get_or_set_cached_cell_and_set_connections" :: waited 0.000s {{(pid=69047) inner /opt/stack/data/venv/lib/python3.12/site-packages/oslo_concurrency/lockutils.py:410}}
Aug 25 16:13:00.919149 np0000032575 devstack@n-api.service[69047]: DEBUG oslo_concurrency.lockutils [None req-04c9afed-4d6c-47ec-83a0-88f29241e078 None None] Lock "00000000-0000-0000-0000-000000000000" "released" by "nova.context.set_target_cell.<locals>.get_or_set_cached_cell_and_set_connections" :: held 0.000s {{(pid=69047) inner /opt/stack/data/venv/lib/python3.12/site-packages/oslo_concurrency/lockutils.py:424}}
Aug 25 16:13:00.919478 np0000032575 devstack@n-api.service[69047]: DEBUG oslo_concurrency.lockutils [None req-04c9afed-4d6c-47ec-83a0-88f29241e078 None None] Acquiring lock "d604c590-5d40-4681-aee4-d10cb40b2d81" by "nova.context.set_target_cell.<locals>.get_or_set_cached_cell_and_set_connections" {{(pid=69047) inner /opt/stack/data/venv/lib/python3.12/site-packages/oslo_concurrency/lockutils.py:405}}
Aug 25 16:13:00.919550 np0000032575 devstack@n-api.service[69046]: DEBUG dbcounter [-] [69046] Writer thread running {{(pid=69046) stat_writer /opt/stack/data/venv/lib/python3.12/site-packages/dbcounter.py:102}}
Aug 25 16:13:00.919620 np0000032575 devstack@n-api.service[69047]: DEBUG oslo_concurrency.lockutils [None req-04c9afed-4d6c-47ec-83a0-88f29241e078 None None] Lock "d604c590-5d40-4681-aee4-d10cb40b2d81" acquired by "nova.context.set_target_cell.<locals>.get_or_set_cached_cell_and_set_connections" :: waited 0.000s {{(pid=69047) inner /opt/stack/data/venv/lib/python3.12/site-packages/oslo_concurrency/lockutils.py:410}}
Aug 25 16:13:00.920315 np0000032575 devstack@n-api.service[69047]: DEBUG oslo_concurrency.lockutils [None req-04c9afed-4d6c-47ec-83a0-88f29241e078 None None] Lock "d604c590-5d40-4681-aee4-d10cb40b2d81" "released" by "nova.context.set_target_cell.<locals>.get_or_set_cached_cell_and_set_connections" :: held 0.001s {{(pid=69047) inner /opt/stack/data/venv/lib/python3.12/site-packages/oslo_concurrency/lockutils.py:424}}
Aug 25 16:13:00.921161 np0000032575 devstack@n-api.service[69046]: DEBUG nova.context [None req-80059629-3de5-46d4-b185-8b28ec055eea None None] Found 2 cells: 00000000-0000-0000-0000-000000000000(cell0),d604c590-5d40-4681-aee4-d10cb40b2d81(cell1) {{(pid=69046) load_cells /opt/stack/nova/nova/context.py:464}}
Aug 25 16:13:00.921305 np0000032575 devstack@n-api.service[69047]: INFO dbcounter [None req-04c9afed-4d6c-47ec-83a0-88f29241e078 None None] Registered counter for database nova_cell0
Aug 25 16:13:00.922586 np0000032575 devstack@n-api.service[69046]: DEBUG oslo_concurrency.lockutils [None req-80059629-3de5-46d4-b185-8b28ec055eea None None] Acquiring lock "00000000-0000-0000-0000-000000000000" by "nova.context.set_target_cell.<locals>.get_or_set_cached_cell_and_set_connections" {{(pid=69046) inner /opt/stack/data/venv/lib/python3.12/site-packages/oslo_concurrency/lockutils.py:405}}
Aug 25 16:13:00.922760 np0000032575 devstack@n-api.service[69046]: DEBUG oslo_concurrency.lockutils [None req-80059629-3de5-46d4-b185-8b28ec055eea None None] Lock "00000000-0000-0000-0000-000000000000" acquired by "nova.context.set_target_cell.<locals>.get_or_set_cached_cell_and_set_connections" :: waited 0.000s {{(pid=69046) inner /opt/stack/data/venv/lib/python3.12/site-packages/oslo_concurrency/lockutils.py:410}}
Aug 25 16:13:00.923095 np0000032575 devstack@n-api.service[69046]: DEBUG oslo_concurrency.lockutils [None req-80059629-3de5-46d4-b185-8b28ec055eea None None] Lock "00000000-0000-0000-0000-000000000000" "released" by "nova.context.set_target_cell.<locals>.get_or_set_cached_cell_and_set_connections" :: held 0.000s {{(pid=69046) inner /opt/stack/data/venv/lib/python3.12/site-packages/oslo_concurrency/lockutils.py:424}}
Aug 25 16:13:00.923441 np0000032575 devstack@n-api.service[69046]: DEBUG oslo_concurrency.lockutils [None req-80059629-3de5-46d4-b185-8b28ec055eea None None] Acquiring lock "d604c590-5d40-4681-aee4-d10cb40b2d81" by "nova.context.set_target_cell.<locals>.get_or_set_cached_cell_and_set_connections" {{(pid=69046) inner /opt/stack/data/venv/lib/python3.12/site-packages/oslo_concurrency/lockutils.py:405}}
Aug 25 16:13:00.923579 np0000032575 devstack@n-api.service[69046]: DEBUG oslo_concurrency.lockutils [None req-80059629-3de5-46d4-b185-8b28ec055eea None None] Lock "d604c590-5d40-4681-aee4-d10cb40b2d81" acquired by "nova.context.set_target_cell.<locals>.get_or_set_cached_cell_and_set_connections" :: waited 0.000s {{(pid=69046) inner /opt/stack/data/venv/lib/python3.12/site-packages/oslo_concurrency/lockutils.py:410}}
Aug 25 16:13:00.923807 np0000032575 devstack@n-api.service[69047]: INFO dbcounter [None req-04c9afed-4d6c-47ec-83a0-88f29241e078 None None] Registered counter for database nova_cell1
Aug 25 16:13:00.924253 np0000032575 devstack@n-api.service[69046]: DEBUG oslo_concurrency.lockutils [None req-80059629-3de5-46d4-b185-8b28ec055eea None None] Lock "d604c590-5d40-4681-aee4-d10cb40b2d81" "released" by "nova.context.set_target_cell.<locals>.get_or_set_cached_cell_and_set_connections" :: held 0.001s {{(pid=69046) inner /opt/stack/data/venv/lib/python3.12/site-packages/oslo_concurrency/lockutils.py:424}}
Aug 25 16:13:00.925258 np0000032575 devstack@n-api.service[69046]: INFO dbcounter [None req-80059629-3de5-46d4-b185-8b28ec055eea None None] Registered counter for database nova_cell0
Aug 25 16:13:00.926515 np0000032575 devstack@n-api.service[69047]: DEBUG oslo_db.sqlalchemy.engines [None req-04c9afed-4d6c-47ec-83a0-88f29241e078 None None] MySQL server mode set to STRICT_TRANS_TABLES,STRICT_ALL_TABLES,NO_ZERO_IN_DATE,NO_ZERO_DATE,ERROR_FOR_DIVISION_BY_ZERO,TRADITIONAL,NO_ENGINE_SUBSTITUTION {{(pid=69047) _check_effective_sql_mode /opt/stack/data/venv/lib/python3.12/site-packages/oslo_db/sqlalchemy/engines.py:397}}
Aug 25 16:13:00.927065 np0000032575 devstack@n-api.service[69046]: INFO dbcounter [None req-80059629-3de5-46d4-b185-8b28ec055eea None None] Registered counter for database nova_cell1
Aug 25 16:13:00.930924 np0000032575 devstack@n-api.service[69046]: DEBUG oslo_db.sqlalchemy.engines [None req-80059629-3de5-46d4-b185-8b28ec055eea None None] MySQL server mode set to STRICT_TRANS_TABLES,STRICT_ALL_TABLES,NO_ZERO_IN_DATE,NO_ZERO_DATE,ERROR_FOR_DIVISION_BY_ZERO,TRADITIONAL,NO_ENGINE_SUBSTITUTION {{(pid=69046) _check_effective_sql_mode /opt/stack/data/venv/lib/python3.12/site-packages/oslo_db/sqlalchemy/engines.py:397}}
Aug 25 16:13:00.986548 np0000032575 devstack@n-api.service[69047]: DEBUG oslo_db.sqlalchemy.engines [None req-04c9afed-4d6c-47ec-83a0-88f29241e078 None None] MySQL server mode set to STRICT_TRANS_TABLES,STRICT_ALL_TABLES,NO_ZERO_IN_DATE,NO_ZERO_DATE,ERROR_FOR_DIVISION_BY_ZERO,TRADITIONAL,NO_ENGINE_SUBSTITUTION {{(pid=69047) _check_effective_sql_mode /opt/stack/data/venv/lib/python3.12/site-packages/oslo_db/sqlalchemy/engines.py:397}}
Aug 25 16:13:00.986856 np0000032575 devstack@n-api.service[69047]: DEBUG dbcounter [-] [69047] Writer thread running {{(pid=69047) stat_writer /opt/stack/data/venv/lib/python3.12/site-packages/dbcounter.py:102}}
Aug 25 16:13:00.990317 np0000032575 devstack@n-api.service[69047]: DEBUG dbcounter [-] [69047] Writer thread running {{(pid=69047) stat_writer /opt/stack/data/venv/lib/python3.12/site-packages/dbcounter.py:102}}
Aug 25 16:13:00.990772 np0000032575 devstack@n-api.service[69046]: DEBUG oslo_db.sqlalchemy.engines [None req-80059629-3de5-46d4-b185-8b28ec055eea None None] MySQL server mode set to STRICT_TRANS_TABLES,STRICT_ALL_TABLES,NO_ZERO_IN_DATE,NO_ZERO_DATE,ERROR_FOR_DIVISION_BY_ZERO,TRADITIONAL,NO_ENGINE_SUBSTITUTION {{(pid=69046) _check_effective_sql_mode /opt/stack/data/venv/lib/python3.12/site-packages/oslo_db/sqlalchemy/engines.py:397}}
Aug 25 16:13:00.991080 np0000032575 devstack@n-api.service[69046]: DEBUG dbcounter [-] [69046] Writer thread running {{(pid=69046) stat_writer /opt/stack/data/venv/lib/python3.12/site-packages/dbcounter.py:102}}
Aug 25 16:13:00.992089 np0000032575 devstack@n-api.service[69047]: INFO dbcounter [None req-04c9afed-4d6c-47ec-83a0-88f29241e078 None None] Registered counter for database nova_cell0
Aug 25 16:13:00.994522 np0000032575 devstack@n-api.service[69046]: DEBUG dbcounter [-] [69046] Writer thread running {{(pid=69046) stat_writer /opt/stack/data/venv/lib/python3.12/site-packages/dbcounter.py:102}}
Aug 25 16:13:00.996099 np0000032575 devstack@n-api.service[69047]: DEBUG oslo_db.sqlalchemy.engines [None req-04c9afed-4d6c-47ec-83a0-88f29241e078 None None] MySQL server mode set to STRICT_TRANS_TABLES,STRICT_ALL_TABLES,NO_ZERO_IN_DATE,NO_ZERO_DATE,ERROR_FOR_DIVISION_BY_ZERO,TRADITIONAL,NO_ENGINE_SUBSTITUTION {{(pid=69047) _check_effective_sql_mode /opt/stack/data/venv/lib/python3.12/site-packages/oslo_db/sqlalchemy/engines.py:397}}
Aug 25 16:13:00.996384 np0000032575 devstack@n-api.service[69046]: INFO dbcounter [None req-80059629-3de5-46d4-b185-8b28ec055eea None None] Registered counter for database nova_cell0
Aug 25 16:13:00.999951 np0000032575 devstack@n-api.service[69047]: DEBUG dbcounter [-] [69047] Writer thread running {{(pid=69047) stat_writer /opt/stack/data/venv/lib/python3.12/site-packages/dbcounter.py:102}}
Aug 25 16:13:01.000228 np0000032575 devstack@n-api.service[69046]: DEBUG oslo_db.sqlalchemy.engines [None req-80059629-3de5-46d4-b185-8b28ec055eea None None] MySQL server mode set to STRICT_TRANS_TABLES,STRICT_ALL_TABLES,NO_ZERO_IN_DATE,NO_ZERO_DATE,ERROR_FOR_DIVISION_BY_ZERO,TRADITIONAL,NO_ENGINE_SUBSTITUTION {{(pid=69046) _check_effective_sql_mode /opt/stack/data/venv/lib/python3.12/site-packages/oslo_db/sqlalchemy/engines.py:397}}
Aug 25 16:13:01.003660 np0000032575 devstack@n-api.service[69046]: DEBUG dbcounter [-] [69046] Writer thread running {{(pid=69046) stat_writer /opt/stack/data/venv/lib/python3.12/site-packages/dbcounter.py:102}}
Aug 25 16:13:01.340436 np0000032575 devstack@n-api.service[69047]: DEBUG oslo_concurrency.processutils [None req-04c9afed-4d6c-47ec-83a0-88f29241e078 None None] Running cmd (subprocess): grep -F node.session.scan /sbin/iscsiadm {{(pid=69047) execute /opt/stack/data/venv/lib/python3.12/site-packages/oslo_concurrency/processutils.py:349}}
Aug 25 16:13:01.344500 np0000032575 devstack@n-api.service[69046]: DEBUG oslo_concurrency.processutils [None req-80059629-3de5-46d4-b185-8b28ec055eea None None] Running cmd (subprocess): grep -F node.session.scan /sbin/iscsiadm {{(pid=69046) execute /opt/stack/data/venv/lib/python3.12/site-packages/oslo_concurrency/processutils.py:349}}
Aug 25 16:13:01.348544 np0000032575 devstack@n-api.service[69047]: DEBUG oslo_concurrency.processutils [None req-04c9afed-4d6c-47ec-83a0-88f29241e078 None None] CMD "grep -F node.session.scan /sbin/iscsiadm" returned: 0 in 0.008s {{(pid=69047) execute /opt/stack/data/venv/lib/python3.12/site-packages/oslo_concurrency/processutils.py:372}}
Aug 25 16:13:01.352126 np0000032575 devstack@n-api.service[69046]: DEBUG oslo_concurrency.processutils [None req-80059629-3de5-46d4-b185-8b28ec055eea None None] CMD "grep -F node.session.scan /sbin/iscsiadm" returned: 0 in 0.008s {{(pid=69046) execute /opt/stack/data/venv/lib/python3.12/site-packages/oslo_concurrency/processutils.py:372}}
Aug 25 16:13:01.629587 np0000032575 devstack@n-api.service[69047]: WARNING keystonemiddleware.auth_token [None req-04c9afed-4d6c-47ec-83a0-88f29241e078 None None] AuthToken middleware is set with keystone_authtoken.service_token_roles_required set to False. This is backwards compatible but deprecated behaviour. Please set this to True.
Aug 25 16:13:01.630329 np0000032575 devstack@n-api.service[69046]: WARNING keystonemiddleware.auth_token [None req-80059629-3de5-46d4-b185-8b28ec055eea None None] AuthToken middleware is set with keystone_authtoken.service_token_roles_required set to False. This is backwards compatible but deprecated behaviour. Please set this to True.
Aug 25 16:13:01.632762 np0000032575 devstack@n-api.service[69047]: WARNING keystonemiddleware.auth_token [None req-04c9afed-4d6c-47ec-83a0-88f29241e078 None None] Configuring www_authenticate_uri to point to the public identity endpoint is required; clients may not be able to authenticate against an admin endpoint
Aug 25 16:13:01.633635 np0000032575 devstack@n-api.service[69046]: WARNING keystonemiddleware.auth_token [None req-80059629-3de5-46d4-b185-8b28ec055eea None None] Configuring www_authenticate_uri to point to the public identity endpoint is required; clients may not be able to authenticate against an admin endpoint
Aug 25 16:13:01.789400 np0000032575 devstack@n-api.service[69047]: WARNING keystonemiddleware.auth_token [None req-04c9afed-4d6c-47ec-83a0-88f29241e078 None None] AuthToken middleware is set with keystone_authtoken.service_token_roles_required set to False. This is backwards compatible but deprecated behaviour. Please set this to True.
Aug 25 16:13:01.791070 np0000032575 devstack@n-api.service[69046]: WARNING keystonemiddleware.auth_token [None req-80059629-3de5-46d4-b185-8b28ec055eea None None] AuthToken middleware is set with keystone_authtoken.service_token_roles_required set to False. This is backwards compatible but deprecated behaviour. Please set this to True.
Aug 25 16:13:01.791956 np0000032575 devstack@n-api.service[69047]: WARNING keystonemiddleware.auth_token [None req-04c9afed-4d6c-47ec-83a0-88f29241e078 None None] Configuring www_authenticate_uri to point to the public identity endpoint is required; clients may not be able to authenticate against an admin endpoint
Aug 25 16:13:01.793697 np0000032575 devstack@n-api.service[69046]: WARNING keystonemiddleware.auth_token [None req-80059629-3de5-46d4-b185-8b28ec055eea None None] Configuring www_authenticate_uri to point to the public identity endpoint is required; clients may not be able to authenticate against an admin endpoint
Aug 25 16:13:01.793828 np0000032575 devstack@n-api.service[69047]: WSGI app 0 (mountpoint='') ready in 2 seconds on interpreter 0x7cc490ca39e8 pid: 69047 (default app)
Aug 25 16:13:01.794742 np0000032575 devstack@n-api.service[69047]: DEBUG nova.api.openstack.wsgi [None req-04c9afed-4d6c-47ec-83a0-88f29241e078 None None] Calling method '<bound method VersionsV2.index of <nova.api.openstack.compute.versions.VersionsV2 object at 0x7cc48a3a79b0>>' {{(pid=69047) _process_stack /opt/stack/nova/nova/api/openstack/wsgi.py:556}}
Aug 25 16:13:01.795578 np0000032575 devstack@n-api.service[69046]: WSGI app 0 (mountpoint='') ready in 2 seconds on interpreter 0x7cc490ca39e8 pid: 69046 (default app)
Aug 25 16:13:01.797740 np0000032575 devstack@n-api.service[69047]: INFO nova.api.openstack.requestlog [None req-04c9afed-4d6c-47ec-83a0-88f29241e078 None None] 192.168.1.130 "GET /compute/v2.1/" status: 200 len: 391 microversion: 2.1 time: 0.003207
Aug 25 16:13:01.797916 np0000032575 devstack@n-api.service[69047]: [pid: 69047|app: 0|req: 1/1] 192.168.1.130 () {50 vars in 771 bytes} [Mon Aug 25 16:13:01 2025] GET /compute/v2.1/ => generated 391 bytes in 4 msecs (HTTP/1.1 200) 9 headers in 357 bytes (1 switches on core 0)
Aug 25 16:13:35.132128 np0000032575 devstack@n-api.service[69046]: DEBUG nova.api.openstack.wsgi [None req-80059629-3de5-46d4-b185-8b28ec055eea None None] Calling method '<bound method VersionsV2.index of <nova.api.openstack.compute.versions.VersionsV2 object at 0x7cc48a4af9e0>>' {{(pid=69046) _process_stack /opt/stack/nova/nova/api/openstack/wsgi.py:556}}
Aug 25 16:13:35.135808 np0000032575 devstack@n-api.service[69046]: INFO nova.api.openstack.requestlog [None req-80059629-3de5-46d4-b185-8b28ec055eea None None] 192.168.1.130 "GET /compute/v2.1" status: 200 len: 392 microversion: 2.1 time: 0.004210
Aug 25 16:13:35.135992 np0000032575 devstack@n-api.service[69046]: [pid: 69046|app: 0|req: 1/2] 192.168.1.130 () {62 vars in 1056 bytes} [Mon Aug 25 16:13:35 2025] GET /compute/v2.1 => generated 392 bytes in 5 msecs (HTTP/1.1 200) 9 headers in 357 bytes (1 switches on core 0)
Aug 25 16:13:35.145506 np0000032575 devstack@n-api.service[69047]: DEBUG dbcounter [-] [69047] Writing DB stats nova_api:SELECT=1 {{(pid=69047) stat_writer /opt/stack/data/venv/lib/python3.12/site-packages/dbcounter.py:115}}
Aug 25 16:13:35.146252 np0000032575 devstack@n-api.service[69047]: DEBUG dbcounter [-] [69047] Writing DB stats nova_cell0:SELECT=1 {{(pid=69047) stat_writer /opt/stack/data/venv/lib/python3.12/site-packages/dbcounter.py:115}}
Aug 25 16:13:35.146816 np0000032575 devstack@n-api.service[69047]: DEBUG dbcounter [-] [69047] Writing DB stats nova_cell1:SELECT=1 {{(pid=69047) stat_writer /opt/stack/data/venv/lib/python3.12/site-packages/dbcounter.py:115}}
Aug 25 16:13:35.147309 np0000032575 devstack@n-api.service[69047]: DEBUG dbcounter [-] [69047] Writing DB stats nova_cell0:SELECT=2,nova_cell0:INSERT=1 {{(pid=69047) stat_writer /opt/stack/data/venv/lib/python3.12/site-packages/dbcounter.py:115}}
Aug 25 16:13:35.267622 np0000032575 devstack@n-api.service[69047]: DEBUG nova.api.openstack.wsgi [None req-29bb1709-d97f-48eb-ac77-cd8b2926a943 admin admin] Calling method '<bound method FlavorsController.detail of <nova.api.openstack.compute.flavors.FlavorsController object at 0x7cc489c04bf0>>' {{(pid=69047) _process_stack /opt/stack/nova/nova/api/openstack/wsgi.py:556}}
Aug 25 16:13:35.287297 np0000032575 devstack@n-api.service[69047]: INFO nova.api.openstack.requestlog [None req-29bb1709-d97f-48eb-ac77-cd8b2926a943 admin admin] 192.168.1.130 "GET /compute/v2.1/flavors/detail?is_public=True" status: 200 len: 15 microversion: 2.61 time: 0.145941
Aug 25 16:13:35.287548 np0000032575 devstack@n-api.service[69047]: [pid: 69047|app: 0|req: 2/3] 192.168.1.130 () {68 vars in 1417 bytes} [Mon Aug 25 16:13:35 2025] GET /compute/v2.1/flavors/detail?is_public=True => generated 15 bytes in 146 msecs (HTTP/1.1 200) 9 headers in 358 bytes (1 switches on core 0)
Aug 25 16:13:35.367697 np0000032575 devstack@n-api.service[69046]: DEBUG nova.api.openstack.wsgi [None req-80059629-3de5-46d4-b185-8b28ec055eea None None] Calling method '<bound method VersionsV2.index of <nova.api.openstack.compute.versions.VersionsV2 object at 0x7cc48a4af9e0>>' {{(pid=69046) _process_stack /opt/stack/nova/nova/api/openstack/wsgi.py:556}}
Aug 25 16:13:35.370904 np0000032575 devstack@n-api.service[69046]: INFO nova.api.openstack.requestlog [None req-80059629-3de5-46d4-b185-8b28ec055eea None None] 192.168.1.130 "GET /compute/v2.1" status: 200 len: 392 microversion: 2.1 time: 0.003388
Aug 25 16:13:35.371066 np0000032575 devstack@n-api.service[69046]: [pid: 69046|app: 0|req: 2/4] 192.168.1.130 () {62 vars in 1056 bytes} [Mon Aug 25 16:13:35 2025] GET /compute/v2.1 => generated 392 bytes in 4 msecs (HTTP/1.1 200) 9 headers in 357 bytes (1 switches on core 0)
Aug 25 16:13:35.400382 np0000032575 devstack@n-api.service[69047]: DEBUG nova.api.openstack.wsgi [None req-12bab37b-c32f-4a7b-a688-87f7fbc97fac admin admin] Action: 'create', calling method: <bound method FlavorsController.create of <nova.api.openstack.compute.flavors.FlavorsController object at 0x7cc489c046b0>>, body: {"flavor": {"swap": 0, "vcpus": 1, "disk": 1, "id": "c1", "ram": 256, "os-flavor-access:is_public": true, "rxtx_factor": 1.0, "OS-FLV-EXT-DATA:ephemeral": 0, "name": "cirros256"}} {{(pid=69047) _process_stack /opt/stack/nova/nova/api/openstack/wsgi.py:554}}
Aug 25 16:13:35.429579 np0000032575 devstack@n-api.service[69047]: INFO nova.api.openstack.requestlog [None req-12bab37b-c32f-4a7b-a688-87f7fbc97fac admin admin] 192.168.1.130 "POST /compute/v2.1/flavors" status: 200 len: 413 microversion: 2.61 time: 0.052773
Aug 25 16:13:35.429847 np0000032575 devstack@n-api.service[69047]: [pid: 69047|app: 0|req: 3/5] 192.168.1.130 () {72 vars in 1408 bytes} [Mon Aug 25 16:13:35 2025] POST /compute/v2.1/flavors => generated 413 bytes in 53 msecs (HTTP/1.1 200) 9 headers in 359 bytes (1 switches on core 0)
Aug 25 16:13:35.496002 np0000032575 devstack@n-api.service[69046]: DEBUG nova.api.openstack.wsgi [None req-b13f495a-6874-415a-8475-3e025b7ad755 admin admin] Action: 'create', calling method: <bound method FlavorExtraSpecsController.create of <nova.api.openstack.compute.flavors_extraspecs.FlavorExtraSpecsController object at 0x7cc489c00980>>, body: {"extra_specs": {"hw_rng:allowed": "True"}} {{(pid=69046) _process_stack /opt/stack/nova/nova/api/openstack/wsgi.py:554}}
Aug 25 16:13:35.500239 np0000032575 devstack@n-api.service[69046]: DEBUG dbcounter [-] [69046] Writing DB stats nova_api:SELECT=1 {{(pid=69046) stat_writer /opt/stack/data/venv/lib/python3.12/site-packages/dbcounter.py:115}}
Aug 25 16:13:35.500390 np0000032575 devstack@n-api.service[69046]: DEBUG dbcounter [-] [69046] Writing DB stats nova_cell0:SELECT=1 {{(pid=69046) stat_writer /opt/stack/data/venv/lib/python3.12/site-packages/dbcounter.py:115}}
Aug 25 16:13:35.500615 np0000032575 devstack@n-api.service[69046]: DEBUG dbcounter [-] [69046] Writing DB stats nova_cell1:SELECT=1 {{(pid=69046) stat_writer /opt/stack/data/venv/lib/python3.12/site-packages/dbcounter.py:115}}
Aug 25 16:13:35.500935 np0000032575 devstack@n-api.service[69046]: DEBUG dbcounter [-] [69046] Writing DB stats nova_cell0:SELECT=2,nova_cell0:INSERT=1 {{(pid=69046) stat_writer /opt/stack/data/venv/lib/python3.12/site-packages/dbcounter.py:115}}
Aug 25 16:13:35.527564 np0000032575 devstack@n-api.service[69046]: INFO nova.api.openstack.requestlog [None req-b13f495a-6874-415a-8475-3e025b7ad755 admin admin] 192.168.1.130 "POST /compute/v2.1/flavors/c1/os-extra_specs" status: 200 len: 43 microversion: 2.61 time: 0.090862
Aug 25 16:13:35.527795 np0000032575 devstack@n-api.service[69046]: [pid: 69046|app: 0|req: 3/6] 192.168.1.130 () {72 vars in 1461 bytes} [Mon Aug 25 16:13:35 2025] POST /compute/v2.1/flavors/c1/os-extra_specs => generated 43 bytes in 91 msecs (HTTP/1.1 200) 9 headers in 358 bytes (1 switches on core 0)
Aug 25 16:13:35.690641 np0000032575 devstack@n-api.service[69047]: DEBUG nova.api.openstack.wsgi [None req-12bab37b-c32f-4a7b-a688-87f7fbc97fac admin admin] Calling method '<bound method VersionsV2.index of <nova.api.openstack.compute.versions.VersionsV2 object at 0x7cc48a3a79b0>>' {{(pid=69047) _process_stack /opt/stack/nova/nova/api/openstack/wsgi.py:556}}
Aug 25 16:13:35.694315 np0000032575 devstack@n-api.service[69047]: INFO nova.api.openstack.requestlog [None req-12bab37b-c32f-4a7b-a688-87f7fbc97fac admin admin] 192.168.1.130 "GET /compute/v2.1" status: 200 len: 392 microversion: 2.1 time: 0.003919
Aug 25 16:13:35.694517 np0000032575 devstack@n-api.service[69047]: [pid: 69047|app: 0|req: 4/7] 192.168.1.130 () {62 vars in 1056 bytes} [Mon Aug 25 16:13:35 2025] GET /compute/v2.1 => generated 392 bytes in 4 msecs (HTTP/1.1 200) 9 headers in 357 bytes (1 switches on core 0)
Aug 25 16:13:35.759360 np0000032575 devstack@n-api.service[69046]: DEBUG nova.api.openstack.wsgi [None req-2b80ed94-fe20-4c6a-9fbd-6049aefd123a admin admin] Action: 'create', calling method: <bound method FlavorsController.create of <nova.api.openstack.compute.flavors.FlavorsController object at 0x7cc489c003b0>>, body: {"flavor": {"swap": 0, "vcpus": 1, "disk": 5, "id": "d1", "ram": 512, "os-flavor-access:is_public": true, "rxtx_factor": 1.0, "OS-FLV-EXT-DATA:ephemeral": 0, "name": "ds512M"}} {{(pid=69046) _process_stack /opt/stack/nova/nova/api/openstack/wsgi.py:554}}
Aug 25 16:13:35.777037 np0000032575 devstack@n-api.service[69046]: INFO nova.api.openstack.requestlog [None req-2b80ed94-fe20-4c6a-9fbd-6049aefd123a admin admin] 192.168.1.130 "POST /compute/v2.1/flavors" status: 200 len: 410 microversion: 2.61 time: 0.077819
Aug 25 16:13:35.777365 np0000032575 devstack@n-api.service[69046]: [pid: 69046|app: 0|req: 4/8] 192.168.1.130 () {72 vars in 1408 bytes} [Mon Aug 25 16:13:35 2025] POST /compute/v2.1/flavors => generated 410 bytes in 78 msecs (HTTP/1.1 200) 9 headers in 359 bytes (1 switches on core 0)
Aug 25 16:13:35.785028 np0000032575 devstack@n-api.service[69047]: DEBUG nova.api.openstack.wsgi [None req-80fc1e1e-b18e-42e8-83c0-1486be80e3ab admin admin] Action: 'create', calling method: <bound method FlavorExtraSpecsController.create of <nova.api.openstack.compute.flavors_extraspecs.FlavorExtraSpecsController object at 0x7cc489c04ad0>>, body: {"extra_specs": {"hw_rng:allowed": "True"}} {{(pid=69047) _process_stack /opt/stack/nova/nova/api/openstack/wsgi.py:554}}
Aug 25 16:13:35.802706 np0000032575 devstack@n-api.service[69047]: INFO nova.api.openstack.requestlog [None req-80fc1e1e-b18e-42e8-83c0-1486be80e3ab admin admin] 192.168.1.130 "POST /compute/v2.1/flavors/d1/os-extra_specs" status: 200 len: 43 microversion: 2.61 time: 0.019219
Aug 25 16:13:35.802920 np0000032575 devstack@n-api.service[69047]: [pid: 69047|app: 0|req: 5/9] 192.168.1.130 () {72 vars in 1461 bytes} [Mon Aug 25 16:13:35 2025] POST /compute/v2.1/flavors/d1/os-extra_specs => generated 43 bytes in 19 msecs (HTTP/1.1 200) 9 headers in 358 bytes (1 switches on core 0)
Aug 25 16:13:35.883918 np0000032575 devstack@n-api.service[69046]: DEBUG nova.api.openstack.wsgi [None req-2b80ed94-fe20-4c6a-9fbd-6049aefd123a admin admin] Calling method '<bound method VersionsV2.index of <nova.api.openstack.compute.versions.VersionsV2 object at 0x7cc48a4af9e0>>' {{(pid=69046) _process_stack /opt/stack/nova/nova/api/openstack/wsgi.py:556}}
Aug 25 16:13:35.886861 np0000032575 devstack@n-api.service[69046]: INFO nova.api.openstack.requestlog [None req-2b80ed94-fe20-4c6a-9fbd-6049aefd123a admin admin] 192.168.1.130 "GET /compute/v2.1" status: 200 len: 392 microversion: 2.1 time: 0.003081
Aug 25 16:13:35.887139 np0000032575 devstack@n-api.service[69046]: [pid: 69046|app: 0|req: 5/10] 192.168.1.130 () {62 vars in 1056 bytes} [Mon Aug 25 16:13:35 2025] GET /compute/v2.1 => generated 392 bytes in 3 msecs (HTTP/1.1 200) 9 headers in 357 bytes (1 switches on core 0)
Aug 25 16:13:35.923681 np0000032575 devstack@n-api.service[69047]: DEBUG nova.api.openstack.wsgi [None req-7ade03e2-797b-4441-a276-2a1b23aa6ede admin admin] Action: 'create', calling method: <bound method FlavorsController.create of <nova.api.openstack.compute.flavors.FlavorsController object at 0x7cc489c046b0>>, body: {"flavor": {"swap": 0, "vcpus": 1, "disk": 10, "id": "d2", "ram": 1024, "os-flavor-access:is_public": true, "rxtx_factor": 1.0, "OS-FLV-EXT-DATA:ephemeral": 0, "name": "ds1G"}} {{(pid=69047) _process_stack /opt/stack/nova/nova/api/openstack/wsgi.py:554}}
Aug 25 16:13:35.935242 np0000032575 devstack@n-api.service[69047]: INFO nova.api.openstack.requestlog [None req-7ade03e2-797b-4441-a276-2a1b23aa6ede admin admin] 192.168.1.130 "POST /compute/v2.1/flavors" status: 200 len: 410 microversion: 2.61 time: 0.043290
Aug 25 16:13:35.935482 np0000032575 devstack@n-api.service[69047]: [pid: 69047|app: 0|req: 6/11] 192.168.1.130 () {72 vars in 1408 bytes} [Mon Aug 25 16:13:35 2025] POST /compute/v2.1/flavors => generated 410 bytes in 44 msecs (HTTP/1.1 200) 9 headers in 359 bytes (1 switches on core 0)
Aug 25 16:13:35.944139 np0000032575 devstack@n-api.service[69046]: DEBUG nova.api.openstack.wsgi [None req-48a02ec6-408f-4c4b-bfe5-0d4139df9aec admin admin] Action: 'create', calling method: <bound method FlavorExtraSpecsController.create of <nova.api.openstack.compute.flavors_extraspecs.FlavorExtraSpecsController object at 0x7cc489c00980>>, body: {"extra_specs": {"hw_rng:allowed": "True"}} {{(pid=69046) _process_stack /opt/stack/nova/nova/api/openstack/wsgi.py:554}}
Aug 25 16:13:35.955683 np0000032575 devstack@n-api.service[69046]: INFO nova.api.openstack.requestlog [None req-48a02ec6-408f-4c4b-bfe5-0d4139df9aec admin admin] 192.168.1.130 "POST /compute/v2.1/flavors/d2/os-extra_specs" status: 200 len: 43 microversion: 2.61 time: 0.014042
Aug 25 16:13:35.956006 np0000032575 devstack@n-api.service[69046]: [pid: 69046|app: 0|req: 6/12] 192.168.1.130 () {72 vars in 1461 bytes} [Mon Aug 25 16:13:35 2025] POST /compute/v2.1/flavors/d2/os-extra_specs => generated 43 bytes in 14 msecs (HTTP/1.1 200) 9 headers in 358 bytes (1 switches on core 0)
Aug 25 16:13:36.039896 np0000032575 devstack@n-api.service[69047]: DEBUG nova.api.openstack.wsgi [None req-7ade03e2-797b-4441-a276-2a1b23aa6ede admin admin] Calling method '<bound method VersionsV2.index of <nova.api.openstack.compute.versions.VersionsV2 object at 0x7cc48a3a79b0>>' {{(pid=69047) _process_stack /opt/stack/nova/nova/api/openstack/wsgi.py:556}}
Aug 25 16:13:36.042699 np0000032575 devstack@n-api.service[69047]: INFO nova.api.openstack.requestlog [None req-7ade03e2-797b-4441-a276-2a1b23aa6ede admin admin] 192.168.1.130 "GET /compute/v2.1" status: 200 len: 392 microversion: 2.1 time: 0.002948
Aug 25 16:13:36.042855 np0000032575 devstack@n-api.service[69047]: [pid: 69047|app: 0|req: 7/13] 192.168.1.130 () {62 vars in 1056 bytes} [Mon Aug 25 16:13:36 2025] GET /compute/v2.1 => generated 392 bytes in 3 msecs (HTTP/1.1 200) 9 headers in 357 bytes (1 switches on core 0)
Aug 25 16:13:36.078285 np0000032575 devstack@n-api.service[69046]: DEBUG nova.api.openstack.wsgi [None req-7aaa42d8-3d21-43ba-a4f9-baab7a12d48c admin admin] Action: 'create', calling method: <bound method FlavorsController.create of <nova.api.openstack.compute.flavors.FlavorsController object at 0x7cc489c003b0>>, body: {"flavor": {"swap": 0, "vcpus": 2, "disk": 10, "id": "d3", "ram": 2048, "os-flavor-access:is_public": true, "rxtx_factor": 1.0, "OS-FLV-EXT-DATA:ephemeral": 0, "name": "ds2G"}} {{(pid=69046) _process_stack /opt/stack/nova/nova/api/openstack/wsgi.py:554}}
Aug 25 16:13:36.087755 np0000032575 devstack@n-api.service[69046]: INFO nova.api.openstack.requestlog [None req-7aaa42d8-3d21-43ba-a4f9-baab7a12d48c admin admin] 192.168.1.130 "POST /compute/v2.1/flavors" status: 200 len: 410 microversion: 2.61 time: 0.035859
Aug 25 16:13:36.088018 np0000032575 devstack@n-api.service[69046]: [pid: 69046|app: 0|req: 7/14] 192.168.1.130 () {72 vars in 1408 bytes} [Mon Aug 25 16:13:36 2025] POST /compute/v2.1/flavors => generated 410 bytes in 36 msecs (HTTP/1.1 200) 9 headers in 359 bytes (1 switches on core 0)
Aug 25 16:13:36.095684 np0000032575 devstack@n-api.service[69047]: DEBUG nova.api.openstack.wsgi [None req-3a5dc154-ac48-43bf-acaa-b1eb61febe5f admin admin] Action: 'create', calling method: <bound method FlavorExtraSpecsController.create of <nova.api.openstack.compute.flavors_extraspecs.FlavorExtraSpecsController object at 0x7cc489c04ad0>>, body: {"extra_specs": {"hw_rng:allowed": "True"}} {{(pid=69047) _process_stack /opt/stack/nova/nova/api/openstack/wsgi.py:554}}
Aug 25 16:13:36.107690 np0000032575 devstack@n-api.service[69047]: INFO nova.api.openstack.requestlog [None req-3a5dc154-ac48-43bf-acaa-b1eb61febe5f admin admin] 192.168.1.130 "POST /compute/v2.1/flavors/d3/os-extra_specs" status: 200 len: 43 microversion: 2.61 time: 0.013491
Aug 25 16:13:36.107877 np0000032575 devstack@n-api.service[69047]: [pid: 69047|app: 0|req: 8/15] 192.168.1.130 () {72 vars in 1461 bytes} [Mon Aug 25 16:13:36 2025] POST /compute/v2.1/flavors/d3/os-extra_specs => generated 43 bytes in 14 msecs (HTTP/1.1 200) 9 headers in 358 bytes (1 switches on core 0)
Aug 25 16:13:36.205637 np0000032575 devstack@n-api.service[69046]: DEBUG nova.api.openstack.wsgi [None req-7aaa42d8-3d21-43ba-a4f9-baab7a12d48c admin admin] Calling method '<bound method VersionsV2.index of <nova.api.openstack.compute.versions.VersionsV2 object at 0x7cc48a4af9e0>>' {{(pid=69046) _process_stack /opt/stack/nova/nova/api/openstack/wsgi.py:556}}
Aug 25 16:13:36.208739 np0000032575 devstack@n-api.service[69046]: INFO nova.api.openstack.requestlog [None req-7aaa42d8-3d21-43ba-a4f9-baab7a12d48c admin admin] 192.168.1.130 "GET /compute/v2.1" status: 200 len: 392 microversion: 2.1 time: 0.003265
Aug 25 16:13:36.209265 np0000032575 devstack@n-api.service[69046]: [pid: 69046|app: 0|req: 8/16] 192.168.1.130 () {62 vars in 1056 bytes} [Mon Aug 25 16:13:36 2025] GET /compute/v2.1 => generated 392 bytes in 3 msecs (HTTP/1.1 200) 9 headers in 357 bytes (1 switches on core 0)
Aug 25 16:13:36.232715 np0000032575 devstack@n-api.service[69047]: DEBUG nova.api.openstack.wsgi [None req-0f9bef8b-2d26-4f37-82d7-34c9ceaade82 admin admin] Action: 'create', calling method: <bound method FlavorsController.create of <nova.api.openstack.compute.flavors.FlavorsController object at 0x7cc489c046b0>>, body: {"flavor": {"swap": 0, "vcpus": 4, "disk": 20, "id": "d4", "ram": 4096, "os-flavor-access:is_public": true, "rxtx_factor": 1.0, "OS-FLV-EXT-DATA:ephemeral": 0, "name": "ds4G"}} {{(pid=69047) _process_stack /opt/stack/nova/nova/api/openstack/wsgi.py:554}}
Aug 25 16:13:36.243415 np0000032575 devstack@n-api.service[69047]: INFO nova.api.openstack.requestlog [None req-0f9bef8b-2d26-4f37-82d7-34c9ceaade82 admin admin] 192.168.1.130 "POST /compute/v2.1/flavors" status: 200 len: 410 microversion: 2.61 time: 0.029662
Aug 25 16:13:36.243633 np0000032575 devstack@n-api.service[69047]: [pid: 69047|app: 0|req: 9/17] 192.168.1.130 () {72 vars in 1408 bytes} [Mon Aug 25 16:13:36 2025] POST /compute/v2.1/flavors => generated 410 bytes in 30 msecs (HTTP/1.1 200) 9 headers in 359 bytes (1 switches on core 0)
Aug 25 16:13:36.251291 np0000032575 devstack@n-api.service[69046]: DEBUG nova.api.openstack.wsgi [None req-2f3f4679-e93f-42b2-8f4d-73dc3f981087 admin admin] Action: 'create', calling method: <bound method FlavorExtraSpecsController.create of <nova.api.openstack.compute.flavors_extraspecs.FlavorExtraSpecsController object at 0x7cc489c00980>>, body: {"extra_specs": {"hw_rng:allowed": "True"}} {{(pid=69046) _process_stack /opt/stack/nova/nova/api/openstack/wsgi.py:554}}
Aug 25 16:13:36.264574 np0000032575 devstack@n-api.service[69046]: INFO nova.api.openstack.requestlog [None req-2f3f4679-e93f-42b2-8f4d-73dc3f981087 admin admin] 192.168.1.130 "POST /compute/v2.1/flavors/d4/os-extra_specs" status: 200 len: 43 microversion: 2.61 time: 0.014784
Aug 25 16:13:36.264875 np0000032575 devstack@n-api.service[69046]: [pid: 69046|app: 0|req: 9/18] 192.168.1.130 () {72 vars in 1461 bytes} [Mon Aug 25 16:13:36 2025] POST /compute/v2.1/flavors/d4/os-extra_specs => generated 43 bytes in 15 msecs (HTTP/1.1 200) 9 headers in 358 bytes (1 switches on core 0)
Aug 25 16:13:36.341419 np0000032575 devstack@n-api.service[69047]: DEBUG nova.api.openstack.wsgi [None req-0f9bef8b-2d26-4f37-82d7-34c9ceaade82 admin admin] Calling method '<bound method VersionsV2.index of <nova.api.openstack.compute.versions.VersionsV2 object at 0x7cc48a3a79b0>>' {{(pid=69047) _process_stack /opt/stack/nova/nova/api/openstack/wsgi.py:556}}
Aug 25 16:13:36.344492 np0000032575 devstack@n-api.service[69047]: INFO nova.api.openstack.requestlog [None req-0f9bef8b-2d26-4f37-82d7-34c9ceaade82 admin admin] 192.168.1.130 "GET /compute/v2.1" status: 200 len: 392 microversion: 2.1 time: 0.003229
Aug 25 16:13:36.344719 np0000032575 devstack@n-api.service[69047]: [pid: 69047|app: 0|req: 10/19] 192.168.1.130 () {62 vars in 1056 bytes} [Mon Aug 25 16:13:36 2025] GET /compute/v2.1 => generated 392 bytes in 3 msecs (HTTP/1.1 200) 9 headers in 357 bytes (1 switches on core 0)
Aug 25 16:13:36.366575 np0000032575 devstack@n-api.service[69046]: DEBUG nova.api.openstack.wsgi [None req-08e7c2f8-9b4f-41a8-9628-b13e887bf0c2 admin admin] Calling method '<bound method FlavorsController.detail of <nova.api.openstack.compute.flavors.FlavorsController object at 0x7cc489c008f0>>' {{(pid=69046) _process_stack /opt/stack/nova/nova/api/openstack/wsgi.py:556}}
Aug 25 16:13:36.380725 np0000032575 devstack@n-api.service[69046]: INFO nova.api.openstack.requestlog [None req-08e7c2f8-9b4f-41a8-9628-b13e887bf0c2 admin admin] 192.168.1.130 "GET /compute/v2.1/flavors/detail?is_public=True" status: 200 len: 2136 microversion: 2.61 time: 0.031395
Aug 25 16:13:36.380976 np0000032575 devstack@n-api.service[69046]: [pid: 69046|app: 0|req: 10/20] 192.168.1.130 () {68 vars in 1417 bytes} [Mon Aug 25 16:13:36 2025] GET /compute/v2.1/flavors/detail?is_public=True => generated 2136 bytes in 32 msecs (HTTP/1.1 200) 9 headers in 360 bytes (1 switches on core 0)
Aug 25 16:13:36.459470 np0000032575 devstack@n-api.service[69047]: DEBUG nova.api.openstack.wsgi [None req-0f9bef8b-2d26-4f37-82d7-34c9ceaade82 admin admin] Calling method '<bound method VersionsV2.index of <nova.api.openstack.compute.versions.VersionsV2 object at 0x7cc48a3a79b0>>' {{(pid=69047) _process_stack /opt/stack/nova/nova/api/openstack/wsgi.py:556}}
Aug 25 16:13:36.462274 np0000032575 devstack@n-api.service[69047]: INFO nova.api.openstack.requestlog [None req-0f9bef8b-2d26-4f37-82d7-34c9ceaade82 admin admin] 192.168.1.130 "GET /compute/v2.1" status: 200 len: 392 microversion: 2.1 time: 0.002962
Aug 25 16:13:36.462447 np0000032575 devstack@n-api.service[69047]: [pid: 69047|app: 0|req: 11/21] 192.168.1.130 () {62 vars in 1056 bytes} [Mon Aug 25 16:13:36 2025] GET /compute/v2.1 => generated 392 bytes in 3 msecs (HTTP/1.1 200) 9 headers in 357 bytes (1 switches on core 0)
Aug 25 16:13:36.485682 np0000032575 devstack@n-api.service[69046]: DEBUG nova.api.openstack.wsgi [None req-9dfdc2af-f225-4efb-bc77-8d37ae06410a admin admin] Action: 'create', calling method: <bound method FlavorsController.create of <nova.api.openstack.compute.flavors.FlavorsController object at 0x7cc489c003b0>>, body: {"flavor": {"swap": 0, "vcpus": 1, "disk": 1, "id": "1", "ram": 512, "os-flavor-access:is_public": true, "rxtx_factor": 1.0, "OS-FLV-EXT-DATA:ephemeral": 0, "name": "m1.tiny"}} {{(pid=69046) _process_stack /opt/stack/nova/nova/api/openstack/wsgi.py:554}}
Aug 25 16:13:36.498809 np0000032575 devstack@n-api.service[69046]: INFO nova.api.openstack.requestlog [None req-9dfdc2af-f225-4efb-bc77-8d37ae06410a admin admin] 192.168.1.130 "POST /compute/v2.1/flavors" status: 200 len: 408 microversion: 2.61 time: 0.031800
Aug 25 16:13:36.499107 np0000032575 devstack@n-api.service[69046]: [pid: 69046|app: 0|req: 11/22] 192.168.1.130 () {72 vars in 1408 bytes} [Mon Aug 25 16:13:36 2025] POST /compute/v2.1/flavors => generated 408 bytes in 32 msecs (HTTP/1.1 200) 9 headers in 359 bytes (1 switches on core 0)
Aug 25 16:13:36.506986 np0000032575 devstack@n-api.service[69047]: DEBUG nova.api.openstack.wsgi [None req-258854aa-b385-4ae2-bd1a-7fda1723f702 admin admin] Action: 'create', calling method: <bound method FlavorExtraSpecsController.create of <nova.api.openstack.compute.flavors_extraspecs.FlavorExtraSpecsController object at 0x7cc489c04ad0>>, body: {"extra_specs": {"hw_rng:allowed": "True"}} {{(pid=69047) _process_stack /opt/stack/nova/nova/api/openstack/wsgi.py:554}}
Aug 25 16:13:36.520078 np0000032575 devstack@n-api.service[69047]: INFO nova.api.openstack.requestlog [None req-258854aa-b385-4ae2-bd1a-7fda1723f702 admin admin] 192.168.1.130 "POST /compute/v2.1/flavors/1/os-extra_specs" status: 200 len: 43 microversion: 2.61 time: 0.014609
Aug 25 16:13:36.520357 np0000032575 devstack@n-api.service[69047]: [pid: 69047|app: 0|req: 12/23] 192.168.1.130 () {72 vars in 1458 bytes} [Mon Aug 25 16:13:36 2025] POST /compute/v2.1/flavors/1/os-extra_specs => generated 43 bytes in 15 msecs (HTTP/1.1 200) 9 headers in 358 bytes (1 switches on core 0)
Aug 25 16:13:36.603222 np0000032575 devstack@n-api.service[69046]: DEBUG nova.api.openstack.wsgi [None req-9dfdc2af-f225-4efb-bc77-8d37ae06410a admin admin] Calling method '<bound method VersionsV2.index of <nova.api.openstack.compute.versions.VersionsV2 object at 0x7cc48a4af9e0>>' {{(pid=69046) _process_stack /opt/stack/nova/nova/api/openstack/wsgi.py:556}}
Aug 25 16:13:36.612318 np0000032575 devstack@n-api.service[69046]: INFO nova.api.openstack.requestlog [None req-9dfdc2af-f225-4efb-bc77-8d37ae06410a admin admin] 192.168.1.130 "GET /compute/v2.1" status: 200 len: 392 microversion: 2.1 time: 0.009221
Aug 25 16:13:36.612498 np0000032575 devstack@n-api.service[69046]: [pid: 69046|app: 0|req: 12/24] 192.168.1.130 () {62 vars in 1056 bytes} [Mon Aug 25 16:13:36 2025] GET /compute/v2.1 => generated 392 bytes in 9 msecs (HTTP/1.1 200) 9 headers in 357 bytes (1 switches on core 0)
Aug 25 16:13:36.636868 np0000032575 devstack@n-api.service[69047]: DEBUG nova.api.openstack.wsgi [None req-784436f0-0586-4abc-b4da-0294b203e057 admin admin] Action: 'create', calling method: <bound method FlavorsController.create of <nova.api.openstack.compute.flavors.FlavorsController object at 0x7cc489c046b0>>, body: {"flavor": {"swap": 0, "vcpus": 1, "disk": 20, "id": "2", "ram": 2048, "os-flavor-access:is_public": true, "rxtx_factor": 1.0, "OS-FLV-EXT-DATA:ephemeral": 0, "name": "m1.small"}} {{(pid=69047) _process_stack /opt/stack/nova/nova/api/openstack/wsgi.py:554}}
Aug 25 16:13:36.647354 np0000032575 devstack@n-api.service[69047]: INFO nova.api.openstack.requestlog [None req-784436f0-0586-4abc-b4da-0294b203e057 admin admin] 192.168.1.130 "POST /compute/v2.1/flavors" status: 200 len: 411 microversion: 2.61 time: 0.028662
Aug 25 16:13:36.647679 np0000032575 devstack@n-api.service[69047]: [pid: 69047|app: 0|req: 13/25] 192.168.1.130 () {72 vars in 1408 bytes} [Mon Aug 25 16:13:36 2025] POST /compute/v2.1/flavors => generated 411 bytes in 29 msecs (HTTP/1.1 200) 9 headers in 359 bytes (1 switches on core 0)
Aug 25 16:13:36.659424 np0000032575 devstack@n-api.service[69046]: DEBUG nova.api.openstack.wsgi [None req-7584e9f3-70e7-4c74-a381-79b7d7fe7bf8 admin admin] Action: 'create', calling method: <bound method FlavorExtraSpecsController.create of <nova.api.openstack.compute.flavors_extraspecs.FlavorExtraSpecsController object at 0x7cc489c00980>>, body: {"extra_specs": {"hw_rng:allowed": "True"}} {{(pid=69046) _process_stack /opt/stack/nova/nova/api/openstack/wsgi.py:554}}
Aug 25 16:13:36.672344 np0000032575 devstack@n-api.service[69046]: INFO nova.api.openstack.requestlog [None req-7584e9f3-70e7-4c74-a381-79b7d7fe7bf8 admin admin] 192.168.1.130 "POST /compute/v2.1/flavors/2/os-extra_specs" status: 200 len: 43 microversion: 2.61 time: 0.014423
Aug 25 16:13:36.672628 np0000032575 devstack@n-api.service[69046]: [pid: 69046|app: 0|req: 13/26] 192.168.1.130 () {72 vars in 1458 bytes} [Mon Aug 25 16:13:36 2025] POST /compute/v2.1/flavors/2/os-extra_specs => generated 43 bytes in 15 msecs (HTTP/1.1 200) 9 headers in 358 bytes (1 switches on core 0)
Aug 25 16:13:36.755512 np0000032575 devstack@n-api.service[69047]: DEBUG nova.api.openstack.wsgi [None req-784436f0-0586-4abc-b4da-0294b203e057 admin admin] Calling method '<bound method VersionsV2.index of <nova.api.openstack.compute.versions.VersionsV2 object at 0x7cc48a3a79b0>>' {{(pid=69047) _process_stack /opt/stack/nova/nova/api/openstack/wsgi.py:556}}
Aug 25 16:13:36.759813 np0000032575 devstack@n-api.service[69047]: INFO nova.api.openstack.requestlog [None req-784436f0-0586-4abc-b4da-0294b203e057 admin admin] 192.168.1.130 "GET /compute/v2.1" status: 200 len: 392 microversion: 2.1 time: 0.004472
Aug 25 16:13:36.759980 np0000032575 devstack@n-api.service[69047]: [pid: 69047|app: 0|req: 14/27] 192.168.1.130 () {62 vars in 1056 bytes} [Mon Aug 25 16:13:36 2025] GET /compute/v2.1 => generated 392 bytes in 5 msecs (HTTP/1.1 200) 9 headers in 357 bytes (1 switches on core 0)
