Jul 29 15:15:29.349011 np0000031957 devstack@n-api.service[68799]: DEBUG oslo_concurrency.lockutils [None req-494d8b65-cce1-44f9-a038-a115e3a21f39 None None] Lock "00000000-0000-0000-0000-000000000000" acquired by "nova.context.set_target_cell.<locals>.get_or_set_cached_cell_and_set_connections" :: waited 0.000s {{(pid=68799) inner /opt/stack/data/venv/lib/python3.12/site-packages/oslo_concurrency/lockutils.py:410}}
Jul 29 15:15:29.349142 np0000031957 devstack@n-api.service[68800]: DEBUG oslo_concurrency.lockutils [None req-961eef4d-6d01-457c-ae9e-485f813f714d None None] Lock "00000000-0000-0000-0000-000000000000" acquired by "nova.context.set_target_cell.<locals>.get_or_set_cached_cell_and_set_connections" :: waited 0.000s {{(pid=68800) inner /opt/stack/data/venv/lib/python3.12/site-packages/oslo_concurrency/lockutils.py:410}}
Jul 29 15:15:29.349337 np0000031957 devstack@n-api.service[68799]: DEBUG oslo_concurrency.lockutils [None req-494d8b65-cce1-44f9-a038-a115e3a21f39 None None] Lock "00000000-0000-0000-0000-000000000000" "released" by "nova.context.set_target_cell.<locals>.get_or_set_cached_cell_and_set_connections" :: held 0.000s {{(pid=68799) inner /opt/stack/data/venv/lib/python3.12/site-packages/oslo_concurrency/lockutils.py:424}}
Jul 29 15:15:29.349484 np0000031957 devstack@n-api.service[68800]: DEBUG oslo_concurrency.lockutils [None req-961eef4d-6d01-457c-ae9e-485f813f714d None None] Lock "00000000-0000-0000-0000-000000000000" "released" by "nova.context.set_target_cell.<locals>.get_or_set_cached_cell_and_set_connections" :: held 0.000s {{(pid=68800) inner /opt/stack/data/venv/lib/python3.12/site-packages/oslo_concurrency/lockutils.py:424}}
Jul 29 15:15:29.349644 np0000031957 devstack@n-api.service[68799]: DEBUG oslo_concurrency.lockutils [None req-494d8b65-cce1-44f9-a038-a115e3a21f39 None None] Acquiring lock "8260d43a-4a48-40bb-babf-ee27833a47de" by "nova.context.set_target_cell.<locals>.get_or_set_cached_cell_and_set_connections" {{(pid=68799) inner /opt/stack/data/venv/lib/python3.12/site-packages/oslo_concurrency/lockutils.py:405}}
Jul 29 15:15:29.349776 np0000031957 devstack@n-api.service[68799]: DEBUG oslo_concurrency.lockutils [None req-494d8b65-cce1-44f9-a038-a115e3a21f39 None None] Lock "8260d43a-4a48-40bb-babf-ee27833a47de" acquired by "nova.context.set_target_cell.<locals>.get_or_set_cached_cell_and_set_connections" :: waited 0.000s {{(pid=68799) inner /opt/stack/data/venv/lib/python3.12/site-packages/oslo_concurrency/lockutils.py:410}}
Jul 29 15:15:29.349835 np0000031957 devstack@n-api.service[68800]: DEBUG oslo_concurrency.lockutils [None req-961eef4d-6d01-457c-ae9e-485f813f714d None None] Acquiring lock "8260d43a-4a48-40bb-babf-ee27833a47de" by "nova.context.set_target_cell.<locals>.get_or_set_cached_cell_and_set_connections" {{(pid=68800) inner /opt/stack/data/venv/lib/python3.12/site-packages/oslo_concurrency/lockutils.py:405}}
Jul 29 15:15:29.349905 np0000031957 devstack@n-api.service[68800]: DEBUG oslo_concurrency.lockutils [None req-961eef4d-6d01-457c-ae9e-485f813f714d None None] Lock "8260d43a-4a48-40bb-babf-ee27833a47de" acquired by "nova.context.set_target_cell.<locals>.get_or_set_cached_cell_and_set_connections" :: waited 0.000s {{(pid=68800) inner /opt/stack/data/venv/lib/python3.12/site-packages/oslo_concurrency/lockutils.py:410}}
Jul 29 15:15:29.350460 np0000031957 devstack@n-api.service[68799]: DEBUG oslo_concurrency.lockutils [None req-494d8b65-cce1-44f9-a038-a115e3a21f39 None None] Lock "8260d43a-4a48-40bb-babf-ee27833a47de" "released" by "nova.context.set_target_cell.<locals>.get_or_set_cached_cell_and_set_connections" :: held 0.001s {{(pid=68799) inner /opt/stack/data/venv/lib/python3.12/site-packages/oslo_concurrency/lockutils.py:424}}
Jul 29 15:15:29.350588 np0000031957 devstack@n-api.service[68800]: DEBUG oslo_concurrency.lockutils [None req-961eef4d-6d01-457c-ae9e-485f813f714d None None] Lock "8260d43a-4a48-40bb-babf-ee27833a47de" "released" by "nova.context.set_target_cell.<locals>.get_or_set_cached_cell_and_set_connections" :: held 0.001s {{(pid=68800) inner /opt/stack/data/venv/lib/python3.12/site-packages/oslo_concurrency/lockutils.py:424}}
Jul 29 15:15:29.351546 np0000031957 devstack@n-api.service[68799]: INFO dbcounter [None req-494d8b65-cce1-44f9-a038-a115e3a21f39 None None] Registered counter for database nova_cell0
Jul 29 15:15:29.351679 np0000031957 devstack@n-api.service[68800]: INFO dbcounter [None req-961eef4d-6d01-457c-ae9e-485f813f714d None None] Registered counter for database nova_cell0
Jul 29 15:15:29.353344 np0000031957 devstack@n-api.service[68799]: INFO dbcounter [None req-494d8b65-cce1-44f9-a038-a115e3a21f39 None None] Registered counter for database nova_cell1
Jul 29 15:15:29.353614 np0000031957 devstack@n-api.service[68800]: INFO dbcounter [None req-961eef4d-6d01-457c-ae9e-485f813f714d None None] Registered counter for database nova_cell1
Jul 29 15:15:29.356130 np0000031957 devstack@n-api.service[68799]: DEBUG oslo_db.sqlalchemy.engines [None req-494d8b65-cce1-44f9-a038-a115e3a21f39 None None] MySQL server mode set to STRICT_TRANS_TABLES,STRICT_ALL_TABLES,NO_ZERO_IN_DATE,NO_ZERO_DATE,ERROR_FOR_DIVISION_BY_ZERO,TRADITIONAL,NO_ENGINE_SUBSTITUTION {{(pid=68799) _check_effective_sql_mode /opt/stack/data/venv/lib/python3.12/site-packages/oslo_db/sqlalchemy/engines.py:397}}
Jul 29 15:15:29.357900 np0000031957 devstack@n-api.service[68800]: DEBUG oslo_db.sqlalchemy.engines [None req-961eef4d-6d01-457c-ae9e-485f813f714d None None] MySQL server mode set to STRICT_TRANS_TABLES,STRICT_ALL_TABLES,NO_ZERO_IN_DATE,NO_ZERO_DATE,ERROR_FOR_DIVISION_BY_ZERO,TRADITIONAL,NO_ENGINE_SUBSTITUTION {{(pid=68800) _check_effective_sql_mode /opt/stack/data/venv/lib/python3.12/site-packages/oslo_db/sqlalchemy/engines.py:397}}
Jul 29 15:15:29.416013 np0000031957 devstack@n-api.service[68799]: DEBUG oslo_db.sqlalchemy.engines [None req-494d8b65-cce1-44f9-a038-a115e3a21f39 None None] MySQL server mode set to STRICT_TRANS_TABLES,STRICT_ALL_TABLES,NO_ZERO_IN_DATE,NO_ZERO_DATE,ERROR_FOR_DIVISION_BY_ZERO,TRADITIONAL,NO_ENGINE_SUBSTITUTION {{(pid=68799) _check_effective_sql_mode /opt/stack/data/venv/lib/python3.12/site-packages/oslo_db/sqlalchemy/engines.py:397}}
Jul 29 15:15:29.416317 np0000031957 devstack@n-api.service[68799]: DEBUG dbcounter [-] [68799] Writer thread running {{(pid=68799) stat_writer /opt/stack/data/venv/lib/python3.12/site-packages/dbcounter.py:102}}
Jul 29 15:15:29.418973 np0000031957 devstack@n-api.service[68800]: DEBUG dbcounter [-] [68800] Writer thread running {{(pid=68800) stat_writer /opt/stack/data/venv/lib/python3.12/site-packages/dbcounter.py:102}}
Jul 29 15:15:29.419251 np0000031957 devstack@n-api.service[68800]: DEBUG oslo_db.sqlalchemy.engines [None req-961eef4d-6d01-457c-ae9e-485f813f714d None None] MySQL server mode set to STRICT_TRANS_TABLES,STRICT_ALL_TABLES,NO_ZERO_IN_DATE,NO_ZERO_DATE,ERROR_FOR_DIVISION_BY_ZERO,TRADITIONAL,NO_ENGINE_SUBSTITUTION {{(pid=68800) _check_effective_sql_mode /opt/stack/data/venv/lib/python3.12/site-packages/oslo_db/sqlalchemy/engines.py:397}}
Jul 29 15:15:29.419753 np0000031957 devstack@n-api.service[68799]: DEBUG dbcounter [-] [68799] Writer thread running {{(pid=68799) stat_writer /opt/stack/data/venv/lib/python3.12/site-packages/dbcounter.py:102}}
Jul 29 15:15:29.421596 np0000031957 devstack@n-api.service[68799]: INFO dbcounter [None req-494d8b65-cce1-44f9-a038-a115e3a21f39 None None] Registered counter for database nova_cell0
Jul 29 15:15:29.422722 np0000031957 devstack@n-api.service[68800]: DEBUG dbcounter [-] [68800] Writer thread running {{(pid=68800) stat_writer /opt/stack/data/venv/lib/python3.12/site-packages/dbcounter.py:102}}
Jul 29 15:15:29.424538 np0000031957 devstack@n-api.service[68800]: INFO dbcounter [None req-961eef4d-6d01-457c-ae9e-485f813f714d None None] Registered counter for database nova_cell0
Jul 29 15:15:29.426418 np0000031957 devstack@n-api.service[68799]: DEBUG oslo_db.sqlalchemy.engines [None req-494d8b65-cce1-44f9-a038-a115e3a21f39 None None] MySQL server mode set to STRICT_TRANS_TABLES,STRICT_ALL_TABLES,NO_ZERO_IN_DATE,NO_ZERO_DATE,ERROR_FOR_DIVISION_BY_ZERO,TRADITIONAL,NO_ENGINE_SUBSTITUTION {{(pid=68799) _check_effective_sql_mode /opt/stack/data/venv/lib/python3.12/site-packages/oslo_db/sqlalchemy/engines.py:397}}
Jul 29 15:15:29.429266 np0000031957 devstack@n-api.service[68800]: DEBUG oslo_db.sqlalchemy.engines [None req-961eef4d-6d01-457c-ae9e-485f813f714d None None] MySQL server mode set to STRICT_TRANS_TABLES,STRICT_ALL_TABLES,NO_ZERO_IN_DATE,NO_ZERO_DATE,ERROR_FOR_DIVISION_BY_ZERO,TRADITIONAL,NO_ENGINE_SUBSTITUTION {{(pid=68800) _check_effective_sql_mode /opt/stack/data/venv/lib/python3.12/site-packages/oslo_db/sqlalchemy/engines.py:397}}
Jul 29 15:15:29.429949 np0000031957 devstack@n-api.service[68799]: DEBUG dbcounter [-] [68799] Writer thread running {{(pid=68799) stat_writer /opt/stack/data/venv/lib/python3.12/site-packages/dbcounter.py:102}}
Jul 29 15:15:29.432849 np0000031957 devstack@n-api.service[68800]: DEBUG dbcounter [-] [68800] Writer thread running {{(pid=68800) stat_writer /opt/stack/data/venv/lib/python3.12/site-packages/dbcounter.py:102}}
Jul 29 15:15:29.754164 np0000031957 devstack@n-api.service[68800]: DEBUG oslo_concurrency.processutils [None req-961eef4d-6d01-457c-ae9e-485f813f714d None None] Running cmd (subprocess): grep -F node.session.scan /sbin/iscsiadm {{(pid=68800) execute /opt/stack/data/venv/lib/python3.12/site-packages/oslo_concurrency/processutils.py:349}}
Jul 29 15:15:29.754273 np0000031957 devstack@n-api.service[68799]: DEBUG oslo_concurrency.processutils [None req-494d8b65-cce1-44f9-a038-a115e3a21f39 None None] Running cmd (subprocess): grep -F node.session.scan /sbin/iscsiadm {{(pid=68799) execute /opt/stack/data/venv/lib/python3.12/site-packages/oslo_concurrency/processutils.py:349}}
Jul 29 15:15:29.761081 np0000031957 devstack@n-api.service[68800]: DEBUG oslo_concurrency.processutils [None req-961eef4d-6d01-457c-ae9e-485f813f714d None None] CMD "grep -F node.session.scan /sbin/iscsiadm" returned: 0 in 0.007s {{(pid=68800) execute /opt/stack/data/venv/lib/python3.12/site-packages/oslo_concurrency/processutils.py:372}}
Jul 29 15:15:29.761129 np0000031957 devstack@n-api.service[68799]: DEBUG oslo_concurrency.processutils [None req-494d8b65-cce1-44f9-a038-a115e3a21f39 None None] CMD "grep -F node.session.scan /sbin/iscsiadm" returned: 0 in 0.007s {{(pid=68799) execute /opt/stack/data/venv/lib/python3.12/site-packages/oslo_concurrency/processutils.py:372}}
Jul 29 15:15:30.049750 np0000031957 devstack@n-api.service[68800]: WARNING keystonemiddleware.auth_token [None req-961eef4d-6d01-457c-ae9e-485f813f714d None None] AuthToken middleware is set with keystone_authtoken.service_token_roles_required set to False. This is backwards compatible but deprecated behaviour. Please set this to True.
Jul 29 15:15:30.050279 np0000031957 devstack@n-api.service[68799]: WARNING keystonemiddleware.auth_token [None req-494d8b65-cce1-44f9-a038-a115e3a21f39 None None] AuthToken middleware is set with keystone_authtoken.service_token_roles_required set to False. This is backwards compatible but deprecated behaviour. Please set this to True.
Jul 29 15:15:30.053054 np0000031957 devstack@n-api.service[68800]: WARNING keystonemiddleware.auth_token [None req-961eef4d-6d01-457c-ae9e-485f813f714d None None] Configuring www_authenticate_uri to point to the public identity endpoint is required; clients may not be able to authenticate against an admin endpoint
Jul 29 15:15:30.053574 np0000031957 devstack@n-api.service[68799]: WARNING keystonemiddleware.auth_token [None req-494d8b65-cce1-44f9-a038-a115e3a21f39 None None] Configuring www_authenticate_uri to point to the public identity endpoint is required; clients may not be able to authenticate against an admin endpoint
Jul 29 15:15:30.205083 np0000031957 devstack@n-api.service[68800]: WARNING keystonemiddleware.auth_token [None req-961eef4d-6d01-457c-ae9e-485f813f714d None None] AuthToken middleware is set with keystone_authtoken.service_token_roles_required set to False. This is backwards compatible but deprecated behaviour. Please set this to True.
Jul 29 15:15:30.205729 np0000031957 devstack@n-api.service[68799]: WARNING keystonemiddleware.auth_token [None req-494d8b65-cce1-44f9-a038-a115e3a21f39 None None] AuthToken middleware is set with keystone_authtoken.service_token_roles_required set to False. This is backwards compatible but deprecated behaviour. Please set this to True.
Jul 29 15:15:30.207549 np0000031957 devstack@n-api.service[68800]: WARNING keystonemiddleware.auth_token [None req-961eef4d-6d01-457c-ae9e-485f813f714d None None] Configuring www_authenticate_uri to point to the public identity endpoint is required; clients may not be able to authenticate against an admin endpoint
Jul 29 15:15:30.208155 np0000031957 devstack@n-api.service[68799]: WARNING keystonemiddleware.auth_token [None req-494d8b65-cce1-44f9-a038-a115e3a21f39 None None] Configuring www_authenticate_uri to point to the public identity endpoint is required; clients may not be able to authenticate against an admin endpoint
Jul 29 15:15:30.209371 np0000031957 devstack@n-api.service[68800]: WSGI app 0 (mountpoint='') ready in 3 seconds on interpreter 0x739c30ea39e8 pid: 68800 (default app)
Jul 29 15:15:30.209996 np0000031957 devstack@n-api.service[68799]: WSGI app 0 (mountpoint='') ready in 3 seconds on interpreter 0x739c30ea39e8 pid: 68799 (default app)
Jul 29 15:15:30.210257 np0000031957 devstack@n-api.service[68800]: DEBUG nova.api.openstack.wsgi [None req-961eef4d-6d01-457c-ae9e-485f813f714d None None] Calling method '<bound method VersionsV2.index of <nova.api.openstack.compute.versions.VersionsV2 object at 0x739c2a6d0200>>' {{(pid=68800) _process_stack /opt/stack/nova/nova/api/openstack/wsgi.py:552}}
Jul 29 15:15:30.212811 np0000031957 devstack@n-api.service[68800]: INFO nova.api.openstack.requestlog [None req-961eef4d-6d01-457c-ae9e-485f813f714d None None] 192.168.1.120 "GET /compute/v2.1/" status: 200 len: 391 microversion: 2.1 time: 0.002765
Jul 29 15:15:30.213137 np0000031957 devstack@n-api.service[68800]: [pid: 68800|app: 0|req: 1/1] 192.168.1.120 () {50 vars in 771 bytes} [Tue Jul 29 15:15:30 2025] GET /compute/v2.1/ => generated 391 bytes in 3 msecs (HTTP/1.1 200) 9 headers in 357 bytes (1 switches on core 0)
Jul 29 15:16:04.376885 np0000031957 devstack@n-api.service[68799]: DEBUG nova.api.openstack.wsgi [None req-494d8b65-cce1-44f9-a038-a115e3a21f39 None None] Calling method '<bound method VersionsV2.index of <nova.api.openstack.compute.versions.VersionsV2 object at 0x739c2a6d3890>>' {{(pid=68799) _process_stack /opt/stack/nova/nova/api/openstack/wsgi.py:552}}
Jul 29 15:16:04.380038 np0000031957 devstack@n-api.service[68799]: INFO nova.api.openstack.requestlog [None req-494d8b65-cce1-44f9-a038-a115e3a21f39 None None] 192.168.1.120 "GET /compute/v2.1" status: 200 len: 392 microversion: 2.1 time: 0.003700
Jul 29 15:16:04.380235 np0000031957 devstack@n-api.service[68799]: [pid: 68799|app: 0|req: 1/2] 192.168.1.120 () {62 vars in 1056 bytes} [Tue Jul 29 15:16:04 2025] GET /compute/v2.1 => generated 392 bytes in 5 msecs (HTTP/1.1 200) 9 headers in 357 bytes (1 switches on core 0)
Jul 29 15:16:04.391586 np0000031957 devstack@n-api.service[68800]: DEBUG dbcounter [-] [68800] Writing DB stats nova_api:SELECT=1 {{(pid=68800) stat_writer /opt/stack/data/venv/lib/python3.12/site-packages/dbcounter.py:115}}
Jul 29 15:16:04.392235 np0000031957 devstack@n-api.service[68800]: DEBUG dbcounter [-] [68800] Writing DB stats nova_cell0:SELECT=1 {{(pid=68800) stat_writer /opt/stack/data/venv/lib/python3.12/site-packages/dbcounter.py:115}}
Jul 29 15:16:04.392633 np0000031957 devstack@n-api.service[68800]: DEBUG dbcounter [-] [68800] Writing DB stats nova_cell1:SELECT=1 {{(pid=68800) stat_writer /opt/stack/data/venv/lib/python3.12/site-packages/dbcounter.py:115}}
Jul 29 15:16:04.392933 np0000031957 devstack@n-api.service[68800]: DEBUG dbcounter [-] [68800] Writing DB stats nova_cell0:SELECT=2,nova_cell0:INSERT=1 {{(pid=68800) stat_writer /opt/stack/data/venv/lib/python3.12/site-packages/dbcounter.py:115}}
Jul 29 15:16:04.551456 np0000031957 devstack@n-api.service[68800]: DEBUG nova.api.openstack.wsgi [None req-12cc5109-68b5-4bc8-a83f-062737448b89 admin admin] Calling method '<bound method FlavorsController.detail of <nova.api.openstack.compute.flavors.FlavorsController object at 0x739c2a041040>>' {{(pid=68800) _process_stack /opt/stack/nova/nova/api/openstack/wsgi.py:552}}
Jul 29 15:16:04.573549 np0000031957 devstack@n-api.service[68800]: INFO nova.api.openstack.requestlog [None req-12cc5109-68b5-4bc8-a83f-062737448b89 admin admin] 192.168.1.120 "GET /compute/v2.1/flavors/detail?is_public=True" status: 200 len: 15 microversion: 2.61 time: 0.187911
Jul 29 15:16:04.573793 np0000031957 devstack@n-api.service[68800]: [pid: 68800|app: 0|req: 2/3] 192.168.1.120 () {68 vars in 1417 bytes} [Tue Jul 29 15:16:04 2025] GET /compute/v2.1/flavors/detail?is_public=True => generated 15 bytes in 188 msecs (HTTP/1.1 200) 9 headers in 358 bytes (1 switches on core 0)
Jul 29 15:16:04.663560 np0000031957 devstack@n-api.service[68799]: DEBUG dbcounter [-] [68799] Writing DB stats nova_api:SELECT=1 {{(pid=68799) stat_writer /opt/stack/data/venv/lib/python3.12/site-packages/dbcounter.py:115}}
Jul 29 15:16:04.664439 np0000031957 devstack@n-api.service[68799]: DEBUG dbcounter [-] [68799] Writing DB stats nova_cell0:SELECT=1 {{(pid=68799) stat_writer /opt/stack/data/venv/lib/python3.12/site-packages/dbcounter.py:115}}
Jul 29 15:16:04.664649 np0000031957 devstack@n-api.service[68799]: DEBUG dbcounter [-] [68799] Writing DB stats nova_cell1:SELECT=1 {{(pid=68799) stat_writer /opt/stack/data/venv/lib/python3.12/site-packages/dbcounter.py:115}}
Jul 29 15:16:04.664839 np0000031957 devstack@n-api.service[68799]: DEBUG dbcounter [-] [68799] Writing DB stats nova_cell0:SELECT=2,nova_cell0:INSERT=1 {{(pid=68799) stat_writer /opt/stack/data/venv/lib/python3.12/site-packages/dbcounter.py:115}}
Jul 29 15:16:04.721486 np0000031957 devstack@n-api.service[68799]: DEBUG nova.api.openstack.wsgi [None req-8f5b6b53-c948-4dc0-ad8a-615100ee6b2e admin admin] Action: 'create', calling method: <bound method FlavorsController.create of <nova.api.openstack.compute.flavors.FlavorsController object at 0x739c2a0410a0>>, body: {"flavor": {"os-flavor-access:is_public": true, "OS-FLV-EXT-DATA:ephemeral": 0, "vcpus": 1, "rxtx_factor": 1.0, "id": "c1", "name": "cirros256", "ram": 256, "swap": 0, "disk": 1}} {{(pid=68799) _process_stack /opt/stack/nova/nova/api/openstack/wsgi.py:550}}
Jul 29 15:16:04.749310 np0000031957 devstack@n-api.service[68799]: INFO nova.api.openstack.requestlog [None req-8f5b6b53-c948-4dc0-ad8a-615100ee6b2e admin admin] 192.168.1.120 "POST /compute/v2.1/flavors" status: 200 len: 413 microversion: 2.61 time: 0.089127
Jul 29 15:16:04.749574 np0000031957 devstack@n-api.service[68799]: [pid: 68799|app: 0|req: 2/4] 192.168.1.120 () {72 vars in 1408 bytes} [Tue Jul 29 15:16:04 2025] POST /compute/v2.1/flavors => generated 413 bytes in 89 msecs (HTTP/1.1 200) 9 headers in 359 bytes (1 switches on core 0)
Jul 29 15:16:04.758561 np0000031957 devstack@n-api.service[68800]: DEBUG nova.api.openstack.wsgi [None req-1cebafca-0f3e-4edb-a360-92ec5bcc92e1 admin admin] Action: 'create', calling method: <bound method FlavorExtraSpecsController.create of <nova.api.openstack.compute.flavors_extraspecs.FlavorExtraSpecsController object at 0x739c2a041790>>, body: {"extra_specs": {"hw_rng:allowed": "True"}} {{(pid=68800) _process_stack /opt/stack/nova/nova/api/openstack/wsgi.py:550}}
Jul 29 15:16:04.780521 np0000031957 devstack@n-api.service[68800]: INFO nova.api.openstack.requestlog [None req-1cebafca-0f3e-4edb-a360-92ec5bcc92e1 admin admin] 192.168.1.120 "POST /compute/v2.1/flavors/c1/os-extra_specs" status: 200 len: 43 microversion: 2.61 time: 0.023580
Jul 29 15:16:04.780791 np0000031957 devstack@n-api.service[68800]: [pid: 68800|app: 0|req: 3/5] 192.168.1.120 () {72 vars in 1461 bytes} [Tue Jul 29 15:16:04 2025] POST /compute/v2.1/flavors/c1/os-extra_specs => generated 43 bytes in 24 msecs (HTTP/1.1 200) 9 headers in 358 bytes (1 switches on core 0)
Jul 29 15:16:04.860488 np0000031957 devstack@n-api.service[68799]: DEBUG nova.api.openstack.wsgi [None req-2b3b6f29-1550-43f2-9a9e-7286d6e7840e admin admin] Action: 'create', calling method: <bound method FlavorsController.create of <nova.api.openstack.compute.flavors.FlavorsController object at 0x739c2a0410a0>>, body: {"flavor": {"os-flavor-access:is_public": true, "OS-FLV-EXT-DATA:ephemeral": 0, "vcpus": 1, "rxtx_factor": 1.0, "id": "d1", "name": "ds512M", "ram": 512, "swap": 0, "disk": 5}} {{(pid=68799) _process_stack /opt/stack/nova/nova/api/openstack/wsgi.py:550}}
Jul 29 15:16:04.876296 np0000031957 devstack@n-api.service[68799]: INFO nova.api.openstack.requestlog [None req-2b3b6f29-1550-43f2-9a9e-7286d6e7840e admin admin] 192.168.1.120 "POST /compute/v2.1/flavors" status: 200 len: 410 microversion: 2.61 time: 0.017532
Jul 29 15:16:04.876811 np0000031957 devstack@n-api.service[68799]: [pid: 68799|app: 0|req: 3/6] 192.168.1.120 () {72 vars in 1408 bytes} [Tue Jul 29 15:16:04 2025] POST /compute/v2.1/flavors => generated 410 bytes in 18 msecs (HTTP/1.1 200) 9 headers in 359 bytes (1 switches on core 0)
Jul 29 15:16:04.884414 np0000031957 devstack@n-api.service[68800]: DEBUG nova.api.openstack.wsgi [None req-1bbfaa7a-7835-443f-b48a-29719d785759 admin admin] Action: 'create', calling method: <bound method FlavorExtraSpecsController.create of <nova.api.openstack.compute.flavors_extraspecs.FlavorExtraSpecsController object at 0x739c2a041790>>, body: {"extra_specs": {"hw_rng:allowed": "True"}} {{(pid=68800) _process_stack /opt/stack/nova/nova/api/openstack/wsgi.py:550}}
Jul 29 15:16:04.900631 np0000031957 devstack@n-api.service[68800]: INFO nova.api.openstack.requestlog [None req-1bbfaa7a-7835-443f-b48a-29719d785759 admin admin] 192.168.1.120 "POST /compute/v2.1/flavors/d1/os-extra_specs" status: 200 len: 43 microversion: 2.61 time: 0.017729
Jul 29 15:16:04.900871 np0000031957 devstack@n-api.service[68800]: [pid: 68800|app: 0|req: 4/7] 192.168.1.120 () {72 vars in 1461 bytes} [Tue Jul 29 15:16:04 2025] POST /compute/v2.1/flavors/d1/os-extra_specs => generated 43 bytes in 18 msecs (HTTP/1.1 200) 9 headers in 358 bytes (1 switches on core 0)
Jul 29 15:16:04.993638 np0000031957 devstack@n-api.service[68799]: DEBUG nova.api.openstack.wsgi [None req-31dfd55a-ecaa-4fdf-a05e-be8aec43da36 admin admin] Action: 'create', calling method: <bound method FlavorsController.create of <nova.api.openstack.compute.flavors.FlavorsController object at 0x739c2a0410a0>>, body: {"flavor": {"os-flavor-access:is_public": true, "OS-FLV-EXT-DATA:ephemeral": 0, "vcpus": 1, "rxtx_factor": 1.0, "id": "d2", "name": "ds1G", "ram": 1024, "swap": 0, "disk": 10}} {{(pid=68799) _process_stack /opt/stack/nova/nova/api/openstack/wsgi.py:550}}
Jul 29 15:16:05.004547 np0000031957 devstack@n-api.service[68799]: INFO nova.api.openstack.requestlog [None req-31dfd55a-ecaa-4fdf-a05e-be8aec43da36 admin admin] 192.168.1.120 "POST /compute/v2.1/flavors" status: 200 len: 410 microversion: 2.61 time: 0.012326
Jul 29 15:16:05.004884 np0000031957 devstack@n-api.service[68799]: [pid: 68799|app: 0|req: 4/8] 192.168.1.120 () {72 vars in 1408 bytes} [Tue Jul 29 15:16:04 2025] POST /compute/v2.1/flavors => generated 410 bytes in 13 msecs (HTTP/1.1 200) 9 headers in 359 bytes (1 switches on core 0)
Jul 29 15:16:05.015451 np0000031957 devstack@n-api.service[68800]: DEBUG nova.api.openstack.wsgi [None req-ad053a71-0963-4cdd-af13-ad86cf7d6855 admin admin] Action: 'create', calling method: <bound method FlavorExtraSpecsController.create of <nova.api.openstack.compute.flavors_extraspecs.FlavorExtraSpecsController object at 0x739c2a041790>>, body: {"extra_specs": {"hw_rng:allowed": "True"}} {{(pid=68800) _process_stack /opt/stack/nova/nova/api/openstack/wsgi.py:550}}
Jul 29 15:16:05.028776 np0000031957 devstack@n-api.service[68800]: INFO nova.api.openstack.requestlog [None req-ad053a71-0963-4cdd-af13-ad86cf7d6855 admin admin] 192.168.1.120 "POST /compute/v2.1/flavors/d2/os-extra_specs" status: 200 len: 43 microversion: 2.61 time: 0.014745
Jul 29 15:16:05.029006 np0000031957 devstack@n-api.service[68800]: [pid: 68800|app: 0|req: 5/9] 192.168.1.120 () {72 vars in 1461 bytes} [Tue Jul 29 15:16:05 2025] POST /compute/v2.1/flavors/d2/os-extra_specs => generated 43 bytes in 15 msecs (HTTP/1.1 200) 9 headers in 358 bytes (1 switches on core 0)
Jul 29 15:16:05.121729 np0000031957 devstack@n-api.service[68799]: DEBUG nova.api.openstack.wsgi [None req-8d81a0f7-a6f7-4a43-8c43-ccd6076c585c admin admin] Action: 'create', calling method: <bound method FlavorsController.create of <nova.api.openstack.compute.flavors.FlavorsController object at 0x739c2a0410a0>>, body: {"flavor": {"os-flavor-access:is_public": true, "OS-FLV-EXT-DATA:ephemeral": 0, "vcpus": 2, "rxtx_factor": 1.0, "id": "d3", "name": "ds2G", "ram": 2048, "swap": 0, "disk": 10}} {{(pid=68799) _process_stack /opt/stack/nova/nova/api/openstack/wsgi.py:550}}
Jul 29 15:16:05.135600 np0000031957 devstack@n-api.service[68799]: INFO nova.api.openstack.requestlog [None req-8d81a0f7-a6f7-4a43-8c43-ccd6076c585c admin admin] 192.168.1.120 "POST /compute/v2.1/flavors" status: 200 len: 410 microversion: 2.61 time: 0.015482
Jul 29 15:16:05.135917 np0000031957 devstack@n-api.service[68799]: [pid: 68799|app: 0|req: 5/10] 192.168.1.120 () {72 vars in 1408 bytes} [Tue Jul 29 15:16:05 2025] POST /compute/v2.1/flavors => generated 410 bytes in 16 msecs (HTTP/1.1 200) 9 headers in 359 bytes (1 switches on core 0)
Jul 29 15:16:05.144202 np0000031957 devstack@n-api.service[68800]: DEBUG nova.api.openstack.wsgi [None req-70779e39-f2c1-42e0-ba29-0c58b034458c admin admin] Action: 'create', calling method: <bound method FlavorExtraSpecsController.create of <nova.api.openstack.compute.flavors_extraspecs.FlavorExtraSpecsController object at 0x739c2a041790>>, body: {"extra_specs": {"hw_rng:allowed": "True"}} {{(pid=68800) _process_stack /opt/stack/nova/nova/api/openstack/wsgi.py:550}}
Jul 29 15:16:05.157213 np0000031957 devstack@n-api.service[68800]: INFO nova.api.openstack.requestlog [None req-70779e39-f2c1-42e0-ba29-0c58b034458c admin admin] 192.168.1.120 "POST /compute/v2.1/flavors/d3/os-extra_specs" status: 200 len: 43 microversion: 2.61 time: 0.014436
Jul 29 15:16:05.157449 np0000031957 devstack@n-api.service[68800]: [pid: 68800|app: 0|req: 6/11] 192.168.1.120 () {72 vars in 1461 bytes} [Tue Jul 29 15:16:05 2025] POST /compute/v2.1/flavors/d3/os-extra_specs => generated 43 bytes in 15 msecs (HTTP/1.1 200) 9 headers in 358 bytes (1 switches on core 0)
Jul 29 15:16:05.260193 np0000031957 devstack@n-api.service[68799]: DEBUG nova.api.openstack.wsgi [None req-0863fee7-0856-47df-ac60-4f43573521b4 admin admin] Action: 'create', calling method: <bound method FlavorsController.create of <nova.api.openstack.compute.flavors.FlavorsController object at 0x739c2a0410a0>>, body: {"flavor": {"os-flavor-access:is_public": true, "OS-FLV-EXT-DATA:ephemeral": 0, "vcpus": 4, "rxtx_factor": 1.0, "id": "d4", "name": "ds4G", "ram": 4096, "swap": 0, "disk": 20}} {{(pid=68799) _process_stack /opt/stack/nova/nova/api/openstack/wsgi.py:550}}
Jul 29 15:16:05.275151 np0000031957 devstack@n-api.service[68799]: INFO nova.api.openstack.requestlog [None req-0863fee7-0856-47df-ac60-4f43573521b4 admin admin] 192.168.1.120 "POST /compute/v2.1/flavors" status: 200 len: 410 microversion: 2.61 time: 0.016463
Jul 29 15:16:05.275595 np0000031957 devstack@n-api.service[68799]: [pid: 68799|app: 0|req: 6/12] 192.168.1.120 () {72 vars in 1408 bytes} [Tue Jul 29 15:16:05 2025] POST /compute/v2.1/flavors => generated 410 bytes in 17 msecs (HTTP/1.1 200) 9 headers in 359 bytes (1 switches on core 0)
Jul 29 15:16:05.290576 np0000031957 devstack@n-api.service[68800]: DEBUG nova.api.openstack.wsgi [None req-16492116-8896-4826-bed4-06da76325411 admin admin] Action: 'create', calling method: <bound method FlavorExtraSpecsController.create of <nova.api.openstack.compute.flavors_extraspecs.FlavorExtraSpecsController object at 0x739c2a041790>>, body: {"extra_specs": {"hw_rng:allowed": "True"}} {{(pid=68800) _process_stack /opt/stack/nova/nova/api/openstack/wsgi.py:550}}
Jul 29 15:16:05.302943 np0000031957 devstack@n-api.service[68800]: INFO nova.api.openstack.requestlog [None req-16492116-8896-4826-bed4-06da76325411 admin admin] 192.168.1.120 "POST /compute/v2.1/flavors/d4/os-extra_specs" status: 200 len: 43 microversion: 2.61 time: 0.015191
Jul 29 15:16:05.303297 np0000031957 devstack@n-api.service[68800]: [pid: 68800|app: 0|req: 7/13] 192.168.1.120 () {72 vars in 1461 bytes} [Tue Jul 29 15:16:05 2025] POST /compute/v2.1/flavors/d4/os-extra_specs => generated 43 bytes in 16 msecs (HTTP/1.1 200) 9 headers in 358 bytes (1 switches on core 0)
Jul 29 15:16:05.392118 np0000031957 devstack@n-api.service[68799]: DEBUG nova.api.openstack.wsgi [None req-6292f16a-651e-4d78-8d4c-6b58d94f763d admin admin] Calling method '<bound method FlavorsController.detail of <nova.api.openstack.compute.flavors.FlavorsController object at 0x739c2a0411f0>>' {{(pid=68799) _process_stack /opt/stack/nova/nova/api/openstack/wsgi.py:552}}
Jul 29 15:16:05.409908 np0000031957 devstack@n-api.service[68799]: INFO nova.api.openstack.requestlog [None req-6292f16a-651e-4d78-8d4c-6b58d94f763d admin admin] 192.168.1.120 "GET /compute/v2.1/flavors/detail?is_public=True" status: 200 len: 2136 microversion: 2.61 time: 0.019166
Jul 29 15:16:05.410753 np0000031957 devstack@n-api.service[68799]: [pid: 68799|app: 0|req: 7/14] 192.168.1.120 () {68 vars in 1417 bytes} [Tue Jul 29 15:16:05 2025] GET /compute/v2.1/flavors/detail?is_public=True => generated 2136 bytes in 20 msecs (HTTP/1.1 200) 9 headers in 360 bytes (1 switches on core 0)
Jul 29 15:16:05.491207 np0000031957 devstack@n-api.service[68800]: DEBUG nova.api.openstack.wsgi [None req-8b8e2266-0674-4043-ba31-71a94fac1df6 admin admin] Action: 'create', calling method: <bound method FlavorsController.create of <nova.api.openstack.compute.flavors.FlavorsController object at 0x739c2a040ef0>>, body: {"flavor": {"os-flavor-access:is_public": true, "OS-FLV-EXT-DATA:ephemeral": 0, "vcpus": 1, "rxtx_factor": 1.0, "id": "1", "name": "m1.tiny", "ram": 512, "swap": 0, "disk": 1}} {{(pid=68800) _process_stack /opt/stack/nova/nova/api/openstack/wsgi.py:550}}
Jul 29 15:16:05.508813 np0000031957 devstack@n-api.service[68800]: INFO nova.api.openstack.requestlog [None req-8b8e2266-0674-4043-ba31-71a94fac1df6 admin admin] 192.168.1.120 "POST /compute/v2.1/flavors" status: 200 len: 408 microversion: 2.61 time: 0.019042
Jul 29 15:16:05.509011 np0000031957 devstack@n-api.service[68800]: [pid: 68800|app: 0|req: 8/15] 192.168.1.120 () {72 vars in 1408 bytes} [Tue Jul 29 15:16:05 2025] POST /compute/v2.1/flavors => generated 408 bytes in 19 msecs (HTTP/1.1 200) 9 headers in 359 bytes (1 switches on core 0)
Jul 29 15:16:05.516924 np0000031957 devstack@n-api.service[68799]: DEBUG nova.api.openstack.wsgi [None req-e9a47c10-6992-41d2-be79-b92899ffda9b admin admin] Action: 'create', calling method: <bound method FlavorExtraSpecsController.create of <nova.api.openstack.compute.flavors_extraspecs.FlavorExtraSpecsController object at 0x739c2a041940>>, body: {"extra_specs": {"hw_rng:allowed": "True"}} {{(pid=68799) _process_stack /opt/stack/nova/nova/api/openstack/wsgi.py:550}}
Jul 29 15:16:05.535434 np0000031957 devstack@n-api.service[68799]: INFO nova.api.openstack.requestlog [None req-e9a47c10-6992-41d2-be79-b92899ffda9b admin admin] 192.168.1.120 "POST /compute/v2.1/flavors/1/os-extra_specs" status: 200 len: 43 microversion: 2.61 time: 0.019942
Jul 29 15:16:05.535670 np0000031957 devstack@n-api.service[68799]: [pid: 68799|app: 0|req: 8/16] 192.168.1.120 () {72 vars in 1458 bytes} [Tue Jul 29 15:16:05 2025] POST /compute/v2.1/flavors/1/os-extra_specs => generated 43 bytes in 20 msecs (HTTP/1.1 200) 9 headers in 358 bytes (1 switches on core 0)
Jul 29 15:16:05.613898 np0000031957 devstack@n-api.service[68800]: DEBUG nova.api.openstack.wsgi [None req-4062cee1-a91e-494d-8a4c-e55ab838a11e admin admin] Action: 'create', calling method: <bound method FlavorsController.create of <nova.api.openstack.compute.flavors.FlavorsController object at 0x739c2a040ef0>>, body: {"flavor": {"os-flavor-access:is_public": true, "OS-FLV-EXT-DATA:ephemeral": 0, "vcpus": 1, "rxtx_factor": 1.0, "id": "2", "name": "m1.small", "ram": 2048, "swap": 0, "disk": 20}} {{(pid=68800) _process_stack /opt/stack/nova/nova/api/openstack/wsgi.py:550}}
Jul 29 15:16:05.624490 np0000031957 devstack@n-api.service[68800]: INFO nova.api.openstack.requestlog [None req-4062cee1-a91e-494d-8a4c-e55ab838a11e admin admin] 192.168.1.120 "POST /compute/v2.1/flavors" status: 200 len: 411 microversion: 2.61 time: 0.012133
Jul 29 15:16:05.624709 np0000031957 devstack@n-api.service[68800]: [pid: 68800|app: 0|req: 9/17] 192.168.1.120 () {72 vars in 1408 bytes} [Tue Jul 29 15:16:05 2025] POST /compute/v2.1/flavors => generated 411 bytes in 12 msecs (HTTP/1.1 200) 9 headers in 359 bytes (1 switches on core 0)
Jul 29 15:16:05.632387 np0000031957 devstack@n-api.service[68799]: DEBUG nova.api.openstack.wsgi [None req-cf96f147-c1ce-4577-a50e-747f65da25c6 admin admin] Action: 'create', calling method: <bound method FlavorExtraSpecsController.create of <nova.api.openstack.compute.flavors_extraspecs.FlavorExtraSpecsController object at 0x739c2a041940>>, body: {"extra_specs": {"hw_rng:allowed": "True"}} {{(pid=68799) _process_stack /opt/stack/nova/nova/api/openstack/wsgi.py:550}}
Jul 29 15:16:05.644834 np0000031957 devstack@n-api.service[68799]: INFO nova.api.openstack.requestlog [None req-cf96f147-c1ce-4577-a50e-747f65da25c6 admin admin] 192.168.1.120 "POST /compute/v2.1/flavors/2/os-extra_specs" status: 200 len: 43 microversion: 2.61 time: 0.013873
Jul 29 15:16:05.645288 np0000031957 devstack@n-api.service[68799]: [pid: 68799|app: 0|req: 9/18] 192.168.1.120 () {72 vars in 1458 bytes} [Tue Jul 29 15:16:05 2025] POST /compute/v2.1/flavors/2/os-extra_specs => generated 43 bytes in 14 msecs (HTTP/1.1 200) 9 headers in 358 bytes (1 switches on core 0)
Jul 29 15:16:05.721643 np0000031957 devstack@n-api.service[68800]: DEBUG nova.api.openstack.wsgi [None req-795139ac-3550-4109-b11e-453809e5c8b0 admin admin] Action: 'create', calling method: <bound method FlavorsController.create of <nova.api.openstack.compute.flavors.FlavorsController object at 0x739c2a040ef0>>, body: {"flavor": {"os-flavor-access:is_public": true, "OS-FLV-EXT-DATA:ephemeral": 0, "vcpus": 2, "rxtx_factor": 1.0, "id": "3", "name": "m1.medium", "ram": 4096, "swap": 0, "disk": 40}} {{(pid=68800) _process_stack /opt/stack/nova/nova/api/openstack/wsgi.py:550}}
Jul 29 15:16:05.732928 np0000031957 devstack@n-api.service[68800]: INFO nova.api.openstack.requestlog [None req-795139ac-3550-4109-b11e-453809e5c8b0 admin admin] 192.168.1.120 "POST /compute/v2.1/flavors" status: 200 len: 412 microversion: 2.61 time: 0.012890
Jul 29 15:16:05.733172 np0000031957 devstack@n-api.service[68800]: [pid: 68800|app: 0|req: 10/19] 192.168.1.120 () {72 vars in 1408 bytes} [Tue Jul 29 15:16:05 2025] POST /compute/v2.1/flavors => generated 412 bytes in 13 msecs (HTTP/1.1 200) 9 headers in 359 bytes (1 switches on core 0)
Jul 29 15:16:05.740864 np0000031957 devstack@n-api.service[68799]: DEBUG nova.api.openstack.wsgi [None req-0c66f8aa-d418-4398-b11b-f35894d0f107 admin admin] Action: 'create', calling method: <bound method FlavorExtraSpecsController.create of <nova.api.openstack.compute.flavors_extraspecs.FlavorExtraSpecsController object at 0x739c2a041940>>, body: {"extra_specs": {"hw_rng:allowed": "True"}} {{(pid=68799) _process_stack /opt/stack/nova/nova/api/openstack/wsgi.py:550}}
Jul 29 15:16:05.753498 np0000031957 devstack@n-api.service[68799]: INFO nova.api.openstack.requestlog [None req-0c66f8aa-d418-4398-b11b-f35894d0f107 admin admin] 192.168.1.120 "POST /compute/v2.1/flavors/3/os-extra_specs" status: 200 len: 43 microversion: 2.61 time: 0.014069
Jul 29 15:16:05.753856 np0000031957 devstack@n-api.service[68799]: [pid: 68799|app: 0|req: 10/20] 192.168.1.120 () {72 vars in 1458 bytes} [Tue Jul 29 15:16:05 2025] POST /compute/v2.1/flavors/3/os-extra_specs => generated 43 bytes in 14 msecs (HTTP/1.1 200) 9 headers in 358 bytes (1 switches on core 0)
Jul 29 15:16:05.831453 np0000031957 devstack@n-api.service[68800]: DEBUG nova.api.openstack.wsgi [None req-74b498c7-42fc-41c0-b659-5abf208440ac admin admin] Action: 'create', calling method: <bound method FlavorsController.create of <nova.api.openstack.compute.flavors.FlavorsController object at 0x739c2a040ef0>>, body: {"flavor": {"os-flavor-access:is_public": true, "OS-FLV-EXT-DATA:ephemeral": 0, "vcpus": 4, "rxtx_factor": 1.0, "id": "4", "name": "m1.large", "ram": 8192, "swap": 0, "disk": 80}} {{(pid=68800) _process_stack /opt/stack/nova/nova/api/openstack/wsgi.py:550}}
Jul 29 15:16:05.843007 np0000031957 devstack@n-api.service[68800]: INFO nova.api.openstack.requestlog [None req-74b498c7-42fc-41c0-b659-5abf208440ac admin admin] 192.168.1.120 "POST /compute/v2.1/flavors" status: 200 len: 411 microversion: 2.61 time: 0.013045
Jul 29 15:16:05.843216 np0000031957 devstack@n-api.service[68800]: [pid: 68800|app: 0|req: 11/21] 192.168.1.120 () {72 vars in 1408 bytes} [Tue Jul 29 15:16:05 2025] POST /compute/v2.1/flavors => generated 411 bytes in 13 msecs (HTTP/1.1 200) 9 headers in 359 bytes (1 switches on core 0)
Jul 29 15:16:05.851729 np0000031957 devstack@n-api.service[68799]: DEBUG nova.api.openstack.wsgi [None req-32f655d4-7399-4e19-9203-07c0dc4804a5 admin admin] Action: 'create', calling method: <bound method FlavorExtraSpecsController.create of <nova.api.openstack.compute.flavors_extraspecs.FlavorExtraSpecsController object at 0x739c2a041940>>, body: {"extra_specs": {"hw_rng:allowed": "True"}} {{(pid=68799) _process_stack /opt/stack/nova/nova/api/openstack/wsgi.py:550}}
Jul 29 15:16:05.862809 np0000031957 devstack@n-api.service[68799]: INFO nova.api.openstack.requestlog [None req-32f655d4-7399-4e19-9203-07c0dc4804a5 admin admin] 192.168.1.120 "POST /compute/v2.1/flavors/4/os-extra_specs" status: 200 len: 43 microversion: 2.61 time: 0.012537
Jul 29 15:16:05.863104 np0000031957 devstack@n-api.service[68799]: [pid: 68799|app: 0|req: 11/22] 192.168.1.120 () {72 vars in 1458 bytes} [Tue Jul 29 15:16:05 2025] POST /compute/v2.1/flavors/4/os-extra_specs => generated 43 bytes in 13 msecs (HTTP/1.1 200) 9 headers in 358 bytes (1 switches on core 0)
Jul 29 15:16:05.938712 np0000031957 devstack@n-api.service[68800]: DEBUG nova.api.openstack.wsgi [None req-c1c17955-93b8-46e3-90af-8c0ba8c801ea admin admin] Action: 'create', calling method: <bound method FlavorsController.create of <nova.api.openstack.compute.flavors.FlavorsController object at 0x739c2a040ef0>>, body: {"flavor": {"os-flavor-access:is_public": true, "OS-FLV-EXT-DATA:ephemeral": 0, "vcpus": 8, "rxtx_factor": 1.0, "id": "5", "name": "m1.xlarge", "ram": 16384, "swap": 0, "disk": 160}} {{(pid=68800) _process_stack /opt/stack/nova/nova/api/openstack/wsgi.py:550}}
Jul 29 15:16:05.949572 np0000031957 devstack@n-api.service[68800]: INFO nova.api.openstack.requestlog [None req-c1c17955-93b8-46e3-90af-8c0ba8c801ea admin admin] 192.168.1.120 "POST /compute/v2.1/flavors" status: 200 len: 414 microversion: 2.61 time: 0.012332
Jul 29 15:16:05.949803 np0000031957 devstack@n-api.service[68800]: [pid: 68800|app: 0|req: 12/23] 192.168.1.120 () {72 vars in 1408 bytes} [Tue Jul 29 15:16:05 2025] POST /compute/v2.1/flavors => generated 414 bytes in 13 msecs (HTTP/1.1 200) 9 headers in 359 bytes (1 switches on core 0)
Jul 29 15:16:05.957622 np0000031957 devstack@n-api.service[68799]: DEBUG nova.api.openstack.wsgi [None req-1bfe3ab3-2399-40e1-8fe7-de2cf6bdb0e7 admin admin] Action: 'create', calling method: <bound method FlavorExtraSpecsController.create of <nova.api.openstack.compute.flavors_extraspecs.FlavorExtraSpecsController object at 0x739c2a041940>>, body: {"extra_specs": {"hw_rng:allowed": "True"}} {{(pid=68799) _process_stack /opt/stack/nova/nova/api/openstack/wsgi.py:550}}
Jul 29 15:16:05.970007 np0000031957 devstack@n-api.service[68799]: INFO nova.api.openstack.requestlog [None req-1bfe3ab3-2399-40e1-8fe7-de2cf6bdb0e7 admin admin] 192.168.1.120 "POST /compute/v2.1/flavors/5/os-extra_specs" status: 200 len: 43 microversion: 2.61 time: 0.013826
Jul 29 15:16:05.970248 np0000031957 devstack@n-api.service[68799]: [pid: 68799|app: 0|req: 12/24] 192.168.1.120 () {72 vars in 1458 bytes} [Tue Jul 29 15:16:05 2025] POST /compute/v2.1/flavors/5/os-extra_specs => generated 43 bytes in 14 msecs (HTTP/1.1 200) 9 headers in 358 bytes (1 switches on core 0)
Jul 29 15:16:20.613545 np0000031957 devstack@n-api.service[68800]: DEBUG nova.api.openstack.wsgi [None req-2434ba88-cae8-4123-995b-2f62662c1989 admin admin] Calling method '<bound method FlavorsController.detail of <nova.api.openstack.compute.flavors.FlavorsController object at 0x739c2a041040>>' {{(pid=68800) _process_stack /opt/stack/nova/nova/api/openstack/wsgi.py:552}}
Jul 29 15:16:20.618857 np0000031957 devstack@n-api.service[68800]: DEBUG dbcounter [-] [68800] Writing DB stats nova_api:SELECT=21,nova_api:SAVEPOINT=5,nova_api:INSERT=10,nova_api:RELEASE=5 {{(pid=68800) stat_writer /opt/stack/data/venv/lib/python3.12/site-packages/dbcounter.py:115}}
Jul 29 15:16:20.625417 np0000031957 devstack@n-api.service[68800]: INFO nova.api.openstack.requestlog [None req-2434ba88-cae8-4123-995b-2f62662c1989 admin admin] 192.168.1.120 "GET /compute/v2.1/flavors/detail?is_public=True" status: 200 len: 4262 microversion: 2.61 time: 0.013259
Jul 29 15:16:20.625634 np0000031957 devstack@n-api.service[68800]: [pid: 68800|app: 0|req: 13/25] 192.168.1.120 () {68 vars in 1417 bytes} [Tue Jul 29 15:16:20 2025] GET /compute/v2.1/flavors/detail?is_public=True => generated 4262 bytes in 13 msecs (HTTP/1.1 200) 9 headers in 360 bytes (1 switches on core 0)
Jul 29 15:16:20.736534 np0000031957 devstack@n-api.service[68799]: DEBUG nova.api.openstack.wsgi [None req-2ecca477-8063-4a71-8d1a-6e39c5a542c9 admin admin] Action: 'create', calling method: <bound method FlavorsController.create of <nova.api.openstack.compute.flavors.FlavorsController object at 0x739c2a0410a0>>, body: {"flavor": {"os-flavor-access:is_public": true, "OS-FLV-EXT-DATA:ephemeral": 0, "vcpus": 1, "rxtx_factor": 1.0, "id": "100", "name": "manila-service-flavor", "ram": 1024, "swap": 0, "disk": 5}} {{(pid=68799) _process_stack /opt/stack/nova/nova/api/openstack/wsgi.py:550}}
Jul 29 15:16:20.739258 np0000031957 devstack@n-api.service[68799]: DEBUG dbcounter [-] [68799] Writing DB stats nova_api:INSERT=10,nova_api:SELECT=21,nova_api:SAVEPOINT=5,nova_api:RELEASE=5 {{(pid=68799) stat_writer /opt/stack/data/venv/lib/python3.12/site-packages/dbcounter.py:115}}
Jul 29 15:16:20.748853 np0000031957 devstack@n-api.service[68799]: INFO nova.api.openstack.requestlog [None req-2ecca477-8063-4a71-8d1a-6e39c5a542c9 admin admin] 192.168.1.120 "POST /compute/v2.1/flavors" status: 200 len: 429 microversion: 2.61 time: 0.013948
Jul 29 15:16:20.749100 np0000031957 devstack@n-api.service[68799]: [pid: 68799|app: 0|req: 13/26] 192.168.1.120 () {72 vars in 1408 bytes} [Tue Jul 29 15:16:20 2025] POST /compute/v2.1/flavors => generated 429 bytes in 14 msecs (HTTP/1.1 200) 9 headers in 359 bytes (1 switches on core 0)
Jul 29 15:16:48.900395 np0000031957 devstack@n-api.service[68800]: DEBUG nova.api.openstack.wsgi [None req-c815afda-050a-42be-8e73-72483423555f admin admin] Calling method '<bound method KeypairController.index of <nova.api.openstack.compute.keypairs.KeypairController object at 0x739c2a0fc2c0>>' {{(pid=68800) _process_stack /opt/stack/nova/nova/api/openstack/wsgi.py:552}}
Jul 29 15:16:48.901519 np0000031957 devstack@n-api.service[68800]: WARNING oslo_db.sqlalchemy.utils [None req-c815afda-050a-42be-8e73-72483423555f admin admin] Unique keys not in sort_keys. The sorting order may be unstable.
Jul 29 15:16:48.907624 np0000031957 devstack@n-api.service[68800]: INFO nova.api.openstack.requestlog [None req-c815afda-050a-42be-8e73-72483423555f admin admin] 192.168.1.120 "GET /compute/v2.1/os-keypairs" status: 200 len: 16 microversion: 2.10 time: 0.009949
Jul 29 15:16:48.907946 np0000031957 devstack@n-api.service[68800]: [pid: 68800|app: 0|req: 14/27] 192.168.1.120 () {68 vars in 1379 bytes} [Tue Jul 29 15:16:48 2025] GET /compute/v2.1/os-keypairs => generated 16 bytes in 10 msecs (HTTP/1.1 200) 9 headers in 358 bytes (1 switches on core 0)
Jul 29 15:16:49.000118 np0000031957 devstack@n-api.service[68799]: DEBUG nova.api.openstack.wsgi [None req-571287b3-7bbe-42f1-901d-80042fe9ff5c admin admin] Action: 'create', calling method: <bound method KeypairController.create of <nova.api.openstack.compute.keypairs.KeypairController object at 0x739c2a0fc680>>, body: {"keypair": {"public_key": "ecdsa-sha2-nistp256 AAAAE2VjZHNhLXNoYTItbmlzdHAyNTYAAAAIbmlzdHAyNTYAAABBBH/YLIwY7RI1ZcydN+DhOroZtzUu2pCuWeVqA1lp3PfRk7vy4F6tTKoEtIpEqLGC80/ww7wIiY0XHEG0juuB7CM= stack@np0000031957\n", "name": "manila-service"}} {{(pid=68799) _process_stack /opt/stack/nova/nova/api/openstack/wsgi.py:550}}
Jul 29 15:16:49.013047 np0000031957 devstack@n-api.service[68799]: DEBUG nova.quota [None req-571287b3-7bbe-42f1-901d-80042fe9ff5c admin admin] Getting quotas for project 129c0d79f69e480b87984124b9b92ea1. Resources: {'key_pairs'} {{(pid=68799) _get_quotas /opt/stack/nova/nova/quota.py:392}}
Jul 29 15:16:49.015489 np0000031957 devstack@n-api.service[68799]: DEBUG nova.quota [None req-571287b3-7bbe-42f1-901d-80042fe9ff5c admin admin] Getting quotas for user a148591f86d9408e8cc6023a994b3050 and project 129c0d79f69e480b87984124b9b92ea1. Resources: {'key_pairs'} {{(pid=68799) _get_quotas /opt/stack/nova/nova/quota.py:382}}
Jul 29 15:16:49.038842 np0000031957 devstack@n-api.service[68799]: INFO nova.api.openstack.requestlog [None req-571287b3-7bbe-42f1-901d-80042fe9ff5c admin admin] 192.168.1.120 "POST /compute/v2.1/os-keypairs" status: 201 len: 366 microversion: 2.10 time: 0.040535
Jul 29 15:16:49.039101 np0000031957 devstack@n-api.service[68799]: [pid: 68799|app: 0|req: 14/28] 192.168.1.120 () {72 vars in 1420 bytes} [Tue Jul 29 15:16:48 2025] POST /compute/v2.1/os-keypairs => generated 366 bytes in 41 msecs (HTTP/1.1 201) 9 headers in 364 bytes (1 switches on core 0)
Jul 29 15:16:55.114549 np0000031957 devstack@n-api.service[68800]: DEBUG nova.api.openstack.wsgi [None req-57e61975-64ee-4d3c-967b-2a30cedb61a3 admin admin] Calling method '<bound method ServiceController.index of <nova.api.openstack.compute.services.ServiceController object at 0x739c29f2c740>>' {{(pid=68800) _process_stack /opt/stack/nova/nova/api/openstack/wsgi.py:552}}
Jul 29 15:16:55.116442 np0000031957 devstack@n-api.service[68800]: DEBUG oslo_concurrency.lockutils [None req-57e61975-64ee-4d3c-967b-2a30cedb61a3 admin admin] Acquiring lock "00000000-0000-0000-0000-000000000000" by "nova.context.set_target_cell.<locals>.get_or_set_cached_cell_and_set_connections" {{(pid=68800) inner /opt/stack/data/venv/lib/python3.12/site-packages/oslo_concurrency/lockutils.py:405}}
Jul 29 15:16:55.116662 np0000031957 devstack@n-api.service[68800]: DEBUG oslo_concurrency.lockutils [None req-57e61975-64ee-4d3c-967b-2a30cedb61a3 admin admin] Lock "00000000-0000-0000-0000-000000000000" acquired by "nova.context.set_target_cell.<locals>.get_or_set_cached_cell_and_set_connections" :: waited 0.000s {{(pid=68800) inner /opt/stack/data/venv/lib/python3.12/site-packages/oslo_concurrency/lockutils.py:410}}
Jul 29 15:16:55.116818 np0000031957 devstack@n-api.service[68800]: DEBUG oslo_concurrency.lockutils [None req-57e61975-64ee-4d3c-967b-2a30cedb61a3 admin admin] Lock "00000000-0000-0000-0000-000000000000" "released" by "nova.context.set_target_cell.<locals>.get_or_set_cached_cell_and_set_connections" :: held 0.000s {{(pid=68800) inner /opt/stack/data/venv/lib/python3.12/site-packages/oslo_concurrency/lockutils.py:424}}
Jul 29 15:16:55.117179 np0000031957 devstack@n-api.service[68800]: DEBUG oslo_concurrency.lockutils [None req-57e61975-64ee-4d3c-967b-2a30cedb61a3 admin admin] Acquiring lock "8260d43a-4a48-40bb-babf-ee27833a47de" by "nova.context.set_target_cell.<locals>.get_or_set_cached_cell_and_set_connections" {{(pid=68800) inner /opt/stack/data/venv/lib/python3.12/site-packages/oslo_concurrency/lockutils.py:405}}
Jul 29 15:16:55.117345 np0000031957 devstack@n-api.service[68800]: DEBUG oslo_concurrency.lockutils [None req-57e61975-64ee-4d3c-967b-2a30cedb61a3 admin admin] Lock "8260d43a-4a48-40bb-babf-ee27833a47de" acquired by "nova.context.set_target_cell.<locals>.get_or_set_cached_cell_and_set_connections" :: waited 0.000s {{(pid=68800) inner /opt/stack/data/venv/lib/python3.12/site-packages/oslo_concurrency/lockutils.py:410}}
Jul 29 15:16:55.117512 np0000031957 devstack@n-api.service[68800]: DEBUG oslo_concurrency.lockutils [None req-57e61975-64ee-4d3c-967b-2a30cedb61a3 admin admin] Lock "8260d43a-4a48-40bb-babf-ee27833a47de" "released" by "nova.context.set_target_cell.<locals>.get_or_set_cached_cell_and_set_connections" :: held 0.000s {{(pid=68800) inner /opt/stack/data/venv/lib/python3.12/site-packages/oslo_concurrency/lockutils.py:424}}
Jul 29 15:16:55.134149 np0000031957 devstack@n-api.service[68800]: INFO nova.api.openstack.requestlog [None req-57e61975-64ee-4d3c-967b-2a30cedb61a3 admin admin] 192.168.1.120 "GET /compute/v2.1/os-services?binary=nova-compute&host=np0000031957" status: 200 len: 255 microversion: 2.69 time: 0.021236
Jul 29 15:16:55.134439 np0000031957 devstack@n-api.service[68800]: [pid: 68800|app: 0|req: 15/29] 192.168.1.120 () {68 vars in 1454 bytes} [Tue Jul 29 15:16:55 2025] GET /compute/v2.1/os-services?binary=nova-compute&host=np0000031957 => generated 255 bytes in 22 msecs (HTTP/1.1 200) 9 headers in 359 bytes (1 switches on core 0)
