Aug 25 14:27:07.812842 np0000032573 devstack@n-api.service[72037]: DEBUG nova.api.openstack.wsgi_app [-] oslo_messaging_rabbit.rpc_conn_pool_size = 30 {{(pid=72037) log_opt_values /opt/stack/data/venv/lib/python3.10/site-packages/oslo_config/cfg.py:2824}}
Aug 25 14:27:07.812934 np0000032573 devstack@n-api.service[72037]: DEBUG nova.api.openstack.wsgi_app [-] oslo_messaging_rabbit.ssl      = False {{(pid=72037) log_opt_values /opt/stack/data/venv/lib/python3.10/site-packages/oslo_config/cfg.py:2824}}
Aug 25 14:27:07.813032 np0000032573 devstack@n-api.service[72037]: DEBUG nova.api.openstack.wsgi_app [-] oslo_messaging_rabbit.ssl_ca_file =  {{(pid=72037) log_opt_values /opt/stack/data/venv/lib/python3.10/site-packages/oslo_config/cfg.py:2824}}
Aug 25 14:27:07.813129 np0000032573 devstack@n-api.service[72037]: DEBUG nova.api.openstack.wsgi_app [-] oslo_messaging_rabbit.ssl_cert_file =  {{(pid=72037) log_opt_values /opt/stack/data/venv/lib/python3.10/site-packages/oslo_config/cfg.py:2824}}
Aug 25 14:27:07.813219 np0000032573 devstack@n-api.service[72037]: DEBUG nova.api.openstack.wsgi_app [-] oslo_messaging_rabbit.ssl_enforce_fips_mode = False {{(pid=72037) log_opt_values /opt/stack/data/venv/lib/python3.10/site-packages/oslo_config/cfg.py:2824}}
Aug 25 14:27:07.813314 np0000032573 devstack@n-api.service[72037]: DEBUG nova.api.openstack.wsgi_app [-] oslo_messaging_rabbit.ssl_key_file =  {{(pid=72037) log_opt_values /opt/stack/data/venv/lib/python3.10/site-packages/oslo_config/cfg.py:2824}}
Aug 25 14:27:07.813425 np0000032573 devstack@n-api.service[72037]: DEBUG nova.api.openstack.wsgi_app [-] oslo_messaging_rabbit.ssl_version =  {{(pid=72037) log_opt_values /opt/stack/data/venv/lib/python3.10/site-packages/oslo_config/cfg.py:2824}}
Aug 25 14:27:07.813541 np0000032573 devstack@n-api.service[72037]: DEBUG nova.api.openstack.wsgi_app [-] oslo_messaging_rabbit.use_queue_manager = False {{(pid=72037) log_opt_values /opt/stack/data/venv/lib/python3.10/site-packages/oslo_config/cfg.py:2824}}
Aug 25 14:27:07.813652 np0000032573 devstack@n-api.service[72037]: DEBUG nova.api.openstack.wsgi_app [-] oslo_messaging_notifications.driver = ['messagingv2'] {{(pid=72037) log_opt_values /opt/stack/data/venv/lib/python3.10/site-packages/oslo_config/cfg.py:2824}}
Aug 25 14:27:07.813746 np0000032573 devstack@n-api.service[72037]: DEBUG nova.api.openstack.wsgi_app [-] oslo_messaging_notifications.retry = -1 {{(pid=72037) log_opt_values /opt/stack/data/venv/lib/python3.10/site-packages/oslo_config/cfg.py:2824}}
Aug 25 14:27:07.813858 np0000032573 devstack@n-api.service[72037]: DEBUG nova.api.openstack.wsgi_app [-] oslo_messaging_notifications.topics = ['notifications'] {{(pid=72037) log_opt_values /opt/stack/data/venv/lib/python3.10/site-packages/oslo_config/cfg.py:2824}}
Aug 25 14:27:07.813967 np0000032573 devstack@n-api.service[72037]: DEBUG nova.api.openstack.wsgi_app [-] oslo_messaging_notifications.transport_url = **** {{(pid=72037) log_opt_values /opt/stack/data/venv/lib/python3.10/site-packages/oslo_config/cfg.py:2824}}
Aug 25 14:27:07.814122 np0000032573 devstack@n-api.service[72037]: DEBUG nova.api.openstack.wsgi_app [-] oslo_reports.file_event_handler = None {{(pid=72037) log_opt_values /opt/stack/data/venv/lib/python3.10/site-packages/oslo_config/cfg.py:2824}}
Aug 25 14:27:07.814173 np0000032573 devstack@n-api.service[72037]: DEBUG nova.api.openstack.wsgi_app [-] oslo_reports.file_event_handler_interval = 1 {{(pid=72037) log_opt_values /opt/stack/data/venv/lib/python3.10/site-packages/oslo_config/cfg.py:2824}}
Aug 25 14:27:07.814267 np0000032573 devstack@n-api.service[72037]: DEBUG nova.api.openstack.wsgi_app [-] oslo_reports.log_dir           = None {{(pid=72037) log_opt_values /opt/stack/data/venv/lib/python3.10/site-packages/oslo_config/cfg.py:2824}}
Aug 25 14:27:07.814339 np0000032573 devstack@n-api.service[72037]: DEBUG nova.api.openstack.wsgi_app [-] ******************************************************************************** {{(pid=72037) log_opt_values /opt/stack/data/venv/lib/python3.10/site-packages/oslo_config/cfg.py:2828}}
Aug 25 14:27:07.832744 np0000032573 devstack@n-api.service[72036]: INFO dbcounter [None req-00ec0235-7f53-4672-b48c-306c0d860523 None None] Registered counter for database nova_api
Aug 25 14:27:07.837669 np0000032573 devstack@n-api.service[72037]: INFO dbcounter [None req-9fda3576-45d5-4465-ad0a-09e350acee00 None None] Registered counter for database nova_api
Aug 25 14:27:07.903286 np0000032573 devstack@n-api.service[72036]: DEBUG oslo_db.sqlalchemy.engines [None req-00ec0235-7f53-4672-b48c-306c0d860523 None None] MySQL server mode set to STRICT_TRANS_TABLES,STRICT_ALL_TABLES,NO_ZERO_IN_DATE,NO_ZERO_DATE,ERROR_FOR_DIVISION_BY_ZERO,TRADITIONAL,NO_ENGINE_SUBSTITUTION {{(pid=72036) _check_effective_sql_mode /opt/stack/data/venv/lib/python3.10/site-packages/oslo_db/sqlalchemy/engines.py:397}}
Aug 25 14:27:07.908506 np0000032573 devstack@n-api.service[72037]: DEBUG oslo_db.sqlalchemy.engines [None req-9fda3576-45d5-4465-ad0a-09e350acee00 None None] MySQL server mode set to STRICT_TRANS_TABLES,STRICT_ALL_TABLES,NO_ZERO_IN_DATE,NO_ZERO_DATE,ERROR_FOR_DIVISION_BY_ZERO,TRADITIONAL,NO_ENGINE_SUBSTITUTION {{(pid=72037) _check_effective_sql_mode /opt/stack/data/venv/lib/python3.10/site-packages/oslo_db/sqlalchemy/engines.py:397}}
Aug 25 14:27:07.928359 np0000032573 devstack@n-api.service[72036]: DEBUG dbcounter [-] [72036] Writer thread running {{(pid=72036) stat_writer /opt/stack/data/venv/lib/python3.10/site-packages/dbcounter.py:102}}
Aug 25 14:27:07.930179 np0000032573 devstack@n-api.service[72036]: DEBUG nova.context [None req-00ec0235-7f53-4672-b48c-306c0d860523 None None] Found 2 cells: 00000000-0000-0000-0000-000000000000(cell0),38f20cd7-6c7b-4868-8e9e-c4db00f88d43(cell1) {{(pid=72036) load_cells /opt/stack/nova/nova/context.py:464}}
Aug 25 14:27:07.931743 np0000032573 devstack@n-api.service[72036]: DEBUG oslo_concurrency.lockutils [None req-00ec0235-7f53-4672-b48c-306c0d860523 None None] Acquiring lock "00000000-0000-0000-0000-000000000000" by "nova.context.set_target_cell.<locals>.get_or_set_cached_cell_and_set_connections" {{(pid=72036) inner /opt/stack/data/venv/lib/python3.10/site-packages/oslo_concurrency/lockutils.py:405}}
Aug 25 14:27:07.931927 np0000032573 devstack@n-api.service[72036]: DEBUG oslo_concurrency.lockutils [None req-00ec0235-7f53-4672-b48c-306c0d860523 None None] Lock "00000000-0000-0000-0000-000000000000" acquired by "nova.context.set_target_cell.<locals>.get_or_set_cached_cell_and_set_connections" :: waited 0.000s {{(pid=72036) inner /opt/stack/data/venv/lib/python3.10/site-packages/oslo_concurrency/lockutils.py:410}}
Aug 25 14:27:07.932290 np0000032573 devstack@n-api.service[72036]: DEBUG oslo_concurrency.lockutils [None req-00ec0235-7f53-4672-b48c-306c0d860523 None None] Lock "00000000-0000-0000-0000-000000000000" "released" by "nova.context.set_target_cell.<locals>.get_or_set_cached_cell_and_set_connections" :: held 0.000s {{(pid=72036) inner /opt/stack/data/venv/lib/python3.10/site-packages/oslo_concurrency/lockutils.py:424}}
Aug 25 14:27:07.932645 np0000032573 devstack@n-api.service[72036]: DEBUG oslo_concurrency.lockutils [None req-00ec0235-7f53-4672-b48c-306c0d860523 None None] Acquiring lock "38f20cd7-6c7b-4868-8e9e-c4db00f88d43" by "nova.context.set_target_cell.<locals>.get_or_set_cached_cell_and_set_connections" {{(pid=72036) inner /opt/stack/data/venv/lib/python3.10/site-packages/oslo_concurrency/lockutils.py:405}}
Aug 25 14:27:07.932793 np0000032573 devstack@n-api.service[72036]: DEBUG oslo_concurrency.lockutils [None req-00ec0235-7f53-4672-b48c-306c0d860523 None None] Lock "38f20cd7-6c7b-4868-8e9e-c4db00f88d43" acquired by "nova.context.set_target_cell.<locals>.get_or_set_cached_cell_and_set_connections" :: waited 0.000s {{(pid=72036) inner /opt/stack/data/venv/lib/python3.10/site-packages/oslo_concurrency/lockutils.py:410}}
Aug 25 14:27:07.933691 np0000032573 devstack@n-api.service[72036]: DEBUG oslo_concurrency.lockutils [None req-00ec0235-7f53-4672-b48c-306c0d860523 None None] Lock "38f20cd7-6c7b-4868-8e9e-c4db00f88d43" "released" by "nova.context.set_target_cell.<locals>.get_or_set_cached_cell_and_set_connections" :: held 0.001s {{(pid=72036) inner /opt/stack/data/venv/lib/python3.10/site-packages/oslo_concurrency/lockutils.py:424}}
Aug 25 14:27:07.934048 np0000032573 devstack@n-api.service[72037]: DEBUG dbcounter [-] [72037] Writer thread running {{(pid=72037) stat_writer /opt/stack/data/venv/lib/python3.10/site-packages/dbcounter.py:102}}
Aug 25 14:27:07.934879 np0000032573 devstack@n-api.service[72036]: INFO dbcounter [None req-00ec0235-7f53-4672-b48c-306c0d860523 None None] Registered counter for database nova_cell0
Aug 25 14:27:07.935960 np0000032573 devstack@n-api.service[72037]: DEBUG nova.context [None req-9fda3576-45d5-4465-ad0a-09e350acee00 None None] Found 2 cells: 00000000-0000-0000-0000-000000000000(cell0),38f20cd7-6c7b-4868-8e9e-c4db00f88d43(cell1) {{(pid=72037) load_cells /opt/stack/nova/nova/context.py:464}}
Aug 25 14:27:07.936799 np0000032573 devstack@n-api.service[72036]: INFO dbcounter [None req-00ec0235-7f53-4672-b48c-306c0d860523 None None] Registered counter for database nova_cell1
Aug 25 14:27:07.937536 np0000032573 devstack@n-api.service[72037]: DEBUG oslo_concurrency.lockutils [None req-9fda3576-45d5-4465-ad0a-09e350acee00 None None] Acquiring lock "00000000-0000-0000-0000-000000000000" by "nova.context.set_target_cell.<locals>.get_or_set_cached_cell_and_set_connections" {{(pid=72037) inner /opt/stack/data/venv/lib/python3.10/site-packages/oslo_concurrency/lockutils.py:405}}
Aug 25 14:27:07.937716 np0000032573 devstack@n-api.service[72037]: DEBUG oslo_concurrency.lockutils [None req-9fda3576-45d5-4465-ad0a-09e350acee00 None None] Lock "00000000-0000-0000-0000-000000000000" acquired by "nova.context.set_target_cell.<locals>.get_or_set_cached_cell_and_set_connections" :: waited 0.000s {{(pid=72037) inner /opt/stack/data/venv/lib/python3.10/site-packages/oslo_concurrency/lockutils.py:410}}
Aug 25 14:27:07.938093 np0000032573 devstack@n-api.service[72037]: DEBUG oslo_concurrency.lockutils [None req-9fda3576-45d5-4465-ad0a-09e350acee00 None None] Lock "00000000-0000-0000-0000-000000000000" "released" by "nova.context.set_target_cell.<locals>.get_or_set_cached_cell_and_set_connections" :: held 0.000s {{(pid=72037) inner /opt/stack/data/venv/lib/python3.10/site-packages/oslo_concurrency/lockutils.py:424}}
Aug 25 14:27:07.938465 np0000032573 devstack@n-api.service[72037]: DEBUG oslo_concurrency.lockutils [None req-9fda3576-45d5-4465-ad0a-09e350acee00 None None] Acquiring lock "38f20cd7-6c7b-4868-8e9e-c4db00f88d43" by "nova.context.set_target_cell.<locals>.get_or_set_cached_cell_and_set_connections" {{(pid=72037) inner /opt/stack/data/venv/lib/python3.10/site-packages/oslo_concurrency/lockutils.py:405}}
Aug 25 14:27:07.938629 np0000032573 devstack@n-api.service[72037]: DEBUG oslo_concurrency.lockutils [None req-9fda3576-45d5-4465-ad0a-09e350acee00 None None] Lock "38f20cd7-6c7b-4868-8e9e-c4db00f88d43" acquired by "nova.context.set_target_cell.<locals>.get_or_set_cached_cell_and_set_connections" :: waited 0.000s {{(pid=72037) inner /opt/stack/data/venv/lib/python3.10/site-packages/oslo_concurrency/lockutils.py:410}}
Aug 25 14:27:07.939585 np0000032573 devstack@n-api.service[72037]: DEBUG oslo_concurrency.lockutils [None req-9fda3576-45d5-4465-ad0a-09e350acee00 None None] Lock "38f20cd7-6c7b-4868-8e9e-c4db00f88d43" "released" by "nova.context.set_target_cell.<locals>.get_or_set_cached_cell_and_set_connections" :: held 0.001s {{(pid=72037) inner /opt/stack/data/venv/lib/python3.10/site-packages/oslo_concurrency/lockutils.py:424}}
Aug 25 14:27:07.939950 np0000032573 devstack@n-api.service[72036]: DEBUG oslo_db.sqlalchemy.engines [None req-00ec0235-7f53-4672-b48c-306c0d860523 None None] MySQL server mode set to STRICT_TRANS_TABLES,STRICT_ALL_TABLES,NO_ZERO_IN_DATE,NO_ZERO_DATE,ERROR_FOR_DIVISION_BY_ZERO,TRADITIONAL,NO_ENGINE_SUBSTITUTION {{(pid=72036) _check_effective_sql_mode /opt/stack/data/venv/lib/python3.10/site-packages/oslo_db/sqlalchemy/engines.py:397}}
Aug 25 14:27:07.940800 np0000032573 devstack@n-api.service[72037]: INFO dbcounter [None req-9fda3576-45d5-4465-ad0a-09e350acee00 None None] Registered counter for database nova_cell0
Aug 25 14:27:07.942558 np0000032573 devstack@n-api.service[72036]: DEBUG oslo_db.sqlalchemy.engines [None req-00ec0235-7f53-4672-b48c-306c0d860523 None None] MySQL server mode set to STRICT_TRANS_TABLES,STRICT_ALL_TABLES,NO_ZERO_IN_DATE,NO_ZERO_DATE,ERROR_FOR_DIVISION_BY_ZERO,TRADITIONAL,NO_ENGINE_SUBSTITUTION {{(pid=72036) _check_effective_sql_mode /opt/stack/data/venv/lib/python3.10/site-packages/oslo_db/sqlalchemy/engines.py:397}}
Aug 25 14:27:07.942806 np0000032573 devstack@n-api.service[72037]: INFO dbcounter [None req-9fda3576-45d5-4465-ad0a-09e350acee00 None None] Registered counter for database nova_cell1
Aug 25 14:27:07.946989 np0000032573 devstack@n-api.service[72037]: DEBUG oslo_db.sqlalchemy.engines [None req-9fda3576-45d5-4465-ad0a-09e350acee00 None None] MySQL server mode set to STRICT_TRANS_TABLES,STRICT_ALL_TABLES,NO_ZERO_IN_DATE,NO_ZERO_DATE,ERROR_FOR_DIVISION_BY_ZERO,TRADITIONAL,NO_ENGINE_SUBSTITUTION {{(pid=72037) _check_effective_sql_mode /opt/stack/data/venv/lib/python3.10/site-packages/oslo_db/sqlalchemy/engines.py:397}}
Aug 25 14:27:07.948521 np0000032573 devstack@n-api.service[72037]: DEBUG oslo_db.sqlalchemy.engines [None req-9fda3576-45d5-4465-ad0a-09e350acee00 None None] MySQL server mode set to STRICT_TRANS_TABLES,STRICT_ALL_TABLES,NO_ZERO_IN_DATE,NO_ZERO_DATE,ERROR_FOR_DIVISION_BY_ZERO,TRADITIONAL,NO_ENGINE_SUBSTITUTION {{(pid=72037) _check_effective_sql_mode /opt/stack/data/venv/lib/python3.10/site-packages/oslo_db/sqlalchemy/engines.py:397}}
Aug 25 14:27:08.008634 np0000032573 devstack@n-api.service[72036]: DEBUG dbcounter [-] [72036] Writer thread running {{(pid=72036) stat_writer /opt/stack/data/venv/lib/python3.10/site-packages/dbcounter.py:102}}
Aug 25 14:27:08.013375 np0000032573 devstack@n-api.service[72036]: DEBUG dbcounter [-] [72036] Writer thread running {{(pid=72036) stat_writer /opt/stack/data/venv/lib/python3.10/site-packages/dbcounter.py:102}}
Aug 25 14:27:08.015572 np0000032573 devstack@n-api.service[72036]: INFO dbcounter [None req-00ec0235-7f53-4672-b48c-306c0d860523 None None] Registered counter for database nova_cell0
Aug 25 14:27:08.016512 np0000032573 devstack@n-api.service[72037]: DEBUG dbcounter [-] [72037] Writer thread running {{(pid=72037) stat_writer /opt/stack/data/venv/lib/python3.10/site-packages/dbcounter.py:102}}
Aug 25 14:27:08.019868 np0000032573 devstack@n-api.service[72036]: DEBUG oslo_db.sqlalchemy.engines [None req-00ec0235-7f53-4672-b48c-306c0d860523 None None] MySQL server mode set to STRICT_TRANS_TABLES,STRICT_ALL_TABLES,NO_ZERO_IN_DATE,NO_ZERO_DATE,ERROR_FOR_DIVISION_BY_ZERO,TRADITIONAL,NO_ENGINE_SUBSTITUTION {{(pid=72036) _check_effective_sql_mode /opt/stack/data/venv/lib/python3.10/site-packages/oslo_db/sqlalchemy/engines.py:397}}
Aug 25 14:27:08.020624 np0000032573 devstack@n-api.service[72037]: DEBUG dbcounter [-] [72037] Writer thread running {{(pid=72037) stat_writer /opt/stack/data/venv/lib/python3.10/site-packages/dbcounter.py:102}}
Aug 25 14:27:08.022842 np0000032573 devstack@n-api.service[72037]: INFO dbcounter [None req-9fda3576-45d5-4465-ad0a-09e350acee00 None None] Registered counter for database nova_cell0
Aug 25 14:27:08.024066 np0000032573 devstack@n-api.service[72036]: DEBUG dbcounter [-] [72036] Writer thread running {{(pid=72036) stat_writer /opt/stack/data/venv/lib/python3.10/site-packages/dbcounter.py:102}}
Aug 25 14:27:08.026982 np0000032573 devstack@n-api.service[72037]: DEBUG oslo_db.sqlalchemy.engines [None req-9fda3576-45d5-4465-ad0a-09e350acee00 None None] MySQL server mode set to STRICT_TRANS_TABLES,STRICT_ALL_TABLES,NO_ZERO_IN_DATE,NO_ZERO_DATE,ERROR_FOR_DIVISION_BY_ZERO,TRADITIONAL,NO_ENGINE_SUBSTITUTION {{(pid=72037) _check_effective_sql_mode /opt/stack/data/venv/lib/python3.10/site-packages/oslo_db/sqlalchemy/engines.py:397}}
Aug 25 14:27:08.031256 np0000032573 devstack@n-api.service[72037]: DEBUG dbcounter [-] [72037] Writer thread running {{(pid=72037) stat_writer /opt/stack/data/venv/lib/python3.10/site-packages/dbcounter.py:102}}
Aug 25 14:27:08.333465 np0000032573 devstack@n-api.service[72036]: DEBUG oslo_concurrency.processutils [None req-00ec0235-7f53-4672-b48c-306c0d860523 None None] Running cmd (subprocess): grep -F node.session.scan /sbin/iscsiadm {{(pid=72036) execute /opt/stack/data/venv/lib/python3.10/site-packages/oslo_concurrency/processutils.py:349}}
Aug 25 14:27:08.340222 np0000032573 devstack@n-api.service[72036]: DEBUG oslo_concurrency.processutils [None req-00ec0235-7f53-4672-b48c-306c0d860523 None None] CMD "grep -F node.session.scan /sbin/iscsiadm" returned: 0 in 0.007s {{(pid=72036) execute /opt/stack/data/venv/lib/python3.10/site-packages/oslo_concurrency/processutils.py:372}}
Aug 25 14:27:08.345015 np0000032573 devstack@n-api.service[72037]: DEBUG oslo_concurrency.processutils [None req-9fda3576-45d5-4465-ad0a-09e350acee00 None None] Running cmd (subprocess): grep -F node.session.scan /sbin/iscsiadm {{(pid=72037) execute /opt/stack/data/venv/lib/python3.10/site-packages/oslo_concurrency/processutils.py:349}}
Aug 25 14:27:08.351625 np0000032573 devstack@n-api.service[72037]: DEBUG oslo_concurrency.processutils [None req-9fda3576-45d5-4465-ad0a-09e350acee00 None None] CMD "grep -F node.session.scan /sbin/iscsiadm" returned: 0 in 0.007s {{(pid=72037) execute /opt/stack/data/venv/lib/python3.10/site-packages/oslo_concurrency/processutils.py:372}}
Aug 25 14:27:08.690793 np0000032573 devstack@n-api.service[72036]: WARNING keystonemiddleware.auth_token [None req-00ec0235-7f53-4672-b48c-306c0d860523 None None] AuthToken middleware is set with keystone_authtoken.service_token_roles_required set to False. This is backwards compatible but deprecated behaviour. Please set this to True.
Aug 25 14:27:08.691708 np0000032573 devstack@n-api.service[72037]: WARNING keystonemiddleware.auth_token [None req-9fda3576-45d5-4465-ad0a-09e350acee00 None None] AuthToken middleware is set with keystone_authtoken.service_token_roles_required set to False. This is backwards compatible but deprecated behaviour. Please set this to True.
Aug 25 14:27:08.694361 np0000032573 devstack@n-api.service[72036]: WARNING keystonemiddleware.auth_token [None req-00ec0235-7f53-4672-b48c-306c0d860523 None None] Configuring www_authenticate_uri to point to the public identity endpoint is required; clients may not be able to authenticate against an admin endpoint
Aug 25 14:27:08.695397 np0000032573 devstack@n-api.service[72037]: WARNING keystonemiddleware.auth_token [None req-9fda3576-45d5-4465-ad0a-09e350acee00 None None] Configuring www_authenticate_uri to point to the public identity endpoint is required; clients may not be able to authenticate against an admin endpoint
Aug 25 14:27:08.770732 np0000032573 devstack@n-api.service[72036]: WARNING keystonemiddleware.auth_token [None req-00ec0235-7f53-4672-b48c-306c0d860523 None None] AuthToken middleware is set with keystone_authtoken.service_token_roles_required set to False. This is backwards compatible but deprecated behaviour. Please set this to True.
Aug 25 14:27:08.773525 np0000032573 devstack@n-api.service[72036]: WARNING keystonemiddleware.auth_token [None req-00ec0235-7f53-4672-b48c-306c0d860523 None None] Configuring www_authenticate_uri to point to the public identity endpoint is required; clients may not be able to authenticate against an admin endpoint
Aug 25 14:27:08.773581 np0000032573 devstack@n-api.service[72037]: WARNING keystonemiddleware.auth_token [None req-9fda3576-45d5-4465-ad0a-09e350acee00 None None] AuthToken middleware is set with keystone_authtoken.service_token_roles_required set to False. This is backwards compatible but deprecated behaviour. Please set this to True.
Aug 25 14:27:08.775562 np0000032573 devstack@n-api.service[72036]: WSGI app 0 (mountpoint='') ready in 2 seconds on interpreter 0x55af47816d70 pid: 72036 (default app)
Aug 25 14:27:08.776354 np0000032573 devstack@n-api.service[72037]: WARNING keystonemiddleware.auth_token [None req-9fda3576-45d5-4465-ad0a-09e350acee00 None None] Configuring www_authenticate_uri to point to the public identity endpoint is required; clients may not be able to authenticate against an admin endpoint
Aug 25 14:27:08.776506 np0000032573 devstack@n-api.service[72036]: DEBUG nova.api.openstack.wsgi [None req-00ec0235-7f53-4672-b48c-306c0d860523 None None] Calling method '<bound method VersionsV2.index of <nova.api.openstack.compute.versions.VersionsV2 object at 0x7f439935ab00>>' {{(pid=72036) _process_stack /opt/stack/nova/nova/api/openstack/wsgi.py:556}}
Aug 25 14:27:08.778435 np0000032573 devstack@n-api.service[72037]: WSGI app 0 (mountpoint='') ready in 2 seconds on interpreter 0x55af47816d70 pid: 72037 (default app)
Aug 25 14:27:08.779379 np0000032573 devstack@n-api.service[72036]: INFO nova.api.openstack.requestlog [None req-00ec0235-7f53-4672-b48c-306c0d860523 None None] 192.168.1.121 "GET /compute/v2.1/" status: 200 len: 391 microversion: 2.1 time: 0.003097
Aug 25 14:27:08.779717 np0000032573 devstack@n-api.service[72036]: [pid: 72036|app: 0|req: 1/1] 192.168.1.121 () {50 vars in 783 bytes} [Mon Aug 25 14:27:08 2025] GET /compute/v2.1/ => generated 391 bytes in 3 msecs (HTTP/1.1 200) 9 headers in 357 bytes (1 switches on core 0)
Aug 25 14:27:40.346752 np0000032573 devstack@n-api.service[72037]: DEBUG nova.api.openstack.wsgi [None req-9fda3576-45d5-4465-ad0a-09e350acee00 None None] Calling method '<bound method VersionsV2.index of <nova.api.openstack.compute.versions.VersionsV2 object at 0x7f43991f3820>>' {{(pid=72037) _process_stack /opt/stack/nova/nova/api/openstack/wsgi.py:556}}
Aug 25 14:27:40.349883 np0000032573 devstack@n-api.service[72037]: INFO nova.api.openstack.requestlog [None req-9fda3576-45d5-4465-ad0a-09e350acee00 None None] 192.168.1.121 "GET /compute/v2.1" status: 200 len: 392 microversion: 2.1 time: 0.003505
Aug 25 14:27:40.350081 np0000032573 devstack@n-api.service[72037]: [pid: 72037|app: 0|req: 1/2] 192.168.1.121 () {62 vars in 1068 bytes} [Mon Aug 25 14:27:40 2025] GET /compute/v2.1 => generated 392 bytes in 4 msecs (HTTP/1.1 200) 9 headers in 357 bytes (1 switches on core 0)
Aug 25 14:27:40.359268 np0000032573 devstack@n-api.service[72036]: DEBUG dbcounter [-] [72036] Writing DB stats nova_api:SELECT=1 {{(pid=72036) stat_writer /opt/stack/data/venv/lib/python3.10/site-packages/dbcounter.py:115}}
Aug 25 14:27:40.359596 np0000032573 devstack@n-api.service[72036]: DEBUG dbcounter [-] [72036] Writing DB stats nova_cell0:SELECT=1 {{(pid=72036) stat_writer /opt/stack/data/venv/lib/python3.10/site-packages/dbcounter.py:115}}
Aug 25 14:27:40.359909 np0000032573 devstack@n-api.service[72036]: DEBUG dbcounter [-] [72036] Writing DB stats nova_cell1:SELECT=1 {{(pid=72036) stat_writer /opt/stack/data/venv/lib/python3.10/site-packages/dbcounter.py:115}}
Aug 25 14:27:40.360194 np0000032573 devstack@n-api.service[72036]: DEBUG dbcounter [-] [72036] Writing DB stats nova_cell0:SELECT=2,nova_cell0:INSERT=1 {{(pid=72036) stat_writer /opt/stack/data/venv/lib/python3.10/site-packages/dbcounter.py:115}}
Aug 25 14:27:40.486942 np0000032573 devstack@n-api.service[72036]: DEBUG nova.api.openstack.wsgi [None req-8879543d-fc67-4209-8820-87d135d3fa19 admin admin] Calling method '<bound method FlavorsController.detail of <nova.api.openstack.compute.flavors.FlavorsController object at 0x7f4397d27040>>' {{(pid=72036) _process_stack /opt/stack/nova/nova/api/openstack/wsgi.py:556}}
Aug 25 14:27:40.504940 np0000032573 devstack@n-api.service[72036]: INFO nova.api.openstack.requestlog [None req-8879543d-fc67-4209-8820-87d135d3fa19 admin admin] 192.168.1.121 "GET /compute/v2.1/flavors/detail?is_public=True" status: 200 len: 15 microversion: 2.61 time: 0.148921
Aug 25 14:27:40.505314 np0000032573 devstack@n-api.service[72036]: [pid: 72036|app: 0|req: 2/3] 192.168.1.121 () {68 vars in 1429 bytes} [Mon Aug 25 14:27:40 2025] GET /compute/v2.1/flavors/detail?is_public=True => generated 15 bytes in 149 msecs (HTTP/1.1 200) 9 headers in 358 bytes (1 switches on core 0)
Aug 25 14:27:40.593169 np0000032573 devstack@n-api.service[72037]: DEBUG nova.api.openstack.wsgi [None req-9fda3576-45d5-4465-ad0a-09e350acee00 None None] Calling method '<bound method VersionsV2.index of <nova.api.openstack.compute.versions.VersionsV2 object at 0x7f43991f3820>>' {{(pid=72037) _process_stack /opt/stack/nova/nova/api/openstack/wsgi.py:556}}
Aug 25 14:27:40.595929 np0000032573 devstack@n-api.service[72037]: INFO nova.api.openstack.requestlog [None req-9fda3576-45d5-4465-ad0a-09e350acee00 None None] 192.168.1.121 "GET /compute/v2.1" status: 200 len: 392 microversion: 2.1 time: 0.002938
Aug 25 14:27:40.596124 np0000032573 devstack@n-api.service[72037]: [pid: 72037|app: 0|req: 2/4] 192.168.1.121 () {62 vars in 1068 bytes} [Mon Aug 25 14:27:40 2025] GET /compute/v2.1 => generated 392 bytes in 3 msecs (HTTP/1.1 200) 9 headers in 357 bytes (1 switches on core 0)
Aug 25 14:27:40.636199 np0000032573 devstack@n-api.service[72036]: DEBUG nova.api.openstack.wsgi [None req-02c63223-1f13-426e-b823-b63aef0087c8 admin admin] Action: 'create', calling method: <bound method FlavorsController.create of <nova.api.openstack.compute.flavors.FlavorsController object at 0x7f4397d25ea0>>, body: {"flavor": {"OS-FLV-EXT-DATA:ephemeral": 0, "rxtx_factor": 1.0, "os-flavor-access:is_public": true, "swap": 0, "disk": 1, "name": "cirros256", "id": "c1", "ram": 256, "vcpus": 1}} {{(pid=72036) _process_stack /opt/stack/nova/nova/api/openstack/wsgi.py:554}}
Aug 25 14:27:40.658999 np0000032573 devstack@n-api.service[72036]: INFO nova.api.openstack.requestlog [None req-02c63223-1f13-426e-b823-b63aef0087c8 admin admin] 192.168.1.121 "POST /compute/v2.1/flavors" status: 200 len: 413 microversion: 2.61 time: 0.057187
Aug 25 14:27:40.659244 np0000032573 devstack@n-api.service[72036]: [pid: 72036|app: 0|req: 3/5] 192.168.1.121 () {72 vars in 1420 bytes} [Mon Aug 25 14:27:40 2025] POST /compute/v2.1/flavors => generated 413 bytes in 58 msecs (HTTP/1.1 200) 9 headers in 359 bytes (1 switches on core 0)
Aug 25 14:27:40.670045 np0000032573 devstack@n-api.service[72037]: DEBUG dbcounter [-] [72037] Writing DB stats nova_api:SELECT=1 {{(pid=72037) stat_writer /opt/stack/data/venv/lib/python3.10/site-packages/dbcounter.py:115}}
Aug 25 14:27:40.670650 np0000032573 devstack@n-api.service[72037]: DEBUG dbcounter [-] [72037] Writing DB stats nova_cell0:SELECT=1 {{(pid=72037) stat_writer /opt/stack/data/venv/lib/python3.10/site-packages/dbcounter.py:115}}
Aug 25 14:27:40.671029 np0000032573 devstack@n-api.service[72037]: DEBUG dbcounter [-] [72037] Writing DB stats nova_cell1:SELECT=1 {{(pid=72037) stat_writer /opt/stack/data/venv/lib/python3.10/site-packages/dbcounter.py:115}}
Aug 25 14:27:40.671389 np0000032573 devstack@n-api.service[72037]: DEBUG dbcounter [-] [72037] Writing DB stats nova_cell0:SELECT=2,nova_cell0:INSERT=1 {{(pid=72037) stat_writer /opt/stack/data/venv/lib/python3.10/site-packages/dbcounter.py:115}}
Aug 25 14:27:40.742453 np0000032573 devstack@n-api.service[72037]: DEBUG nova.api.openstack.wsgi [None req-e0de413c-1818-49a2-ab27-beb71c6959fb admin admin] Action: 'create', calling method: <bound method FlavorExtraSpecsController.create of <nova.api.openstack.compute.flavors_extraspecs.FlavorExtraSpecsController object at 0x7f4397d48d00>>, body: {"extra_specs": {"hw_rng:allowed": "True"}} {{(pid=72037) _process_stack /opt/stack/nova/nova/api/openstack/wsgi.py:554}}
Aug 25 14:27:40.770207 np0000032573 devstack@n-api.service[72037]: INFO nova.api.openstack.requestlog [None req-e0de413c-1818-49a2-ab27-beb71c6959fb admin admin] 192.168.1.121 "POST /compute/v2.1/flavors/c1/os-extra_specs" status: 200 len: 43 microversion: 2.61 time: 0.103121
Aug 25 14:27:40.770959 np0000032573 devstack@n-api.service[72037]: [pid: 72037|app: 0|req: 3/6] 192.168.1.121 () {72 vars in 1473 bytes} [Mon Aug 25 14:27:40 2025] POST /compute/v2.1/flavors/c1/os-extra_specs => generated 43 bytes in 104 msecs (HTTP/1.1 200) 9 headers in 358 bytes (1 switches on core 0)
Aug 25 14:27:40.860461 np0000032573 devstack@n-api.service[72036]: DEBUG nova.api.openstack.wsgi [None req-02c63223-1f13-426e-b823-b63aef0087c8 admin admin] Calling method '<bound method VersionsV2.index of <nova.api.openstack.compute.versions.VersionsV2 object at 0x7f439935ab00>>' {{(pid=72036) _process_stack /opt/stack/nova/nova/api/openstack/wsgi.py:556}}
Aug 25 14:27:40.863403 np0000032573 devstack@n-api.service[72036]: INFO nova.api.openstack.requestlog [None req-02c63223-1f13-426e-b823-b63aef0087c8 admin admin] 192.168.1.121 "GET /compute/v2.1" status: 200 len: 392 microversion: 2.1 time: 0.003129
Aug 25 14:27:40.863575 np0000032573 devstack@n-api.service[72036]: [pid: 72036|app: 0|req: 4/7] 192.168.1.121 () {62 vars in 1068 bytes} [Mon Aug 25 14:27:40 2025] GET /compute/v2.1 => generated 392 bytes in 3 msecs (HTTP/1.1 200) 9 headers in 357 bytes (1 switches on core 0)
Aug 25 14:27:40.936075 np0000032573 devstack@n-api.service[72037]: DEBUG nova.api.openstack.wsgi [None req-f2daab03-c9f1-4bab-a575-2fd199fdafdf admin admin] Action: 'create', calling method: <bound method FlavorsController.create of <nova.api.openstack.compute.flavors.FlavorsController object at 0x7f4397d15c90>>, body: {"flavor": {"OS-FLV-EXT-DATA:ephemeral": 0, "rxtx_factor": 1.0, "os-flavor-access:is_public": true, "swap": 0, "disk": 5, "name": "ds512M", "id": "d1", "ram": 512, "vcpus": 1}} {{(pid=72037) _process_stack /opt/stack/nova/nova/api/openstack/wsgi.py:554}}
Aug 25 14:27:40.955252 np0000032573 devstack@n-api.service[72037]: INFO nova.api.openstack.requestlog [None req-f2daab03-c9f1-4bab-a575-2fd199fdafdf admin admin] 192.168.1.121 "POST /compute/v2.1/flavors" status: 200 len: 410 microversion: 2.61 time: 0.085528
Aug 25 14:27:40.955252 np0000032573 devstack@n-api.service[72037]: [pid: 72037|app: 0|req: 4/8] 192.168.1.121 () {72 vars in 1420 bytes} [Mon Aug 25 14:27:40 2025] POST /compute/v2.1/flavors => generated 410 bytes in 86 msecs (HTTP/1.1 200) 9 headers in 359 bytes (1 switches on core 0)
Aug 25 14:27:40.964194 np0000032573 devstack@n-api.service[72036]: DEBUG nova.api.openstack.wsgi [None req-c2294f2c-33c6-48f2-895e-78c8acaf8faa admin admin] Action: 'create', calling method: <bound method FlavorExtraSpecsController.create of <nova.api.openstack.compute.flavors_extraspecs.FlavorExtraSpecsController object at 0x7f4397d48f10>>, body: {"extra_specs": {"hw_rng:allowed": "True"}} {{(pid=72036) _process_stack /opt/stack/nova/nova/api/openstack/wsgi.py:554}}
Aug 25 14:27:40.982325 np0000032573 devstack@n-api.service[72036]: INFO nova.api.openstack.requestlog [None req-c2294f2c-33c6-48f2-895e-78c8acaf8faa admin admin] 192.168.1.121 "POST /compute/v2.1/flavors/d1/os-extra_specs" status: 200 len: 43 microversion: 2.61 time: 0.019814
Aug 25 14:27:40.982623 np0000032573 devstack@n-api.service[72036]: [pid: 72036|app: 0|req: 5/9] 192.168.1.121 () {72 vars in 1473 bytes} [Mon Aug 25 14:27:40 2025] POST /compute/v2.1/flavors/d1/os-extra_specs => generated 43 bytes in 20 msecs (HTTP/1.1 200) 9 headers in 358 bytes (1 switches on core 0)
Aug 25 14:27:41.073816 np0000032573 devstack@n-api.service[72037]: DEBUG nova.api.openstack.wsgi [None req-f2daab03-c9f1-4bab-a575-2fd199fdafdf admin admin] Calling method '<bound method VersionsV2.index of <nova.api.openstack.compute.versions.VersionsV2 object at 0x7f43991f3820>>' {{(pid=72037) _process_stack /opt/stack/nova/nova/api/openstack/wsgi.py:556}}
Aug 25 14:27:41.076519 np0000032573 devstack@n-api.service[72037]: INFO nova.api.openstack.requestlog [None req-f2daab03-c9f1-4bab-a575-2fd199fdafdf admin admin] 192.168.1.121 "GET /compute/v2.1" status: 200 len: 392 microversion: 2.1 time: 0.002875
Aug 25 14:27:41.076859 np0000032573 devstack@n-api.service[72037]: [pid: 72037|app: 0|req: 5/10] 192.168.1.121 () {62 vars in 1068 bytes} [Mon Aug 25 14:27:41 2025] GET /compute/v2.1 => generated 392 bytes in 3 msecs (HTTP/1.1 200) 9 headers in 357 bytes (1 switches on core 0)
Aug 25 14:27:41.105180 np0000032573 devstack@n-api.service[72036]: DEBUG nova.api.openstack.wsgi [None req-a071b479-169d-47bb-b821-e6ce2a2efd6d admin admin] Action: 'create', calling method: <bound method FlavorsController.create of <nova.api.openstack.compute.flavors.FlavorsController object at 0x7f4397d25ea0>>, body: {"flavor": {"OS-FLV-EXT-DATA:ephemeral": 0, "rxtx_factor": 1.0, "os-flavor-access:is_public": true, "swap": 0, "disk": 10, "name": "ds1G", "id": "d2", "ram": 1024, "vcpus": 1}} {{(pid=72036) _process_stack /opt/stack/nova/nova/api/openstack/wsgi.py:554}}
Aug 25 14:27:41.116377 np0000032573 devstack@n-api.service[72036]: INFO nova.api.openstack.requestlog [None req-a071b479-169d-47bb-b821-e6ce2a2efd6d admin admin] 192.168.1.121 "POST /compute/v2.1/flavors" status: 200 len: 410 microversion: 2.61 time: 0.033964
Aug 25 14:27:41.116660 np0000032573 devstack@n-api.service[72036]: [pid: 72036|app: 0|req: 6/11] 192.168.1.121 () {72 vars in 1420 bytes} [Mon Aug 25 14:27:41 2025] POST /compute/v2.1/flavors => generated 410 bytes in 34 msecs (HTTP/1.1 200) 9 headers in 359 bytes (1 switches on core 0)
Aug 25 14:27:41.125683 np0000032573 devstack@n-api.service[72037]: DEBUG nova.api.openstack.wsgi [None req-4c70c9f6-5afa-46d0-9074-61e0735744ab admin admin] Action: 'create', calling method: <bound method FlavorExtraSpecsController.create of <nova.api.openstack.compute.flavors_extraspecs.FlavorExtraSpecsController object at 0x7f4397d48d00>>, body: {"extra_specs": {"hw_rng:allowed": "True"}} {{(pid=72037) _process_stack /opt/stack/nova/nova/api/openstack/wsgi.py:554}}
Aug 25 14:27:41.139414 np0000032573 devstack@n-api.service[72037]: INFO nova.api.openstack.requestlog [None req-4c70c9f6-5afa-46d0-9074-61e0735744ab admin admin] 192.168.1.121 "POST /compute/v2.1/flavors/d2/os-extra_specs" status: 200 len: 43 microversion: 2.61 time: 0.015399
Aug 25 14:27:41.139659 np0000032573 devstack@n-api.service[72037]: [pid: 72037|app: 0|req: 6/12] 192.168.1.121 () {72 vars in 1473 bytes} [Mon Aug 25 14:27:41 2025] POST /compute/v2.1/flavors/d2/os-extra_specs => generated 43 bytes in 16 msecs (HTTP/1.1 200) 9 headers in 358 bytes (1 switches on core 0)
Aug 25 14:27:41.236986 np0000032573 devstack@n-api.service[72036]: DEBUG nova.api.openstack.wsgi [None req-a071b479-169d-47bb-b821-e6ce2a2efd6d admin admin] Calling method '<bound method VersionsV2.index of <nova.api.openstack.compute.versions.VersionsV2 object at 0x7f439935ab00>>' {{(pid=72036) _process_stack /opt/stack/nova/nova/api/openstack/wsgi.py:556}}
Aug 25 14:27:41.240678 np0000032573 devstack@n-api.service[72036]: INFO nova.api.openstack.requestlog [None req-a071b479-169d-47bb-b821-e6ce2a2efd6d admin admin] 192.168.1.121 "GET /compute/v2.1" status: 200 len: 392 microversion: 2.1 time: 0.003771
Aug 25 14:27:41.241617 np0000032573 devstack@n-api.service[72036]: [pid: 72036|app: 0|req: 7/13] 192.168.1.121 () {62 vars in 1068 bytes} [Mon Aug 25 14:27:41 2025] GET /compute/v2.1 => generated 392 bytes in 4 msecs (HTTP/1.1 200) 9 headers in 357 bytes (1 switches on core 0)
Aug 25 14:27:41.273742 np0000032573 devstack@n-api.service[72037]: DEBUG nova.api.openstack.wsgi [None req-f0da55f1-2cae-471e-9f15-eb8199119935 admin admin] Action: 'create', calling method: <bound method FlavorsController.create of <nova.api.openstack.compute.flavors.FlavorsController object at 0x7f4397d15c90>>, body: {"flavor": {"OS-FLV-EXT-DATA:ephemeral": 0, "rxtx_factor": 1.0, "os-flavor-access:is_public": true, "swap": 0, "disk": 10, "name": "ds2G", "id": "d3", "ram": 2048, "vcpus": 2}} {{(pid=72037) _process_stack /opt/stack/nova/nova/api/openstack/wsgi.py:554}}
Aug 25 14:27:41.285190 np0000032573 devstack@n-api.service[72037]: INFO nova.api.openstack.requestlog [None req-f0da55f1-2cae-471e-9f15-eb8199119935 admin admin] 192.168.1.121 "POST /compute/v2.1/flavors" status: 200 len: 410 microversion: 2.61 time: 0.037281
Aug 25 14:27:41.285462 np0000032573 devstack@n-api.service[72037]: [pid: 72037|app: 0|req: 7/14] 192.168.1.121 () {72 vars in 1420 bytes} [Mon Aug 25 14:27:41 2025] POST /compute/v2.1/flavors => generated 410 bytes in 38 msecs (HTTP/1.1 200) 9 headers in 359 bytes (1 switches on core 0)
Aug 25 14:27:41.295501 np0000032573 devstack@n-api.service[72036]: DEBUG nova.api.openstack.wsgi [None req-7a2e383b-6899-4576-95e0-723b9ec1b30c admin admin] Action: 'create', calling method: <bound method FlavorExtraSpecsController.create of <nova.api.openstack.compute.flavors_extraspecs.FlavorExtraSpecsController object at 0x7f4397d48f10>>, body: {"extra_specs": {"hw_rng:allowed": "True"}} {{(pid=72036) _process_stack /opt/stack/nova/nova/api/openstack/wsgi.py:554}}
Aug 25 14:27:41.309220 np0000032573 devstack@n-api.service[72036]: INFO nova.api.openstack.requestlog [None req-7a2e383b-6899-4576-95e0-723b9ec1b30c admin admin] 192.168.1.121 "POST /compute/v2.1/flavors/d3/os-extra_specs" status: 200 len: 43 microversion: 2.61 time: 0.015449
Aug 25 14:27:41.309502 np0000032573 devstack@n-api.service[72036]: [pid: 72036|app: 0|req: 8/15] 192.168.1.121 () {72 vars in 1473 bytes} [Mon Aug 25 14:27:41 2025] POST /compute/v2.1/flavors/d3/os-extra_specs => generated 43 bytes in 16 msecs (HTTP/1.1 200) 9 headers in 358 bytes (1 switches on core 0)
Aug 25 14:27:41.399286 np0000032573 devstack@n-api.service[72037]: DEBUG nova.api.openstack.wsgi [None req-f0da55f1-2cae-471e-9f15-eb8199119935 admin admin] Calling method '<bound method VersionsV2.index of <nova.api.openstack.compute.versions.VersionsV2 object at 0x7f43991f3820>>' {{(pid=72037) _process_stack /opt/stack/nova/nova/api/openstack/wsgi.py:556}}
Aug 25 14:27:41.402181 np0000032573 devstack@n-api.service[72037]: INFO nova.api.openstack.requestlog [None req-f0da55f1-2cae-471e-9f15-eb8199119935 admin admin] 192.168.1.121 "GET /compute/v2.1" status: 200 len: 392 microversion: 2.1 time: 0.003065
Aug 25 14:27:41.402360 np0000032573 devstack@n-api.service[72037]: [pid: 72037|app: 0|req: 8/16] 192.168.1.121 () {62 vars in 1068 bytes} [Mon Aug 25 14:27:41 2025] GET /compute/v2.1 => generated 392 bytes in 3 msecs (HTTP/1.1 200) 9 headers in 357 bytes (1 switches on core 0)
Aug 25 14:27:41.427169 np0000032573 devstack@n-api.service[72036]: DEBUG nova.api.openstack.wsgi [None req-3e10043a-109d-424f-bf24-8193eea8b762 admin admin] Action: 'create', calling method: <bound method FlavorsController.create of <nova.api.openstack.compute.flavors.FlavorsController object at 0x7f4397d25ea0>>, body: {"flavor": {"OS-FLV-EXT-DATA:ephemeral": 0, "rxtx_factor": 1.0, "os-flavor-access:is_public": true, "swap": 0, "disk": 20, "name": "ds4G", "id": "d4", "ram": 4096, "vcpus": 4}} {{(pid=72036) _process_stack /opt/stack/nova/nova/api/openstack/wsgi.py:554}}
Aug 25 14:27:41.438357 np0000032573 devstack@n-api.service[72036]: INFO nova.api.openstack.requestlog [None req-3e10043a-109d-424f-bf24-8193eea8b762 admin admin] 192.168.1.121 "POST /compute/v2.1/flavors" status: 200 len: 410 microversion: 2.61 time: 0.030401
Aug 25 14:27:41.438600 np0000032573 devstack@n-api.service[72036]: [pid: 72036|app: 0|req: 9/17] 192.168.1.121 () {72 vars in 1420 bytes} [Mon Aug 25 14:27:41 2025] POST /compute/v2.1/flavors => generated 410 bytes in 31 msecs (HTTP/1.1 200) 9 headers in 359 bytes (1 switches on core 0)
Aug 25 14:27:41.447553 np0000032573 devstack@n-api.service[72037]: DEBUG nova.api.openstack.wsgi [None req-ac0a0d2b-b462-456d-90f2-48532b74ea26 admin admin] Action: 'create', calling method: <bound method FlavorExtraSpecsController.create of <nova.api.openstack.compute.flavors_extraspecs.FlavorExtraSpecsController object at 0x7f4397d48d00>>, body: {"extra_specs": {"hw_rng:allowed": "True"}} {{(pid=72037) _process_stack /opt/stack/nova/nova/api/openstack/wsgi.py:554}}
Aug 25 14:27:41.460621 np0000032573 devstack@n-api.service[72037]: INFO nova.api.openstack.requestlog [None req-ac0a0d2b-b462-456d-90f2-48532b74ea26 admin admin] 192.168.1.121 "POST /compute/v2.1/flavors/d4/os-extra_specs" status: 200 len: 43 microversion: 2.61 time: 0.014782
Aug 25 14:27:41.461033 np0000032573 devstack@n-api.service[72037]: [pid: 72037|app: 0|req: 9/18] 192.168.1.121 () {72 vars in 1473 bytes} [Mon Aug 25 14:27:41 2025] POST /compute/v2.1/flavors/d4/os-extra_specs => generated 43 bytes in 15 msecs (HTTP/1.1 200) 9 headers in 358 bytes (1 switches on core 0)
Aug 25 14:27:41.554231 np0000032573 devstack@n-api.service[72036]: DEBUG nova.api.openstack.wsgi [None req-3e10043a-109d-424f-bf24-8193eea8b762 admin admin] Calling method '<bound method VersionsV2.index of <nova.api.openstack.compute.versions.VersionsV2 object at 0x7f439935ab00>>' {{(pid=72036) _process_stack /opt/stack/nova/nova/api/openstack/wsgi.py:556}}
Aug 25 14:27:41.556860 np0000032573 devstack@n-api.service[72036]: INFO nova.api.openstack.requestlog [None req-3e10043a-109d-424f-bf24-8193eea8b762 admin admin] 192.168.1.121 "GET /compute/v2.1" status: 200 len: 392 microversion: 2.1 time: 0.002842
Aug 25 14:27:41.557046 np0000032573 devstack@n-api.service[72036]: [pid: 72036|app: 0|req: 10/19] 192.168.1.121 () {62 vars in 1068 bytes} [Mon Aug 25 14:27:41 2025] GET /compute/v2.1 => generated 392 bytes in 3 msecs (HTTP/1.1 200) 9 headers in 357 bytes (1 switches on core 0)
Aug 25 14:27:41.582722 np0000032573 devstack@n-api.service[72037]: DEBUG nova.api.openstack.wsgi [None req-164e1a76-5b3f-456c-b3ac-756f61460b4b admin admin] Calling method '<bound method FlavorsController.detail of <nova.api.openstack.compute.flavors.FlavorsController object at 0x7f4397d16e30>>' {{(pid=72037) _process_stack /opt/stack/nova/nova/api/openstack/wsgi.py:556}}
Aug 25 14:27:41.596849 np0000032573 devstack@n-api.service[72037]: INFO nova.api.openstack.requestlog [None req-164e1a76-5b3f-456c-b3ac-756f61460b4b admin admin] 192.168.1.121 "GET /compute/v2.1/flavors/detail?is_public=True" status: 200 len: 2136 microversion: 2.61 time: 0.034113
Aug 25 14:27:41.597232 np0000032573 devstack@n-api.service[72037]: [pid: 72037|app: 0|req: 10/20] 192.168.1.121 () {68 vars in 1429 bytes} [Mon Aug 25 14:27:41 2025] GET /compute/v2.1/flavors/detail?is_public=True => generated 2136 bytes in 35 msecs (HTTP/1.1 200) 9 headers in 360 bytes (1 switches on core 0)
Aug 25 14:27:41.687131 np0000032573 devstack@n-api.service[72036]: DEBUG nova.api.openstack.wsgi [None req-3e10043a-109d-424f-bf24-8193eea8b762 admin admin] Calling method '<bound method VersionsV2.index of <nova.api.openstack.compute.versions.VersionsV2 object at 0x7f439935ab00>>' {{(pid=72036) _process_stack /opt/stack/nova/nova/api/openstack/wsgi.py:556}}
Aug 25 14:27:41.689770 np0000032573 devstack@n-api.service[72036]: INFO nova.api.openstack.requestlog [None req-3e10043a-109d-424f-bf24-8193eea8b762 admin admin] 192.168.1.121 "GET /compute/v2.1" status: 200 len: 392 microversion: 2.1 time: 0.002815
Aug 25 14:27:41.689949 np0000032573 devstack@n-api.service[72036]: [pid: 72036|app: 0|req: 11/21] 192.168.1.121 () {62 vars in 1068 bytes} [Mon Aug 25 14:27:41 2025] GET /compute/v2.1 => generated 392 bytes in 3 msecs (HTTP/1.1 200) 9 headers in 357 bytes (1 switches on core 0)
Aug 25 14:27:41.714217 np0000032573 devstack@n-api.service[72037]: DEBUG nova.api.openstack.wsgi [None req-0f8a4201-00de-443c-acbd-35130398f0fc admin admin] Action: 'create', calling method: <bound method FlavorsController.create of <nova.api.openstack.compute.flavors.FlavorsController object at 0x7f4397d15c90>>, body: {"flavor": {"OS-FLV-EXT-DATA:ephemeral": 0, "rxtx_factor": 1.0, "os-flavor-access:is_public": true, "swap": 0, "disk": 1, "name": "m1.tiny", "id": "1", "ram": 512, "vcpus": 1}} {{(pid=72037) _process_stack /opt/stack/nova/nova/api/openstack/wsgi.py:554}}
Aug 25 14:27:41.725847 np0000032573 devstack@n-api.service[72037]: INFO nova.api.openstack.requestlog [None req-0f8a4201-00de-443c-acbd-35130398f0fc admin admin] 192.168.1.121 "POST /compute/v2.1/flavors" status: 200 len: 408 microversion: 2.61 time: 0.030524
Aug 25 14:27:41.726101 np0000032573 devstack@n-api.service[72037]: [pid: 72037|app: 0|req: 11/22] 192.168.1.121 () {72 vars in 1420 bytes} [Mon Aug 25 14:27:41 2025] POST /compute/v2.1/flavors => generated 408 bytes in 31 msecs (HTTP/1.1 200) 9 headers in 359 bytes (1 switches on core 0)
Aug 25 14:27:41.734980 np0000032573 devstack@n-api.service[72036]: DEBUG nova.api.openstack.wsgi [None req-7d6ec069-0292-4d38-ad64-768ef47db18d admin admin] Action: 'create', calling method: <bound method FlavorExtraSpecsController.create of <nova.api.openstack.compute.flavors_extraspecs.FlavorExtraSpecsController object at 0x7f4397d48f10>>, body: {"extra_specs": {"hw_rng:allowed": "True"}} {{(pid=72036) _process_stack /opt/stack/nova/nova/api/openstack/wsgi.py:554}}
Aug 25 14:27:41.748292 np0000032573 devstack@n-api.service[72036]: INFO nova.api.openstack.requestlog [None req-7d6ec069-0292-4d38-ad64-768ef47db18d admin admin] 192.168.1.121 "POST /compute/v2.1/flavors/1/os-extra_specs" status: 200 len: 43 microversion: 2.61 time: 0.015141
Aug 25 14:27:41.748696 np0000032573 devstack@n-api.service[72036]: [pid: 72036|app: 0|req: 12/23] 192.168.1.121 () {72 vars in 1470 bytes} [Mon Aug 25 14:27:41 2025] POST /compute/v2.1/flavors/1/os-extra_specs => generated 43 bytes in 16 msecs (HTTP/1.1 200) 9 headers in 358 bytes (1 switches on core 0)
Aug 25 14:27:41.842583 np0000032573 devstack@n-api.service[72037]: DEBUG nova.api.openstack.wsgi [None req-0f8a4201-00de-443c-acbd-35130398f0fc admin admin] Calling method '<bound method VersionsV2.index of <nova.api.openstack.compute.versions.VersionsV2 object at 0x7f43991f3820>>' {{(pid=72037) _process_stack /opt/stack/nova/nova/api/openstack/wsgi.py:556}}
Aug 25 14:27:41.845201 np0000032573 devstack@n-api.service[72037]: INFO nova.api.openstack.requestlog [None req-0f8a4201-00de-443c-acbd-35130398f0fc admin admin] 192.168.1.121 "GET /compute/v2.1" status: 200 len: 392 microversion: 2.1 time: 0.002843
Aug 25 14:27:41.845395 np0000032573 devstack@n-api.service[72037]: [pid: 72037|app: 0|req: 12/24] 192.168.1.121 () {62 vars in 1068 bytes} [Mon Aug 25 14:27:41 2025] GET /compute/v2.1 => generated 392 bytes in 3 msecs (HTTP/1.1 200) 9 headers in 357 bytes (1 switches on core 0)
Aug 25 14:27:41.871736 np0000032573 devstack@n-api.service[72036]: DEBUG nova.api.openstack.wsgi [None req-b326beec-5299-4d0a-a07b-119b97060341 admin admin] Action: 'create', calling method: <bound method FlavorsController.create of <nova.api.openstack.compute.flavors.FlavorsController object at 0x7f4397d25ea0>>, body: {"flavor": {"OS-FLV-EXT-DATA:ephemeral": 0, "rxtx_factor": 1.0, "os-flavor-access:is_public": true, "swap": 0, "disk": 20, "name": "m1.small", "id": "2", "ram": 2048, "vcpus": 1}} {{(pid=72036) _process_stack /opt/stack/nova/nova/api/openstack/wsgi.py:554}}
Aug 25 14:27:41.883513 np0000032573 devstack@n-api.service[72036]: INFO nova.api.openstack.requestlog [None req-b326beec-5299-4d0a-a07b-119b97060341 admin admin] 192.168.1.121 "POST /compute/v2.1/flavors" status: 200 len: 411 microversion: 2.61 time: 0.032191
Aug 25 14:27:41.883759 np0000032573 devstack@n-api.service[72036]: [pid: 72036|app: 0|req: 13/25] 192.168.1.121 () {72 vars in 1420 bytes} [Mon Aug 25 14:27:41 2025] POST /compute/v2.1/flavors => generated 411 bytes in 33 msecs (HTTP/1.1 200) 9 headers in 359 bytes (2 switches on core 0)
Aug 25 14:27:41.893645 np0000032573 devstack@n-api.service[72037]: DEBUG nova.api.openstack.wsgi [None req-e7e6d51a-775f-47c6-9ec3-66d6a1dc9dc4 admin admin] Action: 'create', calling method: <bound method FlavorExtraSpecsController.create of <nova.api.openstack.compute.flavors_extraspecs.FlavorExtraSpecsController object at 0x7f4397d48d00>>, body: {"extra_specs": {"hw_rng:allowed": "True"}} {{(pid=72037) _process_stack /opt/stack/nova/nova/api/openstack/wsgi.py:554}}
Aug 25 14:27:41.914659 np0000032573 devstack@n-api.service[72037]: INFO nova.api.openstack.requestlog [None req-e7e6d51a-775f-47c6-9ec3-66d6a1dc9dc4 admin admin] 192.168.1.121 "POST /compute/v2.1/flavors/2/os-extra_specs" status: 200 len: 43 microversion: 2.61 time: 0.022728
Aug 25 14:27:41.915145 np0000032573 devstack@n-api.service[72037]: [pid: 72037|app: 0|req: 13/26] 192.168.1.121 () {72 vars in 1470 bytes} [Mon Aug 25 14:27:41 2025] POST /compute/v2.1/flavors/2/os-extra_specs => generated 43 bytes in 23 msecs (HTTP/1.1 200) 9 headers in 358 bytes (1 switches on core 0)
Aug 25 14:27:42.008180 np0000032573 devstack@n-api.service[72036]: DEBUG nova.api.openstack.wsgi [None req-b326beec-5299-4d0a-a07b-119b97060341 admin admin] Calling method '<bound method VersionsV2.index of <nova.api.openstack.compute.versions.VersionsV2 object at 0x7f439935ab00>>' {{(pid=72036) _process_stack /opt/stack/nova/nova/api/openstack/wsgi.py:556}}
Aug 25 14:27:42.011158 np0000032573 devstack@n-api.service[72036]: INFO nova.api.openstack.requestlog [None req-b326beec-5299-4d0a-a07b-119b97060341 admin admin] 192.168.1.121 "GET /compute/v2.1" status: 200 len: 392 microversion: 2.1 time: 0.003125
Aug 25 14:27:42.011313 np0000032573 devstack@n-api.service[72036]: [pid: 72036|app: 0|req: 14/27] 192.168.1.121 () {62 vars in 1068 bytes} [Mon Aug 25 14:27:42 2025] GET /compute/v2.1 => generated 392 bytes in 3 msecs (HTTP/1.1 200) 9 headers in 357 bytes (1 switches on core 0)
