Aug 11 09:25:01.715141 np0000032520 devstack@n-api.service[69898]: DEBUG oslo_db.sqlalchemy.engines [None req-f650a188-05c9-4fd7-9d97-4302bb4cb099 None None] MySQL server mode set to STRICT_TRANS_TABLES,STRICT_ALL_TABLES,NO_ZERO_IN_DATE,NO_ZERO_DATE,ERROR_FOR_DIVISION_BY_ZERO,TRADITIONAL,NO_ENGINE_SUBSTITUTION {{(pid=69898) _check_effective_sql_mode /opt/stack/data/venv/lib/python3.10/site-packages/oslo_db/sqlalchemy/engines.py:342}}
Aug 11 09:25:01.715494 np0000032520 devstack@n-api.service[69898]: DEBUG dbcounter [-] [69898] Writer thread running {{(pid=69898) stat_writer /opt/stack/data/venv/lib/python3.10/site-packages/dbcounter.py:102}}
Aug 11 09:25:01.719252 np0000032520 devstack@n-api.service[69897]: DEBUG dbcounter [-] [69897] Writer thread running {{(pid=69897) stat_writer /opt/stack/data/venv/lib/python3.10/site-packages/dbcounter.py:102}}
Aug 11 09:25:01.719341 np0000032520 devstack@n-api.service[69898]: DEBUG dbcounter [-] [69898] Writer thread running {{(pid=69898) stat_writer /opt/stack/data/venv/lib/python3.10/site-packages/dbcounter.py:102}}
Aug 11 09:25:01.721532 np0000032520 devstack@n-api.service[69898]: INFO dbcounter [None req-f650a188-05c9-4fd7-9d97-4302bb4cb099 None None] Registered counter for database nova_cell0
Aug 11 09:25:01.722282 np0000032520 devstack@n-api.service[69897]: DEBUG dbcounter [-] [69897] Writer thread running {{(pid=69897) stat_writer /opt/stack/data/venv/lib/python3.10/site-packages/dbcounter.py:102}}
Aug 11 09:25:01.724300 np0000032520 devstack@n-api.service[69897]: INFO dbcounter [None req-c2fbfd54-42e9-437f-bf38-64ba7d620ac6 None None] Registered counter for database nova_cell0
Aug 11 09:25:01.725548 np0000032520 devstack@n-api.service[69898]: DEBUG oslo_db.sqlalchemy.engines [None req-f650a188-05c9-4fd7-9d97-4302bb4cb099 None None] MySQL server mode set to STRICT_TRANS_TABLES,STRICT_ALL_TABLES,NO_ZERO_IN_DATE,NO_ZERO_DATE,ERROR_FOR_DIVISION_BY_ZERO,TRADITIONAL,NO_ENGINE_SUBSTITUTION {{(pid=69898) _check_effective_sql_mode /opt/stack/data/venv/lib/python3.10/site-packages/oslo_db/sqlalchemy/engines.py:342}}
Aug 11 09:25:01.728114 np0000032520 devstack@n-api.service[69897]: DEBUG oslo_db.sqlalchemy.engines [None req-c2fbfd54-42e9-437f-bf38-64ba7d620ac6 None None] MySQL server mode set to STRICT_TRANS_TABLES,STRICT_ALL_TABLES,NO_ZERO_IN_DATE,NO_ZERO_DATE,ERROR_FOR_DIVISION_BY_ZERO,TRADITIONAL,NO_ENGINE_SUBSTITUTION {{(pid=69897) _check_effective_sql_mode /opt/stack/data/venv/lib/python3.10/site-packages/oslo_db/sqlalchemy/engines.py:342}}
Aug 11 09:25:01.729566 np0000032520 devstack@n-api.service[69898]: DEBUG dbcounter [-] [69898] Writer thread running {{(pid=69898) stat_writer /opt/stack/data/venv/lib/python3.10/site-packages/dbcounter.py:102}}
Aug 11 09:25:01.732184 np0000032520 devstack@n-api.service[69897]: DEBUG dbcounter [-] [69897] Writer thread running {{(pid=69897) stat_writer /opt/stack/data/venv/lib/python3.10/site-packages/dbcounter.py:102}}
Aug 11 09:25:02.037286 np0000032520 devstack@n-api.service[69898]: DEBUG oslo_concurrency.processutils [None req-f650a188-05c9-4fd7-9d97-4302bb4cb099 None None] Running cmd (subprocess): grep -F node.session.scan /sbin/iscsiadm {{(pid=69898) execute /opt/stack/data/venv/lib/python3.10/site-packages/oslo_concurrency/processutils.py:390}}
Aug 11 09:25:02.041021 np0000032520 devstack@n-api.service[69897]: DEBUG oslo_concurrency.processutils [None req-c2fbfd54-42e9-437f-bf38-64ba7d620ac6 None None] Running cmd (subprocess): grep -F node.session.scan /sbin/iscsiadm {{(pid=69897) execute /opt/stack/data/venv/lib/python3.10/site-packages/oslo_concurrency/processutils.py:390}}
Aug 11 09:25:02.044273 np0000032520 devstack@n-api.service[69898]: DEBUG oslo_concurrency.processutils [None req-f650a188-05c9-4fd7-9d97-4302bb4cb099 None None] CMD "grep -F node.session.scan /sbin/iscsiadm" returned: 0 in 0.007s {{(pid=69898) execute /opt/stack/data/venv/lib/python3.10/site-packages/oslo_concurrency/processutils.py:428}}
Aug 11 09:25:02.048552 np0000032520 devstack@n-api.service[69897]: DEBUG oslo_concurrency.processutils [None req-c2fbfd54-42e9-437f-bf38-64ba7d620ac6 None None] CMD "grep -F node.session.scan /sbin/iscsiadm" returned: 0 in 0.007s {{(pid=69897) execute /opt/stack/data/venv/lib/python3.10/site-packages/oslo_concurrency/processutils.py:428}}
Aug 11 09:25:02.364006 np0000032520 devstack@n-api.service[69898]: WARNING keystonemiddleware.auth_token [None req-f650a188-05c9-4fd7-9d97-4302bb4cb099 None None] AuthToken middleware is set with keystone_authtoken.service_token_roles_required set to False. This is backwards compatible but deprecated behaviour. Please set this to True.
Aug 11 09:25:02.364935 np0000032520 devstack@n-api.service[69897]: WARNING keystonemiddleware.auth_token [None req-c2fbfd54-42e9-437f-bf38-64ba7d620ac6 None None] AuthToken middleware is set with keystone_authtoken.service_token_roles_required set to False. This is backwards compatible but deprecated behaviour. Please set this to True.
Aug 11 09:25:02.367502 np0000032520 devstack@n-api.service[69898]: WARNING keystonemiddleware.auth_token [None req-f650a188-05c9-4fd7-9d97-4302bb4cb099 None None] Configuring www_authenticate_uri to point to the public identity endpoint is required; clients may not be able to authenticate against an admin endpoint
Aug 11 09:25:02.368387 np0000032520 devstack@n-api.service[69897]: WARNING keystonemiddleware.auth_token [None req-c2fbfd54-42e9-437f-bf38-64ba7d620ac6 None None] Configuring www_authenticate_uri to point to the public identity endpoint is required; clients may not be able to authenticate against an admin endpoint
Aug 11 09:25:02.437694 np0000032520 devstack@n-api.service[69898]: WARNING keystonemiddleware.auth_token [None req-f650a188-05c9-4fd7-9d97-4302bb4cb099 None None] AuthToken middleware is set with keystone_authtoken.service_token_roles_required set to False. This is backwards compatible but deprecated behaviour. Please set this to True.
Aug 11 09:25:02.438455 np0000032520 devstack@n-api.service[69897]: WARNING keystonemiddleware.auth_token [None req-c2fbfd54-42e9-437f-bf38-64ba7d620ac6 None None] AuthToken middleware is set with keystone_authtoken.service_token_roles_required set to False. This is backwards compatible but deprecated behaviour. Please set this to True.
Aug 11 09:25:02.439824 np0000032520 devstack@n-api.service[69898]: WARNING keystonemiddleware.auth_token [None req-f650a188-05c9-4fd7-9d97-4302bb4cb099 None None] Configuring www_authenticate_uri to point to the public identity endpoint is required; clients may not be able to authenticate against an admin endpoint
Aug 11 09:25:02.440560 np0000032520 devstack@n-api.service[69897]: WARNING keystonemiddleware.auth_token [None req-c2fbfd54-42e9-437f-bf38-64ba7d620ac6 None None] Configuring www_authenticate_uri to point to the public identity endpoint is required; clients may not be able to authenticate against an admin endpoint
Aug 11 09:25:02.441683 np0000032520 devstack@n-api.service[69898]: WSGI app 0 (mountpoint='') ready in 2 seconds on interpreter 0x561f557a1d70 pid: 69898 (default app)
Aug 11 09:25:02.442403 np0000032520 devstack@n-api.service[69897]: WSGI app 0 (mountpoint='') ready in 2 seconds on interpreter 0x561f557a1d70 pid: 69897 (default app)
Aug 11 09:25:02.442602 np0000032520 devstack@n-api.service[69898]: DEBUG nova.api.openstack.wsgi [None req-f650a188-05c9-4fd7-9d97-4302bb4cb099 None None] Calling method '<bound method VersionsV2.index of <nova.api.openstack.compute.versions.VersionsV2 object at 0x7f2c70813b50>>' {{(pid=69898) _process_stack /opt/stack/nova/nova/api/openstack/wsgi.py:520}}
Aug 11 09:25:02.444249 np0000032520 devstack@n-api.service[69898]: INFO nova.api.openstack.requestlog [None req-f650a188-05c9-4fd7-9d97-4302bb4cb099 None None] 192.168.1.112 "GET /compute/v2.1/" status: 200 len: 390 microversion: 2.1 time: 0.001873
Aug 11 09:25:02.444432 np0000032520 devstack@n-api.service[69898]: [pid: 69898|app: 0|req: 1/1] 192.168.1.112 () {50 vars in 783 bytes} [Mon Aug 11 09:25:02 2025] GET /compute/v2.1/ => generated 390 bytes in 2 msecs (HTTP/1.1 200) 9 headers in 357 bytes (1 switches on core 0)
Aug 11 09:25:39.658788 np0000032520 devstack@n-api.service[69897]: DEBUG nova.api.openstack.wsgi [None req-c2fbfd54-42e9-437f-bf38-64ba7d620ac6 None None] Calling method '<bound method VersionsV2.index of <nova.api.openstack.compute.versions.VersionsV2 object at 0x7f2c70813940>>' {{(pid=69897) _process_stack /opt/stack/nova/nova/api/openstack/wsgi.py:520}}
Aug 11 09:25:39.660684 np0000032520 devstack@n-api.service[69897]: INFO nova.api.openstack.requestlog [None req-c2fbfd54-42e9-437f-bf38-64ba7d620ac6 None None] 192.168.1.112 "GET /compute/v2.1" status: 200 len: 391 microversion: 2.1 time: 0.002336
Aug 11 09:25:39.660863 np0000032520 devstack@n-api.service[69897]: [pid: 69897|app: 0|req: 1/2] 192.168.1.112 () {62 vars in 1067 bytes} [Mon Aug 11 09:25:39 2025] GET /compute/v2.1 => generated 391 bytes in 3 msecs (HTTP/1.1 200) 9 headers in 357 bytes (1 switches on core 0)
Aug 11 09:25:39.669708 np0000032520 devstack@n-api.service[69898]: DEBUG dbcounter [-] [69898] Writing DB stats nova_api:SELECT=1 {{(pid=69898) stat_writer /opt/stack/data/venv/lib/python3.10/site-packages/dbcounter.py:115}}
Aug 11 09:25:39.670275 np0000032520 devstack@n-api.service[69898]: DEBUG dbcounter [-] [69898] Writing DB stats nova_cell0:SELECT=1 {{(pid=69898) stat_writer /opt/stack/data/venv/lib/python3.10/site-packages/dbcounter.py:115}}
Aug 11 09:25:39.670648 np0000032520 devstack@n-api.service[69898]: DEBUG dbcounter [-] [69898] Writing DB stats nova_cell1:SELECT=1 {{(pid=69898) stat_writer /opt/stack/data/venv/lib/python3.10/site-packages/dbcounter.py:115}}
Aug 11 09:25:39.671159 np0000032520 devstack@n-api.service[69898]: DEBUG dbcounter [-] [69898] Writing DB stats nova_cell0:SELECT=2,nova_cell0:INSERT=1 {{(pid=69898) stat_writer /opt/stack/data/venv/lib/python3.10/site-packages/dbcounter.py:115}}
Aug 11 09:25:39.792623 np0000032520 devstack@n-api.service[69898]: DEBUG nova.api.openstack.wsgi [None req-0c854ba6-83ec-41e4-b163-922ae80878c6 admin admin] Calling method '<bound method FlavorsController.detail of <nova.api.openstack.compute.flavors.FlavorsController object at 0x7f2c7030a140>>' {{(pid=69898) _process_stack /opt/stack/nova/nova/api/openstack/wsgi.py:520}}
Aug 11 09:25:39.815127 np0000032520 devstack@n-api.service[69898]: INFO nova.api.openstack.requestlog [None req-0c854ba6-83ec-41e4-b163-922ae80878c6 admin admin] 192.168.1.112 "GET /compute/v2.1/flavors/detail?is_public=True" status: 200 len: 15 microversion: 2.61 time: 0.148262
Aug 11 09:25:39.815377 np0000032520 devstack@n-api.service[69898]: [pid: 69898|app: 0|req: 2/3] 192.168.1.112 () {68 vars in 1428 bytes} [Mon Aug 11 09:25:39 2025] GET /compute/v2.1/flavors/detail?is_public=True => generated 15 bytes in 149 msecs (HTTP/1.1 200) 9 headers in 358 bytes (1 switches on core 0)
Aug 11 09:25:39.901601 np0000032520 devstack@n-api.service[69897]: DEBUG nova.api.openstack.wsgi [None req-c2fbfd54-42e9-437f-bf38-64ba7d620ac6 None None] Calling method '<bound method VersionsV2.index of <nova.api.openstack.compute.versions.VersionsV2 object at 0x7f2c70813940>>' {{(pid=69897) _process_stack /opt/stack/nova/nova/api/openstack/wsgi.py:520}}
Aug 11 09:25:39.903159 np0000032520 devstack@n-api.service[69897]: INFO nova.api.openstack.requestlog [None req-c2fbfd54-42e9-437f-bf38-64ba7d620ac6 None None] 192.168.1.112 "GET /compute/v2.1" status: 200 len: 391 microversion: 2.1 time: 0.001762
Aug 11 09:25:39.903354 np0000032520 devstack@n-api.service[69897]: [pid: 69897|app: 0|req: 2/4] 192.168.1.112 () {62 vars in 1067 bytes} [Mon Aug 11 09:25:39 2025] GET /compute/v2.1 => generated 391 bytes in 2 msecs (HTTP/1.1 200) 9 headers in 357 bytes (1 switches on core 0)
Aug 11 09:25:39.929515 np0000032520 devstack@n-api.service[69898]: DEBUG nova.api.openstack.wsgi [None req-bb479a12-27d7-417e-8e1a-c2c885fd5d9d admin admin] Action: 'create', calling method: <bound method FlavorsController.create of <nova.api.openstack.compute.flavors.FlavorsController object at 0x7f2c70309ba0>>, body: {"flavor": {"swap": 0, "disk": 1, "name": "cirros256", "ram": 256, "id": "c1", "rxtx_factor": 1.0, "OS-FLV-EXT-DATA:ephemeral": 0, "os-flavor-access:is_public": true, "vcpus": 1}} {{(pid=69898) _process_stack /opt/stack/nova/nova/api/openstack/wsgi.py:518}}
Aug 11 09:25:39.952819 np0000032520 devstack@n-api.service[69898]: INFO nova.api.openstack.requestlog [None req-bb479a12-27d7-417e-8e1a-c2c885fd5d9d admin admin] 192.168.1.112 "POST /compute/v2.1/flavors" status: 200 len: 413 microversion: 2.61 time: 0.043427
Aug 11 09:25:39.953111 np0000032520 devstack@n-api.service[69898]: [pid: 69898|app: 0|req: 3/5] 192.168.1.112 () {72 vars in 1419 bytes} [Mon Aug 11 09:25:39 2025] POST /compute/v2.1/flavors => generated 413 bytes in 44 msecs (HTTP/1.1 200) 9 headers in 359 bytes (1 switches on core 0)
Aug 11 09:25:39.964326 np0000032520 devstack@n-api.service[69897]: DEBUG dbcounter [-] [69897] Writing DB stats nova_api:SELECT=1 {{(pid=69897) stat_writer /opt/stack/data/venv/lib/python3.10/site-packages/dbcounter.py:115}}
Aug 11 09:25:39.965087 np0000032520 devstack@n-api.service[69897]: DEBUG dbcounter [-] [69897] Writing DB stats nova_cell0:SELECT=1 {{(pid=69897) stat_writer /opt/stack/data/venv/lib/python3.10/site-packages/dbcounter.py:115}}
Aug 11 09:25:39.965445 np0000032520 devstack@n-api.service[69897]: DEBUG dbcounter [-] [69897] Writing DB stats nova_cell1:SELECT=1 {{(pid=69897) stat_writer /opt/stack/data/venv/lib/python3.10/site-packages/dbcounter.py:115}}
Aug 11 09:25:39.965774 np0000032520 devstack@n-api.service[69897]: DEBUG dbcounter [-] [69897] Writing DB stats nova_cell0:SELECT=2,nova_cell0:INSERT=1 {{(pid=69897) stat_writer /opt/stack/data/venv/lib/python3.10/site-packages/dbcounter.py:115}}
Aug 11 09:25:40.034574 np0000032520 devstack@n-api.service[69897]: DEBUG nova.api.openstack.wsgi [None req-4a609a42-0c6b-49af-ba8d-a1629d709be3 admin admin] Action: 'create', calling method: <bound method FlavorExtraSpecsController.create of <nova.api.openstack.compute.flavors_extraspecs.FlavorExtraSpecsController object at 0x7f2c70306a10>>, body: {"extra_specs": {"hw_rng:allowed": "True"}} {{(pid=69897) _process_stack /opt/stack/nova/nova/api/openstack/wsgi.py:518}}
Aug 11 09:25:40.064193 np0000032520 devstack@n-api.service[69897]: INFO nova.api.openstack.requestlog [None req-4a609a42-0c6b-49af-ba8d-a1629d709be3 admin admin] 192.168.1.112 "POST /compute/v2.1/flavors/c1/os-extra_specs" status: 200 len: 43 microversion: 2.61 time: 0.102638
Aug 11 09:25:40.064460 np0000032520 devstack@n-api.service[69897]: [pid: 69897|app: 0|req: 3/6] 192.168.1.112 () {72 vars in 1472 bytes} [Mon Aug 11 09:25:39 2025] POST /compute/v2.1/flavors/c1/os-extra_specs => generated 43 bytes in 103 msecs (HTTP/1.1 200) 9 headers in 358 bytes (1 switches on core 0)
Aug 11 09:25:40.153104 np0000032520 devstack@n-api.service[69898]: DEBUG nova.api.openstack.wsgi [None req-bb479a12-27d7-417e-8e1a-c2c885fd5d9d admin admin] Calling method '<bound method VersionsV2.index of <nova.api.openstack.compute.versions.VersionsV2 object at 0x7f2c70813b50>>' {{(pid=69898) _process_stack /opt/stack/nova/nova/api/openstack/wsgi.py:520}}
Aug 11 09:25:40.154709 np0000032520 devstack@n-api.service[69898]: INFO nova.api.openstack.requestlog [None req-bb479a12-27d7-417e-8e1a-c2c885fd5d9d admin admin] 192.168.1.112 "GET /compute/v2.1" status: 200 len: 391 microversion: 2.1 time: 0.001781
Aug 11 09:25:40.154888 np0000032520 devstack@n-api.service[69898]: [pid: 69898|app: 0|req: 4/7] 192.168.1.112 () {62 vars in 1067 bytes} [Mon Aug 11 09:25:40 2025] GET /compute/v2.1 => generated 391 bytes in 2 msecs (HTTP/1.1 200) 9 headers in 357 bytes (1 switches on core 0)
Aug 11 09:25:40.213715 np0000032520 devstack@n-api.service[69897]: DEBUG nova.api.openstack.wsgi [None req-7d907400-4429-41e4-947c-b8427a2bf5d4 admin admin] Action: 'create', calling method: <bound method FlavorsController.create of <nova.api.openstack.compute.flavors.FlavorsController object at 0x7f2c70305900>>, body: {"flavor": {"swap": 0, "disk": 5, "name": "ds512M", "ram": 512, "id": "d1", "rxtx_factor": 1.0, "OS-FLV-EXT-DATA:ephemeral": 0, "os-flavor-access:is_public": true, "vcpus": 1}} {{(pid=69897) _process_stack /opt/stack/nova/nova/api/openstack/wsgi.py:518}}
Aug 11 09:25:40.230139 np0000032520 devstack@n-api.service[69897]: INFO nova.api.openstack.requestlog [None req-7d907400-4429-41e4-947c-b8427a2bf5d4 admin admin] 192.168.1.112 "POST /compute/v2.1/flavors" status: 200 len: 410 microversion: 2.61 time: 0.069881
Aug 11 09:25:40.230396 np0000032520 devstack@n-api.service[69897]: [pid: 69897|app: 0|req: 4/8] 192.168.1.112 () {72 vars in 1419 bytes} [Mon Aug 11 09:25:40 2025] POST /compute/v2.1/flavors => generated 410 bytes in 70 msecs (HTTP/1.1 200) 9 headers in 359 bytes (1 switches on core 0)
Aug 11 09:25:40.239282 np0000032520 devstack@n-api.service[69898]: DEBUG nova.api.openstack.wsgi [None req-71136c44-2401-4872-b3ac-70f01bd6b683 admin admin] Action: 'create', calling method: <bound method FlavorExtraSpecsController.create of <nova.api.openstack.compute.flavors_extraspecs.FlavorExtraSpecsController object at 0x7f2c7030ae60>>, body: {"extra_specs": {"hw_rng:allowed": "True"}} {{(pid=69898) _process_stack /opt/stack/nova/nova/api/openstack/wsgi.py:518}}
Aug 11 09:25:40.256145 np0000032520 devstack@n-api.service[69898]: INFO nova.api.openstack.requestlog [None req-71136c44-2401-4872-b3ac-70f01bd6b683 admin admin] 192.168.1.112 "POST /compute/v2.1/flavors/d1/os-extra_specs" status: 200 len: 43 microversion: 2.61 time: 0.018316
Aug 11 09:25:40.256746 np0000032520 devstack@n-api.service[69898]: [pid: 69898|app: 0|req: 5/9] 192.168.1.112 () {72 vars in 1472 bytes} [Mon Aug 11 09:25:40 2025] POST /compute/v2.1/flavors/d1/os-extra_specs => generated 43 bytes in 19 msecs (HTTP/1.1 200) 9 headers in 358 bytes (1 switches on core 0)
Aug 11 09:25:40.347294 np0000032520 devstack@n-api.service[69897]: DEBUG nova.api.openstack.wsgi [None req-7d907400-4429-41e4-947c-b8427a2bf5d4 admin admin] Calling method '<bound method VersionsV2.index of <nova.api.openstack.compute.versions.VersionsV2 object at 0x7f2c70813940>>' {{(pid=69897) _process_stack /opt/stack/nova/nova/api/openstack/wsgi.py:520}}
Aug 11 09:25:40.348853 np0000032520 devstack@n-api.service[69897]: INFO nova.api.openstack.requestlog [None req-7d907400-4429-41e4-947c-b8427a2bf5d4 admin admin] 192.168.1.112 "GET /compute/v2.1" status: 200 len: 391 microversion: 2.1 time: 0.001756
Aug 11 09:25:40.349037 np0000032520 devstack@n-api.service[69897]: [pid: 69897|app: 0|req: 5/10] 192.168.1.112 () {62 vars in 1067 bytes} [Mon Aug 11 09:25:40 2025] GET /compute/v2.1 => generated 391 bytes in 2 msecs (HTTP/1.1 200) 9 headers in 357 bytes (1 switches on core 0)
Aug 11 09:25:40.379824 np0000032520 devstack@n-api.service[69898]: DEBUG nova.api.openstack.wsgi [None req-3b123d17-f600-4a2b-9612-3eb10b17537c admin admin] Action: 'create', calling method: <bound method FlavorsController.create of <nova.api.openstack.compute.flavors.FlavorsController object at 0x7f2c70309ba0>>, body: {"flavor": {"swap": 0, "disk": 10, "name": "ds1G", "ram": 1024, "id": "d2", "rxtx_factor": 1.0, "OS-FLV-EXT-DATA:ephemeral": 0, "os-flavor-access:is_public": true, "vcpus": 1}} {{(pid=69898) _process_stack /opt/stack/nova/nova/api/openstack/wsgi.py:518}}
Aug 11 09:25:40.389621 np0000032520 devstack@n-api.service[69898]: INFO nova.api.openstack.requestlog [None req-3b123d17-f600-4a2b-9612-3eb10b17537c admin admin] 192.168.1.112 "POST /compute/v2.1/flavors" status: 200 len: 410 microversion: 2.61 time: 0.034662
Aug 11 09:25:40.389858 np0000032520 devstack@n-api.service[69898]: [pid: 69898|app: 0|req: 6/11] 192.168.1.112 () {72 vars in 1419 bytes} [Mon Aug 11 09:25:40 2025] POST /compute/v2.1/flavors => generated 410 bytes in 35 msecs (HTTP/1.1 200) 9 headers in 359 bytes (1 switches on core 0)
Aug 11 09:25:40.398690 np0000032520 devstack@n-api.service[69897]: DEBUG nova.api.openstack.wsgi [None req-22deb9ae-8af8-4832-8b4e-6c6d67c2ac3b admin admin] Action: 'create', calling method: <bound method FlavorExtraSpecsController.create of <nova.api.openstack.compute.flavors_extraspecs.FlavorExtraSpecsController object at 0x7f2c70306a10>>, body: {"extra_specs": {"hw_rng:allowed": "True"}} {{(pid=69897) _process_stack /opt/stack/nova/nova/api/openstack/wsgi.py:518}}
Aug 11 09:25:40.410269 np0000032520 devstack@n-api.service[69897]: INFO nova.api.openstack.requestlog [None req-22deb9ae-8af8-4832-8b4e-6c6d67c2ac3b admin admin] 192.168.1.112 "POST /compute/v2.1/flavors/d2/os-extra_specs" status: 200 len: 43 microversion: 2.61 time: 0.013273
Aug 11 09:25:40.410522 np0000032520 devstack@n-api.service[69897]: [pid: 69897|app: 0|req: 6/12] 192.168.1.112 () {72 vars in 1472 bytes} [Mon Aug 11 09:25:40 2025] POST /compute/v2.1/flavors/d2/os-extra_specs => generated 43 bytes in 14 msecs (HTTP/1.1 200) 9 headers in 358 bytes (1 switches on core 0)
Aug 11 09:25:40.502061 np0000032520 devstack@n-api.service[69898]: DEBUG nova.api.openstack.wsgi [None req-3b123d17-f600-4a2b-9612-3eb10b17537c admin admin] Calling method '<bound method VersionsV2.index of <nova.api.openstack.compute.versions.VersionsV2 object at 0x7f2c70813b50>>' {{(pid=69898) _process_stack /opt/stack/nova/nova/api/openstack/wsgi.py:520}}
Aug 11 09:25:40.503630 np0000032520 devstack@n-api.service[69898]: INFO nova.api.openstack.requestlog [None req-3b123d17-f600-4a2b-9612-3eb10b17537c admin admin] 192.168.1.112 "GET /compute/v2.1" status: 200 len: 391 microversion: 2.1 time: 0.001759
Aug 11 09:25:40.503808 np0000032520 devstack@n-api.service[69898]: [pid: 69898|app: 0|req: 7/13] 192.168.1.112 () {62 vars in 1067 bytes} [Mon Aug 11 09:25:40 2025] GET /compute/v2.1 => generated 391 bytes in 2 msecs (HTTP/1.1 200) 9 headers in 357 bytes (1 switches on core 0)
Aug 11 09:25:40.548222 np0000032520 devstack@n-api.service[69897]: DEBUG nova.api.openstack.wsgi [None req-e5fcfe3e-643a-4147-8d37-c379a6792761 admin admin] Action: 'create', calling method: <bound method FlavorsController.create of <nova.api.openstack.compute.flavors.FlavorsController object at 0x7f2c70305900>>, body: {"flavor": {"swap": 0, "disk": 10, "name": "ds2G", "ram": 2048, "id": "d3", "rxtx_factor": 1.0, "OS-FLV-EXT-DATA:ephemeral": 0, "os-flavor-access:is_public": true, "vcpus": 2}} {{(pid=69897) _process_stack /opt/stack/nova/nova/api/openstack/wsgi.py:518}}
Aug 11 09:25:40.558232 np0000032520 devstack@n-api.service[69897]: INFO nova.api.openstack.requestlog [None req-e5fcfe3e-643a-4147-8d37-c379a6792761 admin admin] 192.168.1.112 "POST /compute/v2.1/flavors" status: 200 len: 410 microversion: 2.61 time: 0.046859
Aug 11 09:25:40.558470 np0000032520 devstack@n-api.service[69897]: [pid: 69897|app: 0|req: 7/14] 192.168.1.112 () {72 vars in 1419 bytes} [Mon Aug 11 09:25:40 2025] POST /compute/v2.1/flavors => generated 410 bytes in 47 msecs (HTTP/1.1 200) 9 headers in 359 bytes (1 switches on core 0)
Aug 11 09:25:40.568678 np0000032520 devstack@n-api.service[69898]: DEBUG nova.api.openstack.wsgi [None req-afb4d41d-53e4-4a0e-9ee4-2c4b9e0b1a0e admin admin] Action: 'create', calling method: <bound method FlavorExtraSpecsController.create of <nova.api.openstack.compute.flavors_extraspecs.FlavorExtraSpecsController object at 0x7f2c7030ae60>>, body: {"extra_specs": {"hw_rng:allowed": "True"}} {{(pid=69898) _process_stack /opt/stack/nova/nova/api/openstack/wsgi.py:518}}
Aug 11 09:25:40.586634 np0000032520 devstack@n-api.service[69898]: INFO nova.api.openstack.requestlog [None req-afb4d41d-53e4-4a0e-9ee4-2c4b9e0b1a0e admin admin] 192.168.1.112 "POST /compute/v2.1/flavors/d3/os-extra_specs" status: 200 len: 43 microversion: 2.61 time: 0.019622
Aug 11 09:25:40.586919 np0000032520 devstack@n-api.service[69898]: [pid: 69898|app: 0|req: 8/15] 192.168.1.112 () {72 vars in 1472 bytes} [Mon Aug 11 09:25:40 2025] POST /compute/v2.1/flavors/d3/os-extra_specs => generated 43 bytes in 20 msecs (HTTP/1.1 200) 9 headers in 358 bytes (1 switches on core 0)
Aug 11 09:25:40.677978 np0000032520 devstack@n-api.service[69897]: DEBUG nova.api.openstack.wsgi [None req-e5fcfe3e-643a-4147-8d37-c379a6792761 admin admin] Calling method '<bound method VersionsV2.index of <nova.api.openstack.compute.versions.VersionsV2 object at 0x7f2c70813940>>' {{(pid=69897) _process_stack /opt/stack/nova/nova/api/openstack/wsgi.py:520}}
Aug 11 09:25:40.679540 np0000032520 devstack@n-api.service[69897]: INFO nova.api.openstack.requestlog [None req-e5fcfe3e-643a-4147-8d37-c379a6792761 admin admin] 192.168.1.112 "GET /compute/v2.1" status: 200 len: 391 microversion: 2.1 time: 0.001736
Aug 11 09:25:40.679717 np0000032520 devstack@n-api.service[69897]: [pid: 69897|app: 0|req: 8/16] 192.168.1.112 () {62 vars in 1067 bytes} [Mon Aug 11 09:25:40 2025] GET /compute/v2.1 => generated 391 bytes in 2 msecs (HTTP/1.1 200) 9 headers in 357 bytes (1 switches on core 0)
Aug 11 09:25:40.705228 np0000032520 devstack@n-api.service[69898]: DEBUG nova.api.openstack.wsgi [None req-af9eb486-0dba-4712-8fd2-90d497661b66 admin admin] Action: 'create', calling method: <bound method FlavorsController.create of <nova.api.openstack.compute.flavors.FlavorsController object at 0x7f2c70309ba0>>, body: {"flavor": {"swap": 0, "disk": 20, "name": "ds4G", "ram": 4096, "id": "d4", "rxtx_factor": 1.0, "OS-FLV-EXT-DATA:ephemeral": 0, "os-flavor-access:is_public": true, "vcpus": 4}} {{(pid=69898) _process_stack /opt/stack/nova/nova/api/openstack/wsgi.py:518}}
Aug 11 09:25:40.715176 np0000032520 devstack@n-api.service[69898]: INFO nova.api.openstack.requestlog [None req-af9eb486-0dba-4712-8fd2-90d497661b66 admin admin] 192.168.1.112 "POST /compute/v2.1/flavors" status: 200 len: 410 microversion: 2.61 time: 0.029800
Aug 11 09:25:40.715550 np0000032520 devstack@n-api.service[69898]: [pid: 69898|app: 0|req: 9/17] 192.168.1.112 () {72 vars in 1419 bytes} [Mon Aug 11 09:25:40 2025] POST /compute/v2.1/flavors => generated 410 bytes in 30 msecs (HTTP/1.1 200) 9 headers in 359 bytes (1 switches on core 0)
Aug 11 09:25:40.724079 np0000032520 devstack@n-api.service[69897]: DEBUG nova.api.openstack.wsgi [None req-a15b079a-f31d-4d70-a217-0551e0a1834e admin admin] Action: 'create', calling method: <bound method FlavorExtraSpecsController.create of <nova.api.openstack.compute.flavors_extraspecs.FlavorExtraSpecsController object at 0x7f2c70306a10>>, body: {"extra_specs": {"hw_rng:allowed": "True"}} {{(pid=69897) _process_stack /opt/stack/nova/nova/api/openstack/wsgi.py:518}}
Aug 11 09:25:40.735612 np0000032520 devstack@n-api.service[69897]: INFO nova.api.openstack.requestlog [None req-a15b079a-f31d-4d70-a217-0551e0a1834e admin admin] 192.168.1.112 "POST /compute/v2.1/flavors/d4/os-extra_specs" status: 200 len: 43 microversion: 2.61 time: 0.013193
Aug 11 09:25:40.735852 np0000032520 devstack@n-api.service[69897]: [pid: 69897|app: 0|req: 9/18] 192.168.1.112 () {72 vars in 1472 bytes} [Mon Aug 11 09:25:40 2025] POST /compute/v2.1/flavors/d4/os-extra_specs => generated 43 bytes in 13 msecs (HTTP/1.1 200) 9 headers in 358 bytes (1 switches on core 0)
Aug 11 09:25:40.825816 np0000032520 devstack@n-api.service[69898]: DEBUG nova.api.openstack.wsgi [None req-af9eb486-0dba-4712-8fd2-90d497661b66 admin admin] Calling method '<bound method VersionsV2.index of <nova.api.openstack.compute.versions.VersionsV2 object at 0x7f2c70813b50>>' {{(pid=69898) _process_stack /opt/stack/nova/nova/api/openstack/wsgi.py:520}}
Aug 11 09:25:40.827472 np0000032520 devstack@n-api.service[69898]: INFO nova.api.openstack.requestlog [None req-af9eb486-0dba-4712-8fd2-90d497661b66 admin admin] 192.168.1.112 "GET /compute/v2.1" status: 200 len: 391 microversion: 2.1 time: 0.001855
Aug 11 09:25:40.827659 np0000032520 devstack@n-api.service[69898]: [pid: 69898|app: 0|req: 10/19] 192.168.1.112 () {62 vars in 1067 bytes} [Mon Aug 11 09:25:40 2025] GET /compute/v2.1 => generated 391 bytes in 2 msecs (HTTP/1.1 200) 9 headers in 357 bytes (1 switches on core 0)
Aug 11 09:25:40.853776 np0000032520 devstack@n-api.service[69897]: DEBUG nova.api.openstack.wsgi [None req-d0b7a133-4271-44e4-a224-7ad01a93dc46 admin admin] Calling method '<bound method FlavorsController.detail of <nova.api.openstack.compute.flavors.FlavorsController object at 0x7f2c70305ea0>>' {{(pid=69897) _process_stack /opt/stack/nova/nova/api/openstack/wsgi.py:520}}
Aug 11 09:25:40.864967 np0000032520 devstack@n-api.service[69897]: INFO nova.api.openstack.requestlog [None req-d0b7a133-4271-44e4-a224-7ad01a93dc46 admin admin] 192.168.1.112 "GET /compute/v2.1/flavors/detail?is_public=True" status: 200 len: 2136 microversion: 2.61 time: 0.030976
Aug 11 09:25:40.865168 np0000032520 devstack@n-api.service[69897]: [pid: 69897|app: 0|req: 10/20] 192.168.1.112 () {68 vars in 1428 bytes} [Mon Aug 11 09:25:40 2025] GET /compute/v2.1/flavors/detail?is_public=True => generated 2136 bytes in 31 msecs (HTTP/1.1 200) 9 headers in 360 bytes (1 switches on core 0)
Aug 11 09:25:40.954713 np0000032520 devstack@n-api.service[69898]: DEBUG nova.api.openstack.wsgi [None req-af9eb486-0dba-4712-8fd2-90d497661b66 admin admin] Calling method '<bound method VersionsV2.index of <nova.api.openstack.compute.versions.VersionsV2 object at 0x7f2c70813b50>>' {{(pid=69898) _process_stack /opt/stack/nova/nova/api/openstack/wsgi.py:520}}
Aug 11 09:25:40.956216 np0000032520 devstack@n-api.service[69898]: INFO nova.api.openstack.requestlog [None req-af9eb486-0dba-4712-8fd2-90d497661b66 admin admin] 192.168.1.112 "GET /compute/v2.1" status: 200 len: 391 microversion: 2.1 time: 0.001688
Aug 11 09:25:40.956398 np0000032520 devstack@n-api.service[69898]: [pid: 69898|app: 0|req: 11/21] 192.168.1.112 () {62 vars in 1067 bytes} [Mon Aug 11 09:25:40 2025] GET /compute/v2.1 => generated 391 bytes in 2 msecs (HTTP/1.1 200) 9 headers in 357 bytes (1 switches on core 0)
Aug 11 09:25:40.980700 np0000032520 devstack@n-api.service[69897]: DEBUG nova.api.openstack.wsgi [None req-8d4a9e87-8f96-4276-abc7-93c077a1b9c1 admin admin] Action: 'create', calling method: <bound method FlavorsController.create of <nova.api.openstack.compute.flavors.FlavorsController object at 0x7f2c70305900>>, body: {"flavor": {"swap": 0, "disk": 1, "name": "m1.tiny", "ram": 512, "id": "1", "rxtx_factor": 1.0, "OS-FLV-EXT-DATA:ephemeral": 0, "os-flavor-access:is_public": true, "vcpus": 1}} {{(pid=69897) _process_stack /opt/stack/nova/nova/api/openstack/wsgi.py:518}}
Aug 11 09:25:40.991037 np0000032520 devstack@n-api.service[69897]: INFO nova.api.openstack.requestlog [None req-8d4a9e87-8f96-4276-abc7-93c077a1b9c1 admin admin] 192.168.1.112 "POST /compute/v2.1/flavors" status: 200 len: 408 microversion: 2.61 time: 0.029243
Aug 11 09:25:40.991420 np0000032520 devstack@n-api.service[69897]: [pid: 69897|app: 0|req: 11/22] 192.168.1.112 () {72 vars in 1419 bytes} [Mon Aug 11 09:25:40 2025] POST /compute/v2.1/flavors => generated 408 bytes in 30 msecs (HTTP/1.1 200) 9 headers in 359 bytes (1 switches on core 0)
Aug 11 09:25:40.999607 np0000032520 devstack@n-api.service[69898]: DEBUG nova.api.openstack.wsgi [None req-02076c06-545c-47a4-afea-2cc6c0f494a7 admin admin] Action: 'create', calling method: <bound method FlavorExtraSpecsController.create of <nova.api.openstack.compute.flavors_extraspecs.FlavorExtraSpecsController object at 0x7f2c7030ae60>>, body: {"extra_specs": {"hw_rng:allowed": "True"}} {{(pid=69898) _process_stack /opt/stack/nova/nova/api/openstack/wsgi.py:518}}
Aug 11 09:25:41.011558 np0000032520 devstack@n-api.service[69898]: INFO nova.api.openstack.requestlog [None req-02076c06-545c-47a4-afea-2cc6c0f494a7 admin admin] 192.168.1.112 "POST /compute/v2.1/flavors/1/os-extra_specs" status: 200 len: 43 microversion: 2.61 time: 0.013674
Aug 11 09:25:41.011797 np0000032520 devstack@n-api.service[69898]: [pid: 69898|app: 0|req: 12/23] 192.168.1.112 () {72 vars in 1469 bytes} [Mon Aug 11 09:25:40 2025] POST /compute/v2.1/flavors/1/os-extra_specs => generated 43 bytes in 14 msecs (HTTP/1.1 200) 9 headers in 358 bytes (1 switches on core 0)
Aug 11 09:25:41.100073 np0000032520 devstack@n-api.service[69897]: DEBUG nova.api.openstack.wsgi [None req-8d4a9e87-8f96-4276-abc7-93c077a1b9c1 admin admin] Calling method '<bound method VersionsV2.index of <nova.api.openstack.compute.versions.VersionsV2 object at 0x7f2c70813940>>' {{(pid=69897) _process_stack /opt/stack/nova/nova/api/openstack/wsgi.py:520}}
Aug 11 09:25:41.101574 np0000032520 devstack@n-api.service[69897]: INFO nova.api.openstack.requestlog [None req-8d4a9e87-8f96-4276-abc7-93c077a1b9c1 admin admin] 192.168.1.112 "GET /compute/v2.1" status: 200 len: 391 microversion: 2.1 time: 0.001739
Aug 11 09:25:41.101747 np0000032520 devstack@n-api.service[69897]: [pid: 69897|app: 0|req: 12/24] 192.168.1.112 () {62 vars in 1067 bytes} [Mon Aug 11 09:25:41 2025] GET /compute/v2.1 => generated 391 bytes in 2 msecs (HTTP/1.1 200) 9 headers in 357 bytes (1 switches on core 0)
Aug 11 09:25:41.126296 np0000032520 devstack@n-api.service[69898]: DEBUG nova.api.openstack.wsgi [None req-fdbb4554-f8e2-46aa-a235-a0d87754d68b admin admin] Action: 'create', calling method: <bound method FlavorsController.create of <nova.api.openstack.compute.flavors.FlavorsController object at 0x7f2c70309ba0>>, body: {"flavor": {"swap": 0, "disk": 20, "name": "m1.small", "ram": 2048, "id": "2", "rxtx_factor": 1.0, "OS-FLV-EXT-DATA:ephemeral": 0, "os-flavor-access:is_public": true, "vcpus": 1}} {{(pid=69898) _process_stack /opt/stack/nova/nova/api/openstack/wsgi.py:518}}
Aug 11 09:25:41.136120 np0000032520 devstack@n-api.service[69898]: INFO nova.api.openstack.requestlog [None req-fdbb4554-f8e2-46aa-a235-a0d87754d68b admin admin] 192.168.1.112 "POST /compute/v2.1/flavors" status: 200 len: 411 microversion: 2.61 time: 0.028821
Aug 11 09:25:41.136383 np0000032520 devstack@n-api.service[69898]: [pid: 69898|app: 0|req: 13/25] 192.168.1.112 () {72 vars in 1419 bytes} [Mon Aug 11 09:25:41 2025] POST /compute/v2.1/flavors => generated 411 bytes in 29 msecs (HTTP/1.1 200) 9 headers in 359 bytes (1 switches on core 0)
Aug 11 09:25:41.144955 np0000032520 devstack@n-api.service[69897]: DEBUG nova.api.openstack.wsgi [None req-7e12f08c-49dc-4d61-acaa-ae52acbcb33b admin admin] Action: 'create', calling method: <bound method FlavorExtraSpecsController.create of <nova.api.openstack.compute.flavors_extraspecs.FlavorExtraSpecsController object at 0x7f2c70306a10>>, body: {"extra_specs": {"hw_rng:allowed": "True"}} {{(pid=69897) _process_stack /opt/stack/nova/nova/api/openstack/wsgi.py:518}}
Aug 11 09:25:41.156492 np0000032520 devstack@n-api.service[69897]: INFO nova.api.openstack.requestlog [None req-7e12f08c-49dc-4d61-acaa-ae52acbcb33b admin admin] 192.168.1.112 "POST /compute/v2.1/flavors/2/os-extra_specs" status: 200 len: 43 microversion: 2.61 time: 0.013189
Aug 11 09:25:41.156722 np0000032520 devstack@n-api.service[69897]: [pid: 69897|app: 0|req: 13/26] 192.168.1.112 () {72 vars in 1469 bytes} [Mon Aug 11 09:25:41 2025] POST /compute/v2.1/flavors/2/os-extra_specs => generated 43 bytes in 13 msecs (HTTP/1.1 200) 9 headers in 358 bytes (1 switches on core 0)
Aug 11 09:25:41.248535 np0000032520 devstack@n-api.service[69898]: DEBUG nova.api.openstack.wsgi [None req-fdbb4554-f8e2-46aa-a235-a0d87754d68b admin admin] Calling method '<bound method VersionsV2.index of <nova.api.openstack.compute.versions.VersionsV2 object at 0x7f2c70813b50>>' {{(pid=69898) _process_stack /opt/stack/nova/nova/api/openstack/wsgi.py:520}}
Aug 11 09:25:41.250119 np0000032520 devstack@n-api.service[69898]: INFO nova.api.openstack.requestlog [None req-fdbb4554-f8e2-46aa-a235-a0d87754d68b admin admin] 192.168.1.112 "GET /compute/v2.1" status: 200 len: 391 microversion: 2.1 time: 0.002103
Aug 11 09:25:41.250309 np0000032520 devstack@n-api.service[69898]: [pid: 69898|app: 0|req: 14/27] 192.168.1.112 () {62 vars in 1067 bytes} [Mon Aug 11 09:25:41 2025] GET /compute/v2.1 => generated 391 bytes in 2 msecs (HTTP/1.1 200) 9 headers in 357 bytes (1 switches on core 0)
Aug 11 09:25:41.280133 np0000032520 devstack@n-api.service[69897]: DEBUG nova.api.openstack.wsgi [None req-ee8db7fa-dbcb-43db-a4b8-d5d09d959124 admin admin] Action: 'create', calling method: <bound method FlavorsController.create of <nova.api.openstack.compute.flavors.FlavorsController object at 0x7f2c70305900>>, body: {"flavor": {"swap": 0, "disk": 40, "name": "m1.medium", "ram": 4096, "id": "3", "rxtx_factor": 1.0, "OS-FLV-EXT-DATA:ephemeral": 0, "os-flavor-access:is_public": true, "vcpus": 2}} {{(pid=69897) _process_stack /opt/stack/nova/nova/api/openstack/wsgi.py:518}}
Aug 11 09:25:41.290572 np0000032520 devstack@n-api.service[69897]: INFO nova.api.openstack.requestlog [None req-ee8db7fa-dbcb-43db-a4b8-d5d09d959124 admin admin] 192.168.1.112 "POST /compute/v2.1/flavors" status: 200 len: 412 microversion: 2.61 time: 0.034065
Aug 11 09:25:41.290825 np0000032520 devstack@n-api.service[69897]: [pid: 69897|app: 0|req: 14/28] 192.168.1.112 () {72 vars in 1419 bytes} [Mon Aug 11 09:25:41 2025] POST /compute/v2.1/flavors => generated 412 bytes in 34 msecs (HTTP/1.1 200) 9 headers in 359 bytes (1 switches on core 0)
Aug 11 09:25:41.299938 np0000032520 devstack@n-api.service[69898]: DEBUG nova.api.openstack.wsgi [None req-943c893d-b09b-4c6b-8a5b-a288f0391a31 admin admin] Action: 'create', calling method: <bound method FlavorExtraSpecsController.create of <nova.api.openstack.compute.flavors_extraspecs.FlavorExtraSpecsController object at 0x7f2c7030ae60>>, body: {"extra_specs": {"hw_rng:allowed": "True"}} {{(pid=69898) _process_stack /opt/stack/nova/nova/api/openstack/wsgi.py:518}}
Aug 11 09:25:41.313124 np0000032520 devstack@n-api.service[69898]: INFO nova.api.openstack.requestlog [None req-943c893d-b09b-4c6b-8a5b-a288f0391a31 admin admin] 192.168.1.112 "POST /compute/v2.1/flavors/3/os-extra_specs" status: 200 len: 43 microversion: 2.61 time: 0.014905
Aug 11 09:25:41.313407 np0000032520 devstack@n-api.service[69898]: [pid: 69898|app: 0|req: 15/29] 192.168.1.112 () {72 vars in 1469 bytes} [Mon Aug 11 09:25:41 2025] POST /compute/v2.1/flavors/3/os-extra_specs => generated 43 bytes in 15 msecs (HTTP/1.1 200) 9 headers in 358 bytes (1 switches on core 0)
Aug 11 09:25:41.412226 np0000032520 devstack@n-api.service[69897]: DEBUG nova.api.openstack.wsgi [None req-ee8db7fa-dbcb-43db-a4b8-d5d09d959124 admin admin] Calling method '<bound method VersionsV2.index of <nova.api.openstack.compute.versions.VersionsV2 object at 0x7f2c70813940>>' {{(pid=69897) _process_stack /opt/stack/nova/nova/api/openstack/wsgi.py:520}}
Aug 11 09:25:41.413785 np0000032520 devstack@n-api.service[69897]: INFO nova.api.openstack.requestlog [None req-ee8db7fa-dbcb-43db-a4b8-d5d09d959124 admin admin] 192.168.1.112 "GET /compute/v2.1" status: 200 len: 391 microversion: 2.1 time: 0.001768
Aug 11 09:25:41.413962 np0000032520 devstack@n-api.service[69897]: [pid: 69897|app: 0|req: 15/30] 192.168.1.112 () {62 vars in 1067 bytes} [Mon Aug 11 09:25:41 2025] GET /compute/v2.1 => generated 391 bytes in 2 msecs (HTTP/1.1 200) 9 headers in 357 bytes (1 switches on core 0)
Aug 11 09:25:41.446014 np0000032520 devstack@n-api.service[69898]: DEBUG nova.api.openstack.wsgi [None req-f5440d9b-2bcf-473b-8fa9-463d2df7ec6a admin admin] Action: 'create', calling method: <bound method FlavorsController.create of <nova.api.openstack.compute.flavors.FlavorsController object at 0x7f2c70309ba0>>, body: {"flavor": {"swap": 0, "disk": 80, "name": "m1.large", "ram": 8192, "id": "4", "rxtx_factor": 1.0, "OS-FLV-EXT-DATA:ephemeral": 0, "os-flavor-access:is_public": true, "vcpus": 4}} {{(pid=69898) _process_stack /opt/stack/nova/nova/api/openstack/wsgi.py:518}}
Aug 11 09:25:41.456933 np0000032520 devstack@n-api.service[69898]: INFO nova.api.openstack.requestlog [None req-f5440d9b-2bcf-473b-8fa9-463d2df7ec6a admin admin] 192.168.1.112 "POST /compute/v2.1/flavors" status: 200 len: 411 microversion: 2.61 time: 0.035814
Aug 11 09:25:41.457644 np0000032520 devstack@n-api.service[69898]: [pid: 69898|app: 0|req: 16/31] 192.168.1.112 () {72 vars in 1419 bytes} [Mon Aug 11 09:25:41 2025] POST /compute/v2.1/flavors => generated 411 bytes in 37 msecs (HTTP/1.1 200) 9 headers in 359 bytes (1 switches on core 0)
Aug 11 09:25:41.466542 np0000032520 devstack@n-api.service[69897]: DEBUG nova.api.openstack.wsgi [None req-8c7dd1cb-2bbc-4716-ad98-65842d1b404e admin admin] Action: 'create', calling method: <bound method FlavorExtraSpecsController.create of <nova.api.openstack.compute.flavors_extraspecs.FlavorExtraSpecsController object at 0x7f2c70306a10>>, body: {"extra_specs": {"hw_rng:allowed": "True"}} {{(pid=69897) _process_stack /opt/stack/nova/nova/api/openstack/wsgi.py:518}}
Aug 11 09:25:41.479262 np0000032520 devstack@n-api.service[69897]: INFO nova.api.openstack.requestlog [None req-8c7dd1cb-2bbc-4716-ad98-65842d1b404e admin admin] 192.168.1.112 "POST /compute/v2.1/flavors/4/os-extra_specs" status: 200 len: 43 microversion: 2.61 time: 0.014417
Aug 11 09:25:41.479938 np0000032520 devstack@n-api.service[69897]: [pid: 69897|app: 0|req: 16/32] 192.168.1.112 () {72 vars in 1469 bytes} [Mon Aug 11 09:25:41 2025] POST /compute/v2.1/flavors/4/os-extra_specs => generated 43 bytes in 15 msecs (HTTP/1.1 200) 9 headers in 358 bytes (1 switches on core 0)
Aug 11 09:25:41.569761 np0000032520 devstack@n-api.service[69898]: DEBUG nova.api.openstack.wsgi [None req-f5440d9b-2bcf-473b-8fa9-463d2df7ec6a admin admin] Calling method '<bound method VersionsV2.index of <nova.api.openstack.compute.versions.VersionsV2 object at 0x7f2c70813b50>>' {{(pid=69898) _process_stack /opt/stack/nova/nova/api/openstack/wsgi.py:520}}
Aug 11 09:25:41.571336 np0000032520 devstack@n-api.service[69898]: INFO nova.api.openstack.requestlog [None req-f5440d9b-2bcf-473b-8fa9-463d2df7ec6a admin admin] 192.168.1.112 "GET /compute/v2.1" status: 200 len: 391 microversion: 2.1 time: 0.001767
Aug 11 09:25:41.571517 np0000032520 devstack@n-api.service[69898]: [pid: 69898|app: 0|req: 17/33] 192.168.1.112 () {62 vars in 1067 bytes} [Mon Aug 11 09:25:41 2025] GET /compute/v2.1 => generated 391 bytes in 2 msecs (HTTP/1.1 200) 9 headers in 357 bytes (1 switches on core 0)
Aug 11 09:25:41.599609 np0000032520 devstack@n-api.service[69897]: DEBUG nova.api.openstack.wsgi [None req-9d80f7ec-acd4-4f28-a35f-3efb8f366001 admin admin] Action: 'create', calling method: <bound method FlavorsController.create of <nova.api.openstack.compute.flavors.FlavorsController object at 0x7f2c70305900>>, body: {"flavor": {"swap": 0, "disk": 160, "name": "m1.xlarge", "ram": 16384, "id": "5", "rxtx_factor": 1.0, "OS-FLV-EXT-DATA:ephemeral": 0, "os-flavor-access:is_public": true, "vcpus": 8}} {{(pid=69897) _process_stack /opt/stack/nova/nova/api/openstack/wsgi.py:518}}
Aug 11 09:25:41.610422 np0000032520 devstack@n-api.service[69897]: INFO nova.api.openstack.requestlog [None req-9d80f7ec-acd4-4f28-a35f-3efb8f366001 admin admin] 192.168.1.112 "POST /compute/v2.1/flavors" status: 200 len: 414 microversion: 2.61 time: 0.032807
Aug 11 09:25:41.610689 np0000032520 devstack@n-api.service[69897]: [pid: 69897|app: 0|req: 17/34] 192.168.1.112 () {72 vars in 1419 bytes} [Mon Aug 11 09:25:41 2025] POST /compute/v2.1/flavors => generated 414 bytes in 33 msecs (HTTP/1.1 200) 9 headers in 359 bytes (1 switches on core 0)
Aug 11 09:25:41.620084 np0000032520 devstack@n-api.service[69898]: DEBUG nova.api.openstack.wsgi [None req-617c6119-1372-48d0-9f8d-cf67a4290ecd admin admin] Action: 'create', calling method: <bound method FlavorExtraSpecsController.create of <nova.api.openstack.compute.flavors_extraspecs.FlavorExtraSpecsController object at 0x7f2c7030ae60>>, body: {"extra_specs": {"hw_rng:allowed": "True"}} {{(pid=69898) _process_stack /opt/stack/nova/nova/api/openstack/wsgi.py:518}}
Aug 11 09:25:41.633431 np0000032520 devstack@n-api.service[69898]: INFO nova.api.openstack.requestlog [None req-617c6119-1372-48d0-9f8d-cf67a4290ecd admin admin] 192.168.1.112 "POST /compute/v2.1/flavors/5/os-extra_specs" status: 200 len: 43 microversion: 2.61 time: 0.015028
Aug 11 09:25:41.633646 np0000032520 devstack@n-api.service[69898]: [pid: 69898|app: 0|req: 18/35] 192.168.1.112 () {72 vars in 1469 bytes} [Mon Aug 11 09:25:41 2025] POST /compute/v2.1/flavors/5/os-extra_specs => generated 43 bytes in 15 msecs (HTTP/1.1 200) 9 headers in 358 bytes (1 switches on core 0)
Aug 11 09:25:45.936074 np0000032520 devstack@n-api.service[69897]: DEBUG nova.api.openstack.wsgi [None req-9d80f7ec-acd4-4f28-a35f-3efb8f366001 admin admin] Calling method '<bound method VersionsV2.index of <nova.api.openstack.compute.versions.VersionsV2 object at 0x7f2c70813940>>' {{(pid=69897) _process_stack /opt/stack/nova/nova/api/openstack/wsgi.py:520}}
Aug 11 09:25:45.937651 np0000032520 devstack@n-api.service[69897]: INFO nova.api.openstack.requestlog [None req-9d80f7ec-acd4-4f28-a35f-3efb8f366001 admin admin] 192.168.1.112 "GET /compute/v2.1" status: 200 len: 391 microversion: 2.1 time: 0.001755
Aug 11 09:25:45.937826 np0000032520 devstack@n-api.service[69897]: [pid: 69897|app: 0|req: 18/36] 192.168.1.112 () {62 vars in 1067 bytes} [Mon Aug 11 09:25:45 2025] GET /compute/v2.1 => generated 391 bytes in 2 msecs (HTTP/1.1 200) 9 headers in 357 bytes (1 switches on core 0)
Aug 11 09:25:45.964881 np0000032520 devstack@n-api.service[69898]: DEBUG nova.api.openstack.wsgi [None req-16699f75-d86c-4a12-945c-975cf9bdd9f4 admin admin] Calling method '<bound method FlavorsController.detail of <nova.api.openstack.compute.flavors.FlavorsController object at 0x7f2c7030a140>>' {{(pid=69898) _process_stack /opt/stack/nova/nova/api/openstack/wsgi.py:520}}
Aug 11 09:25:45.972895 np0000032520 devstack@n-api.service[69898]: INFO nova.api.openstack.requestlog [None req-16699f75-d86c-4a12-945c-975cf9bdd9f4 admin admin] 192.168.1.112 "GET /compute/v2.1/flavors/detail?is_public=True" status: 200 len: 4262 microversion: 2.61 time: 0.029686
Aug 11 09:25:45.973236 np0000032520 devstack@n-api.service[69898]: [pid: 69898|app: 0|req: 19/37] 192.168.1.112 () {68 vars in 1428 bytes} [Mon Aug 11 09:25:45 2025] GET /compute/v2.1/flavors/detail?is_public=True => generated 4262 bytes in 30 msecs (HTTP/1.1 200) 9 headers in 360 bytes (1 switches on core 0)
Aug 11 09:25:46.082903 np0000032520 devstack@n-api.service[69897]: DEBUG nova.api.openstack.wsgi [None req-9d80f7ec-acd4-4f28-a35f-3efb8f366001 admin admin] Calling method '<bound method VersionsV2.index of <nova.api.openstack.compute.versions.VersionsV2 object at 0x7f2c70813940>>' {{(pid=69897) _process_stack /opt/stack/nova/nova/api/openstack/wsgi.py:520}}
Aug 11 09:25:46.084442 np0000032520 devstack@n-api.service[69897]: INFO nova.api.openstack.requestlog [None req-9d80f7ec-acd4-4f28-a35f-3efb8f366001 admin admin] 192.168.1.112 "GET /compute/v2.1" status: 200 len: 391 microversion: 2.1 time: 0.001705
Aug 11 09:25:46.084624 np0000032520 devstack@n-api.service[69897]: [pid: 69897|app: 0|req: 19/38] 192.168.1.112 () {62 vars in 1067 bytes} [Mon Aug 11 09:25:46 2025] GET /compute/v2.1 => generated 391 bytes in 2 msecs (HTTP/1.1 200) 9 headers in 357 bytes (1 switches on core 0)
Aug 11 09:25:46.110363 np0000032520 devstack@n-api.service[69898]: DEBUG nova.api.openstack.wsgi [None req-9723f4a6-1195-47c2-9ac1-136bb1812f82 admin admin] Action: 'create', calling method: <bound method FlavorsController.create of <nova.api.openstack.compute.flavors.FlavorsController object at 0x7f2c70309ba0>>, body: {"flavor": {"swap": 0, "disk": 5, "name": "manila-service-flavor", "ram": 1024, "id": "100", "rxtx_factor": 1.0, "OS-FLV-EXT-DATA:ephemeral": 0, "os-flavor-access:is_public": true, "vcpus": 1}} {{(pid=69898) _process_stack /opt/stack/nova/nova/api/openstack/wsgi.py:518}}
Aug 11 09:25:46.119610 np0000032520 devstack@n-api.service[69898]: INFO nova.api.openstack.requestlog [None req-9723f4a6-1195-47c2-9ac1-136bb1812f82 admin admin] 192.168.1.112 "POST /compute/v2.1/flavors" status: 200 len: 429 microversion: 2.61 time: 0.029687
Aug 11 09:25:46.119902 np0000032520 devstack@n-api.service[69898]: [pid: 69898|app: 0|req: 20/39] 192.168.1.112 () {72 vars in 1419 bytes} [Mon Aug 11 09:25:46 2025] POST /compute/v2.1/flavors => generated 429 bytes in 30 msecs (HTTP/1.1 200) 9 headers in 359 bytes (1 switches on core 0)
Aug 11 09:26:30.841032 np0000032520 devstack@n-api.service[69897]: DEBUG nova.api.openstack.wsgi [None req-9d80f7ec-acd4-4f28-a35f-3efb8f366001 admin admin] Calling method '<bound method VersionsV2.index of <nova.api.openstack.compute.versions.VersionsV2 object at 0x7f2c70813940>>' {{(pid=69897) _process_stack /opt/stack/nova/nova/api/openstack/wsgi.py:520}}
Aug 11 09:26:30.842608 np0000032520 devstack@n-api.service[69897]: INFO nova.api.openstack.requestlog [None req-9d80f7ec-acd4-4f28-a35f-3efb8f366001 admin admin] 192.168.1.112 "GET /compute/v2.1" status: 200 len: 391 microversion: 2.1 time: 0.001774
Aug 11 09:26:30.842787 np0000032520 devstack@n-api.service[69897]: [pid: 69897|app: 0|req: 20/40] 192.168.1.112 () {62 vars in 1067 bytes} [Mon Aug 11 09:26:30 2025] GET /compute/v2.1 => generated 391 bytes in 2 msecs (HTTP/1.1 200) 9 headers in 357 bytes (1 switches on core 0)
Aug 11 09:26:30.850622 np0000032520 devstack@n-api.service[69898]: DEBUG dbcounter [-] [69898] Writing DB stats nova_api:SELECT=23,nova_api:INSERT=11,nova_api:SAVEPOINT=5,nova_api:RELEASE=5 {{(pid=69898) stat_writer /opt/stack/data/venv/lib/python3.10/site-packages/dbcounter.py:115}}
Aug 11 09:26:30.868456 np0000032520 devstack@n-api.service[69898]: DEBUG nova.api.openstack.wsgi [None req-acba34d6-4e71-40f0-b6a9-8f94324e155d admin admin] Calling method '<function Controller.__getattribute__.<locals>.version_select at 0x7f2c6fe6dea0>' {{(pid=69898) _process_stack /opt/stack/nova/nova/api/openstack/wsgi.py:520}}
